<?xml version="1.0" encoding="ISO-8859-1" ?>
<link_info>
   <banner>TI ARM Clang Linker PC v4.0.4.LTS</banner>
   <copyright>Copyright (c) 1996-2018 Texas Instruments Incorporated</copyright>
   <command_line>C:\ti\ccs2031\ccs\tools\compiler\ti-cgt-armllvm_4.0.4.LTS\bin\tiarmlnk -IC:\ti\ccs2031\ccs\tools\compiler\ti-cgt-armllvm_4.0.4.LTS\lib -o ccu_ti_multi_core_realtime.out -mipc_spinlock_sharedmem.Debug.map -iC:/ti/mcu_plus_sdk_am263px_11_01_00_19/source/kernel/nortos/lib -iC:/ti/mcu_plus_sdk_am263px_11_01_00_19/source/drivers/lib -iC:/ti/mcu_plus_sdk_am263px_11_01_00_19/source/board/lib -iC:/ti/ccs2031/ccs/tools/compiler/ti-cgt-armllvm_4.0.4.LTS/lib --reread_libs --diag_suppress=10063 --diag_wrap=off --display_error_number --warn_sections --gen_xml_func_hash --xml_link_info=ccu_ti_multi_core_realtime_linkInfo.xml --ram_model ./can_interface.o ./dispatcher_timer.o ./syscfg/ti_dpl_config.o ./syscfg/ti_drivers_config.o ./syscfg/ti_drivers_open_close.o ./syscfg/ti_pinmux_config.o ./syscfg/ti_power_clock_config.o ./syscfg/ti_board_config.o ./syscfg/ti_board_open_close.o ./syscfg/ti_enet_config.o ./syscfg/ti_enet_init.o ./syscfg/ti_enet_dma_init.o ./syscfg/ti_enet_open_close.o ./syscfg/ti_enet_soc.o ./syscfg/ti_enet_lwipif.o ./syscfg/ti_sdl_config.o ./gateway_shared.o ./ipc_spinlock_sharedmem.o ./main.o ./motor_mapping.o ./timer.o ./imu/imu_interface_isr.o ./imu/imu_protocol_handler.o ./imu/yis320/yis320_protocol.o -lsyscfg/linker.cmd -lnortos.am263px.r5f.ti-arm-clang.debug.lib -ldrivers.am263px.r5f.ti-arm-clang.nortos.debug.lib -lboard.am263px.r5f.ti-arm-clang.nortos.debug.lib -llibc.a -llibsysbm.a --start-group -llibc++.a -llibc++abi.a -llibc.a -llibsys.a -llibsysbm.a -llibclang_rt.builtins.a -llibclang_rt.profile.a --end-group</command_line>
   <link_time>0x69c4d51f</link_time>
   <link_errors>0x0</link_errors>
   <output_file>D:\VinDynamics\Project\CCU_TI_RS485_CAN\2.Firmware\ccu_ti_mutilcore\ccu_ti_multi_core_realtime\Debug\ccu_ti_multi_core_realtime.out</output_file>
   <entry_point>
      <name>_vectors</name>
      <address>0x0</address>
   </entry_point>
   <input_file_list>
      <input_file id="fl-1">
         <path>D:\VinDynamics\Project\CCU_TI_RS485_CAN\2.Firmware\ccu_ti_mutilcore\ccu_ti_multi_core_realtime\Debug\.\</path>
         <kind>object</kind>
         <file>can_interface.o</file>
         <name>can_interface.o</name>
      </input_file>
      <input_file id="fl-2">
         <path>D:\VinDynamics\Project\CCU_TI_RS485_CAN\2.Firmware\ccu_ti_mutilcore\ccu_ti_multi_core_realtime\Debug\.\</path>
         <kind>object</kind>
         <file>dispatcher_timer.o</file>
         <name>dispatcher_timer.o</name>
      </input_file>
      <input_file id="fl-3">
         <path>D:\VinDynamics\Project\CCU_TI_RS485_CAN\2.Firmware\ccu_ti_mutilcore\ccu_ti_multi_core_realtime\Debug\.\syscfg\</path>
         <kind>object</kind>
         <file>ti_dpl_config.o</file>
         <name>ti_dpl_config.o</name>
      </input_file>
      <input_file id="fl-4">
         <path>D:\VinDynamics\Project\CCU_TI_RS485_CAN\2.Firmware\ccu_ti_mutilcore\ccu_ti_multi_core_realtime\Debug\.\syscfg\</path>
         <kind>object</kind>
         <file>ti_drivers_config.o</file>
         <name>ti_drivers_config.o</name>
      </input_file>
      <input_file id="fl-5">
         <path>D:\VinDynamics\Project\CCU_TI_RS485_CAN\2.Firmware\ccu_ti_mutilcore\ccu_ti_multi_core_realtime\Debug\.\syscfg\</path>
         <kind>object</kind>
         <file>ti_drivers_open_close.o</file>
         <name>ti_drivers_open_close.o</name>
      </input_file>
      <input_file id="fl-6">
         <path>D:\VinDynamics\Project\CCU_TI_RS485_CAN\2.Firmware\ccu_ti_mutilcore\ccu_ti_multi_core_realtime\Debug\.\syscfg\</path>
         <kind>object</kind>
         <file>ti_pinmux_config.o</file>
         <name>ti_pinmux_config.o</name>
      </input_file>
      <input_file id="fl-7">
         <path>D:\VinDynamics\Project\CCU_TI_RS485_CAN\2.Firmware\ccu_ti_mutilcore\ccu_ti_multi_core_realtime\Debug\.\syscfg\</path>
         <kind>object</kind>
         <file>ti_power_clock_config.o</file>
         <name>ti_power_clock_config.o</name>
      </input_file>
      <input_file id="fl-8">
         <path>D:\VinDynamics\Project\CCU_TI_RS485_CAN\2.Firmware\ccu_ti_mutilcore\ccu_ti_multi_core_realtime\Debug\.\syscfg\</path>
         <kind>object</kind>
         <file>ti_board_config.o</file>
         <name>ti_board_config.o</name>
      </input_file>
      <input_file id="fl-9">
         <path>D:\VinDynamics\Project\CCU_TI_RS485_CAN\2.Firmware\ccu_ti_mutilcore\ccu_ti_multi_core_realtime\Debug\.\syscfg\</path>
         <kind>object</kind>
         <file>ti_board_open_close.o</file>
         <name>ti_board_open_close.o</name>
      </input_file>
      <input_file id="fl-a">
         <path>D:\VinDynamics\Project\CCU_TI_RS485_CAN\2.Firmware\ccu_ti_mutilcore\ccu_ti_multi_core_realtime\Debug\.\syscfg\</path>
         <kind>object</kind>
         <file>ti_enet_config.o</file>
         <name>ti_enet_config.o</name>
      </input_file>
      <input_file id="fl-b">
         <path>D:\VinDynamics\Project\CCU_TI_RS485_CAN\2.Firmware\ccu_ti_mutilcore\ccu_ti_multi_core_realtime\Debug\.\syscfg\</path>
         <kind>object</kind>
         <file>ti_enet_init.o</file>
         <name>ti_enet_init.o</name>
      </input_file>
      <input_file id="fl-c">
         <path>D:\VinDynamics\Project\CCU_TI_RS485_CAN\2.Firmware\ccu_ti_mutilcore\ccu_ti_multi_core_realtime\Debug\.\syscfg\</path>
         <kind>object</kind>
         <file>ti_enet_dma_init.o</file>
         <name>ti_enet_dma_init.o</name>
      </input_file>
      <input_file id="fl-d">
         <path>D:\VinDynamics\Project\CCU_TI_RS485_CAN\2.Firmware\ccu_ti_mutilcore\ccu_ti_multi_core_realtime\Debug\.\syscfg\</path>
         <kind>object</kind>
         <file>ti_enet_open_close.o</file>
         <name>ti_enet_open_close.o</name>
      </input_file>
      <input_file id="fl-e">
         <path>D:\VinDynamics\Project\CCU_TI_RS485_CAN\2.Firmware\ccu_ti_mutilcore\ccu_ti_multi_core_realtime\Debug\.\syscfg\</path>
         <kind>object</kind>
         <file>ti_enet_soc.o</file>
         <name>ti_enet_soc.o</name>
      </input_file>
      <input_file id="fl-f">
         <path>D:\VinDynamics\Project\CCU_TI_RS485_CAN\2.Firmware\ccu_ti_mutilcore\ccu_ti_multi_core_realtime\Debug\.\syscfg\</path>
         <kind>object</kind>
         <file>ti_enet_lwipif.o</file>
         <name>ti_enet_lwipif.o</name>
      </input_file>
      <input_file id="fl-10">
         <path>D:\VinDynamics\Project\CCU_TI_RS485_CAN\2.Firmware\ccu_ti_mutilcore\ccu_ti_multi_core_realtime\Debug\.\syscfg\</path>
         <kind>object</kind>
         <file>ti_sdl_config.o</file>
         <name>ti_sdl_config.o</name>
      </input_file>
      <input_file id="fl-11">
         <path>D:\VinDynamics\Project\CCU_TI_RS485_CAN\2.Firmware\ccu_ti_mutilcore\ccu_ti_multi_core_realtime\Debug\.\</path>
         <kind>object</kind>
         <file>gateway_shared.o</file>
         <name>gateway_shared.o</name>
      </input_file>
      <input_file id="fl-12">
         <path>D:\VinDynamics\Project\CCU_TI_RS485_CAN\2.Firmware\ccu_ti_mutilcore\ccu_ti_multi_core_realtime\Debug\.\</path>
         <kind>object</kind>
         <file>ipc_spinlock_sharedmem.o</file>
         <name>ipc_spinlock_sharedmem.o</name>
      </input_file>
      <input_file id="fl-13">
         <path>D:\VinDynamics\Project\CCU_TI_RS485_CAN\2.Firmware\ccu_ti_mutilcore\ccu_ti_multi_core_realtime\Debug\.\</path>
         <kind>object</kind>
         <file>main.o</file>
         <name>main.o</name>
      </input_file>
      <input_file id="fl-14">
         <path>D:\VinDynamics\Project\CCU_TI_RS485_CAN\2.Firmware\ccu_ti_mutilcore\ccu_ti_multi_core_realtime\Debug\.\</path>
         <kind>object</kind>
         <file>motor_mapping.o</file>
         <name>motor_mapping.o</name>
      </input_file>
      <input_file id="fl-15">
         <path>D:\VinDynamics\Project\CCU_TI_RS485_CAN\2.Firmware\ccu_ti_mutilcore\ccu_ti_multi_core_realtime\Debug\.\</path>
         <kind>object</kind>
         <file>timer.o</file>
         <name>timer.o</name>
      </input_file>
      <input_file id="fl-16">
         <path>D:\VinDynamics\Project\CCU_TI_RS485_CAN\2.Firmware\ccu_ti_mutilcore\ccu_ti_multi_core_realtime\Debug\.\imu\</path>
         <kind>object</kind>
         <file>imu_interface_isr.o</file>
         <name>imu_interface_isr.o</name>
      </input_file>
      <input_file id="fl-17">
         <path>D:\VinDynamics\Project\CCU_TI_RS485_CAN\2.Firmware\ccu_ti_mutilcore\ccu_ti_multi_core_realtime\Debug\.\imu\</path>
         <kind>object</kind>
         <file>imu_protocol_handler.o</file>
         <name>imu_protocol_handler.o</name>
      </input_file>
      <input_file id="fl-18">
         <path>D:\VinDynamics\Project\CCU_TI_RS485_CAN\2.Firmware\ccu_ti_mutilcore\ccu_ti_multi_core_realtime\Debug\.\imu\yis320\</path>
         <kind>object</kind>
         <file>yis320_protocol.o</file>
         <name>yis320_protocol.o</name>
      </input_file>
      <input_file id="fl-27">
         <path>D:\VinDynamics\Project\CCU_TI_RS485_CAN\2.Firmware\ccu_ti_mutilcore\ccu_ti_multi_core_realtime\Debug\</path>
         <kind>object</kind>
         <file>&lt;internal&gt;</file>
         <name>&lt;internal&gt;</name>
      </input_file>
      <input_file id="fl-28">
         <path>C:\ti\mcu_plus_sdk_am263px_11_01_00_19\source\kernel\nortos\lib\</path>
         <kind>archive</kind>
         <file>nortos.am263px.r5f.ti-arm-clang.debug.lib</file>
         <name>AddrTranslateP_32bit.obj</name>
      </input_file>
      <input_file id="fl-29">
         <path>C:\ti\mcu_plus_sdk_am263px_11_01_00_19\source\kernel\nortos\lib\</path>
         <kind>archive</kind>
         <file>nortos.am263px.r5f.ti-arm-clang.debug.lib</file>
         <name>DebugP_shmLogWriter.obj</name>
      </input_file>
      <input_file id="fl-2a">
         <path>C:\ti\mcu_plus_sdk_am263px_11_01_00_19\source\kernel\nortos\lib\</path>
         <kind>archive</kind>
         <file>nortos.am263px.r5f.ti-arm-clang.debug.lib</file>
         <name>DebugP_log.obj</name>
      </input_file>
      <input_file id="fl-2b">
         <path>C:\ti\mcu_plus_sdk_am263px_11_01_00_19\source\kernel\nortos\lib\</path>
         <kind>archive</kind>
         <file>nortos.am263px.r5f.ti-arm-clang.debug.lib</file>
         <name>DebugP_nortos.obj</name>
      </input_file>
      <input_file id="fl-2c">
         <path>C:\ti\mcu_plus_sdk_am263px_11_01_00_19\source\kernel\nortos\lib\</path>
         <kind>archive</kind>
         <file>nortos.am263px.r5f.ti-arm-clang.debug.lib</file>
         <name>SemaphoreP_nortos.obj</name>
      </input_file>
      <input_file id="fl-2d">
         <path>C:\ti\mcu_plus_sdk_am263px_11_01_00_19\source\kernel\nortos\lib\</path>
         <kind>archive</kind>
         <file>nortos.am263px.r5f.ti-arm-clang.debug.lib</file>
         <name>ClockP_nortos.obj</name>
      </input_file>
      <input_file id="fl-2e">
         <path>C:\ti\mcu_plus_sdk_am263px_11_01_00_19\source\kernel\nortos\lib\</path>
         <kind>archive</kind>
         <file>nortos.am263px.r5f.ti-arm-clang.debug.lib</file>
         <name>ClockP_nortos_r5.obj</name>
      </input_file>
      <input_file id="fl-2f">
         <path>C:\ti\mcu_plus_sdk_am263px_11_01_00_19\source\kernel\nortos\lib\</path>
         <kind>archive</kind>
         <file>nortos.am263px.r5f.ti-arm-clang.debug.lib</file>
         <name>TimerP_rti_nortos.obj</name>
      </input_file>
      <input_file id="fl-30">
         <path>C:\ti\mcu_plus_sdk_am263px_11_01_00_19\source\kernel\nortos\lib\</path>
         <kind>archive</kind>
         <file>nortos.am263px.r5f.ti-arm-clang.debug.lib</file>
         <name>HwiP_armv7r_vim.obj</name>
      </input_file>
      <input_file id="fl-31">
         <path>C:\ti\mcu_plus_sdk_am263px_11_01_00_19\source\kernel\nortos\lib\</path>
         <kind>archive</kind>
         <file>nortos.am263px.r5f.ti-arm-clang.debug.lib</file>
         <name>HwiP_armv7r_handlers_nortos.obj</name>
      </input_file>
      <input_file id="fl-32">
         <path>C:\ti\mcu_plus_sdk_am263px_11_01_00_19\source\kernel\nortos\lib\</path>
         <kind>archive</kind>
         <file>nortos.am263px.r5f.ti-arm-clang.debug.lib</file>
         <name>MpuP_armv7r.obj</name>
      </input_file>
      <input_file id="fl-33">
         <path>C:\ti\mcu_plus_sdk_am263px_11_01_00_19\source\kernel\nortos\lib\</path>
         <kind>archive</kind>
         <file>nortos.am263px.r5f.ti-arm-clang.debug.lib</file>
         <name>CacheP_armv7r.obj</name>
      </input_file>
      <input_file id="fl-34">
         <path>C:\ti\mcu_plus_sdk_am263px_11_01_00_19\source\kernel\nortos\lib\</path>
         <kind>archive</kind>
         <file>nortos.am263px.r5f.ti-arm-clang.debug.lib</file>
         <name>printf.obj</name>
      </input_file>
      <input_file id="fl-35">
         <path>C:\ti\mcu_plus_sdk_am263px_11_01_00_19\source\kernel\nortos\lib\</path>
         <kind>archive</kind>
         <file>nortos.am263px.r5f.ti-arm-clang.debug.lib</file>
         <name>PmuP_armv7r.obj</name>
      </input_file>
      <input_file id="fl-36">
         <path>C:\ti\mcu_plus_sdk_am263px_11_01_00_19\source\kernel\nortos\lib\</path>
         <kind>archive</kind>
         <file>nortos.am263px.r5f.ti-arm-clang.debug.lib</file>
         <name>HwiP_armv7r_handlers_nortos_asm.obj</name>
      </input_file>
      <input_file id="fl-37">
         <path>C:\ti\mcu_plus_sdk_am263px_11_01_00_19\source\kernel\nortos\lib\</path>
         <kind>archive</kind>
         <file>nortos.am263px.r5f.ti-arm-clang.debug.lib</file>
         <name>HwiP_armv7r_vectors_nortos_asm.obj</name>
      </input_file>
      <input_file id="fl-38">
         <path>C:\ti\mcu_plus_sdk_am263px_11_01_00_19\source\kernel\nortos\lib\</path>
         <kind>archive</kind>
         <file>nortos.am263px.r5f.ti-arm-clang.debug.lib</file>
         <name>boot_armv7r_asm.obj</name>
      </input_file>
      <input_file id="fl-39">
         <path>C:\ti\mcu_plus_sdk_am263px_11_01_00_19\source\kernel\nortos\lib\</path>
         <kind>archive</kind>
         <file>nortos.am263px.r5f.ti-arm-clang.debug.lib</file>
         <name>HwiP_armv7r_asm.obj</name>
      </input_file>
      <input_file id="fl-3a">
         <path>C:\ti\mcu_plus_sdk_am263px_11_01_00_19\source\kernel\nortos\lib\</path>
         <kind>archive</kind>
         <file>nortos.am263px.r5f.ti-arm-clang.debug.lib</file>
         <name>MpuP_armv7r_asm.obj</name>
      </input_file>
      <input_file id="fl-3b">
         <path>C:\ti\mcu_plus_sdk_am263px_11_01_00_19\source\kernel\nortos\lib\</path>
         <kind>archive</kind>
         <file>nortos.am263px.r5f.ti-arm-clang.debug.lib</file>
         <name>CacheP_armv7r_asm.obj</name>
      </input_file>
      <input_file id="fl-3c">
         <path>C:\ti\mcu_plus_sdk_am263px_11_01_00_19\source\kernel\nortos\lib\</path>
         <kind>archive</kind>
         <file>nortos.am263px.r5f.ti-arm-clang.debug.lib</file>
         <name>PmuP_armv7r_asm.obj</name>
      </input_file>
      <input_file id="fl-3d">
         <path>C:\ti\mcu_plus_sdk_am263px_11_01_00_19\source\kernel\nortos\lib\</path>
         <kind>archive</kind>
         <file>nortos.am263px.r5f.ti-arm-clang.debug.lib</file>
         <name>boot_armv7r.obj</name>
      </input_file>
      <input_file id="fl-3e">
         <path>C:\ti\mcu_plus_sdk_am263px_11_01_00_19\source\kernel\nortos\lib\</path>
         <kind>archive</kind>
         <file>nortos.am263px.r5f.ti-arm-clang.debug.lib</file>
         <name>TimerP_rti_priv.obj</name>
      </input_file>
      <input_file id="fl-3f">
         <path>C:\ti\mcu_plus_sdk_am263px_11_01_00_19\source\drivers\lib\</path>
         <kind>archive</kind>
         <file>drivers.am263px.r5f.ti-arm-clang.nortos.debug.lib</file>
         <name>gpio.obj</name>
      </input_file>
      <input_file id="fl-40">
         <path>C:\ti\mcu_plus_sdk_am263px_11_01_00_19\source\drivers\lib\</path>
         <kind>archive</kind>
         <file>drivers.am263px.r5f.ti-arm-clang.nortos.debug.lib</file>
         <name>ipc_notify_v1.obj</name>
      </input_file>
      <input_file id="fl-41">
         <path>C:\ti\mcu_plus_sdk_am263px_11_01_00_19\source\drivers\lib\</path>
         <kind>archive</kind>
         <file>drivers.am263px.r5f.ti-arm-clang.nortos.debug.lib</file>
         <name>ipc_notify_v1_cfg.obj</name>
      </input_file>
      <input_file id="fl-42">
         <path>C:\ti\mcu_plus_sdk_am263px_11_01_00_19\source\drivers\lib\</path>
         <kind>archive</kind>
         <file>drivers.am263px.r5f.ti-arm-clang.nortos.debug.lib</file>
         <name>mcan.obj</name>
      </input_file>
      <input_file id="fl-43">
         <path>C:\ti\mcu_plus_sdk_am263px_11_01_00_19\source\drivers\lib\</path>
         <kind>archive</kind>
         <file>drivers.am263px.r5f.ti-arm-clang.nortos.debug.lib</file>
         <name>pinmux.obj</name>
      </input_file>
      <input_file id="fl-44">
         <path>C:\ti\mcu_plus_sdk_am263px_11_01_00_19\source\drivers\lib\</path>
         <kind>archive</kind>
         <file>drivers.am263px.r5f.ti-arm-clang.nortos.debug.lib</file>
         <name>soc.obj</name>
      </input_file>
      <input_file id="fl-45">
         <path>C:\ti\mcu_plus_sdk_am263px_11_01_00_19\source\drivers\lib\</path>
         <kind>archive</kind>
         <file>drivers.am263px.r5f.ti-arm-clang.nortos.debug.lib</file>
         <name>soc_rcm.obj</name>
      </input_file>
      <input_file id="fl-46">
         <path>C:\ti\mcu_plus_sdk_am263px_11_01_00_19\source\drivers\lib\</path>
         <kind>archive</kind>
         <file>drivers.am263px.r5f.ti-arm-clang.nortos.debug.lib</file>
         <name>spinlock.obj</name>
      </input_file>
      <input_file id="fl-47">
         <path>C:\ti\mcu_plus_sdk_am263px_11_01_00_19\source\drivers\lib\</path>
         <kind>archive</kind>
         <file>drivers.am263px.r5f.ti-arm-clang.nortos.debug.lib</file>
         <name>uart_v0.obj</name>
      </input_file>
      <input_file id="fl-48">
         <path>C:\ti\mcu_plus_sdk_am263px_11_01_00_19\source\drivers\lib\</path>
         <kind>archive</kind>
         <file>drivers.am263px.r5f.ti-arm-clang.nortos.debug.lib</file>
         <name>uart_v0_lld.obj</name>
      </input_file>
      <input_file id="fl-49">
         <path>C:\ti\mcu_plus_sdk_am263px_11_01_00_19\source\drivers\lib\</path>
         <kind>archive</kind>
         <file>drivers.am263px.r5f.ti-arm-clang.nortos.debug.lib</file>
         <name>uart_dma_edma.obj</name>
      </input_file>
      <input_file id="fl-4a">
         <path>C:\ti\mcu_plus_sdk_am263px_11_01_00_19\source\drivers\lib\</path>
         <kind>archive</kind>
         <file>drivers.am263px.r5f.ti-arm-clang.nortos.debug.lib</file>
         <name>edma.obj</name>
      </input_file>
      <input_file id="fl-61">
         <path>C:\ti\ccs2031\ccs\tools\compiler\ti-cgt-armllvm_4.0.4.LTS\lib\armv7r-ti-none-eabihf\c\</path>
         <kind>archive</kind>
         <file>libc.a</file>
         <name>exit.c.obj</name>
      </input_file>
      <input_file id="fl-62">
         <path>C:\ti\ccs2031\ccs\tools\compiler\ti-cgt-armllvm_4.0.4.LTS\lib\armv7r-ti-none-eabihf\c\</path>
         <kind>archive</kind>
         <file>libc.a</file>
         <name>_lock.c.obj</name>
      </input_file>
      <input_file id="fl-63">
         <path>C:\ti\ccs2031\ccs\tools\compiler\ti-cgt-armllvm_4.0.4.LTS\lib\armv7r-ti-none-eabihf\c\</path>
         <kind>archive</kind>
         <file>libc.a</file>
         <name>autoinit.c.obj</name>
      </input_file>
      <input_file id="fl-64">
         <path>C:\ti\ccs2031\ccs\tools\compiler\ti-cgt-armllvm_4.0.4.LTS\lib\armv7r-ti-none-eabihf\c\</path>
         <kind>archive</kind>
         <file>libc.a</file>
         <name>cpy_tbl.c.obj</name>
      </input_file>
      <input_file id="fl-7b">
         <path>C:\ti\ccs2031\ccs\tools\compiler\ti-cgt-armllvm_4.0.4.LTS\lib\armv7r-ti-none-eabihf\c\</path>
         <kind>archive</kind>
         <file>libsysbm.a</file>
         <name>hostexit.c.obj</name>
      </input_file>
      <input_file id="fl-105">
         <path>C:\ti\ccs2031\ccs\tools\compiler\ti-cgt-armllvm_4.0.4.LTS\lib\armv7r-ti-none-eabihf\</path>
         <kind>archive</kind>
         <file>libclang_rt.builtins.a</file>
         <name>floatundisf.S.obj</name>
      </input_file>
      <input_file id="fl-106">
         <path>C:\ti\ccs2031\ccs\tools\compiler\ti-cgt-armllvm_4.0.4.LTS\lib\armv7r-ti-none-eabihf\</path>
         <kind>archive</kind>
         <file>libclang_rt.builtins.a</file>
         <name>aeabi_memcpy.S.obj</name>
      </input_file>
      <input_file id="fl-107">
         <path>C:\ti\ccs2031\ccs\tools\compiler\ti-cgt-armllvm_4.0.4.LTS\lib\armv7r-ti-none-eabihf\</path>
         <kind>archive</kind>
         <file>libclang_rt.builtins.a</file>
         <name>aeabi_memmove.S.obj</name>
      </input_file>
      <input_file id="fl-108">
         <path>C:\ti\ccs2031\ccs\tools\compiler\ti-cgt-armllvm_4.0.4.LTS\lib\armv7r-ti-none-eabihf\</path>
         <kind>archive</kind>
         <file>libclang_rt.builtins.a</file>
         <name>aeabi_memset.S.obj</name>
      </input_file>
      <input_file id="fl-109">
         <path>C:\ti\ccs2031\ccs\tools\compiler\ti-cgt-armllvm_4.0.4.LTS\lib\armv7r-ti-none-eabihf\</path>
         <kind>archive</kind>
         <file>libclang_rt.builtins.a</file>
         <name>aeabi_uldivmod.S.obj</name>
      </input_file>
      <input_file id="fl-10a">
         <path>C:\ti\ccs2031\ccs\tools\compiler\ti-cgt-armllvm_4.0.4.LTS\lib\armv7r-ti-none-eabihf\</path>
         <kind>archive</kind>
         <file>libclang_rt.builtins.a</file>
         <name>udivmoddi4.S.obj</name>
      </input_file>
      <input_file id="fl-10b">
         <path>C:\ti\ccs2031\ccs\tools\compiler\ti-cgt-armllvm_4.0.4.LTS\lib\armv7r-ti-none-eabihf\</path>
         <kind>archive</kind>
         <file>libclang_rt.builtins.a</file>
         <name>aeabi_div0.c.obj</name>
      </input_file>
      <input_file id="fl-10c">
         <path>C:\ti\ccs2031\ccs\tools\compiler\ti-cgt-armllvm_4.0.4.LTS\lib\armv7r-ti-none-eabihf\c\</path>
         <kind>archive</kind>
         <file>libc.a</file>
         <name>memcpy32.S.obj</name>
      </input_file>
      <input_file id="fl-10d">
         <path>C:\ti\ccs2031\ccs\tools\compiler\ti-cgt-armllvm_4.0.4.LTS\lib\armv7r-ti-none-eabihf\c\</path>
         <kind>archive</kind>
         <file>libc.a</file>
         <name>memset32.S.obj</name>
      </input_file>
      <input_file id="fl-10e">
         <path>C:\ti\ccs2031\ccs\tools\compiler\ti-cgt-armllvm_4.0.4.LTS\lib\armv7r-ti-none-eabihf\c\</path>
         <kind>archive</kind>
         <file>libc.a</file>
         <name>memmov.c.obj</name>
      </input_file>
      <input_file id="fl-10f">
         <path>C:\ti\mcu_plus_sdk_am263px_11_01_00_19\source\kernel\nortos\lib\</path>
         <kind>archive</kind>
         <file>nortos.am263px.r5f.ti-arm-clang.debug.lib</file>
         <name>CpuId_armv7r.obj</name>
      </input_file>
      <input_file id="fl-110">
         <path>C:\ti\mcu_plus_sdk_am263px_11_01_00_19\source\kernel\nortos\lib\</path>
         <kind>archive</kind>
         <file>nortos.am263px.r5f.ti-arm-clang.debug.lib</file>
         <name>TaskP_nortos.obj</name>
      </input_file>
      <input_file id="fl-111">
         <path>C:\ti\mcu_plus_sdk_am263px_11_01_00_19\source\kernel\nortos\lib\</path>
         <kind>archive</kind>
         <file>nortos.am263px.r5f.ti-arm-clang.debug.lib</file>
         <name>CpuId_armv7r_asm.obj</name>
      </input_file>
   </input_file_list>
   <object_component_list>
      <object_component id="oc-2a">
         <name>.vectors</name>
         <load_address>0x0</load_address>
         <readonly>true</readonly>
         <executable>true</executable>
         <run_address>0x0</run_address>
         <size>0x40</size>
         <alignment>0x4</alignment>
         <input_file_ref idref="fl-37"/>
         <refd_ro_sections>
            <object_component_ref idref="oc-49"/>
            <object_component_ref idref="oc-51"/>
            <object_component_ref idref="oc-4d"/>
         </refd_ro_sections>
         <value>bffef2be7e91ca2dc0d1710b37945bf4</value>
      </object_component>
      <object_component id="oc-68">
         <name>.text.hwi</name>
         <load_address>0x70051720</load_address>
         <readonly>true</readonly>
         <executable>true</executable>
         <run_address>0x70051720</run_address>
         <size>0x6c0</size>
         <alignment>0x10</alignment>
         <input_file_ref idref="fl-30"/>
         <refd_ro_sections>
            <object_component_ref idref="oc-b4"/>
            <object_component_ref idref="oc-b5"/>
            <object_component_ref idref="oc-6e"/>
            <object_component_ref idref="oc-51"/>
            <object_component_ref idref="oc-4d"/>
         </refd_ro_sections>
         <refd_rw_sections>
            <object_component_ref idref="oc-ba"/>
            <object_component_ref idref="oc-6d"/>
            <object_component_ref idref="oc-72"/>
         </refd_rw_sections>
         <value>bc79eb8268cbea81e3a8ac4deea1c7ce</value>
      </object_component>
      <object_component id="oc-51">
         <name>.text.hwi</name>
         <load_address>0x70051de0</load_address>
         <readonly>true</readonly>
         <executable>true</executable>
         <run_address>0x70051de0</run_address>
         <size>0x59a</size>
         <alignment>0x10</alignment>
         <input_file_ref idref="fl-31"/>
         <refd_ro_sections>
            <object_component_ref idref="oc-6e"/>
            <object_component_ref idref="oc-4d"/>
            <object_component_ref idref="oc-68"/>
         </refd_ro_sections>
         <refd_rw_sections>
            <object_component_ref idref="oc-6d"/>
            <object_component_ref idref="oc-72"/>
         </refd_rw_sections>
         <value>e92d7dae9652c657a7c86df54da7965f</value>
      </object_component>
      <object_component id="oc-4d">
         <name>.text.hwi</name>
         <load_address>0x7005237c</load_address>
         <readonly>true</readonly>
         <executable>true</executable>
         <run_address>0x7005237c</run_address>
         <size>0x17c</size>
         <alignment>0x4</alignment>
         <input_file_ref idref="fl-36"/>
         <refd_ro_sections>
            <object_component_ref idref="oc-51"/>
         </refd_ro_sections>
         <value>28d20caeba06a9db22180b79932d7705</value>
      </object_component>
      <object_component id="oc-6e">
         <name>.text.hwi</name>
         <load_address>0x700524f8</load_address>
         <readonly>true</readonly>
         <executable>true</executable>
         <run_address>0x700524f8</run_address>
         <size>0x70</size>
         <alignment>0x4</alignment>
         <input_file_ref idref="fl-39"/>
         <value>787d7b637e8a91b15a7ff1700f5395cd</value>
      </object_component>
      <object_component id="oc-c2">
         <name>.text.cache</name>
         <load_address>0x70052570</load_address>
         <readonly>true</readonly>
         <executable>true</executable>
         <run_address>0x70052570</run_address>
         <size>0x340</size>
         <alignment>0x4</alignment>
         <input_file_ref idref="fl-3b"/>
         <refd_ro_sections>
            <object_component_ref idref="oc-150"/>
            <object_component_ref idref="oc-151"/>
         </refd_ro_sections>
         <value>28201a9cf2d673acf236201cbf3c08e7</value>
      </object_component>
      <object_component id="oc-79">
         <name>.text.cache</name>
         <load_address>0x700528b0</load_address>
         <readonly>true</readonly>
         <executable>true</executable>
         <run_address>0x700528b0</run_address>
         <size>0x158</size>
         <alignment>0x10</alignment>
         <input_file_ref idref="fl-33"/>
         <refd_ro_sections>
            <object_component_ref idref="oc-c6"/>
            <object_component_ref idref="oc-b5"/>
            <object_component_ref idref="oc-c2"/>
            <object_component_ref idref="oc-6e"/>
         </refd_ro_sections>
         <value>8d9773c10e987737f962aa7d8dd27e27</value>
      </object_component>
      <object_component id="oc-75">
         <name>.text.mpu</name>
         <load_address>0x70052a10</load_address>
         <readonly>true</readonly>
         <executable>true</executable>
         <run_address>0x70052a10</run_address>
         <size>0x340</size>
         <alignment>0x10</alignment>
         <input_file_ref idref="fl-32"/>
         <refd_ro_sections>
            <object_component_ref idref="oc-c6"/>
            <object_component_ref idref="oc-b5"/>
            <object_component_ref idref="oc-79"/>
            <object_component_ref idref="oc-c2"/>
            <object_component_ref idref="oc-6e"/>
            <object_component_ref idref="oc-be"/>
         </refd_ro_sections>
         <value>799f778cd8708d1720133cc67c7cad30</value>
      </object_component>
      <object_component id="oc-be">
         <name>.text.mpu</name>
         <load_address>0x70052d50</load_address>
         <readonly>true</readonly>
         <executable>true</executable>
         <run_address>0x70052d50</run_address>
         <size>0x78</size>
         <alignment>0x4</alignment>
         <input_file_ref idref="fl-3a"/>
         <value>81f7fff56ae0fd196005f1def4853920</value>
      </object_component>
      <object_component id="oc-49">
         <name>.text.boot</name>
         <load_address>0x70052dd0</load_address>
         <readonly>true</readonly>
         <executable>true</executable>
         <run_address>0x70052dd0</run_address>
         <size>0x144</size>
         <alignment>0x4</alignment>
         <input_file_ref idref="fl-38"/>
         <refd_ro_sections>
            <object_component_ref idref="oc-5b"/>
            <object_component_ref idref="oc-56"/>
            <object_component_ref idref="oc-60"/>
            <object_component_ref idref="oc-86"/>
            <object_component_ref idref="oc-ad"/>
         </refd_ro_sections>
         <refd_linker_syms>
            <symbol_ref idref="sm-f"/>
            <symbol_ref idref="sm-b"/>
            <symbol_ref idref="sm-9"/>
            <symbol_ref idref="sm-15"/>
            <symbol_ref idref="sm-d"/>
            <symbol_ref idref="sm-11"/>
         </refd_linker_syms>
         <value>3dda733e3a517cbab0fef541a85342e0</value>
      </object_component>
      <object_component id="oc-b5">
         <name>.text.boot</name>
         <load_address>0x70052f20</load_address>
         <readonly>true</readonly>
         <executable>true</executable>
         <run_address>0x70052f20</run_address>
         <size>0x24</size>
         <alignment>0x10</alignment>
         <input_file_ref idref="fl-2a"/>
         <refd_ro_sections>
            <object_component_ref idref="oc-6e"/>
         </refd_ro_sections>
         <value>b1d5814242b86def8faf5650c8397506</value>
      </object_component>
      <object_component id="oc-5b">
         <name>.text.boot</name>
         <load_address>0x70052f50</load_address>
         <readonly>true</readonly>
         <executable>true</executable>
         <run_address>0x70052f50</run_address>
         <size>0x24</size>
         <alignment>0x10</alignment>
         <input_file_ref idref="fl-3d"/>
         <refd_ro_sections>
            <object_component_ref idref="oc-7f"/>
         </refd_ro_sections>
         <refd_linker_syms>
            <symbol_ref idref="sm-7"/>
            <symbol_ref idref="sm-6"/>
         </refd_linker_syms>
         <value>90dd8edfb08fd77c281fff2f22b30f4b</value>
      </object_component>
      <object_component id="oc-56">
         <name>.text.boot</name>
         <load_address>0x70052f80</load_address>
         <readonly>true</readonly>
         <executable>true</executable>
         <run_address>0x70052f80</run_address>
         <size>0xc</size>
         <alignment>0x10</alignment>
         <input_file_ref idref="fl-3"/>
         <of_notshared>true</of_notshared>
         <refd_ro_sections>
            <object_component_ref idref="oc-79"/>
            <object_component_ref idref="oc-75"/>
         </refd_ro_sections>
         <value>54fcc83404954b2af8acc0b8b0baa02e</value>
      </object_component>
      <object_component id="oc-ad">
         <name>.text:abort</name>
         <load_address>0x70052f90</load_address>
         <readonly>true</readonly>
         <executable>true</executable>
         <run_address>0x70052f90</run_address>
         <size>0x8</size>
         <alignment>0x4</alignment>
         <input_file_ref idref="fl-61"/>
         <refd_ro_sections>
            <object_component_ref idref="oc-143"/>
         </refd_ro_sections>
         <value>e27b954847891444abf2be07f27b8b79</value>
      </object_component>
      <object_component id="oc-1e3">
         <name>.text._vsnprintf</name>
         <load_address>0x70040000</load_address>
         <readonly>true</readonly>
         <executable>true</executable>
         <run_address>0x70040000</run_address>
         <size>0xa34</size>
         <alignment>0x10</alignment>
         <input_file_ref idref="fl-34"/>
         <refd_ro_sections>
            <object_component_ref idref="oc-26b"/>
            <object_component_ref idref="oc-26f"/>
            <object_component_ref idref="oc-26e"/>
            <object_component_ref idref="oc-26a"/>
            <object_component_ref idref="oc-26d"/>
            <object_component_ref idref="oc-26c"/>
            <object_component_ref idref="oc-269"/>
            <object_component_ref idref="oc-270"/>
         </refd_ro_sections>
         <value>0b7c305c0331c5915a1ab8de16d384f8</value>
      </object_component>
      <object_component id="oc-7f">
         <name>.text.__aeabi_memclr</name>
         <load_address>0x70040a34</load_address>
         <readonly>true</readonly>
         <executable>true</executable>
         <run_address>0x70040a34</run_address>
         <size>0xc</size>
         <alignment>0x4</alignment>
         <input_file_ref idref="fl-108"/>
         <refd_ro_sections>
            <object_component_ref idref="oc-153"/>
         </refd_ro_sections>
         <value>097f89266cf2220c66bffa9b9bd2eaec</value>
      </object_component>
      <object_component id="oc-2ef">
         <name>.text.SOC_rcmGetClkSrcAndDivReg</name>
         <load_address>0x70040a40</load_address>
         <readonly>true</readonly>
         <executable>true</executable>
         <run_address>0x70040a40</run_address>
         <size>0x678</size>
         <alignment>0x10</alignment>
         <input_file_ref idref="fl-45"/>
         <refd_ro_sections>
            <object_component_ref idref="oc-332"/>
            <object_component_ref idref="oc-331"/>
            <object_component_ref idref="oc-333"/>
            <object_component_ref idref="oc-330"/>
            <object_component_ref idref="oc-334"/>
            <object_component_ref idref="oc-32e"/>
            <object_component_ref idref="oc-32a"/>
            <object_component_ref idref="oc-32f"/>
            <object_component_ref idref="oc-32b"/>
            <object_component_ref idref="oc-32c"/>
            <object_component_ref idref="oc-32d"/>
            <object_component_ref idref="oc-2ec"/>
         </refd_ro_sections>
         <value>d3fd3df09a8397cdb804e05512534fa9</value>
      </object_component>
      <object_component id="oc-143">
         <name>.text.HOSTexit</name>
         <load_address>0x700410b8</load_address>
         <readonly>true</readonly>
         <executable>true</executable>
         <run_address>0x700410b8</run_address>
         <size>0x8</size>
         <alignment>0x4</alignment>
         <input_file_ref idref="fl-7b"/>
         <value>a60a8ecca423be723d5fd2b97a6a35d9</value>
      </object_component>
      <object_component id="oc-29d">
         <name>.text.SOC_rcmEnablePeripheralClock</name>
         <load_address>0x700410c0</load_address>
         <readonly>true</readonly>
         <executable>true</executable>
         <run_address>0x700410c0</run_address>
         <size>0x638</size>
         <alignment>0x10</alignment>
         <input_file_ref idref="fl-45"/>
         <refd_ro_sections>
            <object_component_ref idref="oc-2ec"/>
         </refd_ro_sections>
         <value>86f0ab9020447970629f38025f4284ef</value>
      </object_component>
      <object_component id="oc-296">
         <name>.text.__aeabi_ldiv0</name>
         <load_address>0x700416f8</load_address>
         <readonly>true</readonly>
         <executable>true</executable>
         <run_address>0x700416f8</run_address>
         <size>0x4</size>
         <alignment>0x4</alignment>
         <input_file_ref idref="fl-10b"/>
         <value>12d9a787cb87d113be5692187c7e6eea</value>
      </object_component>
      <object_component id="oc-159">
         <name>.text.__aeabi_memcpy</name>
         <load_address>0x700416fc</load_address>
         <readonly>true</readonly>
         <executable>true</executable>
         <run_address>0x700416fc</run_address>
         <size>0x4</size>
         <alignment>0x4</alignment>
         <input_file_ref idref="fl-106"/>
         <refd_ro_sections>
            <object_component_ref idref="oc-276"/>
         </refd_ro_sections>
         <value>cd91ce4084b5a93c1399a772c9774a99</value>
      </object_component>
      <object_component id="oc-26e">
         <name>.text._ftoa</name>
         <load_address>0x70041700</load_address>
         <readonly>true</readonly>
         <executable>true</executable>
         <run_address>0x70041700</run_address>
         <size>0x5e2</size>
         <alignment>0x10</alignment>
         <input_file_ref idref="fl-34"/>
         <refd_ro_sections>
            <object_component_ref idref="oc-2ce"/>
            <object_component_ref idref="oc-2c9"/>
            <object_component_ref idref="oc-2cd"/>
            <object_component_ref idref="oc-2cb"/>
            <object_component_ref idref="oc-2cc"/>
            <object_component_ref idref="oc-26f"/>
            <object_component_ref idref="oc-2ca"/>
         </refd_ro_sections>
         <value>90e2c23785c1e06562aca8670b472219</value>
      </object_component>
      <object_component id="oc-3bc">
         <name>.text</name>
         <load_address>0x70041ce4</load_address>
         <readonly>true</readonly>
         <executable>true</executable>
         <run_address>0x70041ce4</run_address>
         <size>0xc</size>
         <alignment>0x4</alignment>
         <input_file_ref idref="fl-111"/>
         <value>54ba697de8bb071b55ed3240ecd1071d</value>
      </object_component>
      <object_component id="oc-26f">
         <name>.text._etoa</name>
         <load_address>0x70041cf0</load_address>
         <readonly>true</readonly>
         <executable>true</executable>
         <run_address>0x70041cf0</run_address>
         <size>0x4b0</size>
         <alignment>0x10</alignment>
         <input_file_ref idref="fl-34"/>
         <refd_ro_sections>
            <object_component_ref idref="oc-26e"/>
            <object_component_ref idref="oc-26d"/>
         </refd_ro_sections>
         <value>0750a43d9f3afe523bcf535adea3057f</value>
      </object_component>
      <object_component id="oc-24c">
         <name>.text.UART_open</name>
         <load_address>0x700421a0</load_address>
         <readonly>true</readonly>
         <executable>true</executable>
         <run_address>0x700421a0</run_address>
         <size>0x400</size>
         <alignment>0x10</alignment>
         <input_file_ref idref="fl-47"/>
         <refd_ro_sections>
            <object_component_ref idref="oc-2b9"/>
            <object_component_ref idref="oc-240"/>
            <object_component_ref idref="oc-2a8"/>
            <object_component_ref idref="oc-2a9"/>
            <object_component_ref idref="oc-23f"/>
            <object_component_ref idref="oc-256"/>
            <object_component_ref idref="oc-2ac"/>
            <object_component_ref idref="oc-2b8"/>
            <object_component_ref idref="oc-243"/>
            <object_component_ref idref="oc-2aa"/>
            <object_component_ref idref="oc-2bb"/>
            <object_component_ref idref="oc-2ab"/>
            <object_component_ref idref="oc-2af"/>
            <object_component_ref idref="oc-2bc"/>
            <object_component_ref idref="oc-2ba"/>
            <object_component_ref idref="oc-2b7"/>
            <object_component_ref idref="oc-2b2"/>
            <object_component_ref idref="oc-2ad"/>
            <object_component_ref idref="oc-2ae"/>
            <object_component_ref idref="oc-ef"/>
            <object_component_ref idref="oc-159"/>
            <object_component_ref idref="oc-68"/>
         </refd_ro_sections>
         <refd_rw_sections>
            <object_component_ref idref="oc-23e"/>
            <object_component_ref idref="oc-23d"/>
            <object_component_ref idref="oc-2b1"/>
            <object_component_ref idref="oc-2b0"/>
            <object_component_ref idref="oc-242"/>
         </refd_rw_sections>
         <value>49c1f985d7dbe5d7b19c89f5d2b2fec4</value>
      </object_component>
      <object_component id="oc-eb">
         <name>.text.IpcNotify_init</name>
         <load_address>0x700425a0</load_address>
         <readonly>true</readonly>
         <executable>true</executable>
         <run_address>0x700425a0</run_address>
         <size>0x3dc</size>
         <alignment>0x10</alignment>
         <input_file_ref idref="fl-40"/>
         <refd_ro_sections>
            <object_component_ref idref="oc-19c"/>
            <object_component_ref idref="oc-195"/>
            <object_component_ref idref="oc-19e"/>
            <object_component_ref idref="oc-19a"/>
            <object_component_ref idref="oc-198"/>
            <object_component_ref idref="oc-196"/>
            <object_component_ref idref="oc-194"/>
            <object_component_ref idref="oc-19b"/>
            <object_component_ref idref="oc-199"/>
            <object_component_ref idref="oc-191"/>
            <object_component_ref idref="oc-193"/>
            <object_component_ref idref="oc-19d"/>
            <object_component_ref idref="oc-1a1"/>
            <object_component_ref idref="oc-1a0"/>
            <object_component_ref idref="oc-109"/>
            <object_component_ref idref="oc-19f"/>
            <object_component_ref idref="oc-197"/>
            <object_component_ref idref="oc-ef"/>
            <object_component_ref idref="oc-6e"/>
            <object_component_ref idref="oc-68"/>
         </refd_ro_sections>
         <refd_rw_sections>
            <object_component_ref idref="oc-192"/>
            <object_component_ref idref="oc-18f"/>
         </refd_rw_sections>
         <value>d68183b1f18fdeca04d9420e82ab499c</value>
      </object_component>
      <object_component id="oc-39f">
         <name>.text.SOC_virtToPhy</name>
         <load_address>0x70042980</load_address>
         <readonly>true</readonly>
         <executable>true</executable>
         <run_address>0x70042980</run_address>
         <size>0x302</size>
         <alignment>0x10</alignment>
         <input_file_ref idref="fl-44"/>
         <refd_ro_sections>
            <object_component_ref idref="oc-3b0"/>
            <object_component_ref idref="oc-3b5"/>
         </refd_ro_sections>
         <refd_rw_sections>
            <object_component_ref idref="oc-3af"/>
            <object_component_ref idref="oc-3ae"/>
         </refd_rw_sections>
         <value>0c4e6edad798e8a62a573c9611ef4071</value>
      </object_component>
      <object_component id="oc-a4">
         <name>.text.main_loop</name>
         <load_address>0x70042c90</load_address>
         <readonly>true</readonly>
         <executable>true</executable>
         <run_address>0x70042c90</run_address>
         <size>0x2b6</size>
         <alignment>0x10</alignment>
         <input_file_ref idref="fl-13"/>
         <refd_ro_sections>
            <object_component_ref idref="oc-13a"/>
            <object_component_ref idref="oc-137"/>
            <object_component_ref idref="oc-140"/>
            <object_component_ref idref="oc-12c"/>
            <object_component_ref idref="oc-13c"/>
            <object_component_ref idref="oc-12b"/>
            <object_component_ref idref="oc-139"/>
            <object_component_ref idref="oc-13f"/>
            <object_component_ref idref="oc-136"/>
            <object_component_ref idref="oc-13e"/>
            <object_component_ref idref="oc-134"/>
            <object_component_ref idref="oc-9f"/>
            <object_component_ref idref="oc-138"/>
            <object_component_ref idref="oc-13d"/>
            <object_component_ref idref="oc-12f"/>
            <object_component_ref idref="oc-13b"/>
         </refd_ro_sections>
         <refd_rw_sections>
            <object_component_ref idref="oc-131"/>
            <object_component_ref idref="oc-12e"/>
            <object_component_ref idref="oc-130"/>
            <object_component_ref idref="oc-135"/>
            <object_component_ref idref="oc-132"/>
            <object_component_ref idref="oc-133"/>
            <object_component_ref idref="oc-12d"/>
         </refd_rw_sections>
         <value>6ebb16916eb849aaa13aa08179901406</value>
      </object_component>
      <object_component id="oc-342">
         <name>.text.UART_edmaChInit</name>
         <load_address>0x70042f50</load_address>
         <readonly>true</readonly>
         <executable>true</executable>
         <run_address>0x70042f50</run_address>
         <size>0x27e</size>
         <alignment>0x10</alignment>
         <input_file_ref idref="fl-49"/>
         <refd_ro_sections>
            <object_component_ref idref="oc-36a"/>
            <object_component_ref idref="oc-36c"/>
            <object_component_ref idref="oc-36b"/>
            <object_component_ref idref="oc-36d"/>
            <object_component_ref idref="oc-363"/>
            <object_component_ref idref="oc-368"/>
            <object_component_ref idref="oc-369"/>
            <object_component_ref idref="oc-36f"/>
            <object_component_ref idref="oc-371"/>
            <object_component_ref idref="oc-36e"/>
            <object_component_ref idref="oc-370"/>
         </refd_ro_sections>
         <value>3129db496be62818812556d23f1d7770</value>
      </object_component>
      <object_component id="oc-381">
         <name>.text.Alloc_resource</name>
         <load_address>0x700431d0</load_address>
         <readonly>true</readonly>
         <executable>true</executable>
         <run_address>0x700431d0</run_address>
         <size>0x250</size>
         <alignment>0x10</alignment>
         <input_file_ref idref="fl-4a"/>
         <refd_ro_sections>
            <object_component_ref idref="oc-6e"/>
         </refd_ro_sections>
         <value>1558d4321a7d962cc310c0654ebc126b</value>
      </object_component>
      <object_component id="oc-338">
         <name>.text.UART_fifoConfig</name>
         <load_address>0x70043420</load_address>
         <readonly>true</readonly>
         <executable>true</executable>
         <run_address>0x70043420</run_address>
         <size>0x242</size>
         <alignment>0x10</alignment>
         <input_file_ref idref="fl-48"/>
         <refd_ro_sections>
            <object_component_ref idref="oc-34c"/>
            <object_component_ref idref="oc-361"/>
            <object_component_ref idref="oc-35a"/>
            <object_component_ref idref="oc-35f"/>
            <object_component_ref idref="oc-35e"/>
            <object_component_ref idref="oc-360"/>
         </refd_ro_sections>
         <value>1a5b77a9d32ec8aec1f0bb265281c75b</value>
      </object_component>
      <object_component id="oc-2c8">
         <name>.text._ntoa_format</name>
         <load_address>0x70043670</load_address>
         <readonly>true</readonly>
         <executable>true</executable>
         <run_address>0x70043670</run_address>
         <size>0x23e</size>
         <alignment>0x10</alignment>
         <input_file_ref idref="fl-34"/>
         <refd_ro_sections>
            <object_component_ref idref="oc-2ca"/>
         </refd_ro_sections>
         <value>d5b93a3703599af8ef5f85ef8f9fdb65</value>
      </object_component>
      <object_component id="oc-346">
         <name>.text.UART_lld_dmaDeInit</name>
         <load_address>0x700438b0</load_address>
         <readonly>true</readonly>
         <executable>true</executable>
         <run_address>0x700438b0</run_address>
         <size>0x226</size>
         <alignment>0x10</alignment>
         <input_file_ref idref="fl-49"/>
         <refd_ro_sections>
            <object_component_ref idref="oc-373"/>
            <object_component_ref idref="oc-374"/>
            <object_component_ref idref="oc-376"/>
            <object_component_ref idref="oc-375"/>
            <object_component_ref idref="oc-372"/>
         </refd_ro_sections>
         <value>c5c5f21cc4fc469051312b5fde0cc233</value>
      </object_component>
      <object_component id="oc-1a1">
         <name>.text.IpcNotify_isr</name>
         <load_address>0x70043ae0</load_address>
         <readonly>true</readonly>
         <executable>true</executable>
         <run_address>0x70043ae0</run_address>
         <size>0x222</size>
         <alignment>0x10</alignment>
         <input_file_ref idref="fl-40"/>
         <refd_ro_sections>
            <object_component_ref idref="oc-19d"/>
            <object_component_ref idref="oc-238"/>
            <object_component_ref idref="oc-236"/>
            <object_component_ref idref="oc-233"/>
            <object_component_ref idref="oc-237"/>
            <object_component_ref idref="oc-239"/>
            <object_component_ref idref="oc-234"/>
            <object_component_ref idref="oc-b5"/>
         </refd_ro_sections>
         <refd_rw_sections>
            <object_component_ref idref="oc-192"/>
         </refd_rw_sections>
         <value>6de745ba569835a80210ddf2073dc07f</value>
      </object_component>
      <object_component id="oc-285">
         <name>.text.TimerP_setupPriv</name>
         <load_address>0x70043d10</load_address>
         <readonly>true</readonly>
         <executable>true</executable>
         <run_address>0x70043d10</run_address>
         <size>0x1d6</size>
         <alignment>0x10</alignment>
         <input_file_ref idref="fl-3e"/>
         <refd_ro_sections>
            <object_component_ref idref="oc-2de"/>
            <object_component_ref idref="oc-2d9"/>
            <object_component_ref idref="oc-2dc"/>
            <object_component_ref idref="oc-2e1"/>
            <object_component_ref idref="oc-2dd"/>
            <object_component_ref idref="oc-2da"/>
            <object_component_ref idref="oc-2db"/>
            <object_component_ref idref="oc-2e0"/>
            <object_component_ref idref="oc-2df"/>
            <object_component_ref idref="oc-ef"/>
            <object_component_ref idref="oc-17b"/>
         </refd_ro_sections>
         <value>c43ca0d1f79056182fa384bcef4ed8f3</value>
      </object_component>
      <object_component id="oc-9d">
         <name>.text.core1_init</name>
         <load_address>0x70043ef0</load_address>
         <readonly>true</readonly>
         <executable>true</executable>
         <run_address>0x70043ef0</run_address>
         <size>0x1be</size>
         <alignment>0x10</alignment>
         <input_file_ref idref="fl-13"/>
         <refd_ro_sections>
            <object_component_ref idref="oc-122"/>
            <object_component_ref idref="oc-118"/>
            <object_component_ref idref="oc-ff"/>
            <object_component_ref idref="oc-120"/>
            <object_component_ref idref="oc-106"/>
            <object_component_ref idref="oc-10c"/>
            <object_component_ref idref="oc-10b"/>
            <object_component_ref idref="oc-10a"/>
            <object_component_ref idref="oc-f5"/>
            <object_component_ref idref="oc-100"/>
            <object_component_ref idref="oc-f6"/>
            <object_component_ref idref="oc-10e"/>
            <object_component_ref idref="oc-121"/>
            <object_component_ref idref="oc-f7"/>
            <object_component_ref idref="oc-fe"/>
            <object_component_ref idref="oc-107"/>
            <object_component_ref idref="oc-11a"/>
            <object_component_ref idref="oc-112"/>
            <object_component_ref idref="oc-110"/>
            <object_component_ref idref="oc-fd"/>
            <object_component_ref idref="oc-11b"/>
            <object_component_ref idref="oc-f8"/>
            <object_component_ref idref="oc-109"/>
            <object_component_ref idref="oc-10d"/>
            <object_component_ref idref="oc-ef"/>
            <object_component_ref idref="oc-9f"/>
            <object_component_ref idref="oc-113"/>
            <object_component_ref idref="oc-119"/>
            <object_component_ref idref="oc-101"/>
            <object_component_ref idref="oc-10f"/>
            <object_component_ref idref="oc-111"/>
            <object_component_ref idref="oc-108"/>
         </refd_ro_sections>
         <value>c517dad6a41a3f08654e22ba5a94717a</value>
      </object_component>
      <object_component id="oc-390">
         <name>.text.UART_lld_dmaWrite</name>
         <load_address>0x700440b0</load_address>
         <readonly>true</readonly>
         <executable>true</executable>
         <run_address>0x700440b0</run_address>
         <size>0x1aa</size>
         <alignment>0x10</alignment>
         <input_file_ref idref="fl-49"/>
         <refd_ro_sections>
            <object_component_ref idref="oc-39e"/>
            <object_component_ref idref="oc-3a1"/>
            <object_component_ref idref="oc-3a2"/>
            <object_component_ref idref="oc-3a3"/>
            <object_component_ref idref="oc-3a0"/>
            <object_component_ref idref="oc-39f"/>
            <object_component_ref idref="oc-34f"/>
         </refd_ro_sections>
         <value>77fbbb52d74ef7286d2daa553f6fb72f</value>
      </object_component>
      <object_component id="oc-2bc">
         <name>.text.UART_close</name>
         <load_address>0x70044260</load_address>
         <readonly>true</readonly>
         <executable>true</executable>
         <run_address>0x70044260</run_address>
         <size>0x1a8</size>
         <alignment>0x10</alignment>
         <input_file_ref idref="fl-47"/>
         <refd_ro_sections>
            <object_component_ref idref="oc-315"/>
            <object_component_ref idref="oc-314"/>
            <object_component_ref idref="oc-240"/>
            <object_component_ref idref="oc-2a8"/>
            <object_component_ref idref="oc-23f"/>
            <object_component_ref idref="oc-319"/>
            <object_component_ref idref="oc-2aa"/>
            <object_component_ref idref="oc-2bb"/>
            <object_component_ref idref="oc-316"/>
            <object_component_ref idref="oc-317"/>
            <object_component_ref idref="oc-30c"/>
            <object_component_ref idref="oc-309"/>
            <object_component_ref idref="oc-306"/>
            <object_component_ref idref="oc-318"/>
            <object_component_ref idref="oc-ef"/>
            <object_component_ref idref="oc-68"/>
         </refd_ro_sections>
         <refd_rw_sections>
            <object_component_ref idref="oc-242"/>
         </refd_rw_sections>
         <value>4be92b19789361dea60dcf1046be099c</value>
      </object_component>
      <object_component id="oc-2ba">
         <name>.text.UART_lld_controllerIsr</name>
         <load_address>0x70044410</load_address>
         <readonly>true</readonly>
         <executable>true</executable>
         <run_address>0x70044410</run_address>
         <size>0x198</size>
         <alignment>0x10</alignment>
         <input_file_ref idref="fl-48"/>
         <refd_ro_sections>
            <object_component_ref idref="oc-30d"/>
            <object_component_ref idref="oc-312"/>
            <object_component_ref idref="oc-30a"/>
            <object_component_ref idref="oc-30e"/>
            <object_component_ref idref="oc-30c"/>
            <object_component_ref idref="oc-311"/>
            <object_component_ref idref="oc-310"/>
            <object_component_ref idref="oc-30b"/>
            <object_component_ref idref="oc-30f"/>
            <object_component_ref idref="oc-313"/>
         </refd_ro_sections>
         <value>ad036259a7f2b943635ae2e16c1a7d0e</value>
      </object_component>
      <object_component id="oc-2c6">
         <name>.text.MCAN_readMsg</name>
         <load_address>0x700445b0</load_address>
         <readonly>true</readonly>
         <executable>true</executable>
         <run_address>0x700445b0</run_address>
         <size>0x186</size>
         <alignment>0x10</alignment>
         <input_file_ref idref="fl-42"/>
         <refd_ro_sections>
            <object_component_ref idref="oc-31b"/>
            <object_component_ref idref="oc-2c0"/>
         </refd_ro_sections>
         <value>aa9eb9f1b2910e6116a131a14db3fa5b</value>
      </object_component>
      <object_component id="oc-1da">
         <name>.text.can_rx_isr</name>
         <load_address>0x70044740</load_address>
         <readonly>true</readonly>
         <executable>true</executable>
         <run_address>0x70044740</run_address>
         <size>0x17e</size>
         <alignment>0x10</alignment>
         <input_file_ref idref="fl-1"/>
         <refd_ro_sections>
            <object_component_ref idref="oc-25a"/>
            <object_component_ref idref="oc-261"/>
            <object_component_ref idref="oc-262"/>
            <object_component_ref idref="oc-260"/>
            <object_component_ref idref="oc-264"/>
            <object_component_ref idref="oc-25b"/>
            <object_component_ref idref="oc-263"/>
            <object_component_ref idref="oc-266"/>
            <object_component_ref idref="oc-9f"/>
         </refd_ro_sections>
         <refd_rw_sections>
            <object_component_ref idref="oc-1d8"/>
            <object_component_ref idref="oc-265"/>
            <object_component_ref idref="oc-267"/>
         </refd_rw_sections>
         <value>3296fad83708e6dc259acd4e299a0325</value>
      </object_component>
      <object_component id="oc-108">
         <name>.text.ipc_notify_callback_fxn</name>
         <load_address>0x700448c0</load_address>
         <readonly>true</readonly>
         <executable>true</executable>
         <run_address>0x700448c0</run_address>
         <size>0x17a</size>
         <alignment>0x10</alignment>
         <input_file_ref idref="fl-13"/>
         <refd_ro_sections>
            <object_component_ref idref="oc-1bb"/>
            <object_component_ref idref="oc-1ba"/>
            <object_component_ref idref="oc-1bd"/>
            <object_component_ref idref="oc-1b9"/>
            <object_component_ref idref="oc-1b6"/>
            <object_component_ref idref="oc-1bf"/>
            <object_component_ref idref="oc-1b8"/>
            <object_component_ref idref="oc-1b7"/>
            <object_component_ref idref="oc-1bc"/>
            <object_component_ref idref="oc-1b5"/>
            <object_component_ref idref="oc-1be"/>
            <object_component_ref idref="oc-9f"/>
            <object_component_ref idref="oc-1c0"/>
         </refd_ro_sections>
         <refd_rw_sections>
            <object_component_ref idref="oc-1b0"/>
            <object_component_ref idref="oc-131"/>
            <object_component_ref idref="oc-135"/>
            <object_component_ref idref="oc-132"/>
            <object_component_ref idref="oc-133"/>
         </refd_rw_sections>
         <value>9cf1ebcaaf42370e548430692538a24c</value>
      </object_component>
      <object_component id="oc-1c0">
         <name>.text.gateway_core1_ipc_callback</name>
         <load_address>0x70044a40</load_address>
         <readonly>true</readonly>
         <executable>true</executable>
         <run_address>0x70044a40</run_address>
         <size>0x164</size>
         <alignment>0x10</alignment>
         <input_file_ref idref="fl-11"/>
         <refd_ro_sections>
            <object_component_ref idref="oc-254"/>
            <object_component_ref idref="oc-252"/>
            <object_component_ref idref="oc-255"/>
            <object_component_ref idref="oc-250"/>
            <object_component_ref idref="oc-253"/>
            <object_component_ref idref="oc-9f"/>
            <object_component_ref idref="oc-251"/>
         </refd_ro_sections>
         <refd_rw_sections>
            <object_component_ref idref="oc-1b0"/>
         </refd_rw_sections>
         <value>f59a768e43955f58cfc8cd88c1a634f3</value>
      </object_component>
      <object_component id="oc-372">
         <name>.text.EDMA_unregisterIntr</name>
         <load_address>0x70044bb0</load_address>
         <readonly>true</readonly>
         <executable>true</executable>
         <run_address>0x70044bb0</run_address>
         <size>0x162</size>
         <alignment>0x10</alignment>
         <input_file_ref idref="fl-4a"/>
         <refd_ro_sections>
            <object_component_ref idref="oc-38d"/>
            <object_component_ref idref="oc-37c"/>
            <object_component_ref idref="oc-37b"/>
            <object_component_ref idref="oc-391"/>
            <object_component_ref idref="oc-392"/>
            <object_component_ref idref="oc-ef"/>
            <object_component_ref idref="oc-6e"/>
         </refd_ro_sections>
         <value>aa926b87414972325f63170047f5b85c</value>
      </object_component>
      <object_component id="oc-167">
         <name>.text.SOC_controlModuleUnlockMMR</name>
         <load_address>0x70044d20</load_address>
         <readonly>true</readonly>
         <executable>true</executable>
         <run_address>0x70044d20</run_address>
         <size>0x158</size>
         <alignment>0x10</alignment>
         <input_file_ref idref="fl-44"/>
         <refd_ro_sections>
            <object_component_ref idref="oc-1fd"/>
         </refd_ro_sections>
         <value>2073570ccc34710a8964ef595dfbe7dc</value>
      </object_component>
      <object_component id="oc-2b2">
         <name>.text.UART_lld_initDma</name>
         <load_address>0x70044e80</load_address>
         <readonly>true</readonly>
         <executable>true</executable>
         <run_address>0x70044e80</run_address>
         <size>0x152</size>
         <alignment>0x10</alignment>
         <input_file_ref idref="fl-48"/>
         <refd_ro_sections>
            <object_component_ref idref="oc-2f7"/>
            <object_component_ref idref="oc-2f9"/>
            <object_component_ref idref="oc-2fc"/>
            <object_component_ref idref="oc-2f8"/>
            <object_component_ref idref="oc-2fb"/>
            <object_component_ref idref="oc-2fe"/>
            <object_component_ref idref="oc-2fa"/>
            <object_component_ref idref="oc-2ff"/>
            <object_component_ref idref="oc-2fd"/>
            <object_component_ref idref="oc-300"/>
            <object_component_ref idref="oc-306"/>
            <object_component_ref idref="oc-301"/>
         </refd_ro_sections>
         <value>42c5662af2c948110da8b075e8594373</value>
      </object_component>
      <object_component id="oc-2c7">
         <name>.text.DebugP_shmLogWriterPutChar</name>
         <load_address>0x70044fe0</load_address>
         <readonly>true</readonly>
         <executable>true</executable>
         <run_address>0x70044fe0</run_address>
         <size>0x150</size>
         <alignment>0x10</alignment>
         <input_file_ref idref="fl-29"/>
         <refd_ro_sections>
            <object_component_ref idref="oc-31e"/>
            <object_component_ref idref="oc-1a2"/>
            <object_component_ref idref="oc-320"/>
            <object_component_ref idref="oc-17b"/>
            <object_component_ref idref="oc-31f"/>
         </refd_ro_sections>
         <refd_rw_sections>
            <object_component_ref idref="oc-31d"/>
            <object_component_ref idref="oc-31c"/>
            <object_component_ref idref="oc-1fa"/>
            <object_component_ref idref="oc-1f8"/>
         </refd_rw_sections>
         <value>4012d0f25be80a5a995208b4a03d05b3</value>
      </object_component>
      <object_component id="oc-398">
         <name>.text.EDMA_isDmaChannelAllocated</name>
         <load_address>0x70045130</load_address>
         <readonly>true</readonly>
         <executable>true</executable>
         <run_address>0x70045130</run_address>
         <size>0x13a</size>
         <alignment>0x10</alignment>
         <input_file_ref idref="fl-4a"/>
         <refd_ro_sections>
            <object_component_ref idref="oc-3a8"/>
            <object_component_ref idref="oc-3ad"/>
            <object_component_ref idref="oc-38d"/>
            <object_component_ref idref="oc-3ab"/>
            <object_component_ref idref="oc-37c"/>
            <object_component_ref idref="oc-37b"/>
            <object_component_ref idref="oc-3ac"/>
            <object_component_ref idref="oc-ef"/>
         </refd_ro_sections>
         <value>5480a705c4ae0bcf23bc2efcd4ae43bc</value>
      </object_component>
      <object_component id="oc-266">
         <name>.text.MCAN_readMsgRam</name>
         <load_address>0x70045270</load_address>
         <readonly>true</readonly>
         <executable>true</executable>
         <run_address>0x70045270</run_address>
         <size>0x138</size>
         <alignment>0x10</alignment>
         <input_file_ref idref="fl-42"/>
         <refd_ro_sections>
            <object_component_ref idref="oc-2c5"/>
            <object_component_ref idref="oc-2c4"/>
            <object_component_ref idref="oc-2bf"/>
            <object_component_ref idref="oc-2c6"/>
         </refd_ro_sections>
         <value>7783ea503853a82fa84835ed65e2106d</value>
      </object_component>
      <object_component id="oc-26c">
         <name>.text._ntoa_long_long</name>
         <load_address>0x700453b0</load_address>
         <readonly>true</readonly>
         <executable>true</executable>
         <run_address>0x700453b0</run_address>
         <size>0x138</size>
         <alignment>0x10</alignment>
         <input_file_ref idref="fl-34"/>
         <refd_ro_sections>
            <object_component_ref idref="oc-17b"/>
            <object_component_ref idref="oc-2c8"/>
         </refd_ro_sections>
         <value>53162b10ebc544ac31bcb9704b8001c8</value>
      </object_component>
      <object_component id="oc-169">
         <name>.text.ClockP_init</name>
         <load_address>0x700454f0</load_address>
         <readonly>true</readonly>
         <executable>true</executable>
         <run_address>0x700454f0</run_address>
         <size>0x136</size>
         <alignment>0x10</alignment>
         <input_file_ref idref="fl-2e"/>
         <refd_ro_sections>
            <object_component_ref idref="oc-1ff"/>
            <object_component_ref idref="oc-201"/>
            <object_component_ref idref="oc-203"/>
            <object_component_ref idref="oc-200"/>
            <object_component_ref idref="oc-202"/>
            <object_component_ref idref="oc-204"/>
            <object_component_ref idref="oc-20d"/>
            <object_component_ref idref="oc-206"/>
            <object_component_ref idref="oc-20c"/>
            <object_component_ref idref="oc-20b"/>
            <object_component_ref idref="oc-20e"/>
            <object_component_ref idref="oc-ef"/>
            <object_component_ref idref="oc-68"/>
         </refd_ro_sections>
         <refd_rw_sections>
            <object_component_ref idref="oc-205"/>
            <object_component_ref idref="oc-1fe"/>
         </refd_rw_sections>
         <value>0a6de05e0d3a5096df9fb395b3fbfb05</value>
      </object_component>
      <object_component id="oc-30b">
         <name>.text.UART_procLineStatusErr</name>
         <load_address>0x70045630</load_address>
         <readonly>true</readonly>
         <executable>true</executable>
         <run_address>0x70045630</run_address>
         <size>0x136</size>
         <alignment>0x10</alignment>
         <input_file_ref idref="fl-48"/>
         <refd_ro_sections>
            <object_component_ref idref="oc-34a"/>
            <object_component_ref idref="oc-30c"/>
            <object_component_ref idref="oc-310"/>
            <object_component_ref idref="oc-349"/>
         </refd_ro_sections>
         <value>2d2ce68a9cbc0a2ef9bb6b05364d946d</value>
      </object_component>
      <object_component id="oc-36f">
         <name>.text.EDMA_registerIntr</name>
         <load_address>0x70045770</load_address>
         <readonly>true</readonly>
         <executable>true</executable>
         <run_address>0x70045770</run_address>
         <size>0x134</size>
         <alignment>0x10</alignment>
         <input_file_ref idref="fl-4a"/>
         <refd_ro_sections>
            <object_component_ref idref="oc-38d"/>
            <object_component_ref idref="oc-37c"/>
            <object_component_ref idref="oc-37b"/>
            <object_component_ref idref="oc-38e"/>
            <object_component_ref idref="oc-38f"/>
            <object_component_ref idref="oc-38c"/>
            <object_component_ref idref="oc-ef"/>
            <object_component_ref idref="oc-6e"/>
         </refd_ro_sections>
         <value>b0a7b0424395050bad403a5db147d3c9</value>
      </object_component>
      <object_component id="oc-2b7">
         <name>.text.UART_lld_init</name>
         <load_address>0x700458b0</load_address>
         <readonly>true</readonly>
         <executable>true</executable>
         <run_address>0x700458b0</run_address>
         <size>0x12c</size>
         <alignment>0x10</alignment>
         <input_file_ref idref="fl-48"/>
         <refd_ro_sections>
            <object_component_ref idref="oc-2f7"/>
            <object_component_ref idref="oc-2f9"/>
            <object_component_ref idref="oc-2fc"/>
            <object_component_ref idref="oc-2f8"/>
            <object_component_ref idref="oc-2fb"/>
            <object_component_ref idref="oc-2fe"/>
            <object_component_ref idref="oc-2fa"/>
            <object_component_ref idref="oc-2ff"/>
            <object_component_ref idref="oc-2fd"/>
            <object_component_ref idref="oc-300"/>
            <object_component_ref idref="oc-309"/>
         </refd_ro_sections>
         <value>095fc17f0ed861cf00171d8dcf7085e3</value>
      </object_component>
      <object_component id="oc-168">
         <name>.text.SOC_controlModuleLockMMR</name>
         <load_address>0x700459e0</load_address>
         <readonly>true</readonly>
         <executable>true</executable>
         <run_address>0x700459e0</run_address>
         <size>0x126</size>
         <alignment>0x10</alignment>
         <input_file_ref idref="fl-44"/>
         <refd_ro_sections>
            <object_component_ref idref="oc-1fd"/>
         </refd_ro_sections>
         <value>258181c6763cdc8ee0df32beffffab21</value>
      </object_component>
      <object_component id="oc-2ed">
         <name>.text.SOC_rcmGetPeripheralClockFrequency</name>
         <load_address>0x70045b10</load_address>
         <readonly>true</readonly>
         <executable>true</executable>
         <run_address>0x70045b10</run_address>
         <size>0x120</size>
         <alignment>0x10</alignment>
         <input_file_ref idref="fl-45"/>
         <refd_ro_sections>
            <object_component_ref idref="oc-325"/>
            <object_component_ref idref="oc-294"/>
            <object_component_ref idref="oc-2e7"/>
            <object_component_ref idref="oc-327"/>
            <object_component_ref idref="oc-2e8"/>
            <object_component_ref idref="oc-219"/>
            <object_component_ref idref="oc-295"/>
            <object_component_ref idref="oc-326"/>
            <object_component_ref idref="oc-ef"/>
         </refd_ro_sections>
         <value>65be428e7223a787b33cf0aa4945dc05</value>
      </object_component>
      <object_component id="oc-320">
         <name>.text.DebugP_shmLogWriterPutLine</name>
         <load_address>0x70045c30</load_address>
         <readonly>true</readonly>
         <executable>true</executable>
         <run_address>0x70045c30</run_address>
         <size>0x11c</size>
         <alignment>0x10</alignment>
         <input_file_ref idref="fl-29"/>
         <refd_rw_sections>
            <object_component_ref idref="oc-1f9"/>
         </refd_rw_sections>
         <value>5d4d48bbfc187e91939950792eb997b4</value>
      </object_component>
      <object_component id="oc-38b">
         <name>.text.UART_lld_dmaRead</name>
         <load_address>0x70045d50</load_address>
         <readonly>true</readonly>
         <executable>true</executable>
         <run_address>0x70045d50</run_address>
         <size>0x11c</size>
         <alignment>0x10</alignment>
         <input_file_ref idref="fl-49"/>
         <refd_ro_sections>
            <object_component_ref idref="oc-39e"/>
            <object_component_ref idref="oc-3a1"/>
            <object_component_ref idref="oc-3a0"/>
            <object_component_ref idref="oc-39f"/>
         </refd_ro_sections>
         <value>8d0e4720f1539a61a9692cf01d7f8a90</value>
      </object_component>
      <object_component id="oc-21f">
         <name>.text</name>
         <load_address>0x70045e6c</load_address>
         <readonly>true</readonly>
         <executable>true</executable>
         <run_address>0x70045e6c</run_address>
         <size>0x118</size>
         <alignment>0x4</alignment>
         <input_file_ref idref="fl-10a"/>
         <refd_ro_sections>
            <object_component_ref idref="oc-296"/>
         </refd_ro_sections>
         <value>eaf1edc13536b37e5b03b807401e07f2</value>
      </object_component>
      <object_component id="oc-396">
         <name>.text.EDMA_isTccAllocated</name>
         <load_address>0x70045f90</load_address>
         <readonly>true</readonly>
         <executable>true</executable>
         <run_address>0x70045f90</run_address>
         <size>0x116</size>
         <alignment>0x10</alignment>
         <input_file_ref idref="fl-4a"/>
         <refd_ro_sections>
            <object_component_ref idref="oc-3a8"/>
            <object_component_ref idref="oc-3a9"/>
            <object_component_ref idref="oc-38d"/>
            <object_component_ref idref="oc-37c"/>
            <object_component_ref idref="oc-37b"/>
            <object_component_ref idref="oc-3aa"/>
            <object_component_ref idref="oc-ef"/>
         </refd_ro_sections>
         <value>74211c9aaab0844b97334c90d94a79a7</value>
      </object_component>
      <object_component id="oc-33b">
         <name>.text.UART_divisorLatchWrite</name>
         <load_address>0x700460b0</load_address>
         <readonly>true</readonly>
         <executable>true</executable>
         <run_address>0x700460b0</run_address>
         <size>0x116</size>
         <alignment>0x10</alignment>
         <input_file_ref idref="fl-48"/>
         <refd_ro_sections>
            <object_component_ref idref="oc-34b"/>
            <object_component_ref idref="oc-347"/>
            <object_component_ref idref="oc-34c"/>
            <object_component_ref idref="oc-348"/>
            <object_component_ref idref="oc-318"/>
            <object_component_ref idref="oc-33c"/>
         </refd_ro_sections>
         <value>cb71ebf7dbf4e371deffe603f87fa773</value>
      </object_component>
      <object_component id="oc-26d">
         <name>.text._ntoa_long</name>
         <load_address>0x700461d0</load_address>
         <readonly>true</readonly>
         <executable>true</executable>
         <run_address>0x700461d0</run_address>
         <size>0x114</size>
         <alignment>0x10</alignment>
         <input_file_ref idref="fl-34"/>
         <refd_ro_sections>
            <object_component_ref idref="oc-2c8"/>
         </refd_ro_sections>
         <value>fd410d99ca4b4b028c8771ed616a592f</value>
      </object_component>
      <object_component id="oc-322">
         <name>.text.SOC_rcmADPLLJGetFOut</name>
         <load_address>0x700462f0</load_address>
         <readonly>true</readonly>
         <executable>true</executable>
         <run_address>0x700462f0</run_address>
         <size>0x10e</size>
         <alignment>0x10</alignment>
         <input_file_ref idref="fl-45"/>
         <refd_ro_sections>
            <object_component_ref idref="oc-357"/>
         </refd_ro_sections>
         <value>e29266f19a2e3db88954c9ee94f0c01c</value>
      </object_component>
      <object_component id="oc-1e7">
         <name>.text.IpcNotify_sendMsg</name>
         <load_address>0x70046400</load_address>
         <readonly>true</readonly>
         <executable>true</executable>
         <run_address>0x70046400</run_address>
         <size>0x10a</size>
         <alignment>0x10</alignment>
         <input_file_ref idref="fl-40"/>
         <refd_ro_sections>
            <object_component_ref idref="oc-195"/>
            <object_component_ref idref="oc-19e"/>
            <object_component_ref idref="oc-273"/>
            <object_component_ref idref="oc-274"/>
            <object_component_ref idref="oc-272"/>
            <object_component_ref idref="oc-275"/>
            <object_component_ref idref="oc-271"/>
            <object_component_ref idref="oc-ef"/>
            <object_component_ref idref="oc-6e"/>
         </refd_ro_sections>
         <refd_rw_sections>
            <object_component_ref idref="oc-192"/>
         </refd_rw_sections>
         <value>ec44d1f111b3a97b194fad73e19984ec</value>
      </object_component>
      <object_component id="oc-300">
         <name>.text.UART_configInstance</name>
         <load_address>0x70046510</load_address>
         <readonly>true</readonly>
         <executable>true</executable>
         <run_address>0x70046510</run_address>
         <size>0x104</size>
         <alignment>0x10</alignment>
         <input_file_ref idref="fl-48"/>
         <refd_ro_sections>
            <object_component_ref idref="oc-33f"/>
            <object_component_ref idref="oc-33e"/>
            <object_component_ref idref="oc-33b"/>
            <object_component_ref idref="oc-33a"/>
            <object_component_ref idref="oc-338"/>
            <object_component_ref idref="oc-341"/>
            <object_component_ref idref="oc-340"/>
            <object_component_ref idref="oc-33d"/>
            <object_component_ref idref="oc-318"/>
            <object_component_ref idref="oc-33c"/>
            <object_component_ref idref="oc-337"/>
            <object_component_ref idref="oc-339"/>
         </refd_ro_sections>
         <value>b8c27f074d87130c8bb7e0f24b604ed0</value>
      </object_component>
      <object_component id="oc-2aa">
         <name>.text.SemaphoreP_pend</name>
         <load_address>0x70046620</load_address>
         <readonly>true</readonly>
         <executable>true</executable>
         <run_address>0x70046620</run_address>
         <size>0x102</size>
         <alignment>0x10</alignment>
         <input_file_ref idref="fl-2c"/>
         <refd_ro_sections>
            <object_component_ref idref="oc-2f2"/>
            <object_component_ref idref="oc-2f3"/>
            <object_component_ref idref="oc-2f6"/>
            <object_component_ref idref="oc-2f5"/>
            <object_component_ref idref="oc-2f4"/>
            <object_component_ref idref="oc-6e"/>
         </refd_ro_sections>
         <value>0b1f6c3d77411c1629a4519c95e0be24</value>
      </object_component>
      <object_component id="oc-11b">
         <name>.text.CAN_StartRxInterrupts</name>
         <load_address>0x70046730</load_address>
         <readonly>true</readonly>
         <executable>true</executable>
         <run_address>0x70046730</run_address>
         <size>0xf0</size>
         <alignment>0x10</alignment>
         <input_file_ref idref="fl-1"/>
         <refd_ro_sections>
            <object_component_ref idref="oc-1d9"/>
            <object_component_ref idref="oc-1d7"/>
[...]
         <function>true</function>
         <callees>
            <symbol_ref idref="sm-39a"/>
            <symbol_ref idref="sm-39e"/>
            <symbol_ref idref="sm-222"/>
         </callees>
      </symbol>
      <symbol id="sm-727">
         <name></name>
         <value>0x70052f90</value>
         <object_component_ref idref="oc-ad"/>
         <local>true</local>
      </symbol>
      <symbol id="sm-728">
         <name>$a.2</name>
         <value>0x70052f90</value>
         <object_component_ref idref="oc-ad"/>
         <local>true</local>
      </symbol>
      <symbol id="sm-729">
         <name></name>
         <value>0x0</value>
         <object_component_ref idref="oc-b3"/>
         <local>true</local>
      </symbol>
      <symbol id="sm-72a">
         <name></name>
         <value>0x2daa</value>
         <object_component_ref idref="oc-147"/>
         <local>true</local>
      </symbol>
      <symbol id="sm-72b">
         <name></name>
         <value>0x1598</value>
         <object_component_ref idref="oc-b0"/>
         <local>true</local>
      </symbol>
      <symbol id="sm-72c">
         <name></name>
         <value>0x1e9c6</value>
         <object_component_ref idref="oc-148"/>
         <local>true</local>
      </symbol>
      <symbol id="sm-72d">
         <name></name>
         <value>0x4ae0</value>
         <object_component_ref idref="oc-af"/>
         <local>true</local>
      </symbol>
      <symbol id="sm-72e">
         <name></name>
         <value>0x178a6</value>
         <object_component_ref idref="oc-b1"/>
         <local>true</local>
      </symbol>
      <symbol id="sm-72f">
         <name>abort</name>
         <value>0x70052f90</value>
         <object_component_ref idref="oc-ad"/>
         <function>true</function>
         <callees>
            <symbol_ref idref="sm-744"/>
         </callees>
      </symbol>
      <symbol id="sm-732">
         <name></name>
         <value>0x70049914</value>
         <object_component_ref idref="oc-86"/>
         <local>true</local>
      </symbol>
      <symbol id="sm-733">
         <name>$a.6</name>
         <value>0x70049914</value>
         <object_component_ref idref="oc-86"/>
         <local>true</local>
      </symbol>
      <symbol id="sm-734">
         <name>$d.7</name>
         <value>0x70049958</value>
         <object_component_ref idref="oc-86"/>
         <local>true</local>
      </symbol>
      <symbol id="sm-735">
         <name></name>
         <value>0x26</value>
         <object_component_ref idref="oc-87"/>
         <local>true</local>
      </symbol>
      <symbol id="sm-736">
         <name></name>
         <value>0x2e42</value>
         <object_component_ref idref="oc-cd"/>
         <local>true</local>
      </symbol>
      <symbol id="sm-737">
         <name></name>
         <value>0x15b0</value>
         <object_component_ref idref="oc-88"/>
         <local>true</local>
      </symbol>
      <symbol id="sm-738">
         <name></name>
         <value>0x1eb07</value>
         <object_component_ref idref="oc-ce"/>
         <local>true</local>
      </symbol>
      <symbol id="sm-739">
         <name></name>
         <value>0x4b10</value>
         <object_component_ref idref="oc-89"/>
         <local>true</local>
      </symbol>
      <symbol id="sm-73a">
         <name></name>
         <value>0x1790c</value>
         <object_component_ref idref="oc-8b"/>
         <local>true</local>
      </symbol>
      <symbol id="sm-73b">
         <name>__TI_auto_init_nobinit_nopinit</name>
         <value>0x70049914</value>
         <object_component_ref idref="oc-86"/>
         <function>true</function>
      </symbol>
      <symbol id="sm-73e">
         <name></name>
         <value>0x700410b8</value>
         <object_component_ref idref="oc-143"/>
         <local>true</local>
      </symbol>
      <symbol id="sm-73f">
         <name>$a.0</name>
         <value>0x700410b8</value>
         <object_component_ref idref="oc-143"/>
         <local>true</local>
      </symbol>
      <symbol id="sm-740">
         <name></name>
         <value>0x2fd0</value>
         <object_component_ref idref="oc-1ec"/>
         <local>true</local>
      </symbol>
      <symbol id="sm-741">
         <name></name>
         <value>0x1ee2f</value>
         <object_component_ref idref="oc-1ed"/>
         <local>true</local>
      </symbol>
      <symbol id="sm-742">
         <name></name>
         <value>0x4c10</value>
         <object_component_ref idref="oc-146"/>
         <local>true</local>
      </symbol>
      <symbol id="sm-743">
         <name></name>
         <value>0x17e67</value>
         <object_component_ref idref="oc-145"/>
         <local>true</local>
      </symbol>
      <symbol id="sm-744">
         <name>HOSTexit</name>
         <value>0x700410b8</value>
         <object_component_ref idref="oc-143"/>
         <function>true</function>
      </symbol>
      <symbol id="sm-745">
         <name>C$$EXIT</name>
         <value>0x700410b8</value>
         <object_component_ref idref="oc-143"/>
      </symbol>
      <symbol id="sm-746">
         <name></name>
         <value>0x700416fc</value>
         <object_component_ref idref="oc-159"/>
         <local>true</local>
      </symbol>
      <symbol id="sm-747">
         <name>$a.0</name>
         <value>0x700416fc</value>
         <object_component_ref idref="oc-159"/>
         <local>true</local>
      </symbol>
      <symbol id="sm-748">
         <name></name>
         <value>0x27ef0</value>
         <object_component_ref idref="oc-15b"/>
         <local>true</local>
      </symbol>
      <symbol id="sm-749">
         <name></name>
         <value>0x2ffc</value>
         <object_component_ref idref="oc-1f6"/>
         <local>true</local>
      </symbol>
      <symbol id="sm-74a">
         <name></name>
         <value>0x17ea8</value>
         <object_component_ref idref="oc-15a"/>
         <local>true</local>
      </symbol>
      <symbol id="sm-74b">
         <name>__aeabi_memcpy</name>
         <value>0x700416fc</value>
         <object_component_ref idref="oc-159"/>
         <function>true</function>
         <callees>
            <symbol_ref idref="sm-774"/>
         </callees>
      </symbol>
      <symbol id="sm-74c">
         <name>__aeabi_memcpy4</name>
         <value>0x700416fc</value>
         <object_component_ref idref="oc-159"/>
         <function>true</function>
         <callees>
            <symbol_ref idref="sm-774"/>
         </callees>
      </symbol>
      <symbol id="sm-74d">
         <name>__aeabi_memcpy8</name>
         <value>0x700416fc</value>
         <object_component_ref idref="oc-159"/>
         <function>true</function>
         <callees>
            <symbol_ref idref="sm-774"/>
         </callees>
      </symbol>
      <symbol id="sm-74e">
         <name></name>
         <value>0x70040a34</value>
         <object_component_ref idref="oc-7f"/>
         <local>true</local>
      </symbol>
      <symbol id="sm-74f">
         <name>$a.1</name>
         <value>0x70040a34</value>
         <object_component_ref idref="oc-7f"/>
         <local>true</local>
      </symbol>
      <symbol id="sm-750">
         <name></name>
         <value>0x2807d</value>
         <object_component_ref idref="oc-83"/>
         <local>true</local>
      </symbol>
      <symbol id="sm-751">
         <name></name>
         <value>0x3023</value>
         <object_component_ref idref="oc-cc"/>
         <local>true</local>
      </symbol>
      <symbol id="sm-752">
         <name></name>
         <value>0x1728</value>
         <object_component_ref idref="oc-82"/>
         <local>true</local>
      </symbol>
      <symbol id="sm-753">
         <name></name>
         <value>0x17f43</value>
         <object_component_ref idref="oc-80"/>
         <local>true</local>
      </symbol>
      <symbol id="sm-754">
         <name>__aeabi_memclr</name>
         <value>0x70040a34</value>
         <object_component_ref idref="oc-7f"/>
         <function>true</function>
         <callees>
            <symbol_ref idref="sm-77c"/>
         </callees>
      </symbol>
      <symbol id="sm-755">
         <name>__aeabi_memclr4</name>
         <value>0x70040a34</value>
         <object_component_ref idref="oc-7f"/>
         <function>true</function>
         <callees>
            <symbol_ref idref="sm-77c"/>
         </callees>
      </symbol>
      <symbol id="sm-756">
         <name>__aeabi_memclr8</name>
         <value>0x70040a34</value>
         <object_component_ref idref="oc-7f"/>
         <function>true</function>
         <callees>
            <symbol_ref idref="sm-77c"/>
         </callees>
      </symbol>
      <symbol id="sm-757">
         <name></name>
         <value>0x7004ae34</value>
         <object_component_ref idref="oc-17b"/>
         <local>true</local>
      </symbol>
      <symbol id="sm-758">
         <name>$a.0</name>
         <value>0x7004ae34</value>
         <object_component_ref idref="oc-17b"/>
         <local>true</local>
      </symbol>
      <symbol id="sm-759">
         <name></name>
         <value>0x28226</value>
         <object_component_ref idref="oc-17c"/>
         <local>true</local>
      </symbol>
      <symbol id="sm-75a">
         <name></name>
         <value>0x3048</value>
         <object_component_ref idref="oc-223"/>
         <local>true</local>
      </symbol>
      <symbol id="sm-75b">
         <name></name>
         <value>0x17ff2</value>
         <object_component_ref idref="oc-17e"/>
         <local>true</local>
      </symbol>
      <symbol id="sm-75c">
         <name>__aeabi_uldivmod</name>
         <value>0x7004ae34</value>
         <object_component_ref idref="oc-17b"/>
         <function>true</function>
         <callees>
            <symbol_ref idref="sm-762"/>
         </callees>
      </symbol>
      <symbol id="sm-75d">
         <name></name>
         <value>0x70045e6c</value>
         <object_component_ref idref="oc-21f"/>
         <local>true</local>
      </symbol>
      <symbol id="sm-75e">
         <name>$a.0</name>
         <value>0x70045e6c</value>
         <object_component_ref idref="oc-21f"/>
         <local>true</local>
      </symbol>
      <symbol id="sm-75f">
         <name></name>
         <value>0x283b7</value>
         <object_component_ref idref="oc-222"/>
         <local>true</local>
      </symbol>
      <symbol id="sm-760">
         <name></name>
         <value>0x306f</value>
         <object_component_ref idref="oc-29c"/>
         <local>true</local>
      </symbol>
      <symbol id="sm-761">
         <name></name>
         <value>0x18099</value>
         <object_component_ref idref="oc-220"/>
         <local>true</local>
      </symbol>
      <symbol id="sm-762">
         <name>__udivmoddi4</name>
         <value>0x70045e6c</value>
         <object_component_ref idref="oc-21f"/>
         <function>true</function>
         <callees>
            <symbol_ref idref="sm-76c"/>
         </callees>
      </symbol>
      <symbol id="sm-764">
         <name></name>
         <value>0x700416f8</value>
         <object_component_ref idref="oc-296"/>
         <local>true</local>
      </symbol>
      <symbol id="sm-765">
         <name>$a.1</name>
         <value>0x700416f8</value>
         <object_component_ref idref="oc-296"/>
         <local>true</local>
      </symbol>
      <symbol id="sm-766">
         <name></name>
         <value>0x31a</value>
         <object_component_ref idref="oc-299"/>
         <local>true</local>
      </symbol>
      <symbol id="sm-767">
         <name></name>
         <value>0x3096</value>
         <object_component_ref idref="oc-2ea"/>
         <local>true</local>
      </symbol>
      <symbol id="sm-768">
         <name></name>
         <value>0x1750</value>
         <object_component_ref idref="oc-298"/>
         <local>true</local>
      </symbol>
      <symbol id="sm-769">
         <name></name>
         <value>0x1ef11</value>
         <object_component_ref idref="oc-2eb"/>
         <local>true</local>
      </symbol>
      <symbol id="sm-76a">
         <name></name>
         <value>0x4c30</value>
         <object_component_ref idref="oc-297"/>
         <local>true</local>
      </symbol>
      <symbol id="sm-76b">
         <name></name>
         <value>0x18181</value>
         <object_component_ref idref="oc-29b"/>
         <local>true</local>
      </symbol>
      <symbol id="sm-76c">
         <name>__aeabi_ldiv0</name>
         <value>0x700416f8</value>
         <object_component_ref idref="oc-296"/>
         <function>true</function>
      </symbol>
      <symbol id="sm-76d">
         <name></name>
         <value>0x7004b07c</value>
         <object_component_ref idref="oc-276"/>
         <local>true</local>
      </symbol>
      <symbol id="sm-76e">
         <name>$a.1</name>
         <value>0x7004b07c</value>
         <object_component_ref idref="oc-276"/>
         <local>true</local>
      </symbol>
      <symbol id="sm-76f">
         <name>_loop</name>
         <value>0x7004b080</value>
         <object_component_ref idref="oc-276"/>
         <local>true</local>
      </symbol>
      <symbol id="sm-770">
         <name></name>
         <value>0x285c5</value>
         <object_component_ref idref="oc-278"/>
         <local>true</local>
      </symbol>
      <symbol id="sm-771">
         <name></name>
         <value>0x30ef</value>
         <object_component_ref idref="oc-2d0"/>
         <local>true</local>
      </symbol>
      <symbol id="sm-772">
         <name></name>
         <value>0x1768</value>
         <object_component_ref idref="oc-279"/>
         <local>true</local>
      </symbol>
      <symbol id="sm-773">
         <name></name>
         <value>0x1822f</value>
         <object_component_ref idref="oc-27a"/>
         <local>true</local>
      </symbol>
      <symbol id="sm-774">
         <name>TI_memcpy_small</name>
         <value>0x7004b07c</value>
         <object_component_ref idref="oc-276"/>
         <function>true</function>
      </symbol>
      <symbol id="sm-775">
         <name></name>
         <value>0x7004b218</value>
         <object_component_ref idref="oc-153"/>
         <local>true</local>
      </symbol>
      <symbol id="sm-776">
         <name>$a.1</name>
         <value>0x7004b218</value>
         <object_component_ref idref="oc-153"/>
         <local>true</local>
      </symbol>
      <symbol id="sm-777">
         <name>_loop</name>
         <value>0x7004b21c</value>
         <object_component_ref idref="oc-153"/>
         <local>true</local>
      </symbol>
      <symbol id="sm-778">
         <name></name>
         <value>0x2886e</value>
         <object_component_ref idref="oc-155"/>
         <local>true</local>
      </symbol>
      <symbol id="sm-779">
         <name></name>
         <value>0x3114</value>
         <object_component_ref idref="oc-1f4"/>
         <local>true</local>
      </symbol>
      <symbol id="sm-77a">
         <name></name>
         <value>0x1790</value>
         <object_component_ref idref="oc-154"/>
         <local>true</local>
      </symbol>
      <symbol id="sm-77b">
         <name></name>
         <value>0x182e0</value>
         <object_component_ref idref="oc-157"/>
         <local>true</local>
      </symbol>
      <symbol id="sm-77c">
         <name>TI_memset_small</name>
         <value>0x7004b218</value>
         <object_component_ref idref="oc-153"/>
         <function>true</function>
      </symbol>
      <symbol id="sm-77f">
         <name></name>
         <value>0x7004ac30</value>
         <object_component_ref idref="oc-3b0"/>
         <local>true</local>
      </symbol>
      <symbol id="sm-780">
         <name>$t.0</name>
         <value>0x7004ac30</value>
         <object_component_ref idref="oc-3b0"/>
         <local>true</local>
      </symbol>
      <symbol id="sm-781">
         <name></name>
         <value>0x3139</value>
         <object_component_ref idref="oc-3c0"/>
         <local>true</local>
      </symbol>
      <symbol id="sm-782">
         <name></name>
         <value>0x17b8</value>
         <object_component_ref idref="oc-3b1"/>
         <local>true</local>
      </symbol>
      <symbol id="sm-783">
         <name></name>
         <value>0x1f098</value>
         <object_component_ref idref="oc-3c1"/>
         <local>true</local>
      </symbol>
      <symbol id="sm-784">
         <name></name>
         <value>0x4c60</value>
         <object_component_ref idref="oc-3b2"/>
         <local>true</local>
      </symbol>
      <symbol id="sm-785">
         <name></name>
         <value>0x18356</value>
         <object_component_ref idref="oc-3b3"/>
         <local>true</local>
      </symbol>
      <symbol id="sm-786">
         <name>CSL_armR5GetCpuID</name>
         <value>0x7004ac31</value>
         <object_component_ref idref="oc-3b0"/>
         <function>true</function>
         <callees>
            <symbol_ref idref="sm-794"/>
         </callees>
      </symbol>
      <symbol id="sm-788">
         <name></name>
         <value>0x7004b5e0</value>
         <object_component_ref idref="oc-350"/>
         <local>true</local>
      </symbol>
      <symbol id="sm-789">
         <name>$t.0</name>
         <value>0x7004b5e0</value>
         <object_component_ref idref="oc-350"/>
         <local>true</local>
      </symbol>
      <symbol id="sm-78a">
         <name></name>
         <value>0x31e2</value>
         <object_component_ref idref="oc-377"/>
         <local>true</local>
      </symbol>
      <symbol id="sm-78b">
         <name></name>
         <value>0x1f1eb</value>
         <object_component_ref idref="oc-378"/>
         <local>true</local>
      </symbol>
      <symbol id="sm-78c">
         <name></name>
         <value>0x4c9c</value>
         <object_component_ref idref="oc-353"/>
         <local>true</local>
      </symbol>
      <symbol id="sm-78d">
         <name></name>
         <value>0x184cc</value>
         <object_component_ref idref="oc-352"/>
         <local>true</local>
      </symbol>
      <symbol id="sm-78e">
         <name>TaskP_yield</name>
         <value>0x7004b5e1</value>
         <object_component_ref idref="oc-350"/>
         <function>true</function>
      </symbol>
      <symbol id="sm-78f">
         <name></name>
         <value>0x70041ce4</value>
         <object_component_ref idref="oc-3bc"/>
         <local>true</local>
      </symbol>
      <symbol id="sm-790">
         <name>$a.0</name>
         <value>0x70041ce4</value>
         <object_component_ref idref="oc-3bc"/>
         <local>true</local>
      </symbol>
      <symbol id="sm-791">
         <name></name>
         <value>0x28b5a</value>
         <object_component_ref idref="oc-3bf"/>
         <local>true</local>
      </symbol>
      <symbol id="sm-792">
         <name></name>
         <value>0x320e</value>
         <object_component_ref idref="oc-3c3"/>
         <local>true</local>
      </symbol>
      <symbol id="sm-793">
         <name></name>
         <value>0x18518</value>
         <object_component_ref idref="oc-3bd"/>
         <local>true</local>
      </symbol>
      <symbol id="sm-794">
         <name>CSL_armR5ReadMpidrReg</name>
         <value>0x70041ce4</value>
         <object_component_ref idref="oc-3bc"/>
         <function>true</function>
      </symbol>
      <symbol id="sm-795">
         <name>_system_post_cinit</name>
         <value>0x0</value>
      </symbol>
      <symbol id="sm-796">
         <name>__TI_Handler_Table_Limit</name>
         <value>0x0</value>
      </symbol>
      <symbol id="sm-797">
         <name>__TI_Handler_Table_Base</name>
         <value>0x0</value>
      </symbol>
      <symbol id="sm-798">
         <name>__TI_CINIT_Base</name>
         <value>0x0</value>
      </symbol>
      <symbol id="sm-799">
         <name>__TI_CINIT_Limit</name>
         <value>0x0</value>
      </symbol>
   </symbol_table>
   <title>Link successful</title>
</link_info>
