<?xml version="1.0" encoding="ISO-8859-1" ?>
<link_info>
   <banner>TI ARM Clang Linker PC v4.0.4.LTS</banner>
   <copyright>Copyright (c) 1996-2018 Texas Instruments Incorporated</copyright>
   <command_line>C:\ti\ccs2031\ccs\tools\compiler\ti-cgt-armllvm_4.0.4.LTS\bin\tiarmlnk -IC:\ti\ccs2031\ccs\tools\compiler\ti-cgt-armllvm_4.0.4.LTS\lib -o ccu_ti_multi_core_realtime.out -mipc_spinlock_sharedmem.Debug.map -iC:/ti/mcu_plus_sdk_am263px_11_01_00_19/source/kernel/nortos/lib -iC:/ti/mcu_plus_sdk_am263px_11_01_00_19/source/drivers/lib -iC:/ti/mcu_plus_sdk_am263px_11_01_00_19/source/board/lib -iC:/ti/ccs2031/ccs/tools/compiler/ti-cgt-armllvm_4.0.4.LTS/lib --reread_libs --diag_suppress=10063 --diag_wrap=off --display_error_number --warn_sections --gen_xml_func_hash --xml_link_info=ccu_ti_multi_core_realtime_linkInfo.xml --ram_model ./can_interface.o ./syscfg/ti_dpl_config.o ./syscfg/ti_drivers_config.o ./syscfg/ti_drivers_open_close.o ./syscfg/ti_pinmux_config.o ./syscfg/ti_power_clock_config.o ./syscfg/ti_board_config.o ./syscfg/ti_board_open_close.o ./syscfg/ti_enet_config.o ./syscfg/ti_enet_init.o ./syscfg/ti_enet_dma_init.o ./syscfg/ti_enet_open_close.o ./syscfg/ti_enet_soc.o ./syscfg/ti_enet_lwipif.o ./syscfg/ti_sdl_config.o ./gateway_shared.o ./ipc_spinlock_sharedmem.o ./main.o ./motor_mapping.o -lsyscfg/linker.cmd -lnortos.am263px.r5f.ti-arm-clang.debug.lib -ldrivers.am263px.r5f.ti-arm-clang.nortos.debug.lib -lboard.am263px.r5f.ti-arm-clang.nortos.debug.lib -llibc.a -llibsysbm.a --start-group -llibc++.a -llibc++abi.a -llibc.a -llibsys.a -llibsysbm.a -llibclang_rt.builtins.a -llibclang_rt.profile.a --end-group</command_line>
   <link_time>0x69c0bc98</link_time>
   <link_errors>0x0</link_errors>
   <output_file>D:\VinDynamics\Project\CCU_TI_RS485_CAN\2.Firmware\ccu_ti_mutilcore\ccu_ti_multi_core_realtime\Debug\ccu_ti_multi_core_realtime.out</output_file>
   <entry_point>
      <name>_vectors</name>
      <address>0x0</address>
   </entry_point>
   <input_file_list>
      <input_file id="fl-1">
         <path>D:\VinDynamics\Project\CCU_TI_RS485_CAN\2.Firmware\ccu_ti_mutilcore\ccu_ti_multi_core_realtime\Debug\.\</path>
         <kind>object</kind>
         <file>can_interface.o</file>
         <name>can_interface.o</name>
      </input_file>
      <input_file id="fl-2">
         <path>D:\VinDynamics\Project\CCU_TI_RS485_CAN\2.Firmware\ccu_ti_mutilcore\ccu_ti_multi_core_realtime\Debug\.\syscfg\</path>
         <kind>object</kind>
         <file>ti_dpl_config.o</file>
         <name>ti_dpl_config.o</name>
      </input_file>
      <input_file id="fl-3">
         <path>D:\VinDynamics\Project\CCU_TI_RS485_CAN\2.Firmware\ccu_ti_mutilcore\ccu_ti_multi_core_realtime\Debug\.\syscfg\</path>
         <kind>object</kind>
         <file>ti_drivers_config.o</file>
         <name>ti_drivers_config.o</name>
      </input_file>
      <input_file id="fl-4">
         <path>D:\VinDynamics\Project\CCU_TI_RS485_CAN\2.Firmware\ccu_ti_mutilcore\ccu_ti_multi_core_realtime\Debug\.\syscfg\</path>
         <kind>object</kind>
         <file>ti_drivers_open_close.o</file>
         <name>ti_drivers_open_close.o</name>
      </input_file>
      <input_file id="fl-5">
         <path>D:\VinDynamics\Project\CCU_TI_RS485_CAN\2.Firmware\ccu_ti_mutilcore\ccu_ti_multi_core_realtime\Debug\.\syscfg\</path>
         <kind>object</kind>
         <file>ti_pinmux_config.o</file>
         <name>ti_pinmux_config.o</name>
      </input_file>
      <input_file id="fl-6">
         <path>D:\VinDynamics\Project\CCU_TI_RS485_CAN\2.Firmware\ccu_ti_mutilcore\ccu_ti_multi_core_realtime\Debug\.\syscfg\</path>
         <kind>object</kind>
         <file>ti_power_clock_config.o</file>
         <name>ti_power_clock_config.o</name>
      </input_file>
      <input_file id="fl-7">
         <path>D:\VinDynamics\Project\CCU_TI_RS485_CAN\2.Firmware\ccu_ti_mutilcore\ccu_ti_multi_core_realtime\Debug\.\syscfg\</path>
         <kind>object</kind>
         <file>ti_board_config.o</file>
         <name>ti_board_config.o</name>
      </input_file>
      <input_file id="fl-8">
         <path>D:\VinDynamics\Project\CCU_TI_RS485_CAN\2.Firmware\ccu_ti_mutilcore\ccu_ti_multi_core_realtime\Debug\.\syscfg\</path>
         <kind>object</kind>
         <file>ti_board_open_close.o</file>
         <name>ti_board_open_close.o</name>
      </input_file>
      <input_file id="fl-9">
         <path>D:\VinDynamics\Project\CCU_TI_RS485_CAN\2.Firmware\ccu_ti_mutilcore\ccu_ti_multi_core_realtime\Debug\.\syscfg\</path>
         <kind>object</kind>
         <file>ti_enet_config.o</file>
         <name>ti_enet_config.o</name>
      </input_file>
      <input_file id="fl-a">
         <path>D:\VinDynamics\Project\CCU_TI_RS485_CAN\2.Firmware\ccu_ti_mutilcore\ccu_ti_multi_core_realtime\Debug\.\syscfg\</path>
         <kind>object</kind>
         <file>ti_enet_init.o</file>
         <name>ti_enet_init.o</name>
      </input_file>
      <input_file id="fl-b">
         <path>D:\VinDynamics\Project\CCU_TI_RS485_CAN\2.Firmware\ccu_ti_mutilcore\ccu_ti_multi_core_realtime\Debug\.\syscfg\</path>
         <kind>object</kind>
         <file>ti_enet_dma_init.o</file>
         <name>ti_enet_dma_init.o</name>
      </input_file>
      <input_file id="fl-c">
         <path>D:\VinDynamics\Project\CCU_TI_RS485_CAN\2.Firmware\ccu_ti_mutilcore\ccu_ti_multi_core_realtime\Debug\.\syscfg\</path>
         <kind>object</kind>
         <file>ti_enet_open_close.o</file>
         <name>ti_enet_open_close.o</name>
      </input_file>
      <input_file id="fl-d">
         <path>D:\VinDynamics\Project\CCU_TI_RS485_CAN\2.Firmware\ccu_ti_mutilcore\ccu_ti_multi_core_realtime\Debug\.\syscfg\</path>
         <kind>object</kind>
         <file>ti_enet_soc.o</file>
         <name>ti_enet_soc.o</name>
      </input_file>
      <input_file id="fl-e">
         <path>D:\VinDynamics\Project\CCU_TI_RS485_CAN\2.Firmware\ccu_ti_mutilcore\ccu_ti_multi_core_realtime\Debug\.\syscfg\</path>
         <kind>object</kind>
         <file>ti_enet_lwipif.o</file>
         <name>ti_enet_lwipif.o</name>
      </input_file>
      <input_file id="fl-f">
         <path>D:\VinDynamics\Project\CCU_TI_RS485_CAN\2.Firmware\ccu_ti_mutilcore\ccu_ti_multi_core_realtime\Debug\.\syscfg\</path>
         <kind>object</kind>
         <file>ti_sdl_config.o</file>
         <name>ti_sdl_config.o</name>
      </input_file>
      <input_file id="fl-10">
         <path>D:\VinDynamics\Project\CCU_TI_RS485_CAN\2.Firmware\ccu_ti_mutilcore\ccu_ti_multi_core_realtime\Debug\.\</path>
         <kind>object</kind>
         <file>gateway_shared.o</file>
         <name>gateway_shared.o</name>
      </input_file>
      <input_file id="fl-11">
         <path>D:\VinDynamics\Project\CCU_TI_RS485_CAN\2.Firmware\ccu_ti_mutilcore\ccu_ti_multi_core_realtime\Debug\.\</path>
         <kind>object</kind>
         <file>ipc_spinlock_sharedmem.o</file>
         <name>ipc_spinlock_sharedmem.o</name>
      </input_file>
      <input_file id="fl-12">
         <path>D:\VinDynamics\Project\CCU_TI_RS485_CAN\2.Firmware\ccu_ti_mutilcore\ccu_ti_multi_core_realtime\Debug\.\</path>
         <kind>object</kind>
         <file>main.o</file>
         <name>main.o</name>
      </input_file>
      <input_file id="fl-13">
         <path>D:\VinDynamics\Project\CCU_TI_RS485_CAN\2.Firmware\ccu_ti_mutilcore\ccu_ti_multi_core_realtime\Debug\.\</path>
         <kind>object</kind>
         <file>motor_mapping.o</file>
         <name>motor_mapping.o</name>
      </input_file>
      <input_file id="fl-22">
         <path>D:\VinDynamics\Project\CCU_TI_RS485_CAN\2.Firmware\ccu_ti_mutilcore\ccu_ti_multi_core_realtime\Debug\</path>
         <kind>object</kind>
         <file>&lt;internal&gt;</file>
         <name>&lt;internal&gt;</name>
      </input_file>
      <input_file id="fl-23">
         <path>C:\ti\mcu_plus_sdk_am263px_11_01_00_19\source\kernel\nortos\lib\</path>
         <kind>archive</kind>
         <file>nortos.am263px.r5f.ti-arm-clang.debug.lib</file>
         <name>AddrTranslateP_32bit.obj</name>
      </input_file>
      <input_file id="fl-24">
         <path>C:\ti\mcu_plus_sdk_am263px_11_01_00_19\source\kernel\nortos\lib\</path>
         <kind>archive</kind>
         <file>nortos.am263px.r5f.ti-arm-clang.debug.lib</file>
         <name>DebugP_shmLogWriter.obj</name>
      </input_file>
      <input_file id="fl-25">
         <path>C:\ti\mcu_plus_sdk_am263px_11_01_00_19\source\kernel\nortos\lib\</path>
         <kind>archive</kind>
         <file>nortos.am263px.r5f.ti-arm-clang.debug.lib</file>
         <name>DebugP_log.obj</name>
      </input_file>
      <input_file id="fl-26">
         <path>C:\ti\mcu_plus_sdk_am263px_11_01_00_19\source\kernel\nortos\lib\</path>
         <kind>archive</kind>
         <file>nortos.am263px.r5f.ti-arm-clang.debug.lib</file>
         <name>DebugP_nortos.obj</name>
      </input_file>
      <input_file id="fl-27">
         <path>C:\ti\mcu_plus_sdk_am263px_11_01_00_19\source\kernel\nortos\lib\</path>
         <kind>archive</kind>
         <file>nortos.am263px.r5f.ti-arm-clang.debug.lib</file>
         <name>SemaphoreP_nortos.obj</name>
      </input_file>
      <input_file id="fl-28">
         <path>C:\ti\mcu_plus_sdk_am263px_11_01_00_19\source\kernel\nortos\lib\</path>
         <kind>archive</kind>
         <file>nortos.am263px.r5f.ti-arm-clang.debug.lib</file>
         <name>ClockP_nortos.obj</name>
      </input_file>
      <input_file id="fl-29">
         <path>C:\ti\mcu_plus_sdk_am263px_11_01_00_19\source\kernel\nortos\lib\</path>
         <kind>archive</kind>
         <file>nortos.am263px.r5f.ti-arm-clang.debug.lib</file>
         <name>ClockP_nortos_r5.obj</name>
      </input_file>
      <input_file id="fl-2a">
         <path>C:\ti\mcu_plus_sdk_am263px_11_01_00_19\source\kernel\nortos\lib\</path>
         <kind>archive</kind>
         <file>nortos.am263px.r5f.ti-arm-clang.debug.lib</file>
         <name>TimerP_rti_nortos.obj</name>
      </input_file>
      <input_file id="fl-2b">
         <path>C:\ti\mcu_plus_sdk_am263px_11_01_00_19\source\kernel\nortos\lib\</path>
         <kind>archive</kind>
         <file>nortos.am263px.r5f.ti-arm-clang.debug.lib</file>
         <name>HwiP_armv7r_vim.obj</name>
      </input_file>
      <input_file id="fl-2c">
         <path>C:\ti\mcu_plus_sdk_am263px_11_01_00_19\source\kernel\nortos\lib\</path>
         <kind>archive</kind>
         <file>nortos.am263px.r5f.ti-arm-clang.debug.lib</file>
         <name>HwiP_armv7r_handlers_nortos.obj</name>
      </input_file>
      <input_file id="fl-2d">
         <path>C:\ti\mcu_plus_sdk_am263px_11_01_00_19\source\kernel\nortos\lib\</path>
         <kind>archive</kind>
         <file>nortos.am263px.r5f.ti-arm-clang.debug.lib</file>
         <name>MpuP_armv7r.obj</name>
      </input_file>
      <input_file id="fl-2e">
         <path>C:\ti\mcu_plus_sdk_am263px_11_01_00_19\source\kernel\nortos\lib\</path>
         <kind>archive</kind>
         <file>nortos.am263px.r5f.ti-arm-clang.debug.lib</file>
         <name>CacheP_armv7r.obj</name>
      </input_file>
      <input_file id="fl-2f">
         <path>C:\ti\mcu_plus_sdk_am263px_11_01_00_19\source\kernel\nortos\lib\</path>
         <kind>archive</kind>
         <file>nortos.am263px.r5f.ti-arm-clang.debug.lib</file>
         <name>printf.obj</name>
      </input_file>
      <input_file id="fl-30">
         <path>C:\ti\mcu_plus_sdk_am263px_11_01_00_19\source\kernel\nortos\lib\</path>
         <kind>archive</kind>
         <file>nortos.am263px.r5f.ti-arm-clang.debug.lib</file>
         <name>PmuP_armv7r.obj</name>
      </input_file>
      <input_file id="fl-31">
         <path>C:\ti\mcu_plus_sdk_am263px_11_01_00_19\source\kernel\nortos\lib\</path>
         <kind>archive</kind>
         <file>nortos.am263px.r5f.ti-arm-clang.debug.lib</file>
         <name>HwiP_armv7r_handlers_nortos_asm.obj</name>
      </input_file>
      <input_file id="fl-32">
         <path>C:\ti\mcu_plus_sdk_am263px_11_01_00_19\source\kernel\nortos\lib\</path>
         <kind>archive</kind>
         <file>nortos.am263px.r5f.ti-arm-clang.debug.lib</file>
         <name>HwiP_armv7r_vectors_nortos_asm.obj</name>
      </input_file>
      <input_file id="fl-33">
         <path>C:\ti\mcu_plus_sdk_am263px_11_01_00_19\source\kernel\nortos\lib\</path>
         <kind>archive</kind>
         <file>nortos.am263px.r5f.ti-arm-clang.debug.lib</file>
         <name>boot_armv7r_asm.obj</name>
      </input_file>
      <input_file id="fl-34">
         <path>C:\ti\mcu_plus_sdk_am263px_11_01_00_19\source\kernel\nortos\lib\</path>
         <kind>archive</kind>
         <file>nortos.am263px.r5f.ti-arm-clang.debug.lib</file>
         <name>HwiP_armv7r_asm.obj</name>
      </input_file>
      <input_file id="fl-35">
         <path>C:\ti\mcu_plus_sdk_am263px_11_01_00_19\source\kernel\nortos\lib\</path>
         <kind>archive</kind>
         <file>nortos.am263px.r5f.ti-arm-clang.debug.lib</file>
         <name>MpuP_armv7r_asm.obj</name>
      </input_file>
      <input_file id="fl-36">
         <path>C:\ti\mcu_plus_sdk_am263px_11_01_00_19\source\kernel\nortos\lib\</path>
         <kind>archive</kind>
         <file>nortos.am263px.r5f.ti-arm-clang.debug.lib</file>
         <name>CacheP_armv7r_asm.obj</name>
      </input_file>
      <input_file id="fl-37">
         <path>C:\ti\mcu_plus_sdk_am263px_11_01_00_19\source\kernel\nortos\lib\</path>
         <kind>archive</kind>
         <file>nortos.am263px.r5f.ti-arm-clang.debug.lib</file>
         <name>PmuP_armv7r_asm.obj</name>
      </input_file>
      <input_file id="fl-38">
         <path>C:\ti\mcu_plus_sdk_am263px_11_01_00_19\source\kernel\nortos\lib\</path>
         <kind>archive</kind>
         <file>nortos.am263px.r5f.ti-arm-clang.debug.lib</file>
         <name>boot_armv7r.obj</name>
      </input_file>
      <input_file id="fl-39">
         <path>C:\ti\mcu_plus_sdk_am263px_11_01_00_19\source\kernel\nortos\lib\</path>
         <kind>archive</kind>
         <file>nortos.am263px.r5f.ti-arm-clang.debug.lib</file>
         <name>TimerP_rti_priv.obj</name>
      </input_file>
      <input_file id="fl-3a">
         <path>C:\ti\mcu_plus_sdk_am263px_11_01_00_19\source\drivers\lib\</path>
         <kind>archive</kind>
         <file>drivers.am263px.r5f.ti-arm-clang.nortos.debug.lib</file>
         <name>gpio.obj</name>
      </input_file>
      <input_file id="fl-3b">
         <path>C:\ti\mcu_plus_sdk_am263px_11_01_00_19\source\drivers\lib\</path>
         <kind>archive</kind>
         <file>drivers.am263px.r5f.ti-arm-clang.nortos.debug.lib</file>
         <name>ipc_notify_v1.obj</name>
      </input_file>
      <input_file id="fl-3c">
         <path>C:\ti\mcu_plus_sdk_am263px_11_01_00_19\source\drivers\lib\</path>
         <kind>archive</kind>
         <file>drivers.am263px.r5f.ti-arm-clang.nortos.debug.lib</file>
         <name>ipc_notify_v1_cfg.obj</name>
      </input_file>
      <input_file id="fl-3d">
         <path>C:\ti\mcu_plus_sdk_am263px_11_01_00_19\source\drivers\lib\</path>
         <kind>archive</kind>
         <file>drivers.am263px.r5f.ti-arm-clang.nortos.debug.lib</file>
         <name>mcan.obj</name>
      </input_file>
      <input_file id="fl-3e">
         <path>C:\ti\mcu_plus_sdk_am263px_11_01_00_19\source\drivers\lib\</path>
         <kind>archive</kind>
         <file>drivers.am263px.r5f.ti-arm-clang.nortos.debug.lib</file>
         <name>pinmux.obj</name>
      </input_file>
      <input_file id="fl-3f">
         <path>C:\ti\mcu_plus_sdk_am263px_11_01_00_19\source\drivers\lib\</path>
         <kind>archive</kind>
         <file>drivers.am263px.r5f.ti-arm-clang.nortos.debug.lib</file>
         <name>soc.obj</name>
      </input_file>
      <input_file id="fl-40">
         <path>C:\ti\mcu_plus_sdk_am263px_11_01_00_19\source\drivers\lib\</path>
         <kind>archive</kind>
         <file>drivers.am263px.r5f.ti-arm-clang.nortos.debug.lib</file>
         <name>soc_rcm.obj</name>
      </input_file>
      <input_file id="fl-41">
         <path>C:\ti\mcu_plus_sdk_am263px_11_01_00_19\source\drivers\lib\</path>
         <kind>archive</kind>
         <file>drivers.am263px.r5f.ti-arm-clang.nortos.debug.lib</file>
         <name>spinlock.obj</name>
      </input_file>
      <input_file id="fl-58">
         <path>C:\ti\ccs2031\ccs\tools\compiler\ti-cgt-armllvm_4.0.4.LTS\lib\armv7r-ti-none-eabihf\c\</path>
         <kind>archive</kind>
         <file>libc.a</file>
         <name>exit.c.obj</name>
      </input_file>
      <input_file id="fl-59">
         <path>C:\ti\ccs2031\ccs\tools\compiler\ti-cgt-armllvm_4.0.4.LTS\lib\armv7r-ti-none-eabihf\c\</path>
         <kind>archive</kind>
         <file>libc.a</file>
         <name>_lock.c.obj</name>
      </input_file>
      <input_file id="fl-5a">
         <path>C:\ti\ccs2031\ccs\tools\compiler\ti-cgt-armllvm_4.0.4.LTS\lib\armv7r-ti-none-eabihf\c\</path>
         <kind>archive</kind>
         <file>libc.a</file>
         <name>autoinit.c.obj</name>
      </input_file>
      <input_file id="fl-5b">
         <path>C:\ti\ccs2031\ccs\tools\compiler\ti-cgt-armllvm_4.0.4.LTS\lib\armv7r-ti-none-eabihf\c\</path>
         <kind>archive</kind>
         <file>libc.a</file>
         <name>cpy_tbl.c.obj</name>
      </input_file>
      <input_file id="fl-72">
         <path>C:\ti\ccs2031\ccs\tools\compiler\ti-cgt-armllvm_4.0.4.LTS\lib\armv7r-ti-none-eabihf\c\</path>
         <kind>archive</kind>
         <file>libsysbm.a</file>
         <name>hostexit.c.obj</name>
      </input_file>
      <input_file id="fl-fc">
         <path>C:\ti\ccs2031\ccs\tools\compiler\ti-cgt-armllvm_4.0.4.LTS\lib\armv7r-ti-none-eabihf\</path>
         <kind>archive</kind>
         <file>libclang_rt.builtins.a</file>
         <name>aeabi_memcpy.S.obj</name>
      </input_file>
      <input_file id="fl-fd">
         <path>C:\ti\ccs2031\ccs\tools\compiler\ti-cgt-armllvm_4.0.4.LTS\lib\armv7r-ti-none-eabihf\</path>
         <kind>archive</kind>
         <file>libclang_rt.builtins.a</file>
         <name>aeabi_memset.S.obj</name>
      </input_file>
      <input_file id="fl-fe">
         <path>C:\ti\ccs2031\ccs\tools\compiler\ti-cgt-armllvm_4.0.4.LTS\lib\armv7r-ti-none-eabihf\</path>
         <kind>archive</kind>
         <file>libclang_rt.builtins.a</file>
         <name>aeabi_uldivmod.S.obj</name>
      </input_file>
      <input_file id="fl-ff">
         <path>C:\ti\ccs2031\ccs\tools\compiler\ti-cgt-armllvm_4.0.4.LTS\lib\armv7r-ti-none-eabihf\</path>
         <kind>archive</kind>
         <file>libclang_rt.builtins.a</file>
         <name>udivmoddi4.S.obj</name>
      </input_file>
      <input_file id="fl-100">
         <path>C:\ti\ccs2031\ccs\tools\compiler\ti-cgt-armllvm_4.0.4.LTS\lib\armv7r-ti-none-eabihf\</path>
         <kind>archive</kind>
         <file>libclang_rt.builtins.a</file>
         <name>aeabi_div0.c.obj</name>
      </input_file>
      <input_file id="fl-101">
         <path>C:\ti\ccs2031\ccs\tools\compiler\ti-cgt-armllvm_4.0.4.LTS\lib\armv7r-ti-none-eabihf\c\</path>
         <kind>archive</kind>
         <file>libc.a</file>
         <name>memcpy32.S.obj</name>
      </input_file>
      <input_file id="fl-102">
         <path>C:\ti\ccs2031\ccs\tools\compiler\ti-cgt-armllvm_4.0.4.LTS\lib\armv7r-ti-none-eabihf\c\</path>
         <kind>archive</kind>
         <file>libc.a</file>
         <name>memset32.S.obj</name>
      </input_file>
      <input_file id="fl-103">
         <path>C:\ti\mcu_plus_sdk_am263px_11_01_00_19\source\kernel\nortos\lib\</path>
         <kind>archive</kind>
         <file>nortos.am263px.r5f.ti-arm-clang.debug.lib</file>
         <name>CpuId_armv7r.obj</name>
      </input_file>
      <input_file id="fl-104">
         <path>C:\ti\mcu_plus_sdk_am263px_11_01_00_19\source\kernel\nortos\lib\</path>
         <kind>archive</kind>
         <file>nortos.am263px.r5f.ti-arm-clang.debug.lib</file>
         <name>CpuId_armv7r_asm.obj</name>
      </input_file>
   </input_file_list>
   <object_component_list>
      <object_component id="oc-2a">
         <name>.vectors</name>
         <load_address>0x0</load_address>
         <readonly>true</readonly>
         <executable>true</executable>
         <run_address>0x0</run_address>
         <size>0x40</size>
         <alignment>0x4</alignment>
         <input_file_ref idref="fl-32"/>
         <refd_ro_sections>
            <object_component_ref idref="oc-49"/>
            <object_component_ref idref="oc-51"/>
            <object_component_ref idref="oc-4d"/>
         </refd_ro_sections>
         <value>bffef2be7e91ca2dc0d1710b37945bf4</value>
      </object_component>
      <object_component id="oc-68">
         <name>.text.hwi</name>
         <load_address>0x7008c560</load_address>
         <readonly>true</readonly>
         <executable>true</executable>
         <run_address>0x7008c560</run_address>
         <size>0x6c0</size>
         <alignment>0x10</alignment>
         <input_file_ref idref="fl-2b"/>
         <refd_ro_sections>
            <object_component_ref idref="oc-b4"/>
            <object_component_ref idref="oc-b5"/>
            <object_component_ref idref="oc-6e"/>
            <object_component_ref idref="oc-51"/>
            <object_component_ref idref="oc-4d"/>
         </refd_ro_sections>
         <refd_rw_sections>
            <object_component_ref idref="oc-ba"/>
            <object_component_ref idref="oc-6d"/>
            <object_component_ref idref="oc-72"/>
         </refd_rw_sections>
         <value>bc79eb8268cbea81e3a8ac4deea1c7ce</value>
      </object_component>
      <object_component id="oc-51">
         <name>.text.hwi</name>
         <load_address>0x7008cc20</load_address>
         <readonly>true</readonly>
         <executable>true</executable>
         <run_address>0x7008cc20</run_address>
         <size>0x59a</size>
         <alignment>0x10</alignment>
         <input_file_ref idref="fl-2c"/>
         <refd_ro_sections>
            <object_component_ref idref="oc-6e"/>
            <object_component_ref idref="oc-4d"/>
            <object_component_ref idref="oc-68"/>
         </refd_ro_sections>
         <refd_rw_sections>
            <object_component_ref idref="oc-6d"/>
            <object_component_ref idref="oc-72"/>
         </refd_rw_sections>
         <value>e92d7dae9652c657a7c86df54da7965f</value>
      </object_component>
      <object_component id="oc-4d">
         <name>.text.hwi</name>
         <load_address>0x7008d1bc</load_address>
         <readonly>true</readonly>
         <executable>true</executable>
         <run_address>0x7008d1bc</run_address>
         <size>0x17c</size>
         <alignment>0x4</alignment>
         <input_file_ref idref="fl-31"/>
         <refd_ro_sections>
            <object_component_ref idref="oc-51"/>
         </refd_ro_sections>
         <value>28d20caeba06a9db22180b79932d7705</value>
      </object_component>
      <object_component id="oc-6e">
         <name>.text.hwi</name>
         <load_address>0x7008d338</load_address>
         <readonly>true</readonly>
         <executable>true</executable>
         <run_address>0x7008d338</run_address>
         <size>0x70</size>
         <alignment>0x4</alignment>
         <input_file_ref idref="fl-34"/>
         <value>787d7b637e8a91b15a7ff1700f5395cd</value>
      </object_component>
      <object_component id="oc-c2">
         <name>.text.cache</name>
         <load_address>0x7008d3b0</load_address>
         <readonly>true</readonly>
         <executable>true</executable>
         <run_address>0x7008d3b0</run_address>
         <size>0x340</size>
         <alignment>0x4</alignment>
         <input_file_ref idref="fl-36"/>
         <refd_ro_sections>
            <object_component_ref idref="oc-147"/>
            <object_component_ref idref="oc-148"/>
         </refd_ro_sections>
         <value>28201a9cf2d673acf236201cbf3c08e7</value>
      </object_component>
      <object_component id="oc-79">
         <name>.text.cache</name>
         <load_address>0x7008d6f0</load_address>
         <readonly>true</readonly>
         <executable>true</executable>
         <run_address>0x7008d6f0</run_address>
         <size>0x158</size>
         <alignment>0x10</alignment>
         <input_file_ref idref="fl-2e"/>
         <refd_ro_sections>
            <object_component_ref idref="oc-c6"/>
            <object_component_ref idref="oc-b5"/>
            <object_component_ref idref="oc-c2"/>
            <object_component_ref idref="oc-6e"/>
         </refd_ro_sections>
         <value>8d9773c10e987737f962aa7d8dd27e27</value>
      </object_component>
      <object_component id="oc-75">
         <name>.text.mpu</name>
         <load_address>0x7008d850</load_address>
         <readonly>true</readonly>
         <executable>true</executable>
         <run_address>0x7008d850</run_address>
         <size>0x340</size>
         <alignment>0x10</alignment>
         <input_file_ref idref="fl-2d"/>
         <refd_ro_sections>
            <object_component_ref idref="oc-c6"/>
            <object_component_ref idref="oc-b5"/>
            <object_component_ref idref="oc-79"/>
            <object_component_ref idref="oc-c2"/>
            <object_component_ref idref="oc-6e"/>
            <object_component_ref idref="oc-be"/>
         </refd_ro_sections>
         <value>799f778cd8708d1720133cc67c7cad30</value>
      </object_component>
      <object_component id="oc-be">
         <name>.text.mpu</name>
         <load_address>0x7008db90</load_address>
         <readonly>true</readonly>
         <executable>true</executable>
         <run_address>0x7008db90</run_address>
         <size>0x78</size>
         <alignment>0x4</alignment>
         <input_file_ref idref="fl-35"/>
         <value>81f7fff56ae0fd196005f1def4853920</value>
      </object_component>
      <object_component id="oc-49">
         <name>.text.boot</name>
         <load_address>0x7008dc10</load_address>
         <readonly>true</readonly>
         <executable>true</executable>
         <run_address>0x7008dc10</run_address>
         <size>0x144</size>
         <alignment>0x4</alignment>
         <input_file_ref idref="fl-33"/>
         <refd_ro_sections>
            <object_component_ref idref="oc-5b"/>
            <object_component_ref idref="oc-56"/>
            <object_component_ref idref="oc-60"/>
            <object_component_ref idref="oc-86"/>
            <object_component_ref idref="oc-ad"/>
         </refd_ro_sections>
         <refd_linker_syms>
            <symbol_ref idref="sm-f"/>
            <symbol_ref idref="sm-b"/>
            <symbol_ref idref="sm-9"/>
            <symbol_ref idref="sm-15"/>
            <symbol_ref idref="sm-d"/>
            <symbol_ref idref="sm-11"/>
         </refd_linker_syms>
         <value>3dda733e3a517cbab0fef541a85342e0</value>
      </object_component>
      <object_component id="oc-b5">
         <name>.text.boot</name>
         <load_address>0x7008dd60</load_address>
         <readonly>true</readonly>
         <executable>true</executable>
         <run_address>0x7008dd60</run_address>
         <size>0x24</size>
         <alignment>0x10</alignment>
         <input_file_ref idref="fl-25"/>
         <refd_ro_sections>
            <object_component_ref idref="oc-6e"/>
         </refd_ro_sections>
         <value>b1d5814242b86def8faf5650c8397506</value>
      </object_component>
      <object_component id="oc-5b">
         <name>.text.boot</name>
         <load_address>0x7008dd90</load_address>
         <readonly>true</readonly>
         <executable>true</executable>
         <run_address>0x7008dd90</run_address>
         <size>0x24</size>
         <alignment>0x10</alignment>
         <input_file_ref idref="fl-38"/>
         <refd_ro_sections>
            <object_component_ref idref="oc-7f"/>
         </refd_ro_sections>
         <refd_linker_syms>
            <symbol_ref idref="sm-7"/>
            <symbol_ref idref="sm-6"/>
         </refd_linker_syms>
         <value>90dd8edfb08fd77c281fff2f22b30f4b</value>
      </object_component>
      <object_component id="oc-56">
         <name>.text.boot</name>
         <load_address>0x7008ddc0</load_address>
         <readonly>true</readonly>
         <executable>true</executable>
         <run_address>0x7008ddc0</run_address>
         <size>0xc</size>
         <alignment>0x10</alignment>
         <input_file_ref idref="fl-2"/>
         <of_notshared>true</of_notshared>
         <refd_ro_sections>
            <object_component_ref idref="oc-79"/>
            <object_component_ref idref="oc-75"/>
         </refd_ro_sections>
         <value>54fcc83404954b2af8acc0b8b0baa02e</value>
      </object_component>
      <object_component id="oc-ad">
         <name>.text:abort</name>
         <load_address>0x7008ddd0</load_address>
         <readonly>true</readonly>
         <executable>true</executable>
         <run_address>0x7008ddd0</run_address>
         <size>0x8</size>
         <alignment>0x4</alignment>
         <input_file_ref idref="fl-58"/>
         <refd_ro_sections>
            <object_component_ref idref="oc-13a"/>
         </refd_ro_sections>
         <value>e27b954847891444abf2be07f27b8b79</value>
      </object_component>
      <object_component id="oc-1c8">
         <name>.text._vsnprintf</name>
         <load_address>0x70080000</load_address>
         <readonly>true</readonly>
         <executable>true</executable>
         <run_address>0x70080000</run_address>
         <size>0xa34</size>
         <alignment>0x10</alignment>
         <input_file_ref idref="fl-2f"/>
         <refd_ro_sections>
            <object_component_ref idref="oc-234"/>
            <object_component_ref idref="oc-238"/>
            <object_component_ref idref="oc-237"/>
            <object_component_ref idref="oc-233"/>
            <object_component_ref idref="oc-236"/>
            <object_component_ref idref="oc-235"/>
            <object_component_ref idref="oc-232"/>
            <object_component_ref idref="oc-239"/>
         </refd_ro_sections>
         <value>0b7c305c0331c5915a1ab8de16d384f8</value>
      </object_component>
      <object_component id="oc-7f">
         <name>.text.__aeabi_memclr</name>
         <load_address>0x70080a34</load_address>
         <readonly>true</readonly>
         <executable>true</executable>
         <run_address>0x70080a34</run_address>
         <size>0xc</size>
         <alignment>0x4</alignment>
         <input_file_ref idref="fl-fd"/>
         <refd_ro_sections>
            <object_component_ref idref="oc-14a"/>
         </refd_ro_sections>
         <value>097f89266cf2220c66bffa9b9bd2eaec</value>
      </object_component>
      <object_component id="oc-290">
         <name>.text.SOC_rcmGetClkSrcAndDivReg</name>
         <load_address>0x70080a40</load_address>
         <readonly>true</readonly>
         <executable>true</executable>
         <run_address>0x70080a40</run_address>
         <size>0x678</size>
         <alignment>0x10</alignment>
         <input_file_ref idref="fl-40"/>
         <refd_ro_sections>
            <object_component_ref idref="oc-2b2"/>
            <object_component_ref idref="oc-2b1"/>
            <object_component_ref idref="oc-2b3"/>
            <object_component_ref idref="oc-2b0"/>
            <object_component_ref idref="oc-2b4"/>
            <object_component_ref idref="oc-2ae"/>
            <object_component_ref idref="oc-2aa"/>
            <object_component_ref idref="oc-2af"/>
            <object_component_ref idref="oc-2ab"/>
            <object_component_ref idref="oc-2ac"/>
            <object_component_ref idref="oc-2ad"/>
            <object_component_ref idref="oc-28d"/>
         </refd_ro_sections>
         <value>d3fd3df09a8397cdb804e05512534fa9</value>
      </object_component>
      <object_component id="oc-13a">
         <name>.text.HOSTexit</name>
         <load_address>0x700810b8</load_address>
         <readonly>true</readonly>
         <executable>true</executable>
         <run_address>0x700810b8</run_address>
         <size>0x8</size>
         <alignment>0x4</alignment>
         <input_file_ref idref="fl-72"/>
         <value>a60a8ecca423be723d5fd2b97a6a35d9</value>
      </object_component>
      <object_component id="oc-25d">
         <name>.text.SOC_rcmEnablePeripheralClock</name>
         <load_address>0x700810c0</load_address>
         <readonly>true</readonly>
         <executable>true</executable>
         <run_address>0x700810c0</run_address>
         <size>0x638</size>
         <alignment>0x10</alignment>
         <input_file_ref idref="fl-40"/>
         <refd_ro_sections>
            <object_component_ref idref="oc-28d"/>
         </refd_ro_sections>
         <value>86f0ab9020447970629f38025f4284ef</value>
      </object_component>
      <object_component id="oc-256">
         <name>.text.__aeabi_ldiv0</name>
         <load_address>0x700816f8</load_address>
         <readonly>true</readonly>
         <executable>true</executable>
         <run_address>0x700816f8</run_address>
         <size>0x4</size>
         <alignment>0x4</alignment>
         <input_file_ref idref="fl-100"/>
         <value>12d9a787cb87d113be5692187c7e6eea</value>
      </object_component>
      <object_component id="oc-237">
         <name>.text._ftoa</name>
         <load_address>0x70081700</load_address>
         <readonly>true</readonly>
         <executable>true</executable>
         <run_address>0x70081700</run_address>
         <size>0x5e2</size>
         <alignment>0x10</alignment>
         <input_file_ref idref="fl-2f"/>
         <refd_ro_sections>
            <object_component_ref idref="oc-272"/>
            <object_component_ref idref="oc-26d"/>
            <object_component_ref idref="oc-271"/>
            <object_component_ref idref="oc-26f"/>
            <object_component_ref idref="oc-270"/>
            <object_component_ref idref="oc-238"/>
            <object_component_ref idref="oc-26e"/>
         </refd_ro_sections>
         <value>90e2c23785c1e06562aca8670b472219</value>
      </object_component>
      <object_component id="oc-238">
         <name>.text._etoa</name>
         <load_address>0x70081cf0</load_address>
         <readonly>true</readonly>
         <executable>true</executable>
         <run_address>0x70081cf0</run_address>
         <size>0x4b0</size>
         <alignment>0x10</alignment>
         <input_file_ref idref="fl-2f"/>
         <refd_ro_sections>
            <object_component_ref idref="oc-237"/>
            <object_component_ref idref="oc-236"/>
         </refd_ro_sections>
         <value>0750a43d9f3afe523bcf535adea3057f</value>
      </object_component>
      <object_component id="oc-eb">
         <name>.text.IpcNotify_init</name>
         <load_address>0x700821a0</load_address>
         <readonly>true</readonly>
         <executable>true</executable>
         <run_address>0x700821a0</run_address>
         <size>0x3dc</size>
         <alignment>0x10</alignment>
         <input_file_ref idref="fl-3b"/>
         <refd_ro_sections>
            <object_component_ref idref="oc-192"/>
            <object_component_ref idref="oc-18b"/>
            <object_component_ref idref="oc-194"/>
            <object_component_ref idref="oc-190"/>
            <object_component_ref idref="oc-18e"/>
            <object_component_ref idref="oc-18c"/>
            <object_component_ref idref="oc-18a"/>
            <object_component_ref idref="oc-191"/>
            <object_component_ref idref="oc-18f"/>
            <object_component_ref idref="oc-187"/>
            <object_component_ref idref="oc-189"/>
            <object_component_ref idref="oc-193"/>
            <object_component_ref idref="oc-197"/>
            <object_component_ref idref="oc-196"/>
            <object_component_ref idref="oc-108"/>
            <object_component_ref idref="oc-195"/>
            <object_component_ref idref="oc-18d"/>
            <object_component_ref idref="oc-ef"/>
            <object_component_ref idref="oc-6e"/>
            <object_component_ref idref="oc-68"/>
         </refd_ro_sections>
         <refd_rw_sections>
            <object_component_ref idref="oc-188"/>
            <object_component_ref idref="oc-185"/>
         </refd_rw_sections>
         <value>d68183b1f18fdeca04d9420e82ab499c</value>
      </object_component>
      <object_component id="oc-a4">
         <name>.text.main_loop</name>
         <load_address>0x70082580</load_address>
         <readonly>true</readonly>
         <executable>true</executable>
         <run_address>0x70082580</run_address>
         <size>0x2b6</size>
         <alignment>0x10</alignment>
         <input_file_ref idref="fl-12"/>
         <refd_ro_sections>
            <object_component_ref idref="oc-131"/>
            <object_component_ref idref="oc-133"/>
            <object_component_ref idref="oc-12d"/>
            <object_component_ref idref="oc-136"/>
            <object_component_ref idref="oc-12b"/>
            <object_component_ref idref="oc-135"/>
            <object_component_ref idref="oc-130"/>
            <object_component_ref idref="oc-137"/>
            <object_component_ref idref="oc-122"/>
            <object_component_ref idref="oc-123"/>
            <object_component_ref idref="oc-12e"/>
            <object_component_ref idref="oc-9f"/>
            <object_component_ref idref="oc-12f"/>
            <object_component_ref idref="oc-134"/>
            <object_component_ref idref="oc-126"/>
            <object_component_ref idref="oc-132"/>
         </refd_ro_sections>
         <refd_rw_sections>
            <object_component_ref idref="oc-128"/>
            <object_component_ref idref="oc-125"/>
            <object_component_ref idref="oc-127"/>
            <object_component_ref idref="oc-12c"/>
            <object_component_ref idref="oc-129"/>
            <object_component_ref idref="oc-12a"/>
            <object_component_ref idref="oc-124"/>
         </refd_rw_sections>
         <value>6ebb16916eb849aaa13aa08179901406</value>
      </object_component>
      <object_component id="oc-26c">
         <name>.text._ntoa_format</name>
         <load_address>0x70082840</load_address>
         <readonly>true</readonly>
         <executable>true</executable>
         <run_address>0x70082840</run_address>
         <size>0x23e</size>
         <alignment>0x10</alignment>
         <input_file_ref idref="fl-2f"/>
         <refd_ro_sections>
            <object_component_ref idref="oc-26e"/>
         </refd_ro_sections>
         <value>d5b93a3703599af8ef5f85ef8f9fdb65</value>
      </object_component>
      <object_component id="oc-197">
         <name>.text.IpcNotify_isr</name>
         <load_address>0x70082a80</load_address>
         <readonly>true</readonly>
         <executable>true</executable>
         <run_address>0x70082a80</run_address>
         <size>0x222</size>
         <alignment>0x10</alignment>
         <input_file_ref idref="fl-3b"/>
         <refd_ro_sections>
            <object_component_ref idref="oc-193"/>
            <object_component_ref idref="oc-215"/>
            <object_component_ref idref="oc-213"/>
            <object_component_ref idref="oc-210"/>
            <object_component_ref idref="oc-214"/>
            <object_component_ref idref="oc-216"/>
            <object_component_ref idref="oc-211"/>
            <object_component_ref idref="oc-b5"/>
         </refd_ro_sections>
         <refd_rw_sections>
            <object_component_ref idref="oc-188"/>
         </refd_rw_sections>
         <value>6de745ba569835a80210ddf2073dc07f</value>
      </object_component>
      <object_component id="oc-24e">
         <name>.text.TimerP_setupPriv</name>
         <load_address>0x70082cb0</load_address>
         <readonly>true</readonly>
         <executable>true</executable>
         <run_address>0x70082cb0</run_address>
         <size>0x1d6</size>
         <alignment>0x10</alignment>
         <input_file_ref idref="fl-39"/>
         <refd_ro_sections>
            <object_component_ref idref="oc-282"/>
            <object_component_ref idref="oc-27d"/>
            <object_component_ref idref="oc-280"/>
            <object_component_ref idref="oc-285"/>
            <object_component_ref idref="oc-281"/>
            <object_component_ref idref="oc-27e"/>
            <object_component_ref idref="oc-27f"/>
            <object_component_ref idref="oc-284"/>
            <object_component_ref idref="oc-283"/>
            <object_component_ref idref="oc-ef"/>
            <object_component_ref idref="oc-171"/>
         </refd_ro_sections>
         <value>c43ca0d1f79056182fa384bcef4ed8f3</value>
      </object_component>
      <object_component id="oc-26a">
         <name>.text.MCAN_readMsg</name>
         <load_address>0x70082e90</load_address>
         <readonly>true</readonly>
         <executable>true</executable>
         <run_address>0x70082e90</run_address>
         <size>0x186</size>
         <alignment>0x10</alignment>
         <input_file_ref idref="fl-3d"/>
         <refd_ro_sections>
            <object_component_ref idref="oc-29b"/>
            <object_component_ref idref="oc-264"/>
         </refd_ro_sections>
         <value>aa9eb9f1b2910e6116a131a14db3fa5b</value>
      </object_component>
      <object_component id="oc-9d">
         <name>.text.core1_init</name>
         <load_address>0x70083020</load_address>
         <readonly>true</readonly>
         <executable>true</executable>
         <run_address>0x70083020</run_address>
         <size>0x186</size>
         <alignment>0x10</alignment>
         <input_file_ref idref="fl-12"/>
         <refd_ro_sections>
            <object_component_ref idref="oc-117"/>
            <object_component_ref idref="oc-fe"/>
            <object_component_ref idref="oc-119"/>
            <object_component_ref idref="oc-105"/>
            <object_component_ref idref="oc-10b"/>
            <object_component_ref idref="oc-10a"/>
            <object_component_ref idref="oc-109"/>
            <object_component_ref idref="oc-f4"/>
            <object_component_ref idref="oc-ff"/>
            <object_component_ref idref="oc-f5"/>
            <object_component_ref idref="oc-10d"/>
            <object_component_ref idref="oc-f6"/>
            <object_component_ref idref="oc-fd"/>
            <object_component_ref idref="oc-106"/>
            <object_component_ref idref="oc-118"/>
            <object_component_ref idref="oc-111"/>
            <object_component_ref idref="oc-10f"/>
            <object_component_ref idref="oc-fc"/>
            <object_component_ref idref="oc-112"/>
            <object_component_ref idref="oc-f7"/>
            <object_component_ref idref="oc-108"/>
            <object_component_ref idref="oc-10c"/>
            <object_component_ref idref="oc-ef"/>
            <object_component_ref idref="oc-9f"/>
            <object_component_ref idref="oc-100"/>
            <object_component_ref idref="oc-10e"/>
            <object_component_ref idref="oc-110"/>
            <object_component_ref idref="oc-107"/>
         </refd_ro_sections>
         <value>80b8214d40e9f3bf4b30df857774cc44</value>
      </object_component>
      <object_component id="oc-1bf">
         <name>.text.can_rx_isr</name>
         <load_address>0x700831b0</load_address>
         <readonly>true</readonly>
         <executable>true</executable>
         <run_address>0x700831b0</run_address>
         <size>0x17e</size>
         <alignment>0x10</alignment>
         <input_file_ref idref="fl-1"/>
         <refd_ro_sections>
            <object_component_ref idref="oc-223"/>
            <object_component_ref idref="oc-22a"/>
            <object_component_ref idref="oc-22b"/>
            <object_component_ref idref="oc-229"/>
            <object_component_ref idref="oc-22d"/>
            <object_component_ref idref="oc-224"/>
            <object_component_ref idref="oc-22c"/>
            <object_component_ref idref="oc-22f"/>
            <object_component_ref idref="oc-9f"/>
         </refd_ro_sections>
         <refd_rw_sections>
            <object_component_ref idref="oc-1bd"/>
            <object_component_ref idref="oc-22e"/>
            <object_component_ref idref="oc-230"/>
         </refd_rw_sections>
         <value>3296fad83708e6dc259acd4e299a0325</value>
      </object_component>
      <object_component id="oc-107">
         <name>.text.ipc_notify_callback_fxn</name>
         <load_address>0x70083330</load_address>
         <readonly>true</readonly>
         <executable>true</executable>
         <run_address>0x70083330</run_address>
         <size>0x17a</size>
         <alignment>0x10</alignment>
         <input_file_ref idref="fl-12"/>
         <refd_ro_sections>
            <object_component_ref idref="oc-1a6"/>
            <object_component_ref idref="oc-1ad"/>
            <object_component_ref idref="oc-1ac"/>
            <object_component_ref idref="oc-1af"/>
            <object_component_ref idref="oc-1ab"/>
            <object_component_ref idref="oc-1a8"/>
            <object_component_ref idref="oc-1aa"/>
            <object_component_ref idref="oc-1a9"/>
            <object_component_ref idref="oc-1a5"/>
            <object_component_ref idref="oc-1ae"/>
            <object_component_ref idref="oc-1a7"/>
            <object_component_ref idref="oc-9f"/>
            <object_component_ref idref="oc-1b0"/>
         </refd_ro_sections>
         <refd_rw_sections>
            <object_component_ref idref="oc-1a0"/>
            <object_component_ref idref="oc-128"/>
            <object_component_ref idref="oc-12c"/>
            <object_component_ref idref="oc-129"/>
            <object_component_ref idref="oc-12a"/>
         </refd_rw_sections>
         <value>9cf1ebcaaf42370e548430692538a24c</value>
      </object_component>
      <object_component id="oc-1b0">
         <name>.text.gateway_core1_ipc_callback</name>
         <load_address>0x700834b0</load_address>
         <readonly>true</readonly>
         <executable>true</executable>
         <run_address>0x700834b0</run_address>
         <size>0x164</size>
         <alignment>0x10</alignment>
         <input_file_ref idref="fl-10"/>
         <refd_ro_sections>
            <object_component_ref idref="oc-21e"/>
            <object_component_ref idref="oc-21c"/>
            <object_component_ref idref="oc-21f"/>
            <object_component_ref idref="oc-21a"/>
            <object_component_ref idref="oc-21d"/>
            <object_component_ref idref="oc-9f"/>
            <object_component_ref idref="oc-21b"/>
         </refd_ro_sections>
         <refd_rw_sections>
            <object_component_ref idref="oc-1a0"/>
         </refd_rw_sections>
         <value>f59a768e43955f58cfc8cd88c1a634f3</value>
      </object_component>
      <object_component id="oc-15e">
         <name>.text.SOC_controlModuleUnlockMMR</name>
         <load_address>0x70083620</load_address>
         <readonly>true</readonly>
         <executable>true</executable>
         <run_address>0x70083620</run_address>
         <size>0x158</size>
         <alignment>0x10</alignment>
         <input_file_ref idref="fl-3f"/>
         <refd_ro_sections>
            <object_component_ref idref="oc-1e2"/>
         </refd_ro_sections>
         <value>2073570ccc34710a8964ef595dfbe7dc</value>
      </object_component>
      <object_component id="oc-26b">
         <name>.text.DebugP_shmLogWriterPutChar</name>
         <load_address>0x70083780</load_address>
         <readonly>true</readonly>
         <executable>true</executable>
         <run_address>0x70083780</run_address>
         <size>0x150</size>
         <alignment>0x10</alignment>
         <input_file_ref idref="fl-24"/>
         <refd_ro_sections>
            <object_component_ref idref="oc-29e"/>
            <object_component_ref idref="oc-198"/>
            <object_component_ref idref="oc-2a0"/>
            <object_component_ref idref="oc-171"/>
            <object_component_ref idref="oc-29f"/>
         </refd_ro_sections>
         <refd_rw_sections>
            <object_component_ref idref="oc-29d"/>
            <object_component_ref idref="oc-29c"/>
            <object_component_ref idref="oc-1df"/>
            <object_component_ref idref="oc-1dd"/>
         </refd_rw_sections>
         <value>4012d0f25be80a5a995208b4a03d05b3</value>
      </object_component>
      <object_component id="oc-22f">
         <name>.text.MCAN_readMsgRam</name>
         <load_address>0x700838d0</load_address>
         <readonly>true</readonly>
         <executable>true</executable>
         <run_address>0x700838d0</run_address>
         <size>0x138</size>
         <alignment>0x10</alignment>
         <input_file_ref idref="fl-3d"/>
         <refd_ro_sections>
            <object_component_ref idref="oc-269"/>
            <object_component_ref idref="oc-268"/>
            <object_component_ref idref="oc-263"/>
            <object_component_ref idref="oc-26a"/>
         </refd_ro_sections>
         <value>7783ea503853a82fa84835ed65e2106d</value>
      </object_component>
      <object_component id="oc-235">
         <name>.text._ntoa_long_long</name>
         <load_address>0x70083a10</load_address>
         <readonly>true</readonly>
         <executable>true</executable>
         <run_address>0x70083a10</run_address>
         <size>0x138</size>
         <alignment>0x10</alignment>
         <input_file_ref idref="fl-2f"/>
         <refd_ro_sections>
            <object_component_ref idref="oc-171"/>
            <object_component_ref idref="oc-26c"/>
         </refd_ro_sections>
         <value>53162b10ebc544ac31bcb9704b8001c8</value>
      </object_component>
      <object_component id="oc-160">
         <name>.text.ClockP_init</name>
         <load_address>0x70083b50</load_address>
         <readonly>true</readonly>
         <executable>true</executable>
         <run_address>0x70083b50</run_address>
         <size>0x136</size>
         <alignment>0x10</alignment>
         <input_file_ref idref="fl-29"/>
         <refd_ro_sections>
            <object_component_ref idref="oc-1e4"/>
            <object_component_ref idref="oc-1e6"/>
            <object_component_ref idref="oc-1e8"/>
            <object_component_ref idref="oc-1e5"/>
            <object_component_ref idref="oc-1e7"/>
            <object_component_ref idref="oc-1e9"/>
            <object_component_ref idref="oc-1f2"/>
            <object_component_ref idref="oc-1eb"/>
            <object_component_ref idref="oc-1f1"/>
            <object_component_ref idref="oc-1f0"/>
            <object_component_ref idref="oc-1f3"/>
            <object_component_ref idref="oc-ef"/>
            <object_component_ref idref="oc-68"/>
         </refd_ro_sections>
         <refd_rw_sections>
            <object_component_ref idref="oc-1ea"/>
            <object_component_ref idref="oc-1e3"/>
         </refd_rw_sections>
         <value>0a6de05e0d3a5096df9fb395b3fbfb05</value>
      </object_component>
      <object_component id="oc-15f">
         <name>.text.SOC_controlModuleLockMMR</name>
         <load_address>0x70083c90</load_address>
         <readonly>true</readonly>
         <executable>true</executable>
         <run_address>0x70083c90</run_address>
         <size>0x126</size>
         <alignment>0x10</alignment>
         <input_file_ref idref="fl-3f"/>
         <refd_ro_sections>
            <object_component_ref idref="oc-1e2"/>
         </refd_ro_sections>
         <value>258181c6763cdc8ee0df32beffffab21</value>
      </object_component>
      <object_component id="oc-28e">
         <name>.text.SOC_rcmGetPeripheralClockFrequency</name>
         <load_address>0x70083dc0</load_address>
         <readonly>true</readonly>
         <executable>true</executable>
         <run_address>0x70083dc0</run_address>
         <size>0x120</size>
         <alignment>0x10</alignment>
         <input_file_ref idref="fl-40"/>
         <refd_ro_sections>
            <object_component_ref idref="oc-2a5"/>
            <object_component_ref idref="oc-254"/>
            <object_component_ref idref="oc-288"/>
            <object_component_ref idref="oc-2a7"/>
            <object_component_ref idref="oc-289"/>
            <object_component_ref idref="oc-1f6"/>
            <object_component_ref idref="oc-255"/>
            <object_component_ref idref="oc-2a6"/>
            <object_component_ref idref="oc-ef"/>
         </refd_ro_sections>
         <value>65be428e7223a787b33cf0aa4945dc05</value>
      </object_component>
      <object_component id="oc-2a0">
         <name>.text.DebugP_shmLogWriterPutLine</name>
         <load_address>0x70083ee0</load_address>
         <readonly>true</readonly>
         <executable>true</executable>
         <run_address>0x70083ee0</run_address>
         <size>0x11c</size>
         <alignment>0x10</alignment>
         <input_file_ref idref="fl-24"/>
         <refd_rw_sections>
            <object_component_ref idref="oc-1de"/>
         </refd_rw_sections>
         <value>5d4d48bbfc187e91939950792eb997b4</value>
      </object_component>
      <object_component id="oc-1fc">
         <name>.text</name>
         <load_address>0x70083ffc</load_address>
         <readonly>true</readonly>
         <executable>true</executable>
         <run_address>0x70083ffc</run_address>
         <size>0x118</size>
         <alignment>0x4</alignment>
         <input_file_ref idref="fl-ff"/>
         <refd_ro_sections>
            <object_component_ref idref="oc-256"/>
         </refd_ro_sections>
         <value>eaf1edc13536b37e5b03b807401e07f2</value>
      </object_component>
      <object_component id="oc-236">
         <name>.text._ntoa_long</name>
         <load_address>0x70084120</load_address>
         <readonly>true</readonly>
         <executable>true</executable>
         <run_address>0x70084120</run_address>
         <size>0x114</size>
         <alignment>0x10</alignment>
         <input_file_ref idref="fl-2f"/>
         <refd_ro_sections>
            <object_component_ref idref="oc-26c"/>
         </refd_ro_sections>
         <value>fd410d99ca4b4b028c8771ed616a592f</value>
      </object_component>
      <object_component id="oc-2a2">
         <name>.text.SOC_rcmADPLLJGetFOut</name>
         <load_address>0x70084240</load_address>
         <readonly>true</readonly>
         <executable>true</executable>
         <run_address>0x70084240</run_address>
         <size>0x10e</size>
         <alignment>0x10</alignment>
         <input_file_ref idref="fl-40"/>
         <refd_ro_sections>
            <object_component_ref idref="oc-2c1"/>
         </refd_ro_sections>
         <value>e29266f19a2e3db88954c9ee94f0c01c</value>
      </object_component>
      <object_component id="oc-1cc">
         <name>.text.IpcNotify_sendMsg</name>
         <load_address>0x70084350</load_address>
         <readonly>true</readonly>
         <executable>true</executable>
         <run_address>0x70084350</run_address>
         <size>0x10a</size>
         <alignment>0x10</alignment>
         <input_file_ref idref="fl-3b"/>
         <refd_ro_sections>
            <object_component_ref idref="oc-18b"/>
            <object_component_ref idref="oc-194"/>
            <object_component_ref idref="oc-23c"/>
            <object_component_ref idref="oc-23d"/>
            <object_component_ref idref="oc-23b"/>
            <object_component_ref idref="oc-23e"/>
            <object_component_ref idref="oc-23a"/>
            <object_component_ref idref="oc-ef"/>
            <object_component_ref idref="oc-6e"/>
         </refd_ro_sections>
         <refd_rw_sections>
            <object_component_ref idref="oc-188"/>
         </refd_rw_sections>
         <value>ec44d1f111b3a97b194fad73e19984ec</value>
      </object_component>
      <object_component id="oc-298">
         <name>.text.SemaphoreP_pend</name>
         <load_address>0x70084460</load_address>
         <readonly>true</readonly>
         <executable>true</executable>
         <run_address>0x70084460</run_address>
         <size>0x102</size>
         <alignment>0x10</alignment>
         <input_file_ref idref="fl-27"/>
         <refd_ro_sections>
            <object_component_ref idref="oc-2ba"/>
            <object_component_ref idref="oc-2bb"/>
            <object_component_ref idref="oc-2be"/>
            <object_component_ref idref="oc-2bd"/>
            <object_component_ref idref="oc-2bc"/>
            <object_component_ref idref="oc-6e"/>
         </refd_ro_sections>
         <value>0b1f6c3d77411c1629a4519c95e0be24</value>
      </object_component>
      <object_component id="oc-112">
         <name>.text.CAN_StartRxInterrupts</name>
         <load_address>0x70084570</load_address>
         <readonly>true</readonly>
         <executable>true</executable>
         <run_address>0x70084570</run_address>
         <size>0xf0</size>
         <alignment>0x10</alignment>
         <input_file_ref idref="fl-1"/>
         <refd_ro_sections>
            <object_component_ref idref="oc-1be"/>
            <object_component_ref idref="oc-1bc"/>
            <object_component_ref idref="oc-1c1"/>
            <object_component_ref idref="oc-1c2"/>
            <object_component_ref idref="oc-1c4"/>
            <object_component_ref idref="oc-9f"/>
            <object_component_ref idref="oc-1bf"/>
            <object_component_ref idref="oc-68"/>
         </refd_ro_sections>
         <refd_rw_sections>
            <object_component_ref idref="oc-1bd"/>
            <object_component_ref idref="oc-1c0"/>
            <object_component_ref idref="oc-1c3"/>
         </refd_rw_sections>
         <value>d353047345468ed8329dacb2cfbf9bac</value>
      </object_component>
      <object_component id="oc-287">
         <name>.text.SOC_rcmGetCoreFout</name>
         <load_address>0x70084660</load_address>
         <readonly>true</readonly>
         <executable>true</executable>
         <run_address>0x70084660</run_address>
         <size>0xe6</size>
         <alignment>0x10</alignment>
         <input_file_ref idref="fl-40"/>
         <refd_ro_sections>
            <object_component_ref idref="oc-2a4"/>
            <object_component_ref idref="oc-2a3"/>
            <object_component_ref idref="oc-289"/>
            <object_component_ref idref="oc-2a2"/>
            <object_component_ref idref="oc-2a1"/>
            <object_component_ref idref="oc-1f6"/>
            <object_component_ref idref="oc-ef"/>
         </refd_ro_sections>
         <value>1fc9de750c4cf5aad1e0a2c16248d3ad</value>
      </object_component>
      <object_component id="oc-2c2">
         <name>.text.SOC_rcmGetPerFout</name>
         <load_address>0x70084750</load_address>
         <readonly>true</readonly>
         <executable>true</executable>
         <run_address>0x70084750</run_address>
         <size>0xe6</size>
         <alignment>0x10</alignment>
         <input_file_ref idref="fl-40"/>
         <refd_ro_sections>
            <object_component_ref idref="oc-2a3"/>
            <object_component_ref idref="oc-289"/>
            <object_component_ref idref="oc-2c5"/>
            <object_component_ref idref="oc-2a2"/>
            <object_component_ref idref="oc-2a1"/>
            <object_component_ref idref="oc-1f6"/>
            <object_component_ref idref="oc-ef"/>
         </refd_ro_sections>
         <value>bcfc774541c5f39dbfa95e6ae4e1945d</value>
      </object_component>
      <object_component id="oc-2a6">
         <name>.text.SOC_rcmGetPerHSDivOut</name>
         <load_address>0x70084840</load_address>
         <readonly>true</readonly>
         <executable>true</executable>
         <run_address>0x70084840</run_address>
         <size>0xc0</size>
         <alignment>0x10</alignment>
         <input_file_ref idref="fl-40"/>
         <refd_ro_sections>
            <object_component_ref idref="oc-288"/>
            <object_component_ref idref="oc-2c3"/>
            <object_component_ref idref="oc-289"/>
            <object_component_ref idref="oc-1f6"/>
            <object_component_ref idref="oc-2c2"/>
            <object_component_ref idref="oc-ef"/>
         </refd_ro_sections>
         <value>7f401a047b2d3ae810a139576ed60733</value>
      </object_component>
      <object_component id="oc-26e">
         <name>.text._out_rev</name>
         <load_address>0x70084900</load_address>
         <readonly>true</readonly>
         <executable>true</executable>
         <run_address>0x70084900</run_address>
         <size>0xc0</size>
         <alignment>0x10</alignment>
         <input_file_ref idref="fl-2f"/>
         <value>897143014dfe2af89c7df125976f9221</value>
      </object_component>
      <object_component id="oc-1f2">
         <name>.text.ClockP_timerTickIsr</name>
         <load_address>0x700849c0</load_address>
         <readonly>true</readonly>
         <executable>true</executable>
         <run_address>0x700849c0</run_address>
         <size>0xbe</size>
         <alignment>0x10</alignment>
         <input_file_ref idref="fl-28"/>
         <refd_ro_sections>
            <object_component_ref idref="oc-250"/>
            <object_component_ref idref="oc-251"/>
         </refd_ro_sections>
         <refd_rw_sections>
            <object_component_ref idref="oc-1ea"/>
            <object_component_ref idref="oc-1e3"/>
         </refd_rw_sections>
         <value>6b2cb1183f060e1b61b41597048db180</value>
      </object_component>
      <object_component id="oc-2c4">
         <name>.text.ClockP_stop</name>
         <load_address>0x70084a80</load_address>
         <readonly>true</readonly>
         <executable>true</executable>
         <run_address>0x70084a80</run_address>
         <size>0xba</size>
         <alignment>0x10</alignment>
         <input_file_ref idref="fl-28"/>
         <refd_ro_sections>
            <object_component_ref idref="oc-6e"/>
         </refd_ro_sections>
         <refd_rw_sections>
            <object_component_ref idref="oc-1ea"/>
         </refd_rw_sections>
         <value>684b24848424532dd73d244d9756e56e</value>
      </object_component>
      <object_component id="oc-1b4">
         <name>.text.IpcNotify_waitSync</name>
         <load_address>0x70084b40</load_address>
         <readonly>true</readonly>
         <executable>true</executable>
         <run_address>0x70084b40</run_address>
         <size>0xba</size>
         <alignment>0x10</alignment>
         <input_file_ref idref="fl-3b"/>
         <refd_ro_sections>
            <object_component_ref idref="oc-220"/>
            <object_component_ref idref="oc-221"/>
            <object_component_ref idref="oc-222"/>
            <object_component_ref idref="oc-6e"/>
         </refd_ro_sections>
         <refd_rw_sections>
            <object_component_ref idref="oc-188"/>
         </refd_rw_sections>
         <value>26fd1413a8eb577797d152b4189884fa</value>
      </object_component>
      <object_component id="oc-d9">
         <name>.text.pmu</name>
         <load_address>0x70084c00</load_address>
         <readonly>true</readonly>
         <executable>true</executable>
         <run_address>0x70084c00</run_address>
         <size>0xba</size>
         <alignment>0x10</alignment>
         <input_file_ref idref="fl-30"/>
         <refd_ro_sections>
            <object_component_ref idref="oc-171"/>
            <object_component_ref idref="oc-16d"/>
         </refd_ro_sections>
         <refd_rw_sections>
            <object_component_ref idref="oc-16c"/>
         </refd_rw_sections>
         <value>d0ad19ae8b4e76fffaae0fce5d10ff69</value>
      </object_component>
      <object_component id="oc-25e">
         <name>.text.SOC_rcmSetPeripheralClock</name>
         <load_address>0x70084cc0</load_address>
         <readonly>true</readonly>
         <executable>true</executable>
         <run_address>0x70084cc0</run_address>
         <size>0xb0</size>
         <alignment>0x10</alignment>
         <input_file_ref idref="fl-40"/>
         <refd_ro_sections>
            <object_component_ref idref="oc-290"/>
            <object_component_ref idref="oc-28f"/>
            <object_component_ref idref="oc-28e"/>
            <object_component_ref idref="oc-291"/>
         </refd_ro_sections>
         <value>4c5b83bd3d1cf15f305225434c5fe2f2</value>
      </object_component>
      <object_component id="oc-29a">
         <name>.text.MCAN_getOffsetAddr</name>
         <load_address>0x70084d70</load_address>
         <readonly>true</readonly>
         <executable>true</executable>
         <run_address>0x70084d70</run_address>
         <size>0xae</size>
         <alignment>0x10</alignment>
         <input_file_ref idref="fl-3d"/>
         <refd_ro_sections>
            <object_component_ref idref="oc-2bf"/>
         </refd_ro_sections>
         <value>081cfd0efd0c2ff074c379cdcb8d33c6</value>
      </object_component>
      <object_component id="oc-10e">
         <name>.text.gateway_core1_wait_for_ready</name>
         <load_address>0x70084e20</load_address>
         <readonly>true</readonly>
         <executable>true</executable>
         <run_address>0x70084e20</run_address>
         <size>0xac</size>
         <alignment>0x10</alignment>
         <input_file_ref idref="fl-10"/>
         <refd_ro_sections>
            <object_component_ref idref="oc-1b8"/>
            <object_component_ref idref="oc-1b6"/>
            <object_component_ref idref="oc-1b5"/>
            <object_component_ref idref="oc-9f"/>
            <object_component_ref idref="oc-1b7"/>
         </refd_ro_sections>
         <refd_rw_sections>
            <object_component_ref idref="oc-1a0"/>
         </refd_rw_sections>
         <value>af8a161bd618f8f48a5b00d8208761e8</value>
      </object_component>
      <object_component id="oc-250">
         <name>.text.ClockP_addToList</name>
         <load_address>0x70084ed0</load_address>
         <readonly>true</readonly>
         <executable>true</executable>
         <run_address>0x70084ed0</run_address>
         <size>0xa8</size>
         <alignment>0x10</alignment>
         <input_file_ref idref="fl-28"/>
         <refd_rw_sections>
            <object_component_ref idref="oc-1ea"/>
         </refd_rw_sections>
         <value>1a72c069c1bbcc85dcd2c898933a0302</value>
      </object_component>
      <object_component id="oc-2be">
         <name>.text.ClockP_destruct</name>
         <load_address>0x70084f80</load_address>
         <readonly>true</readonly>
         <executable>true</executable>
         <run_address>0x70084f80</run_address>
         <size>0xa8</size>
         <alignment>0x10</alignment>
         <input_file_ref idref="fl-28"/>
         <refd_ro_sections>
            <object_component_ref idref="oc-6e"/>
         </refd_ro_sections>
         <refd_rw_sections>
            <object_component_ref idref="oc-1ea"/>
         </refd_rw_sections>
         <value>86a8776ffef6ec495649fd8fe623a960</value>
      </object_component>
      <object_component id="oc-255">
         <name>.text.SOC_rcmGetCoreHSDivOut</name>
         <load_address>0x70085030</load_address>
         <readonly>true</readonly>
         <executable>true</executable>
         <run_address>0x70085030</run_address>
         <size>0xa0</size>
         <alignment>0x10</alignment>
         <input_file_ref idref="fl-40"/>
         <refd_ro_sections>
            <object_component_ref idref="oc-288"/>
            <object_component_ref idref="oc-28a"/>
            <object_component_ref idref="oc-289"/>
            <object_component_ref idref="oc-1f6"/>
            <object_component_ref idref="oc-287"/>
            <object_component_ref idref="oc-ef"/>
         </refd_ro_sections>
         <value>ac59b8570739677372a21c3f6d7b26ce</value>
      </object_component>
      <object_component id="oc-108">
         <name>.text.IpcNotify_registerClient</name>
         <load_address>0x700850d0</load_address>
         <readonly>true</readonly>
         <executable>true</executable>
         <run_address>0x700850d0</run_address>
         <size>0x98</size>
         <alignment>0x10</alignment>
         <input_file_ref idref="fl-3b"/>
         <refd_ro_sections>
            <object_component_ref idref="oc-1b2"/>
            <object_component_ref idref="oc-18b"/>
            <object_component_ref idref="oc-1b1"/>
            <object_component_ref idref="oc-ef"/>
            <object_component_ref idref="oc-6e"/>
         </refd_ro_sections>
         <refd_rw_sections>
            <object_component_ref idref="oc-188"/>
         </refd_rw_sections>
         <value>ee2c7848d9db456171b0f32257b06ff2</value>
      </object_component>
      <object_component id="oc-198">
         <name>.text.ClockP_getTimeUsec</name>
         <load_address>0x70085170</load_address>
         <readonly>true</readonly>
         <executable>true</executable>
         <run_address>0x70085170</run_address>
         <size>0x92</size>
         <alignment>0x10</alignment>
         <input_file_ref idref="fl-28"/>
         <refd_ro_sections>
            <object_component_ref idref="oc-217"/>
            <object_component_ref idref="oc-171"/>
         </refd_ro_sections>
         <refd_rw_sections>
            <object_component_ref idref="oc-1ea"/>
         </refd_rw_sections>
         <value>361f321a3204797695602aa9f0816c03</value>
      </object_component>
      <object_component id="oc-132">
         <name>.text.gateway_write_test_data</name>
         <load_address>0x70085210</load_address>
         <readonly>true</readonly>
         <executable>true</executable>
         <run_address>0x70085210</run_address>
         <size>0x88</size>
         <alignment>0x10</alignment>
         <input_file_ref idref="fl-10"/>
         <refd_ro_sections>
            <object_component_ref idref="oc-1b7"/>
         </refd_ro_sections>
         <refd_rw_sections>
            <object_component_ref idref="oc-1a0"/>
         </refd_rw_sections>
         <value>8cd1d254b3a3d4aec830276432bd7d63</value>
      </object_component>
      <object_component id="oc-10c">
         <name>.text.IpcNotify_syncAll</name>
         <load_address>0x700852a0</load_address>
         <readonly>true</readonly>
         <executable>true</executable>
         <run_address>0x700852a0</run_address>
         <size>0x82</size>
         <alignment>0x10</alignment>
         <input_file_ref idref="fl-3b"/>
         <refd_ro_sections>
            <object_component_ref idref="oc-1b3"/>
            <object_component_ref idref="oc-1b4"/>
         </refd_ro_sections>
         <refd_rw_sections>
            <object_component_ref idref="oc-188"/>
         </refd_rw_sections>
         <value>7c1442e6d4ac19ab1ca7ecfaee844abd</value>
      </object_component>
      <object_component id="oc-21b">
         <name>.text.gateway_read_test_data</name>
         <load_address>0x70085330</load_address>
         <readonly>true</readonly>
         <executable>true</executable>
         <run_address>0x70085330</run_address>
         <size>0x7e</size>
         <alignment>0x10</alignment>
         <input_file_ref idref="fl-10"/>
         <refd_ro_sections>
            <object_component_ref idref="oc-1b7"/>
         </refd_ro_sections>
         <refd_rw_sections>
            <object_component_ref idref="oc-1a0"/>
         </refd_rw_sections>
         <value>e11b22a2f1b9aef72e7881ef453bc07f</value>
      </object_component>
      <object_component id="oc-ef">
         <name>.text._DebugP_assert</name>
         <load_address>0x700853b0</load_address>
         <readonly>true</readonly>
         <executable>true</executable>
         <run_address>0x700853b0</run_address>
         <size>0x7c</size>
         <alignment>0x10</alignment>
         <input_file_ref idref="fl-25"/>
         <refd_ro_sections>
            <object_component_ref idref="oc-19d"/>
            <object_component_ref idref="oc-198"/>
            <object_component_ref idref="oc-9f"/>
            <object_component_ref idref="oc-171"/>
            <object_component_ref idref="oc-6e"/>
         </refd_ro_sections>
         <value>5786a7a456878dda36c7e4a11047bcc2</value>
      </object_component>
      <object_component id="oc-23e">
         <name>.text.IpcNotify_mailboxWrite</name>
         <load_address>0x70085430</load_address>
         <readonly>true</readonly>
         <executable>true</executable>
         <run_address>0x70085430</run_address>
         <size>0x7a</size>
         <alignment>0x10</alignment>
         <input_file_ref idref="fl-3b"/>
         <refd_ro_sections>
            <object_component_ref idref="oc-260"/>
            <object_component_ref idref="oc-273"/>
         </refd_ro_sections>
         <value>318d2c7fbff4b4fa2e0dd61cc60864ad</value>
      </object_component>
      <object_component id="oc-93">
         <name>.text.System_init</name>
         <load_address>0x700854b0</load_address>
         <readonly>true</readonly>
         <executable>true</executable>
         <run_address>0x700854b0</run_address>
         <size>0x7a</size>
         <alignment>0x10</alignment>
         <input_file_ref idref="fl-3"/>
         <refd_ro_sections>
            <object_component_ref idref="oc-ec"/>
            <object_component_ref idref="oc-ee"/>
            <object_component_ref idref="oc-ed"/>
            <object_component_ref idref="oc-d3"/>
            <object_component_ref idref="oc-e6"/>
            <object_component_ref idref="oc-eb"/>
            <object_component_ref idref="oc-e2"/>
            <object_component_ref idref="oc-dd"/>
            <object_component_ref idref="oc-d4"/>
            <object_component_ref idref="oc-ef"/>
            <object_component_ref idref="oc-d9"/>
         </refd_ro_sections>
         <value>a5c651a1b59ce4fdbe58f59e66147bcb</value>
      </object_component>
      <object_component id="oc-222">
         <name>.text.ClockP_usleep</name>
         <load_address>0x70085530</load_address>
         <readonly>true</readonly>
         <executable>true</executable>
         <run_address>0x70085530</run_address>
         <size>0x72</size>
         <alignment>0x10</alignment>
         <input_file_ref idref="fl-28"/>
         <refd_ro_sections>
            <object_component_ref idref="oc-198"/>
            <object_component_ref idref="oc-262"/>
         </refd_ro_sections>
         <refd_rw_sections>
            <object_component_ref idref="oc-1ea"/>
         </refd_rw_sections>
         <value>0d4eefe09af09d1879990ce9848cf5c0</value>
      </object_component>
      <object_component id="oc-23a">
         <name>.text.IpcNotify_makeMsg</name>
         <load_address>0x700855b0</load_address>
         <readonly>true</readonly>
         <executable>true</executable>
         <run_address>0x700855b0</run_address>
         <size>0x72</size>
         <alignment>0x10</alignment>
         <input_file_ref idref="fl-3b"/>
         <refd_rw_sections>
            <object_component_ref idref="oc-188"/>
         </refd_rw_sections>
         <value>d23e513d22e83765825ed15fd5e11849</value>
      </object_component>
      <object_component id="oc-216">
         <name>.text.IpcNotify_mailboxReadSwQ</name>
         <load_address>0x70085630</load_address>
         <readonly>true</readonly>
         <executable>true</executable>
         <run_address>0x70085630</run_address>
         <size>0x6a</size>
         <alignment>0x10</alignment>
         <input_file_ref idref="fl-3b"/>
         <refd_ro_sections>
            <object_component_ref idref="oc-260"/>
         </refd_ro_sections>
         <value>61832a0f64213f7f1fb4c290dc6e04e2</value>
      </object_component>
      <object_component id="oc-165">
         <name>.text.SOC_rcmGetR5Clock</name>
         <load_address>0x700856a0</load_address>
         <readonly>true</readonly>
         <executable>true</executable>
         <run_address>0x700856a0</run_address>
         <size>0x64</size>
         <alignment>0x10</alignment>
         <input_file_ref idref="fl-40"/>
         <refd_ro_sections>
            <object_component_ref idref="oc-1f6"/>
            <object_component_ref idref="oc-1f7"/>
            <object_component_ref idref="oc-1f8"/>
         </refd_ro_sections>
         <value>889291efebeb728acf87700adb6369eb</value>
      </object_component>
      <object_component id="oc-291">
         <name>.text.SOC_rcmInsert16</name>
         <load_address>0x70085710</load_address>
         <readonly>true</readonly>
         <executable>true</executable>
         <run_address>0x70085710</run_address>
         <size>0x62</size>
         <alignment>0x10</alignment>
         <input_file_ref idref="fl-40"/>
         <refd_ro_sections>
            <object_component_ref idref="oc-2b5"/>
         </refd_ro_sections>
         <value>1c91f90a8d499aad2f00e33c70faec06</value>
      </object_component>
      <object_component id="oc-178">
         <name>.text.Module_clockSetFrequency</name>
         <load_address>0x70085780</load_address>
         <readonly>true</readonly>
         <executable>true</executable>
         <run_address>0x70085780</run_address>
         <size>0x5c</size>
         <alignment>0x10</alignment>
         <input_file_ref idref="fl-6"/>
         <refd_ro_sections>
            <object_component_ref idref="oc-204"/>
            <object_component_ref idref="oc-b5"/>
         </refd_ro_sections>
         <refd_rw_sections>
            <object_component_ref idref="oc-203"/>
         </refd_rw_sections>
         <value>da0f61a9d714e152ab3f03c94dc1c727</value>
      </object_component>
      <object_component id="oc-134">
         <name>.text.gateway_notify_test_data_ready</name>
         <load_address>0x700857e0</load_address>
         <readonly>true</readonly>
         <executable>true</executable>
         <run_address>0x700857e0</run_address>
         <size>0x5c</size>
         <alignment>0x10</alignment>
         <input_file_ref idref="fl-10"/>
         <refd_ro_sections>
            <object_component_ref idref="oc-1cf"/>
            <object_component_ref idref="oc-1ce"/>
            <object_component_ref idref="oc-1d0"/>
            <object_component_ref idref="oc-1cc"/>
            <object_component_ref idref="oc-9f"/>
         </refd_ro_sections>
         <value>d56a636b6d95803d229973de0915c09d</value>
      </object_component>
      <object_component id="oc-187">
         <name>.text.IpcNotify_allocSwQueue</name>
         <load_address>0x70085840</load_address>
         <readonly>true</readonly>
         <executable>true</executable>
         <run_address>0x70085840</run_address>
         <size>0x58</size>
         <alignment>0x10</alignment>
         <input_file_ref idref="fl-3"/>
         <value>c03df9e1b32093b3252cf602a25b9f9a</value>
      </object_component>
      <object_component id="oc-28f">
         <name>.text.SOC_rcmGetModuleClkDivVal</name>
         <load_address>0x700858a0</load_address>
         <readonly>true</readonly>
         <executable>true</executable>
         <run_address>0x700858a0</run_address>
         <size>0x58</size>
         <alignment>0x10</alignment>
         <input_file_ref idref="fl-40"/>
         <refd_ro_sections>
            <object_component_ref idref="oc-2a8"/>
            <object_component_ref idref="oc-2a9"/>
            <object_component_ref idref="oc-289"/>
            <object_component_ref idref="oc-ef"/>
         </refd_ro_sections>
         <value>7cae790fd40e038247fe7a9bd3214268</value>
      </object_component>
      <object_component id="oc-60">
         <name>.text.main</name>
         <load_address>0x70085900</load_address>
         <readonly>true</readonly>
         <executable>true</executable>
         <run_address>0x70085900</run_address>
         <size>0x54</size>
         <alignment>0x10</alignment>
         <input_file_ref idref="fl-12"/>
         <refd_ro_sections>
            <object_component_ref idref="oc-9e"/>
            <object_component_ref idref="oc-a5"/>
            <object_component_ref idref="oc-a6"/>
            <object_component_ref idref="oc-98"/>
            <object_component_ref idref="oc-93"/>
            <object_component_ref idref="oc-9f"/>
            <object_component_ref idref="oc-9d"/>
            <object_component_ref idref="oc-a4"/>
[...]
         <object_component_ref idref="oc-2c2"/>
         <local>true</local>
      </symbol>
      <symbol id="sm-4d7">
         <name>$t.71</name>
         <value>0x70084750</value>
         <object_component_ref idref="oc-2c2"/>
         <local>true</local>
      </symbol>
      <symbol id="sm-4d8">
         <name>.L__FUNCTION__.SOC_rcmGetPerFout</name>
         <value>0x700879af</value>
         <object_component_ref idref="oc-2c5"/>
         <local>true</local>
      </symbol>
      <symbol id="sm-4d9">
         <name></name>
         <value>0x700878d7</value>
         <object_component_ref idref="oc-289"/>
         <local>true</local>
      </symbol>
      <symbol id="sm-4da">
         <name></name>
         <value>0x700874d1</value>
         <object_component_ref idref="oc-2a7"/>
         <local>true</local>
      </symbol>
      <symbol id="sm-4db">
         <name></name>
         <value>0x70087ac7</value>
         <object_component_ref idref="oc-288"/>
         <local>true</local>
      </symbol>
      <symbol id="sm-4dc">
         <name></name>
         <value>0x70087894</value>
         <object_component_ref idref="oc-28a"/>
         <local>true</local>
      </symbol>
      <symbol id="sm-4dd">
         <name></name>
         <value>0x70087977</value>
         <object_component_ref idref="oc-2a4"/>
         <local>true</local>
      </symbol>
      <symbol id="sm-4de">
         <name></name>
         <value>0x70087a67</value>
         <object_component_ref idref="oc-2a3"/>
         <local>true</local>
      </symbol>
      <symbol id="sm-4df">
         <name></name>
         <value>0x700878c1</value>
         <object_component_ref idref="oc-2c3"/>
         <local>true</local>
      </symbol>
      <symbol id="sm-4e0">
         <name></name>
         <value>0x700879af</value>
         <object_component_ref idref="oc-2c5"/>
         <local>true</local>
      </symbol>
      <symbol id="sm-4e1">
         <name></name>
         <value>0x700876a9</value>
         <object_component_ref idref="oc-2a9"/>
         <local>true</local>
      </symbol>
      <symbol id="sm-4e2">
         <name></name>
         <value>0x700878ab</value>
         <object_component_ref idref="oc-2a8"/>
         <local>true</local>
      </symbol>
      <symbol id="sm-4e3">
         <name></name>
         <value>0x700877ec</value>
         <object_component_ref idref="oc-2aa"/>
         <local>true</local>
      </symbol>
      <symbol id="sm-4e4">
         <name></name>
         <value>0x7008781c</value>
         <object_component_ref idref="oc-2ab"/>
         <local>true</local>
      </symbol>
      <symbol id="sm-4e5">
         <name></name>
         <value>0x7008784c</value>
         <object_component_ref idref="oc-2ac"/>
         <local>true</local>
      </symbol>
      <symbol id="sm-4e6">
         <name></name>
         <value>0x70087864</value>
         <object_component_ref idref="oc-2ad"/>
         <local>true</local>
      </symbol>
      <symbol id="sm-4e7">
         <name></name>
         <value>0x700877d4</value>
         <object_component_ref idref="oc-2ae"/>
         <local>true</local>
      </symbol>
      <symbol id="sm-4e8">
         <name></name>
         <value>0x70087804</value>
         <object_component_ref idref="oc-2af"/>
         <local>true</local>
      </symbol>
      <symbol id="sm-4e9">
         <name></name>
         <value>0x700877a4</value>
         <object_component_ref idref="oc-2b0"/>
         <local>true</local>
      </symbol>
      <symbol id="sm-4ea">
         <name></name>
         <value>0x70087774</value>
         <object_component_ref idref="oc-2b1"/>
         <local>true</local>
      </symbol>
      <symbol id="sm-4eb">
         <name></name>
         <value>0x7008775c</value>
         <object_component_ref idref="oc-2b2"/>
         <local>true</local>
      </symbol>
      <symbol id="sm-4ec">
         <name></name>
         <value>0x7008778c</value>
         <object_component_ref idref="oc-2b3"/>
         <local>true</local>
      </symbol>
      <symbol id="sm-4ed">
         <name></name>
         <value>0x700877bc</value>
         <object_component_ref idref="oc-2b4"/>
         <local>true</local>
      </symbol>
      <symbol id="sm-4ee">
         <name></name>
         <value>0x1fdb</value>
         <object_component_ref idref="oc-1f9"/>
         <local>true</local>
      </symbol>
      <symbol id="sm-4ef">
         <name></name>
         <value>0xc28</value>
         <object_component_ref idref="oc-167"/>
         <local>true</local>
      </symbol>
      <symbol id="sm-4f0">
         <name></name>
         <value>0xd9bd</value>
         <object_component_ref idref="oc-1fa"/>
         <local>true</local>
      </symbol>
      <symbol id="sm-4f1">
         <name></name>
         <value>0x2c10</value>
         <object_component_ref idref="oc-168"/>
         <local>true</local>
      </symbol>
      <symbol id="sm-4f2">
         <name></name>
         <value>0xc3ff</value>
         <object_component_ref idref="oc-169"/>
         <local>true</local>
      </symbol>
      <symbol id="sm-4f3">
         <name>SOC_rcmGetPeripheralClockFrequency</name>
         <value>0x70083dc1</value>
         <object_component_ref idref="oc-28e"/>
         <function>true</function>
         <callees>
            <symbol_ref idref="sm-48a"/>
            <symbol_ref idref="sm-493"/>
            <symbol_ref idref="sm-494"/>
            <symbol_ref idref="sm-1c4"/>
         </callees>
      </symbol>
      <symbol id="sm-4f4">
         <name>gPeripheralClkSrcInfoMap</name>
         <value>0x70087834</value>
         <object_component_ref idref="oc-2a5"/>
      </symbol>
      <symbol id="sm-4f5">
         <name>gXTALInfo</name>
         <value>0x70087a84</value>
         <object_component_ref idref="oc-254"/>
      </symbol>
      <symbol id="sm-4f6">
         <name>gADPLLJConfigTbl</name>
         <value>0x70086ac0</value>
         <object_component_ref idref="oc-2c1"/>
      </symbol>
      <symbol id="sm-4f7">
         <name>gCR5ClkSrcInfoMap</name>
         <value>0x70087add</value>
         <object_component_ref idref="oc-253"/>
      </symbol>
      <symbol id="sm-4f8">
         <name>SOC_rcmSetPeripheralClock</name>
         <value>0x70084cc1</value>
         <object_component_ref idref="oc-25e"/>
         <function>true</function>
         <callees>
            <symbol_ref idref="sm-4b1"/>
            <symbol_ref idref="sm-4a6"/>
            <symbol_ref idref="sm-4f3"/>
            <symbol_ref idref="sm-48b"/>
         </callees>
      </symbol>
      <symbol id="sm-4f9">
         <name>SOC_rcmEnablePeripheralClock</name>
         <value>0x700810c1</value>
         <object_component_ref idref="oc-25d"/>
         <function>true</function>
         <callees>
            <symbol_ref idref="sm-4b4"/>
         </callees>
      </symbol>
      <symbol id="sm-4fa">
         <name>SOC_rcmGetR5Clock</name>
         <value>0x700856a1</value>
         <object_component_ref idref="oc-165"/>
         <function>true</function>
         <callees>
            <symbol_ref idref="sm-48a"/>
            <symbol_ref idref="sm-4a5"/>
            <symbol_ref idref="sm-4ca"/>
         </callees>
      </symbol>
      <symbol id="sm-4fd">
         <name></name>
         <value>0x7008ddd0</value>
         <object_component_ref idref="oc-ad"/>
         <local>true</local>
      </symbol>
      <symbol id="sm-4fe">
         <name>$a.2</name>
         <value>0x7008ddd0</value>
         <object_component_ref idref="oc-ad"/>
         <local>true</local>
      </symbol>
      <symbol id="sm-4ff">
         <name></name>
         <value>0x0</value>
         <object_component_ref idref="oc-b3"/>
         <local>true</local>
      </symbol>
      <symbol id="sm-500">
         <name></name>
         <value>0x21b8</value>
         <object_component_ref idref="oc-13e"/>
         <local>true</local>
      </symbol>
      <symbol id="sm-501">
         <name></name>
         <value>0xe58</value>
         <object_component_ref idref="oc-af"/>
         <local>true</local>
      </symbol>
      <symbol id="sm-502">
         <name></name>
         <value>0x1813d</value>
         <object_component_ref idref="oc-13f"/>
         <local>true</local>
      </symbol>
      <symbol id="sm-503">
         <name></name>
         <value>0x3328</value>
         <object_component_ref idref="oc-b1"/>
         <local>true</local>
      </symbol>
      <symbol id="sm-504">
         <name></name>
         <value>0xf084</value>
         <object_component_ref idref="oc-ae"/>
         <local>true</local>
      </symbol>
      <symbol id="sm-505">
         <name>abort</name>
         <value>0x7008ddd0</value>
         <object_component_ref idref="oc-ad"/>
         <function>true</function>
         <callees>
            <symbol_ref idref="sm-51a"/>
         </callees>
      </symbol>
      <symbol id="sm-508">
         <name></name>
         <value>0x70085954</value>
         <object_component_ref idref="oc-86"/>
         <local>true</local>
      </symbol>
      <symbol id="sm-509">
         <name>$a.6</name>
         <value>0x70085954</value>
         <object_component_ref idref="oc-86"/>
         <local>true</local>
      </symbol>
      <symbol id="sm-50a">
         <name>$d.7</name>
         <value>0x70085998</value>
         <object_component_ref idref="oc-86"/>
         <local>true</local>
      </symbol>
      <symbol id="sm-50b">
         <name></name>
         <value>0x26</value>
         <object_component_ref idref="oc-8b"/>
         <local>true</local>
      </symbol>
      <symbol id="sm-50c">
         <name></name>
         <value>0x2250</value>
         <object_component_ref idref="oc-cd"/>
         <local>true</local>
      </symbol>
      <symbol id="sm-50d">
         <name></name>
         <value>0xe70</value>
         <object_component_ref idref="oc-8a"/>
         <local>true</local>
      </symbol>
      <symbol id="sm-50e">
         <name></name>
         <value>0x1827e</value>
         <object_component_ref idref="oc-ce"/>
         <local>true</local>
      </symbol>
      <symbol id="sm-50f">
         <name></name>
         <value>0x3358</value>
         <object_component_ref idref="oc-88"/>
         <local>true</local>
      </symbol>
      <symbol id="sm-510">
         <name></name>
         <value>0xf0ea</value>
         <object_component_ref idref="oc-87"/>
         <local>true</local>
      </symbol>
      <symbol id="sm-511">
         <name>__TI_auto_init_nobinit_nopinit</name>
         <value>0x70085954</value>
         <object_component_ref idref="oc-86"/>
         <function>true</function>
      </symbol>
      <symbol id="sm-514">
         <name></name>
         <value>0x700810b8</value>
         <object_component_ref idref="oc-13a"/>
         <local>true</local>
      </symbol>
      <symbol id="sm-515">
         <name>$a.0</name>
         <value>0x700810b8</value>
         <object_component_ref idref="oc-13a"/>
         <local>true</local>
      </symbol>
      <symbol id="sm-516">
         <name></name>
         <value>0x23de</value>
         <object_component_ref idref="oc-1d1"/>
         <local>true</local>
      </symbol>
      <symbol id="sm-517">
         <name></name>
         <value>0x185a6</value>
         <object_component_ref idref="oc-1d2"/>
         <local>true</local>
      </symbol>
      <symbol id="sm-518">
         <name></name>
         <value>0x3458</value>
         <object_component_ref idref="oc-13b"/>
         <local>true</local>
      </symbol>
      <symbol id="sm-519">
         <name></name>
         <value>0xf645</value>
         <object_component_ref idref="oc-13d"/>
         <local>true</local>
      </symbol>
      <symbol id="sm-51a">
         <name>HOSTexit</name>
         <value>0x700810b8</value>
         <object_component_ref idref="oc-13a"/>
         <function>true</function>
      </symbol>
      <symbol id="sm-51b">
         <name>C$$EXIT</name>
         <value>0x700810b8</value>
         <object_component_ref idref="oc-13a"/>
      </symbol>
      <symbol id="sm-51c">
         <name></name>
         <value>0x70080a34</value>
         <object_component_ref idref="oc-7f"/>
         <local>true</local>
      </symbol>
      <symbol id="sm-51d">
         <name>$a.1</name>
         <value>0x70080a34</value>
         <object_component_ref idref="oc-7f"/>
         <local>true</local>
      </symbol>
      <symbol id="sm-51e">
         <name></name>
         <value>0x1bfa7</value>
         <object_component_ref idref="oc-81"/>
         <local>true</local>
      </symbol>
      <symbol id="sm-51f">
         <name></name>
         <value>0x240a</value>
         <object_component_ref idref="oc-cc"/>
         <local>true</local>
      </symbol>
      <symbol id="sm-520">
         <name></name>
         <value>0xfe8</value>
         <object_component_ref idref="oc-82"/>
         <local>true</local>
      </symbol>
      <symbol id="sm-521">
         <name></name>
         <value>0xf686</value>
         <object_component_ref idref="oc-83"/>
         <local>true</local>
      </symbol>
      <symbol id="sm-522">
         <name>__aeabi_memclr</name>
         <value>0x70080a34</value>
         <object_component_ref idref="oc-7f"/>
         <function>true</function>
         <callees>
            <symbol_ref idref="sm-542"/>
         </callees>
      </symbol>
      <symbol id="sm-523">
         <name>__aeabi_memclr4</name>
         <value>0x70080a34</value>
         <object_component_ref idref="oc-7f"/>
         <function>true</function>
         <callees>
            <symbol_ref idref="sm-542"/>
         </callees>
      </symbol>
      <symbol id="sm-524">
         <name>__aeabi_memclr8</name>
         <value>0x70080a34</value>
         <object_component_ref idref="oc-7f"/>
         <function>true</function>
         <callees>
            <symbol_ref idref="sm-542"/>
         </callees>
      </symbol>
      <symbol id="sm-525">
         <name></name>
         <value>0x700864a4</value>
         <object_component_ref idref="oc-171"/>
         <local>true</local>
      </symbol>
      <symbol id="sm-526">
         <name>$a.0</name>
         <value>0x700864a4</value>
         <object_component_ref idref="oc-171"/>
         <local>true</local>
      </symbol>
      <symbol id="sm-527">
         <name></name>
         <value>0x1c150</value>
         <object_component_ref idref="oc-174"/>
         <local>true</local>
      </symbol>
      <symbol id="sm-528">
         <name></name>
         <value>0x242f</value>
         <object_component_ref idref="oc-200"/>
         <local>true</local>
      </symbol>
      <symbol id="sm-529">
         <name></name>
         <value>0xf735</value>
         <object_component_ref idref="oc-172"/>
         <local>true</local>
      </symbol>
      <symbol id="sm-52a">
         <name>__aeabi_uldivmod</name>
         <value>0x700864a4</value>
         <object_component_ref idref="oc-171"/>
         <function>true</function>
         <callees>
            <symbol_ref idref="sm-530"/>
         </callees>
      </symbol>
      <symbol id="sm-52b">
         <name></name>
         <value>0x70083ffc</value>
         <object_component_ref idref="oc-1fc"/>
         <local>true</local>
      </symbol>
      <symbol id="sm-52c">
         <name>$a.0</name>
         <value>0x70083ffc</value>
         <object_component_ref idref="oc-1fc"/>
         <local>true</local>
      </symbol>
      <symbol id="sm-52d">
         <name></name>
         <value>0x1c2e1</value>
         <object_component_ref idref="oc-1fe"/>
         <local>true</local>
      </symbol>
      <symbol id="sm-52e">
         <name></name>
         <value>0x2456</value>
         <object_component_ref idref="oc-25c"/>
         <local>true</local>
      </symbol>
      <symbol id="sm-52f">
         <name></name>
         <value>0xf7dc</value>
         <object_component_ref idref="oc-1ff"/>
         <local>true</local>
      </symbol>
      <symbol id="sm-530">
         <name>__udivmoddi4</name>
         <value>0x70083ffc</value>
         <object_component_ref idref="oc-1fc"/>
         <function>true</function>
         <callees>
            <symbol_ref idref="sm-53a"/>
         </callees>
      </symbol>
      <symbol id="sm-532">
         <name></name>
         <value>0x700816f8</value>
         <object_component_ref idref="oc-256"/>
         <local>true</local>
      </symbol>
      <symbol id="sm-533">
         <name>$a.1</name>
         <value>0x700816f8</value>
         <object_component_ref idref="oc-256"/>
         <local>true</local>
      </symbol>
      <symbol id="sm-534">
         <name></name>
         <value>0x31a</value>
         <object_component_ref idref="oc-257"/>
         <local>true</local>
      </symbol>
      <symbol id="sm-535">
         <name></name>
         <value>0x247d</value>
         <object_component_ref idref="oc-28b"/>
         <local>true</local>
      </symbol>
      <symbol id="sm-536">
         <name></name>
         <value>0x1010</value>
         <object_component_ref idref="oc-25b"/>
         <local>true</local>
      </symbol>
      <symbol id="sm-537">
         <name></name>
         <value>0x18688</value>
         <object_component_ref idref="oc-28c"/>
         <local>true</local>
      </symbol>
      <symbol id="sm-538">
         <name></name>
         <value>0x3478</value>
         <object_component_ref idref="oc-25a"/>
         <local>true</local>
      </symbol>
      <symbol id="sm-539">
         <name></name>
         <value>0xf8c4</value>
         <object_component_ref idref="oc-258"/>
         <local>true</local>
      </symbol>
      <symbol id="sm-53a">
         <name>__aeabi_ldiv0</name>
         <value>0x700816f8</value>
         <object_component_ref idref="oc-256"/>
         <function>true</function>
      </symbol>
      <symbol id="sm-53b">
         <name></name>
         <value>0x70086658</value>
         <object_component_ref idref="oc-14a"/>
         <local>true</local>
      </symbol>
      <symbol id="sm-53c">
         <name>$a.1</name>
         <value>0x70086658</value>
         <object_component_ref idref="oc-14a"/>
         <local>true</local>
      </symbol>
      <symbol id="sm-53d">
         <name>_loop</name>
         <value>0x7008665c</value>
         <object_component_ref idref="oc-14a"/>
         <local>true</local>
      </symbol>
      <symbol id="sm-53e">
         <name></name>
         <value>0x1c4ef</value>
         <object_component_ref idref="oc-14b"/>
         <local>true</local>
      </symbol>
      <symbol id="sm-53f">
         <name></name>
         <value>0x24d6</value>
         <object_component_ref idref="oc-1d9"/>
         <local>true</local>
      </symbol>
      <symbol id="sm-540">
         <name></name>
         <value>0x1028</value>
         <object_component_ref idref="oc-14d"/>
         <local>true</local>
      </symbol>
      <symbol id="sm-541">
         <name></name>
         <value>0xf972</value>
         <object_component_ref idref="oc-14e"/>
         <local>true</local>
      </symbol>
      <symbol id="sm-542">
         <name>TI_memset_small</name>
         <value>0x70086658</value>
         <object_component_ref idref="oc-14a"/>
         <function>true</function>
      </symbol>
      <symbol id="sm-544">
         <name>_system_post_cinit</name>
         <value>0x0</value>
      </symbol>
      <symbol id="sm-545">
         <name>__TI_Handler_Table_Limit</name>
         <value>0x0</value>
      </symbol>
      <symbol id="sm-546">
         <name>__TI_Handler_Table_Base</name>
         <value>0x0</value>
      </symbol>
      <symbol id="sm-547">
         <name>__TI_CINIT_Base</name>
         <value>0x0</value>
      </symbol>
      <symbol id="sm-548">
         <name>__TI_CINIT_Limit</name>
         <value>0x0</value>
      </symbol>
   </symbol_table>
   <title>Link successful</title>
</link_info>
