******************************************************************************
            TI ARM Clang Linker PC v4.0.4                      
******************************************************************************
>> Linked Wed Apr  8 18:08:07 2026

OUTPUT FILE NAME:   <ccu_ti_multi_core_realtime.out>
ENTRY POINT SYMBOL: "_vectors"  address: 00000000


MEMORY CONFIGURATION

         name            origin    length      used     unused   attr    fill
----------------------  --------  ---------  --------  --------  ----  --------
  R5F_VECS              00000000   00000040  00000040  00000000  RWIX
  R5F_TCMA              00000040   00007fc0  00000000  00007fc0  RWIX
  R5F_TCMB              00080000   00008000  00000000  00008000  RWIX
  MAILBOX_HSM           44000000   000003ce  00000000  000003ce  RWIX
  MAILBOX_R5F           44000400   000003ce  00000000  000003ce  RWIX
  FLASH                 60180000   00080000  00000000  00080000  RWIX
  OCRAM                 70180000   00080000  0001b300  00064d00  RWIX
  USER_SHM_MEM          70200000   00008000  00006f74  0000108c  RWIX
  LOG_SHM_MEM           70208000   00004000  00002000  00002000  RWIX
  RTOS_NORTOS_IPC_SHM_M 72000000   00003e80  00000000  00003e80  RWIX


SEGMENT ALLOCATION MAP

run origin  load origin   length   init length attrs members
----------  ----------- ---------- ----------- ----- -------
00000000    00000000    00000040   00000040    r-x
  00000000    00000000    00000040   00000040    r-x .vectors
70180000    70180000    00011810   00011810    r-x
  70180000    70180000    0000f3a0   0000f3a0    r-x .text
  7018f3a0    7018f3a0    00002470   00002470    r-- .rodata
70191810    70191810    00006348   00000000    rw-
  70191810    70191810    00002348   00000000    rw- .bss
  70193b58    70193b58    00004000   00000000    rw- .stack
70197b60    70197b60    00001878   00001878    r-x
  70197b60    70197b60    00000e50   00000e50    r-x .text.hwi
  701989b0    701989b0    000004a0   000004a0    r-x .text.cache
  70198e50    70198e50    000003c0   000003c0    r-x .text.mpu
  70199210    70199210    000001c0   000001c0    r-x .text.boot
  701993d0    701993d0    00000008   00000008    r-x .text:abort
701993d8    701993d8    00001f30   00000b30    rw-
  701993d8    701993d8    00000b30   00000b30    rw- .data
  70199f08    70199f08    00000100   00000000    rw- .irqstack
  7019a008    7019a008    00000100   00000000    rw- .fiqstack
  7019a108    7019a108    00001000   00000000    rw- .svcstack
  7019b108    7019b108    00000100   00000000    rw- .abortstack
  7019b208    7019b208    00000100   00000000    rw- .undefinedstack


SECTION ALLOCATION MAP

 output                                  attributes/
section   page    origin      length       input sections
--------  ----  ----------  ----------   ----------------
.vectors   0    00000000    00000040     
                  00000000    00000040     nortos.am263px.r5f.ti-arm-clang.debug.lib : HwiP_armv7r_vectors_nortos_asm.obj (.vectors)

.text      0    70180000    0000f3a0     
                  70180000    00000a34     nortos.am263px.r5f.ti-arm-clang.debug.lib : printf.obj (.text._vsnprintf)
                  70180a34    0000000c     libclang_rt.builtins.a : aeabi_memset.S.obj (.text.__aeabi_memclr)
                  70180a40    0000078c     main.o (.text.transmit_can_frames)
                  701811cc    00000004     libclang_rt.builtins.a : aeabi_div0.c.obj (.text.__aeabi_ldiv0)
                  701811d0    00000678     drivers.am263px.r5f.ti-arm-clang.nortos.debug.lib : soc_rcm.obj (.text.SOC_rcmGetClkSrcAndDivReg)
                  70181848    00000008     libsysbm.a : hostexit.c.obj (.text.HOSTexit)
                  70181850    00000638     drivers.am263px.r5f.ti-arm-clang.nortos.debug.lib : soc_rcm.obj (.text.SOC_rcmEnablePeripheralClock)
                  70181e88    00000004     libclang_rt.builtins.a : aeabi_memcpy.S.obj (.text.__aeabi_memcpy)
                  70181e8c    00000004                            : aeabi_memmove.S.obj (.text.__aeabi_memmove)
                  70181e90    000005e2     nortos.am263px.r5f.ti-arm-clang.debug.lib : printf.obj (.text._ftoa)
                  70182472    00000002     --HOLE-- [fill = 0]
                  70182474    0000000c                                               : CpuId_armv7r_asm.obj (.text)
                  70182480    000005ca     main.o (.text.main_loop)
                  70182a4a    00000006     --HOLE-- [fill = 0]
                  70182a50    000004b0     nortos.am263px.r5f.ti-arm-clang.debug.lib : printf.obj (.text._etoa)
                  70182f00    00000402     yis320_protocol.o (.text.vtable_process_rx_data)
                  70183302    0000000e     --HOLE-- [fill = 0]
                  70183310    00000400     drivers.am263px.r5f.ti-arm-clang.nortos.debug.lib : uart_v0.obj (.text.UART_open)
                  70183710    000003dc                                                       : ipc_notify_v1.obj (.text.IpcNotify_init)
                  70183aec    00000004     --HOLE-- [fill = 0]
                  70183af0    000003c8     main.o (.text.core1_init)
                  70183eb8    00000008     --HOLE-- [fill = 0]
                  70183ec0    0000031a     can_interface.o (.text.init_single_mcan)
                  701841da    00000006     --HOLE-- [fill = 0]
                  701841e0    00000302     drivers.am263px.r5f.ti-arm-clang.nortos.debug.lib : soc.obj (.text.SOC_virtToPhy)
                  701844e2    0000000e     --HOLE-- [fill = 0]
                  701844f0    000002f4     motor_mapping.o (.text.motor_mapping_init_core1)
                  701847e4    0000000c     --HOLE-- [fill = 0]
                  701847f0    000002a8     drivers.am263px.r5f.ti-arm-clang.nortos.debug.lib : mcan.obj (.text.MCAN_msgRAMConfig)
                  70184a98    00000008     --HOLE-- [fill = 0]
                  70184aa0    0000027e                                                       : uart_dma_edma.obj (.text.UART_edmaChInit)
                  70184d1e    00000002     --HOLE-- [fill = 0]
                  70184d20    00000250                                                       : edma.obj (.text.Alloc_resource)
                  70184f70    00000242                                                       : uart_v0_lld.obj (.text.UART_fifoConfig)
                  701851b2    0000000e     --HOLE-- [fill = 0]
                  701851c0    0000023e     nortos.am263px.r5f.ti-arm-clang.debug.lib : printf.obj (.text._ntoa_format)
                  701853fe    00000002     --HOLE-- [fill = 0]
                  70185400    0000023e     can_interface.o (.text.can_rx_isr)
                  7018563e    00000002     --HOLE-- [fill = 0]
                  70185640    0000023e     main.o (.text.process_can_rx)
                  7018587e    00000002     --HOLE-- [fill = 0]
                  70185880    0000022c     can_interface.o (.text.CAN_TransmitBatch)
                  70185aac    00000004     --HOLE-- [fill = 0]
                  70185ab0    00000226     drivers.am263px.r5f.ti-arm-clang.nortos.debug.lib : uart_dma_edma.obj (.text.UART_lld_dmaDeInit)
                  70185cd6    0000000a     --HOLE-- [fill = 0]
                  70185ce0    00000222                                                       : ipc_notify_v1.obj (.text.IpcNotify_isr)
                  70185f02    0000000e     --HOLE-- [fill = 0]
                  70185f10    000001d6     nortos.am263px.r5f.ti-arm-clang.debug.lib : TimerP_rti_priv.obj (.text.TimerP_setupPriv)
                  701860e6    0000000a     --HOLE-- [fill = 0]
                  701860f0    000001aa     drivers.am263px.r5f.ti-arm-clang.nortos.debug.lib : uart_dma_edma.obj (.text.UART_lld_dmaWrite)
                  7018629a    00000006     --HOLE-- [fill = 0]
                  701862a0    000001a8                                                       : uart_v0.obj (.text.UART_close)
                  70186448    00000008     --HOLE-- [fill = 0]
                  70186450    00000198                                                       : uart_v0_lld.obj (.text.UART_lld_controllerIsr)
                  701865e8    00000008     --HOLE-- [fill = 0]
                  701865f0    00000190     can_interface.o (.text.CAN_StartRxInterrupts)
                  70186780    00000186     drivers.am263px.r5f.ti-arm-clang.nortos.debug.lib : mcan.obj (.text.MCAN_readMsg)
                  70186906    0000000a     --HOLE-- [fill = 0]
                  70186910    00000184                                                       : mcan.obj (.text.MCAN_calcMsgRamParamsStartAddr)
                  70186a94    0000000c     --HOLE-- [fill = 0]
                  70186aa0    00000162                                                       : edma.obj (.text.EDMA_unregisterIntr)
                  70186c02    0000000e     --HOLE-- [fill = 0]
                  70186c10    00000158                                                       : soc.obj (.text.SOC_controlModuleUnlockMMR)
                  70186d68    00000008     --HOLE-- [fill = 0]
                  70186d70    00000152     can_interface.o (.text.CAN_Init)
                  70186ec2    0000000e     --HOLE-- [fill = 0]
                  70186ed0    00000152     drivers.am263px.r5f.ti-arm-clang.nortos.debug.lib : uart_v0_lld.obj (.text.UART_lld_initDma)
                  70187022    0000000e     --HOLE-- [fill = 0]
                  70187030    00000150     nortos.am263px.r5f.ti-arm-clang.debug.lib : DebugP_shmLogWriter.obj (.text.DebugP_shmLogWriterPutChar)
                  70187180    00000150     drivers.am263px.r5f.ti-arm-clang.nortos.debug.lib : mcan.obj (.text.MCAN_writeMsg)
                  701872d0    0000014e     yis320_protocol.o (.text.parse_imu_frame)
                  7018741e    00000002     --HOLE-- [fill = 0]
                  70187420    0000014c     drivers.am263px.r5f.ti-arm-clang.nortos.debug.lib : mcan.obj (.text.MCAN_setBitTime)
                  7018756c    00000004     --HOLE-- [fill = 0]
                  70187570    00000142     imu_interface_isr.o (.text.imu_uart_isr_init)
                  701876b2    0000000e     --HOLE-- [fill = 0]
                  701876c0    0000013a     drivers.am263px.r5f.ti-arm-clang.nortos.debug.lib : edma.obj (.text.EDMA_isDmaChannelAllocated)
                  701877fa    00000006     --HOLE-- [fill = 0]
                  70187800    00000138                                                       : mcan.obj (.text.MCAN_readMsgRam)
                  70187938    00000008     --HOLE-- [fill = 0]
                  70187940    00000138     nortos.am263px.r5f.ti-arm-clang.debug.lib : printf.obj (.text._ntoa_long_long)
                  70187a78    00000008     --HOLE-- [fill = 0]
                  70187a80    00000136                                               : ClockP_nortos_r5.obj (.text.ClockP_init)
                  70187bb6    0000000a     --HOLE-- [fill = 0]
                  70187bc0    00000136     drivers.am263px.r5f.ti-arm-clang.nortos.debug.lib : uart_v0_lld.obj (.text.UART_procLineStatusErr)
                  70187cf6    0000000a     --HOLE-- [fill = 0]
                  70187d00    00000134                                                       : edma.obj (.text.EDMA_registerIntr)
                  70187e34    0000000c     --HOLE-- [fill = 0]
                  70187e40    00000134                                                       : mcan.obj (.text.MCAN_init)
                  70187f74    0000000c     --HOLE-- [fill = 0]
                  70187f80    0000012c                                                       : uart_v0_lld.obj (.text.UART_lld_init)
                  701880ac    00000004     --HOLE-- [fill = 0]
                  701880b0    0000012a                                                       : mcan.obj (.text.MCAN_config)
                  701881da    00000006     --HOLE-- [fill = 0]
                  701881e0    00000126                                                       : soc.obj (.text.SOC_controlModuleLockMMR)
                  70188306    0000000a     --HOLE-- [fill = 0]
                  70188310    00000120                                                       : soc_rcm.obj (.text.SOC_rcmGetPeripheralClockFrequency)
                  70188430    00000120     can_interface.o (.text.init_can_stb_gpios)
                  70188550    0000011c     nortos.am263px.r5f.ti-arm-clang.debug.lib : DebugP_shmLogWriter.obj (.text.DebugP_shmLogWriterPutLine)
                  7018866c    00000004     --HOLE-- [fill = 0]
                  70188670    0000011c     drivers.am263px.r5f.ti-arm-clang.nortos.debug.lib : uart_dma_edma.obj (.text.UART_lld_dmaRead)
                  7018878c    00000118     libclang_rt.builtins.a : udivmoddi4.S.obj (.text)
                  701888a4    0000000c     --HOLE-- [fill = 0]
                  701888b0    00000116     drivers.am263px.r5f.ti-arm-clang.nortos.debug.lib : edma.obj (.text.EDMA_isTccAllocated)
                  701889c6    0000000a     --HOLE-- [fill = 0]
                  701889d0    00000116                                                       : uart_v0_lld.obj (.text.UART_divisorLatchWrite)
                  70188ae6    0000000a     --HOLE-- [fill = 0]
                  70188af0    00000114     nortos.am263px.r5f.ti-arm-clang.debug.lib : printf.obj (.text._ntoa_long)
                  70188c04    0000000c     --HOLE-- [fill = 0]
                  70188c10    0000010e     drivers.am263px.r5f.ti-arm-clang.nortos.debug.lib : soc_rcm.obj (.text.SOC_rcmADPLLJGetFOut)
                  70188d1e    00000002     --HOLE-- [fill = 0]
                  70188d20    0000010a                                                       : ipc_notify_v1.obj (.text.IpcNotify_sendMsg)
                  70188e2a    00000006     --HOLE-- [fill = 0]
                  70188e30    00000104                                                       : uart_v0_lld.obj (.text.UART_configInstance)
                  70188f34    0000000c     --HOLE-- [fill = 0]
                  70188f40    00000102     ti_drivers_config.o (.text.GPIO_init)
                  70189042    0000000e     --HOLE-- [fill = 0]
                  70189050    00000102     nortos.am263px.r5f.ti-arm-clang.debug.lib : SemaphoreP_nortos.obj (.text.SemaphoreP_pend)
                  70189152    0000000e     --HOLE-- [fill = 0]
                  70189160    00000102     gateway_shared.o (.text.gateway_ringbuf_read)
                  70189262    0000000e     --HOLE-- [fill = 0]
                  70189270    000000ec     gateway_shared.o (.text.gateway_write_motor_config)
                  7018935c    00000004     --HOLE-- [fill = 0]
                  70189360    000000e6     drivers.am263px.r5f.ti-arm-clang.nortos.debug.lib : soc_rcm.obj (.text.SOC_rcmGetCoreFout)
                  70189446    0000000a     --HOLE-- [fill = 0]
                  70189450    000000e6                                                       : soc_rcm.obj (.text.SOC_rcmGetPerFout)
                  70189536    0000000a     --HOLE-- [fill = 0]
                  70189540    000000e6     main.o (.text.receive_motor_commands)
                  70189626    0000000a     --HOLE-- [fill = 0]
                  70189630    000000e4     drivers.am263px.r5f.ti-arm-clang.nortos.debug.lib : edma.obj (.text.EDMA_freeChannelRegion)
                  70189714    0000000c     --HOLE-- [fill = 0]
                  70189720    000000e2                                                       : edma.obj (.text.EDMA_freeParam)
                  70189802    0000000e     --HOLE-- [fill = 0]
                  70189810    000000e0                                                       : edma.obj (.text.EDMA_freeDmaChannel)
                  701898f0    000000e0                                                       : edma.obj (.text.EDMA_freeTcc)
                  701899d0    000000de                                                       : uart_v0_lld.obj (.text.UART_intrEnable)
                  70189aae    00000002     --HOLE-- [fill = 0]
                  70189ab0    000000da                                                       : uart_v0_lld.obj (.text.UART_intrDisable)
                  70189b8a    00000006     --HOLE-- [fill = 0]
                  70189b90    000000d0     nortos.am263px.r5f.ti-arm-clang.debug.lib : AddrTranslateP_32bit.obj (.text.AddrTranslateP_getLocalAddr)
                  70189c60    000000ce     drivers.am263px.r5f.ti-arm-clang.nortos.debug.lib : edma.obj (.text.EDMA_disableChInShadowRegRegion)
                  70189d2e    00000002     --HOLE-- [fill = 0]
                  70189d30    000000cc                                                       : edma.obj (.text.EDMA_enableChInShadowRegRegion)
                  70189dfc    00000004     --HOLE-- [fill = 0]
                  70189e00    000000c4                                                       : edma.obj (.text.EDMA_mapChToEvtQ)
                  70189ec4    0000000c     --HOLE-- [fill = 0]
                  70189ed0    000000c0                                                       : edma.obj (.text.EDMA_configureChannelRegion)
                  70189f90    000000c0                                                       : soc_rcm.obj (.text.SOC_rcmGetPerHSDivOut)
                  7018a050    000000c0                                                       : uart_v0.obj (.text.UART_flushTxFifo)
                  7018a110    000000c0     nortos.am263px.r5f.ti-arm-clang.debug.lib : printf.obj (.text._out_rev)
                  7018a1d0    000000be                                               : ClockP_nortos.obj (.text.ClockP_timerTickIsr)
                  7018a28e    00000002     --HOLE-- [fill = 0]
                  7018a290    000000be     ti_dpl_config.o (.text.TimerP_init)
                  7018a34e    00000002     --HOLE-- [fill = 0]
                  7018a350    000000ba     nortos.am263px.r5f.ti-arm-clang.debug.lib : ClockP_nortos.obj (.text.ClockP_stop)
                  7018a40a    00000006     --HOLE-- [fill = 0]
                  7018a410    000000ba     drivers.am263px.r5f.ti-arm-clang.nortos.debug.lib : ipc_notify_v1.obj (.text.IpcNotify_waitSync)
                  7018a4ca    00000006     --HOLE-- [fill = 0]
                  7018a4d0    000000ba     nortos.am263px.r5f.ti-arm-clang.debug.lib : PmuP_armv7r.obj (.text.pmu)
                  7018a58a    00000006     --HOLE-- [fill = 0]
                  7018a590    000000b0     drivers.am263px.r5f.ti-arm-clang.nortos.debug.lib : mcan.obj (.text.MCAN_writeMsgRam)
                  7018a640    000000b0                                                       : soc_rcm.obj (.text.SOC_rcmSetPeripheralClock)
                  7018a6f0    000000b0                                                       : uart_v0.obj (.text.UART_init)
                  7018a7a0    000000b0     imu_interface_isr.o (.text.imu_uart_isr)
                  7018a850    000000ae     drivers.am263px.r5f.ti-arm-clang.nortos.debug.lib : mcan.obj (.text.MCAN_getOffsetAddr)
                  7018a8fe    00000002     --HOLE-- [fill = 0]
                  7018a900    000000ae     main.o (.text.copy_motor_commands_to_working)
                  7018a9ae    00000002     --HOLE-- [fill = 0]
                  7018a9b0    000000ae     gateway_shared.o (.text.gateway_write_motor_states)
                  7018aa5e    00000002     --HOLE-- [fill = 0]
                  7018aa60    000000ac     gateway_shared.o (.text.gateway_core1_wait_for_ready)
                  7018ab0c    00000004     --HOLE-- [fill = 0]
                  7018ab10    000000a8     nortos.am263px.r5f.ti-arm-clang.debug.lib : ClockP_nortos.obj (.text.ClockP_addToList)
                  7018abb8    00000008     --HOLE-- [fill = 0]
                  7018abc0    000000a8                                               : ClockP_nortos.obj (.text.ClockP_destruct)
                  7018ac68    00000008     --HOLE-- [fill = 0]
                  7018ac70    000000a8     ti_drivers_open_close.o (.text.Drivers_uartOpen)
                  7018ad18    00000008     --HOLE-- [fill = 0]
                  7018ad20    000000a0     drivers.am263px.r5f.ti-arm-clang.nortos.debug.lib : soc_rcm.obj (.text.SOC_rcmGetCoreHSDivOut)
                  7018adc0    0000009e     gateway_shared.o (.text.gateway_core1_ipc_callback)
                  7018ae5e    00000002     --HOLE-- [fill = 0]
                  7018ae60    0000009e     yis320_protocol.o (.text.validate_checksum)
                  7018aefe    00000002     --HOLE-- [fill = 0]
                  7018af00    0000009a     imu_interface_isr.o (.text.imu_uart_read)
                  7018af9a    00000006     --HOLE-- [fill = 0]
                  7018afa0    00000098     drivers.am263px.r5f.ti-arm-clang.nortos.debug.lib : ipc_notify_v1.obj (.text.IpcNotify_registerClient)
                  7018b038    00000008     --HOLE-- [fill = 0]
                  7018b040    00000096                                                       : uart_v0_lld.obj (.text.UART_subConfigTCRTLRModeEn)
                  7018b0d6    0000000a     --HOLE-- [fill = 0]
                  7018b0e0    00000092     nortos.am263px.r5f.ti-arm-clang.debug.lib : ClockP_nortos.obj (.text.ClockP_getTimeUsec)
                  7018b172    0000000e     --HOLE-- [fill = 0]
                  7018b180    00000092     drivers.am263px.r5f.ti-arm-clang.nortos.debug.lib : edma.obj (.text.EDMA_unmapChToEvtQ)
                  7018b212    0000000e     --HOLE-- [fill = 0]
                  7018b220    00000092     motor_mapping.o (.text.float_to_uint)
                  7018b2b2    0000000e     --HOLE-- [fill = 0]
                  7018b2c0    00000092     yis320_protocol.o (.text.yis320_convert_to_ipc)
                  7018b352    0000000e     --HOLE-- [fill = 0]
                  7018b360    0000008c     drivers.am263px.r5f.ti-arm-clang.nortos.debug.lib : edma.obj (.text.EDMA_disableTransferRegion)
                  7018b3ec    00000004     --HOLE-- [fill = 0]
                  7018b3f0    0000008c                                                       : edma.obj (.text.EDMA_enableTransferRegion)
                  7018b47c    00000004     --HOLE-- [fill = 0]
                  7018b480    00000088                                                       : uart_dma_edma.obj (.text.UART_edmaIsrRx)
                  7018b508    00000008     --HOLE-- [fill = 0]
                  7018b510    00000088                                                       : uart_dma_edma.obj (.text.UART_edmaIsrTx)
                  7018b598    00000008     --HOLE-- [fill = 0]
                  7018b5a0    00000086                                                       : uart_v0_lld.obj (.text.UART_lld_flushTxFifo)
                  7018b626    0000000a     --HOLE-- [fill = 0]
                  7018b630    00000086                                                       : uart_v0_lld.obj (.text.UART_tcrTlrBitValRestore)
                  7018b6b6    0000000a     --HOLE-- [fill = 0]
                  7018b6c0    00000082                                                       : edma.obj (.text.EDMA_allocDmaChannel)
                  7018b742    0000000e     --HOLE-- [fill = 0]
                  7018b750    00000082                                                       : edma.obj (.text.EDMA_allocParam)
                  7018b7d2    0000000e     --HOLE-- [fill = 0]
                  7018b7e0    00000082                                                       : edma.obj (.text.EDMA_allocTcc)
                  7018b862    0000000e     --HOLE-- [fill = 0]
                  7018b870    00000082                                                       : edma.obj (.text.EDMA_disableTccInShadowRegRegion)
                  7018b8f2    0000000e     --HOLE-- [fill = 0]
                  7018b900    00000082                                                       : edma.obj (.text.EDMA_enableTccInShadowRegRegion)
                  7018b982    0000000e     --HOLE-- [fill = 0]
                  7018b990    00000082                                                       : ipc_notify_v1.obj (.text.IpcNotify_syncAll)
                  7018ba12    0000000e     --HOLE-- [fill = 0]
                  7018ba20    00000082     imu_protocol_handler.o (.text.imu_protocol_manager_init)
                  7018baa2    0000000e     --HOLE-- [fill = 0]
                  7018bab0    00000080     drivers.am263px.r5f.ti-arm-clang.nortos.debug.lib : mcan.obj (.text.MCAN_addStdMsgIDFilter)
                  7018bb30    00000080                                                       : uart_v0_lld.obj (.text.UART_moduleReset)
                  7018bbb0    0000007e     ti_drivers_config.o (.text.System_init)
                  7018bc2e    00000002     --HOLE-- [fill = 0]
                  7018bc30    0000007e     drivers.am263px.r5f.ti-arm-clang.nortos.debug.lib : uart_v0_lld.obj (.text.UART_readData)
                  7018bcae    00000002     --HOLE-- [fill = 0]
                  7018bcb0    0000007c     nortos.am263px.r5f.ti-arm-clang.debug.lib : DebugP_log.obj (.text._DebugP_assert)
                  7018bd2c    00000004     --HOLE-- [fill = 0]
                  7018bd30    0000007c     gateway_shared.o (.text.gateway_ringbuf_core1_init)
                  7018bdac    00000004     --HOLE-- [fill = 0]
                  7018bdb0    0000007a     drivers.am263px.r5f.ti-arm-clang.nortos.debug.lib : ipc_notify_v1.obj (.text.IpcNotify_mailboxWrite)
                  7018be2a    00000006     --HOLE-- [fill = 0]
                  7018be30    0000007a                                                       : uart_v0.obj (.text.UART_Params_init)
                  7018beaa    00000006     --HOLE-- [fill = 0]
                  7018beb0    0000007a     gateway_shared.o (.text.gateway_write_imu_state)
                  7018bf2a    00000006     --HOLE-- [fill = 0]
                  7018bf30    00000078     drivers.am263px.r5f.ti-arm-clang.nortos.debug.lib : edma.obj (.text.EDMA_linkChannel)
                  7018bfa8    00000008     --HOLE-- [fill = 0]
                  7018bfb0    00000074                                                       : uart_v0_lld.obj (.text.UART_IsBaseAddrValid)
                  7018c024    0000000c     --HOLE-- [fill = 0]
                  7018c030    00000072     nortos.am263px.r5f.ti-arm-clang.debug.lib : ClockP_nortos.obj (.text.ClockP_usleep)
                  7018c0a2    0000000e     --HOLE-- [fill = 0]
                  7018c0b0    00000072     drivers.am263px.r5f.ti-arm-clang.nortos.debug.lib : edma.obj (.text.EDMA_clrMissEvtRegion)
                  7018c122    0000000e     --HOLE-- [fill = 0]
                  7018c130    00000072                                                       : ipc_notify_v1.obj (.text.IpcNotify_makeMsg)
                  7018c1a2    0000000e     --HOLE-- [fill = 0]
                  7018c1b0    0000006e     yis320_protocol.o (.text.find_frame_header_limited)
                  7018c21e    00000002     --HOLE-- [fill = 0]
                  7018c220    0000006a     drivers.am263px.r5f.ti-arm-clang.nortos.debug.lib : ipc_notify_v1.obj (.text.IpcNotify_mailboxReadSwQ)
                  7018c28a    00000006     --HOLE-- [fill = 0]
                  7018c290    00000068                                                       : edma.obj (.text.EDMA_getBaseAddr)
                  7018c2f8    00000008     --HOLE-- [fill = 0]
                  7018c300    00000068                                                       : uart_v0_lld.obj (.text.UART_divisorValCompute)
                  7018c368    00000008     --HOLE-- [fill = 0]
                  7018c370    00000068     imu_protocol_handler.o (.text.imu_protocol_get_state)
                  7018c3d8    00000008     --HOLE-- [fill = 0]
                  7018c3e0    00000064     drivers.am263px.r5f.ti-arm-clang.nortos.debug.lib : soc_rcm.obj (.text.SOC_rcmGetR5Clock)
                  7018c444    0000000c     --HOLE-- [fill = 0]
                  7018c450    00000064                                                       : soc_rcm.obj (.text.SOC_rcmIsR5FInLockStepMode)
                  7018c4b4    0000000c     --HOLE-- [fill = 0]
                  7018c4c0    00000064                                                       : uart_v0_lld.obj (.text.UART_fifoRegisterWrite)
                  7018c524    0000000c     --HOLE-- [fill = 0]
                  7018c530    00000064                                                       : uart_v0_lld.obj (.text.UART_lld_deInitDma)
                  7018c594    0000000c     --HOLE-- [fill = 0]
                  7018c5a0    00000064     imu_protocol_handler.o (.text.imu_protocol_process_uart_rx)
                  7018c604    0000000c     --HOLE-- [fill = 0]
                  7018c610    00000062     drivers.am263px.r5f.ti-arm-clang.nortos.debug.lib : mcan.obj (.text.MCAN_enableIntr)
                  7018c672    0000000e     --HOLE-- [fill = 0]
                  7018c680    00000062                                                       : mcan.obj (.text.MCAN_initTxBufElement)
                  7018c6e2    0000000e     --HOLE-- [fill = 0]
                  7018c6f0    00000062                                                       : soc_rcm.obj (.text.SOC_rcmInsert16)
                  7018c752    0000000e     --HOLE-- [fill = 0]
                  7018c760    00000062     nortos.am263px.r5f.ti-arm-clang.debug.lib : SemaphoreP_nortos.obj (.text.SemaphoreP_post)
                  7018c7c2    0000000e     --HOLE-- [fill = 0]
                  7018c7d0    00000060     drivers.am263px.r5f.ti-arm-clang.nortos.debug.lib : mcan.obj (.text.MCAN_selectIntrLine)
                  7018c830    00000060                                                       : uart_v0_lld.obj (.text.UART_getChar)
                  7018c890    00000060                                                       : uart_v0_lld.obj (.text.UART_writeData)
                  7018c8f0    0000005e     yis320_protocol.o (.text.yis320_protocol_handler_init)
                  7018c94e    00000002     --HOLE-- [fill = 0]
                  7018c950    0000005c     ti_power_clock_config.o (.text.Module_clockSetFrequency)
                  7018c9ac    00000004     --HOLE-- [fill = 0]
                  7018c9b0    0000005c     drivers.am263px.r5f.ti-arm-clang.nortos.debug.lib : uart_v0_lld.obj (.text.UART_lld_deInit)
                  7018ca0c    00000004     --HOLE-- [fill = 0]
                  7018ca10    0000005a                                                       : uart_v0_lld.obj (.text.UART_regConfigModeEnable)
                  7018ca6a    00000006     --HOLE-- [fill = 0]
                  7018ca70    00000058                                                       : soc_rcm.obj (.text.SOC_rcmGetModuleClkDivVal)
                  7018cac8    00000008     --HOLE-- [fill = 0]
                  7018cad0    00000058     yis320_protocol.o (.text.parse_angular_velocity)
                  7018cb28    00000008     --HOLE-- [fill = 0]
                  7018cb30    00000058     yis320_protocol.o (.text.parse_euler_angles)
                  7018cb88    00000008     --HOLE-- [fill = 0]
                  7018cb90    00000056     drivers.am263px.r5f.ti-arm-clang.nortos.debug.lib : uart_v0.obj (.text.UART_lld_readCompleteCallback)
                  7018cbe6    0000000a     --HOLE-- [fill = 0]
                  7018cbf0    00000056                                                       : uart_v0.obj (.text.UART_lld_writeCompleteCallback)
                  7018cc46    0000000a     --HOLE-- [fill = 0]
                  7018cc50    00000056     motor_mapping.o (.text.uint16_to_float)
                  7018cca6    0000000a     --HOLE-- [fill = 0]
                  7018ccb0    00000056     yis320_protocol.o (.text.vtable_initialize)
                  7018cd06    0000000a     --HOLE-- [fill = 0]
                  7018cd10    00000054     ti_dpl_config.o (.text.Dpl_init)
                  7018cd64    0000000c     --HOLE-- [fill = 0]
                  7018cd70    00000054     drivers.am263px.r5f.ti-arm-clang.nortos.debug.lib : edma.obj (.text.EDMA_setPaRAM)
                  7018cdc4    0000000c     --HOLE-- [fill = 0]
                  7018cdd0    00000054                                                       : uart_v0_lld.obj (.text.UART_OperModeValid)
                  7018ce24    0000000c     --HOLE-- [fill = 0]
                  7018ce30    00000054     main.o (.text.main)
                  7018ce84    00000054     libc.a : autoinit.c.obj (.text:__TI_auto_init_nobinit_nopinit)
                  7018ced8    00000008     --HOLE-- [fill = 0]
                  7018cee0    00000050     ti_drivers_open_close.o (.text.Drivers_uartClose)
                  7018cf30    00000050     drivers.am263px.r5f.ti-arm-clang.nortos.debug.lib : pinmux.obj (.text.Pinmux_config)
                  7018cf80    00000050                                                       : uart_v0_lld.obj (.text.UART_checkCharsAvailInFifo)
                  7018cfd0    00000050     main.o (.text.ipc_notify_callback_fxn)
                  7018d020    0000004e     nortos.am263px.r5f.ti-arm-clang.debug.lib : DebugP_shmLogWriter.obj (.text.DebugP_shmLogWriterInit)
                  7018d06e    00000002     --HOLE-- [fill = 0]
                  7018d070    0000004e     drivers.am263px.r5f.ti-arm-clang.nortos.debug.lib : edma.obj (.text.EDMA_clrEvtRegion)
                  7018d0be    00000002     --HOLE-- [fill = 0]
                  7018d0c0    0000004e                                                       : edma.obj (.text.EDMA_disableDmaEvtRegion)
                  7018d10e    00000002     --HOLE-- [fill = 0]
                  7018d110    0000004e                                                       : edma.obj (.text.EDMA_disableEvtIntrRegion)
                  7018d15e    00000002     --HOLE-- [fill = 0]
                  7018d160    0000004e                                                       : edma.obj (.text.EDMA_enableDmaEvtRegion)
                  7018d1ae    00000002     --HOLE-- [fill = 0]
                  7018d1b0    0000004e                                                       : edma.obj (.text.EDMA_enableEvtIntrRegion)
                  7018d1fe    00000002     --HOLE-- [fill = 0]
                  7018d200    0000004e                                                       : edma.obj (.text.EDMA_setEvtRegion)
                  7018d24e    00000002     --HOLE-- [fill = 0]
                  7018d250    0000004e                                                       : gpio.obj (.text.GPIO_setDirMode)
                  7018d29e    00000002     --HOLE-- [fill = 0]
                  7018d2a0    0000004e                                                       : mcan.obj (.text.MCAN_enableIntrLine)
                  7018d2ee    00000002     --HOLE-- [fill = 0]
                  7018d2f0    0000004c     nortos.am263px.r5f.ti-arm-clang.debug.lib : ClockP_nortos.obj (.text.ClockP_construct)
                  7018d33c    00000004     --HOLE-- [fill = 0]
                  7018d340    0000004c     drivers.am263px.r5f.ti-arm-clang.nortos.debug.lib : edma.obj (.text.EDMA_ccPaRAMEntry_init)
                  7018d38c    00000004     --HOLE-- [fill = 0]
                  7018d390    0000004c                                                       : edma.obj (.text.EDMA_mapQdmaChToPaRAM)
                  7018d3dc    00000004     --HOLE-- [fill = 0]
                  7018d3e0    0000004c                                                       : edma.obj (.text.EDMA_readEventStatusRegion)
                  7018d42c    00000004     --HOLE-- [fill = 0]
                  7018d430    0000004c                                                       : ipc_notify_v1.obj (.text.IpcNotify_unregisterClient)
                  7018d47c    00000004     --HOLE-- [fill = 0]
                  7018d480    0000004c     ti_power_clock_config.o (.text.Module_clockEnable)
                  7018d4cc    00000004     --HOLE-- [fill = 0]
                  7018d4d0    0000004c     gateway_shared.o (.text.gateway_update_stat)
                  7018d51c    0000004c     libc.a : memmov.c.obj (.text.memmove)
                  7018d568    00000008     --HOLE-- [fill = 0]
                  7018d570    0000004c     yis320_protocol.o (.text.parse_quaternion)
                  7018d5bc    00000004     --HOLE-- [fill = 0]
                  7018d5c0    0000004c     main.o (.text.timerISR)
                  7018d60c    00000004     --HOLE-- [fill = 0]
                  7018d610    0000004a     can_interface.o (.text.CAN_GetStats)
                  7018d65a    00000006     --HOLE-- [fill = 0]
                  7018d660    0000004a     drivers.am263px.r5f.ti-arm-clang.nortos.debug.lib : ipc_notify_v1.obj (.text.IpcNotify_Params_init)
                  7018d6aa    00000006     --HOLE-- [fill = 0]
                  7018d6b0    0000004a                                                       : soc_rcm.obj (.text.SOC_rcmGetCR5SysclkInFrequency)
                  7018d6fa    00000006     --HOLE-- [fill = 0]
                  7018d700    0000004a                                                       : uart_v0_lld.obj (.text.UART_getIntrIdentityStatus)
                  7018d74a    00000006     --HOLE-- [fill = 0]
                  7018d750    0000004a                                                       : uart_v0_lld.obj (.text.UART_lineCharConfig)
                  7018d79a    00000006     --HOLE-- [fill = 0]
                  7018d7a0    0000004a     main.o (.text.motor_get_index)
                  7018d7ea    00000006     --HOLE-- [fill = 0]
                  7018d7f0    00000048     can_interface.o (.text.CAN_RegisterRxCallback)
                  7018d838    00000008     --HOLE-- [fill = 0]
                  7018d840    00000048     drivers.am263px.r5f.ti-arm-clang.nortos.debug.lib : uart_v0_lld.obj (.text.UART_resetModule)
                  7018d888    00000008     --HOLE-- [fill = 0]
                  7018d890    00000046                                                       : uart_v0_lld.obj (.text.UART_i2310WA)
                  7018d8d6    0000000a     --HOLE-- [fill = 0]
                  7018d8e0    00000046                                                       : uart_v0_lld.obj (.text.UART_readLineStatus)
                  7018d926    0000000a     --HOLE-- [fill = 0]
                  7018d930    00000046     gateway_shared.o (.text.gateway_ringbuf_get_available)
                  7018d976    0000000a     --HOLE-- [fill = 0]
                  7018d980    00000046     imu_protocol_handler.o (.text.imu_protocol_handler_init)
                  7018d9c6    0000000a     --HOLE-- [fill = 0]
                  7018d9d0    00000044     drivers.am263px.r5f.ti-arm-clang.nortos.debug.lib : ipc_notify_v1.obj (.text.IpcNotify_getWriteMailbox)
                  7018da14    0000000c     --HOLE-- [fill = 0]
                  7018da20    00000044                                                       : soc_rcm.obj (.text.SOC_rcmExtract8)
                  7018da64    0000000c     --HOLE-- [fill = 0]
                  7018da70    00000044                                                       : soc_rcm.obj (.text.SOC_rcmMake16)
                  7018dab4    0000000c     --HOLE-- [fill = 0]
                  7018dac0    00000044     nortos.am263px.r5f.ti-arm-clang.debug.lib : SemaphoreP_nortos.obj (.text.SemaphoreP_construct)
                  7018db04    0000000c     --HOLE-- [fill = 0]
                  7018db10    00000044                                               : DebugP_nortos.obj (.text._DebugP_logZone)
                  7018db54    0000000c     --HOLE-- [fill = 0]
                  7018db60    00000044                                               : printf.obj (.text._strnlen_s)
                  7018dba4    0000000c     --HOLE-- [fill = 0]
                  7018dbb0    00000042                                               : ClockP_nortos.obj (.text.ClockP_start)
                  7018dbf2    0000000e     --HOLE-- [fill = 0]
                  7018dc00    00000042     drivers.am263px.r5f.ti-arm-clang.nortos.debug.lib : uart_v0.obj (.text.UART_checkOpenParams)
                  7018dc42    0000000e     --HOLE-- [fill = 0]
                  7018dc50    00000040     imu_protocol_handler.o (.text.imu_protocol_update_state)
                  7018dc90    0000003e     drivers.am263px.r5f.ti-arm-clang.nortos.debug.lib : pinmux.obj (.text.Pinmux_unlockMMR)
                  7018dcce    00000002     --HOLE-- [fill = 0]
                  7018dcd0    0000003e                                                       : uart_v0_lld.obj (.text.UART_IsHWFlowCtrlValid)
                  7018dd0e    00000002     --HOLE-- [fill = 0]
                  7018dd10    0000003e                                                       : uart_v0_lld.obj (.text.UART_spaceAvail)
                  7018dd4e    00000002     --HOLE-- [fill = 0]
                  7018dd50    0000003e     gateway_shared.o (.text.gateway_core1_init)
                  7018dd8e    00000002     --HOLE-- [fill = 0]
                  7018dd90    0000003e     gateway_shared.o (.text.gateway_update_heartbeat)
                  7018ddce    00000002     --HOLE-- [fill = 0]
                  7018ddd0    0000003c     drivers.am263px.r5f.ti-arm-clang.nortos.debug.lib : uart_v0_lld.obj (.text.UART_IsParityTypeValid)
                  7018de0c    00000004     --HOLE-- [fill = 0]
                  7018de10    0000003c                                                       : uart_v0_lld.obj (.text.UART_IsTxRxFifoEmpty)
                  7018de4c    00000004     --HOLE-- [fill = 0]
                  7018de50    0000003c                                                       : uart_v0_lld.obj (.text.UART_enhanFuncEnable)
                  7018de8c    00000004     --HOLE-- [fill = 0]
                  7018de90    0000003a                                                       : mcan.obj (.text.MCAN_txBufAddReq)
                  7018deca    00000006     --HOLE-- [fill = 0]
                  7018ded0    0000003a                                                       : soc.obj (.text.SOC_moduleSetClockFrequency)
                  7018df0a    00000006     --HOLE-- [fill = 0]
                  7018df10    0000003a     nortos.am263px.r5f.ti-arm-clang.debug.lib : printf.obj (.text._atoi)
                  7018df4a    00000006     --HOLE-- [fill = 0]
                  7018df50    0000003a     main.o (.text.check_motor_commands_available)
                  7018df8a    00000006     --HOLE-- [fill = 0]
                  7018df90    0000003a     main.o (.text.init_1000hz_timer)
                  7018dfca    00000006     --HOLE-- [fill = 0]
                  7018dfd0    0000003a     nortos.am263px.r5f.ti-arm-clang.debug.lib : printf.obj (.text.snprintf_)
                  7018e00a    00000006     --HOLE-- [fill = 0]
                  7018e010    00000038     drivers.am263px.r5f.ti-arm-clang.nortos.debug.lib : soc.obj (.text.SOC_getCoreName)
                  7018e048    00000038     nortos.am263px.r5f.ti-arm-clang.debug.lib : PmuP_armv7r_asm.obj (.text.pmu)
                  7018e080    00000038     yis320_protocol.o (.text.vtable_is_connected)
                  7018e0b8    00000008     --HOLE-- [fill = 0]
                  7018e0c0    00000036     drivers.am263px.r5f.ti-arm-clang.nortos.debug.lib : edma.obj (.text.EDMA_getRegionId)
                  7018e0f6    0000000a     --HOLE-- [fill = 0]
                  7018e100    00000036     can_interface.o (.text.GPIO_pinWriteLow)
                  7018e136    0000000a     --HOLE-- [fill = 0]
                  7018e140    00000036     ti_drivers_config.o (.text.GPIO_pinWriteLow)
                  7018e176    0000000a     --HOLE-- [fill = 0]
                  7018e180    00000036     drivers.am263px.r5f.ti-arm-clang.nortos.debug.lib : ipc_notify_v1.obj (.text.IpcNotify_syncCallback)
                  7018e1b6    0000000a     --HOLE-- [fill = 0]
                  7018e1c0    00000034                                                       : mcan.obj (.text.MCAN_SsAddr)
                  7018e1f4    0000000c     --HOLE-- [fill = 0]
                  7018e200    00000034                                                       : mcan.obj (.text.MCAN_calcCfgAddr)
                  7018e234    0000000c     --HOLE-- [fill = 0]
                  7018e240    00000034                                                       : pinmux.obj (.text.Pinmux_lockMMR)
                  7018e274    0000000c     --HOLE-- [fill = 0]
                  7018e280    00000034     nortos.am263px.r5f.ti-arm-clang.debug.lib : TimerP_rti_priv.obj (.text.TimerP_Params_initPriv)
                  7018e2b4    0000000c     --HOLE-- [fill = 0]
                  7018e2c0    00000034     drivers.am263px.r5f.ti-arm-clang.nortos.debug.lib : uart_v0_lld.obj (.text.UART_IsDataLengthValid)
                  7018e2f4    0000000c     --HOLE-- [fill = 0]
                  7018e300    00000034     motor_mapping.o (.text.motor_get_config)
                  7018e334    0000000c     --HOLE-- [fill = 0]
                  7018e340    00000032     drivers.am263px.r5f.ti-arm-clang.nortos.debug.lib : mcan.obj (.text.HW_WR_FIELD32_RAW)
                  7018e372    0000000e     --HOLE-- [fill = 0]
                  7018e380    00000032                                                       : uart_v0_lld.obj (.text.HW_WR_FIELD32_RAW)
                  7018e3b2    0000000e     --HOLE-- [fill = 0]
                  7018e3c0    00000032                                                       : ipc_notify_v1.obj (.text.IpcNotify_mailboxIsPendingIntr)
                  7018e3f2    0000000e     --HOLE-- [fill = 0]
                  7018e400    00000032                                                       : mcan.obj (.text.MCAN_isMemInitDone)
                  7018e432    0000000e     --HOLE-- [fill = 0]
                  7018e440    00000032     nortos.am263px.r5f.ti-arm-clang.debug.lib : TimerP_rti_priv.obj (.text.TimerP_getCountPriv)
                  7018e472    0000000e     --HOLE-- [fill = 0]
                  7018e480    00000032     drivers.am263px.r5f.ti-arm-clang.nortos.debug.lib : uart_v0_lld.obj (.text.UART_enhanFuncBitValRestore)
                  7018e4b2    0000000e     --HOLE-- [fill = 0]
                  7018e4c0    00000032                                                       : uart_v0_lld.obj (.text.UART_hardwareFlowCtrlOptSet)
                  7018e4f2    0000000e     --HOLE-- [fill = 0]
                  7018e500    00000030                                                       : ipc_notify_v1.obj (.text.IpcNotify_getReadSwQ)
                  7018e530    00000030                                                       : uart_v0_lld.obj (.text.UART_flowCtrlTrigLvlConfig)
                  7018e560    00000030     gateway_shared.o (.text.gateway_signal_motor_config_ready)
                  7018e590    0000002e     drivers.am263px.r5f.ti-arm-clang.nortos.debug.lib : uart_dma_edma.obj (.text.UART_lld_dmaInit)
                  7018e5be    00000002     --HOLE-- [fill = 0]
                  7018e5c0    0000002e     nortos.am263px.r5f.ti-arm-clang.debug.lib : printf.obj (.text._is_digit)
                  7018e5ee    00000002     --HOLE-- [fill = 0]
                  7018e5f0    0000002c                                               : DebugP_log.obj (.text.DebugP_logZoneEnable)
                  7018e61c    00000004     --HOLE-- [fill = 0]
                  7018e620    0000002c     drivers.am263px.r5f.ti-arm-clang.nortos.debug.lib : ipc_notify_v1.obj (.text.IpcNotify_getReadMailbox)
                  7018e64c    00000004     --HOLE-- [fill = 0]
                  7018e650    0000002c                                                       : mcan.obj (.text.MCAN_clearNewDataStatus)
                  7018e67c    00000004     --HOLE-- [fill = 0]
                  7018e680    0000002c                                                       : mcan.obj (.text.MCAN_getNewDataStatus)
                  7018e6ac    00000004     --HOLE-- [fill = 0]
                  7018e6b0    0000002c     nortos.am263px.r5f.ti-arm-clang.debug.lib : SemaphoreP_nortos.obj (.text.SemaphoreP_constructBinary)
                  7018e6dc    00000004     --HOLE-- [fill = 0]
                  7018e6e0    0000002c     yis320_protocol.o (.text.vtable_deinit)
                  7018e70c    00000004     --HOLE-- [fill = 0]
                  7018e710    0000002a     nortos.am263px.r5f.ti-arm-clang.debug.lib : ClockP_nortos.obj (.text.ClockP_sleepTicks)
                  7018e73a    00000006     --HOLE-- [fill = 0]
                  7018e740    0000002a     drivers.am263px.r5f.ti-arm-clang.nortos.debug.lib : uart_v0_lld.obj (.text.UART_intr2Disable)
                  7018e76a    00000006     --HOLE-- [fill = 0]
                  7018e770    0000002a                                                       : uart_v0_lld.obj (.text.UART_operatingModeSelect)
                  7018e79a    00000006     --HOLE-- [fill = 0]
                  7018e7a0    0000002a     imu_protocol_handler.o (.text.imu_process_rx_data)
                  7018e7ca    00000006     --HOLE-- [fill = 0]
                  7018e7d0    00000028     nortos.am263px.r5f.ti-arm-clang.debug.lib : CpuId_armv7r.obj (.text.CSL_armR5GetCpuID)
                  7018e7f8    00000008     --HOLE-- [fill = 0]
                  7018e800    00000028                                               : printf.obj (.text.vprintf_)
                  7018e828    00000008     --HOLE-- [fill = 0]
                  7018e830    00000026     drivers.am263px.r5f.ti-arm-clang.nortos.debug.lib : edma.obj (.text.EDMA_disableQdmaEvtRegion)
                  7018e856    0000000a     --HOLE-- [fill = 0]
                  7018e860    00000026                                                       : edma.obj (.text.EDMA_enableQdmaEvtRegion)
                  7018e886    0000000a     --HOLE-- [fill = 0]
                  7018e890    00000026                                                       : edma.obj (.text.EDMA_validateIntrObject)
                  7018e8b6    0000000a     --HOLE-- [fill = 0]
                  7018e8c0    00000026     ti_drivers_config.o (.text.IpcNotify_allocSwQueue)
                  7018e8e6    0000000a     --HOLE-- [fill = 0]
                  7018e8f0    00000026     nortos.am263px.r5f.ti-arm-clang.debug.lib : printf.obj (.text._out_buffer)
                  7018e916    0000000a     --HOLE-- [fill = 0]
                  7018e920    00000024     ti_drivers_config.o (.text.IpcNotify_getConfig)
                  7018e944    0000000c     --HOLE-- [fill = 0]
                  7018e950    00000024     nortos.am263px.r5f.ti-arm-clang.debug.lib : SemaphoreP_nortos.obj (.text.SemaphoreP_constructMutex)
                  7018e974    0000000c     --HOLE-- [fill = 0]
                  7018e980    00000024     drivers.am263px.r5f.ti-arm-clang.nortos.debug.lib : uart_v0_lld.obj (.text.UART_IsRxTrigLvlValid)
                  7018e9a4    0000000c     --HOLE-- [fill = 0]
                  7018e9b0    00000024                                                       : uart_v0_lld.obj (.text.UART_IsStopBitsValid)
                  7018e9d4    0000000c     --HOLE-- [fill = 0]
                  7018e9e0    00000024                                                       : uart_v0_lld.obj (.text.UART_IsTxTrigLvlValid)
                  7018ea04    0000000c     --HOLE-- [fill = 0]
                  7018ea10    00000024                                                       : uart_v0.obj (.text.UART_getBaseAddr)
                  7018ea34    00000024     libclang_rt.builtins.a : aeabi_uldivmod.S.obj (.text.__aeabi_uldivmod)
                  7018ea58    00000008     --HOLE-- [fill = 0]
                  7018ea60    00000024     nortos.am263px.r5f.ti-arm-clang.debug.lib : printf.obj (.text._out_char)
                  7018ea84    0000000c     --HOLE-- [fill = 0]
                  7018ea90    00000022     drivers.am263px.r5f.ti-arm-clang.nortos.debug.lib : edma.obj (.text.EDMA_channelToParamMap)
                  7018eab2    0000000e     --HOLE-- [fill = 0]
                  7018eac0    00000022     gateway_shared.o (.text.gateway_ringbuf_core1_receive)
                  7018eae2    0000000e     --HOLE-- [fill = 0]
                  7018eaf0    00000020     nortos.am263px.r5f.ti-arm-clang.debug.lib : ClockP_nortos.obj (.text.ClockP_isActive)
                  7018eb10    00000020                                               : ClockP_nortos.obj (.text.ClockP_usecToTicks)
                  7018eb30    00000020     drivers.am263px.r5f.ti-arm-clang.nortos.debug.lib : mcan.obj (.text.HW_RD_FIELD32_RAW)
                  7018eb50    00000020                                                       : uart_v0_lld.obj (.text.HW_RD_FIELD32_RAW)
                  7018eb70    0000001e     nortos.am263px.r5f.ti-arm-clang.debug.lib : ClockP_nortos.obj (.text.ClockP_Params_init)
                  7018eb8e    00000002     --HOLE-- [fill = 0]
                  7018eb90    0000001e     drivers.am263px.r5f.ti-arm-clang.nortos.debug.lib : edma.obj (.text.EDMA_getEventStatusHigh)
                  7018ebae    00000002     --HOLE-- [fill = 0]
                  7018ebb0    0000001e                                                       : mcan.obj (.text.MCAN_setOpMode)
                  7018ebce    00000002     --HOLE-- [fill = 0]
                  7018ebd0    0000001e                                                       : soc.obj (.text.SOC_getSelfCpuClk)
                  7018ebee    00000002     --HOLE-- [fill = 0]
                  7018ebf0    0000001e                                                       : soc.obj (.text.SOC_moduleClockEnable)
                  7018ec0e    00000002     --HOLE-- [fill = 0]
                  7018ec10    0000001e     ti_dpl_config.o (.text.TimerP_isr0)
                  7018ec2e    00000002     --HOLE-- [fill = 0]
                  7018ec30    0000001e     drivers.am263px.r5f.ti-arm-clang.nortos.debug.lib : uart_v0_lld.obj (.text.UART_breakCtl)
                  7018ec4e    00000002     --HOLE-- [fill = 0]
                  7018ec50    0000001e                                                       : uart_v0_lld.obj (.text.UART_lld_Transaction_deInit)
                  7018ec6e    00000002     --HOLE-- [fill = 0]
                  7018ec70    0000001c                                                       : edma.obj (.text.EDMA_getEventStatus)
                  7018ec8c    00000004     --HOLE-- [fill = 0]
                  7018ec90    0000001c                                                       : mcan.obj (.text.MCAN_writeProtectedRegAccessLock)
                  7018ecac    00000004     --HOLE-- [fill = 0]
                  7018ecb0    0000001c                                                       : mcan.obj (.text.MCAN_writeProtectedRegAccessUnlock)
                  7018eccc    00000004     --HOLE-- [fill = 0]
                  7018ecd0    0000001c                                                       : uart_v0_lld.obj (.text.UART_IsParameter)
                  7018ecec    0000001c     libc.a : memcpy32.S.obj (.text:TI_memcpy_small)
                  7018ed08    00000008     --HOLE-- [fill = 0]
                  7018ed10    0000001a     drivers.am263px.r5f.ti-arm-clang.nortos.debug.lib : mcan.obj (.text.MCAN_clearIntrStatus)
                  7018ed2a    00000006     --HOLE-- [fill = 0]
                  7018ed30    0000001a                                                       : mcan.obj (.text.MCAN_getOpMode)
                  7018ed4a    00000006     --HOLE-- [fill = 0]
                  7018ed50    0000001a                                                       : uart_v0_lld.obj (.text.UART_fifoCharGet)
                  7018ed6a    00000006     --HOLE-- [fill = 0]
                  7018ed70    0000001a                                                       : uart_v0_lld.obj (.text.UART_timeGuardConfig)
                  7018ed8a    00000006     --HOLE-- [fill = 0]
                  7018ed90    00000018     nortos.am263px.r5f.ti-arm-clang.debug.lib : ClockP_nortos.obj (.text.ClockP_ticksToUsec)
                  7018eda8    00000008     --HOLE-- [fill = 0]
                  7018edb0    00000018     drivers.am263px.r5f.ti-arm-clang.nortos.debug.lib : edma.obj (.text.EDMA_isInterruptEnabled)
                  7018edc8    00000008     --HOLE-- [fill = 0]
                  7018edd0    00000018                                                       : ipc_notify_v1.obj (.text.IpcNotify_mailboxClearAllInt)
                  7018ede8    00000008     --HOLE-- [fill = 0]
                  7018edf0    00000018                                                       : ipc_notify_v1_cfg.obj (.text.IpcNotify_trigInterrupt)
                  7018ee08    00000008     --HOLE-- [fill = 0]
                  7018ee10    00000018     nortos.am263px.r5f.ti-arm-clang.debug.lib : SemaphoreP_nortos.obj (.text.SemaphoreP_Params_init)
                  7018ee28    00000008     --HOLE-- [fill = 0]
                  7018ee30    00000018                                               : TimerP_rti_priv.obj (.text.TimerP_getReloadCountPriv)
                  7018ee48    00000008     --HOLE-- [fill = 0]
                  7018ee50    00000018     drivers.am263px.r5f.ti-arm-clang.nortos.debug.lib : uart_v0_lld.obj (.text.UART_divisorLatchDisable)
                  7018ee68    00000008     --HOLE-- [fill = 0]
                  7018ee70    00000018                                                       : uart_v0_lld.obj (.text.UART_modemControlReset)
                  7018ee88    00000008     --HOLE-- [fill = 0]
                  7018ee90    00000018                                                       : uart_v0_lld.obj (.text.UART_putChar)
                  7018eea8    00000018     libc.a : memset32.S.obj (.text:TI_memset_small)
                  7018eec0    00000016     drivers.am263px.r5f.ti-arm-clang.nortos.debug.lib : ipc_notify_v1.obj (.text.IpcNotify_sendSync)
                  7018eed6    0000000a     --HOLE-- [fill = 0]
                  7018eee0    00000016                                                       : mcan.obj (.text.MCAN_getIntrStatus)
                  7018eef6    0000000a     --HOLE-- [fill = 0]
                  7018ef00    00000016     nortos.am263px.r5f.ti-arm-clang.debug.lib : TimerP_rti_priv.obj (.text.TimerP_startPriv)
                  7018ef16    0000000a     --HOLE-- [fill = 0]
                  7018ef20    00000016                                               : TimerP_rti_priv.obj (.text.TimerP_stopPriv)
                  7018ef36    0000000a     --HOLE-- [fill = 0]
                  7018ef40    00000016     drivers.am263px.r5f.ti-arm-clang.nortos.debug.lib : uart_v0_lld.obj (.text.UART_divideRoundCloset)
                  7018ef56    0000000a     --HOLE-- [fill = 0]
                  7018ef60    00000016                                                       : uart_v0_lld.obj (.text.UART_regConfModeRestore)
                  7018ef76    0000000a     --HOLE-- [fill = 0]
                  7018ef80    00000014                                                       : edma.obj (.text.HW_WR_REG16_RAW)
                  7018ef94    0000000c     --HOLE-- [fill = 0]
                  7018efa0    00000014                                                       : ipc_notify_v1.obj (.text.IpcNotify_mailboxClearPendingIntr)
                  7018efb4    0000000c     --HOLE-- [fill = 0]
                  7018efc0    00000014                                                       : soc_rcm.obj (.text.SOC_rcmGetModuleClkDivFromRegVal)
                  7018efd4    0000000c     --HOLE-- [fill = 0]
                  7018efe0    00000014     nortos.am263px.r5f.ti-arm-clang.debug.lib : TimerP_rti_priv.obj (.text.TimerP_clearOverflowIntPriv)
                  7018eff4    0000000c     --HOLE-- [fill = 0]
                  7018f000    00000014                                               : TimerP_rti_nortos.obj (.text.TimerP_setup)
                  7018f014    0000000c     --HOLE-- [fill = 0]
                  7018f020    00000014     ti_dpl_config.o (.text.putchar_)
                  7018f034    0000000c     --HOLE-- [fill = 0]
                  7018f040    00000012     ti_pinmux_config.o (.text.Pinmux_init)
                  7018f052    0000000e     --HOLE-- [fill = 0]
                  7018f060    00000012     gateway_shared.o (.text.gateway_check_emergency_stop)
                  7018f072    0000000e     --HOLE-- [fill = 0]
                  7018f080    00000012     gateway_shared.o (.text.gateway_ringbuf_core1_get_available)
                  7018f092    0000000e     --HOLE-- [fill = 0]
                  7018f0a0    00000012     imu_protocol_handler.o (.text.imu_initialize)
                  7018f0b2    0000000e     --HOLE-- [fill = 0]
                  7018f0c0    00000012     imu_interface_isr.o (.text.imu_uart_is_initialized)
                  7018f0d2    0000000e     --HOLE-- [fill = 0]
                  7018f0e0    00000012     yis320_protocol.o (.text.yis320_get_timestamp_ms)
                  7018f0f2    0000000e     --HOLE-- [fill = 0]
                  7018f100    00000010     can_interface.o (.text.CSL_REG32_WR_RAW)
                  7018f110    00000010     drivers.am263px.r5f.ti-arm-clang.nortos.debug.lib : pinmux.obj (.text.CSL_REG32_WR_RAW)
                  7018f120    00000010                                                       : soc.obj (.text.CSL_REG32_WR_RAW)
                  7018f130    00000010     ti_drivers_config.o (.text.CSL_REG32_WR_RAW)
                  7018f140    00000010     nortos.am263px.r5f.ti-arm-clang.debug.lib : ClockP_nortos_r5.obj (.text.ClockP_getTimerCount)
                  7018f150    00000010                                               : ClockP_nortos_r5.obj (.text.ClockP_timerClearOverflowInt)
                  7018f160    00000010     drivers.am263px.r5f.ti-arm-clang.nortos.debug.lib : edma.obj (.text.HW_RD_REG32_RAW)
                  7018f170    00000010                                                       : mcan.obj (.text.HW_RD_REG32_RAW)
                  7018f180    00000010                                                       : uart_v0_lld.obj (.text.HW_RD_REG32_RAW)
                  7018f190    00000010                                                       : edma.obj (.text.HW_WR_REG32_RAW)
                  7018f1a0    00000010                                                       : mcan.obj (.text.HW_WR_REG32_RAW)
                  7018f1b0    00000010                                                       : uart_v0_lld.obj (.text.HW_WR_REG32_RAW)
                  7018f1c0    00000010                                                       : ipc_notify_v1.obj (.text.IpcNotify_mailboxGetPendingIntr)
                  7018f1d0    00000010     nortos.am263px.r5f.ti-arm-clang.debug.lib : TimerP_rti_nortos.obj (.text.TimerP_Params_init)
                  7018f1e0    00000010                                               : TimerP_rti_nortos.obj (.text.TimerP_clearOverflowInt)
                  7018f1f0    00000010                                               : TimerP_rti_nortos.obj (.text.TimerP_getCount)
                  7018f200    00000010                                               : TimerP_rti_nortos.obj (.text.TimerP_getReloadCount)
                  7018f210    00000010                                               : TimerP_rti_nortos.obj (.text.TimerP_start)
                  7018f220    00000010                                               : printf.obj (.text._out_null)
                  7018f230    00000010     gateway_shared.o (.text.gateway_notify_imu_ready)
                  7018f240    00000010     gateway_shared.o (.text.gateway_notify_states_ready)
                  7018f250    0000000e     yis320_protocol.o (.text.yis320_uart_configure)
                  7018f25e    00000002     --HOLE-- [fill = 0]
                  7018f260    0000000c     ti_board_open_close.o (.text.Board_driversOpen)
                  7018f26c    00000004     --HOLE-- [fill = 0]
                  7018f270    0000000c     nortos.am263px.r5f.ti-arm-clang.debug.lib : ClockP_nortos.obj (.text.ClockP_getTicks)
                  7018f27c    00000004     --HOLE-- [fill = 0]
                  7018f280    0000000c     ti_drivers_open_close.o (.text.Drivers_open)
                  7018f28c    00000004     --HOLE-- [fill = 0]
                  7018f290    0000000c     ti_power_clock_config.o (.text.PowerClock_init)
                  7018f29c    00000004     --HOLE-- [fill = 0]
                  7018f2a0    0000000c     yis320_protocol.o (.text.vtable_read_data)
                  7018f2ac    00000004     --HOLE-- [fill = 0]
                  7018f2b0    0000000a     nortos.am263px.r5f.ti-arm-clang.debug.lib : HwiP_armv7r_vim.obj (.text.Hwip_dataAndInstructionBarrier)
                  7018f2ba    00000006     --HOLE-- [fill = 0]
                  7018f2c0    0000000a     drivers.am263px.r5f.ti-arm-clang.nortos.debug.lib : ipc_notify_v1.obj (.text.IpcNotify_dataAndInstructionBarrier)
                  7018f2ca    00000006     --HOLE-- [fill = 0]
                  7018f2d0    0000000a                                                       : soc_rcm.obj (.text.SOC_rcmGetBaseAddressMSSRCM)
                  7018f2da    00000006     --HOLE-- [fill = 0]
                  7018f2e0    0000000a                                                       : uart_dma_edma.obj (.text.UART_edmaDoNothing)
                  7018f2ea    00000006     --HOLE-- [fill = 0]
                  7018f2f0    0000000a     gateway_shared.o (.text.gateway_memory_barrier)
                  7018f2fa    00000006     --HOLE-- [fill = 0]
                  7018f300    0000000a     gateway_shared.o (.text.ringbuf_get_ptr)
                  7018f30a    00000006     --HOLE-- [fill = 0]
                  7018f310    00000008     ti_drivers_config.o (.text.Drivers_uartInit)
                  7018f318    00000008     --HOLE-- [fill = 0]
                  7018f320    00000008     drivers.am263px.r5f.ti-arm-clang.nortos.debug.lib : soc_rcm.obj (.text.SOC_rcmGetBaseAddressMSSCTRL)
                  7018f328    00000008     --HOLE-- [fill = 0]
                  7018f330    00000008                                                       : soc_rcm.obj (.text.SOC_rcmGetBaseAddressTOPRCM)
                  7018f338    00000008     --HOLE-- [fill = 0]
                  7018f340    00000008     nortos.am263px.r5f.ti-arm-clang.debug.lib : SemaphoreP_nortos.obj (.text.SemaphoreP_destruct)
                  7018f348    00000008     --HOLE-- [fill = 0]
                  7018f350    00000002     ti_board_open_close.o (.text.Board_driversClose)
                  7018f352    0000000e     --HOLE-- [fill = 0]
                  7018f360    00000002     ti_board_config.o (.text.Board_init)
                  7018f362    0000000e     --HOLE-- [fill = 0]
                  7018f370    00000002     ti_drivers_open_close.o (.text.Drivers_mcanOpen)
                  7018f372    0000000e     --HOLE-- [fill = 0]
                  7018f380    00000002     drivers.am263px.r5f.ti-arm-clang.nortos.debug.lib : ipc_notify_v1_cfg.obj (.text.IpcNotify_wait)
                  7018f382    0000000e     --HOLE-- [fill = 0]
                  7018f390    00000002     nortos.am263px.r5f.ti-arm-clang.debug.lib : TaskP_nortos.obj (.text.TaskP_yield)
                  7018f392    0000000e     --HOLE-- [fill = 0]

.rodata    0    7018f3a0    00002470     
                  7018f3a0    00000450     motor_mapping.o (.rodata.motor_config_table)
                  7018f7f0    00000084     ti_dpl_config.o (.rodata.cfg)
                  7018f874    00000062     main.o (.rodata.str1.11321157723316767883.1)
                  7018f8d6    0000005e     main.o (.rodata.str1.15996357275703397564.1)
                  7018f934    0000005d     main.o (.rodata.str1.2563708670032483588.1)
                  7018f991    00000007     drivers.am263px.r5f.ti-arm-clang.nortos.debug.lib : soc.obj (.rodata.str1.12179086363571468349.1)
                  7018f998    00000050     nortos.am263px.r5f.ti-arm-clang.debug.lib : printf.obj (.rodata._ftoa.pow10)
                  7018f9e8    0000004d     gateway_shared.o (.rodata.str1.3223734256326991069.1)
                  7018fa35    0000004c     main.o (.rodata.str1.11777244287787065045.1)
                  7018fa81    0000004c     main.o (.rodata.str1.403738606202455663.1)
                  7018facd    0000004a     main.o (.rodata.str1.6976963560179378225.1)
                  7018fb17    00000049     can_interface.o (.rodata.str1.2401924719955226879.1)
                  7018fb60    00000048     drivers.am263px.r5f.ti-arm-clang.nortos.debug.lib : soc_rcm.obj (.rodata.gADPLLJConfigTbl)
                  7018fba8    00000045     can_interface.o (.rodata.str1.17857559882412085052.1)
                  7018fbed    00000043     main.o (.rodata.str1.10313062130652730376.1)
                  7018fc30    00000042     main.o (.rodata.str1.11702106008850790973.1)
                  7018fc72    00000041     main.o (.rodata.str1.16265332423659789559.1)
                  7018fcb3    00000001     --HOLE-- [fill = 0]
                  7018fcb4    00000040     drivers.am263px.r5f.ti-arm-clang.nortos.debug.lib : mcan.obj (.rodata.gDataSize)
                  7018fcf4    00000040                                                       : ipc_notify_v1.obj (.rodata.str1.10118846006578224169.1)
                  7018fd34    00000040     gateway_shared.o (.rodata.str1.1309647279537151951.1)
                  7018fd74    0000003f     main.o (.rodata.str1.16302215771116645891.1)
                  7018fdb3    0000003f     main.o (.rodata.str1.8428454045432808059.1)
                  7018fdf2    0000003e     imu_interface_isr.o (.rodata.str1.2252785669688110604.1)
                  7018fe30    0000003d     nortos.am263px.r5f.ti-arm-clang.debug.lib : TimerP_rti_priv.obj (.rodata.str1.11388379688747141303.1)
                  7018fe6d    0000003d     main.o (.rodata.str1.13782249893155712474.1)
                  7018feaa    0000003d     main.o (.rodata.str1.2624144126699937905.1)
                  7018fee7    0000003c     main.o (.rodata.str1.8108965883388295311.1)
                  7018ff23    0000003b     can_interface.o (.rodata.str1.13886886582160776261.1)
                  7018ff5e    00000039     can_interface.o (.rodata.str1.13942422985958650841.1)
                  7018ff97    00000039     can_interface.o (.rodata.str1.15906871730334742222.1)
                  7018ffd0    00000039     can_interface.o (.rodata.str1.16770118065840302171.1)
                  70190009    00000038     gateway_shared.o (.rodata.str1.8694082244888993162.1)
                  70190041    00000038     imu_interface_isr.o (.rodata.str1.9168798226845388136.1)
                  70190079    00000037     gateway_shared.o (.rodata.str1.10638658715010209595.1)
                  701900b0    00000037     can_interface.o (.rodata.str1.17102373369105828453.1)
                  701900e7    00000037     main.o (.rodata.str1.3530083166107438000.1)
                  7019011e    00000037     gateway_shared.o (.rodata.str1.5629998949668554045.1)
                  70190155    00000036     can_interface.o (.rodata.str1.10186677634541030339.1)
                  7019018b    00000036     imu_interface_isr.o (.rodata.str1.13916086747295221358.1)
                  701901c1    00000036     can_interface.o (.rodata.str1.15146467347084621569.1)
                  701901f7    00000035     can_interface.o (.rodata.str1.11434220007320834734.1)
                  7019022c    00000035     main.o (.rodata.str1.16631870348416990953.1)
                  70190261    00000035     can_interface.o (.rodata.str1.6692020027550076815.1)
                  70190296    00000035     ti_drivers_open_close.o (.rodata.str1.871795152488895636.1)
                  701902cb    00000035     main.o (.rodata.str1.9059077390166914652.1)
                  70190300    00000034     main.o (.rodata.str1.13288086030101331538.1)
                  70190334    00000034     main.o (.rodata.str1.14112174005742061988.1)
                  70190368    00000034     main.o (.rodata.str1.17376258722486336754.1)
                  7019039c    00000034     main.o (.rodata.str1.18092426736022315238.1)
                  701903d0    00000034     main.o (.rodata.str1.2597068879322958637.1)
                  70190404    00000034     main.o (.rodata.str1.6891813955777630061.1)
                  70190438    00000033     can_interface.o (.rodata.str1.13538652865395202372.1)
                  7019046b    00000033     main.o (.rodata.str1.17770841602246103764.1)
                  7019049e    00000033     can_interface.o (.rodata.str1.2569929632086669665.1)
                  701904d1    00000033     main.o (.rodata.str1.625103348304617710.1)
                  70190504    00000032     can_interface.o (.rodata.str1.2296911319530636772.1)
                  70190536    00000031     can_interface.o (.rodata.str1.4211222669969280216.1)
                  70190567    00000031     main.o (.rodata.str1.5630281060179367396.1)
                  70190598    00000031     gateway_shared.o (.rodata.str1.6121471336334202706.1)
                  701905c9    00000031     motor_mapping.o (.rodata.str1.8787205977826144616.1)
                  701905fa    00000030     can_interface.o (.rodata.str1.10130696897761414469.1)
                  7019062a    00000030     main.o (.rodata.str1.14712910685067215323.1)
                  7019065a    00000030     can_interface.o (.rodata.str1.2167712102046818855.1)
                  7019068a    00000030     imu_interface_isr.o (.rodata.str1.4417852805959727765.1)
                  701906ba    00000030     main.o (.rodata.str1.8154729771448623357.1)
                  701906ea    0000002f     main.o (.rodata.str1.10720410773482754683.1)
                  70190719    0000002f     main.o (.rodata.str1.11870794119293528247.1)
                  70190748    0000002f     can_interface.o (.rodata.str1.15094798983471906066.1)
                  70190777    0000002f     gateway_shared.o (.rodata.str1.3129942817937968154.1)
                  701907a6    0000002f     main.o (.rodata.str1.6554448696319176064.1)
                  701907d5    0000002f     drivers.am263px.r5f.ti-arm-clang.nortos.debug.lib : ipc_notify_v1.obj (.rodata.str1.9418228565027791152.1)
                  70190804    0000002e     can_interface.o (.rodata.str1.11024350005305706282.1)
                  70190832    0000002e     gateway_shared.o (.rodata.str1.11051107022181534624.1)
                  70190860    0000002e     main.o (.rodata.str1.14079361385603432444.1)
                  7019088e    0000002e     main.o (.rodata.str1.6365796992934770792.1)
                  701908bc    0000002e     main.o (.rodata.str1.7996925722583989644.1)
                  701908ea    0000002e     gateway_shared.o (.rodata.str1.9859227269409816370.1)
                  70190918    0000002d     main.o (.rodata.str1.14466178792657420020.1)
                  70190945    0000002d     can_interface.o (.rodata.str1.150960857071891705.1)
                  70190972    0000002d     main.o (.rodata.str1.16709704744796600189.1)
                  7019099f    0000002d     main.o (.rodata.str1.5043408953494467246.1)
                  701909cc    0000002d     can_interface.o (.rodata.str1.6401568125276999251.1)
                  701909f9    0000002d     can_interface.o (.rodata.str1.6531933829109918715.1)
                  70190a26    0000002c     can_interface.o (.rodata.str1.14845445665763636722.1)
                  70190a52    0000002c     main.o (.rodata.str1.2763581881760962609.1)
                  70190a7e    0000002c     gateway_shared.o (.rodata.str1.7167262159681625771.1)
                  70190aaa    0000002b     main.o (.rodata.str1.18227636981041470289.1)
                  70190ad5    0000002b     can_interface.o (.rodata.str1.3858671167962548137.1)
                  70190b00    0000002b     can_interface.o (.rodata.str1.5571669369711139161.1)
                  70190b2b    0000002a     can_interface.o (.rodata.str1.17855712168153945246.1)
                  70190b55    0000002a     nortos.am263px.r5f.ti-arm-clang.debug.lib : DebugP_log.obj (.rodata.str1.227947788441500939.1)
                  70190b7f    0000002a     main.o (.rodata.str1.2846389346932560359.1)
                  70190ba9    0000002a     main.o (.rodata.str1.8096991282711418442.1)
                  70190bd3    00000029     imu_interface_isr.o (.rodata.str1.15503275091179387347.1)
                  70190bfc    00000029     can_interface.o (.rodata.str1.357542981605220142.1)
                  70190c25    00000029     main.o (.rodata.str1.39260288392874984.1)
                  70190c4e    00000029     can_interface.o (.rodata.str1.6910353934698693424.1)
                  70190c77    00000029     can_interface.o (.rodata.str1.7679921882182829519.1)
                  70190ca0    00000029     main.o (.rodata.str1.8076846746581808073.1)
                  70190cc9    00000028     main.o (.rodata.str1.10224226614597680209.1)
                  70190cf1    00000028     main.o (.rodata.str1.13030671760666898970.1)
                  70190d19    00000028     main.o (.rodata.str1.1311392489248731986.1)
                  70190d41    00000028     main.o (.rodata.str1.15159059442110792349.1)
                  70190d69    00000027     nortos.am263px.r5f.ti-arm-clang.debug.lib : ClockP_nortos_r5.obj (.rodata.str1.12743090444791882666.1)
                  70190d90    00000027     main.o (.rodata.str1.17045314124001216156.1)
                  70190db7    00000027     main.o (.rodata.str1.7784929982665794503.1)
                  70190dde    00000026     can_interface.o (.rodata.str1.14406550278730177052.1)
                  70190e04    00000026     gateway_shared.o (.rodata.str1.17046880449980016103.1)
                  70190e2a    00000026     gateway_shared.o (.rodata.str1.5761821093615868877.1)
                  70190e50    00000026     can_interface.o (.rodata.str1.6806839034663112933.1)
                  70190e76    00000025     main.o (.rodata.str1.10635229749459437609.1)
                  70190e9b    00000025     main.o (.rodata.str1.10865113624938808685.1)
                  70190ec0    00000025     main.o (.rodata.str1.2123964117280943167.1)
                  70190ee5    00000024     can_interface.o (.rodata.str1.14428574951410983152.1)
                  70190f09    00000024     can_interface.o (.rodata.str1.17339864536769639315.1)
                  70190f2d    00000024     imu_interface_isr.o (.rodata.str1.6306445455767916371.1)
                  70190f51    00000024     main.o (.rodata.str1.7702501944640899365.1)
                  70190f75    00000024     main.o (.rodata.str1.8828068777338075035.1)
                  70190f99    00000023     drivers.am263px.r5f.ti-arm-clang.nortos.debug.lib : soc_rcm.obj (.rodata.str1.2078190104202520215.1)
                  70190fbc    00000023     nortos.am263px.r5f.ti-arm-clang.debug.lib : ClockP_nortos_r5.obj (.rodata.str1.7689125538912326484.1)
                  70190fdf    00000022     main.o (.rodata.str1.11822182024223342093.1)
                  70191001    00000022     drivers.am263px.r5f.ti-arm-clang.nortos.debug.lib : edma.obj (.rodata.str1.12976018205622752890.1)
                  70191023    00000021     can_interface.o (.rodata.str1.12573338884863454617.1)
                  70191044    00000021     nortos.am263px.r5f.ti-arm-clang.debug.lib : ClockP_nortos_r5.obj (.rodata.str1.8559540482768925367.1)
                  70191065    00000003     can_interface.o (.rodata.str1.15257894921296593044.1)
[...]
00000000  __TI_ATRegion1_trg_addr              
00000000  __TI_ATRegion2_region_sz             
00000000  __TI_ATRegion2_src_addr              
00000000  __TI_ATRegion2_trg_addr              
00000000  __TI_static_base__                   
00000000  _vectors                             
00000100  __ABORT_STACK_SIZE                   
00000100  __FIQ_STACK_SIZE                     
00000100  __IRQ_STACK_SIZE                     
00000100  __UNDEFINED_STACK_SIZE               
00001000  __SVC_STACK_SIZE                     
00004000  __STACK_SIZE                         
70180a34  __aeabi_memclr                       
70180a34  __aeabi_memclr4                      
70180a34  __aeabi_memclr8                      
701811cc  __aeabi_ldiv0                        
70181848  C$$EXIT                              
70181848  HOSTexit                             
70181851  SOC_rcmEnablePeripheralClock         
70181e88  __aeabi_memcpy                       
70181e88  __aeabi_memcpy4                      
70181e88  __aeabi_memcpy8                      
70181e8c  __aeabi_memmove                      
70181e8c  __aeabi_memmove4                     
70181e8c  __aeabi_memmove8                     
70182474  CSL_armR5ReadMpidrReg                
70183311  UART_open                            
70183711  IpcNotify_init                       
701841e1  SOC_virtToPhy                        
701844f1  motor_mapping_init_core1             
701847f1  MCAN_msgRAMConfig                    
70185881  CAN_TransmitBatch                    
70185ab1  UART_lld_dmaDeInit                   
70185ce1  IpcNotify_isr                        
70185f11  TimerP_setupPriv                     
701860f1  UART_lld_dmaWrite                    
701862a1  UART_close                           
70186451  UART_lld_controllerIsr               
701865f1  CAN_StartRxInterrupts                
70186911  MCAN_calcMsgRamParamsStartAddr       
70186aa1  EDMA_unregisterIntr                  
70186c11  SOC_controlModuleUnlockMMR           
70186d71  CAN_Init                             
70186ed1  UART_lld_initDma                     
70187031  DebugP_shmLogWriterPutChar           
70187421  MCAN_setBitTime                      
70187571  imu_uart_isr_init                    
70187801  MCAN_readMsgRam                      
70187a81  ClockP_init                          
70187bc1  UART_procLineStatusErr               
70187d01  EDMA_registerIntr                    
70187e41  MCAN_init                            
70187f81  UART_lld_init                        
701880b1  MCAN_config                          
701881e1  SOC_controlModuleLockMMR             
70188311  SOC_rcmGetPeripheralClockFrequency   
70188551  DebugP_shmLogWriterPutLine           
70188671  UART_lld_dmaRead                     
7018878c  __udivmoddi4                         
70188d21  IpcNotify_sendMsg                    
70188f41  GPIO_init                            
70189051  SemaphoreP_pend                      
70189161  gateway_ringbuf_read                 
70189271  gateway_write_motor_config           
70189631  EDMA_freeChannelRegion               
70189721  EDMA_freeParam                       
70189811  EDMA_freeDmaChannel                  
701898f1  EDMA_freeTcc                         
701899d1  UART_intrEnable                      
70189ab1  UART_intrDisable                     
70189b91  AddrTranslateP_getLocalAddr          
70189c61  EDMA_disableChInShadowRegRegion      
70189d31  EDMA_enableChInShadowRegRegion       
70189e01  EDMA_mapChToEvtQ                     
70189ed1  EDMA_configureChannelRegion          
7018a051  UART_flushTxFifo                     
7018a1d1  ClockP_timerTickIsr                  
7018a291  TimerP_init                          
7018a351  ClockP_stop                          
7018a411  IpcNotify_waitSync                   
7018a4d1  CycleCounterP_init                   
7018a4f1  CycleCounterP_reset                  
7018a541  CycleCounterP_nsToTicks              
7018a581  CycleCounterP_enableUserAccess       
7018a591  MCAN_writeMsgRam                     
7018a641  SOC_rcmSetPeripheralClock            
7018a6f1  UART_init                            
7018a9b1  gateway_write_motor_states           
7018aa61  gateway_core1_wait_for_ready         
7018abc1  ClockP_destruct                      
7018ac71  Drivers_uartOpen                     
7018adc1  gateway_core1_ipc_callback           
7018af01  imu_uart_read                        
7018afa1  IpcNotify_registerClient             
7018b0e1  ClockP_getTimeUsec                   
7018b181  EDMA_unmapChToEvtQ                   
7018b221  float_to_uint                        
7018b2c1  yis320_convert_to_ipc                
7018b361  EDMA_disableTransferRegion           
7018b3f1  EDMA_enableTransferRegion            
7018b5a1  UART_lld_flushTxFifo                 
7018b6c1  EDMA_allocDmaChannel                 
7018b751  EDMA_allocParam                      
7018b7e1  EDMA_allocTcc                        
7018b991  IpcNotify_syncAll                    
7018ba21  imu_protocol_manager_init            
7018bab1  MCAN_addStdMsgIDFilter               
7018bbb1  System_init                          
7018bcb1  _DebugP_assert                       
7018bd31  gateway_ringbuf_core1_init           
7018be31  UART_Params_init                     
7018beb1  gateway_write_imu_state              
7018bf31  EDMA_linkChannel                     
7018c031  ClockP_usleep                        
7018c0b1  EDMA_clrMissEvtRegion                
7018c291  EDMA_getBaseAddr                     
7018c371  imu_protocol_get_state               
7018c3e1  SOC_rcmGetR5Clock                    
7018c451  SOC_rcmIsR5FInLockStepMode           
7018c531  UART_lld_deInitDma                   
7018c5a1  imu_protocol_process_uart_rx         
7018c611  MCAN_enableIntr                      
7018c681  MCAN_initTxBufElement                
7018c761  SemaphoreP_post                      
7018c7d1  MCAN_selectIntrLine                  
7018c831  UART_getChar                         
7018c8f1  yis320_protocol_handler_init         
7018c951  Module_clockSetFrequency             
7018c9b1  UART_lld_deInit                      
7018cc51  uint16_to_float                      
7018cd11  Dpl_init                             
7018cd71  EDMA_setPaRAM                        
7018ce31  main                                 
7018ce84  __TI_auto_init_nobinit_nopinit       
7018cee1  Drivers_uartClose                    
7018cf31  Pinmux_config                        
7018cf81  UART_checkCharsAvailInFifo           
7018d021  DebugP_shmLogWriterInit              
7018d071  EDMA_clrEvtRegion                    
7018d0c1  EDMA_disableDmaEvtRegion             
7018d111  EDMA_disableEvtIntrRegion            
7018d161  EDMA_enableDmaEvtRegion              
7018d1b1  EDMA_enableEvtIntrRegion             
7018d201  EDMA_setEvtRegion                    
7018d251  GPIO_setDirMode                      
7018d2a1  MCAN_enableIntrLine                  
7018d2f1  ClockP_construct                     
7018d341  EDMA_ccPaRAMEntry_init               
7018d391  EDMA_mapQdmaChToPaRAM                
7018d3e1  EDMA_readEventStatusRegion           
7018d431  IpcNotify_unregisterClient           
7018d481  Module_clockEnable                   
7018d4d1  gateway_update_stat                  
7018d51c  memmove                              
7018d5c1  timerISR                             
7018d611  CAN_GetStats                         
7018d661  IpcNotify_Params_init                
7018d701  UART_getIntrIdentityStatus           
7018d7f1  CAN_RegisterRxCallback               
7018d8e1  UART_readLineStatus                  
7018d931  gateway_ringbuf_get_available        
7018d981  imu_protocol_handler_init            
7018dac1  SemaphoreP_construct                 
7018db11  _DebugP_logZone                      
7018dbb1  ClockP_start                         
7018dc51  imu_protocol_update_state            
7018dd11  UART_spaceAvail                      
7018dd51  gateway_core1_init                   
7018dd91  gateway_update_heartbeat             
7018de11  UART_IsTxRxFifoEmpty                 
7018de91  MCAN_txBufAddReq                     
7018ded1  SOC_moduleSetClockFrequency          
7018dfd1  snprintf_                            
7018e011  SOC_getCoreName                      
7018e048  CycleCounterP_getCount32             
7018e050  PmuP_setup                           
7018e058  PmuP_enableCounters                  
7018e060  PmuP_disableCounters                 
7018e068  PmuP_getOverflowStatus               
7018e070  PmuP_clearOverflowStatus             
7018e078  PmuP_setUserEnable                   
7018e0c1  EDMA_getRegionId                     
7018e181  IpcNotify_syncCallback               
7018e201  MCAN_calcCfgAddr                     
7018e281  TimerP_Params_initPriv               
7018e301  motor_get_config                     
7018e401  MCAN_isMemInitDone                   
7018e441  TimerP_getCountPriv                  
7018e561  gateway_signal_motor_config_ready    
7018e591  UART_lld_dmaInit                     
7018e5f1  DebugP_logZoneEnable                 
7018e651  MCAN_clearNewDataStatus              
7018e681  MCAN_getNewDataStatus                
7018e6b1  SemaphoreP_constructBinary           
7018e741  UART_intr2Disable                    
7018e771  UART_operatingModeSelect             
7018e7d1  CSL_armR5GetCpuID                    
7018e801  vprintf_                             
7018e831  EDMA_disableQdmaEvtRegion            
7018e861  EDMA_enableQdmaEvtRegion             
7018e8c1  IpcNotify_allocSwQueue               
7018e921  IpcNotify_getConfig                  
7018e951  SemaphoreP_constructMutex            
7018ea11  UART_getBaseAddr                     
7018ea34  __aeabi_uldivmod                     
7018ea91  EDMA_channelToParamMap               
7018eac1  gateway_ringbuf_core1_receive        
7018eaf1  ClockP_isActive                      
7018eb11  ClockP_usecToTicks                   
7018eb71  ClockP_Params_init                   
7018eb91  EDMA_getEventStatusHigh              
7018ebb1  MCAN_setOpMode                       
7018ebd1  SOC_getSelfCpuClk                    
7018ebf1  SOC_moduleClockEnable                
7018ec11  TimerP_isr0                          
7018ec51  UART_lld_Transaction_deInit          
7018ec71  EDMA_getEventStatus                  
7018ecec  TI_memcpy_small                      
7018ed11  MCAN_clearIntrStatus                 
7018ed31  MCAN_getOpMode                       
7018ed91  ClockP_ticksToUsec                   
7018edb1  EDMA_isInterruptEnabled              
7018edf1  IpcNotify_trigInterrupt              
7018ee11  SemaphoreP_Params_init               
7018ee31  TimerP_getReloadCountPriv            
7018ee91  UART_putChar                         
7018eea8  TI_memset_small                      
7018eec1  IpcNotify_sendSync                   
7018eee1  MCAN_getIntrStatus                   
7018ef01  TimerP_startPriv                     
7018ef21  TimerP_stopPriv                      
7018efe1  TimerP_clearOverflowIntPriv          
7018f001  TimerP_setup                         
7018f021  putchar_                             
7018f041  Pinmux_init                          
7018f061  gateway_check_emergency_stop         
7018f081  gateway_ringbuf_core1_get_available  
7018f0c1  imu_uart_is_initialized              
7018f0e1  yis320_get_timestamp_ms              
7018f141  ClockP_getTimerCount                 
7018f151  ClockP_timerClearOverflowInt         
7018f1d1  TimerP_Params_init                   
7018f1e1  TimerP_clearOverflowInt              
7018f1f1  TimerP_getCount                      
7018f201  TimerP_getReloadCount                
7018f211  TimerP_start                         
7018f231  gateway_notify_imu_ready             
7018f241  gateway_notify_states_ready          
7018f251  yis320_uart_configure                
7018f261  Board_driversOpen                    
7018f271  ClockP_getTicks                      
7018f281  Drivers_open                         
7018f291  PowerClock_init                      
7018f311  Drivers_uartInit                     
7018f341  SemaphoreP_destruct                  
7018f351  Board_driversClose                   
7018f361  Board_init                           
7018f371  Drivers_mcanOpen                     
7018f381  IpcNotify_wait                       
7018f391  TaskP_yield                          
7018f7f0  gCacheConfig                         
7018f7f8  gMpuConfig                           
7018f804  gMpuRegionConfig                     
7018fb60  gADPLLJConfigTbl                     
70191412  gPeripheralClkSrcInfoMap             
701917b4  gXTALInfo                            
701917fe  gCR5ClkSrcInfoMap                    
70191800  gCacheL1dCacheLineSize               
70191804  gCacheL1pCacheLineSize               
70191810  __BSS_START                          
70192390  gHwiCtrl                             
70192b9c  g_yis320_private_data                
70192fa4  g_motor_lookup                       
70193878  gIpcNotifyCtrl                       
70193b04  gTimerBaseAddr                       
70193b08  gClockCtrl                           
70193b28  virtToPhymap                         
70193b4c  gTimerHwiObj                         
70193b50  gUartHandle                          
70193b58  __BSS_END                            
70193b58  __stack                              
70197b58  __STACK_END                          
70197b61  HwiP_enableInt                       
70197ba1  HwiP_disableInt                      
70197c01  HwiP_restoreInt                      
70197c31  HwiP_clearInt                        
70197c71  HwiP_post                            
70197cb1  HwiP_Params_init                     
70197ce1  HwiP_construct                       
70197ed1  HwiP_destruct                        
70197f41  HwiP_init                            
701980f1  HwiP_inISR                           
70198121  HwiP_setVimIrqPriMaskNonAtomic       
70198171  HwiP_setVimIrqPriMaskAtomic          
70198211  HwiP_restoreVimIrqPriMask            
70198221  HwiP_irq_handler_c                   
701983c1  HwiP_fiq_handler                     
70198521  HwiP_reserved_handler                
70198561  HwiP_undefined_handler_c             
70198581  HwiP_user_undefined_handler_c        
701985a1  HwiP_svc_handler                     
701985e1  HwiP_prefetch_abort_handler_c        
70198681  HwiP_user_prefetch_abort_handler_c   
701986c1  HwiP_data_abort_handler_c            
70198781  HwiP_user_data_abort_handler_c       
701987bc  HwiP_irq_handler                     
70198830  HwiP_data_abort_handler              
70198874  HwiP_prefetch_abort_handler          
701988c0  HwiP_undefined_handler               
701988f0  GET_DFSR                             
701988f8  GET_ADFSR                            
70198900  GET_DFAR                             
70198908  GET_IFSR                             
70198910  GET_AIFSR                            
70198918  GET_IFAR                             
70198920  GET_SPSR                             
70198938  HwiP_disable                         
70198948  HwiP_disableFIQ                      
70198958  HwiP_enable                          
70198968  HwiP_enableFIQ                       
70198978  HwiP_restore                         
70198980  HwiP_enableVIC                       
70198990  HwiP_disableVIC                      
701989a0  HwiP_getCPSR                         
701989b0  CacheP_disableL1d                    
701989d8  CacheP_disableL1p                    
701989f0  CacheP_enableL1d                     
70198a08  CacheP_enableL1p                     
70198a20  CacheP_invL1d                        
70198a58  CacheP_invL1p                        
70198a94  CacheP_invL1dAll                     
70198a9c  CacheP_invL1pAll                     
70198aa4  CacheP_wb                            
70198ae0  CacheP_wbInv                         
70198b1c  CacheP_wbAll                         
70198bc4  CacheP_wbInvAll                      
70198bdc  CacheP_wbInvAllAsm                   
70198c7c  CacheP_getEnabled                    
70198cb4  CacheP_getCacheLevelInfo             
70198cc0  CacheP_configForceWrThru             
70198ce0  CacheP_setDLFO                       
70198cf1  CacheP_init                          
70198d81  CacheP_disable                       
70198dd1  CacheP_enable                        
70198e11  CacheP_inv                           
70198e51  MpuP_getAttrs                        
70198eb1  MpuP_RegionAttrs_init                
70198ee1  MpuP_setRegion                       
70198f71  MpuP_isEnable                        
70198f81  MpuP_disable                         
70198fc1  MpuP_enable                          
70199011  MpuP_init                            
701990b1  MpuP_isUserAuthorizedToAccessMemory  
70199190  MpuP_disableAsm                      
701991a8  MpuP_disableBRAsm                    
701991b8  MpuP_enableAsm                       
701991d0  MpuP_enableBRAsm                     
701991e0  MpuP_isEnableAsm                     
701991f4  MpuP_setRegionAsm                    
70199210  _c_int00_sbl                         
70199234  _c_int00                             
70199361  _DebugP_assertNoLog                  
70199391  _system_pre_init                     
701993c1  __mpu_init                           
701993d0  abort                                
701993d8  gEdmaConfig                          
701993d8  gUartDmaHandle                       
70199b18  gIpcNotifyMailboxConfig              
70199cf0  gSocModulesClockFrequency            
70199d68  gUartParams                          
70199dc0  gSocModules                          
70199e00  gClockConfig                         
70199e18  gIpcNotifyInterruptConfig_r5fss1_1   
70199e44  gIpcNotifyCoreIntrBitPos             
70199e64  gAddrTranslateConfig                 
70199e78  gUartConfig                          
70199e8c  gDebugLogZone                        
70199e98  gEdmaConfigNum                       
70199e9c  gHwiConfig                           
70199ea0  gIpcNotifyInterruptConfigNum_r5fss1_1
70199ea4  gUartConfigNum                       
70199ea8  gUartDmaChConfig                     
70199efb  isMapAvailable                       
70199f08  __IRQ_STACK_START                    
7019a008  __FIQ_STACK_START                    
7019a008  __IRQ_STACK_END                      
7019a108  __FIQ_STACK_END                      
7019a108  __SVC_STACK_START                    
7019b108  __ABORT_STACK_START                  
7019b108  __SVC_STACK_END                      
7019b208  __ABORT_STACK_END                    
7019b208  __UNDEFINED_STACK_START              
7019b308  __UNDEFINED_STACK_END                
70200000  gGatewaySharedMem                    
70206ecc  dbg_can_rx_count                     
70206ed0  dbg_can_tx_count                     
70206ed4  dbg_can_isr_rx_entry_count           
70206ed8  dbg_can_isr_fifo_read_count          
70206edc  dbg_can_isr_callback_count           
70206ee0  g_first_intr_info                    
70206f60  dbg_ipc_send_count                   
70206f64  dbg_ipc_register_count               
70206f68  dbg_imu_uart_isr_count               
70206f6c  dbg_imu_rx_byte_count                
70206f70  dbg_imu_frame_count                  
70208000  gDebugShmLog                         
ffffffff  __TI_pprof_out_hndl                  
ffffffff  __TI_prof_data_size                  
ffffffff  __TI_prof_data_start                 
ffffffff  __binit__                            
ffffffff  binit                                
UNDEFED   __TI_CINIT_Base                      
UNDEFED   __TI_CINIT_Limit                     
UNDEFED   __TI_Handler_Table_Base              
UNDEFED   __TI_Handler_Table_Limit             
UNDEFED   _system_post_cinit                   

[421 symbols]
