******************************************************************************
            TI ARM Clang Linker PC v4.0.4                      
******************************************************************************
>> Linked Wed Mar 25 16:16:18 2026

OUTPUT FILE NAME:   <ccu_ti_multi_core_realtime.out>
ENTRY POINT SYMBOL: "_vectors"  address: 00000000


MEMORY CONFIGURATION

         name            origin    length      used     unused   attr    fill
----------------------  --------  ---------  --------  --------  ----  --------
  R5F_VECS              00000000   00000040  00000040  00000000  RWIX
  R5F_TCMA              00000040   00007fc0  00000000  00007fc0  RWIX
  R5F_TCMB              00080000   00008000  00000000  00008000  RWIX
  MAILBOX_HSM           44000000   000003ce  00000000  000003ce  RWIX
  MAILBOX_R5F           44000400   000003ce  00000000  000003ce  RWIX
  FLASH                 60180000   00080000  00000000  00080000  RWIX
  OCRAM                 70040000   00040000  00014630  0002b9d0  RWIX
  USER_SHM_MEM          701d0000   00004000  000001c0  00003e40  RWIX
  LOG_SHM_MEM           701d4000   00004000  00002000  00002000  RWIX
  RTOS_NORTOS_IPC_SHM_M 72000000   00003e80  00000000  00003e80  RWIX


SEGMENT ALLOCATION MAP

run origin  load origin   length   init length attrs members
----------  ----------- ---------- ----------- ----- -------
00000000    00000000    00000040   00000040    r-x
  00000000    00000000    00000040   00000040    r-x .vectors
70040000    70040000    0000cad8   0000cad8    r-x
  70040000    70040000    0000b5f0   0000b5f0    r-x .text
  7004b5f0    7004b5f0    000014e8   000014e8    r-- .rodata
7004cad8    7004cad8    00004c38   00000000    rw-
  7004cad8    7004cad8    00000c38   00000000    rw- .bss
  7004d710    7004d710    00004000   00000000    rw- .stack
70051710    70051710    00001878   00001878    r-x
  70051710    70051710    00000e50   00000e50    r-x .text.hwi
  70052560    70052560    000004a0   000004a0    r-x .text.cache
  70052a00    70052a00    000003c0   000003c0    r-x .text.mpu
  70052dc0    70052dc0    000001c0   000001c0    r-x .text.boot
  70052f80    70052f80    00000008   00000008    r-x .text:abort
70052f88    70052f88    000016a8   000002a8    rw-
  70052f88    70052f88    000002a8   000002a8    rw- .data
  70053230    70053230    00000100   00000000    rw- .irqstack
  70053330    70053330    00000100   00000000    rw- .fiqstack
  70053430    70053430    00001000   00000000    rw- .svcstack
  70054430    70054430    00000100   00000000    rw- .abortstack
  70054530    70054530    00000100   00000000    rw- .undefinedstack


SECTION ALLOCATION MAP

 output                                  attributes/
section   page    origin      length       input sections
--------  ----  ----------  ----------   ----------------
.vectors   0    00000000    00000040     
                  00000000    00000040     nortos.am263px.r5f.ti-arm-clang.debug.lib : HwiP_armv7r_vectors_nortos_asm.obj (.vectors)

.text      0    70040000    0000b5f0     
                  70040000    00000a34     nortos.am263px.r5f.ti-arm-clang.debug.lib : printf.obj (.text._vsnprintf)
                  70040a34    0000000c     libclang_rt.builtins.a : aeabi_memset.S.obj (.text.__aeabi_memclr)
                  70040a40    00000678     drivers.am263px.r5f.ti-arm-clang.nortos.debug.lib : soc_rcm.obj (.text.SOC_rcmGetClkSrcAndDivReg)
                  700410b8    00000008     libsysbm.a : hostexit.c.obj (.text.HOSTexit)
                  700410c0    00000638     drivers.am263px.r5f.ti-arm-clang.nortos.debug.lib : soc_rcm.obj (.text.SOC_rcmEnablePeripheralClock)
                  700416f8    00000004     libclang_rt.builtins.a : aeabi_div0.c.obj (.text.__aeabi_ldiv0)
                  700416fc    00000004                            : aeabi_memcpy.S.obj (.text.__aeabi_memcpy)
                  70041700    000005e2     nortos.am263px.r5f.ti-arm-clang.debug.lib : printf.obj (.text._ftoa)
                  70041ce2    00000002     --HOLE-- [fill = 0]
                  70041ce4    0000000c                                               : CpuId_armv7r_asm.obj (.text)
                  70041cf0    000004b0                                               : printf.obj (.text._etoa)
                  700421a0    00000400     drivers.am263px.r5f.ti-arm-clang.nortos.debug.lib : uart_v0.obj (.text.UART_open)
                  700425a0    000003dc                                                       : ipc_notify_v1.obj (.text.IpcNotify_init)
                  7004297c    00000004     --HOLE-- [fill = 0]
                  70042980    00000302                                                       : soc.obj (.text.SOC_virtToPhy)
                  70042c82    0000000e     --HOLE-- [fill = 0]
                  70042c90    000002b6     main.o (.text.main_loop)
                  70042f46    0000000a     --HOLE-- [fill = 0]
                  70042f50    0000027e     drivers.am263px.r5f.ti-arm-clang.nortos.debug.lib : uart_dma_edma.obj (.text.UART_edmaChInit)
                  700431ce    00000002     --HOLE-- [fill = 0]
                  700431d0    00000250                                                       : edma.obj (.text.Alloc_resource)
                  70043420    00000242                                                       : uart_v0_lld.obj (.text.UART_fifoConfig)
                  70043662    0000000e     --HOLE-- [fill = 0]
                  70043670    0000023e     nortos.am263px.r5f.ti-arm-clang.debug.lib : printf.obj (.text._ntoa_format)
                  700438ae    00000002     --HOLE-- [fill = 0]
                  700438b0    00000226     drivers.am263px.r5f.ti-arm-clang.nortos.debug.lib : uart_dma_edma.obj (.text.UART_lld_dmaDeInit)
                  70043ad6    0000000a     --HOLE-- [fill = 0]
                  70043ae0    00000222                                                       : ipc_notify_v1.obj (.text.IpcNotify_isr)
                  70043d02    0000000e     --HOLE-- [fill = 0]
                  70043d10    000001d6     nortos.am263px.r5f.ti-arm-clang.debug.lib : TimerP_rti_priv.obj (.text.TimerP_setupPriv)
                  70043ee6    0000000a     --HOLE-- [fill = 0]
                  70043ef0    000001be     main.o (.text.core1_init)
                  700440ae    00000002     --HOLE-- [fill = 0]
                  700440b0    000001aa     drivers.am263px.r5f.ti-arm-clang.nortos.debug.lib : uart_dma_edma.obj (.text.UART_lld_dmaWrite)
                  7004425a    00000006     --HOLE-- [fill = 0]
                  70044260    000001a8                                                       : uart_v0.obj (.text.UART_close)
                  70044408    00000008     --HOLE-- [fill = 0]
                  70044410    00000198                                                       : uart_v0_lld.obj (.text.UART_lld_controllerIsr)
                  700445a8    00000008     --HOLE-- [fill = 0]
                  700445b0    00000186                                                       : mcan.obj (.text.MCAN_readMsg)
                  70044736    0000000a     --HOLE-- [fill = 0]
                  70044740    0000017e     can_interface.o (.text.can_rx_isr)
                  700448be    00000002     --HOLE-- [fill = 0]
                  700448c0    0000017a     main.o (.text.ipc_notify_callback_fxn)
                  70044a3a    00000006     --HOLE-- [fill = 0]
                  70044a40    00000164     gateway_shared.o (.text.gateway_core1_ipc_callback)
                  70044ba4    0000000c     --HOLE-- [fill = 0]
                  70044bb0    00000162     drivers.am263px.r5f.ti-arm-clang.nortos.debug.lib : edma.obj (.text.EDMA_unregisterIntr)
                  70044d12    0000000e     --HOLE-- [fill = 0]
                  70044d20    00000158                                                       : soc.obj (.text.SOC_controlModuleUnlockMMR)
                  70044e78    00000008     --HOLE-- [fill = 0]
                  70044e80    00000152                                                       : uart_v0_lld.obj (.text.UART_lld_initDma)
                  70044fd2    0000000e     --HOLE-- [fill = 0]
                  70044fe0    00000150     nortos.am263px.r5f.ti-arm-clang.debug.lib : DebugP_shmLogWriter.obj (.text.DebugP_shmLogWriterPutChar)
                  70045130    0000013a     drivers.am263px.r5f.ti-arm-clang.nortos.debug.lib : edma.obj (.text.EDMA_isDmaChannelAllocated)
                  7004526a    00000006     --HOLE-- [fill = 0]
                  70045270    00000138                                                       : mcan.obj (.text.MCAN_readMsgRam)
                  700453a8    00000008     --HOLE-- [fill = 0]
                  700453b0    00000138     nortos.am263px.r5f.ti-arm-clang.debug.lib : printf.obj (.text._ntoa_long_long)
                  700454e8    00000008     --HOLE-- [fill = 0]
                  700454f0    00000136                                               : ClockP_nortos_r5.obj (.text.ClockP_init)
                  70045626    0000000a     --HOLE-- [fill = 0]
                  70045630    00000136     drivers.am263px.r5f.ti-arm-clang.nortos.debug.lib : uart_v0_lld.obj (.text.UART_procLineStatusErr)
                  70045766    0000000a     --HOLE-- [fill = 0]
                  70045770    00000134                                                       : edma.obj (.text.EDMA_registerIntr)
                  700458a4    0000000c     --HOLE-- [fill = 0]
                  700458b0    0000012c                                                       : uart_v0_lld.obj (.text.UART_lld_init)
                  700459dc    00000004     --HOLE-- [fill = 0]
                  700459e0    00000126                                                       : soc.obj (.text.SOC_controlModuleLockMMR)
                  70045b06    0000000a     --HOLE-- [fill = 0]
                  70045b10    00000120                                                       : soc_rcm.obj (.text.SOC_rcmGetPeripheralClockFrequency)
                  70045c30    0000011c     nortos.am263px.r5f.ti-arm-clang.debug.lib : DebugP_shmLogWriter.obj (.text.DebugP_shmLogWriterPutLine)
                  70045d4c    00000004     --HOLE-- [fill = 0]
                  70045d50    0000011c     drivers.am263px.r5f.ti-arm-clang.nortos.debug.lib : uart_dma_edma.obj (.text.UART_lld_dmaRead)
                  70045e6c    00000118     libclang_rt.builtins.a : udivmoddi4.S.obj (.text)
                  70045f84    0000000c     --HOLE-- [fill = 0]
                  70045f90    00000116     drivers.am263px.r5f.ti-arm-clang.nortos.debug.lib : edma.obj (.text.EDMA_isTccAllocated)
                  700460a6    0000000a     --HOLE-- [fill = 0]
                  700460b0    00000116                                                       : uart_v0_lld.obj (.text.UART_divisorLatchWrite)
                  700461c6    0000000a     --HOLE-- [fill = 0]
                  700461d0    00000114     nortos.am263px.r5f.ti-arm-clang.debug.lib : printf.obj (.text._ntoa_long)
                  700462e4    0000000c     --HOLE-- [fill = 0]
                  700462f0    0000010e     drivers.am263px.r5f.ti-arm-clang.nortos.debug.lib : soc_rcm.obj (.text.SOC_rcmADPLLJGetFOut)
                  700463fe    00000002     --HOLE-- [fill = 0]
                  70046400    0000010a                                                       : ipc_notify_v1.obj (.text.IpcNotify_sendMsg)
                  7004650a    00000006     --HOLE-- [fill = 0]
                  70046510    00000104                                                       : uart_v0_lld.obj (.text.UART_configInstance)
                  70046614    0000000c     --HOLE-- [fill = 0]
                  70046620    00000102     nortos.am263px.r5f.ti-arm-clang.debug.lib : SemaphoreP_nortos.obj (.text.SemaphoreP_pend)
                  70046722    0000000e     --HOLE-- [fill = 0]
                  70046730    000000f0     can_interface.o (.text.CAN_StartRxInterrupts)
                  70046820    000000e6     drivers.am263px.r5f.ti-arm-clang.nortos.debug.lib : soc_rcm.obj (.text.SOC_rcmGetCoreFout)
                  70046906    0000000a     --HOLE-- [fill = 0]
                  70046910    000000e6                                                       : soc_rcm.obj (.text.SOC_rcmGetPerFout)
                  700469f6    0000000a     --HOLE-- [fill = 0]
                  70046a00    000000e4                                                       : edma.obj (.text.EDMA_freeChannelRegion)
                  70046ae4    0000000c     --HOLE-- [fill = 0]
                  70046af0    000000e2                                                       : edma.obj (.text.EDMA_freeParam)
                  70046bd2    0000000e     --HOLE-- [fill = 0]
                  70046be0    000000e0                                                       : edma.obj (.text.EDMA_freeDmaChannel)
                  70046cc0    000000e0                                                       : edma.obj (.text.EDMA_freeTcc)
                  70046da0    000000de                                                       : uart_v0_lld.obj (.text.UART_intrEnable)
                  70046e7e    00000002     --HOLE-- [fill = 0]
                  70046e80    000000da                                                       : uart_v0_lld.obj (.text.UART_intrDisable)
                  70046f5a    00000006     --HOLE-- [fill = 0]
                  70046f60    000000d0     nortos.am263px.r5f.ti-arm-clang.debug.lib : AddrTranslateP_32bit.obj (.text.AddrTranslateP_getLocalAddr)
                  70047030    000000ce     drivers.am263px.r5f.ti-arm-clang.nortos.debug.lib : edma.obj (.text.EDMA_disableChInShadowRegRegion)
                  700470fe    00000002     --HOLE-- [fill = 0]
                  70047100    000000cc                                                       : edma.obj (.text.EDMA_enableChInShadowRegRegion)
                  700471cc    00000004     --HOLE-- [fill = 0]
                  700471d0    000000c4                                                       : edma.obj (.text.EDMA_mapChToEvtQ)
                  70047294    0000000c     --HOLE-- [fill = 0]
                  700472a0    000000c0                                                       : edma.obj (.text.EDMA_configureChannelRegion)
                  70047360    000000c0                                                       : soc_rcm.obj (.text.SOC_rcmGetPerHSDivOut)
                  70047420    000000c0                                                       : uart_v0.obj (.text.UART_flushTxFifo)
                  700474e0    000000c0     nortos.am263px.r5f.ti-arm-clang.debug.lib : printf.obj (.text._out_rev)
                  700475a0    000000be                                               : ClockP_nortos.obj (.text.ClockP_timerTickIsr)
                  7004765e    00000002     --HOLE-- [fill = 0]
                  70047660    000000be     ti_dpl_config.o (.text.TimerP_init)
                  7004771e    00000002     --HOLE-- [fill = 0]
                  70047720    000000ba     nortos.am263px.r5f.ti-arm-clang.debug.lib : ClockP_nortos.obj (.text.ClockP_stop)
                  700477da    00000006     --HOLE-- [fill = 0]
                  700477e0    000000ba     drivers.am263px.r5f.ti-arm-clang.nortos.debug.lib : ipc_notify_v1.obj (.text.IpcNotify_waitSync)
                  7004789a    00000006     --HOLE-- [fill = 0]
                  700478a0    000000ba     nortos.am263px.r5f.ti-arm-clang.debug.lib : PmuP_armv7r.obj (.text.pmu)
                  7004795a    00000006     --HOLE-- [fill = 0]
                  70047960    000000b0     drivers.am263px.r5f.ti-arm-clang.nortos.debug.lib : soc_rcm.obj (.text.SOC_rcmSetPeripheralClock)
                  70047a10    000000b0                                                       : uart_v0.obj (.text.UART_init)
                  70047ac0    000000ae                                                       : mcan.obj (.text.MCAN_getOffsetAddr)
                  70047b6e    00000002     --HOLE-- [fill = 0]
                  70047b70    000000ac     gateway_shared.o (.text.gateway_core1_wait_for_ready)
                  70047c1c    00000004     --HOLE-- [fill = 0]
                  70047c20    000000a8     nortos.am263px.r5f.ti-arm-clang.debug.lib : ClockP_nortos.obj (.text.ClockP_addToList)
                  70047cc8    00000008     --HOLE-- [fill = 0]
                  70047cd0    000000a8                                               : ClockP_nortos.obj (.text.ClockP_destruct)
                  70047d78    00000008     --HOLE-- [fill = 0]
                  70047d80    000000a8     ti_drivers_open_close.o (.text.Drivers_uartOpen)
                  70047e28    00000008     --HOLE-- [fill = 0]
                  70047e30    000000a0     drivers.am263px.r5f.ti-arm-clang.nortos.debug.lib : soc_rcm.obj (.text.SOC_rcmGetCoreHSDivOut)
                  70047ed0    00000098                                                       : ipc_notify_v1.obj (.text.IpcNotify_registerClient)
                  70047f68    00000008     --HOLE-- [fill = 0]
                  70047f70    00000096                                                       : uart_v0_lld.obj (.text.UART_subConfigTCRTLRModeEn)
                  70048006    0000000a     --HOLE-- [fill = 0]
                  70048010    00000092     nortos.am263px.r5f.ti-arm-clang.debug.lib : ClockP_nortos.obj (.text.ClockP_getTimeUsec)
                  700480a2    0000000e     --HOLE-- [fill = 0]
                  700480b0    00000092     drivers.am263px.r5f.ti-arm-clang.nortos.debug.lib : edma.obj (.text.EDMA_unmapChToEvtQ)
                  70048142    0000000e     --HOLE-- [fill = 0]
                  70048150    0000008c                                                       : edma.obj (.text.EDMA_disableTransferRegion)
                  700481dc    00000004     --HOLE-- [fill = 0]
                  700481e0    0000008c                                                       : edma.obj (.text.EDMA_enableTransferRegion)
                  7004826c    00000004     --HOLE-- [fill = 0]
                  70048270    00000088                                                       : uart_dma_edma.obj (.text.UART_edmaIsrRx)
                  700482f8    00000008     --HOLE-- [fill = 0]
                  70048300    00000088                                                       : uart_dma_edma.obj (.text.UART_edmaIsrTx)
                  70048388    00000008     --HOLE-- [fill = 0]
                  70048390    00000088     gateway_shared.o (.text.gateway_write_test_data)
                  70048418    00000008     --HOLE-- [fill = 0]
                  70048420    00000086     drivers.am263px.r5f.ti-arm-clang.nortos.debug.lib : uart_v0_lld.obj (.text.UART_lld_flushTxFifo)
                  700484a6    0000000a     --HOLE-- [fill = 0]
                  700484b0    00000086                                                       : uart_v0_lld.obj (.text.UART_tcrTlrBitValRestore)
                  70048536    0000000a     --HOLE-- [fill = 0]
                  70048540    00000084     dispatcher_timer.o (.text.disp_timer_isr_callback)
                  700485c4    0000000c     --HOLE-- [fill = 0]
                  700485d0    00000082     drivers.am263px.r5f.ti-arm-clang.nortos.debug.lib : edma.obj (.text.EDMA_allocDmaChannel)
                  70048652    0000000e     --HOLE-- [fill = 0]
                  70048660    00000082                                                       : edma.obj (.text.EDMA_allocParam)
                  700486e2    0000000e     --HOLE-- [fill = 0]
                  700486f0    00000082                                                       : edma.obj (.text.EDMA_allocTcc)
                  70048772    0000000e     --HOLE-- [fill = 0]
                  70048780    00000082                                                       : edma.obj (.text.EDMA_disableTccInShadowRegRegion)
                  70048802    0000000e     --HOLE-- [fill = 0]
                  70048810    00000082                                                       : edma.obj (.text.EDMA_enableTccInShadowRegRegion)
                  70048892    0000000e     --HOLE-- [fill = 0]
                  700488a0    00000082                                                       : ipc_notify_v1.obj (.text.IpcNotify_syncAll)
                  70048922    0000000e     --HOLE-- [fill = 0]
                  70048930    00000080                                                       : uart_v0_lld.obj (.text.UART_moduleReset)
                  700489b0    0000007e     ti_drivers_config.o (.text.System_init)
                  70048a2e    00000002     --HOLE-- [fill = 0]
                  70048a30    0000007e     drivers.am263px.r5f.ti-arm-clang.nortos.debug.lib : uart_v0_lld.obj (.text.UART_readData)
                  70048aae    00000002     --HOLE-- [fill = 0]
                  70048ab0    0000007e     gateway_shared.o (.text.gateway_read_test_data)
                  70048b2e    00000002     --HOLE-- [fill = 0]
                  70048b30    0000007c     nortos.am263px.r5f.ti-arm-clang.debug.lib : DebugP_log.obj (.text._DebugP_assert)
                  70048bac    00000004     --HOLE-- [fill = 0]
                  70048bb0    0000007a     drivers.am263px.r5f.ti-arm-clang.nortos.debug.lib : ipc_notify_v1.obj (.text.IpcNotify_mailboxWrite)
                  70048c2a    00000006     --HOLE-- [fill = 0]
                  70048c30    0000007a                                                       : uart_v0.obj (.text.UART_Params_init)
                  70048caa    00000006     --HOLE-- [fill = 0]
                  70048cb0    00000078                                                       : edma.obj (.text.EDMA_linkChannel)
                  70048d28    00000008     --HOLE-- [fill = 0]
                  70048d30    00000074                                                       : uart_v0_lld.obj (.text.UART_IsBaseAddrValid)
                  70048da4    0000000c     --HOLE-- [fill = 0]
                  70048db0    00000072     nortos.am263px.r5f.ti-arm-clang.debug.lib : ClockP_nortos.obj (.text.ClockP_usleep)
                  70048e22    0000000e     --HOLE-- [fill = 0]
                  70048e30    00000072     drivers.am263px.r5f.ti-arm-clang.nortos.debug.lib : edma.obj (.text.EDMA_clrMissEvtRegion)
                  70048ea2    0000000e     --HOLE-- [fill = 0]
                  70048eb0    00000072                                                       : ipc_notify_v1.obj (.text.IpcNotify_makeMsg)
                  70048f22    0000000e     --HOLE-- [fill = 0]
                  70048f30    0000006a                                                       : ipc_notify_v1.obj (.text.IpcNotify_mailboxReadSwQ)
                  70048f9a    00000006     --HOLE-- [fill = 0]
                  70048fa0    00000068                                                       : edma.obj (.text.EDMA_getBaseAddr)
                  70049008    00000008     --HOLE-- [fill = 0]
                  70049010    00000068                                                       : uart_v0_lld.obj (.text.UART_divisorValCompute)
                  70049078    00000008     --HOLE-- [fill = 0]
                  70049080    00000064                                                       : soc_rcm.obj (.text.SOC_rcmGetR5Clock)
                  700490e4    0000000c     --HOLE-- [fill = 0]
                  700490f0    00000064                                                       : soc_rcm.obj (.text.SOC_rcmIsR5FInLockStepMode)
                  70049154    0000000c     --HOLE-- [fill = 0]
                  70049160    00000064                                                       : uart_v0_lld.obj (.text.UART_fifoRegisterWrite)
                  700491c4    0000000c     --HOLE-- [fill = 0]
                  700491d0    00000064                                                       : uart_v0_lld.obj (.text.UART_lld_deInitDma)
                  70049234    0000000c     --HOLE-- [fill = 0]
                  70049240    00000062                                                       : soc_rcm.obj (.text.SOC_rcmInsert16)
                  700492a2    0000000e     --HOLE-- [fill = 0]
                  700492b0    00000062     nortos.am263px.r5f.ti-arm-clang.debug.lib : SemaphoreP_nortos.obj (.text.SemaphoreP_post)
                  70049312    0000000e     --HOLE-- [fill = 0]
                  70049320    00000060     drivers.am263px.r5f.ti-arm-clang.nortos.debug.lib : uart_v0_lld.obj (.text.UART_getChar)
                  70049380    00000060                                                       : uart_v0_lld.obj (.text.UART_writeData)
                  700493e0    00000060     dispatcher_timer.o (.text.disp_timer_start)
                  70049440    0000005c     ti_power_clock_config.o (.text.Module_clockSetFrequency)
                  7004949c    00000004     --HOLE-- [fill = 0]
                  700494a0    0000005c     drivers.am263px.r5f.ti-arm-clang.nortos.debug.lib : uart_v0_lld.obj (.text.UART_lld_deInit)
                  700494fc    00000004     --HOLE-- [fill = 0]
                  70049500    0000005c     gateway_shared.o (.text.gateway_notify_test_data_ready)
                  7004955c    00000004     --HOLE-- [fill = 0]
                  70049560    0000005a     drivers.am263px.r5f.ti-arm-clang.nortos.debug.lib : uart_v0_lld.obj (.text.UART_regConfigModeEnable)
                  700495ba    00000006     --HOLE-- [fill = 0]
                  700495c0    0000005a     dispatcher_timer.o (.text.disp_timer_init)
                  7004961a    00000006     --HOLE-- [fill = 0]
                  70049620    00000058     ti_drivers_config.o (.text.IpcNotify_allocSwQueue)
                  70049678    00000008     --HOLE-- [fill = 0]
                  70049680    00000058     drivers.am263px.r5f.ti-arm-clang.nortos.debug.lib : soc_rcm.obj (.text.SOC_rcmGetModuleClkDivVal)
                  700496d8    00000008     --HOLE-- [fill = 0]
                  700496e0    00000056                                                       : uart_v0.obj (.text.UART_lld_readCompleteCallback)
                  70049736    0000000a     --HOLE-- [fill = 0]
                  70049740    00000056                                                       : uart_v0.obj (.text.UART_lld_writeCompleteCallback)
                  70049796    0000000a     --HOLE-- [fill = 0]
                  700497a0    00000054     ti_dpl_config.o (.text.Dpl_init)
                  700497f4    0000000c     --HOLE-- [fill = 0]
                  70049800    00000054     drivers.am263px.r5f.ti-arm-clang.nortos.debug.lib : edma.obj (.text.EDMA_setPaRAM)
                  70049854    0000000c     --HOLE-- [fill = 0]
                  70049860    00000054                                                       : uart_v0_lld.obj (.text.UART_OperModeValid)
                  700498b4    0000000c     --HOLE-- [fill = 0]
                  700498c0    00000054     main.o (.text.main)
                  70049914    00000054     libc.a : autoinit.c.obj (.text:__TI_auto_init_nobinit_nopinit)
                  70049968    00000008     --HOLE-- [fill = 0]
                  70049970    00000050     ti_drivers_open_close.o (.text.Drivers_uartClose)
                  700499c0    00000050     drivers.am263px.r5f.ti-arm-clang.nortos.debug.lib : pinmux.obj (.text.Pinmux_config)
                  70049a10    00000050                                                       : uart_v0_lld.obj (.text.UART_checkCharsAvailInFifo)
                  70049a60    0000004e     nortos.am263px.r5f.ti-arm-clang.debug.lib : DebugP_shmLogWriter.obj (.text.DebugP_shmLogWriterInit)
                  70049aae    00000002     --HOLE-- [fill = 0]
                  70049ab0    0000004e     drivers.am263px.r5f.ti-arm-clang.nortos.debug.lib : edma.obj (.text.EDMA_clrEvtRegion)
                  70049afe    00000002     --HOLE-- [fill = 0]
                  70049b00    0000004e                                                       : edma.obj (.text.EDMA_disableDmaEvtRegion)
                  70049b4e    00000002     --HOLE-- [fill = 0]
                  70049b50    0000004e                                                       : edma.obj (.text.EDMA_disableEvtIntrRegion)
                  70049b9e    00000002     --HOLE-- [fill = 0]
                  70049ba0    0000004e                                                       : edma.obj (.text.EDMA_enableDmaEvtRegion)
                  70049bee    00000002     --HOLE-- [fill = 0]
                  70049bf0    0000004e                                                       : edma.obj (.text.EDMA_enableEvtIntrRegion)
                  70049c3e    00000002     --HOLE-- [fill = 0]
                  70049c40    0000004e                                                       : edma.obj (.text.EDMA_setEvtRegion)
                  70049c8e    00000002     --HOLE-- [fill = 0]
                  70049c90    0000004c     nortos.am263px.r5f.ti-arm-clang.debug.lib : ClockP_nortos.obj (.text.ClockP_construct)
                  70049cdc    00000004     --HOLE-- [fill = 0]
                  70049ce0    0000004c     drivers.am263px.r5f.ti-arm-clang.nortos.debug.lib : edma.obj (.text.EDMA_ccPaRAMEntry_init)
                  70049d2c    00000004     --HOLE-- [fill = 0]
                  70049d30    0000004c                                                       : edma.obj (.text.EDMA_mapQdmaChToPaRAM)
                  70049d7c    00000004     --HOLE-- [fill = 0]
                  70049d80    0000004c                                                       : edma.obj (.text.EDMA_readEventStatusRegion)
                  70049dcc    00000004     --HOLE-- [fill = 0]
                  70049dd0    0000004c                                                       : ipc_notify_v1.obj (.text.IpcNotify_unregisterClient)
                  70049e1c    00000004     --HOLE-- [fill = 0]
                  70049e20    0000004c     ti_power_clock_config.o (.text.Module_clockEnable)
                  70049e6c    00000004     --HOLE-- [fill = 0]
                  70049e70    0000004a     drivers.am263px.r5f.ti-arm-clang.nortos.debug.lib : ipc_notify_v1.obj (.text.IpcNotify_Params_init)
                  70049eba    00000006     --HOLE-- [fill = 0]
                  70049ec0    0000004a                                                       : soc_rcm.obj (.text.SOC_rcmGetCR5SysclkInFrequency)
                  70049f0a    00000006     --HOLE-- [fill = 0]
                  70049f10    0000004a                                                       : uart_v0_lld.obj (.text.UART_getIntrIdentityStatus)
                  70049f5a    00000006     --HOLE-- [fill = 0]
                  70049f60    0000004a                                                       : uart_v0_lld.obj (.text.UART_lineCharConfig)
                  70049faa    00000006     --HOLE-- [fill = 0]
                  70049fb0    00000048                                                       : uart_v0_lld.obj (.text.UART_resetModule)
                  70049ff8    00000008     --HOLE-- [fill = 0]
                  7004a000    00000046                                                       : uart_v0_lld.obj (.text.UART_i2310WA)
                  7004a046    0000000a     --HOLE-- [fill = 0]
                  7004a050    00000046                                                       : uart_v0_lld.obj (.text.UART_readLineStatus)
                  7004a096    0000000a     --HOLE-- [fill = 0]
                  7004a0a0    00000044                                                       : ipc_notify_v1.obj (.text.IpcNotify_getWriteMailbox)
                  7004a0e4    0000000c     --HOLE-- [fill = 0]
                  7004a0f0    00000044                                                       : soc_rcm.obj (.text.SOC_rcmExtract8)
                  7004a134    0000000c     --HOLE-- [fill = 0]
                  7004a140    00000044                                                       : soc_rcm.obj (.text.SOC_rcmMake16)
                  7004a184    0000000c     --HOLE-- [fill = 0]
                  7004a190    00000044     nortos.am263px.r5f.ti-arm-clang.debug.lib : SemaphoreP_nortos.obj (.text.SemaphoreP_construct)
                  7004a1d4    0000000c     --HOLE-- [fill = 0]
                  7004a1e0    00000044                                               : DebugP_nortos.obj (.text._DebugP_logZone)
                  7004a224    0000000c     --HOLE-- [fill = 0]
                  7004a230    00000044                                               : printf.obj (.text._strnlen_s)
                  7004a274    0000000c     --HOLE-- [fill = 0]
                  7004a280    00000044     gateway_shared.o (.text.gateway_notify_states_ready)
                  7004a2c4    0000000c     --HOLE-- [fill = 0]
                  7004a2d0    00000044     main.o (.text.timer_isr)
                  7004a314    0000000c     --HOLE-- [fill = 0]
                  7004a320    00000042     nortos.am263px.r5f.ti-arm-clang.debug.lib : ClockP_nortos.obj (.text.ClockP_start)
                  7004a362    0000000e     --HOLE-- [fill = 0]
                  7004a370    00000042     drivers.am263px.r5f.ti-arm-clang.nortos.debug.lib : uart_v0.obj (.text.UART_checkOpenParams)
                  7004a3b2    0000000e     --HOLE-- [fill = 0]
                  7004a3c0    0000003e                                                       : pinmux.obj (.text.Pinmux_unlockMMR)
                  7004a3fe    00000002     --HOLE-- [fill = 0]
                  7004a400    0000003e                                                       : uart_v0_lld.obj (.text.UART_IsHWFlowCtrlValid)
                  7004a43e    00000002     --HOLE-- [fill = 0]
                  7004a440    0000003e                                                       : uart_v0_lld.obj (.text.UART_spaceAvail)
                  7004a47e    00000002     --HOLE-- [fill = 0]
                  7004a480    0000003e     gateway_shared.o (.text.gateway_core1_init)
                  7004a4be    00000002     --HOLE-- [fill = 0]
                  7004a4c0    0000003e     gateway_shared.o (.text.gateway_update_heartbeat)
                  7004a4fe    00000002     --HOLE-- [fill = 0]
                  7004a500    0000003e     main.o (.text.init_1000hz_timer)
                  7004a53e    00000002     --HOLE-- [fill = 0]
                  7004a540    0000003c     drivers.am263px.r5f.ti-arm-clang.nortos.debug.lib : uart_v0_lld.obj (.text.UART_IsParityTypeValid)
                  7004a57c    00000004     --HOLE-- [fill = 0]
                  7004a580    0000003c                                                       : uart_v0_lld.obj (.text.UART_IsTxRxFifoEmpty)
                  7004a5bc    00000004     --HOLE-- [fill = 0]
                  7004a5c0    0000003c                                                       : uart_v0_lld.obj (.text.UART_enhanFuncEnable)
                  7004a5fc    00000004     --HOLE-- [fill = 0]
                  7004a600    0000003a                                                       : soc.obj (.text.SOC_moduleSetClockFrequency)
                  7004a63a    00000006     --HOLE-- [fill = 0]
                  7004a640    0000003a     nortos.am263px.r5f.ti-arm-clang.debug.lib : printf.obj (.text._atoi)
                  7004a67a    00000006     --HOLE-- [fill = 0]
                  7004a680    0000003a                                               : printf.obj (.text.snprintf_)
                  7004a6ba    00000006     --HOLE-- [fill = 0]
                  7004a6c0    00000038     drivers.am263px.r5f.ti-arm-clang.nortos.debug.lib : soc.obj (.text.SOC_getCoreName)
                  7004a6f8    00000038     nortos.am263px.r5f.ti-arm-clang.debug.lib : PmuP_armv7r_asm.obj (.text.pmu)
                  7004a730    00000036     drivers.am263px.r5f.ti-arm-clang.nortos.debug.lib : edma.obj (.text.EDMA_getRegionId)
                  7004a766    0000000a     --HOLE-- [fill = 0]
                  7004a770    00000036                                                       : ipc_notify_v1.obj (.text.IpcNotify_syncCallback)
                  7004a7a6    0000000a     --HOLE-- [fill = 0]
                  7004a7b0    00000034                                                       : mcan.obj (.text.MCAN_calcCfgAddr)
                  7004a7e4    0000000c     --HOLE-- [fill = 0]
                  7004a7f0    00000034                                                       : pinmux.obj (.text.Pinmux_lockMMR)
                  7004a824    0000000c     --HOLE-- [fill = 0]
                  7004a830    00000034     nortos.am263px.r5f.ti-arm-clang.debug.lib : TimerP_rti_priv.obj (.text.TimerP_Params_initPriv)
                  7004a864    0000000c     --HOLE-- [fill = 0]
                  7004a870    00000034     drivers.am263px.r5f.ti-arm-clang.nortos.debug.lib : uart_v0_lld.obj (.text.UART_IsDataLengthValid)
                  7004a8a4    0000000c     --HOLE-- [fill = 0]
                  7004a8b0    00000032                                                       : uart_v0_lld.obj (.text.HW_WR_FIELD32_RAW)
                  7004a8e2    0000000e     --HOLE-- [fill = 0]
                  7004a8f0    00000032                                                       : ipc_notify_v1.obj (.text.IpcNotify_mailboxIsPendingIntr)
                  7004a922    0000000e     --HOLE-- [fill = 0]
                  7004a930    00000032     nortos.am263px.r5f.ti-arm-clang.debug.lib : TimerP_rti_priv.obj (.text.TimerP_getCountPriv)
                  7004a962    0000000e     --HOLE-- [fill = 0]
                  7004a970    00000032     drivers.am263px.r5f.ti-arm-clang.nortos.debug.lib : uart_v0_lld.obj (.text.UART_enhanFuncBitValRestore)
                  7004a9a2    0000000e     --HOLE-- [fill = 0]
                  7004a9b0    00000032                                                       : uart_v0_lld.obj (.text.UART_hardwareFlowCtrlOptSet)
                  7004a9e2    0000000e     --HOLE-- [fill = 0]
                  7004a9f0    00000030                                                       : ipc_notify_v1.obj (.text.IpcNotify_getReadSwQ)
                  7004aa20    00000030                                                       : uart_v0_lld.obj (.text.UART_flowCtrlTrigLvlConfig)
                  7004aa50    0000002e                                                       : uart_dma_edma.obj (.text.UART_lld_dmaInit)
                  7004aa7e    00000002     --HOLE-- [fill = 0]
                  7004aa80    0000002e     nortos.am263px.r5f.ti-arm-clang.debug.lib : printf.obj (.text._is_digit)
                  7004aaae    00000002     --HOLE-- [fill = 0]
                  7004aab0    0000002c                                               : DebugP_log.obj (.text.DebugP_logZoneEnable)
                  7004aadc    00000004     --HOLE-- [fill = 0]
                  7004aae0    0000002c     drivers.am263px.r5f.ti-arm-clang.nortos.debug.lib : ipc_notify_v1.obj (.text.IpcNotify_getReadMailbox)
                  7004ab0c    00000004     --HOLE-- [fill = 0]
                  7004ab10    0000002c                                                       : mcan.obj (.text.MCAN_clearNewDataStatus)
                  7004ab3c    00000004     --HOLE-- [fill = 0]
                  7004ab40    0000002c                                                       : mcan.obj (.text.MCAN_getNewDataStatus)
                  7004ab6c    00000004     --HOLE-- [fill = 0]
                  7004ab70    0000002c     nortos.am263px.r5f.ti-arm-clang.debug.lib : SemaphoreP_nortos.obj (.text.SemaphoreP_constructBinary)
                  7004ab9c    00000004     --HOLE-- [fill = 0]
                  7004aba0    0000002a                                               : ClockP_nortos.obj (.text.ClockP_sleepTicks)
                  7004abca    00000006     --HOLE-- [fill = 0]
                  7004abd0    0000002a     drivers.am263px.r5f.ti-arm-clang.nortos.debug.lib : uart_v0_lld.obj (.text.UART_intr2Disable)
                  7004abfa    00000006     --HOLE-- [fill = 0]
                  7004ac00    0000002a                                                       : uart_v0_lld.obj (.text.UART_operatingModeSelect)
                  7004ac2a    00000006     --HOLE-- [fill = 0]
                  7004ac30    00000028     nortos.am263px.r5f.ti-arm-clang.debug.lib : CpuId_armv7r.obj (.text.CSL_armR5GetCpuID)
                  7004ac58    00000008     --HOLE-- [fill = 0]
                  7004ac60    00000028                                               : printf.obj (.text.vprintf_)
                  7004ac88    00000008     --HOLE-- [fill = 0]
                  7004ac90    00000026     drivers.am263px.r5f.ti-arm-clang.nortos.debug.lib : edma.obj (.text.EDMA_disableQdmaEvtRegion)
                  7004acb6    0000000a     --HOLE-- [fill = 0]
                  7004acc0    00000026                                                       : edma.obj (.text.EDMA_enableQdmaEvtRegion)
                  7004ace6    0000000a     --HOLE-- [fill = 0]
                  7004acf0    00000026                                                       : edma.obj (.text.EDMA_validateIntrObject)
                  7004ad16    0000000a     --HOLE-- [fill = 0]
                  7004ad20    00000026     nortos.am263px.r5f.ti-arm-clang.debug.lib : printf.obj (.text._out_buffer)
                  7004ad46    0000000a     --HOLE-- [fill = 0]
                  7004ad50    00000024     ti_drivers_config.o (.text.IpcNotify_getConfig)
                  7004ad74    0000000c     --HOLE-- [fill = 0]
                  7004ad80    00000024     nortos.am263px.r5f.ti-arm-clang.debug.lib : SemaphoreP_nortos.obj (.text.SemaphoreP_constructMutex)
                  7004ada4    0000000c     --HOLE-- [fill = 0]
                  7004adb0    00000024     drivers.am263px.r5f.ti-arm-clang.nortos.debug.lib : uart_v0_lld.obj (.text.UART_IsRxTrigLvlValid)
                  7004add4    0000000c     --HOLE-- [fill = 0]
                  7004ade0    00000024                                                       : uart_v0_lld.obj (.text.UART_IsStopBitsValid)
                  7004ae04    0000000c     --HOLE-- [fill = 0]
                  7004ae10    00000024                                                       : uart_v0_lld.obj (.text.UART_IsTxTrigLvlValid)
                  7004ae34    00000024     libclang_rt.builtins.a : aeabi_uldivmod.S.obj (.text.__aeabi_uldivmod)
                  7004ae58    00000008     --HOLE-- [fill = 0]
                  7004ae60    00000024     nortos.am263px.r5f.ti-arm-clang.debug.lib : printf.obj (.text._out_char)
                  7004ae84    0000000c     --HOLE-- [fill = 0]
                  7004ae90    00000022     drivers.am263px.r5f.ti-arm-clang.nortos.debug.lib : edma.obj (.text.EDMA_channelToParamMap)
                  7004aeb2    0000000e     --HOLE-- [fill = 0]
                  7004aec0    00000020     nortos.am263px.r5f.ti-arm-clang.debug.lib : ClockP_nortos.obj (.text.ClockP_isActive)
                  7004aee0    00000020                                               : ClockP_nortos.obj (.text.ClockP_usecToTicks)
                  7004af00    00000020     drivers.am263px.r5f.ti-arm-clang.nortos.debug.lib : mcan.obj (.text.HW_RD_FIELD32_RAW)
                  7004af20    00000020                                                       : uart_v0_lld.obj (.text.HW_RD_FIELD32_RAW)
                  7004af40    0000001e     nortos.am263px.r5f.ti-arm-clang.debug.lib : ClockP_nortos.obj (.text.ClockP_Params_init)
                  7004af5e    00000002     --HOLE-- [fill = 0]
                  7004af60    0000001e     drivers.am263px.r5f.ti-arm-clang.nortos.debug.lib : edma.obj (.text.EDMA_getEventStatusHigh)
                  7004af7e    00000002     --HOLE-- [fill = 0]
                  7004af80    0000001e                                                       : soc.obj (.text.SOC_getSelfCpuClk)
                  7004af9e    00000002     --HOLE-- [fill = 0]
                  7004afa0    0000001e                                                       : soc.obj (.text.SOC_moduleClockEnable)
                  7004afbe    00000002     --HOLE-- [fill = 0]
                  7004afc0    0000001e     ti_dpl_config.o (.text.TimerP_isr0)
                  7004afde    00000002     --HOLE-- [fill = 0]
                  7004afe0    0000001e     drivers.am263px.r5f.ti-arm-clang.nortos.debug.lib : uart_v0_lld.obj (.text.UART_breakCtl)
                  7004affe    00000002     --HOLE-- [fill = 0]
                  7004b000    0000001e                                                       : uart_v0_lld.obj (.text.UART_lld_Transaction_deInit)
                  7004b01e    00000002     --HOLE-- [fill = 0]
                  7004b020    0000001c                                                       : edma.obj (.text.EDMA_getEventStatus)
                  7004b03c    00000004     --HOLE-- [fill = 0]
                  7004b040    0000001c                                                       : uart_v0_lld.obj (.text.UART_IsParameter)
                  7004b05c    00000004     --HOLE-- [fill = 0]
                  7004b060    0000001c     timer.o (.text.timerISR)
                  7004b07c    0000001c     libc.a : memcpy32.S.obj (.text:TI_memcpy_small)
                  7004b098    00000008     --HOLE-- [fill = 0]
                  7004b0a0    0000001a     drivers.am263px.r5f.ti-arm-clang.nortos.debug.lib : mcan.obj (.text.MCAN_clearIntrStatus)
                  7004b0ba    00000006     --HOLE-- [fill = 0]
                  7004b0c0    0000001a                                                       : uart_v0_lld.obj (.text.UART_fifoCharGet)
                  7004b0da    00000006     --HOLE-- [fill = 0]
                  7004b0e0    0000001a                                                       : uart_v0_lld.obj (.text.UART_timeGuardConfig)
                  7004b0fa    00000006     --HOLE-- [fill = 0]
                  7004b100    00000018     nortos.am263px.r5f.ti-arm-clang.debug.lib : ClockP_nortos.obj (.text.ClockP_ticksToUsec)
                  7004b118    00000008     --HOLE-- [fill = 0]
                  7004b120    00000018     drivers.am263px.r5f.ti-arm-clang.nortos.debug.lib : edma.obj (.text.EDMA_isInterruptEnabled)
                  7004b138    00000008     --HOLE-- [fill = 0]
                  7004b140    00000018                                                       : ipc_notify_v1.obj (.text.IpcNotify_mailboxClearAllInt)
                  7004b158    00000008     --HOLE-- [fill = 0]
                  7004b160    00000018                                                       : ipc_notify_v1_cfg.obj (.text.IpcNotify_trigInterrupt)
                  7004b178    00000008     --HOLE-- [fill = 0]
                  7004b180    00000018     nortos.am263px.r5f.ti-arm-clang.debug.lib : SemaphoreP_nortos.obj (.text.SemaphoreP_Params_init)
                  7004b198    00000008     --HOLE-- [fill = 0]
                  7004b1a0    00000018                                               : TimerP_rti_priv.obj (.text.TimerP_getReloadCountPriv)
                  7004b1b8    00000008     --HOLE-- [fill = 0]
                  7004b1c0    00000018     drivers.am263px.r5f.ti-arm-clang.nortos.debug.lib : uart_v0_lld.obj (.text.UART_divisorLatchDisable)
                  7004b1d8    00000008     --HOLE-- [fill = 0]
                  7004b1e0    00000018                                                       : uart_v0_lld.obj (.text.UART_modemControlReset)
                  7004b1f8    00000008     --HOLE-- [fill = 0]
                  7004b200    00000018                                                       : uart_v0_lld.obj (.text.UART_putChar)
                  7004b218    00000018     libc.a : memset32.S.obj (.text:TI_memset_small)
                  7004b230    00000016     drivers.am263px.r5f.ti-arm-clang.nortos.debug.lib : ipc_notify_v1.obj (.text.IpcNotify_sendSync)
                  7004b246    0000000a     --HOLE-- [fill = 0]
                  7004b250    00000016                                                       : mcan.obj (.text.MCAN_getIntrStatus)
                  7004b266    0000000a     --HOLE-- [fill = 0]
                  7004b270    00000016     nortos.am263px.r5f.ti-arm-clang.debug.lib : TimerP_rti_priv.obj (.text.TimerP_startPriv)
                  7004b286    0000000a     --HOLE-- [fill = 0]
                  7004b290    00000016                                               : TimerP_rti_priv.obj (.text.TimerP_stopPriv)
                  7004b2a6    0000000a     --HOLE-- [fill = 0]
                  7004b2b0    00000016     drivers.am263px.r5f.ti-arm-clang.nortos.debug.lib : uart_v0_lld.obj (.text.UART_divideRoundCloset)
                  7004b2c6    0000000a     --HOLE-- [fill = 0]
                  7004b2d0    00000016                                                       : uart_v0_lld.obj (.text.UART_regConfModeRestore)
                  7004b2e6    0000000a     --HOLE-- [fill = 0]
                  7004b2f0    00000014                                                       : edma.obj (.text.HW_WR_REG16_RAW)
                  7004b304    0000000c     --HOLE-- [fill = 0]
                  7004b310    00000014                                                       : ipc_notify_v1.obj (.text.IpcNotify_mailboxClearPendingIntr)
                  7004b324    0000000c     --HOLE-- [fill = 0]
                  7004b330    00000014                                                       : soc_rcm.obj (.text.SOC_rcmGetModuleClkDivFromRegVal)
                  7004b344    0000000c     --HOLE-- [fill = 0]
                  7004b350    00000014     nortos.am263px.r5f.ti-arm-clang.debug.lib : TimerP_rti_priv.obj (.text.TimerP_clearOverflowIntPriv)
                  7004b364    0000000c     --HOLE-- [fill = 0]
                  7004b370    00000014                                               : TimerP_rti_nortos.obj (.text.TimerP_setup)
                  7004b384    0000000c     --HOLE-- [fill = 0]
                  7004b390    00000014     ti_dpl_config.o (.text.putchar_)
                  7004b3a4    0000000c     --HOLE-- [fill = 0]
                  7004b3b0    00000012     ti_pinmux_config.o (.text.Pinmux_init)
                  7004b3c2    0000000e     --HOLE-- [fill = 0]
                  7004b3d0    00000010     drivers.am263px.r5f.ti-arm-clang.nortos.debug.lib : pinmux.obj (.text.CSL_REG32_WR_RAW)
                  7004b3e0    00000010                                                       : soc.obj (.text.CSL_REG32_WR_RAW)
                  7004b3f0    00000010     nortos.am263px.r5f.ti-arm-clang.debug.lib : ClockP_nortos_r5.obj (.text.ClockP_getTimerCount)
                  7004b400    00000010                                               : ClockP_nortos_r5.obj (.text.ClockP_timerClearOverflowInt)
                  7004b410    00000010     drivers.am263px.r5f.ti-arm-clang.nortos.debug.lib : edma.obj (.text.HW_RD_REG32_RAW)
                  7004b420    00000010                                                       : mcan.obj (.text.HW_RD_REG32_RAW)
                  7004b430    00000010                                                       : uart_v0_lld.obj (.text.HW_RD_REG32_RAW)
                  7004b440    00000010                                                       : edma.obj (.text.HW_WR_REG32_RAW)
                  7004b450    00000010                                                       : mcan.obj (.text.HW_WR_REG32_RAW)
                  7004b460    00000010                                                       : uart_v0_lld.obj (.text.HW_WR_REG32_RAW)
                  7004b470    00000010                                                       : ipc_notify_v1.obj (.text.IpcNotify_mailboxGetPendingIntr)
                  7004b480    00000010     nortos.am263px.r5f.ti-arm-clang.debug.lib : TimerP_rti_nortos.obj (.text.TimerP_Params_init)
                  7004b490    00000010                                               : TimerP_rti_nortos.obj (.text.TimerP_clearOverflowInt)
                  7004b4a0    00000010                                               : TimerP_rti_nortos.obj (.text.TimerP_getCount)
                  7004b4b0    00000010                                               : TimerP_rti_nortos.obj (.text.TimerP_getReloadCount)
                  7004b4c0    00000010                                               : TimerP_rti_nortos.obj (.text.TimerP_start)
                  7004b4d0    00000010                                               : printf.obj (.text._out_null)
                  7004b4e0    0000000c     ti_board_open_close.o (.text.Board_driversOpen)
                  7004b4ec    00000004     --HOLE-- [fill = 0]
                  7004b4f0    0000000c     nortos.am263px.r5f.ti-arm-clang.debug.lib : ClockP_nortos.obj (.text.ClockP_getTicks)
                  7004b4fc    00000004     --HOLE-- [fill = 0]
                  7004b500    0000000c     ti_power_clock_config.o (.text.PowerClock_init)
                  7004b50c    00000004     --HOLE-- [fill = 0]
                  7004b510    0000000a     nortos.am263px.r5f.ti-arm-clang.debug.lib : HwiP_armv7r_vim.obj (.text.Hwip_dataAndInstructionBarrier)
                  7004b51a    00000006     --HOLE-- [fill = 0]
                  7004b520    0000000a     drivers.am263px.r5f.ti-arm-clang.nortos.debug.lib : ipc_notify_v1.obj (.text.IpcNotify_dataAndInstructionBarrier)
                  7004b52a    00000006     --HOLE-- [fill = 0]
                  7004b530    0000000a                                                       : soc_rcm.obj (.text.SOC_rcmGetBaseAddressMSSRCM)
                  7004b53a    00000006     --HOLE-- [fill = 0]
                  7004b540    0000000a                                                       : uart_dma_edma.obj (.text.UART_edmaDoNothing)
                  7004b54a    00000006     --HOLE-- [fill = 0]
                  7004b550    0000000a     gateway_shared.o (.text.gateway_memory_barrier)
                  7004b55a    00000006     --HOLE-- [fill = 0]
                  7004b560    00000008     ti_drivers_open_close.o (.text.Drivers_open)
                  7004b568    00000008     --HOLE-- [fill = 0]
                  7004b570    00000008     ti_drivers_config.o (.text.Drivers_uartInit)
                  7004b578    00000008     --HOLE-- [fill = 0]
                  7004b580    00000008     drivers.am263px.r5f.ti-arm-clang.nortos.debug.lib : soc_rcm.obj (.text.SOC_rcmGetBaseAddressMSSCTRL)
                  7004b588    00000008     --HOLE-- [fill = 0]
                  7004b590    00000008                                                       : soc_rcm.obj (.text.SOC_rcmGetBaseAddressTOPRCM)
                  7004b598    00000008     --HOLE-- [fill = 0]
                  7004b5a0    00000008     nortos.am263px.r5f.ti-arm-clang.debug.lib : SemaphoreP_nortos.obj (.text.SemaphoreP_destruct)
                  7004b5a8    00000008     --HOLE-- [fill = 0]
                  7004b5b0    00000002     ti_board_open_close.o (.text.Board_driversClose)
                  7004b5b2    0000000e     --HOLE-- [fill = 0]
                  7004b5c0    00000002     ti_board_config.o (.text.Board_init)
                  7004b5c2    0000000e     --HOLE-- [fill = 0]
                  7004b5d0    00000002     drivers.am263px.r5f.ti-arm-clang.nortos.debug.lib : ipc_notify_v1_cfg.obj (.text.IpcNotify_wait)
                  7004b5d2    0000000e     --HOLE-- [fill = 0]
                  7004b5e0    00000002     nortos.am263px.r5f.ti-arm-clang.debug.lib : TaskP_nortos.obj (.text.TaskP_yield)
                  7004b5e2    0000000e     --HOLE-- [fill = 0]

.rodata    0    7004b5f0    000014e8     
                  7004b5f0    00000084     ti_dpl_config.o (.rodata.cfg)
                  7004b674    00000004     nortos.am263px.r5f.ti-arm-clang.debug.lib : CacheP_armv7r.obj (.rodata.gCacheL1dCacheLineSize)
                  7004b678    00000050                                               : printf.obj (.rodata._ftoa.pow10)
                  7004b6c8    0000004e     main.o (.rodata.str1.17045314124001216156.1)
                  7004b716    0000004a     main.o (.rodata.str1.16302215771116645891.1)
                  7004b760    00000048     drivers.am263px.r5f.ti-arm-clang.nortos.debug.lib : soc_rcm.obj (.rodata.gADPLLJConfigTbl)
                  7004b7a8    00000044     gateway_shared.o (.rodata.str1.8694082244888993162.1)
                  7004b7ec    00000041     main.o (.rodata.str1.8320541211001259012.1)
                  7004b82d    00000003     main.o (.rodata.str1.17100691992556644108.1)
                  7004b830    00000040     main.o (.rodata..L__const.main_loop.test_pattern)
                  7004b870    00000040     drivers.am263px.r5f.ti-arm-clang.nortos.debug.lib : mcan.obj (.rodata.gDataSize)
                  7004b8b0    00000040                                                       : ipc_notify_v1.obj (.rodata.str1.10118846006578224169.1)
                  7004b8f0    00000040     gateway_shared.o (.rodata.str1.1309647279537151951.1)
                  7004b930    0000003d     nortos.am263px.r5f.ti-arm-clang.debug.lib : TimerP_rti_priv.obj (.rodata.str1.11388379688747141303.1)
                  7004b96d    0000003d     main.o (.rodata.str1.8108965883388295311.1)
                  7004b9aa    0000003c     main.o (.rodata.str1.13030671760666898970.1)
                  7004b9e6    0000003c     main.o (.rodata.str1.16265332423659789559.1)
                  7004ba22    0000003b     main.o (.rodata.str1.5043408953494467246.1)
                  7004ba5d    0000003b     main.o (.rodata.str1.6891813955777630061.1)
                  7004ba98    0000003a     main.o (.rodata.str1.39260288392874984.1)
                  7004bad2    0000003a     gateway_shared.o (.rodata.str1.6238718661883364096.1)
                  7004bb0c    00000039     gateway_shared.o (.rodata.str1.11051107022181534624.1)
                  7004bb45    00000039     can_interface.o (.rodata.str1.17339864536769639315.1)
                  7004bb7e    00000039     gateway_shared.o (.rodata.str1.8195260966165303577.1)
                  7004bbb7    00000037     gateway_shared.o (.rodata.str1.5629998949668554045.1)
                  7004bbee    00000037     main.o (.rodata.str1.6554448696319176064.1)
                  7004bc25    00000035     main.o (.rodata.str1.7702501944640899365.1)
                  7004bc5a    00000035     ti_drivers_open_close.o (.rodata.str1.871795152488895636.1)
                  7004bc8f    00000034     main.o (.rodata.str1.14112174005742061988.1)
                  7004bcc3    00000034     gateway_shared.o (.rodata.str1.9859227269409816370.1)
                  7004bcf7    00000033     can_interface.o (.rodata.str1.10186677634541030339.1)
                  7004bd2a    00000032     main.o (.rodata.str1.8076846746581808073.1)
                  7004bd5c    00000031     main.o (.rodata.str1.11870794119293528247.1)
                  7004bd8d    00000030     main.o (.rodata.str1.11321157723316767883.1)
                  7004bdbd    00000030     main.o (.rodata.str1.8154729771448623357.1)
                  7004bded    0000002f     gateway_shared.o (.rodata.str1.12080221302489731862.1)
                  7004be1c    0000002f     main.o (.rodata.str1.15996357275703397564.1)
                  7004be4b    0000002f     gateway_shared.o (.rodata.str1.3129942817937968154.1)
                  7004be7a    0000002f     main.o (.rodata.str1.8096991282711418442.1)
                  7004bea9    0000002f     drivers.am263px.r5f.ti-arm-clang.nortos.debug.lib : ipc_notify_v1.obj (.rodata.str1.9418228565027791152.1)
                  7004bed8    0000002e     main.o (.rodata.str1.2123964117280943167.1)
                  7004bf06    0000002d     main.o (.rodata.str1.10313062130652730376.1)
                  7004bf33    0000002d     main.o (.rodata.str1.14079361385603432444.1)
                  7004bf60    0000002d     dispatcher_timer.o (.rodata.str1.16909784401037802760.1)
                  7004bf8d    0000002d     can_interface.o (.rodata.str1.17855712168153945246.1)
                  7004bfba    0000002c     gateway_shared.o (.rodata.str1.7167262159681625771.1)
                  7004bfe6    0000002c     main.o (.rodata.str1.9059077390166914652.1)
                  7004c012    0000002b     main.o (.rodata.str1.18227636981041470289.1)
                  7004c03d    0000002a     gateway_shared.o (.rodata.str1.17046880449980016103.1)
                  7004c067    0000002a     nortos.am263px.r5f.ti-arm-clang.debug.lib : DebugP_log.obj (.rodata.str1.227947788441500939.1)
                  7004c091    0000002a     dispatcher_timer.o (.rodata.str1.8393228718863617781.1)
                  7004c0bb    00000029     main.o (.rodata.str1.14402440632258215044.1)
                  7004c0e4    00000029     main.o (.rodata.str1.18092426736022315238.1)
                  7004c10d    00000028     dispatcher_timer.o (.rodata.str1.13215161723794722244.1)
                  7004c135    00000028     main.o (.rodata.str1.15159059442110792349.1)
                  7004c15d    00000027     nortos.am263px.r5f.ti-arm-clang.debug.lib : ClockP_nortos_r5.obj (.rodata.str1.12743090444791882666.1)
                  7004c184    00000027     main.o (.rodata.str1.7996925722583989644.1)
                  7004c1ab    00000026     gateway_shared.o (.rodata.str1.5327546541240122901.1)
                  7004c1d1    00000026     gateway_shared.o (.rodata.str1.5761821093615868877.1)
                  7004c1f7    00000025     main.o (.rodata.str1.2563708670032483588.1)
                  7004c21c    00000024     main.o (.rodata.str1.14466178792657420020.1)
                  7004c240    00000024     can_interface.o (.rodata.str1.14695538922052102695.1)
                  7004c264    00000024     can_interface.o (.rodata.str1.17857559882412085052.1)
                  7004c288    00000023     drivers.am263px.r5f.ti-arm-clang.nortos.debug.lib : soc_rcm.obj (.rodata.str1.2078190104202520215.1)
                  7004c2ab    00000023     main.o (.rodata.str1.2846389346932560359.1)
                  7004c2ce    00000023     nortos.am263px.r5f.ti-arm-clang.debug.lib : ClockP_nortos_r5.obj (.rodata.str1.7689125538912326484.1)
                  7004c2f1    00000022     drivers.am263px.r5f.ti-arm-clang.nortos.debug.lib : edma.obj (.rodata.str1.12976018205622752890.1)
                  7004c313    00000021     nortos.am263px.r5f.ti-arm-clang.debug.lib : ClockP_nortos_r5.obj (.rodata.str1.8559540482768925367.1)
                  7004c334    00000020     drivers.am263px.r5f.ti-arm-clang.nortos.debug.lib : mcan.obj (.rodata.gMsgObjSize)
                  7004c354    00000020     can_interface.o (.rodata.g_mcan_base_addr)
                  7004c374    00000020     can_interface.o (.rodata.g_mcan_intr_num)
                  7004c394    00000020     drivers.am263px.r5f.ti-arm-clang.nortos.debug.lib : uart_v0.obj (.rodata.str1.16594507886308206351.1)
                  7004c3b4    00000020                                                       : ipc_notify_v1.obj (.rodata.str1.2046905611612007019.1)
                  7004c3d4    0000001f     nortos.am263px.r5f.ti-arm-clang.debug.lib : ClockP_nortos_r5.obj (.rodata.str1.2746619892315392655.1)
                  7004c3f3    0000001f     dispatcher_timer.o (.rodata.str1.5724006426700065890.1)
                  7004c412    0000001e     drivers.am263px.r5f.ti-arm-clang.nortos.debug.lib : ipc_notify_v1.obj (.rodata.str1.16593710740832512674.1)
                  7004c430    0000001e                                                       : ipc_notify_v1.obj (.rodata.str1.9050127465416171240.1)
                  7004c44e    0000001d     nortos.am263px.r5f.ti-arm-clang.debug.lib : TimerP_rti_priv.obj (.rodata.str1.1727973701797049581.1)
                  7004c46b    0000001d                                               : TimerP_rti_priv.obj (.rodata.str1.4425773406285945039.1)
                  7004c488    0000001d     drivers.am263px.r5f.ti-arm-clang.nortos.debug.lib : uart_v0.obj (.rodata.str1.4697665093340446018.1)
                  7004c4a5    0000001d     nortos.am263px.r5f.ti-arm-clang.debug.lib : TimerP_rti_priv.obj (.rodata.str1.7297095892955669843.1)
                  7004c4c2    0000001b     drivers.am263px.r5f.ti-arm-clang.nortos.debug.lib : edma.obj (.rodata.str1.16672221102796607080.1)
                  7004c4dd    0000001b     ti_drivers_config.o (.rodata.str1.7767457247551078139.1)
                  7004c4f8    0000001a     drivers.am263px.r5f.ti-arm-clang.nortos.debug.lib : soc_rcm.obj (.rodata.str1.16907879152045164286.1)
                  7004c512    0000001a     main.o (.rodata.str1.2763581881760962609.1)
                  7004c52c    0000001a     main.o (.rodata.str1.288608917962107522.1)
                  7004c546    0000001a     nortos.am263px.r5f.ti-arm-clang.debug.lib : ClockP_nortos_r5.obj (.rodata.str1.3810757863367538396.1)
                  7004c560    00000019     drivers.am263px.r5f.ti-arm-clang.nortos.debug.lib : ipc_notify_v1.obj (.rodata.str1.12253177398743541182.1)
                  7004c579    00000019     nortos.am263px.r5f.ti-arm-clang.debug.lib : TimerP_rti_priv.obj (.rodata.str1.5494506574634759136.1)
                  7004c592    00000019     main.o (.rodata.str1.7784929982665794503.1)
                  7004c5ab    00000001     --HOLE-- [fill = 0]
                  7004c5ac    00000018     drivers.am263px.r5f.ti-arm-clang.nortos.debug.lib : soc_rcm.obj (.rodata.gControlssPllClkSrcValMap)
                  7004c5c4    00000018                                                       : soc_rcm.obj (.rodata.gCptsClkSrcValMap)
                  7004c5dc    00000018                                                       : soc_rcm.obj (.rodata.gI2cClkSrcValMap)
                  7004c5f4    00000018                                                       : soc_rcm.obj (.rodata.gIcssmUartClkSrcValMap)
                  7004c60c    00000018                                                       : soc_rcm.obj (.rodata.gLinUartClkSrcValMap)
                  7004c624    00000018                                                       : soc_rcm.obj (.rodata.gMcSpiClkSrcValMap)
                  7004c63c    00000018                                                       : soc_rcm.obj (.rodata.gMcanClkSrcValMap)
                  7004c654    00000018                                                       : soc_rcm.obj (.rodata.gMmcClkSrcValMap)
                  7004c66c    00000018                                                       : soc_rcm.obj (.rodata.gOspiClkSrcValMap)
                  7004c684    00000018                                                       : soc_rcm.obj (.rodata.gPeripheralClkSrcInfoMap)
                  7004c69c    00000018                                                       : soc_rcm.obj (.rodata.gRtiClkSrcValMap)
                  7004c6b4    00000018                                                       : soc_rcm.obj (.rodata.gWdtClkSrcValMap)
                  7004c6cc    00000018                                                       : uart_v0.obj (.rodata.str1.16507871919775359273.1)
                  7004c6e4    00000018     ti_drivers_config.o (.rodata.str1.2211846465855763212.1)
                  7004c6fc    00000017     drivers.am263px.r5f.ti-arm-clang.nortos.debug.lib : soc_rcm.obj (.rodata.str1.1263028196474875090.1)
                  7004c713    00000016                                                       : soc_rcm.obj (.rodata.str1.15837709475095375462.1)
                  7004c729    00000016                                                       : soc_rcm.obj (.rodata.str1.18101715471844446405.1)
                  7004c73f    00000016                                                       : soc_rcm.obj (.rodata.str1.503491203257075565.1)
                  7004c755    00000015                                                       : ipc_notify_v1.obj (.rodata.str1.2749849238461102323.1)
                  7004c76a    00000015                                                       : edma.obj (.rodata.str1.9771253703579349310.1)
                  7004c77f    00000014     main.o (.rodata.str1.1311392489248731986.1)
                  7004c793    00000014     drivers.am263px.r5f.ti-arm-clang.nortos.debug.lib : edma.obj (.rodata.str1.14977302951450442404.1)
                  7004c7a7    00000014                                                       : edma.obj (.rodata.str1.16586217098785273673.1)
                  7004c7bb    00000014                                                       : ipc_notify_v1.obj (.rodata.str1.17722115868992979254.1)
                  7004c7cf    00000014                                                       : ipc_notify_v1.obj (.rodata.str1.5235938544388580736.1)
                  7004c7e3    00000014                                                       : edma.obj (.rodata.str1.6479261940699871955.1)
                  7004c7f7    00000013     nortos.am263px.r5f.ti-arm-clang.debug.lib : DebugP_shmLogWriter.obj (.rodata.str1.14017905436770086454.1)
                  7004c80a    00000013     drivers.am263px.r5f.ti-arm-clang.nortos.debug.lib : soc_rcm.obj (.rodata.str1.1513614241493853460.1)
                  7004c81d    00000013     main.o (.rodata.str1.16631870348416990953.1)
                  7004c830    00000013     main.o (.rodata.str1.17376258722486336754.1)
                  7004c843    00000013     main.o (.rodata.str1.3530083166107438000.1)
                  7004c856    00000013     drivers.am263px.r5f.ti-arm-clang.nortos.debug.lib : uart_v0.obj (.rodata.str1.8511823138002593779.1)
                  7004c869    00000012                                                       : uart_v0.obj (.rodata.str1.10085477686273322470.1)
                  7004c87b    00000012                                                       : uart_v0.obj (.rodata.str1.1906408950570946892.1)
                  7004c88d    00000012                                                       : ipc_notify_v1.obj (.rodata.str1.4922609433019995091.1)
                  7004c89f    00000012                                                       : soc_rcm.obj (.rodata.str1.6089483996110695684.1)
                  7004c8b1    00000012                                                       : edma.obj (.rodata.str1.8988798825313313125.1)
                  7004c8c3    00000011     main.o (.rodata.str1.11702106008850790973.1)
                  7004c8d4    00000011     main.o (.rodata.str1.13288086030101331538.1)
                  7004c8e5    00000011     drivers.am263px.r5f.ti-arm-clang.nortos.debug.lib : edma.obj (.rodata.str1.13359792024450833872.1)
                  7004c8f6    00000011                                                       : uart_v0.obj (.rodata.str1.18277465892467933209.1)
                  7004c907    00000011     ti_drivers_open_close.o (.rodata.str1.6292539624901818759.1)
                  7004c918    00000011     nortos.am263px.r5f.ti-arm-clang.debug.lib : TimerP_rti_priv.obj (.rodata.str1.7786169893402823657.1)
                  7004c929    00000011     drivers.am263px.r5f.ti-arm-clang.nortos.debug.lib : ipc_notify_v1.obj (.rodata.str1.9036292169629118271.1)
                  7004c93a    00000010                                                       : edma.obj (.rodata.str1.16687974986316968853.1)
                  7004c94a    0000000f                                                       : edma.obj (.rodata.str1.12381575634899622488.1)
                  7004c959    0000000f                                                       : edma.obj (.rodata.str1.15707078201242323249.1)
                  7004c968    0000000f                                                       : edma.obj (.rodata.str1.2781376525681532154.1)
                  7004c977    0000000f                                                       : ipc_notify_v1.obj (.rodata.str1.4769539187903082080.1)
                  7004c986    0000000f                                                       : edma.obj (.rodata.str1.4907917467944964367.1)
                  7004c995    0000000e     main.o (.rodata.str1.10635229749459437609.1)
                  7004c9a3    0000000e     drivers.am263px.r5f.ti-arm-clang.nortos.debug.lib : edma.obj (.rodata.str1.1669868279207928169.1)
                  7004c9b1    0000000e                                                       : edma.obj (.rodata.str1.6128441279204879358.1)
                  7004c9bf    0000000e                                                       : edma.obj (.rodata.str1.6928588723460450634.1)
                  7004c9cd    0000000d                                                       : edma.obj (.rodata.str1.14657363906792235350.1)
                  7004c9da    0000000d     nortos.am263px.r5f.ti-arm-clang.debug.lib : TimerP_rti_priv.obj (.rodata.str1.15140844044942405278.1)
                  7004c9e7    0000000c                                               : ClockP_nortos_r5.obj (.rodata.str1.13463193513887205357.1)
                  7004c9f3    0000000c     ti_drivers_config.o (.rodata.str1.3145245972279493797.1)
                  7004c9ff    0000000c     drivers.am263px.r5f.ti-arm-clang.nortos.debug.lib : edma.obj (.rodata.str1.8587431144907355806.1)
                  7004ca0b    0000000b                                                       : uart_v0.obj (.rodata.str1.1151567497034493012.1)
                  7004ca16    0000000b     main.o (.rodata.str1.17279024933005395956.1)
                  7004ca21    0000000b     can_interface.o (.rodata.str1.9513145012316062387.1)
                  7004ca2c    0000000a     main.o (.rodata.str1.12180500075719773345.1)
                  7004ca36    0000000a     drivers.am263px.r5f.ti-arm-clang.nortos.debug.lib : soc_rcm.obj (.rodata.str1.3349473071634452315.1)
                  7004ca40    0000000a                                                       : uart_v0.obj (.rodata.str1.7892831408302009747.1)
                  7004ca4a    0000000a                                                       : uart_v0.obj (.rodata.str1.8477608605346433529.1)
                  7004ca54    0000000a                                                       : ipc_notify_v1.obj (.rodata.str1.8751964444192423158.1)
                  7004ca5e    00000002                                                       : soc_rcm.obj (.rodata.gCR5ClkSrcInfoMap)
                  7004ca60    00000008                                                       : mcan.obj (.rodata.gMcanOffsetAddr)
                  7004ca68    00000008                                                       : soc_rcm.obj (.rodata.gXTALInfo)
                  7004ca70    00000008     nortos.am263px.r5f.ti-arm-clang.debug.lib : DebugP_shmLogWriter.obj (.rodata.str1.11364348920754194803.1)
                  7004ca78    00000008     main.o (.rodata.str1.13782249893155712474.1)
                  7004ca80    00000008     drivers.am263px.r5f.ti-arm-clang.nortos.debug.lib : soc.obj (.rodata.str1.14910504016491482532.1)
                  7004ca88    00000007                                                       : soc.obj (.rodata.str1.12179086363571468349.1)
                  7004ca8f    00000007                                                       : soc.obj (.rodata.str1.12254199422641571827.1)
                  7004ca96    00000007                                                       : soc.obj (.rodata.str1.15593236263752157262.1)
                  7004ca9d    00000007                                                       : soc.obj (.rodata.str1.17262473269405332311.1)
                  7004caa4    00000007                                                       : soc.obj (.rodata.str1.17795343983633703126.1)
                  7004caab    00000006                                                       : soc_rcm.obj (.rodata.str1.12246138248821672736.1)
                  7004cab1    00000006     gateway_shared.o (.rodata.str1.15257554646438059100.1)
                  7004cab7    00000005     nortos.am263px.r5f.ti-arm-clang.debug.lib : printf.obj (.rodata.str1.8544352122861784523.1)
                  7004cabc    00000005                                               : printf.obj (.rodata.str1.8812429412984920041.1)
                  7004cac1    00000003     --HOLE-- [fill = 0]
                  7004cac4    00000004                                               : CacheP_armv7r.obj (.rodata.gCacheL1pCacheLineSize)
                  7004cac8    00000004                                               : printf.obj (.rodata.str1.13278797451342649413.1)
                  7004cacc    00000004                                               : printf.obj (.rodata.str1.17155598869870286803.1)
                  7004cad0    00000004     gateway_shared.o (.rodata.str1.9212167202343599910.1)
                  7004cad4    00000004     --HOLE-- [fill = 0]

.bss       0    7004cad8    00000c38     UNINITIALIZED
                  7004cad8    0000080c     (.common:gHwiCtrl)
                  7004d2e4    00000004     nortos.am263px.r5f.ti-arm-clang.debug.lib : HwiP_armv7r_vim.obj (.bss.gdummy)
                  7004d2e8    000001b0     ti_drivers_config.o (.bss.gUartObjects)
                  7004d498    000000b8     (.common:gIpcNotifyCtrl)
                  7004d550    00000080     can_interface.o (.bss.g_can_stats)
                  7004d5d0    0000007a     nortos.am263px.r5f.ti-arm-clang.debug.lib : DebugP_shmLogWriter.obj (.bss.DebugP_shmLogWriterPutChar.lineBuf)
                  7004d64a    00000002     --HOLE--
                  7004d64c    00000068     can_interface.o (.bss.g_rx_buffer)
                  7004d6b4    00000020     can_interface.o (.bss.g_mcan_hwi_objects)
                  7004d6d4    00000004     (.common:gTimerBaseAddr)
                  7004d6d8    00000020     (.common:gClockCtrl)
                  7004d6f8    00000010     (.common:virtToPhymap)
                  7004d708    00000004     (.common:gTimerHwiObj)
                  7004d70c    00000004     (.common:gUartHandle)

.sysmem    0    7004d710    00000000     UNINITIALIZED

.stack     0    7004d710    00004000     UNINITIALIZED
                  7004d710    00000004     nortos.am263px.r5f.ti-arm-clang.debug.lib : boot_armv7r_asm.obj (.stack)
                  7004d714    00003ffc     --HOLE--

.text.hwi 
*          0    70051710    00000e50     
                  70051710    000006c0     nortos.am263px.r5f.ti-arm-clang.debug.lib : HwiP_armv7r_vim.obj (.text.hwi)
                  70051dd0    0000059a                                               : HwiP_armv7r_handlers_nortos.obj (.text.hwi)
                  7005236a    00000002     --HOLE-- [fill = 0]
                  7005236c    0000017c                                               : HwiP_armv7r_handlers_nortos_asm.obj (.text.hwi)
                  700524e8    00000070                                               : HwiP_armv7r_asm.obj (.text.hwi)
                  70052558    00000008     --HOLE-- [fill = 0]

.text.cache 
*          0    70052560    000004a0     
                  70052560    00000340     nortos.am263px.r5f.ti-arm-clang.debug.lib : CacheP_armv7r_asm.obj (.text.cache)
                  700528a0    00000158                                               : CacheP_armv7r.obj (.text.cache)
                  700529f8    00000008     --HOLE-- [fill = 0]

.text.mpu 
*          0    70052a00    000003c0     
                  70052a00    00000340     nortos.am263px.r5f.ti-arm-clang.debug.lib : MpuP_armv7r.obj (.text.mpu)
                  70052d40    00000078                                               : MpuP_armv7r_asm.obj (.text.mpu)
                  70052db8    00000008     --HOLE-- [fill = 0]

.text.boot 
*          0    70052dc0    000001c0     
[...]
700531b0  gAddrTranslateConfig                 
7004ca5e  gCR5ClkSrcInfoMap                    
7004b5f0  gCacheConfig                         
7004b674  gCacheL1dCacheLineSize               
7004cac4  gCacheL1pCacheLineSize               
70053118  gClockConfig                         
7004d6d8  gClockCtrl                           
700531e8  gDebugLogZone                        
701d4000  gDebugShmLog                         
70052f88  gEdmaConfig                          
700531f4  gEdmaConfigNum                       
701d0000  gGatewaySharedMem                    
700531f8  gHwiConfig                           
7004cad8  gHwiCtrl                             
700531a0  gIpcNotifyCoreIntrBitPos             
7004d498  gIpcNotifyCtrl                       
700531fc  gIpcNotifyInterruptConfigNum_r5fss0_1
70053130  gIpcNotifyInterruptConfig_r5fss0_1   
70052f88  gIpcNotifyMailboxConfig              
7004b5f8  gMpuConfig                           
7004b604  gMpuRegionConfig                     
7004c684  gPeripheralClkSrcInfoMap             
700531bc  gSocModules                          
70053160  gSocModulesClockFrequency            
7004d6d4  gTimerBaseAddr                       
7004d708  gTimerHwiObj                         
70053200  gTimerIsrCounter                     
70053225  gTimerIsrFlag                        
700531cc  gUartConfig                          
70053204  gUartConfigNum                       
70053208  gUartDmaChConfig                     
70052f88  gUartDmaHandle                       
7004d70c  gUartHandle                          
70053088  gUartParams                          
7004ca68  gXTALInfo                            
7005320c  g_disp_timer_isr_count               
7004a481  gateway_core1_init                   
70044a41  gateway_core1_ipc_callback           
70047b71  gateway_core1_wait_for_ready         
7004a281  gateway_notify_states_ready          
70049501  gateway_notify_test_data_ready       
70048ab1  gateway_read_test_data               
7004a4c1  gateway_update_heartbeat             
70048391  gateway_write_test_data              
7005322c  isMapAvailable                       
700498c1  main                                 
7004b391  putchar_                             
7004a681  snprintf_                            
7004b061  timerISR                             
7004d6f8  virtToPhymap                         
7004ac61  vprintf_                             


GLOBAL SYMBOLS: SORTED BY Symbol Address 

address   name                                 
-------   ----                                 
00000000  __TI_ATRegion0_region_sz             
00000000  __TI_ATRegion0_src_addr              
00000000  __TI_ATRegion0_trg_addr              
00000000  __TI_ATRegion1_region_sz             
00000000  __TI_ATRegion1_src_addr              
00000000  __TI_ATRegion1_trg_addr              
00000000  __TI_ATRegion2_region_sz             
00000000  __TI_ATRegion2_src_addr              
00000000  __TI_ATRegion2_trg_addr              
00000000  __TI_static_base__                   
00000000  _vectors                             
00000100  __ABORT_STACK_SIZE                   
00000100  __FIQ_STACK_SIZE                     
00000100  __IRQ_STACK_SIZE                     
00000100  __UNDEFINED_STACK_SIZE               
00001000  __SVC_STACK_SIZE                     
00004000  __STACK_SIZE                         
70040a34  __aeabi_memclr                       
70040a34  __aeabi_memclr4                      
70040a34  __aeabi_memclr8                      
700410b8  C$$EXIT                              
700410b8  HOSTexit                             
700410c1  SOC_rcmEnablePeripheralClock         
700416f8  __aeabi_ldiv0                        
700416fc  __aeabi_memcpy                       
700416fc  __aeabi_memcpy4                      
700416fc  __aeabi_memcpy8                      
70041ce4  CSL_armR5ReadMpidrReg                
700421a1  UART_open                            
700425a1  IpcNotify_init                       
70042981  SOC_virtToPhy                        
700438b1  UART_lld_dmaDeInit                   
70043ae1  IpcNotify_isr                        
70043d11  TimerP_setupPriv                     
700440b1  UART_lld_dmaWrite                    
70044261  UART_close                           
70044411  UART_lld_controllerIsr               
70044a41  gateway_core1_ipc_callback           
70044bb1  EDMA_unregisterIntr                  
70044d21  SOC_controlModuleUnlockMMR           
70044e81  UART_lld_initDma                     
70044fe1  DebugP_shmLogWriterPutChar           
70045271  MCAN_readMsgRam                      
700454f1  ClockP_init                          
70045631  UART_procLineStatusErr               
70045771  EDMA_registerIntr                    
700458b1  UART_lld_init                        
700459e1  SOC_controlModuleLockMMR             
70045b11  SOC_rcmGetPeripheralClockFrequency   
70045c31  DebugP_shmLogWriterPutLine           
70045d51  UART_lld_dmaRead                     
70045e6c  __udivmoddi4                         
70046401  IpcNotify_sendMsg                    
70046621  SemaphoreP_pend                      
70046731  CAN_StartRxInterrupts                
70046a01  EDMA_freeChannelRegion               
70046af1  EDMA_freeParam                       
70046be1  EDMA_freeDmaChannel                  
70046cc1  EDMA_freeTcc                         
70046da1  UART_intrEnable                      
70046e81  UART_intrDisable                     
70046f61  AddrTranslateP_getLocalAddr          
70047031  EDMA_disableChInShadowRegRegion      
70047101  EDMA_enableChInShadowRegRegion       
700471d1  EDMA_mapChToEvtQ                     
700472a1  EDMA_configureChannelRegion          
70047421  UART_flushTxFifo                     
700475a1  ClockP_timerTickIsr                  
70047661  TimerP_init                          
70047721  ClockP_stop                          
700477e1  IpcNotify_waitSync                   
700478a1  CycleCounterP_init                   
700478c1  CycleCounterP_reset                  
70047911  CycleCounterP_nsToTicks              
70047951  CycleCounterP_enableUserAccess       
70047961  SOC_rcmSetPeripheralClock            
70047a11  UART_init                            
70047b71  gateway_core1_wait_for_ready         
70047cd1  ClockP_destruct                      
70047d81  Drivers_uartOpen                     
70047ed1  IpcNotify_registerClient             
70048011  ClockP_getTimeUsec                   
700480b1  EDMA_unmapChToEvtQ                   
70048151  EDMA_disableTransferRegion           
700481e1  EDMA_enableTransferRegion            
70048391  gateway_write_test_data              
70048421  UART_lld_flushTxFifo                 
70048541  disp_timer_isr_callback              
700485d1  EDMA_allocDmaChannel                 
70048661  EDMA_allocParam                      
700486f1  EDMA_allocTcc                        
700488a1  IpcNotify_syncAll                    
700489b1  System_init                          
70048ab1  gateway_read_test_data               
70048b31  _DebugP_assert                       
70048c31  UART_Params_init                     
70048cb1  EDMA_linkChannel                     
70048db1  ClockP_usleep                        
70048e31  EDMA_clrMissEvtRegion                
70048fa1  EDMA_getBaseAddr                     
70049081  SOC_rcmGetR5Clock                    
700490f1  SOC_rcmIsR5FInLockStepMode           
700491d1  UART_lld_deInitDma                   
700492b1  SemaphoreP_post                      
70049321  UART_getChar                         
700493e1  disp_timer_start                     
70049441  Module_clockSetFrequency             
700494a1  UART_lld_deInit                      
70049501  gateway_notify_test_data_ready       
700495c1  disp_timer_init                      
70049621  IpcNotify_allocSwQueue               
700497a1  Dpl_init                             
70049801  EDMA_setPaRAM                        
700498c1  main                                 
70049914  __TI_auto_init_nobinit_nopinit       
70049971  Drivers_uartClose                    
700499c1  Pinmux_config                        
70049a11  UART_checkCharsAvailInFifo           
70049a61  DebugP_shmLogWriterInit              
70049ab1  EDMA_clrEvtRegion                    
70049b01  EDMA_disableDmaEvtRegion             
70049b51  EDMA_disableEvtIntrRegion            
70049ba1  EDMA_enableDmaEvtRegion              
70049bf1  EDMA_enableEvtIntrRegion             
70049c41  EDMA_setEvtRegion                    
70049c91  ClockP_construct                     
70049ce1  EDMA_ccPaRAMEntry_init               
70049d31  EDMA_mapQdmaChToPaRAM                
70049d81  EDMA_readEventStatusRegion           
70049dd1  IpcNotify_unregisterClient           
70049e21  Module_clockEnable                   
70049e71  IpcNotify_Params_init                
70049f11  UART_getIntrIdentityStatus           
7004a051  UART_readLineStatus                  
7004a191  SemaphoreP_construct                 
7004a1e1  _DebugP_logZone                      
7004a281  gateway_notify_states_ready          
7004a321  ClockP_start                         
7004a441  UART_spaceAvail                      
7004a481  gateway_core1_init                   
7004a4c1  gateway_update_heartbeat             
7004a581  UART_IsTxRxFifoEmpty                 
7004a601  SOC_moduleSetClockFrequency          
7004a681  snprintf_                            
7004a6c1  SOC_getCoreName                      
7004a6f8  CycleCounterP_getCount32             
7004a700  PmuP_setup                           
7004a708  PmuP_enableCounters                  
7004a710  PmuP_disableCounters                 
7004a718  PmuP_getOverflowStatus               
7004a720  PmuP_clearOverflowStatus             
7004a728  PmuP_setUserEnable                   
7004a731  EDMA_getRegionId                     
7004a771  IpcNotify_syncCallback               
7004a7b1  MCAN_calcCfgAddr                     
7004a831  TimerP_Params_initPriv               
7004a931  TimerP_getCountPriv                  
7004aa51  UART_lld_dmaInit                     
7004aab1  DebugP_logZoneEnable                 
7004ab11  MCAN_clearNewDataStatus              
7004ab41  MCAN_getNewDataStatus                
7004ab71  SemaphoreP_constructBinary           
7004abd1  UART_intr2Disable                    
7004ac01  UART_operatingModeSelect             
7004ac31  CSL_armR5GetCpuID                    
7004ac61  vprintf_                             
7004ac91  EDMA_disableQdmaEvtRegion            
7004acc1  EDMA_enableQdmaEvtRegion             
7004ad51  IpcNotify_getConfig                  
7004ad81  SemaphoreP_constructMutex            
7004ae34  __aeabi_uldivmod                     
7004ae91  EDMA_channelToParamMap               
7004aec1  ClockP_isActive                      
7004aee1  ClockP_usecToTicks                   
7004af41  ClockP_Params_init                   
7004af61  EDMA_getEventStatusHigh              
7004af81  SOC_getSelfCpuClk                    
7004afa1  SOC_moduleClockEnable                
7004afc1  TimerP_isr0                          
7004b001  UART_lld_Transaction_deInit          
7004b021  EDMA_getEventStatus                  
7004b061  timerISR                             
7004b07c  TI_memcpy_small                      
7004b0a1  MCAN_clearIntrStatus                 
7004b101  ClockP_ticksToUsec                   
7004b121  EDMA_isInterruptEnabled              
7004b161  IpcNotify_trigInterrupt              
7004b181  SemaphoreP_Params_init               
7004b1a1  TimerP_getReloadCountPriv            
7004b201  UART_putChar                         
7004b218  TI_memset_small                      
7004b231  IpcNotify_sendSync                   
7004b251  MCAN_getIntrStatus                   
7004b271  TimerP_startPriv                     
7004b291  TimerP_stopPriv                      
7004b351  TimerP_clearOverflowIntPriv          
7004b371  TimerP_setup                         
7004b391  putchar_                             
7004b3b1  Pinmux_init                          
7004b3f1  ClockP_getTimerCount                 
7004b401  ClockP_timerClearOverflowInt         
7004b481  TimerP_Params_init                   
7004b491  TimerP_clearOverflowInt              
7004b4a1  TimerP_getCount                      
7004b4b1  TimerP_getReloadCount                
7004b4c1  TimerP_start                         
7004b4e1  Board_driversOpen                    
7004b4f1  ClockP_getTicks                      
7004b501  PowerClock_init                      
7004b561  Drivers_open                         
7004b571  Drivers_uartInit                     
7004b5a1  SemaphoreP_destruct                  
7004b5b1  Board_driversClose                   
7004b5c1  Board_init                           
7004b5d1  IpcNotify_wait                       
7004b5e1  TaskP_yield                          
7004b5f0  gCacheConfig                         
7004b5f8  gMpuConfig                           
7004b604  gMpuRegionConfig                     
7004b674  gCacheL1dCacheLineSize               
7004b760  gADPLLJConfigTbl                     
7004c684  gPeripheralClkSrcInfoMap             
7004ca5e  gCR5ClkSrcInfoMap                    
7004ca68  gXTALInfo                            
7004cac4  gCacheL1pCacheLineSize               
7004cad8  __BSS_START                          
7004cad8  gHwiCtrl                             
7004d498  gIpcNotifyCtrl                       
7004d6d4  gTimerBaseAddr                       
7004d6d8  gClockCtrl                           
7004d6f8  virtToPhymap                         
7004d708  gTimerHwiObj                         
7004d70c  gUartHandle                          
7004d710  __BSS_END                            
7004d710  __stack                              
70051710  __STACK_END                          
70051711  HwiP_enableInt                       
70051751  HwiP_disableInt                      
700517b1  HwiP_restoreInt                      
700517e1  HwiP_clearInt                        
70051821  HwiP_post                            
70051861  HwiP_Params_init                     
70051891  HwiP_construct                       
70051a81  HwiP_destruct                        
70051af1  HwiP_init                            
70051ca1  HwiP_inISR                           
70051cd1  HwiP_setVimIrqPriMaskNonAtomic       
70051d21  HwiP_setVimIrqPriMaskAtomic          
70051dc1  HwiP_restoreVimIrqPriMask            
70051dd1  HwiP_irq_handler_c                   
70051f71  HwiP_fiq_handler                     
700520d1  HwiP_reserved_handler                
70052111  HwiP_undefined_handler_c             
70052131  HwiP_user_undefined_handler_c        
70052151  HwiP_svc_handler                     
70052191  HwiP_prefetch_abort_handler_c        
70052231  HwiP_user_prefetch_abort_handler_c   
70052271  HwiP_data_abort_handler_c            
70052331  HwiP_user_data_abort_handler_c       
7005236c  HwiP_irq_handler                     
700523e0  HwiP_data_abort_handler              
70052424  HwiP_prefetch_abort_handler          
70052470  HwiP_undefined_handler               
700524a0  GET_DFSR                             
700524a8  GET_ADFSR                            
700524b0  GET_DFAR                             
700524b8  GET_IFSR                             
700524c0  GET_AIFSR                            
700524c8  GET_IFAR                             
700524d0  GET_SPSR                             
700524e8  HwiP_disable                         
700524f8  HwiP_disableFIQ                      
70052508  HwiP_enable                          
70052518  HwiP_enableFIQ                       
70052528  HwiP_restore                         
70052530  HwiP_enableVIC                       
70052540  HwiP_disableVIC                      
70052550  HwiP_getCPSR                         
70052560  CacheP_disableL1d                    
70052588  CacheP_disableL1p                    
700525a0  CacheP_enableL1d                     
700525b8  CacheP_enableL1p                     
700525d0  CacheP_invL1d                        
70052608  CacheP_invL1p                        
70052644  CacheP_invL1dAll                     
7005264c  CacheP_invL1pAll                     
70052654  CacheP_wb                            
70052690  CacheP_wbInv                         
700526cc  CacheP_wbAll                         
70052774  CacheP_wbInvAll                      
7005278c  CacheP_wbInvAllAsm                   
7005282c  CacheP_getEnabled                    
70052864  CacheP_getCacheLevelInfo             
70052870  CacheP_configForceWrThru             
70052890  CacheP_setDLFO                       
700528a1  CacheP_init                          
70052931  CacheP_disable                       
70052981  CacheP_enable                        
700529c1  CacheP_inv                           
70052a01  MpuP_getAttrs                        
70052a61  MpuP_RegionAttrs_init                
70052a91  MpuP_setRegion                       
70052b21  MpuP_isEnable                        
70052b31  MpuP_disable                         
70052b71  MpuP_enable                          
70052bc1  MpuP_init                            
70052c61  MpuP_isUserAuthorizedToAccessMemory  
70052d40  MpuP_disableAsm                      
70052d58  MpuP_disableBRAsm                    
70052d68  MpuP_enableAsm                       
70052d80  MpuP_enableBRAsm                     
70052d90  MpuP_isEnableAsm                     
70052da4  MpuP_setRegionAsm                    
70052dc0  _c_int00_sbl                         
70052de4  _c_int00                             
70052f11  _DebugP_assertNoLog                  
70052f41  _system_pre_init                     
70052f71  __mpu_init                           
70052f80  abort                                
70052f88  gEdmaConfig                          
70052f88  gIpcNotifyMailboxConfig              
70052f88  gUartDmaHandle                       
70053088  gUartParams                          
70053118  gClockConfig                         
70053130  gIpcNotifyInterruptConfig_r5fss0_1   
70053160  gSocModulesClockFrequency            
700531a0  gIpcNotifyCoreIntrBitPos             
700531b0  gAddrTranslateConfig                 
700531bc  gSocModules                          
700531cc  gUartConfig                          
700531e8  gDebugLogZone                        
700531f4  gEdmaConfigNum                       
700531f8  gHwiConfig                           
700531fc  gIpcNotifyInterruptConfigNum_r5fss0_1
70053200  gTimerIsrCounter                     
70053204  gUartConfigNum                       
70053208  gUartDmaChConfig                     
7005320c  g_disp_timer_isr_count               
70053225  gTimerIsrFlag                        
7005322c  isMapAvailable                       
70053230  __IRQ_STACK_START                    
70053330  __FIQ_STACK_START                    
70053330  __IRQ_STACK_END                      
70053430  __FIQ_STACK_END                      
70053430  __SVC_STACK_START                    
70054430  __ABORT_STACK_START                  
70054430  __SVC_STACK_END                      
70054530  __ABORT_STACK_END                    
70054530  __UNDEFINED_STACK_START              
70054630  __UNDEFINED_STACK_END                
701d0000  gGatewaySharedMem                    
701d4000  gDebugShmLog                         
ffffffff  __TI_pprof_out_hndl                  
ffffffff  __TI_prof_data_size                  
ffffffff  __TI_prof_data_start                 
ffffffff  __binit__                            
ffffffff  binit                                
UNDEFED   __TI_CINIT_Base                      
UNDEFED   __TI_CINIT_Limit                     
UNDEFED   __TI_Handler_Table_Base              
UNDEFED   __TI_Handler_Table_Limit             
UNDEFED   _system_post_cinit                   

[362 symbols]
