******************************************************************************
            TI ARM Clang Linker PC v4.0.4                      
******************************************************************************
>> Linked Thu Apr  2 22:13:36 2026

OUTPUT FILE NAME:   <ccu_ti_multi_core_realtime.out>
ENTRY POINT SYMBOL: "_vectors"  address: 00000000


MEMORY CONFIGURATION

         name            origin    length      used     unused   attr    fill
----------------------  --------  ---------  --------  --------  ----  --------
  R5F_VECS              00000000   00000040  00000040  00000000  RWIX
  R5F_TCMA              00000040   00007fc0  00000000  00007fc0  RWIX
  R5F_TCMB              00080000   00008000  00000000  00008000  RWIX
  MAILBOX_HSM           44000000   000003ce  00000000  000003ce  RWIX
  MAILBOX_R5F           44000400   000003ce  00000000  000003ce  RWIX
  FLASH                 60180000   00080000  00000000  00080000  RWIX
  OCRAM                 70180000   00080000  0001a4c0  00065b40  RWIX
  USER_SHM_MEM          70200000   00008000  00004d4c  000032b4  RWIX
  LOG_SHM_MEM           70208000   00004000  00002000  00002000  RWIX
  RTOS_NORTOS_IPC_SHM_M 72000000   00003e80  00000000  00003e80  RWIX


SEGMENT ALLOCATION MAP

run origin  load origin   length   init length attrs members
----------  ----------- ---------- ----------- ----- -------
00000000    00000000    00000040   00000040    r-x
  00000000    00000000    00000040   00000040    r-x .vectors
70180000    70180000    00010c90   00010c90    r-x
  70180000    70180000    0000e8e0   0000e8e0    r-x .text
  7018e8e0    7018e8e0    000023b0   000023b0    r-- .rodata
70190c90    70190c90    000066c0   00000000    rw-
  70190c90    70190c90    000026c0   00000000    rw- .bss
  70193350    70193350    00004000   00000000    rw- .stack
70197350    70197350    00001878   00001878    r-x
  70197350    70197350    00000e50   00000e50    r-x .text.hwi
  701981a0    701981a0    000004a0   000004a0    r-x .text.cache
  70198640    70198640    000003c0   000003c0    r-x .text.mpu
  70198a00    70198a00    000001c0   000001c0    r-x .text.boot
  70198bc0    70198bc0    00000008   00000008    r-x .text:abort
70198bc8    70198bc8    000018f8   000004f8    rw-
  70198bc8    70198bc8    000004f8   000004f8    rw- .data
  701990c0    701990c0    00000100   00000000    rw- .irqstack
  701991c0    701991c0    00000100   00000000    rw- .fiqstack
  701992c0    701992c0    00001000   00000000    rw- .svcstack
  7019a2c0    7019a2c0    00000100   00000000    rw- .abortstack
  7019a3c0    7019a3c0    00000100   00000000    rw- .undefinedstack


SECTION ALLOCATION MAP

 output                                  attributes/
section   page    origin      length       input sections
--------  ----  ----------  ----------   ----------------
.vectors   0    00000000    00000040     
                  00000000    00000040     nortos.am263px.r5f.ti-arm-clang.debug.lib : HwiP_armv7r_vectors_nortos_asm.obj (.vectors)

.text      0    70180000    0000e8e0     
                  70180000    00000a34     nortos.am263px.r5f.ti-arm-clang.debug.lib : printf.obj (.text._vsnprintf)
                  70180a34    0000000c     libclang_rt.builtins.a : aeabi_memset.S.obj (.text.__aeabi_memclr)
                  70180a40    00000678     drivers.am263px.r5f.ti-arm-clang.nortos.debug.lib : soc_rcm.obj (.text.SOC_rcmGetClkSrcAndDivReg)
                  701810b8    00000008     libsysbm.a : hostexit.c.obj (.text.HOSTexit)
                  701810c0    00000638     drivers.am263px.r5f.ti-arm-clang.nortos.debug.lib : soc_rcm.obj (.text.SOC_rcmEnablePeripheralClock)
                  701816f8    00000004     libclang_rt.builtins.a : aeabi_div0.c.obj (.text.__aeabi_ldiv0)
                  701816fc    00000004                            : aeabi_memcpy.S.obj (.text.__aeabi_memcpy)
                  70181700    000005e2     nortos.am263px.r5f.ti-arm-clang.debug.lib : printf.obj (.text._ftoa)
                  70181ce2    00000002     --HOLE-- [fill = 0]
                  70181ce4    0000000c                                               : CpuId_armv7r_asm.obj (.text)
                  70181cf0    000004b0                                               : printf.obj (.text._etoa)
                  701821a0    00000402     yis320_protocol.o (.text.vtable_process_rx_data)
                  701825a2    00000002     --HOLE-- [fill = 0]
                  701825a4    00000004     libclang_rt.builtins.a : aeabi_memmove.S.obj (.text.__aeabi_memmove)
                  701825a8    00000008     --HOLE-- [fill = 0]
                  701825b0    00000400     drivers.am263px.r5f.ti-arm-clang.nortos.debug.lib : uart_v0.obj (.text.UART_open)
                  701829b0    000003dc                                                       : ipc_notify_v1.obj (.text.IpcNotify_init)
                  70182d8c    00000004     --HOLE-- [fill = 0]
                  70182d90    000003a8     main.o (.text.main_loop)
                  70183138    00000008     --HOLE-- [fill = 0]
                  70183140    0000039c     main.o (.text.core1_init)
                  701834dc    00000004     --HOLE-- [fill = 0]
                  701834e0    0000030c     can_interface.o (.text.init_single_mcan)
                  701837ec    00000004     --HOLE-- [fill = 0]
                  701837f0    00000302     drivers.am263px.r5f.ti-arm-clang.nortos.debug.lib : soc.obj (.text.SOC_virtToPhy)
                  70183af2    0000000e     --HOLE-- [fill = 0]
                  70183b00    000002f4     motor_mapping.o (.text.motor_mapping_init_core1)
                  70183df4    0000000c     --HOLE-- [fill = 0]
                  70183e00    000002a8     drivers.am263px.r5f.ti-arm-clang.nortos.debug.lib : mcan.obj (.text.MCAN_msgRAMConfig)
                  701840a8    00000008     --HOLE-- [fill = 0]
                  701840b0    0000027e                                                       : uart_dma_edma.obj (.text.UART_edmaChInit)
                  7018432e    00000002     --HOLE-- [fill = 0]
                  70184330    00000250                                                       : edma.obj (.text.Alloc_resource)
                  70184580    00000242                                                       : uart_v0_lld.obj (.text.UART_fifoConfig)
                  701847c2    0000000e     --HOLE-- [fill = 0]
                  701847d0    0000023e     nortos.am263px.r5f.ti-arm-clang.debug.lib : printf.obj (.text._ntoa_format)
                  70184a0e    00000002     --HOLE-- [fill = 0]
                  70184a10    00000234     main.o (.text.transmit_can_frames)
                  70184c44    0000000c     --HOLE-- [fill = 0]
                  70184c50    00000226     drivers.am263px.r5f.ti-arm-clang.nortos.debug.lib : uart_dma_edma.obj (.text.UART_lld_dmaDeInit)
                  70184e76    0000000a     --HOLE-- [fill = 0]
                  70184e80    00000222                                                       : ipc_notify_v1.obj (.text.IpcNotify_isr)
                  701850a2    0000000e     --HOLE-- [fill = 0]
                  701850b0    00000206     can_interface.o (.text.CAN_TransmitBatch)
                  701852b6    0000000a     --HOLE-- [fill = 0]
                  701852c0    000001d6     nortos.am263px.r5f.ti-arm-clang.debug.lib : TimerP_rti_priv.obj (.text.TimerP_setupPriv)
                  70185496    0000000a     --HOLE-- [fill = 0]
                  701854a0    000001aa     drivers.am263px.r5f.ti-arm-clang.nortos.debug.lib : uart_dma_edma.obj (.text.UART_lld_dmaWrite)
                  7018564a    00000006     --HOLE-- [fill = 0]
                  70185650    000001aa     can_interface.o (.text.can_rx_isr)
                  701857fa    00000006     --HOLE-- [fill = 0]
                  70185800    000001a8     drivers.am263px.r5f.ti-arm-clang.nortos.debug.lib : uart_v0.obj (.text.UART_close)
                  701859a8    00000008     --HOLE-- [fill = 0]
                  701859b0    000001a4     main.o (.text.process_can_rx)
                  70185b54    0000000c     --HOLE-- [fill = 0]
                  70185b60    00000198     drivers.am263px.r5f.ti-arm-clang.nortos.debug.lib : uart_v0_lld.obj (.text.UART_lld_controllerIsr)
                  70185cf8    00000008     --HOLE-- [fill = 0]
                  70185d00    00000188     can_interface.o (.text.CAN_StartRxInterrupts)
                  70185e88    00000008     --HOLE-- [fill = 0]
                  70185e90    00000186     drivers.am263px.r5f.ti-arm-clang.nortos.debug.lib : mcan.obj (.text.MCAN_readMsg)
                  70186016    0000000a     --HOLE-- [fill = 0]
                  70186020    00000184                                                       : mcan.obj (.text.MCAN_calcMsgRamParamsStartAddr)
                  701861a4    0000000c     --HOLE-- [fill = 0]
                  701861b0    00000162                                                       : edma.obj (.text.EDMA_unregisterIntr)
                  70186312    0000000e     --HOLE-- [fill = 0]
                  70186320    00000158                                                       : soc.obj (.text.SOC_controlModuleUnlockMMR)
                  70186478    00000008     --HOLE-- [fill = 0]
                  70186480    00000152                                                       : uart_v0_lld.obj (.text.UART_lld_initDma)
                  701865d2    0000000e     --HOLE-- [fill = 0]
                  701865e0    00000150     nortos.am263px.r5f.ti-arm-clang.debug.lib : DebugP_shmLogWriter.obj (.text.DebugP_shmLogWriterPutChar)
                  70186730    00000150     drivers.am263px.r5f.ti-arm-clang.nortos.debug.lib : mcan.obj (.text.MCAN_writeMsg)
                  70186880    0000014e     yis320_protocol.o (.text.parse_imu_frame)
                  701869ce    00000002     --HOLE-- [fill = 0]
                  701869d0    0000014c     drivers.am263px.r5f.ti-arm-clang.nortos.debug.lib : mcan.obj (.text.MCAN_setBitTime)
                  70186b1c    00000004     --HOLE-- [fill = 0]
                  70186b20    00000142     imu_interface_isr.o (.text.imu_uart_isr_init)
                  70186c62    0000000e     --HOLE-- [fill = 0]
                  70186c70    00000140     can_interface.o (.text.CAN_Init)
                  70186db0    0000013a     drivers.am263px.r5f.ti-arm-clang.nortos.debug.lib : edma.obj (.text.EDMA_isDmaChannelAllocated)
                  70186eea    00000006     --HOLE-- [fill = 0]
                  70186ef0    00000138                                                       : mcan.obj (.text.MCAN_readMsgRam)
                  70187028    00000008     --HOLE-- [fill = 0]
                  70187030    00000138     nortos.am263px.r5f.ti-arm-clang.debug.lib : printf.obj (.text._ntoa_long_long)
                  70187168    00000008     --HOLE-- [fill = 0]
                  70187170    00000136                                               : ClockP_nortos_r5.obj (.text.ClockP_init)
                  701872a6    0000000a     --HOLE-- [fill = 0]
                  701872b0    00000136     drivers.am263px.r5f.ti-arm-clang.nortos.debug.lib : uart_v0_lld.obj (.text.UART_procLineStatusErr)
                  701873e6    0000000a     --HOLE-- [fill = 0]
                  701873f0    00000134                                                       : edma.obj (.text.EDMA_registerIntr)
                  70187524    0000000c     --HOLE-- [fill = 0]
                  70187530    00000134                                                       : mcan.obj (.text.MCAN_init)
                  70187664    0000000c     --HOLE-- [fill = 0]
                  70187670    0000012c                                                       : uart_v0_lld.obj (.text.UART_lld_init)
                  7018779c    00000004     --HOLE-- [fill = 0]
                  701877a0    0000012a                                                       : mcan.obj (.text.MCAN_config)
                  701878ca    00000006     --HOLE-- [fill = 0]
                  701878d0    00000126                                                       : soc.obj (.text.SOC_controlModuleLockMMR)
                  701879f6    0000000a     --HOLE-- [fill = 0]
                  70187a00    00000120                                                       : soc_rcm.obj (.text.SOC_rcmGetPeripheralClockFrequency)
                  70187b20    00000120     can_interface.o (.text.init_can_stb_gpios)
                  70187c40    0000011c     nortos.am263px.r5f.ti-arm-clang.debug.lib : DebugP_shmLogWriter.obj (.text.DebugP_shmLogWriterPutLine)
                  70187d5c    00000004     --HOLE-- [fill = 0]
                  70187d60    0000011c     drivers.am263px.r5f.ti-arm-clang.nortos.debug.lib : uart_dma_edma.obj (.text.UART_lld_dmaRead)
                  70187e7c    00000118     libclang_rt.builtins.a : udivmoddi4.S.obj (.text)
                  70187f94    0000000c     --HOLE-- [fill = 0]
                  70187fa0    00000116     drivers.am263px.r5f.ti-arm-clang.nortos.debug.lib : edma.obj (.text.EDMA_isTccAllocated)
                  701880b6    0000000a     --HOLE-- [fill = 0]
                  701880c0    00000116                                                       : uart_v0_lld.obj (.text.UART_divisorLatchWrite)
                  701881d6    0000000a     --HOLE-- [fill = 0]
                  701881e0    00000114     nortos.am263px.r5f.ti-arm-clang.debug.lib : printf.obj (.text._ntoa_long)
                  701882f4    0000000c     --HOLE-- [fill = 0]
                  70188300    0000010e     drivers.am263px.r5f.ti-arm-clang.nortos.debug.lib : soc_rcm.obj (.text.SOC_rcmADPLLJGetFOut)
                  7018840e    00000002     --HOLE-- [fill = 0]
                  70188410    0000010a                                                       : ipc_notify_v1.obj (.text.IpcNotify_sendMsg)
                  7018851a    00000006     --HOLE-- [fill = 0]
                  70188520    00000104                                                       : uart_v0_lld.obj (.text.UART_configInstance)
                  70188624    0000000c     --HOLE-- [fill = 0]
                  70188630    00000102     ti_drivers_config.o (.text.GPIO_init)
                  70188732    0000000e     --HOLE-- [fill = 0]
                  70188740    00000102     nortos.am263px.r5f.ti-arm-clang.debug.lib : SemaphoreP_nortos.obj (.text.SemaphoreP_pend)
                  70188842    0000000e     --HOLE-- [fill = 0]
                  70188850    00000102     gateway_shared.o (.text.gateway_ringbuf_read)
                  70188952    0000000e     --HOLE-- [fill = 0]
                  70188960    000000ee     main.o (.text.process_motor_commands)
                  70188a4e    00000002     --HOLE-- [fill = 0]
                  70188a50    000000ec     gateway_shared.o (.text.gateway_write_motor_config)
                  70188b3c    00000004     --HOLE-- [fill = 0]
                  70188b40    000000e6     drivers.am263px.r5f.ti-arm-clang.nortos.debug.lib : soc_rcm.obj (.text.SOC_rcmGetCoreFout)
                  70188c26    0000000a     --HOLE-- [fill = 0]
                  70188c30    000000e6                                                       : soc_rcm.obj (.text.SOC_rcmGetPerFout)
                  70188d16    0000000a     --HOLE-- [fill = 0]
                  70188d20    000000e4                                                       : edma.obj (.text.EDMA_freeChannelRegion)
                  70188e04    0000000c     --HOLE-- [fill = 0]
                  70188e10    000000e2                                                       : edma.obj (.text.EDMA_freeParam)
                  70188ef2    0000000e     --HOLE-- [fill = 0]
                  70188f00    000000e0                                                       : edma.obj (.text.EDMA_freeDmaChannel)
                  70188fe0    000000e0                                                       : edma.obj (.text.EDMA_freeTcc)
                  701890c0    000000de                                                       : uart_v0_lld.obj (.text.UART_intrEnable)
                  7018919e    00000002     --HOLE-- [fill = 0]
                  701891a0    000000da                                                       : uart_v0_lld.obj (.text.UART_intrDisable)
                  7018927a    00000006     --HOLE-- [fill = 0]
                  70189280    000000d0     nortos.am263px.r5f.ti-arm-clang.debug.lib : AddrTranslateP_32bit.obj (.text.AddrTranslateP_getLocalAddr)
                  70189350    000000ce     drivers.am263px.r5f.ti-arm-clang.nortos.debug.lib : edma.obj (.text.EDMA_disableChInShadowRegRegion)
                  7018941e    00000002     --HOLE-- [fill = 0]
                  70189420    000000cc                                                       : edma.obj (.text.EDMA_enableChInShadowRegRegion)
                  701894ec    00000004     --HOLE-- [fill = 0]
                  701894f0    000000c4                                                       : edma.obj (.text.EDMA_mapChToEvtQ)
                  701895b4    0000000c     --HOLE-- [fill = 0]
                  701895c0    000000c0                                                       : edma.obj (.text.EDMA_configureChannelRegion)
                  70189680    000000c0                                                       : soc_rcm.obj (.text.SOC_rcmGetPerHSDivOut)
                  70189740    000000c0                                                       : uart_v0.obj (.text.UART_flushTxFifo)
                  70189800    000000c0     nortos.am263px.r5f.ti-arm-clang.debug.lib : printf.obj (.text._out_rev)
                  701898c0    000000be                                               : ClockP_nortos.obj (.text.ClockP_timerTickIsr)
                  7018997e    00000002     --HOLE-- [fill = 0]
                  70189980    000000be     ti_dpl_config.o (.text.TimerP_init)
                  70189a3e    00000002     --HOLE-- [fill = 0]
                  70189a40    000000ba     nortos.am263px.r5f.ti-arm-clang.debug.lib : ClockP_nortos.obj (.text.ClockP_stop)
                  70189afa    00000006     --HOLE-- [fill = 0]
                  70189b00    000000ba     drivers.am263px.r5f.ti-arm-clang.nortos.debug.lib : ipc_notify_v1.obj (.text.IpcNotify_waitSync)
                  70189bba    00000006     --HOLE-- [fill = 0]
                  70189bc0    000000ba     gateway_shared.o (.text.gateway_write_motor_states)
                  70189c7a    00000006     --HOLE-- [fill = 0]
                  70189c80    000000ba     nortos.am263px.r5f.ti-arm-clang.debug.lib : PmuP_armv7r.obj (.text.pmu)
                  70189d3a    00000006     --HOLE-- [fill = 0]
                  70189d40    000000b0     drivers.am263px.r5f.ti-arm-clang.nortos.debug.lib : mcan.obj (.text.MCAN_writeMsgRam)
                  70189df0    000000b0                                                       : soc_rcm.obj (.text.SOC_rcmSetPeripheralClock)
                  70189ea0    000000b0                                                       : uart_v0.obj (.text.UART_init)
                  70189f50    000000b0     imu_interface_isr.o (.text.imu_uart_isr)
                  7018a000    000000ae     drivers.am263px.r5f.ti-arm-clang.nortos.debug.lib : mcan.obj (.text.MCAN_getOffsetAddr)
                  7018a0ae    00000002     --HOLE-- [fill = 0]
                  7018a0b0    000000ac     gateway_shared.o (.text.gateway_core1_wait_for_ready)
                  7018a15c    00000004     --HOLE-- [fill = 0]
                  7018a160    000000a8     nortos.am263px.r5f.ti-arm-clang.debug.lib : ClockP_nortos.obj (.text.ClockP_addToList)
                  7018a208    00000008     --HOLE-- [fill = 0]
                  7018a210    000000a8                                               : ClockP_nortos.obj (.text.ClockP_destruct)
                  7018a2b8    00000008     --HOLE-- [fill = 0]
                  7018a2c0    000000a8     ti_drivers_open_close.o (.text.Drivers_uartOpen)
                  7018a368    00000008     --HOLE-- [fill = 0]
                  7018a370    000000a0     drivers.am263px.r5f.ti-arm-clang.nortos.debug.lib : soc_rcm.obj (.text.SOC_rcmGetCoreHSDivOut)
                  7018a410    0000009e     gateway_shared.o (.text.gateway_core1_ipc_callback)
                  7018a4ae    00000002     --HOLE-- [fill = 0]
                  7018a4b0    0000009e     main.o (.text.ipc_notify_callback_fxn)
                  7018a54e    00000002     --HOLE-- [fill = 0]
                  7018a550    0000009e     yis320_protocol.o (.text.validate_checksum)
                  7018a5ee    00000002     --HOLE-- [fill = 0]
                  7018a5f0    0000009a     imu_interface_isr.o (.text.imu_uart_read)
                  7018a68a    00000006     --HOLE-- [fill = 0]
                  7018a690    00000098     drivers.am263px.r5f.ti-arm-clang.nortos.debug.lib : ipc_notify_v1.obj (.text.IpcNotify_registerClient)
                  7018a728    00000008     --HOLE-- [fill = 0]
                  7018a730    00000096                                                       : uart_v0_lld.obj (.text.UART_subConfigTCRTLRModeEn)
                  7018a7c6    0000000a     --HOLE-- [fill = 0]
                  7018a7d0    00000092     nortos.am263px.r5f.ti-arm-clang.debug.lib : ClockP_nortos.obj (.text.ClockP_getTimeUsec)
                  7018a862    0000000e     --HOLE-- [fill = 0]
                  7018a870    00000092     drivers.am263px.r5f.ti-arm-clang.nortos.debug.lib : edma.obj (.text.EDMA_unmapChToEvtQ)
                  7018a902    0000000e     --HOLE-- [fill = 0]
                  7018a910    00000092     motor_mapping.o (.text.float_to_uint)
                  7018a9a2    0000000e     --HOLE-- [fill = 0]
                  7018a9b0    00000092     yis320_protocol.o (.text.yis320_convert_to_ipc)
                  7018aa42    0000000e     --HOLE-- [fill = 0]
                  7018aa50    0000008c     drivers.am263px.r5f.ti-arm-clang.nortos.debug.lib : edma.obj (.text.EDMA_disableTransferRegion)
                  7018aadc    00000004     --HOLE-- [fill = 0]
                  7018aae0    0000008c                                                       : edma.obj (.text.EDMA_enableTransferRegion)
                  7018ab6c    00000004     --HOLE-- [fill = 0]
                  7018ab70    00000088                                                       : uart_dma_edma.obj (.text.UART_edmaIsrRx)
                  7018abf8    00000008     --HOLE-- [fill = 0]
                  7018ac00    00000088                                                       : uart_dma_edma.obj (.text.UART_edmaIsrTx)
                  7018ac88    00000008     --HOLE-- [fill = 0]
                  7018ac90    00000086                                                       : uart_v0_lld.obj (.text.UART_lld_flushTxFifo)
                  7018ad16    0000000a     --HOLE-- [fill = 0]
                  7018ad20    00000086                                                       : uart_v0_lld.obj (.text.UART_tcrTlrBitValRestore)
                  7018ada6    0000000a     --HOLE-- [fill = 0]
                  7018adb0    00000082                                                       : edma.obj (.text.EDMA_allocDmaChannel)
                  7018ae32    0000000e     --HOLE-- [fill = 0]
                  7018ae40    00000082                                                       : edma.obj (.text.EDMA_allocParam)
                  7018aec2    0000000e     --HOLE-- [fill = 0]
                  7018aed0    00000082                                                       : edma.obj (.text.EDMA_allocTcc)
                  7018af52    0000000e     --HOLE-- [fill = 0]
                  7018af60    00000082                                                       : edma.obj (.text.EDMA_disableTccInShadowRegRegion)
                  7018afe2    0000000e     --HOLE-- [fill = 0]
                  7018aff0    00000082                                                       : edma.obj (.text.EDMA_enableTccInShadowRegRegion)
                  7018b072    0000000e     --HOLE-- [fill = 0]
                  7018b080    00000082                                                       : ipc_notify_v1.obj (.text.IpcNotify_syncAll)
                  7018b102    0000000e     --HOLE-- [fill = 0]
                  7018b110    00000082     imu_protocol_handler.o (.text.imu_protocol_manager_init)
                  7018b192    0000000e     --HOLE-- [fill = 0]
                  7018b1a0    00000080     drivers.am263px.r5f.ti-arm-clang.nortos.debug.lib : mcan.obj (.text.MCAN_addStdMsgIDFilter)
                  7018b220    00000080                                                       : uart_v0_lld.obj (.text.UART_moduleReset)
                  7018b2a0    0000007e     ti_drivers_config.o (.text.System_init)
                  7018b31e    00000002     --HOLE-- [fill = 0]
                  7018b320    0000007e     drivers.am263px.r5f.ti-arm-clang.nortos.debug.lib : uart_v0_lld.obj (.text.UART_readData)
                  7018b39e    00000002     --HOLE-- [fill = 0]
                  7018b3a0    0000007c     nortos.am263px.r5f.ti-arm-clang.debug.lib : DebugP_log.obj (.text._DebugP_assert)
                  7018b41c    00000004     --HOLE-- [fill = 0]
                  7018b420    0000007c     gateway_shared.o (.text.gateway_ringbuf_core1_init)
                  7018b49c    00000004     --HOLE-- [fill = 0]
                  7018b4a0    0000007a     drivers.am263px.r5f.ti-arm-clang.nortos.debug.lib : ipc_notify_v1.obj (.text.IpcNotify_mailboxWrite)
                  7018b51a    00000006     --HOLE-- [fill = 0]
                  7018b520    0000007a                                                       : uart_v0.obj (.text.UART_Params_init)
                  7018b59a    00000006     --HOLE-- [fill = 0]
                  7018b5a0    00000078                                                       : edma.obj (.text.EDMA_linkChannel)
                  7018b618    00000008     --HOLE-- [fill = 0]
                  7018b620    00000074                                                       : uart_v0_lld.obj (.text.UART_IsBaseAddrValid)
                  7018b694    0000000c     --HOLE-- [fill = 0]
                  7018b6a0    00000072     nortos.am263px.r5f.ti-arm-clang.debug.lib : ClockP_nortos.obj (.text.ClockP_usleep)
                  7018b712    0000000e     --HOLE-- [fill = 0]
                  7018b720    00000072     drivers.am263px.r5f.ti-arm-clang.nortos.debug.lib : edma.obj (.text.EDMA_clrMissEvtRegion)
                  7018b792    0000000e     --HOLE-- [fill = 0]
                  7018b7a0    00000072                                                       : ipc_notify_v1.obj (.text.IpcNotify_makeMsg)
                  7018b812    0000000e     --HOLE-- [fill = 0]
                  7018b820    0000006e     yis320_protocol.o (.text.find_frame_header_limited)
                  7018b88e    00000002     --HOLE-- [fill = 0]
                  7018b890    0000006a     drivers.am263px.r5f.ti-arm-clang.nortos.debug.lib : ipc_notify_v1.obj (.text.IpcNotify_mailboxReadSwQ)
                  7018b8fa    00000006     --HOLE-- [fill = 0]
                  7018b900    00000068                                                       : edma.obj (.text.EDMA_getBaseAddr)
                  7018b968    00000008     --HOLE-- [fill = 0]
                  7018b970    00000068                                                       : uart_v0_lld.obj (.text.UART_divisorValCompute)
                  7018b9d8    00000008     --HOLE-- [fill = 0]
                  7018b9e0    00000068     imu_protocol_handler.o (.text.imu_protocol_get_state)
                  7018ba48    00000008     --HOLE-- [fill = 0]
                  7018ba50    00000064     drivers.am263px.r5f.ti-arm-clang.nortos.debug.lib : soc_rcm.obj (.text.SOC_rcmGetR5Clock)
                  7018bab4    0000000c     --HOLE-- [fill = 0]
                  7018bac0    00000064                                                       : soc_rcm.obj (.text.SOC_rcmIsR5FInLockStepMode)
                  7018bb24    0000000c     --HOLE-- [fill = 0]
                  7018bb30    00000064                                                       : uart_v0_lld.obj (.text.UART_fifoRegisterWrite)
                  7018bb94    0000000c     --HOLE-- [fill = 0]
                  7018bba0    00000064                                                       : uart_v0_lld.obj (.text.UART_lld_deInitDma)
                  7018bc04    0000000c     --HOLE-- [fill = 0]
                  7018bc10    00000064     imu_protocol_handler.o (.text.imu_protocol_process_uart_rx)
                  7018bc74    0000000c     --HOLE-- [fill = 0]
                  7018bc80    00000062     drivers.am263px.r5f.ti-arm-clang.nortos.debug.lib : mcan.obj (.text.MCAN_enableIntr)
                  7018bce2    0000000e     --HOLE-- [fill = 0]
                  7018bcf0    00000062                                                       : mcan.obj (.text.MCAN_initTxBufElement)
                  7018bd52    0000000e     --HOLE-- [fill = 0]
                  7018bd60    00000062                                                       : soc_rcm.obj (.text.SOC_rcmInsert16)
                  7018bdc2    0000000e     --HOLE-- [fill = 0]
                  7018bdd0    00000062     nortos.am263px.r5f.ti-arm-clang.debug.lib : SemaphoreP_nortos.obj (.text.SemaphoreP_post)
                  7018be32    0000000e     --HOLE-- [fill = 0]
                  7018be40    00000060     drivers.am263px.r5f.ti-arm-clang.nortos.debug.lib : mcan.obj (.text.MCAN_selectIntrLine)
                  7018bea0    00000060                                                       : uart_v0_lld.obj (.text.UART_getChar)
                  7018bf00    00000060                                                       : uart_v0_lld.obj (.text.UART_writeData)
                  7018bf60    0000005e     yis320_protocol.o (.text.yis320_protocol_handler_init)
                  7018bfbe    00000002     --HOLE-- [fill = 0]
                  7018bfc0    0000005c     ti_power_clock_config.o (.text.Module_clockSetFrequency)
                  7018c01c    00000004     --HOLE-- [fill = 0]
                  7018c020    0000005c     drivers.am263px.r5f.ti-arm-clang.nortos.debug.lib : uart_v0_lld.obj (.text.UART_lld_deInit)
                  7018c07c    00000004     --HOLE-- [fill = 0]
                  7018c080    0000005a                                                       : uart_v0_lld.obj (.text.UART_regConfigModeEnable)
                  7018c0da    00000006     --HOLE-- [fill = 0]
                  7018c0e0    00000058                                                       : soc_rcm.obj (.text.SOC_rcmGetModuleClkDivVal)
                  7018c138    00000008     --HOLE-- [fill = 0]
                  7018c140    00000058     yis320_protocol.o (.text.parse_angular_velocity)
                  7018c198    00000008     --HOLE-- [fill = 0]
                  7018c1a0    00000058     yis320_protocol.o (.text.parse_euler_angles)
                  7018c1f8    00000008     --HOLE-- [fill = 0]
                  7018c200    00000056     drivers.am263px.r5f.ti-arm-clang.nortos.debug.lib : uart_v0.obj (.text.UART_lld_readCompleteCallback)
                  7018c256    0000000a     --HOLE-- [fill = 0]
                  7018c260    00000056                                                       : uart_v0.obj (.text.UART_lld_writeCompleteCallback)
                  7018c2b6    0000000a     --HOLE-- [fill = 0]
                  7018c2c0    00000056     gateway_shared.o (.text.gateway_write_imu_state)
                  7018c316    0000000a     --HOLE-- [fill = 0]
                  7018c320    00000056     motor_mapping.o (.text.uint16_to_float)
                  7018c376    0000000a     --HOLE-- [fill = 0]
                  7018c380    00000056     yis320_protocol.o (.text.vtable_initialize)
                  7018c3d6    0000000a     --HOLE-- [fill = 0]
                  7018c3e0    00000054     ti_dpl_config.o (.text.Dpl_init)
                  7018c434    0000000c     --HOLE-- [fill = 0]
                  7018c440    00000054     drivers.am263px.r5f.ti-arm-clang.nortos.debug.lib : edma.obj (.text.EDMA_setPaRAM)
                  7018c494    0000000c     --HOLE-- [fill = 0]
                  7018c4a0    00000054                                                       : uart_v0_lld.obj (.text.UART_OperModeValid)
                  7018c4f4    0000000c     --HOLE-- [fill = 0]
                  7018c500    00000054     main.o (.text.main)
                  7018c554    00000054     libc.a : autoinit.c.obj (.text:__TI_auto_init_nobinit_nopinit)
                  7018c5a8    00000008     --HOLE-- [fill = 0]
                  7018c5b0    00000050     ti_drivers_open_close.o (.text.Drivers_uartClose)
                  7018c600    00000050     drivers.am263px.r5f.ti-arm-clang.nortos.debug.lib : pinmux.obj (.text.Pinmux_config)
                  7018c650    00000050                                                       : uart_v0_lld.obj (.text.UART_checkCharsAvailInFifo)
                  7018c6a0    0000004e     nortos.am263px.r5f.ti-arm-clang.debug.lib : DebugP_shmLogWriter.obj (.text.DebugP_shmLogWriterInit)
                  7018c6ee    00000002     --HOLE-- [fill = 0]
                  7018c6f0    0000004e     drivers.am263px.r5f.ti-arm-clang.nortos.debug.lib : edma.obj (.text.EDMA_clrEvtRegion)
                  7018c73e    00000002     --HOLE-- [fill = 0]
                  7018c740    0000004e                                                       : edma.obj (.text.EDMA_disableDmaEvtRegion)
                  7018c78e    00000002     --HOLE-- [fill = 0]
                  7018c790    0000004e                                                       : edma.obj (.text.EDMA_disableEvtIntrRegion)
                  7018c7de    00000002     --HOLE-- [fill = 0]
                  7018c7e0    0000004e                                                       : edma.obj (.text.EDMA_enableDmaEvtRegion)
                  7018c82e    00000002     --HOLE-- [fill = 0]
                  7018c830    0000004e                                                       : edma.obj (.text.EDMA_enableEvtIntrRegion)
                  7018c87e    00000002     --HOLE-- [fill = 0]
                  7018c880    0000004e                                                       : edma.obj (.text.EDMA_setEvtRegion)
                  7018c8ce    00000002     --HOLE-- [fill = 0]
                  7018c8d0    0000004e                                                       : gpio.obj (.text.GPIO_setDirMode)
                  7018c91e    00000002     --HOLE-- [fill = 0]
                  7018c920    0000004e                                                       : mcan.obj (.text.MCAN_enableIntrLine)
                  7018c96e    00000002     --HOLE-- [fill = 0]
                  7018c970    0000004c     nortos.am263px.r5f.ti-arm-clang.debug.lib : ClockP_nortos.obj (.text.ClockP_construct)
                  7018c9bc    00000004     --HOLE-- [fill = 0]
                  7018c9c0    0000004c     drivers.am263px.r5f.ti-arm-clang.nortos.debug.lib : edma.obj (.text.EDMA_ccPaRAMEntry_init)
                  7018ca0c    00000004     --HOLE-- [fill = 0]
                  7018ca10    0000004c                                                       : edma.obj (.text.EDMA_mapQdmaChToPaRAM)
                  7018ca5c    00000004     --HOLE-- [fill = 0]
                  7018ca60    0000004c                                                       : edma.obj (.text.EDMA_readEventStatusRegion)
                  7018caac    00000004     --HOLE-- [fill = 0]
                  7018cab0    0000004c                                                       : ipc_notify_v1.obj (.text.IpcNotify_unregisterClient)
                  7018cafc    00000004     --HOLE-- [fill = 0]
                  7018cb00    0000004c     ti_power_clock_config.o (.text.Module_clockEnable)
                  7018cb4c    00000004     --HOLE-- [fill = 0]
                  7018cb50    0000004c     gateway_shared.o (.text.gateway_update_stat)
                  7018cb9c    0000004c     libc.a : memmov.c.obj (.text.memmove)
                  7018cbe8    00000008     --HOLE-- [fill = 0]
                  7018cbf0    0000004c     yis320_protocol.o (.text.parse_quaternion)
                  7018cc3c    00000004     --HOLE-- [fill = 0]
                  7018cc40    0000004c     main.o (.text.timerISR)
                  7018cc8c    00000004     --HOLE-- [fill = 0]
                  7018cc90    0000004a     drivers.am263px.r5f.ti-arm-clang.nortos.debug.lib : ipc_notify_v1.obj (.text.IpcNotify_Params_init)
                  7018ccda    00000006     --HOLE-- [fill = 0]
                  7018cce0    0000004a                                                       : soc_rcm.obj (.text.SOC_rcmGetCR5SysclkInFrequency)
                  7018cd2a    00000006     --HOLE-- [fill = 0]
                  7018cd30    0000004a                                                       : uart_v0_lld.obj (.text.UART_getIntrIdentityStatus)
                  7018cd7a    00000006     --HOLE-- [fill = 0]
                  7018cd80    0000004a                                                       : uart_v0_lld.obj (.text.UART_lineCharConfig)
                  7018cdca    00000006     --HOLE-- [fill = 0]
                  7018cdd0    0000004a     main.o (.text.motor_get_index)
                  7018ce1a    00000006     --HOLE-- [fill = 0]
                  7018ce20    00000048     can_interface.o (.text.CAN_RegisterRxCallback)
                  7018ce68    00000008     --HOLE-- [fill = 0]
                  7018ce70    00000048     drivers.am263px.r5f.ti-arm-clang.nortos.debug.lib : uart_v0_lld.obj (.text.UART_resetModule)
                  7018ceb8    00000008     --HOLE-- [fill = 0]
                  7018cec0    00000046                                                       : uart_v0_lld.obj (.text.UART_i2310WA)
                  7018cf06    0000000a     --HOLE-- [fill = 0]
                  7018cf10    00000046                                                       : uart_v0_lld.obj (.text.UART_readLineStatus)
                  7018cf56    0000000a     --HOLE-- [fill = 0]
                  7018cf60    00000046     imu_protocol_handler.o (.text.imu_protocol_handler_init)
                  7018cfa6    0000000a     --HOLE-- [fill = 0]
                  7018cfb0    00000044     drivers.am263px.r5f.ti-arm-clang.nortos.debug.lib : ipc_notify_v1.obj (.text.IpcNotify_getWriteMailbox)
                  7018cff4    0000000c     --HOLE-- [fill = 0]
                  7018d000    00000044                                                       : soc_rcm.obj (.text.SOC_rcmExtract8)
                  7018d044    0000000c     --HOLE-- [fill = 0]
                  7018d050    00000044                                                       : soc_rcm.obj (.text.SOC_rcmMake16)
                  7018d094    0000000c     --HOLE-- [fill = 0]
                  7018d0a0    00000044     nortos.am263px.r5f.ti-arm-clang.debug.lib : SemaphoreP_nortos.obj (.text.SemaphoreP_construct)
                  7018d0e4    0000000c     --HOLE-- [fill = 0]
                  7018d0f0    00000044                                               : DebugP_nortos.obj (.text._DebugP_logZone)
                  7018d134    0000000c     --HOLE-- [fill = 0]
                  7018d140    00000044                                               : printf.obj (.text._strnlen_s)
                  7018d184    0000000c     --HOLE-- [fill = 0]
                  7018d190    00000042                                               : ClockP_nortos.obj (.text.ClockP_start)
                  7018d1d2    0000000e     --HOLE-- [fill = 0]
                  7018d1e0    00000042     drivers.am263px.r5f.ti-arm-clang.nortos.debug.lib : uart_v0.obj (.text.UART_checkOpenParams)
                  7018d222    0000000e     --HOLE-- [fill = 0]
                  7018d230    00000040     imu_protocol_handler.o (.text.imu_protocol_update_state)
                  7018d270    0000003e     drivers.am263px.r5f.ti-arm-clang.nortos.debug.lib : pinmux.obj (.text.Pinmux_unlockMMR)
                  7018d2ae    00000002     --HOLE-- [fill = 0]
                  7018d2b0    0000003e                                                       : uart_v0_lld.obj (.text.UART_IsHWFlowCtrlValid)
                  7018d2ee    00000002     --HOLE-- [fill = 0]
                  7018d2f0    0000003e                                                       : uart_v0_lld.obj (.text.UART_spaceAvail)
                  7018d32e    00000002     --HOLE-- [fill = 0]
                  7018d330    0000003e     gateway_shared.o (.text.gateway_core1_init)
                  7018d36e    00000002     --HOLE-- [fill = 0]
                  7018d370    0000003e     gateway_shared.o (.text.gateway_update_heartbeat)
                  7018d3ae    00000002     --HOLE-- [fill = 0]
                  7018d3b0    0000003c     drivers.am263px.r5f.ti-arm-clang.nortos.debug.lib : uart_v0_lld.obj (.text.UART_IsParityTypeValid)
                  7018d3ec    00000004     --HOLE-- [fill = 0]
                  7018d3f0    0000003c                                                       : uart_v0_lld.obj (.text.UART_IsTxRxFifoEmpty)
                  7018d42c    00000004     --HOLE-- [fill = 0]
                  7018d430    0000003c                                                       : uart_v0_lld.obj (.text.UART_enhanFuncEnable)
                  7018d46c    00000004     --HOLE-- [fill = 0]
                  7018d470    0000003a                                                       : mcan.obj (.text.MCAN_txBufAddReq)
                  7018d4aa    00000006     --HOLE-- [fill = 0]
                  7018d4b0    0000003a                                                       : soc.obj (.text.SOC_moduleSetClockFrequency)
                  7018d4ea    00000006     --HOLE-- [fill = 0]
                  7018d4f0    0000003a     nortos.am263px.r5f.ti-arm-clang.debug.lib : printf.obj (.text._atoi)
                  7018d52a    00000006     --HOLE-- [fill = 0]
                  7018d530    0000003a     main.o (.text.init_1000hz_timer)
                  7018d56a    00000006     --HOLE-- [fill = 0]
                  7018d570    0000003a     nortos.am263px.r5f.ti-arm-clang.debug.lib : printf.obj (.text.snprintf_)
                  7018d5aa    00000006     --HOLE-- [fill = 0]
                  7018d5b0    00000038     drivers.am263px.r5f.ti-arm-clang.nortos.debug.lib : soc.obj (.text.SOC_getCoreName)
                  7018d5e8    00000038     nortos.am263px.r5f.ti-arm-clang.debug.lib : PmuP_armv7r_asm.obj (.text.pmu)
                  7018d620    00000038     yis320_protocol.o (.text.vtable_is_connected)
                  7018d658    00000008     --HOLE-- [fill = 0]
                  7018d660    00000036     drivers.am263px.r5f.ti-arm-clang.nortos.debug.lib : edma.obj (.text.EDMA_getRegionId)
                  7018d696    0000000a     --HOLE-- [fill = 0]
                  7018d6a0    00000036     can_interface.o (.text.GPIO_pinWriteLow)
                  7018d6d6    0000000a     --HOLE-- [fill = 0]
                  7018d6e0    00000036     ti_drivers_config.o (.text.GPIO_pinWriteLow)
                  7018d716    0000000a     --HOLE-- [fill = 0]
                  7018d720    00000036     drivers.am263px.r5f.ti-arm-clang.nortos.debug.lib : ipc_notify_v1.obj (.text.IpcNotify_syncCallback)
                  7018d756    0000000a     --HOLE-- [fill = 0]
                  7018d760    00000034                                                       : mcan.obj (.text.MCAN_SsAddr)
                  7018d794    0000000c     --HOLE-- [fill = 0]
                  7018d7a0    00000034                                                       : mcan.obj (.text.MCAN_calcCfgAddr)
                  7018d7d4    0000000c     --HOLE-- [fill = 0]
                  7018d7e0    00000034                                                       : pinmux.obj (.text.Pinmux_lockMMR)
                  7018d814    0000000c     --HOLE-- [fill = 0]
                  7018d820    00000034     nortos.am263px.r5f.ti-arm-clang.debug.lib : TimerP_rti_priv.obj (.text.TimerP_Params_initPriv)
                  7018d854    0000000c     --HOLE-- [fill = 0]
                  7018d860    00000034     drivers.am263px.r5f.ti-arm-clang.nortos.debug.lib : uart_v0_lld.obj (.text.UART_IsDataLengthValid)
                  7018d894    0000000c     --HOLE-- [fill = 0]
                  7018d8a0    00000034     motor_mapping.o (.text.motor_get_config)
                  7018d8d4    0000000c     --HOLE-- [fill = 0]
                  7018d8e0    00000032     drivers.am263px.r5f.ti-arm-clang.nortos.debug.lib : mcan.obj (.text.HW_WR_FIELD32_RAW)
                  7018d912    0000000e     --HOLE-- [fill = 0]
                  7018d920    00000032                                                       : uart_v0_lld.obj (.text.HW_WR_FIELD32_RAW)
                  7018d952    0000000e     --HOLE-- [fill = 0]
                  7018d960    00000032                                                       : ipc_notify_v1.obj (.text.IpcNotify_mailboxIsPendingIntr)
                  7018d992    0000000e     --HOLE-- [fill = 0]
                  7018d9a0    00000032     nortos.am263px.r5f.ti-arm-clang.debug.lib : TimerP_rti_priv.obj (.text.TimerP_getCountPriv)
                  7018d9d2    0000000e     --HOLE-- [fill = 0]
                  7018d9e0    00000032     drivers.am263px.r5f.ti-arm-clang.nortos.debug.lib : uart_v0_lld.obj (.text.UART_enhanFuncBitValRestore)
                  7018da12    0000000e     --HOLE-- [fill = 0]
                  7018da20    00000032                                                       : uart_v0_lld.obj (.text.UART_hardwareFlowCtrlOptSet)
                  7018da52    0000000e     --HOLE-- [fill = 0]
                  7018da60    00000030                                                       : ipc_notify_v1.obj (.text.IpcNotify_getReadSwQ)
                  7018da90    00000030                                                       : uart_v0_lld.obj (.text.UART_flowCtrlTrigLvlConfig)
                  7018dac0    00000030     gateway_shared.o (.text.gateway_signal_motor_config_ready)
                  7018daf0    0000002e     drivers.am263px.r5f.ti-arm-clang.nortos.debug.lib : uart_dma_edma.obj (.text.UART_lld_dmaInit)
                  7018db1e    00000002     --HOLE-- [fill = 0]
                  7018db20    0000002e     nortos.am263px.r5f.ti-arm-clang.debug.lib : printf.obj (.text._is_digit)
                  7018db4e    00000002     --HOLE-- [fill = 0]
                  7018db50    0000002c                                               : DebugP_log.obj (.text.DebugP_logZoneEnable)
                  7018db7c    00000004     --HOLE-- [fill = 0]
                  7018db80    0000002c     drivers.am263px.r5f.ti-arm-clang.nortos.debug.lib : ipc_notify_v1.obj (.text.IpcNotify_getReadMailbox)
                  7018dbac    00000004     --HOLE-- [fill = 0]
                  7018dbb0    0000002c                                                       : mcan.obj (.text.MCAN_clearNewDataStatus)
                  7018dbdc    00000004     --HOLE-- [fill = 0]
                  7018dbe0    0000002c                                                       : mcan.obj (.text.MCAN_getNewDataStatus)
                  7018dc0c    00000004     --HOLE-- [fill = 0]
                  7018dc10    0000002c     nortos.am263px.r5f.ti-arm-clang.debug.lib : SemaphoreP_nortos.obj (.text.SemaphoreP_constructBinary)
                  7018dc3c    00000004     --HOLE-- [fill = 0]
                  7018dc40    0000002c     yis320_protocol.o (.text.vtable_deinit)
                  7018dc6c    00000004     --HOLE-- [fill = 0]
                  7018dc70    0000002a     nortos.am263px.r5f.ti-arm-clang.debug.lib : ClockP_nortos.obj (.text.ClockP_sleepTicks)
                  7018dc9a    00000006     --HOLE-- [fill = 0]
                  7018dca0    0000002a     drivers.am263px.r5f.ti-arm-clang.nortos.debug.lib : uart_v0_lld.obj (.text.UART_intr2Disable)
                  7018dcca    00000006     --HOLE-- [fill = 0]
                  7018dcd0    0000002a                                                       : uart_v0_lld.obj (.text.UART_operatingModeSelect)
                  7018dcfa    00000006     --HOLE-- [fill = 0]
                  7018dd00    0000002a     imu_protocol_handler.o (.text.imu_process_rx_data)
                  7018dd2a    00000006     --HOLE-- [fill = 0]
                  7018dd30    00000028     nortos.am263px.r5f.ti-arm-clang.debug.lib : CpuId_armv7r.obj (.text.CSL_armR5GetCpuID)
                  7018dd58    00000008     --HOLE-- [fill = 0]
                  7018dd60    00000028                                               : printf.obj (.text.vprintf_)
                  7018dd88    00000008     --HOLE-- [fill = 0]
                  7018dd90    00000026     drivers.am263px.r5f.ti-arm-clang.nortos.debug.lib : edma.obj (.text.EDMA_disableQdmaEvtRegion)
                  7018ddb6    0000000a     --HOLE-- [fill = 0]
                  7018ddc0    00000026                                                       : edma.obj (.text.EDMA_enableQdmaEvtRegion)
                  7018dde6    0000000a     --HOLE-- [fill = 0]
                  7018ddf0    00000026                                                       : edma.obj (.text.EDMA_validateIntrObject)
                  7018de16    0000000a     --HOLE-- [fill = 0]
                  7018de20    00000026     ti_drivers_config.o (.text.IpcNotify_allocSwQueue)
                  7018de46    0000000a     --HOLE-- [fill = 0]
                  7018de50    00000026     nortos.am263px.r5f.ti-arm-clang.debug.lib : printf.obj (.text._out_buffer)
                  7018de76    0000000a     --HOLE-- [fill = 0]
                  7018de80    00000024     ti_drivers_config.o (.text.IpcNotify_getConfig)
                  7018dea4    0000000c     --HOLE-- [fill = 0]
                  7018deb0    00000024     nortos.am263px.r5f.ti-arm-clang.debug.lib : SemaphoreP_nortos.obj (.text.SemaphoreP_constructMutex)
                  7018ded4    0000000c     --HOLE-- [fill = 0]
                  7018dee0    00000024     drivers.am263px.r5f.ti-arm-clang.nortos.debug.lib : uart_v0_lld.obj (.text.UART_IsRxTrigLvlValid)
                  7018df04    0000000c     --HOLE-- [fill = 0]
                  7018df10    00000024                                                       : uart_v0_lld.obj (.text.UART_IsStopBitsValid)
                  7018df34    0000000c     --HOLE-- [fill = 0]
                  7018df40    00000024                                                       : uart_v0_lld.obj (.text.UART_IsTxTrigLvlValid)
                  7018df64    0000000c     --HOLE-- [fill = 0]
                  7018df70    00000024                                                       : uart_v0.obj (.text.UART_getBaseAddr)
                  7018df94    00000024     libclang_rt.builtins.a : aeabi_uldivmod.S.obj (.text.__aeabi_uldivmod)
                  7018dfb8    00000008     --HOLE-- [fill = 0]
                  7018dfc0    00000024     nortos.am263px.r5f.ti-arm-clang.debug.lib : printf.obj (.text._out_char)
                  7018dfe4    0000000c     --HOLE-- [fill = 0]
                  7018dff0    00000022     drivers.am263px.r5f.ti-arm-clang.nortos.debug.lib : edma.obj (.text.EDMA_channelToParamMap)
                  7018e012    0000000e     --HOLE-- [fill = 0]
                  7018e020    00000022     gateway_shared.o (.text.gateway_ringbuf_core1_receive)
                  7018e042    0000000e     --HOLE-- [fill = 0]
                  7018e050    00000020     nortos.am263px.r5f.ti-arm-clang.debug.lib : ClockP_nortos.obj (.text.ClockP_isActive)
                  7018e070    00000020                                               : ClockP_nortos.obj (.text.ClockP_usecToTicks)
                  7018e090    00000020     drivers.am263px.r5f.ti-arm-clang.nortos.debug.lib : mcan.obj (.text.HW_RD_FIELD32_RAW)
                  7018e0b0    00000020                                                       : uart_v0_lld.obj (.text.HW_RD_FIELD32_RAW)
                  7018e0d0    0000001e     nortos.am263px.r5f.ti-arm-clang.debug.lib : ClockP_nortos.obj (.text.ClockP_Params_init)
                  7018e0ee    00000002     --HOLE-- [fill = 0]
                  7018e0f0    0000001e     drivers.am263px.r5f.ti-arm-clang.nortos.debug.lib : edma.obj (.text.EDMA_getEventStatusHigh)
                  7018e10e    00000002     --HOLE-- [fill = 0]
                  7018e110    0000001e                                                       : mcan.obj (.text.MCAN_setOpMode)
                  7018e12e    00000002     --HOLE-- [fill = 0]
                  7018e130    0000001e                                                       : soc.obj (.text.SOC_getSelfCpuClk)
                  7018e14e    00000002     --HOLE-- [fill = 0]
                  7018e150    0000001e                                                       : soc.obj (.text.SOC_moduleClockEnable)
                  7018e16e    00000002     --HOLE-- [fill = 0]
                  7018e170    0000001e     ti_dpl_config.o (.text.TimerP_isr0)
                  7018e18e    00000002     --HOLE-- [fill = 0]
                  7018e190    0000001e     drivers.am263px.r5f.ti-arm-clang.nortos.debug.lib : uart_v0_lld.obj (.text.UART_breakCtl)
                  7018e1ae    00000002     --HOLE-- [fill = 0]
                  7018e1b0    0000001e                                                       : uart_v0_lld.obj (.text.UART_lld_Transaction_deInit)
                  7018e1ce    00000002     --HOLE-- [fill = 0]
                  7018e1d0    0000001c                                                       : edma.obj (.text.EDMA_getEventStatus)
                  7018e1ec    00000004     --HOLE-- [fill = 0]
                  7018e1f0    0000001c                                                       : mcan.obj (.text.MCAN_writeProtectedRegAccessLock)
                  7018e20c    00000004     --HOLE-- [fill = 0]
                  7018e210    0000001c                                                       : mcan.obj (.text.MCAN_writeProtectedRegAccessUnlock)
                  7018e22c    00000004     --HOLE-- [fill = 0]
                  7018e230    0000001c                                                       : uart_v0_lld.obj (.text.UART_IsParameter)
                  7018e24c    0000001c     libc.a : memcpy32.S.obj (.text:TI_memcpy_small)
                  7018e268    00000008     --HOLE-- [fill = 0]
                  7018e270    0000001a     drivers.am263px.r5f.ti-arm-clang.nortos.debug.lib : mcan.obj (.text.MCAN_clearIntrStatus)
                  7018e28a    00000006     --HOLE-- [fill = 0]
                  7018e290    0000001a                                                       : mcan.obj (.text.MCAN_getOpMode)
                  7018e2aa    00000006     --HOLE-- [fill = 0]
                  7018e2b0    0000001a                                                       : uart_v0_lld.obj (.text.UART_fifoCharGet)
                  7018e2ca    00000006     --HOLE-- [fill = 0]
                  7018e2d0    0000001a                                                       : uart_v0_lld.obj (.text.UART_timeGuardConfig)
                  7018e2ea    00000006     --HOLE-- [fill = 0]
                  7018e2f0    00000018     nortos.am263px.r5f.ti-arm-clang.debug.lib : ClockP_nortos.obj (.text.ClockP_ticksToUsec)
                  7018e308    00000008     --HOLE-- [fill = 0]
                  7018e310    00000018     drivers.am263px.r5f.ti-arm-clang.nortos.debug.lib : edma.obj (.text.EDMA_isInterruptEnabled)
                  7018e328    00000008     --HOLE-- [fill = 0]
                  7018e330    00000018                                                       : ipc_notify_v1.obj (.text.IpcNotify_mailboxClearAllInt)
                  7018e348    00000008     --HOLE-- [fill = 0]
                  7018e350    00000018                                                       : ipc_notify_v1_cfg.obj (.text.IpcNotify_trigInterrupt)
                  7018e368    00000008     --HOLE-- [fill = 0]
                  7018e370    00000018     nortos.am263px.r5f.ti-arm-clang.debug.lib : SemaphoreP_nortos.obj (.text.SemaphoreP_Params_init)
                  7018e388    00000008     --HOLE-- [fill = 0]
                  7018e390    00000018                                               : TimerP_rti_priv.obj (.text.TimerP_getReloadCountPriv)
                  7018e3a8    00000008     --HOLE-- [fill = 0]
                  7018e3b0    00000018     drivers.am263px.r5f.ti-arm-clang.nortos.debug.lib : uart_v0_lld.obj (.text.UART_divisorLatchDisable)
                  7018e3c8    00000008     --HOLE-- [fill = 0]
                  7018e3d0    00000018                                                       : uart_v0_lld.obj (.text.UART_modemControlReset)
                  7018e3e8    00000008     --HOLE-- [fill = 0]
                  7018e3f0    00000018                                                       : uart_v0_lld.obj (.text.UART_putChar)
                  7018e408    00000018     libc.a : memset32.S.obj (.text:TI_memset_small)
                  7018e420    00000016     drivers.am263px.r5f.ti-arm-clang.nortos.debug.lib : ipc_notify_v1.obj (.text.IpcNotify_sendSync)
                  7018e436    0000000a     --HOLE-- [fill = 0]
                  7018e440    00000016                                                       : mcan.obj (.text.MCAN_getIntrStatus)
                  7018e456    0000000a     --HOLE-- [fill = 0]
                  7018e460    00000016     nortos.am263px.r5f.ti-arm-clang.debug.lib : TimerP_rti_priv.obj (.text.TimerP_startPriv)
                  7018e476    0000000a     --HOLE-- [fill = 0]
                  7018e480    00000016                                               : TimerP_rti_priv.obj (.text.TimerP_stopPriv)
                  7018e496    0000000a     --HOLE-- [fill = 0]
                  7018e4a0    00000016     drivers.am263px.r5f.ti-arm-clang.nortos.debug.lib : uart_v0_lld.obj (.text.UART_divideRoundCloset)
                  7018e4b6    0000000a     --HOLE-- [fill = 0]
                  7018e4c0    00000016                                                       : uart_v0_lld.obj (.text.UART_regConfModeRestore)
                  7018e4d6    0000000a     --HOLE-- [fill = 0]
                  7018e4e0    00000014                                                       : edma.obj (.text.HW_WR_REG16_RAW)
                  7018e4f4    0000000c     --HOLE-- [fill = 0]
                  7018e500    00000014                                                       : ipc_notify_v1.obj (.text.IpcNotify_mailboxClearPendingIntr)
                  7018e514    0000000c     --HOLE-- [fill = 0]
                  7018e520    00000014                                                       : soc_rcm.obj (.text.SOC_rcmGetModuleClkDivFromRegVal)
                  7018e534    0000000c     --HOLE-- [fill = 0]
                  7018e540    00000014     nortos.am263px.r5f.ti-arm-clang.debug.lib : TimerP_rti_priv.obj (.text.TimerP_clearOverflowIntPriv)
                  7018e554    0000000c     --HOLE-- [fill = 0]
                  7018e560    00000014                                               : TimerP_rti_nortos.obj (.text.TimerP_setup)
                  7018e574    0000000c     --HOLE-- [fill = 0]
                  7018e580    00000014     ti_dpl_config.o (.text.putchar_)
                  7018e594    0000000c     --HOLE-- [fill = 0]
                  7018e5a0    00000012     ti_pinmux_config.o (.text.Pinmux_init)
                  7018e5b2    0000000e     --HOLE-- [fill = 0]
                  7018e5c0    00000012     gateway_shared.o (.text.gateway_check_emergency_stop)
                  7018e5d2    0000000e     --HOLE-- [fill = 0]
                  7018e5e0    00000012     imu_protocol_handler.o (.text.imu_initialize)
                  7018e5f2    0000000e     --HOLE-- [fill = 0]
                  7018e600    00000012     imu_interface_isr.o (.text.imu_uart_is_initialized)
                  7018e612    0000000e     --HOLE-- [fill = 0]
                  7018e620    00000012     yis320_protocol.o (.text.yis320_get_timestamp_ms)
                  7018e632    0000000e     --HOLE-- [fill = 0]
                  7018e640    00000010     can_interface.o (.text.CSL_REG32_WR_RAW)
                  7018e650    00000010     drivers.am263px.r5f.ti-arm-clang.nortos.debug.lib : pinmux.obj (.text.CSL_REG32_WR_RAW)
                  7018e660    00000010                                                       : soc.obj (.text.CSL_REG32_WR_RAW)
                  7018e670    00000010     ti_drivers_config.o (.text.CSL_REG32_WR_RAW)
                  7018e680    00000010     nortos.am263px.r5f.ti-arm-clang.debug.lib : ClockP_nortos_r5.obj (.text.ClockP_getTimerCount)
                  7018e690    00000010                                               : ClockP_nortos_r5.obj (.text.ClockP_timerClearOverflowInt)
                  7018e6a0    00000010     drivers.am263px.r5f.ti-arm-clang.nortos.debug.lib : edma.obj (.text.HW_RD_REG32_RAW)
                  7018e6b0    00000010                                                       : mcan.obj (.text.HW_RD_REG32_RAW)
                  7018e6c0    00000010                                                       : uart_v0_lld.obj (.text.HW_RD_REG32_RAW)
                  7018e6d0    00000010                                                       : edma.obj (.text.HW_WR_REG32_RAW)
                  7018e6e0    00000010                                                       : mcan.obj (.text.HW_WR_REG32_RAW)
                  7018e6f0    00000010                                                       : uart_v0_lld.obj (.text.HW_WR_REG32_RAW)
                  7018e700    00000010                                                       : ipc_notify_v1.obj (.text.IpcNotify_mailboxGetPendingIntr)
                  7018e710    00000010     nortos.am263px.r5f.ti-arm-clang.debug.lib : TimerP_rti_nortos.obj (.text.TimerP_Params_init)
                  7018e720    00000010                                               : TimerP_rti_nortos.obj (.text.TimerP_clearOverflowInt)
                  7018e730    00000010                                               : TimerP_rti_nortos.obj (.text.TimerP_getCount)
                  7018e740    00000010                                               : TimerP_rti_nortos.obj (.text.TimerP_getReloadCount)
                  7018e750    00000010                                               : TimerP_rti_nortos.obj (.text.TimerP_start)
                  7018e760    00000010                                               : printf.obj (.text._out_null)
                  7018e770    00000010     gateway_shared.o (.text.gateway_notify_imu_ready)
                  7018e780    00000010     gateway_shared.o (.text.gateway_notify_states_ready)
                  7018e790    0000000e     yis320_protocol.o (.text.yis320_uart_configure)
                  7018e79e    00000002     --HOLE-- [fill = 0]
                  7018e7a0    0000000c     ti_board_open_close.o (.text.Board_driversOpen)
                  7018e7ac    00000004     --HOLE-- [fill = 0]
                  7018e7b0    0000000c     nortos.am263px.r5f.ti-arm-clang.debug.lib : ClockP_nortos.obj (.text.ClockP_getTicks)
                  7018e7bc    00000004     --HOLE-- [fill = 0]
                  7018e7c0    0000000c     ti_drivers_open_close.o (.text.Drivers_open)
                  7018e7cc    00000004     --HOLE-- [fill = 0]
                  7018e7d0    0000000c     ti_power_clock_config.o (.text.PowerClock_init)
                  7018e7dc    00000004     --HOLE-- [fill = 0]
                  7018e7e0    0000000c     yis320_protocol.o (.text.vtable_read_data)
                  7018e7ec    00000004     --HOLE-- [fill = 0]
                  7018e7f0    0000000a     nortos.am263px.r5f.ti-arm-clang.debug.lib : HwiP_armv7r_vim.obj (.text.Hwip_dataAndInstructionBarrier)
                  7018e7fa    00000006     --HOLE-- [fill = 0]
                  7018e800    0000000a     drivers.am263px.r5f.ti-arm-clang.nortos.debug.lib : ipc_notify_v1.obj (.text.IpcNotify_dataAndInstructionBarrier)
                  7018e80a    00000006     --HOLE-- [fill = 0]
                  7018e810    0000000a                                                       : soc_rcm.obj (.text.SOC_rcmGetBaseAddressMSSRCM)
                  7018e81a    00000006     --HOLE-- [fill = 0]
                  7018e820    0000000a                                                       : uart_dma_edma.obj (.text.UART_edmaDoNothing)
                  7018e82a    00000006     --HOLE-- [fill = 0]
                  7018e830    0000000a     gateway_shared.o (.text.gateway_memory_barrier)
                  7018e83a    00000006     --HOLE-- [fill = 0]
                  7018e840    0000000a     gateway_shared.o (.text.ringbuf_get_ptr)
                  7018e84a    00000006     --HOLE-- [fill = 0]
                  7018e850    00000008     ti_drivers_config.o (.text.Drivers_uartInit)
                  7018e858    00000008     --HOLE-- [fill = 0]
                  7018e860    00000008     drivers.am263px.r5f.ti-arm-clang.nortos.debug.lib : soc_rcm.obj (.text.SOC_rcmGetBaseAddressMSSCTRL)
                  7018e868    00000008     --HOLE-- [fill = 0]
                  7018e870    00000008                                                       : soc_rcm.obj (.text.SOC_rcmGetBaseAddressTOPRCM)
                  7018e878    00000008     --HOLE-- [fill = 0]
                  7018e880    00000008     nortos.am263px.r5f.ti-arm-clang.debug.lib : SemaphoreP_nortos.obj (.text.SemaphoreP_destruct)
                  7018e888    00000008     --HOLE-- [fill = 0]
                  7018e890    00000002     ti_board_open_close.o (.text.Board_driversClose)
                  7018e892    0000000e     --HOLE-- [fill = 0]
                  7018e8a0    00000002     ti_board_config.o (.text.Board_init)
                  7018e8a2    0000000e     --HOLE-- [fill = 0]
                  7018e8b0    00000002     ti_drivers_open_close.o (.text.Drivers_mcanOpen)
                  7018e8b2    0000000e     --HOLE-- [fill = 0]
                  7018e8c0    00000002     drivers.am263px.r5f.ti-arm-clang.nortos.debug.lib : ipc_notify_v1_cfg.obj (.text.IpcNotify_wait)
                  7018e8c2    0000000e     --HOLE-- [fill = 0]
                  7018e8d0    00000002     nortos.am263px.r5f.ti-arm-clang.debug.lib : TaskP_nortos.obj (.text.TaskP_yield)
                  7018e8d2    0000000e     --HOLE-- [fill = 0]

.rodata    0    7018e8e0    000023b0     
                  7018e8e0    00000450     motor_mapping.o (.rodata.motor_config_table)
                  7018ed30    00000084     ti_dpl_config.o (.rodata.cfg)
                  7018edb4    00000004     nortos.am263px.r5f.ti-arm-clang.debug.lib : CacheP_armv7r.obj (.rodata.gCacheL1dCacheLineSize)
                  7018edb8    00000050                                               : printf.obj (.rodata._ftoa.pow10)
                  7018ee08    0000004f     main.o (.rodata.str1.15996357275703397564.1)
                  7018ee57    0000004d     gateway_shared.o (.rodata.str1.3223734256326991069.1)
                  7018eea4    0000004c     main.o (.rodata.str1.10224226614597680209.1)
                  7018eef0    0000004c     main.o (.rodata.str1.2597068879322958637.1)
                  7018ef3c    0000004a     main.o (.rodata.str1.2624144126699937905.1)
                  7018ef86    00000049     can_interface.o (.rodata.str1.17102373369105828453.1)
                  7018efcf    00000001     --HOLE-- [fill = 0]
                  7018efd0    00000048     drivers.am263px.r5f.ti-arm-clang.nortos.debug.lib : soc_rcm.obj (.rodata.gADPLLJConfigTbl)
                  7018f018    00000048     main.o (.rodata.str1.14712910685067215323.1)
                  7018f060    00000045     can_interface.o (.rodata.str1.17857559882412085052.1)
                  7018f0a5    00000045     main.o (.rodata.str1.2563708670032483588.1)
                  7018f0ea    00000043     main.o (.rodata.str1.10313062130652730376.1)
                  7018f12d    00000042     main.o (.rodata.str1.11321157723316767883.1)
                  7018f16f    00000042     main.o (.rodata.str1.11702106008850790973.1)
                  7018f1b1    00000041     main.o (.rodata.str1.16265332423659789559.1)
                  7018f1f2    00000002     drivers.am263px.r5f.ti-arm-clang.nortos.debug.lib : soc_rcm.obj (.rodata.gCR5ClkSrcInfoMap)
                  7018f1f4    00000040                                                       : mcan.obj (.rodata.gDataSize)
                  7018f234    00000040                                                       : ipc_notify_v1.obj (.rodata.str1.10118846006578224169.1)
                  7018f274    00000040     main.o (.rodata.str1.13030671760666898970.1)
                  7018f2b4    00000040     gateway_shared.o (.rodata.str1.1309647279537151951.1)
                  7018f2f4    0000003f     main.o (.rodata.str1.16302215771116645891.1)
                  7018f333    0000003e     imu_interface_isr.o (.rodata.str1.2252785669688110604.1)
                  7018f371    0000003d     nortos.am263px.r5f.ti-arm-clang.debug.lib : TimerP_rti_priv.obj (.rodata.str1.11388379688747141303.1)
                  7018f3ae    0000003d     main.o (.rodata.str1.13782249893155712474.1)
                  7018f3eb    0000003d     main.o (.rodata.str1.4787932902692149498.1)
                  7018f428    0000003c     main.o (.rodata.str1.8108965883388295311.1)
                  7018f464    0000003b     can_interface.o (.rodata.str1.15146467347084621569.1)
                  7018f49f    00000039     can_interface.o (.rodata.str1.13886886582160776261.1)
                  7018f4d8    00000039     can_interface.o (.rodata.str1.13942422985958650841.1)
                  7018f511    00000039     can_interface.o (.rodata.str1.2569929632086669665.1)
                  7018f54a    00000038     gateway_shared.o (.rodata.str1.8694082244888993162.1)
                  7018f582    00000038     imu_interface_isr.o (.rodata.str1.9168798226845388136.1)
                  7018f5ba    00000037     gateway_shared.o (.rodata.str1.10638658715010209595.1)
                  7018f5f1    00000037     main.o (.rodata.str1.3530083166107438000.1)
                  7018f628    00000037     can_interface.o (.rodata.str1.5571669369711139161.1)
                  7018f65f    00000037     gateway_shared.o (.rodata.str1.5629998949668554045.1)
                  7018f696    00000036     imu_interface_isr.o (.rodata.str1.13916086747295221358.1)
                  7018f6cc    00000036     can_interface.o (.rodata.str1.16770118065840302171.1)
                  7018f702    00000036     can_interface.o (.rodata.str1.6531933829109918715.1)
                  7018f738    00000035     main.o (.rodata.str1.16631870348416990953.1)
                  7018f76d    00000035     can_interface.o (.rodata.str1.2296911319530636772.1)
                  7018f7a2    00000035     can_interface.o (.rodata.str1.6692020027550076815.1)
                  7018f7d7    00000035     ti_drivers_open_close.o (.rodata.str1.871795152488895636.1)
                  7018f80c    00000035     main.o (.rodata.str1.9059077390166914652.1)
                  7018f841    00000034     main.o (.rodata.str1.10720410773482754683.1)
                  7018f875    00000034     main.o (.rodata.str1.13288086030101331538.1)
                  7018f8a9    00000034     main.o (.rodata.str1.14112174005742061988.1)
                  7018f8dd    00000034     main.o (.rodata.str1.17376258722486336754.1)
                  7018f911    00000034     main.o (.rodata.str1.18092426736022315238.1)
                  7018f945    00000034     main.o (.rodata.str1.6891813955777630061.1)
                  7018f979    00000033     main.o (.rodata.str1.11121730273200050387.1)
                  7018f9ac    00000033     can_interface.o (.rodata.str1.11434220007320834734.1)
                  7018f9df    00000033     main.o (.rodata.str1.11822182024223342093.1)
                  7018fa12    00000033     can_interface.o (.rodata.str1.1525376828482709340.1)
                  7018fa45    00000033     main.o (.rodata.str1.403738606202455663.1)
                  7018fa78    00000032     can_interface.o (.rodata.str1.15906871730334742222.1)
                  7018faaa    00000031     can_interface.o (.rodata.str1.4211222669969280216.1)
                  7018fadb    00000031     gateway_shared.o (.rodata.str1.6121471336334202706.1)
                  7018fb0c    00000031     motor_mapping.o (.rodata.str1.8787205977826144616.1)
                  7018fb3d    00000030     can_interface.o (.rodata.str1.10130696897761414469.1)
                  7018fb6d    00000030     can_interface.o (.rodata.str1.2167712102046818855.1)
                  7018fb9d    00000030     imu_interface_isr.o (.rodata.str1.4417852805959727765.1)
                  7018fbcd    00000030     main.o (.rodata.str1.8154729771448623357.1)
                  7018fbfd    00000030     main.o (.rodata.str1.8828068777338075035.1)
                  7018fc2d    0000002f     main.o (.rodata.str1.11870794119293528247.1)
                  7018fc5c    0000002f     can_interface.o (.rodata.str1.15094798983471906066.1)
                  7018fc8b    0000002f     gateway_shared.o (.rodata.str1.3129942817937968154.1)
                  7018fcba    0000002f     main.o (.rodata.str1.6554448696319176064.1)
                  7018fce9    0000002f     drivers.am263px.r5f.ti-arm-clang.nortos.debug.lib : ipc_notify_v1.obj (.rodata.str1.9418228565027791152.1)
                  7018fd18    0000002e     can_interface.o (.rodata.str1.11024350005305706282.1)
                  7018fd46    0000002e     gateway_shared.o (.rodata.str1.11051107022181534624.1)
                  7018fd74    0000002e     main.o (.rodata.str1.14079361385603432444.1)
                  7018fda2    0000002e     main.o (.rodata.str1.7996925722583989644.1)
                  7018fdd0    0000002e     gateway_shared.o (.rodata.str1.9859227269409816370.1)
                  7018fdfe    0000002d     main.o (.rodata.str1.14466178792657420020.1)
                  7018fe2b    0000002d     can_interface.o (.rodata.str1.14845445665763636722.1)
                  7018fe58    0000002d     can_interface.o (.rodata.str1.150960857071891705.1)
                  7018fe85    0000002d     main.o (.rodata.str1.5043408953494467246.1)
                  7018feb2    0000002d     can_interface.o (.rodata.str1.6401568125276999251.1)
                  7018fedf    0000002d     main.o (.rodata.str1.6976963560179378225.1)
                  7018ff0c    0000002c     can_interface.o (.rodata.str1.2401924719955226879.1)
                  7018ff38    0000002c     main.o (.rodata.str1.2763581881760962609.1)
                  7018ff64    0000002c     gateway_shared.o (.rodata.str1.7167262159681625771.1)
                  7018ff90    0000002b     can_interface.o (.rodata.str1.14406550278730177052.1)
                  7018ffbb    0000002b     main.o (.rodata.str1.18227636981041470289.1)
                  7018ffe6    0000002b     can_interface.o (.rodata.str1.3858671167962548137.1)
                  70190011    0000002a     can_interface.o (.rodata.str1.17855712168153945246.1)
                  7019003b    0000002a     nortos.am263px.r5f.ti-arm-clang.debug.lib : DebugP_log.obj (.rodata.str1.227947788441500939.1)
                  70190065    0000002a     main.o (.rodata.str1.2846389346932560359.1)
                  7019008f    0000002a     main.o (.rodata.str1.8096991282711418442.1)
                  701900b9    00000029     imu_interface_isr.o (.rodata.str1.15503275091179387347.1)
                  701900e2    00000029     main.o (.rodata.str1.16709704744796600189.1)
                  7019010b    00000029     can_interface.o (.rodata.str1.357542981605220142.1)
                  70190134    00000029     main.o (.rodata.str1.39260288392874984.1)
                  7019015d    00000029     can_interface.o (.rodata.str1.6910353934698693424.1)
                  70190186    00000029     can_interface.o (.rodata.str1.7679921882182829519.1)
                  701901af    00000029     main.o (.rodata.str1.8076846746581808073.1)
                  701901d8    00000028     main.o (.rodata.str1.1311392489248731986.1)
                  70190200    00000028     main.o (.rodata.str1.15159059442110792349.1)
                  70190228    00000027     nortos.am263px.r5f.ti-arm-clang.debug.lib : ClockP_nortos_r5.obj (.rodata.str1.12743090444791882666.1)
                  7019024f    00000027     main.o (.rodata.str1.17045314124001216156.1)
                  70190276    00000027     main.o (.rodata.str1.7784929982665794503.1)
                  7019029d    00000026     can_interface.o (.rodata.str1.10186677634541030339.1)
                  701902c3    00000026     can_interface.o (.rodata.str1.13538652865395202372.1)
                  701902e9    00000026     gateway_shared.o (.rodata.str1.17046880449980016103.1)
                  7019030f    00000026     gateway_shared.o (.rodata.str1.5761821093615868877.1)
                  70190335    00000025     main.o (.rodata.str1.10635229749459437609.1)
                  7019035a    00000025     main.o (.rodata.str1.2123964117280943167.1)
                  7019037f    00000024     main.o (.rodata.str1.11777244287787065045.1)
                  701903a3    00000024     can_interface.o (.rodata.str1.14428574951410983152.1)
                  701903c7    00000024     can_interface.o (.rodata.str1.17339864536769639315.1)
                  701903eb    00000024     imu_interface_isr.o (.rodata.str1.6306445455767916371.1)
                  7019040f    00000024     main.o (.rodata.str1.7702501944640899365.1)
                  70190433    00000023     drivers.am263px.r5f.ti-arm-clang.nortos.debug.lib : soc_rcm.obj (.rodata.str1.2078190104202520215.1)
                  70190456    00000023     nortos.am263px.r5f.ti-arm-clang.debug.lib : ClockP_nortos_r5.obj (.rodata.str1.7689125538912326484.1)
                  70190479    00000022     drivers.am263px.r5f.ti-arm-clang.nortos.debug.lib : edma.obj (.rodata.str1.12976018205622752890.1)
                  7019049b    00000021     can_interface.o (.rodata.str1.12573338884863454617.1)
                  701904bc    00000021     nortos.am263px.r5f.ti-arm-clang.debug.lib : ClockP_nortos_r5.obj (.rodata.str1.8559540482768925367.1)
                  701904dd    00000003     can_interface.o (.rodata.str1.15257894921296593044.1)
                  701904e0    00000020     drivers.am263px.r5f.ti-arm-clang.nortos.debug.lib : mcan.obj (.rodata.gMsgObjSize)
                  70190500    00000020     can_interface.o (.rodata.g_mcan_base_addr)
                  70190520    00000020     can_interface.o (.rodata.g_mcan_intr_num)
                  70190540    00000020     main.o (.rodata.str1.14402440632258215044.1)
                  70190560    00000020     drivers.am263px.r5f.ti-arm-clang.nortos.debug.lib : uart_v0.obj (.rodata.str1.16594507886308206351.1)
                  70190580    00000020                                                       : ipc_notify_v1.obj (.rodata.str1.2046905611612007019.1)
                  701905a0    0000001f     can_interface.o (.rodata.str1.14695538922052102695.1)
                  701905bf    0000001f     nortos.am263px.r5f.ti-arm-clang.debug.lib : ClockP_nortos_r5.obj (.rodata.str1.2746619892315392655.1)
                  701905de    0000001e     drivers.am263px.r5f.ti-arm-clang.nortos.debug.lib : ipc_notify_v1.obj (.rodata.str1.16593710740832512674.1)
[...]


GLOBAL SYMBOLS: SORTED BY Symbol Address 

address   name                                 
-------   ----                                 
00000000  __TI_ATRegion0_region_sz             
00000000  __TI_ATRegion0_src_addr              
00000000  __TI_ATRegion0_trg_addr              
00000000  __TI_ATRegion1_region_sz             
00000000  __TI_ATRegion1_src_addr              
00000000  __TI_ATRegion1_trg_addr              
00000000  __TI_ATRegion2_region_sz             
00000000  __TI_ATRegion2_src_addr              
00000000  __TI_ATRegion2_trg_addr              
00000000  __TI_static_base__                   
00000000  _vectors                             
00000100  __ABORT_STACK_SIZE                   
00000100  __FIQ_STACK_SIZE                     
00000100  __IRQ_STACK_SIZE                     
00000100  __UNDEFINED_STACK_SIZE               
00001000  __SVC_STACK_SIZE                     
00004000  __STACK_SIZE                         
70180a34  __aeabi_memclr                       
70180a34  __aeabi_memclr4                      
70180a34  __aeabi_memclr8                      
701810b8  C$$EXIT                              
701810b8  HOSTexit                             
701810c1  SOC_rcmEnablePeripheralClock         
701816f8  __aeabi_ldiv0                        
701816fc  __aeabi_memcpy                       
701816fc  __aeabi_memcpy4                      
701816fc  __aeabi_memcpy8                      
70181ce4  CSL_armR5ReadMpidrReg                
701825a4  __aeabi_memmove                      
701825a4  __aeabi_memmove4                     
701825a4  __aeabi_memmove8                     
701825b1  UART_open                            
701829b1  IpcNotify_init                       
701837f1  SOC_virtToPhy                        
70183b01  motor_mapping_init_core1             
70183e01  MCAN_msgRAMConfig                    
70184c51  UART_lld_dmaDeInit                   
70184e81  IpcNotify_isr                        
701850b1  CAN_TransmitBatch                    
701852c1  TimerP_setupPriv                     
701854a1  UART_lld_dmaWrite                    
70185801  UART_close                           
70185b61  UART_lld_controllerIsr               
70185d01  CAN_StartRxInterrupts                
70186021  MCAN_calcMsgRamParamsStartAddr       
701861b1  EDMA_unregisterIntr                  
70186321  SOC_controlModuleUnlockMMR           
70186481  UART_lld_initDma                     
701865e1  DebugP_shmLogWriterPutChar           
701869d1  MCAN_setBitTime                      
70186b21  imu_uart_isr_init                    
70186c71  CAN_Init                             
70186ef1  MCAN_readMsgRam                      
70187171  ClockP_init                          
701872b1  UART_procLineStatusErr               
701873f1  EDMA_registerIntr                    
70187531  MCAN_init                            
70187671  UART_lld_init                        
701877a1  MCAN_config                          
701878d1  SOC_controlModuleLockMMR             
70187a01  SOC_rcmGetPeripheralClockFrequency   
70187c41  DebugP_shmLogWriterPutLine           
70187d61  UART_lld_dmaRead                     
70187e7c  __udivmoddi4                         
70188411  IpcNotify_sendMsg                    
70188631  GPIO_init                            
70188741  SemaphoreP_pend                      
70188851  gateway_ringbuf_read                 
70188a51  gateway_write_motor_config           
70188d21  EDMA_freeChannelRegion               
70188e11  EDMA_freeParam                       
70188f01  EDMA_freeDmaChannel                  
70188fe1  EDMA_freeTcc                         
701890c1  UART_intrEnable                      
701891a1  UART_intrDisable                     
70189281  AddrTranslateP_getLocalAddr          
70189351  EDMA_disableChInShadowRegRegion      
70189421  EDMA_enableChInShadowRegRegion       
701894f1  EDMA_mapChToEvtQ                     
701895c1  EDMA_configureChannelRegion          
70189741  UART_flushTxFifo                     
701898c1  ClockP_timerTickIsr                  
70189981  TimerP_init                          
70189a41  ClockP_stop                          
70189b01  IpcNotify_waitSync                   
70189bc1  gateway_write_motor_states           
70189c81  CycleCounterP_init                   
70189ca1  CycleCounterP_reset                  
70189cf1  CycleCounterP_nsToTicks              
70189d31  CycleCounterP_enableUserAccess       
70189d41  MCAN_writeMsgRam                     
70189df1  SOC_rcmSetPeripheralClock            
70189ea1  UART_init                            
7018a0b1  gateway_core1_wait_for_ready         
7018a211  ClockP_destruct                      
7018a2c1  Drivers_uartOpen                     
7018a411  gateway_core1_ipc_callback           
7018a5f1  imu_uart_read                        
7018a691  IpcNotify_registerClient             
7018a7d1  ClockP_getTimeUsec                   
7018a871  EDMA_unmapChToEvtQ                   
7018a911  float_to_uint                        
7018a9b1  yis320_convert_to_ipc                
7018aa51  EDMA_disableTransferRegion           
7018aae1  EDMA_enableTransferRegion            
7018ac91  UART_lld_flushTxFifo                 
7018adb1  EDMA_allocDmaChannel                 
7018ae41  EDMA_allocParam                      
7018aed1  EDMA_allocTcc                        
7018b081  IpcNotify_syncAll                    
7018b111  imu_protocol_manager_init            
7018b1a1  MCAN_addStdMsgIDFilter               
7018b2a1  System_init                          
7018b3a1  _DebugP_assert                       
7018b421  gateway_ringbuf_core1_init           
7018b521  UART_Params_init                     
7018b5a1  EDMA_linkChannel                     
7018b6a1  ClockP_usleep                        
7018b721  EDMA_clrMissEvtRegion                
7018b901  EDMA_getBaseAddr                     
7018b9e1  imu_protocol_get_state               
7018ba51  SOC_rcmGetR5Clock                    
7018bac1  SOC_rcmIsR5FInLockStepMode           
7018bba1  UART_lld_deInitDma                   
7018bc11  imu_protocol_process_uart_rx         
7018bc81  MCAN_enableIntr                      
7018bcf1  MCAN_initTxBufElement                
7018bdd1  SemaphoreP_post                      
7018be41  MCAN_selectIntrLine                  
7018bea1  UART_getChar                         
7018bf61  yis320_protocol_handler_init         
7018bfc1  Module_clockSetFrequency             
7018c021  UART_lld_deInit                      
7018c2c1  gateway_write_imu_state              
7018c321  uint16_to_float                      
7018c3e1  Dpl_init                             
7018c441  EDMA_setPaRAM                        
7018c501  main                                 
7018c554  __TI_auto_init_nobinit_nopinit       
7018c5b1  Drivers_uartClose                    
7018c601  Pinmux_config                        
7018c651  UART_checkCharsAvailInFifo           
7018c6a1  DebugP_shmLogWriterInit              
7018c6f1  EDMA_clrEvtRegion                    
7018c741  EDMA_disableDmaEvtRegion             
7018c791  EDMA_disableEvtIntrRegion            
7018c7e1  EDMA_enableDmaEvtRegion              
7018c831  EDMA_enableEvtIntrRegion             
7018c881  EDMA_setEvtRegion                    
7018c8d1  GPIO_setDirMode                      
7018c921  MCAN_enableIntrLine                  
7018c971  ClockP_construct                     
7018c9c1  EDMA_ccPaRAMEntry_init               
7018ca11  EDMA_mapQdmaChToPaRAM                
7018ca61  EDMA_readEventStatusRegion           
7018cab1  IpcNotify_unregisterClient           
7018cb01  Module_clockEnable                   
7018cb51  gateway_update_stat                  
7018cb9c  memmove                              
7018cc41  timerISR                             
7018cc91  IpcNotify_Params_init                
7018cd31  UART_getIntrIdentityStatus           
7018ce21  CAN_RegisterRxCallback               
7018cf11  UART_readLineStatus                  
7018cf61  imu_protocol_handler_init            
7018d0a1  SemaphoreP_construct                 
7018d0f1  _DebugP_logZone                      
7018d191  ClockP_start                         
7018d231  imu_protocol_update_state            
7018d2f1  UART_spaceAvail                      
7018d331  gateway_core1_init                   
7018d371  gateway_update_heartbeat             
7018d3f1  UART_IsTxRxFifoEmpty                 
7018d471  MCAN_txBufAddReq                     
7018d4b1  SOC_moduleSetClockFrequency          
7018d571  snprintf_                            
7018d5b1  SOC_getCoreName                      
7018d5e8  CycleCounterP_getCount32             
7018d5f0  PmuP_setup                           
7018d5f8  PmuP_enableCounters                  
7018d600  PmuP_disableCounters                 
7018d608  PmuP_getOverflowStatus               
7018d610  PmuP_clearOverflowStatus             
7018d618  PmuP_setUserEnable                   
7018d661  EDMA_getRegionId                     
7018d721  IpcNotify_syncCallback               
7018d7a1  MCAN_calcCfgAddr                     
7018d821  TimerP_Params_initPriv               
7018d8a1  motor_get_config                     
7018d9a1  TimerP_getCountPriv                  
7018dac1  gateway_signal_motor_config_ready    
7018daf1  UART_lld_dmaInit                     
7018db51  DebugP_logZoneEnable                 
7018dbb1  MCAN_clearNewDataStatus              
7018dbe1  MCAN_getNewDataStatus                
7018dc11  SemaphoreP_constructBinary           
7018dca1  UART_intr2Disable                    
7018dcd1  UART_operatingModeSelect             
7018dd31  CSL_armR5GetCpuID                    
7018dd61  vprintf_                             
7018dd91  EDMA_disableQdmaEvtRegion            
7018ddc1  EDMA_enableQdmaEvtRegion             
7018de21  IpcNotify_allocSwQueue               
7018de81  IpcNotify_getConfig                  
7018deb1  SemaphoreP_constructMutex            
7018df71  UART_getBaseAddr                     
7018df94  __aeabi_uldivmod                     
7018dff1  EDMA_channelToParamMap               
7018e021  gateway_ringbuf_core1_receive        
7018e051  ClockP_isActive                      
7018e071  ClockP_usecToTicks                   
7018e0d1  ClockP_Params_init                   
7018e0f1  EDMA_getEventStatusHigh              
7018e111  MCAN_setOpMode                       
7018e131  SOC_getSelfCpuClk                    
7018e151  SOC_moduleClockEnable                
7018e171  TimerP_isr0                          
7018e1b1  UART_lld_Transaction_deInit          
7018e1d1  EDMA_getEventStatus                  
7018e24c  TI_memcpy_small                      
7018e271  MCAN_clearIntrStatus                 
7018e291  MCAN_getOpMode                       
7018e2f1  ClockP_ticksToUsec                   
7018e311  EDMA_isInterruptEnabled              
7018e351  IpcNotify_trigInterrupt              
7018e371  SemaphoreP_Params_init               
7018e391  TimerP_getReloadCountPriv            
7018e3f1  UART_putChar                         
7018e408  TI_memset_small                      
7018e421  IpcNotify_sendSync                   
7018e441  MCAN_getIntrStatus                   
7018e461  TimerP_startPriv                     
7018e481  TimerP_stopPriv                      
7018e541  TimerP_clearOverflowIntPriv          
7018e561  TimerP_setup                         
7018e581  putchar_                             
7018e5a1  Pinmux_init                          
7018e5c1  gateway_check_emergency_stop         
7018e601  imu_uart_is_initialized              
7018e621  yis320_get_timestamp_ms              
7018e681  ClockP_getTimerCount                 
7018e691  ClockP_timerClearOverflowInt         
7018e711  TimerP_Params_init                   
7018e721  TimerP_clearOverflowInt              
7018e731  TimerP_getCount                      
7018e741  TimerP_getReloadCount                
7018e751  TimerP_start                         
7018e771  gateway_notify_imu_ready             
7018e781  gateway_notify_states_ready          
7018e791  yis320_uart_configure                
7018e7a1  Board_driversOpen                    
7018e7b1  ClockP_getTicks                      
7018e7c1  Drivers_open                         
7018e7d1  PowerClock_init                      
7018e851  Drivers_uartInit                     
7018e881  SemaphoreP_destruct                  
7018e891  Board_driversClose                   
7018e8a1  Board_init                           
7018e8b1  Drivers_mcanOpen                     
7018e8c1  IpcNotify_wait                       
7018e8d1  TaskP_yield                          
7018ed30  gCacheConfig                         
7018ed38  gMpuConfig                           
7018ed44  gMpuRegionConfig                     
7018edb4  gCacheL1dCacheLineSize               
7018efd0  gADPLLJConfigTbl                     
7018f1f2  gCR5ClkSrcInfoMap                    
7019088c  gPeripheralClkSrcInfoMap             
70190c2c  gXTALInfo                            
70190c80  gCacheL1pCacheLineSize               
70190c90  __BSS_START                          
70191810  gHwiCtrl                             
7019201c  g_yis320_private_data                
70192424  g_motor_lookup                       
70193090  gIpcNotifyCtrl                       
701932fc  gTimerBaseAddr                       
70193300  gClockCtrl                           
70193320  virtToPhymap                         
70193344  gTimerHwiObj                         
70193348  gUartHandle                          
70193350  __BSS_END                            
70193350  __stack                              
70197350  __STACK_END                          
70197351  HwiP_enableInt                       
70197391  HwiP_disableInt                      
701973f1  HwiP_restoreInt                      
70197421  HwiP_clearInt                        
70197461  HwiP_post                            
701974a1  HwiP_Params_init                     
701974d1  HwiP_construct                       
701976c1  HwiP_destruct                        
70197731  HwiP_init                            
701978e1  HwiP_inISR                           
70197911  HwiP_setVimIrqPriMaskNonAtomic       
70197961  HwiP_setVimIrqPriMaskAtomic          
70197a01  HwiP_restoreVimIrqPriMask            
70197a11  HwiP_irq_handler_c                   
70197bb1  HwiP_fiq_handler                     
70197d11  HwiP_reserved_handler                
70197d51  HwiP_undefined_handler_c             
70197d71  HwiP_user_undefined_handler_c        
70197d91  HwiP_svc_handler                     
70197dd1  HwiP_prefetch_abort_handler_c        
70197e71  HwiP_user_prefetch_abort_handler_c   
70197eb1  HwiP_data_abort_handler_c            
70197f71  HwiP_user_data_abort_handler_c       
70197fac  HwiP_irq_handler                     
70198020  HwiP_data_abort_handler              
70198064  HwiP_prefetch_abort_handler          
701980b0  HwiP_undefined_handler               
701980e0  GET_DFSR                             
701980e8  GET_ADFSR                            
701980f0  GET_DFAR                             
701980f8  GET_IFSR                             
70198100  GET_AIFSR                            
70198108  GET_IFAR                             
70198110  GET_SPSR                             
70198128  HwiP_disable                         
70198138  HwiP_disableFIQ                      
70198148  HwiP_enable                          
70198158  HwiP_enableFIQ                       
70198168  HwiP_restore                         
70198170  HwiP_enableVIC                       
70198180  HwiP_disableVIC                      
70198190  HwiP_getCPSR                         
701981a0  CacheP_disableL1d                    
701981c8  CacheP_disableL1p                    
701981e0  CacheP_enableL1d                     
701981f8  CacheP_enableL1p                     
70198210  CacheP_invL1d                        
70198248  CacheP_invL1p                        
70198284  CacheP_invL1dAll                     
7019828c  CacheP_invL1pAll                     
70198294  CacheP_wb                            
701982d0  CacheP_wbInv                         
7019830c  CacheP_wbAll                         
701983b4  CacheP_wbInvAll                      
701983cc  CacheP_wbInvAllAsm                   
7019846c  CacheP_getEnabled                    
701984a4  CacheP_getCacheLevelInfo             
701984b0  CacheP_configForceWrThru             
701984d0  CacheP_setDLFO                       
701984e1  CacheP_init                          
70198571  CacheP_disable                       
701985c1  CacheP_enable                        
70198601  CacheP_inv                           
70198641  MpuP_getAttrs                        
701986a1  MpuP_RegionAttrs_init                
701986d1  MpuP_setRegion                       
70198761  MpuP_isEnable                        
70198771  MpuP_disable                         
701987b1  MpuP_enable                          
70198801  MpuP_init                            
701988a1  MpuP_isUserAuthorizedToAccessMemory  
70198980  MpuP_disableAsm                      
70198998  MpuP_disableBRAsm                    
701989a8  MpuP_enableAsm                       
701989c0  MpuP_enableBRAsm                     
701989d0  MpuP_isEnableAsm                     
701989e4  MpuP_setRegionAsm                    
70198a00  _c_int00_sbl                         
70198a24  _c_int00                             
70198b51  _DebugP_assertNoLog                  
70198b81  _system_pre_init                     
70198bb1  __mpu_init                           
70198bc0  abort                                
70198bc8  gEdmaConfig                          
70198bc8  gUartDmaHandle                       
70198cec  gIpcNotifyMailboxConfig              
70198ec4  gSocModulesClockFrequency            
70198f3c  gUartParams                          
70198f94  gSocModules                          
70198fd4  gClockConfig                         
70198fec  gIpcNotifyInterruptConfig_r5fss1_1   
70199018  gIpcNotifyCoreIntrBitPos             
70199038  gAddrTranslateConfig                 
7019904c  gUartConfig                          
70199060  gDebugLogZone                        
7019906c  gEdmaConfigNum                       
70199070  gHwiConfig                           
70199074  gIpcNotifyInterruptConfigNum_r5fss1_1
70199078  gUartConfigNum                       
7019907c  gUartDmaChConfig                     
701990bc  isMapAvailable                       
701990c0  __IRQ_STACK_START                    
701991c0  __FIQ_STACK_START                    
701991c0  __IRQ_STACK_END                      
701992c0  __FIQ_STACK_END                      
701992c0  __SVC_STACK_START                    
7019a2c0  __ABORT_STACK_START                  
7019a2c0  __SVC_STACK_END                      
7019a3c0  __ABORT_STACK_END                    
7019a3c0  __UNDEFINED_STACK_START              
7019a4c0  __UNDEFINED_STACK_END                
70200000  gGatewaySharedMem                    
70204d30  dbg_ipc_send_count                   
70204d34  dbg_ipc_register_count               
70204d38  dbg_imu_uart_isr_count               
70204d3c  dbg_imu_rx_byte_count                
70204d40  dbg_imu_frame_count                  
70204d44  dbg_can_rx_count                     
70204d48  dbg_can_tx_count                     
70208000  gDebugShmLog                         
ffffffff  __TI_pprof_out_hndl                  
ffffffff  __TI_prof_data_size                  
ffffffff  __TI_prof_data_start                 
ffffffff  __binit__                            
ffffffff  binit                                
UNDEFED   __TI_CINIT_Base                      
UNDEFED   __TI_CINIT_Limit                     
UNDEFED   __TI_Handler_Table_Base              
UNDEFED   __TI_Handler_Table_Limit             
UNDEFED   _system_post_cinit                   

[413 symbols]
