******************************************************************************
            TI ARM Clang Linker PC v4.0.4                      
******************************************************************************
>> Linked Sun Mar 29 17:12:25 2026

OUTPUT FILE NAME:   <ccu_ti_multi_core_realtime.out>
ENTRY POINT SYMBOL: "_vectors"  address: 00000000


MEMORY CONFIGURATION

         name            origin    length      used     unused   attr    fill
----------------------  --------  ---------  --------  --------  ----  --------
  R5F_VECS              00000000   00000040  00000040  00000000  RWIX
  R5F_TCMA              00000040   00007fc0  00000000  00007fc0  RWIX
  R5F_TCMB              00080000   00008000  00000000  00008000  RWIX
  MAILBOX_HSM           44000000   000003ce  00000000  000003ce  RWIX
  MAILBOX_R5F           44000400   000003ce  00000000  000003ce  RWIX
  FLASH                 60180000   00080000  00000000  00080000  RWIX
  OCRAM                 70100000   00040000  00019740  000268c0  RWIX
  USER_SHM_MEM          70200000   00008000  00004d30  000032d0  RWIX
  LOG_SHM_MEM           70208000   00004000  00002000  00002000  RWIX
  RTOS_NORTOS_IPC_SHM_M 72000000   00003e80  00000000  00003e80  RWIX


SEGMENT ALLOCATION MAP

run origin  load origin   length   init length attrs members
----------  ----------- ---------- ----------- ----- -------
00000000    00000000    00000040   00000040    r-x
  00000000    00000000    00000040   00000040    r-x .vectors
70100000    70100000    0000fff8   0000fff8    r-x
  70100000    70100000    0000e4a0   0000e4a0    r-x .text
  7010e4a0    7010e4a0    00001b58   00001b58    r-- .rodata
7010fff8    7010fff8    00006580   00000000    rw-
  7010fff8    7010fff8    00002580   00000000    rw- .bss
  70112578    70112578    00004000   00000000    rw- .stack
70116580    70116580    00001878   00001878    r-x
  70116580    70116580    00000e50   00000e50    r-x .text.hwi
  701173d0    701173d0    000004a0   000004a0    r-x .text.cache
  70117870    70117870    000003c0   000003c0    r-x .text.mpu
  70117c30    70117c30    000001c0   000001c0    r-x .text.boot
  70117df0    70117df0    00000008   00000008    r-x .text:abort
70117df8    70117df8    00001950   00000550    rw-
  70117df8    70117df8    00000550   00000550    rw- .data
  70118348    70118348    00000100   00000000    rw- .irqstack
  70118448    70118448    00000100   00000000    rw- .fiqstack
  70118548    70118548    00001000   00000000    rw- .svcstack
  70119548    70119548    00000100   00000000    rw- .abortstack
  70119648    70119648    00000100   00000000    rw- .undefinedstack


SECTION ALLOCATION MAP

 output                                  attributes/
section   page    origin      length       input sections
--------  ----  ----------  ----------   ----------------
.vectors   0    00000000    00000040     
                  00000000    00000040     nortos.am263px.r5f.ti-arm-clang.debug.lib : HwiP_armv7r_vectors_nortos_asm.obj (.vectors)

.text      0    70100000    0000e4a0     
                  70100000    00000a34     nortos.am263px.r5f.ti-arm-clang.debug.lib : printf.obj (.text._vsnprintf)
                  70100a34    0000000c     libclang_rt.builtins.a : aeabi_memset.S.obj (.text.__aeabi_memclr)
                  70100a40    00000678     drivers.am263px.r5f.ti-arm-clang.nortos.debug.lib : soc_rcm.obj (.text.SOC_rcmGetClkSrcAndDivReg)
                  701010b8    00000008     libsysbm.a : hostexit.c.obj (.text.HOSTexit)
                  701010c0    00000638     drivers.am263px.r5f.ti-arm-clang.nortos.debug.lib : soc_rcm.obj (.text.SOC_rcmEnablePeripheralClock)
                  701016f8    00000004     libclang_rt.builtins.a : aeabi_div0.c.obj (.text.__aeabi_ldiv0)
                  701016fc    00000004                            : aeabi_memcpy.S.obj (.text.__aeabi_memcpy)
                  70101700    000005e2     nortos.am263px.r5f.ti-arm-clang.debug.lib : printf.obj (.text._ftoa)
                  70101ce2    00000002     --HOLE-- [fill = 0]
                  70101ce4    0000000c                                               : CpuId_armv7r_asm.obj (.text)
                  70101cf0    000004b0                                               : printf.obj (.text._etoa)
                  701021a0    00000400     drivers.am263px.r5f.ti-arm-clang.nortos.debug.lib : uart_v0.obj (.text.UART_open)
                  701025a0    000003fc     yis320_protocol.o (.text.vtable_process_rx_data)
                  7010299c    00000004     libclang_rt.builtins.a : aeabi_memmove.S.obj (.text.__aeabi_memmove)
                  701029a0    000003dc     drivers.am263px.r5f.ti-arm-clang.nortos.debug.lib : ipc_notify_v1.obj (.text.IpcNotify_init)
                  70102d7c    00000004     --HOLE-- [fill = 0]
                  70102d80    00000334     imu_interface_isr.o (.text.imu_uart_isr)
                  701030b4    0000000c     --HOLE-- [fill = 0]
                  701030c0    00000302     drivers.am263px.r5f.ti-arm-clang.nortos.debug.lib : soc.obj (.text.SOC_virtToPhy)
                  701033c2    0000000e     --HOLE-- [fill = 0]
                  701033d0    000002f4     motor_mapping.o (.text.motor_mapping_init_core1)
                  701036c4    0000000c     --HOLE-- [fill = 0]
                  701036d0    000002a8     drivers.am263px.r5f.ti-arm-clang.nortos.debug.lib : mcan.obj (.text.MCAN_msgRAMConfig)
                  70103978    00000008     --HOLE-- [fill = 0]
                  70103980    0000027e                                                       : uart_dma_edma.obj (.text.UART_edmaChInit)
                  70103bfe    00000002     --HOLE-- [fill = 0]
                  70103c00    00000266     can_interface.o (.text.init_single_mcan)
                  70103e66    0000000a     --HOLE-- [fill = 0]
                  70103e70    00000250     drivers.am263px.r5f.ti-arm-clang.nortos.debug.lib : edma.obj (.text.Alloc_resource)
                  701040c0    00000248     main.o (.text.core1_init)
                  70104308    00000008     --HOLE-- [fill = 0]
                  70104310    00000242     drivers.am263px.r5f.ti-arm-clang.nortos.debug.lib : uart_v0_lld.obj (.text.UART_fifoConfig)
                  70104552    0000000e     --HOLE-- [fill = 0]
                  70104560    0000023e     nortos.am263px.r5f.ti-arm-clang.debug.lib : printf.obj (.text._ntoa_format)
                  7010479e    00000002     --HOLE-- [fill = 0]
                  701047a0    00000226     drivers.am263px.r5f.ti-arm-clang.nortos.debug.lib : uart_dma_edma.obj (.text.UART_lld_dmaDeInit)
                  701049c6    0000000a     --HOLE-- [fill = 0]
                  701049d0    00000222                                                       : ipc_notify_v1.obj (.text.IpcNotify_isr)
                  70104bf2    0000000e     --HOLE-- [fill = 0]
                  70104c00    000001fe     can_interface.o (.text.CAN_TransmitBatch)
                  70104dfe    00000002     --HOLE-- [fill = 0]
                  70104e00    000001d6     nortos.am263px.r5f.ti-arm-clang.debug.lib : TimerP_rti_priv.obj (.text.TimerP_setupPriv)
                  70104fd6    0000000a     --HOLE-- [fill = 0]
                  70104fe0    000001aa     drivers.am263px.r5f.ti-arm-clang.nortos.debug.lib : uart_dma_edma.obj (.text.UART_lld_dmaWrite)
                  7010518a    00000006     --HOLE-- [fill = 0]
                  70105190    000001a8                                                       : uart_v0.obj (.text.UART_close)
                  70105338    00000008     --HOLE-- [fill = 0]
                  70105340    00000198                                                       : uart_v0_lld.obj (.text.UART_lld_controllerIsr)
                  701054d8    00000008     --HOLE-- [fill = 0]
                  701054e0    0000018a     imu_interface_isr.o (.text.imu_uart_isr_init)
                  7010566a    00000006     --HOLE-- [fill = 0]
                  70105670    00000186     drivers.am263px.r5f.ti-arm-clang.nortos.debug.lib : mcan.obj (.text.MCAN_readMsg)
                  701057f6    0000000a     --HOLE-- [fill = 0]
                  70105800    00000184                                                       : mcan.obj (.text.MCAN_calcMsgRamParamsStartAddr)
                  70105984    0000000c     --HOLE-- [fill = 0]
                  70105990    0000017e     can_interface.o (.text.can_rx_isr)
                  70105b0e    00000002     --HOLE-- [fill = 0]
                  70105b10    00000176     main.o (.text.transmit_can_frames)
                  70105c86    0000000a     --HOLE-- [fill = 0]
                  70105c90    00000162     drivers.am263px.r5f.ti-arm-clang.nortos.debug.lib : edma.obj (.text.EDMA_unregisterIntr)
                  70105df2    0000000e     --HOLE-- [fill = 0]
                  70105e00    00000158                                                       : soc.obj (.text.SOC_controlModuleUnlockMMR)
                  70105f58    00000008     --HOLE-- [fill = 0]
                  70105f60    00000152                                                       : uart_v0_lld.obj (.text.UART_lld_initDma)
                  701060b2    0000000e     --HOLE-- [fill = 0]
                  701060c0    00000150     nortos.am263px.r5f.ti-arm-clang.debug.lib : DebugP_shmLogWriter.obj (.text.DebugP_shmLogWriterPutChar)
                  70106210    00000150     drivers.am263px.r5f.ti-arm-clang.nortos.debug.lib : mcan.obj (.text.MCAN_writeMsg)
                  70106360    00000150     imu_interface_isr.o (.text.parse_yis320_frame)
                  701064b0    0000014e     yis320_protocol.o (.text.parse_imu_frame)
                  701065fe    00000002     --HOLE-- [fill = 0]
                  70106600    0000014c     drivers.am263px.r5f.ti-arm-clang.nortos.debug.lib : mcan.obj (.text.MCAN_setBitTime)
                  7010674c    00000004     --HOLE-- [fill = 0]
                  70106750    00000140     can_interface.o (.text.CAN_Init)
                  70106890    0000013a     drivers.am263px.r5f.ti-arm-clang.nortos.debug.lib : edma.obj (.text.EDMA_isDmaChannelAllocated)
                  701069ca    00000006     --HOLE-- [fill = 0]
                  701069d0    00000138                                                       : mcan.obj (.text.MCAN_readMsgRam)
                  70106b08    00000008     --HOLE-- [fill = 0]
                  70106b10    00000138     nortos.am263px.r5f.ti-arm-clang.debug.lib : printf.obj (.text._ntoa_long_long)
                  70106c48    00000008     --HOLE-- [fill = 0]
                  70106c50    00000136                                               : ClockP_nortos_r5.obj (.text.ClockP_init)
                  70106d86    0000000a     --HOLE-- [fill = 0]
                  70106d90    00000136     drivers.am263px.r5f.ti-arm-clang.nortos.debug.lib : uart_v0_lld.obj (.text.UART_procLineStatusErr)
                  70106ec6    0000000a     --HOLE-- [fill = 0]
                  70106ed0    00000134                                                       : edma.obj (.text.EDMA_registerIntr)
                  70107004    0000000c     --HOLE-- [fill = 0]
                  70107010    00000134                                                       : mcan.obj (.text.MCAN_init)
                  70107144    0000000c     --HOLE-- [fill = 0]
                  70107150    0000012c                                                       : uart_v0_lld.obj (.text.UART_lld_init)
                  7010727c    00000004     --HOLE-- [fill = 0]
                  70107280    0000012a                                                       : mcan.obj (.text.MCAN_config)
                  701073aa    00000006     --HOLE-- [fill = 0]
                  701073b0    00000126                                                       : soc.obj (.text.SOC_controlModuleLockMMR)
                  701074d6    0000000a     --HOLE-- [fill = 0]
                  701074e0    00000120                                                       : soc_rcm.obj (.text.SOC_rcmGetPeripheralClockFrequency)
                  70107600    00000120     can_interface.o (.text.init_can_stb_gpios)
                  70107720    0000011c     nortos.am263px.r5f.ti-arm-clang.debug.lib : DebugP_shmLogWriter.obj (.text.DebugP_shmLogWriterPutLine)
                  7010783c    00000004     --HOLE-- [fill = 0]
                  70107840    0000011c     drivers.am263px.r5f.ti-arm-clang.nortos.debug.lib : uart_dma_edma.obj (.text.UART_lld_dmaRead)
                  7010795c    00000118     libclang_rt.builtins.a : udivmoddi4.S.obj (.text)
                  70107a74    0000000c     --HOLE-- [fill = 0]
                  70107a80    00000116     drivers.am263px.r5f.ti-arm-clang.nortos.debug.lib : edma.obj (.text.EDMA_isTccAllocated)
                  70107b96    0000000a     --HOLE-- [fill = 0]
                  70107ba0    00000116                                                       : uart_v0_lld.obj (.text.UART_divisorLatchWrite)
                  70107cb6    0000000a     --HOLE-- [fill = 0]
                  70107cc0    00000114     nortos.am263px.r5f.ti-arm-clang.debug.lib : printf.obj (.text._ntoa_long)
                  70107dd4    0000000c     --HOLE-- [fill = 0]
                  70107de0    0000010e     drivers.am263px.r5f.ti-arm-clang.nortos.debug.lib : soc_rcm.obj (.text.SOC_rcmADPLLJGetFOut)
                  70107eee    00000002     --HOLE-- [fill = 0]
                  70107ef0    0000010a                                                       : ipc_notify_v1.obj (.text.IpcNotify_sendMsg)
                  70107ffa    00000006     --HOLE-- [fill = 0]
                  70108000    00000104                                                       : uart_v0_lld.obj (.text.UART_configInstance)
                  70108104    0000000c     --HOLE-- [fill = 0]
                  70108110    00000102     ti_drivers_config.o (.text.GPIO_init)
                  70108212    0000000e     --HOLE-- [fill = 0]
                  70108220    00000102     nortos.am263px.r5f.ti-arm-clang.debug.lib : SemaphoreP_nortos.obj (.text.SemaphoreP_pend)
                  70108322    0000000e     --HOLE-- [fill = 0]
                  70108330    00000102     gateway_shared.o (.text.gateway_ringbuf_read)
                  70108432    0000000e     --HOLE-- [fill = 0]
                  70108440    000000f6     main.o (.text.process_can_rx)
                  70108536    0000000a     --HOLE-- [fill = 0]
                  70108540    000000f0     can_interface.o (.text.CAN_StartRxInterrupts)
                  70108630    000000ec     gateway_shared.o (.text.gateway_write_motor_config)
                  7010871c    00000004     --HOLE-- [fill = 0]
                  70108720    000000e6     drivers.am263px.r5f.ti-arm-clang.nortos.debug.lib : soc_rcm.obj (.text.SOC_rcmGetCoreFout)
                  70108806    0000000a     --HOLE-- [fill = 0]
                  70108810    000000e6                                                       : soc_rcm.obj (.text.SOC_rcmGetPerFout)
                  701088f6    0000000a     --HOLE-- [fill = 0]
                  70108900    000000e4                                                       : edma.obj (.text.EDMA_freeChannelRegion)
                  701089e4    0000000c     --HOLE-- [fill = 0]
                  701089f0    000000e2                                                       : edma.obj (.text.EDMA_freeParam)
                  70108ad2    0000000e     --HOLE-- [fill = 0]
                  70108ae0    000000e0                                                       : edma.obj (.text.EDMA_freeDmaChannel)
                  70108bc0    000000e0                                                       : edma.obj (.text.EDMA_freeTcc)
                  70108ca0    000000de                                                       : uart_v0_lld.obj (.text.UART_intrEnable)
                  70108d7e    00000002     --HOLE-- [fill = 0]
                  70108d80    000000da                                                       : uart_v0_lld.obj (.text.UART_intrDisable)
                  70108e5a    00000006     --HOLE-- [fill = 0]
                  70108e60    000000d0     nortos.am263px.r5f.ti-arm-clang.debug.lib : AddrTranslateP_32bit.obj (.text.AddrTranslateP_getLocalAddr)
                  70108f30    000000d0     main.o (.text.main_loop)
                  70109000    000000d0     imu_interface_isr.o (.text.update_imu_state_atomic)
                  701090d0    000000ce     drivers.am263px.r5f.ti-arm-clang.nortos.debug.lib : edma.obj (.text.EDMA_disableChInShadowRegRegion)
                  7010919e    00000002     --HOLE-- [fill = 0]
                  701091a0    000000cc                                                       : edma.obj (.text.EDMA_enableChInShadowRegRegion)
                  7010926c    00000004     --HOLE-- [fill = 0]
                  70109270    000000c4                                                       : edma.obj (.text.EDMA_mapChToEvtQ)
                  70109334    0000000c     --HOLE-- [fill = 0]
                  70109340    000000c0                                                       : edma.obj (.text.EDMA_configureChannelRegion)
                  70109400    000000c0                                                       : soc_rcm.obj (.text.SOC_rcmGetPerHSDivOut)
                  701094c0    000000c0                                                       : uart_v0.obj (.text.UART_flushTxFifo)
                  70109580    000000c0     nortos.am263px.r5f.ti-arm-clang.debug.lib : printf.obj (.text._out_rev)
                  70109640    000000be                                               : ClockP_nortos.obj (.text.ClockP_timerTickIsr)
                  701096fe    00000002     --HOLE-- [fill = 0]
                  70109700    000000be     ti_dpl_config.o (.text.TimerP_init)
                  701097be    00000002     --HOLE-- [fill = 0]
                  701097c0    000000ba     nortos.am263px.r5f.ti-arm-clang.debug.lib : ClockP_nortos.obj (.text.ClockP_stop)
                  7010987a    00000006     --HOLE-- [fill = 0]
                  70109880    000000ba     drivers.am263px.r5f.ti-arm-clang.nortos.debug.lib : ipc_notify_v1.obj (.text.IpcNotify_waitSync)
                  7010993a    00000006     --HOLE-- [fill = 0]
                  70109940    000000ba     gateway_shared.o (.text.gateway_write_motor_states)
                  701099fa    00000006     --HOLE-- [fill = 0]
                  70109a00    000000ba     nortos.am263px.r5f.ti-arm-clang.debug.lib : PmuP_armv7r.obj (.text.pmu)
                  70109aba    00000006     --HOLE-- [fill = 0]
                  70109ac0    000000b0     drivers.am263px.r5f.ti-arm-clang.nortos.debug.lib : mcan.obj (.text.MCAN_writeMsgRam)
                  70109b70    000000b0                                                       : soc_rcm.obj (.text.SOC_rcmSetPeripheralClock)
                  70109c20    000000b0                                                       : uart_v0.obj (.text.UART_init)
                  70109cd0    000000ae                                                       : mcan.obj (.text.MCAN_getOffsetAddr)
                  70109d7e    00000002     --HOLE-- [fill = 0]
                  70109d80    000000ac     gateway_shared.o (.text.gateway_core1_wait_for_ready)
                  70109e2c    00000004     --HOLE-- [fill = 0]
                  70109e30    000000a8     nortos.am263px.r5f.ti-arm-clang.debug.lib : ClockP_nortos.obj (.text.ClockP_addToList)
                  70109ed8    00000008     --HOLE-- [fill = 0]
                  70109ee0    000000a8                                               : ClockP_nortos.obj (.text.ClockP_destruct)
                  70109f88    00000008     --HOLE-- [fill = 0]
                  70109f90    000000a8     ti_drivers_open_close.o (.text.Drivers_uartOpen)
                  7010a038    00000008     --HOLE-- [fill = 0]
                  7010a040    000000a6     imu_interface_isr.o (.text.validate_yis320_checksum)
                  7010a0e6    0000000a     --HOLE-- [fill = 0]
                  7010a0f0    000000a0     drivers.am263px.r5f.ti-arm-clang.nortos.debug.lib : soc_rcm.obj (.text.SOC_rcmGetCoreHSDivOut)
                  7010a190    0000009e     gateway_shared.o (.text.gateway_core1_ipc_callback)
                  7010a22e    00000002     --HOLE-- [fill = 0]
                  7010a230    0000009e     yis320_protocol.o (.text.validate_checksum)
                  7010a2ce    00000002     --HOLE-- [fill = 0]
                  7010a2d0    00000098     drivers.am263px.r5f.ti-arm-clang.nortos.debug.lib : ipc_notify_v1.obj (.text.IpcNotify_registerClient)
                  7010a368    00000008     --HOLE-- [fill = 0]
                  7010a370    00000096                                                       : uart_v0_lld.obj (.text.UART_subConfigTCRTLRModeEn)
                  7010a406    0000000a     --HOLE-- [fill = 0]
                  7010a410    00000092     nortos.am263px.r5f.ti-arm-clang.debug.lib : ClockP_nortos.obj (.text.ClockP_getTimeUsec)
                  7010a4a2    0000000e     --HOLE-- [fill = 0]
                  7010a4b0    00000092     drivers.am263px.r5f.ti-arm-clang.nortos.debug.lib : edma.obj (.text.EDMA_unmapChToEvtQ)
                  7010a542    0000000e     --HOLE-- [fill = 0]
                  7010a550    00000092     yis320_protocol.o (.text.yis320_convert_to_ipc)
                  7010a5e2    0000000e     --HOLE-- [fill = 0]
                  7010a5f0    0000008c     drivers.am263px.r5f.ti-arm-clang.nortos.debug.lib : edma.obj (.text.EDMA_disableTransferRegion)
                  7010a67c    00000004     --HOLE-- [fill = 0]
                  7010a680    0000008c                                                       : edma.obj (.text.EDMA_enableTransferRegion)
                  7010a70c    00000004     --HOLE-- [fill = 0]
                  7010a710    00000088                                                       : uart_dma_edma.obj (.text.UART_edmaIsrRx)
                  7010a798    00000008     --HOLE-- [fill = 0]
                  7010a7a0    00000088                                                       : uart_dma_edma.obj (.text.UART_edmaIsrTx)
                  7010a828    00000008     --HOLE-- [fill = 0]
                  7010a830    00000086                                                       : uart_v0_lld.obj (.text.UART_lld_flushTxFifo)
                  7010a8b6    0000000a     --HOLE-- [fill = 0]
                  7010a8c0    00000086                                                       : uart_v0_lld.obj (.text.UART_tcrTlrBitValRestore)
                  7010a946    0000000a     --HOLE-- [fill = 0]
                  7010a950    00000082                                                       : edma.obj (.text.EDMA_allocDmaChannel)
                  7010a9d2    0000000e     --HOLE-- [fill = 0]
                  7010a9e0    00000082                                                       : edma.obj (.text.EDMA_allocParam)
                  7010aa62    0000000e     --HOLE-- [fill = 0]
                  7010aa70    00000082                                                       : edma.obj (.text.EDMA_allocTcc)
                  7010aaf2    0000000e     --HOLE-- [fill = 0]
                  7010ab00    00000082                                                       : edma.obj (.text.EDMA_disableTccInShadowRegRegion)
                  7010ab82    0000000e     --HOLE-- [fill = 0]
                  7010ab90    00000082                                                       : edma.obj (.text.EDMA_enableTccInShadowRegRegion)
                  7010ac12    0000000e     --HOLE-- [fill = 0]
                  7010ac20    00000082                                                       : ipc_notify_v1.obj (.text.IpcNotify_syncAll)
                  7010aca2    0000000e     --HOLE-- [fill = 0]
                  7010acb0    00000082     imu_protocol_handler.o (.text.imu_protocol_manager_init)
                  7010ad32    0000000e     --HOLE-- [fill = 0]
                  7010ad40    00000080     drivers.am263px.r5f.ti-arm-clang.nortos.debug.lib : mcan.obj (.text.MCAN_addStdMsgIDFilter)
                  7010adc0    00000080                                                       : uart_v0_lld.obj (.text.UART_moduleReset)
                  7010ae40    0000007e     ti_drivers_config.o (.text.System_init)
                  7010aebe    00000002     --HOLE-- [fill = 0]
                  7010aec0    0000007e     drivers.am263px.r5f.ti-arm-clang.nortos.debug.lib : uart_v0_lld.obj (.text.UART_readData)
                  7010af3e    00000002     --HOLE-- [fill = 0]
                  7010af40    0000007c     nortos.am263px.r5f.ti-arm-clang.debug.lib : DebugP_log.obj (.text._DebugP_assert)
                  7010afbc    00000004     --HOLE-- [fill = 0]
                  7010afc0    0000007c     gateway_shared.o (.text.gateway_ringbuf_core1_init)
                  7010b03c    00000004     --HOLE-- [fill = 0]
                  7010b040    0000007a     drivers.am263px.r5f.ti-arm-clang.nortos.debug.lib : ipc_notify_v1.obj (.text.IpcNotify_mailboxWrite)
                  7010b0ba    00000006     --HOLE-- [fill = 0]
                  7010b0c0    0000007a                                                       : uart_v0.obj (.text.UART_Params_init)
                  7010b13a    00000006     --HOLE-- [fill = 0]
                  7010b140    00000078                                                       : edma.obj (.text.EDMA_linkChannel)
                  7010b1b8    00000008     --HOLE-- [fill = 0]
                  7010b1c0    00000074                                                       : uart_v0_lld.obj (.text.UART_IsBaseAddrValid)
                  7010b234    0000000c     --HOLE-- [fill = 0]
                  7010b240    00000074     imu_interface_isr.o (.text.parse_euler_angles)
                  7010b2b4    0000000c     --HOLE-- [fill = 0]
                  7010b2c0    00000074     imu_interface_isr.o (.text.parse_gyroscope)
                  7010b334    0000000c     --HOLE-- [fill = 0]
                  7010b340    00000072     nortos.am263px.r5f.ti-arm-clang.debug.lib : ClockP_nortos.obj (.text.ClockP_usleep)
                  7010b3b2    0000000e     --HOLE-- [fill = 0]
                  7010b3c0    00000072     drivers.am263px.r5f.ti-arm-clang.nortos.debug.lib : edma.obj (.text.EDMA_clrMissEvtRegion)
                  7010b432    0000000e     --HOLE-- [fill = 0]
                  7010b440    00000072                                                       : ipc_notify_v1.obj (.text.IpcNotify_makeMsg)
                  7010b4b2    0000000e     --HOLE-- [fill = 0]
                  7010b4c0    0000006e     yis320_protocol.o (.text.find_frame_header_limited)
                  7010b52e    00000002     --HOLE-- [fill = 0]
                  7010b530    0000006a     drivers.am263px.r5f.ti-arm-clang.nortos.debug.lib : ipc_notify_v1.obj (.text.IpcNotify_mailboxReadSwQ)
                  7010b59a    00000006     --HOLE-- [fill = 0]
                  7010b5a0    00000068                                                       : edma.obj (.text.EDMA_getBaseAddr)
                  7010b608    00000008     --HOLE-- [fill = 0]
                  7010b610    00000068                                                       : uart_v0_lld.obj (.text.UART_divisorValCompute)
                  7010b678    00000008     --HOLE-- [fill = 0]
                  7010b680    00000064                                                       : soc_rcm.obj (.text.SOC_rcmGetR5Clock)
                  7010b6e4    0000000c     --HOLE-- [fill = 0]
                  7010b6f0    00000064                                                       : soc_rcm.obj (.text.SOC_rcmIsR5FInLockStepMode)
                  7010b754    0000000c     --HOLE-- [fill = 0]
                  7010b760    00000064                                                       : uart_v0_lld.obj (.text.UART_fifoRegisterWrite)
                  7010b7c4    0000000c     --HOLE-- [fill = 0]
                  7010b7d0    00000064                                                       : uart_v0_lld.obj (.text.UART_lld_deInitDma)
                  7010b834    0000000c     --HOLE-- [fill = 0]
                  7010b840    00000062                                                       : mcan.obj (.text.MCAN_enableIntr)
                  7010b8a2    0000000e     --HOLE-- [fill = 0]
                  7010b8b0    00000062                                                       : mcan.obj (.text.MCAN_initTxBufElement)
                  7010b912    0000000e     --HOLE-- [fill = 0]
                  7010b920    00000062                                                       : soc_rcm.obj (.text.SOC_rcmInsert16)
                  7010b982    0000000e     --HOLE-- [fill = 0]
                  7010b990    00000062     nortos.am263px.r5f.ti-arm-clang.debug.lib : SemaphoreP_nortos.obj (.text.SemaphoreP_post)
                  7010b9f2    0000000e     --HOLE-- [fill = 0]
                  7010ba00    00000060     drivers.am263px.r5f.ti-arm-clang.nortos.debug.lib : mcan.obj (.text.MCAN_selectIntrLine)
                  7010ba60    00000060                                                       : uart_v0_lld.obj (.text.UART_getChar)
                  7010bac0    00000060                                                       : uart_v0_lld.obj (.text.UART_writeData)
                  7010bb20    0000005e     yis320_protocol.o (.text.yis320_protocol_handler_init)
                  7010bb7e    00000002     --HOLE-- [fill = 0]
                  7010bb80    0000005c     ti_power_clock_config.o (.text.Module_clockSetFrequency)
                  7010bbdc    00000004     --HOLE-- [fill = 0]
                  7010bbe0    0000005c     drivers.am263px.r5f.ti-arm-clang.nortos.debug.lib : uart_v0_lld.obj (.text.UART_lld_deInit)
                  7010bc3c    00000004     --HOLE-- [fill = 0]
                  7010bc40    0000005c     imu_interface_isr.o (.text.parse_quaternion)
                  7010bc9c    00000004     --HOLE-- [fill = 0]
                  7010bca0    0000005a     drivers.am263px.r5f.ti-arm-clang.nortos.debug.lib : uart_v0_lld.obj (.text.UART_regConfigModeEnable)
                  7010bcfa    00000006     --HOLE-- [fill = 0]
                  7010bd00    00000058                                                       : soc_rcm.obj (.text.SOC_rcmGetModuleClkDivVal)
                  7010bd58    00000008     --HOLE-- [fill = 0]
                  7010bd60    00000058     yis320_protocol.o (.text.parse_angular_velocity)
                  7010bdb8    00000008     --HOLE-- [fill = 0]
                  7010bdc0    00000058     yis320_protocol.o (.text.parse_euler_angles)
                  7010be18    00000008     --HOLE-- [fill = 0]
                  7010be20    00000056     drivers.am263px.r5f.ti-arm-clang.nortos.debug.lib : uart_v0.obj (.text.UART_lld_readCompleteCallback)
                  7010be76    0000000a     --HOLE-- [fill = 0]
                  7010be80    00000056                                                       : uart_v0.obj (.text.UART_lld_writeCompleteCallback)
                  7010bed6    0000000a     --HOLE-- [fill = 0]
                  7010bee0    00000056     gateway_shared.o (.text.gateway_write_imu_state)
                  7010bf36    0000000a     --HOLE-- [fill = 0]
                  7010bf40    00000056     yis320_protocol.o (.text.vtable_initialize)
                  7010bf96    0000000a     --HOLE-- [fill = 0]
                  7010bfa0    00000054     ti_dpl_config.o (.text.Dpl_init)
                  7010bff4    0000000c     --HOLE-- [fill = 0]
                  7010c000    00000054     drivers.am263px.r5f.ti-arm-clang.nortos.debug.lib : edma.obj (.text.EDMA_setPaRAM)
                  7010c054    0000000c     --HOLE-- [fill = 0]
                  7010c060    00000054                                                       : uart_v0_lld.obj (.text.UART_OperModeValid)
                  7010c0b4    0000000c     --HOLE-- [fill = 0]
                  7010c0c0    00000054     main.o (.text.main)
                  7010c114    00000054     libc.a : autoinit.c.obj (.text:__TI_auto_init_nobinit_nopinit)
                  7010c168    00000008     --HOLE-- [fill = 0]
                  7010c170    00000050     ti_drivers_open_close.o (.text.Drivers_uartClose)
                  7010c1c0    00000050     drivers.am263px.r5f.ti-arm-clang.nortos.debug.lib : pinmux.obj (.text.Pinmux_config)
                  7010c210    00000050                                                       : uart_v0_lld.obj (.text.UART_checkCharsAvailInFifo)
                  7010c260    0000004e     nortos.am263px.r5f.ti-arm-clang.debug.lib : DebugP_shmLogWriter.obj (.text.DebugP_shmLogWriterInit)
                  7010c2ae    00000002     --HOLE-- [fill = 0]
                  7010c2b0    0000004e     drivers.am263px.r5f.ti-arm-clang.nortos.debug.lib : edma.obj (.text.EDMA_clrEvtRegion)
                  7010c2fe    00000002     --HOLE-- [fill = 0]
                  7010c300    0000004e                                                       : edma.obj (.text.EDMA_disableDmaEvtRegion)
                  7010c34e    00000002     --HOLE-- [fill = 0]
                  7010c350    0000004e                                                       : edma.obj (.text.EDMA_disableEvtIntrRegion)
                  7010c39e    00000002     --HOLE-- [fill = 0]
                  7010c3a0    0000004e                                                       : edma.obj (.text.EDMA_enableDmaEvtRegion)
                  7010c3ee    00000002     --HOLE-- [fill = 0]
                  7010c3f0    0000004e                                                       : edma.obj (.text.EDMA_enableEvtIntrRegion)
                  7010c43e    00000002     --HOLE-- [fill = 0]
                  7010c440    0000004e                                                       : edma.obj (.text.EDMA_setEvtRegion)
                  7010c48e    00000002     --HOLE-- [fill = 0]
                  7010c490    0000004e                                                       : gpio.obj (.text.GPIO_setDirMode)
                  7010c4de    00000002     --HOLE-- [fill = 0]
                  7010c4e0    0000004e                                                       : mcan.obj (.text.MCAN_enableIntrLine)
                  7010c52e    00000002     --HOLE-- [fill = 0]
                  7010c530    0000004c     nortos.am263px.r5f.ti-arm-clang.debug.lib : ClockP_nortos.obj (.text.ClockP_construct)
                  7010c57c    00000004     --HOLE-- [fill = 0]
                  7010c580    0000004c     drivers.am263px.r5f.ti-arm-clang.nortos.debug.lib : edma.obj (.text.EDMA_ccPaRAMEntry_init)
                  7010c5cc    00000004     --HOLE-- [fill = 0]
                  7010c5d0    0000004c                                                       : edma.obj (.text.EDMA_mapQdmaChToPaRAM)
                  7010c61c    00000004     --HOLE-- [fill = 0]
                  7010c620    0000004c                                                       : edma.obj (.text.EDMA_readEventStatusRegion)
                  7010c66c    00000004     --HOLE-- [fill = 0]
                  7010c670    0000004c                                                       : ipc_notify_v1.obj (.text.IpcNotify_unregisterClient)
                  7010c6bc    00000004     --HOLE-- [fill = 0]
                  7010c6c0    0000004c     ti_power_clock_config.o (.text.Module_clockEnable)
                  7010c70c    00000004     --HOLE-- [fill = 0]
                  7010c710    0000004c     gateway_shared.o (.text.gateway_update_stat)
                  7010c75c    00000004     --HOLE-- [fill = 0]
                  7010c760    0000004c     main.o (.text.ipc_notify_callback_fxn)
                  7010c7ac    0000004c     libc.a : memmov.c.obj (.text.memmove)
                  7010c7f8    00000008     --HOLE-- [fill = 0]
                  7010c800    0000004c     yis320_protocol.o (.text.parse_quaternion)
                  7010c84c    00000004     --HOLE-- [fill = 0]
                  7010c850    0000004a     drivers.am263px.r5f.ti-arm-clang.nortos.debug.lib : ipc_notify_v1.obj (.text.IpcNotify_Params_init)
                  7010c89a    00000006     --HOLE-- [fill = 0]
                  7010c8a0    0000004a                                                       : soc_rcm.obj (.text.SOC_rcmGetCR5SysclkInFrequency)
                  7010c8ea    00000006     --HOLE-- [fill = 0]
                  7010c8f0    0000004a                                                       : uart_v0_lld.obj (.text.UART_getIntrIdentityStatus)
                  7010c93a    00000006     --HOLE-- [fill = 0]
                  7010c940    0000004a                                                       : uart_v0_lld.obj (.text.UART_lineCharConfig)
                  7010c98a    00000006     --HOLE-- [fill = 0]
                  7010c990    0000004a     main.o (.text.motor_get_index)
                  7010c9da    00000006     --HOLE-- [fill = 0]
                  7010c9e0    00000048     drivers.am263px.r5f.ti-arm-clang.nortos.debug.lib : uart_v0_lld.obj (.text.UART_resetModule)
                  7010ca28    00000008     --HOLE-- [fill = 0]
                  7010ca30    00000046                                                       : uart_v0_lld.obj (.text.UART_i2310WA)
                  7010ca76    0000000a     --HOLE-- [fill = 0]
                  7010ca80    00000046                                                       : uart_v0_lld.obj (.text.UART_readLineStatus)
                  7010cac6    0000000a     --HOLE-- [fill = 0]
                  7010cad0    00000046     imu_protocol_handler.o (.text.imu_protocol_handler_init)
                  7010cb16    0000000a     --HOLE-- [fill = 0]
                  7010cb20    00000044     drivers.am263px.r5f.ti-arm-clang.nortos.debug.lib : ipc_notify_v1.obj (.text.IpcNotify_getWriteMailbox)
                  7010cb64    0000000c     --HOLE-- [fill = 0]
                  7010cb70    00000044                                                       : soc_rcm.obj (.text.SOC_rcmExtract8)
                  7010cbb4    0000000c     --HOLE-- [fill = 0]
                  7010cbc0    00000044                                                       : soc_rcm.obj (.text.SOC_rcmMake16)
                  7010cc04    0000000c     --HOLE-- [fill = 0]
                  7010cc10    00000044     nortos.am263px.r5f.ti-arm-clang.debug.lib : SemaphoreP_nortos.obj (.text.SemaphoreP_construct)
                  7010cc54    0000000c     --HOLE-- [fill = 0]
                  7010cc60    00000044                                               : DebugP_nortos.obj (.text._DebugP_logZone)
                  7010cca4    0000000c     --HOLE-- [fill = 0]
                  7010ccb0    00000044                                               : printf.obj (.text._strnlen_s)
                  7010ccf4    0000000c     --HOLE-- [fill = 0]
                  7010cd00    00000044     main.o (.text.process_motor_commands)
                  7010cd44    0000000c     --HOLE-- [fill = 0]
                  7010cd50    00000042     nortos.am263px.r5f.ti-arm-clang.debug.lib : ClockP_nortos.obj (.text.ClockP_start)
                  7010cd92    0000000e     --HOLE-- [fill = 0]
                  7010cda0    00000042     drivers.am263px.r5f.ti-arm-clang.nortos.debug.lib : uart_v0.obj (.text.UART_checkOpenParams)
                  7010cde2    0000000e     --HOLE-- [fill = 0]
                  7010cdf0    0000003e                                                       : pinmux.obj (.text.Pinmux_unlockMMR)
                  7010ce2e    00000002     --HOLE-- [fill = 0]
                  7010ce30    0000003e                                                       : uart_v0_lld.obj (.text.UART_IsHWFlowCtrlValid)
                  7010ce6e    00000002     --HOLE-- [fill = 0]
                  7010ce70    0000003e                                                       : uart_v0_lld.obj (.text.UART_spaceAvail)
                  7010ceae    00000002     --HOLE-- [fill = 0]
                  7010ceb0    0000003e     gateway_shared.o (.text.gateway_core1_init)
                  7010ceee    00000002     --HOLE-- [fill = 0]
                  7010cef0    0000003e     gateway_shared.o (.text.gateway_update_heartbeat)
                  7010cf2e    00000002     --HOLE-- [fill = 0]
                  7010cf30    0000003e     main.o (.text.timerISR)
                  7010cf6e    00000002     --HOLE-- [fill = 0]
                  7010cf70    0000003c     drivers.am263px.r5f.ti-arm-clang.nortos.debug.lib : uart_v0_lld.obj (.text.UART_IsParityTypeValid)
                  7010cfac    00000004     --HOLE-- [fill = 0]
                  7010cfb0    0000003c                                                       : uart_v0_lld.obj (.text.UART_IsTxRxFifoEmpty)
                  7010cfec    00000004     --HOLE-- [fill = 0]
                  7010cff0    0000003c                                                       : uart_v0_lld.obj (.text.UART_enhanFuncEnable)
                  7010d02c    00000004     --HOLE-- [fill = 0]
                  7010d030    0000003a     can_interface.o (.text.CAN_RegisterRxCallback)
                  7010d06a    00000006     --HOLE-- [fill = 0]
                  7010d070    0000003a     drivers.am263px.r5f.ti-arm-clang.nortos.debug.lib : mcan.obj (.text.MCAN_txBufAddReq)
                  7010d0aa    00000006     --HOLE-- [fill = 0]
                  7010d0b0    0000003a                                                       : soc.obj (.text.SOC_moduleSetClockFrequency)
                  7010d0ea    00000006     --HOLE-- [fill = 0]
                  7010d0f0    0000003a     nortos.am263px.r5f.ti-arm-clang.debug.lib : printf.obj (.text._atoi)
                  7010d12a    00000006     --HOLE-- [fill = 0]
                  7010d130    0000003a     main.o (.text.init_1000hz_timer)
                  7010d16a    00000006     --HOLE-- [fill = 0]
                  7010d170    0000003a     nortos.am263px.r5f.ti-arm-clang.debug.lib : printf.obj (.text.snprintf_)
                  7010d1aa    00000006     --HOLE-- [fill = 0]
                  7010d1b0    00000038     drivers.am263px.r5f.ti-arm-clang.nortos.debug.lib : soc.obj (.text.SOC_getCoreName)
                  7010d1e8    00000038     nortos.am263px.r5f.ti-arm-clang.debug.lib : PmuP_armv7r_asm.obj (.text.pmu)
                  7010d220    00000038     yis320_protocol.o (.text.vtable_is_connected)
                  7010d258    00000008     --HOLE-- [fill = 0]
                  7010d260    00000036     drivers.am263px.r5f.ti-arm-clang.nortos.debug.lib : edma.obj (.text.EDMA_getRegionId)
                  7010d296    0000000a     --HOLE-- [fill = 0]
                  7010d2a0    00000036     can_interface.o (.text.GPIO_pinWriteLow)
                  7010d2d6    0000000a     --HOLE-- [fill = 0]
                  7010d2e0    00000036     ti_drivers_config.o (.text.GPIO_pinWriteLow)
                  7010d316    0000000a     --HOLE-- [fill = 0]
                  7010d320    00000036     drivers.am263px.r5f.ti-arm-clang.nortos.debug.lib : ipc_notify_v1.obj (.text.IpcNotify_syncCallback)
                  7010d356    0000000a     --HOLE-- [fill = 0]
                  7010d360    00000034                                                       : mcan.obj (.text.MCAN_SsAddr)
                  7010d394    0000000c     --HOLE-- [fill = 0]
                  7010d3a0    00000034                                                       : mcan.obj (.text.MCAN_calcCfgAddr)
                  7010d3d4    0000000c     --HOLE-- [fill = 0]
                  7010d3e0    00000034                                                       : pinmux.obj (.text.Pinmux_lockMMR)
                  7010d414    0000000c     --HOLE-- [fill = 0]
                  7010d420    00000034     nortos.am263px.r5f.ti-arm-clang.debug.lib : TimerP_rti_priv.obj (.text.TimerP_Params_initPriv)
                  7010d454    0000000c     --HOLE-- [fill = 0]
                  7010d460    00000034     drivers.am263px.r5f.ti-arm-clang.nortos.debug.lib : uart_v0_lld.obj (.text.UART_IsDataLengthValid)
                  7010d494    0000000c     --HOLE-- [fill = 0]
                  7010d4a0    00000034     motor_mapping.o (.text.motor_get_config)
                  7010d4d4    0000000c     --HOLE-- [fill = 0]
                  7010d4e0    00000032     drivers.am263px.r5f.ti-arm-clang.nortos.debug.lib : mcan.obj (.text.HW_WR_FIELD32_RAW)
                  7010d512    0000000e     --HOLE-- [fill = 0]
                  7010d520    00000032                                                       : uart_v0_lld.obj (.text.HW_WR_FIELD32_RAW)
                  7010d552    0000000e     --HOLE-- [fill = 0]
                  7010d560    00000032                                                       : ipc_notify_v1.obj (.text.IpcNotify_mailboxIsPendingIntr)
                  7010d592    0000000e     --HOLE-- [fill = 0]
                  7010d5a0    00000032     nortos.am263px.r5f.ti-arm-clang.debug.lib : TimerP_rti_priv.obj (.text.TimerP_getCountPriv)
                  7010d5d2    0000000e     --HOLE-- [fill = 0]
                  7010d5e0    00000032     drivers.am263px.r5f.ti-arm-clang.nortos.debug.lib : uart_v0_lld.obj (.text.UART_enhanFuncBitValRestore)
                  7010d612    0000000e     --HOLE-- [fill = 0]
                  7010d620    00000032                                                       : uart_v0_lld.obj (.text.UART_hardwareFlowCtrlOptSet)
                  7010d652    0000000e     --HOLE-- [fill = 0]
                  7010d660    00000030                                                       : ipc_notify_v1.obj (.text.IpcNotify_getReadSwQ)
                  7010d690    00000030                                                       : uart_v0_lld.obj (.text.UART_flowCtrlTrigLvlConfig)
                  7010d6c0    00000030     gateway_shared.o (.text.gateway_signal_motor_config_ready)
                  7010d6f0    0000002e     drivers.am263px.r5f.ti-arm-clang.nortos.debug.lib : uart_dma_edma.obj (.text.UART_lld_dmaInit)
                  7010d71e    00000002     --HOLE-- [fill = 0]
                  7010d720    0000002e     nortos.am263px.r5f.ti-arm-clang.debug.lib : printf.obj (.text._is_digit)
                  7010d74e    00000002     --HOLE-- [fill = 0]
                  7010d750    0000002c                                               : DebugP_log.obj (.text.DebugP_logZoneEnable)
                  7010d77c    00000004     --HOLE-- [fill = 0]
                  7010d780    0000002c     drivers.am263px.r5f.ti-arm-clang.nortos.debug.lib : ipc_notify_v1.obj (.text.IpcNotify_getReadMailbox)
                  7010d7ac    00000004     --HOLE-- [fill = 0]
                  7010d7b0    0000002c                                                       : mcan.obj (.text.MCAN_clearNewDataStatus)
                  7010d7dc    00000004     --HOLE-- [fill = 0]
                  7010d7e0    0000002c                                                       : mcan.obj (.text.MCAN_getNewDataStatus)
                  7010d80c    00000004     --HOLE-- [fill = 0]
                  7010d810    0000002c     nortos.am263px.r5f.ti-arm-clang.debug.lib : SemaphoreP_nortos.obj (.text.SemaphoreP_constructBinary)
                  7010d83c    00000004     --HOLE-- [fill = 0]
                  7010d840    0000002c     yis320_protocol.o (.text.vtable_deinit)
                  7010d86c    00000004     --HOLE-- [fill = 0]
                  7010d870    0000002a     nortos.am263px.r5f.ti-arm-clang.debug.lib : ClockP_nortos.obj (.text.ClockP_sleepTicks)
                  7010d89a    00000006     --HOLE-- [fill = 0]
                  7010d8a0    0000002a     drivers.am263px.r5f.ti-arm-clang.nortos.debug.lib : uart_v0_lld.obj (.text.UART_intr2Disable)
                  7010d8ca    00000006     --HOLE-- [fill = 0]
                  7010d8d0    0000002a                                                       : uart_v0_lld.obj (.text.UART_operatingModeSelect)
                  7010d8fa    00000006     --HOLE-- [fill = 0]
                  7010d900    00000028     nortos.am263px.r5f.ti-arm-clang.debug.lib : CpuId_armv7r.obj (.text.CSL_armR5GetCpuID)
                  7010d928    00000008     --HOLE-- [fill = 0]
                  7010d930    00000028                                               : printf.obj (.text.vprintf_)
                  7010d958    00000008     --HOLE-- [fill = 0]
                  7010d960    00000026     drivers.am263px.r5f.ti-arm-clang.nortos.debug.lib : edma.obj (.text.EDMA_disableQdmaEvtRegion)
                  7010d986    0000000a     --HOLE-- [fill = 0]
                  7010d990    00000026                                                       : edma.obj (.text.EDMA_enableQdmaEvtRegion)
                  7010d9b6    0000000a     --HOLE-- [fill = 0]
                  7010d9c0    00000026                                                       : edma.obj (.text.EDMA_validateIntrObject)
                  7010d9e6    0000000a     --HOLE-- [fill = 0]
                  7010d9f0    00000026     ti_drivers_config.o (.text.IpcNotify_allocSwQueue)
                  7010da16    0000000a     --HOLE-- [fill = 0]
                  7010da20    00000026     nortos.am263px.r5f.ti-arm-clang.debug.lib : printf.obj (.text._out_buffer)
                  7010da46    0000000a     --HOLE-- [fill = 0]
                  7010da50    00000024     ti_drivers_config.o (.text.IpcNotify_getConfig)
                  7010da74    0000000c     --HOLE-- [fill = 0]
                  7010da80    00000024     nortos.am263px.r5f.ti-arm-clang.debug.lib : SemaphoreP_nortos.obj (.text.SemaphoreP_constructMutex)
                  7010daa4    0000000c     --HOLE-- [fill = 0]
                  7010dab0    00000024     drivers.am263px.r5f.ti-arm-clang.nortos.debug.lib : uart_v0_lld.obj (.text.UART_IsRxTrigLvlValid)
                  7010dad4    0000000c     --HOLE-- [fill = 0]
                  7010dae0    00000024                                                       : uart_v0_lld.obj (.text.UART_IsStopBitsValid)
                  7010db04    0000000c     --HOLE-- [fill = 0]
                  7010db10    00000024                                                       : uart_v0_lld.obj (.text.UART_IsTxTrigLvlValid)
                  7010db34    0000000c     --HOLE-- [fill = 0]
                  7010db40    00000024                                                       : uart_v0.obj (.text.UART_getBaseAddr)
                  7010db64    00000024     libclang_rt.builtins.a : aeabi_uldivmod.S.obj (.text.__aeabi_uldivmod)
                  7010db88    00000008     --HOLE-- [fill = 0]
                  7010db90    00000024     nortos.am263px.r5f.ti-arm-clang.debug.lib : printf.obj (.text._out_char)
                  7010dbb4    0000000c     --HOLE-- [fill = 0]
                  7010dbc0    00000022     drivers.am263px.r5f.ti-arm-clang.nortos.debug.lib : edma.obj (.text.EDMA_channelToParamMap)
                  7010dbe2    0000000e     --HOLE-- [fill = 0]
                  7010dbf0    00000022     gateway_shared.o (.text.gateway_ringbuf_core1_receive)
                  7010dc12    0000000e     --HOLE-- [fill = 0]
                  7010dc20    00000020     nortos.am263px.r5f.ti-arm-clang.debug.lib : ClockP_nortos.obj (.text.ClockP_isActive)
                  7010dc40    00000020                                               : ClockP_nortos.obj (.text.ClockP_usecToTicks)
                  7010dc60    00000020     drivers.am263px.r5f.ti-arm-clang.nortos.debug.lib : mcan.obj (.text.HW_RD_FIELD32_RAW)
                  7010dc80    00000020                                                       : uart_v0_lld.obj (.text.HW_RD_FIELD32_RAW)
                  7010dca0    00000020     imu_interface_isr.o (.text.reset_parser)
                  7010dcc0    0000001e     nortos.am263px.r5f.ti-arm-clang.debug.lib : ClockP_nortos.obj (.text.ClockP_Params_init)
                  7010dcde    00000002     --HOLE-- [fill = 0]
                  7010dce0    0000001e     drivers.am263px.r5f.ti-arm-clang.nortos.debug.lib : edma.obj (.text.EDMA_getEventStatusHigh)
                  7010dcfe    00000002     --HOLE-- [fill = 0]
                  7010dd00    0000001e                                                       : mcan.obj (.text.MCAN_setOpMode)
                  7010dd1e    00000002     --HOLE-- [fill = 0]
                  7010dd20    0000001e                                                       : soc.obj (.text.SOC_getSelfCpuClk)
                  7010dd3e    00000002     --HOLE-- [fill = 0]
                  7010dd40    0000001e                                                       : soc.obj (.text.SOC_moduleClockEnable)
                  7010dd5e    00000002     --HOLE-- [fill = 0]
                  7010dd60    0000001e     ti_dpl_config.o (.text.TimerP_isr0)
                  7010dd7e    00000002     --HOLE-- [fill = 0]
                  7010dd80    0000001e     drivers.am263px.r5f.ti-arm-clang.nortos.debug.lib : uart_v0_lld.obj (.text.UART_breakCtl)
                  7010dd9e    00000002     --HOLE-- [fill = 0]
                  7010dda0    0000001e                                                       : uart_v0_lld.obj (.text.UART_lld_Transaction_deInit)
                  7010ddbe    00000002     --HOLE-- [fill = 0]
                  7010ddc0    0000001c                                                       : edma.obj (.text.EDMA_getEventStatus)
                  7010dddc    00000004     --HOLE-- [fill = 0]
                  7010dde0    0000001c                                                       : mcan.obj (.text.MCAN_writeProtectedRegAccessLock)
                  7010ddfc    00000004     --HOLE-- [fill = 0]
                  7010de00    0000001c                                                       : mcan.obj (.text.MCAN_writeProtectedRegAccessUnlock)
                  7010de1c    00000004     --HOLE-- [fill = 0]
                  7010de20    0000001c                                                       : uart_v0_lld.obj (.text.UART_IsParameter)
                  7010de3c    0000001c     libc.a : memcpy32.S.obj (.text:TI_memcpy_small)
                  7010de58    00000008     --HOLE-- [fill = 0]
                  7010de60    0000001a     drivers.am263px.r5f.ti-arm-clang.nortos.debug.lib : mcan.obj (.text.MCAN_clearIntrStatus)
                  7010de7a    00000006     --HOLE-- [fill = 0]
                  7010de80    0000001a                                                       : mcan.obj (.text.MCAN_getOpMode)
                  7010de9a    00000006     --HOLE-- [fill = 0]
                  7010dea0    0000001a                                                       : uart_v0_lld.obj (.text.UART_fifoCharGet)
                  7010deba    00000006     --HOLE-- [fill = 0]
                  7010dec0    0000001a                                                       : uart_v0_lld.obj (.text.UART_timeGuardConfig)
                  7010deda    00000006     --HOLE-- [fill = 0]
                  7010dee0    00000018     nortos.am263px.r5f.ti-arm-clang.debug.lib : ClockP_nortos.obj (.text.ClockP_ticksToUsec)
                  7010def8    00000008     --HOLE-- [fill = 0]
                  7010df00    00000018     drivers.am263px.r5f.ti-arm-clang.nortos.debug.lib : edma.obj (.text.EDMA_isInterruptEnabled)
                  7010df18    00000008     --HOLE-- [fill = 0]
                  7010df20    00000018                                                       : ipc_notify_v1.obj (.text.IpcNotify_mailboxClearAllInt)
                  7010df38    00000008     --HOLE-- [fill = 0]
                  7010df40    00000018                                                       : ipc_notify_v1_cfg.obj (.text.IpcNotify_trigInterrupt)
                  7010df58    00000008     --HOLE-- [fill = 0]
                  7010df60    00000018     nortos.am263px.r5f.ti-arm-clang.debug.lib : SemaphoreP_nortos.obj (.text.SemaphoreP_Params_init)
                  7010df78    00000008     --HOLE-- [fill = 0]
                  7010df80    00000018                                               : TimerP_rti_priv.obj (.text.TimerP_getReloadCountPriv)
                  7010df98    00000008     --HOLE-- [fill = 0]
                  7010dfa0    00000018     drivers.am263px.r5f.ti-arm-clang.nortos.debug.lib : uart_v0_lld.obj (.text.UART_divisorLatchDisable)
                  7010dfb8    00000008     --HOLE-- [fill = 0]
                  7010dfc0    00000018                                                       : uart_v0_lld.obj (.text.UART_modemControlReset)
                  7010dfd8    00000008     --HOLE-- [fill = 0]
                  7010dfe0    00000018                                                       : uart_v0_lld.obj (.text.UART_putChar)
                  7010dff8    00000018     libc.a : memset32.S.obj (.text:TI_memset_small)
                  7010e010    00000016     drivers.am263px.r5f.ti-arm-clang.nortos.debug.lib : ipc_notify_v1.obj (.text.IpcNotify_sendSync)
                  7010e026    0000000a     --HOLE-- [fill = 0]
                  7010e030    00000016                                                       : mcan.obj (.text.MCAN_getIntrStatus)
                  7010e046    0000000a     --HOLE-- [fill = 0]
                  7010e050    00000016     nortos.am263px.r5f.ti-arm-clang.debug.lib : TimerP_rti_priv.obj (.text.TimerP_startPriv)
                  7010e066    0000000a     --HOLE-- [fill = 0]
                  7010e070    00000016                                               : TimerP_rti_priv.obj (.text.TimerP_stopPriv)
                  7010e086    0000000a     --HOLE-- [fill = 0]
                  7010e090    00000016     drivers.am263px.r5f.ti-arm-clang.nortos.debug.lib : uart_v0_lld.obj (.text.UART_divideRoundCloset)
                  7010e0a6    0000000a     --HOLE-- [fill = 0]
                  7010e0b0    00000016                                                       : uart_v0_lld.obj (.text.UART_regConfModeRestore)
                  7010e0c6    0000000a     --HOLE-- [fill = 0]
                  7010e0d0    00000014                                                       : edma.obj (.text.HW_WR_REG16_RAW)
                  7010e0e4    0000000c     --HOLE-- [fill = 0]
                  7010e0f0    00000014                                                       : ipc_notify_v1.obj (.text.IpcNotify_mailboxClearPendingIntr)
                  7010e104    0000000c     --HOLE-- [fill = 0]
                  7010e110    00000014                                                       : soc_rcm.obj (.text.SOC_rcmGetModuleClkDivFromRegVal)
                  7010e124    0000000c     --HOLE-- [fill = 0]
                  7010e130    00000014     nortos.am263px.r5f.ti-arm-clang.debug.lib : TimerP_rti_priv.obj (.text.TimerP_clearOverflowIntPriv)
                  7010e144    0000000c     --HOLE-- [fill = 0]
                  7010e150    00000014                                               : TimerP_rti_nortos.obj (.text.TimerP_setup)
                  7010e164    0000000c     --HOLE-- [fill = 0]
                  7010e170    00000014     ti_dpl_config.o (.text.putchar_)
                  7010e184    0000000c     --HOLE-- [fill = 0]
                  7010e190    00000012     ti_pinmux_config.o (.text.Pinmux_init)
                  7010e1a2    0000000e     --HOLE-- [fill = 0]
                  7010e1b0    00000012     imu_protocol_handler.o (.text.imu_initialize)
                  7010e1c2    0000000e     --HOLE-- [fill = 0]
                  7010e1d0    00000012     yis320_protocol.o (.text.yis320_get_timestamp_ms)
                  7010e1e2    0000000e     --HOLE-- [fill = 0]
                  7010e1f0    00000010     can_interface.o (.text.CSL_REG32_WR_RAW)
                  7010e200    00000010     drivers.am263px.r5f.ti-arm-clang.nortos.debug.lib : pinmux.obj (.text.CSL_REG32_WR_RAW)
                  7010e210    00000010                                                       : soc.obj (.text.CSL_REG32_WR_RAW)
                  7010e220    00000010     ti_drivers_config.o (.text.CSL_REG32_WR_RAW)
                  7010e230    00000010     nortos.am263px.r5f.ti-arm-clang.debug.lib : ClockP_nortos_r5.obj (.text.ClockP_getTimerCount)
                  7010e240    00000010                                               : ClockP_nortos_r5.obj (.text.ClockP_timerClearOverflowInt)
                  7010e250    00000010     drivers.am263px.r5f.ti-arm-clang.nortos.debug.lib : edma.obj (.text.HW_RD_REG32_RAW)
                  7010e260    00000010                                                       : mcan.obj (.text.HW_RD_REG32_RAW)
                  7010e270    00000010                                                       : uart_v0_lld.obj (.text.HW_RD_REG32_RAW)
                  7010e280    00000010                                                       : edma.obj (.text.HW_WR_REG32_RAW)
                  7010e290    00000010                                                       : mcan.obj (.text.HW_WR_REG32_RAW)
                  7010e2a0    00000010                                                       : uart_v0_lld.obj (.text.HW_WR_REG32_RAW)
                  7010e2b0    00000010                                                       : ipc_notify_v1.obj (.text.IpcNotify_mailboxGetPendingIntr)
                  7010e2c0    00000010     nortos.am263px.r5f.ti-arm-clang.debug.lib : TimerP_rti_nortos.obj (.text.TimerP_Params_init)
                  7010e2d0    00000010                                               : TimerP_rti_nortos.obj (.text.TimerP_clearOverflowInt)
                  7010e2e0    00000010                                               : TimerP_rti_nortos.obj (.text.TimerP_getCount)
                  7010e2f0    00000010                                               : TimerP_rti_nortos.obj (.text.TimerP_getReloadCount)
                  7010e300    00000010                                               : TimerP_rti_nortos.obj (.text.TimerP_start)
                  7010e310    00000010                                               : printf.obj (.text._out_null)
                  7010e320    00000010     gateway_shared.o (.text.gateway_notify_imu_ready)
                  7010e330    00000010     gateway_shared.o (.text.gateway_notify_states_ready)
                  7010e340    0000000e     yis320_protocol.o (.text.yis320_uart_configure)
                  7010e34e    00000002     --HOLE-- [fill = 0]
                  7010e350    0000000c     ti_board_open_close.o (.text.Board_driversOpen)
                  7010e35c    00000004     --HOLE-- [fill = 0]
                  7010e360    0000000c     nortos.am263px.r5f.ti-arm-clang.debug.lib : ClockP_nortos.obj (.text.ClockP_getTicks)
                  7010e36c    00000004     --HOLE-- [fill = 0]
                  7010e370    0000000c     ti_drivers_open_close.o (.text.Drivers_open)
                  7010e37c    00000004     --HOLE-- [fill = 0]
                  7010e380    0000000c     ti_power_clock_config.o (.text.PowerClock_init)
                  7010e38c    00000004     --HOLE-- [fill = 0]
                  7010e390    0000000c     imu_interface_isr.o (.text.parse_int32_le)
                  7010e39c    00000004     --HOLE-- [fill = 0]
                  7010e3a0    0000000c     yis320_protocol.o (.text.vtable_read_data)
                  7010e3ac    00000004     --HOLE-- [fill = 0]
                  7010e3b0    0000000a     nortos.am263px.r5f.ti-arm-clang.debug.lib : HwiP_armv7r_vim.obj (.text.Hwip_dataAndInstructionBarrier)
                  7010e3ba    00000006     --HOLE-- [fill = 0]
                  7010e3c0    0000000a     drivers.am263px.r5f.ti-arm-clang.nortos.debug.lib : ipc_notify_v1.obj (.text.IpcNotify_dataAndInstructionBarrier)
                  7010e3ca    00000006     --HOLE-- [fill = 0]
                  7010e3d0    0000000a                                                       : soc_rcm.obj (.text.SOC_rcmGetBaseAddressMSSRCM)
                  7010e3da    00000006     --HOLE-- [fill = 0]
                  7010e3e0    0000000a                                                       : uart_dma_edma.obj (.text.UART_edmaDoNothing)
                  7010e3ea    00000006     --HOLE-- [fill = 0]
                  7010e3f0    0000000a     gateway_shared.o (.text.gateway_memory_barrier)
                  7010e3fa    00000006     --HOLE-- [fill = 0]
                  7010e400    0000000a     gateway_shared.o (.text.ringbuf_get_ptr)
                  7010e40a    00000006     --HOLE-- [fill = 0]
                  7010e410    00000008     ti_drivers_config.o (.text.Drivers_uartInit)
                  7010e418    00000008     --HOLE-- [fill = 0]
                  7010e420    00000008     drivers.am263px.r5f.ti-arm-clang.nortos.debug.lib : soc_rcm.obj (.text.SOC_rcmGetBaseAddressMSSCTRL)
                  7010e428    00000008     --HOLE-- [fill = 0]
                  7010e430    00000008                                                       : soc_rcm.obj (.text.SOC_rcmGetBaseAddressTOPRCM)
                  7010e438    00000008     --HOLE-- [fill = 0]
                  7010e440    00000008     nortos.am263px.r5f.ti-arm-clang.debug.lib : SemaphoreP_nortos.obj (.text.SemaphoreP_destruct)
                  7010e448    00000008     --HOLE-- [fill = 0]
                  7010e450    00000002     ti_board_open_close.o (.text.Board_driversClose)
                  7010e452    0000000e     --HOLE-- [fill = 0]
                  7010e460    00000002     ti_board_config.o (.text.Board_init)
                  7010e462    0000000e     --HOLE-- [fill = 0]
                  7010e470    00000002     ti_drivers_open_close.o (.text.Drivers_mcanOpen)
                  7010e472    0000000e     --HOLE-- [fill = 0]
                  7010e480    00000002     drivers.am263px.r5f.ti-arm-clang.nortos.debug.lib : ipc_notify_v1_cfg.obj (.text.IpcNotify_wait)
                  7010e482    0000000e     --HOLE-- [fill = 0]
                  7010e490    00000002     nortos.am263px.r5f.ti-arm-clang.debug.lib : TaskP_nortos.obj (.text.TaskP_yield)
                  7010e492    0000000e     --HOLE-- [fill = 0]

.rodata    0    7010e4a0    00001b58     
                  7010e4a0    00000450     motor_mapping.o (.rodata.motor_config_table)
                  7010e8f0    00000084     ti_dpl_config.o (.rodata.cfg)
                  7010e974    00000004     nortos.am263px.r5f.ti-arm-clang.debug.lib : CacheP_armv7r.obj (.rodata.gCacheL1dCacheLineSize)
                  7010e978    00000050                                               : printf.obj (.rodata._ftoa.pow10)
                  7010e9c8    0000004d     gateway_shared.o (.rodata.str1.3223734256326991069.1)
                  7010ea15    00000003     can_interface.o (.rodata.str1.15257894921296593044.1)
                  7010ea18    00000048     drivers.am263px.r5f.ti-arm-clang.nortos.debug.lib : soc_rcm.obj (.rodata.gADPLLJConfigTbl)
                  7010ea60    00000043     main.o (.rodata.str1.14079361385603432444.1)
                  7010eaa3    00000001     --HOLE-- [fill = 0]
                  7010eaa4    00000040     drivers.am263px.r5f.ti-arm-clang.nortos.debug.lib : mcan.obj (.rodata.gDataSize)
                  7010eae4    00000040                                                       : ipc_notify_v1.obj (.rodata.str1.10118846006578224169.1)
                  7010eb24    00000040     gateway_shared.o (.rodata.str1.1309647279537151951.1)
                  7010eb64    0000003f     imu_interface_isr.o (.rodata.str1.5126834218174521685.1)
                  7010eba3    0000003d     main.o (.rodata.str1.10313062130652730376.1)
                  7010ebe0    0000003d     nortos.am263px.r5f.ti-arm-clang.debug.lib : TimerP_rti_priv.obj (.rodata.str1.11388379688747141303.1)
                  7010ec1d    0000003c     main.o (.rodata.str1.2123964117280943167.1)
                  7010ec59    0000003b     can_interface.o (.rodata.str1.10130696897761414469.1)
                  7010ec94    0000003b     imu_interface_isr.o (.rodata.str1.6306445455767916371.1)
                  7010eccf    0000003b     can_interface.o (.rodata.str1.6806839034663112933.1)
                  7010ed0a    00000039     can_interface.o (.rodata.str1.10186677634541030339.1)
                  7010ed43    00000039     can_interface.o (.rodata.str1.14428574951410983152.1)
                  7010ed7c    00000039     can_interface.o (.rodata.str1.17339864536769639315.1)
                  7010edb5    00000038     gateway_shared.o (.rodata.str1.8694082244888993162.1)
                  7010eded    00000037     gateway_shared.o (.rodata.str1.10638658715010209595.1)
                  7010ee24    00000037     gateway_shared.o (.rodata.str1.5629998949668554045.1)
                  7010ee5b    00000036     can_interface.o (.rodata.str1.2167712102046818855.1)
                  7010ee91    00000035     main.o (.rodata.str1.14402440632258215044.1)
                  7010eec6    00000035     imu_interface_isr.o (.rodata.str1.15503275091179387347.1)
                  7010eefb    00000035     main.o (.rodata.str1.16631870348416990953.1)
                  7010ef30    00000035     imu_interface_isr.o (.rodata.str1.2252785669688110604.1)
                  7010ef65    00000035     can_interface.o (.rodata.str1.6401568125276999251.1)
                  7010ef9a    00000035     can_interface.o (.rodata.str1.6692020027550076815.1)
                  7010efcf    00000035     ti_drivers_open_close.o (.rodata.str1.871795152488895636.1)
                  7010f004    00000034     main.o (.rodata.str1.14112174005742061988.1)
                  7010f038    00000033     can_interface.o (.rodata.str1.13942422985958650841.1)
                  7010f06b    00000033     can_interface.o (.rodata.str1.6531933829109918715.1)
                  7010f09e    00000031     gateway_shared.o (.rodata.str1.6121471336334202706.1)
                  7010f0cf    00000031     motor_mapping.o (.rodata.str1.8787205977826144616.1)
                  7010f100    00000030     main.o (.rodata.str1.8154729771448623357.1)
                  7010f130    00000030     imu_interface_isr.o (.rodata.str1.9168798226845388136.1)
                  7010f160    0000002f     main.o (.rodata.str1.1311392489248731986.1)
                  7010f18f    0000002f     main.o (.rodata.str1.16302215771116645891.1)
                  7010f1be    0000002f     gateway_shared.o (.rodata.str1.3129942817937968154.1)
                  7010f1ed    0000002f     main.o (.rodata.str1.9059077390166914652.1)
                  7010f21c    0000002f     drivers.am263px.r5f.ti-arm-clang.nortos.debug.lib : ipc_notify_v1.obj (.rodata.str1.9418228565027791152.1)
                  7010f24b    0000002e     can_interface.o (.rodata.str1.11024350005305706282.1)
                  7010f279    0000002e     gateway_shared.o (.rodata.str1.11051107022181534624.1)
                  7010f2a7    0000002e     main.o (.rodata.str1.11870794119293528247.1)
                  7010f2d5    0000002e     gateway_shared.o (.rodata.str1.9859227269409816370.1)
                  7010f303    0000002d     main.o (.rodata.str1.10635229749459437609.1)
                  7010f330    0000002d     main.o (.rodata.str1.13288086030101331538.1)
                  7010f35d    0000002d     main.o (.rodata.str1.13782249893155712474.1)
                  7010f38a    0000002d     can_interface.o (.rodata.str1.15094798983471906066.1)
                  7010f3b7    0000002d     can_interface.o (.rodata.str1.150960857071891705.1)
                  7010f3e4    0000002d     can_interface.o (.rodata.str1.17855712168153945246.1)
                  7010f411    0000002c     imu_interface_isr.o (.rodata.str1.13916086747295221358.1)
                  7010f43d    0000002c     gateway_shared.o (.rodata.str1.7167262159681625771.1)
                  7010f469    0000002c     main.o (.rodata.str1.8076846746581808073.1)
                  7010f495    0000002b     imu_interface_isr.o (.rodata.str1.12147274931821300989.1)
                  7010f4c0    0000002b     main.o (.rodata.str1.18227636981041470289.1)
                  7010f4eb    0000002b     can_interface.o (.rodata.str1.3858671167962548137.1)
                  7010f516    0000002a     nortos.am263px.r5f.ti-arm-clang.debug.lib : DebugP_log.obj (.rodata.str1.227947788441500939.1)
                  7010f540    0000002a     main.o (.rodata.str1.2763581881760962609.1)
                  7010f56a    0000002a     main.o (.rodata.str1.2846389346932560359.1)
                  7010f594    00000029     can_interface.o (.rodata.str1.357542981605220142.1)
                  7010f5bd    00000029     can_interface.o (.rodata.str1.7679921882182829519.1)
                  7010f5e6    00000029     main.o (.rodata.str1.7784929982665794503.1)
                  7010f60f    00000029     main.o (.rodata.str1.8108965883388295311.1)
                  7010f638    00000028     main.o (.rodata.str1.15159059442110792349.1)
                  7010f660    00000027     nortos.am263px.r5f.ti-arm-clang.debug.lib : ClockP_nortos_r5.obj (.rodata.str1.12743090444791882666.1)
                  7010f687    00000027     main.o (.rodata.str1.3530083166107438000.1)
                  7010f6ae    00000026     gateway_shared.o (.rodata.str1.17046880449980016103.1)
                  7010f6d4    00000026     gateway_shared.o (.rodata.str1.5761821093615868877.1)
                  7010f6fa    00000026     can_interface.o (.rodata.str1.6910353934698693424.1)
                  7010f720    00000025     main.o (.rodata.str1.15996357275703397564.1)
                  7010f745    00000024     can_interface.o (.rodata.str1.14695538922052102695.1)
                  7010f769    00000024     can_interface.o (.rodata.str1.17857559882412085052.1)
                  7010f78d    00000024     main.o (.rodata.str1.6891813955777630061.1)
                  7010f7b1    00000024     main.o (.rodata.str1.7702501944640899365.1)
                  7010f7d5    00000023     drivers.am263px.r5f.ti-arm-clang.nortos.debug.lib : soc_rcm.obj (.rodata.str1.2078190104202520215.1)
                  7010f7f8    00000023     nortos.am263px.r5f.ti-arm-clang.debug.lib : ClockP_nortos_r5.obj (.rodata.str1.7689125538912326484.1)
                  7010f81b    00000022     drivers.am263px.r5f.ti-arm-clang.nortos.debug.lib : edma.obj (.rodata.str1.12976018205622752890.1)
                  7010f83d    00000021     nortos.am263px.r5f.ti-arm-clang.debug.lib : ClockP_nortos_r5.obj (.rodata.str1.8559540482768925367.1)
                  7010f85e    00000002     drivers.am263px.r5f.ti-arm-clang.nortos.debug.lib : soc_rcm.obj (.rodata.gCR5ClkSrcInfoMap)
                  7010f860    00000020                                                       : mcan.obj (.rodata.gMsgObjSize)
                  7010f880    00000020     can_interface.o (.rodata.g_mcan_base_addr)
                  7010f8a0    00000020     can_interface.o (.rodata.g_mcan_intr_num)
                  7010f8c0    00000020     can_interface.o (.rodata.g_mcan_rcm_id)
                  7010f8e0    00000020     main.o (.rodata.str1.16265332423659789559.1)
                  7010f900    00000020     drivers.am263px.r5f.ti-arm-clang.nortos.debug.lib : uart_v0.obj (.rodata.str1.16594507886308206351.1)
                  7010f920    00000020                                                       : ipc_notify_v1.obj (.rodata.str1.2046905611612007019.1)
                  7010f940    0000001f     can_interface.o (.rodata.str1.12573338884863454617.1)
                  7010f95f    0000001f     nortos.am263px.r5f.ti-arm-clang.debug.lib : ClockP_nortos_r5.obj (.rodata.str1.2746619892315392655.1)
                  7010f97e    0000001f     imu_interface_isr.o (.rodata.str1.4417852805959727765.1)
                  7010f99d    0000001e     drivers.am263px.r5f.ti-arm-clang.nortos.debug.lib : ipc_notify_v1.obj (.rodata.str1.16593710740832512674.1)
                  7010f9bb    0000001e                                                       : ipc_notify_v1.obj (.rodata.str1.9050127465416171240.1)
                  7010f9d9    0000001d     nortos.am263px.r5f.ti-arm-clang.debug.lib : TimerP_rti_priv.obj (.rodata.str1.1727973701797049581.1)
                  7010f9f6    0000001d                                               : TimerP_rti_priv.obj (.rodata.str1.4425773406285945039.1)
                  7010fa13    0000001d     drivers.am263px.r5f.ti-arm-clang.nortos.debug.lib : uart_v0.obj (.rodata.str1.4697665093340446018.1)
                  7010fa30    0000001d     nortos.am263px.r5f.ti-arm-clang.debug.lib : TimerP_rti_priv.obj (.rodata.str1.7297095892955669843.1)
                  7010fa4d    0000001b     drivers.am263px.r5f.ti-arm-clang.nortos.debug.lib : edma.obj (.rodata.str1.16672221102796607080.1)
                  7010fa68    0000001b     ti_drivers_config.o (.rodata.str1.7767457247551078139.1)
                  7010fa83    0000001a     main.o (.rodata.str1.11702106008850790973.1)
                  7010fa9d    0000001a     drivers.am263px.r5f.ti-arm-clang.nortos.debug.lib : soc_rcm.obj (.rodata.str1.16907879152045164286.1)
                  7010fab7    0000001a     main.o (.rodata.str1.17376258722486336754.1)
                  7010fad1    0000001a     main.o (.rodata.str1.288608917962107522.1)
                  7010faeb    0000001a     nortos.am263px.r5f.ti-arm-clang.debug.lib : ClockP_nortos_r5.obj (.rodata.str1.3810757863367538396.1)
                  7010fb05    00000019     drivers.am263px.r5f.ti-arm-clang.nortos.debug.lib : ipc_notify_v1.obj (.rodata.str1.12253177398743541182.1)
                  7010fb1e    00000019     nortos.am263px.r5f.ti-arm-clang.debug.lib : TimerP_rti_priv.obj (.rodata.str1.5494506574634759136.1)
                  7010fb37    00000001     --HOLE-- [fill = 0]
                  7010fb38    00000018     drivers.am263px.r5f.ti-arm-clang.nortos.debug.lib : soc_rcm.obj (.rodata.gControlssPllClkSrcValMap)
                  7010fb50    00000018                                                       : soc_rcm.obj (.rodata.gCptsClkSrcValMap)
                  7010fb68    00000018                                                       : soc_rcm.obj (.rodata.gI2cClkSrcValMap)
                  7010fb80    00000018                                                       : soc_rcm.obj (.rodata.gIcssmUartClkSrcValMap)
                  7010fb98    00000018                                                       : soc_rcm.obj (.rodata.gLinUartClkSrcValMap)
                  7010fbb0    00000018                                                       : soc_rcm.obj (.rodata.gMcSpiClkSrcValMap)
                  7010fbc8    00000018                                                       : soc_rcm.obj (.rodata.gMcanClkSrcValMap)
                  7010fbe0    00000018                                                       : soc_rcm.obj (.rodata.gMmcClkSrcValMap)
                  7010fbf8    00000018                                                       : soc_rcm.obj (.rodata.gOspiClkSrcValMap)
                  7010fc10    00000018                                                       : soc_rcm.obj (.rodata.gPeripheralClkSrcInfoMap)
                  7010fc28    00000018                                                       : soc_rcm.obj (.rodata.gRtiClkSrcValMap)
                  7010fc40    00000018                                                       : soc_rcm.obj (.rodata.gWdtClkSrcValMap)
                  7010fc58    00000018                                                       : uart_v0.obj (.rodata.str1.16507871919775359273.1)
                  7010fc70    00000018     ti_drivers_config.o (.rodata.str1.2211846465855763212.1)
[...]
701054e1  imu_uart_isr_init                    
70118342  isMapAvailable                       
7010c0c1  main                                 
7010c7ac  memmove                              
7010d4a1  motor_get_config                     
701033d1  motor_mapping_init_core1             
7010e171  putchar_                             
7010d171  snprintf_                            
7010cf31  timerISR                             
70112548  virtToPhymap                         
7010d931  vprintf_                             
7010a551  yis320_convert_to_ipc                
7010e1d1  yis320_get_timestamp_ms              
7010bb21  yis320_protocol_handler_init         
7010e341  yis320_uart_configure                


GLOBAL SYMBOLS: SORTED BY Symbol Address 

address   name                                 
-------   ----                                 
00000000  __TI_ATRegion0_region_sz             
00000000  __TI_ATRegion0_src_addr              
00000000  __TI_ATRegion0_trg_addr              
00000000  __TI_ATRegion1_region_sz             
00000000  __TI_ATRegion1_src_addr              
00000000  __TI_ATRegion1_trg_addr              
00000000  __TI_ATRegion2_region_sz             
00000000  __TI_ATRegion2_src_addr              
00000000  __TI_ATRegion2_trg_addr              
00000000  __TI_static_base__                   
00000000  _vectors                             
00000100  __ABORT_STACK_SIZE                   
00000100  __FIQ_STACK_SIZE                     
00000100  __IRQ_STACK_SIZE                     
00000100  __UNDEFINED_STACK_SIZE               
00001000  __SVC_STACK_SIZE                     
00004000  __STACK_SIZE                         
70100a34  __aeabi_memclr                       
70100a34  __aeabi_memclr4                      
70100a34  __aeabi_memclr8                      
701010b8  C$$EXIT                              
701010b8  HOSTexit                             
701010c1  SOC_rcmEnablePeripheralClock         
701016f8  __aeabi_ldiv0                        
701016fc  __aeabi_memcpy                       
701016fc  __aeabi_memcpy4                      
701016fc  __aeabi_memcpy8                      
70101ce4  CSL_armR5ReadMpidrReg                
701021a1  UART_open                            
7010299c  __aeabi_memmove                      
7010299c  __aeabi_memmove4                     
7010299c  __aeabi_memmove8                     
701029a1  IpcNotify_init                       
701030c1  SOC_virtToPhy                        
701033d1  motor_mapping_init_core1             
701036d1  MCAN_msgRAMConfig                    
701047a1  UART_lld_dmaDeInit                   
701049d1  IpcNotify_isr                        
70104c01  CAN_TransmitBatch                    
70104e01  TimerP_setupPriv                     
70104fe1  UART_lld_dmaWrite                    
70105191  UART_close                           
70105341  UART_lld_controllerIsr               
701054e1  imu_uart_isr_init                    
70105801  MCAN_calcMsgRamParamsStartAddr       
70105c91  EDMA_unregisterIntr                  
70105e01  SOC_controlModuleUnlockMMR           
70105f61  UART_lld_initDma                     
701060c1  DebugP_shmLogWriterPutChar           
70106601  MCAN_setBitTime                      
70106751  CAN_Init                             
701069d1  MCAN_readMsgRam                      
70106c51  ClockP_init                          
70106d91  UART_procLineStatusErr               
70106ed1  EDMA_registerIntr                    
70107011  MCAN_init                            
70107151  UART_lld_init                        
70107281  MCAN_config                          
701073b1  SOC_controlModuleLockMMR             
701074e1  SOC_rcmGetPeripheralClockFrequency   
70107721  DebugP_shmLogWriterPutLine           
70107841  UART_lld_dmaRead                     
7010795c  __udivmoddi4                         
70107ef1  IpcNotify_sendMsg                    
70108111  GPIO_init                            
70108221  SemaphoreP_pend                      
70108331  gateway_ringbuf_read                 
70108541  CAN_StartRxInterrupts                
70108631  gateway_write_motor_config           
70108901  EDMA_freeChannelRegion               
701089f1  EDMA_freeParam                       
70108ae1  EDMA_freeDmaChannel                  
70108bc1  EDMA_freeTcc                         
70108ca1  UART_intrEnable                      
70108d81  UART_intrDisable                     
70108e61  AddrTranslateP_getLocalAddr          
701090d1  EDMA_disableChInShadowRegRegion      
701091a1  EDMA_enableChInShadowRegRegion       
70109271  EDMA_mapChToEvtQ                     
70109341  EDMA_configureChannelRegion          
701094c1  UART_flushTxFifo                     
70109641  ClockP_timerTickIsr                  
70109701  TimerP_init                          
701097c1  ClockP_stop                          
70109881  IpcNotify_waitSync                   
70109941  gateway_write_motor_states           
70109a01  CycleCounterP_init                   
70109a21  CycleCounterP_reset                  
70109a71  CycleCounterP_nsToTicks              
70109ab1  CycleCounterP_enableUserAccess       
70109ac1  MCAN_writeMsgRam                     
70109b71  SOC_rcmSetPeripheralClock            
70109c21  UART_init                            
70109d81  gateway_core1_wait_for_ready         
70109ee1  ClockP_destruct                      
70109f91  Drivers_uartOpen                     
7010a191  gateway_core1_ipc_callback           
7010a2d1  IpcNotify_registerClient             
7010a411  ClockP_getTimeUsec                   
7010a4b1  EDMA_unmapChToEvtQ                   
7010a551  yis320_convert_to_ipc                
7010a5f1  EDMA_disableTransferRegion           
7010a681  EDMA_enableTransferRegion            
7010a831  UART_lld_flushTxFifo                 
7010a951  EDMA_allocDmaChannel                 
7010a9e1  EDMA_allocParam                      
7010aa71  EDMA_allocTcc                        
7010ac21  IpcNotify_syncAll                    
7010acb1  imu_protocol_manager_init            
7010ad41  MCAN_addStdMsgIDFilter               
7010ae41  System_init                          
7010af41  _DebugP_assert                       
7010afc1  gateway_ringbuf_core1_init           
7010b0c1  UART_Params_init                     
7010b141  EDMA_linkChannel                     
7010b341  ClockP_usleep                        
7010b3c1  EDMA_clrMissEvtRegion                
7010b5a1  EDMA_getBaseAddr                     
7010b681  SOC_rcmGetR5Clock                    
7010b6f1  SOC_rcmIsR5FInLockStepMode           
7010b7d1  UART_lld_deInitDma                   
7010b841  MCAN_enableIntr                      
7010b8b1  MCAN_initTxBufElement                
7010b991  SemaphoreP_post                      
7010ba01  MCAN_selectIntrLine                  
7010ba61  UART_getChar                         
7010bb21  yis320_protocol_handler_init         
7010bb81  Module_clockSetFrequency             
7010bbe1  UART_lld_deInit                      
7010bee1  gateway_write_imu_state              
7010bfa1  Dpl_init                             
7010c001  EDMA_setPaRAM                        
7010c0c1  main                                 
7010c114  __TI_auto_init_nobinit_nopinit       
7010c171  Drivers_uartClose                    
7010c1c1  Pinmux_config                        
7010c211  UART_checkCharsAvailInFifo           
7010c261  DebugP_shmLogWriterInit              
7010c2b1  EDMA_clrEvtRegion                    
7010c301  EDMA_disableDmaEvtRegion             
7010c351  EDMA_disableEvtIntrRegion            
7010c3a1  EDMA_enableDmaEvtRegion              
7010c3f1  EDMA_enableEvtIntrRegion             
7010c441  EDMA_setEvtRegion                    
7010c491  GPIO_setDirMode                      
7010c4e1  MCAN_enableIntrLine                  
7010c531  ClockP_construct                     
7010c581  EDMA_ccPaRAMEntry_init               
7010c5d1  EDMA_mapQdmaChToPaRAM                
7010c621  EDMA_readEventStatusRegion           
7010c671  IpcNotify_unregisterClient           
7010c6c1  Module_clockEnable                   
7010c711  gateway_update_stat                  
7010c7ac  memmove                              
7010c851  IpcNotify_Params_init                
7010c8f1  UART_getIntrIdentityStatus           
7010ca81  UART_readLineStatus                  
7010cad1  imu_protocol_handler_init            
7010cc11  SemaphoreP_construct                 
7010cc61  _DebugP_logZone                      
7010cd51  ClockP_start                         
7010ce71  UART_spaceAvail                      
7010ceb1  gateway_core1_init                   
7010cef1  gateway_update_heartbeat             
7010cf31  timerISR                             
7010cfb1  UART_IsTxRxFifoEmpty                 
7010d031  CAN_RegisterRxCallback               
7010d071  MCAN_txBufAddReq                     
7010d0b1  SOC_moduleSetClockFrequency          
7010d171  snprintf_                            
7010d1b1  SOC_getCoreName                      
7010d1e8  CycleCounterP_getCount32             
7010d1f0  PmuP_setup                           
7010d1f8  PmuP_enableCounters                  
7010d200  PmuP_disableCounters                 
7010d208  PmuP_getOverflowStatus               
7010d210  PmuP_clearOverflowStatus             
7010d218  PmuP_setUserEnable                   
7010d261  EDMA_getRegionId                     
7010d321  IpcNotify_syncCallback               
7010d3a1  MCAN_calcCfgAddr                     
7010d421  TimerP_Params_initPriv               
7010d4a1  motor_get_config                     
7010d5a1  TimerP_getCountPriv                  
7010d6c1  gateway_signal_motor_config_ready    
7010d6f1  UART_lld_dmaInit                     
7010d751  DebugP_logZoneEnable                 
7010d7b1  MCAN_clearNewDataStatus              
7010d7e1  MCAN_getNewDataStatus                
7010d811  SemaphoreP_constructBinary           
7010d8a1  UART_intr2Disable                    
7010d8d1  UART_operatingModeSelect             
7010d901  CSL_armR5GetCpuID                    
7010d931  vprintf_                             
7010d961  EDMA_disableQdmaEvtRegion            
7010d991  EDMA_enableQdmaEvtRegion             
7010d9f1  IpcNotify_allocSwQueue               
7010da51  IpcNotify_getConfig                  
7010da81  SemaphoreP_constructMutex            
7010db41  UART_getBaseAddr                     
7010db64  __aeabi_uldivmod                     
7010dbc1  EDMA_channelToParamMap               
7010dbf1  gateway_ringbuf_core1_receive        
7010dc21  ClockP_isActive                      
7010dc41  ClockP_usecToTicks                   
7010dcc1  ClockP_Params_init                   
7010dce1  EDMA_getEventStatusHigh              
7010dd01  MCAN_setOpMode                       
7010dd21  SOC_getSelfCpuClk                    
7010dd41  SOC_moduleClockEnable                
7010dd61  TimerP_isr0                          
7010dda1  UART_lld_Transaction_deInit          
7010ddc1  EDMA_getEventStatus                  
7010de3c  TI_memcpy_small                      
7010de61  MCAN_clearIntrStatus                 
7010de81  MCAN_getOpMode                       
7010dee1  ClockP_ticksToUsec                   
7010df01  EDMA_isInterruptEnabled              
7010df41  IpcNotify_trigInterrupt              
7010df61  SemaphoreP_Params_init               
7010df81  TimerP_getReloadCountPriv            
7010dfe1  UART_putChar                         
7010dff8  TI_memset_small                      
7010e011  IpcNotify_sendSync                   
7010e031  MCAN_getIntrStatus                   
7010e051  TimerP_startPriv                     
7010e071  TimerP_stopPriv                      
7010e131  TimerP_clearOverflowIntPriv          
7010e151  TimerP_setup                         
7010e171  putchar_                             
7010e191  Pinmux_init                          
7010e1d1  yis320_get_timestamp_ms              
7010e231  ClockP_getTimerCount                 
7010e241  ClockP_timerClearOverflowInt         
7010e2c1  TimerP_Params_init                   
7010e2d1  TimerP_clearOverflowInt              
7010e2e1  TimerP_getCount                      
7010e2f1  TimerP_getReloadCount                
7010e301  TimerP_start                         
7010e321  gateway_notify_imu_ready             
7010e331  gateway_notify_states_ready          
7010e341  yis320_uart_configure                
7010e351  Board_driversOpen                    
7010e361  ClockP_getTicks                      
7010e371  Drivers_open                         
7010e381  PowerClock_init                      
7010e411  Drivers_uartInit                     
7010e441  SemaphoreP_destruct                  
7010e451  Board_driversClose                   
7010e461  Board_init                           
7010e471  Drivers_mcanOpen                     
7010e481  IpcNotify_wait                       
7010e491  TaskP_yield                          
7010e8f0  gCacheConfig                         
7010e8f8  gMpuConfig                           
7010e904  gMpuRegionConfig                     
7010e974  gCacheL1dCacheLineSize               
7010ea18  gADPLLJConfigTbl                     
7010f85e  gCR5ClkSrcInfoMap                    
7010fc10  gPeripheralClkSrcInfoMap             
7010ff9c  gXTALInfo                            
7010ffe8  gCacheL1pCacheLineSize               
7010fff8  __BSS_START                          
70110b78  gHwiCtrl                             
70111384  g_yis320_private_data                
7011178c  g_motor_lookup                       
701122b8  gIpcNotifyCtrl                       
70112528  gClockCtrl                           
70112548  virtToPhymap                         
7011256c  gTimerBaseAddr                       
70112570  gTimerHwiObj                         
70112574  gUartHandle                          
70112578  __BSS_END                            
70112578  __stack                              
70116578  __STACK_END                          
70116581  HwiP_enableInt                       
701165c1  HwiP_disableInt                      
70116621  HwiP_restoreInt                      
70116651  HwiP_clearInt                        
70116691  HwiP_post                            
701166d1  HwiP_Params_init                     
70116701  HwiP_construct                       
701168f1  HwiP_destruct                        
70116961  HwiP_init                            
70116b11  HwiP_inISR                           
70116b41  HwiP_setVimIrqPriMaskNonAtomic       
70116b91  HwiP_setVimIrqPriMaskAtomic          
70116c31  HwiP_restoreVimIrqPriMask            
70116c41  HwiP_irq_handler_c                   
70116de1  HwiP_fiq_handler                     
70116f41  HwiP_reserved_handler                
70116f81  HwiP_undefined_handler_c             
70116fa1  HwiP_user_undefined_handler_c        
70116fc1  HwiP_svc_handler                     
70117001  HwiP_prefetch_abort_handler_c        
701170a1  HwiP_user_prefetch_abort_handler_c   
701170e1  HwiP_data_abort_handler_c            
701171a1  HwiP_user_data_abort_handler_c       
701171dc  HwiP_irq_handler                     
70117250  HwiP_data_abort_handler              
70117294  HwiP_prefetch_abort_handler          
701172e0  HwiP_undefined_handler               
70117310  GET_DFSR                             
70117318  GET_ADFSR                            
70117320  GET_DFAR                             
70117328  GET_IFSR                             
70117330  GET_AIFSR                            
70117338  GET_IFAR                             
70117340  GET_SPSR                             
70117358  HwiP_disable                         
70117368  HwiP_disableFIQ                      
70117378  HwiP_enable                          
70117388  HwiP_enableFIQ                       
70117398  HwiP_restore                         
701173a0  HwiP_enableVIC                       
701173b0  HwiP_disableVIC                      
701173c0  HwiP_getCPSR                         
701173d0  CacheP_disableL1d                    
701173f8  CacheP_disableL1p                    
70117410  CacheP_enableL1d                     
70117428  CacheP_enableL1p                     
70117440  CacheP_invL1d                        
70117478  CacheP_invL1p                        
701174b4  CacheP_invL1dAll                     
701174bc  CacheP_invL1pAll                     
701174c4  CacheP_wb                            
70117500  CacheP_wbInv                         
7011753c  CacheP_wbAll                         
701175e4  CacheP_wbInvAll                      
701175fc  CacheP_wbInvAllAsm                   
7011769c  CacheP_getEnabled                    
701176d4  CacheP_getCacheLevelInfo             
701176e0  CacheP_configForceWrThru             
70117700  CacheP_setDLFO                       
70117711  CacheP_init                          
701177a1  CacheP_disable                       
701177f1  CacheP_enable                        
70117831  CacheP_inv                           
70117871  MpuP_getAttrs                        
701178d1  MpuP_RegionAttrs_init                
70117901  MpuP_setRegion                       
70117991  MpuP_isEnable                        
701179a1  MpuP_disable                         
701179e1  MpuP_enable                          
70117a31  MpuP_init                            
70117ad1  MpuP_isUserAuthorizedToAccessMemory  
70117bb0  MpuP_disableAsm                      
70117bc8  MpuP_disableBRAsm                    
70117bd8  MpuP_enableAsm                       
70117bf0  MpuP_enableBRAsm                     
70117c00  MpuP_isEnableAsm                     
70117c14  MpuP_setRegionAsm                    
70117c30  _c_int00_sbl                         
70117c54  _c_int00                             
70117d81  _DebugP_assertNoLog                  
70117db1  _system_pre_init                     
70117de1  __mpu_init                           
70117df0  abort                                
70117df8  gEdmaConfig                          
70117df8  gUartDmaHandle                       
70117f0c  gIpcNotifyMailboxConfig              
701180e4  gSocModulesClockFrequency            
7011815c  gUartParams                          
701181e4  gSocModules                          
70118250  gClockConfig                         
70118268  gIpcNotifyInterruptConfig_r5fss1_1   
70118294  gIpcNotifyCoreIntrBitPos             
701182c4  gAddrTranslateConfig                 
701182d8  gUartConfig                          
701182f0  gDebugLogZone                        
701182fc  gEdmaConfigNum                       
70118300  gHwiConfig                           
70118304  gIpcNotifyInterruptConfigNum_r5fss1_1
70118308  gUartConfigNum                       
7011830c  gUartDmaChConfig                     
70118342  isMapAvailable                       
70118348  __IRQ_STACK_START                    
70118448  __FIQ_STACK_START                    
70118448  __IRQ_STACK_END                      
70118548  __FIQ_STACK_END                      
70118548  __SVC_STACK_START                    
70119548  __ABORT_STACK_START                  
70119548  __SVC_STACK_END                      
70119648  __ABORT_STACK_END                    
70119648  __UNDEFINED_STACK_START              
70119748  __UNDEFINED_STACK_END                
70200000  gGatewaySharedMem                    
70208000  gDebugShmLog                         
ffffffff  __TI_pprof_out_hndl                  
ffffffff  __TI_prof_data_size                  
ffffffff  __TI_prof_data_start                 
ffffffff  __binit__                            
ffffffff  binit                                
UNDEFED   __TI_CINIT_Base                      
UNDEFED   __TI_CINIT_Limit                     
UNDEFED   __TI_Handler_Table_Base              
UNDEFED   __TI_Handler_Table_Limit             
UNDEFED   _system_post_cinit                   

[398 symbols]
