******************************************************************************
            TI ARM Clang Linker PC v4.0.4                      
******************************************************************************
>> Linked Wed Apr  8 19:38:18 2026

OUTPUT FILE NAME:   <ccu_ti_multi_core_realtime.out>
ENTRY POINT SYMBOL: "_vectors"  address: 00000000


MEMORY CONFIGURATION

         name            origin    length      used     unused   attr    fill
----------------------  --------  ---------  --------  --------  ----  --------
  R5F_VECS              00000000   00000040  00000040  00000000  RWIX
  R5F_TCMA              00000040   00007fc0  00000000  00007fc0  RWIX
  R5F_TCMB              00080000   00008000  00000000  00008000  RWIX
  MAILBOX_HSM           44000000   000003ce  00000000  000003ce  RWIX
  MAILBOX_R5F           44000400   000003ce  00000000  000003ce  RWIX
  FLASH                 60180000   00080000  00000000  00080000  RWIX
  OCRAM                 70180000   00080000  0001b258  00064da8  RWIX
  USER_SHM_MEM          70200000   00008000  00006f74  0000108c  RWIX
  LOG_SHM_MEM           70208000   00004000  00002000  00002000  RWIX
  RTOS_NORTOS_IPC_SHM_M 72000000   00003e80  00000000  00003e80  RWIX


SEGMENT ALLOCATION MAP

run origin  load origin   length   init length attrs members
----------  ----------- ---------- ----------- ----- -------
00000000    00000000    00000040   00000040    r-x
  00000000    00000000    00000040   00000040    r-x .vectors
70180000    70180000    00011768   00011768    r-x
  70180000    70180000    0000f330   0000f330    r-x .text
  7018f330    7018f330    00002438   00002438    r-- .rodata
70191768    70191768    00006348   00000000    rw-
  70191768    70191768    00002348   00000000    rw- .bss
  70193ab0    70193ab0    00004000   00000000    rw- .stack
70197ab0    70197ab0    00001878   00001878    r-x
  70197ab0    70197ab0    00000e50   00000e50    r-x .text.hwi
  70198900    70198900    000004a0   000004a0    r-x .text.cache
  70198da0    70198da0    000003c0   000003c0    r-x .text.mpu
  70199160    70199160    000001c0   000001c0    r-x .text.boot
  70199320    70199320    00000008   00000008    r-x .text:abort
70199328    70199328    00001f30   00000b30    rw-
  70199328    70199328    00000b30   00000b30    rw- .data
  70199e58    70199e58    00000100   00000000    rw- .irqstack
  70199f58    70199f58    00000100   00000000    rw- .fiqstack
  7019a058    7019a058    00001000   00000000    rw- .svcstack
  7019b058    7019b058    00000100   00000000    rw- .abortstack
  7019b158    7019b158    00000100   00000000    rw- .undefinedstack


SECTION ALLOCATION MAP

 output                                  attributes/
section   page    origin      length       input sections
--------  ----  ----------  ----------   ----------------
.vectors   0    00000000    00000040     
                  00000000    00000040     nortos.am263px.r5f.ti-arm-clang.debug.lib : HwiP_armv7r_vectors_nortos_asm.obj (.vectors)

.text      0    70180000    0000f330     
                  70180000    00000a34     nortos.am263px.r5f.ti-arm-clang.debug.lib : printf.obj (.text._vsnprintf)
                  70180a34    0000000c     libclang_rt.builtins.a : aeabi_memset.S.obj (.text.__aeabi_memclr)
                  70180a40    0000078c     main.o (.text.transmit_can_frames)
                  701811cc    00000004     libclang_rt.builtins.a : aeabi_div0.c.obj (.text.__aeabi_ldiv0)
                  701811d0    00000678     drivers.am263px.r5f.ti-arm-clang.nortos.debug.lib : soc_rcm.obj (.text.SOC_rcmGetClkSrcAndDivReg)
                  70181848    00000008     libsysbm.a : hostexit.c.obj (.text.HOSTexit)
                  70181850    00000638     drivers.am263px.r5f.ti-arm-clang.nortos.debug.lib : soc_rcm.obj (.text.SOC_rcmEnablePeripheralClock)
                  70181e88    00000004     libclang_rt.builtins.a : aeabi_memcpy.S.obj (.text.__aeabi_memcpy)
                  70181e8c    00000004                            : aeabi_memmove.S.obj (.text.__aeabi_memmove)
                  70181e90    000005e2     nortos.am263px.r5f.ti-arm-clang.debug.lib : printf.obj (.text._ftoa)
                  70182472    00000002     --HOLE-- [fill = 0]
                  70182474    0000000c                                               : CpuId_armv7r_asm.obj (.text)
                  70182480    00000556     main.o (.text.main_loop)
                  701829d6    0000000a     --HOLE-- [fill = 0]
                  701829e0    000004b0     nortos.am263px.r5f.ti-arm-clang.debug.lib : printf.obj (.text._etoa)
                  70182e90    00000402     yis320_protocol.o (.text.vtable_process_rx_data)
                  70183292    0000000e     --HOLE-- [fill = 0]
                  701832a0    00000400     drivers.am263px.r5f.ti-arm-clang.nortos.debug.lib : uart_v0.obj (.text.UART_open)
                  701836a0    000003dc                                                       : ipc_notify_v1.obj (.text.IpcNotify_init)
                  70183a7c    00000004     --HOLE-- [fill = 0]
                  70183a80    000003c8     main.o (.text.core1_init)
                  70183e48    00000008     --HOLE-- [fill = 0]
                  70183e50    0000031a     can_interface.o (.text.init_single_mcan)
                  7018416a    00000006     --HOLE-- [fill = 0]
                  70184170    00000302     drivers.am263px.r5f.ti-arm-clang.nortos.debug.lib : soc.obj (.text.SOC_virtToPhy)
                  70184472    0000000e     --HOLE-- [fill = 0]
                  70184480    000002f4     motor_mapping.o (.text.motor_mapping_init_core1)
                  70184774    0000000c     --HOLE-- [fill = 0]
                  70184780    000002a8     drivers.am263px.r5f.ti-arm-clang.nortos.debug.lib : mcan.obj (.text.MCAN_msgRAMConfig)
                  70184a28    00000008     --HOLE-- [fill = 0]
                  70184a30    0000027e                                                       : uart_dma_edma.obj (.text.UART_edmaChInit)
                  70184cae    00000002     --HOLE-- [fill = 0]
                  70184cb0    00000250                                                       : edma.obj (.text.Alloc_resource)
                  70184f00    00000242                                                       : uart_v0_lld.obj (.text.UART_fifoConfig)
                  70185142    0000000e     --HOLE-- [fill = 0]
                  70185150    0000023e     nortos.am263px.r5f.ti-arm-clang.debug.lib : printf.obj (.text._ntoa_format)
                  7018538e    00000002     --HOLE-- [fill = 0]
                  70185390    0000023e     can_interface.o (.text.can_rx_isr)
                  701855ce    00000002     --HOLE-- [fill = 0]
                  701855d0    0000023e     main.o (.text.process_can_rx)
                  7018580e    00000002     --HOLE-- [fill = 0]
                  70185810    0000022c     can_interface.o (.text.CAN_TransmitBatch)
                  70185a3c    00000004     --HOLE-- [fill = 0]
                  70185a40    00000226     drivers.am263px.r5f.ti-arm-clang.nortos.debug.lib : uart_dma_edma.obj (.text.UART_lld_dmaDeInit)
                  70185c66    0000000a     --HOLE-- [fill = 0]
                  70185c70    00000222                                                       : ipc_notify_v1.obj (.text.IpcNotify_isr)
                  70185e92    0000000e     --HOLE-- [fill = 0]
                  70185ea0    000001d6     nortos.am263px.r5f.ti-arm-clang.debug.lib : TimerP_rti_priv.obj (.text.TimerP_setupPriv)
                  70186076    0000000a     --HOLE-- [fill = 0]
                  70186080    000001aa     drivers.am263px.r5f.ti-arm-clang.nortos.debug.lib : uart_dma_edma.obj (.text.UART_lld_dmaWrite)
                  7018622a    00000006     --HOLE-- [fill = 0]
                  70186230    000001a8                                                       : uart_v0.obj (.text.UART_close)
                  701863d8    00000008     --HOLE-- [fill = 0]
                  701863e0    00000198                                                       : uart_v0_lld.obj (.text.UART_lld_controllerIsr)
                  70186578    00000008     --HOLE-- [fill = 0]
                  70186580    00000190     can_interface.o (.text.CAN_StartRxInterrupts)
                  70186710    00000186     drivers.am263px.r5f.ti-arm-clang.nortos.debug.lib : mcan.obj (.text.MCAN_readMsg)
                  70186896    0000000a     --HOLE-- [fill = 0]
                  701868a0    00000184                                                       : mcan.obj (.text.MCAN_calcMsgRamParamsStartAddr)
                  70186a24    0000000c     --HOLE-- [fill = 0]
                  70186a30    00000162                                                       : edma.obj (.text.EDMA_unregisterIntr)
                  70186b92    0000000e     --HOLE-- [fill = 0]
                  70186ba0    00000158                                                       : soc.obj (.text.SOC_controlModuleUnlockMMR)
                  70186cf8    00000008     --HOLE-- [fill = 0]
                  70186d00    00000152     can_interface.o (.text.CAN_Init)
                  70186e52    0000000e     --HOLE-- [fill = 0]
                  70186e60    00000152     drivers.am263px.r5f.ti-arm-clang.nortos.debug.lib : uart_v0_lld.obj (.text.UART_lld_initDma)
                  70186fb2    0000000e     --HOLE-- [fill = 0]
                  70186fc0    00000150     nortos.am263px.r5f.ti-arm-clang.debug.lib : DebugP_shmLogWriter.obj (.text.DebugP_shmLogWriterPutChar)
                  70187110    00000150     drivers.am263px.r5f.ti-arm-clang.nortos.debug.lib : mcan.obj (.text.MCAN_writeMsg)
                  70187260    0000014e     yis320_protocol.o (.text.parse_imu_frame)
                  701873ae    00000002     --HOLE-- [fill = 0]
                  701873b0    0000014c     drivers.am263px.r5f.ti-arm-clang.nortos.debug.lib : mcan.obj (.text.MCAN_setBitTime)
                  701874fc    00000004     --HOLE-- [fill = 0]
                  70187500    00000142     imu_interface_isr.o (.text.imu_uart_isr_init)
                  70187642    0000000e     --HOLE-- [fill = 0]
                  70187650    0000013a     drivers.am263px.r5f.ti-arm-clang.nortos.debug.lib : edma.obj (.text.EDMA_isDmaChannelAllocated)
                  7018778a    00000006     --HOLE-- [fill = 0]
                  70187790    00000138                                                       : mcan.obj (.text.MCAN_readMsgRam)
                  701878c8    00000008     --HOLE-- [fill = 0]
                  701878d0    00000138     nortos.am263px.r5f.ti-arm-clang.debug.lib : printf.obj (.text._ntoa_long_long)
                  70187a08    00000008     --HOLE-- [fill = 0]
                  70187a10    00000136                                               : ClockP_nortos_r5.obj (.text.ClockP_init)
                  70187b46    0000000a     --HOLE-- [fill = 0]
                  70187b50    00000136     drivers.am263px.r5f.ti-arm-clang.nortos.debug.lib : uart_v0_lld.obj (.text.UART_procLineStatusErr)
                  70187c86    0000000a     --HOLE-- [fill = 0]
                  70187c90    00000134                                                       : edma.obj (.text.EDMA_registerIntr)
                  70187dc4    0000000c     --HOLE-- [fill = 0]
                  70187dd0    00000134                                                       : mcan.obj (.text.MCAN_init)
                  70187f04    0000000c     --HOLE-- [fill = 0]
                  70187f10    0000012c                                                       : uart_v0_lld.obj (.text.UART_lld_init)
                  7018803c    00000004     --HOLE-- [fill = 0]
                  70188040    0000012a                                                       : mcan.obj (.text.MCAN_config)
                  7018816a    00000006     --HOLE-- [fill = 0]
                  70188170    00000126                                                       : soc.obj (.text.SOC_controlModuleLockMMR)
                  70188296    0000000a     --HOLE-- [fill = 0]
                  701882a0    00000120                                                       : soc_rcm.obj (.text.SOC_rcmGetPeripheralClockFrequency)
                  701883c0    00000120     can_interface.o (.text.init_can_stb_gpios)
                  701884e0    0000011c     nortos.am263px.r5f.ti-arm-clang.debug.lib : DebugP_shmLogWriter.obj (.text.DebugP_shmLogWriterPutLine)
                  701885fc    00000004     --HOLE-- [fill = 0]
                  70188600    0000011c     drivers.am263px.r5f.ti-arm-clang.nortos.debug.lib : uart_dma_edma.obj (.text.UART_lld_dmaRead)
                  7018871c    00000118     libclang_rt.builtins.a : udivmoddi4.S.obj (.text)
                  70188834    0000000c     --HOLE-- [fill = 0]
                  70188840    00000116     drivers.am263px.r5f.ti-arm-clang.nortos.debug.lib : edma.obj (.text.EDMA_isTccAllocated)
                  70188956    0000000a     --HOLE-- [fill = 0]
                  70188960    00000116                                                       : uart_v0_lld.obj (.text.UART_divisorLatchWrite)
                  70188a76    0000000a     --HOLE-- [fill = 0]
                  70188a80    00000114     nortos.am263px.r5f.ti-arm-clang.debug.lib : printf.obj (.text._ntoa_long)
                  70188b94    0000000c     --HOLE-- [fill = 0]
                  70188ba0    0000010e     drivers.am263px.r5f.ti-arm-clang.nortos.debug.lib : soc_rcm.obj (.text.SOC_rcmADPLLJGetFOut)
                  70188cae    00000002     --HOLE-- [fill = 0]
                  70188cb0    0000010a                                                       : ipc_notify_v1.obj (.text.IpcNotify_sendMsg)
                  70188dba    00000006     --HOLE-- [fill = 0]
                  70188dc0    00000104                                                       : uart_v0_lld.obj (.text.UART_configInstance)
                  70188ec4    0000000c     --HOLE-- [fill = 0]
                  70188ed0    00000102     ti_drivers_config.o (.text.GPIO_init)
                  70188fd2    0000000e     --HOLE-- [fill = 0]
                  70188fe0    00000102     nortos.am263px.r5f.ti-arm-clang.debug.lib : SemaphoreP_nortos.obj (.text.SemaphoreP_pend)
                  701890e2    0000000e     --HOLE-- [fill = 0]
                  701890f0    00000102     gateway_shared.o (.text.gateway_ringbuf_read)
                  701891f2    0000000e     --HOLE-- [fill = 0]
                  70189200    000000ec     gateway_shared.o (.text.gateway_write_motor_config)
                  701892ec    00000004     --HOLE-- [fill = 0]
                  701892f0    000000e6     drivers.am263px.r5f.ti-arm-clang.nortos.debug.lib : soc_rcm.obj (.text.SOC_rcmGetCoreFout)
                  701893d6    0000000a     --HOLE-- [fill = 0]
                  701893e0    000000e6                                                       : soc_rcm.obj (.text.SOC_rcmGetPerFout)
                  701894c6    0000000a     --HOLE-- [fill = 0]
                  701894d0    000000e6     main.o (.text.receive_motor_commands)
                  701895b6    0000000a     --HOLE-- [fill = 0]
                  701895c0    000000e4     drivers.am263px.r5f.ti-arm-clang.nortos.debug.lib : edma.obj (.text.EDMA_freeChannelRegion)
                  701896a4    0000000c     --HOLE-- [fill = 0]
                  701896b0    000000e2                                                       : edma.obj (.text.EDMA_freeParam)
                  70189792    0000000e     --HOLE-- [fill = 0]
                  701897a0    000000e0                                                       : edma.obj (.text.EDMA_freeDmaChannel)
                  70189880    000000e0                                                       : edma.obj (.text.EDMA_freeTcc)
                  70189960    000000de                                                       : uart_v0_lld.obj (.text.UART_intrEnable)
                  70189a3e    00000002     --HOLE-- [fill = 0]
                  70189a40    000000da                                                       : uart_v0_lld.obj (.text.UART_intrDisable)
                  70189b1a    00000006     --HOLE-- [fill = 0]
                  70189b20    000000d0     nortos.am263px.r5f.ti-arm-clang.debug.lib : AddrTranslateP_32bit.obj (.text.AddrTranslateP_getLocalAddr)
                  70189bf0    000000ce     drivers.am263px.r5f.ti-arm-clang.nortos.debug.lib : edma.obj (.text.EDMA_disableChInShadowRegRegion)
                  70189cbe    00000002     --HOLE-- [fill = 0]
                  70189cc0    000000cc                                                       : edma.obj (.text.EDMA_enableChInShadowRegRegion)
                  70189d8c    00000004     --HOLE-- [fill = 0]
                  70189d90    000000c4                                                       : edma.obj (.text.EDMA_mapChToEvtQ)
                  70189e54    0000000c     --HOLE-- [fill = 0]
                  70189e60    000000c0                                                       : edma.obj (.text.EDMA_configureChannelRegion)
                  70189f20    000000c0                                                       : soc_rcm.obj (.text.SOC_rcmGetPerHSDivOut)
                  70189fe0    000000c0                                                       : uart_v0.obj (.text.UART_flushTxFifo)
                  7018a0a0    000000c0     nortos.am263px.r5f.ti-arm-clang.debug.lib : printf.obj (.text._out_rev)
                  7018a160    000000be                                               : ClockP_nortos.obj (.text.ClockP_timerTickIsr)
                  7018a21e    00000002     --HOLE-- [fill = 0]
                  7018a220    000000be     ti_dpl_config.o (.text.TimerP_init)
                  7018a2de    00000002     --HOLE-- [fill = 0]
                  7018a2e0    000000ba     nortos.am263px.r5f.ti-arm-clang.debug.lib : ClockP_nortos.obj (.text.ClockP_stop)
                  7018a39a    00000006     --HOLE-- [fill = 0]
                  7018a3a0    000000ba     drivers.am263px.r5f.ti-arm-clang.nortos.debug.lib : ipc_notify_v1.obj (.text.IpcNotify_waitSync)
                  7018a45a    00000006     --HOLE-- [fill = 0]
                  7018a460    000000ba     nortos.am263px.r5f.ti-arm-clang.debug.lib : PmuP_armv7r.obj (.text.pmu)
                  7018a51a    00000006     --HOLE-- [fill = 0]
                  7018a520    000000b0     drivers.am263px.r5f.ti-arm-clang.nortos.debug.lib : mcan.obj (.text.MCAN_writeMsgRam)
                  7018a5d0    000000b0                                                       : soc_rcm.obj (.text.SOC_rcmSetPeripheralClock)
                  7018a680    000000b0                                                       : uart_v0.obj (.text.UART_init)
                  7018a730    000000b0     imu_interface_isr.o (.text.imu_uart_isr)
                  7018a7e0    000000ae     drivers.am263px.r5f.ti-arm-clang.nortos.debug.lib : mcan.obj (.text.MCAN_getOffsetAddr)
                  7018a88e    00000002     --HOLE-- [fill = 0]
                  7018a890    000000ae     main.o (.text.copy_motor_commands_to_working)
                  7018a93e    00000002     --HOLE-- [fill = 0]
                  7018a940    000000ae     gateway_shared.o (.text.gateway_write_motor_states)
                  7018a9ee    00000002     --HOLE-- [fill = 0]
                  7018a9f0    000000ac     gateway_shared.o (.text.gateway_core1_wait_for_ready)
                  7018aa9c    00000004     --HOLE-- [fill = 0]
                  7018aaa0    000000a8     nortos.am263px.r5f.ti-arm-clang.debug.lib : ClockP_nortos.obj (.text.ClockP_addToList)
                  7018ab48    00000008     --HOLE-- [fill = 0]
                  7018ab50    000000a8                                               : ClockP_nortos.obj (.text.ClockP_destruct)
                  7018abf8    00000008     --HOLE-- [fill = 0]
                  7018ac00    000000a8     ti_drivers_open_close.o (.text.Drivers_uartOpen)
                  7018aca8    00000008     --HOLE-- [fill = 0]
                  7018acb0    000000a0     drivers.am263px.r5f.ti-arm-clang.nortos.debug.lib : soc_rcm.obj (.text.SOC_rcmGetCoreHSDivOut)
                  7018ad50    0000009e     gateway_shared.o (.text.gateway_core1_ipc_callback)
                  7018adee    00000002     --HOLE-- [fill = 0]
                  7018adf0    0000009e     yis320_protocol.o (.text.validate_checksum)
                  7018ae8e    00000002     --HOLE-- [fill = 0]
                  7018ae90    0000009a     imu_interface_isr.o (.text.imu_uart_read)
                  7018af2a    00000006     --HOLE-- [fill = 0]
                  7018af30    00000098     drivers.am263px.r5f.ti-arm-clang.nortos.debug.lib : ipc_notify_v1.obj (.text.IpcNotify_registerClient)
                  7018afc8    00000008     --HOLE-- [fill = 0]
                  7018afd0    00000096                                                       : uart_v0_lld.obj (.text.UART_subConfigTCRTLRModeEn)
                  7018b066    0000000a     --HOLE-- [fill = 0]
                  7018b070    00000092     nortos.am263px.r5f.ti-arm-clang.debug.lib : ClockP_nortos.obj (.text.ClockP_getTimeUsec)
                  7018b102    0000000e     --HOLE-- [fill = 0]
                  7018b110    00000092     drivers.am263px.r5f.ti-arm-clang.nortos.debug.lib : edma.obj (.text.EDMA_unmapChToEvtQ)
                  7018b1a2    0000000e     --HOLE-- [fill = 0]
                  7018b1b0    00000092     motor_mapping.o (.text.float_to_uint)
                  7018b242    0000000e     --HOLE-- [fill = 0]
                  7018b250    00000092     yis320_protocol.o (.text.yis320_convert_to_ipc)
                  7018b2e2    0000000e     --HOLE-- [fill = 0]
                  7018b2f0    0000008c     drivers.am263px.r5f.ti-arm-clang.nortos.debug.lib : edma.obj (.text.EDMA_disableTransferRegion)
                  7018b37c    00000004     --HOLE-- [fill = 0]
                  7018b380    0000008c                                                       : edma.obj (.text.EDMA_enableTransferRegion)
                  7018b40c    00000004     --HOLE-- [fill = 0]
                  7018b410    00000088                                                       : uart_dma_edma.obj (.text.UART_edmaIsrRx)
                  7018b498    00000008     --HOLE-- [fill = 0]
                  7018b4a0    00000088                                                       : uart_dma_edma.obj (.text.UART_edmaIsrTx)
                  7018b528    00000008     --HOLE-- [fill = 0]
                  7018b530    00000086                                                       : uart_v0_lld.obj (.text.UART_lld_flushTxFifo)
                  7018b5b6    0000000a     --HOLE-- [fill = 0]
                  7018b5c0    00000086                                                       : uart_v0_lld.obj (.text.UART_tcrTlrBitValRestore)
                  7018b646    0000000a     --HOLE-- [fill = 0]
                  7018b650    00000082                                                       : edma.obj (.text.EDMA_allocDmaChannel)
                  7018b6d2    0000000e     --HOLE-- [fill = 0]
                  7018b6e0    00000082                                                       : edma.obj (.text.EDMA_allocParam)
                  7018b762    0000000e     --HOLE-- [fill = 0]
                  7018b770    00000082                                                       : edma.obj (.text.EDMA_allocTcc)
                  7018b7f2    0000000e     --HOLE-- [fill = 0]
                  7018b800    00000082                                                       : edma.obj (.text.EDMA_disableTccInShadowRegRegion)
                  7018b882    0000000e     --HOLE-- [fill = 0]
                  7018b890    00000082                                                       : edma.obj (.text.EDMA_enableTccInShadowRegRegion)
                  7018b912    0000000e     --HOLE-- [fill = 0]
                  7018b920    00000082                                                       : ipc_notify_v1.obj (.text.IpcNotify_syncAll)
                  7018b9a2    0000000e     --HOLE-- [fill = 0]
                  7018b9b0    00000082     imu_protocol_handler.o (.text.imu_protocol_manager_init)
                  7018ba32    0000000e     --HOLE-- [fill = 0]
                  7018ba40    00000080     drivers.am263px.r5f.ti-arm-clang.nortos.debug.lib : mcan.obj (.text.MCAN_addStdMsgIDFilter)
                  7018bac0    00000080                                                       : uart_v0_lld.obj (.text.UART_moduleReset)
                  7018bb40    0000007e     ti_drivers_config.o (.text.System_init)
                  7018bbbe    00000002     --HOLE-- [fill = 0]
                  7018bbc0    0000007e     drivers.am263px.r5f.ti-arm-clang.nortos.debug.lib : uart_v0_lld.obj (.text.UART_readData)
                  7018bc3e    00000002     --HOLE-- [fill = 0]
                  7018bc40    0000007c     nortos.am263px.r5f.ti-arm-clang.debug.lib : DebugP_log.obj (.text._DebugP_assert)
                  7018bcbc    00000004     --HOLE-- [fill = 0]
                  7018bcc0    0000007c     gateway_shared.o (.text.gateway_ringbuf_core1_init)
                  7018bd3c    00000004     --HOLE-- [fill = 0]
                  7018bd40    0000007a     drivers.am263px.r5f.ti-arm-clang.nortos.debug.lib : ipc_notify_v1.obj (.text.IpcNotify_mailboxWrite)
                  7018bdba    00000006     --HOLE-- [fill = 0]
                  7018bdc0    0000007a                                                       : uart_v0.obj (.text.UART_Params_init)
                  7018be3a    00000006     --HOLE-- [fill = 0]
                  7018be40    0000007a     gateway_shared.o (.text.gateway_write_imu_state)
                  7018beba    00000006     --HOLE-- [fill = 0]
                  7018bec0    00000078     drivers.am263px.r5f.ti-arm-clang.nortos.debug.lib : edma.obj (.text.EDMA_linkChannel)
                  7018bf38    00000008     --HOLE-- [fill = 0]
                  7018bf40    00000074                                                       : uart_v0_lld.obj (.text.UART_IsBaseAddrValid)
                  7018bfb4    0000000c     --HOLE-- [fill = 0]
                  7018bfc0    00000072     nortos.am263px.r5f.ti-arm-clang.debug.lib : ClockP_nortos.obj (.text.ClockP_usleep)
                  7018c032    0000000e     --HOLE-- [fill = 0]
                  7018c040    00000072     drivers.am263px.r5f.ti-arm-clang.nortos.debug.lib : edma.obj (.text.EDMA_clrMissEvtRegion)
                  7018c0b2    0000000e     --HOLE-- [fill = 0]
                  7018c0c0    00000072                                                       : ipc_notify_v1.obj (.text.IpcNotify_makeMsg)
                  7018c132    0000000e     --HOLE-- [fill = 0]
                  7018c140    0000006e     yis320_protocol.o (.text.find_frame_header_limited)
                  7018c1ae    00000002     --HOLE-- [fill = 0]
                  7018c1b0    0000006a     drivers.am263px.r5f.ti-arm-clang.nortos.debug.lib : ipc_notify_v1.obj (.text.IpcNotify_mailboxReadSwQ)
                  7018c21a    00000006     --HOLE-- [fill = 0]
                  7018c220    00000068                                                       : edma.obj (.text.EDMA_getBaseAddr)
                  7018c288    00000008     --HOLE-- [fill = 0]
                  7018c290    00000068                                                       : uart_v0_lld.obj (.text.UART_divisorValCompute)
                  7018c2f8    00000008     --HOLE-- [fill = 0]
                  7018c300    00000068     imu_protocol_handler.o (.text.imu_protocol_get_state)
                  7018c368    00000008     --HOLE-- [fill = 0]
                  7018c370    00000064     drivers.am263px.r5f.ti-arm-clang.nortos.debug.lib : soc_rcm.obj (.text.SOC_rcmGetR5Clock)
                  7018c3d4    0000000c     --HOLE-- [fill = 0]
                  7018c3e0    00000064                                                       : soc_rcm.obj (.text.SOC_rcmIsR5FInLockStepMode)
                  7018c444    0000000c     --HOLE-- [fill = 0]
                  7018c450    00000064                                                       : uart_v0_lld.obj (.text.UART_fifoRegisterWrite)
                  7018c4b4    0000000c     --HOLE-- [fill = 0]
                  7018c4c0    00000064                                                       : uart_v0_lld.obj (.text.UART_lld_deInitDma)
                  7018c524    0000000c     --HOLE-- [fill = 0]
                  7018c530    00000064     imu_protocol_handler.o (.text.imu_protocol_process_uart_rx)
                  7018c594    0000000c     --HOLE-- [fill = 0]
                  7018c5a0    00000062     drivers.am263px.r5f.ti-arm-clang.nortos.debug.lib : mcan.obj (.text.MCAN_enableIntr)
                  7018c602    0000000e     --HOLE-- [fill = 0]
                  7018c610    00000062                                                       : mcan.obj (.text.MCAN_initTxBufElement)
                  7018c672    0000000e     --HOLE-- [fill = 0]
                  7018c680    00000062                                                       : soc_rcm.obj (.text.SOC_rcmInsert16)
                  7018c6e2    0000000e     --HOLE-- [fill = 0]
                  7018c6f0    00000062     nortos.am263px.r5f.ti-arm-clang.debug.lib : SemaphoreP_nortos.obj (.text.SemaphoreP_post)
                  7018c752    0000000e     --HOLE-- [fill = 0]
                  7018c760    00000060     drivers.am263px.r5f.ti-arm-clang.nortos.debug.lib : mcan.obj (.text.MCAN_selectIntrLine)
                  7018c7c0    00000060                                                       : uart_v0_lld.obj (.text.UART_getChar)
                  7018c820    00000060                                                       : uart_v0_lld.obj (.text.UART_writeData)
                  7018c880    0000005e     yis320_protocol.o (.text.yis320_protocol_handler_init)
                  7018c8de    00000002     --HOLE-- [fill = 0]
                  7018c8e0    0000005c     ti_power_clock_config.o (.text.Module_clockSetFrequency)
                  7018c93c    00000004     --HOLE-- [fill = 0]
                  7018c940    0000005c     drivers.am263px.r5f.ti-arm-clang.nortos.debug.lib : uart_v0_lld.obj (.text.UART_lld_deInit)
                  7018c99c    00000004     --HOLE-- [fill = 0]
                  7018c9a0    0000005a                                                       : uart_v0_lld.obj (.text.UART_regConfigModeEnable)
                  7018c9fa    00000006     --HOLE-- [fill = 0]
                  7018ca00    00000058                                                       : soc_rcm.obj (.text.SOC_rcmGetModuleClkDivVal)
                  7018ca58    00000008     --HOLE-- [fill = 0]
                  7018ca60    00000058     yis320_protocol.o (.text.parse_angular_velocity)
                  7018cab8    00000008     --HOLE-- [fill = 0]
                  7018cac0    00000058     yis320_protocol.o (.text.parse_euler_angles)
                  7018cb18    00000008     --HOLE-- [fill = 0]
                  7018cb20    00000056     drivers.am263px.r5f.ti-arm-clang.nortos.debug.lib : uart_v0.obj (.text.UART_lld_readCompleteCallback)
                  7018cb76    0000000a     --HOLE-- [fill = 0]
                  7018cb80    00000056                                                       : uart_v0.obj (.text.UART_lld_writeCompleteCallback)
                  7018cbd6    0000000a     --HOLE-- [fill = 0]
                  7018cbe0    00000056     motor_mapping.o (.text.uint16_to_float)
                  7018cc36    0000000a     --HOLE-- [fill = 0]
                  7018cc40    00000056     yis320_protocol.o (.text.vtable_initialize)
                  7018cc96    0000000a     --HOLE-- [fill = 0]
                  7018cca0    00000054     ti_dpl_config.o (.text.Dpl_init)
                  7018ccf4    0000000c     --HOLE-- [fill = 0]
                  7018cd00    00000054     drivers.am263px.r5f.ti-arm-clang.nortos.debug.lib : edma.obj (.text.EDMA_setPaRAM)
                  7018cd54    0000000c     --HOLE-- [fill = 0]
                  7018cd60    00000054                                                       : uart_v0_lld.obj (.text.UART_OperModeValid)
                  7018cdb4    0000000c     --HOLE-- [fill = 0]
                  7018cdc0    00000054     main.o (.text.main)
                  7018ce14    00000054     libc.a : autoinit.c.obj (.text:__TI_auto_init_nobinit_nopinit)
                  7018ce68    00000008     --HOLE-- [fill = 0]
                  7018ce70    00000050     ti_drivers_open_close.o (.text.Drivers_uartClose)
                  7018cec0    00000050     drivers.am263px.r5f.ti-arm-clang.nortos.debug.lib : pinmux.obj (.text.Pinmux_config)
                  7018cf10    00000050                                                       : uart_v0_lld.obj (.text.UART_checkCharsAvailInFifo)
                  7018cf60    00000050     main.o (.text.ipc_notify_callback_fxn)
                  7018cfb0    0000004e     nortos.am263px.r5f.ti-arm-clang.debug.lib : DebugP_shmLogWriter.obj (.text.DebugP_shmLogWriterInit)
                  7018cffe    00000002     --HOLE-- [fill = 0]
                  7018d000    0000004e     drivers.am263px.r5f.ti-arm-clang.nortos.debug.lib : edma.obj (.text.EDMA_clrEvtRegion)
                  7018d04e    00000002     --HOLE-- [fill = 0]
                  7018d050    0000004e                                                       : edma.obj (.text.EDMA_disableDmaEvtRegion)
                  7018d09e    00000002     --HOLE-- [fill = 0]
                  7018d0a0    0000004e                                                       : edma.obj (.text.EDMA_disableEvtIntrRegion)
                  7018d0ee    00000002     --HOLE-- [fill = 0]
                  7018d0f0    0000004e                                                       : edma.obj (.text.EDMA_enableDmaEvtRegion)
                  7018d13e    00000002     --HOLE-- [fill = 0]
                  7018d140    0000004e                                                       : edma.obj (.text.EDMA_enableEvtIntrRegion)
                  7018d18e    00000002     --HOLE-- [fill = 0]
                  7018d190    0000004e                                                       : edma.obj (.text.EDMA_setEvtRegion)
                  7018d1de    00000002     --HOLE-- [fill = 0]
                  7018d1e0    0000004e                                                       : gpio.obj (.text.GPIO_setDirMode)
                  7018d22e    00000002     --HOLE-- [fill = 0]
                  7018d230    0000004e                                                       : mcan.obj (.text.MCAN_enableIntrLine)
                  7018d27e    00000002     --HOLE-- [fill = 0]
                  7018d280    0000004c     nortos.am263px.r5f.ti-arm-clang.debug.lib : ClockP_nortos.obj (.text.ClockP_construct)
                  7018d2cc    00000004     --HOLE-- [fill = 0]
                  7018d2d0    0000004c     drivers.am263px.r5f.ti-arm-clang.nortos.debug.lib : edma.obj (.text.EDMA_ccPaRAMEntry_init)
                  7018d31c    00000004     --HOLE-- [fill = 0]
                  7018d320    0000004c                                                       : edma.obj (.text.EDMA_mapQdmaChToPaRAM)
                  7018d36c    00000004     --HOLE-- [fill = 0]
                  7018d370    0000004c                                                       : edma.obj (.text.EDMA_readEventStatusRegion)
                  7018d3bc    00000004     --HOLE-- [fill = 0]
                  7018d3c0    0000004c                                                       : ipc_notify_v1.obj (.text.IpcNotify_unregisterClient)
                  7018d40c    00000004     --HOLE-- [fill = 0]
                  7018d410    0000004c     ti_power_clock_config.o (.text.Module_clockEnable)
                  7018d45c    00000004     --HOLE-- [fill = 0]
                  7018d460    0000004c     gateway_shared.o (.text.gateway_update_stat)
                  7018d4ac    0000004c     libc.a : memmov.c.obj (.text.memmove)
                  7018d4f8    00000008     --HOLE-- [fill = 0]
                  7018d500    0000004c     yis320_protocol.o (.text.parse_quaternion)
                  7018d54c    00000004     --HOLE-- [fill = 0]
                  7018d550    0000004c     main.o (.text.timerISR)
                  7018d59c    00000004     --HOLE-- [fill = 0]
                  7018d5a0    0000004a     can_interface.o (.text.CAN_GetStats)
                  7018d5ea    00000006     --HOLE-- [fill = 0]
                  7018d5f0    0000004a     drivers.am263px.r5f.ti-arm-clang.nortos.debug.lib : ipc_notify_v1.obj (.text.IpcNotify_Params_init)
                  7018d63a    00000006     --HOLE-- [fill = 0]
                  7018d640    0000004a                                                       : soc_rcm.obj (.text.SOC_rcmGetCR5SysclkInFrequency)
                  7018d68a    00000006     --HOLE-- [fill = 0]
                  7018d690    0000004a                                                       : uart_v0_lld.obj (.text.UART_getIntrIdentityStatus)
                  7018d6da    00000006     --HOLE-- [fill = 0]
                  7018d6e0    0000004a                                                       : uart_v0_lld.obj (.text.UART_lineCharConfig)
                  7018d72a    00000006     --HOLE-- [fill = 0]
                  7018d730    0000004a     main.o (.text.motor_get_index)
                  7018d77a    00000006     --HOLE-- [fill = 0]
                  7018d780    00000048     can_interface.o (.text.CAN_RegisterRxCallback)
                  7018d7c8    00000008     --HOLE-- [fill = 0]
                  7018d7d0    00000048     drivers.am263px.r5f.ti-arm-clang.nortos.debug.lib : uart_v0_lld.obj (.text.UART_resetModule)
                  7018d818    00000008     --HOLE-- [fill = 0]
                  7018d820    00000046                                                       : uart_v0_lld.obj (.text.UART_i2310WA)
                  7018d866    0000000a     --HOLE-- [fill = 0]
                  7018d870    00000046                                                       : uart_v0_lld.obj (.text.UART_readLineStatus)
                  7018d8b6    0000000a     --HOLE-- [fill = 0]
                  7018d8c0    00000046     gateway_shared.o (.text.gateway_ringbuf_get_available)
                  7018d906    0000000a     --HOLE-- [fill = 0]
                  7018d910    00000046     imu_protocol_handler.o (.text.imu_protocol_handler_init)
                  7018d956    0000000a     --HOLE-- [fill = 0]
                  7018d960    00000044     drivers.am263px.r5f.ti-arm-clang.nortos.debug.lib : ipc_notify_v1.obj (.text.IpcNotify_getWriteMailbox)
                  7018d9a4    0000000c     --HOLE-- [fill = 0]
                  7018d9b0    00000044                                                       : soc_rcm.obj (.text.SOC_rcmExtract8)
                  7018d9f4    0000000c     --HOLE-- [fill = 0]
                  7018da00    00000044                                                       : soc_rcm.obj (.text.SOC_rcmMake16)
                  7018da44    0000000c     --HOLE-- [fill = 0]
                  7018da50    00000044     nortos.am263px.r5f.ti-arm-clang.debug.lib : SemaphoreP_nortos.obj (.text.SemaphoreP_construct)
                  7018da94    0000000c     --HOLE-- [fill = 0]
                  7018daa0    00000044                                               : DebugP_nortos.obj (.text._DebugP_logZone)
                  7018dae4    0000000c     --HOLE-- [fill = 0]
                  7018daf0    00000044                                               : printf.obj (.text._strnlen_s)
                  7018db34    0000000c     --HOLE-- [fill = 0]
                  7018db40    00000042                                               : ClockP_nortos.obj (.text.ClockP_start)
                  7018db82    0000000e     --HOLE-- [fill = 0]
                  7018db90    00000042     drivers.am263px.r5f.ti-arm-clang.nortos.debug.lib : uart_v0.obj (.text.UART_checkOpenParams)
                  7018dbd2    0000000e     --HOLE-- [fill = 0]
                  7018dbe0    00000040     imu_protocol_handler.o (.text.imu_protocol_update_state)
                  7018dc20    0000003e     drivers.am263px.r5f.ti-arm-clang.nortos.debug.lib : pinmux.obj (.text.Pinmux_unlockMMR)
                  7018dc5e    00000002     --HOLE-- [fill = 0]
                  7018dc60    0000003e                                                       : uart_v0_lld.obj (.text.UART_IsHWFlowCtrlValid)
                  7018dc9e    00000002     --HOLE-- [fill = 0]
                  7018dca0    0000003e                                                       : uart_v0_lld.obj (.text.UART_spaceAvail)
                  7018dcde    00000002     --HOLE-- [fill = 0]
                  7018dce0    0000003e     gateway_shared.o (.text.gateway_core1_init)
                  7018dd1e    00000002     --HOLE-- [fill = 0]
                  7018dd20    0000003e     gateway_shared.o (.text.gateway_update_heartbeat)
                  7018dd5e    00000002     --HOLE-- [fill = 0]
                  7018dd60    0000003c     drivers.am263px.r5f.ti-arm-clang.nortos.debug.lib : uart_v0_lld.obj (.text.UART_IsParityTypeValid)
                  7018dd9c    00000004     --HOLE-- [fill = 0]
                  7018dda0    0000003c                                                       : uart_v0_lld.obj (.text.UART_IsTxRxFifoEmpty)
                  7018dddc    00000004     --HOLE-- [fill = 0]
                  7018dde0    0000003c                                                       : uart_v0_lld.obj (.text.UART_enhanFuncEnable)
                  7018de1c    00000004     --HOLE-- [fill = 0]
                  7018de20    0000003a                                                       : mcan.obj (.text.MCAN_txBufAddReq)
                  7018de5a    00000006     --HOLE-- [fill = 0]
                  7018de60    0000003a                                                       : soc.obj (.text.SOC_moduleSetClockFrequency)
                  7018de9a    00000006     --HOLE-- [fill = 0]
                  7018dea0    0000003a     nortos.am263px.r5f.ti-arm-clang.debug.lib : printf.obj (.text._atoi)
                  7018deda    00000006     --HOLE-- [fill = 0]
                  7018dee0    0000003a     main.o (.text.check_motor_commands_available)
                  7018df1a    00000006     --HOLE-- [fill = 0]
                  7018df20    0000003a     main.o (.text.init_1000hz_timer)
                  7018df5a    00000006     --HOLE-- [fill = 0]
                  7018df60    0000003a     nortos.am263px.r5f.ti-arm-clang.debug.lib : printf.obj (.text.snprintf_)
                  7018df9a    00000006     --HOLE-- [fill = 0]
                  7018dfa0    00000038     drivers.am263px.r5f.ti-arm-clang.nortos.debug.lib : soc.obj (.text.SOC_getCoreName)
                  7018dfd8    00000038     nortos.am263px.r5f.ti-arm-clang.debug.lib : PmuP_armv7r_asm.obj (.text.pmu)
                  7018e010    00000038     yis320_protocol.o (.text.vtable_is_connected)
                  7018e048    00000008     --HOLE-- [fill = 0]
                  7018e050    00000036     drivers.am263px.r5f.ti-arm-clang.nortos.debug.lib : edma.obj (.text.EDMA_getRegionId)
                  7018e086    0000000a     --HOLE-- [fill = 0]
                  7018e090    00000036     can_interface.o (.text.GPIO_pinWriteLow)
                  7018e0c6    0000000a     --HOLE-- [fill = 0]
                  7018e0d0    00000036     ti_drivers_config.o (.text.GPIO_pinWriteLow)
                  7018e106    0000000a     --HOLE-- [fill = 0]
                  7018e110    00000036     drivers.am263px.r5f.ti-arm-clang.nortos.debug.lib : ipc_notify_v1.obj (.text.IpcNotify_syncCallback)
                  7018e146    0000000a     --HOLE-- [fill = 0]
                  7018e150    00000034                                                       : mcan.obj (.text.MCAN_SsAddr)
                  7018e184    0000000c     --HOLE-- [fill = 0]
                  7018e190    00000034                                                       : mcan.obj (.text.MCAN_calcCfgAddr)
                  7018e1c4    0000000c     --HOLE-- [fill = 0]
                  7018e1d0    00000034                                                       : pinmux.obj (.text.Pinmux_lockMMR)
                  7018e204    0000000c     --HOLE-- [fill = 0]
                  7018e210    00000034     nortos.am263px.r5f.ti-arm-clang.debug.lib : TimerP_rti_priv.obj (.text.TimerP_Params_initPriv)
                  7018e244    0000000c     --HOLE-- [fill = 0]
                  7018e250    00000034     drivers.am263px.r5f.ti-arm-clang.nortos.debug.lib : uart_v0_lld.obj (.text.UART_IsDataLengthValid)
                  7018e284    0000000c     --HOLE-- [fill = 0]
                  7018e290    00000034     motor_mapping.o (.text.motor_get_config)
                  7018e2c4    0000000c     --HOLE-- [fill = 0]
                  7018e2d0    00000032     drivers.am263px.r5f.ti-arm-clang.nortos.debug.lib : mcan.obj (.text.HW_WR_FIELD32_RAW)
                  7018e302    0000000e     --HOLE-- [fill = 0]
                  7018e310    00000032                                                       : uart_v0_lld.obj (.text.HW_WR_FIELD32_RAW)
                  7018e342    0000000e     --HOLE-- [fill = 0]
                  7018e350    00000032                                                       : ipc_notify_v1.obj (.text.IpcNotify_mailboxIsPendingIntr)
                  7018e382    0000000e     --HOLE-- [fill = 0]
                  7018e390    00000032                                                       : mcan.obj (.text.MCAN_isMemInitDone)
                  7018e3c2    0000000e     --HOLE-- [fill = 0]
                  7018e3d0    00000032     nortos.am263px.r5f.ti-arm-clang.debug.lib : TimerP_rti_priv.obj (.text.TimerP_getCountPriv)
                  7018e402    0000000e     --HOLE-- [fill = 0]
                  7018e410    00000032     drivers.am263px.r5f.ti-arm-clang.nortos.debug.lib : uart_v0_lld.obj (.text.UART_enhanFuncBitValRestore)
                  7018e442    0000000e     --HOLE-- [fill = 0]
                  7018e450    00000032                                                       : uart_v0_lld.obj (.text.UART_hardwareFlowCtrlOptSet)
                  7018e482    0000000e     --HOLE-- [fill = 0]
                  7018e490    00000030                                                       : ipc_notify_v1.obj (.text.IpcNotify_getReadSwQ)
                  7018e4c0    00000030                                                       : uart_v0_lld.obj (.text.UART_flowCtrlTrigLvlConfig)
                  7018e4f0    00000030     gateway_shared.o (.text.gateway_signal_motor_config_ready)
                  7018e520    0000002e     drivers.am263px.r5f.ti-arm-clang.nortos.debug.lib : uart_dma_edma.obj (.text.UART_lld_dmaInit)
                  7018e54e    00000002     --HOLE-- [fill = 0]
                  7018e550    0000002e     nortos.am263px.r5f.ti-arm-clang.debug.lib : printf.obj (.text._is_digit)
                  7018e57e    00000002     --HOLE-- [fill = 0]
                  7018e580    0000002c                                               : DebugP_log.obj (.text.DebugP_logZoneEnable)
                  7018e5ac    00000004     --HOLE-- [fill = 0]
                  7018e5b0    0000002c     drivers.am263px.r5f.ti-arm-clang.nortos.debug.lib : ipc_notify_v1.obj (.text.IpcNotify_getReadMailbox)
                  7018e5dc    00000004     --HOLE-- [fill = 0]
                  7018e5e0    0000002c                                                       : mcan.obj (.text.MCAN_clearNewDataStatus)
                  7018e60c    00000004     --HOLE-- [fill = 0]
                  7018e610    0000002c                                                       : mcan.obj (.text.MCAN_getNewDataStatus)
                  7018e63c    00000004     --HOLE-- [fill = 0]
                  7018e640    0000002c     nortos.am263px.r5f.ti-arm-clang.debug.lib : SemaphoreP_nortos.obj (.text.SemaphoreP_constructBinary)
                  7018e66c    00000004     --HOLE-- [fill = 0]
                  7018e670    0000002c     yis320_protocol.o (.text.vtable_deinit)
                  7018e69c    00000004     --HOLE-- [fill = 0]
                  7018e6a0    0000002a     nortos.am263px.r5f.ti-arm-clang.debug.lib : ClockP_nortos.obj (.text.ClockP_sleepTicks)
                  7018e6ca    00000006     --HOLE-- [fill = 0]
                  7018e6d0    0000002a     drivers.am263px.r5f.ti-arm-clang.nortos.debug.lib : uart_v0_lld.obj (.text.UART_intr2Disable)
                  7018e6fa    00000006     --HOLE-- [fill = 0]
                  7018e700    0000002a                                                       : uart_v0_lld.obj (.text.UART_operatingModeSelect)
                  7018e72a    00000006     --HOLE-- [fill = 0]
                  7018e730    0000002a     imu_protocol_handler.o (.text.imu_process_rx_data)
                  7018e75a    00000006     --HOLE-- [fill = 0]
                  7018e760    00000028     nortos.am263px.r5f.ti-arm-clang.debug.lib : CpuId_armv7r.obj (.text.CSL_armR5GetCpuID)
                  7018e788    00000008     --HOLE-- [fill = 0]
                  7018e790    00000028                                               : printf.obj (.text.vprintf_)
                  7018e7b8    00000008     --HOLE-- [fill = 0]
                  7018e7c0    00000026     drivers.am263px.r5f.ti-arm-clang.nortos.debug.lib : edma.obj (.text.EDMA_disableQdmaEvtRegion)
                  7018e7e6    0000000a     --HOLE-- [fill = 0]
                  7018e7f0    00000026                                                       : edma.obj (.text.EDMA_enableQdmaEvtRegion)
                  7018e816    0000000a     --HOLE-- [fill = 0]
                  7018e820    00000026                                                       : edma.obj (.text.EDMA_validateIntrObject)
                  7018e846    0000000a     --HOLE-- [fill = 0]
                  7018e850    00000026     ti_drivers_config.o (.text.IpcNotify_allocSwQueue)
                  7018e876    0000000a     --HOLE-- [fill = 0]
                  7018e880    00000026     nortos.am263px.r5f.ti-arm-clang.debug.lib : printf.obj (.text._out_buffer)
                  7018e8a6    0000000a     --HOLE-- [fill = 0]
                  7018e8b0    00000024     ti_drivers_config.o (.text.IpcNotify_getConfig)
                  7018e8d4    0000000c     --HOLE-- [fill = 0]
                  7018e8e0    00000024     nortos.am263px.r5f.ti-arm-clang.debug.lib : SemaphoreP_nortos.obj (.text.SemaphoreP_constructMutex)
                  7018e904    0000000c     --HOLE-- [fill = 0]
                  7018e910    00000024     drivers.am263px.r5f.ti-arm-clang.nortos.debug.lib : uart_v0_lld.obj (.text.UART_IsRxTrigLvlValid)
                  7018e934    0000000c     --HOLE-- [fill = 0]
                  7018e940    00000024                                                       : uart_v0_lld.obj (.text.UART_IsStopBitsValid)
                  7018e964    0000000c     --HOLE-- [fill = 0]
                  7018e970    00000024                                                       : uart_v0_lld.obj (.text.UART_IsTxTrigLvlValid)
                  7018e994    0000000c     --HOLE-- [fill = 0]
                  7018e9a0    00000024                                                       : uart_v0.obj (.text.UART_getBaseAddr)
                  7018e9c4    00000024     libclang_rt.builtins.a : aeabi_uldivmod.S.obj (.text.__aeabi_uldivmod)
                  7018e9e8    00000008     --HOLE-- [fill = 0]
                  7018e9f0    00000024     nortos.am263px.r5f.ti-arm-clang.debug.lib : printf.obj (.text._out_char)
                  7018ea14    0000000c     --HOLE-- [fill = 0]
                  7018ea20    00000022     drivers.am263px.r5f.ti-arm-clang.nortos.debug.lib : edma.obj (.text.EDMA_channelToParamMap)
                  7018ea42    0000000e     --HOLE-- [fill = 0]
                  7018ea50    00000022     gateway_shared.o (.text.gateway_ringbuf_core1_receive)
                  7018ea72    0000000e     --HOLE-- [fill = 0]
                  7018ea80    00000020     nortos.am263px.r5f.ti-arm-clang.debug.lib : ClockP_nortos.obj (.text.ClockP_isActive)
                  7018eaa0    00000020                                               : ClockP_nortos.obj (.text.ClockP_usecToTicks)
                  7018eac0    00000020     drivers.am263px.r5f.ti-arm-clang.nortos.debug.lib : mcan.obj (.text.HW_RD_FIELD32_RAW)
                  7018eae0    00000020                                                       : uart_v0_lld.obj (.text.HW_RD_FIELD32_RAW)
                  7018eb00    0000001e     nortos.am263px.r5f.ti-arm-clang.debug.lib : ClockP_nortos.obj (.text.ClockP_Params_init)
                  7018eb1e    00000002     --HOLE-- [fill = 0]
                  7018eb20    0000001e     drivers.am263px.r5f.ti-arm-clang.nortos.debug.lib : edma.obj (.text.EDMA_getEventStatusHigh)
                  7018eb3e    00000002     --HOLE-- [fill = 0]
                  7018eb40    0000001e                                                       : mcan.obj (.text.MCAN_setOpMode)
                  7018eb5e    00000002     --HOLE-- [fill = 0]
                  7018eb60    0000001e                                                       : soc.obj (.text.SOC_getSelfCpuClk)
                  7018eb7e    00000002     --HOLE-- [fill = 0]
                  7018eb80    0000001e                                                       : soc.obj (.text.SOC_moduleClockEnable)
                  7018eb9e    00000002     --HOLE-- [fill = 0]
                  7018eba0    0000001e     ti_dpl_config.o (.text.TimerP_isr0)
                  7018ebbe    00000002     --HOLE-- [fill = 0]
                  7018ebc0    0000001e     drivers.am263px.r5f.ti-arm-clang.nortos.debug.lib : uart_v0_lld.obj (.text.UART_breakCtl)
                  7018ebde    00000002     --HOLE-- [fill = 0]
                  7018ebe0    0000001e                                                       : uart_v0_lld.obj (.text.UART_lld_Transaction_deInit)
                  7018ebfe    00000002     --HOLE-- [fill = 0]
                  7018ec00    0000001c                                                       : edma.obj (.text.EDMA_getEventStatus)
                  7018ec1c    00000004     --HOLE-- [fill = 0]
                  7018ec20    0000001c                                                       : mcan.obj (.text.MCAN_writeProtectedRegAccessLock)
                  7018ec3c    00000004     --HOLE-- [fill = 0]
                  7018ec40    0000001c                                                       : mcan.obj (.text.MCAN_writeProtectedRegAccessUnlock)
                  7018ec5c    00000004     --HOLE-- [fill = 0]
                  7018ec60    0000001c                                                       : uart_v0_lld.obj (.text.UART_IsParameter)
                  7018ec7c    0000001c     libc.a : memcpy32.S.obj (.text:TI_memcpy_small)
                  7018ec98    00000008     --HOLE-- [fill = 0]
                  7018eca0    0000001a     drivers.am263px.r5f.ti-arm-clang.nortos.debug.lib : mcan.obj (.text.MCAN_clearIntrStatus)
                  7018ecba    00000006     --HOLE-- [fill = 0]
                  7018ecc0    0000001a                                                       : mcan.obj (.text.MCAN_getOpMode)
                  7018ecda    00000006     --HOLE-- [fill = 0]
                  7018ece0    0000001a                                                       : uart_v0_lld.obj (.text.UART_fifoCharGet)
                  7018ecfa    00000006     --HOLE-- [fill = 0]
                  7018ed00    0000001a                                                       : uart_v0_lld.obj (.text.UART_timeGuardConfig)
                  7018ed1a    00000006     --HOLE-- [fill = 0]
                  7018ed20    00000018     nortos.am263px.r5f.ti-arm-clang.debug.lib : ClockP_nortos.obj (.text.ClockP_ticksToUsec)
                  7018ed38    00000008     --HOLE-- [fill = 0]
                  7018ed40    00000018     drivers.am263px.r5f.ti-arm-clang.nortos.debug.lib : edma.obj (.text.EDMA_isInterruptEnabled)
                  7018ed58    00000008     --HOLE-- [fill = 0]
                  7018ed60    00000018                                                       : ipc_notify_v1.obj (.text.IpcNotify_mailboxClearAllInt)
                  7018ed78    00000008     --HOLE-- [fill = 0]
                  7018ed80    00000018                                                       : ipc_notify_v1_cfg.obj (.text.IpcNotify_trigInterrupt)
                  7018ed98    00000008     --HOLE-- [fill = 0]
                  7018eda0    00000018     nortos.am263px.r5f.ti-arm-clang.debug.lib : SemaphoreP_nortos.obj (.text.SemaphoreP_Params_init)
                  7018edb8    00000008     --HOLE-- [fill = 0]
                  7018edc0    00000018                                               : TimerP_rti_priv.obj (.text.TimerP_getReloadCountPriv)
                  7018edd8    00000008     --HOLE-- [fill = 0]
                  7018ede0    00000018     drivers.am263px.r5f.ti-arm-clang.nortos.debug.lib : uart_v0_lld.obj (.text.UART_divisorLatchDisable)
                  7018edf8    00000008     --HOLE-- [fill = 0]
                  7018ee00    00000018                                                       : uart_v0_lld.obj (.text.UART_modemControlReset)
                  7018ee18    00000008     --HOLE-- [fill = 0]
                  7018ee20    00000018                                                       : uart_v0_lld.obj (.text.UART_putChar)
                  7018ee38    00000018     libc.a : memset32.S.obj (.text:TI_memset_small)
                  7018ee50    00000016     drivers.am263px.r5f.ti-arm-clang.nortos.debug.lib : ipc_notify_v1.obj (.text.IpcNotify_sendSync)
                  7018ee66    0000000a     --HOLE-- [fill = 0]
                  7018ee70    00000016                                                       : mcan.obj (.text.MCAN_getIntrStatus)
                  7018ee86    0000000a     --HOLE-- [fill = 0]
                  7018ee90    00000016     nortos.am263px.r5f.ti-arm-clang.debug.lib : TimerP_rti_priv.obj (.text.TimerP_startPriv)
                  7018eea6    0000000a     --HOLE-- [fill = 0]
                  7018eeb0    00000016                                               : TimerP_rti_priv.obj (.text.TimerP_stopPriv)
                  7018eec6    0000000a     --HOLE-- [fill = 0]
                  7018eed0    00000016     drivers.am263px.r5f.ti-arm-clang.nortos.debug.lib : uart_v0_lld.obj (.text.UART_divideRoundCloset)
                  7018eee6    0000000a     --HOLE-- [fill = 0]
                  7018eef0    00000016                                                       : uart_v0_lld.obj (.text.UART_regConfModeRestore)
                  7018ef06    0000000a     --HOLE-- [fill = 0]
                  7018ef10    00000014                                                       : edma.obj (.text.HW_WR_REG16_RAW)
                  7018ef24    0000000c     --HOLE-- [fill = 0]
                  7018ef30    00000014                                                       : ipc_notify_v1.obj (.text.IpcNotify_mailboxClearPendingIntr)
                  7018ef44    0000000c     --HOLE-- [fill = 0]
                  7018ef50    00000014                                                       : soc_rcm.obj (.text.SOC_rcmGetModuleClkDivFromRegVal)
                  7018ef64    0000000c     --HOLE-- [fill = 0]
                  7018ef70    00000014     nortos.am263px.r5f.ti-arm-clang.debug.lib : TimerP_rti_priv.obj (.text.TimerP_clearOverflowIntPriv)
                  7018ef84    0000000c     --HOLE-- [fill = 0]
                  7018ef90    00000014                                               : TimerP_rti_nortos.obj (.text.TimerP_setup)
                  7018efa4    0000000c     --HOLE-- [fill = 0]
                  7018efb0    00000014     ti_dpl_config.o (.text.putchar_)
                  7018efc4    0000000c     --HOLE-- [fill = 0]
                  7018efd0    00000012     ti_pinmux_config.o (.text.Pinmux_init)
                  7018efe2    0000000e     --HOLE-- [fill = 0]
                  7018eff0    00000012     gateway_shared.o (.text.gateway_check_emergency_stop)
                  7018f002    0000000e     --HOLE-- [fill = 0]
                  7018f010    00000012     gateway_shared.o (.text.gateway_ringbuf_core1_get_available)
                  7018f022    0000000e     --HOLE-- [fill = 0]
                  7018f030    00000012     imu_protocol_handler.o (.text.imu_initialize)
                  7018f042    0000000e     --HOLE-- [fill = 0]
                  7018f050    00000012     imu_interface_isr.o (.text.imu_uart_is_initialized)
                  7018f062    0000000e     --HOLE-- [fill = 0]
                  7018f070    00000012     yis320_protocol.o (.text.yis320_get_timestamp_ms)
                  7018f082    0000000e     --HOLE-- [fill = 0]
                  7018f090    00000010     can_interface.o (.text.CSL_REG32_WR_RAW)
                  7018f0a0    00000010     drivers.am263px.r5f.ti-arm-clang.nortos.debug.lib : pinmux.obj (.text.CSL_REG32_WR_RAW)
                  7018f0b0    00000010                                                       : soc.obj (.text.CSL_REG32_WR_RAW)
                  7018f0c0    00000010     ti_drivers_config.o (.text.CSL_REG32_WR_RAW)
                  7018f0d0    00000010     nortos.am263px.r5f.ti-arm-clang.debug.lib : ClockP_nortos_r5.obj (.text.ClockP_getTimerCount)
                  7018f0e0    00000010                                               : ClockP_nortos_r5.obj (.text.ClockP_timerClearOverflowInt)
                  7018f0f0    00000010     drivers.am263px.r5f.ti-arm-clang.nortos.debug.lib : edma.obj (.text.HW_RD_REG32_RAW)
                  7018f100    00000010                                                       : mcan.obj (.text.HW_RD_REG32_RAW)
                  7018f110    00000010                                                       : uart_v0_lld.obj (.text.HW_RD_REG32_RAW)
                  7018f120    00000010                                                       : edma.obj (.text.HW_WR_REG32_RAW)
                  7018f130    00000010                                                       : mcan.obj (.text.HW_WR_REG32_RAW)
                  7018f140    00000010                                                       : uart_v0_lld.obj (.text.HW_WR_REG32_RAW)
                  7018f150    00000010                                                       : ipc_notify_v1.obj (.text.IpcNotify_mailboxGetPendingIntr)
                  7018f160    00000010     nortos.am263px.r5f.ti-arm-clang.debug.lib : TimerP_rti_nortos.obj (.text.TimerP_Params_init)
                  7018f170    00000010                                               : TimerP_rti_nortos.obj (.text.TimerP_clearOverflowInt)
                  7018f180    00000010                                               : TimerP_rti_nortos.obj (.text.TimerP_getCount)
                  7018f190    00000010                                               : TimerP_rti_nortos.obj (.text.TimerP_getReloadCount)
                  7018f1a0    00000010                                               : TimerP_rti_nortos.obj (.text.TimerP_start)
                  7018f1b0    00000010                                               : printf.obj (.text._out_null)
                  7018f1c0    00000010     gateway_shared.o (.text.gateway_notify_imu_ready)
                  7018f1d0    00000010     gateway_shared.o (.text.gateway_notify_states_ready)
                  7018f1e0    0000000e     yis320_protocol.o (.text.yis320_uart_configure)
                  7018f1ee    00000002     --HOLE-- [fill = 0]
                  7018f1f0    0000000c     ti_board_open_close.o (.text.Board_driversOpen)
                  7018f1fc    00000004     --HOLE-- [fill = 0]
                  7018f200    0000000c     nortos.am263px.r5f.ti-arm-clang.debug.lib : ClockP_nortos.obj (.text.ClockP_getTicks)
                  7018f20c    00000004     --HOLE-- [fill = 0]
                  7018f210    0000000c     ti_drivers_open_close.o (.text.Drivers_open)
                  7018f21c    00000004     --HOLE-- [fill = 0]
                  7018f220    0000000c     ti_power_clock_config.o (.text.PowerClock_init)
                  7018f22c    00000004     --HOLE-- [fill = 0]
                  7018f230    0000000c     yis320_protocol.o (.text.vtable_read_data)
                  7018f23c    00000004     --HOLE-- [fill = 0]
                  7018f240    0000000a     nortos.am263px.r5f.ti-arm-clang.debug.lib : HwiP_armv7r_vim.obj (.text.Hwip_dataAndInstructionBarrier)
                  7018f24a    00000006     --HOLE-- [fill = 0]
                  7018f250    0000000a     drivers.am263px.r5f.ti-arm-clang.nortos.debug.lib : ipc_notify_v1.obj (.text.IpcNotify_dataAndInstructionBarrier)
                  7018f25a    00000006     --HOLE-- [fill = 0]
                  7018f260    0000000a                                                       : soc_rcm.obj (.text.SOC_rcmGetBaseAddressMSSRCM)
                  7018f26a    00000006     --HOLE-- [fill = 0]
                  7018f270    0000000a                                                       : uart_dma_edma.obj (.text.UART_edmaDoNothing)
                  7018f27a    00000006     --HOLE-- [fill = 0]
                  7018f280    0000000a     gateway_shared.o (.text.gateway_memory_barrier)
                  7018f28a    00000006     --HOLE-- [fill = 0]
                  7018f290    0000000a     gateway_shared.o (.text.ringbuf_get_ptr)
                  7018f29a    00000006     --HOLE-- [fill = 0]
                  7018f2a0    00000008     ti_drivers_config.o (.text.Drivers_uartInit)
                  7018f2a8    00000008     --HOLE-- [fill = 0]
                  7018f2b0    00000008     drivers.am263px.r5f.ti-arm-clang.nortos.debug.lib : soc_rcm.obj (.text.SOC_rcmGetBaseAddressMSSCTRL)
                  7018f2b8    00000008     --HOLE-- [fill = 0]
                  7018f2c0    00000008                                                       : soc_rcm.obj (.text.SOC_rcmGetBaseAddressTOPRCM)
                  7018f2c8    00000008     --HOLE-- [fill = 0]
                  7018f2d0    00000008     nortos.am263px.r5f.ti-arm-clang.debug.lib : SemaphoreP_nortos.obj (.text.SemaphoreP_destruct)
                  7018f2d8    00000008     --HOLE-- [fill = 0]
                  7018f2e0    00000002     ti_board_open_close.o (.text.Board_driversClose)
                  7018f2e2    0000000e     --HOLE-- [fill = 0]
                  7018f2f0    00000002     ti_board_config.o (.text.Board_init)
                  7018f2f2    0000000e     --HOLE-- [fill = 0]
                  7018f300    00000002     ti_drivers_open_close.o (.text.Drivers_mcanOpen)
                  7018f302    0000000e     --HOLE-- [fill = 0]
                  7018f310    00000002     drivers.am263px.r5f.ti-arm-clang.nortos.debug.lib : ipc_notify_v1_cfg.obj (.text.IpcNotify_wait)
                  7018f312    0000000e     --HOLE-- [fill = 0]
                  7018f320    00000002     nortos.am263px.r5f.ti-arm-clang.debug.lib : TaskP_nortos.obj (.text.TaskP_yield)
                  7018f322    0000000e     --HOLE-- [fill = 0]

.rodata    0    7018f330    00002438     
                  7018f330    00000450     motor_mapping.o (.rodata.motor_config_table)
                  7018f780    00000084     ti_dpl_config.o (.rodata.cfg)
                  7018f804    00000062     main.o (.rodata.str1.11321157723316767883.1)
                  7018f866    0000005e     main.o (.rodata.str1.15996357275703397564.1)
                  7018f8c4    0000005d     main.o (.rodata.str1.2563708670032483588.1)
                  7018f921    00000007     drivers.am263px.r5f.ti-arm-clang.nortos.debug.lib : soc.obj (.rodata.str1.12179086363571468349.1)
                  7018f928    00000050     nortos.am263px.r5f.ti-arm-clang.debug.lib : printf.obj (.rodata._ftoa.pow10)
                  7018f978    0000004d     gateway_shared.o (.rodata.str1.3223734256326991069.1)
                  7018f9c5    0000004c     main.o (.rodata.str1.16709704744796600189.1)
                  7018fa11    0000004c     main.o (.rodata.str1.403738606202455663.1)
                  7018fa5d    0000004a     main.o (.rodata.str1.17770841602246103764.1)
                  7018faa7    00000049     can_interface.o (.rodata.str1.2401924719955226879.1)
                  7018faf0    00000048     drivers.am263px.r5f.ti-arm-clang.nortos.debug.lib : soc_rcm.obj (.rodata.gADPLLJConfigTbl)
                  7018fb38    00000045     can_interface.o (.rodata.str1.17857559882412085052.1)
                  7018fb7d    00000043     main.o (.rodata.str1.10313062130652730376.1)
                  7018fbc0    00000042     main.o (.rodata.str1.11702106008850790973.1)
                  7018fc02    00000041     main.o (.rodata.str1.16265332423659789559.1)
                  7018fc43    00000001     --HOLE-- [fill = 0]
                  7018fc44    00000040     drivers.am263px.r5f.ti-arm-clang.nortos.debug.lib : mcan.obj (.rodata.gDataSize)
                  7018fc84    00000040                                                       : ipc_notify_v1.obj (.rodata.str1.10118846006578224169.1)
                  7018fcc4    00000040     gateway_shared.o (.rodata.str1.1309647279537151951.1)
                  7018fd04    0000003f     main.o (.rodata.str1.16302215771116645891.1)
                  7018fd43    0000003f     main.o (.rodata.str1.8828068777338075035.1)
                  7018fd82    0000003e     imu_interface_isr.o (.rodata.str1.2252785669688110604.1)
                  7018fdc0    0000003d     nortos.am263px.r5f.ti-arm-clang.debug.lib : TimerP_rti_priv.obj (.rodata.str1.11388379688747141303.1)
                  7018fdfd    0000003d     main.o (.rodata.str1.13782249893155712474.1)
                  7018fe3a    0000003c     main.o (.rodata.str1.8108965883388295311.1)
                  7018fe76    0000003b     can_interface.o (.rodata.str1.13886886582160776261.1)
                  7018feb1    00000039     can_interface.o (.rodata.str1.13942422985958650841.1)
                  7018feea    00000039     can_interface.o (.rodata.str1.15906871730334742222.1)
                  7018ff23    00000039     can_interface.o (.rodata.str1.16770118065840302171.1)
                  7018ff5c    00000038     gateway_shared.o (.rodata.str1.8694082244888993162.1)
                  7018ff94    00000038     imu_interface_isr.o (.rodata.str1.9168798226845388136.1)
                  7018ffcc    00000037     gateway_shared.o (.rodata.str1.10638658715010209595.1)
                  70190003    00000037     can_interface.o (.rodata.str1.17102373369105828453.1)
                  7019003a    00000037     main.o (.rodata.str1.3530083166107438000.1)
                  70190071    00000037     gateway_shared.o (.rodata.str1.5629998949668554045.1)
                  701900a8    00000036     can_interface.o (.rodata.str1.10186677634541030339.1)
                  701900de    00000036     imu_interface_isr.o (.rodata.str1.13916086747295221358.1)
                  70190114    00000036     can_interface.o (.rodata.str1.15146467347084621569.1)
                  7019014a    00000035     can_interface.o (.rodata.str1.11434220007320834734.1)
                  7019017f    00000035     main.o (.rodata.str1.16631870348416990953.1)
                  701901b4    00000035     can_interface.o (.rodata.str1.6692020027550076815.1)
                  701901e9    00000035     ti_drivers_open_close.o (.rodata.str1.871795152488895636.1)
                  7019021e    00000035     main.o (.rodata.str1.9059077390166914652.1)
                  70190253    00000034     main.o (.rodata.str1.13288086030101331538.1)
                  70190287    00000034     main.o (.rodata.str1.14112174005742061988.1)
                  701902bb    00000034     main.o (.rodata.str1.17376258722486336754.1)
                  701902ef    00000034     main.o (.rodata.str1.18092426736022315238.1)
                  70190323    00000034     main.o (.rodata.str1.6891813955777630061.1)
                  70190357    00000034     main.o (.rodata.str1.6976963560179378225.1)
                  7019038b    00000033     can_interface.o (.rodata.str1.13538652865395202372.1)
                  701903be    00000033     main.o (.rodata.str1.14032527501195285070.1)
                  701903f1    00000033     can_interface.o (.rodata.str1.2569929632086669665.1)
                  70190424    00000033     main.o (.rodata.str1.8428454045432808059.1)
                  70190457    00000032     can_interface.o (.rodata.str1.2296911319530636772.1)
                  70190489    00000031     main.o (.rodata.str1.11777244287787065045.1)
                  701904ba    00000031     can_interface.o (.rodata.str1.4211222669969280216.1)
                  701904eb    00000031     gateway_shared.o (.rodata.str1.6121471336334202706.1)
                  7019051c    00000031     motor_mapping.o (.rodata.str1.8787205977826144616.1)
                  7019054d    00000030     can_interface.o (.rodata.str1.10130696897761414469.1)
                  7019057d    00000030     main.o (.rodata.str1.11121730273200050387.1)
                  701905ad    00000030     can_interface.o (.rodata.str1.2167712102046818855.1)
                  701905dd    00000030     imu_interface_isr.o (.rodata.str1.4417852805959727765.1)
                  7019060d    00000030     main.o (.rodata.str1.8154729771448623357.1)
                  7019063d    0000002f     main.o (.rodata.str1.11870794119293528247.1)
                  7019066c    0000002f     can_interface.o (.rodata.str1.15094798983471906066.1)
                  7019069b    0000002f     main.o (.rodata.str1.2624144126699937905.1)
                  701906ca    0000002f     gateway_shared.o (.rodata.str1.3129942817937968154.1)
                  701906f9    0000002f     main.o (.rodata.str1.6554448696319176064.1)
                  70190728    0000002f     drivers.am263px.r5f.ti-arm-clang.nortos.debug.lib : ipc_notify_v1.obj (.rodata.str1.9418228565027791152.1)
                  70190757    0000002e     can_interface.o (.rodata.str1.11024350005305706282.1)
                  70190785    0000002e     gateway_shared.o (.rodata.str1.11051107022181534624.1)
                  701907b3    0000002e     main.o (.rodata.str1.14079361385603432444.1)
                  701907e1    0000002e     main.o (.rodata.str1.625103348304617710.1)
                  7019080f    0000002e     main.o (.rodata.str1.7996925722583989644.1)
                  7019083d    0000002e     gateway_shared.o (.rodata.str1.9859227269409816370.1)
                  7019086b    0000002d     main.o (.rodata.str1.14466178792657420020.1)
                  70190898    0000002d     can_interface.o (.rodata.str1.150960857071891705.1)
                  701908c5    0000002d     main.o (.rodata.str1.3292798375424520613.1)
                  701908f2    0000002d     main.o (.rodata.str1.5043408953494467246.1)
                  7019091f    0000002d     can_interface.o (.rodata.str1.6401568125276999251.1)
                  7019094c    0000002d     can_interface.o (.rodata.str1.6531933829109918715.1)
                  70190979    0000002c     can_interface.o (.rodata.str1.14845445665763636722.1)
                  701909a5    0000002c     main.o (.rodata.str1.2763581881760962609.1)
                  701909d1    0000002c     gateway_shared.o (.rodata.str1.7167262159681625771.1)
                  701909fd    0000002b     main.o (.rodata.str1.18227636981041470289.1)
                  70190a28    0000002b     can_interface.o (.rodata.str1.3858671167962548137.1)
                  70190a53    0000002b     can_interface.o (.rodata.str1.5571669369711139161.1)
                  70190a7e    0000002a     can_interface.o (.rodata.str1.17855712168153945246.1)
                  70190aa8    0000002a     nortos.am263px.r5f.ti-arm-clang.debug.lib : DebugP_log.obj (.rodata.str1.227947788441500939.1)
                  70190ad2    0000002a     main.o (.rodata.str1.2846389346932560359.1)
                  70190afc    0000002a     main.o (.rodata.str1.8096991282711418442.1)
                  70190b26    00000029     imu_interface_isr.o (.rodata.str1.15503275091179387347.1)
                  70190b4f    00000029     can_interface.o (.rodata.str1.357542981605220142.1)
                  70190b78    00000029     main.o (.rodata.str1.39260288392874984.1)
                  70190ba1    00000029     can_interface.o (.rodata.str1.6910353934698693424.1)
                  70190bca    00000029     can_interface.o (.rodata.str1.7679921882182829519.1)
                  70190bf3    00000029     main.o (.rodata.str1.8076846746581808073.1)
                  70190c1c    00000028     main.o (.rodata.str1.10224226614597680209.1)
                  70190c44    00000028     main.o (.rodata.str1.13030671760666898970.1)
                  70190c6c    00000028     main.o (.rodata.str1.1311392489248731986.1)
                  70190c94    00000028     main.o (.rodata.str1.15159059442110792349.1)
                  70190cbc    00000027     nortos.am263px.r5f.ti-arm-clang.debug.lib : ClockP_nortos_r5.obj (.rodata.str1.12743090444791882666.1)
                  70190ce3    00000027     main.o (.rodata.str1.17045314124001216156.1)
                  70190d0a    00000027     main.o (.rodata.str1.7784929982665794503.1)
                  70190d31    00000026     can_interface.o (.rodata.str1.14406550278730177052.1)
                  70190d57    00000026     gateway_shared.o (.rodata.str1.17046880449980016103.1)
                  70190d7d    00000026     gateway_shared.o (.rodata.str1.5761821093615868877.1)
                  70190da3    00000026     can_interface.o (.rodata.str1.6806839034663112933.1)
                  70190dc9    00000025     main.o (.rodata.str1.10635229749459437609.1)
                  70190dee    00000025     main.o (.rodata.str1.10720410773482754683.1)
                  70190e13    00000025     main.o (.rodata.str1.2123964117280943167.1)
                  70190e38    00000024     main.o (.rodata.str1.10865113624938808685.1)
                  70190e5c    00000024     can_interface.o (.rodata.str1.14428574951410983152.1)
                  70190e80    00000024     can_interface.o (.rodata.str1.17339864536769639315.1)
                  70190ea4    00000024     imu_interface_isr.o (.rodata.str1.6306445455767916371.1)
                  70190ec8    00000024     main.o (.rodata.str1.7702501944640899365.1)
                  70190eec    00000023     drivers.am263px.r5f.ti-arm-clang.nortos.debug.lib : soc_rcm.obj (.rodata.str1.2078190104202520215.1)
                  70190f0f    00000023     nortos.am263px.r5f.ti-arm-clang.debug.lib : ClockP_nortos_r5.obj (.rodata.str1.7689125538912326484.1)
                  70190f32    00000022     main.o (.rodata.str1.11822182024223342093.1)
                  70190f54    00000022     drivers.am263px.r5f.ti-arm-clang.nortos.debug.lib : edma.obj (.rodata.str1.12976018205622752890.1)
                  70190f76    00000021     can_interface.o (.rodata.str1.12573338884863454617.1)
                  70190f97    00000021     nortos.am263px.r5f.ti-arm-clang.debug.lib : ClockP_nortos_r5.obj (.rodata.str1.8559540482768925367.1)
                  70190fb8    00000020     drivers.am263px.r5f.ti-arm-clang.nortos.debug.lib : mcan.obj (.rodata.gMsgObjSize)
                  70190fd8    00000020     can_interface.o (.rodata.g_mcan_base_addr)
[...]
00000000  __TI_ATRegion1_trg_addr              
00000000  __TI_ATRegion2_region_sz             
00000000  __TI_ATRegion2_src_addr              
00000000  __TI_ATRegion2_trg_addr              
00000000  __TI_static_base__                   
00000000  _vectors                             
00000100  __ABORT_STACK_SIZE                   
00000100  __FIQ_STACK_SIZE                     
00000100  __IRQ_STACK_SIZE                     
00000100  __UNDEFINED_STACK_SIZE               
00001000  __SVC_STACK_SIZE                     
00004000  __STACK_SIZE                         
70180a34  __aeabi_memclr                       
70180a34  __aeabi_memclr4                      
70180a34  __aeabi_memclr8                      
701811cc  __aeabi_ldiv0                        
70181848  C$$EXIT                              
70181848  HOSTexit                             
70181851  SOC_rcmEnablePeripheralClock         
70181e88  __aeabi_memcpy                       
70181e88  __aeabi_memcpy4                      
70181e88  __aeabi_memcpy8                      
70181e8c  __aeabi_memmove                      
70181e8c  __aeabi_memmove4                     
70181e8c  __aeabi_memmove8                     
70182474  CSL_armR5ReadMpidrReg                
701832a1  UART_open                            
701836a1  IpcNotify_init                       
70184171  SOC_virtToPhy                        
70184481  motor_mapping_init_core1             
70184781  MCAN_msgRAMConfig                    
70185811  CAN_TransmitBatch                    
70185a41  UART_lld_dmaDeInit                   
70185c71  IpcNotify_isr                        
70185ea1  TimerP_setupPriv                     
70186081  UART_lld_dmaWrite                    
70186231  UART_close                           
701863e1  UART_lld_controllerIsr               
70186581  CAN_StartRxInterrupts                
701868a1  MCAN_calcMsgRamParamsStartAddr       
70186a31  EDMA_unregisterIntr                  
70186ba1  SOC_controlModuleUnlockMMR           
70186d01  CAN_Init                             
70186e61  UART_lld_initDma                     
70186fc1  DebugP_shmLogWriterPutChar           
701873b1  MCAN_setBitTime                      
70187501  imu_uart_isr_init                    
70187791  MCAN_readMsgRam                      
70187a11  ClockP_init                          
70187b51  UART_procLineStatusErr               
70187c91  EDMA_registerIntr                    
70187dd1  MCAN_init                            
70187f11  UART_lld_init                        
70188041  MCAN_config                          
70188171  SOC_controlModuleLockMMR             
701882a1  SOC_rcmGetPeripheralClockFrequency   
701884e1  DebugP_shmLogWriterPutLine           
70188601  UART_lld_dmaRead                     
7018871c  __udivmoddi4                         
70188cb1  IpcNotify_sendMsg                    
70188ed1  GPIO_init                            
70188fe1  SemaphoreP_pend                      
701890f1  gateway_ringbuf_read                 
70189201  gateway_write_motor_config           
701895c1  EDMA_freeChannelRegion               
701896b1  EDMA_freeParam                       
701897a1  EDMA_freeDmaChannel                  
70189881  EDMA_freeTcc                         
70189961  UART_intrEnable                      
70189a41  UART_intrDisable                     
70189b21  AddrTranslateP_getLocalAddr          
70189bf1  EDMA_disableChInShadowRegRegion      
70189cc1  EDMA_enableChInShadowRegRegion       
70189d91  EDMA_mapChToEvtQ                     
70189e61  EDMA_configureChannelRegion          
70189fe1  UART_flushTxFifo                     
7018a161  ClockP_timerTickIsr                  
7018a221  TimerP_init                          
7018a2e1  ClockP_stop                          
7018a3a1  IpcNotify_waitSync                   
7018a461  CycleCounterP_init                   
7018a481  CycleCounterP_reset                  
7018a4d1  CycleCounterP_nsToTicks              
7018a511  CycleCounterP_enableUserAccess       
7018a521  MCAN_writeMsgRam                     
7018a5d1  SOC_rcmSetPeripheralClock            
7018a681  UART_init                            
7018a941  gateway_write_motor_states           
7018a9f1  gateway_core1_wait_for_ready         
7018ab51  ClockP_destruct                      
7018ac01  Drivers_uartOpen                     
7018ad51  gateway_core1_ipc_callback           
7018ae91  imu_uart_read                        
7018af31  IpcNotify_registerClient             
7018b071  ClockP_getTimeUsec                   
7018b111  EDMA_unmapChToEvtQ                   
7018b1b1  float_to_uint                        
7018b251  yis320_convert_to_ipc                
7018b2f1  EDMA_disableTransferRegion           
7018b381  EDMA_enableTransferRegion            
7018b531  UART_lld_flushTxFifo                 
7018b651  EDMA_allocDmaChannel                 
7018b6e1  EDMA_allocParam                      
7018b771  EDMA_allocTcc                        
7018b921  IpcNotify_syncAll                    
7018b9b1  imu_protocol_manager_init            
7018ba41  MCAN_addStdMsgIDFilter               
7018bb41  System_init                          
7018bc41  _DebugP_assert                       
7018bcc1  gateway_ringbuf_core1_init           
7018bdc1  UART_Params_init                     
7018be41  gateway_write_imu_state              
7018bec1  EDMA_linkChannel                     
7018bfc1  ClockP_usleep                        
7018c041  EDMA_clrMissEvtRegion                
7018c221  EDMA_getBaseAddr                     
7018c301  imu_protocol_get_state               
7018c371  SOC_rcmGetR5Clock                    
7018c3e1  SOC_rcmIsR5FInLockStepMode           
7018c4c1  UART_lld_deInitDma                   
7018c531  imu_protocol_process_uart_rx         
7018c5a1  MCAN_enableIntr                      
7018c611  MCAN_initTxBufElement                
7018c6f1  SemaphoreP_post                      
7018c761  MCAN_selectIntrLine                  
7018c7c1  UART_getChar                         
7018c881  yis320_protocol_handler_init         
7018c8e1  Module_clockSetFrequency             
7018c941  UART_lld_deInit                      
7018cbe1  uint16_to_float                      
7018cca1  Dpl_init                             
7018cd01  EDMA_setPaRAM                        
7018cdc1  main                                 
7018ce14  __TI_auto_init_nobinit_nopinit       
7018ce71  Drivers_uartClose                    
7018cec1  Pinmux_config                        
7018cf11  UART_checkCharsAvailInFifo           
7018cfb1  DebugP_shmLogWriterInit              
7018d001  EDMA_clrEvtRegion                    
7018d051  EDMA_disableDmaEvtRegion             
7018d0a1  EDMA_disableEvtIntrRegion            
7018d0f1  EDMA_enableDmaEvtRegion              
7018d141  EDMA_enableEvtIntrRegion             
7018d191  EDMA_setEvtRegion                    
7018d1e1  GPIO_setDirMode                      
7018d231  MCAN_enableIntrLine                  
7018d281  ClockP_construct                     
7018d2d1  EDMA_ccPaRAMEntry_init               
7018d321  EDMA_mapQdmaChToPaRAM                
7018d371  EDMA_readEventStatusRegion           
7018d3c1  IpcNotify_unregisterClient           
7018d411  Module_clockEnable                   
7018d461  gateway_update_stat                  
7018d4ac  memmove                              
7018d551  timerISR                             
7018d5a1  CAN_GetStats                         
7018d5f1  IpcNotify_Params_init                
7018d691  UART_getIntrIdentityStatus           
7018d781  CAN_RegisterRxCallback               
7018d871  UART_readLineStatus                  
7018d8c1  gateway_ringbuf_get_available        
7018d911  imu_protocol_handler_init            
7018da51  SemaphoreP_construct                 
7018daa1  _DebugP_logZone                      
7018db41  ClockP_start                         
7018dbe1  imu_protocol_update_state            
7018dca1  UART_spaceAvail                      
7018dce1  gateway_core1_init                   
7018dd21  gateway_update_heartbeat             
7018dda1  UART_IsTxRxFifoEmpty                 
7018de21  MCAN_txBufAddReq                     
7018de61  SOC_moduleSetClockFrequency          
7018df61  snprintf_                            
7018dfa1  SOC_getCoreName                      
7018dfd8  CycleCounterP_getCount32             
7018dfe0  PmuP_setup                           
7018dfe8  PmuP_enableCounters                  
7018dff0  PmuP_disableCounters                 
7018dff8  PmuP_getOverflowStatus               
7018e000  PmuP_clearOverflowStatus             
7018e008  PmuP_setUserEnable                   
7018e051  EDMA_getRegionId                     
7018e111  IpcNotify_syncCallback               
7018e191  MCAN_calcCfgAddr                     
7018e211  TimerP_Params_initPriv               
7018e291  motor_get_config                     
7018e391  MCAN_isMemInitDone                   
7018e3d1  TimerP_getCountPriv                  
7018e4f1  gateway_signal_motor_config_ready    
7018e521  UART_lld_dmaInit                     
7018e581  DebugP_logZoneEnable                 
7018e5e1  MCAN_clearNewDataStatus              
7018e611  MCAN_getNewDataStatus                
7018e641  SemaphoreP_constructBinary           
7018e6d1  UART_intr2Disable                    
7018e701  UART_operatingModeSelect             
7018e761  CSL_armR5GetCpuID                    
7018e791  vprintf_                             
7018e7c1  EDMA_disableQdmaEvtRegion            
7018e7f1  EDMA_enableQdmaEvtRegion             
7018e851  IpcNotify_allocSwQueue               
7018e8b1  IpcNotify_getConfig                  
7018e8e1  SemaphoreP_constructMutex            
7018e9a1  UART_getBaseAddr                     
7018e9c4  __aeabi_uldivmod                     
7018ea21  EDMA_channelToParamMap               
7018ea51  gateway_ringbuf_core1_receive        
7018ea81  ClockP_isActive                      
7018eaa1  ClockP_usecToTicks                   
7018eb01  ClockP_Params_init                   
7018eb21  EDMA_getEventStatusHigh              
7018eb41  MCAN_setOpMode                       
7018eb61  SOC_getSelfCpuClk                    
7018eb81  SOC_moduleClockEnable                
7018eba1  TimerP_isr0                          
7018ebe1  UART_lld_Transaction_deInit          
7018ec01  EDMA_getEventStatus                  
7018ec7c  TI_memcpy_small                      
7018eca1  MCAN_clearIntrStatus                 
7018ecc1  MCAN_getOpMode                       
7018ed21  ClockP_ticksToUsec                   
7018ed41  EDMA_isInterruptEnabled              
7018ed81  IpcNotify_trigInterrupt              
7018eda1  SemaphoreP_Params_init               
7018edc1  TimerP_getReloadCountPriv            
7018ee21  UART_putChar                         
7018ee38  TI_memset_small                      
7018ee51  IpcNotify_sendSync                   
7018ee71  MCAN_getIntrStatus                   
7018ee91  TimerP_startPriv                     
7018eeb1  TimerP_stopPriv                      
7018ef71  TimerP_clearOverflowIntPriv          
7018ef91  TimerP_setup                         
7018efb1  putchar_                             
7018efd1  Pinmux_init                          
7018eff1  gateway_check_emergency_stop         
7018f011  gateway_ringbuf_core1_get_available  
7018f051  imu_uart_is_initialized              
7018f071  yis320_get_timestamp_ms              
7018f0d1  ClockP_getTimerCount                 
7018f0e1  ClockP_timerClearOverflowInt         
7018f161  TimerP_Params_init                   
7018f171  TimerP_clearOverflowInt              
7018f181  TimerP_getCount                      
7018f191  TimerP_getReloadCount                
7018f1a1  TimerP_start                         
7018f1c1  gateway_notify_imu_ready             
7018f1d1  gateway_notify_states_ready          
7018f1e1  yis320_uart_configure                
7018f1f1  Board_driversOpen                    
7018f201  ClockP_getTicks                      
7018f211  Drivers_open                         
7018f221  PowerClock_init                      
7018f2a1  Drivers_uartInit                     
7018f2d1  SemaphoreP_destruct                  
7018f2e1  Board_driversClose                   
7018f2f1  Board_init                           
7018f301  Drivers_mcanOpen                     
7018f311  IpcNotify_wait                       
7018f321  TaskP_yield                          
7018f780  gCacheConfig                         
7018f788  gMpuConfig                           
7018f794  gMpuRegionConfig                     
7018faf0  gADPLLJConfigTbl                     
70191362  gPeripheralClkSrcInfoMap             
70191704  gXTALInfo                            
7019174e  gCR5ClkSrcInfoMap                    
70191750  gCacheL1dCacheLineSize               
70191754  gCacheL1pCacheLineSize               
70191768  __BSS_START                          
701922e8  gHwiCtrl                             
70192af4  g_yis320_private_data                
70192efc  g_motor_lookup                       
701937d0  gIpcNotifyCtrl                       
70193a5c  gTimerBaseAddr                       
70193a60  gClockCtrl                           
70193a80  virtToPhymap                         
70193aa4  gTimerHwiObj                         
70193aa8  gUartHandle                          
70193ab0  __BSS_END                            
70193ab0  __stack                              
70197ab0  __STACK_END                          
70197ab1  HwiP_enableInt                       
70197af1  HwiP_disableInt                      
70197b51  HwiP_restoreInt                      
70197b81  HwiP_clearInt                        
70197bc1  HwiP_post                            
70197c01  HwiP_Params_init                     
70197c31  HwiP_construct                       
70197e21  HwiP_destruct                        
70197e91  HwiP_init                            
70198041  HwiP_inISR                           
70198071  HwiP_setVimIrqPriMaskNonAtomic       
701980c1  HwiP_setVimIrqPriMaskAtomic          
70198161  HwiP_restoreVimIrqPriMask            
70198171  HwiP_irq_handler_c                   
70198311  HwiP_fiq_handler                     
70198471  HwiP_reserved_handler                
701984b1  HwiP_undefined_handler_c             
701984d1  HwiP_user_undefined_handler_c        
701984f1  HwiP_svc_handler                     
70198531  HwiP_prefetch_abort_handler_c        
701985d1  HwiP_user_prefetch_abort_handler_c   
70198611  HwiP_data_abort_handler_c            
701986d1  HwiP_user_data_abort_handler_c       
7019870c  HwiP_irq_handler                     
70198780  HwiP_data_abort_handler              
701987c4  HwiP_prefetch_abort_handler          
70198810  HwiP_undefined_handler               
70198840  GET_DFSR                             
70198848  GET_ADFSR                            
70198850  GET_DFAR                             
70198858  GET_IFSR                             
70198860  GET_AIFSR                            
70198868  GET_IFAR                             
70198870  GET_SPSR                             
70198888  HwiP_disable                         
70198898  HwiP_disableFIQ                      
701988a8  HwiP_enable                          
701988b8  HwiP_enableFIQ                       
701988c8  HwiP_restore                         
701988d0  HwiP_enableVIC                       
701988e0  HwiP_disableVIC                      
701988f0  HwiP_getCPSR                         
70198900  CacheP_disableL1d                    
70198928  CacheP_disableL1p                    
70198940  CacheP_enableL1d                     
70198958  CacheP_enableL1p                     
70198970  CacheP_invL1d                        
701989a8  CacheP_invL1p                        
701989e4  CacheP_invL1dAll                     
701989ec  CacheP_invL1pAll                     
701989f4  CacheP_wb                            
70198a30  CacheP_wbInv                         
70198a6c  CacheP_wbAll                         
70198b14  CacheP_wbInvAll                      
70198b2c  CacheP_wbInvAllAsm                   
70198bcc  CacheP_getEnabled                    
70198c04  CacheP_getCacheLevelInfo             
70198c10  CacheP_configForceWrThru             
70198c30  CacheP_setDLFO                       
70198c41  CacheP_init                          
70198cd1  CacheP_disable                       
70198d21  CacheP_enable                        
70198d61  CacheP_inv                           
70198da1  MpuP_getAttrs                        
70198e01  MpuP_RegionAttrs_init                
70198e31  MpuP_setRegion                       
70198ec1  MpuP_isEnable                        
70198ed1  MpuP_disable                         
70198f11  MpuP_enable                          
70198f61  MpuP_init                            
70199001  MpuP_isUserAuthorizedToAccessMemory  
701990e0  MpuP_disableAsm                      
701990f8  MpuP_disableBRAsm                    
70199108  MpuP_enableAsm                       
70199120  MpuP_enableBRAsm                     
70199130  MpuP_isEnableAsm                     
70199144  MpuP_setRegionAsm                    
70199160  _c_int00_sbl                         
70199184  _c_int00                             
701992b1  _DebugP_assertNoLog                  
701992e1  _system_pre_init                     
70199311  __mpu_init                           
70199320  abort                                
70199328  gEdmaConfig                          
70199328  gUartDmaHandle                       
70199a68  gIpcNotifyMailboxConfig              
70199c40  gSocModulesClockFrequency            
70199cb8  gUartParams                          
70199d10  gSocModules                          
70199d50  gClockConfig                         
70199d68  gIpcNotifyInterruptConfig_r5fss1_1   
70199d94  gIpcNotifyCoreIntrBitPos             
70199db4  gAddrTranslateConfig                 
70199dc8  gUartConfig                          
70199ddc  gDebugLogZone                        
70199de8  gEdmaConfigNum                       
70199dec  gHwiConfig                           
70199df0  gIpcNotifyInterruptConfigNum_r5fss1_1
70199df4  gUartConfigNum                       
70199df8  gUartDmaChConfig                     
70199e4b  isMapAvailable                       
70199e58  __IRQ_STACK_START                    
70199f58  __FIQ_STACK_START                    
70199f58  __IRQ_STACK_END                      
7019a058  __FIQ_STACK_END                      
7019a058  __SVC_STACK_START                    
7019b058  __ABORT_STACK_START                  
7019b058  __SVC_STACK_END                      
7019b158  __ABORT_STACK_END                    
7019b158  __UNDEFINED_STACK_START              
7019b258  __UNDEFINED_STACK_END                
70200000  gGatewaySharedMem                    
70206ecc  dbg_can_rx_count                     
70206ed0  dbg_can_tx_count                     
70206ed4  dbg_can_isr_rx_entry_count           
70206ed8  dbg_can_isr_fifo_read_count          
70206edc  dbg_can_isr_callback_count           
70206ee0  g_first_intr_info                    
70206f60  dbg_ipc_send_count                   
70206f64  dbg_ipc_register_count               
70206f68  dbg_imu_uart_isr_count               
70206f6c  dbg_imu_rx_byte_count                
70206f70  dbg_imu_frame_count                  
70208000  gDebugShmLog                         
ffffffff  __TI_pprof_out_hndl                  
ffffffff  __TI_prof_data_size                  
ffffffff  __TI_prof_data_start                 
ffffffff  __binit__                            
ffffffff  binit                                
UNDEFED   __TI_CINIT_Base                      
UNDEFED   __TI_CINIT_Limit                     
UNDEFED   __TI_Handler_Table_Base              
UNDEFED   __TI_Handler_Table_Limit             
UNDEFED   _system_post_cinit                   

[421 symbols]
