******************************************************************************
            TI ARM Clang Linker PC v4.0.4                      
******************************************************************************
>> Linked Thu Apr  2 19:25:04 2026

OUTPUT FILE NAME:   <ccu_ti_multi_core_realtime.out>
ENTRY POINT SYMBOL: "_vectors"  address: 00000000


MEMORY CONFIGURATION

         name            origin    length      used     unused   attr    fill
----------------------  --------  ---------  --------  --------  ----  --------
  R5F_VECS              00000000   00000040  00000040  00000000  RWIX
  R5F_TCMA              00000040   00007fc0  00000000  00007fc0  RWIX
  R5F_TCMB              00080000   00008000  00000000  00008000  RWIX
  MAILBOX_HSM           44000000   000003ce  00000000  000003ce  RWIX
  MAILBOX_R5F           44000400   000003ce  00000000  000003ce  RWIX
  FLASH                 60180000   00080000  00000000  00080000  RWIX
  OCRAM                 70180000   00080000  0001a518  00065ae8  RWIX
  USER_SHM_MEM          70200000   00008000  00004d4c  000032b4  RWIX
  LOG_SHM_MEM           70208000   00004000  00002000  00002000  RWIX
  RTOS_NORTOS_IPC_SHM_M 72000000   00003e80  00000000  00003e80  RWIX


SEGMENT ALLOCATION MAP

run origin  load origin   length   init length attrs members
----------  ----------- ---------- ----------- ----- -------
00000000    00000000    00000040   00000040    r-x
  00000000    00000000    00000040   00000040    r-x .vectors
70180000    70180000    00010ce8   00010ce8    r-x
  70180000    70180000    0000e850   0000e850    r-x .text
  7018e850    7018e850    00002498   00002498    r-- .rodata
70190ce8    70190ce8    000066c0   00000000    rw-
  70190ce8    70190ce8    000026c0   00000000    rw- .bss
  701933a8    701933a8    00004000   00000000    rw- .stack
701973b0    701973b0    00001878   00001878    r-x
  701973b0    701973b0    00000e50   00000e50    r-x .text.hwi
  70198200    70198200    000004a0   000004a0    r-x .text.cache
  701986a0    701986a0    000003c0   000003c0    r-x .text.mpu
  70198a60    70198a60    000001c0   000001c0    r-x .text.boot
  70198c20    70198c20    00000008   00000008    r-x .text:abort
70198c28    70198c28    000018f8   000004f8    rw-
  70198c28    70198c28    000004f8   000004f8    rw- .data
  70199120    70199120    00000100   00000000    rw- .irqstack
  70199220    70199220    00000100   00000000    rw- .fiqstack
  70199320    70199320    00001000   00000000    rw- .svcstack
  7019a320    7019a320    00000100   00000000    rw- .abortstack
  7019a420    7019a420    00000100   00000000    rw- .undefinedstack


SECTION ALLOCATION MAP

 output                                  attributes/
section   page    origin      length       input sections
--------  ----  ----------  ----------   ----------------
.vectors   0    00000000    00000040     
                  00000000    00000040     nortos.am263px.r5f.ti-arm-clang.debug.lib : HwiP_armv7r_vectors_nortos_asm.obj (.vectors)

.text      0    70180000    0000e850     
                  70180000    00000a34     nortos.am263px.r5f.ti-arm-clang.debug.lib : printf.obj (.text._vsnprintf)
                  70180a34    0000000c     libclang_rt.builtins.a : aeabi_memset.S.obj (.text.__aeabi_memclr)
                  70180a40    00000678     drivers.am263px.r5f.ti-arm-clang.nortos.debug.lib : soc_rcm.obj (.text.SOC_rcmGetClkSrcAndDivReg)
                  701810b8    00000008     libsysbm.a : hostexit.c.obj (.text.HOSTexit)
                  701810c0    00000638     drivers.am263px.r5f.ti-arm-clang.nortos.debug.lib : soc_rcm.obj (.text.SOC_rcmEnablePeripheralClock)
                  701816f8    00000004     libclang_rt.builtins.a : aeabi_div0.c.obj (.text.__aeabi_ldiv0)
                  701816fc    00000004                            : aeabi_memcpy.S.obj (.text.__aeabi_memcpy)
                  70181700    000005e2     nortos.am263px.r5f.ti-arm-clang.debug.lib : printf.obj (.text._ftoa)
                  70181ce2    00000002     --HOLE-- [fill = 0]
                  70181ce4    0000000c                                               : CpuId_armv7r_asm.obj (.text)
                  70181cf0    000004b0                                               : printf.obj (.text._etoa)
                  701821a0    00000402     yis320_protocol.o (.text.vtable_process_rx_data)
                  701825a2    00000002     --HOLE-- [fill = 0]
                  701825a4    00000004     libclang_rt.builtins.a : aeabi_memmove.S.obj (.text.__aeabi_memmove)
                  701825a8    00000008     --HOLE-- [fill = 0]
                  701825b0    00000400     drivers.am263px.r5f.ti-arm-clang.nortos.debug.lib : uart_v0.obj (.text.UART_open)
                  701829b0    000003dc                                                       : ipc_notify_v1.obj (.text.IpcNotify_init)
                  70182d8c    00000004     --HOLE-- [fill = 0]
                  70182d90    000003bc     main.o (.text.main_loop)
                  7018314c    00000004     --HOLE-- [fill = 0]
                  70183150    0000039c     main.o (.text.core1_init)
                  701834ec    00000004     --HOLE-- [fill = 0]
                  701834f0    00000398     can_interface.o (.text.init_single_mcan)
                  70183888    00000008     --HOLE-- [fill = 0]
                  70183890    00000302     drivers.am263px.r5f.ti-arm-clang.nortos.debug.lib : soc.obj (.text.SOC_virtToPhy)
                  70183b92    0000000e     --HOLE-- [fill = 0]
                  70183ba0    000002f4     motor_mapping.o (.text.motor_mapping_init_core1)
                  70183e94    0000000c     --HOLE-- [fill = 0]
                  70183ea0    000002a8     drivers.am263px.r5f.ti-arm-clang.nortos.debug.lib : mcan.obj (.text.MCAN_msgRAMConfig)
                  70184148    00000008     --HOLE-- [fill = 0]
                  70184150    0000027e                                                       : uart_dma_edma.obj (.text.UART_edmaChInit)
                  701843ce    00000002     --HOLE-- [fill = 0]
                  701843d0    00000250                                                       : edma.obj (.text.Alloc_resource)
                  70184620    00000242                                                       : uart_v0_lld.obj (.text.UART_fifoConfig)
                  70184862    0000000e     --HOLE-- [fill = 0]
                  70184870    0000023e     nortos.am263px.r5f.ti-arm-clang.debug.lib : printf.obj (.text._ntoa_format)
                  70184aae    00000002     --HOLE-- [fill = 0]
                  70184ab0    0000022a     main.o (.text.transmit_can_frames)
                  70184cda    00000006     --HOLE-- [fill = 0]
                  70184ce0    00000226     drivers.am263px.r5f.ti-arm-clang.nortos.debug.lib : uart_dma_edma.obj (.text.UART_lld_dmaDeInit)
                  70184f06    0000000a     --HOLE-- [fill = 0]
                  70184f10    00000222                                                       : ipc_notify_v1.obj (.text.IpcNotify_isr)
                  70185132    0000000e     --HOLE-- [fill = 0]
                  70185140    00000206     can_interface.o (.text.CAN_TransmitBatch)
                  70185346    0000000a     --HOLE-- [fill = 0]
                  70185350    000001d6     nortos.am263px.r5f.ti-arm-clang.debug.lib : TimerP_rti_priv.obj (.text.TimerP_setupPriv)
                  70185526    0000000a     --HOLE-- [fill = 0]
                  70185530    000001aa     drivers.am263px.r5f.ti-arm-clang.nortos.debug.lib : uart_dma_edma.obj (.text.UART_lld_dmaWrite)
                  701856da    00000006     --HOLE-- [fill = 0]
                  701856e0    000001aa     can_interface.o (.text.can_rx_isr)
                  7018588a    00000006     --HOLE-- [fill = 0]
                  70185890    000001a8     drivers.am263px.r5f.ti-arm-clang.nortos.debug.lib : uart_v0.obj (.text.UART_close)
                  70185a38    00000008     --HOLE-- [fill = 0]
                  70185a40    00000198                                                       : uart_v0_lld.obj (.text.UART_lld_controllerIsr)
                  70185bd8    00000008     --HOLE-- [fill = 0]
                  70185be0    00000188     can_interface.o (.text.CAN_StartRxInterrupts)
                  70185d68    00000008     --HOLE-- [fill = 0]
                  70185d70    00000186     drivers.am263px.r5f.ti-arm-clang.nortos.debug.lib : mcan.obj (.text.MCAN_readMsg)
                  70185ef6    0000000a     --HOLE-- [fill = 0]
                  70185f00    00000184                                                       : mcan.obj (.text.MCAN_calcMsgRamParamsStartAddr)
                  70186084    0000000c     --HOLE-- [fill = 0]
                  70186090    00000162                                                       : edma.obj (.text.EDMA_unregisterIntr)
                  701861f2    0000000e     --HOLE-- [fill = 0]
                  70186200    00000158                                                       : soc.obj (.text.SOC_controlModuleUnlockMMR)
                  70186358    00000008     --HOLE-- [fill = 0]
                  70186360    00000152                                                       : uart_v0_lld.obj (.text.UART_lld_initDma)
                  701864b2    0000000e     --HOLE-- [fill = 0]
                  701864c0    00000150     nortos.am263px.r5f.ti-arm-clang.debug.lib : DebugP_shmLogWriter.obj (.text.DebugP_shmLogWriterPutChar)
                  70186610    00000150     drivers.am263px.r5f.ti-arm-clang.nortos.debug.lib : mcan.obj (.text.MCAN_writeMsg)
                  70186760    0000014e     yis320_protocol.o (.text.parse_imu_frame)
                  701868ae    00000002     --HOLE-- [fill = 0]
                  701868b0    0000014c     drivers.am263px.r5f.ti-arm-clang.nortos.debug.lib : mcan.obj (.text.MCAN_setBitTime)
                  701869fc    00000004     --HOLE-- [fill = 0]
                  70186a00    00000142     imu_interface_isr.o (.text.imu_uart_isr_init)
                  70186b42    0000000e     --HOLE-- [fill = 0]
                  70186b50    00000140     can_interface.o (.text.CAN_Init)
                  70186c90    0000013a     drivers.am263px.r5f.ti-arm-clang.nortos.debug.lib : edma.obj (.text.EDMA_isDmaChannelAllocated)
                  70186dca    00000006     --HOLE-- [fill = 0]
                  70186dd0    00000138                                                       : mcan.obj (.text.MCAN_readMsgRam)
                  70186f08    00000008     --HOLE-- [fill = 0]
                  70186f10    00000138     nortos.am263px.r5f.ti-arm-clang.debug.lib : printf.obj (.text._ntoa_long_long)
                  70187048    00000008     --HOLE-- [fill = 0]
                  70187050    00000136                                               : ClockP_nortos_r5.obj (.text.ClockP_init)
                  70187186    0000000a     --HOLE-- [fill = 0]
                  70187190    00000136     drivers.am263px.r5f.ti-arm-clang.nortos.debug.lib : uart_v0_lld.obj (.text.UART_procLineStatusErr)
                  701872c6    0000000a     --HOLE-- [fill = 0]
                  701872d0    00000134                                                       : edma.obj (.text.EDMA_registerIntr)
                  70187404    0000000c     --HOLE-- [fill = 0]
                  70187410    00000134                                                       : mcan.obj (.text.MCAN_init)
                  70187544    0000000c     --HOLE-- [fill = 0]
                  70187550    0000012c                                                       : uart_v0_lld.obj (.text.UART_lld_init)
                  7018767c    00000004     --HOLE-- [fill = 0]
                  70187680    0000012a                                                       : mcan.obj (.text.MCAN_config)
                  701877aa    00000006     --HOLE-- [fill = 0]
                  701877b0    00000126                                                       : soc.obj (.text.SOC_controlModuleLockMMR)
                  701878d6    0000000a     --HOLE-- [fill = 0]
                  701878e0    00000120                                                       : soc_rcm.obj (.text.SOC_rcmGetPeripheralClockFrequency)
                  70187a00    00000120     can_interface.o (.text.init_can_stb_gpios)
                  70187b20    0000011c     nortos.am263px.r5f.ti-arm-clang.debug.lib : DebugP_shmLogWriter.obj (.text.DebugP_shmLogWriterPutLine)
                  70187c3c    00000004     --HOLE-- [fill = 0]
                  70187c40    0000011c     drivers.am263px.r5f.ti-arm-clang.nortos.debug.lib : uart_dma_edma.obj (.text.UART_lld_dmaRead)
                  70187d5c    00000118     libclang_rt.builtins.a : udivmoddi4.S.obj (.text)
                  70187e74    0000000c     --HOLE-- [fill = 0]
                  70187e80    00000116     drivers.am263px.r5f.ti-arm-clang.nortos.debug.lib : edma.obj (.text.EDMA_isTccAllocated)
                  70187f96    0000000a     --HOLE-- [fill = 0]
                  70187fa0    00000116                                                       : uart_v0_lld.obj (.text.UART_divisorLatchWrite)
                  701880b6    0000000a     --HOLE-- [fill = 0]
                  701880c0    00000114     nortos.am263px.r5f.ti-arm-clang.debug.lib : printf.obj (.text._ntoa_long)
                  701881d4    0000000c     --HOLE-- [fill = 0]
                  701881e0    0000010e     drivers.am263px.r5f.ti-arm-clang.nortos.debug.lib : soc_rcm.obj (.text.SOC_rcmADPLLJGetFOut)
                  701882ee    00000002     --HOLE-- [fill = 0]
                  701882f0    0000010a                                                       : ipc_notify_v1.obj (.text.IpcNotify_sendMsg)
                  701883fa    00000006     --HOLE-- [fill = 0]
                  70188400    00000104                                                       : uart_v0_lld.obj (.text.UART_configInstance)
                  70188504    0000000c     --HOLE-- [fill = 0]
                  70188510    00000102     ti_drivers_config.o (.text.GPIO_init)
                  70188612    0000000e     --HOLE-- [fill = 0]
                  70188620    00000102     nortos.am263px.r5f.ti-arm-clang.debug.lib : SemaphoreP_nortos.obj (.text.SemaphoreP_pend)
                  70188722    0000000e     --HOLE-- [fill = 0]
                  70188730    00000102     gateway_shared.o (.text.gateway_ringbuf_read)
                  70188832    0000000e     --HOLE-- [fill = 0]
                  70188840    000000f6     main.o (.text.process_can_rx)
                  70188936    0000000a     --HOLE-- [fill = 0]
                  70188940    000000ee     main.o (.text.process_motor_commands)
                  70188a2e    00000002     --HOLE-- [fill = 0]
                  70188a30    000000ec     gateway_shared.o (.text.gateway_write_motor_config)
                  70188b1c    00000004     --HOLE-- [fill = 0]
                  70188b20    000000e6     drivers.am263px.r5f.ti-arm-clang.nortos.debug.lib : soc_rcm.obj (.text.SOC_rcmGetCoreFout)
                  70188c06    0000000a     --HOLE-- [fill = 0]
                  70188c10    000000e6                                                       : soc_rcm.obj (.text.SOC_rcmGetPerFout)
                  70188cf6    0000000a     --HOLE-- [fill = 0]
                  70188d00    000000e4                                                       : edma.obj (.text.EDMA_freeChannelRegion)
                  70188de4    0000000c     --HOLE-- [fill = 0]
                  70188df0    000000e2                                                       : edma.obj (.text.EDMA_freeParam)
                  70188ed2    0000000e     --HOLE-- [fill = 0]
                  70188ee0    000000e0                                                       : edma.obj (.text.EDMA_freeDmaChannel)
                  70188fc0    000000e0                                                       : edma.obj (.text.EDMA_freeTcc)
                  701890a0    000000de                                                       : uart_v0_lld.obj (.text.UART_intrEnable)
                  7018917e    00000002     --HOLE-- [fill = 0]
                  70189180    000000da                                                       : uart_v0_lld.obj (.text.UART_intrDisable)
                  7018925a    00000006     --HOLE-- [fill = 0]
                  70189260    000000d0     nortos.am263px.r5f.ti-arm-clang.debug.lib : AddrTranslateP_32bit.obj (.text.AddrTranslateP_getLocalAddr)
                  70189330    000000ce     drivers.am263px.r5f.ti-arm-clang.nortos.debug.lib : edma.obj (.text.EDMA_disableChInShadowRegRegion)
                  701893fe    00000002     --HOLE-- [fill = 0]
                  70189400    000000cc                                                       : edma.obj (.text.EDMA_enableChInShadowRegRegion)
                  701894cc    00000004     --HOLE-- [fill = 0]
                  701894d0    000000c4                                                       : edma.obj (.text.EDMA_mapChToEvtQ)
                  70189594    0000000c     --HOLE-- [fill = 0]
                  701895a0    000000c0                                                       : edma.obj (.text.EDMA_configureChannelRegion)
                  70189660    000000c0                                                       : soc_rcm.obj (.text.SOC_rcmGetPerHSDivOut)
                  70189720    000000c0                                                       : uart_v0.obj (.text.UART_flushTxFifo)
                  701897e0    000000c0     nortos.am263px.r5f.ti-arm-clang.debug.lib : printf.obj (.text._out_rev)
                  701898a0    000000be                                               : ClockP_nortos.obj (.text.ClockP_timerTickIsr)
                  7018995e    00000002     --HOLE-- [fill = 0]
                  70189960    000000be     ti_dpl_config.o (.text.TimerP_init)
                  70189a1e    00000002     --HOLE-- [fill = 0]
                  70189a20    000000ba     nortos.am263px.r5f.ti-arm-clang.debug.lib : ClockP_nortos.obj (.text.ClockP_stop)
                  70189ada    00000006     --HOLE-- [fill = 0]
                  70189ae0    000000ba     drivers.am263px.r5f.ti-arm-clang.nortos.debug.lib : ipc_notify_v1.obj (.text.IpcNotify_waitSync)
                  70189b9a    00000006     --HOLE-- [fill = 0]
                  70189ba0    000000ba     gateway_shared.o (.text.gateway_write_motor_states)
                  70189c5a    00000006     --HOLE-- [fill = 0]
                  70189c60    000000ba     nortos.am263px.r5f.ti-arm-clang.debug.lib : PmuP_armv7r.obj (.text.pmu)
                  70189d1a    00000006     --HOLE-- [fill = 0]
                  70189d20    000000b0     drivers.am263px.r5f.ti-arm-clang.nortos.debug.lib : mcan.obj (.text.MCAN_writeMsgRam)
                  70189dd0    000000b0                                                       : soc_rcm.obj (.text.SOC_rcmSetPeripheralClock)
                  70189e80    000000b0                                                       : uart_v0.obj (.text.UART_init)
                  70189f30    000000b0     imu_interface_isr.o (.text.imu_uart_isr)
                  70189fe0    000000ae     drivers.am263px.r5f.ti-arm-clang.nortos.debug.lib : mcan.obj (.text.MCAN_getOffsetAddr)
                  7018a08e    00000002     --HOLE-- [fill = 0]
                  7018a090    000000ac     gateway_shared.o (.text.gateway_core1_wait_for_ready)
                  7018a13c    00000004     --HOLE-- [fill = 0]
                  7018a140    000000a8     nortos.am263px.r5f.ti-arm-clang.debug.lib : ClockP_nortos.obj (.text.ClockP_addToList)
                  7018a1e8    00000008     --HOLE-- [fill = 0]
                  7018a1f0    000000a8                                               : ClockP_nortos.obj (.text.ClockP_destruct)
                  7018a298    00000008     --HOLE-- [fill = 0]
                  7018a2a0    000000a8     ti_drivers_open_close.o (.text.Drivers_uartOpen)
                  7018a348    00000008     --HOLE-- [fill = 0]
                  7018a350    000000a0     drivers.am263px.r5f.ti-arm-clang.nortos.debug.lib : soc_rcm.obj (.text.SOC_rcmGetCoreHSDivOut)
                  7018a3f0    0000009e     gateway_shared.o (.text.gateway_core1_ipc_callback)
                  7018a48e    00000002     --HOLE-- [fill = 0]
                  7018a490    0000009e     main.o (.text.ipc_notify_callback_fxn)
                  7018a52e    00000002     --HOLE-- [fill = 0]
                  7018a530    0000009e     yis320_protocol.o (.text.validate_checksum)
                  7018a5ce    00000002     --HOLE-- [fill = 0]
                  7018a5d0    0000009a     imu_interface_isr.o (.text.imu_uart_read)
                  7018a66a    00000006     --HOLE-- [fill = 0]
                  7018a670    00000098     drivers.am263px.r5f.ti-arm-clang.nortos.debug.lib : ipc_notify_v1.obj (.text.IpcNotify_registerClient)
                  7018a708    00000008     --HOLE-- [fill = 0]
                  7018a710    00000096                                                       : uart_v0_lld.obj (.text.UART_subConfigTCRTLRModeEn)
                  7018a7a6    0000000a     --HOLE-- [fill = 0]
                  7018a7b0    00000092     nortos.am263px.r5f.ti-arm-clang.debug.lib : ClockP_nortos.obj (.text.ClockP_getTimeUsec)
                  7018a842    0000000e     --HOLE-- [fill = 0]
                  7018a850    00000092     drivers.am263px.r5f.ti-arm-clang.nortos.debug.lib : edma.obj (.text.EDMA_unmapChToEvtQ)
                  7018a8e2    0000000e     --HOLE-- [fill = 0]
                  7018a8f0    00000092     motor_mapping.o (.text.float_to_uint)
                  7018a982    0000000e     --HOLE-- [fill = 0]
                  7018a990    00000092     yis320_protocol.o (.text.yis320_convert_to_ipc)
                  7018aa22    0000000e     --HOLE-- [fill = 0]
                  7018aa30    0000008c     drivers.am263px.r5f.ti-arm-clang.nortos.debug.lib : edma.obj (.text.EDMA_disableTransferRegion)
                  7018aabc    00000004     --HOLE-- [fill = 0]
                  7018aac0    0000008c                                                       : edma.obj (.text.EDMA_enableTransferRegion)
                  7018ab4c    00000004     --HOLE-- [fill = 0]
                  7018ab50    00000088                                                       : uart_dma_edma.obj (.text.UART_edmaIsrRx)
                  7018abd8    00000008     --HOLE-- [fill = 0]
                  7018abe0    00000088                                                       : uart_dma_edma.obj (.text.UART_edmaIsrTx)
                  7018ac68    00000008     --HOLE-- [fill = 0]
                  7018ac70    00000086                                                       : uart_v0_lld.obj (.text.UART_lld_flushTxFifo)
                  7018acf6    0000000a     --HOLE-- [fill = 0]
                  7018ad00    00000086                                                       : uart_v0_lld.obj (.text.UART_tcrTlrBitValRestore)
                  7018ad86    0000000a     --HOLE-- [fill = 0]
                  7018ad90    00000082                                                       : edma.obj (.text.EDMA_allocDmaChannel)
                  7018ae12    0000000e     --HOLE-- [fill = 0]
                  7018ae20    00000082                                                       : edma.obj (.text.EDMA_allocParam)
                  7018aea2    0000000e     --HOLE-- [fill = 0]
                  7018aeb0    00000082                                                       : edma.obj (.text.EDMA_allocTcc)
                  7018af32    0000000e     --HOLE-- [fill = 0]
                  7018af40    00000082                                                       : edma.obj (.text.EDMA_disableTccInShadowRegRegion)
                  7018afc2    0000000e     --HOLE-- [fill = 0]
                  7018afd0    00000082                                                       : edma.obj (.text.EDMA_enableTccInShadowRegRegion)
                  7018b052    0000000e     --HOLE-- [fill = 0]
                  7018b060    00000082                                                       : ipc_notify_v1.obj (.text.IpcNotify_syncAll)
                  7018b0e2    0000000e     --HOLE-- [fill = 0]
                  7018b0f0    00000082     imu_protocol_handler.o (.text.imu_protocol_manager_init)
                  7018b172    0000000e     --HOLE-- [fill = 0]
                  7018b180    00000080     drivers.am263px.r5f.ti-arm-clang.nortos.debug.lib : mcan.obj (.text.MCAN_addStdMsgIDFilter)
                  7018b200    00000080                                                       : uart_v0_lld.obj (.text.UART_moduleReset)
                  7018b280    0000007e     ti_drivers_config.o (.text.System_init)
                  7018b2fe    00000002     --HOLE-- [fill = 0]
                  7018b300    0000007e     drivers.am263px.r5f.ti-arm-clang.nortos.debug.lib : uart_v0_lld.obj (.text.UART_readData)
                  7018b37e    00000002     --HOLE-- [fill = 0]
                  7018b380    0000007c     nortos.am263px.r5f.ti-arm-clang.debug.lib : DebugP_log.obj (.text._DebugP_assert)
                  7018b3fc    00000004     --HOLE-- [fill = 0]
                  7018b400    0000007c     gateway_shared.o (.text.gateway_ringbuf_core1_init)
                  7018b47c    00000004     --HOLE-- [fill = 0]
                  7018b480    0000007a     drivers.am263px.r5f.ti-arm-clang.nortos.debug.lib : ipc_notify_v1.obj (.text.IpcNotify_mailboxWrite)
                  7018b4fa    00000006     --HOLE-- [fill = 0]
                  7018b500    0000007a                                                       : uart_v0.obj (.text.UART_Params_init)
                  7018b57a    00000006     --HOLE-- [fill = 0]
                  7018b580    00000078                                                       : edma.obj (.text.EDMA_linkChannel)
                  7018b5f8    00000008     --HOLE-- [fill = 0]
                  7018b600    00000074                                                       : uart_v0_lld.obj (.text.UART_IsBaseAddrValid)
                  7018b674    0000000c     --HOLE-- [fill = 0]
                  7018b680    00000072     nortos.am263px.r5f.ti-arm-clang.debug.lib : ClockP_nortos.obj (.text.ClockP_usleep)
                  7018b6f2    0000000e     --HOLE-- [fill = 0]
                  7018b700    00000072     drivers.am263px.r5f.ti-arm-clang.nortos.debug.lib : edma.obj (.text.EDMA_clrMissEvtRegion)
                  7018b772    0000000e     --HOLE-- [fill = 0]
                  7018b780    00000072                                                       : ipc_notify_v1.obj (.text.IpcNotify_makeMsg)
                  7018b7f2    0000000e     --HOLE-- [fill = 0]
                  7018b800    0000006e     yis320_protocol.o (.text.find_frame_header_limited)
                  7018b86e    00000002     --HOLE-- [fill = 0]
                  7018b870    0000006a     drivers.am263px.r5f.ti-arm-clang.nortos.debug.lib : ipc_notify_v1.obj (.text.IpcNotify_mailboxReadSwQ)
                  7018b8da    00000006     --HOLE-- [fill = 0]
                  7018b8e0    00000068                                                       : edma.obj (.text.EDMA_getBaseAddr)
                  7018b948    00000008     --HOLE-- [fill = 0]
                  7018b950    00000068                                                       : uart_v0_lld.obj (.text.UART_divisorValCompute)
                  7018b9b8    00000008     --HOLE-- [fill = 0]
                  7018b9c0    00000068     imu_protocol_handler.o (.text.imu_protocol_get_state)
                  7018ba28    00000008     --HOLE-- [fill = 0]
                  7018ba30    00000064     drivers.am263px.r5f.ti-arm-clang.nortos.debug.lib : soc_rcm.obj (.text.SOC_rcmGetR5Clock)
                  7018ba94    0000000c     --HOLE-- [fill = 0]
                  7018baa0    00000064                                                       : soc_rcm.obj (.text.SOC_rcmIsR5FInLockStepMode)
                  7018bb04    0000000c     --HOLE-- [fill = 0]
                  7018bb10    00000064                                                       : uart_v0_lld.obj (.text.UART_fifoRegisterWrite)
                  7018bb74    0000000c     --HOLE-- [fill = 0]
                  7018bb80    00000064                                                       : uart_v0_lld.obj (.text.UART_lld_deInitDma)
                  7018bbe4    0000000c     --HOLE-- [fill = 0]
                  7018bbf0    00000064     imu_protocol_handler.o (.text.imu_protocol_process_uart_rx)
                  7018bc54    0000000c     --HOLE-- [fill = 0]
                  7018bc60    00000062     drivers.am263px.r5f.ti-arm-clang.nortos.debug.lib : mcan.obj (.text.MCAN_enableIntr)
                  7018bcc2    0000000e     --HOLE-- [fill = 0]
                  7018bcd0    00000062                                                       : mcan.obj (.text.MCAN_initTxBufElement)
                  7018bd32    0000000e     --HOLE-- [fill = 0]
                  7018bd40    00000062                                                       : soc_rcm.obj (.text.SOC_rcmInsert16)
                  7018bda2    0000000e     --HOLE-- [fill = 0]
                  7018bdb0    00000062     nortos.am263px.r5f.ti-arm-clang.debug.lib : SemaphoreP_nortos.obj (.text.SemaphoreP_post)
                  7018be12    0000000e     --HOLE-- [fill = 0]
                  7018be20    00000060     drivers.am263px.r5f.ti-arm-clang.nortos.debug.lib : mcan.obj (.text.MCAN_selectIntrLine)
                  7018be80    00000060                                                       : uart_v0_lld.obj (.text.UART_getChar)
                  7018bee0    00000060                                                       : uart_v0_lld.obj (.text.UART_writeData)
                  7018bf40    0000005e     yis320_protocol.o (.text.yis320_protocol_handler_init)
                  7018bf9e    00000002     --HOLE-- [fill = 0]
                  7018bfa0    0000005c     ti_power_clock_config.o (.text.Module_clockSetFrequency)
                  7018bffc    00000004     --HOLE-- [fill = 0]
                  7018c000    0000005c     drivers.am263px.r5f.ti-arm-clang.nortos.debug.lib : uart_v0_lld.obj (.text.UART_lld_deInit)
                  7018c05c    00000004     --HOLE-- [fill = 0]
                  7018c060    0000005a                                                       : uart_v0_lld.obj (.text.UART_regConfigModeEnable)
                  7018c0ba    00000006     --HOLE-- [fill = 0]
                  7018c0c0    00000058                                                       : soc_rcm.obj (.text.SOC_rcmGetModuleClkDivVal)
                  7018c118    00000008     --HOLE-- [fill = 0]
                  7018c120    00000058     yis320_protocol.o (.text.parse_angular_velocity)
                  7018c178    00000008     --HOLE-- [fill = 0]
                  7018c180    00000058     yis320_protocol.o (.text.parse_euler_angles)
                  7018c1d8    00000008     --HOLE-- [fill = 0]
                  7018c1e0    00000056     drivers.am263px.r5f.ti-arm-clang.nortos.debug.lib : uart_v0.obj (.text.UART_lld_readCompleteCallback)
                  7018c236    0000000a     --HOLE-- [fill = 0]
                  7018c240    00000056                                                       : uart_v0.obj (.text.UART_lld_writeCompleteCallback)
                  7018c296    0000000a     --HOLE-- [fill = 0]
                  7018c2a0    00000056     gateway_shared.o (.text.gateway_write_imu_state)
                  7018c2f6    0000000a     --HOLE-- [fill = 0]
                  7018c300    00000056     yis320_protocol.o (.text.vtable_initialize)
                  7018c356    0000000a     --HOLE-- [fill = 0]
                  7018c360    00000054     ti_dpl_config.o (.text.Dpl_init)
                  7018c3b4    0000000c     --HOLE-- [fill = 0]
                  7018c3c0    00000054     drivers.am263px.r5f.ti-arm-clang.nortos.debug.lib : edma.obj (.text.EDMA_setPaRAM)
                  7018c414    0000000c     --HOLE-- [fill = 0]
                  7018c420    00000054                                                       : uart_v0_lld.obj (.text.UART_OperModeValid)
                  7018c474    0000000c     --HOLE-- [fill = 0]
                  7018c480    00000054     main.o (.text.main)
                  7018c4d4    00000054     libc.a : autoinit.c.obj (.text:__TI_auto_init_nobinit_nopinit)
                  7018c528    00000008     --HOLE-- [fill = 0]
                  7018c530    00000050     ti_drivers_open_close.o (.text.Drivers_uartClose)
                  7018c580    00000050     drivers.am263px.r5f.ti-arm-clang.nortos.debug.lib : pinmux.obj (.text.Pinmux_config)
                  7018c5d0    00000050                                                       : uart_v0_lld.obj (.text.UART_checkCharsAvailInFifo)
                  7018c620    0000004e     nortos.am263px.r5f.ti-arm-clang.debug.lib : DebugP_shmLogWriter.obj (.text.DebugP_shmLogWriterInit)
                  7018c66e    00000002     --HOLE-- [fill = 0]
                  7018c670    0000004e     drivers.am263px.r5f.ti-arm-clang.nortos.debug.lib : edma.obj (.text.EDMA_clrEvtRegion)
                  7018c6be    00000002     --HOLE-- [fill = 0]
                  7018c6c0    0000004e                                                       : edma.obj (.text.EDMA_disableDmaEvtRegion)
                  7018c70e    00000002     --HOLE-- [fill = 0]
                  7018c710    0000004e                                                       : edma.obj (.text.EDMA_disableEvtIntrRegion)
                  7018c75e    00000002     --HOLE-- [fill = 0]
                  7018c760    0000004e                                                       : edma.obj (.text.EDMA_enableDmaEvtRegion)
                  7018c7ae    00000002     --HOLE-- [fill = 0]
                  7018c7b0    0000004e                                                       : edma.obj (.text.EDMA_enableEvtIntrRegion)
                  7018c7fe    00000002     --HOLE-- [fill = 0]
                  7018c800    0000004e                                                       : edma.obj (.text.EDMA_setEvtRegion)
                  7018c84e    00000002     --HOLE-- [fill = 0]
                  7018c850    0000004e                                                       : gpio.obj (.text.GPIO_setDirMode)
                  7018c89e    00000002     --HOLE-- [fill = 0]
                  7018c8a0    0000004e                                                       : mcan.obj (.text.MCAN_enableIntrLine)
                  7018c8ee    00000002     --HOLE-- [fill = 0]
                  7018c8f0    0000004c     nortos.am263px.r5f.ti-arm-clang.debug.lib : ClockP_nortos.obj (.text.ClockP_construct)
                  7018c93c    00000004     --HOLE-- [fill = 0]
                  7018c940    0000004c     drivers.am263px.r5f.ti-arm-clang.nortos.debug.lib : edma.obj (.text.EDMA_ccPaRAMEntry_init)
                  7018c98c    00000004     --HOLE-- [fill = 0]
                  7018c990    0000004c                                                       : edma.obj (.text.EDMA_mapQdmaChToPaRAM)
                  7018c9dc    00000004     --HOLE-- [fill = 0]
                  7018c9e0    0000004c                                                       : edma.obj (.text.EDMA_readEventStatusRegion)
                  7018ca2c    00000004     --HOLE-- [fill = 0]
                  7018ca30    0000004c                                                       : ipc_notify_v1.obj (.text.IpcNotify_unregisterClient)
                  7018ca7c    00000004     --HOLE-- [fill = 0]
                  7018ca80    0000004c     ti_power_clock_config.o (.text.Module_clockEnable)
                  7018cacc    00000004     --HOLE-- [fill = 0]
                  7018cad0    0000004c     gateway_shared.o (.text.gateway_update_stat)
                  7018cb1c    0000004c     libc.a : memmov.c.obj (.text.memmove)
                  7018cb68    00000008     --HOLE-- [fill = 0]
                  7018cb70    0000004c     yis320_protocol.o (.text.parse_quaternion)
                  7018cbbc    00000004     --HOLE-- [fill = 0]
                  7018cbc0    0000004c     main.o (.text.timerISR)
                  7018cc0c    00000004     --HOLE-- [fill = 0]
                  7018cc10    0000004a     drivers.am263px.r5f.ti-arm-clang.nortos.debug.lib : ipc_notify_v1.obj (.text.IpcNotify_Params_init)
                  7018cc5a    00000006     --HOLE-- [fill = 0]
                  7018cc60    0000004a                                                       : soc_rcm.obj (.text.SOC_rcmGetCR5SysclkInFrequency)
                  7018ccaa    00000006     --HOLE-- [fill = 0]
                  7018ccb0    0000004a                                                       : uart_v0_lld.obj (.text.UART_getIntrIdentityStatus)
                  7018ccfa    00000006     --HOLE-- [fill = 0]
                  7018cd00    0000004a                                                       : uart_v0_lld.obj (.text.UART_lineCharConfig)
                  7018cd4a    00000006     --HOLE-- [fill = 0]
                  7018cd50    0000004a     main.o (.text.motor_get_index)
                  7018cd9a    00000006     --HOLE-- [fill = 0]
                  7018cda0    00000048     can_interface.o (.text.CAN_RegisterRxCallback)
                  7018cde8    00000008     --HOLE-- [fill = 0]
                  7018cdf0    00000048     drivers.am263px.r5f.ti-arm-clang.nortos.debug.lib : uart_v0_lld.obj (.text.UART_resetModule)
                  7018ce38    00000008     --HOLE-- [fill = 0]
                  7018ce40    00000046                                                       : uart_v0_lld.obj (.text.UART_i2310WA)
                  7018ce86    0000000a     --HOLE-- [fill = 0]
                  7018ce90    00000046                                                       : uart_v0_lld.obj (.text.UART_readLineStatus)
                  7018ced6    0000000a     --HOLE-- [fill = 0]
                  7018cee0    00000046     imu_protocol_handler.o (.text.imu_protocol_handler_init)
                  7018cf26    0000000a     --HOLE-- [fill = 0]
                  7018cf30    00000044     drivers.am263px.r5f.ti-arm-clang.nortos.debug.lib : ipc_notify_v1.obj (.text.IpcNotify_getWriteMailbox)
                  7018cf74    0000000c     --HOLE-- [fill = 0]
                  7018cf80    00000044                                                       : soc_rcm.obj (.text.SOC_rcmExtract8)
                  7018cfc4    0000000c     --HOLE-- [fill = 0]
                  7018cfd0    00000044                                                       : soc_rcm.obj (.text.SOC_rcmMake16)
                  7018d014    0000000c     --HOLE-- [fill = 0]
                  7018d020    00000044     nortos.am263px.r5f.ti-arm-clang.debug.lib : SemaphoreP_nortos.obj (.text.SemaphoreP_construct)
                  7018d064    0000000c     --HOLE-- [fill = 0]
                  7018d070    00000044                                               : DebugP_nortos.obj (.text._DebugP_logZone)
                  7018d0b4    0000000c     --HOLE-- [fill = 0]
                  7018d0c0    00000044                                               : printf.obj (.text._strnlen_s)
                  7018d104    0000000c     --HOLE-- [fill = 0]
                  7018d110    00000042                                               : ClockP_nortos.obj (.text.ClockP_start)
                  7018d152    0000000e     --HOLE-- [fill = 0]
                  7018d160    00000042     drivers.am263px.r5f.ti-arm-clang.nortos.debug.lib : uart_v0.obj (.text.UART_checkOpenParams)
                  7018d1a2    0000000e     --HOLE-- [fill = 0]
                  7018d1b0    00000040     imu_protocol_handler.o (.text.imu_protocol_update_state)
                  7018d1f0    0000003e     drivers.am263px.r5f.ti-arm-clang.nortos.debug.lib : pinmux.obj (.text.Pinmux_unlockMMR)
                  7018d22e    00000002     --HOLE-- [fill = 0]
                  7018d230    0000003e                                                       : uart_v0_lld.obj (.text.UART_IsHWFlowCtrlValid)
                  7018d26e    00000002     --HOLE-- [fill = 0]
                  7018d270    0000003e                                                       : uart_v0_lld.obj (.text.UART_spaceAvail)
                  7018d2ae    00000002     --HOLE-- [fill = 0]
                  7018d2b0    0000003e     gateway_shared.o (.text.gateway_core1_init)
                  7018d2ee    00000002     --HOLE-- [fill = 0]
                  7018d2f0    0000003e     gateway_shared.o (.text.gateway_update_heartbeat)
                  7018d32e    00000002     --HOLE-- [fill = 0]
                  7018d330    0000003c     drivers.am263px.r5f.ti-arm-clang.nortos.debug.lib : uart_v0_lld.obj (.text.UART_IsParityTypeValid)
                  7018d36c    00000004     --HOLE-- [fill = 0]
                  7018d370    0000003c                                                       : uart_v0_lld.obj (.text.UART_IsTxRxFifoEmpty)
                  7018d3ac    00000004     --HOLE-- [fill = 0]
                  7018d3b0    0000003c                                                       : uart_v0_lld.obj (.text.UART_enhanFuncEnable)
                  7018d3ec    00000004     --HOLE-- [fill = 0]
                  7018d3f0    0000003a                                                       : mcan.obj (.text.MCAN_txBufAddReq)
                  7018d42a    00000006     --HOLE-- [fill = 0]
                  7018d430    0000003a                                                       : soc.obj (.text.SOC_moduleSetClockFrequency)
                  7018d46a    00000006     --HOLE-- [fill = 0]
                  7018d470    0000003a     nortos.am263px.r5f.ti-arm-clang.debug.lib : printf.obj (.text._atoi)
                  7018d4aa    00000006     --HOLE-- [fill = 0]
                  7018d4b0    0000003a     main.o (.text.init_1000hz_timer)
                  7018d4ea    00000006     --HOLE-- [fill = 0]
                  7018d4f0    0000003a     nortos.am263px.r5f.ti-arm-clang.debug.lib : printf.obj (.text.snprintf_)
                  7018d52a    00000006     --HOLE-- [fill = 0]
                  7018d530    00000038     drivers.am263px.r5f.ti-arm-clang.nortos.debug.lib : soc.obj (.text.SOC_getCoreName)
                  7018d568    00000038     nortos.am263px.r5f.ti-arm-clang.debug.lib : PmuP_armv7r_asm.obj (.text.pmu)
                  7018d5a0    00000038     yis320_protocol.o (.text.vtable_is_connected)
                  7018d5d8    00000008     --HOLE-- [fill = 0]
                  7018d5e0    00000036     drivers.am263px.r5f.ti-arm-clang.nortos.debug.lib : edma.obj (.text.EDMA_getRegionId)
                  7018d616    0000000a     --HOLE-- [fill = 0]
                  7018d620    00000036     can_interface.o (.text.GPIO_pinWriteLow)
                  7018d656    0000000a     --HOLE-- [fill = 0]
                  7018d660    00000036     ti_drivers_config.o (.text.GPIO_pinWriteLow)
                  7018d696    0000000a     --HOLE-- [fill = 0]
                  7018d6a0    00000036     drivers.am263px.r5f.ti-arm-clang.nortos.debug.lib : ipc_notify_v1.obj (.text.IpcNotify_syncCallback)
                  7018d6d6    0000000a     --HOLE-- [fill = 0]
                  7018d6e0    00000034                                                       : mcan.obj (.text.MCAN_SsAddr)
                  7018d714    0000000c     --HOLE-- [fill = 0]
                  7018d720    00000034                                                       : mcan.obj (.text.MCAN_calcCfgAddr)
                  7018d754    0000000c     --HOLE-- [fill = 0]
                  7018d760    00000034                                                       : pinmux.obj (.text.Pinmux_lockMMR)
                  7018d794    0000000c     --HOLE-- [fill = 0]
                  7018d7a0    00000034     nortos.am263px.r5f.ti-arm-clang.debug.lib : TimerP_rti_priv.obj (.text.TimerP_Params_initPriv)
                  7018d7d4    0000000c     --HOLE-- [fill = 0]
                  7018d7e0    00000034     drivers.am263px.r5f.ti-arm-clang.nortos.debug.lib : uart_v0_lld.obj (.text.UART_IsDataLengthValid)
                  7018d814    0000000c     --HOLE-- [fill = 0]
                  7018d820    00000034     motor_mapping.o (.text.motor_get_config)
                  7018d854    0000000c     --HOLE-- [fill = 0]
                  7018d860    00000032     drivers.am263px.r5f.ti-arm-clang.nortos.debug.lib : mcan.obj (.text.HW_WR_FIELD32_RAW)
                  7018d892    0000000e     --HOLE-- [fill = 0]
                  7018d8a0    00000032                                                       : uart_v0_lld.obj (.text.HW_WR_FIELD32_RAW)
                  7018d8d2    0000000e     --HOLE-- [fill = 0]
                  7018d8e0    00000032                                                       : ipc_notify_v1.obj (.text.IpcNotify_mailboxIsPendingIntr)
                  7018d912    0000000e     --HOLE-- [fill = 0]
                  7018d920    00000032     nortos.am263px.r5f.ti-arm-clang.debug.lib : TimerP_rti_priv.obj (.text.TimerP_getCountPriv)
                  7018d952    0000000e     --HOLE-- [fill = 0]
                  7018d960    00000032     drivers.am263px.r5f.ti-arm-clang.nortos.debug.lib : uart_v0_lld.obj (.text.UART_enhanFuncBitValRestore)
                  7018d992    0000000e     --HOLE-- [fill = 0]
                  7018d9a0    00000032                                                       : uart_v0_lld.obj (.text.UART_hardwareFlowCtrlOptSet)
                  7018d9d2    0000000e     --HOLE-- [fill = 0]
                  7018d9e0    00000030                                                       : ipc_notify_v1.obj (.text.IpcNotify_getReadSwQ)
                  7018da10    00000030                                                       : uart_v0_lld.obj (.text.UART_flowCtrlTrigLvlConfig)
                  7018da40    00000030     gateway_shared.o (.text.gateway_signal_motor_config_ready)
                  7018da70    0000002e     drivers.am263px.r5f.ti-arm-clang.nortos.debug.lib : uart_dma_edma.obj (.text.UART_lld_dmaInit)
                  7018da9e    00000002     --HOLE-- [fill = 0]
                  7018daa0    0000002e     nortos.am263px.r5f.ti-arm-clang.debug.lib : printf.obj (.text._is_digit)
                  7018dace    00000002     --HOLE-- [fill = 0]
                  7018dad0    0000002c                                               : DebugP_log.obj (.text.DebugP_logZoneEnable)
                  7018dafc    00000004     --HOLE-- [fill = 0]
                  7018db00    0000002c     drivers.am263px.r5f.ti-arm-clang.nortos.debug.lib : ipc_notify_v1.obj (.text.IpcNotify_getReadMailbox)
                  7018db2c    00000004     --HOLE-- [fill = 0]
                  7018db30    0000002c                                                       : mcan.obj (.text.MCAN_clearNewDataStatus)
                  7018db5c    00000004     --HOLE-- [fill = 0]
                  7018db60    0000002c                                                       : mcan.obj (.text.MCAN_getNewDataStatus)
                  7018db8c    00000004     --HOLE-- [fill = 0]
                  7018db90    0000002c     nortos.am263px.r5f.ti-arm-clang.debug.lib : SemaphoreP_nortos.obj (.text.SemaphoreP_constructBinary)
                  7018dbbc    00000004     --HOLE-- [fill = 0]
                  7018dbc0    0000002c     yis320_protocol.o (.text.vtable_deinit)
                  7018dbec    00000004     --HOLE-- [fill = 0]
                  7018dbf0    0000002a     nortos.am263px.r5f.ti-arm-clang.debug.lib : ClockP_nortos.obj (.text.ClockP_sleepTicks)
                  7018dc1a    00000006     --HOLE-- [fill = 0]
                  7018dc20    0000002a     drivers.am263px.r5f.ti-arm-clang.nortos.debug.lib : uart_v0_lld.obj (.text.UART_intr2Disable)
                  7018dc4a    00000006     --HOLE-- [fill = 0]
                  7018dc50    0000002a                                                       : uart_v0_lld.obj (.text.UART_operatingModeSelect)
                  7018dc7a    00000006     --HOLE-- [fill = 0]
                  7018dc80    0000002a     imu_protocol_handler.o (.text.imu_process_rx_data)
                  7018dcaa    00000006     --HOLE-- [fill = 0]
                  7018dcb0    00000028     nortos.am263px.r5f.ti-arm-clang.debug.lib : CpuId_armv7r.obj (.text.CSL_armR5GetCpuID)
                  7018dcd8    00000008     --HOLE-- [fill = 0]
                  7018dce0    00000028                                               : printf.obj (.text.vprintf_)
                  7018dd08    00000008     --HOLE-- [fill = 0]
                  7018dd10    00000026     drivers.am263px.r5f.ti-arm-clang.nortos.debug.lib : edma.obj (.text.EDMA_disableQdmaEvtRegion)
                  7018dd36    0000000a     --HOLE-- [fill = 0]
                  7018dd40    00000026                                                       : edma.obj (.text.EDMA_enableQdmaEvtRegion)
                  7018dd66    0000000a     --HOLE-- [fill = 0]
                  7018dd70    00000026                                                       : edma.obj (.text.EDMA_validateIntrObject)
                  7018dd96    0000000a     --HOLE-- [fill = 0]
                  7018dda0    00000026     ti_drivers_config.o (.text.IpcNotify_allocSwQueue)
                  7018ddc6    0000000a     --HOLE-- [fill = 0]
                  7018ddd0    00000026     nortos.am263px.r5f.ti-arm-clang.debug.lib : printf.obj (.text._out_buffer)
                  7018ddf6    0000000a     --HOLE-- [fill = 0]
                  7018de00    00000024     ti_drivers_config.o (.text.IpcNotify_getConfig)
                  7018de24    0000000c     --HOLE-- [fill = 0]
                  7018de30    00000024     nortos.am263px.r5f.ti-arm-clang.debug.lib : SemaphoreP_nortos.obj (.text.SemaphoreP_constructMutex)
                  7018de54    0000000c     --HOLE-- [fill = 0]
                  7018de60    00000024     drivers.am263px.r5f.ti-arm-clang.nortos.debug.lib : uart_v0_lld.obj (.text.UART_IsRxTrigLvlValid)
                  7018de84    0000000c     --HOLE-- [fill = 0]
                  7018de90    00000024                                                       : uart_v0_lld.obj (.text.UART_IsStopBitsValid)
                  7018deb4    0000000c     --HOLE-- [fill = 0]
                  7018dec0    00000024                                                       : uart_v0_lld.obj (.text.UART_IsTxTrigLvlValid)
                  7018dee4    0000000c     --HOLE-- [fill = 0]
                  7018def0    00000024                                                       : uart_v0.obj (.text.UART_getBaseAddr)
                  7018df14    00000024     libclang_rt.builtins.a : aeabi_uldivmod.S.obj (.text.__aeabi_uldivmod)
                  7018df38    00000008     --HOLE-- [fill = 0]
                  7018df40    00000024     nortos.am263px.r5f.ti-arm-clang.debug.lib : printf.obj (.text._out_char)
                  7018df64    0000000c     --HOLE-- [fill = 0]
                  7018df70    00000022     drivers.am263px.r5f.ti-arm-clang.nortos.debug.lib : edma.obj (.text.EDMA_channelToParamMap)
                  7018df92    0000000e     --HOLE-- [fill = 0]
                  7018dfa0    00000022     gateway_shared.o (.text.gateway_ringbuf_core1_receive)
                  7018dfc2    0000000e     --HOLE-- [fill = 0]
                  7018dfd0    00000020     nortos.am263px.r5f.ti-arm-clang.debug.lib : ClockP_nortos.obj (.text.ClockP_isActive)
                  7018dff0    00000020                                               : ClockP_nortos.obj (.text.ClockP_usecToTicks)
                  7018e010    00000020     drivers.am263px.r5f.ti-arm-clang.nortos.debug.lib : mcan.obj (.text.HW_RD_FIELD32_RAW)
                  7018e030    00000020                                                       : uart_v0_lld.obj (.text.HW_RD_FIELD32_RAW)
                  7018e050    0000001e     nortos.am263px.r5f.ti-arm-clang.debug.lib : ClockP_nortos.obj (.text.ClockP_Params_init)
                  7018e06e    00000002     --HOLE-- [fill = 0]
                  7018e070    0000001e     drivers.am263px.r5f.ti-arm-clang.nortos.debug.lib : edma.obj (.text.EDMA_getEventStatusHigh)
                  7018e08e    00000002     --HOLE-- [fill = 0]
                  7018e090    0000001e                                                       : mcan.obj (.text.MCAN_setOpMode)
                  7018e0ae    00000002     --HOLE-- [fill = 0]
                  7018e0b0    0000001e                                                       : soc.obj (.text.SOC_getSelfCpuClk)
                  7018e0ce    00000002     --HOLE-- [fill = 0]
                  7018e0d0    0000001e                                                       : soc.obj (.text.SOC_moduleClockEnable)
                  7018e0ee    00000002     --HOLE-- [fill = 0]
                  7018e0f0    0000001e     ti_dpl_config.o (.text.TimerP_isr0)
                  7018e10e    00000002     --HOLE-- [fill = 0]
                  7018e110    0000001e     drivers.am263px.r5f.ti-arm-clang.nortos.debug.lib : uart_v0_lld.obj (.text.UART_breakCtl)
                  7018e12e    00000002     --HOLE-- [fill = 0]
                  7018e130    0000001e                                                       : uart_v0_lld.obj (.text.UART_lld_Transaction_deInit)
                  7018e14e    00000002     --HOLE-- [fill = 0]
                  7018e150    0000001c                                                       : edma.obj (.text.EDMA_getEventStatus)
                  7018e16c    00000004     --HOLE-- [fill = 0]
                  7018e170    0000001c                                                       : mcan.obj (.text.MCAN_writeProtectedRegAccessLock)
                  7018e18c    00000004     --HOLE-- [fill = 0]
                  7018e190    0000001c                                                       : mcan.obj (.text.MCAN_writeProtectedRegAccessUnlock)
                  7018e1ac    00000004     --HOLE-- [fill = 0]
                  7018e1b0    0000001c                                                       : uart_v0_lld.obj (.text.UART_IsParameter)
                  7018e1cc    0000001c     libc.a : memcpy32.S.obj (.text:TI_memcpy_small)
                  7018e1e8    00000008     --HOLE-- [fill = 0]
                  7018e1f0    0000001a     drivers.am263px.r5f.ti-arm-clang.nortos.debug.lib : mcan.obj (.text.MCAN_clearIntrStatus)
                  7018e20a    00000006     --HOLE-- [fill = 0]
                  7018e210    0000001a                                                       : mcan.obj (.text.MCAN_getOpMode)
                  7018e22a    00000006     --HOLE-- [fill = 0]
                  7018e230    0000001a                                                       : uart_v0_lld.obj (.text.UART_fifoCharGet)
                  7018e24a    00000006     --HOLE-- [fill = 0]
                  7018e250    0000001a                                                       : uart_v0_lld.obj (.text.UART_timeGuardConfig)
                  7018e26a    00000006     --HOLE-- [fill = 0]
                  7018e270    00000018     nortos.am263px.r5f.ti-arm-clang.debug.lib : ClockP_nortos.obj (.text.ClockP_ticksToUsec)
                  7018e288    00000008     --HOLE-- [fill = 0]
                  7018e290    00000018     drivers.am263px.r5f.ti-arm-clang.nortos.debug.lib : edma.obj (.text.EDMA_isInterruptEnabled)
                  7018e2a8    00000008     --HOLE-- [fill = 0]
                  7018e2b0    00000018                                                       : ipc_notify_v1.obj (.text.IpcNotify_mailboxClearAllInt)
                  7018e2c8    00000008     --HOLE-- [fill = 0]
                  7018e2d0    00000018                                                       : ipc_notify_v1_cfg.obj (.text.IpcNotify_trigInterrupt)
                  7018e2e8    00000008     --HOLE-- [fill = 0]
                  7018e2f0    00000018     nortos.am263px.r5f.ti-arm-clang.debug.lib : SemaphoreP_nortos.obj (.text.SemaphoreP_Params_init)
                  7018e308    00000008     --HOLE-- [fill = 0]
                  7018e310    00000018                                               : TimerP_rti_priv.obj (.text.TimerP_getReloadCountPriv)
                  7018e328    00000008     --HOLE-- [fill = 0]
                  7018e330    00000018     drivers.am263px.r5f.ti-arm-clang.nortos.debug.lib : uart_v0_lld.obj (.text.UART_divisorLatchDisable)
                  7018e348    00000008     --HOLE-- [fill = 0]
                  7018e350    00000018                                                       : uart_v0_lld.obj (.text.UART_modemControlReset)
                  7018e368    00000008     --HOLE-- [fill = 0]
                  7018e370    00000018                                                       : uart_v0_lld.obj (.text.UART_putChar)
                  7018e388    00000018     libc.a : memset32.S.obj (.text:TI_memset_small)
                  7018e3a0    00000016     drivers.am263px.r5f.ti-arm-clang.nortos.debug.lib : ipc_notify_v1.obj (.text.IpcNotify_sendSync)
                  7018e3b6    0000000a     --HOLE-- [fill = 0]
                  7018e3c0    00000016                                                       : mcan.obj (.text.MCAN_getIntrStatus)
                  7018e3d6    0000000a     --HOLE-- [fill = 0]
                  7018e3e0    00000016     nortos.am263px.r5f.ti-arm-clang.debug.lib : TimerP_rti_priv.obj (.text.TimerP_startPriv)
                  7018e3f6    0000000a     --HOLE-- [fill = 0]
                  7018e400    00000016                                               : TimerP_rti_priv.obj (.text.TimerP_stopPriv)
                  7018e416    0000000a     --HOLE-- [fill = 0]
                  7018e420    00000016     drivers.am263px.r5f.ti-arm-clang.nortos.debug.lib : uart_v0_lld.obj (.text.UART_divideRoundCloset)
                  7018e436    0000000a     --HOLE-- [fill = 0]
                  7018e440    00000016                                                       : uart_v0_lld.obj (.text.UART_regConfModeRestore)
                  7018e456    0000000a     --HOLE-- [fill = 0]
                  7018e460    00000014                                                       : edma.obj (.text.HW_WR_REG16_RAW)
                  7018e474    0000000c     --HOLE-- [fill = 0]
                  7018e480    00000014                                                       : ipc_notify_v1.obj (.text.IpcNotify_mailboxClearPendingIntr)
                  7018e494    0000000c     --HOLE-- [fill = 0]
                  7018e4a0    00000014                                                       : soc_rcm.obj (.text.SOC_rcmGetModuleClkDivFromRegVal)
                  7018e4b4    0000000c     --HOLE-- [fill = 0]
                  7018e4c0    00000014     nortos.am263px.r5f.ti-arm-clang.debug.lib : TimerP_rti_priv.obj (.text.TimerP_clearOverflowIntPriv)
                  7018e4d4    0000000c     --HOLE-- [fill = 0]
                  7018e4e0    00000014                                               : TimerP_rti_nortos.obj (.text.TimerP_setup)
                  7018e4f4    0000000c     --HOLE-- [fill = 0]
                  7018e500    00000014     ti_dpl_config.o (.text.putchar_)
                  7018e514    0000000c     --HOLE-- [fill = 0]
                  7018e520    00000012     ti_pinmux_config.o (.text.Pinmux_init)
                  7018e532    0000000e     --HOLE-- [fill = 0]
                  7018e540    00000012     imu_protocol_handler.o (.text.imu_initialize)
                  7018e552    0000000e     --HOLE-- [fill = 0]
                  7018e560    00000012     imu_interface_isr.o (.text.imu_uart_is_initialized)
                  7018e572    0000000e     --HOLE-- [fill = 0]
                  7018e580    00000012     yis320_protocol.o (.text.yis320_get_timestamp_ms)
                  7018e592    0000000e     --HOLE-- [fill = 0]
                  7018e5a0    00000010     can_interface.o (.text.CSL_REG32_WR_RAW)
                  7018e5b0    00000010     drivers.am263px.r5f.ti-arm-clang.nortos.debug.lib : pinmux.obj (.text.CSL_REG32_WR_RAW)
                  7018e5c0    00000010                                                       : soc.obj (.text.CSL_REG32_WR_RAW)
                  7018e5d0    00000010     ti_drivers_config.o (.text.CSL_REG32_WR_RAW)
                  7018e5e0    00000010     nortos.am263px.r5f.ti-arm-clang.debug.lib : ClockP_nortos_r5.obj (.text.ClockP_getTimerCount)
                  7018e5f0    00000010                                               : ClockP_nortos_r5.obj (.text.ClockP_timerClearOverflowInt)
                  7018e600    00000010     drivers.am263px.r5f.ti-arm-clang.nortos.debug.lib : edma.obj (.text.HW_RD_REG32_RAW)
                  7018e610    00000010                                                       : mcan.obj (.text.HW_RD_REG32_RAW)
                  7018e620    00000010                                                       : uart_v0_lld.obj (.text.HW_RD_REG32_RAW)
                  7018e630    00000010                                                       : edma.obj (.text.HW_WR_REG32_RAW)
                  7018e640    00000010                                                       : mcan.obj (.text.HW_WR_REG32_RAW)
                  7018e650    00000010                                                       : uart_v0_lld.obj (.text.HW_WR_REG32_RAW)
                  7018e660    00000010                                                       : ipc_notify_v1.obj (.text.IpcNotify_mailboxGetPendingIntr)
                  7018e670    00000010     nortos.am263px.r5f.ti-arm-clang.debug.lib : TimerP_rti_nortos.obj (.text.TimerP_Params_init)
                  7018e680    00000010                                               : TimerP_rti_nortos.obj (.text.TimerP_clearOverflowInt)
                  7018e690    00000010                                               : TimerP_rti_nortos.obj (.text.TimerP_getCount)
                  7018e6a0    00000010                                               : TimerP_rti_nortos.obj (.text.TimerP_getReloadCount)
                  7018e6b0    00000010                                               : TimerP_rti_nortos.obj (.text.TimerP_start)
                  7018e6c0    00000010                                               : printf.obj (.text._out_null)
                  7018e6d0    00000010     gateway_shared.o (.text.gateway_notify_imu_ready)
                  7018e6e0    00000010     gateway_shared.o (.text.gateway_notify_states_ready)
                  7018e6f0    0000000e     yis320_protocol.o (.text.yis320_uart_configure)
                  7018e6fe    00000002     --HOLE-- [fill = 0]
                  7018e700    0000000c     ti_board_open_close.o (.text.Board_driversOpen)
                  7018e70c    00000004     --HOLE-- [fill = 0]
                  7018e710    0000000c     nortos.am263px.r5f.ti-arm-clang.debug.lib : ClockP_nortos.obj (.text.ClockP_getTicks)
                  7018e71c    00000004     --HOLE-- [fill = 0]
                  7018e720    0000000c     ti_drivers_open_close.o (.text.Drivers_open)
                  7018e72c    00000004     --HOLE-- [fill = 0]
                  7018e730    0000000c     ti_power_clock_config.o (.text.PowerClock_init)
                  7018e73c    00000004     --HOLE-- [fill = 0]
                  7018e740    0000000c     yis320_protocol.o (.text.vtable_read_data)
                  7018e74c    00000004     --HOLE-- [fill = 0]
                  7018e750    0000000a     nortos.am263px.r5f.ti-arm-clang.debug.lib : HwiP_armv7r_vim.obj (.text.Hwip_dataAndInstructionBarrier)
                  7018e75a    00000006     --HOLE-- [fill = 0]
                  7018e760    0000000a     drivers.am263px.r5f.ti-arm-clang.nortos.debug.lib : ipc_notify_v1.obj (.text.IpcNotify_dataAndInstructionBarrier)
                  7018e76a    00000006     --HOLE-- [fill = 0]
                  7018e770    0000000a                                                       : soc_rcm.obj (.text.SOC_rcmGetBaseAddressMSSRCM)
                  7018e77a    00000006     --HOLE-- [fill = 0]
                  7018e780    0000000a                                                       : uart_dma_edma.obj (.text.UART_edmaDoNothing)
                  7018e78a    00000006     --HOLE-- [fill = 0]
                  7018e790    0000000a     gateway_shared.o (.text.gateway_memory_barrier)
                  7018e79a    00000006     --HOLE-- [fill = 0]
                  7018e7a0    0000000a     gateway_shared.o (.text.ringbuf_get_ptr)
                  7018e7aa    00000006     --HOLE-- [fill = 0]
                  7018e7b0    00000008     ti_drivers_config.o (.text.Drivers_uartInit)
                  7018e7b8    00000008     --HOLE-- [fill = 0]
                  7018e7c0    00000008     drivers.am263px.r5f.ti-arm-clang.nortos.debug.lib : soc_rcm.obj (.text.SOC_rcmGetBaseAddressMSSCTRL)
                  7018e7c8    00000008     --HOLE-- [fill = 0]
                  7018e7d0    00000008                                                       : soc_rcm.obj (.text.SOC_rcmGetBaseAddressTOPRCM)
                  7018e7d8    00000008     --HOLE-- [fill = 0]
                  7018e7e0    00000008     nortos.am263px.r5f.ti-arm-clang.debug.lib : SemaphoreP_nortos.obj (.text.SemaphoreP_destruct)
                  7018e7e8    00000008     --HOLE-- [fill = 0]
                  7018e7f0    00000004     imu_interface_isr.o (.text.imu_uart_process_ipc_notification)
                  7018e7f4    0000000c     --HOLE-- [fill = 0]
                  7018e800    00000002     ti_board_open_close.o (.text.Board_driversClose)
                  7018e802    0000000e     --HOLE-- [fill = 0]
                  7018e810    00000002     ti_board_config.o (.text.Board_init)
                  7018e812    0000000e     --HOLE-- [fill = 0]
                  7018e820    00000002     ti_drivers_open_close.o (.text.Drivers_mcanOpen)
                  7018e822    0000000e     --HOLE-- [fill = 0]
                  7018e830    00000002     drivers.am263px.r5f.ti-arm-clang.nortos.debug.lib : ipc_notify_v1_cfg.obj (.text.IpcNotify_wait)
                  7018e832    0000000e     --HOLE-- [fill = 0]
                  7018e840    00000002     nortos.am263px.r5f.ti-arm-clang.debug.lib : TaskP_nortos.obj (.text.TaskP_yield)
                  7018e842    0000000e     --HOLE-- [fill = 0]

.rodata    0    7018e850    00002498     
                  7018e850    00000450     motor_mapping.o (.rodata.motor_config_table)
                  7018eca0    00000084     ti_dpl_config.o (.rodata.cfg)
                  7018ed24    00000004     nortos.am263px.r5f.ti-arm-clang.debug.lib : CacheP_armv7r.obj (.rodata.gCacheL1dCacheLineSize)
                  7018ed28    00000050                                               : printf.obj (.rodata._ftoa.pow10)
                  7018ed78    0000004f     main.o (.rodata.str1.15996357275703397564.1)
                  7018edc7    0000004d     gateway_shared.o (.rodata.str1.3223734256326991069.1)
                  7018ee14    0000004c     main.o (.rodata.str1.10224226614597680209.1)
                  7018ee60    0000004c     main.o (.rodata.str1.2597068879322958637.1)
                  7018eeac    0000004a     main.o (.rodata.str1.2624144126699937905.1)
                  7018eef6    00000049     can_interface.o (.rodata.str1.11434220007320834734.1)
                  7018ef3f    00000001     --HOLE-- [fill = 0]
                  7018ef40    00000048     drivers.am263px.r5f.ti-arm-clang.nortos.debug.lib : soc_rcm.obj (.rodata.gADPLLJConfigTbl)
                  7018ef88    00000048     main.o (.rodata.str1.14712910685067215323.1)
                  7018efd0    00000045     can_interface.o (.rodata.str1.17857559882412085052.1)
                  7018f015    00000045     main.o (.rodata.str1.2563708670032483588.1)
                  7018f05a    00000043     main.o (.rodata.str1.10313062130652730376.1)
                  7018f09d    00000042     main.o (.rodata.str1.11321157723316767883.1)
                  7018f0df    00000042     main.o (.rodata.str1.11702106008850790973.1)
                  7018f121    00000041     main.o (.rodata.str1.16265332423659789559.1)
                  7018f162    00000002     drivers.am263px.r5f.ti-arm-clang.nortos.debug.lib : soc_rcm.obj (.rodata.gCR5ClkSrcInfoMap)
                  7018f164    00000040                                                       : mcan.obj (.rodata.gDataSize)
                  7018f1a4    00000040                                                       : ipc_notify_v1.obj (.rodata.str1.10118846006578224169.1)
                  7018f1e4    00000040     main.o (.rodata.str1.13030671760666898970.1)
                  7018f224    00000040     gateway_shared.o (.rodata.str1.1309647279537151951.1)
                  7018f264    0000003f     main.o (.rodata.str1.16302215771116645891.1)
                  7018f2a3    0000003e     imu_interface_isr.o (.rodata.str1.2252785669688110604.1)
                  7018f2e1    0000003d     nortos.am263px.r5f.ti-arm-clang.debug.lib : TimerP_rti_priv.obj (.rodata.str1.11388379688747141303.1)
                  7018f31e    0000003d     main.o (.rodata.str1.13782249893155712474.1)
                  7018f35b    0000003d     main.o (.rodata.str1.4787932902692149498.1)
                  7018f398    0000003c     main.o (.rodata.str1.8108965883388295311.1)
                  7018f3d4    0000003b     can_interface.o (.rodata.str1.5571669369711139161.1)
                  7018f40f    0000003b     can_interface.o (.rodata.str1.908759874261081554.1)
                  7018f44a    00000039     can_interface.o (.rodata.str1.13942422985958650841.1)
                  7018f483    00000039     can_interface.o (.rodata.str1.15002872967267125196.1)
                  7018f4bc    00000039     can_interface.o (.rodata.str1.1525376828482709340.1)
                  7018f4f5    00000038     can_interface.o (.rodata.str1.13538652865395202372.1)
                  7018f52d    00000038     gateway_shared.o (.rodata.str1.8694082244888993162.1)
                  7018f565    00000038     imu_interface_isr.o (.rodata.str1.9168798226845388136.1)
                  7018f59d    00000037     gateway_shared.o (.rodata.str1.10638658715010209595.1)
                  7018f5d4    00000037     can_interface.o (.rodata.str1.2296911319530636772.1)
                  7018f60b    00000037     main.o (.rodata.str1.3530083166107438000.1)
                  7018f642    00000037     gateway_shared.o (.rodata.str1.5629998949668554045.1)
                  7018f679    00000036     can_interface.o (.rodata.str1.13796328800688497849.1)
                  7018f6af    00000036     imu_interface_isr.o (.rodata.str1.13916086747295221358.1)
                  7018f6e5    00000036     can_interface.o (.rodata.str1.6531933829109918715.1)
                  7018f71b    00000035     main.o (.rodata.str1.16631870348416990953.1)
                  7018f750    00000035     can_interface.o (.rodata.str1.16770118065840302171.1)
                  7018f785    00000035     can_interface.o (.rodata.str1.6692020027550076815.1)
                  7018f7ba    00000035     ti_drivers_open_close.o (.rodata.str1.871795152488895636.1)
                  7018f7ef    00000035     main.o (.rodata.str1.9059077390166914652.1)
                  7018f824    00000034     main.o (.rodata.str1.10720410773482754683.1)
                  7018f858    00000034     main.o (.rodata.str1.13288086030101331538.1)
                  7018f88c    00000034     main.o (.rodata.str1.14112174005742061988.1)
                  7018f8c0    00000034     main.o (.rodata.str1.17376258722486336754.1)
                  7018f8f4    00000034     main.o (.rodata.str1.18092426736022315238.1)
                  7018f928    00000034     main.o (.rodata.str1.6891813955777630061.1)
                  7018f95c    00000033     main.o (.rodata.str1.11121730273200050387.1)
                  7018f98f    00000033     main.o (.rodata.str1.11822182024223342093.1)
                  7018f9c2    00000033     can_interface.o (.rodata.str1.15146467347084621569.1)
                  7018f9f5    00000033     can_interface.o (.rodata.str1.16025272084367396957.1)
                  7018fa28    00000033     main.o (.rodata.str1.403738606202455663.1)
                  7018fa5b    00000032     can_interface.o (.rodata.str1.2569929632086669665.1)
                  7018fa8d    00000031     can_interface.o (.rodata.str1.4211222669969280216.1)
                  7018fabe    00000031     gateway_shared.o (.rodata.str1.6121471336334202706.1)
                  7018faef    00000031     motor_mapping.o (.rodata.str1.8787205977826144616.1)
                  7018fb20    00000030     can_interface.o (.rodata.str1.10130696897761414469.1)
                  7018fb50    00000030     can_interface.o (.rodata.str1.2167712102046818855.1)
                  7018fb80    00000030     imu_interface_isr.o (.rodata.str1.4417852805959727765.1)
                  7018fbb0    00000030     main.o (.rodata.str1.8154729771448623357.1)
                  7018fbe0    00000030     main.o (.rodata.str1.8828068777338075035.1)
                  7018fc10    0000002f     main.o (.rodata.str1.11870794119293528247.1)
                  7018fc3f    0000002f     can_interface.o (.rodata.str1.15094798983471906066.1)
                  7018fc6e    0000002f     gateway_shared.o (.rodata.str1.3129942817937968154.1)
                  7018fc9d    0000002f     main.o (.rodata.str1.6554448696319176064.1)
                  7018fccc    0000002f     drivers.am263px.r5f.ti-arm-clang.nortos.debug.lib : ipc_notify_v1.obj (.rodata.str1.9418228565027791152.1)
                  7018fcfb    0000002e     can_interface.o (.rodata.str1.11024350005305706282.1)
                  7018fd29    0000002e     gateway_shared.o (.rodata.str1.11051107022181534624.1)
                  7018fd57    0000002e     main.o (.rodata.str1.14079361385603432444.1)
                  7018fd85    0000002e     main.o (.rodata.str1.7996925722583989644.1)
                  7018fdb3    0000002e     gateway_shared.o (.rodata.str1.9859227269409816370.1)
                  7018fde1    0000002d     main.o (.rodata.str1.14466178792657420020.1)
                  7018fe0e    0000002d     can_interface.o (.rodata.str1.14845445665763636722.1)
                  7018fe3b    0000002d     can_interface.o (.rodata.str1.150960857071891705.1)
                  7018fe68    0000002d     main.o (.rodata.str1.5043408953494467246.1)
                  7018fe95    0000002d     can_interface.o (.rodata.str1.6401568125276999251.1)
                  7018fec2    0000002d     main.o (.rodata.str1.6976963560179378225.1)
                  7018feef    0000002c     can_interface.o (.rodata.str1.17102373369105828453.1)
                  7018ff1b    0000002c     can_interface.o (.rodata.str1.2401924719955226879.1)
                  7018ff47    0000002c     main.o (.rodata.str1.2763581881760962609.1)
                  7018ff73    0000002c     gateway_shared.o (.rodata.str1.7167262159681625771.1)
                  7018ff9f    0000002b     can_interface.o (.rodata.str1.15906871730334742222.1)
                  7018ffca    0000002b     main.o (.rodata.str1.18227636981041470289.1)
                  7018fff5    0000002b     can_interface.o (.rodata.str1.3858671167962548137.1)
                  70190020    0000002a     can_interface.o (.rodata.str1.14406550278730177052.1)
                  7019004a    0000002a     can_interface.o (.rodata.str1.17855712168153945246.1)
                  70190074    0000002a     nortos.am263px.r5f.ti-arm-clang.debug.lib : DebugP_log.obj (.rodata.str1.227947788441500939.1)
                  7019009e    0000002a     main.o (.rodata.str1.2846389346932560359.1)
                  701900c8    0000002a     main.o (.rodata.str1.8096991282711418442.1)
                  701900f2    00000029     imu_interface_isr.o (.rodata.str1.15503275091179387347.1)
                  7019011b    00000029     main.o (.rodata.str1.16709704744796600189.1)
                  70190144    00000029     can_interface.o (.rodata.str1.357542981605220142.1)
                  7019016d    00000029     main.o (.rodata.str1.39260288392874984.1)
                  70190196    00000029     can_interface.o (.rodata.str1.6910353934698693424.1)
                  701901bf    00000029     can_interface.o (.rodata.str1.7679921882182829519.1)
                  701901e8    00000029     main.o (.rodata.str1.8076846746581808073.1)
                  70190211    00000028     main.o (.rodata.str1.1311392489248731986.1)
                  70190239    00000028     main.o (.rodata.str1.15159059442110792349.1)
                  70190261    00000027     nortos.am263px.r5f.ti-arm-clang.debug.lib : ClockP_nortos_r5.obj (.rodata.str1.12743090444791882666.1)
                  70190288    00000027     main.o (.rodata.str1.17045314124001216156.1)
                  701902af    00000027     main.o (.rodata.str1.7784929982665794503.1)
                  701902d6    00000026     can_interface.o (.rodata.str1.10186677634541030339.1)
                  701902fc    00000026     can_interface.o (.rodata.str1.13886886582160776261.1)
                  70190322    00000026     gateway_shared.o (.rodata.str1.17046880449980016103.1)
                  70190348    00000026     gateway_shared.o (.rodata.str1.5761821093615868877.1)
                  7019036e    00000025     main.o (.rodata.str1.10635229749459437609.1)
                  70190393    00000025     main.o (.rodata.str1.2123964117280943167.1)
                  701903b8    00000024     main.o (.rodata.str1.11777244287787065045.1)
                  701903dc    00000024     can_interface.o (.rodata.str1.14428574951410983152.1)
                  70190400    00000024     can_interface.o (.rodata.str1.17339864536769639315.1)
                  70190424    00000024     imu_interface_isr.o (.rodata.str1.6306445455767916371.1)
                  70190448    00000024     main.o (.rodata.str1.7702501944640899365.1)
                  7019046c    00000023     drivers.am263px.r5f.ti-arm-clang.nortos.debug.lib : soc_rcm.obj (.rodata.str1.2078190104202520215.1)
                  7019048f    00000023     nortos.am263px.r5f.ti-arm-clang.debug.lib : ClockP_nortos_r5.obj (.rodata.str1.7689125538912326484.1)
                  701904b2    00000022     drivers.am263px.r5f.ti-arm-clang.nortos.debug.lib : edma.obj (.rodata.str1.12976018205622752890.1)
                  701904d4    00000021     can_interface.o (.rodata.str1.12573338884863454617.1)
                  701904f5    00000021     nortos.am263px.r5f.ti-arm-clang.debug.lib : ClockP_nortos_r5.obj (.rodata.str1.8559540482768925367.1)
                  70190516    00000002     --HOLE-- [fill = 0]
                  70190518    00000020     drivers.am263px.r5f.ti-arm-clang.nortos.debug.lib : mcan.obj (.rodata.gMsgObjSize)
                  70190538    00000020     can_interface.o (.rodata.g_mcan_base_addr)
                  70190558    00000020     can_interface.o (.rodata.g_mcan_intr_num)
                  70190578    00000020     can_interface.o (.rodata.g_mcan_rcm_id)
                  70190598    00000020     main.o (.rodata.str1.14402440632258215044.1)
                  701905b8    00000020     drivers.am263px.r5f.ti-arm-clang.nortos.debug.lib : uart_v0.obj (.rodata.str1.16594507886308206351.1)
                  701905d8    00000020                                                       : ipc_notify_v1.obj (.rodata.str1.2046905611612007019.1)
                  701905f8    0000001f     can_interface.o (.rodata.str1.14695538922052102695.1)
[...]
7018e6f1  yis320_uart_configure                


GLOBAL SYMBOLS: SORTED BY Symbol Address 

address   name                                 
-------   ----                                 
00000000  __TI_ATRegion0_region_sz             
00000000  __TI_ATRegion0_src_addr              
00000000  __TI_ATRegion0_trg_addr              
00000000  __TI_ATRegion1_region_sz             
00000000  __TI_ATRegion1_src_addr              
00000000  __TI_ATRegion1_trg_addr              
00000000  __TI_ATRegion2_region_sz             
00000000  __TI_ATRegion2_src_addr              
00000000  __TI_ATRegion2_trg_addr              
00000000  __TI_static_base__                   
00000000  _vectors                             
00000100  __ABORT_STACK_SIZE                   
00000100  __FIQ_STACK_SIZE                     
00000100  __IRQ_STACK_SIZE                     
00000100  __UNDEFINED_STACK_SIZE               
00001000  __SVC_STACK_SIZE                     
00004000  __STACK_SIZE                         
70180a34  __aeabi_memclr                       
70180a34  __aeabi_memclr4                      
70180a34  __aeabi_memclr8                      
701810b8  C$$EXIT                              
701810b8  HOSTexit                             
701810c1  SOC_rcmEnablePeripheralClock         
701816f8  __aeabi_ldiv0                        
701816fc  __aeabi_memcpy                       
701816fc  __aeabi_memcpy4                      
701816fc  __aeabi_memcpy8                      
70181ce4  CSL_armR5ReadMpidrReg                
701825a4  __aeabi_memmove                      
701825a4  __aeabi_memmove4                     
701825a4  __aeabi_memmove8                     
701825b1  UART_open                            
701829b1  IpcNotify_init                       
70183891  SOC_virtToPhy                        
70183ba1  motor_mapping_init_core1             
70183ea1  MCAN_msgRAMConfig                    
70184ce1  UART_lld_dmaDeInit                   
70184f11  IpcNotify_isr                        
70185141  CAN_TransmitBatch                    
70185351  TimerP_setupPriv                     
70185531  UART_lld_dmaWrite                    
70185891  UART_close                           
70185a41  UART_lld_controllerIsr               
70185be1  CAN_StartRxInterrupts                
70185f01  MCAN_calcMsgRamParamsStartAddr       
70186091  EDMA_unregisterIntr                  
70186201  SOC_controlModuleUnlockMMR           
70186361  UART_lld_initDma                     
701864c1  DebugP_shmLogWriterPutChar           
701868b1  MCAN_setBitTime                      
70186a01  imu_uart_isr_init                    
70186b51  CAN_Init                             
70186dd1  MCAN_readMsgRam                      
70187051  ClockP_init                          
70187191  UART_procLineStatusErr               
701872d1  EDMA_registerIntr                    
70187411  MCAN_init                            
70187551  UART_lld_init                        
70187681  MCAN_config                          
701877b1  SOC_controlModuleLockMMR             
701878e1  SOC_rcmGetPeripheralClockFrequency   
70187b21  DebugP_shmLogWriterPutLine           
70187c41  UART_lld_dmaRead                     
70187d5c  __udivmoddi4                         
701882f1  IpcNotify_sendMsg                    
70188511  GPIO_init                            
70188621  SemaphoreP_pend                      
70188731  gateway_ringbuf_read                 
70188a31  gateway_write_motor_config           
70188d01  EDMA_freeChannelRegion               
70188df1  EDMA_freeParam                       
70188ee1  EDMA_freeDmaChannel                  
70188fc1  EDMA_freeTcc                         
701890a1  UART_intrEnable                      
70189181  UART_intrDisable                     
70189261  AddrTranslateP_getLocalAddr          
70189331  EDMA_disableChInShadowRegRegion      
70189401  EDMA_enableChInShadowRegRegion       
701894d1  EDMA_mapChToEvtQ                     
701895a1  EDMA_configureChannelRegion          
70189721  UART_flushTxFifo                     
701898a1  ClockP_timerTickIsr                  
70189961  TimerP_init                          
70189a21  ClockP_stop                          
70189ae1  IpcNotify_waitSync                   
70189ba1  gateway_write_motor_states           
70189c61  CycleCounterP_init                   
70189c81  CycleCounterP_reset                  
70189cd1  CycleCounterP_nsToTicks              
70189d11  CycleCounterP_enableUserAccess       
70189d21  MCAN_writeMsgRam                     
70189dd1  SOC_rcmSetPeripheralClock            
70189e81  UART_init                            
7018a091  gateway_core1_wait_for_ready         
7018a1f1  ClockP_destruct                      
7018a2a1  Drivers_uartOpen                     
7018a3f1  gateway_core1_ipc_callback           
7018a5d1  imu_uart_read                        
7018a671  IpcNotify_registerClient             
7018a7b1  ClockP_getTimeUsec                   
7018a851  EDMA_unmapChToEvtQ                   
7018a8f1  float_to_uint                        
7018a991  yis320_convert_to_ipc                
7018aa31  EDMA_disableTransferRegion           
7018aac1  EDMA_enableTransferRegion            
7018ac71  UART_lld_flushTxFifo                 
7018ad91  EDMA_allocDmaChannel                 
7018ae21  EDMA_allocParam                      
7018aeb1  EDMA_allocTcc                        
7018b061  IpcNotify_syncAll                    
7018b0f1  imu_protocol_manager_init            
7018b181  MCAN_addStdMsgIDFilter               
7018b281  System_init                          
7018b381  _DebugP_assert                       
7018b401  gateway_ringbuf_core1_init           
7018b501  UART_Params_init                     
7018b581  EDMA_linkChannel                     
7018b681  ClockP_usleep                        
7018b701  EDMA_clrMissEvtRegion                
7018b8e1  EDMA_getBaseAddr                     
7018b9c1  imu_protocol_get_state               
7018ba31  SOC_rcmGetR5Clock                    
7018baa1  SOC_rcmIsR5FInLockStepMode           
7018bb81  UART_lld_deInitDma                   
7018bbf1  imu_protocol_process_uart_rx         
7018bc61  MCAN_enableIntr                      
7018bcd1  MCAN_initTxBufElement                
7018bdb1  SemaphoreP_post                      
7018be21  MCAN_selectIntrLine                  
7018be81  UART_getChar                         
7018bf41  yis320_protocol_handler_init         
7018bfa1  Module_clockSetFrequency             
7018c001  UART_lld_deInit                      
7018c2a1  gateway_write_imu_state              
7018c361  Dpl_init                             
7018c3c1  EDMA_setPaRAM                        
7018c481  main                                 
7018c4d4  __TI_auto_init_nobinit_nopinit       
7018c531  Drivers_uartClose                    
7018c581  Pinmux_config                        
7018c5d1  UART_checkCharsAvailInFifo           
7018c621  DebugP_shmLogWriterInit              
7018c671  EDMA_clrEvtRegion                    
7018c6c1  EDMA_disableDmaEvtRegion             
7018c711  EDMA_disableEvtIntrRegion            
7018c761  EDMA_enableDmaEvtRegion              
7018c7b1  EDMA_enableEvtIntrRegion             
7018c801  EDMA_setEvtRegion                    
7018c851  GPIO_setDirMode                      
7018c8a1  MCAN_enableIntrLine                  
7018c8f1  ClockP_construct                     
7018c941  EDMA_ccPaRAMEntry_init               
7018c991  EDMA_mapQdmaChToPaRAM                
7018c9e1  EDMA_readEventStatusRegion           
7018ca31  IpcNotify_unregisterClient           
7018ca81  Module_clockEnable                   
7018cad1  gateway_update_stat                  
7018cb1c  memmove                              
7018cbc1  timerISR                             
7018cc11  IpcNotify_Params_init                
7018ccb1  UART_getIntrIdentityStatus           
7018cda1  CAN_RegisterRxCallback               
7018ce91  UART_readLineStatus                  
7018cee1  imu_protocol_handler_init            
7018d021  SemaphoreP_construct                 
7018d071  _DebugP_logZone                      
7018d111  ClockP_start                         
7018d1b1  imu_protocol_update_state            
7018d271  UART_spaceAvail                      
7018d2b1  gateway_core1_init                   
7018d2f1  gateway_update_heartbeat             
7018d371  UART_IsTxRxFifoEmpty                 
7018d3f1  MCAN_txBufAddReq                     
7018d431  SOC_moduleSetClockFrequency          
7018d4f1  snprintf_                            
7018d531  SOC_getCoreName                      
7018d568  CycleCounterP_getCount32             
7018d570  PmuP_setup                           
7018d578  PmuP_enableCounters                  
7018d580  PmuP_disableCounters                 
7018d588  PmuP_getOverflowStatus               
7018d590  PmuP_clearOverflowStatus             
7018d598  PmuP_setUserEnable                   
7018d5e1  EDMA_getRegionId                     
7018d6a1  IpcNotify_syncCallback               
7018d721  MCAN_calcCfgAddr                     
7018d7a1  TimerP_Params_initPriv               
7018d821  motor_get_config                     
7018d921  TimerP_getCountPriv                  
7018da41  gateway_signal_motor_config_ready    
7018da71  UART_lld_dmaInit                     
7018dad1  DebugP_logZoneEnable                 
7018db31  MCAN_clearNewDataStatus              
7018db61  MCAN_getNewDataStatus                
7018db91  SemaphoreP_constructBinary           
7018dc21  UART_intr2Disable                    
7018dc51  UART_operatingModeSelect             
7018dcb1  CSL_armR5GetCpuID                    
7018dce1  vprintf_                             
7018dd11  EDMA_disableQdmaEvtRegion            
7018dd41  EDMA_enableQdmaEvtRegion             
7018dda1  IpcNotify_allocSwQueue               
7018de01  IpcNotify_getConfig                  
7018de31  SemaphoreP_constructMutex            
7018def1  UART_getBaseAddr                     
7018df14  __aeabi_uldivmod                     
7018df71  EDMA_channelToParamMap               
7018dfa1  gateway_ringbuf_core1_receive        
7018dfd1  ClockP_isActive                      
7018dff1  ClockP_usecToTicks                   
7018e051  ClockP_Params_init                   
7018e071  EDMA_getEventStatusHigh              
7018e091  MCAN_setOpMode                       
7018e0b1  SOC_getSelfCpuClk                    
7018e0d1  SOC_moduleClockEnable                
7018e0f1  TimerP_isr0                          
7018e131  UART_lld_Transaction_deInit          
7018e151  EDMA_getEventStatus                  
7018e1cc  TI_memcpy_small                      
7018e1f1  MCAN_clearIntrStatus                 
7018e211  MCAN_getOpMode                       
7018e271  ClockP_ticksToUsec                   
7018e291  EDMA_isInterruptEnabled              
7018e2d1  IpcNotify_trigInterrupt              
7018e2f1  SemaphoreP_Params_init               
7018e311  TimerP_getReloadCountPriv            
7018e371  UART_putChar                         
7018e388  TI_memset_small                      
7018e3a1  IpcNotify_sendSync                   
7018e3c1  MCAN_getIntrStatus                   
7018e3e1  TimerP_startPriv                     
7018e401  TimerP_stopPriv                      
7018e4c1  TimerP_clearOverflowIntPriv          
7018e4e1  TimerP_setup                         
7018e501  putchar_                             
7018e521  Pinmux_init                          
7018e561  imu_uart_is_initialized              
7018e581  yis320_get_timestamp_ms              
7018e5e1  ClockP_getTimerCount                 
7018e5f1  ClockP_timerClearOverflowInt         
7018e671  TimerP_Params_init                   
7018e681  TimerP_clearOverflowInt              
7018e691  TimerP_getCount                      
7018e6a1  TimerP_getReloadCount                
7018e6b1  TimerP_start                         
7018e6d1  gateway_notify_imu_ready             
7018e6e1  gateway_notify_states_ready          
7018e6f1  yis320_uart_configure                
7018e701  Board_driversOpen                    
7018e711  ClockP_getTicks                      
7018e721  Drivers_open                         
7018e731  PowerClock_init                      
7018e7b1  Drivers_uartInit                     
7018e7e1  SemaphoreP_destruct                  
7018e7f1  imu_uart_process_ipc_notification    
7018e801  Board_driversClose                   
7018e811  Board_init                           
7018e821  Drivers_mcanOpen                     
7018e831  IpcNotify_wait                       
7018e841  TaskP_yield                          
7018eca0  gCacheConfig                         
7018eca8  gMpuConfig                           
7018ecb4  gMpuRegionConfig                     
7018ed24  gCacheL1dCacheLineSize               
7018ef40  gADPLLJConfigTbl                     
7018f162  gCR5ClkSrcInfoMap                    
701908e4  gPeripheralClkSrcInfoMap             
70190c84  gXTALInfo                            
70190cd8  gCacheL1pCacheLineSize               
70190ce8  __BSS_START                          
70191868  gHwiCtrl                             
70192074  g_yis320_private_data                
7019247c  g_motor_lookup                       
701930e8  gIpcNotifyCtrl                       
70193354  gTimerBaseAddr                       
70193358  gClockCtrl                           
70193378  virtToPhymap                         
7019339c  gTimerHwiObj                         
701933a0  gUartHandle                          
701933a8  __BSS_END                            
701933a8  __stack                              
701973a8  __STACK_END                          
701973b1  HwiP_enableInt                       
701973f1  HwiP_disableInt                      
70197451  HwiP_restoreInt                      
70197481  HwiP_clearInt                        
701974c1  HwiP_post                            
70197501  HwiP_Params_init                     
70197531  HwiP_construct                       
70197721  HwiP_destruct                        
70197791  HwiP_init                            
70197941  HwiP_inISR                           
70197971  HwiP_setVimIrqPriMaskNonAtomic       
701979c1  HwiP_setVimIrqPriMaskAtomic          
70197a61  HwiP_restoreVimIrqPriMask            
70197a71  HwiP_irq_handler_c                   
70197c11  HwiP_fiq_handler                     
70197d71  HwiP_reserved_handler                
70197db1  HwiP_undefined_handler_c             
70197dd1  HwiP_user_undefined_handler_c        
70197df1  HwiP_svc_handler                     
70197e31  HwiP_prefetch_abort_handler_c        
70197ed1  HwiP_user_prefetch_abort_handler_c   
70197f11  HwiP_data_abort_handler_c            
70197fd1  HwiP_user_data_abort_handler_c       
7019800c  HwiP_irq_handler                     
70198080  HwiP_data_abort_handler              
701980c4  HwiP_prefetch_abort_handler          
70198110  HwiP_undefined_handler               
70198140  GET_DFSR                             
70198148  GET_ADFSR                            
70198150  GET_DFAR                             
70198158  GET_IFSR                             
70198160  GET_AIFSR                            
70198168  GET_IFAR                             
70198170  GET_SPSR                             
70198188  HwiP_disable                         
70198198  HwiP_disableFIQ                      
701981a8  HwiP_enable                          
701981b8  HwiP_enableFIQ                       
701981c8  HwiP_restore                         
701981d0  HwiP_enableVIC                       
701981e0  HwiP_disableVIC                      
701981f0  HwiP_getCPSR                         
70198200  CacheP_disableL1d                    
70198228  CacheP_disableL1p                    
70198240  CacheP_enableL1d                     
70198258  CacheP_enableL1p                     
70198270  CacheP_invL1d                        
701982a8  CacheP_invL1p                        
701982e4  CacheP_invL1dAll                     
701982ec  CacheP_invL1pAll                     
701982f4  CacheP_wb                            
70198330  CacheP_wbInv                         
7019836c  CacheP_wbAll                         
70198414  CacheP_wbInvAll                      
7019842c  CacheP_wbInvAllAsm                   
701984cc  CacheP_getEnabled                    
70198504  CacheP_getCacheLevelInfo             
70198510  CacheP_configForceWrThru             
70198530  CacheP_setDLFO                       
70198541  CacheP_init                          
701985d1  CacheP_disable                       
70198621  CacheP_enable                        
70198661  CacheP_inv                           
701986a1  MpuP_getAttrs                        
70198701  MpuP_RegionAttrs_init                
70198731  MpuP_setRegion                       
701987c1  MpuP_isEnable                        
701987d1  MpuP_disable                         
70198811  MpuP_enable                          
70198861  MpuP_init                            
70198901  MpuP_isUserAuthorizedToAccessMemory  
701989e0  MpuP_disableAsm                      
701989f8  MpuP_disableBRAsm                    
70198a08  MpuP_enableAsm                       
70198a20  MpuP_enableBRAsm                     
70198a30  MpuP_isEnableAsm                     
70198a44  MpuP_setRegionAsm                    
70198a60  _c_int00_sbl                         
70198a84  _c_int00                             
70198bb1  _DebugP_assertNoLog                  
70198be1  _system_pre_init                     
70198c11  __mpu_init                           
70198c20  abort                                
70198c28  gEdmaConfig                          
70198c28  gUartDmaHandle                       
70198d4c  gIpcNotifyMailboxConfig              
70198f24  gSocModulesClockFrequency            
70198f9c  gUartParams                          
70198ff4  gSocModules                          
70199034  gClockConfig                         
7019904c  gIpcNotifyInterruptConfig_r5fss1_1   
70199078  gIpcNotifyCoreIntrBitPos             
70199098  gAddrTranslateConfig                 
701990ac  gUartConfig                          
701990c0  gDebugLogZone                        
701990cc  gEdmaConfigNum                       
701990d0  gHwiConfig                           
701990d4  gIpcNotifyInterruptConfigNum_r5fss1_1
701990d8  gUartConfigNum                       
701990dc  gUartDmaChConfig                     
7019911c  isMapAvailable                       
70199120  __IRQ_STACK_START                    
70199220  __FIQ_STACK_START                    
70199220  __IRQ_STACK_END                      
70199320  __FIQ_STACK_END                      
70199320  __SVC_STACK_START                    
7019a320  __ABORT_STACK_START                  
7019a320  __SVC_STACK_END                      
7019a420  __ABORT_STACK_END                    
7019a420  __UNDEFINED_STACK_START              
7019a520  __UNDEFINED_STACK_END                
70200000  gGatewaySharedMem                    
70204d30  dbg_ipc_send_count                   
70204d34  dbg_ipc_register_count               
70204d38  dbg_imu_uart_isr_count               
70204d3c  dbg_imu_rx_byte_count                
70204d40  dbg_imu_frame_count                  
70204d44  dbg_can_rx_count                     
70204d48  dbg_can_tx_count                     
70208000  gDebugShmLog                         
ffffffff  __TI_pprof_out_hndl                  
ffffffff  __TI_prof_data_size                  
ffffffff  __TI_prof_data_start                 
ffffffff  __binit__                            
ffffffff  binit                                
UNDEFED   __TI_CINIT_Base                      
UNDEFED   __TI_CINIT_Limit                     
UNDEFED   __TI_Handler_Table_Base              
UNDEFED   __TI_Handler_Table_Limit             
UNDEFED   _system_post_cinit                   

[412 symbols]
