******************************************************************************
            TI ARM Clang Linker PC v4.0.4                      
******************************************************************************
>> Linked Sat Mar 28 00:38:41 2026

OUTPUT FILE NAME:   <ccu_ti_multi_core_realtime.out>
ENTRY POINT SYMBOL: "_vectors"  address: 00000000


MEMORY CONFIGURATION

         name            origin    length      used     unused   attr    fill
----------------------  --------  ---------  --------  --------  ----  --------
  R5F_VECS              00000000   00000040  00000040  00000000  RWIX
  R5F_TCMA              00000040   00007fc0  00000000  00007fc0  RWIX
  R5F_TCMB              00080000   00008000  00000000  00008000  RWIX
  MAILBOX_HSM           44000000   000003ce  00000000  000003ce  RWIX
  MAILBOX_R5F           44000400   000003ce  00000000  000003ce  RWIX
  FLASH                 60180000   00080000  00000000  00080000  RWIX
  OCRAM                 70100000   00040000  000179f8  00028608  RWIX
  USER_SHM_MEM          70200000   00008000  00004d30  000032d0  RWIX
  LOG_SHM_MEM           70208000   00004000  00002000  00002000  RWIX
  RTOS_NORTOS_IPC_SHM_M 72000000   00003e80  00000000  00003e80  RWIX


SEGMENT ALLOCATION MAP

run origin  load origin   length   init length attrs members
----------  ----------- ---------- ----------- ----- -------
00000000    00000000    00000040   00000040    r-x
  00000000    00000000    00000040   00000040    r-x .vectors
70100000    70100000    0000e9c0   0000e9c0    r-x
  70100000    70100000    0000cff0   0000cff0    r-x .text
  7010cff0    7010cff0    000019d0   000019d0    r-- .rodata
7010e9c0    7010e9c0    00006138   00000000    rw-
  7010e9c0    7010e9c0    00002138   00000000    rw- .bss
  70110af8    70110af8    00004000   00000000    rw- .stack
70114b00    70114b00    00001878   00001878    r-x
  70114b00    70114b00    00000e50   00000e50    r-x .text.hwi
  70115950    70115950    000004a0   000004a0    r-x .text.cache
  70115df0    70115df0    000003c0   000003c0    r-x .text.mpu
  701161b0    701161b0    000001c0   000001c0    r-x .text.boot
  70116370    70116370    00000008   00000008    r-x .text:abort
70116378    70116378    00001688   00000288    rw-
  70116378    70116378    00000288   00000288    rw- .data
  70116600    70116600    00000100   00000000    rw- .irqstack
  70116700    70116700    00000100   00000000    rw- .fiqstack
  70116800    70116800    00001000   00000000    rw- .svcstack
  70117800    70117800    00000100   00000000    rw- .abortstack
  70117900    70117900    00000100   00000000    rw- .undefinedstack


SECTION ALLOCATION MAP

 output                                  attributes/
section   page    origin      length       input sections
--------  ----  ----------  ----------   ----------------
.vectors   0    00000000    00000040     
                  00000000    00000040     nortos.am263px.r5f.ti-arm-clang.debug.lib : HwiP_armv7r_vectors_nortos_asm.obj (.vectors)

.text      0    70100000    0000cff0     
                  70100000    00000a34     nortos.am263px.r5f.ti-arm-clang.debug.lib : printf.obj (.text._vsnprintf)
                  70100a34    0000000c     libclang_rt.builtins.a : aeabi_memset.S.obj (.text.__aeabi_memclr)
                  70100a40    00000678     drivers.am263px.r5f.ti-arm-clang.nortos.debug.lib : soc_rcm.obj (.text.SOC_rcmGetClkSrcAndDivReg)
                  701010b8    00000008     libsysbm.a : hostexit.c.obj (.text.HOSTexit)
                  701010c0    00000638     drivers.am263px.r5f.ti-arm-clang.nortos.debug.lib : soc_rcm.obj (.text.SOC_rcmEnablePeripheralClock)
                  701016f8    00000004     libclang_rt.builtins.a : aeabi_div0.c.obj (.text.__aeabi_ldiv0)
                  701016fc    00000004                            : aeabi_memcpy.S.obj (.text.__aeabi_memcpy)
                  70101700    000005e2     nortos.am263px.r5f.ti-arm-clang.debug.lib : printf.obj (.text._ftoa)
                  70101ce2    00000002     --HOLE-- [fill = 0]
                  70101ce4    0000000c                                               : CpuId_armv7r_asm.obj (.text)
                  70101cf0    000004b0                                               : printf.obj (.text._etoa)
                  701021a0    00000400     drivers.am263px.r5f.ti-arm-clang.nortos.debug.lib : uart_v0.obj (.text.UART_open)
                  701025a0    000003dc                                                       : ipc_notify_v1.obj (.text.IpcNotify_init)
                  7010297c    00000004     --HOLE-- [fill = 0]
                  70102980    00000302                                                       : soc.obj (.text.SOC_virtToPhy)
                  70102c82    0000000e     --HOLE-- [fill = 0]
                  70102c90    000002f4     motor_mapping.o (.text.motor_mapping_init_core1)
                  70102f84    0000000c     --HOLE-- [fill = 0]
                  70102f90    000002a8     drivers.am263px.r5f.ti-arm-clang.nortos.debug.lib : mcan.obj (.text.MCAN_msgRAMConfig)
                  70103238    00000008     --HOLE-- [fill = 0]
                  70103240    0000027e                                                       : uart_dma_edma.obj (.text.UART_edmaChInit)
                  701034be    00000002     --HOLE-- [fill = 0]
                  701034c0    00000250                                                       : edma.obj (.text.Alloc_resource)
                  70103710    00000242                                                       : uart_v0_lld.obj (.text.UART_fifoConfig)
                  70103952    0000000e     --HOLE-- [fill = 0]
                  70103960    0000023e     nortos.am263px.r5f.ti-arm-clang.debug.lib : printf.obj (.text._ntoa_format)
                  70103b9e    00000002     --HOLE-- [fill = 0]
                  70103ba0    00000236     main.o (.text.core1_init)
                  70103dd6    0000000a     --HOLE-- [fill = 0]
                  70103de0    00000226     drivers.am263px.r5f.ti-arm-clang.nortos.debug.lib : uart_dma_edma.obj (.text.UART_lld_dmaDeInit)
                  70104006    0000000a     --HOLE-- [fill = 0]
                  70104010    00000222                                                       : ipc_notify_v1.obj (.text.IpcNotify_isr)
                  70104232    0000000e     --HOLE-- [fill = 0]
                  70104240    00000220     can_interface.o (.text.init_single_mcan)
                  70104460    000001fe     can_interface.o (.text.CAN_TransmitBatch)
                  7010465e    00000002     --HOLE-- [fill = 0]
                  70104660    000001d6     nortos.am263px.r5f.ti-arm-clang.debug.lib : TimerP_rti_priv.obj (.text.TimerP_setupPriv)
                  70104836    0000000a     --HOLE-- [fill = 0]
                  70104840    000001aa     drivers.am263px.r5f.ti-arm-clang.nortos.debug.lib : uart_dma_edma.obj (.text.UART_lld_dmaWrite)
                  701049ea    00000006     --HOLE-- [fill = 0]
                  701049f0    000001a8                                                       : uart_v0.obj (.text.UART_close)
                  70104b98    00000008     --HOLE-- [fill = 0]
                  70104ba0    00000198                                                       : uart_v0_lld.obj (.text.UART_lld_controllerIsr)
                  70104d38    00000008     --HOLE-- [fill = 0]
                  70104d40    00000186                                                       : mcan.obj (.text.MCAN_readMsg)
                  70104ec6    0000000a     --HOLE-- [fill = 0]
                  70104ed0    00000184                                                       : mcan.obj (.text.MCAN_calcMsgRamParamsStartAddr)
                  70105054    0000000c     --HOLE-- [fill = 0]
                  70105060    0000017e     can_interface.o (.text.can_rx_isr)
                  701051de    00000002     --HOLE-- [fill = 0]
                  701051e0    00000176     main.o (.text.transmit_can_frames)
                  70105356    0000000a     --HOLE-- [fill = 0]
                  70105360    00000162     drivers.am263px.r5f.ti-arm-clang.nortos.debug.lib : edma.obj (.text.EDMA_unregisterIntr)
                  701054c2    0000000e     --HOLE-- [fill = 0]
                  701054d0    00000158                                                       : soc.obj (.text.SOC_controlModuleUnlockMMR)
                  70105628    00000008     --HOLE-- [fill = 0]
                  70105630    00000152                                                       : uart_v0_lld.obj (.text.UART_lld_initDma)
                  70105782    0000000e     --HOLE-- [fill = 0]
                  70105790    00000150     nortos.am263px.r5f.ti-arm-clang.debug.lib : DebugP_shmLogWriter.obj (.text.DebugP_shmLogWriterPutChar)
                  701058e0    00000150     drivers.am263px.r5f.ti-arm-clang.nortos.debug.lib : mcan.obj (.text.MCAN_writeMsg)
                  70105a30    0000014c                                                       : mcan.obj (.text.MCAN_setBitTime)
                  70105b7c    00000004     --HOLE-- [fill = 0]
                  70105b80    00000140     can_interface.o (.text.CAN_Init)
                  70105cc0    0000013a     drivers.am263px.r5f.ti-arm-clang.nortos.debug.lib : edma.obj (.text.EDMA_isDmaChannelAllocated)
                  70105dfa    00000006     --HOLE-- [fill = 0]
                  70105e00    00000138                                                       : mcan.obj (.text.MCAN_readMsgRam)
                  70105f38    00000008     --HOLE-- [fill = 0]
                  70105f40    00000138     nortos.am263px.r5f.ti-arm-clang.debug.lib : printf.obj (.text._ntoa_long_long)
                  70106078    00000008     --HOLE-- [fill = 0]
                  70106080    00000136                                               : ClockP_nortos_r5.obj (.text.ClockP_init)
                  701061b6    0000000a     --HOLE-- [fill = 0]
                  701061c0    00000136     drivers.am263px.r5f.ti-arm-clang.nortos.debug.lib : uart_v0_lld.obj (.text.UART_procLineStatusErr)
                  701062f6    0000000a     --HOLE-- [fill = 0]
                  70106300    00000134                                                       : edma.obj (.text.EDMA_registerIntr)
                  70106434    0000000c     --HOLE-- [fill = 0]
                  70106440    00000134                                                       : mcan.obj (.text.MCAN_init)
                  70106574    0000000c     --HOLE-- [fill = 0]
                  70106580    0000012c                                                       : uart_v0_lld.obj (.text.UART_lld_init)
                  701066ac    00000004     --HOLE-- [fill = 0]
                  701066b0    0000012a                                                       : mcan.obj (.text.MCAN_config)
                  701067da    00000006     --HOLE-- [fill = 0]
                  701067e0    00000126                                                       : soc.obj (.text.SOC_controlModuleLockMMR)
                  70106906    0000000a     --HOLE-- [fill = 0]
                  70106910    00000120                                                       : soc_rcm.obj (.text.SOC_rcmGetPeripheralClockFrequency)
                  70106a30    0000011c     nortos.am263px.r5f.ti-arm-clang.debug.lib : DebugP_shmLogWriter.obj (.text.DebugP_shmLogWriterPutLine)
                  70106b4c    00000004     --HOLE-- [fill = 0]
                  70106b50    0000011c     drivers.am263px.r5f.ti-arm-clang.nortos.debug.lib : uart_dma_edma.obj (.text.UART_lld_dmaRead)
                  70106c6c    00000004     --HOLE-- [fill = 0]
                  70106c70    0000011c     can_interface.o (.text.init_can_stb_gpios)
                  70106d8c    00000118     libclang_rt.builtins.a : udivmoddi4.S.obj (.text)
                  70106ea4    0000000c     --HOLE-- [fill = 0]
                  70106eb0    00000116     drivers.am263px.r5f.ti-arm-clang.nortos.debug.lib : edma.obj (.text.EDMA_isTccAllocated)
                  70106fc6    0000000a     --HOLE-- [fill = 0]
                  70106fd0    00000116                                                       : uart_v0_lld.obj (.text.UART_divisorLatchWrite)
                  701070e6    0000000a     --HOLE-- [fill = 0]
                  701070f0    00000114     nortos.am263px.r5f.ti-arm-clang.debug.lib : printf.obj (.text._ntoa_long)
                  70107204    0000000c     --HOLE-- [fill = 0]
                  70107210    0000010e     drivers.am263px.r5f.ti-arm-clang.nortos.debug.lib : soc_rcm.obj (.text.SOC_rcmADPLLJGetFOut)
                  7010731e    00000002     --HOLE-- [fill = 0]
                  70107320    0000010a                                                       : ipc_notify_v1.obj (.text.IpcNotify_sendMsg)
                  7010742a    00000006     --HOLE-- [fill = 0]
                  70107430    00000104                                                       : uart_v0_lld.obj (.text.UART_configInstance)
                  70107534    0000000c     --HOLE-- [fill = 0]
                  70107540    00000102     nortos.am263px.r5f.ti-arm-clang.debug.lib : SemaphoreP_nortos.obj (.text.SemaphoreP_pend)
                  70107642    0000000e     --HOLE-- [fill = 0]
                  70107650    00000102     gateway_shared.o (.text.gateway_ringbuf_read)
                  70107752    0000000e     --HOLE-- [fill = 0]
                  70107760    000000f6     main.o (.text.process_can_rx)
                  70107856    0000000a     --HOLE-- [fill = 0]
                  70107860    000000f0     can_interface.o (.text.CAN_StartRxInterrupts)
                  70107950    000000ec     gateway_shared.o (.text.gateway_write_motor_config)
                  70107a3c    00000004     --HOLE-- [fill = 0]
                  70107a40    000000e6     drivers.am263px.r5f.ti-arm-clang.nortos.debug.lib : soc_rcm.obj (.text.SOC_rcmGetCoreFout)
                  70107b26    0000000a     --HOLE-- [fill = 0]
                  70107b30    000000e6                                                       : soc_rcm.obj (.text.SOC_rcmGetPerFout)
                  70107c16    0000000a     --HOLE-- [fill = 0]
                  70107c20    000000e4                                                       : edma.obj (.text.EDMA_freeChannelRegion)
                  70107d04    0000000c     --HOLE-- [fill = 0]
                  70107d10    000000e2                                                       : edma.obj (.text.EDMA_freeParam)
                  70107df2    0000000e     --HOLE-- [fill = 0]
                  70107e00    000000e0                                                       : edma.obj (.text.EDMA_freeDmaChannel)
                  70107ee0    000000e0                                                       : edma.obj (.text.EDMA_freeTcc)
                  70107fc0    000000de                                                       : uart_v0_lld.obj (.text.UART_intrEnable)
                  7010809e    00000002     --HOLE-- [fill = 0]
                  701080a0    000000da                                                       : uart_v0_lld.obj (.text.UART_intrDisable)
                  7010817a    00000006     --HOLE-- [fill = 0]
                  70108180    000000d0     nortos.am263px.r5f.ti-arm-clang.debug.lib : AddrTranslateP_32bit.obj (.text.AddrTranslateP_getLocalAddr)
                  70108250    000000d0     main.o (.text.main_loop)
                  70108320    000000ce     drivers.am263px.r5f.ti-arm-clang.nortos.debug.lib : edma.obj (.text.EDMA_disableChInShadowRegRegion)
                  701083ee    00000002     --HOLE-- [fill = 0]
                  701083f0    000000cc                                                       : edma.obj (.text.EDMA_enableChInShadowRegRegion)
                  701084bc    00000004     --HOLE-- [fill = 0]
                  701084c0    000000c4                                                       : edma.obj (.text.EDMA_mapChToEvtQ)
                  70108584    0000000c     --HOLE-- [fill = 0]
                  70108590    000000c0                                                       : edma.obj (.text.EDMA_configureChannelRegion)
                  70108650    000000c0                                                       : soc_rcm.obj (.text.SOC_rcmGetPerHSDivOut)
                  70108710    000000c0                                                       : uart_v0.obj (.text.UART_flushTxFifo)
                  701087d0    000000c0     nortos.am263px.r5f.ti-arm-clang.debug.lib : printf.obj (.text._out_rev)
                  70108890    000000be                                               : ClockP_nortos.obj (.text.ClockP_timerTickIsr)
                  7010894e    00000002     --HOLE-- [fill = 0]
                  70108950    000000be     ti_dpl_config.o (.text.TimerP_init)
                  70108a0e    00000002     --HOLE-- [fill = 0]
                  70108a10    000000ba     nortos.am263px.r5f.ti-arm-clang.debug.lib : ClockP_nortos.obj (.text.ClockP_stop)
                  70108aca    00000006     --HOLE-- [fill = 0]
                  70108ad0    000000ba     drivers.am263px.r5f.ti-arm-clang.nortos.debug.lib : ipc_notify_v1.obj (.text.IpcNotify_waitSync)
                  70108b8a    00000006     --HOLE-- [fill = 0]
                  70108b90    000000ba     gateway_shared.o (.text.gateway_write_motor_states)
                  70108c4a    00000006     --HOLE-- [fill = 0]
                  70108c50    000000ba     nortos.am263px.r5f.ti-arm-clang.debug.lib : PmuP_armv7r.obj (.text.pmu)
                  70108d0a    00000006     --HOLE-- [fill = 0]
                  70108d10    000000b0     drivers.am263px.r5f.ti-arm-clang.nortos.debug.lib : mcan.obj (.text.MCAN_writeMsgRam)
                  70108dc0    000000b0                                                       : soc_rcm.obj (.text.SOC_rcmSetPeripheralClock)
                  70108e70    000000b0                                                       : uart_v0.obj (.text.UART_init)
                  70108f20    000000ae                                                       : mcan.obj (.text.MCAN_getOffsetAddr)
                  70108fce    00000002     --HOLE-- [fill = 0]
                  70108fd0    000000ac     gateway_shared.o (.text.gateway_core1_wait_for_ready)
                  7010907c    00000004     --HOLE-- [fill = 0]
                  70109080    000000a8     nortos.am263px.r5f.ti-arm-clang.debug.lib : ClockP_nortos.obj (.text.ClockP_addToList)
                  70109128    00000008     --HOLE-- [fill = 0]
                  70109130    000000a8                                               : ClockP_nortos.obj (.text.ClockP_destruct)
                  701091d8    00000008     --HOLE-- [fill = 0]
                  701091e0    000000a8     ti_drivers_open_close.o (.text.Drivers_uartOpen)
                  70109288    00000008     --HOLE-- [fill = 0]
                  70109290    000000a0     drivers.am263px.r5f.ti-arm-clang.nortos.debug.lib : soc_rcm.obj (.text.SOC_rcmGetCoreHSDivOut)
                  70109330    00000098                                                       : ipc_notify_v1.obj (.text.IpcNotify_registerClient)
                  701093c8    00000008     --HOLE-- [fill = 0]
                  701093d0    00000096                                                       : uart_v0_lld.obj (.text.UART_subConfigTCRTLRModeEn)
                  70109466    0000000a     --HOLE-- [fill = 0]
                  70109470    00000092     nortos.am263px.r5f.ti-arm-clang.debug.lib : ClockP_nortos.obj (.text.ClockP_getTimeUsec)
                  70109502    0000000e     --HOLE-- [fill = 0]
                  70109510    00000092     drivers.am263px.r5f.ti-arm-clang.nortos.debug.lib : edma.obj (.text.EDMA_unmapChToEvtQ)
                  701095a2    0000000e     --HOLE-- [fill = 0]
                  701095b0    0000008e     gateway_shared.o (.text.gateway_core1_ipc_callback)
                  7010963e    00000002     --HOLE-- [fill = 0]
                  70109640    0000008c     drivers.am263px.r5f.ti-arm-clang.nortos.debug.lib : edma.obj (.text.EDMA_disableTransferRegion)
                  701096cc    00000004     --HOLE-- [fill = 0]
                  701096d0    0000008c                                                       : edma.obj (.text.EDMA_enableTransferRegion)
                  7010975c    00000004     --HOLE-- [fill = 0]
                  70109760    00000088                                                       : uart_dma_edma.obj (.text.UART_edmaIsrRx)
                  701097e8    00000008     --HOLE-- [fill = 0]
                  701097f0    00000088                                                       : uart_dma_edma.obj (.text.UART_edmaIsrTx)
                  70109878    00000008     --HOLE-- [fill = 0]
                  70109880    00000086                                                       : uart_v0_lld.obj (.text.UART_lld_flushTxFifo)
                  70109906    0000000a     --HOLE-- [fill = 0]
                  70109910    00000086                                                       : uart_v0_lld.obj (.text.UART_tcrTlrBitValRestore)
                  70109996    0000000a     --HOLE-- [fill = 0]
                  701099a0    00000084     dispatcher_timer.o (.text.disp_timer_isr_callback)
                  70109a24    0000000c     --HOLE-- [fill = 0]
                  70109a30    00000082     drivers.am263px.r5f.ti-arm-clang.nortos.debug.lib : edma.obj (.text.EDMA_allocDmaChannel)
                  70109ab2    0000000e     --HOLE-- [fill = 0]
                  70109ac0    00000082                                                       : edma.obj (.text.EDMA_allocParam)
                  70109b42    0000000e     --HOLE-- [fill = 0]
                  70109b50    00000082                                                       : edma.obj (.text.EDMA_allocTcc)
                  70109bd2    0000000e     --HOLE-- [fill = 0]
                  70109be0    00000082                                                       : edma.obj (.text.EDMA_disableTccInShadowRegRegion)
                  70109c62    0000000e     --HOLE-- [fill = 0]
                  70109c70    00000082                                                       : edma.obj (.text.EDMA_enableTccInShadowRegRegion)
                  70109cf2    0000000e     --HOLE-- [fill = 0]
                  70109d00    00000082                                                       : ipc_notify_v1.obj (.text.IpcNotify_syncAll)
                  70109d82    0000000e     --HOLE-- [fill = 0]
                  70109d90    00000080                                                       : mcan.obj (.text.MCAN_addStdMsgIDFilter)
                  70109e10    00000080                                                       : uart_v0_lld.obj (.text.UART_moduleReset)
                  70109e90    0000007e                                                       : uart_v0_lld.obj (.text.UART_readData)
                  70109f0e    00000002     --HOLE-- [fill = 0]
                  70109f10    0000007c     nortos.am263px.r5f.ti-arm-clang.debug.lib : DebugP_log.obj (.text._DebugP_assert)
                  70109f8c    00000004     --HOLE-- [fill = 0]
                  70109f90    0000007c     gateway_shared.o (.text.gateway_ringbuf_core1_init)
                  7010a00c    00000004     --HOLE-- [fill = 0]
                  7010a010    0000007a     drivers.am263px.r5f.ti-arm-clang.nortos.debug.lib : ipc_notify_v1.obj (.text.IpcNotify_mailboxWrite)
                  7010a08a    00000006     --HOLE-- [fill = 0]
                  7010a090    0000007a                                                       : uart_v0.obj (.text.UART_Params_init)
                  7010a10a    00000006     --HOLE-- [fill = 0]
                  7010a110    00000078                                                       : edma.obj (.text.EDMA_linkChannel)
                  7010a188    00000008     --HOLE-- [fill = 0]
                  7010a190    00000078     ti_drivers_config.o (.text.System_init)
                  7010a208    00000008     --HOLE-- [fill = 0]
                  7010a210    00000074     drivers.am263px.r5f.ti-arm-clang.nortos.debug.lib : uart_v0_lld.obj (.text.UART_IsBaseAddrValid)
                  7010a284    0000000c     --HOLE-- [fill = 0]
                  7010a290    00000072     nortos.am263px.r5f.ti-arm-clang.debug.lib : ClockP_nortos.obj (.text.ClockP_usleep)
                  7010a302    0000000e     --HOLE-- [fill = 0]
                  7010a310    00000072     drivers.am263px.r5f.ti-arm-clang.nortos.debug.lib : edma.obj (.text.EDMA_clrMissEvtRegion)
                  7010a382    0000000e     --HOLE-- [fill = 0]
                  7010a390    00000072                                                       : ipc_notify_v1.obj (.text.IpcNotify_makeMsg)
                  7010a402    0000000e     --HOLE-- [fill = 0]
                  7010a410    0000006a                                                       : ipc_notify_v1.obj (.text.IpcNotify_mailboxReadSwQ)
                  7010a47a    00000006     --HOLE-- [fill = 0]
                  7010a480    00000068                                                       : edma.obj (.text.EDMA_getBaseAddr)
                  7010a4e8    00000008     --HOLE-- [fill = 0]
                  7010a4f0    00000068                                                       : uart_v0_lld.obj (.text.UART_divisorValCompute)
                  7010a558    00000008     --HOLE-- [fill = 0]
                  7010a560    00000064                                                       : soc_rcm.obj (.text.SOC_rcmGetR5Clock)
                  7010a5c4    0000000c     --HOLE-- [fill = 0]
                  7010a5d0    00000064                                                       : soc_rcm.obj (.text.SOC_rcmIsR5FInLockStepMode)
                  7010a634    0000000c     --HOLE-- [fill = 0]
                  7010a640    00000064                                                       : uart_v0_lld.obj (.text.UART_fifoRegisterWrite)
                  7010a6a4    0000000c     --HOLE-- [fill = 0]
                  7010a6b0    00000064                                                       : uart_v0_lld.obj (.text.UART_lld_deInitDma)
                  7010a714    0000000c     --HOLE-- [fill = 0]
                  7010a720    00000062                                                       : mcan.obj (.text.MCAN_enableIntr)
                  7010a782    0000000e     --HOLE-- [fill = 0]
                  7010a790    00000062                                                       : mcan.obj (.text.MCAN_initTxBufElement)
                  7010a7f2    0000000e     --HOLE-- [fill = 0]
                  7010a800    00000062                                                       : soc_rcm.obj (.text.SOC_rcmInsert16)
                  7010a862    0000000e     --HOLE-- [fill = 0]
                  7010a870    00000062     nortos.am263px.r5f.ti-arm-clang.debug.lib : SemaphoreP_nortos.obj (.text.SemaphoreP_post)
                  7010a8d2    0000000e     --HOLE-- [fill = 0]
                  7010a8e0    00000060     drivers.am263px.r5f.ti-arm-clang.nortos.debug.lib : mcan.obj (.text.MCAN_selectIntrLine)
                  7010a940    00000060                                                       : uart_v0_lld.obj (.text.UART_getChar)
                  7010a9a0    00000060                                                       : uart_v0_lld.obj (.text.UART_writeData)
                  7010aa00    00000060     dispatcher_timer.o (.text.disp_timer_start)
                  7010aa60    0000005c     ti_power_clock_config.o (.text.Module_clockSetFrequency)
                  7010aabc    00000004     --HOLE-- [fill = 0]
                  7010aac0    0000005c     drivers.am263px.r5f.ti-arm-clang.nortos.debug.lib : uart_v0_lld.obj (.text.UART_lld_deInit)
                  7010ab1c    00000004     --HOLE-- [fill = 0]
                  7010ab20    0000005a                                                       : uart_v0_lld.obj (.text.UART_regConfigModeEnable)
                  7010ab7a    00000006     --HOLE-- [fill = 0]
                  7010ab80    0000005a     dispatcher_timer.o (.text.disp_timer_init)
                  7010abda    00000006     --HOLE-- [fill = 0]
                  7010abe0    00000058     drivers.am263px.r5f.ti-arm-clang.nortos.debug.lib : soc_rcm.obj (.text.SOC_rcmGetModuleClkDivVal)
                  7010ac38    00000008     --HOLE-- [fill = 0]
                  7010ac40    00000056                                                       : uart_v0.obj (.text.UART_lld_readCompleteCallback)
                  7010ac96    0000000a     --HOLE-- [fill = 0]
                  7010aca0    00000056                                                       : uart_v0.obj (.text.UART_lld_writeCompleteCallback)
                  7010acf6    0000000a     --HOLE-- [fill = 0]
                  7010ad00    00000056     main.o (.text.process_motor_commands)
                  7010ad56    0000000a     --HOLE-- [fill = 0]
                  7010ad60    00000054     ti_dpl_config.o (.text.Dpl_init)
                  7010adb4    0000000c     --HOLE-- [fill = 0]
                  7010adc0    00000054     drivers.am263px.r5f.ti-arm-clang.nortos.debug.lib : edma.obj (.text.EDMA_setPaRAM)
                  7010ae14    0000000c     --HOLE-- [fill = 0]
                  7010ae20    00000054                                                       : uart_v0_lld.obj (.text.UART_OperModeValid)
                  7010ae74    0000000c     --HOLE-- [fill = 0]
                  7010ae80    00000054     main.o (.text.main)
                  7010aed4    00000054     libc.a : autoinit.c.obj (.text:__TI_auto_init_nobinit_nopinit)
                  7010af28    00000008     --HOLE-- [fill = 0]
                  7010af30    00000050     ti_drivers_open_close.o (.text.Drivers_uartClose)
                  7010af80    00000050     drivers.am263px.r5f.ti-arm-clang.nortos.debug.lib : pinmux.obj (.text.Pinmux_config)
                  7010afd0    00000050                                                       : uart_v0_lld.obj (.text.UART_checkCharsAvailInFifo)
                  7010b020    0000004e     nortos.am263px.r5f.ti-arm-clang.debug.lib : DebugP_shmLogWriter.obj (.text.DebugP_shmLogWriterInit)
                  7010b06e    00000002     --HOLE-- [fill = 0]
                  7010b070    0000004e     drivers.am263px.r5f.ti-arm-clang.nortos.debug.lib : edma.obj (.text.EDMA_clrEvtRegion)
                  7010b0be    00000002     --HOLE-- [fill = 0]
                  7010b0c0    0000004e                                                       : edma.obj (.text.EDMA_disableDmaEvtRegion)
                  7010b10e    00000002     --HOLE-- [fill = 0]
                  7010b110    0000004e                                                       : edma.obj (.text.EDMA_disableEvtIntrRegion)
                  7010b15e    00000002     --HOLE-- [fill = 0]
                  7010b160    0000004e                                                       : edma.obj (.text.EDMA_enableDmaEvtRegion)
                  7010b1ae    00000002     --HOLE-- [fill = 0]
                  7010b1b0    0000004e                                                       : edma.obj (.text.EDMA_enableEvtIntrRegion)
                  7010b1fe    00000002     --HOLE-- [fill = 0]
                  7010b200    0000004e                                                       : edma.obj (.text.EDMA_setEvtRegion)
                  7010b24e    00000002     --HOLE-- [fill = 0]
                  7010b250    0000004e                                                       : gpio.obj (.text.GPIO_setDirMode)
                  7010b29e    00000002     --HOLE-- [fill = 0]
                  7010b2a0    0000004e                                                       : mcan.obj (.text.MCAN_enableIntrLine)
                  7010b2ee    00000002     --HOLE-- [fill = 0]
                  7010b2f0    0000004c     nortos.am263px.r5f.ti-arm-clang.debug.lib : ClockP_nortos.obj (.text.ClockP_construct)
                  7010b33c    00000004     --HOLE-- [fill = 0]
                  7010b340    0000004c     drivers.am263px.r5f.ti-arm-clang.nortos.debug.lib : edma.obj (.text.EDMA_ccPaRAMEntry_init)
                  7010b38c    00000004     --HOLE-- [fill = 0]
                  7010b390    0000004c                                                       : edma.obj (.text.EDMA_mapQdmaChToPaRAM)
                  7010b3dc    00000004     --HOLE-- [fill = 0]
                  7010b3e0    0000004c                                                       : edma.obj (.text.EDMA_readEventStatusRegion)
                  7010b42c    00000004     --HOLE-- [fill = 0]
                  7010b430    0000004c                                                       : ipc_notify_v1.obj (.text.IpcNotify_unregisterClient)
                  7010b47c    00000004     --HOLE-- [fill = 0]
                  7010b480    0000004c     ti_power_clock_config.o (.text.Module_clockEnable)
                  7010b4cc    00000004     --HOLE-- [fill = 0]
                  7010b4d0    0000004c     gateway_shared.o (.text.gateway_update_stat)
                  7010b51c    00000004     --HOLE-- [fill = 0]
                  7010b520    0000004c     main.o (.text.ipc_notify_callback_fxn)
                  7010b56c    00000004     --HOLE-- [fill = 0]
                  7010b570    0000004a     drivers.am263px.r5f.ti-arm-clang.nortos.debug.lib : ipc_notify_v1.obj (.text.IpcNotify_Params_init)
                  7010b5ba    00000006     --HOLE-- [fill = 0]
                  7010b5c0    0000004a                                                       : soc_rcm.obj (.text.SOC_rcmGetCR5SysclkInFrequency)
                  7010b60a    00000006     --HOLE-- [fill = 0]
                  7010b610    0000004a                                                       : uart_v0_lld.obj (.text.UART_getIntrIdentityStatus)
                  7010b65a    00000006     --HOLE-- [fill = 0]
                  7010b660    0000004a                                                       : uart_v0_lld.obj (.text.UART_lineCharConfig)
                  7010b6aa    00000006     --HOLE-- [fill = 0]
                  7010b6b0    0000004a     main.o (.text.motor_get_index)
                  7010b6fa    00000006     --HOLE-- [fill = 0]
                  7010b700    00000048     drivers.am263px.r5f.ti-arm-clang.nortos.debug.lib : uart_v0_lld.obj (.text.UART_resetModule)
                  7010b748    00000008     --HOLE-- [fill = 0]
                  7010b750    00000046                                                       : uart_v0_lld.obj (.text.UART_i2310WA)
                  7010b796    0000000a     --HOLE-- [fill = 0]
                  7010b7a0    00000046                                                       : uart_v0_lld.obj (.text.UART_readLineStatus)
                  7010b7e6    0000000a     --HOLE-- [fill = 0]
                  7010b7f0    00000044                                                       : ipc_notify_v1.obj (.text.IpcNotify_getWriteMailbox)
                  7010b834    0000000c     --HOLE-- [fill = 0]
                  7010b840    00000044                                                       : soc_rcm.obj (.text.SOC_rcmExtract8)
                  7010b884    0000000c     --HOLE-- [fill = 0]
                  7010b890    00000044                                                       : soc_rcm.obj (.text.SOC_rcmMake16)
                  7010b8d4    0000000c     --HOLE-- [fill = 0]
                  7010b8e0    00000044     nortos.am263px.r5f.ti-arm-clang.debug.lib : SemaphoreP_nortos.obj (.text.SemaphoreP_construct)
                  7010b924    0000000c     --HOLE-- [fill = 0]
                  7010b930    00000044                                               : DebugP_nortos.obj (.text._DebugP_logZone)
                  7010b974    0000000c     --HOLE-- [fill = 0]
                  7010b980    00000044                                               : printf.obj (.text._strnlen_s)
                  7010b9c4    0000000c     --HOLE-- [fill = 0]
                  7010b9d0    00000044     main.o (.text.timer_isr)
                  7010ba14    0000000c     --HOLE-- [fill = 0]
                  7010ba20    00000042     nortos.am263px.r5f.ti-arm-clang.debug.lib : ClockP_nortos.obj (.text.ClockP_start)
                  7010ba62    0000000e     --HOLE-- [fill = 0]
                  7010ba70    00000042     drivers.am263px.r5f.ti-arm-clang.nortos.debug.lib : uart_v0.obj (.text.UART_checkOpenParams)
                  7010bab2    0000000e     --HOLE-- [fill = 0]
                  7010bac0    0000003e                                                       : pinmux.obj (.text.Pinmux_unlockMMR)
                  7010bafe    00000002     --HOLE-- [fill = 0]
                  7010bb00    0000003e                                                       : uart_v0_lld.obj (.text.UART_IsHWFlowCtrlValid)
                  7010bb3e    00000002     --HOLE-- [fill = 0]
                  7010bb40    0000003e                                                       : uart_v0_lld.obj (.text.UART_spaceAvail)
                  7010bb7e    00000002     --HOLE-- [fill = 0]
                  7010bb80    0000003e     gateway_shared.o (.text.gateway_core1_init)
                  7010bbbe    00000002     --HOLE-- [fill = 0]
                  7010bbc0    0000003e     gateway_shared.o (.text.gateway_update_heartbeat)
                  7010bbfe    00000002     --HOLE-- [fill = 0]
                  7010bc00    0000003e     main.o (.text.init_1000hz_timer)
                  7010bc3e    00000002     --HOLE-- [fill = 0]
                  7010bc40    0000003c     drivers.am263px.r5f.ti-arm-clang.nortos.debug.lib : uart_v0_lld.obj (.text.UART_IsParityTypeValid)
                  7010bc7c    00000004     --HOLE-- [fill = 0]
                  7010bc80    0000003c                                                       : uart_v0_lld.obj (.text.UART_IsTxRxFifoEmpty)
                  7010bcbc    00000004     --HOLE-- [fill = 0]
                  7010bcc0    0000003c                                                       : uart_v0_lld.obj (.text.UART_enhanFuncEnable)
                  7010bcfc    00000004     --HOLE-- [fill = 0]
                  7010bd00    0000003a     can_interface.o (.text.CAN_RegisterRxCallback)
                  7010bd3a    00000006     --HOLE-- [fill = 0]
                  7010bd40    0000003a     drivers.am263px.r5f.ti-arm-clang.nortos.debug.lib : mcan.obj (.text.MCAN_txBufAddReq)
                  7010bd7a    00000006     --HOLE-- [fill = 0]
                  7010bd80    0000003a                                                       : soc.obj (.text.SOC_moduleSetClockFrequency)
                  7010bdba    00000006     --HOLE-- [fill = 0]
                  7010bdc0    0000003a     nortos.am263px.r5f.ti-arm-clang.debug.lib : printf.obj (.text._atoi)
                  7010bdfa    00000006     --HOLE-- [fill = 0]
                  7010be00    0000003a                                               : printf.obj (.text.snprintf_)
                  7010be3a    00000006     --HOLE-- [fill = 0]
                  7010be40    00000038     drivers.am263px.r5f.ti-arm-clang.nortos.debug.lib : soc.obj (.text.SOC_getCoreName)
                  7010be78    00000038     nortos.am263px.r5f.ti-arm-clang.debug.lib : PmuP_armv7r_asm.obj (.text.pmu)
                  7010beb0    00000036     drivers.am263px.r5f.ti-arm-clang.nortos.debug.lib : edma.obj (.text.EDMA_getRegionId)
                  7010bee6    0000000a     --HOLE-- [fill = 0]
                  7010bef0    00000036     can_interface.o (.text.GPIO_pinWriteLow)
                  7010bf26    0000000a     --HOLE-- [fill = 0]
                  7010bf30    00000036     drivers.am263px.r5f.ti-arm-clang.nortos.debug.lib : ipc_notify_v1.obj (.text.IpcNotify_syncCallback)
                  7010bf66    0000000a     --HOLE-- [fill = 0]
                  7010bf70    00000034                                                       : mcan.obj (.text.MCAN_SsAddr)
                  7010bfa4    0000000c     --HOLE-- [fill = 0]
                  7010bfb0    00000034                                                       : mcan.obj (.text.MCAN_calcCfgAddr)
                  7010bfe4    0000000c     --HOLE-- [fill = 0]
                  7010bff0    00000034                                                       : pinmux.obj (.text.Pinmux_lockMMR)
                  7010c024    0000000c     --HOLE-- [fill = 0]
                  7010c030    00000034     nortos.am263px.r5f.ti-arm-clang.debug.lib : TimerP_rti_priv.obj (.text.TimerP_Params_initPriv)
                  7010c064    0000000c     --HOLE-- [fill = 0]
                  7010c070    00000034     drivers.am263px.r5f.ti-arm-clang.nortos.debug.lib : uart_v0_lld.obj (.text.UART_IsDataLengthValid)
                  7010c0a4    0000000c     --HOLE-- [fill = 0]
                  7010c0b0    00000034     motor_mapping.o (.text.motor_get_config)
                  7010c0e4    0000000c     --HOLE-- [fill = 0]
                  7010c0f0    00000032     drivers.am263px.r5f.ti-arm-clang.nortos.debug.lib : mcan.obj (.text.HW_WR_FIELD32_RAW)
                  7010c122    0000000e     --HOLE-- [fill = 0]
                  7010c130    00000032                                                       : uart_v0_lld.obj (.text.HW_WR_FIELD32_RAW)
                  7010c162    0000000e     --HOLE-- [fill = 0]
                  7010c170    00000032                                                       : ipc_notify_v1.obj (.text.IpcNotify_mailboxIsPendingIntr)
                  7010c1a2    0000000e     --HOLE-- [fill = 0]
                  7010c1b0    00000032                                                       : mcan.obj (.text.MCAN_isMemInitDone)
                  7010c1e2    0000000e     --HOLE-- [fill = 0]
                  7010c1f0    00000032     nortos.am263px.r5f.ti-arm-clang.debug.lib : TimerP_rti_priv.obj (.text.TimerP_getCountPriv)
                  7010c222    0000000e     --HOLE-- [fill = 0]
                  7010c230    00000032     drivers.am263px.r5f.ti-arm-clang.nortos.debug.lib : uart_v0_lld.obj (.text.UART_enhanFuncBitValRestore)
                  7010c262    0000000e     --HOLE-- [fill = 0]
                  7010c270    00000032                                                       : uart_v0_lld.obj (.text.UART_hardwareFlowCtrlOptSet)
                  7010c2a2    0000000e     --HOLE-- [fill = 0]
                  7010c2b0    00000030                                                       : ipc_notify_v1.obj (.text.IpcNotify_getReadSwQ)
                  7010c2e0    00000030                                                       : uart_v0_lld.obj (.text.UART_flowCtrlTrigLvlConfig)
                  7010c310    00000030     gateway_shared.o (.text.gateway_signal_motor_config_ready)
                  7010c340    0000002e     drivers.am263px.r5f.ti-arm-clang.nortos.debug.lib : uart_dma_edma.obj (.text.UART_lld_dmaInit)
                  7010c36e    00000002     --HOLE-- [fill = 0]
                  7010c370    0000002e     nortos.am263px.r5f.ti-arm-clang.debug.lib : printf.obj (.text._is_digit)
                  7010c39e    00000002     --HOLE-- [fill = 0]
                  7010c3a0    0000002c                                               : DebugP_log.obj (.text.DebugP_logZoneEnable)
                  7010c3cc    00000004     --HOLE-- [fill = 0]
                  7010c3d0    0000002c     drivers.am263px.r5f.ti-arm-clang.nortos.debug.lib : ipc_notify_v1.obj (.text.IpcNotify_getReadMailbox)
                  7010c3fc    00000004     --HOLE-- [fill = 0]
                  7010c400    0000002c                                                       : mcan.obj (.text.MCAN_clearNewDataStatus)
                  7010c42c    00000004     --HOLE-- [fill = 0]
                  7010c430    0000002c                                                       : mcan.obj (.text.MCAN_getNewDataStatus)
                  7010c45c    00000004     --HOLE-- [fill = 0]
                  7010c460    0000002c     nortos.am263px.r5f.ti-arm-clang.debug.lib : SemaphoreP_nortos.obj (.text.SemaphoreP_constructBinary)
                  7010c48c    00000004     --HOLE-- [fill = 0]
                  7010c490    0000002a                                               : ClockP_nortos.obj (.text.ClockP_sleepTicks)
                  7010c4ba    00000006     --HOLE-- [fill = 0]
                  7010c4c0    0000002a     drivers.am263px.r5f.ti-arm-clang.nortos.debug.lib : uart_v0_lld.obj (.text.UART_intr2Disable)
                  7010c4ea    00000006     --HOLE-- [fill = 0]
                  7010c4f0    0000002a                                                       : uart_v0_lld.obj (.text.UART_operatingModeSelect)
                  7010c51a    00000006     --HOLE-- [fill = 0]
                  7010c520    00000028     nortos.am263px.r5f.ti-arm-clang.debug.lib : CpuId_armv7r.obj (.text.CSL_armR5GetCpuID)
                  7010c548    00000008     --HOLE-- [fill = 0]
                  7010c550    00000028                                               : printf.obj (.text.vprintf_)
                  7010c578    00000008     --HOLE-- [fill = 0]
                  7010c580    00000026     drivers.am263px.r5f.ti-arm-clang.nortos.debug.lib : edma.obj (.text.EDMA_disableQdmaEvtRegion)
                  7010c5a6    0000000a     --HOLE-- [fill = 0]
                  7010c5b0    00000026                                                       : edma.obj (.text.EDMA_enableQdmaEvtRegion)
                  7010c5d6    0000000a     --HOLE-- [fill = 0]
                  7010c5e0    00000026                                                       : edma.obj (.text.EDMA_validateIntrObject)
                  7010c606    0000000a     --HOLE-- [fill = 0]
                  7010c610    00000026     ti_drivers_config.o (.text.IpcNotify_allocSwQueue)
                  7010c636    0000000a     --HOLE-- [fill = 0]
                  7010c640    00000026     nortos.am263px.r5f.ti-arm-clang.debug.lib : printf.obj (.text._out_buffer)
                  7010c666    0000000a     --HOLE-- [fill = 0]
                  7010c670    00000024     ti_drivers_config.o (.text.IpcNotify_getConfig)
                  7010c694    0000000c     --HOLE-- [fill = 0]
                  7010c6a0    00000024     nortos.am263px.r5f.ti-arm-clang.debug.lib : SemaphoreP_nortos.obj (.text.SemaphoreP_constructMutex)
                  7010c6c4    0000000c     --HOLE-- [fill = 0]
                  7010c6d0    00000024     drivers.am263px.r5f.ti-arm-clang.nortos.debug.lib : uart_v0_lld.obj (.text.UART_IsRxTrigLvlValid)
                  7010c6f4    0000000c     --HOLE-- [fill = 0]
                  7010c700    00000024                                                       : uart_v0_lld.obj (.text.UART_IsStopBitsValid)
                  7010c724    0000000c     --HOLE-- [fill = 0]
                  7010c730    00000024                                                       : uart_v0_lld.obj (.text.UART_IsTxTrigLvlValid)
                  7010c754    00000024     libclang_rt.builtins.a : aeabi_uldivmod.S.obj (.text.__aeabi_uldivmod)
                  7010c778    00000008     --HOLE-- [fill = 0]
                  7010c780    00000024     nortos.am263px.r5f.ti-arm-clang.debug.lib : printf.obj (.text._out_char)
                  7010c7a4    0000000c     --HOLE-- [fill = 0]
                  7010c7b0    00000022     drivers.am263px.r5f.ti-arm-clang.nortos.debug.lib : edma.obj (.text.EDMA_channelToParamMap)
                  7010c7d2    0000000e     --HOLE-- [fill = 0]
                  7010c7e0    00000022     gateway_shared.o (.text.gateway_ringbuf_core1_receive)
                  7010c802    0000000e     --HOLE-- [fill = 0]
                  7010c810    00000020     nortos.am263px.r5f.ti-arm-clang.debug.lib : ClockP_nortos.obj (.text.ClockP_isActive)
                  7010c830    00000020                                               : ClockP_nortos.obj (.text.ClockP_usecToTicks)
                  7010c850    00000020     drivers.am263px.r5f.ti-arm-clang.nortos.debug.lib : mcan.obj (.text.HW_RD_FIELD32_RAW)
                  7010c870    00000020                                                       : uart_v0_lld.obj (.text.HW_RD_FIELD32_RAW)
                  7010c890    0000001e     nortos.am263px.r5f.ti-arm-clang.debug.lib : ClockP_nortos.obj (.text.ClockP_Params_init)
                  7010c8ae    00000002     --HOLE-- [fill = 0]
                  7010c8b0    0000001e     drivers.am263px.r5f.ti-arm-clang.nortos.debug.lib : edma.obj (.text.EDMA_getEventStatusHigh)
                  7010c8ce    00000002     --HOLE-- [fill = 0]
                  7010c8d0    0000001e                                                       : mcan.obj (.text.MCAN_setOpMode)
                  7010c8ee    00000002     --HOLE-- [fill = 0]
                  7010c8f0    0000001e                                                       : soc.obj (.text.SOC_getSelfCpuClk)
                  7010c90e    00000002     --HOLE-- [fill = 0]
                  7010c910    0000001e                                                       : soc.obj (.text.SOC_moduleClockEnable)
                  7010c92e    00000002     --HOLE-- [fill = 0]
                  7010c930    0000001e     ti_dpl_config.o (.text.TimerP_isr0)
                  7010c94e    00000002     --HOLE-- [fill = 0]
                  7010c950    0000001e     drivers.am263px.r5f.ti-arm-clang.nortos.debug.lib : uart_v0_lld.obj (.text.UART_breakCtl)
                  7010c96e    00000002     --HOLE-- [fill = 0]
                  7010c970    0000001e                                                       : uart_v0_lld.obj (.text.UART_lld_Transaction_deInit)
                  7010c98e    00000002     --HOLE-- [fill = 0]
                  7010c990    0000001c                                                       : edma.obj (.text.EDMA_getEventStatus)
                  7010c9ac    00000004     --HOLE-- [fill = 0]
                  7010c9b0    0000001c                                                       : mcan.obj (.text.MCAN_writeProtectedRegAccessLock)
                  7010c9cc    00000004     --HOLE-- [fill = 0]
                  7010c9d0    0000001c                                                       : mcan.obj (.text.MCAN_writeProtectedRegAccessUnlock)
                  7010c9ec    00000004     --HOLE-- [fill = 0]
                  7010c9f0    0000001c                                                       : uart_v0_lld.obj (.text.UART_IsParameter)
                  7010ca0c    00000004     --HOLE-- [fill = 0]
                  7010ca10    0000001c     timer.o (.text.timerISR)
                  7010ca2c    0000001c     libc.a : memcpy32.S.obj (.text:TI_memcpy_small)
                  7010ca48    00000008     --HOLE-- [fill = 0]
                  7010ca50    0000001a     drivers.am263px.r5f.ti-arm-clang.nortos.debug.lib : mcan.obj (.text.MCAN_clearIntrStatus)
                  7010ca6a    00000006     --HOLE-- [fill = 0]
                  7010ca70    0000001a                                                       : mcan.obj (.text.MCAN_getOpMode)
                  7010ca8a    00000006     --HOLE-- [fill = 0]
                  7010ca90    0000001a                                                       : uart_v0_lld.obj (.text.UART_fifoCharGet)
                  7010caaa    00000006     --HOLE-- [fill = 0]
                  7010cab0    0000001a                                                       : uart_v0_lld.obj (.text.UART_timeGuardConfig)
                  7010caca    00000006     --HOLE-- [fill = 0]
                  7010cad0    00000018     nortos.am263px.r5f.ti-arm-clang.debug.lib : ClockP_nortos.obj (.text.ClockP_ticksToUsec)
                  7010cae8    00000008     --HOLE-- [fill = 0]
                  7010caf0    00000018     drivers.am263px.r5f.ti-arm-clang.nortos.debug.lib : edma.obj (.text.EDMA_isInterruptEnabled)
                  7010cb08    00000008     --HOLE-- [fill = 0]
                  7010cb10    00000018                                                       : ipc_notify_v1.obj (.text.IpcNotify_mailboxClearAllInt)
                  7010cb28    00000008     --HOLE-- [fill = 0]
                  7010cb30    00000018                                                       : ipc_notify_v1_cfg.obj (.text.IpcNotify_trigInterrupt)
                  7010cb48    00000008     --HOLE-- [fill = 0]
                  7010cb50    00000018     nortos.am263px.r5f.ti-arm-clang.debug.lib : SemaphoreP_nortos.obj (.text.SemaphoreP_Params_init)
                  7010cb68    00000008     --HOLE-- [fill = 0]
                  7010cb70    00000018                                               : TimerP_rti_priv.obj (.text.TimerP_getReloadCountPriv)
                  7010cb88    00000008     --HOLE-- [fill = 0]
                  7010cb90    00000018     drivers.am263px.r5f.ti-arm-clang.nortos.debug.lib : uart_v0_lld.obj (.text.UART_divisorLatchDisable)
                  7010cba8    00000008     --HOLE-- [fill = 0]
                  7010cbb0    00000018                                                       : uart_v0_lld.obj (.text.UART_modemControlReset)
                  7010cbc8    00000008     --HOLE-- [fill = 0]
                  7010cbd0    00000018                                                       : uart_v0_lld.obj (.text.UART_putChar)
                  7010cbe8    00000018     libc.a : memset32.S.obj (.text:TI_memset_small)
                  7010cc00    00000016     drivers.am263px.r5f.ti-arm-clang.nortos.debug.lib : ipc_notify_v1.obj (.text.IpcNotify_sendSync)
                  7010cc16    0000000a     --HOLE-- [fill = 0]
                  7010cc20    00000016                                                       : mcan.obj (.text.MCAN_getIntrStatus)
                  7010cc36    0000000a     --HOLE-- [fill = 0]
                  7010cc40    00000016     nortos.am263px.r5f.ti-arm-clang.debug.lib : TimerP_rti_priv.obj (.text.TimerP_startPriv)
                  7010cc56    0000000a     --HOLE-- [fill = 0]
                  7010cc60    00000016                                               : TimerP_rti_priv.obj (.text.TimerP_stopPriv)
                  7010cc76    0000000a     --HOLE-- [fill = 0]
                  7010cc80    00000016     drivers.am263px.r5f.ti-arm-clang.nortos.debug.lib : uart_v0_lld.obj (.text.UART_divideRoundCloset)
                  7010cc96    0000000a     --HOLE-- [fill = 0]
                  7010cca0    00000016                                                       : uart_v0_lld.obj (.text.UART_regConfModeRestore)
                  7010ccb6    0000000a     --HOLE-- [fill = 0]
                  7010ccc0    00000014                                                       : edma.obj (.text.HW_WR_REG16_RAW)
                  7010ccd4    0000000c     --HOLE-- [fill = 0]
                  7010cce0    00000014                                                       : ipc_notify_v1.obj (.text.IpcNotify_mailboxClearPendingIntr)
                  7010ccf4    0000000c     --HOLE-- [fill = 0]
                  7010cd00    00000014                                                       : soc_rcm.obj (.text.SOC_rcmGetModuleClkDivFromRegVal)
                  7010cd14    0000000c     --HOLE-- [fill = 0]
                  7010cd20    00000014     nortos.am263px.r5f.ti-arm-clang.debug.lib : TimerP_rti_priv.obj (.text.TimerP_clearOverflowIntPriv)
                  7010cd34    0000000c     --HOLE-- [fill = 0]
                  7010cd40    00000014                                               : TimerP_rti_nortos.obj (.text.TimerP_setup)
                  7010cd54    0000000c     --HOLE-- [fill = 0]
                  7010cd60    00000014     ti_dpl_config.o (.text.putchar_)
                  7010cd74    0000000c     --HOLE-- [fill = 0]
                  7010cd80    00000012     ti_pinmux_config.o (.text.Pinmux_init)
                  7010cd92    0000000e     --HOLE-- [fill = 0]
                  7010cda0    00000010     can_interface.o (.text.CSL_REG32_WR_RAW)
                  7010cdb0    00000010     drivers.am263px.r5f.ti-arm-clang.nortos.debug.lib : pinmux.obj (.text.CSL_REG32_WR_RAW)
                  7010cdc0    00000010                                                       : soc.obj (.text.CSL_REG32_WR_RAW)
                  7010cdd0    00000010     nortos.am263px.r5f.ti-arm-clang.debug.lib : ClockP_nortos_r5.obj (.text.ClockP_getTimerCount)
                  7010cde0    00000010                                               : ClockP_nortos_r5.obj (.text.ClockP_timerClearOverflowInt)
                  7010cdf0    00000010     drivers.am263px.r5f.ti-arm-clang.nortos.debug.lib : edma.obj (.text.HW_RD_REG32_RAW)
                  7010ce00    00000010                                                       : mcan.obj (.text.HW_RD_REG32_RAW)
                  7010ce10    00000010                                                       : uart_v0_lld.obj (.text.HW_RD_REG32_RAW)
                  7010ce20    00000010                                                       : edma.obj (.text.HW_WR_REG32_RAW)
                  7010ce30    00000010                                                       : mcan.obj (.text.HW_WR_REG32_RAW)
                  7010ce40    00000010                                                       : uart_v0_lld.obj (.text.HW_WR_REG32_RAW)
                  7010ce50    00000010                                                       : ipc_notify_v1.obj (.text.IpcNotify_mailboxGetPendingIntr)
                  7010ce60    00000010     nortos.am263px.r5f.ti-arm-clang.debug.lib : TimerP_rti_nortos.obj (.text.TimerP_Params_init)
                  7010ce70    00000010                                               : TimerP_rti_nortos.obj (.text.TimerP_clearOverflowInt)
                  7010ce80    00000010                                               : TimerP_rti_nortos.obj (.text.TimerP_getCount)
                  7010ce90    00000010                                               : TimerP_rti_nortos.obj (.text.TimerP_getReloadCount)
                  7010cea0    00000010                                               : TimerP_rti_nortos.obj (.text.TimerP_start)
                  7010ceb0    00000010                                               : printf.obj (.text._out_null)
                  7010cec0    00000010     gateway_shared.o (.text.gateway_notify_states_ready)
                  7010ced0    0000000c     ti_board_open_close.o (.text.Board_driversOpen)
                  7010cedc    00000004     --HOLE-- [fill = 0]
                  7010cee0    0000000c     nortos.am263px.r5f.ti-arm-clang.debug.lib : ClockP_nortos.obj (.text.ClockP_getTicks)
                  7010ceec    00000004     --HOLE-- [fill = 0]
                  7010cef0    0000000c     ti_power_clock_config.o (.text.PowerClock_init)
                  7010cefc    00000004     --HOLE-- [fill = 0]
                  7010cf00    0000000a     nortos.am263px.r5f.ti-arm-clang.debug.lib : HwiP_armv7r_vim.obj (.text.Hwip_dataAndInstructionBarrier)
                  7010cf0a    00000006     --HOLE-- [fill = 0]
                  7010cf10    0000000a     drivers.am263px.r5f.ti-arm-clang.nortos.debug.lib : ipc_notify_v1.obj (.text.IpcNotify_dataAndInstructionBarrier)
                  7010cf1a    00000006     --HOLE-- [fill = 0]
                  7010cf20    0000000a                                                       : soc_rcm.obj (.text.SOC_rcmGetBaseAddressMSSRCM)
                  7010cf2a    00000006     --HOLE-- [fill = 0]
                  7010cf30    0000000a                                                       : uart_dma_edma.obj (.text.UART_edmaDoNothing)
                  7010cf3a    00000006     --HOLE-- [fill = 0]
                  7010cf40    0000000a     gateway_shared.o (.text.gateway_memory_barrier)
                  7010cf4a    00000006     --HOLE-- [fill = 0]
                  7010cf50    0000000a     gateway_shared.o (.text.ringbuf_get_ptr)
                  7010cf5a    00000006     --HOLE-- [fill = 0]
                  7010cf60    00000008     ti_drivers_open_close.o (.text.Drivers_open)
                  7010cf68    00000008     --HOLE-- [fill = 0]
                  7010cf70    00000008     ti_drivers_config.o (.text.Drivers_uartInit)
                  7010cf78    00000008     --HOLE-- [fill = 0]
                  7010cf80    00000008     drivers.am263px.r5f.ti-arm-clang.nortos.debug.lib : soc_rcm.obj (.text.SOC_rcmGetBaseAddressMSSCTRL)
                  7010cf88    00000008     --HOLE-- [fill = 0]
                  7010cf90    00000008                                                       : soc_rcm.obj (.text.SOC_rcmGetBaseAddressTOPRCM)
                  7010cf98    00000008     --HOLE-- [fill = 0]
                  7010cfa0    00000008     nortos.am263px.r5f.ti-arm-clang.debug.lib : SemaphoreP_nortos.obj (.text.SemaphoreP_destruct)
                  7010cfa8    00000008     --HOLE-- [fill = 0]
                  7010cfb0    00000002     ti_board_open_close.o (.text.Board_driversClose)
                  7010cfb2    0000000e     --HOLE-- [fill = 0]
                  7010cfc0    00000002     ti_board_config.o (.text.Board_init)
                  7010cfc2    0000000e     --HOLE-- [fill = 0]
                  7010cfd0    00000002     drivers.am263px.r5f.ti-arm-clang.nortos.debug.lib : ipc_notify_v1_cfg.obj (.text.IpcNotify_wait)
                  7010cfd2    0000000e     --HOLE-- [fill = 0]
                  7010cfe0    00000002     nortos.am263px.r5f.ti-arm-clang.debug.lib : TaskP_nortos.obj (.text.TaskP_yield)
                  7010cfe2    0000000e     --HOLE-- [fill = 0]

.rodata    0    7010cff0    000019d0     
                  7010cff0    00000450     motor_mapping.o (.rodata.motor_config_table)
                  7010d440    00000084     ti_dpl_config.o (.rodata.cfg)
                  7010d4c4    00000004     nortos.am263px.r5f.ti-arm-clang.debug.lib : CacheP_armv7r.obj (.rodata.gCacheL1dCacheLineSize)
                  7010d4c8    00000050                                               : printf.obj (.rodata._ftoa.pow10)
                  7010d518    0000004d     gateway_shared.o (.rodata.str1.3223734256326991069.1)
                  7010d565    00000003     can_interface.o (.rodata.str1.15257894921296593044.1)
                  7010d568    00000048     drivers.am263px.r5f.ti-arm-clang.nortos.debug.lib : soc_rcm.obj (.rodata.gADPLLJConfigTbl)
                  7010d5b0    00000043     main.o (.rodata.str1.14079361385603432444.1)
                  7010d5f3    00000001     --HOLE-- [fill = 0]
                  7010d5f4    00000040     drivers.am263px.r5f.ti-arm-clang.nortos.debug.lib : mcan.obj (.rodata.gDataSize)
                  7010d634    00000040                                                       : ipc_notify_v1.obj (.rodata.str1.10118846006578224169.1)
                  7010d674    00000040     gateway_shared.o (.rodata.str1.1309647279537151951.1)
                  7010d6b4    0000003d     main.o (.rodata.str1.10313062130652730376.1)
                  7010d6f1    0000003d     nortos.am263px.r5f.ti-arm-clang.debug.lib : TimerP_rti_priv.obj (.rodata.str1.11388379688747141303.1)
                  7010d72e    0000003c     main.o (.rodata.str1.2123964117280943167.1)
                  7010d76a    0000003b     can_interface.o (.rodata.str1.14428574951410983152.1)
                  7010d7a5    00000039     can_interface.o (.rodata.str1.17339864536769639315.1)
                  7010d7de    00000039     can_interface.o (.rodata.str1.6401568125276999251.1)
                  7010d817    00000039     can_interface.o (.rodata.str1.6806839034663112933.1)
                  7010d850    00000037     gateway_shared.o (.rodata.str1.10638658715010209595.1)
                  7010d887    00000037     gateway_shared.o (.rodata.str1.5629998949668554045.1)
                  7010d8be    00000036     can_interface.o (.rodata.str1.2167712102046818855.1)
                  7010d8f4    00000035     can_interface.o (.rodata.str1.13942422985958650841.1)
                  7010d929    00000035     main.o (.rodata.str1.14402440632258215044.1)
                  7010d95e    00000035     can_interface.o (.rodata.str1.6692020027550076815.1)
                  7010d993    00000035     ti_drivers_open_close.o (.rodata.str1.871795152488895636.1)
                  7010d9c8    00000034     main.o (.rodata.str1.14112174005742061988.1)
                  7010d9fc    00000033     can_interface.o (.rodata.str1.10130696897761414469.1)
                  7010da2f    00000033     can_interface.o (.rodata.str1.10186677634541030339.1)
                  7010da62    00000032     main.o (.rodata.str1.13782249893155712474.1)
                  7010da94    00000031     gateway_shared.o (.rodata.str1.15257554646438059100.1)
                  7010dac5    00000031     main.o (.rodata.str1.16302215771116645891.1)
                  7010daf6    00000031     main.o (.rodata.str1.6891813955777630061.1)
                  7010db27    00000031     motor_mapping.o (.rodata.str1.8787205977826144616.1)
                  7010db58    00000030     main.o (.rodata.str1.8154729771448623357.1)
                  7010db88    0000002f     gateway_shared.o (.rodata.str1.3129942817937968154.1)
                  7010dbb7    0000002f     main.o (.rodata.str1.3530083166107438000.1)
                  7010dbe6    0000002f     main.o (.rodata.str1.7784929982665794503.1)
                  7010dc15    0000002f     main.o (.rodata.str1.9059077390166914652.1)
                  7010dc44    0000002f     drivers.am263px.r5f.ti-arm-clang.nortos.debug.lib : ipc_notify_v1.obj (.rodata.str1.9418228565027791152.1)
                  7010dc73    0000002e     can_interface.o (.rodata.str1.11024350005305706282.1)
                  7010dca1    0000002e     main.o (.rodata.str1.11870794119293528247.1)
                  7010dccf    0000002e     gateway_shared.o (.rodata.str1.5327546541240122901.1)
                  7010dcfd    0000002e     gateway_shared.o (.rodata.str1.6121471336334202706.1)
                  7010dd2b    0000002d     main.o (.rodata.str1.11702106008850790973.1)
                  7010dd58    0000002d     can_interface.o (.rodata.str1.15094798983471906066.1)
                  7010dd85    0000002d     can_interface.o (.rodata.str1.150960857071891705.1)
                  7010ddb2    0000002d     main.o (.rodata.str1.16631870348416990953.1)
                  7010dddf    0000002d     dispatcher_timer.o (.rodata.str1.16909784401037802760.1)
                  7010de0c    0000002d     can_interface.o (.rodata.str1.17855712168153945246.1)
                  7010de39    0000002c     gateway_shared.o (.rodata.str1.7167262159681625771.1)
                  7010de65    0000002c     main.o (.rodata.str1.8076846746581808073.1)
                  7010de91    0000002b     main.o (.rodata.str1.18227636981041470289.1)
                  7010debc    0000002b     can_interface.o (.rodata.str1.3858671167962548137.1)
                  7010dee7    0000002a     nortos.am263px.r5f.ti-arm-clang.debug.lib : DebugP_log.obj (.rodata.str1.227947788441500939.1)
                  7010df11    0000002a     main.o (.rodata.str1.2763581881760962609.1)
                  7010df3b    0000002a     main.o (.rodata.str1.2846389346932560359.1)
                  7010df65    0000002a     dispatcher_timer.o (.rodata.str1.8393228718863617781.1)
                  7010df8f    00000029     main.o (.rodata.str1.1311392489248731986.1)
                  7010dfb8    00000029     can_interface.o (.rodata.str1.357542981605220142.1)
                  7010dfe1    00000029     can_interface.o (.rodata.str1.7679921882182829519.1)
                  7010e00a    00000029     main.o (.rodata.str1.8108965883388295311.1)
                  7010e033    00000028     dispatcher_timer.o (.rodata.str1.13215161723794722244.1)
                  7010e05b    00000028     main.o (.rodata.str1.15159059442110792349.1)
                  7010e083    00000027     main.o (.rodata.str1.10635229749459437609.1)
                  7010e0aa    00000027     nortos.am263px.r5f.ti-arm-clang.debug.lib : ClockP_nortos_r5.obj (.rodata.str1.12743090444791882666.1)
                  7010e0d1    00000026     gateway_shared.o (.rodata.str1.5761821093615868877.1)
                  7010e0f7    00000026     can_interface.o (.rodata.str1.6910353934698693424.1)
                  7010e11d    00000026     gateway_shared.o (.rodata.str1.8694082244888993162.1)
                  7010e143    00000025     main.o (.rodata.str1.15996357275703397564.1)
                  7010e168    00000024     can_interface.o (.rodata.str1.14695538922052102695.1)
                  7010e18c    00000024     main.o (.rodata.str1.17376258722486336754.1)
                  7010e1b0    00000024     can_interface.o (.rodata.str1.17857559882412085052.1)
                  7010e1d4    00000024     main.o (.rodata.str1.7702501944640899365.1)
                  7010e1f8    00000023     drivers.am263px.r5f.ti-arm-clang.nortos.debug.lib : soc_rcm.obj (.rodata.str1.2078190104202520215.1)
                  7010e21b    00000023     nortos.am263px.r5f.ti-arm-clang.debug.lib : ClockP_nortos_r5.obj (.rodata.str1.7689125538912326484.1)
                  7010e23e    00000022     drivers.am263px.r5f.ti-arm-clang.nortos.debug.lib : edma.obj (.rodata.str1.12976018205622752890.1)
                  7010e260    00000021     nortos.am263px.r5f.ti-arm-clang.debug.lib : ClockP_nortos_r5.obj (.rodata.str1.8559540482768925367.1)
                  7010e281    00000003     main.o (.rodata.str1.17100691992556644108.1)
                  7010e284    00000020     drivers.am263px.r5f.ti-arm-clang.nortos.debug.lib : mcan.obj (.rodata.gMsgObjSize)
                  7010e2a4    00000020     can_interface.o (.rodata.g_mcan_base_addr)
                  7010e2c4    00000020     can_interface.o (.rodata.g_mcan_intr_num)
                  7010e2e4    00000020     main.o (.rodata.str1.16265332423659789559.1)
                  7010e304    00000020     drivers.am263px.r5f.ti-arm-clang.nortos.debug.lib : uart_v0.obj (.rodata.str1.16594507886308206351.1)
                  7010e324    00000020                                                       : ipc_notify_v1.obj (.rodata.str1.2046905611612007019.1)
                  7010e344    0000001f     can_interface.o (.rodata.str1.12573338884863454617.1)
                  7010e363    0000001f     nortos.am263px.r5f.ti-arm-clang.debug.lib : ClockP_nortos_r5.obj (.rodata.str1.2746619892315392655.1)
                  7010e382    0000001f     dispatcher_timer.o (.rodata.str1.5724006426700065890.1)
                  7010e3a1    0000001e     drivers.am263px.r5f.ti-arm-clang.nortos.debug.lib : ipc_notify_v1.obj (.rodata.str1.16593710740832512674.1)
                  7010e3bf    0000001e                                                       : ipc_notify_v1.obj (.rodata.str1.9050127465416171240.1)
                  7010e3dd    0000001d     nortos.am263px.r5f.ti-arm-clang.debug.lib : TimerP_rti_priv.obj (.rodata.str1.1727973701797049581.1)
                  7010e3fa    0000001d                                               : TimerP_rti_priv.obj (.rodata.str1.4425773406285945039.1)
                  7010e417    0000001d     drivers.am263px.r5f.ti-arm-clang.nortos.debug.lib : uart_v0.obj (.rodata.str1.4697665093340446018.1)
                  7010e434    0000001d     nortos.am263px.r5f.ti-arm-clang.debug.lib : TimerP_rti_priv.obj (.rodata.str1.7297095892955669843.1)
                  7010e451    0000001b     drivers.am263px.r5f.ti-arm-clang.nortos.debug.lib : edma.obj (.rodata.str1.16672221102796607080.1)
                  7010e46c    0000001b     ti_drivers_config.o (.rodata.str1.7767457247551078139.1)
                  7010e487    0000001a     main.o (.rodata.str1.13288086030101331538.1)
                  7010e4a1    0000001a     drivers.am263px.r5f.ti-arm-clang.nortos.debug.lib : soc_rcm.obj (.rodata.str1.16907879152045164286.1)
                  7010e4bb    0000001a     main.o (.rodata.str1.288608917962107522.1)
                  7010e4d5    0000001a     nortos.am263px.r5f.ti-arm-clang.debug.lib : ClockP_nortos_r5.obj (.rodata.str1.3810757863367538396.1)
                  7010e4ef    00000019     drivers.am263px.r5f.ti-arm-clang.nortos.debug.lib : ipc_notify_v1.obj (.rodata.str1.12253177398743541182.1)
                  7010e508    00000019     nortos.am263px.r5f.ti-arm-clang.debug.lib : TimerP_rti_priv.obj (.rodata.str1.5494506574634759136.1)
                  7010e521    00000001     --HOLE-- [fill = 0]
                  7010e522    00000018     drivers.am263px.r5f.ti-arm-clang.nortos.debug.lib : soc_rcm.obj (.rodata.gControlssPllClkSrcValMap)
                  7010e53a    00000018                                                       : soc_rcm.obj (.rodata.gCptsClkSrcValMap)
                  7010e552    00000018                                                       : soc_rcm.obj (.rodata.gI2cClkSrcValMap)
                  7010e56a    00000018                                                       : soc_rcm.obj (.rodata.gIcssmUartClkSrcValMap)
                  7010e582    00000018                                                       : soc_rcm.obj (.rodata.gLinUartClkSrcValMap)
                  7010e59a    00000018                                                       : soc_rcm.obj (.rodata.gMcSpiClkSrcValMap)
                  7010e5b2    00000018                                                       : soc_rcm.obj (.rodata.gMcanClkSrcValMap)
                  7010e5ca    00000018                                                       : soc_rcm.obj (.rodata.gMmcClkSrcValMap)
                  7010e5e2    00000018                                                       : soc_rcm.obj (.rodata.gOspiClkSrcValMap)
                  7010e5fa    00000018                                                       : soc_rcm.obj (.rodata.gPeripheralClkSrcInfoMap)
                  7010e612    00000018                                                       : soc_rcm.obj (.rodata.gRtiClkSrcValMap)
                  7010e62a    00000018                                                       : soc_rcm.obj (.rodata.gWdtClkSrcValMap)
                  7010e642    00000018                                                       : uart_v0.obj (.rodata.str1.16507871919775359273.1)
                  7010e65a    00000018     ti_drivers_config.o (.rodata.str1.2211846465855763212.1)
                  7010e672    00000017     drivers.am263px.r5f.ti-arm-clang.nortos.debug.lib : soc_rcm.obj (.rodata.str1.1263028196474875090.1)
                  7010e689    00000016                                                       : soc_rcm.obj (.rodata.str1.15837709475095375462.1)
                  7010e69f    00000016                                                       : soc_rcm.obj (.rodata.str1.18101715471844446405.1)
                  7010e6b5    00000016                                                       : soc_rcm.obj (.rodata.str1.503491203257075565.1)
                  7010e6cb    00000015                                                       : ipc_notify_v1.obj (.rodata.str1.2749849238461102323.1)
                  7010e6e0    00000015                                                       : edma.obj (.rodata.str1.9771253703579349310.1)
                  7010e6f5    00000014                                                       : edma.obj (.rodata.str1.14977302951450442404.1)
                  7010e709    00000014                                                       : edma.obj (.rodata.str1.16586217098785273673.1)
                  7010e71d    00000014                                                       : ipc_notify_v1.obj (.rodata.str1.17722115868992979254.1)
                  7010e731    00000014                                                       : ipc_notify_v1.obj (.rodata.str1.5235938544388580736.1)
                  7010e745    00000014                                                       : edma.obj (.rodata.str1.6479261940699871955.1)
                  7010e759    00000013     nortos.am263px.r5f.ti-arm-clang.debug.lib : DebugP_shmLogWriter.obj (.rodata.str1.14017905436770086454.1)
                  7010e76c    00000013     drivers.am263px.r5f.ti-arm-clang.nortos.debug.lib : soc_rcm.obj (.rodata.str1.1513614241493853460.1)
                  7010e77f    00000013                                                       : uart_v0.obj (.rodata.str1.8511823138002593779.1)
                  7010e792    00000012                                                       : uart_v0.obj (.rodata.str1.10085477686273322470.1)
                  7010e7a4    00000012                                                       : uart_v0.obj (.rodata.str1.1906408950570946892.1)
                  7010e7b6    00000012                                                       : ipc_notify_v1.obj (.rodata.str1.4922609433019995091.1)
                  7010e7c8    00000012                                                       : soc_rcm.obj (.rodata.str1.6089483996110695684.1)
                  7010e7da    00000012                                                       : edma.obj (.rodata.str1.8988798825313313125.1)
                  7010e7ec    00000011                                                       : edma.obj (.rodata.str1.13359792024450833872.1)
                  7010e7fd    00000011                                                       : uart_v0.obj (.rodata.str1.18277465892467933209.1)
                  7010e80e    00000011     ti_drivers_open_close.o (.rodata.str1.6292539624901818759.1)
                  7010e81f    00000011     nortos.am263px.r5f.ti-arm-clang.debug.lib : TimerP_rti_priv.obj (.rodata.str1.7786169893402823657.1)
                  7010e830    00000011     drivers.am263px.r5f.ti-arm-clang.nortos.debug.lib : ipc_notify_v1.obj (.rodata.str1.9036292169629118271.1)
                  7010e841    00000010                                                       : edma.obj (.rodata.str1.16687974986316968853.1)
                  7010e851    0000000f                                                       : edma.obj (.rodata.str1.12381575634899622488.1)
                  7010e860    0000000f                                                       : edma.obj (.rodata.str1.15707078201242323249.1)
                  7010e86f    0000000f                                                       : edma.obj (.rodata.str1.2781376525681532154.1)
                  7010e87e    0000000f                                                       : ipc_notify_v1.obj (.rodata.str1.4769539187903082080.1)
                  7010e88d    0000000f                                                       : edma.obj (.rodata.str1.4907917467944964367.1)
                  7010e89c    0000000e                                                       : edma.obj (.rodata.str1.1669868279207928169.1)
                  7010e8aa    0000000e                                                       : edma.obj (.rodata.str1.6128441279204879358.1)
                  7010e8b8    0000000e                                                       : edma.obj (.rodata.str1.6928588723460450634.1)
                  7010e8c6    0000000d                                                       : edma.obj (.rodata.str1.14657363906792235350.1)
                  7010e8d3    0000000d     nortos.am263px.r5f.ti-arm-clang.debug.lib : TimerP_rti_priv.obj (.rodata.str1.15140844044942405278.1)
                  7010e8e0    0000000c                                               : ClockP_nortos_r5.obj (.rodata.str1.13463193513887205357.1)
                  7010e8ec    0000000c     ti_drivers_config.o (.rodata.str1.3145245972279493797.1)
[...]
70116478  gUartParams                          
7010e960  gXTALInfo                            
701165dc  g_disp_timer_isr_count               
7010fd4c  g_motor_lookup                       
7010bb81  gateway_core1_init                   
701095b1  gateway_core1_ipc_callback           
70108fd1  gateway_core1_wait_for_ready         
7010cec1  gateway_notify_states_ready          
70109f91  gateway_ringbuf_core1_init           
7010c7e1  gateway_ringbuf_core1_receive        
70107651  gateway_ringbuf_read                 
7010c311  gateway_signal_motor_config_ready    
7010bbc1  gateway_update_heartbeat             
7010b4d1  gateway_update_stat                  
70107951  gateway_write_motor_config           
70108b91  gateway_write_motor_states           
701165fb  isMapAvailable                       
7010ae81  main                                 
7010c0b1  motor_get_config                     
70102c91  motor_mapping_init_core1             
7010cd61  putchar_                             
7010be01  snprintf_                            
7010ca11  timerISR                             
70110ad8  virtToPhymap                         
7010c551  vprintf_                             


GLOBAL SYMBOLS: SORTED BY Symbol Address 

address   name                                 
-------   ----                                 
00000000  __TI_ATRegion0_region_sz             
00000000  __TI_ATRegion0_src_addr              
00000000  __TI_ATRegion0_trg_addr              
00000000  __TI_ATRegion1_region_sz             
00000000  __TI_ATRegion1_src_addr              
00000000  __TI_ATRegion1_trg_addr              
00000000  __TI_ATRegion2_region_sz             
00000000  __TI_ATRegion2_src_addr              
00000000  __TI_ATRegion2_trg_addr              
00000000  __TI_static_base__                   
00000000  _vectors                             
00000100  __ABORT_STACK_SIZE                   
00000100  __FIQ_STACK_SIZE                     
00000100  __IRQ_STACK_SIZE                     
00000100  __UNDEFINED_STACK_SIZE               
00001000  __SVC_STACK_SIZE                     
00004000  __STACK_SIZE                         
70100a34  __aeabi_memclr                       
70100a34  __aeabi_memclr4                      
70100a34  __aeabi_memclr8                      
701010b8  C$$EXIT                              
701010b8  HOSTexit                             
701010c1  SOC_rcmEnablePeripheralClock         
701016f8  __aeabi_ldiv0                        
701016fc  __aeabi_memcpy                       
701016fc  __aeabi_memcpy4                      
701016fc  __aeabi_memcpy8                      
70101ce4  CSL_armR5ReadMpidrReg                
701021a1  UART_open                            
701025a1  IpcNotify_init                       
70102981  SOC_virtToPhy                        
70102c91  motor_mapping_init_core1             
70102f91  MCAN_msgRAMConfig                    
70103de1  UART_lld_dmaDeInit                   
70104011  IpcNotify_isr                        
70104461  CAN_TransmitBatch                    
70104661  TimerP_setupPriv                     
70104841  UART_lld_dmaWrite                    
701049f1  UART_close                           
70104ba1  UART_lld_controllerIsr               
70104ed1  MCAN_calcMsgRamParamsStartAddr       
70105361  EDMA_unregisterIntr                  
701054d1  SOC_controlModuleUnlockMMR           
70105631  UART_lld_initDma                     
70105791  DebugP_shmLogWriterPutChar           
70105a31  MCAN_setBitTime                      
70105b81  CAN_Init                             
70105e01  MCAN_readMsgRam                      
70106081  ClockP_init                          
701061c1  UART_procLineStatusErr               
70106301  EDMA_registerIntr                    
70106441  MCAN_init                            
70106581  UART_lld_init                        
701066b1  MCAN_config                          
701067e1  SOC_controlModuleLockMMR             
70106911  SOC_rcmGetPeripheralClockFrequency   
70106a31  DebugP_shmLogWriterPutLine           
70106b51  UART_lld_dmaRead                     
70106d8c  __udivmoddi4                         
70107321  IpcNotify_sendMsg                    
70107541  SemaphoreP_pend                      
70107651  gateway_ringbuf_read                 
70107861  CAN_StartRxInterrupts                
70107951  gateway_write_motor_config           
70107c21  EDMA_freeChannelRegion               
70107d11  EDMA_freeParam                       
70107e01  EDMA_freeDmaChannel                  
70107ee1  EDMA_freeTcc                         
70107fc1  UART_intrEnable                      
701080a1  UART_intrDisable                     
70108181  AddrTranslateP_getLocalAddr          
70108321  EDMA_disableChInShadowRegRegion      
701083f1  EDMA_enableChInShadowRegRegion       
701084c1  EDMA_mapChToEvtQ                     
70108591  EDMA_configureChannelRegion          
70108711  UART_flushTxFifo                     
70108891  ClockP_timerTickIsr                  
70108951  TimerP_init                          
70108a11  ClockP_stop                          
70108ad1  IpcNotify_waitSync                   
70108b91  gateway_write_motor_states           
70108c51  CycleCounterP_init                   
70108c71  CycleCounterP_reset                  
70108cc1  CycleCounterP_nsToTicks              
70108d01  CycleCounterP_enableUserAccess       
70108d11  MCAN_writeMsgRam                     
70108dc1  SOC_rcmSetPeripheralClock            
70108e71  UART_init                            
70108fd1  gateway_core1_wait_for_ready         
70109131  ClockP_destruct                      
701091e1  Drivers_uartOpen                     
70109331  IpcNotify_registerClient             
70109471  ClockP_getTimeUsec                   
70109511  EDMA_unmapChToEvtQ                   
701095b1  gateway_core1_ipc_callback           
70109641  EDMA_disableTransferRegion           
701096d1  EDMA_enableTransferRegion            
70109881  UART_lld_flushTxFifo                 
701099a1  disp_timer_isr_callback              
70109a31  EDMA_allocDmaChannel                 
70109ac1  EDMA_allocParam                      
70109b51  EDMA_allocTcc                        
70109d01  IpcNotify_syncAll                    
70109d91  MCAN_addStdMsgIDFilter               
70109f11  _DebugP_assert                       
70109f91  gateway_ringbuf_core1_init           
7010a091  UART_Params_init                     
7010a111  EDMA_linkChannel                     
7010a191  System_init                          
7010a291  ClockP_usleep                        
7010a311  EDMA_clrMissEvtRegion                
7010a481  EDMA_getBaseAddr                     
7010a561  SOC_rcmGetR5Clock                    
7010a5d1  SOC_rcmIsR5FInLockStepMode           
7010a6b1  UART_lld_deInitDma                   
7010a721  MCAN_enableIntr                      
7010a791  MCAN_initTxBufElement                
7010a871  SemaphoreP_post                      
7010a8e1  MCAN_selectIntrLine                  
7010a941  UART_getChar                         
7010aa01  disp_timer_start                     
7010aa61  Module_clockSetFrequency             
7010aac1  UART_lld_deInit                      
7010ab81  disp_timer_init                      
7010ad61  Dpl_init                             
7010adc1  EDMA_setPaRAM                        
7010ae81  main                                 
7010aed4  __TI_auto_init_nobinit_nopinit       
7010af31  Drivers_uartClose                    
7010af81  Pinmux_config                        
7010afd1  UART_checkCharsAvailInFifo           
7010b021  DebugP_shmLogWriterInit              
7010b071  EDMA_clrEvtRegion                    
7010b0c1  EDMA_disableDmaEvtRegion             
7010b111  EDMA_disableEvtIntrRegion            
7010b161  EDMA_enableDmaEvtRegion              
7010b1b1  EDMA_enableEvtIntrRegion             
7010b201  EDMA_setEvtRegion                    
7010b251  GPIO_setDirMode                      
7010b2a1  MCAN_enableIntrLine                  
7010b2f1  ClockP_construct                     
7010b341  EDMA_ccPaRAMEntry_init               
7010b391  EDMA_mapQdmaChToPaRAM                
7010b3e1  EDMA_readEventStatusRegion           
7010b431  IpcNotify_unregisterClient           
7010b481  Module_clockEnable                   
7010b4d1  gateway_update_stat                  
7010b571  IpcNotify_Params_init                
7010b611  UART_getIntrIdentityStatus           
7010b7a1  UART_readLineStatus                  
7010b8e1  SemaphoreP_construct                 
7010b931  _DebugP_logZone                      
7010ba21  ClockP_start                         
7010bb41  UART_spaceAvail                      
7010bb81  gateway_core1_init                   
7010bbc1  gateway_update_heartbeat             
7010bc81  UART_IsTxRxFifoEmpty                 
7010bd01  CAN_RegisterRxCallback               
7010bd41  MCAN_txBufAddReq                     
7010bd81  SOC_moduleSetClockFrequency          
7010be01  snprintf_                            
7010be41  SOC_getCoreName                      
7010be78  CycleCounterP_getCount32             
7010be80  PmuP_setup                           
7010be88  PmuP_enableCounters                  
7010be90  PmuP_disableCounters                 
7010be98  PmuP_getOverflowStatus               
7010bea0  PmuP_clearOverflowStatus             
7010bea8  PmuP_setUserEnable                   
7010beb1  EDMA_getRegionId                     
7010bf31  IpcNotify_syncCallback               
7010bfb1  MCAN_calcCfgAddr                     
7010c031  TimerP_Params_initPriv               
7010c0b1  motor_get_config                     
7010c1b1  MCAN_isMemInitDone                   
7010c1f1  TimerP_getCountPriv                  
7010c311  gateway_signal_motor_config_ready    
7010c341  UART_lld_dmaInit                     
7010c3a1  DebugP_logZoneEnable                 
7010c401  MCAN_clearNewDataStatus              
7010c431  MCAN_getNewDataStatus                
7010c461  SemaphoreP_constructBinary           
7010c4c1  UART_intr2Disable                    
7010c4f1  UART_operatingModeSelect             
7010c521  CSL_armR5GetCpuID                    
7010c551  vprintf_                             
7010c581  EDMA_disableQdmaEvtRegion            
7010c5b1  EDMA_enableQdmaEvtRegion             
7010c611  IpcNotify_allocSwQueue               
7010c671  IpcNotify_getConfig                  
7010c6a1  SemaphoreP_constructMutex            
7010c754  __aeabi_uldivmod                     
7010c7b1  EDMA_channelToParamMap               
7010c7e1  gateway_ringbuf_core1_receive        
7010c811  ClockP_isActive                      
7010c831  ClockP_usecToTicks                   
7010c891  ClockP_Params_init                   
7010c8b1  EDMA_getEventStatusHigh              
7010c8d1  MCAN_setOpMode                       
7010c8f1  SOC_getSelfCpuClk                    
7010c911  SOC_moduleClockEnable                
7010c931  TimerP_isr0                          
7010c971  UART_lld_Transaction_deInit          
7010c991  EDMA_getEventStatus                  
7010ca11  timerISR                             
7010ca2c  TI_memcpy_small                      
7010ca51  MCAN_clearIntrStatus                 
7010ca71  MCAN_getOpMode                       
7010cad1  ClockP_ticksToUsec                   
7010caf1  EDMA_isInterruptEnabled              
7010cb31  IpcNotify_trigInterrupt              
7010cb51  SemaphoreP_Params_init               
7010cb71  TimerP_getReloadCountPriv            
7010cbd1  UART_putChar                         
7010cbe8  TI_memset_small                      
7010cc01  IpcNotify_sendSync                   
7010cc21  MCAN_getIntrStatus                   
7010cc41  TimerP_startPriv                     
7010cc61  TimerP_stopPriv                      
7010cd21  TimerP_clearOverflowIntPriv          
7010cd41  TimerP_setup                         
7010cd61  putchar_                             
7010cd81  Pinmux_init                          
7010cdd1  ClockP_getTimerCount                 
7010cde1  ClockP_timerClearOverflowInt         
7010ce61  TimerP_Params_init                   
7010ce71  TimerP_clearOverflowInt              
7010ce81  TimerP_getCount                      
7010ce91  TimerP_getReloadCount                
7010cea1  TimerP_start                         
7010cec1  gateway_notify_states_ready          
7010ced1  Board_driversOpen                    
7010cee1  ClockP_getTicks                      
7010cef1  PowerClock_init                      
7010cf61  Drivers_open                         
7010cf71  Drivers_uartInit                     
7010cfa1  SemaphoreP_destruct                  
7010cfb1  Board_driversClose                   
7010cfc1  Board_init                           
7010cfd1  IpcNotify_wait                       
7010cfe1  TaskP_yield                          
7010d440  gCacheConfig                         
7010d448  gMpuConfig                           
7010d454  gMpuRegionConfig                     
7010d4c4  gCacheL1dCacheLineSize               
7010d568  gADPLLJConfigTbl                     
7010e5fa  gPeripheralClkSrcInfoMap             
7010e960  gXTALInfo                            
7010e9ac  gCacheL1pCacheLineSize               
7010e9b8  gCR5ClkSrcInfoMap                    
7010e9c0  __BSS_START                          
7010f540  gHwiCtrl                             
7010fd4c  g_motor_lookup                       
70110878  gIpcNotifyCtrl                       
70110ab4  gTimerBaseAddr                       
70110ab8  gClockCtrl                           
70110ad8  virtToPhymap                         
70110af0  gTimerHwiObj                         
70110af4  gUartHandle                          
70110af8  __BSS_END                            
70110af8  __stack                              
70114af8  __STACK_END                          
70114b01  HwiP_enableInt                       
70114b41  HwiP_disableInt                      
70114ba1  HwiP_restoreInt                      
70114bd1  HwiP_clearInt                        
70114c11  HwiP_post                            
70114c51  HwiP_Params_init                     
70114c81  HwiP_construct                       
70114e71  HwiP_destruct                        
70114ee1  HwiP_init                            
70115091  HwiP_inISR                           
701150c1  HwiP_setVimIrqPriMaskNonAtomic       
70115111  HwiP_setVimIrqPriMaskAtomic          
701151b1  HwiP_restoreVimIrqPriMask            
701151c1  HwiP_irq_handler_c                   
70115361  HwiP_fiq_handler                     
701154c1  HwiP_reserved_handler                
70115501  HwiP_undefined_handler_c             
70115521  HwiP_user_undefined_handler_c        
70115541  HwiP_svc_handler                     
70115581  HwiP_prefetch_abort_handler_c        
70115621  HwiP_user_prefetch_abort_handler_c   
70115661  HwiP_data_abort_handler_c            
70115721  HwiP_user_data_abort_handler_c       
7011575c  HwiP_irq_handler                     
701157d0  HwiP_data_abort_handler              
70115814  HwiP_prefetch_abort_handler          
70115860  HwiP_undefined_handler               
70115890  GET_DFSR                             
70115898  GET_ADFSR                            
701158a0  GET_DFAR                             
701158a8  GET_IFSR                             
701158b0  GET_AIFSR                            
701158b8  GET_IFAR                             
701158c0  GET_SPSR                             
701158d8  HwiP_disable                         
701158e8  HwiP_disableFIQ                      
701158f8  HwiP_enable                          
70115908  HwiP_enableFIQ                       
70115918  HwiP_restore                         
70115920  HwiP_enableVIC                       
70115930  HwiP_disableVIC                      
70115940  HwiP_getCPSR                         
70115950  CacheP_disableL1d                    
70115978  CacheP_disableL1p                    
70115990  CacheP_enableL1d                     
701159a8  CacheP_enableL1p                     
701159c0  CacheP_invL1d                        
701159f8  CacheP_invL1p                        
70115a34  CacheP_invL1dAll                     
70115a3c  CacheP_invL1pAll                     
70115a44  CacheP_wb                            
70115a80  CacheP_wbInv                         
70115abc  CacheP_wbAll                         
70115b64  CacheP_wbInvAll                      
70115b7c  CacheP_wbInvAllAsm                   
70115c1c  CacheP_getEnabled                    
70115c54  CacheP_getCacheLevelInfo             
70115c60  CacheP_configForceWrThru             
70115c80  CacheP_setDLFO                       
70115c91  CacheP_init                          
70115d21  CacheP_disable                       
70115d71  CacheP_enable                        
70115db1  CacheP_inv                           
70115df1  MpuP_getAttrs                        
70115e51  MpuP_RegionAttrs_init                
70115e81  MpuP_setRegion                       
70115f11  MpuP_isEnable                        
70115f21  MpuP_disable                         
70115f61  MpuP_enable                          
70115fb1  MpuP_init                            
70116051  MpuP_isUserAuthorizedToAccessMemory  
70116130  MpuP_disableAsm                      
70116148  MpuP_disableBRAsm                    
70116158  MpuP_enableAsm                       
70116170  MpuP_enableBRAsm                     
70116180  MpuP_isEnableAsm                     
70116194  MpuP_setRegionAsm                    
701161b0  _c_int00_sbl                         
701161d4  _c_int00                             
70116301  _DebugP_assertNoLog                  
70116331  _system_pre_init                     
70116361  __mpu_init                           
70116370  abort                                
70116378  gEdmaConfig                          
70116378  gIpcNotifyMailboxConfig              
70116378  gUartDmaHandle                       
70116478  gUartParams                          
701164e8  gClockConfig                         
70116500  gIpcNotifyInterruptConfig_r5fss1_1   
70116530  gSocModulesClockFrequency            
70116570  gIpcNotifyCoreIntrBitPos             
70116580  gAddrTranslateConfig                 
7011658c  gSocModules                          
7011659c  gUartConfig                          
701165b8  gDebugLogZone                        
701165c4  gEdmaConfigNum                       
701165c8  gHwiConfig                           
701165cc  gIpcNotifyInterruptConfigNum_r5fss1_1
701165d0  gTimerIsrCounter                     
701165d4  gUartConfigNum                       
701165d8  gUartDmaChConfig                     
701165dc  g_disp_timer_isr_count               
701165f5  gTimerIsrFlag                        
701165fb  isMapAvailable                       
70116600  __IRQ_STACK_START                    
70116700  __FIQ_STACK_START                    
70116700  __IRQ_STACK_END                      
70116800  __FIQ_STACK_END                      
70116800  __SVC_STACK_START                    
70117800  __ABORT_STACK_START                  
70117800  __SVC_STACK_END                      
70117900  __ABORT_STACK_END                    
70117900  __UNDEFINED_STACK_START              
70117a00  __UNDEFINED_STACK_END                
70200000  gGatewaySharedMem                    
70208000  gDebugShmLog                         
ffffffff  __TI_pprof_out_hndl                  
ffffffff  __TI_prof_data_size                  
ffffffff  __TI_prof_data_start                 
ffffffff  __binit__                            
ffffffff  binit                                
UNDEFED   __TI_CINIT_Base                      
UNDEFED   __TI_CINIT_Limit                     
UNDEFED   __TI_Handler_Table_Base              
UNDEFED   __TI_Handler_Table_Limit             
UNDEFED   _system_post_cinit                   

[388 symbols]
