******************************************************************************
            TI ARM Clang Linker PC v4.0.4                      
******************************************************************************
>> Linked Sat Apr  4 15:33:57 2026

OUTPUT FILE NAME:   <ccu_ti_multi_core_realtime.out>
ENTRY POINT SYMBOL: "_vectors"  address: 00000000


MEMORY CONFIGURATION

         name            origin    length      used     unused   attr    fill
----------------------  --------  ---------  --------  --------  ----  --------
  R5F_VECS              00000000   00000040  00000040  00000000  RWIX
  R5F_TCMA              00000040   00007fc0  00000000  00007fc0  RWIX
  R5F_TCMB              00080000   00008000  00000000  00008000  RWIX
  MAILBOX_HSM           44000000   000003ce  00000000  000003ce  RWIX
  MAILBOX_R5F           44000400   000003ce  00000000  000003ce  RWIX
  FLASH                 60180000   00080000  00000000  00080000  RWIX
  OCRAM                 70180000   00080000  0001aaa0  00065560  RWIX
  USER_SHM_MEM          70200000   00008000  00004d4c  000032b4  RWIX
  LOG_SHM_MEM           70208000   00004000  00002000  00002000  RWIX
  RTOS_NORTOS_IPC_SHM_M 72000000   00003e80  00000000  00003e80  RWIX


SEGMENT ALLOCATION MAP

run origin  load origin   length   init length attrs members
----------  ----------- ---------- ----------- ----- -------
00000000    00000000    00000040   00000040    r-x
  00000000    00000000    00000040   00000040    r-x .vectors
70180000    70180000    00011098   00011098    r-x
  70180000    70180000    0000ec50   0000ec50    r-x .text
  7018ec50    7018ec50    00002448   00002448    r-- .rodata
70191098    70191098    00006888   00000000    rw-
  70191098    70191098    00002888   00000000    rw- .bss
  70193920    70193920    00004000   00000000    rw- .stack
70197920    70197920    00001878   00001878    r-x
  70197920    70197920    00000e50   00000e50    r-x .text.hwi
  70198770    70198770    000004a0   000004a0    r-x .text.cache
  70198c10    70198c10    000003c0   000003c0    r-x .text.mpu
  70198fd0    70198fd0    000001c0   000001c0    r-x .text.boot
  70199190    70199190    00000008   00000008    r-x .text:abort
70199198    70199198    00001908   00000508    rw-
  70199198    70199198    00000508   00000508    rw- .data
  701996a0    701996a0    00000100   00000000    rw- .irqstack
  701997a0    701997a0    00000100   00000000    rw- .fiqstack
  701998a0    701998a0    00001000   00000000    rw- .svcstack
  7019a8a0    7019a8a0    00000100   00000000    rw- .abortstack
  7019a9a0    7019a9a0    00000100   00000000    rw- .undefinedstack


SECTION ALLOCATION MAP

 output                                  attributes/
section   page    origin      length       input sections
--------  ----  ----------  ----------   ----------------
.vectors   0    00000000    00000040     
                  00000000    00000040     nortos.am263px.r5f.ti-arm-clang.debug.lib : HwiP_armv7r_vectors_nortos_asm.obj (.vectors)

.text      0    70180000    0000ec50     
                  70180000    00000a34     nortos.am263px.r5f.ti-arm-clang.debug.lib : printf.obj (.text._vsnprintf)
                  70180a34    0000000c     libclang_rt.builtins.a : aeabi_memset.S.obj (.text.__aeabi_memclr)
                  70180a40    00000678     drivers.am263px.r5f.ti-arm-clang.nortos.debug.lib : soc_rcm.obj (.text.SOC_rcmGetClkSrcAndDivReg)
                  701810b8    00000008     libsysbm.a : hostexit.c.obj (.text.HOSTexit)
                  701810c0    00000638     drivers.am263px.r5f.ti-arm-clang.nortos.debug.lib : soc_rcm.obj (.text.SOC_rcmEnablePeripheralClock)
                  701816f8    00000004     libclang_rt.builtins.a : aeabi_div0.c.obj (.text.__aeabi_ldiv0)
                  701816fc    00000004                            : aeabi_memcpy.S.obj (.text.__aeabi_memcpy)
                  70181700    000005e2     nortos.am263px.r5f.ti-arm-clang.debug.lib : printf.obj (.text._ftoa)
                  70181ce2    00000002     --HOLE-- [fill = 0]
                  70181ce4    0000000c                                               : CpuId_armv7r_asm.obj (.text)
                  70181cf0    00000522     main.o (.text.transmit_can_frames)
                  70182212    00000002     --HOLE-- [fill = 0]
                  70182214    00000004     libclang_rt.builtins.a : aeabi_memmove.S.obj (.text.__aeabi_memmove)
                  70182218    00000008     --HOLE-- [fill = 0]
                  70182220    000004b0     nortos.am263px.r5f.ti-arm-clang.debug.lib : printf.obj (.text._etoa)
                  701826d0    00000402     yis320_protocol.o (.text.vtable_process_rx_data)
                  70182ad2    0000000e     --HOLE-- [fill = 0]
                  70182ae0    00000400     drivers.am263px.r5f.ti-arm-clang.nortos.debug.lib : uart_v0.obj (.text.UART_open)
                  70182ee0    000003dc                                                       : ipc_notify_v1.obj (.text.IpcNotify_init)
                  701832bc    00000004     --HOLE-- [fill = 0]
                  701832c0    000003bc     main.o (.text.main_loop)
                  7018367c    00000004     --HOLE-- [fill = 0]
                  70183680    000003b0     main.o (.text.core1_init)
                  70183a30    0000031a     can_interface.o (.text.init_single_mcan)
                  70183d4a    00000006     --HOLE-- [fill = 0]
                  70183d50    00000302     drivers.am263px.r5f.ti-arm-clang.nortos.debug.lib : soc.obj (.text.SOC_virtToPhy)
                  70184052    0000000e     --HOLE-- [fill = 0]
                  70184060    000002f4     motor_mapping.o (.text.motor_mapping_init_core1)
                  70184354    0000000c     --HOLE-- [fill = 0]
                  70184360    000002a8     drivers.am263px.r5f.ti-arm-clang.nortos.debug.lib : mcan.obj (.text.MCAN_msgRAMConfig)
                  70184608    00000008     --HOLE-- [fill = 0]
                  70184610    0000027e                                                       : uart_dma_edma.obj (.text.UART_edmaChInit)
                  7018488e    00000002     --HOLE-- [fill = 0]
                  70184890    00000250                                                       : edma.obj (.text.Alloc_resource)
                  70184ae0    00000242                                                       : uart_v0_lld.obj (.text.UART_fifoConfig)
                  70184d22    0000000e     --HOLE-- [fill = 0]
                  70184d30    0000023e     nortos.am263px.r5f.ti-arm-clang.debug.lib : printf.obj (.text._ntoa_format)
                  70184f6e    00000002     --HOLE-- [fill = 0]
                  70184f70    00000226     drivers.am263px.r5f.ti-arm-clang.nortos.debug.lib : uart_dma_edma.obj (.text.UART_lld_dmaDeInit)
                  70185196    0000000a     --HOLE-- [fill = 0]
                  701851a0    00000222                                                       : ipc_notify_v1.obj (.text.IpcNotify_isr)
                  701853c2    0000000e     --HOLE-- [fill = 0]
                  701853d0    00000220     can_interface.o (.text.CAN_TransmitBatch)
                  701855f0    000001d6     nortos.am263px.r5f.ti-arm-clang.debug.lib : TimerP_rti_priv.obj (.text.TimerP_setupPriv)
                  701857c6    0000000a     --HOLE-- [fill = 0]
                  701857d0    000001aa     drivers.am263px.r5f.ti-arm-clang.nortos.debug.lib : uart_dma_edma.obj (.text.UART_lld_dmaWrite)
                  7018597a    00000006     --HOLE-- [fill = 0]
                  70185980    000001aa     can_interface.o (.text.can_rx_isr)
                  70185b2a    00000006     --HOLE-- [fill = 0]
                  70185b30    000001a8     drivers.am263px.r5f.ti-arm-clang.nortos.debug.lib : uart_v0.obj (.text.UART_close)
                  70185cd8    00000008     --HOLE-- [fill = 0]
                  70185ce0    000001a4     main.o (.text.process_can_rx)
                  70185e84    0000000c     --HOLE-- [fill = 0]
                  70185e90    00000198     drivers.am263px.r5f.ti-arm-clang.nortos.debug.lib : uart_v0_lld.obj (.text.UART_lld_controllerIsr)
                  70186028    00000008     --HOLE-- [fill = 0]
                  70186030    00000188     can_interface.o (.text.CAN_StartRxInterrupts)
                  701861b8    00000008     --HOLE-- [fill = 0]
                  701861c0    00000186     drivers.am263px.r5f.ti-arm-clang.nortos.debug.lib : mcan.obj (.text.MCAN_readMsg)
                  70186346    0000000a     --HOLE-- [fill = 0]
                  70186350    00000184                                                       : mcan.obj (.text.MCAN_calcMsgRamParamsStartAddr)
                  701864d4    0000000c     --HOLE-- [fill = 0]
                  701864e0    00000162                                                       : edma.obj (.text.EDMA_unregisterIntr)
                  70186642    0000000e     --HOLE-- [fill = 0]
                  70186650    00000158                                                       : soc.obj (.text.SOC_controlModuleUnlockMMR)
                  701867a8    00000008     --HOLE-- [fill = 0]
                  701867b0    00000152                                                       : uart_v0_lld.obj (.text.UART_lld_initDma)
                  70186902    0000000e     --HOLE-- [fill = 0]
                  70186910    00000150     nortos.am263px.r5f.ti-arm-clang.debug.lib : DebugP_shmLogWriter.obj (.text.DebugP_shmLogWriterPutChar)
                  70186a60    00000150     drivers.am263px.r5f.ti-arm-clang.nortos.debug.lib : mcan.obj (.text.MCAN_writeMsg)
                  70186bb0    0000014e     yis320_protocol.o (.text.parse_imu_frame)
                  70186cfe    00000002     --HOLE-- [fill = 0]
                  70186d00    0000014c     drivers.am263px.r5f.ti-arm-clang.nortos.debug.lib : mcan.obj (.text.MCAN_setBitTime)
                  70186e4c    00000004     --HOLE-- [fill = 0]
                  70186e50    00000142     imu_interface_isr.o (.text.imu_uart_isr_init)
                  70186f92    0000000e     --HOLE-- [fill = 0]
                  70186fa0    00000140     can_interface.o (.text.CAN_Init)
                  701870e0    0000013a     drivers.am263px.r5f.ti-arm-clang.nortos.debug.lib : edma.obj (.text.EDMA_isDmaChannelAllocated)
                  7018721a    00000006     --HOLE-- [fill = 0]
                  70187220    00000138                                                       : mcan.obj (.text.MCAN_readMsgRam)
                  70187358    00000008     --HOLE-- [fill = 0]
                  70187360    00000138     nortos.am263px.r5f.ti-arm-clang.debug.lib : printf.obj (.text._ntoa_long_long)
                  70187498    00000008     --HOLE-- [fill = 0]
                  701874a0    00000136                                               : ClockP_nortos_r5.obj (.text.ClockP_init)
                  701875d6    0000000a     --HOLE-- [fill = 0]
                  701875e0    00000136     drivers.am263px.r5f.ti-arm-clang.nortos.debug.lib : uart_v0_lld.obj (.text.UART_procLineStatusErr)
                  70187716    0000000a     --HOLE-- [fill = 0]
                  70187720    00000134                                                       : edma.obj (.text.EDMA_registerIntr)
                  70187854    0000000c     --HOLE-- [fill = 0]
                  70187860    00000134                                                       : mcan.obj (.text.MCAN_init)
                  70187994    0000000c     --HOLE-- [fill = 0]
                  701879a0    0000012c                                                       : uart_v0_lld.obj (.text.UART_lld_init)
                  70187acc    00000004     --HOLE-- [fill = 0]
                  70187ad0    0000012a                                                       : mcan.obj (.text.MCAN_config)
                  70187bfa    00000006     --HOLE-- [fill = 0]
                  70187c00    00000126                                                       : soc.obj (.text.SOC_controlModuleLockMMR)
                  70187d26    0000000a     --HOLE-- [fill = 0]
                  70187d30    00000120                                                       : soc_rcm.obj (.text.SOC_rcmGetPeripheralClockFrequency)
                  70187e50    00000120     can_interface.o (.text.init_can_stb_gpios)
                  70187f70    0000011c     nortos.am263px.r5f.ti-arm-clang.debug.lib : DebugP_shmLogWriter.obj (.text.DebugP_shmLogWriterPutLine)
                  7018808c    00000004     --HOLE-- [fill = 0]
                  70188090    0000011c     drivers.am263px.r5f.ti-arm-clang.nortos.debug.lib : uart_dma_edma.obj (.text.UART_lld_dmaRead)
                  701881ac    00000118     libclang_rt.builtins.a : udivmoddi4.S.obj (.text)
                  701882c4    0000000c     --HOLE-- [fill = 0]
                  701882d0    00000116     drivers.am263px.r5f.ti-arm-clang.nortos.debug.lib : edma.obj (.text.EDMA_isTccAllocated)
                  701883e6    0000000a     --HOLE-- [fill = 0]
                  701883f0    00000116                                                       : uart_v0_lld.obj (.text.UART_divisorLatchWrite)
                  70188506    0000000a     --HOLE-- [fill = 0]
                  70188510    00000114     nortos.am263px.r5f.ti-arm-clang.debug.lib : printf.obj (.text._ntoa_long)
                  70188624    0000000c     --HOLE-- [fill = 0]
                  70188630    0000010e     drivers.am263px.r5f.ti-arm-clang.nortos.debug.lib : soc_rcm.obj (.text.SOC_rcmADPLLJGetFOut)
                  7018873e    00000002     --HOLE-- [fill = 0]
                  70188740    0000010a                                                       : ipc_notify_v1.obj (.text.IpcNotify_sendMsg)
                  7018884a    00000006     --HOLE-- [fill = 0]
                  70188850    00000104                                                       : uart_v0_lld.obj (.text.UART_configInstance)
                  70188954    0000000c     --HOLE-- [fill = 0]
                  70188960    00000102     ti_drivers_config.o (.text.GPIO_init)
                  70188a62    0000000e     --HOLE-- [fill = 0]
                  70188a70    00000102     nortos.am263px.r5f.ti-arm-clang.debug.lib : SemaphoreP_nortos.obj (.text.SemaphoreP_pend)
                  70188b72    0000000e     --HOLE-- [fill = 0]
                  70188b80    00000102     gateway_shared.o (.text.gateway_ringbuf_read)
                  70188c82    0000000e     --HOLE-- [fill = 0]
                  70188c90    000000ec     gateway_shared.o (.text.gateway_write_motor_config)
                  70188d7c    00000004     --HOLE-- [fill = 0]
                  70188d80    000000ec     main.o (.text.process_motor_commands)
                  70188e6c    00000004     --HOLE-- [fill = 0]
                  70188e70    000000e6     drivers.am263px.r5f.ti-arm-clang.nortos.debug.lib : soc_rcm.obj (.text.SOC_rcmGetCoreFout)
                  70188f56    0000000a     --HOLE-- [fill = 0]
                  70188f60    000000e6                                                       : soc_rcm.obj (.text.SOC_rcmGetPerFout)
                  70189046    0000000a     --HOLE-- [fill = 0]
                  70189050    000000e4                                                       : edma.obj (.text.EDMA_freeChannelRegion)
                  70189134    0000000c     --HOLE-- [fill = 0]
                  70189140    000000e2                                                       : edma.obj (.text.EDMA_freeParam)
                  70189222    0000000e     --HOLE-- [fill = 0]
                  70189230    000000e0                                                       : edma.obj (.text.EDMA_freeDmaChannel)
                  70189310    000000e0                                                       : edma.obj (.text.EDMA_freeTcc)
                  701893f0    000000de                                                       : uart_v0_lld.obj (.text.UART_intrEnable)
                  701894ce    00000002     --HOLE-- [fill = 0]
                  701894d0    000000da                                                       : uart_v0_lld.obj (.text.UART_intrDisable)
                  701895aa    00000006     --HOLE-- [fill = 0]
                  701895b0    000000d0     nortos.am263px.r5f.ti-arm-clang.debug.lib : AddrTranslateP_32bit.obj (.text.AddrTranslateP_getLocalAddr)
                  70189680    000000ce     drivers.am263px.r5f.ti-arm-clang.nortos.debug.lib : edma.obj (.text.EDMA_disableChInShadowRegRegion)
                  7018974e    00000002     --HOLE-- [fill = 0]
                  70189750    000000cc                                                       : edma.obj (.text.EDMA_enableChInShadowRegRegion)
                  7018981c    00000004     --HOLE-- [fill = 0]
                  70189820    000000c4                                                       : edma.obj (.text.EDMA_mapChToEvtQ)
                  701898e4    0000000c     --HOLE-- [fill = 0]
                  701898f0    000000c0                                                       : edma.obj (.text.EDMA_configureChannelRegion)
                  701899b0    000000c0                                                       : soc_rcm.obj (.text.SOC_rcmGetPerHSDivOut)
                  70189a70    000000c0                                                       : uart_v0.obj (.text.UART_flushTxFifo)
                  70189b30    000000c0     nortos.am263px.r5f.ti-arm-clang.debug.lib : printf.obj (.text._out_rev)
                  70189bf0    000000be                                               : ClockP_nortos.obj (.text.ClockP_timerTickIsr)
                  70189cae    00000002     --HOLE-- [fill = 0]
                  70189cb0    000000be     ti_dpl_config.o (.text.TimerP_init)
                  70189d6e    00000002     --HOLE-- [fill = 0]
                  70189d70    000000ba     nortos.am263px.r5f.ti-arm-clang.debug.lib : ClockP_nortos.obj (.text.ClockP_stop)
                  70189e2a    00000006     --HOLE-- [fill = 0]
                  70189e30    000000ba     drivers.am263px.r5f.ti-arm-clang.nortos.debug.lib : ipc_notify_v1.obj (.text.IpcNotify_waitSync)
                  70189eea    00000006     --HOLE-- [fill = 0]
                  70189ef0    000000ba     gateway_shared.o (.text.gateway_write_motor_states)
                  70189faa    00000006     --HOLE-- [fill = 0]
                  70189fb0    000000ba     nortos.am263px.r5f.ti-arm-clang.debug.lib : PmuP_armv7r.obj (.text.pmu)
                  7018a06a    00000006     --HOLE-- [fill = 0]
                  7018a070    000000b0     drivers.am263px.r5f.ti-arm-clang.nortos.debug.lib : mcan.obj (.text.MCAN_writeMsgRam)
                  7018a120    000000b0                                                       : soc_rcm.obj (.text.SOC_rcmSetPeripheralClock)
                  7018a1d0    000000b0                                                       : uart_v0.obj (.text.UART_init)
                  7018a280    000000b0     imu_interface_isr.o (.text.imu_uart_isr)
                  7018a330    000000ae     drivers.am263px.r5f.ti-arm-clang.nortos.debug.lib : mcan.obj (.text.MCAN_getOffsetAddr)
                  7018a3de    00000002     --HOLE-- [fill = 0]
                  7018a3e0    000000ac     gateway_shared.o (.text.gateway_core1_wait_for_ready)
                  7018a48c    00000004     --HOLE-- [fill = 0]
                  7018a490    000000a8     nortos.am263px.r5f.ti-arm-clang.debug.lib : ClockP_nortos.obj (.text.ClockP_addToList)
                  7018a538    00000008     --HOLE-- [fill = 0]
                  7018a540    000000a8                                               : ClockP_nortos.obj (.text.ClockP_destruct)
                  7018a5e8    00000008     --HOLE-- [fill = 0]
                  7018a5f0    000000a8     ti_drivers_open_close.o (.text.Drivers_uartOpen)
                  7018a698    00000008     --HOLE-- [fill = 0]
                  7018a6a0    000000a0     drivers.am263px.r5f.ti-arm-clang.nortos.debug.lib : soc_rcm.obj (.text.SOC_rcmGetCoreHSDivOut)
                  7018a740    0000009e     gateway_shared.o (.text.gateway_core1_ipc_callback)
                  7018a7de    00000002     --HOLE-- [fill = 0]
                  7018a7e0    0000009e     main.o (.text.ipc_notify_callback_fxn)
                  7018a87e    00000002     --HOLE-- [fill = 0]
                  7018a880    0000009e     yis320_protocol.o (.text.validate_checksum)
                  7018a91e    00000002     --HOLE-- [fill = 0]
                  7018a920    0000009a     imu_interface_isr.o (.text.imu_uart_read)
                  7018a9ba    00000006     --HOLE-- [fill = 0]
                  7018a9c0    00000098     drivers.am263px.r5f.ti-arm-clang.nortos.debug.lib : ipc_notify_v1.obj (.text.IpcNotify_registerClient)
                  7018aa58    00000008     --HOLE-- [fill = 0]
                  7018aa60    00000096                                                       : uart_v0_lld.obj (.text.UART_subConfigTCRTLRModeEn)
                  7018aaf6    0000000a     --HOLE-- [fill = 0]
                  7018ab00    00000092     nortos.am263px.r5f.ti-arm-clang.debug.lib : ClockP_nortos.obj (.text.ClockP_getTimeUsec)
                  7018ab92    0000000e     --HOLE-- [fill = 0]
                  7018aba0    00000092     drivers.am263px.r5f.ti-arm-clang.nortos.debug.lib : edma.obj (.text.EDMA_unmapChToEvtQ)
                  7018ac32    0000000e     --HOLE-- [fill = 0]
                  7018ac40    00000092     motor_mapping.o (.text.float_to_uint)
                  7018acd2    0000000e     --HOLE-- [fill = 0]
                  7018ace0    00000092     yis320_protocol.o (.text.yis320_convert_to_ipc)
                  7018ad72    0000000e     --HOLE-- [fill = 0]
                  7018ad80    0000008c     drivers.am263px.r5f.ti-arm-clang.nortos.debug.lib : edma.obj (.text.EDMA_disableTransferRegion)
                  7018ae0c    00000004     --HOLE-- [fill = 0]
                  7018ae10    0000008c                                                       : edma.obj (.text.EDMA_enableTransferRegion)
                  7018ae9c    00000004     --HOLE-- [fill = 0]
                  7018aea0    00000088                                                       : uart_dma_edma.obj (.text.UART_edmaIsrRx)
                  7018af28    00000008     --HOLE-- [fill = 0]
                  7018af30    00000088                                                       : uart_dma_edma.obj (.text.UART_edmaIsrTx)
                  7018afb8    00000008     --HOLE-- [fill = 0]
                  7018afc0    00000086                                                       : uart_v0_lld.obj (.text.UART_lld_flushTxFifo)
                  7018b046    0000000a     --HOLE-- [fill = 0]
                  7018b050    00000086                                                       : uart_v0_lld.obj (.text.UART_tcrTlrBitValRestore)
                  7018b0d6    0000000a     --HOLE-- [fill = 0]
                  7018b0e0    00000082                                                       : edma.obj (.text.EDMA_allocDmaChannel)
                  7018b162    0000000e     --HOLE-- [fill = 0]
                  7018b170    00000082                                                       : edma.obj (.text.EDMA_allocParam)
                  7018b1f2    0000000e     --HOLE-- [fill = 0]
                  7018b200    00000082                                                       : edma.obj (.text.EDMA_allocTcc)
                  7018b282    0000000e     --HOLE-- [fill = 0]
                  7018b290    00000082                                                       : edma.obj (.text.EDMA_disableTccInShadowRegRegion)
                  7018b312    0000000e     --HOLE-- [fill = 0]
                  7018b320    00000082                                                       : edma.obj (.text.EDMA_enableTccInShadowRegRegion)
                  7018b3a2    0000000e     --HOLE-- [fill = 0]
                  7018b3b0    00000082                                                       : ipc_notify_v1.obj (.text.IpcNotify_syncAll)
                  7018b432    0000000e     --HOLE-- [fill = 0]
                  7018b440    00000082     imu_protocol_handler.o (.text.imu_protocol_manager_init)
                  7018b4c2    0000000e     --HOLE-- [fill = 0]
                  7018b4d0    00000080     drivers.am263px.r5f.ti-arm-clang.nortos.debug.lib : mcan.obj (.text.MCAN_addStdMsgIDFilter)
                  7018b550    00000080                                                       : uart_v0_lld.obj (.text.UART_moduleReset)
                  7018b5d0    0000007e     ti_drivers_config.o (.text.System_init)
                  7018b64e    00000002     --HOLE-- [fill = 0]
                  7018b650    0000007e     drivers.am263px.r5f.ti-arm-clang.nortos.debug.lib : uart_v0_lld.obj (.text.UART_readData)
                  7018b6ce    00000002     --HOLE-- [fill = 0]
                  7018b6d0    0000007c     nortos.am263px.r5f.ti-arm-clang.debug.lib : DebugP_log.obj (.text._DebugP_assert)
                  7018b74c    00000004     --HOLE-- [fill = 0]
                  7018b750    0000007c     gateway_shared.o (.text.gateway_ringbuf_core1_init)
                  7018b7cc    00000004     --HOLE-- [fill = 0]
                  7018b7d0    0000007a     drivers.am263px.r5f.ti-arm-clang.nortos.debug.lib : ipc_notify_v1.obj (.text.IpcNotify_mailboxWrite)
                  7018b84a    00000006     --HOLE-- [fill = 0]
                  7018b850    0000007a                                                       : uart_v0.obj (.text.UART_Params_init)
                  7018b8ca    00000006     --HOLE-- [fill = 0]
                  7018b8d0    00000078                                                       : edma.obj (.text.EDMA_linkChannel)
                  7018b948    00000008     --HOLE-- [fill = 0]
                  7018b950    00000074                                                       : uart_v0_lld.obj (.text.UART_IsBaseAddrValid)
                  7018b9c4    0000000c     --HOLE-- [fill = 0]
                  7018b9d0    00000072     nortos.am263px.r5f.ti-arm-clang.debug.lib : ClockP_nortos.obj (.text.ClockP_usleep)
                  7018ba42    0000000e     --HOLE-- [fill = 0]
                  7018ba50    00000072     drivers.am263px.r5f.ti-arm-clang.nortos.debug.lib : edma.obj (.text.EDMA_clrMissEvtRegion)
                  7018bac2    0000000e     --HOLE-- [fill = 0]
                  7018bad0    00000072                                                       : ipc_notify_v1.obj (.text.IpcNotify_makeMsg)
                  7018bb42    0000000e     --HOLE-- [fill = 0]
                  7018bb50    0000006e     yis320_protocol.o (.text.find_frame_header_limited)
                  7018bbbe    00000002     --HOLE-- [fill = 0]
                  7018bbc0    0000006a     drivers.am263px.r5f.ti-arm-clang.nortos.debug.lib : ipc_notify_v1.obj (.text.IpcNotify_mailboxReadSwQ)
                  7018bc2a    00000006     --HOLE-- [fill = 0]
                  7018bc30    00000068                                                       : edma.obj (.text.EDMA_getBaseAddr)
                  7018bc98    00000008     --HOLE-- [fill = 0]
                  7018bca0    00000068                                                       : uart_v0_lld.obj (.text.UART_divisorValCompute)
                  7018bd08    00000008     --HOLE-- [fill = 0]
                  7018bd10    00000068     imu_protocol_handler.o (.text.imu_protocol_get_state)
                  7018bd78    00000008     --HOLE-- [fill = 0]
                  7018bd80    00000064     drivers.am263px.r5f.ti-arm-clang.nortos.debug.lib : soc_rcm.obj (.text.SOC_rcmGetR5Clock)
                  7018bde4    0000000c     --HOLE-- [fill = 0]
                  7018bdf0    00000064                                                       : soc_rcm.obj (.text.SOC_rcmIsR5FInLockStepMode)
                  7018be54    0000000c     --HOLE-- [fill = 0]
                  7018be60    00000064                                                       : uart_v0_lld.obj (.text.UART_fifoRegisterWrite)
                  7018bec4    0000000c     --HOLE-- [fill = 0]
                  7018bed0    00000064                                                       : uart_v0_lld.obj (.text.UART_lld_deInitDma)
                  7018bf34    0000000c     --HOLE-- [fill = 0]
                  7018bf40    00000064     imu_protocol_handler.o (.text.imu_protocol_process_uart_rx)
                  7018bfa4    0000000c     --HOLE-- [fill = 0]
                  7018bfb0    00000062     drivers.am263px.r5f.ti-arm-clang.nortos.debug.lib : mcan.obj (.text.MCAN_enableIntr)
                  7018c012    0000000e     --HOLE-- [fill = 0]
                  7018c020    00000062                                                       : mcan.obj (.text.MCAN_initTxBufElement)
                  7018c082    0000000e     --HOLE-- [fill = 0]
                  7018c090    00000062                                                       : soc_rcm.obj (.text.SOC_rcmInsert16)
                  7018c0f2    0000000e     --HOLE-- [fill = 0]
                  7018c100    00000062     nortos.am263px.r5f.ti-arm-clang.debug.lib : SemaphoreP_nortos.obj (.text.SemaphoreP_post)
                  7018c162    0000000e     --HOLE-- [fill = 0]
                  7018c170    00000060     drivers.am263px.r5f.ti-arm-clang.nortos.debug.lib : mcan.obj (.text.MCAN_selectIntrLine)
                  7018c1d0    00000060                                                       : uart_v0_lld.obj (.text.UART_getChar)
                  7018c230    00000060                                                       : uart_v0_lld.obj (.text.UART_writeData)
                  7018c290    0000005e     yis320_protocol.o (.text.yis320_protocol_handler_init)
                  7018c2ee    00000002     --HOLE-- [fill = 0]
                  7018c2f0    0000005c     ti_power_clock_config.o (.text.Module_clockSetFrequency)
                  7018c34c    00000004     --HOLE-- [fill = 0]
                  7018c350    0000005c     drivers.am263px.r5f.ti-arm-clang.nortos.debug.lib : uart_v0_lld.obj (.text.UART_lld_deInit)
                  7018c3ac    00000004     --HOLE-- [fill = 0]
                  7018c3b0    0000005a                                                       : uart_v0_lld.obj (.text.UART_regConfigModeEnable)
                  7018c40a    00000006     --HOLE-- [fill = 0]
                  7018c410    00000058                                                       : soc_rcm.obj (.text.SOC_rcmGetModuleClkDivVal)
                  7018c468    00000008     --HOLE-- [fill = 0]
                  7018c470    00000058     yis320_protocol.o (.text.parse_angular_velocity)
                  7018c4c8    00000008     --HOLE-- [fill = 0]
                  7018c4d0    00000058     yis320_protocol.o (.text.parse_euler_angles)
                  7018c528    00000008     --HOLE-- [fill = 0]
                  7018c530    00000056     drivers.am263px.r5f.ti-arm-clang.nortos.debug.lib : uart_v0.obj (.text.UART_lld_readCompleteCallback)
                  7018c586    0000000a     --HOLE-- [fill = 0]
                  7018c590    00000056                                                       : uart_v0.obj (.text.UART_lld_writeCompleteCallback)
                  7018c5e6    0000000a     --HOLE-- [fill = 0]
                  7018c5f0    00000056     gateway_shared.o (.text.gateway_write_imu_state)
                  7018c646    0000000a     --HOLE-- [fill = 0]
                  7018c650    00000056     motor_mapping.o (.text.uint16_to_float)
                  7018c6a6    0000000a     --HOLE-- [fill = 0]
                  7018c6b0    00000056     yis320_protocol.o (.text.vtable_initialize)
                  7018c706    0000000a     --HOLE-- [fill = 0]
                  7018c710    00000054     ti_dpl_config.o (.text.Dpl_init)
                  7018c764    0000000c     --HOLE-- [fill = 0]
                  7018c770    00000054     drivers.am263px.r5f.ti-arm-clang.nortos.debug.lib : edma.obj (.text.EDMA_setPaRAM)
                  7018c7c4    0000000c     --HOLE-- [fill = 0]
                  7018c7d0    00000054                                                       : uart_v0_lld.obj (.text.UART_OperModeValid)
                  7018c824    0000000c     --HOLE-- [fill = 0]
                  7018c830    00000054     main.o (.text.main)
                  7018c884    00000054     libc.a : autoinit.c.obj (.text:__TI_auto_init_nobinit_nopinit)
                  7018c8d8    00000008     --HOLE-- [fill = 0]
                  7018c8e0    00000050     ti_drivers_open_close.o (.text.Drivers_uartClose)
                  7018c930    00000050     drivers.am263px.r5f.ti-arm-clang.nortos.debug.lib : pinmux.obj (.text.Pinmux_config)
                  7018c980    00000050                                                       : uart_v0_lld.obj (.text.UART_checkCharsAvailInFifo)
                  7018c9d0    0000004e     nortos.am263px.r5f.ti-arm-clang.debug.lib : DebugP_shmLogWriter.obj (.text.DebugP_shmLogWriterInit)
                  7018ca1e    00000002     --HOLE-- [fill = 0]
                  7018ca20    0000004e     drivers.am263px.r5f.ti-arm-clang.nortos.debug.lib : edma.obj (.text.EDMA_clrEvtRegion)
                  7018ca6e    00000002     --HOLE-- [fill = 0]
                  7018ca70    0000004e                                                       : edma.obj (.text.EDMA_disableDmaEvtRegion)
                  7018cabe    00000002     --HOLE-- [fill = 0]
                  7018cac0    0000004e                                                       : edma.obj (.text.EDMA_disableEvtIntrRegion)
                  7018cb0e    00000002     --HOLE-- [fill = 0]
                  7018cb10    0000004e                                                       : edma.obj (.text.EDMA_enableDmaEvtRegion)
                  7018cb5e    00000002     --HOLE-- [fill = 0]
                  7018cb60    0000004e                                                       : edma.obj (.text.EDMA_enableEvtIntrRegion)
                  7018cbae    00000002     --HOLE-- [fill = 0]
                  7018cbb0    0000004e                                                       : edma.obj (.text.EDMA_setEvtRegion)
                  7018cbfe    00000002     --HOLE-- [fill = 0]
                  7018cc00    0000004e                                                       : gpio.obj (.text.GPIO_setDirMode)
                  7018cc4e    00000002     --HOLE-- [fill = 0]
                  7018cc50    0000004e                                                       : mcan.obj (.text.MCAN_enableIntrLine)
                  7018cc9e    00000002     --HOLE-- [fill = 0]
                  7018cca0    0000004c     nortos.am263px.r5f.ti-arm-clang.debug.lib : ClockP_nortos.obj (.text.ClockP_construct)
                  7018ccec    00000004     --HOLE-- [fill = 0]
                  7018ccf0    0000004c     drivers.am263px.r5f.ti-arm-clang.nortos.debug.lib : edma.obj (.text.EDMA_ccPaRAMEntry_init)
                  7018cd3c    00000004     --HOLE-- [fill = 0]
                  7018cd40    0000004c                                                       : edma.obj (.text.EDMA_mapQdmaChToPaRAM)
                  7018cd8c    00000004     --HOLE-- [fill = 0]
                  7018cd90    0000004c                                                       : edma.obj (.text.EDMA_readEventStatusRegion)
                  7018cddc    00000004     --HOLE-- [fill = 0]
                  7018cde0    0000004c                                                       : ipc_notify_v1.obj (.text.IpcNotify_unregisterClient)
                  7018ce2c    00000004     --HOLE-- [fill = 0]
                  7018ce30    0000004c     ti_power_clock_config.o (.text.Module_clockEnable)
                  7018ce7c    00000004     --HOLE-- [fill = 0]
                  7018ce80    0000004c     gateway_shared.o (.text.gateway_update_stat)
                  7018cecc    0000004c     libc.a : memmov.c.obj (.text.memmove)
                  7018cf18    00000008     --HOLE-- [fill = 0]
                  7018cf20    0000004c     yis320_protocol.o (.text.parse_quaternion)
                  7018cf6c    00000004     --HOLE-- [fill = 0]
                  7018cf70    0000004c     main.o (.text.timerISR)
                  7018cfbc    00000004     --HOLE-- [fill = 0]
                  7018cfc0    0000004a     drivers.am263px.r5f.ti-arm-clang.nortos.debug.lib : ipc_notify_v1.obj (.text.IpcNotify_Params_init)
                  7018d00a    00000006     --HOLE-- [fill = 0]
                  7018d010    0000004a                                                       : soc_rcm.obj (.text.SOC_rcmGetCR5SysclkInFrequency)
                  7018d05a    00000006     --HOLE-- [fill = 0]
                  7018d060    0000004a                                                       : uart_v0_lld.obj (.text.UART_getIntrIdentityStatus)
                  7018d0aa    00000006     --HOLE-- [fill = 0]
                  7018d0b0    0000004a                                                       : uart_v0_lld.obj (.text.UART_lineCharConfig)
                  7018d0fa    00000006     --HOLE-- [fill = 0]
                  7018d100    0000004a     main.o (.text.motor_get_index)
                  7018d14a    00000006     --HOLE-- [fill = 0]
                  7018d150    00000048     can_interface.o (.text.CAN_RegisterRxCallback)
                  7018d198    00000008     --HOLE-- [fill = 0]
                  7018d1a0    00000048     drivers.am263px.r5f.ti-arm-clang.nortos.debug.lib : uart_v0_lld.obj (.text.UART_resetModule)
                  7018d1e8    00000008     --HOLE-- [fill = 0]
                  7018d1f0    00000046                                                       : uart_v0_lld.obj (.text.UART_i2310WA)
                  7018d236    0000000a     --HOLE-- [fill = 0]
                  7018d240    00000046                                                       : uart_v0_lld.obj (.text.UART_readLineStatus)
                  7018d286    0000000a     --HOLE-- [fill = 0]
                  7018d290    00000046     imu_protocol_handler.o (.text.imu_protocol_handler_init)
                  7018d2d6    0000000a     --HOLE-- [fill = 0]
                  7018d2e0    00000044     drivers.am263px.r5f.ti-arm-clang.nortos.debug.lib : ipc_notify_v1.obj (.text.IpcNotify_getWriteMailbox)
                  7018d324    0000000c     --HOLE-- [fill = 0]
                  7018d330    00000044                                                       : soc_rcm.obj (.text.SOC_rcmExtract8)
                  7018d374    0000000c     --HOLE-- [fill = 0]
                  7018d380    00000044                                                       : soc_rcm.obj (.text.SOC_rcmMake16)
                  7018d3c4    0000000c     --HOLE-- [fill = 0]
                  7018d3d0    00000044     nortos.am263px.r5f.ti-arm-clang.debug.lib : SemaphoreP_nortos.obj (.text.SemaphoreP_construct)
                  7018d414    0000000c     --HOLE-- [fill = 0]
                  7018d420    00000044                                               : DebugP_nortos.obj (.text._DebugP_logZone)
                  7018d464    0000000c     --HOLE-- [fill = 0]
                  7018d470    00000044                                               : printf.obj (.text._strnlen_s)
                  7018d4b4    0000000c     --HOLE-- [fill = 0]
                  7018d4c0    00000042                                               : ClockP_nortos.obj (.text.ClockP_start)
                  7018d502    0000000e     --HOLE-- [fill = 0]
                  7018d510    00000042     drivers.am263px.r5f.ti-arm-clang.nortos.debug.lib : uart_v0.obj (.text.UART_checkOpenParams)
                  7018d552    0000000e     --HOLE-- [fill = 0]
                  7018d560    00000040     imu_protocol_handler.o (.text.imu_protocol_update_state)
                  7018d5a0    0000003e     drivers.am263px.r5f.ti-arm-clang.nortos.debug.lib : pinmux.obj (.text.Pinmux_unlockMMR)
                  7018d5de    00000002     --HOLE-- [fill = 0]
                  7018d5e0    0000003e                                                       : uart_v0_lld.obj (.text.UART_IsHWFlowCtrlValid)
                  7018d61e    00000002     --HOLE-- [fill = 0]
                  7018d620    0000003e                                                       : uart_v0_lld.obj (.text.UART_spaceAvail)
                  7018d65e    00000002     --HOLE-- [fill = 0]
                  7018d660    0000003e     gateway_shared.o (.text.gateway_core1_init)
                  7018d69e    00000002     --HOLE-- [fill = 0]
                  7018d6a0    0000003e     gateway_shared.o (.text.gateway_update_heartbeat)
                  7018d6de    00000002     --HOLE-- [fill = 0]
                  7018d6e0    0000003c     drivers.am263px.r5f.ti-arm-clang.nortos.debug.lib : uart_v0_lld.obj (.text.UART_IsParityTypeValid)
                  7018d71c    00000004     --HOLE-- [fill = 0]
                  7018d720    0000003c                                                       : uart_v0_lld.obj (.text.UART_IsTxRxFifoEmpty)
                  7018d75c    00000004     --HOLE-- [fill = 0]
                  7018d760    0000003c                                                       : uart_v0_lld.obj (.text.UART_enhanFuncEnable)
                  7018d79c    00000004     --HOLE-- [fill = 0]
                  7018d7a0    0000003a                                                       : mcan.obj (.text.MCAN_txBufAddReq)
                  7018d7da    00000006     --HOLE-- [fill = 0]
                  7018d7e0    0000003a                                                       : soc.obj (.text.SOC_moduleSetClockFrequency)
                  7018d81a    00000006     --HOLE-- [fill = 0]
                  7018d820    0000003a     nortos.am263px.r5f.ti-arm-clang.debug.lib : printf.obj (.text._atoi)
                  7018d85a    00000006     --HOLE-- [fill = 0]
                  7018d860    0000003a     main.o (.text.init_1000hz_timer)
                  7018d89a    00000006     --HOLE-- [fill = 0]
                  7018d8a0    0000003a     nortos.am263px.r5f.ti-arm-clang.debug.lib : printf.obj (.text.snprintf_)
                  7018d8da    00000006     --HOLE-- [fill = 0]
                  7018d8e0    00000038     drivers.am263px.r5f.ti-arm-clang.nortos.debug.lib : soc.obj (.text.SOC_getCoreName)
                  7018d918    00000038     nortos.am263px.r5f.ti-arm-clang.debug.lib : PmuP_armv7r_asm.obj (.text.pmu)
                  7018d950    00000038     yis320_protocol.o (.text.vtable_is_connected)
                  7018d988    00000008     --HOLE-- [fill = 0]
                  7018d990    00000036     drivers.am263px.r5f.ti-arm-clang.nortos.debug.lib : edma.obj (.text.EDMA_getRegionId)
                  7018d9c6    0000000a     --HOLE-- [fill = 0]
                  7018d9d0    00000036     can_interface.o (.text.GPIO_pinWriteLow)
                  7018da06    0000000a     --HOLE-- [fill = 0]
                  7018da10    00000036     ti_drivers_config.o (.text.GPIO_pinWriteLow)
                  7018da46    0000000a     --HOLE-- [fill = 0]
                  7018da50    00000036     drivers.am263px.r5f.ti-arm-clang.nortos.debug.lib : ipc_notify_v1.obj (.text.IpcNotify_syncCallback)
                  7018da86    0000000a     --HOLE-- [fill = 0]
                  7018da90    00000034                                                       : mcan.obj (.text.MCAN_SsAddr)
                  7018dac4    0000000c     --HOLE-- [fill = 0]
                  7018dad0    00000034                                                       : mcan.obj (.text.MCAN_calcCfgAddr)
                  7018db04    0000000c     --HOLE-- [fill = 0]
                  7018db10    00000034                                                       : pinmux.obj (.text.Pinmux_lockMMR)
                  7018db44    0000000c     --HOLE-- [fill = 0]
                  7018db50    00000034     nortos.am263px.r5f.ti-arm-clang.debug.lib : TimerP_rti_priv.obj (.text.TimerP_Params_initPriv)
                  7018db84    0000000c     --HOLE-- [fill = 0]
                  7018db90    00000034     drivers.am263px.r5f.ti-arm-clang.nortos.debug.lib : uart_v0_lld.obj (.text.UART_IsDataLengthValid)
                  7018dbc4    0000000c     --HOLE-- [fill = 0]
                  7018dbd0    00000034     motor_mapping.o (.text.motor_get_config)
                  7018dc04    0000000c     --HOLE-- [fill = 0]
                  7018dc10    00000032     drivers.am263px.r5f.ti-arm-clang.nortos.debug.lib : mcan.obj (.text.HW_WR_FIELD32_RAW)
                  7018dc42    0000000e     --HOLE-- [fill = 0]
                  7018dc50    00000032                                                       : uart_v0_lld.obj (.text.HW_WR_FIELD32_RAW)
                  7018dc82    0000000e     --HOLE-- [fill = 0]
                  7018dc90    00000032                                                       : ipc_notify_v1.obj (.text.IpcNotify_mailboxIsPendingIntr)
                  7018dcc2    0000000e     --HOLE-- [fill = 0]
                  7018dcd0    00000032                                                       : mcan.obj (.text.MCAN_isMemInitDone)
                  7018dd02    0000000e     --HOLE-- [fill = 0]
                  7018dd10    00000032     nortos.am263px.r5f.ti-arm-clang.debug.lib : TimerP_rti_priv.obj (.text.TimerP_getCountPriv)
                  7018dd42    0000000e     --HOLE-- [fill = 0]
                  7018dd50    00000032     drivers.am263px.r5f.ti-arm-clang.nortos.debug.lib : uart_v0_lld.obj (.text.UART_enhanFuncBitValRestore)
                  7018dd82    0000000e     --HOLE-- [fill = 0]
                  7018dd90    00000032                                                       : uart_v0_lld.obj (.text.UART_hardwareFlowCtrlOptSet)
                  7018ddc2    0000000e     --HOLE-- [fill = 0]
                  7018ddd0    00000030                                                       : ipc_notify_v1.obj (.text.IpcNotify_getReadSwQ)
                  7018de00    00000030                                                       : uart_v0_lld.obj (.text.UART_flowCtrlTrigLvlConfig)
                  7018de30    00000030     gateway_shared.o (.text.gateway_signal_motor_config_ready)
                  7018de60    0000002e     drivers.am263px.r5f.ti-arm-clang.nortos.debug.lib : uart_dma_edma.obj (.text.UART_lld_dmaInit)
                  7018de8e    00000002     --HOLE-- [fill = 0]
                  7018de90    0000002e     nortos.am263px.r5f.ti-arm-clang.debug.lib : printf.obj (.text._is_digit)
                  7018debe    00000002     --HOLE-- [fill = 0]
                  7018dec0    0000002c                                               : DebugP_log.obj (.text.DebugP_logZoneEnable)
                  7018deec    00000004     --HOLE-- [fill = 0]
                  7018def0    0000002c     drivers.am263px.r5f.ti-arm-clang.nortos.debug.lib : ipc_notify_v1.obj (.text.IpcNotify_getReadMailbox)
                  7018df1c    00000004     --HOLE-- [fill = 0]
                  7018df20    0000002c                                                       : mcan.obj (.text.MCAN_clearNewDataStatus)
                  7018df4c    00000004     --HOLE-- [fill = 0]
                  7018df50    0000002c                                                       : mcan.obj (.text.MCAN_getNewDataStatus)
                  7018df7c    00000004     --HOLE-- [fill = 0]
                  7018df80    0000002c     nortos.am263px.r5f.ti-arm-clang.debug.lib : SemaphoreP_nortos.obj (.text.SemaphoreP_constructBinary)
                  7018dfac    00000004     --HOLE-- [fill = 0]
                  7018dfb0    0000002c     yis320_protocol.o (.text.vtable_deinit)
                  7018dfdc    00000004     --HOLE-- [fill = 0]
                  7018dfe0    0000002a     nortos.am263px.r5f.ti-arm-clang.debug.lib : ClockP_nortos.obj (.text.ClockP_sleepTicks)
                  7018e00a    00000006     --HOLE-- [fill = 0]
                  7018e010    0000002a     drivers.am263px.r5f.ti-arm-clang.nortos.debug.lib : uart_v0_lld.obj (.text.UART_intr2Disable)
                  7018e03a    00000006     --HOLE-- [fill = 0]
                  7018e040    0000002a                                                       : uart_v0_lld.obj (.text.UART_operatingModeSelect)
                  7018e06a    00000006     --HOLE-- [fill = 0]
                  7018e070    0000002a     imu_protocol_handler.o (.text.imu_process_rx_data)
                  7018e09a    00000006     --HOLE-- [fill = 0]
                  7018e0a0    00000028     nortos.am263px.r5f.ti-arm-clang.debug.lib : CpuId_armv7r.obj (.text.CSL_armR5GetCpuID)
                  7018e0c8    00000008     --HOLE-- [fill = 0]
                  7018e0d0    00000028                                               : printf.obj (.text.vprintf_)
                  7018e0f8    00000008     --HOLE-- [fill = 0]
                  7018e100    00000026     drivers.am263px.r5f.ti-arm-clang.nortos.debug.lib : edma.obj (.text.EDMA_disableQdmaEvtRegion)
                  7018e126    0000000a     --HOLE-- [fill = 0]
                  7018e130    00000026                                                       : edma.obj (.text.EDMA_enableQdmaEvtRegion)
                  7018e156    0000000a     --HOLE-- [fill = 0]
                  7018e160    00000026                                                       : edma.obj (.text.EDMA_validateIntrObject)
                  7018e186    0000000a     --HOLE-- [fill = 0]
                  7018e190    00000026     ti_drivers_config.o (.text.IpcNotify_allocSwQueue)
                  7018e1b6    0000000a     --HOLE-- [fill = 0]
                  7018e1c0    00000026     nortos.am263px.r5f.ti-arm-clang.debug.lib : printf.obj (.text._out_buffer)
                  7018e1e6    0000000a     --HOLE-- [fill = 0]
                  7018e1f0    00000024     ti_drivers_config.o (.text.IpcNotify_getConfig)
                  7018e214    0000000c     --HOLE-- [fill = 0]
                  7018e220    00000024     nortos.am263px.r5f.ti-arm-clang.debug.lib : SemaphoreP_nortos.obj (.text.SemaphoreP_constructMutex)
                  7018e244    0000000c     --HOLE-- [fill = 0]
                  7018e250    00000024     drivers.am263px.r5f.ti-arm-clang.nortos.debug.lib : uart_v0_lld.obj (.text.UART_IsRxTrigLvlValid)
                  7018e274    0000000c     --HOLE-- [fill = 0]
                  7018e280    00000024                                                       : uart_v0_lld.obj (.text.UART_IsStopBitsValid)
                  7018e2a4    0000000c     --HOLE-- [fill = 0]
                  7018e2b0    00000024                                                       : uart_v0_lld.obj (.text.UART_IsTxTrigLvlValid)
                  7018e2d4    0000000c     --HOLE-- [fill = 0]
                  7018e2e0    00000024                                                       : uart_v0.obj (.text.UART_getBaseAddr)
                  7018e304    00000024     libclang_rt.builtins.a : aeabi_uldivmod.S.obj (.text.__aeabi_uldivmod)
                  7018e328    00000008     --HOLE-- [fill = 0]
                  7018e330    00000024     nortos.am263px.r5f.ti-arm-clang.debug.lib : printf.obj (.text._out_char)
                  7018e354    0000000c     --HOLE-- [fill = 0]
                  7018e360    00000022     drivers.am263px.r5f.ti-arm-clang.nortos.debug.lib : edma.obj (.text.EDMA_channelToParamMap)
                  7018e382    0000000e     --HOLE-- [fill = 0]
                  7018e390    00000022     gateway_shared.o (.text.gateway_ringbuf_core1_receive)
                  7018e3b2    0000000e     --HOLE-- [fill = 0]
                  7018e3c0    00000020     nortos.am263px.r5f.ti-arm-clang.debug.lib : ClockP_nortos.obj (.text.ClockP_isActive)
                  7018e3e0    00000020                                               : ClockP_nortos.obj (.text.ClockP_usecToTicks)
                  7018e400    00000020     drivers.am263px.r5f.ti-arm-clang.nortos.debug.lib : mcan.obj (.text.HW_RD_FIELD32_RAW)
                  7018e420    00000020                                                       : uart_v0_lld.obj (.text.HW_RD_FIELD32_RAW)
                  7018e440    0000001e     nortos.am263px.r5f.ti-arm-clang.debug.lib : ClockP_nortos.obj (.text.ClockP_Params_init)
                  7018e45e    00000002     --HOLE-- [fill = 0]
                  7018e460    0000001e     drivers.am263px.r5f.ti-arm-clang.nortos.debug.lib : edma.obj (.text.EDMA_getEventStatusHigh)
                  7018e47e    00000002     --HOLE-- [fill = 0]
                  7018e480    0000001e                                                       : mcan.obj (.text.MCAN_setOpMode)
                  7018e49e    00000002     --HOLE-- [fill = 0]
                  7018e4a0    0000001e                                                       : soc.obj (.text.SOC_getSelfCpuClk)
                  7018e4be    00000002     --HOLE-- [fill = 0]
                  7018e4c0    0000001e                                                       : soc.obj (.text.SOC_moduleClockEnable)
                  7018e4de    00000002     --HOLE-- [fill = 0]
                  7018e4e0    0000001e     ti_dpl_config.o (.text.TimerP_isr0)
                  7018e4fe    00000002     --HOLE-- [fill = 0]
                  7018e500    0000001e     drivers.am263px.r5f.ti-arm-clang.nortos.debug.lib : uart_v0_lld.obj (.text.UART_breakCtl)
                  7018e51e    00000002     --HOLE-- [fill = 0]
                  7018e520    0000001e                                                       : uart_v0_lld.obj (.text.UART_lld_Transaction_deInit)
                  7018e53e    00000002     --HOLE-- [fill = 0]
                  7018e540    0000001c                                                       : edma.obj (.text.EDMA_getEventStatus)
                  7018e55c    00000004     --HOLE-- [fill = 0]
                  7018e560    0000001c                                                       : mcan.obj (.text.MCAN_writeProtectedRegAccessLock)
                  7018e57c    00000004     --HOLE-- [fill = 0]
                  7018e580    0000001c                                                       : mcan.obj (.text.MCAN_writeProtectedRegAccessUnlock)
                  7018e59c    00000004     --HOLE-- [fill = 0]
                  7018e5a0    0000001c                                                       : uart_v0_lld.obj (.text.UART_IsParameter)
                  7018e5bc    0000001c     libc.a : memcpy32.S.obj (.text:TI_memcpy_small)
                  7018e5d8    00000008     --HOLE-- [fill = 0]
                  7018e5e0    0000001a     drivers.am263px.r5f.ti-arm-clang.nortos.debug.lib : mcan.obj (.text.MCAN_clearIntrStatus)
                  7018e5fa    00000006     --HOLE-- [fill = 0]
                  7018e600    0000001a                                                       : mcan.obj (.text.MCAN_getOpMode)
                  7018e61a    00000006     --HOLE-- [fill = 0]
                  7018e620    0000001a                                                       : uart_v0_lld.obj (.text.UART_fifoCharGet)
                  7018e63a    00000006     --HOLE-- [fill = 0]
                  7018e640    0000001a                                                       : uart_v0_lld.obj (.text.UART_timeGuardConfig)
                  7018e65a    00000006     --HOLE-- [fill = 0]
                  7018e660    00000018     nortos.am263px.r5f.ti-arm-clang.debug.lib : ClockP_nortos.obj (.text.ClockP_ticksToUsec)
                  7018e678    00000008     --HOLE-- [fill = 0]
                  7018e680    00000018     drivers.am263px.r5f.ti-arm-clang.nortos.debug.lib : edma.obj (.text.EDMA_isInterruptEnabled)
                  7018e698    00000008     --HOLE-- [fill = 0]
                  7018e6a0    00000018                                                       : ipc_notify_v1.obj (.text.IpcNotify_mailboxClearAllInt)
                  7018e6b8    00000008     --HOLE-- [fill = 0]
                  7018e6c0    00000018                                                       : ipc_notify_v1_cfg.obj (.text.IpcNotify_trigInterrupt)
                  7018e6d8    00000008     --HOLE-- [fill = 0]
                  7018e6e0    00000018     nortos.am263px.r5f.ti-arm-clang.debug.lib : SemaphoreP_nortos.obj (.text.SemaphoreP_Params_init)
                  7018e6f8    00000008     --HOLE-- [fill = 0]
                  7018e700    00000018                                               : TimerP_rti_priv.obj (.text.TimerP_getReloadCountPriv)
                  7018e718    00000008     --HOLE-- [fill = 0]
                  7018e720    00000018     drivers.am263px.r5f.ti-arm-clang.nortos.debug.lib : uart_v0_lld.obj (.text.UART_divisorLatchDisable)
                  7018e738    00000008     --HOLE-- [fill = 0]
                  7018e740    00000018                                                       : uart_v0_lld.obj (.text.UART_modemControlReset)
                  7018e758    00000008     --HOLE-- [fill = 0]
                  7018e760    00000018                                                       : uart_v0_lld.obj (.text.UART_putChar)
                  7018e778    00000018     libc.a : memset32.S.obj (.text:TI_memset_small)
                  7018e790    00000016     drivers.am263px.r5f.ti-arm-clang.nortos.debug.lib : ipc_notify_v1.obj (.text.IpcNotify_sendSync)
                  7018e7a6    0000000a     --HOLE-- [fill = 0]
                  7018e7b0    00000016                                                       : mcan.obj (.text.MCAN_getIntrStatus)
                  7018e7c6    0000000a     --HOLE-- [fill = 0]
                  7018e7d0    00000016     nortos.am263px.r5f.ti-arm-clang.debug.lib : TimerP_rti_priv.obj (.text.TimerP_startPriv)
                  7018e7e6    0000000a     --HOLE-- [fill = 0]
                  7018e7f0    00000016                                               : TimerP_rti_priv.obj (.text.TimerP_stopPriv)
                  7018e806    0000000a     --HOLE-- [fill = 0]
                  7018e810    00000016     drivers.am263px.r5f.ti-arm-clang.nortos.debug.lib : uart_v0_lld.obj (.text.UART_divideRoundCloset)
                  7018e826    0000000a     --HOLE-- [fill = 0]
                  7018e830    00000016                                                       : uart_v0_lld.obj (.text.UART_regConfModeRestore)
                  7018e846    0000000a     --HOLE-- [fill = 0]
                  7018e850    00000014                                                       : edma.obj (.text.HW_WR_REG16_RAW)
                  7018e864    0000000c     --HOLE-- [fill = 0]
                  7018e870    00000014                                                       : ipc_notify_v1.obj (.text.IpcNotify_mailboxClearPendingIntr)
                  7018e884    0000000c     --HOLE-- [fill = 0]
                  7018e890    00000014                                                       : soc_rcm.obj (.text.SOC_rcmGetModuleClkDivFromRegVal)
                  7018e8a4    0000000c     --HOLE-- [fill = 0]
                  7018e8b0    00000014     nortos.am263px.r5f.ti-arm-clang.debug.lib : TimerP_rti_priv.obj (.text.TimerP_clearOverflowIntPriv)
                  7018e8c4    0000000c     --HOLE-- [fill = 0]
                  7018e8d0    00000014                                               : TimerP_rti_nortos.obj (.text.TimerP_setup)
                  7018e8e4    0000000c     --HOLE-- [fill = 0]
                  7018e8f0    00000014     ti_dpl_config.o (.text.putchar_)
                  7018e904    0000000c     --HOLE-- [fill = 0]
                  7018e910    00000012     ti_pinmux_config.o (.text.Pinmux_init)
                  7018e922    0000000e     --HOLE-- [fill = 0]
                  7018e930    00000012     gateway_shared.o (.text.gateway_check_emergency_stop)
                  7018e942    0000000e     --HOLE-- [fill = 0]
                  7018e950    00000012     imu_protocol_handler.o (.text.imu_initialize)
                  7018e962    0000000e     --HOLE-- [fill = 0]
                  7018e970    00000012     imu_interface_isr.o (.text.imu_uart_is_initialized)
                  7018e982    0000000e     --HOLE-- [fill = 0]
                  7018e990    00000012     yis320_protocol.o (.text.yis320_get_timestamp_ms)
                  7018e9a2    0000000e     --HOLE-- [fill = 0]
                  7018e9b0    00000010     can_interface.o (.text.CSL_REG32_WR_RAW)
                  7018e9c0    00000010     drivers.am263px.r5f.ti-arm-clang.nortos.debug.lib : pinmux.obj (.text.CSL_REG32_WR_RAW)
                  7018e9d0    00000010                                                       : soc.obj (.text.CSL_REG32_WR_RAW)
                  7018e9e0    00000010     ti_drivers_config.o (.text.CSL_REG32_WR_RAW)
                  7018e9f0    00000010     nortos.am263px.r5f.ti-arm-clang.debug.lib : ClockP_nortos_r5.obj (.text.ClockP_getTimerCount)
                  7018ea00    00000010                                               : ClockP_nortos_r5.obj (.text.ClockP_timerClearOverflowInt)
                  7018ea10    00000010     drivers.am263px.r5f.ti-arm-clang.nortos.debug.lib : edma.obj (.text.HW_RD_REG32_RAW)
                  7018ea20    00000010                                                       : mcan.obj (.text.HW_RD_REG32_RAW)
                  7018ea30    00000010                                                       : uart_v0_lld.obj (.text.HW_RD_REG32_RAW)
                  7018ea40    00000010                                                       : edma.obj (.text.HW_WR_REG32_RAW)
                  7018ea50    00000010                                                       : mcan.obj (.text.HW_WR_REG32_RAW)
                  7018ea60    00000010                                                       : uart_v0_lld.obj (.text.HW_WR_REG32_RAW)
                  7018ea70    00000010                                                       : ipc_notify_v1.obj (.text.IpcNotify_mailboxGetPendingIntr)
                  7018ea80    00000010     nortos.am263px.r5f.ti-arm-clang.debug.lib : TimerP_rti_nortos.obj (.text.TimerP_Params_init)
                  7018ea90    00000010                                               : TimerP_rti_nortos.obj (.text.TimerP_clearOverflowInt)
                  7018eaa0    00000010                                               : TimerP_rti_nortos.obj (.text.TimerP_getCount)
                  7018eab0    00000010                                               : TimerP_rti_nortos.obj (.text.TimerP_getReloadCount)
                  7018eac0    00000010                                               : TimerP_rti_nortos.obj (.text.TimerP_start)
                  7018ead0    00000010                                               : printf.obj (.text._out_null)
                  7018eae0    00000010     gateway_shared.o (.text.gateway_notify_imu_ready)
                  7018eaf0    00000010     gateway_shared.o (.text.gateway_notify_states_ready)
                  7018eb00    0000000e     yis320_protocol.o (.text.yis320_uart_configure)
                  7018eb0e    00000002     --HOLE-- [fill = 0]
                  7018eb10    0000000c     ti_board_open_close.o (.text.Board_driversOpen)
                  7018eb1c    00000004     --HOLE-- [fill = 0]
                  7018eb20    0000000c     nortos.am263px.r5f.ti-arm-clang.debug.lib : ClockP_nortos.obj (.text.ClockP_getTicks)
                  7018eb2c    00000004     --HOLE-- [fill = 0]
                  7018eb30    0000000c     ti_drivers_open_close.o (.text.Drivers_open)
                  7018eb3c    00000004     --HOLE-- [fill = 0]
                  7018eb40    0000000c     ti_power_clock_config.o (.text.PowerClock_init)
                  7018eb4c    00000004     --HOLE-- [fill = 0]
                  7018eb50    0000000c     yis320_protocol.o (.text.vtable_read_data)
                  7018eb5c    00000004     --HOLE-- [fill = 0]
                  7018eb60    0000000a     nortos.am263px.r5f.ti-arm-clang.debug.lib : HwiP_armv7r_vim.obj (.text.Hwip_dataAndInstructionBarrier)
                  7018eb6a    00000006     --HOLE-- [fill = 0]
                  7018eb70    0000000a     drivers.am263px.r5f.ti-arm-clang.nortos.debug.lib : ipc_notify_v1.obj (.text.IpcNotify_dataAndInstructionBarrier)
                  7018eb7a    00000006     --HOLE-- [fill = 0]
                  7018eb80    0000000a                                                       : soc_rcm.obj (.text.SOC_rcmGetBaseAddressMSSRCM)
                  7018eb8a    00000006     --HOLE-- [fill = 0]
                  7018eb90    0000000a                                                       : uart_dma_edma.obj (.text.UART_edmaDoNothing)
                  7018eb9a    00000006     --HOLE-- [fill = 0]
                  7018eba0    0000000a     gateway_shared.o (.text.gateway_memory_barrier)
                  7018ebaa    00000006     --HOLE-- [fill = 0]
                  7018ebb0    0000000a     gateway_shared.o (.text.ringbuf_get_ptr)
                  7018ebba    00000006     --HOLE-- [fill = 0]
                  7018ebc0    00000008     ti_drivers_config.o (.text.Drivers_uartInit)
                  7018ebc8    00000008     --HOLE-- [fill = 0]
                  7018ebd0    00000008     drivers.am263px.r5f.ti-arm-clang.nortos.debug.lib : soc_rcm.obj (.text.SOC_rcmGetBaseAddressMSSCTRL)
                  7018ebd8    00000008     --HOLE-- [fill = 0]
                  7018ebe0    00000008                                                       : soc_rcm.obj (.text.SOC_rcmGetBaseAddressTOPRCM)
                  7018ebe8    00000008     --HOLE-- [fill = 0]
                  7018ebf0    00000008     nortos.am263px.r5f.ti-arm-clang.debug.lib : SemaphoreP_nortos.obj (.text.SemaphoreP_destruct)
                  7018ebf8    00000008     --HOLE-- [fill = 0]
                  7018ec00    00000002     ti_board_open_close.o (.text.Board_driversClose)
                  7018ec02    0000000e     --HOLE-- [fill = 0]
                  7018ec10    00000002     ti_board_config.o (.text.Board_init)
                  7018ec12    0000000e     --HOLE-- [fill = 0]
                  7018ec20    00000002     ti_drivers_open_close.o (.text.Drivers_mcanOpen)
                  7018ec22    0000000e     --HOLE-- [fill = 0]
                  7018ec30    00000002     drivers.am263px.r5f.ti-arm-clang.nortos.debug.lib : ipc_notify_v1_cfg.obj (.text.IpcNotify_wait)
                  7018ec32    0000000e     --HOLE-- [fill = 0]
                  7018ec40    00000002     nortos.am263px.r5f.ti-arm-clang.debug.lib : TaskP_nortos.obj (.text.TaskP_yield)
                  7018ec42    0000000e     --HOLE-- [fill = 0]

.rodata    0    7018ec50    00002448     
                  7018ec50    00000450     motor_mapping.o (.rodata.motor_config_table)
                  7018f0a0    00000084     ti_dpl_config.o (.rodata.cfg)
                  7018f124    0000005e     main.o (.rodata.str1.15996357275703397564.1)
                  7018f182    00000006     drivers.am263px.r5f.ti-arm-clang.nortos.debug.lib : soc_rcm.obj (.rodata.str1.12246138248821672736.1)
                  7018f188    00000050     nortos.am263px.r5f.ti-arm-clang.debug.lib : printf.obj (.rodata._ftoa.pow10)
                  7018f1d8    0000004d     gateway_shared.o (.rodata.str1.3223734256326991069.1)
                  7018f225    0000004c     main.o (.rodata.str1.10224226614597680209.1)
                  7018f271    0000004c     main.o (.rodata.str1.11121730273200050387.1)
                  7018f2bd    0000004a     main.o (.rodata.str1.10720410773482754683.1)
                  7018f307    00000049     can_interface.o (.rodata.str1.2401924719955226879.1)
                  7018f350    00000048     drivers.am263px.r5f.ti-arm-clang.nortos.debug.lib : soc_rcm.obj (.rodata.gADPLLJConfigTbl)
                  7018f398    00000048     main.o (.rodata.str1.4787932902692149498.1)
                  7018f3e0    00000045     can_interface.o (.rodata.str1.17857559882412085052.1)
                  7018f425    00000045     main.o (.rodata.str1.2563708670032483588.1)
                  7018f46a    00000043     main.o (.rodata.str1.10313062130652730376.1)
                  7018f4ad    00000042     main.o (.rodata.str1.11321157723316767883.1)
                  7018f4ef    00000042     main.o (.rodata.str1.11702106008850790973.1)
                  7018f531    00000041     main.o (.rodata.str1.16265332423659789559.1)
                  7018f572    00000002     drivers.am263px.r5f.ti-arm-clang.nortos.debug.lib : soc_rcm.obj (.rodata.gCR5ClkSrcInfoMap)
                  7018f574    00000040                                                       : mcan.obj (.rodata.gDataSize)
                  7018f5b4    00000040                                                       : ipc_notify_v1.obj (.rodata.str1.10118846006578224169.1)
                  7018f5f4    00000040     main.o (.rodata.str1.13030671760666898970.1)
                  7018f634    00000040     gateway_shared.o (.rodata.str1.1309647279537151951.1)
                  7018f674    0000003f     main.o (.rodata.str1.16302215771116645891.1)
                  7018f6b3    0000003e     imu_interface_isr.o (.rodata.str1.2252785669688110604.1)
                  7018f6f1    0000003d     nortos.am263px.r5f.ti-arm-clang.debug.lib : TimerP_rti_priv.obj (.rodata.str1.11388379688747141303.1)
                  7018f72e    0000003d     main.o (.rodata.str1.13782249893155712474.1)
                  7018f76b    0000003d     main.o (.rodata.str1.3292798375424520613.1)
                  7018f7a8    0000003c     main.o (.rodata.str1.8108965883388295311.1)
                  7018f7e4    0000003b     can_interface.o (.rodata.str1.13886886582160776261.1)
                  7018f81f    00000039     can_interface.o (.rodata.str1.13942422985958650841.1)
                  7018f858    00000039     can_interface.o (.rodata.str1.15906871730334742222.1)
                  7018f891    00000039     can_interface.o (.rodata.str1.16770118065840302171.1)
                  7018f8ca    00000038     gateway_shared.o (.rodata.str1.8694082244888993162.1)
                  7018f902    00000038     imu_interface_isr.o (.rodata.str1.9168798226845388136.1)
                  7018f93a    00000037     gateway_shared.o (.rodata.str1.10638658715010209595.1)
                  7018f971    00000037     can_interface.o (.rodata.str1.17102373369105828453.1)
                  7018f9a8    00000037     main.o (.rodata.str1.3530083166107438000.1)
                  7018f9df    00000037     gateway_shared.o (.rodata.str1.5629998949668554045.1)
                  7018fa16    00000036     can_interface.o (.rodata.str1.10186677634541030339.1)
                  7018fa4c    00000036     imu_interface_isr.o (.rodata.str1.13916086747295221358.1)
                  7018fa82    00000036     can_interface.o (.rodata.str1.15146467347084621569.1)
                  7018fab8    00000035     can_interface.o (.rodata.str1.11434220007320834734.1)
                  7018faed    00000035     main.o (.rodata.str1.16631870348416990953.1)
                  7018fb22    00000035     can_interface.o (.rodata.str1.6692020027550076815.1)
                  7018fb57    00000035     ti_drivers_open_close.o (.rodata.str1.871795152488895636.1)
                  7018fb8c    00000035     main.o (.rodata.str1.9059077390166914652.1)
                  7018fbc1    00000034     main.o (.rodata.str1.10865113624938808685.1)
                  7018fbf5    00000034     main.o (.rodata.str1.13288086030101331538.1)
                  7018fc29    00000034     main.o (.rodata.str1.14112174005742061988.1)
                  7018fc5d    00000034     main.o (.rodata.str1.17376258722486336754.1)
                  7018fc91    00000034     main.o (.rodata.str1.18092426736022315238.1)
                  7018fcc5    00000034     main.o (.rodata.str1.6891813955777630061.1)
                  7018fcf9    00000033     can_interface.o (.rodata.str1.13538652865395202372.1)
                  7018fd2c    00000033     main.o (.rodata.str1.14032527501195285070.1)
                  7018fd5f    00000033     main.o (.rodata.str1.14712910685067215323.1)
                  7018fd92    00000033     can_interface.o (.rodata.str1.2569929632086669665.1)
                  7018fdc5    00000033     main.o (.rodata.str1.2624144126699937905.1)
                  7018fdf8    00000033     main.o (.rodata.str1.403738606202455663.1)
                  7018fe2b    00000032     can_interface.o (.rodata.str1.2296911319530636772.1)
                  7018fe5d    00000031     can_interface.o (.rodata.str1.4211222669969280216.1)
                  7018fe8e    00000031     gateway_shared.o (.rodata.str1.6121471336334202706.1)
                  7018febf    00000031     motor_mapping.o (.rodata.str1.8787205977826144616.1)
                  7018fef0    00000030     can_interface.o (.rodata.str1.10130696897761414469.1)
                  7018ff20    00000030     can_interface.o (.rodata.str1.2167712102046818855.1)
                  7018ff50    00000030     imu_interface_isr.o (.rodata.str1.4417852805959727765.1)
                  7018ff80    00000030     main.o (.rodata.str1.8154729771448623357.1)
                  7018ffb0    00000030     main.o (.rodata.str1.8428454045432808059.1)
                  7018ffe0    0000002f     main.o (.rodata.str1.11870794119293528247.1)
                  7019000f    0000002f     can_interface.o (.rodata.str1.15094798983471906066.1)
                  7019003e    0000002f     gateway_shared.o (.rodata.str1.3129942817937968154.1)
                  7019006d    0000002f     main.o (.rodata.str1.6554448696319176064.1)
                  7019009c    0000002f     drivers.am263px.r5f.ti-arm-clang.nortos.debug.lib : ipc_notify_v1.obj (.rodata.str1.9418228565027791152.1)
                  701900cb    0000002e     can_interface.o (.rodata.str1.11024350005305706282.1)
                  701900f9    0000002e     gateway_shared.o (.rodata.str1.11051107022181534624.1)
                  70190127    0000002e     main.o (.rodata.str1.14079361385603432444.1)
                  70190155    0000002e     main.o (.rodata.str1.625103348304617710.1)
                  70190183    0000002e     main.o (.rodata.str1.7996925722583989644.1)
                  701901b1    0000002e     gateway_shared.o (.rodata.str1.9859227269409816370.1)
                  701901df    0000002d     main.o (.rodata.str1.14466178792657420020.1)
                  7019020c    0000002d     can_interface.o (.rodata.str1.150960857071891705.1)
                  70190239    0000002d     main.o (.rodata.str1.2597068879322958637.1)
                  70190266    0000002d     main.o (.rodata.str1.5043408953494467246.1)
                  70190293    0000002d     can_interface.o (.rodata.str1.6401568125276999251.1)
                  701902c0    0000002d     can_interface.o (.rodata.str1.6531933829109918715.1)
                  701902ed    0000002c     can_interface.o (.rodata.str1.14845445665763636722.1)
                  70190319    0000002c     main.o (.rodata.str1.2763581881760962609.1)
                  70190345    0000002c     gateway_shared.o (.rodata.str1.7167262159681625771.1)
                  70190371    0000002b     main.o (.rodata.str1.18227636981041470289.1)
                  7019039c    0000002b     can_interface.o (.rodata.str1.3858671167962548137.1)
                  701903c7    0000002b     can_interface.o (.rodata.str1.5571669369711139161.1)
                  701903f2    0000002a     can_interface.o (.rodata.str1.17855712168153945246.1)
                  7019041c    0000002a     nortos.am263px.r5f.ti-arm-clang.debug.lib : DebugP_log.obj (.rodata.str1.227947788441500939.1)
                  70190446    0000002a     main.o (.rodata.str1.2846389346932560359.1)
                  70190470    0000002a     main.o (.rodata.str1.8096991282711418442.1)
                  7019049a    00000029     main.o (.rodata.str1.11777244287787065045.1)
                  701904c3    00000029     imu_interface_isr.o (.rodata.str1.15503275091179387347.1)
                  701904ec    00000029     can_interface.o (.rodata.str1.357542981605220142.1)
                  70190515    00000029     main.o (.rodata.str1.39260288392874984.1)
                  7019053e    00000029     can_interface.o (.rodata.str1.6910353934698693424.1)
                  70190567    00000029     can_interface.o (.rodata.str1.7679921882182829519.1)
                  70190590    00000029     main.o (.rodata.str1.8076846746581808073.1)
                  701905b9    00000028     main.o (.rodata.str1.11822182024223342093.1)
                  701905e1    00000028     main.o (.rodata.str1.1311392489248731986.1)
                  70190609    00000028     main.o (.rodata.str1.15159059442110792349.1)
                  70190631    00000027     nortos.am263px.r5f.ti-arm-clang.debug.lib : ClockP_nortos_r5.obj (.rodata.str1.12743090444791882666.1)
                  70190658    00000027     main.o (.rodata.str1.17045314124001216156.1)
                  7019067f    00000027     main.o (.rodata.str1.7784929982665794503.1)
                  701906a6    00000026     can_interface.o (.rodata.str1.14406550278730177052.1)
                  701906cc    00000026     gateway_shared.o (.rodata.str1.17046880449980016103.1)
                  701906f2    00000026     gateway_shared.o (.rodata.str1.5761821093615868877.1)
                  70190718    00000026     can_interface.o (.rodata.str1.6806839034663112933.1)
                  7019073e    00000025     main.o (.rodata.str1.10635229749459437609.1)
                  70190763    00000025     main.o (.rodata.str1.2123964117280943167.1)
                  70190788    00000024     can_interface.o (.rodata.str1.14428574951410983152.1)
                  701907ac    00000024     can_interface.o (.rodata.str1.17339864536769639315.1)
                  701907d0    00000024     main.o (.rodata.str1.5630281060179367396.1)
                  701907f4    00000024     imu_interface_isr.o (.rodata.str1.6306445455767916371.1)
                  70190818    00000024     main.o (.rodata.str1.7702501944640899365.1)
                  7019083c    00000023     drivers.am263px.r5f.ti-arm-clang.nortos.debug.lib : soc_rcm.obj (.rodata.str1.2078190104202520215.1)
                  7019085f    00000023     nortos.am263px.r5f.ti-arm-clang.debug.lib : ClockP_nortos_r5.obj (.rodata.str1.7689125538912326484.1)
                  70190882    00000022     drivers.am263px.r5f.ti-arm-clang.nortos.debug.lib : edma.obj (.rodata.str1.12976018205622752890.1)
                  701908a4    00000021     can_interface.o (.rodata.str1.12573338884863454617.1)
                  701908c5    00000021     nortos.am263px.r5f.ti-arm-clang.debug.lib : ClockP_nortos_r5.obj (.rodata.str1.8559540482768925367.1)
                  701908e6    00000002     --HOLE-- [fill = 0]
                  701908e8    00000020     drivers.am263px.r5f.ti-arm-clang.nortos.debug.lib : mcan.obj (.rodata.gMsgObjSize)
                  70190908    00000020     can_interface.o (.rodata.g_mcan_base_addr)
                  70190928    00000020     can_interface.o (.rodata.g_mcan_intr_num)
                  70190948    00000020     main.o (.rodata.str1.14402440632258215044.1)
                  70190968    00000020     drivers.am263px.r5f.ti-arm-clang.nortos.debug.lib : uart_v0.obj (.rodata.str1.16594507886308206351.1)
                  70190988    00000020                                                       : ipc_notify_v1.obj (.rodata.str1.2046905611612007019.1)
                  701909a8    0000001f     can_interface.o (.rodata.str1.14695538922052102695.1)
[...]

address   name                                 
-------   ----                                 
00000000  __TI_ATRegion0_region_sz             
00000000  __TI_ATRegion0_src_addr              
00000000  __TI_ATRegion0_trg_addr              
00000000  __TI_ATRegion1_region_sz             
00000000  __TI_ATRegion1_src_addr              
00000000  __TI_ATRegion1_trg_addr              
00000000  __TI_ATRegion2_region_sz             
00000000  __TI_ATRegion2_src_addr              
00000000  __TI_ATRegion2_trg_addr              
00000000  __TI_static_base__                   
00000000  _vectors                             
00000100  __ABORT_STACK_SIZE                   
00000100  __FIQ_STACK_SIZE                     
00000100  __IRQ_STACK_SIZE                     
00000100  __UNDEFINED_STACK_SIZE               
00001000  __SVC_STACK_SIZE                     
00004000  __STACK_SIZE                         
70180a34  __aeabi_memclr                       
70180a34  __aeabi_memclr4                      
70180a34  __aeabi_memclr8                      
701810b8  C$$EXIT                              
701810b8  HOSTexit                             
701810c1  SOC_rcmEnablePeripheralClock         
701816f8  __aeabi_ldiv0                        
701816fc  __aeabi_memcpy                       
701816fc  __aeabi_memcpy4                      
701816fc  __aeabi_memcpy8                      
70181ce4  CSL_armR5ReadMpidrReg                
70182214  __aeabi_memmove                      
70182214  __aeabi_memmove4                     
70182214  __aeabi_memmove8                     
70182ae1  UART_open                            
70182ee1  IpcNotify_init                       
70183d51  SOC_virtToPhy                        
70184061  motor_mapping_init_core1             
70184361  MCAN_msgRAMConfig                    
70184f71  UART_lld_dmaDeInit                   
701851a1  IpcNotify_isr                        
701853d1  CAN_TransmitBatch                    
701855f1  TimerP_setupPriv                     
701857d1  UART_lld_dmaWrite                    
70185b31  UART_close                           
70185e91  UART_lld_controllerIsr               
70186031  CAN_StartRxInterrupts                
70186351  MCAN_calcMsgRamParamsStartAddr       
701864e1  EDMA_unregisterIntr                  
70186651  SOC_controlModuleUnlockMMR           
701867b1  UART_lld_initDma                     
70186911  DebugP_shmLogWriterPutChar           
70186d01  MCAN_setBitTime                      
70186e51  imu_uart_isr_init                    
70186fa1  CAN_Init                             
70187221  MCAN_readMsgRam                      
701874a1  ClockP_init                          
701875e1  UART_procLineStatusErr               
70187721  EDMA_registerIntr                    
70187861  MCAN_init                            
701879a1  UART_lld_init                        
70187ad1  MCAN_config                          
70187c01  SOC_controlModuleLockMMR             
70187d31  SOC_rcmGetPeripheralClockFrequency   
70187f71  DebugP_shmLogWriterPutLine           
70188091  UART_lld_dmaRead                     
701881ac  __udivmoddi4                         
70188741  IpcNotify_sendMsg                    
70188961  GPIO_init                            
70188a71  SemaphoreP_pend                      
70188b81  gateway_ringbuf_read                 
70188c91  gateway_write_motor_config           
70189051  EDMA_freeChannelRegion               
70189141  EDMA_freeParam                       
70189231  EDMA_freeDmaChannel                  
70189311  EDMA_freeTcc                         
701893f1  UART_intrEnable                      
701894d1  UART_intrDisable                     
701895b1  AddrTranslateP_getLocalAddr          
70189681  EDMA_disableChInShadowRegRegion      
70189751  EDMA_enableChInShadowRegRegion       
70189821  EDMA_mapChToEvtQ                     
701898f1  EDMA_configureChannelRegion          
70189a71  UART_flushTxFifo                     
70189bf1  ClockP_timerTickIsr                  
70189cb1  TimerP_init                          
70189d71  ClockP_stop                          
70189e31  IpcNotify_waitSync                   
70189ef1  gateway_write_motor_states           
70189fb1  CycleCounterP_init                   
70189fd1  CycleCounterP_reset                  
7018a021  CycleCounterP_nsToTicks              
7018a061  CycleCounterP_enableUserAccess       
7018a071  MCAN_writeMsgRam                     
7018a121  SOC_rcmSetPeripheralClock            
7018a1d1  UART_init                            
7018a3e1  gateway_core1_wait_for_ready         
7018a541  ClockP_destruct                      
7018a5f1  Drivers_uartOpen                     
7018a741  gateway_core1_ipc_callback           
7018a921  imu_uart_read                        
7018a9c1  IpcNotify_registerClient             
7018ab01  ClockP_getTimeUsec                   
7018aba1  EDMA_unmapChToEvtQ                   
7018ac41  float_to_uint                        
7018ace1  yis320_convert_to_ipc                
7018ad81  EDMA_disableTransferRegion           
7018ae11  EDMA_enableTransferRegion            
7018afc1  UART_lld_flushTxFifo                 
7018b0e1  EDMA_allocDmaChannel                 
7018b171  EDMA_allocParam                      
7018b201  EDMA_allocTcc                        
7018b3b1  IpcNotify_syncAll                    
7018b441  imu_protocol_manager_init            
7018b4d1  MCAN_addStdMsgIDFilter               
7018b5d1  System_init                          
7018b6d1  _DebugP_assert                       
7018b751  gateway_ringbuf_core1_init           
7018b851  UART_Params_init                     
7018b8d1  EDMA_linkChannel                     
7018b9d1  ClockP_usleep                        
7018ba51  EDMA_clrMissEvtRegion                
7018bc31  EDMA_getBaseAddr                     
7018bd11  imu_protocol_get_state               
7018bd81  SOC_rcmGetR5Clock                    
7018bdf1  SOC_rcmIsR5FInLockStepMode           
7018bed1  UART_lld_deInitDma                   
7018bf41  imu_protocol_process_uart_rx         
7018bfb1  MCAN_enableIntr                      
7018c021  MCAN_initTxBufElement                
7018c101  SemaphoreP_post                      
7018c171  MCAN_selectIntrLine                  
7018c1d1  UART_getChar                         
7018c291  yis320_protocol_handler_init         
7018c2f1  Module_clockSetFrequency             
7018c351  UART_lld_deInit                      
7018c5f1  gateway_write_imu_state              
7018c651  uint16_to_float                      
7018c711  Dpl_init                             
7018c771  EDMA_setPaRAM                        
7018c831  main                                 
7018c884  __TI_auto_init_nobinit_nopinit       
7018c8e1  Drivers_uartClose                    
7018c931  Pinmux_config                        
7018c981  UART_checkCharsAvailInFifo           
7018c9d1  DebugP_shmLogWriterInit              
7018ca21  EDMA_clrEvtRegion                    
7018ca71  EDMA_disableDmaEvtRegion             
7018cac1  EDMA_disableEvtIntrRegion            
7018cb11  EDMA_enableDmaEvtRegion              
7018cb61  EDMA_enableEvtIntrRegion             
7018cbb1  EDMA_setEvtRegion                    
7018cc01  GPIO_setDirMode                      
7018cc51  MCAN_enableIntrLine                  
7018cca1  ClockP_construct                     
7018ccf1  EDMA_ccPaRAMEntry_init               
7018cd41  EDMA_mapQdmaChToPaRAM                
7018cd91  EDMA_readEventStatusRegion           
7018cde1  IpcNotify_unregisterClient           
7018ce31  Module_clockEnable                   
7018ce81  gateway_update_stat                  
7018cecc  memmove                              
7018cf71  timerISR                             
7018cfc1  IpcNotify_Params_init                
7018d061  UART_getIntrIdentityStatus           
7018d151  CAN_RegisterRxCallback               
7018d241  UART_readLineStatus                  
7018d291  imu_protocol_handler_init            
7018d3d1  SemaphoreP_construct                 
7018d421  _DebugP_logZone                      
7018d4c1  ClockP_start                         
7018d561  imu_protocol_update_state            
7018d621  UART_spaceAvail                      
7018d661  gateway_core1_init                   
7018d6a1  gateway_update_heartbeat             
7018d721  UART_IsTxRxFifoEmpty                 
7018d7a1  MCAN_txBufAddReq                     
7018d7e1  SOC_moduleSetClockFrequency          
7018d8a1  snprintf_                            
7018d8e1  SOC_getCoreName                      
7018d918  CycleCounterP_getCount32             
7018d920  PmuP_setup                           
7018d928  PmuP_enableCounters                  
7018d930  PmuP_disableCounters                 
7018d938  PmuP_getOverflowStatus               
7018d940  PmuP_clearOverflowStatus             
7018d948  PmuP_setUserEnable                   
7018d991  EDMA_getRegionId                     
7018da51  IpcNotify_syncCallback               
7018dad1  MCAN_calcCfgAddr                     
7018db51  TimerP_Params_initPriv               
7018dbd1  motor_get_config                     
7018dcd1  MCAN_isMemInitDone                   
7018dd11  TimerP_getCountPriv                  
7018de31  gateway_signal_motor_config_ready    
7018de61  UART_lld_dmaInit                     
7018dec1  DebugP_logZoneEnable                 
7018df21  MCAN_clearNewDataStatus              
7018df51  MCAN_getNewDataStatus                
7018df81  SemaphoreP_constructBinary           
7018e011  UART_intr2Disable                    
7018e041  UART_operatingModeSelect             
7018e0a1  CSL_armR5GetCpuID                    
7018e0d1  vprintf_                             
7018e101  EDMA_disableQdmaEvtRegion            
7018e131  EDMA_enableQdmaEvtRegion             
7018e191  IpcNotify_allocSwQueue               
7018e1f1  IpcNotify_getConfig                  
7018e221  SemaphoreP_constructMutex            
7018e2e1  UART_getBaseAddr                     
7018e304  __aeabi_uldivmod                     
7018e361  EDMA_channelToParamMap               
7018e391  gateway_ringbuf_core1_receive        
7018e3c1  ClockP_isActive                      
7018e3e1  ClockP_usecToTicks                   
7018e441  ClockP_Params_init                   
7018e461  EDMA_getEventStatusHigh              
7018e481  MCAN_setOpMode                       
7018e4a1  SOC_getSelfCpuClk                    
7018e4c1  SOC_moduleClockEnable                
7018e4e1  TimerP_isr0                          
7018e521  UART_lld_Transaction_deInit          
7018e541  EDMA_getEventStatus                  
7018e5bc  TI_memcpy_small                      
7018e5e1  MCAN_clearIntrStatus                 
7018e601  MCAN_getOpMode                       
7018e661  ClockP_ticksToUsec                   
7018e681  EDMA_isInterruptEnabled              
7018e6c1  IpcNotify_trigInterrupt              
7018e6e1  SemaphoreP_Params_init               
7018e701  TimerP_getReloadCountPriv            
7018e761  UART_putChar                         
7018e778  TI_memset_small                      
7018e791  IpcNotify_sendSync                   
7018e7b1  MCAN_getIntrStatus                   
7018e7d1  TimerP_startPriv                     
7018e7f1  TimerP_stopPriv                      
7018e8b1  TimerP_clearOverflowIntPriv          
7018e8d1  TimerP_setup                         
7018e8f1  putchar_                             
7018e911  Pinmux_init                          
7018e931  gateway_check_emergency_stop         
7018e971  imu_uart_is_initialized              
7018e991  yis320_get_timestamp_ms              
7018e9f1  ClockP_getTimerCount                 
7018ea01  ClockP_timerClearOverflowInt         
7018ea81  TimerP_Params_init                   
7018ea91  TimerP_clearOverflowInt              
7018eaa1  TimerP_getCount                      
7018eab1  TimerP_getReloadCount                
7018eac1  TimerP_start                         
7018eae1  gateway_notify_imu_ready             
7018eaf1  gateway_notify_states_ready          
7018eb01  yis320_uart_configure                
7018eb11  Board_driversOpen                    
7018eb21  ClockP_getTicks                      
7018eb31  Drivers_open                         
7018eb41  PowerClock_init                      
7018ebc1  Drivers_uartInit                     
7018ebf1  SemaphoreP_destruct                  
7018ec01  Board_driversClose                   
7018ec11  Board_init                           
7018ec21  Drivers_mcanOpen                     
7018ec31  IpcNotify_wait                       
7018ec41  TaskP_yield                          
7018f0a0  gCacheConfig                         
7018f0a8  gMpuConfig                           
7018f0b4  gMpuRegionConfig                     
7018f350  gADPLLJConfigTbl                     
7018f572  gCR5ClkSrcInfoMap                    
70190c94  gPeripheralClkSrcInfoMap             
70191034  gXTALInfo                            
70191080  gCacheL1dCacheLineSize               
70191084  gCacheL1pCacheLineSize               
70191098  __BSS_START                          
70191c18  gHwiCtrl                             
70192424  g_yis320_private_data                
7019282c  g_motor_lookup                       
70193664  gIpcNotifyCtrl                       
701938d0  gClockCtrl                           
701938f0  virtToPhymap                         
70193914  gTimerBaseAddr                       
70193918  gTimerHwiObj                         
7019391c  gUartHandle                          
70193920  __BSS_END                            
70193920  __stack                              
70197920  __STACK_END                          
70197921  HwiP_enableInt                       
70197961  HwiP_disableInt                      
701979c1  HwiP_restoreInt                      
701979f1  HwiP_clearInt                        
70197a31  HwiP_post                            
70197a71  HwiP_Params_init                     
70197aa1  HwiP_construct                       
70197c91  HwiP_destruct                        
70197d01  HwiP_init                            
70197eb1  HwiP_inISR                           
70197ee1  HwiP_setVimIrqPriMaskNonAtomic       
70197f31  HwiP_setVimIrqPriMaskAtomic          
70197fd1  HwiP_restoreVimIrqPriMask            
70197fe1  HwiP_irq_handler_c                   
70198181  HwiP_fiq_handler                     
701982e1  HwiP_reserved_handler                
70198321  HwiP_undefined_handler_c             
70198341  HwiP_user_undefined_handler_c        
70198361  HwiP_svc_handler                     
701983a1  HwiP_prefetch_abort_handler_c        
70198441  HwiP_user_prefetch_abort_handler_c   
70198481  HwiP_data_abort_handler_c            
70198541  HwiP_user_data_abort_handler_c       
7019857c  HwiP_irq_handler                     
701985f0  HwiP_data_abort_handler              
70198634  HwiP_prefetch_abort_handler          
70198680  HwiP_undefined_handler               
701986b0  GET_DFSR                             
701986b8  GET_ADFSR                            
701986c0  GET_DFAR                             
701986c8  GET_IFSR                             
701986d0  GET_AIFSR                            
701986d8  GET_IFAR                             
701986e0  GET_SPSR                             
701986f8  HwiP_disable                         
70198708  HwiP_disableFIQ                      
70198718  HwiP_enable                          
70198728  HwiP_enableFIQ                       
70198738  HwiP_restore                         
70198740  HwiP_enableVIC                       
70198750  HwiP_disableVIC                      
70198760  HwiP_getCPSR                         
70198770  CacheP_disableL1d                    
70198798  CacheP_disableL1p                    
701987b0  CacheP_enableL1d                     
701987c8  CacheP_enableL1p                     
701987e0  CacheP_invL1d                        
70198818  CacheP_invL1p                        
70198854  CacheP_invL1dAll                     
7019885c  CacheP_invL1pAll                     
70198864  CacheP_wb                            
701988a0  CacheP_wbInv                         
701988dc  CacheP_wbAll                         
70198984  CacheP_wbInvAll                      
7019899c  CacheP_wbInvAllAsm                   
70198a3c  CacheP_getEnabled                    
70198a74  CacheP_getCacheLevelInfo             
70198a80  CacheP_configForceWrThru             
70198aa0  CacheP_setDLFO                       
70198ab1  CacheP_init                          
70198b41  CacheP_disable                       
70198b91  CacheP_enable                        
70198bd1  CacheP_inv                           
70198c11  MpuP_getAttrs                        
70198c71  MpuP_RegionAttrs_init                
70198ca1  MpuP_setRegion                       
70198d31  MpuP_isEnable                        
70198d41  MpuP_disable                         
70198d81  MpuP_enable                          
70198dd1  MpuP_init                            
70198e71  MpuP_isUserAuthorizedToAccessMemory  
70198f50  MpuP_disableAsm                      
70198f68  MpuP_disableBRAsm                    
70198f78  MpuP_enableAsm                       
70198f90  MpuP_enableBRAsm                     
70198fa0  MpuP_isEnableAsm                     
70198fb4  MpuP_setRegionAsm                    
70198fd0  _c_int00_sbl                         
70198ff4  _c_int00                             
70199121  _DebugP_assertNoLog                  
70199151  _system_pre_init                     
70199181  __mpu_init                           
70199190  abort                                
70199198  gEdmaConfig                          
70199198  gUartDmaHandle                       
701992bc  gIpcNotifyMailboxConfig              
70199494  gSocModulesClockFrequency            
7019950c  gUartParams                          
70199564  gSocModules                          
701995a4  gClockConfig                         
701995bc  gIpcNotifyInterruptConfig_r5fss1_1   
701995e8  gIpcNotifyCoreIntrBitPos             
70199608  gAddrTranslateConfig                 
7019961c  gUartConfig                          
70199630  gDebugLogZone                        
7019963c  gEdmaConfigNum                       
70199640  gHwiConfig                           
70199644  gIpcNotifyInterruptConfigNum_r5fss1_1
70199648  gUartConfigNum                       
7019964c  gUartDmaChConfig                     
70199698  isMapAvailable                       
701996a0  __IRQ_STACK_START                    
701997a0  __FIQ_STACK_START                    
701997a0  __IRQ_STACK_END                      
701998a0  __FIQ_STACK_END                      
701998a0  __SVC_STACK_START                    
7019a8a0  __ABORT_STACK_START                  
7019a8a0  __SVC_STACK_END                      
7019a9a0  __ABORT_STACK_END                    
7019a9a0  __UNDEFINED_STACK_START              
7019aaa0  __UNDEFINED_STACK_END                
70200000  gGatewaySharedMem                    
70204d30  dbg_ipc_send_count                   
70204d34  dbg_ipc_register_count               
70204d38  dbg_imu_uart_isr_count               
70204d3c  dbg_imu_rx_byte_count                
70204d40  dbg_imu_frame_count                  
70204d44  dbg_can_rx_count                     
70204d48  dbg_can_tx_count                     
70208000  gDebugShmLog                         
ffffffff  __TI_pprof_out_hndl                  
ffffffff  __TI_prof_data_size                  
ffffffff  __TI_prof_data_start                 
ffffffff  __binit__                            
ffffffff  binit                                
UNDEFED   __TI_CINIT_Base                      
UNDEFED   __TI_CINIT_Limit                     
UNDEFED   __TI_Handler_Table_Base              
UNDEFED   __TI_Handler_Table_Limit             
UNDEFED   _system_post_cinit                   

[414 symbols]
