******************************************************************************
            TI ARM Clang Linker PC v4.0.4                      
******************************************************************************
>> Linked Tue Mar 31 21:51:53 2026

OUTPUT FILE NAME:   <ccu_ti_multi_core_realtime.out>
ENTRY POINT SYMBOL: "_vectors"  address: 00000000


MEMORY CONFIGURATION

         name            origin    length      used     unused   attr    fill
----------------------  --------  ---------  --------  --------  ----  --------
  R5F_VECS              00000000   00000040  00000040  00000000  RWIX
  R5F_TCMA              00000040   00007fc0  00000000  00007fc0  RWIX
  R5F_TCMB              00080000   00008000  00000000  00008000  RWIX
  MAILBOX_HSM           44000000   000003ce  00000000  000003ce  RWIX
  MAILBOX_R5F           44000400   000003ce  00000000  000003ce  RWIX
  FLASH                 60180000   00080000  00000000  00080000  RWIX
  OCRAM                 70180000   00080000  0001a298  00065d68  RWIX
  USER_SHM_MEM          70200000   00008000  00004d4c  000032b4  RWIX
  LOG_SHM_MEM           70208000   00004000  00002000  00002000  RWIX
  RTOS_NORTOS_IPC_SHM_M 72000000   00003e80  00000000  00003e80  RWIX


SEGMENT ALLOCATION MAP

run origin  load origin   length   init length attrs members
----------  ----------- ---------- ----------- ----- -------
00000000    00000000    00000040   00000040    r-x
  00000000    00000000    00000040   00000040    r-x .vectors
70180000    70180000    00010a68   00010a68    r-x
  70180000    70180000    0000e660   0000e660    r-x .text
  7018e660    7018e660    00002408   00002408    r-- .rodata
70190a68    70190a68    000066c0   00000000    rw-
  70190a68    70190a68    000026c0   00000000    rw- .bss
  70193128    70193128    00004000   00000000    rw- .stack
70197130    70197130    00001878   00001878    r-x
  70197130    70197130    00000e50   00000e50    r-x .text.hwi
  70197f80    70197f80    000004a0   000004a0    r-x .text.cache
  70198420    70198420    000003c0   000003c0    r-x .text.mpu
  701987e0    701987e0    000001c0   000001c0    r-x .text.boot
  701989a0    701989a0    00000008   00000008    r-x .text:abort
701989a8    701989a8    000018f8   000004f8    rw-
  701989a8    701989a8    000004f8   000004f8    rw- .data
  70198ea0    70198ea0    00000100   00000000    rw- .irqstack
  70198fa0    70198fa0    00000100   00000000    rw- .fiqstack
  701990a0    701990a0    00001000   00000000    rw- .svcstack
  7019a0a0    7019a0a0    00000100   00000000    rw- .abortstack
  7019a1a0    7019a1a0    00000100   00000000    rw- .undefinedstack


SECTION ALLOCATION MAP

 output                                  attributes/
section   page    origin      length       input sections
--------  ----  ----------  ----------   ----------------
.vectors   0    00000000    00000040     
                  00000000    00000040     nortos.am263px.r5f.ti-arm-clang.debug.lib : HwiP_armv7r_vectors_nortos_asm.obj (.vectors)

.text      0    70180000    0000e660     
                  70180000    00000a34     nortos.am263px.r5f.ti-arm-clang.debug.lib : printf.obj (.text._vsnprintf)
                  70180a34    0000000c     libclang_rt.builtins.a : aeabi_memset.S.obj (.text.__aeabi_memclr)
                  70180a40    00000678     drivers.am263px.r5f.ti-arm-clang.nortos.debug.lib : soc_rcm.obj (.text.SOC_rcmGetClkSrcAndDivReg)
                  701810b8    00000008     libsysbm.a : hostexit.c.obj (.text.HOSTexit)
                  701810c0    00000638     drivers.am263px.r5f.ti-arm-clang.nortos.debug.lib : soc_rcm.obj (.text.SOC_rcmEnablePeripheralClock)
                  701816f8    00000004     libclang_rt.builtins.a : aeabi_div0.c.obj (.text.__aeabi_ldiv0)
                  701816fc    00000004                            : aeabi_memcpy.S.obj (.text.__aeabi_memcpy)
                  70181700    000005e2     nortos.am263px.r5f.ti-arm-clang.debug.lib : printf.obj (.text._ftoa)
                  70181ce2    00000002     --HOLE-- [fill = 0]
                  70181ce4    0000000c                                               : CpuId_armv7r_asm.obj (.text)
                  70181cf0    000004b0                                               : printf.obj (.text._etoa)
                  701821a0    00000402     yis320_protocol.o (.text.vtable_process_rx_data)
                  701825a2    00000002     --HOLE-- [fill = 0]
                  701825a4    00000004     libclang_rt.builtins.a : aeabi_memmove.S.obj (.text.__aeabi_memmove)
                  701825a8    00000008     --HOLE-- [fill = 0]
                  701825b0    00000400     drivers.am263px.r5f.ti-arm-clang.nortos.debug.lib : uart_v0.obj (.text.UART_open)
                  701829b0    000003dc                                                       : ipc_notify_v1.obj (.text.IpcNotify_init)
                  70182d8c    00000004     --HOLE-- [fill = 0]
                  70182d90    000003bc     main.o (.text.main_loop)
                  7018314c    00000004     --HOLE-- [fill = 0]
                  70183150    00000398     can_interface.o (.text.init_single_mcan)
                  701834e8    00000008     --HOLE-- [fill = 0]
                  701834f0    00000302     drivers.am263px.r5f.ti-arm-clang.nortos.debug.lib : soc.obj (.text.SOC_virtToPhy)
                  701837f2    0000000e     --HOLE-- [fill = 0]
                  70183800    000002f4     main.o (.text.core1_init)
                  70183af4    0000000c     --HOLE-- [fill = 0]
                  70183b00    000002f4     motor_mapping.o (.text.motor_mapping_init_core1)
                  70183df4    0000000c     --HOLE-- [fill = 0]
                  70183e00    000002a8     drivers.am263px.r5f.ti-arm-clang.nortos.debug.lib : mcan.obj (.text.MCAN_msgRAMConfig)
                  701840a8    00000008     --HOLE-- [fill = 0]
                  701840b0    0000027e                                                       : uart_dma_edma.obj (.text.UART_edmaChInit)
                  7018432e    00000002     --HOLE-- [fill = 0]
                  70184330    00000250                                                       : edma.obj (.text.Alloc_resource)
                  70184580    00000242                                                       : uart_v0_lld.obj (.text.UART_fifoConfig)
                  701847c2    0000000e     --HOLE-- [fill = 0]
                  701847d0    0000023e     nortos.am263px.r5f.ti-arm-clang.debug.lib : printf.obj (.text._ntoa_format)
                  70184a0e    00000002     --HOLE-- [fill = 0]
                  70184a10    00000226     drivers.am263px.r5f.ti-arm-clang.nortos.debug.lib : uart_dma_edma.obj (.text.UART_lld_dmaDeInit)
                  70184c36    0000000a     --HOLE-- [fill = 0]
                  70184c40    00000222                                                       : ipc_notify_v1.obj (.text.IpcNotify_isr)
                  70184e62    0000000e     --HOLE-- [fill = 0]
                  70184e70    00000206     can_interface.o (.text.CAN_TransmitBatch)
                  70185076    0000000a     --HOLE-- [fill = 0]
                  70185080    000001d6     nortos.am263px.r5f.ti-arm-clang.debug.lib : TimerP_rti_priv.obj (.text.TimerP_setupPriv)
                  70185256    0000000a     --HOLE-- [fill = 0]
                  70185260    000001aa     drivers.am263px.r5f.ti-arm-clang.nortos.debug.lib : uart_dma_edma.obj (.text.UART_lld_dmaWrite)
                  7018540a    00000006     --HOLE-- [fill = 0]
                  70185410    000001aa     can_interface.o (.text.can_rx_isr)
                  701855ba    00000006     --HOLE-- [fill = 0]
                  701855c0    000001a8     drivers.am263px.r5f.ti-arm-clang.nortos.debug.lib : uart_v0.obj (.text.UART_close)
                  70185768    00000008     --HOLE-- [fill = 0]
                  70185770    00000198                                                       : uart_v0_lld.obj (.text.UART_lld_controllerIsr)
                  70185908    00000008     --HOLE-- [fill = 0]
                  70185910    00000188     can_interface.o (.text.CAN_StartRxInterrupts)
                  70185a98    00000008     --HOLE-- [fill = 0]
                  70185aa0    00000186     drivers.am263px.r5f.ti-arm-clang.nortos.debug.lib : mcan.obj (.text.MCAN_readMsg)
                  70185c26    0000000a     --HOLE-- [fill = 0]
                  70185c30    00000184                                                       : mcan.obj (.text.MCAN_calcMsgRamParamsStartAddr)
                  70185db4    0000000c     --HOLE-- [fill = 0]
                  70185dc0    00000176     main.o (.text.transmit_can_frames)
                  70185f36    0000000a     --HOLE-- [fill = 0]
                  70185f40    00000162     drivers.am263px.r5f.ti-arm-clang.nortos.debug.lib : edma.obj (.text.EDMA_unregisterIntr)
                  701860a2    0000000e     --HOLE-- [fill = 0]
                  701860b0    00000158                                                       : soc.obj (.text.SOC_controlModuleUnlockMMR)
                  70186208    00000008     --HOLE-- [fill = 0]
                  70186210    00000152                                                       : uart_v0_lld.obj (.text.UART_lld_initDma)
                  70186362    0000000e     --HOLE-- [fill = 0]
                  70186370    00000150     nortos.am263px.r5f.ti-arm-clang.debug.lib : DebugP_shmLogWriter.obj (.text.DebugP_shmLogWriterPutChar)
                  701864c0    00000150     drivers.am263px.r5f.ti-arm-clang.nortos.debug.lib : mcan.obj (.text.MCAN_writeMsg)
                  70186610    0000014e     yis320_protocol.o (.text.parse_imu_frame)
                  7018675e    00000002     --HOLE-- [fill = 0]
                  70186760    0000014c     drivers.am263px.r5f.ti-arm-clang.nortos.debug.lib : mcan.obj (.text.MCAN_setBitTime)
                  701868ac    00000004     --HOLE-- [fill = 0]
                  701868b0    00000142     imu_interface_isr.o (.text.imu_uart_isr_init)
                  701869f2    0000000e     --HOLE-- [fill = 0]
                  70186a00    00000140     can_interface.o (.text.CAN_Init)
                  70186b40    0000013a     drivers.am263px.r5f.ti-arm-clang.nortos.debug.lib : edma.obj (.text.EDMA_isDmaChannelAllocated)
                  70186c7a    00000006     --HOLE-- [fill = 0]
                  70186c80    00000138                                                       : mcan.obj (.text.MCAN_readMsgRam)
                  70186db8    00000008     --HOLE-- [fill = 0]
                  70186dc0    00000138     nortos.am263px.r5f.ti-arm-clang.debug.lib : printf.obj (.text._ntoa_long_long)
                  70186ef8    00000008     --HOLE-- [fill = 0]
                  70186f00    00000136                                               : ClockP_nortos_r5.obj (.text.ClockP_init)
                  70187036    0000000a     --HOLE-- [fill = 0]
                  70187040    00000136     drivers.am263px.r5f.ti-arm-clang.nortos.debug.lib : uart_v0_lld.obj (.text.UART_procLineStatusErr)
                  70187176    0000000a     --HOLE-- [fill = 0]
                  70187180    00000134                                                       : edma.obj (.text.EDMA_registerIntr)
                  701872b4    0000000c     --HOLE-- [fill = 0]
                  701872c0    00000134                                                       : mcan.obj (.text.MCAN_init)
                  701873f4    0000000c     --HOLE-- [fill = 0]
                  70187400    0000012c                                                       : uart_v0_lld.obj (.text.UART_lld_init)
                  7018752c    00000004     --HOLE-- [fill = 0]
                  70187530    0000012a                                                       : mcan.obj (.text.MCAN_config)
                  7018765a    00000006     --HOLE-- [fill = 0]
                  70187660    00000126                                                       : soc.obj (.text.SOC_controlModuleLockMMR)
                  70187786    0000000a     --HOLE-- [fill = 0]
                  70187790    00000120                                                       : soc_rcm.obj (.text.SOC_rcmGetPeripheralClockFrequency)
                  701878b0    00000120     can_interface.o (.text.init_can_stb_gpios)
                  701879d0    0000011c     nortos.am263px.r5f.ti-arm-clang.debug.lib : DebugP_shmLogWriter.obj (.text.DebugP_shmLogWriterPutLine)
                  70187aec    00000004     --HOLE-- [fill = 0]
                  70187af0    0000011c     drivers.am263px.r5f.ti-arm-clang.nortos.debug.lib : uart_dma_edma.obj (.text.UART_lld_dmaRead)
                  70187c0c    00000118     libclang_rt.builtins.a : udivmoddi4.S.obj (.text)
                  70187d24    0000000c     --HOLE-- [fill = 0]
                  70187d30    00000116     drivers.am263px.r5f.ti-arm-clang.nortos.debug.lib : edma.obj (.text.EDMA_isTccAllocated)
                  70187e46    0000000a     --HOLE-- [fill = 0]
                  70187e50    00000116                                                       : uart_v0_lld.obj (.text.UART_divisorLatchWrite)
                  70187f66    0000000a     --HOLE-- [fill = 0]
                  70187f70    00000114     nortos.am263px.r5f.ti-arm-clang.debug.lib : printf.obj (.text._ntoa_long)
                  70188084    0000000c     --HOLE-- [fill = 0]
                  70188090    0000010e     drivers.am263px.r5f.ti-arm-clang.nortos.debug.lib : soc_rcm.obj (.text.SOC_rcmADPLLJGetFOut)
                  7018819e    00000002     --HOLE-- [fill = 0]
                  701881a0    0000010a                                                       : ipc_notify_v1.obj (.text.IpcNotify_sendMsg)
                  701882aa    00000006     --HOLE-- [fill = 0]
                  701882b0    00000104                                                       : uart_v0_lld.obj (.text.UART_configInstance)
                  701883b4    0000000c     --HOLE-- [fill = 0]
                  701883c0    00000102     ti_drivers_config.o (.text.GPIO_init)
                  701884c2    0000000e     --HOLE-- [fill = 0]
                  701884d0    00000102     nortos.am263px.r5f.ti-arm-clang.debug.lib : SemaphoreP_nortos.obj (.text.SemaphoreP_pend)
                  701885d2    0000000e     --HOLE-- [fill = 0]
                  701885e0    00000102     gateway_shared.o (.text.gateway_ringbuf_read)
                  701886e2    0000000e     --HOLE-- [fill = 0]
                  701886f0    000000f6     main.o (.text.process_can_rx)
                  701887e6    0000000a     --HOLE-- [fill = 0]
                  701887f0    000000ee     main.o (.text.process_motor_commands)
                  701888de    00000002     --HOLE-- [fill = 0]
                  701888e0    000000ec     gateway_shared.o (.text.gateway_write_motor_config)
                  701889cc    00000004     --HOLE-- [fill = 0]
                  701889d0    000000e6     drivers.am263px.r5f.ti-arm-clang.nortos.debug.lib : soc_rcm.obj (.text.SOC_rcmGetCoreFout)
                  70188ab6    0000000a     --HOLE-- [fill = 0]
                  70188ac0    000000e6                                                       : soc_rcm.obj (.text.SOC_rcmGetPerFout)
                  70188ba6    0000000a     --HOLE-- [fill = 0]
                  70188bb0    000000e4                                                       : edma.obj (.text.EDMA_freeChannelRegion)
                  70188c94    0000000c     --HOLE-- [fill = 0]
                  70188ca0    000000e2                                                       : edma.obj (.text.EDMA_freeParam)
                  70188d82    0000000e     --HOLE-- [fill = 0]
                  70188d90    000000e0                                                       : edma.obj (.text.EDMA_freeDmaChannel)
                  70188e70    000000e0                                                       : edma.obj (.text.EDMA_freeTcc)
                  70188f50    000000de                                                       : uart_v0_lld.obj (.text.UART_intrEnable)
                  7018902e    00000002     --HOLE-- [fill = 0]
                  70189030    000000da                                                       : uart_v0_lld.obj (.text.UART_intrDisable)
                  7018910a    00000006     --HOLE-- [fill = 0]
                  70189110    000000d0     nortos.am263px.r5f.ti-arm-clang.debug.lib : AddrTranslateP_32bit.obj (.text.AddrTranslateP_getLocalAddr)
                  701891e0    000000ce     drivers.am263px.r5f.ti-arm-clang.nortos.debug.lib : edma.obj (.text.EDMA_disableChInShadowRegRegion)
                  701892ae    00000002     --HOLE-- [fill = 0]
                  701892b0    000000cc                                                       : edma.obj (.text.EDMA_enableChInShadowRegRegion)
                  7018937c    00000004     --HOLE-- [fill = 0]
                  70189380    000000c4                                                       : edma.obj (.text.EDMA_mapChToEvtQ)
                  70189444    0000000c     --HOLE-- [fill = 0]
                  70189450    000000c0                                                       : edma.obj (.text.EDMA_configureChannelRegion)
                  70189510    000000c0                                                       : soc_rcm.obj (.text.SOC_rcmGetPerHSDivOut)
                  701895d0    000000c0                                                       : uart_v0.obj (.text.UART_flushTxFifo)
                  70189690    000000c0     nortos.am263px.r5f.ti-arm-clang.debug.lib : printf.obj (.text._out_rev)
                  70189750    000000be                                               : ClockP_nortos.obj (.text.ClockP_timerTickIsr)
                  7018980e    00000002     --HOLE-- [fill = 0]
                  70189810    000000be     ti_dpl_config.o (.text.TimerP_init)
                  701898ce    00000002     --HOLE-- [fill = 0]
                  701898d0    000000ba     nortos.am263px.r5f.ti-arm-clang.debug.lib : ClockP_nortos.obj (.text.ClockP_stop)
                  7018998a    00000006     --HOLE-- [fill = 0]
                  70189990    000000ba     drivers.am263px.r5f.ti-arm-clang.nortos.debug.lib : ipc_notify_v1.obj (.text.IpcNotify_waitSync)
                  70189a4a    00000006     --HOLE-- [fill = 0]
                  70189a50    000000ba     gateway_shared.o (.text.gateway_write_motor_states)
                  70189b0a    00000006     --HOLE-- [fill = 0]
                  70189b10    000000ba     nortos.am263px.r5f.ti-arm-clang.debug.lib : PmuP_armv7r.obj (.text.pmu)
                  70189bca    00000006     --HOLE-- [fill = 0]
                  70189bd0    000000b0     drivers.am263px.r5f.ti-arm-clang.nortos.debug.lib : mcan.obj (.text.MCAN_writeMsgRam)
                  70189c80    000000b0                                                       : soc_rcm.obj (.text.SOC_rcmSetPeripheralClock)
                  70189d30    000000b0                                                       : uart_v0.obj (.text.UART_init)
                  70189de0    000000b0     imu_interface_isr.o (.text.imu_uart_isr)
                  70189e90    000000ae     drivers.am263px.r5f.ti-arm-clang.nortos.debug.lib : mcan.obj (.text.MCAN_getOffsetAddr)
                  70189f3e    00000002     --HOLE-- [fill = 0]
                  70189f40    000000ac     gateway_shared.o (.text.gateway_core1_wait_for_ready)
                  70189fec    00000004     --HOLE-- [fill = 0]
                  70189ff0    000000a8     nortos.am263px.r5f.ti-arm-clang.debug.lib : ClockP_nortos.obj (.text.ClockP_addToList)
                  7018a098    00000008     --HOLE-- [fill = 0]
                  7018a0a0    000000a8                                               : ClockP_nortos.obj (.text.ClockP_destruct)
                  7018a148    00000008     --HOLE-- [fill = 0]
                  7018a150    000000a8     ti_drivers_open_close.o (.text.Drivers_uartOpen)
                  7018a1f8    00000008     --HOLE-- [fill = 0]
                  7018a200    000000a0     drivers.am263px.r5f.ti-arm-clang.nortos.debug.lib : soc_rcm.obj (.text.SOC_rcmGetCoreHSDivOut)
                  7018a2a0    0000009e     gateway_shared.o (.text.gateway_core1_ipc_callback)
                  7018a33e    00000002     --HOLE-- [fill = 0]
                  7018a340    0000009e     main.o (.text.ipc_notify_callback_fxn)
                  7018a3de    00000002     --HOLE-- [fill = 0]
                  7018a3e0    0000009e     yis320_protocol.o (.text.validate_checksum)
                  7018a47e    00000002     --HOLE-- [fill = 0]
                  7018a480    0000009a     imu_interface_isr.o (.text.imu_uart_read)
                  7018a51a    00000006     --HOLE-- [fill = 0]
                  7018a520    00000098     drivers.am263px.r5f.ti-arm-clang.nortos.debug.lib : ipc_notify_v1.obj (.text.IpcNotify_registerClient)
                  7018a5b8    00000008     --HOLE-- [fill = 0]
                  7018a5c0    00000096                                                       : uart_v0_lld.obj (.text.UART_subConfigTCRTLRModeEn)
                  7018a656    0000000a     --HOLE-- [fill = 0]
                  7018a660    00000092     nortos.am263px.r5f.ti-arm-clang.debug.lib : ClockP_nortos.obj (.text.ClockP_getTimeUsec)
                  7018a6f2    0000000e     --HOLE-- [fill = 0]
                  7018a700    00000092     drivers.am263px.r5f.ti-arm-clang.nortos.debug.lib : edma.obj (.text.EDMA_unmapChToEvtQ)
                  7018a792    0000000e     --HOLE-- [fill = 0]
                  7018a7a0    00000092     yis320_protocol.o (.text.yis320_convert_to_ipc)
                  7018a832    0000000e     --HOLE-- [fill = 0]
                  7018a840    0000008c     drivers.am263px.r5f.ti-arm-clang.nortos.debug.lib : edma.obj (.text.EDMA_disableTransferRegion)
                  7018a8cc    00000004     --HOLE-- [fill = 0]
                  7018a8d0    0000008c                                                       : edma.obj (.text.EDMA_enableTransferRegion)
                  7018a95c    00000004     --HOLE-- [fill = 0]
                  7018a960    00000088                                                       : uart_dma_edma.obj (.text.UART_edmaIsrRx)
                  7018a9e8    00000008     --HOLE-- [fill = 0]
                  7018a9f0    00000088                                                       : uart_dma_edma.obj (.text.UART_edmaIsrTx)
                  7018aa78    00000008     --HOLE-- [fill = 0]
                  7018aa80    00000086                                                       : uart_v0_lld.obj (.text.UART_lld_flushTxFifo)
                  7018ab06    0000000a     --HOLE-- [fill = 0]
                  7018ab10    00000086                                                       : uart_v0_lld.obj (.text.UART_tcrTlrBitValRestore)
                  7018ab96    0000000a     --HOLE-- [fill = 0]
                  7018aba0    00000082                                                       : edma.obj (.text.EDMA_allocDmaChannel)
                  7018ac22    0000000e     --HOLE-- [fill = 0]
                  7018ac30    00000082                                                       : edma.obj (.text.EDMA_allocParam)
                  7018acb2    0000000e     --HOLE-- [fill = 0]
                  7018acc0    00000082                                                       : edma.obj (.text.EDMA_allocTcc)
                  7018ad42    0000000e     --HOLE-- [fill = 0]
                  7018ad50    00000082                                                       : edma.obj (.text.EDMA_disableTccInShadowRegRegion)
                  7018add2    0000000e     --HOLE-- [fill = 0]
                  7018ade0    00000082                                                       : edma.obj (.text.EDMA_enableTccInShadowRegRegion)
                  7018ae62    0000000e     --HOLE-- [fill = 0]
                  7018ae70    00000082                                                       : ipc_notify_v1.obj (.text.IpcNotify_syncAll)
                  7018aef2    0000000e     --HOLE-- [fill = 0]
                  7018af00    00000082     imu_protocol_handler.o (.text.imu_protocol_manager_init)
                  7018af82    0000000e     --HOLE-- [fill = 0]
                  7018af90    00000080     drivers.am263px.r5f.ti-arm-clang.nortos.debug.lib : mcan.obj (.text.MCAN_addStdMsgIDFilter)
                  7018b010    00000080                                                       : uart_v0_lld.obj (.text.UART_moduleReset)
                  7018b090    0000007e     ti_drivers_config.o (.text.System_init)
                  7018b10e    00000002     --HOLE-- [fill = 0]
                  7018b110    0000007e     drivers.am263px.r5f.ti-arm-clang.nortos.debug.lib : uart_v0_lld.obj (.text.UART_readData)
                  7018b18e    00000002     --HOLE-- [fill = 0]
                  7018b190    0000007c     nortos.am263px.r5f.ti-arm-clang.debug.lib : DebugP_log.obj (.text._DebugP_assert)
                  7018b20c    00000004     --HOLE-- [fill = 0]
                  7018b210    0000007c     gateway_shared.o (.text.gateway_ringbuf_core1_init)
                  7018b28c    00000004     --HOLE-- [fill = 0]
                  7018b290    0000007a     drivers.am263px.r5f.ti-arm-clang.nortos.debug.lib : ipc_notify_v1.obj (.text.IpcNotify_mailboxWrite)
                  7018b30a    00000006     --HOLE-- [fill = 0]
                  7018b310    0000007a                                                       : uart_v0.obj (.text.UART_Params_init)
                  7018b38a    00000006     --HOLE-- [fill = 0]
                  7018b390    00000078                                                       : edma.obj (.text.EDMA_linkChannel)
                  7018b408    00000008     --HOLE-- [fill = 0]
                  7018b410    00000074                                                       : uart_v0_lld.obj (.text.UART_IsBaseAddrValid)
                  7018b484    0000000c     --HOLE-- [fill = 0]
                  7018b490    00000072     nortos.am263px.r5f.ti-arm-clang.debug.lib : ClockP_nortos.obj (.text.ClockP_usleep)
                  7018b502    0000000e     --HOLE-- [fill = 0]
                  7018b510    00000072     drivers.am263px.r5f.ti-arm-clang.nortos.debug.lib : edma.obj (.text.EDMA_clrMissEvtRegion)
                  7018b582    0000000e     --HOLE-- [fill = 0]
                  7018b590    00000072                                                       : ipc_notify_v1.obj (.text.IpcNotify_makeMsg)
                  7018b602    0000000e     --HOLE-- [fill = 0]
                  7018b610    0000006e     yis320_protocol.o (.text.find_frame_header_limited)
                  7018b67e    00000002     --HOLE-- [fill = 0]
                  7018b680    0000006a     drivers.am263px.r5f.ti-arm-clang.nortos.debug.lib : ipc_notify_v1.obj (.text.IpcNotify_mailboxReadSwQ)
                  7018b6ea    00000006     --HOLE-- [fill = 0]
                  7018b6f0    00000068                                                       : edma.obj (.text.EDMA_getBaseAddr)
                  7018b758    00000008     --HOLE-- [fill = 0]
                  7018b760    00000068                                                       : uart_v0_lld.obj (.text.UART_divisorValCompute)
                  7018b7c8    00000008     --HOLE-- [fill = 0]
                  7018b7d0    00000068     imu_protocol_handler.o (.text.imu_protocol_get_state)
                  7018b838    00000008     --HOLE-- [fill = 0]
                  7018b840    00000064     drivers.am263px.r5f.ti-arm-clang.nortos.debug.lib : soc_rcm.obj (.text.SOC_rcmGetR5Clock)
                  7018b8a4    0000000c     --HOLE-- [fill = 0]
                  7018b8b0    00000064                                                       : soc_rcm.obj (.text.SOC_rcmIsR5FInLockStepMode)
                  7018b914    0000000c     --HOLE-- [fill = 0]
                  7018b920    00000064                                                       : uart_v0_lld.obj (.text.UART_fifoRegisterWrite)
                  7018b984    0000000c     --HOLE-- [fill = 0]
                  7018b990    00000064                                                       : uart_v0_lld.obj (.text.UART_lld_deInitDma)
                  7018b9f4    0000000c     --HOLE-- [fill = 0]
                  7018ba00    00000064     imu_protocol_handler.o (.text.imu_protocol_process_uart_rx)
                  7018ba64    0000000c     --HOLE-- [fill = 0]
                  7018ba70    00000062     drivers.am263px.r5f.ti-arm-clang.nortos.debug.lib : mcan.obj (.text.MCAN_enableIntr)
                  7018bad2    0000000e     --HOLE-- [fill = 0]
                  7018bae0    00000062                                                       : mcan.obj (.text.MCAN_initTxBufElement)
                  7018bb42    0000000e     --HOLE-- [fill = 0]
                  7018bb50    00000062                                                       : soc_rcm.obj (.text.SOC_rcmInsert16)
                  7018bbb2    0000000e     --HOLE-- [fill = 0]
                  7018bbc0    00000062     nortos.am263px.r5f.ti-arm-clang.debug.lib : SemaphoreP_nortos.obj (.text.SemaphoreP_post)
                  7018bc22    0000000e     --HOLE-- [fill = 0]
                  7018bc30    00000060     drivers.am263px.r5f.ti-arm-clang.nortos.debug.lib : mcan.obj (.text.MCAN_selectIntrLine)
                  7018bc90    00000060                                                       : uart_v0_lld.obj (.text.UART_getChar)
                  7018bcf0    00000060                                                       : uart_v0_lld.obj (.text.UART_writeData)
                  7018bd50    0000005e     yis320_protocol.o (.text.yis320_protocol_handler_init)
                  7018bdae    00000002     --HOLE-- [fill = 0]
                  7018bdb0    0000005c     ti_power_clock_config.o (.text.Module_clockSetFrequency)
                  7018be0c    00000004     --HOLE-- [fill = 0]
                  7018be10    0000005c     drivers.am263px.r5f.ti-arm-clang.nortos.debug.lib : uart_v0_lld.obj (.text.UART_lld_deInit)
                  7018be6c    00000004     --HOLE-- [fill = 0]
                  7018be70    0000005a                                                       : uart_v0_lld.obj (.text.UART_regConfigModeEnable)
                  7018beca    00000006     --HOLE-- [fill = 0]
                  7018bed0    00000058                                                       : soc_rcm.obj (.text.SOC_rcmGetModuleClkDivVal)
                  7018bf28    00000008     --HOLE-- [fill = 0]
                  7018bf30    00000058     yis320_protocol.o (.text.parse_angular_velocity)
                  7018bf88    00000008     --HOLE-- [fill = 0]
                  7018bf90    00000058     yis320_protocol.o (.text.parse_euler_angles)
                  7018bfe8    00000008     --HOLE-- [fill = 0]
                  7018bff0    00000056     drivers.am263px.r5f.ti-arm-clang.nortos.debug.lib : uart_v0.obj (.text.UART_lld_readCompleteCallback)
                  7018c046    0000000a     --HOLE-- [fill = 0]
                  7018c050    00000056                                                       : uart_v0.obj (.text.UART_lld_writeCompleteCallback)
                  7018c0a6    0000000a     --HOLE-- [fill = 0]
                  7018c0b0    00000056     gateway_shared.o (.text.gateway_write_imu_state)
                  7018c106    0000000a     --HOLE-- [fill = 0]
                  7018c110    00000056     yis320_protocol.o (.text.vtable_initialize)
                  7018c166    0000000a     --HOLE-- [fill = 0]
                  7018c170    00000054     ti_dpl_config.o (.text.Dpl_init)
                  7018c1c4    0000000c     --HOLE-- [fill = 0]
                  7018c1d0    00000054     drivers.am263px.r5f.ti-arm-clang.nortos.debug.lib : edma.obj (.text.EDMA_setPaRAM)
                  7018c224    0000000c     --HOLE-- [fill = 0]
                  7018c230    00000054                                                       : uart_v0_lld.obj (.text.UART_OperModeValid)
                  7018c284    0000000c     --HOLE-- [fill = 0]
                  7018c290    00000054     main.o (.text.main)
                  7018c2e4    00000054     libc.a : autoinit.c.obj (.text:__TI_auto_init_nobinit_nopinit)
                  7018c338    00000008     --HOLE-- [fill = 0]
                  7018c340    00000050     ti_drivers_open_close.o (.text.Drivers_uartClose)
                  7018c390    00000050     drivers.am263px.r5f.ti-arm-clang.nortos.debug.lib : pinmux.obj (.text.Pinmux_config)
                  7018c3e0    00000050                                                       : uart_v0_lld.obj (.text.UART_checkCharsAvailInFifo)
                  7018c430    0000004e     nortos.am263px.r5f.ti-arm-clang.debug.lib : DebugP_shmLogWriter.obj (.text.DebugP_shmLogWriterInit)
                  7018c47e    00000002     --HOLE-- [fill = 0]
                  7018c480    0000004e     drivers.am263px.r5f.ti-arm-clang.nortos.debug.lib : edma.obj (.text.EDMA_clrEvtRegion)
                  7018c4ce    00000002     --HOLE-- [fill = 0]
                  7018c4d0    0000004e                                                       : edma.obj (.text.EDMA_disableDmaEvtRegion)
                  7018c51e    00000002     --HOLE-- [fill = 0]
                  7018c520    0000004e                                                       : edma.obj (.text.EDMA_disableEvtIntrRegion)
                  7018c56e    00000002     --HOLE-- [fill = 0]
                  7018c570    0000004e                                                       : edma.obj (.text.EDMA_enableDmaEvtRegion)
                  7018c5be    00000002     --HOLE-- [fill = 0]
                  7018c5c0    0000004e                                                       : edma.obj (.text.EDMA_enableEvtIntrRegion)
                  7018c60e    00000002     --HOLE-- [fill = 0]
                  7018c610    0000004e                                                       : edma.obj (.text.EDMA_setEvtRegion)
                  7018c65e    00000002     --HOLE-- [fill = 0]
                  7018c660    0000004e                                                       : gpio.obj (.text.GPIO_setDirMode)
                  7018c6ae    00000002     --HOLE-- [fill = 0]
                  7018c6b0    0000004e                                                       : mcan.obj (.text.MCAN_enableIntrLine)
                  7018c6fe    00000002     --HOLE-- [fill = 0]
                  7018c700    0000004c     nortos.am263px.r5f.ti-arm-clang.debug.lib : ClockP_nortos.obj (.text.ClockP_construct)
                  7018c74c    00000004     --HOLE-- [fill = 0]
                  7018c750    0000004c     drivers.am263px.r5f.ti-arm-clang.nortos.debug.lib : edma.obj (.text.EDMA_ccPaRAMEntry_init)
                  7018c79c    00000004     --HOLE-- [fill = 0]
                  7018c7a0    0000004c                                                       : edma.obj (.text.EDMA_mapQdmaChToPaRAM)
                  7018c7ec    00000004     --HOLE-- [fill = 0]
                  7018c7f0    0000004c                                                       : edma.obj (.text.EDMA_readEventStatusRegion)
                  7018c83c    00000004     --HOLE-- [fill = 0]
                  7018c840    0000004c                                                       : ipc_notify_v1.obj (.text.IpcNotify_unregisterClient)
                  7018c88c    00000004     --HOLE-- [fill = 0]
                  7018c890    0000004c     ti_power_clock_config.o (.text.Module_clockEnable)
                  7018c8dc    00000004     --HOLE-- [fill = 0]
                  7018c8e0    0000004c     gateway_shared.o (.text.gateway_update_stat)
                  7018c92c    0000004c     libc.a : memmov.c.obj (.text.memmove)
                  7018c978    00000008     --HOLE-- [fill = 0]
                  7018c980    0000004c     yis320_protocol.o (.text.parse_quaternion)
                  7018c9cc    00000004     --HOLE-- [fill = 0]
                  7018c9d0    0000004c     main.o (.text.timerISR)
                  7018ca1c    00000004     --HOLE-- [fill = 0]
                  7018ca20    0000004a     drivers.am263px.r5f.ti-arm-clang.nortos.debug.lib : ipc_notify_v1.obj (.text.IpcNotify_Params_init)
                  7018ca6a    00000006     --HOLE-- [fill = 0]
                  7018ca70    0000004a                                                       : soc_rcm.obj (.text.SOC_rcmGetCR5SysclkInFrequency)
                  7018caba    00000006     --HOLE-- [fill = 0]
                  7018cac0    0000004a                                                       : uart_v0_lld.obj (.text.UART_getIntrIdentityStatus)
                  7018cb0a    00000006     --HOLE-- [fill = 0]
                  7018cb10    0000004a                                                       : uart_v0_lld.obj (.text.UART_lineCharConfig)
                  7018cb5a    00000006     --HOLE-- [fill = 0]
                  7018cb60    0000004a     main.o (.text.motor_get_index)
                  7018cbaa    00000006     --HOLE-- [fill = 0]
                  7018cbb0    00000048     can_interface.o (.text.CAN_RegisterRxCallback)
                  7018cbf8    00000008     --HOLE-- [fill = 0]
                  7018cc00    00000048     drivers.am263px.r5f.ti-arm-clang.nortos.debug.lib : uart_v0_lld.obj (.text.UART_resetModule)
                  7018cc48    00000008     --HOLE-- [fill = 0]
                  7018cc50    00000046                                                       : uart_v0_lld.obj (.text.UART_i2310WA)
                  7018cc96    0000000a     --HOLE-- [fill = 0]
                  7018cca0    00000046                                                       : uart_v0_lld.obj (.text.UART_readLineStatus)
                  7018cce6    0000000a     --HOLE-- [fill = 0]
                  7018ccf0    00000046     imu_protocol_handler.o (.text.imu_protocol_handler_init)
                  7018cd36    0000000a     --HOLE-- [fill = 0]
                  7018cd40    00000044     drivers.am263px.r5f.ti-arm-clang.nortos.debug.lib : ipc_notify_v1.obj (.text.IpcNotify_getWriteMailbox)
                  7018cd84    0000000c     --HOLE-- [fill = 0]
                  7018cd90    00000044                                                       : soc_rcm.obj (.text.SOC_rcmExtract8)
                  7018cdd4    0000000c     --HOLE-- [fill = 0]
                  7018cde0    00000044                                                       : soc_rcm.obj (.text.SOC_rcmMake16)
                  7018ce24    0000000c     --HOLE-- [fill = 0]
                  7018ce30    00000044     nortos.am263px.r5f.ti-arm-clang.debug.lib : SemaphoreP_nortos.obj (.text.SemaphoreP_construct)
                  7018ce74    0000000c     --HOLE-- [fill = 0]
                  7018ce80    00000044                                               : DebugP_nortos.obj (.text._DebugP_logZone)
                  7018cec4    0000000c     --HOLE-- [fill = 0]
                  7018ced0    00000044                                               : printf.obj (.text._strnlen_s)
                  7018cf14    0000000c     --HOLE-- [fill = 0]
                  7018cf20    00000042                                               : ClockP_nortos.obj (.text.ClockP_start)
                  7018cf62    0000000e     --HOLE-- [fill = 0]
                  7018cf70    00000042     drivers.am263px.r5f.ti-arm-clang.nortos.debug.lib : uart_v0.obj (.text.UART_checkOpenParams)
                  7018cfb2    0000000e     --HOLE-- [fill = 0]
                  7018cfc0    00000040     imu_protocol_handler.o (.text.imu_protocol_update_state)
                  7018d000    0000003e     drivers.am263px.r5f.ti-arm-clang.nortos.debug.lib : pinmux.obj (.text.Pinmux_unlockMMR)
                  7018d03e    00000002     --HOLE-- [fill = 0]
                  7018d040    0000003e                                                       : uart_v0_lld.obj (.text.UART_IsHWFlowCtrlValid)
                  7018d07e    00000002     --HOLE-- [fill = 0]
                  7018d080    0000003e                                                       : uart_v0_lld.obj (.text.UART_spaceAvail)
                  7018d0be    00000002     --HOLE-- [fill = 0]
                  7018d0c0    0000003e     gateway_shared.o (.text.gateway_core1_init)
                  7018d0fe    00000002     --HOLE-- [fill = 0]
                  7018d100    0000003e     gateway_shared.o (.text.gateway_update_heartbeat)
                  7018d13e    00000002     --HOLE-- [fill = 0]
                  7018d140    0000003c     drivers.am263px.r5f.ti-arm-clang.nortos.debug.lib : uart_v0_lld.obj (.text.UART_IsParityTypeValid)
                  7018d17c    00000004     --HOLE-- [fill = 0]
                  7018d180    0000003c                                                       : uart_v0_lld.obj (.text.UART_IsTxRxFifoEmpty)
                  7018d1bc    00000004     --HOLE-- [fill = 0]
                  7018d1c0    0000003c                                                       : uart_v0_lld.obj (.text.UART_enhanFuncEnable)
                  7018d1fc    00000004     --HOLE-- [fill = 0]
                  7018d200    0000003a                                                       : mcan.obj (.text.MCAN_txBufAddReq)
                  7018d23a    00000006     --HOLE-- [fill = 0]
                  7018d240    0000003a                                                       : soc.obj (.text.SOC_moduleSetClockFrequency)
                  7018d27a    00000006     --HOLE-- [fill = 0]
                  7018d280    0000003a     nortos.am263px.r5f.ti-arm-clang.debug.lib : printf.obj (.text._atoi)
                  7018d2ba    00000006     --HOLE-- [fill = 0]
                  7018d2c0    0000003a     main.o (.text.init_1000hz_timer)
                  7018d2fa    00000006     --HOLE-- [fill = 0]
                  7018d300    0000003a     nortos.am263px.r5f.ti-arm-clang.debug.lib : printf.obj (.text.snprintf_)
                  7018d33a    00000006     --HOLE-- [fill = 0]
                  7018d340    00000038     drivers.am263px.r5f.ti-arm-clang.nortos.debug.lib : soc.obj (.text.SOC_getCoreName)
                  7018d378    00000038     nortos.am263px.r5f.ti-arm-clang.debug.lib : PmuP_armv7r_asm.obj (.text.pmu)
                  7018d3b0    00000038     yis320_protocol.o (.text.vtable_is_connected)
                  7018d3e8    00000008     --HOLE-- [fill = 0]
                  7018d3f0    00000036     drivers.am263px.r5f.ti-arm-clang.nortos.debug.lib : edma.obj (.text.EDMA_getRegionId)
                  7018d426    0000000a     --HOLE-- [fill = 0]
                  7018d430    00000036     can_interface.o (.text.GPIO_pinWriteLow)
                  7018d466    0000000a     --HOLE-- [fill = 0]
                  7018d470    00000036     ti_drivers_config.o (.text.GPIO_pinWriteLow)
                  7018d4a6    0000000a     --HOLE-- [fill = 0]
                  7018d4b0    00000036     drivers.am263px.r5f.ti-arm-clang.nortos.debug.lib : ipc_notify_v1.obj (.text.IpcNotify_syncCallback)
                  7018d4e6    0000000a     --HOLE-- [fill = 0]
                  7018d4f0    00000034                                                       : mcan.obj (.text.MCAN_SsAddr)
                  7018d524    0000000c     --HOLE-- [fill = 0]
                  7018d530    00000034                                                       : mcan.obj (.text.MCAN_calcCfgAddr)
                  7018d564    0000000c     --HOLE-- [fill = 0]
                  7018d570    00000034                                                       : pinmux.obj (.text.Pinmux_lockMMR)
                  7018d5a4    0000000c     --HOLE-- [fill = 0]
                  7018d5b0    00000034     nortos.am263px.r5f.ti-arm-clang.debug.lib : TimerP_rti_priv.obj (.text.TimerP_Params_initPriv)
                  7018d5e4    0000000c     --HOLE-- [fill = 0]
                  7018d5f0    00000034     drivers.am263px.r5f.ti-arm-clang.nortos.debug.lib : uart_v0_lld.obj (.text.UART_IsDataLengthValid)
                  7018d624    0000000c     --HOLE-- [fill = 0]
                  7018d630    00000034     motor_mapping.o (.text.motor_get_config)
                  7018d664    0000000c     --HOLE-- [fill = 0]
                  7018d670    00000032     drivers.am263px.r5f.ti-arm-clang.nortos.debug.lib : mcan.obj (.text.HW_WR_FIELD32_RAW)
                  7018d6a2    0000000e     --HOLE-- [fill = 0]
                  7018d6b0    00000032                                                       : uart_v0_lld.obj (.text.HW_WR_FIELD32_RAW)
                  7018d6e2    0000000e     --HOLE-- [fill = 0]
                  7018d6f0    00000032                                                       : ipc_notify_v1.obj (.text.IpcNotify_mailboxIsPendingIntr)
                  7018d722    0000000e     --HOLE-- [fill = 0]
                  7018d730    00000032     nortos.am263px.r5f.ti-arm-clang.debug.lib : TimerP_rti_priv.obj (.text.TimerP_getCountPriv)
                  7018d762    0000000e     --HOLE-- [fill = 0]
                  7018d770    00000032     drivers.am263px.r5f.ti-arm-clang.nortos.debug.lib : uart_v0_lld.obj (.text.UART_enhanFuncBitValRestore)
                  7018d7a2    0000000e     --HOLE-- [fill = 0]
                  7018d7b0    00000032                                                       : uart_v0_lld.obj (.text.UART_hardwareFlowCtrlOptSet)
                  7018d7e2    0000000e     --HOLE-- [fill = 0]
                  7018d7f0    00000030                                                       : ipc_notify_v1.obj (.text.IpcNotify_getReadSwQ)
                  7018d820    00000030                                                       : uart_v0_lld.obj (.text.UART_flowCtrlTrigLvlConfig)
                  7018d850    00000030     gateway_shared.o (.text.gateway_signal_motor_config_ready)
                  7018d880    0000002e     drivers.am263px.r5f.ti-arm-clang.nortos.debug.lib : uart_dma_edma.obj (.text.UART_lld_dmaInit)
                  7018d8ae    00000002     --HOLE-- [fill = 0]
                  7018d8b0    0000002e     nortos.am263px.r5f.ti-arm-clang.debug.lib : printf.obj (.text._is_digit)
                  7018d8de    00000002     --HOLE-- [fill = 0]
                  7018d8e0    0000002c                                               : DebugP_log.obj (.text.DebugP_logZoneEnable)
                  7018d90c    00000004     --HOLE-- [fill = 0]
                  7018d910    0000002c     drivers.am263px.r5f.ti-arm-clang.nortos.debug.lib : ipc_notify_v1.obj (.text.IpcNotify_getReadMailbox)
                  7018d93c    00000004     --HOLE-- [fill = 0]
                  7018d940    0000002c                                                       : mcan.obj (.text.MCAN_clearNewDataStatus)
                  7018d96c    00000004     --HOLE-- [fill = 0]
                  7018d970    0000002c                                                       : mcan.obj (.text.MCAN_getNewDataStatus)
                  7018d99c    00000004     --HOLE-- [fill = 0]
                  7018d9a0    0000002c     nortos.am263px.r5f.ti-arm-clang.debug.lib : SemaphoreP_nortos.obj (.text.SemaphoreP_constructBinary)
                  7018d9cc    00000004     --HOLE-- [fill = 0]
                  7018d9d0    0000002c     yis320_protocol.o (.text.vtable_deinit)
                  7018d9fc    00000004     --HOLE-- [fill = 0]
                  7018da00    0000002a     nortos.am263px.r5f.ti-arm-clang.debug.lib : ClockP_nortos.obj (.text.ClockP_sleepTicks)
                  7018da2a    00000006     --HOLE-- [fill = 0]
                  7018da30    0000002a     drivers.am263px.r5f.ti-arm-clang.nortos.debug.lib : uart_v0_lld.obj (.text.UART_intr2Disable)
                  7018da5a    00000006     --HOLE-- [fill = 0]
                  7018da60    0000002a                                                       : uart_v0_lld.obj (.text.UART_operatingModeSelect)
                  7018da8a    00000006     --HOLE-- [fill = 0]
                  7018da90    0000002a     imu_protocol_handler.o (.text.imu_process_rx_data)
                  7018daba    00000006     --HOLE-- [fill = 0]
                  7018dac0    00000028     nortos.am263px.r5f.ti-arm-clang.debug.lib : CpuId_armv7r.obj (.text.CSL_armR5GetCpuID)
                  7018dae8    00000008     --HOLE-- [fill = 0]
                  7018daf0    00000028                                               : printf.obj (.text.vprintf_)
                  7018db18    00000008     --HOLE-- [fill = 0]
                  7018db20    00000026     drivers.am263px.r5f.ti-arm-clang.nortos.debug.lib : edma.obj (.text.EDMA_disableQdmaEvtRegion)
                  7018db46    0000000a     --HOLE-- [fill = 0]
                  7018db50    00000026                                                       : edma.obj (.text.EDMA_enableQdmaEvtRegion)
                  7018db76    0000000a     --HOLE-- [fill = 0]
                  7018db80    00000026                                                       : edma.obj (.text.EDMA_validateIntrObject)
                  7018dba6    0000000a     --HOLE-- [fill = 0]
                  7018dbb0    00000026     ti_drivers_config.o (.text.IpcNotify_allocSwQueue)
                  7018dbd6    0000000a     --HOLE-- [fill = 0]
                  7018dbe0    00000026     nortos.am263px.r5f.ti-arm-clang.debug.lib : printf.obj (.text._out_buffer)
                  7018dc06    0000000a     --HOLE-- [fill = 0]
                  7018dc10    00000024     ti_drivers_config.o (.text.IpcNotify_getConfig)
                  7018dc34    0000000c     --HOLE-- [fill = 0]
                  7018dc40    00000024     nortos.am263px.r5f.ti-arm-clang.debug.lib : SemaphoreP_nortos.obj (.text.SemaphoreP_constructMutex)
                  7018dc64    0000000c     --HOLE-- [fill = 0]
                  7018dc70    00000024     drivers.am263px.r5f.ti-arm-clang.nortos.debug.lib : uart_v0_lld.obj (.text.UART_IsRxTrigLvlValid)
                  7018dc94    0000000c     --HOLE-- [fill = 0]
                  7018dca0    00000024                                                       : uart_v0_lld.obj (.text.UART_IsStopBitsValid)
                  7018dcc4    0000000c     --HOLE-- [fill = 0]
                  7018dcd0    00000024                                                       : uart_v0_lld.obj (.text.UART_IsTxTrigLvlValid)
                  7018dcf4    0000000c     --HOLE-- [fill = 0]
                  7018dd00    00000024                                                       : uart_v0.obj (.text.UART_getBaseAddr)
                  7018dd24    00000024     libclang_rt.builtins.a : aeabi_uldivmod.S.obj (.text.__aeabi_uldivmod)
                  7018dd48    00000008     --HOLE-- [fill = 0]
                  7018dd50    00000024     nortos.am263px.r5f.ti-arm-clang.debug.lib : printf.obj (.text._out_char)
                  7018dd74    0000000c     --HOLE-- [fill = 0]
                  7018dd80    00000022     drivers.am263px.r5f.ti-arm-clang.nortos.debug.lib : edma.obj (.text.EDMA_channelToParamMap)
                  7018dda2    0000000e     --HOLE-- [fill = 0]
                  7018ddb0    00000022     gateway_shared.o (.text.gateway_ringbuf_core1_receive)
                  7018ddd2    0000000e     --HOLE-- [fill = 0]
                  7018dde0    00000020     nortos.am263px.r5f.ti-arm-clang.debug.lib : ClockP_nortos.obj (.text.ClockP_isActive)
                  7018de00    00000020                                               : ClockP_nortos.obj (.text.ClockP_usecToTicks)
                  7018de20    00000020     drivers.am263px.r5f.ti-arm-clang.nortos.debug.lib : mcan.obj (.text.HW_RD_FIELD32_RAW)
                  7018de40    00000020                                                       : uart_v0_lld.obj (.text.HW_RD_FIELD32_RAW)
                  7018de60    0000001e     nortos.am263px.r5f.ti-arm-clang.debug.lib : ClockP_nortos.obj (.text.ClockP_Params_init)
                  7018de7e    00000002     --HOLE-- [fill = 0]
                  7018de80    0000001e     drivers.am263px.r5f.ti-arm-clang.nortos.debug.lib : edma.obj (.text.EDMA_getEventStatusHigh)
                  7018de9e    00000002     --HOLE-- [fill = 0]
                  7018dea0    0000001e                                                       : mcan.obj (.text.MCAN_setOpMode)
                  7018debe    00000002     --HOLE-- [fill = 0]
                  7018dec0    0000001e                                                       : soc.obj (.text.SOC_getSelfCpuClk)
                  7018dede    00000002     --HOLE-- [fill = 0]
                  7018dee0    0000001e                                                       : soc.obj (.text.SOC_moduleClockEnable)
                  7018defe    00000002     --HOLE-- [fill = 0]
                  7018df00    0000001e     ti_dpl_config.o (.text.TimerP_isr0)
                  7018df1e    00000002     --HOLE-- [fill = 0]
                  7018df20    0000001e     drivers.am263px.r5f.ti-arm-clang.nortos.debug.lib : uart_v0_lld.obj (.text.UART_breakCtl)
                  7018df3e    00000002     --HOLE-- [fill = 0]
                  7018df40    0000001e                                                       : uart_v0_lld.obj (.text.UART_lld_Transaction_deInit)
                  7018df5e    00000002     --HOLE-- [fill = 0]
                  7018df60    0000001c                                                       : edma.obj (.text.EDMA_getEventStatus)
                  7018df7c    00000004     --HOLE-- [fill = 0]
                  7018df80    0000001c                                                       : mcan.obj (.text.MCAN_writeProtectedRegAccessLock)
                  7018df9c    00000004     --HOLE-- [fill = 0]
                  7018dfa0    0000001c                                                       : mcan.obj (.text.MCAN_writeProtectedRegAccessUnlock)
                  7018dfbc    00000004     --HOLE-- [fill = 0]
                  7018dfc0    0000001c                                                       : uart_v0_lld.obj (.text.UART_IsParameter)
                  7018dfdc    0000001c     libc.a : memcpy32.S.obj (.text:TI_memcpy_small)
                  7018dff8    00000008     --HOLE-- [fill = 0]
                  7018e000    0000001a     drivers.am263px.r5f.ti-arm-clang.nortos.debug.lib : mcan.obj (.text.MCAN_clearIntrStatus)
                  7018e01a    00000006     --HOLE-- [fill = 0]
                  7018e020    0000001a                                                       : mcan.obj (.text.MCAN_getOpMode)
                  7018e03a    00000006     --HOLE-- [fill = 0]
                  7018e040    0000001a                                                       : uart_v0_lld.obj (.text.UART_fifoCharGet)
                  7018e05a    00000006     --HOLE-- [fill = 0]
                  7018e060    0000001a                                                       : uart_v0_lld.obj (.text.UART_timeGuardConfig)
                  7018e07a    00000006     --HOLE-- [fill = 0]
                  7018e080    00000018     nortos.am263px.r5f.ti-arm-clang.debug.lib : ClockP_nortos.obj (.text.ClockP_ticksToUsec)
                  7018e098    00000008     --HOLE-- [fill = 0]
                  7018e0a0    00000018     drivers.am263px.r5f.ti-arm-clang.nortos.debug.lib : edma.obj (.text.EDMA_isInterruptEnabled)
                  7018e0b8    00000008     --HOLE-- [fill = 0]
                  7018e0c0    00000018                                                       : ipc_notify_v1.obj (.text.IpcNotify_mailboxClearAllInt)
                  7018e0d8    00000008     --HOLE-- [fill = 0]
                  7018e0e0    00000018                                                       : ipc_notify_v1_cfg.obj (.text.IpcNotify_trigInterrupt)
                  7018e0f8    00000008     --HOLE-- [fill = 0]
                  7018e100    00000018     nortos.am263px.r5f.ti-arm-clang.debug.lib : SemaphoreP_nortos.obj (.text.SemaphoreP_Params_init)
                  7018e118    00000008     --HOLE-- [fill = 0]
                  7018e120    00000018                                               : TimerP_rti_priv.obj (.text.TimerP_getReloadCountPriv)
                  7018e138    00000008     --HOLE-- [fill = 0]
                  7018e140    00000018     drivers.am263px.r5f.ti-arm-clang.nortos.debug.lib : uart_v0_lld.obj (.text.UART_divisorLatchDisable)
                  7018e158    00000008     --HOLE-- [fill = 0]
                  7018e160    00000018                                                       : uart_v0_lld.obj (.text.UART_modemControlReset)
                  7018e178    00000008     --HOLE-- [fill = 0]
                  7018e180    00000018                                                       : uart_v0_lld.obj (.text.UART_putChar)
                  7018e198    00000018     libc.a : memset32.S.obj (.text:TI_memset_small)
                  7018e1b0    00000016     drivers.am263px.r5f.ti-arm-clang.nortos.debug.lib : ipc_notify_v1.obj (.text.IpcNotify_sendSync)
                  7018e1c6    0000000a     --HOLE-- [fill = 0]
                  7018e1d0    00000016                                                       : mcan.obj (.text.MCAN_getIntrStatus)
                  7018e1e6    0000000a     --HOLE-- [fill = 0]
                  7018e1f0    00000016     nortos.am263px.r5f.ti-arm-clang.debug.lib : TimerP_rti_priv.obj (.text.TimerP_startPriv)
                  7018e206    0000000a     --HOLE-- [fill = 0]
                  7018e210    00000016                                               : TimerP_rti_priv.obj (.text.TimerP_stopPriv)
                  7018e226    0000000a     --HOLE-- [fill = 0]
                  7018e230    00000016     drivers.am263px.r5f.ti-arm-clang.nortos.debug.lib : uart_v0_lld.obj (.text.UART_divideRoundCloset)
                  7018e246    0000000a     --HOLE-- [fill = 0]
                  7018e250    00000016                                                       : uart_v0_lld.obj (.text.UART_regConfModeRestore)
                  7018e266    0000000a     --HOLE-- [fill = 0]
                  7018e270    00000014                                                       : edma.obj (.text.HW_WR_REG16_RAW)
                  7018e284    0000000c     --HOLE-- [fill = 0]
                  7018e290    00000014                                                       : ipc_notify_v1.obj (.text.IpcNotify_mailboxClearPendingIntr)
                  7018e2a4    0000000c     --HOLE-- [fill = 0]
                  7018e2b0    00000014                                                       : soc_rcm.obj (.text.SOC_rcmGetModuleClkDivFromRegVal)
                  7018e2c4    0000000c     --HOLE-- [fill = 0]
                  7018e2d0    00000014     nortos.am263px.r5f.ti-arm-clang.debug.lib : TimerP_rti_priv.obj (.text.TimerP_clearOverflowIntPriv)
                  7018e2e4    0000000c     --HOLE-- [fill = 0]
                  7018e2f0    00000014                                               : TimerP_rti_nortos.obj (.text.TimerP_setup)
                  7018e304    0000000c     --HOLE-- [fill = 0]
                  7018e310    00000014     ti_dpl_config.o (.text.putchar_)
                  7018e324    0000000c     --HOLE-- [fill = 0]
                  7018e330    00000012     ti_pinmux_config.o (.text.Pinmux_init)
                  7018e342    0000000e     --HOLE-- [fill = 0]
                  7018e350    00000012     imu_protocol_handler.o (.text.imu_initialize)
                  7018e362    0000000e     --HOLE-- [fill = 0]
                  7018e370    00000012     imu_interface_isr.o (.text.imu_uart_is_initialized)
                  7018e382    0000000e     --HOLE-- [fill = 0]
                  7018e390    00000012     yis320_protocol.o (.text.yis320_get_timestamp_ms)
                  7018e3a2    0000000e     --HOLE-- [fill = 0]
                  7018e3b0    00000010     can_interface.o (.text.CSL_REG32_WR_RAW)
                  7018e3c0    00000010     drivers.am263px.r5f.ti-arm-clang.nortos.debug.lib : pinmux.obj (.text.CSL_REG32_WR_RAW)
                  7018e3d0    00000010                                                       : soc.obj (.text.CSL_REG32_WR_RAW)
                  7018e3e0    00000010     ti_drivers_config.o (.text.CSL_REG32_WR_RAW)
                  7018e3f0    00000010     nortos.am263px.r5f.ti-arm-clang.debug.lib : ClockP_nortos_r5.obj (.text.ClockP_getTimerCount)
                  7018e400    00000010                                               : ClockP_nortos_r5.obj (.text.ClockP_timerClearOverflowInt)
                  7018e410    00000010     drivers.am263px.r5f.ti-arm-clang.nortos.debug.lib : edma.obj (.text.HW_RD_REG32_RAW)
                  7018e420    00000010                                                       : mcan.obj (.text.HW_RD_REG32_RAW)
                  7018e430    00000010                                                       : uart_v0_lld.obj (.text.HW_RD_REG32_RAW)
                  7018e440    00000010                                                       : edma.obj (.text.HW_WR_REG32_RAW)
                  7018e450    00000010                                                       : mcan.obj (.text.HW_WR_REG32_RAW)
                  7018e460    00000010                                                       : uart_v0_lld.obj (.text.HW_WR_REG32_RAW)
                  7018e470    00000010                                                       : ipc_notify_v1.obj (.text.IpcNotify_mailboxGetPendingIntr)
                  7018e480    00000010     nortos.am263px.r5f.ti-arm-clang.debug.lib : TimerP_rti_nortos.obj (.text.TimerP_Params_init)
                  7018e490    00000010                                               : TimerP_rti_nortos.obj (.text.TimerP_clearOverflowInt)
                  7018e4a0    00000010                                               : TimerP_rti_nortos.obj (.text.TimerP_getCount)
                  7018e4b0    00000010                                               : TimerP_rti_nortos.obj (.text.TimerP_getReloadCount)
                  7018e4c0    00000010                                               : TimerP_rti_nortos.obj (.text.TimerP_start)
                  7018e4d0    00000010                                               : printf.obj (.text._out_null)
                  7018e4e0    00000010     gateway_shared.o (.text.gateway_notify_imu_ready)
                  7018e4f0    00000010     gateway_shared.o (.text.gateway_notify_states_ready)
                  7018e500    0000000e     yis320_protocol.o (.text.yis320_uart_configure)
                  7018e50e    00000002     --HOLE-- [fill = 0]
                  7018e510    0000000c     ti_board_open_close.o (.text.Board_driversOpen)
                  7018e51c    00000004     --HOLE-- [fill = 0]
                  7018e520    0000000c     nortos.am263px.r5f.ti-arm-clang.debug.lib : ClockP_nortos.obj (.text.ClockP_getTicks)
                  7018e52c    00000004     --HOLE-- [fill = 0]
                  7018e530    0000000c     ti_drivers_open_close.o (.text.Drivers_open)
                  7018e53c    00000004     --HOLE-- [fill = 0]
                  7018e540    0000000c     ti_power_clock_config.o (.text.PowerClock_init)
                  7018e54c    00000004     --HOLE-- [fill = 0]
                  7018e550    0000000c     yis320_protocol.o (.text.vtable_read_data)
                  7018e55c    00000004     --HOLE-- [fill = 0]
                  7018e560    0000000a     nortos.am263px.r5f.ti-arm-clang.debug.lib : HwiP_armv7r_vim.obj (.text.Hwip_dataAndInstructionBarrier)
                  7018e56a    00000006     --HOLE-- [fill = 0]
                  7018e570    0000000a     drivers.am263px.r5f.ti-arm-clang.nortos.debug.lib : ipc_notify_v1.obj (.text.IpcNotify_dataAndInstructionBarrier)
                  7018e57a    00000006     --HOLE-- [fill = 0]
                  7018e580    0000000a                                                       : soc_rcm.obj (.text.SOC_rcmGetBaseAddressMSSRCM)
                  7018e58a    00000006     --HOLE-- [fill = 0]
                  7018e590    0000000a                                                       : uart_dma_edma.obj (.text.UART_edmaDoNothing)
                  7018e59a    00000006     --HOLE-- [fill = 0]
                  7018e5a0    0000000a     gateway_shared.o (.text.gateway_memory_barrier)
                  7018e5aa    00000006     --HOLE-- [fill = 0]
                  7018e5b0    0000000a     gateway_shared.o (.text.ringbuf_get_ptr)
                  7018e5ba    00000006     --HOLE-- [fill = 0]
                  7018e5c0    00000008     ti_drivers_config.o (.text.Drivers_uartInit)
                  7018e5c8    00000008     --HOLE-- [fill = 0]
                  7018e5d0    00000008     drivers.am263px.r5f.ti-arm-clang.nortos.debug.lib : soc_rcm.obj (.text.SOC_rcmGetBaseAddressMSSCTRL)
                  7018e5d8    00000008     --HOLE-- [fill = 0]
                  7018e5e0    00000008                                                       : soc_rcm.obj (.text.SOC_rcmGetBaseAddressTOPRCM)
                  7018e5e8    00000008     --HOLE-- [fill = 0]
                  7018e5f0    00000008     nortos.am263px.r5f.ti-arm-clang.debug.lib : SemaphoreP_nortos.obj (.text.SemaphoreP_destruct)
                  7018e5f8    00000008     --HOLE-- [fill = 0]
                  7018e600    00000004     imu_interface_isr.o (.text.imu_uart_process_ipc_notification)
                  7018e604    0000000c     --HOLE-- [fill = 0]
                  7018e610    00000002     ti_board_open_close.o (.text.Board_driversClose)
                  7018e612    0000000e     --HOLE-- [fill = 0]
                  7018e620    00000002     ti_board_config.o (.text.Board_init)
                  7018e622    0000000e     --HOLE-- [fill = 0]
                  7018e630    00000002     ti_drivers_open_close.o (.text.Drivers_mcanOpen)
                  7018e632    0000000e     --HOLE-- [fill = 0]
                  7018e640    00000002     drivers.am263px.r5f.ti-arm-clang.nortos.debug.lib : ipc_notify_v1_cfg.obj (.text.IpcNotify_wait)
                  7018e642    0000000e     --HOLE-- [fill = 0]
                  7018e650    00000002     nortos.am263px.r5f.ti-arm-clang.debug.lib : TaskP_nortos.obj (.text.TaskP_yield)
                  7018e652    0000000e     --HOLE-- [fill = 0]

.rodata    0    7018e660    00002408     
                  7018e660    00000450     motor_mapping.o (.rodata.motor_config_table)
                  7018eab0    00000084     ti_dpl_config.o (.rodata.cfg)
                  7018eb34    00000004     nortos.am263px.r5f.ti-arm-clang.debug.lib : CacheP_armv7r.obj (.rodata.gCacheL1dCacheLineSize)
                  7018eb38    00000050                                               : printf.obj (.rodata._ftoa.pow10)
                  7018eb88    0000004d     gateway_shared.o (.rodata.str1.3223734256326991069.1)
                  7018ebd5    0000004c     main.o (.rodata.str1.13030671760666898970.1)
                  7018ec21    0000004c     main.o (.rodata.str1.17770841602246103764.1)
                  7018ec6d    0000004a     main.o (.rodata.str1.10224226614597680209.1)
                  7018ecb7    00000049     can_interface.o (.rodata.str1.11434220007320834734.1)
                  7018ed00    00000048     drivers.am263px.r5f.ti-arm-clang.nortos.debug.lib : soc_rcm.obj (.rodata.gADPLLJConfigTbl)
                  7018ed48    00000048     main.o (.rodata.str1.2597068879322958637.1)
                  7018ed90    00000045     can_interface.o (.rodata.str1.17857559882412085052.1)
                  7018edd5    00000045     main.o (.rodata.str1.5043408953494467246.1)
                  7018ee1a    00000043     main.o (.rodata.str1.14079361385603432444.1)
                  7018ee5d    00000042     main.o (.rodata.str1.16631870348416990953.1)
                  7018ee9f    00000042     main.o (.rodata.str1.8320541211001259012.1)
                  7018eee1    00000003     can_interface.o (.rodata.str1.15257894921296593044.1)
                  7018eee4    00000040     drivers.am263px.r5f.ti-arm-clang.nortos.debug.lib : mcan.obj (.rodata.gDataSize)
                  7018ef24    00000040                                                       : ipc_notify_v1.obj (.rodata.str1.10118846006578224169.1)
                  7018ef64    00000040     gateway_shared.o (.rodata.str1.1309647279537151951.1)
                  7018efa4    00000040     main.o (.rodata.str1.6554448696319176064.1)
                  7018efe4    0000003f     main.o (.rodata.str1.1311392489248731986.1)
                  7018f023    0000003e     imu_interface_isr.o (.rodata.str1.2252785669688110604.1)
                  7018f061    0000003d     main.o (.rodata.str1.10313062130652730376.1)
                  7018f09e    0000003d     main.o (.rodata.str1.11121730273200050387.1)
                  7018f0db    0000003d     nortos.am263px.r5f.ti-arm-clang.debug.lib : TimerP_rti_priv.obj (.rodata.str1.11388379688747141303.1)
                  7018f118    0000003c     main.o (.rodata.str1.2123964117280943167.1)
                  7018f154    0000003b     can_interface.o (.rodata.str1.5571669369711139161.1)
                  7018f18f    0000003b     can_interface.o (.rodata.str1.908759874261081554.1)
                  7018f1ca    00000039     can_interface.o (.rodata.str1.13942422985958650841.1)
                  7018f203    00000039     can_interface.o (.rodata.str1.15002872967267125196.1)
                  7018f23c    00000039     can_interface.o (.rodata.str1.1525376828482709340.1)
                  7018f275    00000038     can_interface.o (.rodata.str1.13538652865395202372.1)
                  7018f2ad    00000038     gateway_shared.o (.rodata.str1.8694082244888993162.1)
                  7018f2e5    00000038     imu_interface_isr.o (.rodata.str1.9168798226845388136.1)
                  7018f31d    00000037     gateway_shared.o (.rodata.str1.10638658715010209595.1)
                  7018f354    00000037     main.o (.rodata.str1.11702106008850790973.1)
                  7018f38b    00000037     can_interface.o (.rodata.str1.2296911319530636772.1)
                  7018f3c2    00000037     gateway_shared.o (.rodata.str1.5629998949668554045.1)
                  7018f3f9    00000036     can_interface.o (.rodata.str1.13796328800688497849.1)
                  7018f42f    00000036     imu_interface_isr.o (.rodata.str1.13916086747295221358.1)
                  7018f465    00000036     can_interface.o (.rodata.str1.6531933829109918715.1)
                  7018f49b    00000035     main.o (.rodata.str1.13782249893155712474.1)
                  7018f4d0    00000035     main.o (.rodata.str1.14402440632258215044.1)
                  7018f505    00000035     can_interface.o (.rodata.str1.16770118065840302171.1)
                  7018f53a    00000035     can_interface.o (.rodata.str1.6692020027550076815.1)
                  7018f56f    00000035     ti_drivers_open_close.o (.rodata.str1.871795152488895636.1)
                  7018f5a4    00000034     main.o (.rodata.str1.11822182024223342093.1)
                  7018f5d8    00000034     main.o (.rodata.str1.14112174005742061988.1)
                  7018f60c    00000034     main.o (.rodata.str1.17376258722486336754.1)
                  7018f640    00000034     main.o (.rodata.str1.2763581881760962609.1)
                  7018f674    00000034     main.o (.rodata.str1.6891813955777630061.1)
                  7018f6a8    00000034     main.o (.rodata.str1.7996925722583989644.1)
                  7018f6dc    00000033     can_interface.o (.rodata.str1.15146467347084621569.1)
                  7018f70f    00000033     can_interface.o (.rodata.str1.16025272084367396957.1)
                  7018f742    00000033     main.o (.rodata.str1.39260288392874984.1)
                  7018f775    00000033     main.o (.rodata.str1.403738606202455663.1)
                  7018f7a8    00000033     main.o (.rodata.str1.6976963560179378225.1)
                  7018f7db    00000032     can_interface.o (.rodata.str1.2569929632086669665.1)
                  7018f80d    00000031     can_interface.o (.rodata.str1.4211222669969280216.1)
                  7018f83e    00000031     gateway_shared.o (.rodata.str1.6121471336334202706.1)
                  7018f86f    00000031     motor_mapping.o (.rodata.str1.8787205977826144616.1)
                  7018f8a0    00000030     can_interface.o (.rodata.str1.10130696897761414469.1)
                  7018f8d0    00000030     main.o (.rodata.str1.10720410773482754683.1)
                  7018f900    00000030     can_interface.o (.rodata.str1.2167712102046818855.1)
                  7018f930    00000030     imu_interface_isr.o (.rodata.str1.4417852805959727765.1)
                  7018f960    00000030     main.o (.rodata.str1.8154729771448623357.1)
                  7018f990    0000002f     can_interface.o (.rodata.str1.15094798983471906066.1)
                  7018f9bf    0000002f     main.o (.rodata.str1.2563708670032483588.1)
                  7018f9ee    0000002f     gateway_shared.o (.rodata.str1.3129942817937968154.1)
                  7018fa1d    0000002f     main.o (.rodata.str1.9059077390166914652.1)
                  7018fa4c    0000002f     drivers.am263px.r5f.ti-arm-clang.nortos.debug.lib : ipc_notify_v1.obj (.rodata.str1.9418228565027791152.1)
                  7018fa7b    0000002e     can_interface.o (.rodata.str1.11024350005305706282.1)
                  7018faa9    0000002e     gateway_shared.o (.rodata.str1.11051107022181534624.1)
                  7018fad7    0000002e     main.o (.rodata.str1.11870794119293528247.1)
                  7018fb05    0000002e     main.o (.rodata.str1.7784929982665794503.1)
                  7018fb33    0000002e     gateway_shared.o (.rodata.str1.9859227269409816370.1)
                  7018fb61    0000002d     main.o (.rodata.str1.14466178792657420020.1)
                  7018fb8e    0000002d     can_interface.o (.rodata.str1.14845445665763636722.1)
                  7018fbbb    0000002d     can_interface.o (.rodata.str1.150960857071891705.1)
                  7018fbe8    0000002d     can_interface.o (.rodata.str1.6401568125276999251.1)
                  7018fc15    0000002d     main.o (.rodata.str1.8096991282711418442.1)
                  7018fc42    0000002d     main.o (.rodata.str1.8428454045432808059.1)
                  7018fc6f    0000002c     can_interface.o (.rodata.str1.17102373369105828453.1)
                  7018fc9b    0000002c     can_interface.o (.rodata.str1.2401924719955226879.1)
                  7018fcc7    0000002c     gateway_shared.o (.rodata.str1.7167262159681625771.1)
                  7018fcf3    0000002c     main.o (.rodata.str1.8076846746581808073.1)
                  7018fd1f    0000002b     can_interface.o (.rodata.str1.15906871730334742222.1)
                  7018fd4a    0000002b     main.o (.rodata.str1.18227636981041470289.1)
                  7018fd75    0000002b     can_interface.o (.rodata.str1.3858671167962548137.1)
                  7018fda0    0000002a     can_interface.o (.rodata.str1.14406550278730177052.1)
                  7018fdca    0000002a     main.o (.rodata.str1.16302215771116645891.1)
                  7018fdf4    0000002a     can_interface.o (.rodata.str1.17855712168153945246.1)
                  7018fe1e    0000002a     nortos.am263px.r5f.ti-arm-clang.debug.lib : DebugP_log.obj (.rodata.str1.227947788441500939.1)
                  7018fe48    0000002a     main.o (.rodata.str1.2846389346932560359.1)
                  7018fe72    00000029     imu_interface_isr.o (.rodata.str1.15503275091179387347.1)
                  7018fe9b    00000029     main.o (.rodata.str1.17045314124001216156.1)
                  7018fec4    00000029     can_interface.o (.rodata.str1.357542981605220142.1)
                  7018feed    00000029     main.o (.rodata.str1.4787932902692149498.1)
                  7018ff16    00000029     can_interface.o (.rodata.str1.6910353934698693424.1)
                  7018ff3f    00000029     can_interface.o (.rodata.str1.7679921882182829519.1)
                  7018ff68    00000029     main.o (.rodata.str1.8108965883388295311.1)
                  7018ff91    00000028     main.o (.rodata.str1.10635229749459437609.1)
                  7018ffb9    00000028     main.o (.rodata.str1.15159059442110792349.1)
                  7018ffe1    00000027     main.o (.rodata.str1.11321157723316767883.1)
                  70190008    00000027     nortos.am263px.r5f.ti-arm-clang.debug.lib : ClockP_nortos_r5.obj (.rodata.str1.12743090444791882666.1)
                  7019002f    00000027     main.o (.rodata.str1.3530083166107438000.1)
                  70190056    00000026     can_interface.o (.rodata.str1.10186677634541030339.1)
                  7019007c    00000026     can_interface.o (.rodata.str1.13886886582160776261.1)
                  701900a2    00000026     gateway_shared.o (.rodata.str1.17046880449980016103.1)
                  701900c8    00000026     gateway_shared.o (.rodata.str1.5761821093615868877.1)
                  701900ee    00000025     main.o (.rodata.str1.13288086030101331538.1)
                  70190113    00000025     main.o (.rodata.str1.15996357275703397564.1)
                  70190138    00000024     can_interface.o (.rodata.str1.14428574951410983152.1)
                  7019015c    00000024     can_interface.o (.rodata.str1.17339864536769639315.1)
                  70190180    00000024     main.o (.rodata.str1.3292798375424520613.1)
                  701901a4    00000024     imu_interface_isr.o (.rodata.str1.6306445455767916371.1)
                  701901c8    00000024     main.o (.rodata.str1.7702501944640899365.1)
                  701901ec    00000023     drivers.am263px.r5f.ti-arm-clang.nortos.debug.lib : soc_rcm.obj (.rodata.str1.2078190104202520215.1)
                  7019020f    00000023     nortos.am263px.r5f.ti-arm-clang.debug.lib : ClockP_nortos_r5.obj (.rodata.str1.7689125538912326484.1)
                  70190232    00000022     drivers.am263px.r5f.ti-arm-clang.nortos.debug.lib : edma.obj (.rodata.str1.12976018205622752890.1)
                  70190254    00000021     can_interface.o (.rodata.str1.12573338884863454617.1)
                  70190275    00000021     nortos.am263px.r5f.ti-arm-clang.debug.lib : ClockP_nortos_r5.obj (.rodata.str1.8559540482768925367.1)
                  70190296    00000002     drivers.am263px.r5f.ti-arm-clang.nortos.debug.lib : soc_rcm.obj (.rodata.gCR5ClkSrcInfoMap)
                  70190298    00000020                                                       : mcan.obj (.rodata.gMsgObjSize)
                  701902b8    00000020     can_interface.o (.rodata.g_mcan_base_addr)
                  701902d8    00000020     can_interface.o (.rodata.g_mcan_intr_num)
                  701902f8    00000020     can_interface.o (.rodata.g_mcan_rcm_id)
                  70190318    00000020     main.o (.rodata.str1.16265332423659789559.1)
                  70190338    00000020     drivers.am263px.r5f.ti-arm-clang.nortos.debug.lib : uart_v0.obj (.rodata.str1.16594507886308206351.1)
                  70190358    00000020                                                       : ipc_notify_v1.obj (.rodata.str1.2046905611612007019.1)
                  70190378    0000001f     can_interface.o (.rodata.str1.14695538922052102695.1)
                  70190397    0000001f     nortos.am263px.r5f.ti-arm-clang.debug.lib : ClockP_nortos_r5.obj (.rodata.str1.2746619892315392655.1)
                  701903b6    0000001e     drivers.am263px.r5f.ti-arm-clang.nortos.debug.lib : ipc_notify_v1.obj (.rodata.str1.16593710740832512674.1)
[...]
7018bd51  yis320_protocol_handler_init         
7018e501  yis320_uart_configure                


GLOBAL SYMBOLS: SORTED BY Symbol Address 

address   name                                 
-------   ----                                 
00000000  __TI_ATRegion0_region_sz             
00000000  __TI_ATRegion0_src_addr              
00000000  __TI_ATRegion0_trg_addr              
00000000  __TI_ATRegion1_region_sz             
00000000  __TI_ATRegion1_src_addr              
00000000  __TI_ATRegion1_trg_addr              
00000000  __TI_ATRegion2_region_sz             
00000000  __TI_ATRegion2_src_addr              
00000000  __TI_ATRegion2_trg_addr              
00000000  __TI_static_base__                   
00000000  _vectors                             
00000100  __ABORT_STACK_SIZE                   
00000100  __FIQ_STACK_SIZE                     
00000100  __IRQ_STACK_SIZE                     
00000100  __UNDEFINED_STACK_SIZE               
00001000  __SVC_STACK_SIZE                     
00004000  __STACK_SIZE                         
70180a34  __aeabi_memclr                       
70180a34  __aeabi_memclr4                      
70180a34  __aeabi_memclr8                      
701810b8  C$$EXIT                              
701810b8  HOSTexit                             
701810c1  SOC_rcmEnablePeripheralClock         
701816f8  __aeabi_ldiv0                        
701816fc  __aeabi_memcpy                       
701816fc  __aeabi_memcpy4                      
701816fc  __aeabi_memcpy8                      
70181ce4  CSL_armR5ReadMpidrReg                
701825a4  __aeabi_memmove                      
701825a4  __aeabi_memmove4                     
701825a4  __aeabi_memmove8                     
701825b1  UART_open                            
701829b1  IpcNotify_init                       
701834f1  SOC_virtToPhy                        
70183b01  motor_mapping_init_core1             
70183e01  MCAN_msgRAMConfig                    
70184a11  UART_lld_dmaDeInit                   
70184c41  IpcNotify_isr                        
70184e71  CAN_TransmitBatch                    
70185081  TimerP_setupPriv                     
70185261  UART_lld_dmaWrite                    
701855c1  UART_close                           
70185771  UART_lld_controllerIsr               
70185911  CAN_StartRxInterrupts                
70185c31  MCAN_calcMsgRamParamsStartAddr       
70185f41  EDMA_unregisterIntr                  
701860b1  SOC_controlModuleUnlockMMR           
70186211  UART_lld_initDma                     
70186371  DebugP_shmLogWriterPutChar           
70186761  MCAN_setBitTime                      
701868b1  imu_uart_isr_init                    
70186a01  CAN_Init                             
70186c81  MCAN_readMsgRam                      
70186f01  ClockP_init                          
70187041  UART_procLineStatusErr               
70187181  EDMA_registerIntr                    
701872c1  MCAN_init                            
70187401  UART_lld_init                        
70187531  MCAN_config                          
70187661  SOC_controlModuleLockMMR             
70187791  SOC_rcmGetPeripheralClockFrequency   
701879d1  DebugP_shmLogWriterPutLine           
70187af1  UART_lld_dmaRead                     
70187c0c  __udivmoddi4                         
701881a1  IpcNotify_sendMsg                    
701883c1  GPIO_init                            
701884d1  SemaphoreP_pend                      
701885e1  gateway_ringbuf_read                 
701888e1  gateway_write_motor_config           
70188bb1  EDMA_freeChannelRegion               
70188ca1  EDMA_freeParam                       
70188d91  EDMA_freeDmaChannel                  
70188e71  EDMA_freeTcc                         
70188f51  UART_intrEnable                      
70189031  UART_intrDisable                     
70189111  AddrTranslateP_getLocalAddr          
701891e1  EDMA_disableChInShadowRegRegion      
701892b1  EDMA_enableChInShadowRegRegion       
70189381  EDMA_mapChToEvtQ                     
70189451  EDMA_configureChannelRegion          
701895d1  UART_flushTxFifo                     
70189751  ClockP_timerTickIsr                  
70189811  TimerP_init                          
701898d1  ClockP_stop                          
70189991  IpcNotify_waitSync                   
70189a51  gateway_write_motor_states           
70189b11  CycleCounterP_init                   
70189b31  CycleCounterP_reset                  
70189b81  CycleCounterP_nsToTicks              
70189bc1  CycleCounterP_enableUserAccess       
70189bd1  MCAN_writeMsgRam                     
70189c81  SOC_rcmSetPeripheralClock            
70189d31  UART_init                            
70189f41  gateway_core1_wait_for_ready         
7018a0a1  ClockP_destruct                      
7018a151  Drivers_uartOpen                     
7018a2a1  gateway_core1_ipc_callback           
7018a481  imu_uart_read                        
7018a521  IpcNotify_registerClient             
7018a661  ClockP_getTimeUsec                   
7018a701  EDMA_unmapChToEvtQ                   
7018a7a1  yis320_convert_to_ipc                
7018a841  EDMA_disableTransferRegion           
7018a8d1  EDMA_enableTransferRegion            
7018aa81  UART_lld_flushTxFifo                 
7018aba1  EDMA_allocDmaChannel                 
7018ac31  EDMA_allocParam                      
7018acc1  EDMA_allocTcc                        
7018ae71  IpcNotify_syncAll                    
7018af01  imu_protocol_manager_init            
7018af91  MCAN_addStdMsgIDFilter               
7018b091  System_init                          
7018b191  _DebugP_assert                       
7018b211  gateway_ringbuf_core1_init           
7018b311  UART_Params_init                     
7018b391  EDMA_linkChannel                     
7018b491  ClockP_usleep                        
7018b511  EDMA_clrMissEvtRegion                
7018b6f1  EDMA_getBaseAddr                     
7018b7d1  imu_protocol_get_state               
7018b841  SOC_rcmGetR5Clock                    
7018b8b1  SOC_rcmIsR5FInLockStepMode           
7018b991  UART_lld_deInitDma                   
7018ba01  imu_protocol_process_uart_rx         
7018ba71  MCAN_enableIntr                      
7018bae1  MCAN_initTxBufElement                
7018bbc1  SemaphoreP_post                      
7018bc31  MCAN_selectIntrLine                  
7018bc91  UART_getChar                         
7018bd51  yis320_protocol_handler_init         
7018bdb1  Module_clockSetFrequency             
7018be11  UART_lld_deInit                      
7018c0b1  gateway_write_imu_state              
7018c171  Dpl_init                             
7018c1d1  EDMA_setPaRAM                        
7018c291  main                                 
7018c2e4  __TI_auto_init_nobinit_nopinit       
7018c341  Drivers_uartClose                    
7018c391  Pinmux_config                        
7018c3e1  UART_checkCharsAvailInFifo           
7018c431  DebugP_shmLogWriterInit              
7018c481  EDMA_clrEvtRegion                    
7018c4d1  EDMA_disableDmaEvtRegion             
7018c521  EDMA_disableEvtIntrRegion            
7018c571  EDMA_enableDmaEvtRegion              
7018c5c1  EDMA_enableEvtIntrRegion             
7018c611  EDMA_setEvtRegion                    
7018c661  GPIO_setDirMode                      
7018c6b1  MCAN_enableIntrLine                  
7018c701  ClockP_construct                     
7018c751  EDMA_ccPaRAMEntry_init               
7018c7a1  EDMA_mapQdmaChToPaRAM                
7018c7f1  EDMA_readEventStatusRegion           
7018c841  IpcNotify_unregisterClient           
7018c891  Module_clockEnable                   
7018c8e1  gateway_update_stat                  
7018c92c  memmove                              
7018c9d1  timerISR                             
7018ca21  IpcNotify_Params_init                
7018cac1  UART_getIntrIdentityStatus           
7018cbb1  CAN_RegisterRxCallback               
7018cca1  UART_readLineStatus                  
7018ccf1  imu_protocol_handler_init            
7018ce31  SemaphoreP_construct                 
7018ce81  _DebugP_logZone                      
7018cf21  ClockP_start                         
7018cfc1  imu_protocol_update_state            
7018d081  UART_spaceAvail                      
7018d0c1  gateway_core1_init                   
7018d101  gateway_update_heartbeat             
7018d181  UART_IsTxRxFifoEmpty                 
7018d201  MCAN_txBufAddReq                     
7018d241  SOC_moduleSetClockFrequency          
7018d301  snprintf_                            
7018d341  SOC_getCoreName                      
7018d378  CycleCounterP_getCount32             
7018d380  PmuP_setup                           
7018d388  PmuP_enableCounters                  
7018d390  PmuP_disableCounters                 
7018d398  PmuP_getOverflowStatus               
7018d3a0  PmuP_clearOverflowStatus             
7018d3a8  PmuP_setUserEnable                   
7018d3f1  EDMA_getRegionId                     
7018d4b1  IpcNotify_syncCallback               
7018d531  MCAN_calcCfgAddr                     
7018d5b1  TimerP_Params_initPriv               
7018d631  motor_get_config                     
7018d731  TimerP_getCountPriv                  
7018d851  gateway_signal_motor_config_ready    
7018d881  UART_lld_dmaInit                     
7018d8e1  DebugP_logZoneEnable                 
7018d941  MCAN_clearNewDataStatus              
7018d971  MCAN_getNewDataStatus                
7018d9a1  SemaphoreP_constructBinary           
7018da31  UART_intr2Disable                    
7018da61  UART_operatingModeSelect             
7018dac1  CSL_armR5GetCpuID                    
7018daf1  vprintf_                             
7018db21  EDMA_disableQdmaEvtRegion            
7018db51  EDMA_enableQdmaEvtRegion             
7018dbb1  IpcNotify_allocSwQueue               
7018dc11  IpcNotify_getConfig                  
7018dc41  SemaphoreP_constructMutex            
7018dd01  UART_getBaseAddr                     
7018dd24  __aeabi_uldivmod                     
7018dd81  EDMA_channelToParamMap               
7018ddb1  gateway_ringbuf_core1_receive        
7018dde1  ClockP_isActive                      
7018de01  ClockP_usecToTicks                   
7018de61  ClockP_Params_init                   
7018de81  EDMA_getEventStatusHigh              
7018dea1  MCAN_setOpMode                       
7018dec1  SOC_getSelfCpuClk                    
7018dee1  SOC_moduleClockEnable                
7018df01  TimerP_isr0                          
7018df41  UART_lld_Transaction_deInit          
7018df61  EDMA_getEventStatus                  
7018dfdc  TI_memcpy_small                      
7018e001  MCAN_clearIntrStatus                 
7018e021  MCAN_getOpMode                       
7018e081  ClockP_ticksToUsec                   
7018e0a1  EDMA_isInterruptEnabled              
7018e0e1  IpcNotify_trigInterrupt              
7018e101  SemaphoreP_Params_init               
7018e121  TimerP_getReloadCountPriv            
7018e181  UART_putChar                         
7018e198  TI_memset_small                      
7018e1b1  IpcNotify_sendSync                   
7018e1d1  MCAN_getIntrStatus                   
7018e1f1  TimerP_startPriv                     
7018e211  TimerP_stopPriv                      
7018e2d1  TimerP_clearOverflowIntPriv          
7018e2f1  TimerP_setup                         
7018e311  putchar_                             
7018e331  Pinmux_init                          
7018e371  imu_uart_is_initialized              
7018e391  yis320_get_timestamp_ms              
7018e3f1  ClockP_getTimerCount                 
7018e401  ClockP_timerClearOverflowInt         
7018e481  TimerP_Params_init                   
7018e491  TimerP_clearOverflowInt              
7018e4a1  TimerP_getCount                      
7018e4b1  TimerP_getReloadCount                
7018e4c1  TimerP_start                         
7018e4e1  gateway_notify_imu_ready             
7018e4f1  gateway_notify_states_ready          
7018e501  yis320_uart_configure                
7018e511  Board_driversOpen                    
7018e521  ClockP_getTicks                      
7018e531  Drivers_open                         
7018e541  PowerClock_init                      
7018e5c1  Drivers_uartInit                     
7018e5f1  SemaphoreP_destruct                  
7018e601  imu_uart_process_ipc_notification    
7018e611  Board_driversClose                   
7018e621  Board_init                           
7018e631  Drivers_mcanOpen                     
7018e641  IpcNotify_wait                       
7018e651  TaskP_yield                          
7018eab0  gCacheConfig                         
7018eab8  gMpuConfig                           
7018eac4  gMpuRegionConfig                     
7018eb34  gCacheL1dCacheLineSize               
7018ed00  gADPLLJConfigTbl                     
70190296  gCR5ClkSrcInfoMap                    
70190664  gPeripheralClkSrcInfoMap             
70190a04  gXTALInfo                            
70190a58  gCacheL1pCacheLineSize               
70190a68  __BSS_START                          
701915e8  gHwiCtrl                             
70191df4  g_yis320_private_data                
701921fc  g_motor_lookup                       
70192e68  gIpcNotifyCtrl                       
701930d4  gTimerBaseAddr                       
701930d8  gClockCtrl                           
701930f8  virtToPhymap                         
7019311c  gTimerHwiObj                         
70193120  gUartHandle                          
70193128  __BSS_END                            
70193128  __stack                              
70197128  __STACK_END                          
70197131  HwiP_enableInt                       
70197171  HwiP_disableInt                      
701971d1  HwiP_restoreInt                      
70197201  HwiP_clearInt                        
70197241  HwiP_post                            
70197281  HwiP_Params_init                     
701972b1  HwiP_construct                       
701974a1  HwiP_destruct                        
70197511  HwiP_init                            
701976c1  HwiP_inISR                           
701976f1  HwiP_setVimIrqPriMaskNonAtomic       
70197741  HwiP_setVimIrqPriMaskAtomic          
701977e1  HwiP_restoreVimIrqPriMask            
701977f1  HwiP_irq_handler_c                   
70197991  HwiP_fiq_handler                     
70197af1  HwiP_reserved_handler                
70197b31  HwiP_undefined_handler_c             
70197b51  HwiP_user_undefined_handler_c        
70197b71  HwiP_svc_handler                     
70197bb1  HwiP_prefetch_abort_handler_c        
70197c51  HwiP_user_prefetch_abort_handler_c   
70197c91  HwiP_data_abort_handler_c            
70197d51  HwiP_user_data_abort_handler_c       
70197d8c  HwiP_irq_handler                     
70197e00  HwiP_data_abort_handler              
70197e44  HwiP_prefetch_abort_handler          
70197e90  HwiP_undefined_handler               
70197ec0  GET_DFSR                             
70197ec8  GET_ADFSR                            
70197ed0  GET_DFAR                             
70197ed8  GET_IFSR                             
70197ee0  GET_AIFSR                            
70197ee8  GET_IFAR                             
70197ef0  GET_SPSR                             
70197f08  HwiP_disable                         
70197f18  HwiP_disableFIQ                      
70197f28  HwiP_enable                          
70197f38  HwiP_enableFIQ                       
70197f48  HwiP_restore                         
70197f50  HwiP_enableVIC                       
70197f60  HwiP_disableVIC                      
70197f70  HwiP_getCPSR                         
70197f80  CacheP_disableL1d                    
70197fa8  CacheP_disableL1p                    
70197fc0  CacheP_enableL1d                     
70197fd8  CacheP_enableL1p                     
70197ff0  CacheP_invL1d                        
70198028  CacheP_invL1p                        
70198064  CacheP_invL1dAll                     
7019806c  CacheP_invL1pAll                     
70198074  CacheP_wb                            
701980b0  CacheP_wbInv                         
701980ec  CacheP_wbAll                         
70198194  CacheP_wbInvAll                      
701981ac  CacheP_wbInvAllAsm                   
7019824c  CacheP_getEnabled                    
70198284  CacheP_getCacheLevelInfo             
70198290  CacheP_configForceWrThru             
701982b0  CacheP_setDLFO                       
701982c1  CacheP_init                          
70198351  CacheP_disable                       
701983a1  CacheP_enable                        
701983e1  CacheP_inv                           
70198421  MpuP_getAttrs                        
70198481  MpuP_RegionAttrs_init                
701984b1  MpuP_setRegion                       
70198541  MpuP_isEnable                        
70198551  MpuP_disable                         
70198591  MpuP_enable                          
701985e1  MpuP_init                            
70198681  MpuP_isUserAuthorizedToAccessMemory  
70198760  MpuP_disableAsm                      
70198778  MpuP_disableBRAsm                    
70198788  MpuP_enableAsm                       
701987a0  MpuP_enableBRAsm                     
701987b0  MpuP_isEnableAsm                     
701987c4  MpuP_setRegionAsm                    
701987e0  _c_int00_sbl                         
70198804  _c_int00                             
70198931  _DebugP_assertNoLog                  
70198961  _system_pre_init                     
70198991  __mpu_init                           
701989a0  abort                                
701989a8  gEdmaConfig                          
701989a8  gUartDmaHandle                       
70198acc  gIpcNotifyMailboxConfig              
70198ca4  gSocModulesClockFrequency            
70198d1c  gUartParams                          
70198d74  gSocModules                          
70198db4  gClockConfig                         
70198dcc  gIpcNotifyInterruptConfig_r5fss1_1   
70198df8  gIpcNotifyCoreIntrBitPos             
70198e18  gAddrTranslateConfig                 
70198e2c  gUartConfig                          
70198e40  gDebugLogZone                        
70198e4c  gEdmaConfigNum                       
70198e50  gHwiConfig                           
70198e54  gIpcNotifyInterruptConfigNum_r5fss1_1
70198e58  gUartConfigNum                       
70198e5c  gUartDmaChConfig                     
70198e9c  isMapAvailable                       
70198ea0  __IRQ_STACK_START                    
70198fa0  __FIQ_STACK_START                    
70198fa0  __IRQ_STACK_END                      
701990a0  __FIQ_STACK_END                      
701990a0  __SVC_STACK_START                    
7019a0a0  __ABORT_STACK_START                  
7019a0a0  __SVC_STACK_END                      
7019a1a0  __ABORT_STACK_END                    
7019a1a0  __UNDEFINED_STACK_START              
7019a2a0  __UNDEFINED_STACK_END                
70200000  gGatewaySharedMem                    
70204d30  dbg_ipc_send_count                   
70204d34  dbg_ipc_register_count               
70204d38  dbg_imu_uart_isr_count               
70204d3c  dbg_imu_rx_byte_count                
70204d40  dbg_imu_frame_count                  
70204d44  dbg_can_rx_count                     
70204d48  dbg_can_tx_count                     
70208000  gDebugShmLog                         
ffffffff  __TI_pprof_out_hndl                  
ffffffff  __TI_prof_data_size                  
ffffffff  __TI_prof_data_start                 
ffffffff  __binit__                            
ffffffff  binit                                
UNDEFED   __TI_CINIT_Base                      
UNDEFED   __TI_CINIT_Limit                     
UNDEFED   __TI_Handler_Table_Base              
UNDEFED   __TI_Handler_Table_Limit             
UNDEFED   _system_post_cinit                   

[411 symbols]
