******************************************************************************
            TI ARM Clang Linker PC v4.0.4                      
******************************************************************************
>> Linked Wed Apr  8 16:59:38 2026

OUTPUT FILE NAME:   <ccu_ti_multi_core_realtime.out>
ENTRY POINT SYMBOL: "_vectors"  address: 00000000


MEMORY CONFIGURATION

         name            origin    length      used     unused   attr    fill
----------------------  --------  ---------  --------  --------  ----  --------
  R5F_VECS              00000000   00000040  00000040  00000000  RWIX
  R5F_TCMA              00000040   00007fc0  00000000  00007fc0  RWIX
  R5F_TCMB              00080000   00008000  00000000  00008000  RWIX
  MAILBOX_HSM           44000000   000003ce  00000000  000003ce  RWIX
  MAILBOX_R5F           44000400   000003ce  00000000  000003ce  RWIX
  FLASH                 60180000   00080000  00000000  00080000  RWIX
  OCRAM                 70180000   00080000  0001b4a8  00064b58  RWIX
  USER_SHM_MEM          70200000   00008000  00006f74  0000108c  RWIX
  LOG_SHM_MEM           70208000   00004000  00002000  00002000  RWIX
  RTOS_NORTOS_IPC_SHM_M 72000000   00003e80  00000000  00003e80  RWIX


SEGMENT ALLOCATION MAP

run origin  load origin   length   init length attrs members
----------  ----------- ---------- ----------- ----- -------
00000000    00000000    00000040   00000040    r-x
  00000000    00000000    00000040   00000040    r-x .vectors
70180000    70180000    000119b8   000119b8    r-x
  70180000    70180000    0000f4b0   0000f4b0    r-x .text
  7018f4b0    7018f4b0    00002508   00002508    r-- .rodata
701919b8    701919b8    00006348   00000000    rw-
  701919b8    701919b8    00002348   00000000    rw- .bss
  70193d00    70193d00    00004000   00000000    rw- .stack
70197d00    70197d00    00001878   00001878    r-x
  70197d00    70197d00    00000e50   00000e50    r-x .text.hwi
  70198b50    70198b50    000004a0   000004a0    r-x .text.cache
  70198ff0    70198ff0    000003c0   000003c0    r-x .text.mpu
  701993b0    701993b0    000001c0   000001c0    r-x .text.boot
  70199570    70199570    00000008   00000008    r-x .text:abort
70199578    70199578    00001f30   00000b30    rw-
  70199578    70199578    00000b30   00000b30    rw- .data
  7019a0a8    7019a0a8    00000100   00000000    rw- .irqstack
  7019a1a8    7019a1a8    00000100   00000000    rw- .fiqstack
  7019a2a8    7019a2a8    00001000   00000000    rw- .svcstack
  7019b2a8    7019b2a8    00000100   00000000    rw- .abortstack
  7019b3a8    7019b3a8    00000100   00000000    rw- .undefinedstack


SECTION ALLOCATION MAP

 output                                  attributes/
section   page    origin      length       input sections
--------  ----  ----------  ----------   ----------------
.vectors   0    00000000    00000040     
                  00000000    00000040     nortos.am263px.r5f.ti-arm-clang.debug.lib : HwiP_armv7r_vectors_nortos_asm.obj (.vectors)

.text      0    70180000    0000f4b0     
                  70180000    00000a34     nortos.am263px.r5f.ti-arm-clang.debug.lib : printf.obj (.text._vsnprintf)
                  70180a34    0000000c     libclang_rt.builtins.a : aeabi_memset.S.obj (.text.__aeabi_memclr)
                  70180a40    000007d0     main.o (.text.transmit_can_frames)
                  70181210    00000678     drivers.am263px.r5f.ti-arm-clang.nortos.debug.lib : soc_rcm.obj (.text.SOC_rcmGetClkSrcAndDivReg)
                  70181888    00000008     libsysbm.a : hostexit.c.obj (.text.HOSTexit)
                  70181890    00000638     drivers.am263px.r5f.ti-arm-clang.nortos.debug.lib : soc_rcm.obj (.text.SOC_rcmEnablePeripheralClock)
                  70181ec8    00000004     libclang_rt.builtins.a : aeabi_div0.c.obj (.text.__aeabi_ldiv0)
                  70181ecc    00000004                            : aeabi_memcpy.S.obj (.text.__aeabi_memcpy)
                  70181ed0    000005f4     main.o (.text.main_loop)
                  701824c4    0000000c     nortos.am263px.r5f.ti-arm-clang.debug.lib : CpuId_armv7r_asm.obj (.text)
                  701824d0    000005e2                                               : printf.obj (.text._ftoa)
                  70182ab2    00000002     --HOLE-- [fill = 0]
                  70182ab4    00000004     libclang_rt.builtins.a : aeabi_memmove.S.obj (.text.__aeabi_memmove)
                  70182ab8    00000008     --HOLE-- [fill = 0]
                  70182ac0    000004b0     nortos.am263px.r5f.ti-arm-clang.debug.lib : printf.obj (.text._etoa)
                  70182f70    00000402     yis320_protocol.o (.text.vtable_process_rx_data)
                  70183372    0000000e     --HOLE-- [fill = 0]
                  70183380    00000400     drivers.am263px.r5f.ti-arm-clang.nortos.debug.lib : uart_v0.obj (.text.UART_open)
                  70183780    000003dc                                                       : ipc_notify_v1.obj (.text.IpcNotify_init)
                  70183b5c    00000004     --HOLE-- [fill = 0]
                  70183b60    000003c8     main.o (.text.core1_init)
                  70183f28    00000008     --HOLE-- [fill = 0]
                  70183f30    0000031a     can_interface.o (.text.init_single_mcan)
                  7018424a    00000006     --HOLE-- [fill = 0]
                  70184250    00000302     drivers.am263px.r5f.ti-arm-clang.nortos.debug.lib : soc.obj (.text.SOC_virtToPhy)
                  70184552    0000000e     --HOLE-- [fill = 0]
                  70184560    000002f4     motor_mapping.o (.text.motor_mapping_init_core1)
                  70184854    0000000c     --HOLE-- [fill = 0]
                  70184860    000002a8     drivers.am263px.r5f.ti-arm-clang.nortos.debug.lib : mcan.obj (.text.MCAN_msgRAMConfig)
                  70184b08    00000008     --HOLE-- [fill = 0]
                  70184b10    0000027e                                                       : uart_dma_edma.obj (.text.UART_edmaChInit)
                  70184d8e    00000002     --HOLE-- [fill = 0]
                  70184d90    00000250                                                       : edma.obj (.text.Alloc_resource)
                  70184fe0    00000242                                                       : uart_v0_lld.obj (.text.UART_fifoConfig)
                  70185222    0000000e     --HOLE-- [fill = 0]
                  70185230    0000023e     nortos.am263px.r5f.ti-arm-clang.debug.lib : printf.obj (.text._ntoa_format)
                  7018546e    00000002     --HOLE-- [fill = 0]
                  70185470    0000023e     can_interface.o (.text.can_rx_isr)
                  701856ae    00000002     --HOLE-- [fill = 0]
                  701856b0    0000023e     main.o (.text.process_can_rx)
                  701858ee    00000002     --HOLE-- [fill = 0]
                  701858f0    0000022c     can_interface.o (.text.CAN_TransmitBatch)
                  70185b1c    00000004     --HOLE-- [fill = 0]
                  70185b20    00000226     drivers.am263px.r5f.ti-arm-clang.nortos.debug.lib : uart_dma_edma.obj (.text.UART_lld_dmaDeInit)
                  70185d46    0000000a     --HOLE-- [fill = 0]
                  70185d50    00000222                                                       : ipc_notify_v1.obj (.text.IpcNotify_isr)
                  70185f72    0000000e     --HOLE-- [fill = 0]
                  70185f80    000001d6     nortos.am263px.r5f.ti-arm-clang.debug.lib : TimerP_rti_priv.obj (.text.TimerP_setupPriv)
                  70186156    0000000a     --HOLE-- [fill = 0]
                  70186160    000001aa     drivers.am263px.r5f.ti-arm-clang.nortos.debug.lib : uart_dma_edma.obj (.text.UART_lld_dmaWrite)
                  7018630a    00000006     --HOLE-- [fill = 0]
                  70186310    000001a8                                                       : uart_v0.obj (.text.UART_close)
                  701864b8    00000008     --HOLE-- [fill = 0]
                  701864c0    00000198                                                       : uart_v0_lld.obj (.text.UART_lld_controllerIsr)
                  70186658    00000008     --HOLE-- [fill = 0]
                  70186660    00000190     can_interface.o (.text.CAN_StartRxInterrupts)
                  701867f0    00000186     drivers.am263px.r5f.ti-arm-clang.nortos.debug.lib : mcan.obj (.text.MCAN_readMsg)
                  70186976    0000000a     --HOLE-- [fill = 0]
                  70186980    00000184                                                       : mcan.obj (.text.MCAN_calcMsgRamParamsStartAddr)
                  70186b04    0000000c     --HOLE-- [fill = 0]
                  70186b10    00000162                                                       : edma.obj (.text.EDMA_unregisterIntr)
                  70186c72    0000000e     --HOLE-- [fill = 0]
                  70186c80    00000158                                                       : soc.obj (.text.SOC_controlModuleUnlockMMR)
                  70186dd8    00000008     --HOLE-- [fill = 0]
                  70186de0    00000152     can_interface.o (.text.CAN_Init)
                  70186f32    0000000e     --HOLE-- [fill = 0]
                  70186f40    00000152     drivers.am263px.r5f.ti-arm-clang.nortos.debug.lib : uart_v0_lld.obj (.text.UART_lld_initDma)
                  70187092    0000000e     --HOLE-- [fill = 0]
                  701870a0    00000150     nortos.am263px.r5f.ti-arm-clang.debug.lib : DebugP_shmLogWriter.obj (.text.DebugP_shmLogWriterPutChar)
                  701871f0    00000150     drivers.am263px.r5f.ti-arm-clang.nortos.debug.lib : mcan.obj (.text.MCAN_writeMsg)
                  70187340    0000014e     yis320_protocol.o (.text.parse_imu_frame)
                  7018748e    00000002     --HOLE-- [fill = 0]
                  70187490    0000014c     drivers.am263px.r5f.ti-arm-clang.nortos.debug.lib : mcan.obj (.text.MCAN_setBitTime)
                  701875dc    00000004     --HOLE-- [fill = 0]
                  701875e0    00000146     main.o (.text.receive_motor_commands)
                  70187726    0000000a     --HOLE-- [fill = 0]
                  70187730    00000142     imu_interface_isr.o (.text.imu_uart_isr_init)
                  70187872    0000000e     --HOLE-- [fill = 0]
                  70187880    0000013a     drivers.am263px.r5f.ti-arm-clang.nortos.debug.lib : edma.obj (.text.EDMA_isDmaChannelAllocated)
                  701879ba    00000006     --HOLE-- [fill = 0]
                  701879c0    00000138                                                       : mcan.obj (.text.MCAN_readMsgRam)
                  70187af8    00000008     --HOLE-- [fill = 0]
                  70187b00    00000138     nortos.am263px.r5f.ti-arm-clang.debug.lib : printf.obj (.text._ntoa_long_long)
                  70187c38    00000008     --HOLE-- [fill = 0]
                  70187c40    00000136                                               : ClockP_nortos_r5.obj (.text.ClockP_init)
                  70187d76    0000000a     --HOLE-- [fill = 0]
                  70187d80    00000136     drivers.am263px.r5f.ti-arm-clang.nortos.debug.lib : uart_v0_lld.obj (.text.UART_procLineStatusErr)
                  70187eb6    0000000a     --HOLE-- [fill = 0]
                  70187ec0    00000134                                                       : edma.obj (.text.EDMA_registerIntr)
                  70187ff4    0000000c     --HOLE-- [fill = 0]
                  70188000    00000134                                                       : mcan.obj (.text.MCAN_init)
                  70188134    0000000c     --HOLE-- [fill = 0]
                  70188140    0000012c                                                       : uart_v0_lld.obj (.text.UART_lld_init)
                  7018826c    00000004     --HOLE-- [fill = 0]
                  70188270    0000012a                                                       : mcan.obj (.text.MCAN_config)
                  7018839a    00000006     --HOLE-- [fill = 0]
                  701883a0    00000126                                                       : soc.obj (.text.SOC_controlModuleLockMMR)
                  701884c6    0000000a     --HOLE-- [fill = 0]
                  701884d0    00000120                                                       : soc_rcm.obj (.text.SOC_rcmGetPeripheralClockFrequency)
                  701885f0    00000120     can_interface.o (.text.init_can_stb_gpios)
                  70188710    0000011c     nortos.am263px.r5f.ti-arm-clang.debug.lib : DebugP_shmLogWriter.obj (.text.DebugP_shmLogWriterPutLine)
                  7018882c    00000004     --HOLE-- [fill = 0]
                  70188830    0000011c     drivers.am263px.r5f.ti-arm-clang.nortos.debug.lib : uart_dma_edma.obj (.text.UART_lld_dmaRead)
                  7018894c    00000118     libclang_rt.builtins.a : udivmoddi4.S.obj (.text)
                  70188a64    0000000c     --HOLE-- [fill = 0]
                  70188a70    00000116     drivers.am263px.r5f.ti-arm-clang.nortos.debug.lib : edma.obj (.text.EDMA_isTccAllocated)
                  70188b86    0000000a     --HOLE-- [fill = 0]
                  70188b90    00000116                                                       : uart_v0_lld.obj (.text.UART_divisorLatchWrite)
                  70188ca6    0000000a     --HOLE-- [fill = 0]
                  70188cb0    00000114     nortos.am263px.r5f.ti-arm-clang.debug.lib : printf.obj (.text._ntoa_long)
                  70188dc4    0000000c     --HOLE-- [fill = 0]
                  70188dd0    0000010e     drivers.am263px.r5f.ti-arm-clang.nortos.debug.lib : soc_rcm.obj (.text.SOC_rcmADPLLJGetFOut)
                  70188ede    00000002     --HOLE-- [fill = 0]
                  70188ee0    0000010a                                                       : ipc_notify_v1.obj (.text.IpcNotify_sendMsg)
                  70188fea    00000006     --HOLE-- [fill = 0]
                  70188ff0    00000104                                                       : uart_v0_lld.obj (.text.UART_configInstance)
                  701890f4    0000000c     --HOLE-- [fill = 0]
                  70189100    00000102     ti_drivers_config.o (.text.GPIO_init)
                  70189202    0000000e     --HOLE-- [fill = 0]
                  70189210    00000102     nortos.am263px.r5f.ti-arm-clang.debug.lib : SemaphoreP_nortos.obj (.text.SemaphoreP_pend)
                  70189312    0000000e     --HOLE-- [fill = 0]
                  70189320    00000102     gateway_shared.o (.text.gateway_ringbuf_read)
                  70189422    0000000e     --HOLE-- [fill = 0]
                  70189430    000000ec     gateway_shared.o (.text.gateway_write_motor_config)
                  7018951c    00000004     --HOLE-- [fill = 0]
                  70189520    000000e6     drivers.am263px.r5f.ti-arm-clang.nortos.debug.lib : soc_rcm.obj (.text.SOC_rcmGetCoreFout)
                  70189606    0000000a     --HOLE-- [fill = 0]
                  70189610    000000e6                                                       : soc_rcm.obj (.text.SOC_rcmGetPerFout)
                  701896f6    0000000a     --HOLE-- [fill = 0]
                  70189700    000000e4                                                       : edma.obj (.text.EDMA_freeChannelRegion)
                  701897e4    0000000c     --HOLE-- [fill = 0]
                  701897f0    000000e4     main.o (.text.copy_motor_commands_to_working)
                  701898d4    0000000c     --HOLE-- [fill = 0]
                  701898e0    000000e2     drivers.am263px.r5f.ti-arm-clang.nortos.debug.lib : edma.obj (.text.EDMA_freeParam)
                  701899c2    0000000e     --HOLE-- [fill = 0]
                  701899d0    000000e0                                                       : edma.obj (.text.EDMA_freeDmaChannel)
                  70189ab0    000000e0                                                       : edma.obj (.text.EDMA_freeTcc)
                  70189b90    000000de                                                       : uart_v0_lld.obj (.text.UART_intrEnable)
                  70189c6e    00000002     --HOLE-- [fill = 0]
                  70189c70    000000da                                                       : uart_v0_lld.obj (.text.UART_intrDisable)
                  70189d4a    00000006     --HOLE-- [fill = 0]
                  70189d50    000000d0     nortos.am263px.r5f.ti-arm-clang.debug.lib : AddrTranslateP_32bit.obj (.text.AddrTranslateP_getLocalAddr)
                  70189e20    000000ce     drivers.am263px.r5f.ti-arm-clang.nortos.debug.lib : edma.obj (.text.EDMA_disableChInShadowRegRegion)
                  70189eee    00000002     --HOLE-- [fill = 0]
                  70189ef0    000000cc                                                       : edma.obj (.text.EDMA_enableChInShadowRegRegion)
                  70189fbc    00000004     --HOLE-- [fill = 0]
                  70189fc0    000000c4                                                       : edma.obj (.text.EDMA_mapChToEvtQ)
                  7018a084    0000000c     --HOLE-- [fill = 0]
                  7018a090    000000c0                                                       : edma.obj (.text.EDMA_configureChannelRegion)
                  7018a150    000000c0                                                       : soc_rcm.obj (.text.SOC_rcmGetPerHSDivOut)
                  7018a210    000000c0                                                       : uart_v0.obj (.text.UART_flushTxFifo)
                  7018a2d0    000000c0     nortos.am263px.r5f.ti-arm-clang.debug.lib : printf.obj (.text._out_rev)
                  7018a390    000000be                                               : ClockP_nortos.obj (.text.ClockP_timerTickIsr)
                  7018a44e    00000002     --HOLE-- [fill = 0]
                  7018a450    000000be     ti_dpl_config.o (.text.TimerP_init)
                  7018a50e    00000002     --HOLE-- [fill = 0]
                  7018a510    000000ba     nortos.am263px.r5f.ti-arm-clang.debug.lib : ClockP_nortos.obj (.text.ClockP_stop)
                  7018a5ca    00000006     --HOLE-- [fill = 0]
                  7018a5d0    000000ba     drivers.am263px.r5f.ti-arm-clang.nortos.debug.lib : ipc_notify_v1.obj (.text.IpcNotify_waitSync)
                  7018a68a    00000006     --HOLE-- [fill = 0]
                  7018a690    000000ba     nortos.am263px.r5f.ti-arm-clang.debug.lib : PmuP_armv7r.obj (.text.pmu)
                  7018a74a    00000006     --HOLE-- [fill = 0]
                  7018a750    000000b0     drivers.am263px.r5f.ti-arm-clang.nortos.debug.lib : mcan.obj (.text.MCAN_writeMsgRam)
                  7018a800    000000b0                                                       : soc_rcm.obj (.text.SOC_rcmSetPeripheralClock)
                  7018a8b0    000000b0                                                       : uart_v0.obj (.text.UART_init)
                  7018a960    000000b0     imu_interface_isr.o (.text.imu_uart_isr)
                  7018aa10    000000ae     drivers.am263px.r5f.ti-arm-clang.nortos.debug.lib : mcan.obj (.text.MCAN_getOffsetAddr)
                  7018aabe    00000002     --HOLE-- [fill = 0]
                  7018aac0    000000ae     gateway_shared.o (.text.gateway_write_motor_states)
                  7018ab6e    00000002     --HOLE-- [fill = 0]
                  7018ab70    000000ac     gateway_shared.o (.text.gateway_core1_wait_for_ready)
                  7018ac1c    00000004     --HOLE-- [fill = 0]
                  7018ac20    000000a8     nortos.am263px.r5f.ti-arm-clang.debug.lib : ClockP_nortos.obj (.text.ClockP_addToList)
                  7018acc8    00000008     --HOLE-- [fill = 0]
                  7018acd0    000000a8                                               : ClockP_nortos.obj (.text.ClockP_destruct)
                  7018ad78    00000008     --HOLE-- [fill = 0]
                  7018ad80    000000a8     ti_drivers_open_close.o (.text.Drivers_uartOpen)
                  7018ae28    00000008     --HOLE-- [fill = 0]
                  7018ae30    000000a0     drivers.am263px.r5f.ti-arm-clang.nortos.debug.lib : soc_rcm.obj (.text.SOC_rcmGetCoreHSDivOut)
                  7018aed0    0000009e     gateway_shared.o (.text.gateway_core1_ipc_callback)
                  7018af6e    00000002     --HOLE-- [fill = 0]
                  7018af70    0000009e     yis320_protocol.o (.text.validate_checksum)
                  7018b00e    00000002     --HOLE-- [fill = 0]
                  7018b010    0000009a     imu_interface_isr.o (.text.imu_uart_read)
                  7018b0aa    00000006     --HOLE-- [fill = 0]
                  7018b0b0    00000098     drivers.am263px.r5f.ti-arm-clang.nortos.debug.lib : ipc_notify_v1.obj (.text.IpcNotify_registerClient)
                  7018b148    00000008     --HOLE-- [fill = 0]
                  7018b150    00000096                                                       : uart_v0_lld.obj (.text.UART_subConfigTCRTLRModeEn)
                  7018b1e6    0000000a     --HOLE-- [fill = 0]
                  7018b1f0    00000092     nortos.am263px.r5f.ti-arm-clang.debug.lib : ClockP_nortos.obj (.text.ClockP_getTimeUsec)
                  7018b282    0000000e     --HOLE-- [fill = 0]
                  7018b290    00000092     drivers.am263px.r5f.ti-arm-clang.nortos.debug.lib : edma.obj (.text.EDMA_unmapChToEvtQ)
                  7018b322    0000000e     --HOLE-- [fill = 0]
                  7018b330    00000092     motor_mapping.o (.text.float_to_uint)
                  7018b3c2    0000000e     --HOLE-- [fill = 0]
                  7018b3d0    00000092     yis320_protocol.o (.text.yis320_convert_to_ipc)
                  7018b462    0000000e     --HOLE-- [fill = 0]
                  7018b470    0000008c     drivers.am263px.r5f.ti-arm-clang.nortos.debug.lib : edma.obj (.text.EDMA_disableTransferRegion)
                  7018b4fc    00000004     --HOLE-- [fill = 0]
                  7018b500    0000008c                                                       : edma.obj (.text.EDMA_enableTransferRegion)
                  7018b58c    00000004     --HOLE-- [fill = 0]
                  7018b590    00000088                                                       : uart_dma_edma.obj (.text.UART_edmaIsrRx)
                  7018b618    00000008     --HOLE-- [fill = 0]
                  7018b620    00000088                                                       : uart_dma_edma.obj (.text.UART_edmaIsrTx)
                  7018b6a8    00000008     --HOLE-- [fill = 0]
                  7018b6b0    00000086                                                       : uart_v0_lld.obj (.text.UART_lld_flushTxFifo)
                  7018b736    0000000a     --HOLE-- [fill = 0]
                  7018b740    00000086                                                       : uart_v0_lld.obj (.text.UART_tcrTlrBitValRestore)
                  7018b7c6    0000000a     --HOLE-- [fill = 0]
                  7018b7d0    00000082                                                       : edma.obj (.text.EDMA_allocDmaChannel)
                  7018b852    0000000e     --HOLE-- [fill = 0]
                  7018b860    00000082                                                       : edma.obj (.text.EDMA_allocParam)
                  7018b8e2    0000000e     --HOLE-- [fill = 0]
                  7018b8f0    00000082                                                       : edma.obj (.text.EDMA_allocTcc)
                  7018b972    0000000e     --HOLE-- [fill = 0]
                  7018b980    00000082                                                       : edma.obj (.text.EDMA_disableTccInShadowRegRegion)
                  7018ba02    0000000e     --HOLE-- [fill = 0]
                  7018ba10    00000082                                                       : edma.obj (.text.EDMA_enableTccInShadowRegRegion)
                  7018ba92    0000000e     --HOLE-- [fill = 0]
                  7018baa0    00000082                                                       : ipc_notify_v1.obj (.text.IpcNotify_syncAll)
                  7018bb22    0000000e     --HOLE-- [fill = 0]
                  7018bb30    00000082     imu_protocol_handler.o (.text.imu_protocol_manager_init)
                  7018bbb2    0000000e     --HOLE-- [fill = 0]
                  7018bbc0    00000080     drivers.am263px.r5f.ti-arm-clang.nortos.debug.lib : mcan.obj (.text.MCAN_addStdMsgIDFilter)
                  7018bc40    00000080                                                       : uart_v0_lld.obj (.text.UART_moduleReset)
                  7018bcc0    0000007e     ti_drivers_config.o (.text.System_init)
                  7018bd3e    00000002     --HOLE-- [fill = 0]
                  7018bd40    0000007e     drivers.am263px.r5f.ti-arm-clang.nortos.debug.lib : uart_v0_lld.obj (.text.UART_readData)
                  7018bdbe    00000002     --HOLE-- [fill = 0]
                  7018bdc0    0000007c     nortos.am263px.r5f.ti-arm-clang.debug.lib : DebugP_log.obj (.text._DebugP_assert)
                  7018be3c    00000004     --HOLE-- [fill = 0]
                  7018be40    0000007c     gateway_shared.o (.text.gateway_ringbuf_core1_init)
                  7018bebc    00000004     --HOLE-- [fill = 0]
                  7018bec0    0000007a     drivers.am263px.r5f.ti-arm-clang.nortos.debug.lib : ipc_notify_v1.obj (.text.IpcNotify_mailboxWrite)
                  7018bf3a    00000006     --HOLE-- [fill = 0]
                  7018bf40    0000007a                                                       : uart_v0.obj (.text.UART_Params_init)
                  7018bfba    00000006     --HOLE-- [fill = 0]
                  7018bfc0    0000007a     gateway_shared.o (.text.gateway_write_imu_state)
                  7018c03a    00000006     --HOLE-- [fill = 0]
                  7018c040    00000078     drivers.am263px.r5f.ti-arm-clang.nortos.debug.lib : edma.obj (.text.EDMA_linkChannel)
                  7018c0b8    00000008     --HOLE-- [fill = 0]
                  7018c0c0    00000074                                                       : uart_v0_lld.obj (.text.UART_IsBaseAddrValid)
                  7018c134    0000000c     --HOLE-- [fill = 0]
                  7018c140    00000072     nortos.am263px.r5f.ti-arm-clang.debug.lib : ClockP_nortos.obj (.text.ClockP_usleep)
                  7018c1b2    0000000e     --HOLE-- [fill = 0]
                  7018c1c0    00000072     drivers.am263px.r5f.ti-arm-clang.nortos.debug.lib : edma.obj (.text.EDMA_clrMissEvtRegion)
                  7018c232    0000000e     --HOLE-- [fill = 0]
                  7018c240    00000072                                                       : ipc_notify_v1.obj (.text.IpcNotify_makeMsg)
                  7018c2b2    0000000e     --HOLE-- [fill = 0]
                  7018c2c0    0000006e     yis320_protocol.o (.text.find_frame_header_limited)
                  7018c32e    00000002     --HOLE-- [fill = 0]
                  7018c330    0000006a     drivers.am263px.r5f.ti-arm-clang.nortos.debug.lib : ipc_notify_v1.obj (.text.IpcNotify_mailboxReadSwQ)
                  7018c39a    00000006     --HOLE-- [fill = 0]
                  7018c3a0    00000068                                                       : edma.obj (.text.EDMA_getBaseAddr)
                  7018c408    00000008     --HOLE-- [fill = 0]
                  7018c410    00000068                                                       : uart_v0_lld.obj (.text.UART_divisorValCompute)
                  7018c478    00000008     --HOLE-- [fill = 0]
                  7018c480    00000068     imu_protocol_handler.o (.text.imu_protocol_get_state)
                  7018c4e8    00000008     --HOLE-- [fill = 0]
                  7018c4f0    00000064     drivers.am263px.r5f.ti-arm-clang.nortos.debug.lib : soc_rcm.obj (.text.SOC_rcmGetR5Clock)
                  7018c554    0000000c     --HOLE-- [fill = 0]
                  7018c560    00000064                                                       : soc_rcm.obj (.text.SOC_rcmIsR5FInLockStepMode)
                  7018c5c4    0000000c     --HOLE-- [fill = 0]
                  7018c5d0    00000064                                                       : uart_v0_lld.obj (.text.UART_fifoRegisterWrite)
                  7018c634    0000000c     --HOLE-- [fill = 0]
                  7018c640    00000064                                                       : uart_v0_lld.obj (.text.UART_lld_deInitDma)
                  7018c6a4    0000000c     --HOLE-- [fill = 0]
                  7018c6b0    00000064     imu_protocol_handler.o (.text.imu_protocol_process_uart_rx)
                  7018c714    0000000c     --HOLE-- [fill = 0]
                  7018c720    00000062     drivers.am263px.r5f.ti-arm-clang.nortos.debug.lib : mcan.obj (.text.MCAN_enableIntr)
                  7018c782    0000000e     --HOLE-- [fill = 0]
                  7018c790    00000062                                                       : mcan.obj (.text.MCAN_initTxBufElement)
                  7018c7f2    0000000e     --HOLE-- [fill = 0]
                  7018c800    00000062                                                       : soc_rcm.obj (.text.SOC_rcmInsert16)
                  7018c862    0000000e     --HOLE-- [fill = 0]
                  7018c870    00000062     nortos.am263px.r5f.ti-arm-clang.debug.lib : SemaphoreP_nortos.obj (.text.SemaphoreP_post)
                  7018c8d2    0000000e     --HOLE-- [fill = 0]
                  7018c8e0    00000060     drivers.am263px.r5f.ti-arm-clang.nortos.debug.lib : mcan.obj (.text.MCAN_selectIntrLine)
                  7018c940    00000060                                                       : uart_v0_lld.obj (.text.UART_getChar)
                  7018c9a0    00000060                                                       : uart_v0_lld.obj (.text.UART_writeData)
                  7018ca00    0000005e     yis320_protocol.o (.text.yis320_protocol_handler_init)
                  7018ca5e    00000002     --HOLE-- [fill = 0]
                  7018ca60    0000005c     ti_power_clock_config.o (.text.Module_clockSetFrequency)
                  7018cabc    00000004     --HOLE-- [fill = 0]
                  7018cac0    0000005c     drivers.am263px.r5f.ti-arm-clang.nortos.debug.lib : uart_v0_lld.obj (.text.UART_lld_deInit)
                  7018cb1c    00000004     --HOLE-- [fill = 0]
                  7018cb20    0000005a                                                       : uart_v0_lld.obj (.text.UART_regConfigModeEnable)
                  7018cb7a    00000006     --HOLE-- [fill = 0]
                  7018cb80    00000058                                                       : soc_rcm.obj (.text.SOC_rcmGetModuleClkDivVal)
                  7018cbd8    00000008     --HOLE-- [fill = 0]
                  7018cbe0    00000058     yis320_protocol.o (.text.parse_angular_velocity)
                  7018cc38    00000008     --HOLE-- [fill = 0]
                  7018cc40    00000058     yis320_protocol.o (.text.parse_euler_angles)
                  7018cc98    00000008     --HOLE-- [fill = 0]
                  7018cca0    00000056     drivers.am263px.r5f.ti-arm-clang.nortos.debug.lib : uart_v0.obj (.text.UART_lld_readCompleteCallback)
                  7018ccf6    0000000a     --HOLE-- [fill = 0]
                  7018cd00    00000056                                                       : uart_v0.obj (.text.UART_lld_writeCompleteCallback)
                  7018cd56    0000000a     --HOLE-- [fill = 0]
                  7018cd60    00000056     motor_mapping.o (.text.uint16_to_float)
                  7018cdb6    0000000a     --HOLE-- [fill = 0]
                  7018cdc0    00000056     yis320_protocol.o (.text.vtable_initialize)
                  7018ce16    0000000a     --HOLE-- [fill = 0]
                  7018ce20    00000054     ti_dpl_config.o (.text.Dpl_init)
                  7018ce74    0000000c     --HOLE-- [fill = 0]
                  7018ce80    00000054     drivers.am263px.r5f.ti-arm-clang.nortos.debug.lib : edma.obj (.text.EDMA_setPaRAM)
                  7018ced4    0000000c     --HOLE-- [fill = 0]
                  7018cee0    00000054                                                       : uart_v0_lld.obj (.text.UART_OperModeValid)
                  7018cf34    0000000c     --HOLE-- [fill = 0]
                  7018cf40    00000054     main.o (.text.main)
                  7018cf94    00000054     libc.a : autoinit.c.obj (.text:__TI_auto_init_nobinit_nopinit)
                  7018cfe8    00000008     --HOLE-- [fill = 0]
                  7018cff0    00000050     ti_drivers_open_close.o (.text.Drivers_uartClose)
                  7018d040    00000050     drivers.am263px.r5f.ti-arm-clang.nortos.debug.lib : pinmux.obj (.text.Pinmux_config)
                  7018d090    00000050                                                       : uart_v0_lld.obj (.text.UART_checkCharsAvailInFifo)
                  7018d0e0    00000050     main.o (.text.ipc_notify_callback_fxn)
                  7018d130    0000004e     nortos.am263px.r5f.ti-arm-clang.debug.lib : DebugP_shmLogWriter.obj (.text.DebugP_shmLogWriterInit)
                  7018d17e    00000002     --HOLE-- [fill = 0]
                  7018d180    0000004e     drivers.am263px.r5f.ti-arm-clang.nortos.debug.lib : edma.obj (.text.EDMA_clrEvtRegion)
                  7018d1ce    00000002     --HOLE-- [fill = 0]
                  7018d1d0    0000004e                                                       : edma.obj (.text.EDMA_disableDmaEvtRegion)
                  7018d21e    00000002     --HOLE-- [fill = 0]
                  7018d220    0000004e                                                       : edma.obj (.text.EDMA_disableEvtIntrRegion)
                  7018d26e    00000002     --HOLE-- [fill = 0]
                  7018d270    0000004e                                                       : edma.obj (.text.EDMA_enableDmaEvtRegion)
                  7018d2be    00000002     --HOLE-- [fill = 0]
                  7018d2c0    0000004e                                                       : edma.obj (.text.EDMA_enableEvtIntrRegion)
                  7018d30e    00000002     --HOLE-- [fill = 0]
                  7018d310    0000004e                                                       : edma.obj (.text.EDMA_setEvtRegion)
                  7018d35e    00000002     --HOLE-- [fill = 0]
                  7018d360    0000004e                                                       : gpio.obj (.text.GPIO_setDirMode)
                  7018d3ae    00000002     --HOLE-- [fill = 0]
                  7018d3b0    0000004e                                                       : mcan.obj (.text.MCAN_enableIntrLine)
                  7018d3fe    00000002     --HOLE-- [fill = 0]
                  7018d400    0000004c     nortos.am263px.r5f.ti-arm-clang.debug.lib : ClockP_nortos.obj (.text.ClockP_construct)
                  7018d44c    00000004     --HOLE-- [fill = 0]
                  7018d450    0000004c     drivers.am263px.r5f.ti-arm-clang.nortos.debug.lib : edma.obj (.text.EDMA_ccPaRAMEntry_init)
                  7018d49c    00000004     --HOLE-- [fill = 0]
                  7018d4a0    0000004c                                                       : edma.obj (.text.EDMA_mapQdmaChToPaRAM)
                  7018d4ec    00000004     --HOLE-- [fill = 0]
                  7018d4f0    0000004c                                                       : edma.obj (.text.EDMA_readEventStatusRegion)
                  7018d53c    00000004     --HOLE-- [fill = 0]
                  7018d540    0000004c                                                       : ipc_notify_v1.obj (.text.IpcNotify_unregisterClient)
                  7018d58c    00000004     --HOLE-- [fill = 0]
                  7018d590    0000004c     ti_power_clock_config.o (.text.Module_clockEnable)
                  7018d5dc    00000004     --HOLE-- [fill = 0]
                  7018d5e0    0000004c     gateway_shared.o (.text.gateway_update_stat)
                  7018d62c    0000004c     libc.a : memmov.c.obj (.text.memmove)
                  7018d678    00000008     --HOLE-- [fill = 0]
                  7018d680    0000004c     yis320_protocol.o (.text.parse_quaternion)
                  7018d6cc    00000004     --HOLE-- [fill = 0]
                  7018d6d0    0000004c     main.o (.text.timerISR)
                  7018d71c    00000004     --HOLE-- [fill = 0]
                  7018d720    0000004a     can_interface.o (.text.CAN_GetStats)
                  7018d76a    00000006     --HOLE-- [fill = 0]
                  7018d770    0000004a     drivers.am263px.r5f.ti-arm-clang.nortos.debug.lib : ipc_notify_v1.obj (.text.IpcNotify_Params_init)
                  7018d7ba    00000006     --HOLE-- [fill = 0]
                  7018d7c0    0000004a                                                       : soc_rcm.obj (.text.SOC_rcmGetCR5SysclkInFrequency)
                  7018d80a    00000006     --HOLE-- [fill = 0]
                  7018d810    0000004a                                                       : uart_v0_lld.obj (.text.UART_getIntrIdentityStatus)
                  7018d85a    00000006     --HOLE-- [fill = 0]
                  7018d860    0000004a                                                       : uart_v0_lld.obj (.text.UART_lineCharConfig)
                  7018d8aa    00000006     --HOLE-- [fill = 0]
                  7018d8b0    0000004a     main.o (.text.motor_get_index)
                  7018d8fa    00000006     --HOLE-- [fill = 0]
                  7018d900    00000048     can_interface.o (.text.CAN_RegisterRxCallback)
                  7018d948    00000008     --HOLE-- [fill = 0]
                  7018d950    00000048     drivers.am263px.r5f.ti-arm-clang.nortos.debug.lib : uart_v0_lld.obj (.text.UART_resetModule)
                  7018d998    00000008     --HOLE-- [fill = 0]
                  7018d9a0    00000046                                                       : uart_v0_lld.obj (.text.UART_i2310WA)
                  7018d9e6    0000000a     --HOLE-- [fill = 0]
                  7018d9f0    00000046                                                       : uart_v0_lld.obj (.text.UART_readLineStatus)
                  7018da36    0000000a     --HOLE-- [fill = 0]
                  7018da40    00000046     gateway_shared.o (.text.gateway_ringbuf_get_available)
                  7018da86    0000000a     --HOLE-- [fill = 0]
                  7018da90    00000046     imu_protocol_handler.o (.text.imu_protocol_handler_init)
                  7018dad6    0000000a     --HOLE-- [fill = 0]
                  7018dae0    00000044     drivers.am263px.r5f.ti-arm-clang.nortos.debug.lib : ipc_notify_v1.obj (.text.IpcNotify_getWriteMailbox)
                  7018db24    0000000c     --HOLE-- [fill = 0]
                  7018db30    00000044                                                       : soc_rcm.obj (.text.SOC_rcmExtract8)
                  7018db74    0000000c     --HOLE-- [fill = 0]
                  7018db80    00000044                                                       : soc_rcm.obj (.text.SOC_rcmMake16)
                  7018dbc4    0000000c     --HOLE-- [fill = 0]
                  7018dbd0    00000044     nortos.am263px.r5f.ti-arm-clang.debug.lib : SemaphoreP_nortos.obj (.text.SemaphoreP_construct)
                  7018dc14    0000000c     --HOLE-- [fill = 0]
                  7018dc20    00000044                                               : DebugP_nortos.obj (.text._DebugP_logZone)
                  7018dc64    0000000c     --HOLE-- [fill = 0]
                  7018dc70    00000044                                               : printf.obj (.text._strnlen_s)
                  7018dcb4    0000000c     --HOLE-- [fill = 0]
                  7018dcc0    00000042                                               : ClockP_nortos.obj (.text.ClockP_start)
                  7018dd02    0000000e     --HOLE-- [fill = 0]
                  7018dd10    00000042     drivers.am263px.r5f.ti-arm-clang.nortos.debug.lib : uart_v0.obj (.text.UART_checkOpenParams)
                  7018dd52    0000000e     --HOLE-- [fill = 0]
                  7018dd60    00000040     imu_protocol_handler.o (.text.imu_protocol_update_state)
                  7018dda0    0000003e     drivers.am263px.r5f.ti-arm-clang.nortos.debug.lib : pinmux.obj (.text.Pinmux_unlockMMR)
                  7018ddde    00000002     --HOLE-- [fill = 0]
                  7018dde0    0000003e                                                       : uart_v0_lld.obj (.text.UART_IsHWFlowCtrlValid)
                  7018de1e    00000002     --HOLE-- [fill = 0]
                  7018de20    0000003e                                                       : uart_v0_lld.obj (.text.UART_spaceAvail)
                  7018de5e    00000002     --HOLE-- [fill = 0]
                  7018de60    0000003e     gateway_shared.o (.text.gateway_core1_init)
                  7018de9e    00000002     --HOLE-- [fill = 0]
                  7018dea0    0000003e     gateway_shared.o (.text.gateway_update_heartbeat)
                  7018dede    00000002     --HOLE-- [fill = 0]
                  7018dee0    0000003c     drivers.am263px.r5f.ti-arm-clang.nortos.debug.lib : uart_v0_lld.obj (.text.UART_IsParityTypeValid)
                  7018df1c    00000004     --HOLE-- [fill = 0]
                  7018df20    0000003c                                                       : uart_v0_lld.obj (.text.UART_IsTxRxFifoEmpty)
                  7018df5c    00000004     --HOLE-- [fill = 0]
                  7018df60    0000003c                                                       : uart_v0_lld.obj (.text.UART_enhanFuncEnable)
                  7018df9c    00000004     --HOLE-- [fill = 0]
                  7018dfa0    0000003a                                                       : mcan.obj (.text.MCAN_txBufAddReq)
                  7018dfda    00000006     --HOLE-- [fill = 0]
                  7018dfe0    0000003a                                                       : soc.obj (.text.SOC_moduleSetClockFrequency)
                  7018e01a    00000006     --HOLE-- [fill = 0]
                  7018e020    0000003a     nortos.am263px.r5f.ti-arm-clang.debug.lib : printf.obj (.text._atoi)
                  7018e05a    00000006     --HOLE-- [fill = 0]
                  7018e060    0000003a     main.o (.text.check_motor_commands_available)
                  7018e09a    00000006     --HOLE-- [fill = 0]
                  7018e0a0    0000003a     main.o (.text.init_1000hz_timer)
                  7018e0da    00000006     --HOLE-- [fill = 0]
                  7018e0e0    0000003a     nortos.am263px.r5f.ti-arm-clang.debug.lib : printf.obj (.text.snprintf_)
                  7018e11a    00000006     --HOLE-- [fill = 0]
                  7018e120    00000038     drivers.am263px.r5f.ti-arm-clang.nortos.debug.lib : soc.obj (.text.SOC_getCoreName)
                  7018e158    00000038     nortos.am263px.r5f.ti-arm-clang.debug.lib : PmuP_armv7r_asm.obj (.text.pmu)
                  7018e190    00000038     yis320_protocol.o (.text.vtable_is_connected)
                  7018e1c8    00000008     --HOLE-- [fill = 0]
                  7018e1d0    00000036     drivers.am263px.r5f.ti-arm-clang.nortos.debug.lib : edma.obj (.text.EDMA_getRegionId)
                  7018e206    0000000a     --HOLE-- [fill = 0]
                  7018e210    00000036     can_interface.o (.text.GPIO_pinWriteLow)
                  7018e246    0000000a     --HOLE-- [fill = 0]
                  7018e250    00000036     ti_drivers_config.o (.text.GPIO_pinWriteLow)
                  7018e286    0000000a     --HOLE-- [fill = 0]
                  7018e290    00000036     drivers.am263px.r5f.ti-arm-clang.nortos.debug.lib : ipc_notify_v1.obj (.text.IpcNotify_syncCallback)
                  7018e2c6    0000000a     --HOLE-- [fill = 0]
                  7018e2d0    00000034                                                       : mcan.obj (.text.MCAN_SsAddr)
                  7018e304    0000000c     --HOLE-- [fill = 0]
                  7018e310    00000034                                                       : mcan.obj (.text.MCAN_calcCfgAddr)
                  7018e344    0000000c     --HOLE-- [fill = 0]
                  7018e350    00000034                                                       : pinmux.obj (.text.Pinmux_lockMMR)
                  7018e384    0000000c     --HOLE-- [fill = 0]
                  7018e390    00000034     nortos.am263px.r5f.ti-arm-clang.debug.lib : TimerP_rti_priv.obj (.text.TimerP_Params_initPriv)
                  7018e3c4    0000000c     --HOLE-- [fill = 0]
                  7018e3d0    00000034     drivers.am263px.r5f.ti-arm-clang.nortos.debug.lib : uart_v0_lld.obj (.text.UART_IsDataLengthValid)
                  7018e404    0000000c     --HOLE-- [fill = 0]
                  7018e410    00000034     motor_mapping.o (.text.motor_get_config)
                  7018e444    0000000c     --HOLE-- [fill = 0]
                  7018e450    00000032     drivers.am263px.r5f.ti-arm-clang.nortos.debug.lib : mcan.obj (.text.HW_WR_FIELD32_RAW)
                  7018e482    0000000e     --HOLE-- [fill = 0]
                  7018e490    00000032                                                       : uart_v0_lld.obj (.text.HW_WR_FIELD32_RAW)
                  7018e4c2    0000000e     --HOLE-- [fill = 0]
                  7018e4d0    00000032                                                       : ipc_notify_v1.obj (.text.IpcNotify_mailboxIsPendingIntr)
                  7018e502    0000000e     --HOLE-- [fill = 0]
                  7018e510    00000032                                                       : mcan.obj (.text.MCAN_isMemInitDone)
                  7018e542    0000000e     --HOLE-- [fill = 0]
                  7018e550    00000032     nortos.am263px.r5f.ti-arm-clang.debug.lib : TimerP_rti_priv.obj (.text.TimerP_getCountPriv)
                  7018e582    0000000e     --HOLE-- [fill = 0]
                  7018e590    00000032     drivers.am263px.r5f.ti-arm-clang.nortos.debug.lib : uart_v0_lld.obj (.text.UART_enhanFuncBitValRestore)
                  7018e5c2    0000000e     --HOLE-- [fill = 0]
                  7018e5d0    00000032                                                       : uart_v0_lld.obj (.text.UART_hardwareFlowCtrlOptSet)
                  7018e602    0000000e     --HOLE-- [fill = 0]
                  7018e610    00000030                                                       : ipc_notify_v1.obj (.text.IpcNotify_getReadSwQ)
                  7018e640    00000030                                                       : uart_v0_lld.obj (.text.UART_flowCtrlTrigLvlConfig)
                  7018e670    00000030     gateway_shared.o (.text.gateway_signal_motor_config_ready)
                  7018e6a0    0000002e     drivers.am263px.r5f.ti-arm-clang.nortos.debug.lib : uart_dma_edma.obj (.text.UART_lld_dmaInit)
                  7018e6ce    00000002     --HOLE-- [fill = 0]
                  7018e6d0    0000002e     nortos.am263px.r5f.ti-arm-clang.debug.lib : printf.obj (.text._is_digit)
                  7018e6fe    00000002     --HOLE-- [fill = 0]
                  7018e700    0000002c                                               : DebugP_log.obj (.text.DebugP_logZoneEnable)
                  7018e72c    00000004     --HOLE-- [fill = 0]
                  7018e730    0000002c     drivers.am263px.r5f.ti-arm-clang.nortos.debug.lib : ipc_notify_v1.obj (.text.IpcNotify_getReadMailbox)
                  7018e75c    00000004     --HOLE-- [fill = 0]
                  7018e760    0000002c                                                       : mcan.obj (.text.MCAN_clearNewDataStatus)
                  7018e78c    00000004     --HOLE-- [fill = 0]
                  7018e790    0000002c                                                       : mcan.obj (.text.MCAN_getNewDataStatus)
                  7018e7bc    00000004     --HOLE-- [fill = 0]
                  7018e7c0    0000002c     nortos.am263px.r5f.ti-arm-clang.debug.lib : SemaphoreP_nortos.obj (.text.SemaphoreP_constructBinary)
                  7018e7ec    00000004     --HOLE-- [fill = 0]
                  7018e7f0    0000002c     yis320_protocol.o (.text.vtable_deinit)
                  7018e81c    00000004     --HOLE-- [fill = 0]
                  7018e820    0000002a     nortos.am263px.r5f.ti-arm-clang.debug.lib : ClockP_nortos.obj (.text.ClockP_sleepTicks)
                  7018e84a    00000006     --HOLE-- [fill = 0]
                  7018e850    0000002a     drivers.am263px.r5f.ti-arm-clang.nortos.debug.lib : uart_v0_lld.obj (.text.UART_intr2Disable)
                  7018e87a    00000006     --HOLE-- [fill = 0]
                  7018e880    0000002a                                                       : uart_v0_lld.obj (.text.UART_operatingModeSelect)
                  7018e8aa    00000006     --HOLE-- [fill = 0]
                  7018e8b0    0000002a     imu_protocol_handler.o (.text.imu_process_rx_data)
                  7018e8da    00000006     --HOLE-- [fill = 0]
                  7018e8e0    00000028     nortos.am263px.r5f.ti-arm-clang.debug.lib : CpuId_armv7r.obj (.text.CSL_armR5GetCpuID)
                  7018e908    00000008     --HOLE-- [fill = 0]
                  7018e910    00000028                                               : printf.obj (.text.vprintf_)
                  7018e938    00000008     --HOLE-- [fill = 0]
                  7018e940    00000026     drivers.am263px.r5f.ti-arm-clang.nortos.debug.lib : edma.obj (.text.EDMA_disableQdmaEvtRegion)
                  7018e966    0000000a     --HOLE-- [fill = 0]
                  7018e970    00000026                                                       : edma.obj (.text.EDMA_enableQdmaEvtRegion)
                  7018e996    0000000a     --HOLE-- [fill = 0]
                  7018e9a0    00000026                                                       : edma.obj (.text.EDMA_validateIntrObject)
                  7018e9c6    0000000a     --HOLE-- [fill = 0]
                  7018e9d0    00000026     ti_drivers_config.o (.text.IpcNotify_allocSwQueue)
                  7018e9f6    0000000a     --HOLE-- [fill = 0]
                  7018ea00    00000026     nortos.am263px.r5f.ti-arm-clang.debug.lib : printf.obj (.text._out_buffer)
                  7018ea26    0000000a     --HOLE-- [fill = 0]
                  7018ea30    00000024     ti_drivers_config.o (.text.IpcNotify_getConfig)
                  7018ea54    0000000c     --HOLE-- [fill = 0]
                  7018ea60    00000024     nortos.am263px.r5f.ti-arm-clang.debug.lib : SemaphoreP_nortos.obj (.text.SemaphoreP_constructMutex)
                  7018ea84    0000000c     --HOLE-- [fill = 0]
                  7018ea90    00000024     drivers.am263px.r5f.ti-arm-clang.nortos.debug.lib : uart_v0_lld.obj (.text.UART_IsRxTrigLvlValid)
                  7018eab4    0000000c     --HOLE-- [fill = 0]
                  7018eac0    00000024                                                       : uart_v0_lld.obj (.text.UART_IsStopBitsValid)
                  7018eae4    0000000c     --HOLE-- [fill = 0]
                  7018eaf0    00000024                                                       : uart_v0_lld.obj (.text.UART_IsTxTrigLvlValid)
                  7018eb14    0000000c     --HOLE-- [fill = 0]
                  7018eb20    00000024                                                       : uart_v0.obj (.text.UART_getBaseAddr)
                  7018eb44    00000024     libclang_rt.builtins.a : aeabi_uldivmod.S.obj (.text.__aeabi_uldivmod)
                  7018eb68    00000008     --HOLE-- [fill = 0]
                  7018eb70    00000024     nortos.am263px.r5f.ti-arm-clang.debug.lib : printf.obj (.text._out_char)
                  7018eb94    0000000c     --HOLE-- [fill = 0]
                  7018eba0    00000022     drivers.am263px.r5f.ti-arm-clang.nortos.debug.lib : edma.obj (.text.EDMA_channelToParamMap)
                  7018ebc2    0000000e     --HOLE-- [fill = 0]
                  7018ebd0    00000022     gateway_shared.o (.text.gateway_ringbuf_core1_receive)
                  7018ebf2    0000000e     --HOLE-- [fill = 0]
                  7018ec00    00000020     nortos.am263px.r5f.ti-arm-clang.debug.lib : ClockP_nortos.obj (.text.ClockP_isActive)
                  7018ec20    00000020                                               : ClockP_nortos.obj (.text.ClockP_usecToTicks)
                  7018ec40    00000020     drivers.am263px.r5f.ti-arm-clang.nortos.debug.lib : mcan.obj (.text.HW_RD_FIELD32_RAW)
                  7018ec60    00000020                                                       : uart_v0_lld.obj (.text.HW_RD_FIELD32_RAW)
                  7018ec80    0000001e     nortos.am263px.r5f.ti-arm-clang.debug.lib : ClockP_nortos.obj (.text.ClockP_Params_init)
                  7018ec9e    00000002     --HOLE-- [fill = 0]
                  7018eca0    0000001e     drivers.am263px.r5f.ti-arm-clang.nortos.debug.lib : edma.obj (.text.EDMA_getEventStatusHigh)
                  7018ecbe    00000002     --HOLE-- [fill = 0]
                  7018ecc0    0000001e                                                       : mcan.obj (.text.MCAN_setOpMode)
                  7018ecde    00000002     --HOLE-- [fill = 0]
                  7018ece0    0000001e                                                       : soc.obj (.text.SOC_getSelfCpuClk)
                  7018ecfe    00000002     --HOLE-- [fill = 0]
                  7018ed00    0000001e                                                       : soc.obj (.text.SOC_moduleClockEnable)
                  7018ed1e    00000002     --HOLE-- [fill = 0]
                  7018ed20    0000001e     ti_dpl_config.o (.text.TimerP_isr0)
                  7018ed3e    00000002     --HOLE-- [fill = 0]
                  7018ed40    0000001e     drivers.am263px.r5f.ti-arm-clang.nortos.debug.lib : uart_v0_lld.obj (.text.UART_breakCtl)
                  7018ed5e    00000002     --HOLE-- [fill = 0]
                  7018ed60    0000001e                                                       : uart_v0_lld.obj (.text.UART_lld_Transaction_deInit)
                  7018ed7e    00000002     --HOLE-- [fill = 0]
                  7018ed80    0000001c                                                       : edma.obj (.text.EDMA_getEventStatus)
                  7018ed9c    00000004     --HOLE-- [fill = 0]
                  7018eda0    0000001c                                                       : mcan.obj (.text.MCAN_writeProtectedRegAccessLock)
                  7018edbc    00000004     --HOLE-- [fill = 0]
                  7018edc0    0000001c                                                       : mcan.obj (.text.MCAN_writeProtectedRegAccessUnlock)
                  7018eddc    00000004     --HOLE-- [fill = 0]
                  7018ede0    0000001c                                                       : uart_v0_lld.obj (.text.UART_IsParameter)
                  7018edfc    0000001c     libc.a : memcpy32.S.obj (.text:TI_memcpy_small)
                  7018ee18    00000008     --HOLE-- [fill = 0]
                  7018ee20    0000001a     drivers.am263px.r5f.ti-arm-clang.nortos.debug.lib : mcan.obj (.text.MCAN_clearIntrStatus)
                  7018ee3a    00000006     --HOLE-- [fill = 0]
                  7018ee40    0000001a                                                       : mcan.obj (.text.MCAN_getOpMode)
                  7018ee5a    00000006     --HOLE-- [fill = 0]
                  7018ee60    0000001a                                                       : uart_v0_lld.obj (.text.UART_fifoCharGet)
                  7018ee7a    00000006     --HOLE-- [fill = 0]
                  7018ee80    0000001a                                                       : uart_v0_lld.obj (.text.UART_timeGuardConfig)
                  7018ee9a    00000006     --HOLE-- [fill = 0]
                  7018eea0    00000018     nortos.am263px.r5f.ti-arm-clang.debug.lib : ClockP_nortos.obj (.text.ClockP_ticksToUsec)
                  7018eeb8    00000008     --HOLE-- [fill = 0]
                  7018eec0    00000018     drivers.am263px.r5f.ti-arm-clang.nortos.debug.lib : edma.obj (.text.EDMA_isInterruptEnabled)
                  7018eed8    00000008     --HOLE-- [fill = 0]
                  7018eee0    00000018                                                       : ipc_notify_v1.obj (.text.IpcNotify_mailboxClearAllInt)
                  7018eef8    00000008     --HOLE-- [fill = 0]
                  7018ef00    00000018                                                       : ipc_notify_v1_cfg.obj (.text.IpcNotify_trigInterrupt)
                  7018ef18    00000008     --HOLE-- [fill = 0]
                  7018ef20    00000018     nortos.am263px.r5f.ti-arm-clang.debug.lib : SemaphoreP_nortos.obj (.text.SemaphoreP_Params_init)
                  7018ef38    00000008     --HOLE-- [fill = 0]
                  7018ef40    00000018                                               : TimerP_rti_priv.obj (.text.TimerP_getReloadCountPriv)
                  7018ef58    00000008     --HOLE-- [fill = 0]
                  7018ef60    00000018     drivers.am263px.r5f.ti-arm-clang.nortos.debug.lib : uart_v0_lld.obj (.text.UART_divisorLatchDisable)
                  7018ef78    00000008     --HOLE-- [fill = 0]
                  7018ef80    00000018                                                       : uart_v0_lld.obj (.text.UART_modemControlReset)
                  7018ef98    00000008     --HOLE-- [fill = 0]
                  7018efa0    00000018                                                       : uart_v0_lld.obj (.text.UART_putChar)
                  7018efb8    00000018     libc.a : memset32.S.obj (.text:TI_memset_small)
                  7018efd0    00000016     drivers.am263px.r5f.ti-arm-clang.nortos.debug.lib : ipc_notify_v1.obj (.text.IpcNotify_sendSync)
                  7018efe6    0000000a     --HOLE-- [fill = 0]
                  7018eff0    00000016                                                       : mcan.obj (.text.MCAN_getIntrStatus)
                  7018f006    0000000a     --HOLE-- [fill = 0]
                  7018f010    00000016     nortos.am263px.r5f.ti-arm-clang.debug.lib : TimerP_rti_priv.obj (.text.TimerP_startPriv)
                  7018f026    0000000a     --HOLE-- [fill = 0]
                  7018f030    00000016                                               : TimerP_rti_priv.obj (.text.TimerP_stopPriv)
                  7018f046    0000000a     --HOLE-- [fill = 0]
                  7018f050    00000016     drivers.am263px.r5f.ti-arm-clang.nortos.debug.lib : uart_v0_lld.obj (.text.UART_divideRoundCloset)
                  7018f066    0000000a     --HOLE-- [fill = 0]
                  7018f070    00000016                                                       : uart_v0_lld.obj (.text.UART_regConfModeRestore)
                  7018f086    0000000a     --HOLE-- [fill = 0]
                  7018f090    00000014                                                       : edma.obj (.text.HW_WR_REG16_RAW)
                  7018f0a4    0000000c     --HOLE-- [fill = 0]
                  7018f0b0    00000014                                                       : ipc_notify_v1.obj (.text.IpcNotify_mailboxClearPendingIntr)
                  7018f0c4    0000000c     --HOLE-- [fill = 0]
                  7018f0d0    00000014                                                       : soc_rcm.obj (.text.SOC_rcmGetModuleClkDivFromRegVal)
                  7018f0e4    0000000c     --HOLE-- [fill = 0]
                  7018f0f0    00000014     nortos.am263px.r5f.ti-arm-clang.debug.lib : TimerP_rti_priv.obj (.text.TimerP_clearOverflowIntPriv)
                  7018f104    0000000c     --HOLE-- [fill = 0]
                  7018f110    00000014                                               : TimerP_rti_nortos.obj (.text.TimerP_setup)
                  7018f124    0000000c     --HOLE-- [fill = 0]
                  7018f130    00000014     ti_dpl_config.o (.text.putchar_)
                  7018f144    0000000c     --HOLE-- [fill = 0]
                  7018f150    00000012     ti_pinmux_config.o (.text.Pinmux_init)
                  7018f162    0000000e     --HOLE-- [fill = 0]
                  7018f170    00000012     gateway_shared.o (.text.gateway_check_emergency_stop)
                  7018f182    0000000e     --HOLE-- [fill = 0]
                  7018f190    00000012     gateway_shared.o (.text.gateway_ringbuf_core1_get_available)
                  7018f1a2    0000000e     --HOLE-- [fill = 0]
                  7018f1b0    00000012     imu_protocol_handler.o (.text.imu_initialize)
                  7018f1c2    0000000e     --HOLE-- [fill = 0]
                  7018f1d0    00000012     imu_interface_isr.o (.text.imu_uart_is_initialized)
                  7018f1e2    0000000e     --HOLE-- [fill = 0]
                  7018f1f0    00000012     yis320_protocol.o (.text.yis320_get_timestamp_ms)
                  7018f202    0000000e     --HOLE-- [fill = 0]
                  7018f210    00000010     can_interface.o (.text.CSL_REG32_WR_RAW)
                  7018f220    00000010     drivers.am263px.r5f.ti-arm-clang.nortos.debug.lib : pinmux.obj (.text.CSL_REG32_WR_RAW)
                  7018f230    00000010                                                       : soc.obj (.text.CSL_REG32_WR_RAW)
                  7018f240    00000010     ti_drivers_config.o (.text.CSL_REG32_WR_RAW)
                  7018f250    00000010     nortos.am263px.r5f.ti-arm-clang.debug.lib : ClockP_nortos_r5.obj (.text.ClockP_getTimerCount)
                  7018f260    00000010                                               : ClockP_nortos_r5.obj (.text.ClockP_timerClearOverflowInt)
                  7018f270    00000010     drivers.am263px.r5f.ti-arm-clang.nortos.debug.lib : edma.obj (.text.HW_RD_REG32_RAW)
                  7018f280    00000010                                                       : mcan.obj (.text.HW_RD_REG32_RAW)
                  7018f290    00000010                                                       : uart_v0_lld.obj (.text.HW_RD_REG32_RAW)
                  7018f2a0    00000010                                                       : edma.obj (.text.HW_WR_REG32_RAW)
                  7018f2b0    00000010                                                       : mcan.obj (.text.HW_WR_REG32_RAW)
                  7018f2c0    00000010                                                       : uart_v0_lld.obj (.text.HW_WR_REG32_RAW)
                  7018f2d0    00000010                                                       : ipc_notify_v1.obj (.text.IpcNotify_mailboxGetPendingIntr)
                  7018f2e0    00000010     nortos.am263px.r5f.ti-arm-clang.debug.lib : TimerP_rti_nortos.obj (.text.TimerP_Params_init)
                  7018f2f0    00000010                                               : TimerP_rti_nortos.obj (.text.TimerP_clearOverflowInt)
                  7018f300    00000010                                               : TimerP_rti_nortos.obj (.text.TimerP_getCount)
                  7018f310    00000010                                               : TimerP_rti_nortos.obj (.text.TimerP_getReloadCount)
                  7018f320    00000010                                               : TimerP_rti_nortos.obj (.text.TimerP_start)
                  7018f330    00000010                                               : printf.obj (.text._out_null)
                  7018f340    00000010     gateway_shared.o (.text.gateway_notify_imu_ready)
                  7018f350    00000010     gateway_shared.o (.text.gateway_notify_states_ready)
                  7018f360    0000000e     yis320_protocol.o (.text.yis320_uart_configure)
                  7018f36e    00000002     --HOLE-- [fill = 0]
                  7018f370    0000000c     ti_board_open_close.o (.text.Board_driversOpen)
                  7018f37c    00000004     --HOLE-- [fill = 0]
                  7018f380    0000000c     nortos.am263px.r5f.ti-arm-clang.debug.lib : ClockP_nortos.obj (.text.ClockP_getTicks)
                  7018f38c    00000004     --HOLE-- [fill = 0]
                  7018f390    0000000c     ti_drivers_open_close.o (.text.Drivers_open)
                  7018f39c    00000004     --HOLE-- [fill = 0]
                  7018f3a0    0000000c     ti_power_clock_config.o (.text.PowerClock_init)
                  7018f3ac    00000004     --HOLE-- [fill = 0]
                  7018f3b0    0000000c     yis320_protocol.o (.text.vtable_read_data)
                  7018f3bc    00000004     --HOLE-- [fill = 0]
                  7018f3c0    0000000a     nortos.am263px.r5f.ti-arm-clang.debug.lib : HwiP_armv7r_vim.obj (.text.Hwip_dataAndInstructionBarrier)
                  7018f3ca    00000006     --HOLE-- [fill = 0]
                  7018f3d0    0000000a     drivers.am263px.r5f.ti-arm-clang.nortos.debug.lib : ipc_notify_v1.obj (.text.IpcNotify_dataAndInstructionBarrier)
                  7018f3da    00000006     --HOLE-- [fill = 0]
                  7018f3e0    0000000a                                                       : soc_rcm.obj (.text.SOC_rcmGetBaseAddressMSSRCM)
                  7018f3ea    00000006     --HOLE-- [fill = 0]
                  7018f3f0    0000000a                                                       : uart_dma_edma.obj (.text.UART_edmaDoNothing)
                  7018f3fa    00000006     --HOLE-- [fill = 0]
                  7018f400    0000000a     gateway_shared.o (.text.gateway_memory_barrier)
                  7018f40a    00000006     --HOLE-- [fill = 0]
                  7018f410    0000000a     gateway_shared.o (.text.ringbuf_get_ptr)
                  7018f41a    00000006     --HOLE-- [fill = 0]
                  7018f420    00000008     ti_drivers_config.o (.text.Drivers_uartInit)
                  7018f428    00000008     --HOLE-- [fill = 0]
                  7018f430    00000008     drivers.am263px.r5f.ti-arm-clang.nortos.debug.lib : soc_rcm.obj (.text.SOC_rcmGetBaseAddressMSSCTRL)
                  7018f438    00000008     --HOLE-- [fill = 0]
                  7018f440    00000008                                                       : soc_rcm.obj (.text.SOC_rcmGetBaseAddressTOPRCM)
                  7018f448    00000008     --HOLE-- [fill = 0]
                  7018f450    00000008     nortos.am263px.r5f.ti-arm-clang.debug.lib : SemaphoreP_nortos.obj (.text.SemaphoreP_destruct)
                  7018f458    00000008     --HOLE-- [fill = 0]
                  7018f460    00000002     ti_board_open_close.o (.text.Board_driversClose)
                  7018f462    0000000e     --HOLE-- [fill = 0]
                  7018f470    00000002     ti_board_config.o (.text.Board_init)
                  7018f472    0000000e     --HOLE-- [fill = 0]
                  7018f480    00000002     ti_drivers_open_close.o (.text.Drivers_mcanOpen)
                  7018f482    0000000e     --HOLE-- [fill = 0]
                  7018f490    00000002     drivers.am263px.r5f.ti-arm-clang.nortos.debug.lib : ipc_notify_v1_cfg.obj (.text.IpcNotify_wait)
                  7018f492    0000000e     --HOLE-- [fill = 0]
                  7018f4a0    00000002     nortos.am263px.r5f.ti-arm-clang.debug.lib : TaskP_nortos.obj (.text.TaskP_yield)
                  7018f4a2    0000000e     --HOLE-- [fill = 0]

.rodata    0    7018f4b0    00002508     
                  7018f4b0    00000450     motor_mapping.o (.rodata.motor_config_table)
                  7018f900    00000084     ti_dpl_config.o (.rodata.cfg)
                  7018f984    00000062     main.o (.rodata.str1.11321157723316767883.1)
                  7018f9e6    0000005e     main.o (.rodata.str1.15996357275703397564.1)
                  7018fa44    0000005d     main.o (.rodata.str1.2563708670032483588.1)
                  7018faa1    00000007     drivers.am263px.r5f.ti-arm-clang.nortos.debug.lib : soc.obj (.rodata.str1.12179086363571468349.1)
                  7018faa8    00000050     nortos.am263px.r5f.ti-arm-clang.debug.lib : printf.obj (.rodata._ftoa.pow10)
                  7018faf8    0000004d     gateway_shared.o (.rodata.str1.3223734256326991069.1)
                  7018fb45    0000004c     main.o (.rodata.str1.10224226614597680209.1)
                  7018fb91    0000004c     main.o (.rodata.str1.5630281060179367396.1)
                  7018fbdd    0000004a     main.o (.rodata.str1.2597068879322958637.1)
                  7018fc27    00000049     can_interface.o (.rodata.str1.2401924719955226879.1)
                  7018fc70    00000048     drivers.am263px.r5f.ti-arm-clang.nortos.debug.lib : soc_rcm.obj (.rodata.gADPLLJConfigTbl)
                  7018fcb8    00000045     can_interface.o (.rodata.str1.17857559882412085052.1)
                  7018fcfd    00000043     main.o (.rodata.str1.10313062130652730376.1)
                  7018fd40    00000042     main.o (.rodata.str1.11702106008850790973.1)
                  7018fd82    00000042     main.o (.rodata.str1.2256192789054937243.1)
                  7018fdc4    00000041     main.o (.rodata.str1.16265332423659789559.1)
                  7018fe05    00000003     can_interface.o (.rodata.str1.15257894921296593044.1)
                  7018fe08    00000040     drivers.am263px.r5f.ti-arm-clang.nortos.debug.lib : mcan.obj (.rodata.gDataSize)
                  7018fe48    00000040                                                       : ipc_notify_v1.obj (.rodata.str1.10118846006578224169.1)
                  7018fe88    00000040     gateway_shared.o (.rodata.str1.1309647279537151951.1)
                  7018fec8    0000003f     main.o (.rodata.str1.16302215771116645891.1)
                  7018ff07    0000003f     main.o (.rodata.str1.17770841602246103764.1)
                  7018ff46    0000003e     imu_interface_isr.o (.rodata.str1.2252785669688110604.1)
                  7018ff84    0000003d     main.o (.rodata.str1.10720410773482754683.1)
                  7018ffc1    0000003d     nortos.am263px.r5f.ti-arm-clang.debug.lib : TimerP_rti_priv.obj (.rodata.str1.11388379688747141303.1)
                  7018fffe    0000003d     main.o (.rodata.str1.13782249893155712474.1)
                  7019003b    0000003c     main.o (.rodata.str1.8108965883388295311.1)
                  70190077    0000003b     can_interface.o (.rodata.str1.13886886582160776261.1)
                  701900b2    00000039     can_interface.o (.rodata.str1.13942422985958650841.1)
                  701900eb    00000039     can_interface.o (.rodata.str1.15906871730334742222.1)
                  70190124    00000039     can_interface.o (.rodata.str1.16770118065840302171.1)
                  7019015d    00000038     gateway_shared.o (.rodata.str1.8694082244888993162.1)
                  70190195    00000038     imu_interface_isr.o (.rodata.str1.9168798226845388136.1)
                  701901cd    00000037     gateway_shared.o (.rodata.str1.10638658715010209595.1)
                  70190204    00000037     can_interface.o (.rodata.str1.17102373369105828453.1)
                  7019023b    00000037     main.o (.rodata.str1.3530083166107438000.1)
                  70190272    00000037     gateway_shared.o (.rodata.str1.5629998949668554045.1)
                  701902a9    00000036     can_interface.o (.rodata.str1.10186677634541030339.1)
                  701902df    00000036     imu_interface_isr.o (.rodata.str1.13916086747295221358.1)
                  70190315    00000036     can_interface.o (.rodata.str1.15146467347084621569.1)
                  7019034b    00000035     can_interface.o (.rodata.str1.11434220007320834734.1)
                  70190380    00000035     main.o (.rodata.str1.16631870348416990953.1)
                  701903b5    00000035     can_interface.o (.rodata.str1.6692020027550076815.1)
                  701903ea    00000035     ti_drivers_open_close.o (.rodata.str1.871795152488895636.1)
                  7019041f    00000035     main.o (.rodata.str1.9059077390166914652.1)
                  70190454    00000034     main.o (.rodata.str1.11121730273200050387.1)
                  70190488    00000034     main.o (.rodata.str1.13288086030101331538.1)
                  701904bc    00000034     main.o (.rodata.str1.14112174005742061988.1)
                  701904f0    00000034     main.o (.rodata.str1.17376258722486336754.1)
                  70190524    00000034     main.o (.rodata.str1.18092426736022315238.1)
                  70190558    00000034     main.o (.rodata.str1.6365796992934770792.1)
                  7019058c    00000034     main.o (.rodata.str1.6891813955777630061.1)
                  701905c0    00000033     can_interface.o (.rodata.str1.13538652865395202372.1)
                  701905f3    00000033     can_interface.o (.rodata.str1.2569929632086669665.1)
                  70190626    00000033     main.o (.rodata.str1.489408286258209761.1)
                  70190659    00000033     main.o (.rodata.str1.6976963560179378225.1)
                  7019068c    00000032     can_interface.o (.rodata.str1.2296911319530636772.1)
                  701906be    00000031     can_interface.o (.rodata.str1.4211222669969280216.1)
                  701906ef    00000031     gateway_shared.o (.rodata.str1.6121471336334202706.1)
                  70190720    00000031     motor_mapping.o (.rodata.str1.8787205977826144616.1)
                  70190751    00000030     can_interface.o (.rodata.str1.10130696897761414469.1)
                  70190781    00000030     can_interface.o (.rodata.str1.2167712102046818855.1)
                  701907b1    00000030     imu_interface_isr.o (.rodata.str1.4417852805959727765.1)
                  701907e1    00000030     main.o (.rodata.str1.4787932902692149498.1)
                  70190811    00000030     main.o (.rodata.str1.8154729771448623357.1)
                  70190841    0000002f     main.o (.rodata.str1.10865113624938808685.1)
                  70190870    0000002f     main.o (.rodata.str1.11870794119293528247.1)
                  7019089f    0000002f     can_interface.o (.rodata.str1.15094798983471906066.1)
                  701908ce    0000002f     gateway_shared.o (.rodata.str1.3129942817937968154.1)
                  701908fd    0000002f     main.o (.rodata.str1.6554448696319176064.1)
                  7019092c    0000002f     drivers.am263px.r5f.ti-arm-clang.nortos.debug.lib : ipc_notify_v1.obj (.rodata.str1.9418228565027791152.1)
                  7019095b    0000002e     main.o (.rodata.str1.10753028060609409702.1)
                  70190989    0000002e     can_interface.o (.rodata.str1.11024350005305706282.1)
                  701909b7    0000002e     gateway_shared.o (.rodata.str1.11051107022181534624.1)
                  701909e5    0000002e     main.o (.rodata.str1.14079361385603432444.1)
                  70190a13    0000002e     main.o (.rodata.str1.7996925722583989644.1)
                  70190a41    0000002e     gateway_shared.o (.rodata.str1.9859227269409816370.1)
                  70190a6f    0000002d     main.o (.rodata.str1.11777244287787065045.1)
                  70190a9c    0000002d     main.o (.rodata.str1.14466178792657420020.1)
                  70190ac9    0000002d     can_interface.o (.rodata.str1.150960857071891705.1)
                  70190af6    0000002d     main.o (.rodata.str1.5043408953494467246.1)
                  70190b23    0000002d     can_interface.o (.rodata.str1.6401568125276999251.1)
                  70190b50    0000002d     can_interface.o (.rodata.str1.6531933829109918715.1)
                  70190b7d    0000002c     can_interface.o (.rodata.str1.14845445665763636722.1)
                  70190ba9    0000002c     main.o (.rodata.str1.2763581881760962609.1)
                  70190bd5    0000002c     gateway_shared.o (.rodata.str1.7167262159681625771.1)
                  70190c01    0000002b     main.o (.rodata.str1.18227636981041470289.1)
                  70190c2c    0000002b     can_interface.o (.rodata.str1.3858671167962548137.1)
                  70190c57    0000002b     can_interface.o (.rodata.str1.5571669369711139161.1)
                  70190c82    0000002a     can_interface.o (.rodata.str1.17855712168153945246.1)
                  70190cac    0000002a     nortos.am263px.r5f.ti-arm-clang.debug.lib : DebugP_log.obj (.rodata.str1.227947788441500939.1)
                  70190cd6    0000002a     main.o (.rodata.str1.2846389346932560359.1)
                  70190d00    0000002a     main.o (.rodata.str1.8096991282711418442.1)
                  70190d2a    00000029     imu_interface_isr.o (.rodata.str1.15503275091179387347.1)
                  70190d53    00000029     can_interface.o (.rodata.str1.357542981605220142.1)
                  70190d7c    00000029     main.o (.rodata.str1.39260288392874984.1)
                  70190da5    00000029     can_interface.o (.rodata.str1.6910353934698693424.1)
                  70190dce    00000029     can_interface.o (.rodata.str1.7679921882182829519.1)
                  70190df7    00000029     main.o (.rodata.str1.8076846746581808073.1)
                  70190e20    00000028     main.o (.rodata.str1.11822182024223342093.1)
                  70190e48    00000028     main.o (.rodata.str1.13030671760666898970.1)
                  70190e70    00000028     main.o (.rodata.str1.1311392489248731986.1)
                  70190e98    00000028     main.o (.rodata.str1.15159059442110792349.1)
                  70190ec0    00000027     nortos.am263px.r5f.ti-arm-clang.debug.lib : ClockP_nortos_r5.obj (.rodata.str1.12743090444791882666.1)
                  70190ee7    00000027     main.o (.rodata.str1.14032527501195285070.1)
                  70190f0e    00000027     main.o (.rodata.str1.17045314124001216156.1)
                  70190f35    00000027     main.o (.rodata.str1.403738606202455663.1)
                  70190f5c    00000027     main.o (.rodata.str1.7784929982665794503.1)
                  70190f83    00000026     can_interface.o (.rodata.str1.14406550278730177052.1)
                  70190fa9    00000026     gateway_shared.o (.rodata.str1.17046880449980016103.1)
                  70190fcf    00000026     gateway_shared.o (.rodata.str1.5761821093615868877.1)
                  70190ff5    00000026     can_interface.o (.rodata.str1.6806839034663112933.1)
                  7019101b    00000025     main.o (.rodata.str1.10635229749459437609.1)
                  70191040    00000025     main.o (.rodata.str1.2123964117280943167.1)
                  70191065    00000025     main.o (.rodata.str1.8828068777338075035.1)
                  7019108a    00000024     can_interface.o (.rodata.str1.14428574951410983152.1)
                  701910ae    00000024     can_interface.o (.rodata.str1.17339864536769639315.1)
                  701910d2    00000024     imu_interface_isr.o (.rodata.str1.6306445455767916371.1)
                  701910f6    00000024     main.o (.rodata.str1.7702501944640899365.1)
                  7019111a    00000024     main.o (.rodata.str1.8428454045432808059.1)
                  7019113e    00000023     drivers.am263px.r5f.ti-arm-clang.nortos.debug.lib : soc_rcm.obj (.rodata.str1.2078190104202520215.1)
                  70191161    00000023     nortos.am263px.r5f.ti-arm-clang.debug.lib : ClockP_nortos_r5.obj (.rodata.str1.7689125538912326484.1)
                  70191184    00000022     drivers.am263px.r5f.ti-arm-clang.nortos.debug.lib : edma.obj (.rodata.str1.12976018205622752890.1)
                  701911a6    00000022     main.o (.rodata.str1.2624144126699937905.1)
                  701911c8    00000021     can_interface.o (.rodata.str1.12573338884863454617.1)
[...]
00000000  __TI_ATRegion1_trg_addr              
00000000  __TI_ATRegion2_region_sz             
00000000  __TI_ATRegion2_src_addr              
00000000  __TI_ATRegion2_trg_addr              
00000000  __TI_static_base__                   
00000000  _vectors                             
00000100  __ABORT_STACK_SIZE                   
00000100  __FIQ_STACK_SIZE                     
00000100  __IRQ_STACK_SIZE                     
00000100  __UNDEFINED_STACK_SIZE               
00001000  __SVC_STACK_SIZE                     
00004000  __STACK_SIZE                         
70180a34  __aeabi_memclr                       
70180a34  __aeabi_memclr4                      
70180a34  __aeabi_memclr8                      
70181888  C$$EXIT                              
70181888  HOSTexit                             
70181891  SOC_rcmEnablePeripheralClock         
70181ec8  __aeabi_ldiv0                        
70181ecc  __aeabi_memcpy                       
70181ecc  __aeabi_memcpy4                      
70181ecc  __aeabi_memcpy8                      
701824c4  CSL_armR5ReadMpidrReg                
70182ab4  __aeabi_memmove                      
70182ab4  __aeabi_memmove4                     
70182ab4  __aeabi_memmove8                     
70183381  UART_open                            
70183781  IpcNotify_init                       
70184251  SOC_virtToPhy                        
70184561  motor_mapping_init_core1             
70184861  MCAN_msgRAMConfig                    
701858f1  CAN_TransmitBatch                    
70185b21  UART_lld_dmaDeInit                   
70185d51  IpcNotify_isr                        
70185f81  TimerP_setupPriv                     
70186161  UART_lld_dmaWrite                    
70186311  UART_close                           
701864c1  UART_lld_controllerIsr               
70186661  CAN_StartRxInterrupts                
70186981  MCAN_calcMsgRamParamsStartAddr       
70186b11  EDMA_unregisterIntr                  
70186c81  SOC_controlModuleUnlockMMR           
70186de1  CAN_Init                             
70186f41  UART_lld_initDma                     
701870a1  DebugP_shmLogWriterPutChar           
70187491  MCAN_setBitTime                      
70187731  imu_uart_isr_init                    
701879c1  MCAN_readMsgRam                      
70187c41  ClockP_init                          
70187d81  UART_procLineStatusErr               
70187ec1  EDMA_registerIntr                    
70188001  MCAN_init                            
70188141  UART_lld_init                        
70188271  MCAN_config                          
701883a1  SOC_controlModuleLockMMR             
701884d1  SOC_rcmGetPeripheralClockFrequency   
70188711  DebugP_shmLogWriterPutLine           
70188831  UART_lld_dmaRead                     
7018894c  __udivmoddi4                         
70188ee1  IpcNotify_sendMsg                    
70189101  GPIO_init                            
70189211  SemaphoreP_pend                      
70189321  gateway_ringbuf_read                 
70189431  gateway_write_motor_config           
70189701  EDMA_freeChannelRegion               
701898e1  EDMA_freeParam                       
701899d1  EDMA_freeDmaChannel                  
70189ab1  EDMA_freeTcc                         
70189b91  UART_intrEnable                      
70189c71  UART_intrDisable                     
70189d51  AddrTranslateP_getLocalAddr          
70189e21  EDMA_disableChInShadowRegRegion      
70189ef1  EDMA_enableChInShadowRegRegion       
70189fc1  EDMA_mapChToEvtQ                     
7018a091  EDMA_configureChannelRegion          
7018a211  UART_flushTxFifo                     
7018a391  ClockP_timerTickIsr                  
7018a451  TimerP_init                          
7018a511  ClockP_stop                          
7018a5d1  IpcNotify_waitSync                   
7018a691  CycleCounterP_init                   
7018a6b1  CycleCounterP_reset                  
7018a701  CycleCounterP_nsToTicks              
7018a741  CycleCounterP_enableUserAccess       
7018a751  MCAN_writeMsgRam                     
7018a801  SOC_rcmSetPeripheralClock            
7018a8b1  UART_init                            
7018aac1  gateway_write_motor_states           
7018ab71  gateway_core1_wait_for_ready         
7018acd1  ClockP_destruct                      
7018ad81  Drivers_uartOpen                     
7018aed1  gateway_core1_ipc_callback           
7018b011  imu_uart_read                        
7018b0b1  IpcNotify_registerClient             
7018b1f1  ClockP_getTimeUsec                   
7018b291  EDMA_unmapChToEvtQ                   
7018b331  float_to_uint                        
7018b3d1  yis320_convert_to_ipc                
7018b471  EDMA_disableTransferRegion           
7018b501  EDMA_enableTransferRegion            
7018b6b1  UART_lld_flushTxFifo                 
7018b7d1  EDMA_allocDmaChannel                 
7018b861  EDMA_allocParam                      
7018b8f1  EDMA_allocTcc                        
7018baa1  IpcNotify_syncAll                    
7018bb31  imu_protocol_manager_init            
7018bbc1  MCAN_addStdMsgIDFilter               
7018bcc1  System_init                          
7018bdc1  _DebugP_assert                       
7018be41  gateway_ringbuf_core1_init           
7018bf41  UART_Params_init                     
7018bfc1  gateway_write_imu_state              
7018c041  EDMA_linkChannel                     
7018c141  ClockP_usleep                        
7018c1c1  EDMA_clrMissEvtRegion                
7018c3a1  EDMA_getBaseAddr                     
7018c481  imu_protocol_get_state               
7018c4f1  SOC_rcmGetR5Clock                    
7018c561  SOC_rcmIsR5FInLockStepMode           
7018c641  UART_lld_deInitDma                   
7018c6b1  imu_protocol_process_uart_rx         
7018c721  MCAN_enableIntr                      
7018c791  MCAN_initTxBufElement                
7018c871  SemaphoreP_post                      
7018c8e1  MCAN_selectIntrLine                  
7018c941  UART_getChar                         
7018ca01  yis320_protocol_handler_init         
7018ca61  Module_clockSetFrequency             
7018cac1  UART_lld_deInit                      
7018cd61  uint16_to_float                      
7018ce21  Dpl_init                             
7018ce81  EDMA_setPaRAM                        
7018cf41  main                                 
7018cf94  __TI_auto_init_nobinit_nopinit       
7018cff1  Drivers_uartClose                    
7018d041  Pinmux_config                        
7018d091  UART_checkCharsAvailInFifo           
7018d131  DebugP_shmLogWriterInit              
7018d181  EDMA_clrEvtRegion                    
7018d1d1  EDMA_disableDmaEvtRegion             
7018d221  EDMA_disableEvtIntrRegion            
7018d271  EDMA_enableDmaEvtRegion              
7018d2c1  EDMA_enableEvtIntrRegion             
7018d311  EDMA_setEvtRegion                    
7018d361  GPIO_setDirMode                      
7018d3b1  MCAN_enableIntrLine                  
7018d401  ClockP_construct                     
7018d451  EDMA_ccPaRAMEntry_init               
7018d4a1  EDMA_mapQdmaChToPaRAM                
7018d4f1  EDMA_readEventStatusRegion           
7018d541  IpcNotify_unregisterClient           
7018d591  Module_clockEnable                   
7018d5e1  gateway_update_stat                  
7018d62c  memmove                              
7018d6d1  timerISR                             
7018d721  CAN_GetStats                         
7018d771  IpcNotify_Params_init                
7018d811  UART_getIntrIdentityStatus           
7018d901  CAN_RegisterRxCallback               
7018d9f1  UART_readLineStatus                  
7018da41  gateway_ringbuf_get_available        
7018da91  imu_protocol_handler_init            
7018dbd1  SemaphoreP_construct                 
7018dc21  _DebugP_logZone                      
7018dcc1  ClockP_start                         
7018dd61  imu_protocol_update_state            
7018de21  UART_spaceAvail                      
7018de61  gateway_core1_init                   
7018dea1  gateway_update_heartbeat             
7018df21  UART_IsTxRxFifoEmpty                 
7018dfa1  MCAN_txBufAddReq                     
7018dfe1  SOC_moduleSetClockFrequency          
7018e0e1  snprintf_                            
7018e121  SOC_getCoreName                      
7018e158  CycleCounterP_getCount32             
7018e160  PmuP_setup                           
7018e168  PmuP_enableCounters                  
7018e170  PmuP_disableCounters                 
7018e178  PmuP_getOverflowStatus               
7018e180  PmuP_clearOverflowStatus             
7018e188  PmuP_setUserEnable                   
7018e1d1  EDMA_getRegionId                     
7018e291  IpcNotify_syncCallback               
7018e311  MCAN_calcCfgAddr                     
7018e391  TimerP_Params_initPriv               
7018e411  motor_get_config                     
7018e511  MCAN_isMemInitDone                   
7018e551  TimerP_getCountPriv                  
7018e671  gateway_signal_motor_config_ready    
7018e6a1  UART_lld_dmaInit                     
7018e701  DebugP_logZoneEnable                 
7018e761  MCAN_clearNewDataStatus              
7018e791  MCAN_getNewDataStatus                
7018e7c1  SemaphoreP_constructBinary           
7018e851  UART_intr2Disable                    
7018e881  UART_operatingModeSelect             
7018e8e1  CSL_armR5GetCpuID                    
7018e911  vprintf_                             
7018e941  EDMA_disableQdmaEvtRegion            
7018e971  EDMA_enableQdmaEvtRegion             
7018e9d1  IpcNotify_allocSwQueue               
7018ea31  IpcNotify_getConfig                  
7018ea61  SemaphoreP_constructMutex            
7018eb21  UART_getBaseAddr                     
7018eb44  __aeabi_uldivmod                     
7018eba1  EDMA_channelToParamMap               
7018ebd1  gateway_ringbuf_core1_receive        
7018ec01  ClockP_isActive                      
7018ec21  ClockP_usecToTicks                   
7018ec81  ClockP_Params_init                   
7018eca1  EDMA_getEventStatusHigh              
7018ecc1  MCAN_setOpMode                       
7018ece1  SOC_getSelfCpuClk                    
7018ed01  SOC_moduleClockEnable                
7018ed21  TimerP_isr0                          
7018ed61  UART_lld_Transaction_deInit          
7018ed81  EDMA_getEventStatus                  
7018edfc  TI_memcpy_small                      
7018ee21  MCAN_clearIntrStatus                 
7018ee41  MCAN_getOpMode                       
7018eea1  ClockP_ticksToUsec                   
7018eec1  EDMA_isInterruptEnabled              
7018ef01  IpcNotify_trigInterrupt              
7018ef21  SemaphoreP_Params_init               
7018ef41  TimerP_getReloadCountPriv            
7018efa1  UART_putChar                         
7018efb8  TI_memset_small                      
7018efd1  IpcNotify_sendSync                   
7018eff1  MCAN_getIntrStatus                   
7018f011  TimerP_startPriv                     
7018f031  TimerP_stopPriv                      
7018f0f1  TimerP_clearOverflowIntPriv          
7018f111  TimerP_setup                         
7018f131  putchar_                             
7018f151  Pinmux_init                          
7018f171  gateway_check_emergency_stop         
7018f191  gateway_ringbuf_core1_get_available  
7018f1d1  imu_uart_is_initialized              
7018f1f1  yis320_get_timestamp_ms              
7018f251  ClockP_getTimerCount                 
7018f261  ClockP_timerClearOverflowInt         
7018f2e1  TimerP_Params_init                   
7018f2f1  TimerP_clearOverflowInt              
7018f301  TimerP_getCount                      
7018f311  TimerP_getReloadCount                
7018f321  TimerP_start                         
7018f341  gateway_notify_imu_ready             
7018f351  gateway_notify_states_ready          
7018f361  yis320_uart_configure                
7018f371  Board_driversOpen                    
7018f381  ClockP_getTicks                      
7018f391  Drivers_open                         
7018f3a1  PowerClock_init                      
7018f421  Drivers_uartInit                     
7018f451  SemaphoreP_destruct                  
7018f461  Board_driversClose                   
7018f471  Board_init                           
7018f481  Drivers_mcanOpen                     
7018f491  IpcNotify_wait                       
7018f4a1  TaskP_yield                          
7018f900  gCacheConfig                         
7018f908  gMpuConfig                           
7018f914  gMpuRegionConfig                     
7018fc70  gADPLLJConfigTbl                     
7019120a  gCR5ClkSrcInfoMap                    
701915b6  gPeripheralClkSrcInfoMap             
70191958  gXTALInfo                            
701919a4  gCacheL1dCacheLineSize               
701919a8  gCacheL1pCacheLineSize               
701919b8  __BSS_START                          
70192538  gHwiCtrl                             
70192d44  g_yis320_private_data                
7019314c  g_motor_lookup                       
70193a20  gIpcNotifyCtrl                       
70193cac  gTimerBaseAddr                       
70193cb0  gClockCtrl                           
70193cd0  virtToPhymap                         
70193cf4  gTimerHwiObj                         
70193cf8  gUartHandle                          
70193d00  __BSS_END                            
70193d00  __stack                              
70197d00  __STACK_END                          
70197d01  HwiP_enableInt                       
70197d41  HwiP_disableInt                      
70197da1  HwiP_restoreInt                      
70197dd1  HwiP_clearInt                        
70197e11  HwiP_post                            
70197e51  HwiP_Params_init                     
70197e81  HwiP_construct                       
70198071  HwiP_destruct                        
701980e1  HwiP_init                            
70198291  HwiP_inISR                           
701982c1  HwiP_setVimIrqPriMaskNonAtomic       
70198311  HwiP_setVimIrqPriMaskAtomic          
701983b1  HwiP_restoreVimIrqPriMask            
701983c1  HwiP_irq_handler_c                   
70198561  HwiP_fiq_handler                     
701986c1  HwiP_reserved_handler                
70198701  HwiP_undefined_handler_c             
70198721  HwiP_user_undefined_handler_c        
70198741  HwiP_svc_handler                     
70198781  HwiP_prefetch_abort_handler_c        
70198821  HwiP_user_prefetch_abort_handler_c   
70198861  HwiP_data_abort_handler_c            
70198921  HwiP_user_data_abort_handler_c       
7019895c  HwiP_irq_handler                     
701989d0  HwiP_data_abort_handler              
70198a14  HwiP_prefetch_abort_handler          
70198a60  HwiP_undefined_handler               
70198a90  GET_DFSR                             
70198a98  GET_ADFSR                            
70198aa0  GET_DFAR                             
70198aa8  GET_IFSR                             
70198ab0  GET_AIFSR                            
70198ab8  GET_IFAR                             
70198ac0  GET_SPSR                             
70198ad8  HwiP_disable                         
70198ae8  HwiP_disableFIQ                      
70198af8  HwiP_enable                          
70198b08  HwiP_enableFIQ                       
70198b18  HwiP_restore                         
70198b20  HwiP_enableVIC                       
70198b30  HwiP_disableVIC                      
70198b40  HwiP_getCPSR                         
70198b50  CacheP_disableL1d                    
70198b78  CacheP_disableL1p                    
70198b90  CacheP_enableL1d                     
70198ba8  CacheP_enableL1p                     
70198bc0  CacheP_invL1d                        
70198bf8  CacheP_invL1p                        
70198c34  CacheP_invL1dAll                     
70198c3c  CacheP_invL1pAll                     
70198c44  CacheP_wb                            
70198c80  CacheP_wbInv                         
70198cbc  CacheP_wbAll                         
70198d64  CacheP_wbInvAll                      
70198d7c  CacheP_wbInvAllAsm                   
70198e1c  CacheP_getEnabled                    
70198e54  CacheP_getCacheLevelInfo             
70198e60  CacheP_configForceWrThru             
70198e80  CacheP_setDLFO                       
70198e91  CacheP_init                          
70198f21  CacheP_disable                       
70198f71  CacheP_enable                        
70198fb1  CacheP_inv                           
70198ff1  MpuP_getAttrs                        
70199051  MpuP_RegionAttrs_init                
70199081  MpuP_setRegion                       
70199111  MpuP_isEnable                        
70199121  MpuP_disable                         
70199161  MpuP_enable                          
701991b1  MpuP_init                            
70199251  MpuP_isUserAuthorizedToAccessMemory  
70199330  MpuP_disableAsm                      
70199348  MpuP_disableBRAsm                    
70199358  MpuP_enableAsm                       
70199370  MpuP_enableBRAsm                     
70199380  MpuP_isEnableAsm                     
70199394  MpuP_setRegionAsm                    
701993b0  _c_int00_sbl                         
701993d4  _c_int00                             
70199501  _DebugP_assertNoLog                  
70199531  _system_pre_init                     
70199561  __mpu_init                           
70199570  abort                                
70199578  gEdmaConfig                          
70199578  gUartDmaHandle                       
70199cb8  gIpcNotifyMailboxConfig              
70199e90  gSocModulesClockFrequency            
70199f08  gUartParams                          
70199f60  gSocModules                          
70199fa0  gClockConfig                         
70199fb8  gIpcNotifyInterruptConfig_r5fss1_1   
70199fe4  gIpcNotifyCoreIntrBitPos             
7019a004  gAddrTranslateConfig                 
7019a018  gUartConfig                          
7019a02c  gDebugLogZone                        
7019a038  gEdmaConfigNum                       
7019a03c  gHwiConfig                           
7019a040  gIpcNotifyInterruptConfigNum_r5fss1_1
7019a044  gUartConfigNum                       
7019a048  gUartDmaChConfig                     
7019a09b  isMapAvailable                       
7019a0a8  __IRQ_STACK_START                    
7019a1a8  __FIQ_STACK_START                    
7019a1a8  __IRQ_STACK_END                      
7019a2a8  __FIQ_STACK_END                      
7019a2a8  __SVC_STACK_START                    
7019b2a8  __ABORT_STACK_START                  
7019b2a8  __SVC_STACK_END                      
7019b3a8  __ABORT_STACK_END                    
7019b3a8  __UNDEFINED_STACK_START              
7019b4a8  __UNDEFINED_STACK_END                
70200000  gGatewaySharedMem                    
70206ecc  dbg_can_rx_count                     
70206ed0  dbg_can_tx_count                     
70206ed4  dbg_can_isr_rx_entry_count           
70206ed8  dbg_can_isr_fifo_read_count          
70206edc  dbg_can_isr_callback_count           
70206ee0  g_first_intr_info                    
70206f60  dbg_ipc_send_count                   
70206f64  dbg_ipc_register_count               
70206f68  dbg_imu_uart_isr_count               
70206f6c  dbg_imu_rx_byte_count                
70206f70  dbg_imu_frame_count                  
70208000  gDebugShmLog                         
ffffffff  __TI_pprof_out_hndl                  
ffffffff  __TI_prof_data_size                  
ffffffff  __TI_prof_data_start                 
ffffffff  __binit__                            
ffffffff  binit                                
UNDEFED   __TI_CINIT_Base                      
UNDEFED   __TI_CINIT_Limit                     
UNDEFED   __TI_Handler_Table_Base              
UNDEFED   __TI_Handler_Table_Limit             
UNDEFED   _system_post_cinit                   

[421 symbols]
