******************************************************************************
            TI ARM Clang Linker PC v4.0.4                      
******************************************************************************
>> Linked Wed Apr  8 17:35:24 2026

OUTPUT FILE NAME:   <ccu_ti_multi_core_realtime.out>
ENTRY POINT SYMBOL: "_vectors"  address: 00000000


MEMORY CONFIGURATION

         name            origin    length      used     unused   attr    fill
----------------------  --------  ---------  --------  --------  ----  --------
  R5F_VECS              00000000   00000040  00000040  00000000  RWIX
  R5F_TCMA              00000040   00007fc0  00000000  00007fc0  RWIX
  R5F_TCMB              00080000   00008000  00000000  00008000  RWIX
  MAILBOX_HSM           44000000   000003ce  00000000  000003ce  RWIX
  MAILBOX_R5F           44000400   000003ce  00000000  000003ce  RWIX
  FLASH                 60180000   00080000  00000000  00080000  RWIX
  OCRAM                 70180000   00080000  0001b388  00064c78  RWIX
  USER_SHM_MEM          70200000   00008000  00006f74  0000108c  RWIX
  LOG_SHM_MEM           70208000   00004000  00002000  00002000  RWIX
  RTOS_NORTOS_IPC_SHM_M 72000000   00003e80  00000000  00003e80  RWIX


SEGMENT ALLOCATION MAP

run origin  load origin   length   init length attrs members
----------  ----------- ---------- ----------- ----- -------
00000000    00000000    00000040   00000040    r-x
  00000000    00000000    00000040   00000040    r-x .vectors
70180000    70180000    00011898   00011898    r-x
  70180000    70180000    0000f3e0   0000f3e0    r-x .text
  7018f3e0    7018f3e0    000024b8   000024b8    r-- .rodata
70191898    70191898    00006348   00000000    rw-
  70191898    70191898    00002348   00000000    rw- .bss
  70193be0    70193be0    00004000   00000000    rw- .stack
70197be0    70197be0    00001878   00001878    r-x
  70197be0    70197be0    00000e50   00000e50    r-x .text.hwi
  70198a30    70198a30    000004a0   000004a0    r-x .text.cache
  70198ed0    70198ed0    000003c0   000003c0    r-x .text.mpu
  70199290    70199290    000001c0   000001c0    r-x .text.boot
  70199450    70199450    00000008   00000008    r-x .text:abort
70199458    70199458    00001f30   00000b30    rw-
  70199458    70199458    00000b30   00000b30    rw- .data
  70199f88    70199f88    00000100   00000000    rw- .irqstack
  7019a088    7019a088    00000100   00000000    rw- .fiqstack
  7019a188    7019a188    00001000   00000000    rw- .svcstack
  7019b188    7019b188    00000100   00000000    rw- .abortstack
  7019b288    7019b288    00000100   00000000    rw- .undefinedstack


SECTION ALLOCATION MAP

 output                                  attributes/
section   page    origin      length       input sections
--------  ----  ----------  ----------   ----------------
.vectors   0    00000000    00000040     
                  00000000    00000040     nortos.am263px.r5f.ti-arm-clang.debug.lib : HwiP_armv7r_vectors_nortos_asm.obj (.vectors)

.text      0    70180000    0000f3e0     
                  70180000    00000a34     nortos.am263px.r5f.ti-arm-clang.debug.lib : printf.obj (.text._vsnprintf)
                  70180a34    0000000c     libclang_rt.builtins.a : aeabi_memset.S.obj (.text.__aeabi_memclr)
                  70180a40    000007d0     main.o (.text.transmit_can_frames)
                  70181210    00000678     drivers.am263px.r5f.ti-arm-clang.nortos.debug.lib : soc_rcm.obj (.text.SOC_rcmGetClkSrcAndDivReg)
                  70181888    00000008     libsysbm.a : hostexit.c.obj (.text.HOSTexit)
                  70181890    00000638     drivers.am263px.r5f.ti-arm-clang.nortos.debug.lib : soc_rcm.obj (.text.SOC_rcmEnablePeripheralClock)
                  70181ec8    00000004     libclang_rt.builtins.a : aeabi_div0.c.obj (.text.__aeabi_ldiv0)
                  70181ecc    00000004                            : aeabi_memcpy.S.obj (.text.__aeabi_memcpy)
                  70181ed0    000005e2     nortos.am263px.r5f.ti-arm-clang.debug.lib : printf.obj (.text._ftoa)
                  701824b2    00000002     --HOLE-- [fill = 0]
                  701824b4    0000000c                                               : CpuId_armv7r_asm.obj (.text)
                  701824c0    000005ca     main.o (.text.main_loop)
                  70182a8a    00000002     --HOLE-- [fill = 0]
                  70182a8c    00000004     libclang_rt.builtins.a : aeabi_memmove.S.obj (.text.__aeabi_memmove)
                  70182a90    000004b0     nortos.am263px.r5f.ti-arm-clang.debug.lib : printf.obj (.text._etoa)
                  70182f40    00000402     yis320_protocol.o (.text.vtable_process_rx_data)
                  70183342    0000000e     --HOLE-- [fill = 0]
                  70183350    00000400     drivers.am263px.r5f.ti-arm-clang.nortos.debug.lib : uart_v0.obj (.text.UART_open)
                  70183750    000003dc                                                       : ipc_notify_v1.obj (.text.IpcNotify_init)
                  70183b2c    00000004     --HOLE-- [fill = 0]
                  70183b30    000003c8     main.o (.text.core1_init)
                  70183ef8    00000008     --HOLE-- [fill = 0]
                  70183f00    0000031a     can_interface.o (.text.init_single_mcan)
                  7018421a    00000006     --HOLE-- [fill = 0]
                  70184220    00000302     drivers.am263px.r5f.ti-arm-clang.nortos.debug.lib : soc.obj (.text.SOC_virtToPhy)
                  70184522    0000000e     --HOLE-- [fill = 0]
                  70184530    000002f4     motor_mapping.o (.text.motor_mapping_init_core1)
                  70184824    0000000c     --HOLE-- [fill = 0]
                  70184830    000002a8     drivers.am263px.r5f.ti-arm-clang.nortos.debug.lib : mcan.obj (.text.MCAN_msgRAMConfig)
                  70184ad8    00000008     --HOLE-- [fill = 0]
                  70184ae0    0000027e                                                       : uart_dma_edma.obj (.text.UART_edmaChInit)
                  70184d5e    00000002     --HOLE-- [fill = 0]
                  70184d60    00000250                                                       : edma.obj (.text.Alloc_resource)
                  70184fb0    00000242                                                       : uart_v0_lld.obj (.text.UART_fifoConfig)
                  701851f2    0000000e     --HOLE-- [fill = 0]
                  70185200    0000023e     nortos.am263px.r5f.ti-arm-clang.debug.lib : printf.obj (.text._ntoa_format)
                  7018543e    00000002     --HOLE-- [fill = 0]
                  70185440    0000023e     can_interface.o (.text.can_rx_isr)
                  7018567e    00000002     --HOLE-- [fill = 0]
                  70185680    0000023e     main.o (.text.process_can_rx)
                  701858be    00000002     --HOLE-- [fill = 0]
                  701858c0    0000022c     can_interface.o (.text.CAN_TransmitBatch)
                  70185aec    00000004     --HOLE-- [fill = 0]
                  70185af0    00000226     drivers.am263px.r5f.ti-arm-clang.nortos.debug.lib : uart_dma_edma.obj (.text.UART_lld_dmaDeInit)
                  70185d16    0000000a     --HOLE-- [fill = 0]
                  70185d20    00000222                                                       : ipc_notify_v1.obj (.text.IpcNotify_isr)
                  70185f42    0000000e     --HOLE-- [fill = 0]
                  70185f50    000001d6     nortos.am263px.r5f.ti-arm-clang.debug.lib : TimerP_rti_priv.obj (.text.TimerP_setupPriv)
                  70186126    0000000a     --HOLE-- [fill = 0]
                  70186130    000001aa     drivers.am263px.r5f.ti-arm-clang.nortos.debug.lib : uart_dma_edma.obj (.text.UART_lld_dmaWrite)
                  701862da    00000006     --HOLE-- [fill = 0]
                  701862e0    000001a8                                                       : uart_v0.obj (.text.UART_close)
                  70186488    00000008     --HOLE-- [fill = 0]
                  70186490    00000198                                                       : uart_v0_lld.obj (.text.UART_lld_controllerIsr)
                  70186628    00000008     --HOLE-- [fill = 0]
                  70186630    00000190     can_interface.o (.text.CAN_StartRxInterrupts)
                  701867c0    00000186     drivers.am263px.r5f.ti-arm-clang.nortos.debug.lib : mcan.obj (.text.MCAN_readMsg)
                  70186946    0000000a     --HOLE-- [fill = 0]
                  70186950    00000184                                                       : mcan.obj (.text.MCAN_calcMsgRamParamsStartAddr)
                  70186ad4    0000000c     --HOLE-- [fill = 0]
                  70186ae0    00000162                                                       : edma.obj (.text.EDMA_unregisterIntr)
                  70186c42    0000000e     --HOLE-- [fill = 0]
                  70186c50    00000158                                                       : soc.obj (.text.SOC_controlModuleUnlockMMR)
                  70186da8    00000008     --HOLE-- [fill = 0]
                  70186db0    00000152     can_interface.o (.text.CAN_Init)
                  70186f02    0000000e     --HOLE-- [fill = 0]
                  70186f10    00000152     drivers.am263px.r5f.ti-arm-clang.nortos.debug.lib : uart_v0_lld.obj (.text.UART_lld_initDma)
                  70187062    0000000e     --HOLE-- [fill = 0]
                  70187070    00000150     nortos.am263px.r5f.ti-arm-clang.debug.lib : DebugP_shmLogWriter.obj (.text.DebugP_shmLogWriterPutChar)
                  701871c0    00000150     drivers.am263px.r5f.ti-arm-clang.nortos.debug.lib : mcan.obj (.text.MCAN_writeMsg)
                  70187310    0000014e     yis320_protocol.o (.text.parse_imu_frame)
                  7018745e    00000002     --HOLE-- [fill = 0]
                  70187460    0000014c     drivers.am263px.r5f.ti-arm-clang.nortos.debug.lib : mcan.obj (.text.MCAN_setBitTime)
                  701875ac    00000004     --HOLE-- [fill = 0]
                  701875b0    00000142     imu_interface_isr.o (.text.imu_uart_isr_init)
                  701876f2    0000000e     --HOLE-- [fill = 0]
                  70187700    0000013a     drivers.am263px.r5f.ti-arm-clang.nortos.debug.lib : edma.obj (.text.EDMA_isDmaChannelAllocated)
                  7018783a    00000006     --HOLE-- [fill = 0]
                  70187840    00000138                                                       : mcan.obj (.text.MCAN_readMsgRam)
                  70187978    00000008     --HOLE-- [fill = 0]
                  70187980    00000138     nortos.am263px.r5f.ti-arm-clang.debug.lib : printf.obj (.text._ntoa_long_long)
                  70187ab8    00000008     --HOLE-- [fill = 0]
                  70187ac0    00000136                                               : ClockP_nortos_r5.obj (.text.ClockP_init)
                  70187bf6    0000000a     --HOLE-- [fill = 0]
                  70187c00    00000136     drivers.am263px.r5f.ti-arm-clang.nortos.debug.lib : uart_v0_lld.obj (.text.UART_procLineStatusErr)
                  70187d36    0000000a     --HOLE-- [fill = 0]
                  70187d40    00000134                                                       : edma.obj (.text.EDMA_registerIntr)
                  70187e74    0000000c     --HOLE-- [fill = 0]
                  70187e80    00000134                                                       : mcan.obj (.text.MCAN_init)
                  70187fb4    0000000c     --HOLE-- [fill = 0]
                  70187fc0    0000012c                                                       : uart_v0_lld.obj (.text.UART_lld_init)
                  701880ec    00000004     --HOLE-- [fill = 0]
                  701880f0    0000012a                                                       : mcan.obj (.text.MCAN_config)
                  7018821a    00000006     --HOLE-- [fill = 0]
                  70188220    00000126                                                       : soc.obj (.text.SOC_controlModuleLockMMR)
                  70188346    0000000a     --HOLE-- [fill = 0]
                  70188350    00000120                                                       : soc_rcm.obj (.text.SOC_rcmGetPeripheralClockFrequency)
                  70188470    00000120     can_interface.o (.text.init_can_stb_gpios)
                  70188590    0000011c     nortos.am263px.r5f.ti-arm-clang.debug.lib : DebugP_shmLogWriter.obj (.text.DebugP_shmLogWriterPutLine)
                  701886ac    00000004     --HOLE-- [fill = 0]
                  701886b0    0000011c     drivers.am263px.r5f.ti-arm-clang.nortos.debug.lib : uart_dma_edma.obj (.text.UART_lld_dmaRead)
                  701887cc    00000118     libclang_rt.builtins.a : udivmoddi4.S.obj (.text)
                  701888e4    0000000c     --HOLE-- [fill = 0]
                  701888f0    00000116     drivers.am263px.r5f.ti-arm-clang.nortos.debug.lib : edma.obj (.text.EDMA_isTccAllocated)
                  70188a06    0000000a     --HOLE-- [fill = 0]
                  70188a10    00000116                                                       : uart_v0_lld.obj (.text.UART_divisorLatchWrite)
                  70188b26    0000000a     --HOLE-- [fill = 0]
                  70188b30    00000114     nortos.am263px.r5f.ti-arm-clang.debug.lib : printf.obj (.text._ntoa_long)
                  70188c44    0000000c     --HOLE-- [fill = 0]
                  70188c50    0000010e     drivers.am263px.r5f.ti-arm-clang.nortos.debug.lib : soc_rcm.obj (.text.SOC_rcmADPLLJGetFOut)
                  70188d5e    00000002     --HOLE-- [fill = 0]
                  70188d60    0000010a                                                       : ipc_notify_v1.obj (.text.IpcNotify_sendMsg)
                  70188e6a    00000006     --HOLE-- [fill = 0]
                  70188e70    00000104                                                       : uart_v0_lld.obj (.text.UART_configInstance)
                  70188f74    0000000c     --HOLE-- [fill = 0]
                  70188f80    00000102     ti_drivers_config.o (.text.GPIO_init)
                  70189082    0000000e     --HOLE-- [fill = 0]
                  70189090    00000102     nortos.am263px.r5f.ti-arm-clang.debug.lib : SemaphoreP_nortos.obj (.text.SemaphoreP_pend)
                  70189192    0000000e     --HOLE-- [fill = 0]
                  701891a0    00000102     gateway_shared.o (.text.gateway_ringbuf_read)
                  701892a2    0000000e     --HOLE-- [fill = 0]
                  701892b0    000000ec     gateway_shared.o (.text.gateway_write_motor_config)
                  7018939c    00000004     --HOLE-- [fill = 0]
                  701893a0    000000e6     drivers.am263px.r5f.ti-arm-clang.nortos.debug.lib : soc_rcm.obj (.text.SOC_rcmGetCoreFout)
                  70189486    0000000a     --HOLE-- [fill = 0]
                  70189490    000000e6                                                       : soc_rcm.obj (.text.SOC_rcmGetPerFout)
                  70189576    0000000a     --HOLE-- [fill = 0]
                  70189580    000000e6     main.o (.text.receive_motor_commands)
                  70189666    0000000a     --HOLE-- [fill = 0]
                  70189670    000000e4     drivers.am263px.r5f.ti-arm-clang.nortos.debug.lib : edma.obj (.text.EDMA_freeChannelRegion)
                  70189754    0000000c     --HOLE-- [fill = 0]
                  70189760    000000e2                                                       : edma.obj (.text.EDMA_freeParam)
                  70189842    0000000e     --HOLE-- [fill = 0]
                  70189850    000000e0                                                       : edma.obj (.text.EDMA_freeDmaChannel)
                  70189930    000000e0                                                       : edma.obj (.text.EDMA_freeTcc)
                  70189a10    000000de                                                       : uart_v0_lld.obj (.text.UART_intrEnable)
                  70189aee    00000002     --HOLE-- [fill = 0]
                  70189af0    000000da                                                       : uart_v0_lld.obj (.text.UART_intrDisable)
                  70189bca    00000006     --HOLE-- [fill = 0]
                  70189bd0    000000d0     nortos.am263px.r5f.ti-arm-clang.debug.lib : AddrTranslateP_32bit.obj (.text.AddrTranslateP_getLocalAddr)
                  70189ca0    000000ce     drivers.am263px.r5f.ti-arm-clang.nortos.debug.lib : edma.obj (.text.EDMA_disableChInShadowRegRegion)
                  70189d6e    00000002     --HOLE-- [fill = 0]
                  70189d70    000000cc                                                       : edma.obj (.text.EDMA_enableChInShadowRegRegion)
                  70189e3c    00000004     --HOLE-- [fill = 0]
                  70189e40    000000c4                                                       : edma.obj (.text.EDMA_mapChToEvtQ)
                  70189f04    0000000c     --HOLE-- [fill = 0]
                  70189f10    000000c0                                                       : edma.obj (.text.EDMA_configureChannelRegion)
                  70189fd0    000000c0                                                       : soc_rcm.obj (.text.SOC_rcmGetPerHSDivOut)
                  7018a090    000000c0                                                       : uart_v0.obj (.text.UART_flushTxFifo)
                  7018a150    000000c0     nortos.am263px.r5f.ti-arm-clang.debug.lib : printf.obj (.text._out_rev)
                  7018a210    000000be                                               : ClockP_nortos.obj (.text.ClockP_timerTickIsr)
                  7018a2ce    00000002     --HOLE-- [fill = 0]
                  7018a2d0    000000be     ti_dpl_config.o (.text.TimerP_init)
                  7018a38e    00000002     --HOLE-- [fill = 0]
                  7018a390    000000ba     nortos.am263px.r5f.ti-arm-clang.debug.lib : ClockP_nortos.obj (.text.ClockP_stop)
                  7018a44a    00000006     --HOLE-- [fill = 0]
                  7018a450    000000ba     drivers.am263px.r5f.ti-arm-clang.nortos.debug.lib : ipc_notify_v1.obj (.text.IpcNotify_waitSync)
                  7018a50a    00000006     --HOLE-- [fill = 0]
                  7018a510    000000ba     nortos.am263px.r5f.ti-arm-clang.debug.lib : PmuP_armv7r.obj (.text.pmu)
                  7018a5ca    00000006     --HOLE-- [fill = 0]
                  7018a5d0    000000b0     drivers.am263px.r5f.ti-arm-clang.nortos.debug.lib : mcan.obj (.text.MCAN_writeMsgRam)
                  7018a680    000000b0                                                       : soc_rcm.obj (.text.SOC_rcmSetPeripheralClock)
                  7018a730    000000b0                                                       : uart_v0.obj (.text.UART_init)
                  7018a7e0    000000b0     imu_interface_isr.o (.text.imu_uart_isr)
                  7018a890    000000ae     drivers.am263px.r5f.ti-arm-clang.nortos.debug.lib : mcan.obj (.text.MCAN_getOffsetAddr)
                  7018a93e    00000002     --HOLE-- [fill = 0]
                  7018a940    000000ae     main.o (.text.copy_motor_commands_to_working)
                  7018a9ee    00000002     --HOLE-- [fill = 0]
                  7018a9f0    000000ae     gateway_shared.o (.text.gateway_write_motor_states)
                  7018aa9e    00000002     --HOLE-- [fill = 0]
                  7018aaa0    000000ac     gateway_shared.o (.text.gateway_core1_wait_for_ready)
                  7018ab4c    00000004     --HOLE-- [fill = 0]
                  7018ab50    000000a8     nortos.am263px.r5f.ti-arm-clang.debug.lib : ClockP_nortos.obj (.text.ClockP_addToList)
                  7018abf8    00000008     --HOLE-- [fill = 0]
                  7018ac00    000000a8                                               : ClockP_nortos.obj (.text.ClockP_destruct)
                  7018aca8    00000008     --HOLE-- [fill = 0]
                  7018acb0    000000a8     ti_drivers_open_close.o (.text.Drivers_uartOpen)
                  7018ad58    00000008     --HOLE-- [fill = 0]
                  7018ad60    000000a0     drivers.am263px.r5f.ti-arm-clang.nortos.debug.lib : soc_rcm.obj (.text.SOC_rcmGetCoreHSDivOut)
                  7018ae00    0000009e     gateway_shared.o (.text.gateway_core1_ipc_callback)
                  7018ae9e    00000002     --HOLE-- [fill = 0]
                  7018aea0    0000009e     yis320_protocol.o (.text.validate_checksum)
                  7018af3e    00000002     --HOLE-- [fill = 0]
                  7018af40    0000009a     imu_interface_isr.o (.text.imu_uart_read)
                  7018afda    00000006     --HOLE-- [fill = 0]
                  7018afe0    00000098     drivers.am263px.r5f.ti-arm-clang.nortos.debug.lib : ipc_notify_v1.obj (.text.IpcNotify_registerClient)
                  7018b078    00000008     --HOLE-- [fill = 0]
                  7018b080    00000096                                                       : uart_v0_lld.obj (.text.UART_subConfigTCRTLRModeEn)
                  7018b116    0000000a     --HOLE-- [fill = 0]
                  7018b120    00000092     nortos.am263px.r5f.ti-arm-clang.debug.lib : ClockP_nortos.obj (.text.ClockP_getTimeUsec)
                  7018b1b2    0000000e     --HOLE-- [fill = 0]
                  7018b1c0    00000092     drivers.am263px.r5f.ti-arm-clang.nortos.debug.lib : edma.obj (.text.EDMA_unmapChToEvtQ)
                  7018b252    0000000e     --HOLE-- [fill = 0]
                  7018b260    00000092     motor_mapping.o (.text.float_to_uint)
                  7018b2f2    0000000e     --HOLE-- [fill = 0]
                  7018b300    00000092     yis320_protocol.o (.text.yis320_convert_to_ipc)
                  7018b392    0000000e     --HOLE-- [fill = 0]
                  7018b3a0    0000008c     drivers.am263px.r5f.ti-arm-clang.nortos.debug.lib : edma.obj (.text.EDMA_disableTransferRegion)
                  7018b42c    00000004     --HOLE-- [fill = 0]
                  7018b430    0000008c                                                       : edma.obj (.text.EDMA_enableTransferRegion)
                  7018b4bc    00000004     --HOLE-- [fill = 0]
                  7018b4c0    00000088                                                       : uart_dma_edma.obj (.text.UART_edmaIsrRx)
                  7018b548    00000008     --HOLE-- [fill = 0]
                  7018b550    00000088                                                       : uart_dma_edma.obj (.text.UART_edmaIsrTx)
                  7018b5d8    00000008     --HOLE-- [fill = 0]
                  7018b5e0    00000086                                                       : uart_v0_lld.obj (.text.UART_lld_flushTxFifo)
                  7018b666    0000000a     --HOLE-- [fill = 0]
                  7018b670    00000086                                                       : uart_v0_lld.obj (.text.UART_tcrTlrBitValRestore)
                  7018b6f6    0000000a     --HOLE-- [fill = 0]
                  7018b700    00000082                                                       : edma.obj (.text.EDMA_allocDmaChannel)
                  7018b782    0000000e     --HOLE-- [fill = 0]
                  7018b790    00000082                                                       : edma.obj (.text.EDMA_allocParam)
                  7018b812    0000000e     --HOLE-- [fill = 0]
                  7018b820    00000082                                                       : edma.obj (.text.EDMA_allocTcc)
                  7018b8a2    0000000e     --HOLE-- [fill = 0]
                  7018b8b0    00000082                                                       : edma.obj (.text.EDMA_disableTccInShadowRegRegion)
                  7018b932    0000000e     --HOLE-- [fill = 0]
                  7018b940    00000082                                                       : edma.obj (.text.EDMA_enableTccInShadowRegRegion)
                  7018b9c2    0000000e     --HOLE-- [fill = 0]
                  7018b9d0    00000082                                                       : ipc_notify_v1.obj (.text.IpcNotify_syncAll)
                  7018ba52    0000000e     --HOLE-- [fill = 0]
                  7018ba60    00000082     imu_protocol_handler.o (.text.imu_protocol_manager_init)
                  7018bae2    0000000e     --HOLE-- [fill = 0]
                  7018baf0    00000080     drivers.am263px.r5f.ti-arm-clang.nortos.debug.lib : mcan.obj (.text.MCAN_addStdMsgIDFilter)
                  7018bb70    00000080                                                       : uart_v0_lld.obj (.text.UART_moduleReset)
                  7018bbf0    0000007e     ti_drivers_config.o (.text.System_init)
                  7018bc6e    00000002     --HOLE-- [fill = 0]
                  7018bc70    0000007e     drivers.am263px.r5f.ti-arm-clang.nortos.debug.lib : uart_v0_lld.obj (.text.UART_readData)
                  7018bcee    00000002     --HOLE-- [fill = 0]
                  7018bcf0    0000007c     nortos.am263px.r5f.ti-arm-clang.debug.lib : DebugP_log.obj (.text._DebugP_assert)
                  7018bd6c    00000004     --HOLE-- [fill = 0]
                  7018bd70    0000007c     gateway_shared.o (.text.gateway_ringbuf_core1_init)
                  7018bdec    00000004     --HOLE-- [fill = 0]
                  7018bdf0    0000007a     drivers.am263px.r5f.ti-arm-clang.nortos.debug.lib : ipc_notify_v1.obj (.text.IpcNotify_mailboxWrite)
                  7018be6a    00000006     --HOLE-- [fill = 0]
                  7018be70    0000007a                                                       : uart_v0.obj (.text.UART_Params_init)
                  7018beea    00000006     --HOLE-- [fill = 0]
                  7018bef0    0000007a     gateway_shared.o (.text.gateway_write_imu_state)
                  7018bf6a    00000006     --HOLE-- [fill = 0]
                  7018bf70    00000078     drivers.am263px.r5f.ti-arm-clang.nortos.debug.lib : edma.obj (.text.EDMA_linkChannel)
                  7018bfe8    00000008     --HOLE-- [fill = 0]
                  7018bff0    00000074                                                       : uart_v0_lld.obj (.text.UART_IsBaseAddrValid)
                  7018c064    0000000c     --HOLE-- [fill = 0]
                  7018c070    00000072     nortos.am263px.r5f.ti-arm-clang.debug.lib : ClockP_nortos.obj (.text.ClockP_usleep)
                  7018c0e2    0000000e     --HOLE-- [fill = 0]
                  7018c0f0    00000072     drivers.am263px.r5f.ti-arm-clang.nortos.debug.lib : edma.obj (.text.EDMA_clrMissEvtRegion)
                  7018c162    0000000e     --HOLE-- [fill = 0]
                  7018c170    00000072                                                       : ipc_notify_v1.obj (.text.IpcNotify_makeMsg)
                  7018c1e2    0000000e     --HOLE-- [fill = 0]
                  7018c1f0    0000006e     yis320_protocol.o (.text.find_frame_header_limited)
                  7018c25e    00000002     --HOLE-- [fill = 0]
                  7018c260    0000006a     drivers.am263px.r5f.ti-arm-clang.nortos.debug.lib : ipc_notify_v1.obj (.text.IpcNotify_mailboxReadSwQ)
                  7018c2ca    00000006     --HOLE-- [fill = 0]
                  7018c2d0    00000068                                                       : edma.obj (.text.EDMA_getBaseAddr)
                  7018c338    00000008     --HOLE-- [fill = 0]
                  7018c340    00000068                                                       : uart_v0_lld.obj (.text.UART_divisorValCompute)
                  7018c3a8    00000008     --HOLE-- [fill = 0]
                  7018c3b0    00000068     imu_protocol_handler.o (.text.imu_protocol_get_state)
                  7018c418    00000008     --HOLE-- [fill = 0]
                  7018c420    00000064     drivers.am263px.r5f.ti-arm-clang.nortos.debug.lib : soc_rcm.obj (.text.SOC_rcmGetR5Clock)
                  7018c484    0000000c     --HOLE-- [fill = 0]
                  7018c490    00000064                                                       : soc_rcm.obj (.text.SOC_rcmIsR5FInLockStepMode)
                  7018c4f4    0000000c     --HOLE-- [fill = 0]
                  7018c500    00000064                                                       : uart_v0_lld.obj (.text.UART_fifoRegisterWrite)
                  7018c564    0000000c     --HOLE-- [fill = 0]
                  7018c570    00000064                                                       : uart_v0_lld.obj (.text.UART_lld_deInitDma)
                  7018c5d4    0000000c     --HOLE-- [fill = 0]
                  7018c5e0    00000064     imu_protocol_handler.o (.text.imu_protocol_process_uart_rx)
                  7018c644    0000000c     --HOLE-- [fill = 0]
                  7018c650    00000062     drivers.am263px.r5f.ti-arm-clang.nortos.debug.lib : mcan.obj (.text.MCAN_enableIntr)
                  7018c6b2    0000000e     --HOLE-- [fill = 0]
                  7018c6c0    00000062                                                       : mcan.obj (.text.MCAN_initTxBufElement)
                  7018c722    0000000e     --HOLE-- [fill = 0]
                  7018c730    00000062                                                       : soc_rcm.obj (.text.SOC_rcmInsert16)
                  7018c792    0000000e     --HOLE-- [fill = 0]
                  7018c7a0    00000062     nortos.am263px.r5f.ti-arm-clang.debug.lib : SemaphoreP_nortos.obj (.text.SemaphoreP_post)
                  7018c802    0000000e     --HOLE-- [fill = 0]
                  7018c810    00000060     drivers.am263px.r5f.ti-arm-clang.nortos.debug.lib : mcan.obj (.text.MCAN_selectIntrLine)
                  7018c870    00000060                                                       : uart_v0_lld.obj (.text.UART_getChar)
                  7018c8d0    00000060                                                       : uart_v0_lld.obj (.text.UART_writeData)
                  7018c930    0000005e     yis320_protocol.o (.text.yis320_protocol_handler_init)
                  7018c98e    00000002     --HOLE-- [fill = 0]
                  7018c990    0000005c     ti_power_clock_config.o (.text.Module_clockSetFrequency)
                  7018c9ec    00000004     --HOLE-- [fill = 0]
                  7018c9f0    0000005c     drivers.am263px.r5f.ti-arm-clang.nortos.debug.lib : uart_v0_lld.obj (.text.UART_lld_deInit)
                  7018ca4c    00000004     --HOLE-- [fill = 0]
                  7018ca50    0000005a                                                       : uart_v0_lld.obj (.text.UART_regConfigModeEnable)
                  7018caaa    00000006     --HOLE-- [fill = 0]
                  7018cab0    00000058                                                       : soc_rcm.obj (.text.SOC_rcmGetModuleClkDivVal)
                  7018cb08    00000008     --HOLE-- [fill = 0]
                  7018cb10    00000058     yis320_protocol.o (.text.parse_angular_velocity)
                  7018cb68    00000008     --HOLE-- [fill = 0]
                  7018cb70    00000058     yis320_protocol.o (.text.parse_euler_angles)
                  7018cbc8    00000008     --HOLE-- [fill = 0]
                  7018cbd0    00000056     drivers.am263px.r5f.ti-arm-clang.nortos.debug.lib : uart_v0.obj (.text.UART_lld_readCompleteCallback)
                  7018cc26    0000000a     --HOLE-- [fill = 0]
                  7018cc30    00000056                                                       : uart_v0.obj (.text.UART_lld_writeCompleteCallback)
                  7018cc86    0000000a     --HOLE-- [fill = 0]
                  7018cc90    00000056     motor_mapping.o (.text.uint16_to_float)
                  7018cce6    0000000a     --HOLE-- [fill = 0]
                  7018ccf0    00000056     yis320_protocol.o (.text.vtable_initialize)
                  7018cd46    0000000a     --HOLE-- [fill = 0]
                  7018cd50    00000054     ti_dpl_config.o (.text.Dpl_init)
                  7018cda4    0000000c     --HOLE-- [fill = 0]
                  7018cdb0    00000054     drivers.am263px.r5f.ti-arm-clang.nortos.debug.lib : edma.obj (.text.EDMA_setPaRAM)
                  7018ce04    0000000c     --HOLE-- [fill = 0]
                  7018ce10    00000054                                                       : uart_v0_lld.obj (.text.UART_OperModeValid)
                  7018ce64    0000000c     --HOLE-- [fill = 0]
                  7018ce70    00000054     main.o (.text.main)
                  7018cec4    00000054     libc.a : autoinit.c.obj (.text:__TI_auto_init_nobinit_nopinit)
                  7018cf18    00000008     --HOLE-- [fill = 0]
                  7018cf20    00000050     ti_drivers_open_close.o (.text.Drivers_uartClose)
                  7018cf70    00000050     drivers.am263px.r5f.ti-arm-clang.nortos.debug.lib : pinmux.obj (.text.Pinmux_config)
                  7018cfc0    00000050                                                       : uart_v0_lld.obj (.text.UART_checkCharsAvailInFifo)
                  7018d010    00000050     main.o (.text.ipc_notify_callback_fxn)
                  7018d060    0000004e     nortos.am263px.r5f.ti-arm-clang.debug.lib : DebugP_shmLogWriter.obj (.text.DebugP_shmLogWriterInit)
                  7018d0ae    00000002     --HOLE-- [fill = 0]
                  7018d0b0    0000004e     drivers.am263px.r5f.ti-arm-clang.nortos.debug.lib : edma.obj (.text.EDMA_clrEvtRegion)
                  7018d0fe    00000002     --HOLE-- [fill = 0]
                  7018d100    0000004e                                                       : edma.obj (.text.EDMA_disableDmaEvtRegion)
                  7018d14e    00000002     --HOLE-- [fill = 0]
                  7018d150    0000004e                                                       : edma.obj (.text.EDMA_disableEvtIntrRegion)
                  7018d19e    00000002     --HOLE-- [fill = 0]
                  7018d1a0    0000004e                                                       : edma.obj (.text.EDMA_enableDmaEvtRegion)
                  7018d1ee    00000002     --HOLE-- [fill = 0]
                  7018d1f0    0000004e                                                       : edma.obj (.text.EDMA_enableEvtIntrRegion)
                  7018d23e    00000002     --HOLE-- [fill = 0]
                  7018d240    0000004e                                                       : edma.obj (.text.EDMA_setEvtRegion)
                  7018d28e    00000002     --HOLE-- [fill = 0]
                  7018d290    0000004e                                                       : gpio.obj (.text.GPIO_setDirMode)
                  7018d2de    00000002     --HOLE-- [fill = 0]
                  7018d2e0    0000004e                                                       : mcan.obj (.text.MCAN_enableIntrLine)
                  7018d32e    00000002     --HOLE-- [fill = 0]
                  7018d330    0000004c     nortos.am263px.r5f.ti-arm-clang.debug.lib : ClockP_nortos.obj (.text.ClockP_construct)
                  7018d37c    00000004     --HOLE-- [fill = 0]
                  7018d380    0000004c     drivers.am263px.r5f.ti-arm-clang.nortos.debug.lib : edma.obj (.text.EDMA_ccPaRAMEntry_init)
                  7018d3cc    00000004     --HOLE-- [fill = 0]
                  7018d3d0    0000004c                                                       : edma.obj (.text.EDMA_mapQdmaChToPaRAM)
                  7018d41c    00000004     --HOLE-- [fill = 0]
                  7018d420    0000004c                                                       : edma.obj (.text.EDMA_readEventStatusRegion)
                  7018d46c    00000004     --HOLE-- [fill = 0]
                  7018d470    0000004c                                                       : ipc_notify_v1.obj (.text.IpcNotify_unregisterClient)
                  7018d4bc    00000004     --HOLE-- [fill = 0]
                  7018d4c0    0000004c     ti_power_clock_config.o (.text.Module_clockEnable)
                  7018d50c    00000004     --HOLE-- [fill = 0]
                  7018d510    0000004c     gateway_shared.o (.text.gateway_update_stat)
                  7018d55c    0000004c     libc.a : memmov.c.obj (.text.memmove)
                  7018d5a8    00000008     --HOLE-- [fill = 0]
                  7018d5b0    0000004c     yis320_protocol.o (.text.parse_quaternion)
                  7018d5fc    00000004     --HOLE-- [fill = 0]
                  7018d600    0000004c     main.o (.text.timerISR)
                  7018d64c    00000004     --HOLE-- [fill = 0]
                  7018d650    0000004a     can_interface.o (.text.CAN_GetStats)
                  7018d69a    00000006     --HOLE-- [fill = 0]
                  7018d6a0    0000004a     drivers.am263px.r5f.ti-arm-clang.nortos.debug.lib : ipc_notify_v1.obj (.text.IpcNotify_Params_init)
                  7018d6ea    00000006     --HOLE-- [fill = 0]
                  7018d6f0    0000004a                                                       : soc_rcm.obj (.text.SOC_rcmGetCR5SysclkInFrequency)
                  7018d73a    00000006     --HOLE-- [fill = 0]
                  7018d740    0000004a                                                       : uart_v0_lld.obj (.text.UART_getIntrIdentityStatus)
                  7018d78a    00000006     --HOLE-- [fill = 0]
                  7018d790    0000004a                                                       : uart_v0_lld.obj (.text.UART_lineCharConfig)
                  7018d7da    00000006     --HOLE-- [fill = 0]
                  7018d7e0    0000004a     main.o (.text.motor_get_index)
                  7018d82a    00000006     --HOLE-- [fill = 0]
                  7018d830    00000048     can_interface.o (.text.CAN_RegisterRxCallback)
                  7018d878    00000008     --HOLE-- [fill = 0]
                  7018d880    00000048     drivers.am263px.r5f.ti-arm-clang.nortos.debug.lib : uart_v0_lld.obj (.text.UART_resetModule)
                  7018d8c8    00000008     --HOLE-- [fill = 0]
                  7018d8d0    00000046                                                       : uart_v0_lld.obj (.text.UART_i2310WA)
                  7018d916    0000000a     --HOLE-- [fill = 0]
                  7018d920    00000046                                                       : uart_v0_lld.obj (.text.UART_readLineStatus)
                  7018d966    0000000a     --HOLE-- [fill = 0]
                  7018d970    00000046     gateway_shared.o (.text.gateway_ringbuf_get_available)
                  7018d9b6    0000000a     --HOLE-- [fill = 0]
                  7018d9c0    00000046     imu_protocol_handler.o (.text.imu_protocol_handler_init)
                  7018da06    0000000a     --HOLE-- [fill = 0]
                  7018da10    00000044     drivers.am263px.r5f.ti-arm-clang.nortos.debug.lib : ipc_notify_v1.obj (.text.IpcNotify_getWriteMailbox)
                  7018da54    0000000c     --HOLE-- [fill = 0]
                  7018da60    00000044                                                       : soc_rcm.obj (.text.SOC_rcmExtract8)
                  7018daa4    0000000c     --HOLE-- [fill = 0]
                  7018dab0    00000044                                                       : soc_rcm.obj (.text.SOC_rcmMake16)
                  7018daf4    0000000c     --HOLE-- [fill = 0]
                  7018db00    00000044     nortos.am263px.r5f.ti-arm-clang.debug.lib : SemaphoreP_nortos.obj (.text.SemaphoreP_construct)
                  7018db44    0000000c     --HOLE-- [fill = 0]
                  7018db50    00000044                                               : DebugP_nortos.obj (.text._DebugP_logZone)
                  7018db94    0000000c     --HOLE-- [fill = 0]
                  7018dba0    00000044                                               : printf.obj (.text._strnlen_s)
                  7018dbe4    0000000c     --HOLE-- [fill = 0]
                  7018dbf0    00000042                                               : ClockP_nortos.obj (.text.ClockP_start)
                  7018dc32    0000000e     --HOLE-- [fill = 0]
                  7018dc40    00000042     drivers.am263px.r5f.ti-arm-clang.nortos.debug.lib : uart_v0.obj (.text.UART_checkOpenParams)
                  7018dc82    0000000e     --HOLE-- [fill = 0]
                  7018dc90    00000040     imu_protocol_handler.o (.text.imu_protocol_update_state)
                  7018dcd0    0000003e     drivers.am263px.r5f.ti-arm-clang.nortos.debug.lib : pinmux.obj (.text.Pinmux_unlockMMR)
                  7018dd0e    00000002     --HOLE-- [fill = 0]
                  7018dd10    0000003e                                                       : uart_v0_lld.obj (.text.UART_IsHWFlowCtrlValid)
                  7018dd4e    00000002     --HOLE-- [fill = 0]
                  7018dd50    0000003e                                                       : uart_v0_lld.obj (.text.UART_spaceAvail)
                  7018dd8e    00000002     --HOLE-- [fill = 0]
                  7018dd90    0000003e     gateway_shared.o (.text.gateway_core1_init)
                  7018ddce    00000002     --HOLE-- [fill = 0]
                  7018ddd0    0000003e     gateway_shared.o (.text.gateway_update_heartbeat)
                  7018de0e    00000002     --HOLE-- [fill = 0]
                  7018de10    0000003c     drivers.am263px.r5f.ti-arm-clang.nortos.debug.lib : uart_v0_lld.obj (.text.UART_IsParityTypeValid)
                  7018de4c    00000004     --HOLE-- [fill = 0]
                  7018de50    0000003c                                                       : uart_v0_lld.obj (.text.UART_IsTxRxFifoEmpty)
                  7018de8c    00000004     --HOLE-- [fill = 0]
                  7018de90    0000003c                                                       : uart_v0_lld.obj (.text.UART_enhanFuncEnable)
                  7018decc    00000004     --HOLE-- [fill = 0]
                  7018ded0    0000003a                                                       : mcan.obj (.text.MCAN_txBufAddReq)
                  7018df0a    00000006     --HOLE-- [fill = 0]
                  7018df10    0000003a                                                       : soc.obj (.text.SOC_moduleSetClockFrequency)
                  7018df4a    00000006     --HOLE-- [fill = 0]
                  7018df50    0000003a     nortos.am263px.r5f.ti-arm-clang.debug.lib : printf.obj (.text._atoi)
                  7018df8a    00000006     --HOLE-- [fill = 0]
                  7018df90    0000003a     main.o (.text.check_motor_commands_available)
                  7018dfca    00000006     --HOLE-- [fill = 0]
                  7018dfd0    0000003a     main.o (.text.init_1000hz_timer)
                  7018e00a    00000006     --HOLE-- [fill = 0]
                  7018e010    0000003a     nortos.am263px.r5f.ti-arm-clang.debug.lib : printf.obj (.text.snprintf_)
                  7018e04a    00000006     --HOLE-- [fill = 0]
                  7018e050    00000038     drivers.am263px.r5f.ti-arm-clang.nortos.debug.lib : soc.obj (.text.SOC_getCoreName)
                  7018e088    00000038     nortos.am263px.r5f.ti-arm-clang.debug.lib : PmuP_armv7r_asm.obj (.text.pmu)
                  7018e0c0    00000038     yis320_protocol.o (.text.vtable_is_connected)
                  7018e0f8    00000008     --HOLE-- [fill = 0]
                  7018e100    00000036     drivers.am263px.r5f.ti-arm-clang.nortos.debug.lib : edma.obj (.text.EDMA_getRegionId)
                  7018e136    0000000a     --HOLE-- [fill = 0]
                  7018e140    00000036     can_interface.o (.text.GPIO_pinWriteLow)
                  7018e176    0000000a     --HOLE-- [fill = 0]
                  7018e180    00000036     ti_drivers_config.o (.text.GPIO_pinWriteLow)
                  7018e1b6    0000000a     --HOLE-- [fill = 0]
                  7018e1c0    00000036     drivers.am263px.r5f.ti-arm-clang.nortos.debug.lib : ipc_notify_v1.obj (.text.IpcNotify_syncCallback)
                  7018e1f6    0000000a     --HOLE-- [fill = 0]
                  7018e200    00000034                                                       : mcan.obj (.text.MCAN_SsAddr)
                  7018e234    0000000c     --HOLE-- [fill = 0]
                  7018e240    00000034                                                       : mcan.obj (.text.MCAN_calcCfgAddr)
                  7018e274    0000000c     --HOLE-- [fill = 0]
                  7018e280    00000034                                                       : pinmux.obj (.text.Pinmux_lockMMR)
                  7018e2b4    0000000c     --HOLE-- [fill = 0]
                  7018e2c0    00000034     nortos.am263px.r5f.ti-arm-clang.debug.lib : TimerP_rti_priv.obj (.text.TimerP_Params_initPriv)
                  7018e2f4    0000000c     --HOLE-- [fill = 0]
                  7018e300    00000034     drivers.am263px.r5f.ti-arm-clang.nortos.debug.lib : uart_v0_lld.obj (.text.UART_IsDataLengthValid)
                  7018e334    0000000c     --HOLE-- [fill = 0]
                  7018e340    00000034     motor_mapping.o (.text.motor_get_config)
                  7018e374    0000000c     --HOLE-- [fill = 0]
                  7018e380    00000032     drivers.am263px.r5f.ti-arm-clang.nortos.debug.lib : mcan.obj (.text.HW_WR_FIELD32_RAW)
                  7018e3b2    0000000e     --HOLE-- [fill = 0]
                  7018e3c0    00000032                                                       : uart_v0_lld.obj (.text.HW_WR_FIELD32_RAW)
                  7018e3f2    0000000e     --HOLE-- [fill = 0]
                  7018e400    00000032                                                       : ipc_notify_v1.obj (.text.IpcNotify_mailboxIsPendingIntr)
                  7018e432    0000000e     --HOLE-- [fill = 0]
                  7018e440    00000032                                                       : mcan.obj (.text.MCAN_isMemInitDone)
                  7018e472    0000000e     --HOLE-- [fill = 0]
                  7018e480    00000032     nortos.am263px.r5f.ti-arm-clang.debug.lib : TimerP_rti_priv.obj (.text.TimerP_getCountPriv)
                  7018e4b2    0000000e     --HOLE-- [fill = 0]
                  7018e4c0    00000032     drivers.am263px.r5f.ti-arm-clang.nortos.debug.lib : uart_v0_lld.obj (.text.UART_enhanFuncBitValRestore)
                  7018e4f2    0000000e     --HOLE-- [fill = 0]
                  7018e500    00000032                                                       : uart_v0_lld.obj (.text.UART_hardwareFlowCtrlOptSet)
                  7018e532    0000000e     --HOLE-- [fill = 0]
                  7018e540    00000030                                                       : ipc_notify_v1.obj (.text.IpcNotify_getReadSwQ)
                  7018e570    00000030                                                       : uart_v0_lld.obj (.text.UART_flowCtrlTrigLvlConfig)
                  7018e5a0    00000030     gateway_shared.o (.text.gateway_signal_motor_config_ready)
                  7018e5d0    0000002e     drivers.am263px.r5f.ti-arm-clang.nortos.debug.lib : uart_dma_edma.obj (.text.UART_lld_dmaInit)
                  7018e5fe    00000002     --HOLE-- [fill = 0]
                  7018e600    0000002e     nortos.am263px.r5f.ti-arm-clang.debug.lib : printf.obj (.text._is_digit)
                  7018e62e    00000002     --HOLE-- [fill = 0]
                  7018e630    0000002c                                               : DebugP_log.obj (.text.DebugP_logZoneEnable)
                  7018e65c    00000004     --HOLE-- [fill = 0]
                  7018e660    0000002c     drivers.am263px.r5f.ti-arm-clang.nortos.debug.lib : ipc_notify_v1.obj (.text.IpcNotify_getReadMailbox)
                  7018e68c    00000004     --HOLE-- [fill = 0]
                  7018e690    0000002c                                                       : mcan.obj (.text.MCAN_clearNewDataStatus)
                  7018e6bc    00000004     --HOLE-- [fill = 0]
                  7018e6c0    0000002c                                                       : mcan.obj (.text.MCAN_getNewDataStatus)
                  7018e6ec    00000004     --HOLE-- [fill = 0]
                  7018e6f0    0000002c     nortos.am263px.r5f.ti-arm-clang.debug.lib : SemaphoreP_nortos.obj (.text.SemaphoreP_constructBinary)
                  7018e71c    00000004     --HOLE-- [fill = 0]
                  7018e720    0000002c     yis320_protocol.o (.text.vtable_deinit)
                  7018e74c    00000004     --HOLE-- [fill = 0]
                  7018e750    0000002a     nortos.am263px.r5f.ti-arm-clang.debug.lib : ClockP_nortos.obj (.text.ClockP_sleepTicks)
                  7018e77a    00000006     --HOLE-- [fill = 0]
                  7018e780    0000002a     drivers.am263px.r5f.ti-arm-clang.nortos.debug.lib : uart_v0_lld.obj (.text.UART_intr2Disable)
                  7018e7aa    00000006     --HOLE-- [fill = 0]
                  7018e7b0    0000002a                                                       : uart_v0_lld.obj (.text.UART_operatingModeSelect)
                  7018e7da    00000006     --HOLE-- [fill = 0]
                  7018e7e0    0000002a     imu_protocol_handler.o (.text.imu_process_rx_data)
                  7018e80a    00000006     --HOLE-- [fill = 0]
                  7018e810    00000028     nortos.am263px.r5f.ti-arm-clang.debug.lib : CpuId_armv7r.obj (.text.CSL_armR5GetCpuID)
                  7018e838    00000008     --HOLE-- [fill = 0]
                  7018e840    00000028                                               : printf.obj (.text.vprintf_)
                  7018e868    00000008     --HOLE-- [fill = 0]
                  7018e870    00000026     drivers.am263px.r5f.ti-arm-clang.nortos.debug.lib : edma.obj (.text.EDMA_disableQdmaEvtRegion)
                  7018e896    0000000a     --HOLE-- [fill = 0]
                  7018e8a0    00000026                                                       : edma.obj (.text.EDMA_enableQdmaEvtRegion)
                  7018e8c6    0000000a     --HOLE-- [fill = 0]
                  7018e8d0    00000026                                                       : edma.obj (.text.EDMA_validateIntrObject)
                  7018e8f6    0000000a     --HOLE-- [fill = 0]
                  7018e900    00000026     ti_drivers_config.o (.text.IpcNotify_allocSwQueue)
                  7018e926    0000000a     --HOLE-- [fill = 0]
                  7018e930    00000026     nortos.am263px.r5f.ti-arm-clang.debug.lib : printf.obj (.text._out_buffer)
                  7018e956    0000000a     --HOLE-- [fill = 0]
                  7018e960    00000024     ti_drivers_config.o (.text.IpcNotify_getConfig)
                  7018e984    0000000c     --HOLE-- [fill = 0]
                  7018e990    00000024     nortos.am263px.r5f.ti-arm-clang.debug.lib : SemaphoreP_nortos.obj (.text.SemaphoreP_constructMutex)
                  7018e9b4    0000000c     --HOLE-- [fill = 0]
                  7018e9c0    00000024     drivers.am263px.r5f.ti-arm-clang.nortos.debug.lib : uart_v0_lld.obj (.text.UART_IsRxTrigLvlValid)
                  7018e9e4    0000000c     --HOLE-- [fill = 0]
                  7018e9f0    00000024                                                       : uart_v0_lld.obj (.text.UART_IsStopBitsValid)
                  7018ea14    0000000c     --HOLE-- [fill = 0]
                  7018ea20    00000024                                                       : uart_v0_lld.obj (.text.UART_IsTxTrigLvlValid)
                  7018ea44    0000000c     --HOLE-- [fill = 0]
                  7018ea50    00000024                                                       : uart_v0.obj (.text.UART_getBaseAddr)
                  7018ea74    00000024     libclang_rt.builtins.a : aeabi_uldivmod.S.obj (.text.__aeabi_uldivmod)
                  7018ea98    00000008     --HOLE-- [fill = 0]
                  7018eaa0    00000024     nortos.am263px.r5f.ti-arm-clang.debug.lib : printf.obj (.text._out_char)
                  7018eac4    0000000c     --HOLE-- [fill = 0]
                  7018ead0    00000022     drivers.am263px.r5f.ti-arm-clang.nortos.debug.lib : edma.obj (.text.EDMA_channelToParamMap)
                  7018eaf2    0000000e     --HOLE-- [fill = 0]
                  7018eb00    00000022     gateway_shared.o (.text.gateway_ringbuf_core1_receive)
                  7018eb22    0000000e     --HOLE-- [fill = 0]
                  7018eb30    00000020     nortos.am263px.r5f.ti-arm-clang.debug.lib : ClockP_nortos.obj (.text.ClockP_isActive)
                  7018eb50    00000020                                               : ClockP_nortos.obj (.text.ClockP_usecToTicks)
                  7018eb70    00000020     drivers.am263px.r5f.ti-arm-clang.nortos.debug.lib : mcan.obj (.text.HW_RD_FIELD32_RAW)
                  7018eb90    00000020                                                       : uart_v0_lld.obj (.text.HW_RD_FIELD32_RAW)
                  7018ebb0    0000001e     nortos.am263px.r5f.ti-arm-clang.debug.lib : ClockP_nortos.obj (.text.ClockP_Params_init)
                  7018ebce    00000002     --HOLE-- [fill = 0]
                  7018ebd0    0000001e     drivers.am263px.r5f.ti-arm-clang.nortos.debug.lib : edma.obj (.text.EDMA_getEventStatusHigh)
                  7018ebee    00000002     --HOLE-- [fill = 0]
                  7018ebf0    0000001e                                                       : mcan.obj (.text.MCAN_setOpMode)
                  7018ec0e    00000002     --HOLE-- [fill = 0]
                  7018ec10    0000001e                                                       : soc.obj (.text.SOC_getSelfCpuClk)
                  7018ec2e    00000002     --HOLE-- [fill = 0]
                  7018ec30    0000001e                                                       : soc.obj (.text.SOC_moduleClockEnable)
                  7018ec4e    00000002     --HOLE-- [fill = 0]
                  7018ec50    0000001e     ti_dpl_config.o (.text.TimerP_isr0)
                  7018ec6e    00000002     --HOLE-- [fill = 0]
                  7018ec70    0000001e     drivers.am263px.r5f.ti-arm-clang.nortos.debug.lib : uart_v0_lld.obj (.text.UART_breakCtl)
                  7018ec8e    00000002     --HOLE-- [fill = 0]
                  7018ec90    0000001e                                                       : uart_v0_lld.obj (.text.UART_lld_Transaction_deInit)
                  7018ecae    00000002     --HOLE-- [fill = 0]
                  7018ecb0    0000001c                                                       : edma.obj (.text.EDMA_getEventStatus)
                  7018eccc    00000004     --HOLE-- [fill = 0]
                  7018ecd0    0000001c                                                       : mcan.obj (.text.MCAN_writeProtectedRegAccessLock)
                  7018ecec    00000004     --HOLE-- [fill = 0]
                  7018ecf0    0000001c                                                       : mcan.obj (.text.MCAN_writeProtectedRegAccessUnlock)
                  7018ed0c    00000004     --HOLE-- [fill = 0]
                  7018ed10    0000001c                                                       : uart_v0_lld.obj (.text.UART_IsParameter)
                  7018ed2c    0000001c     libc.a : memcpy32.S.obj (.text:TI_memcpy_small)
                  7018ed48    00000008     --HOLE-- [fill = 0]
                  7018ed50    0000001a     drivers.am263px.r5f.ti-arm-clang.nortos.debug.lib : mcan.obj (.text.MCAN_clearIntrStatus)
                  7018ed6a    00000006     --HOLE-- [fill = 0]
                  7018ed70    0000001a                                                       : mcan.obj (.text.MCAN_getOpMode)
                  7018ed8a    00000006     --HOLE-- [fill = 0]
                  7018ed90    0000001a                                                       : uart_v0_lld.obj (.text.UART_fifoCharGet)
                  7018edaa    00000006     --HOLE-- [fill = 0]
                  7018edb0    0000001a                                                       : uart_v0_lld.obj (.text.UART_timeGuardConfig)
                  7018edca    00000006     --HOLE-- [fill = 0]
                  7018edd0    00000018     nortos.am263px.r5f.ti-arm-clang.debug.lib : ClockP_nortos.obj (.text.ClockP_ticksToUsec)
                  7018ede8    00000008     --HOLE-- [fill = 0]
                  7018edf0    00000018     drivers.am263px.r5f.ti-arm-clang.nortos.debug.lib : edma.obj (.text.EDMA_isInterruptEnabled)
                  7018ee08    00000008     --HOLE-- [fill = 0]
                  7018ee10    00000018                                                       : ipc_notify_v1.obj (.text.IpcNotify_mailboxClearAllInt)
                  7018ee28    00000008     --HOLE-- [fill = 0]
                  7018ee30    00000018                                                       : ipc_notify_v1_cfg.obj (.text.IpcNotify_trigInterrupt)
                  7018ee48    00000008     --HOLE-- [fill = 0]
                  7018ee50    00000018     nortos.am263px.r5f.ti-arm-clang.debug.lib : SemaphoreP_nortos.obj (.text.SemaphoreP_Params_init)
                  7018ee68    00000008     --HOLE-- [fill = 0]
                  7018ee70    00000018                                               : TimerP_rti_priv.obj (.text.TimerP_getReloadCountPriv)
                  7018ee88    00000008     --HOLE-- [fill = 0]
                  7018ee90    00000018     drivers.am263px.r5f.ti-arm-clang.nortos.debug.lib : uart_v0_lld.obj (.text.UART_divisorLatchDisable)
                  7018eea8    00000008     --HOLE-- [fill = 0]
                  7018eeb0    00000018                                                       : uart_v0_lld.obj (.text.UART_modemControlReset)
                  7018eec8    00000008     --HOLE-- [fill = 0]
                  7018eed0    00000018                                                       : uart_v0_lld.obj (.text.UART_putChar)
                  7018eee8    00000018     libc.a : memset32.S.obj (.text:TI_memset_small)
                  7018ef00    00000016     drivers.am263px.r5f.ti-arm-clang.nortos.debug.lib : ipc_notify_v1.obj (.text.IpcNotify_sendSync)
                  7018ef16    0000000a     --HOLE-- [fill = 0]
                  7018ef20    00000016                                                       : mcan.obj (.text.MCAN_getIntrStatus)
                  7018ef36    0000000a     --HOLE-- [fill = 0]
                  7018ef40    00000016     nortos.am263px.r5f.ti-arm-clang.debug.lib : TimerP_rti_priv.obj (.text.TimerP_startPriv)
                  7018ef56    0000000a     --HOLE-- [fill = 0]
                  7018ef60    00000016                                               : TimerP_rti_priv.obj (.text.TimerP_stopPriv)
                  7018ef76    0000000a     --HOLE-- [fill = 0]
                  7018ef80    00000016     drivers.am263px.r5f.ti-arm-clang.nortos.debug.lib : uart_v0_lld.obj (.text.UART_divideRoundCloset)
                  7018ef96    0000000a     --HOLE-- [fill = 0]
                  7018efa0    00000016                                                       : uart_v0_lld.obj (.text.UART_regConfModeRestore)
                  7018efb6    0000000a     --HOLE-- [fill = 0]
                  7018efc0    00000014                                                       : edma.obj (.text.HW_WR_REG16_RAW)
                  7018efd4    0000000c     --HOLE-- [fill = 0]
                  7018efe0    00000014                                                       : ipc_notify_v1.obj (.text.IpcNotify_mailboxClearPendingIntr)
                  7018eff4    0000000c     --HOLE-- [fill = 0]
                  7018f000    00000014                                                       : soc_rcm.obj (.text.SOC_rcmGetModuleClkDivFromRegVal)
                  7018f014    0000000c     --HOLE-- [fill = 0]
                  7018f020    00000014     nortos.am263px.r5f.ti-arm-clang.debug.lib : TimerP_rti_priv.obj (.text.TimerP_clearOverflowIntPriv)
                  7018f034    0000000c     --HOLE-- [fill = 0]
                  7018f040    00000014                                               : TimerP_rti_nortos.obj (.text.TimerP_setup)
                  7018f054    0000000c     --HOLE-- [fill = 0]
                  7018f060    00000014     ti_dpl_config.o (.text.putchar_)
                  7018f074    0000000c     --HOLE-- [fill = 0]
                  7018f080    00000012     ti_pinmux_config.o (.text.Pinmux_init)
                  7018f092    0000000e     --HOLE-- [fill = 0]
                  7018f0a0    00000012     gateway_shared.o (.text.gateway_check_emergency_stop)
                  7018f0b2    0000000e     --HOLE-- [fill = 0]
                  7018f0c0    00000012     gateway_shared.o (.text.gateway_ringbuf_core1_get_available)
                  7018f0d2    0000000e     --HOLE-- [fill = 0]
                  7018f0e0    00000012     imu_protocol_handler.o (.text.imu_initialize)
                  7018f0f2    0000000e     --HOLE-- [fill = 0]
                  7018f100    00000012     imu_interface_isr.o (.text.imu_uart_is_initialized)
                  7018f112    0000000e     --HOLE-- [fill = 0]
                  7018f120    00000012     yis320_protocol.o (.text.yis320_get_timestamp_ms)
                  7018f132    0000000e     --HOLE-- [fill = 0]
                  7018f140    00000010     can_interface.o (.text.CSL_REG32_WR_RAW)
                  7018f150    00000010     drivers.am263px.r5f.ti-arm-clang.nortos.debug.lib : pinmux.obj (.text.CSL_REG32_WR_RAW)
                  7018f160    00000010                                                       : soc.obj (.text.CSL_REG32_WR_RAW)
                  7018f170    00000010     ti_drivers_config.o (.text.CSL_REG32_WR_RAW)
                  7018f180    00000010     nortos.am263px.r5f.ti-arm-clang.debug.lib : ClockP_nortos_r5.obj (.text.ClockP_getTimerCount)
                  7018f190    00000010                                               : ClockP_nortos_r5.obj (.text.ClockP_timerClearOverflowInt)
                  7018f1a0    00000010     drivers.am263px.r5f.ti-arm-clang.nortos.debug.lib : edma.obj (.text.HW_RD_REG32_RAW)
                  7018f1b0    00000010                                                       : mcan.obj (.text.HW_RD_REG32_RAW)
                  7018f1c0    00000010                                                       : uart_v0_lld.obj (.text.HW_RD_REG32_RAW)
                  7018f1d0    00000010                                                       : edma.obj (.text.HW_WR_REG32_RAW)
                  7018f1e0    00000010                                                       : mcan.obj (.text.HW_WR_REG32_RAW)
                  7018f1f0    00000010                                                       : uart_v0_lld.obj (.text.HW_WR_REG32_RAW)
                  7018f200    00000010                                                       : ipc_notify_v1.obj (.text.IpcNotify_mailboxGetPendingIntr)
                  7018f210    00000010     nortos.am263px.r5f.ti-arm-clang.debug.lib : TimerP_rti_nortos.obj (.text.TimerP_Params_init)
                  7018f220    00000010                                               : TimerP_rti_nortos.obj (.text.TimerP_clearOverflowInt)
                  7018f230    00000010                                               : TimerP_rti_nortos.obj (.text.TimerP_getCount)
                  7018f240    00000010                                               : TimerP_rti_nortos.obj (.text.TimerP_getReloadCount)
                  7018f250    00000010                                               : TimerP_rti_nortos.obj (.text.TimerP_start)
                  7018f260    00000010                                               : printf.obj (.text._out_null)
                  7018f270    00000010     gateway_shared.o (.text.gateway_notify_imu_ready)
                  7018f280    00000010     gateway_shared.o (.text.gateway_notify_states_ready)
                  7018f290    0000000e     yis320_protocol.o (.text.yis320_uart_configure)
                  7018f29e    00000002     --HOLE-- [fill = 0]
                  7018f2a0    0000000c     ti_board_open_close.o (.text.Board_driversOpen)
                  7018f2ac    00000004     --HOLE-- [fill = 0]
                  7018f2b0    0000000c     nortos.am263px.r5f.ti-arm-clang.debug.lib : ClockP_nortos.obj (.text.ClockP_getTicks)
                  7018f2bc    00000004     --HOLE-- [fill = 0]
                  7018f2c0    0000000c     ti_drivers_open_close.o (.text.Drivers_open)
                  7018f2cc    00000004     --HOLE-- [fill = 0]
                  7018f2d0    0000000c     ti_power_clock_config.o (.text.PowerClock_init)
                  7018f2dc    00000004     --HOLE-- [fill = 0]
                  7018f2e0    0000000c     yis320_protocol.o (.text.vtable_read_data)
                  7018f2ec    00000004     --HOLE-- [fill = 0]
                  7018f2f0    0000000a     nortos.am263px.r5f.ti-arm-clang.debug.lib : HwiP_armv7r_vim.obj (.text.Hwip_dataAndInstructionBarrier)
                  7018f2fa    00000006     --HOLE-- [fill = 0]
                  7018f300    0000000a     drivers.am263px.r5f.ti-arm-clang.nortos.debug.lib : ipc_notify_v1.obj (.text.IpcNotify_dataAndInstructionBarrier)
                  7018f30a    00000006     --HOLE-- [fill = 0]
                  7018f310    0000000a                                                       : soc_rcm.obj (.text.SOC_rcmGetBaseAddressMSSRCM)
                  7018f31a    00000006     --HOLE-- [fill = 0]
                  7018f320    0000000a                                                       : uart_dma_edma.obj (.text.UART_edmaDoNothing)
                  7018f32a    00000006     --HOLE-- [fill = 0]
                  7018f330    0000000a     gateway_shared.o (.text.gateway_memory_barrier)
                  7018f33a    00000006     --HOLE-- [fill = 0]
                  7018f340    0000000a     gateway_shared.o (.text.ringbuf_get_ptr)
                  7018f34a    00000006     --HOLE-- [fill = 0]
                  7018f350    00000008     ti_drivers_config.o (.text.Drivers_uartInit)
                  7018f358    00000008     --HOLE-- [fill = 0]
                  7018f360    00000008     drivers.am263px.r5f.ti-arm-clang.nortos.debug.lib : soc_rcm.obj (.text.SOC_rcmGetBaseAddressMSSCTRL)
                  7018f368    00000008     --HOLE-- [fill = 0]
                  7018f370    00000008                                                       : soc_rcm.obj (.text.SOC_rcmGetBaseAddressTOPRCM)
                  7018f378    00000008     --HOLE-- [fill = 0]
                  7018f380    00000008     nortos.am263px.r5f.ti-arm-clang.debug.lib : SemaphoreP_nortos.obj (.text.SemaphoreP_destruct)
                  7018f388    00000008     --HOLE-- [fill = 0]
                  7018f390    00000002     ti_board_open_close.o (.text.Board_driversClose)
                  7018f392    0000000e     --HOLE-- [fill = 0]
                  7018f3a0    00000002     ti_board_config.o (.text.Board_init)
                  7018f3a2    0000000e     --HOLE-- [fill = 0]
                  7018f3b0    00000002     ti_drivers_open_close.o (.text.Drivers_mcanOpen)
                  7018f3b2    0000000e     --HOLE-- [fill = 0]
                  7018f3c0    00000002     drivers.am263px.r5f.ti-arm-clang.nortos.debug.lib : ipc_notify_v1_cfg.obj (.text.IpcNotify_wait)
                  7018f3c2    0000000e     --HOLE-- [fill = 0]
                  7018f3d0    00000002     nortos.am263px.r5f.ti-arm-clang.debug.lib : TaskP_nortos.obj (.text.TaskP_yield)
                  7018f3d2    0000000e     --HOLE-- [fill = 0]

.rodata    0    7018f3e0    000024b8     
                  7018f3e0    00000450     motor_mapping.o (.rodata.motor_config_table)
                  7018f830    00000084     ti_dpl_config.o (.rodata.cfg)
                  7018f8b4    00000062     main.o (.rodata.str1.11321157723316767883.1)
                  7018f916    0000005e     main.o (.rodata.str1.15996357275703397564.1)
                  7018f974    0000005d     main.o (.rodata.str1.2563708670032483588.1)
                  7018f9d1    00000007     drivers.am263px.r5f.ti-arm-clang.nortos.debug.lib : soc.obj (.rodata.str1.12179086363571468349.1)
                  7018f9d8    00000050     nortos.am263px.r5f.ti-arm-clang.debug.lib : printf.obj (.rodata._ftoa.pow10)
                  7018fa28    0000004d     gateway_shared.o (.rodata.str1.3223734256326991069.1)
                  7018fa75    0000004c     main.o (.rodata.str1.11777244287787065045.1)
                  7018fac1    0000004c     main.o (.rodata.str1.403738606202455663.1)
                  7018fb0d    0000004a     main.o (.rodata.str1.6976963560179378225.1)
                  7018fb57    00000049     can_interface.o (.rodata.str1.2401924719955226879.1)
                  7018fba0    00000048     drivers.am263px.r5f.ti-arm-clang.nortos.debug.lib : soc_rcm.obj (.rodata.gADPLLJConfigTbl)
                  7018fbe8    00000045     can_interface.o (.rodata.str1.17857559882412085052.1)
                  7018fc2d    00000043     main.o (.rodata.str1.10313062130652730376.1)
                  7018fc70    00000042     main.o (.rodata.str1.11702106008850790973.1)
                  7018fcb2    00000042     main.o (.rodata.str1.6365796992934770792.1)
                  7018fcf4    00000041     main.o (.rodata.str1.16265332423659789559.1)
                  7018fd35    00000003     can_interface.o (.rodata.str1.15257894921296593044.1)
                  7018fd38    00000040     drivers.am263px.r5f.ti-arm-clang.nortos.debug.lib : mcan.obj (.rodata.gDataSize)
                  7018fd78    00000040                                                       : ipc_notify_v1.obj (.rodata.str1.10118846006578224169.1)
                  7018fdb8    00000040     gateway_shared.o (.rodata.str1.1309647279537151951.1)
                  7018fdf8    0000003f     main.o (.rodata.str1.16302215771116645891.1)
                  7018fe37    0000003f     main.o (.rodata.str1.8428454045432808059.1)
                  7018fe76    0000003e     imu_interface_isr.o (.rodata.str1.2252785669688110604.1)
                  7018feb4    0000003d     nortos.am263px.r5f.ti-arm-clang.debug.lib : TimerP_rti_priv.obj (.rodata.str1.11388379688747141303.1)
                  7018fef1    0000003d     main.o (.rodata.str1.13782249893155712474.1)
                  7018ff2e    0000003d     main.o (.rodata.str1.2624144126699937905.1)
                  7018ff6b    0000003c     main.o (.rodata.str1.8108965883388295311.1)
                  7018ffa7    0000003b     can_interface.o (.rodata.str1.13886886582160776261.1)
                  7018ffe2    00000039     can_interface.o (.rodata.str1.13942422985958650841.1)
                  7019001b    00000039     can_interface.o (.rodata.str1.15906871730334742222.1)
                  70190054    00000039     can_interface.o (.rodata.str1.16770118065840302171.1)
                  7019008d    00000038     gateway_shared.o (.rodata.str1.8694082244888993162.1)
                  701900c5    00000038     imu_interface_isr.o (.rodata.str1.9168798226845388136.1)
                  701900fd    00000037     gateway_shared.o (.rodata.str1.10638658715010209595.1)
                  70190134    00000037     can_interface.o (.rodata.str1.17102373369105828453.1)
                  7019016b    00000037     main.o (.rodata.str1.3530083166107438000.1)
                  701901a2    00000037     gateway_shared.o (.rodata.str1.5629998949668554045.1)
                  701901d9    00000036     can_interface.o (.rodata.str1.10186677634541030339.1)
                  7019020f    00000036     imu_interface_isr.o (.rodata.str1.13916086747295221358.1)
                  70190245    00000036     can_interface.o (.rodata.str1.15146467347084621569.1)
                  7019027b    00000035     can_interface.o (.rodata.str1.11434220007320834734.1)
                  701902b0    00000035     main.o (.rodata.str1.16631870348416990953.1)
                  701902e5    00000035     can_interface.o (.rodata.str1.6692020027550076815.1)
                  7019031a    00000035     ti_drivers_open_close.o (.rodata.str1.871795152488895636.1)
                  7019034f    00000035     main.o (.rodata.str1.9059077390166914652.1)
                  70190384    00000034     main.o (.rodata.str1.13288086030101331538.1)
                  701903b8    00000034     main.o (.rodata.str1.14112174005742061988.1)
                  701903ec    00000034     main.o (.rodata.str1.17376258722486336754.1)
                  70190420    00000034     main.o (.rodata.str1.18092426736022315238.1)
                  70190454    00000034     main.o (.rodata.str1.2597068879322958637.1)
                  70190488    00000034     main.o (.rodata.str1.6891813955777630061.1)
                  701904bc    00000033     can_interface.o (.rodata.str1.13538652865395202372.1)
                  701904ef    00000033     main.o (.rodata.str1.17770841602246103764.1)
                  70190522    00000033     can_interface.o (.rodata.str1.2569929632086669665.1)
                  70190555    00000033     main.o (.rodata.str1.625103348304617710.1)
                  70190588    00000032     can_interface.o (.rodata.str1.2296911319530636772.1)
                  701905ba    00000031     can_interface.o (.rodata.str1.4211222669969280216.1)
                  701905eb    00000031     main.o (.rodata.str1.5630281060179367396.1)
                  7019061c    00000031     gateway_shared.o (.rodata.str1.6121471336334202706.1)
                  7019064d    00000031     motor_mapping.o (.rodata.str1.8787205977826144616.1)
                  7019067e    00000030     can_interface.o (.rodata.str1.10130696897761414469.1)
                  701906ae    00000030     main.o (.rodata.str1.14712910685067215323.1)
                  701906de    00000030     can_interface.o (.rodata.str1.2167712102046818855.1)
                  7019070e    00000030     imu_interface_isr.o (.rodata.str1.4417852805959727765.1)
                  7019073e    00000030     main.o (.rodata.str1.8154729771448623357.1)
                  7019076e    0000002f     main.o (.rodata.str1.10720410773482754683.1)
                  7019079d    0000002f     main.o (.rodata.str1.11870794119293528247.1)
                  701907cc    0000002f     can_interface.o (.rodata.str1.15094798983471906066.1)
                  701907fb    0000002f     gateway_shared.o (.rodata.str1.3129942817937968154.1)
                  7019082a    0000002f     main.o (.rodata.str1.6554448696319176064.1)
                  70190859    0000002f     drivers.am263px.r5f.ti-arm-clang.nortos.debug.lib : ipc_notify_v1.obj (.rodata.str1.9418228565027791152.1)
                  70190888    0000002e     can_interface.o (.rodata.str1.11024350005305706282.1)
                  701908b6    0000002e     gateway_shared.o (.rodata.str1.11051107022181534624.1)
                  701908e4    0000002e     main.o (.rodata.str1.14079361385603432444.1)
                  70190912    0000002e     main.o (.rodata.str1.489408286258209761.1)
                  70190940    0000002e     main.o (.rodata.str1.7996925722583989644.1)
                  7019096e    0000002e     gateway_shared.o (.rodata.str1.9859227269409816370.1)
                  7019099c    0000002d     main.o (.rodata.str1.14466178792657420020.1)
                  701909c9    0000002d     can_interface.o (.rodata.str1.150960857071891705.1)
                  701909f6    0000002d     main.o (.rodata.str1.16709704744796600189.1)
                  70190a23    0000002d     main.o (.rodata.str1.5043408953494467246.1)
                  70190a50    0000002d     can_interface.o (.rodata.str1.6401568125276999251.1)
                  70190a7d    0000002d     can_interface.o (.rodata.str1.6531933829109918715.1)
                  70190aaa    0000002c     can_interface.o (.rodata.str1.14845445665763636722.1)
                  70190ad6    0000002c     main.o (.rodata.str1.2763581881760962609.1)
                  70190b02    0000002c     gateway_shared.o (.rodata.str1.7167262159681625771.1)
                  70190b2e    0000002b     main.o (.rodata.str1.18227636981041470289.1)
                  70190b59    0000002b     can_interface.o (.rodata.str1.3858671167962548137.1)
                  70190b84    0000002b     can_interface.o (.rodata.str1.5571669369711139161.1)
                  70190baf    0000002a     can_interface.o (.rodata.str1.17855712168153945246.1)
                  70190bd9    0000002a     nortos.am263px.r5f.ti-arm-clang.debug.lib : DebugP_log.obj (.rodata.str1.227947788441500939.1)
                  70190c03    0000002a     main.o (.rodata.str1.2846389346932560359.1)
                  70190c2d    0000002a     main.o (.rodata.str1.8096991282711418442.1)
                  70190c57    00000029     imu_interface_isr.o (.rodata.str1.15503275091179387347.1)
                  70190c80    00000029     can_interface.o (.rodata.str1.357542981605220142.1)
                  70190ca9    00000029     main.o (.rodata.str1.39260288392874984.1)
                  70190cd2    00000029     can_interface.o (.rodata.str1.6910353934698693424.1)
                  70190cfb    00000029     can_interface.o (.rodata.str1.7679921882182829519.1)
                  70190d24    00000029     main.o (.rodata.str1.8076846746581808073.1)
                  70190d4d    00000028     main.o (.rodata.str1.10224226614597680209.1)
                  70190d75    00000028     main.o (.rodata.str1.13030671760666898970.1)
                  70190d9d    00000028     main.o (.rodata.str1.1311392489248731986.1)
                  70190dc5    00000028     main.o (.rodata.str1.15159059442110792349.1)
                  70190ded    00000027     nortos.am263px.r5f.ti-arm-clang.debug.lib : ClockP_nortos_r5.obj (.rodata.str1.12743090444791882666.1)
                  70190e14    00000027     main.o (.rodata.str1.17045314124001216156.1)
                  70190e3b    00000027     main.o (.rodata.str1.7784929982665794503.1)
                  70190e62    00000026     can_interface.o (.rodata.str1.14406550278730177052.1)
                  70190e88    00000026     gateway_shared.o (.rodata.str1.17046880449980016103.1)
                  70190eae    00000026     gateway_shared.o (.rodata.str1.5761821093615868877.1)
                  70190ed4    00000026     can_interface.o (.rodata.str1.6806839034663112933.1)
                  70190efa    00000025     main.o (.rodata.str1.10635229749459437609.1)
                  70190f1f    00000025     main.o (.rodata.str1.10865113624938808685.1)
                  70190f44    00000025     main.o (.rodata.str1.2123964117280943167.1)
                  70190f69    00000024     can_interface.o (.rodata.str1.14428574951410983152.1)
                  70190f8d    00000024     can_interface.o (.rodata.str1.17339864536769639315.1)
                  70190fb1    00000024     imu_interface_isr.o (.rodata.str1.6306445455767916371.1)
                  70190fd5    00000024     main.o (.rodata.str1.7702501944640899365.1)
                  70190ff9    00000024     main.o (.rodata.str1.8828068777338075035.1)
                  7019101d    00000023     drivers.am263px.r5f.ti-arm-clang.nortos.debug.lib : soc_rcm.obj (.rodata.str1.2078190104202520215.1)
                  70191040    00000023     nortos.am263px.r5f.ti-arm-clang.debug.lib : ClockP_nortos_r5.obj (.rodata.str1.7689125538912326484.1)
                  70191063    00000022     main.o (.rodata.str1.11822182024223342093.1)
                  70191085    00000022     drivers.am263px.r5f.ti-arm-clang.nortos.debug.lib : edma.obj (.rodata.str1.12976018205622752890.1)
                  701910a7    00000021     can_interface.o (.rodata.str1.12573338884863454617.1)
                  701910c8    00000021     nortos.am263px.r5f.ti-arm-clang.debug.lib : ClockP_nortos_r5.obj (.rodata.str1.8559540482768925367.1)
[...]
00000000  __TI_ATRegion1_trg_addr              
00000000  __TI_ATRegion2_region_sz             
00000000  __TI_ATRegion2_src_addr              
00000000  __TI_ATRegion2_trg_addr              
00000000  __TI_static_base__                   
00000000  _vectors                             
00000100  __ABORT_STACK_SIZE                   
00000100  __FIQ_STACK_SIZE                     
00000100  __IRQ_STACK_SIZE                     
00000100  __UNDEFINED_STACK_SIZE               
00001000  __SVC_STACK_SIZE                     
00004000  __STACK_SIZE                         
70180a34  __aeabi_memclr                       
70180a34  __aeabi_memclr4                      
70180a34  __aeabi_memclr8                      
70181888  C$$EXIT                              
70181888  HOSTexit                             
70181891  SOC_rcmEnablePeripheralClock         
70181ec8  __aeabi_ldiv0                        
70181ecc  __aeabi_memcpy                       
70181ecc  __aeabi_memcpy4                      
70181ecc  __aeabi_memcpy8                      
701824b4  CSL_armR5ReadMpidrReg                
70182a8c  __aeabi_memmove                      
70182a8c  __aeabi_memmove4                     
70182a8c  __aeabi_memmove8                     
70183351  UART_open                            
70183751  IpcNotify_init                       
70184221  SOC_virtToPhy                        
70184531  motor_mapping_init_core1             
70184831  MCAN_msgRAMConfig                    
701858c1  CAN_TransmitBatch                    
70185af1  UART_lld_dmaDeInit                   
70185d21  IpcNotify_isr                        
70185f51  TimerP_setupPriv                     
70186131  UART_lld_dmaWrite                    
701862e1  UART_close                           
70186491  UART_lld_controllerIsr               
70186631  CAN_StartRxInterrupts                
70186951  MCAN_calcMsgRamParamsStartAddr       
70186ae1  EDMA_unregisterIntr                  
70186c51  SOC_controlModuleUnlockMMR           
70186db1  CAN_Init                             
70186f11  UART_lld_initDma                     
70187071  DebugP_shmLogWriterPutChar           
70187461  MCAN_setBitTime                      
701875b1  imu_uart_isr_init                    
70187841  MCAN_readMsgRam                      
70187ac1  ClockP_init                          
70187c01  UART_procLineStatusErr               
70187d41  EDMA_registerIntr                    
70187e81  MCAN_init                            
70187fc1  UART_lld_init                        
701880f1  MCAN_config                          
70188221  SOC_controlModuleLockMMR             
70188351  SOC_rcmGetPeripheralClockFrequency   
70188591  DebugP_shmLogWriterPutLine           
701886b1  UART_lld_dmaRead                     
701887cc  __udivmoddi4                         
70188d61  IpcNotify_sendMsg                    
70188f81  GPIO_init                            
70189091  SemaphoreP_pend                      
701891a1  gateway_ringbuf_read                 
701892b1  gateway_write_motor_config           
70189671  EDMA_freeChannelRegion               
70189761  EDMA_freeParam                       
70189851  EDMA_freeDmaChannel                  
70189931  EDMA_freeTcc                         
70189a11  UART_intrEnable                      
70189af1  UART_intrDisable                     
70189bd1  AddrTranslateP_getLocalAddr          
70189ca1  EDMA_disableChInShadowRegRegion      
70189d71  EDMA_enableChInShadowRegRegion       
70189e41  EDMA_mapChToEvtQ                     
70189f11  EDMA_configureChannelRegion          
7018a091  UART_flushTxFifo                     
7018a211  ClockP_timerTickIsr                  
7018a2d1  TimerP_init                          
7018a391  ClockP_stop                          
7018a451  IpcNotify_waitSync                   
7018a511  CycleCounterP_init                   
7018a531  CycleCounterP_reset                  
7018a581  CycleCounterP_nsToTicks              
7018a5c1  CycleCounterP_enableUserAccess       
7018a5d1  MCAN_writeMsgRam                     
7018a681  SOC_rcmSetPeripheralClock            
7018a731  UART_init                            
7018a9f1  gateway_write_motor_states           
7018aaa1  gateway_core1_wait_for_ready         
7018ac01  ClockP_destruct                      
7018acb1  Drivers_uartOpen                     
7018ae01  gateway_core1_ipc_callback           
7018af41  imu_uart_read                        
7018afe1  IpcNotify_registerClient             
7018b121  ClockP_getTimeUsec                   
7018b1c1  EDMA_unmapChToEvtQ                   
7018b261  float_to_uint                        
7018b301  yis320_convert_to_ipc                
7018b3a1  EDMA_disableTransferRegion           
7018b431  EDMA_enableTransferRegion            
7018b5e1  UART_lld_flushTxFifo                 
7018b701  EDMA_allocDmaChannel                 
7018b791  EDMA_allocParam                      
7018b821  EDMA_allocTcc                        
7018b9d1  IpcNotify_syncAll                    
7018ba61  imu_protocol_manager_init            
7018baf1  MCAN_addStdMsgIDFilter               
7018bbf1  System_init                          
7018bcf1  _DebugP_assert                       
7018bd71  gateway_ringbuf_core1_init           
7018be71  UART_Params_init                     
7018bef1  gateway_write_imu_state              
7018bf71  EDMA_linkChannel                     
7018c071  ClockP_usleep                        
7018c0f1  EDMA_clrMissEvtRegion                
7018c2d1  EDMA_getBaseAddr                     
7018c3b1  imu_protocol_get_state               
7018c421  SOC_rcmGetR5Clock                    
7018c491  SOC_rcmIsR5FInLockStepMode           
7018c571  UART_lld_deInitDma                   
7018c5e1  imu_protocol_process_uart_rx         
7018c651  MCAN_enableIntr                      
7018c6c1  MCAN_initTxBufElement                
7018c7a1  SemaphoreP_post                      
7018c811  MCAN_selectIntrLine                  
7018c871  UART_getChar                         
7018c931  yis320_protocol_handler_init         
7018c991  Module_clockSetFrequency             
7018c9f1  UART_lld_deInit                      
7018cc91  uint16_to_float                      
7018cd51  Dpl_init                             
7018cdb1  EDMA_setPaRAM                        
7018ce71  main                                 
7018cec4  __TI_auto_init_nobinit_nopinit       
7018cf21  Drivers_uartClose                    
7018cf71  Pinmux_config                        
7018cfc1  UART_checkCharsAvailInFifo           
7018d061  DebugP_shmLogWriterInit              
7018d0b1  EDMA_clrEvtRegion                    
7018d101  EDMA_disableDmaEvtRegion             
7018d151  EDMA_disableEvtIntrRegion            
7018d1a1  EDMA_enableDmaEvtRegion              
7018d1f1  EDMA_enableEvtIntrRegion             
7018d241  EDMA_setEvtRegion                    
7018d291  GPIO_setDirMode                      
7018d2e1  MCAN_enableIntrLine                  
7018d331  ClockP_construct                     
7018d381  EDMA_ccPaRAMEntry_init               
7018d3d1  EDMA_mapQdmaChToPaRAM                
7018d421  EDMA_readEventStatusRegion           
7018d471  IpcNotify_unregisterClient           
7018d4c1  Module_clockEnable                   
7018d511  gateway_update_stat                  
7018d55c  memmove                              
7018d601  timerISR                             
7018d651  CAN_GetStats                         
7018d6a1  IpcNotify_Params_init                
7018d741  UART_getIntrIdentityStatus           
7018d831  CAN_RegisterRxCallback               
7018d921  UART_readLineStatus                  
7018d971  gateway_ringbuf_get_available        
7018d9c1  imu_protocol_handler_init            
7018db01  SemaphoreP_construct                 
7018db51  _DebugP_logZone                      
7018dbf1  ClockP_start                         
7018dc91  imu_protocol_update_state            
7018dd51  UART_spaceAvail                      
7018dd91  gateway_core1_init                   
7018ddd1  gateway_update_heartbeat             
7018de51  UART_IsTxRxFifoEmpty                 
7018ded1  MCAN_txBufAddReq                     
7018df11  SOC_moduleSetClockFrequency          
7018e011  snprintf_                            
7018e051  SOC_getCoreName                      
7018e088  CycleCounterP_getCount32             
7018e090  PmuP_setup                           
7018e098  PmuP_enableCounters                  
7018e0a0  PmuP_disableCounters                 
7018e0a8  PmuP_getOverflowStatus               
7018e0b0  PmuP_clearOverflowStatus             
7018e0b8  PmuP_setUserEnable                   
7018e101  EDMA_getRegionId                     
7018e1c1  IpcNotify_syncCallback               
7018e241  MCAN_calcCfgAddr                     
7018e2c1  TimerP_Params_initPriv               
7018e341  motor_get_config                     
7018e441  MCAN_isMemInitDone                   
7018e481  TimerP_getCountPriv                  
7018e5a1  gateway_signal_motor_config_ready    
7018e5d1  UART_lld_dmaInit                     
7018e631  DebugP_logZoneEnable                 
7018e691  MCAN_clearNewDataStatus              
7018e6c1  MCAN_getNewDataStatus                
7018e6f1  SemaphoreP_constructBinary           
7018e781  UART_intr2Disable                    
7018e7b1  UART_operatingModeSelect             
7018e811  CSL_armR5GetCpuID                    
7018e841  vprintf_                             
7018e871  EDMA_disableQdmaEvtRegion            
7018e8a1  EDMA_enableQdmaEvtRegion             
7018e901  IpcNotify_allocSwQueue               
7018e961  IpcNotify_getConfig                  
7018e991  SemaphoreP_constructMutex            
7018ea51  UART_getBaseAddr                     
7018ea74  __aeabi_uldivmod                     
7018ead1  EDMA_channelToParamMap               
7018eb01  gateway_ringbuf_core1_receive        
7018eb31  ClockP_isActive                      
7018eb51  ClockP_usecToTicks                   
7018ebb1  ClockP_Params_init                   
7018ebd1  EDMA_getEventStatusHigh              
7018ebf1  MCAN_setOpMode                       
7018ec11  SOC_getSelfCpuClk                    
7018ec31  SOC_moduleClockEnable                
7018ec51  TimerP_isr0                          
7018ec91  UART_lld_Transaction_deInit          
7018ecb1  EDMA_getEventStatus                  
7018ed2c  TI_memcpy_small                      
7018ed51  MCAN_clearIntrStatus                 
7018ed71  MCAN_getOpMode                       
7018edd1  ClockP_ticksToUsec                   
7018edf1  EDMA_isInterruptEnabled              
7018ee31  IpcNotify_trigInterrupt              
7018ee51  SemaphoreP_Params_init               
7018ee71  TimerP_getReloadCountPriv            
7018eed1  UART_putChar                         
7018eee8  TI_memset_small                      
7018ef01  IpcNotify_sendSync                   
7018ef21  MCAN_getIntrStatus                   
7018ef41  TimerP_startPriv                     
7018ef61  TimerP_stopPriv                      
7018f021  TimerP_clearOverflowIntPriv          
7018f041  TimerP_setup                         
7018f061  putchar_                             
7018f081  Pinmux_init                          
7018f0a1  gateway_check_emergency_stop         
7018f0c1  gateway_ringbuf_core1_get_available  
7018f101  imu_uart_is_initialized              
7018f121  yis320_get_timestamp_ms              
7018f181  ClockP_getTimerCount                 
7018f191  ClockP_timerClearOverflowInt         
7018f211  TimerP_Params_init                   
7018f221  TimerP_clearOverflowInt              
7018f231  TimerP_getCount                      
7018f241  TimerP_getReloadCount                
7018f251  TimerP_start                         
7018f271  gateway_notify_imu_ready             
7018f281  gateway_notify_states_ready          
7018f291  yis320_uart_configure                
7018f2a1  Board_driversOpen                    
7018f2b1  ClockP_getTicks                      
7018f2c1  Drivers_open                         
7018f2d1  PowerClock_init                      
7018f351  Drivers_uartInit                     
7018f381  SemaphoreP_destruct                  
7018f391  Board_driversClose                   
7018f3a1  Board_init                           
7018f3b1  Drivers_mcanOpen                     
7018f3c1  IpcNotify_wait                       
7018f3d1  TaskP_yield                          
7018f830  gCacheConfig                         
7018f838  gMpuConfig                           
7018f844  gMpuRegionConfig                     
7018fba0  gADPLLJConfigTbl                     
70191496  gPeripheralClkSrcInfoMap             
701915f5  gCR5ClkSrcInfoMap                    
70191838  gXTALInfo                            
70191884  gCacheL1dCacheLineSize               
70191888  gCacheL1pCacheLineSize               
70191898  __BSS_START                          
70192418  gHwiCtrl                             
70192c24  g_yis320_private_data                
7019302c  g_motor_lookup                       
70193900  gIpcNotifyCtrl                       
70193b8c  gTimerBaseAddr                       
70193b90  gClockCtrl                           
70193bb0  virtToPhymap                         
70193bd4  gTimerHwiObj                         
70193bd8  gUartHandle                          
70193be0  __BSS_END                            
70193be0  __stack                              
70197be0  __STACK_END                          
70197be1  HwiP_enableInt                       
70197c21  HwiP_disableInt                      
70197c81  HwiP_restoreInt                      
70197cb1  HwiP_clearInt                        
70197cf1  HwiP_post                            
70197d31  HwiP_Params_init                     
70197d61  HwiP_construct                       
70197f51  HwiP_destruct                        
70197fc1  HwiP_init                            
70198171  HwiP_inISR                           
701981a1  HwiP_setVimIrqPriMaskNonAtomic       
701981f1  HwiP_setVimIrqPriMaskAtomic          
70198291  HwiP_restoreVimIrqPriMask            
701982a1  HwiP_irq_handler_c                   
70198441  HwiP_fiq_handler                     
701985a1  HwiP_reserved_handler                
701985e1  HwiP_undefined_handler_c             
70198601  HwiP_user_undefined_handler_c        
70198621  HwiP_svc_handler                     
70198661  HwiP_prefetch_abort_handler_c        
70198701  HwiP_user_prefetch_abort_handler_c   
70198741  HwiP_data_abort_handler_c            
70198801  HwiP_user_data_abort_handler_c       
7019883c  HwiP_irq_handler                     
701988b0  HwiP_data_abort_handler              
701988f4  HwiP_prefetch_abort_handler          
70198940  HwiP_undefined_handler               
70198970  GET_DFSR                             
70198978  GET_ADFSR                            
70198980  GET_DFAR                             
70198988  GET_IFSR                             
70198990  GET_AIFSR                            
70198998  GET_IFAR                             
701989a0  GET_SPSR                             
701989b8  HwiP_disable                         
701989c8  HwiP_disableFIQ                      
701989d8  HwiP_enable                          
701989e8  HwiP_enableFIQ                       
701989f8  HwiP_restore                         
70198a00  HwiP_enableVIC                       
70198a10  HwiP_disableVIC                      
70198a20  HwiP_getCPSR                         
70198a30  CacheP_disableL1d                    
70198a58  CacheP_disableL1p                    
70198a70  CacheP_enableL1d                     
70198a88  CacheP_enableL1p                     
70198aa0  CacheP_invL1d                        
70198ad8  CacheP_invL1p                        
70198b14  CacheP_invL1dAll                     
70198b1c  CacheP_invL1pAll                     
70198b24  CacheP_wb                            
70198b60  CacheP_wbInv                         
70198b9c  CacheP_wbAll                         
70198c44  CacheP_wbInvAll                      
70198c5c  CacheP_wbInvAllAsm                   
70198cfc  CacheP_getEnabled                    
70198d34  CacheP_getCacheLevelInfo             
70198d40  CacheP_configForceWrThru             
70198d60  CacheP_setDLFO                       
70198d71  CacheP_init                          
70198e01  CacheP_disable                       
70198e51  CacheP_enable                        
70198e91  CacheP_inv                           
70198ed1  MpuP_getAttrs                        
70198f31  MpuP_RegionAttrs_init                
70198f61  MpuP_setRegion                       
70198ff1  MpuP_isEnable                        
70199001  MpuP_disable                         
70199041  MpuP_enable                          
70199091  MpuP_init                            
70199131  MpuP_isUserAuthorizedToAccessMemory  
70199210  MpuP_disableAsm                      
70199228  MpuP_disableBRAsm                    
70199238  MpuP_enableAsm                       
70199250  MpuP_enableBRAsm                     
70199260  MpuP_isEnableAsm                     
70199274  MpuP_setRegionAsm                    
70199290  _c_int00_sbl                         
701992b4  _c_int00                             
701993e1  _DebugP_assertNoLog                  
70199411  _system_pre_init                     
70199441  __mpu_init                           
70199450  abort                                
70199458  gEdmaConfig                          
70199458  gUartDmaHandle                       
70199b98  gIpcNotifyMailboxConfig              
70199d70  gSocModulesClockFrequency            
70199de8  gUartParams                          
70199e40  gSocModules                          
70199e80  gClockConfig                         
70199e98  gIpcNotifyInterruptConfig_r5fss1_1   
70199ec4  gIpcNotifyCoreIntrBitPos             
70199ee4  gAddrTranslateConfig                 
70199ef8  gUartConfig                          
70199f0c  gDebugLogZone                        
70199f18  gEdmaConfigNum                       
70199f1c  gHwiConfig                           
70199f20  gIpcNotifyInterruptConfigNum_r5fss1_1
70199f24  gUartConfigNum                       
70199f28  gUartDmaChConfig                     
70199f7b  isMapAvailable                       
70199f88  __IRQ_STACK_START                    
7019a088  __FIQ_STACK_START                    
7019a088  __IRQ_STACK_END                      
7019a188  __FIQ_STACK_END                      
7019a188  __SVC_STACK_START                    
7019b188  __ABORT_STACK_START                  
7019b188  __SVC_STACK_END                      
7019b288  __ABORT_STACK_END                    
7019b288  __UNDEFINED_STACK_START              
7019b388  __UNDEFINED_STACK_END                
70200000  gGatewaySharedMem                    
70206ecc  dbg_can_rx_count                     
70206ed0  dbg_can_tx_count                     
70206ed4  dbg_can_isr_rx_entry_count           
70206ed8  dbg_can_isr_fifo_read_count          
70206edc  dbg_can_isr_callback_count           
70206ee0  g_first_intr_info                    
70206f60  dbg_ipc_send_count                   
70206f64  dbg_ipc_register_count               
70206f68  dbg_imu_uart_isr_count               
70206f6c  dbg_imu_rx_byte_count                
70206f70  dbg_imu_frame_count                  
70208000  gDebugShmLog                         
ffffffff  __TI_pprof_out_hndl                  
ffffffff  __TI_prof_data_size                  
ffffffff  __TI_prof_data_start                 
ffffffff  __binit__                            
ffffffff  binit                                
UNDEFED   __TI_CINIT_Base                      
UNDEFED   __TI_CINIT_Limit                     
UNDEFED   __TI_Handler_Table_Base              
UNDEFED   __TI_Handler_Table_Limit             
UNDEFED   _system_post_cinit                   

[421 symbols]
