******************************************************************************
            TI ARM Clang Linker PC v4.0.4                      
******************************************************************************
>> Linked Fri Apr  3 12:21:00 2026

OUTPUT FILE NAME:   <ccu_ti_multi_core_realtime.out>
ENTRY POINT SYMBOL: "_vectors"  address: 00000000


MEMORY CONFIGURATION

         name            origin    length      used     unused   attr    fill
----------------------  --------  ---------  --------  --------  ----  --------
  R5F_VECS              00000000   00000040  00000040  00000000  RWIX
  R5F_TCMA              00000040   00007fc0  00000000  00007fc0  RWIX
  R5F_TCMB              00080000   00008000  00000000  00008000  RWIX
  MAILBOX_HSM           44000000   000003ce  00000000  000003ce  RWIX
  MAILBOX_R5F           44000400   000003ce  00000000  000003ce  RWIX
  FLASH                 60180000   00080000  00000000  00080000  RWIX
  OCRAM                 70180000   00080000  0001a718  000658e8  RWIX
  USER_SHM_MEM          70200000   00008000  00004d4c  000032b4  RWIX
  LOG_SHM_MEM           70208000   00004000  00002000  00002000  RWIX
  RTOS_NORTOS_IPC_SHM_M 72000000   00003e80  00000000  00003e80  RWIX


SEGMENT ALLOCATION MAP

run origin  load origin   length   init length attrs members
----------  ----------- ---------- ----------- ----- -------
00000000    00000000    00000040   00000040    r-x
  00000000    00000000    00000040   00000040    r-x .vectors
70180000    70180000    00010ed8   00010ed8    r-x
  70180000    70180000    0000eaa0   0000eaa0    r-x .text
  7018eaa0    7018eaa0    00002438   00002438    r-- .rodata
70190ed8    70190ed8    000066c0   00000000    rw-
  70190ed8    70190ed8    000026c0   00000000    rw- .bss
  70193598    70193598    00004000   00000000    rw- .stack
701975a0    701975a0    00001878   00001878    r-x
  701975a0    701975a0    00000e50   00000e50    r-x .text.hwi
  701983f0    701983f0    000004a0   000004a0    r-x .text.cache
  70198890    70198890    000003c0   000003c0    r-x .text.mpu
  70198c50    70198c50    000001c0   000001c0    r-x .text.boot
  70198e10    70198e10    00000008   00000008    r-x .text:abort
70198e18    70198e18    00001908   00000508    rw-
  70198e18    70198e18    00000508   00000508    rw- .data
  70199320    70199320    00000100   00000000    rw- .irqstack
  70199420    70199420    00000100   00000000    rw- .fiqstack
  70199520    70199520    00001000   00000000    rw- .svcstack
  7019a520    7019a520    00000100   00000000    rw- .abortstack
  7019a620    7019a620    00000100   00000000    rw- .undefinedstack


SECTION ALLOCATION MAP

 output                                  attributes/
section   page    origin      length       input sections
--------  ----  ----------  ----------   ----------------
.vectors   0    00000000    00000040     
                  00000000    00000040     nortos.am263px.r5f.ti-arm-clang.debug.lib : HwiP_armv7r_vectors_nortos_asm.obj (.vectors)

.text      0    70180000    0000eaa0     
                  70180000    00000a34     nortos.am263px.r5f.ti-arm-clang.debug.lib : printf.obj (.text._vsnprintf)
                  70180a34    0000000c     libclang_rt.builtins.a : aeabi_memset.S.obj (.text.__aeabi_memclr)
                  70180a40    00000678     drivers.am263px.r5f.ti-arm-clang.nortos.debug.lib : soc_rcm.obj (.text.SOC_rcmGetClkSrcAndDivReg)
                  701810b8    00000008     libsysbm.a : hostexit.c.obj (.text.HOSTexit)
                  701810c0    00000638     drivers.am263px.r5f.ti-arm-clang.nortos.debug.lib : soc_rcm.obj (.text.SOC_rcmEnablePeripheralClock)
                  701816f8    00000004     libclang_rt.builtins.a : aeabi_div0.c.obj (.text.__aeabi_ldiv0)
                  701816fc    00000004                            : aeabi_memcpy.S.obj (.text.__aeabi_memcpy)
                  70181700    000005e2     nortos.am263px.r5f.ti-arm-clang.debug.lib : printf.obj (.text._ftoa)
                  70181ce2    00000002     --HOLE-- [fill = 0]
                  70181ce4    0000000c                                               : CpuId_armv7r_asm.obj (.text)
                  70181cf0    000004b0                                               : printf.obj (.text._etoa)
                  701821a0    00000402     yis320_protocol.o (.text.vtable_process_rx_data)
                  701825a2    00000002     --HOLE-- [fill = 0]
                  701825a4    00000004     libclang_rt.builtins.a : aeabi_memmove.S.obj (.text.__aeabi_memmove)
                  701825a8    00000008     --HOLE-- [fill = 0]
                  701825b0    00000400     drivers.am263px.r5f.ti-arm-clang.nortos.debug.lib : uart_v0.obj (.text.UART_open)
                  701829b0    000003dc                                                       : ipc_notify_v1.obj (.text.IpcNotify_init)
                  70182d8c    00000004     --HOLE-- [fill = 0]
                  70182d90    000003ce     main.o (.text.transmit_can_frames)
                  7018315e    00000002     --HOLE-- [fill = 0]
                  70183160    000003ca     main.o (.text.main_loop)
                  7018352a    00000006     --HOLE-- [fill = 0]
                  70183530    0000039c     main.o (.text.core1_init)
                  701838cc    00000004     --HOLE-- [fill = 0]
                  701838d0    0000030c     can_interface.o (.text.init_single_mcan)
                  70183bdc    00000004     --HOLE-- [fill = 0]
                  70183be0    00000302     drivers.am263px.r5f.ti-arm-clang.nortos.debug.lib : soc.obj (.text.SOC_virtToPhy)
                  70183ee2    0000000e     --HOLE-- [fill = 0]
                  70183ef0    000002f4     motor_mapping.o (.text.motor_mapping_init_core1)
                  701841e4    0000000c     --HOLE-- [fill = 0]
                  701841f0    000002a8     drivers.am263px.r5f.ti-arm-clang.nortos.debug.lib : mcan.obj (.text.MCAN_msgRAMConfig)
                  70184498    00000008     --HOLE-- [fill = 0]
                  701844a0    0000027e                                                       : uart_dma_edma.obj (.text.UART_edmaChInit)
                  7018471e    00000002     --HOLE-- [fill = 0]
                  70184720    00000250                                                       : edma.obj (.text.Alloc_resource)
                  70184970    00000242                                                       : uart_v0_lld.obj (.text.UART_fifoConfig)
                  70184bb2    0000000e     --HOLE-- [fill = 0]
                  70184bc0    0000023e     nortos.am263px.r5f.ti-arm-clang.debug.lib : printf.obj (.text._ntoa_format)
                  70184dfe    00000002     --HOLE-- [fill = 0]
                  70184e00    00000226     drivers.am263px.r5f.ti-arm-clang.nortos.debug.lib : uart_dma_edma.obj (.text.UART_lld_dmaDeInit)
                  70185026    0000000a     --HOLE-- [fill = 0]
                  70185030    00000222                                                       : ipc_notify_v1.obj (.text.IpcNotify_isr)
                  70185252    0000000e     --HOLE-- [fill = 0]
                  70185260    00000220     can_interface.o (.text.CAN_TransmitBatch)
                  70185480    000001d6     nortos.am263px.r5f.ti-arm-clang.debug.lib : TimerP_rti_priv.obj (.text.TimerP_setupPriv)
                  70185656    0000000a     --HOLE-- [fill = 0]
                  70185660    000001aa     drivers.am263px.r5f.ti-arm-clang.nortos.debug.lib : uart_dma_edma.obj (.text.UART_lld_dmaWrite)
                  7018580a    00000006     --HOLE-- [fill = 0]
                  70185810    000001aa     can_interface.o (.text.can_rx_isr)
                  701859ba    00000006     --HOLE-- [fill = 0]
                  701859c0    000001a8     drivers.am263px.r5f.ti-arm-clang.nortos.debug.lib : uart_v0.obj (.text.UART_close)
                  70185b68    00000008     --HOLE-- [fill = 0]
                  70185b70    000001a4     main.o (.text.process_can_rx)
                  70185d14    0000000c     --HOLE-- [fill = 0]
                  70185d20    00000198     drivers.am263px.r5f.ti-arm-clang.nortos.debug.lib : uart_v0_lld.obj (.text.UART_lld_controllerIsr)
                  70185eb8    00000008     --HOLE-- [fill = 0]
                  70185ec0    00000188     can_interface.o (.text.CAN_StartRxInterrupts)
                  70186048    00000008     --HOLE-- [fill = 0]
                  70186050    00000186     drivers.am263px.r5f.ti-arm-clang.nortos.debug.lib : mcan.obj (.text.MCAN_readMsg)
                  701861d6    0000000a     --HOLE-- [fill = 0]
                  701861e0    00000184                                                       : mcan.obj (.text.MCAN_calcMsgRamParamsStartAddr)
                  70186364    0000000c     --HOLE-- [fill = 0]
                  70186370    00000162                                                       : edma.obj (.text.EDMA_unregisterIntr)
                  701864d2    0000000e     --HOLE-- [fill = 0]
                  701864e0    00000158                                                       : soc.obj (.text.SOC_controlModuleUnlockMMR)
                  70186638    00000008     --HOLE-- [fill = 0]
                  70186640    00000152                                                       : uart_v0_lld.obj (.text.UART_lld_initDma)
                  70186792    0000000e     --HOLE-- [fill = 0]
                  701867a0    00000150     nortos.am263px.r5f.ti-arm-clang.debug.lib : DebugP_shmLogWriter.obj (.text.DebugP_shmLogWriterPutChar)
                  701868f0    00000150     drivers.am263px.r5f.ti-arm-clang.nortos.debug.lib : mcan.obj (.text.MCAN_writeMsg)
                  70186a40    0000014e     yis320_protocol.o (.text.parse_imu_frame)
                  70186b8e    00000002     --HOLE-- [fill = 0]
                  70186b90    0000014c     drivers.am263px.r5f.ti-arm-clang.nortos.debug.lib : mcan.obj (.text.MCAN_setBitTime)
                  70186cdc    00000004     --HOLE-- [fill = 0]
                  70186ce0    00000142     imu_interface_isr.o (.text.imu_uart_isr_init)
                  70186e22    0000000e     --HOLE-- [fill = 0]
                  70186e30    00000140     can_interface.o (.text.CAN_Init)
                  70186f70    0000013a     drivers.am263px.r5f.ti-arm-clang.nortos.debug.lib : edma.obj (.text.EDMA_isDmaChannelAllocated)
                  701870aa    00000006     --HOLE-- [fill = 0]
                  701870b0    00000138                                                       : mcan.obj (.text.MCAN_readMsgRam)
                  701871e8    00000008     --HOLE-- [fill = 0]
                  701871f0    00000138     nortos.am263px.r5f.ti-arm-clang.debug.lib : printf.obj (.text._ntoa_long_long)
                  70187328    00000008     --HOLE-- [fill = 0]
                  70187330    00000136                                               : ClockP_nortos_r5.obj (.text.ClockP_init)
                  70187466    0000000a     --HOLE-- [fill = 0]
                  70187470    00000136     drivers.am263px.r5f.ti-arm-clang.nortos.debug.lib : uart_v0_lld.obj (.text.UART_procLineStatusErr)
                  701875a6    0000000a     --HOLE-- [fill = 0]
                  701875b0    00000134                                                       : edma.obj (.text.EDMA_registerIntr)
                  701876e4    0000000c     --HOLE-- [fill = 0]
                  701876f0    00000134                                                       : mcan.obj (.text.MCAN_init)
                  70187824    0000000c     --HOLE-- [fill = 0]
                  70187830    0000012c                                                       : uart_v0_lld.obj (.text.UART_lld_init)
                  7018795c    00000004     --HOLE-- [fill = 0]
                  70187960    0000012a                                                       : mcan.obj (.text.MCAN_config)
                  70187a8a    00000006     --HOLE-- [fill = 0]
                  70187a90    00000126                                                       : soc.obj (.text.SOC_controlModuleLockMMR)
                  70187bb6    0000000a     --HOLE-- [fill = 0]
                  70187bc0    00000120                                                       : soc_rcm.obj (.text.SOC_rcmGetPeripheralClockFrequency)
                  70187ce0    00000120     can_interface.o (.text.init_can_stb_gpios)
                  70187e00    0000011c     nortos.am263px.r5f.ti-arm-clang.debug.lib : DebugP_shmLogWriter.obj (.text.DebugP_shmLogWriterPutLine)
                  70187f1c    00000004     --HOLE-- [fill = 0]
                  70187f20    0000011c     drivers.am263px.r5f.ti-arm-clang.nortos.debug.lib : uart_dma_edma.obj (.text.UART_lld_dmaRead)
                  7018803c    00000118     libclang_rt.builtins.a : udivmoddi4.S.obj (.text)
                  70188154    0000000c     --HOLE-- [fill = 0]
                  70188160    00000116     drivers.am263px.r5f.ti-arm-clang.nortos.debug.lib : edma.obj (.text.EDMA_isTccAllocated)
                  70188276    0000000a     --HOLE-- [fill = 0]
                  70188280    00000116                                                       : uart_v0_lld.obj (.text.UART_divisorLatchWrite)
                  70188396    0000000a     --HOLE-- [fill = 0]
                  701883a0    00000114     nortos.am263px.r5f.ti-arm-clang.debug.lib : printf.obj (.text._ntoa_long)
                  701884b4    0000000c     --HOLE-- [fill = 0]
                  701884c0    0000010e     drivers.am263px.r5f.ti-arm-clang.nortos.debug.lib : soc_rcm.obj (.text.SOC_rcmADPLLJGetFOut)
                  701885ce    00000002     --HOLE-- [fill = 0]
                  701885d0    0000010a                                                       : ipc_notify_v1.obj (.text.IpcNotify_sendMsg)
                  701886da    00000006     --HOLE-- [fill = 0]
                  701886e0    00000104                                                       : uart_v0_lld.obj (.text.UART_configInstance)
                  701887e4    0000000c     --HOLE-- [fill = 0]
                  701887f0    00000102     ti_drivers_config.o (.text.GPIO_init)
                  701888f2    0000000e     --HOLE-- [fill = 0]
                  70188900    00000102     nortos.am263px.r5f.ti-arm-clang.debug.lib : SemaphoreP_nortos.obj (.text.SemaphoreP_pend)
                  70188a02    0000000e     --HOLE-- [fill = 0]
                  70188a10    00000102     gateway_shared.o (.text.gateway_ringbuf_read)
                  70188b12    0000000e     --HOLE-- [fill = 0]
                  70188b20    000000ee     main.o (.text.process_motor_commands)
                  70188c0e    00000002     --HOLE-- [fill = 0]
                  70188c10    000000ec     gateway_shared.o (.text.gateway_write_motor_config)
                  70188cfc    00000004     --HOLE-- [fill = 0]
                  70188d00    000000e6     drivers.am263px.r5f.ti-arm-clang.nortos.debug.lib : soc_rcm.obj (.text.SOC_rcmGetCoreFout)
                  70188de6    0000000a     --HOLE-- [fill = 0]
                  70188df0    000000e6                                                       : soc_rcm.obj (.text.SOC_rcmGetPerFout)
                  70188ed6    0000000a     --HOLE-- [fill = 0]
                  70188ee0    000000e4                                                       : edma.obj (.text.EDMA_freeChannelRegion)
                  70188fc4    0000000c     --HOLE-- [fill = 0]
                  70188fd0    000000e2                                                       : edma.obj (.text.EDMA_freeParam)
                  701890b2    0000000e     --HOLE-- [fill = 0]
                  701890c0    000000e0                                                       : edma.obj (.text.EDMA_freeDmaChannel)
                  701891a0    000000e0                                                       : edma.obj (.text.EDMA_freeTcc)
                  70189280    000000de                                                       : uart_v0_lld.obj (.text.UART_intrEnable)
                  7018935e    00000002     --HOLE-- [fill = 0]
                  70189360    000000da                                                       : uart_v0_lld.obj (.text.UART_intrDisable)
                  7018943a    00000006     --HOLE-- [fill = 0]
                  70189440    000000d0     nortos.am263px.r5f.ti-arm-clang.debug.lib : AddrTranslateP_32bit.obj (.text.AddrTranslateP_getLocalAddr)
                  70189510    000000ce     drivers.am263px.r5f.ti-arm-clang.nortos.debug.lib : edma.obj (.text.EDMA_disableChInShadowRegRegion)
                  701895de    00000002     --HOLE-- [fill = 0]
                  701895e0    000000cc                                                       : edma.obj (.text.EDMA_enableChInShadowRegRegion)
                  701896ac    00000004     --HOLE-- [fill = 0]
                  701896b0    000000c4                                                       : edma.obj (.text.EDMA_mapChToEvtQ)
                  70189774    0000000c     --HOLE-- [fill = 0]
                  70189780    000000c0                                                       : edma.obj (.text.EDMA_configureChannelRegion)
                  70189840    000000c0                                                       : soc_rcm.obj (.text.SOC_rcmGetPerHSDivOut)
                  70189900    000000c0                                                       : uart_v0.obj (.text.UART_flushTxFifo)
                  701899c0    000000c0     nortos.am263px.r5f.ti-arm-clang.debug.lib : printf.obj (.text._out_rev)
                  70189a80    000000be                                               : ClockP_nortos.obj (.text.ClockP_timerTickIsr)
                  70189b3e    00000002     --HOLE-- [fill = 0]
                  70189b40    000000be     ti_dpl_config.o (.text.TimerP_init)
                  70189bfe    00000002     --HOLE-- [fill = 0]
                  70189c00    000000ba     nortos.am263px.r5f.ti-arm-clang.debug.lib : ClockP_nortos.obj (.text.ClockP_stop)
                  70189cba    00000006     --HOLE-- [fill = 0]
                  70189cc0    000000ba     drivers.am263px.r5f.ti-arm-clang.nortos.debug.lib : ipc_notify_v1.obj (.text.IpcNotify_waitSync)
                  70189d7a    00000006     --HOLE-- [fill = 0]
                  70189d80    000000ba     gateway_shared.o (.text.gateway_write_motor_states)
                  70189e3a    00000006     --HOLE-- [fill = 0]
                  70189e40    000000ba     nortos.am263px.r5f.ti-arm-clang.debug.lib : PmuP_armv7r.obj (.text.pmu)
                  70189efa    00000006     --HOLE-- [fill = 0]
                  70189f00    000000b0     drivers.am263px.r5f.ti-arm-clang.nortos.debug.lib : mcan.obj (.text.MCAN_writeMsgRam)
                  70189fb0    000000b0                                                       : soc_rcm.obj (.text.SOC_rcmSetPeripheralClock)
                  7018a060    000000b0                                                       : uart_v0.obj (.text.UART_init)
                  7018a110    000000b0     imu_interface_isr.o (.text.imu_uart_isr)
                  7018a1c0    000000ae     drivers.am263px.r5f.ti-arm-clang.nortos.debug.lib : mcan.obj (.text.MCAN_getOffsetAddr)
                  7018a26e    00000002     --HOLE-- [fill = 0]
                  7018a270    000000ac     gateway_shared.o (.text.gateway_core1_wait_for_ready)
                  7018a31c    00000004     --HOLE-- [fill = 0]
                  7018a320    000000a8     nortos.am263px.r5f.ti-arm-clang.debug.lib : ClockP_nortos.obj (.text.ClockP_addToList)
                  7018a3c8    00000008     --HOLE-- [fill = 0]
                  7018a3d0    000000a8                                               : ClockP_nortos.obj (.text.ClockP_destruct)
                  7018a478    00000008     --HOLE-- [fill = 0]
                  7018a480    000000a8     ti_drivers_open_close.o (.text.Drivers_uartOpen)
                  7018a528    00000008     --HOLE-- [fill = 0]
                  7018a530    000000a0     drivers.am263px.r5f.ti-arm-clang.nortos.debug.lib : soc_rcm.obj (.text.SOC_rcmGetCoreHSDivOut)
                  7018a5d0    0000009e     gateway_shared.o (.text.gateway_core1_ipc_callback)
                  7018a66e    00000002     --HOLE-- [fill = 0]
                  7018a670    0000009e     main.o (.text.ipc_notify_callback_fxn)
                  7018a70e    00000002     --HOLE-- [fill = 0]
                  7018a710    0000009e     yis320_protocol.o (.text.validate_checksum)
                  7018a7ae    00000002     --HOLE-- [fill = 0]
                  7018a7b0    0000009a     imu_interface_isr.o (.text.imu_uart_read)
                  7018a84a    00000006     --HOLE-- [fill = 0]
                  7018a850    00000098     drivers.am263px.r5f.ti-arm-clang.nortos.debug.lib : ipc_notify_v1.obj (.text.IpcNotify_registerClient)
                  7018a8e8    00000008     --HOLE-- [fill = 0]
                  7018a8f0    00000096                                                       : uart_v0_lld.obj (.text.UART_subConfigTCRTLRModeEn)
                  7018a986    0000000a     --HOLE-- [fill = 0]
                  7018a990    00000092     nortos.am263px.r5f.ti-arm-clang.debug.lib : ClockP_nortos.obj (.text.ClockP_getTimeUsec)
                  7018aa22    0000000e     --HOLE-- [fill = 0]
                  7018aa30    00000092     drivers.am263px.r5f.ti-arm-clang.nortos.debug.lib : edma.obj (.text.EDMA_unmapChToEvtQ)
                  7018aac2    0000000e     --HOLE-- [fill = 0]
                  7018aad0    00000092     motor_mapping.o (.text.float_to_uint)
                  7018ab62    0000000e     --HOLE-- [fill = 0]
                  7018ab70    00000092     yis320_protocol.o (.text.yis320_convert_to_ipc)
                  7018ac02    0000000e     --HOLE-- [fill = 0]
                  7018ac10    0000008c     drivers.am263px.r5f.ti-arm-clang.nortos.debug.lib : edma.obj (.text.EDMA_disableTransferRegion)
                  7018ac9c    00000004     --HOLE-- [fill = 0]
                  7018aca0    0000008c                                                       : edma.obj (.text.EDMA_enableTransferRegion)
                  7018ad2c    00000004     --HOLE-- [fill = 0]
                  7018ad30    00000088                                                       : uart_dma_edma.obj (.text.UART_edmaIsrRx)
                  7018adb8    00000008     --HOLE-- [fill = 0]
                  7018adc0    00000088                                                       : uart_dma_edma.obj (.text.UART_edmaIsrTx)
                  7018ae48    00000008     --HOLE-- [fill = 0]
                  7018ae50    00000086                                                       : uart_v0_lld.obj (.text.UART_lld_flushTxFifo)
                  7018aed6    0000000a     --HOLE-- [fill = 0]
                  7018aee0    00000086                                                       : uart_v0_lld.obj (.text.UART_tcrTlrBitValRestore)
                  7018af66    0000000a     --HOLE-- [fill = 0]
                  7018af70    00000082                                                       : edma.obj (.text.EDMA_allocDmaChannel)
                  7018aff2    0000000e     --HOLE-- [fill = 0]
                  7018b000    00000082                                                       : edma.obj (.text.EDMA_allocParam)
                  7018b082    0000000e     --HOLE-- [fill = 0]
                  7018b090    00000082                                                       : edma.obj (.text.EDMA_allocTcc)
                  7018b112    0000000e     --HOLE-- [fill = 0]
                  7018b120    00000082                                                       : edma.obj (.text.EDMA_disableTccInShadowRegRegion)
                  7018b1a2    0000000e     --HOLE-- [fill = 0]
                  7018b1b0    00000082                                                       : edma.obj (.text.EDMA_enableTccInShadowRegRegion)
                  7018b232    0000000e     --HOLE-- [fill = 0]
                  7018b240    00000082                                                       : ipc_notify_v1.obj (.text.IpcNotify_syncAll)
                  7018b2c2    0000000e     --HOLE-- [fill = 0]
                  7018b2d0    00000082     imu_protocol_handler.o (.text.imu_protocol_manager_init)
                  7018b352    0000000e     --HOLE-- [fill = 0]
                  7018b360    00000080     drivers.am263px.r5f.ti-arm-clang.nortos.debug.lib : mcan.obj (.text.MCAN_addStdMsgIDFilter)
                  7018b3e0    00000080                                                       : uart_v0_lld.obj (.text.UART_moduleReset)
                  7018b460    0000007e     ti_drivers_config.o (.text.System_init)
                  7018b4de    00000002     --HOLE-- [fill = 0]
                  7018b4e0    0000007e     drivers.am263px.r5f.ti-arm-clang.nortos.debug.lib : uart_v0_lld.obj (.text.UART_readData)
                  7018b55e    00000002     --HOLE-- [fill = 0]
                  7018b560    0000007c     nortos.am263px.r5f.ti-arm-clang.debug.lib : DebugP_log.obj (.text._DebugP_assert)
                  7018b5dc    00000004     --HOLE-- [fill = 0]
                  7018b5e0    0000007c     gateway_shared.o (.text.gateway_ringbuf_core1_init)
                  7018b65c    00000004     --HOLE-- [fill = 0]
                  7018b660    0000007a     drivers.am263px.r5f.ti-arm-clang.nortos.debug.lib : ipc_notify_v1.obj (.text.IpcNotify_mailboxWrite)
                  7018b6da    00000006     --HOLE-- [fill = 0]
                  7018b6e0    0000007a                                                       : uart_v0.obj (.text.UART_Params_init)
                  7018b75a    00000006     --HOLE-- [fill = 0]
                  7018b760    00000078                                                       : edma.obj (.text.EDMA_linkChannel)
                  7018b7d8    00000008     --HOLE-- [fill = 0]
                  7018b7e0    00000074                                                       : uart_v0_lld.obj (.text.UART_IsBaseAddrValid)
                  7018b854    0000000c     --HOLE-- [fill = 0]
                  7018b860    00000072     nortos.am263px.r5f.ti-arm-clang.debug.lib : ClockP_nortos.obj (.text.ClockP_usleep)
                  7018b8d2    0000000e     --HOLE-- [fill = 0]
                  7018b8e0    00000072     drivers.am263px.r5f.ti-arm-clang.nortos.debug.lib : edma.obj (.text.EDMA_clrMissEvtRegion)
                  7018b952    0000000e     --HOLE-- [fill = 0]
                  7018b960    00000072                                                       : ipc_notify_v1.obj (.text.IpcNotify_makeMsg)
                  7018b9d2    0000000e     --HOLE-- [fill = 0]
                  7018b9e0    0000006e     yis320_protocol.o (.text.find_frame_header_limited)
                  7018ba4e    00000002     --HOLE-- [fill = 0]
                  7018ba50    0000006a     drivers.am263px.r5f.ti-arm-clang.nortos.debug.lib : ipc_notify_v1.obj (.text.IpcNotify_mailboxReadSwQ)
                  7018baba    00000006     --HOLE-- [fill = 0]
                  7018bac0    00000068                                                       : edma.obj (.text.EDMA_getBaseAddr)
                  7018bb28    00000008     --HOLE-- [fill = 0]
                  7018bb30    00000068                                                       : uart_v0_lld.obj (.text.UART_divisorValCompute)
                  7018bb98    00000008     --HOLE-- [fill = 0]
                  7018bba0    00000068     imu_protocol_handler.o (.text.imu_protocol_get_state)
                  7018bc08    00000008     --HOLE-- [fill = 0]
                  7018bc10    00000064     drivers.am263px.r5f.ti-arm-clang.nortos.debug.lib : soc_rcm.obj (.text.SOC_rcmGetR5Clock)
                  7018bc74    0000000c     --HOLE-- [fill = 0]
                  7018bc80    00000064                                                       : soc_rcm.obj (.text.SOC_rcmIsR5FInLockStepMode)
                  7018bce4    0000000c     --HOLE-- [fill = 0]
                  7018bcf0    00000064                                                       : uart_v0_lld.obj (.text.UART_fifoRegisterWrite)
                  7018bd54    0000000c     --HOLE-- [fill = 0]
                  7018bd60    00000064                                                       : uart_v0_lld.obj (.text.UART_lld_deInitDma)
                  7018bdc4    0000000c     --HOLE-- [fill = 0]
                  7018bdd0    00000064     imu_protocol_handler.o (.text.imu_protocol_process_uart_rx)
                  7018be34    0000000c     --HOLE-- [fill = 0]
                  7018be40    00000062     drivers.am263px.r5f.ti-arm-clang.nortos.debug.lib : mcan.obj (.text.MCAN_enableIntr)
                  7018bea2    0000000e     --HOLE-- [fill = 0]
                  7018beb0    00000062                                                       : mcan.obj (.text.MCAN_initTxBufElement)
                  7018bf12    0000000e     --HOLE-- [fill = 0]
                  7018bf20    00000062                                                       : soc_rcm.obj (.text.SOC_rcmInsert16)
                  7018bf82    0000000e     --HOLE-- [fill = 0]
                  7018bf90    00000062     nortos.am263px.r5f.ti-arm-clang.debug.lib : SemaphoreP_nortos.obj (.text.SemaphoreP_post)
                  7018bff2    0000000e     --HOLE-- [fill = 0]
                  7018c000    00000060     drivers.am263px.r5f.ti-arm-clang.nortos.debug.lib : mcan.obj (.text.MCAN_selectIntrLine)
                  7018c060    00000060                                                       : uart_v0_lld.obj (.text.UART_getChar)
                  7018c0c0    00000060                                                       : uart_v0_lld.obj (.text.UART_writeData)
                  7018c120    0000005e     yis320_protocol.o (.text.yis320_protocol_handler_init)
                  7018c17e    00000002     --HOLE-- [fill = 0]
                  7018c180    0000005c     ti_power_clock_config.o (.text.Module_clockSetFrequency)
                  7018c1dc    00000004     --HOLE-- [fill = 0]
                  7018c1e0    0000005c     drivers.am263px.r5f.ti-arm-clang.nortos.debug.lib : uart_v0_lld.obj (.text.UART_lld_deInit)
                  7018c23c    00000004     --HOLE-- [fill = 0]
                  7018c240    0000005a                                                       : uart_v0_lld.obj (.text.UART_regConfigModeEnable)
                  7018c29a    00000006     --HOLE-- [fill = 0]
                  7018c2a0    00000058                                                       : soc_rcm.obj (.text.SOC_rcmGetModuleClkDivVal)
                  7018c2f8    00000008     --HOLE-- [fill = 0]
                  7018c300    00000058     yis320_protocol.o (.text.parse_angular_velocity)
                  7018c358    00000008     --HOLE-- [fill = 0]
                  7018c360    00000058     yis320_protocol.o (.text.parse_euler_angles)
                  7018c3b8    00000008     --HOLE-- [fill = 0]
                  7018c3c0    00000056     drivers.am263px.r5f.ti-arm-clang.nortos.debug.lib : uart_v0.obj (.text.UART_lld_readCompleteCallback)
                  7018c416    0000000a     --HOLE-- [fill = 0]
                  7018c420    00000056                                                       : uart_v0.obj (.text.UART_lld_writeCompleteCallback)
                  7018c476    0000000a     --HOLE-- [fill = 0]
                  7018c480    00000056     gateway_shared.o (.text.gateway_write_imu_state)
                  7018c4d6    0000000a     --HOLE-- [fill = 0]
                  7018c4e0    00000056     motor_mapping.o (.text.uint16_to_float)
                  7018c536    0000000a     --HOLE-- [fill = 0]
                  7018c540    00000056     yis320_protocol.o (.text.vtable_initialize)
                  7018c596    0000000a     --HOLE-- [fill = 0]
                  7018c5a0    00000054     ti_dpl_config.o (.text.Dpl_init)
                  7018c5f4    0000000c     --HOLE-- [fill = 0]
                  7018c600    00000054     drivers.am263px.r5f.ti-arm-clang.nortos.debug.lib : edma.obj (.text.EDMA_setPaRAM)
                  7018c654    0000000c     --HOLE-- [fill = 0]
                  7018c660    00000054                                                       : uart_v0_lld.obj (.text.UART_OperModeValid)
                  7018c6b4    0000000c     --HOLE-- [fill = 0]
                  7018c6c0    00000054     main.o (.text.main)
                  7018c714    00000054     libc.a : autoinit.c.obj (.text:__TI_auto_init_nobinit_nopinit)
                  7018c768    00000008     --HOLE-- [fill = 0]
                  7018c770    00000050     ti_drivers_open_close.o (.text.Drivers_uartClose)
                  7018c7c0    00000050     drivers.am263px.r5f.ti-arm-clang.nortos.debug.lib : pinmux.obj (.text.Pinmux_config)
                  7018c810    00000050                                                       : uart_v0_lld.obj (.text.UART_checkCharsAvailInFifo)
                  7018c860    0000004e     nortos.am263px.r5f.ti-arm-clang.debug.lib : DebugP_shmLogWriter.obj (.text.DebugP_shmLogWriterInit)
                  7018c8ae    00000002     --HOLE-- [fill = 0]
                  7018c8b0    0000004e     drivers.am263px.r5f.ti-arm-clang.nortos.debug.lib : edma.obj (.text.EDMA_clrEvtRegion)
                  7018c8fe    00000002     --HOLE-- [fill = 0]
                  7018c900    0000004e                                                       : edma.obj (.text.EDMA_disableDmaEvtRegion)
                  7018c94e    00000002     --HOLE-- [fill = 0]
                  7018c950    0000004e                                                       : edma.obj (.text.EDMA_disableEvtIntrRegion)
                  7018c99e    00000002     --HOLE-- [fill = 0]
                  7018c9a0    0000004e                                                       : edma.obj (.text.EDMA_enableDmaEvtRegion)
                  7018c9ee    00000002     --HOLE-- [fill = 0]
                  7018c9f0    0000004e                                                       : edma.obj (.text.EDMA_enableEvtIntrRegion)
                  7018ca3e    00000002     --HOLE-- [fill = 0]
                  7018ca40    0000004e                                                       : edma.obj (.text.EDMA_setEvtRegion)
                  7018ca8e    00000002     --HOLE-- [fill = 0]
                  7018ca90    0000004e                                                       : gpio.obj (.text.GPIO_setDirMode)
                  7018cade    00000002     --HOLE-- [fill = 0]
                  7018cae0    0000004e                                                       : mcan.obj (.text.MCAN_enableIntrLine)
                  7018cb2e    00000002     --HOLE-- [fill = 0]
                  7018cb30    0000004c     nortos.am263px.r5f.ti-arm-clang.debug.lib : ClockP_nortos.obj (.text.ClockP_construct)
                  7018cb7c    00000004     --HOLE-- [fill = 0]
                  7018cb80    0000004c     drivers.am263px.r5f.ti-arm-clang.nortos.debug.lib : edma.obj (.text.EDMA_ccPaRAMEntry_init)
                  7018cbcc    00000004     --HOLE-- [fill = 0]
                  7018cbd0    0000004c                                                       : edma.obj (.text.EDMA_mapQdmaChToPaRAM)
                  7018cc1c    00000004     --HOLE-- [fill = 0]
                  7018cc20    0000004c                                                       : edma.obj (.text.EDMA_readEventStatusRegion)
                  7018cc6c    00000004     --HOLE-- [fill = 0]
                  7018cc70    0000004c                                                       : ipc_notify_v1.obj (.text.IpcNotify_unregisterClient)
                  7018ccbc    00000004     --HOLE-- [fill = 0]
                  7018ccc0    0000004c     ti_power_clock_config.o (.text.Module_clockEnable)
                  7018cd0c    00000004     --HOLE-- [fill = 0]
                  7018cd10    0000004c     gateway_shared.o (.text.gateway_update_stat)
                  7018cd5c    0000004c     libc.a : memmov.c.obj (.text.memmove)
                  7018cda8    00000008     --HOLE-- [fill = 0]
                  7018cdb0    0000004c     yis320_protocol.o (.text.parse_quaternion)
                  7018cdfc    00000004     --HOLE-- [fill = 0]
                  7018ce00    0000004c     main.o (.text.timerISR)
                  7018ce4c    00000004     --HOLE-- [fill = 0]
                  7018ce50    0000004a     drivers.am263px.r5f.ti-arm-clang.nortos.debug.lib : ipc_notify_v1.obj (.text.IpcNotify_Params_init)
                  7018ce9a    00000006     --HOLE-- [fill = 0]
                  7018cea0    0000004a                                                       : soc_rcm.obj (.text.SOC_rcmGetCR5SysclkInFrequency)
                  7018ceea    00000006     --HOLE-- [fill = 0]
                  7018cef0    0000004a                                                       : uart_v0_lld.obj (.text.UART_getIntrIdentityStatus)
                  7018cf3a    00000006     --HOLE-- [fill = 0]
                  7018cf40    0000004a                                                       : uart_v0_lld.obj (.text.UART_lineCharConfig)
                  7018cf8a    00000006     --HOLE-- [fill = 0]
                  7018cf90    0000004a     main.o (.text.motor_get_index)
                  7018cfda    00000006     --HOLE-- [fill = 0]
                  7018cfe0    00000048     can_interface.o (.text.CAN_RegisterRxCallback)
                  7018d028    00000008     --HOLE-- [fill = 0]
                  7018d030    00000048     drivers.am263px.r5f.ti-arm-clang.nortos.debug.lib : uart_v0_lld.obj (.text.UART_resetModule)
                  7018d078    00000008     --HOLE-- [fill = 0]
                  7018d080    00000046                                                       : uart_v0_lld.obj (.text.UART_i2310WA)
                  7018d0c6    0000000a     --HOLE-- [fill = 0]
                  7018d0d0    00000046                                                       : uart_v0_lld.obj (.text.UART_readLineStatus)
                  7018d116    0000000a     --HOLE-- [fill = 0]
                  7018d120    00000046     imu_protocol_handler.o (.text.imu_protocol_handler_init)
                  7018d166    0000000a     --HOLE-- [fill = 0]
                  7018d170    00000044     drivers.am263px.r5f.ti-arm-clang.nortos.debug.lib : ipc_notify_v1.obj (.text.IpcNotify_getWriteMailbox)
                  7018d1b4    0000000c     --HOLE-- [fill = 0]
                  7018d1c0    00000044                                                       : soc_rcm.obj (.text.SOC_rcmExtract8)
                  7018d204    0000000c     --HOLE-- [fill = 0]
                  7018d210    00000044                                                       : soc_rcm.obj (.text.SOC_rcmMake16)
                  7018d254    0000000c     --HOLE-- [fill = 0]
                  7018d260    00000044     nortos.am263px.r5f.ti-arm-clang.debug.lib : SemaphoreP_nortos.obj (.text.SemaphoreP_construct)
                  7018d2a4    0000000c     --HOLE-- [fill = 0]
                  7018d2b0    00000044                                               : DebugP_nortos.obj (.text._DebugP_logZone)
                  7018d2f4    0000000c     --HOLE-- [fill = 0]
                  7018d300    00000044                                               : printf.obj (.text._strnlen_s)
                  7018d344    0000000c     --HOLE-- [fill = 0]
                  7018d350    00000042                                               : ClockP_nortos.obj (.text.ClockP_start)
                  7018d392    0000000e     --HOLE-- [fill = 0]
                  7018d3a0    00000042     drivers.am263px.r5f.ti-arm-clang.nortos.debug.lib : uart_v0.obj (.text.UART_checkOpenParams)
                  7018d3e2    0000000e     --HOLE-- [fill = 0]
                  7018d3f0    00000040     imu_protocol_handler.o (.text.imu_protocol_update_state)
                  7018d430    0000003e     drivers.am263px.r5f.ti-arm-clang.nortos.debug.lib : pinmux.obj (.text.Pinmux_unlockMMR)
                  7018d46e    00000002     --HOLE-- [fill = 0]
                  7018d470    0000003e                                                       : uart_v0_lld.obj (.text.UART_IsHWFlowCtrlValid)
                  7018d4ae    00000002     --HOLE-- [fill = 0]
                  7018d4b0    0000003e                                                       : uart_v0_lld.obj (.text.UART_spaceAvail)
                  7018d4ee    00000002     --HOLE-- [fill = 0]
                  7018d4f0    0000003e     gateway_shared.o (.text.gateway_core1_init)
                  7018d52e    00000002     --HOLE-- [fill = 0]
                  7018d530    0000003e     gateway_shared.o (.text.gateway_update_heartbeat)
                  7018d56e    00000002     --HOLE-- [fill = 0]
                  7018d570    0000003c     drivers.am263px.r5f.ti-arm-clang.nortos.debug.lib : uart_v0_lld.obj (.text.UART_IsParityTypeValid)
                  7018d5ac    00000004     --HOLE-- [fill = 0]
                  7018d5b0    0000003c                                                       : uart_v0_lld.obj (.text.UART_IsTxRxFifoEmpty)
                  7018d5ec    00000004     --HOLE-- [fill = 0]
                  7018d5f0    0000003c                                                       : uart_v0_lld.obj (.text.UART_enhanFuncEnable)
                  7018d62c    00000004     --HOLE-- [fill = 0]
                  7018d630    0000003a                                                       : mcan.obj (.text.MCAN_txBufAddReq)
                  7018d66a    00000006     --HOLE-- [fill = 0]
                  7018d670    0000003a                                                       : soc.obj (.text.SOC_moduleSetClockFrequency)
                  7018d6aa    00000006     --HOLE-- [fill = 0]
                  7018d6b0    0000003a     nortos.am263px.r5f.ti-arm-clang.debug.lib : printf.obj (.text._atoi)
                  7018d6ea    00000006     --HOLE-- [fill = 0]
                  7018d6f0    0000003a     main.o (.text.init_1000hz_timer)
                  7018d72a    00000006     --HOLE-- [fill = 0]
                  7018d730    0000003a     nortos.am263px.r5f.ti-arm-clang.debug.lib : printf.obj (.text.snprintf_)
                  7018d76a    00000006     --HOLE-- [fill = 0]
                  7018d770    00000038     drivers.am263px.r5f.ti-arm-clang.nortos.debug.lib : soc.obj (.text.SOC_getCoreName)
                  7018d7a8    00000038     nortos.am263px.r5f.ti-arm-clang.debug.lib : PmuP_armv7r_asm.obj (.text.pmu)
                  7018d7e0    00000038     yis320_protocol.o (.text.vtable_is_connected)
                  7018d818    00000008     --HOLE-- [fill = 0]
                  7018d820    00000036     drivers.am263px.r5f.ti-arm-clang.nortos.debug.lib : edma.obj (.text.EDMA_getRegionId)
                  7018d856    0000000a     --HOLE-- [fill = 0]
                  7018d860    00000036     can_interface.o (.text.GPIO_pinWriteLow)
                  7018d896    0000000a     --HOLE-- [fill = 0]
                  7018d8a0    00000036     ti_drivers_config.o (.text.GPIO_pinWriteLow)
                  7018d8d6    0000000a     --HOLE-- [fill = 0]
                  7018d8e0    00000036     drivers.am263px.r5f.ti-arm-clang.nortos.debug.lib : ipc_notify_v1.obj (.text.IpcNotify_syncCallback)
                  7018d916    0000000a     --HOLE-- [fill = 0]
                  7018d920    00000034                                                       : mcan.obj (.text.MCAN_SsAddr)
                  7018d954    0000000c     --HOLE-- [fill = 0]
                  7018d960    00000034                                                       : mcan.obj (.text.MCAN_calcCfgAddr)
                  7018d994    0000000c     --HOLE-- [fill = 0]
                  7018d9a0    00000034                                                       : pinmux.obj (.text.Pinmux_lockMMR)
                  7018d9d4    0000000c     --HOLE-- [fill = 0]
                  7018d9e0    00000034     nortos.am263px.r5f.ti-arm-clang.debug.lib : TimerP_rti_priv.obj (.text.TimerP_Params_initPriv)
                  7018da14    0000000c     --HOLE-- [fill = 0]
                  7018da20    00000034     drivers.am263px.r5f.ti-arm-clang.nortos.debug.lib : uart_v0_lld.obj (.text.UART_IsDataLengthValid)
                  7018da54    0000000c     --HOLE-- [fill = 0]
                  7018da60    00000034     motor_mapping.o (.text.motor_get_config)
                  7018da94    0000000c     --HOLE-- [fill = 0]
                  7018daa0    00000032     drivers.am263px.r5f.ti-arm-clang.nortos.debug.lib : mcan.obj (.text.HW_WR_FIELD32_RAW)
                  7018dad2    0000000e     --HOLE-- [fill = 0]
                  7018dae0    00000032                                                       : uart_v0_lld.obj (.text.HW_WR_FIELD32_RAW)
                  7018db12    0000000e     --HOLE-- [fill = 0]
                  7018db20    00000032                                                       : ipc_notify_v1.obj (.text.IpcNotify_mailboxIsPendingIntr)
                  7018db52    0000000e     --HOLE-- [fill = 0]
                  7018db60    00000032     nortos.am263px.r5f.ti-arm-clang.debug.lib : TimerP_rti_priv.obj (.text.TimerP_getCountPriv)
                  7018db92    0000000e     --HOLE-- [fill = 0]
                  7018dba0    00000032     drivers.am263px.r5f.ti-arm-clang.nortos.debug.lib : uart_v0_lld.obj (.text.UART_enhanFuncBitValRestore)
                  7018dbd2    0000000e     --HOLE-- [fill = 0]
                  7018dbe0    00000032                                                       : uart_v0_lld.obj (.text.UART_hardwareFlowCtrlOptSet)
                  7018dc12    0000000e     --HOLE-- [fill = 0]
                  7018dc20    00000030                                                       : ipc_notify_v1.obj (.text.IpcNotify_getReadSwQ)
                  7018dc50    00000030                                                       : uart_v0_lld.obj (.text.UART_flowCtrlTrigLvlConfig)
                  7018dc80    00000030     gateway_shared.o (.text.gateway_signal_motor_config_ready)
                  7018dcb0    0000002e     drivers.am263px.r5f.ti-arm-clang.nortos.debug.lib : uart_dma_edma.obj (.text.UART_lld_dmaInit)
                  7018dcde    00000002     --HOLE-- [fill = 0]
                  7018dce0    0000002e     nortos.am263px.r5f.ti-arm-clang.debug.lib : printf.obj (.text._is_digit)
                  7018dd0e    00000002     --HOLE-- [fill = 0]
                  7018dd10    0000002c                                               : DebugP_log.obj (.text.DebugP_logZoneEnable)
                  7018dd3c    00000004     --HOLE-- [fill = 0]
                  7018dd40    0000002c     drivers.am263px.r5f.ti-arm-clang.nortos.debug.lib : ipc_notify_v1.obj (.text.IpcNotify_getReadMailbox)
                  7018dd6c    00000004     --HOLE-- [fill = 0]
                  7018dd70    0000002c                                                       : mcan.obj (.text.MCAN_clearNewDataStatus)
                  7018dd9c    00000004     --HOLE-- [fill = 0]
                  7018dda0    0000002c                                                       : mcan.obj (.text.MCAN_getNewDataStatus)
                  7018ddcc    00000004     --HOLE-- [fill = 0]
                  7018ddd0    0000002c     nortos.am263px.r5f.ti-arm-clang.debug.lib : SemaphoreP_nortos.obj (.text.SemaphoreP_constructBinary)
                  7018ddfc    00000004     --HOLE-- [fill = 0]
                  7018de00    0000002c     yis320_protocol.o (.text.vtable_deinit)
                  7018de2c    00000004     --HOLE-- [fill = 0]
                  7018de30    0000002a     nortos.am263px.r5f.ti-arm-clang.debug.lib : ClockP_nortos.obj (.text.ClockP_sleepTicks)
                  7018de5a    00000006     --HOLE-- [fill = 0]
                  7018de60    0000002a     drivers.am263px.r5f.ti-arm-clang.nortos.debug.lib : uart_v0_lld.obj (.text.UART_intr2Disable)
                  7018de8a    00000006     --HOLE-- [fill = 0]
                  7018de90    0000002a                                                       : uart_v0_lld.obj (.text.UART_operatingModeSelect)
                  7018deba    00000006     --HOLE-- [fill = 0]
                  7018dec0    0000002a     imu_protocol_handler.o (.text.imu_process_rx_data)
                  7018deea    00000006     --HOLE-- [fill = 0]
                  7018def0    00000028     nortos.am263px.r5f.ti-arm-clang.debug.lib : CpuId_armv7r.obj (.text.CSL_armR5GetCpuID)
                  7018df18    00000008     --HOLE-- [fill = 0]
                  7018df20    00000028                                               : printf.obj (.text.vprintf_)
                  7018df48    00000008     --HOLE-- [fill = 0]
                  7018df50    00000026     drivers.am263px.r5f.ti-arm-clang.nortos.debug.lib : edma.obj (.text.EDMA_disableQdmaEvtRegion)
                  7018df76    0000000a     --HOLE-- [fill = 0]
                  7018df80    00000026                                                       : edma.obj (.text.EDMA_enableQdmaEvtRegion)
                  7018dfa6    0000000a     --HOLE-- [fill = 0]
                  7018dfb0    00000026                                                       : edma.obj (.text.EDMA_validateIntrObject)
                  7018dfd6    0000000a     --HOLE-- [fill = 0]
                  7018dfe0    00000026     ti_drivers_config.o (.text.IpcNotify_allocSwQueue)
                  7018e006    0000000a     --HOLE-- [fill = 0]
                  7018e010    00000026     nortos.am263px.r5f.ti-arm-clang.debug.lib : printf.obj (.text._out_buffer)
                  7018e036    0000000a     --HOLE-- [fill = 0]
                  7018e040    00000024     ti_drivers_config.o (.text.IpcNotify_getConfig)
                  7018e064    0000000c     --HOLE-- [fill = 0]
                  7018e070    00000024     nortos.am263px.r5f.ti-arm-clang.debug.lib : SemaphoreP_nortos.obj (.text.SemaphoreP_constructMutex)
                  7018e094    0000000c     --HOLE-- [fill = 0]
                  7018e0a0    00000024     drivers.am263px.r5f.ti-arm-clang.nortos.debug.lib : uart_v0_lld.obj (.text.UART_IsRxTrigLvlValid)
                  7018e0c4    0000000c     --HOLE-- [fill = 0]
                  7018e0d0    00000024                                                       : uart_v0_lld.obj (.text.UART_IsStopBitsValid)
                  7018e0f4    0000000c     --HOLE-- [fill = 0]
                  7018e100    00000024                                                       : uart_v0_lld.obj (.text.UART_IsTxTrigLvlValid)
                  7018e124    0000000c     --HOLE-- [fill = 0]
                  7018e130    00000024                                                       : uart_v0.obj (.text.UART_getBaseAddr)
                  7018e154    00000024     libclang_rt.builtins.a : aeabi_uldivmod.S.obj (.text.__aeabi_uldivmod)
                  7018e178    00000008     --HOLE-- [fill = 0]
                  7018e180    00000024     nortos.am263px.r5f.ti-arm-clang.debug.lib : printf.obj (.text._out_char)
                  7018e1a4    0000000c     --HOLE-- [fill = 0]
                  7018e1b0    00000022     drivers.am263px.r5f.ti-arm-clang.nortos.debug.lib : edma.obj (.text.EDMA_channelToParamMap)
                  7018e1d2    0000000e     --HOLE-- [fill = 0]
                  7018e1e0    00000022     gateway_shared.o (.text.gateway_ringbuf_core1_receive)
                  7018e202    0000000e     --HOLE-- [fill = 0]
                  7018e210    00000020     nortos.am263px.r5f.ti-arm-clang.debug.lib : ClockP_nortos.obj (.text.ClockP_isActive)
                  7018e230    00000020                                               : ClockP_nortos.obj (.text.ClockP_usecToTicks)
                  7018e250    00000020     drivers.am263px.r5f.ti-arm-clang.nortos.debug.lib : mcan.obj (.text.HW_RD_FIELD32_RAW)
                  7018e270    00000020                                                       : uart_v0_lld.obj (.text.HW_RD_FIELD32_RAW)
                  7018e290    0000001e     nortos.am263px.r5f.ti-arm-clang.debug.lib : ClockP_nortos.obj (.text.ClockP_Params_init)
                  7018e2ae    00000002     --HOLE-- [fill = 0]
                  7018e2b0    0000001e     drivers.am263px.r5f.ti-arm-clang.nortos.debug.lib : edma.obj (.text.EDMA_getEventStatusHigh)
                  7018e2ce    00000002     --HOLE-- [fill = 0]
                  7018e2d0    0000001e                                                       : mcan.obj (.text.MCAN_setOpMode)
                  7018e2ee    00000002     --HOLE-- [fill = 0]
                  7018e2f0    0000001e                                                       : soc.obj (.text.SOC_getSelfCpuClk)
                  7018e30e    00000002     --HOLE-- [fill = 0]
                  7018e310    0000001e                                                       : soc.obj (.text.SOC_moduleClockEnable)
                  7018e32e    00000002     --HOLE-- [fill = 0]
                  7018e330    0000001e     ti_dpl_config.o (.text.TimerP_isr0)
                  7018e34e    00000002     --HOLE-- [fill = 0]
                  7018e350    0000001e     drivers.am263px.r5f.ti-arm-clang.nortos.debug.lib : uart_v0_lld.obj (.text.UART_breakCtl)
                  7018e36e    00000002     --HOLE-- [fill = 0]
                  7018e370    0000001e                                                       : uart_v0_lld.obj (.text.UART_lld_Transaction_deInit)
                  7018e38e    00000002     --HOLE-- [fill = 0]
                  7018e390    0000001c                                                       : edma.obj (.text.EDMA_getEventStatus)
                  7018e3ac    00000004     --HOLE-- [fill = 0]
                  7018e3b0    0000001c                                                       : mcan.obj (.text.MCAN_writeProtectedRegAccessLock)
                  7018e3cc    00000004     --HOLE-- [fill = 0]
                  7018e3d0    0000001c                                                       : mcan.obj (.text.MCAN_writeProtectedRegAccessUnlock)
                  7018e3ec    00000004     --HOLE-- [fill = 0]
                  7018e3f0    0000001c                                                       : uart_v0_lld.obj (.text.UART_IsParameter)
                  7018e40c    0000001c     libc.a : memcpy32.S.obj (.text:TI_memcpy_small)
                  7018e428    00000008     --HOLE-- [fill = 0]
                  7018e430    0000001a     drivers.am263px.r5f.ti-arm-clang.nortos.debug.lib : mcan.obj (.text.MCAN_clearIntrStatus)
                  7018e44a    00000006     --HOLE-- [fill = 0]
                  7018e450    0000001a                                                       : mcan.obj (.text.MCAN_getOpMode)
                  7018e46a    00000006     --HOLE-- [fill = 0]
                  7018e470    0000001a                                                       : uart_v0_lld.obj (.text.UART_fifoCharGet)
                  7018e48a    00000006     --HOLE-- [fill = 0]
                  7018e490    0000001a                                                       : uart_v0_lld.obj (.text.UART_timeGuardConfig)
                  7018e4aa    00000006     --HOLE-- [fill = 0]
                  7018e4b0    00000018     nortos.am263px.r5f.ti-arm-clang.debug.lib : ClockP_nortos.obj (.text.ClockP_ticksToUsec)
                  7018e4c8    00000008     --HOLE-- [fill = 0]
                  7018e4d0    00000018     drivers.am263px.r5f.ti-arm-clang.nortos.debug.lib : edma.obj (.text.EDMA_isInterruptEnabled)
                  7018e4e8    00000008     --HOLE-- [fill = 0]
                  7018e4f0    00000018                                                       : ipc_notify_v1.obj (.text.IpcNotify_mailboxClearAllInt)
                  7018e508    00000008     --HOLE-- [fill = 0]
                  7018e510    00000018                                                       : ipc_notify_v1_cfg.obj (.text.IpcNotify_trigInterrupt)
                  7018e528    00000008     --HOLE-- [fill = 0]
                  7018e530    00000018     nortos.am263px.r5f.ti-arm-clang.debug.lib : SemaphoreP_nortos.obj (.text.SemaphoreP_Params_init)
                  7018e548    00000008     --HOLE-- [fill = 0]
                  7018e550    00000018                                               : TimerP_rti_priv.obj (.text.TimerP_getReloadCountPriv)
                  7018e568    00000008     --HOLE-- [fill = 0]
                  7018e570    00000018     drivers.am263px.r5f.ti-arm-clang.nortos.debug.lib : uart_v0_lld.obj (.text.UART_divisorLatchDisable)
                  7018e588    00000008     --HOLE-- [fill = 0]
                  7018e590    00000018                                                       : uart_v0_lld.obj (.text.UART_modemControlReset)
                  7018e5a8    00000008     --HOLE-- [fill = 0]
                  7018e5b0    00000018                                                       : uart_v0_lld.obj (.text.UART_putChar)
                  7018e5c8    00000018     libc.a : memset32.S.obj (.text:TI_memset_small)
                  7018e5e0    00000016     drivers.am263px.r5f.ti-arm-clang.nortos.debug.lib : ipc_notify_v1.obj (.text.IpcNotify_sendSync)
                  7018e5f6    0000000a     --HOLE-- [fill = 0]
                  7018e600    00000016                                                       : mcan.obj (.text.MCAN_getIntrStatus)
                  7018e616    0000000a     --HOLE-- [fill = 0]
                  7018e620    00000016     nortos.am263px.r5f.ti-arm-clang.debug.lib : TimerP_rti_priv.obj (.text.TimerP_startPriv)
                  7018e636    0000000a     --HOLE-- [fill = 0]
                  7018e640    00000016                                               : TimerP_rti_priv.obj (.text.TimerP_stopPriv)
                  7018e656    0000000a     --HOLE-- [fill = 0]
                  7018e660    00000016     drivers.am263px.r5f.ti-arm-clang.nortos.debug.lib : uart_v0_lld.obj (.text.UART_divideRoundCloset)
                  7018e676    0000000a     --HOLE-- [fill = 0]
                  7018e680    00000016                                                       : uart_v0_lld.obj (.text.UART_regConfModeRestore)
                  7018e696    0000000a     --HOLE-- [fill = 0]
                  7018e6a0    00000014                                                       : edma.obj (.text.HW_WR_REG16_RAW)
                  7018e6b4    0000000c     --HOLE-- [fill = 0]
                  7018e6c0    00000014                                                       : ipc_notify_v1.obj (.text.IpcNotify_mailboxClearPendingIntr)
                  7018e6d4    0000000c     --HOLE-- [fill = 0]
                  7018e6e0    00000014                                                       : soc_rcm.obj (.text.SOC_rcmGetModuleClkDivFromRegVal)
                  7018e6f4    0000000c     --HOLE-- [fill = 0]
                  7018e700    00000014     nortos.am263px.r5f.ti-arm-clang.debug.lib : TimerP_rti_priv.obj (.text.TimerP_clearOverflowIntPriv)
                  7018e714    0000000c     --HOLE-- [fill = 0]
                  7018e720    00000014                                               : TimerP_rti_nortos.obj (.text.TimerP_setup)
                  7018e734    0000000c     --HOLE-- [fill = 0]
                  7018e740    00000014     ti_dpl_config.o (.text.putchar_)
                  7018e754    0000000c     --HOLE-- [fill = 0]
                  7018e760    00000012     ti_pinmux_config.o (.text.Pinmux_init)
                  7018e772    0000000e     --HOLE-- [fill = 0]
                  7018e780    00000012     gateway_shared.o (.text.gateway_check_emergency_stop)
                  7018e792    0000000e     --HOLE-- [fill = 0]
                  7018e7a0    00000012     imu_protocol_handler.o (.text.imu_initialize)
                  7018e7b2    0000000e     --HOLE-- [fill = 0]
                  7018e7c0    00000012     imu_interface_isr.o (.text.imu_uart_is_initialized)
                  7018e7d2    0000000e     --HOLE-- [fill = 0]
                  7018e7e0    00000012     yis320_protocol.o (.text.yis320_get_timestamp_ms)
                  7018e7f2    0000000e     --HOLE-- [fill = 0]
                  7018e800    00000010     can_interface.o (.text.CSL_REG32_WR_RAW)
                  7018e810    00000010     drivers.am263px.r5f.ti-arm-clang.nortos.debug.lib : pinmux.obj (.text.CSL_REG32_WR_RAW)
                  7018e820    00000010                                                       : soc.obj (.text.CSL_REG32_WR_RAW)
                  7018e830    00000010     ti_drivers_config.o (.text.CSL_REG32_WR_RAW)
                  7018e840    00000010     nortos.am263px.r5f.ti-arm-clang.debug.lib : ClockP_nortos_r5.obj (.text.ClockP_getTimerCount)
                  7018e850    00000010                                               : ClockP_nortos_r5.obj (.text.ClockP_timerClearOverflowInt)
                  7018e860    00000010     drivers.am263px.r5f.ti-arm-clang.nortos.debug.lib : edma.obj (.text.HW_RD_REG32_RAW)
                  7018e870    00000010                                                       : mcan.obj (.text.HW_RD_REG32_RAW)
                  7018e880    00000010                                                       : uart_v0_lld.obj (.text.HW_RD_REG32_RAW)
                  7018e890    00000010                                                       : edma.obj (.text.HW_WR_REG32_RAW)
                  7018e8a0    00000010                                                       : mcan.obj (.text.HW_WR_REG32_RAW)
                  7018e8b0    00000010                                                       : uart_v0_lld.obj (.text.HW_WR_REG32_RAW)
                  7018e8c0    00000010                                                       : ipc_notify_v1.obj (.text.IpcNotify_mailboxGetPendingIntr)
                  7018e8d0    00000010     nortos.am263px.r5f.ti-arm-clang.debug.lib : TimerP_rti_nortos.obj (.text.TimerP_Params_init)
                  7018e8e0    00000010                                               : TimerP_rti_nortos.obj (.text.TimerP_clearOverflowInt)
                  7018e8f0    00000010                                               : TimerP_rti_nortos.obj (.text.TimerP_getCount)
                  7018e900    00000010                                               : TimerP_rti_nortos.obj (.text.TimerP_getReloadCount)
                  7018e910    00000010                                               : TimerP_rti_nortos.obj (.text.TimerP_start)
                  7018e920    00000010                                               : printf.obj (.text._out_null)
                  7018e930    00000010     gateway_shared.o (.text.gateway_notify_imu_ready)
                  7018e940    00000010     gateway_shared.o (.text.gateway_notify_states_ready)
                  7018e950    0000000e     yis320_protocol.o (.text.yis320_uart_configure)
                  7018e95e    00000002     --HOLE-- [fill = 0]
                  7018e960    0000000c     ti_board_open_close.o (.text.Board_driversOpen)
                  7018e96c    00000004     --HOLE-- [fill = 0]
                  7018e970    0000000c     nortos.am263px.r5f.ti-arm-clang.debug.lib : ClockP_nortos.obj (.text.ClockP_getTicks)
                  7018e97c    00000004     --HOLE-- [fill = 0]
                  7018e980    0000000c     ti_drivers_open_close.o (.text.Drivers_open)
                  7018e98c    00000004     --HOLE-- [fill = 0]
                  7018e990    0000000c     ti_power_clock_config.o (.text.PowerClock_init)
                  7018e99c    00000004     --HOLE-- [fill = 0]
                  7018e9a0    0000000c     yis320_protocol.o (.text.vtable_read_data)
                  7018e9ac    00000004     --HOLE-- [fill = 0]
                  7018e9b0    0000000a     nortos.am263px.r5f.ti-arm-clang.debug.lib : HwiP_armv7r_vim.obj (.text.Hwip_dataAndInstructionBarrier)
                  7018e9ba    00000006     --HOLE-- [fill = 0]
                  7018e9c0    0000000a     drivers.am263px.r5f.ti-arm-clang.nortos.debug.lib : ipc_notify_v1.obj (.text.IpcNotify_dataAndInstructionBarrier)
                  7018e9ca    00000006     --HOLE-- [fill = 0]
                  7018e9d0    0000000a                                                       : soc_rcm.obj (.text.SOC_rcmGetBaseAddressMSSRCM)
                  7018e9da    00000006     --HOLE-- [fill = 0]
                  7018e9e0    0000000a                                                       : uart_dma_edma.obj (.text.UART_edmaDoNothing)
                  7018e9ea    00000006     --HOLE-- [fill = 0]
                  7018e9f0    0000000a     gateway_shared.o (.text.gateway_memory_barrier)
                  7018e9fa    00000006     --HOLE-- [fill = 0]
                  7018ea00    0000000a     gateway_shared.o (.text.ringbuf_get_ptr)
                  7018ea0a    00000006     --HOLE-- [fill = 0]
                  7018ea10    00000008     ti_drivers_config.o (.text.Drivers_uartInit)
                  7018ea18    00000008     --HOLE-- [fill = 0]
                  7018ea20    00000008     drivers.am263px.r5f.ti-arm-clang.nortos.debug.lib : soc_rcm.obj (.text.SOC_rcmGetBaseAddressMSSCTRL)
                  7018ea28    00000008     --HOLE-- [fill = 0]
                  7018ea30    00000008                                                       : soc_rcm.obj (.text.SOC_rcmGetBaseAddressTOPRCM)
                  7018ea38    00000008     --HOLE-- [fill = 0]
                  7018ea40    00000008     nortos.am263px.r5f.ti-arm-clang.debug.lib : SemaphoreP_nortos.obj (.text.SemaphoreP_destruct)
                  7018ea48    00000008     --HOLE-- [fill = 0]
                  7018ea50    00000002     ti_board_open_close.o (.text.Board_driversClose)
                  7018ea52    0000000e     --HOLE-- [fill = 0]
                  7018ea60    00000002     ti_board_config.o (.text.Board_init)
                  7018ea62    0000000e     --HOLE-- [fill = 0]
                  7018ea70    00000002     ti_drivers_open_close.o (.text.Drivers_mcanOpen)
                  7018ea72    0000000e     --HOLE-- [fill = 0]
                  7018ea80    00000002     drivers.am263px.r5f.ti-arm-clang.nortos.debug.lib : ipc_notify_v1_cfg.obj (.text.IpcNotify_wait)
                  7018ea82    0000000e     --HOLE-- [fill = 0]
                  7018ea90    00000002     nortos.am263px.r5f.ti-arm-clang.debug.lib : TaskP_nortos.obj (.text.TaskP_yield)
                  7018ea92    0000000e     --HOLE-- [fill = 0]

.rodata    0    7018eaa0    00002438     
                  7018eaa0    00000450     motor_mapping.o (.rodata.motor_config_table)
                  7018eef0    00000084     ti_dpl_config.o (.rodata.cfg)
                  7018ef74    00000004     nortos.am263px.r5f.ti-arm-clang.debug.lib : CacheP_armv7r.obj (.rodata.gCacheL1dCacheLineSize)
                  7018ef78    00000050                                               : printf.obj (.rodata._ftoa.pow10)
                  7018efc8    0000004f     main.o (.rodata.str1.15996357275703397564.1)
                  7018f017    0000004d     gateway_shared.o (.rodata.str1.3223734256326991069.1)
                  7018f064    0000004c     main.o (.rodata.str1.10224226614597680209.1)
                  7018f0b0    0000004c     main.o (.rodata.str1.11121730273200050387.1)
                  7018f0fc    0000004a     main.o (.rodata.str1.10720410773482754683.1)
                  7018f146    00000049     can_interface.o (.rodata.str1.2401924719955226879.1)
                  7018f18f    00000001     --HOLE-- [fill = 0]
                  7018f190    00000048     drivers.am263px.r5f.ti-arm-clang.nortos.debug.lib : soc_rcm.obj (.rodata.gADPLLJConfigTbl)
                  7018f1d8    00000048     main.o (.rodata.str1.4787932902692149498.1)
                  7018f220    00000045     can_interface.o (.rodata.str1.17857559882412085052.1)
                  7018f265    00000045     main.o (.rodata.str1.2563708670032483588.1)
                  7018f2aa    00000043     main.o (.rodata.str1.10313062130652730376.1)
                  7018f2ed    00000042     main.o (.rodata.str1.11321157723316767883.1)
                  7018f32f    00000042     main.o (.rodata.str1.11702106008850790973.1)
                  7018f371    00000041     main.o (.rodata.str1.16265332423659789559.1)
                  7018f3b2    00000002     drivers.am263px.r5f.ti-arm-clang.nortos.debug.lib : soc_rcm.obj (.rodata.gCR5ClkSrcInfoMap)
                  7018f3b4    00000040                                                       : mcan.obj (.rodata.gDataSize)
                  7018f3f4    00000040                                                       : ipc_notify_v1.obj (.rodata.str1.10118846006578224169.1)
                  7018f434    00000040     main.o (.rodata.str1.13030671760666898970.1)
                  7018f474    00000040     gateway_shared.o (.rodata.str1.1309647279537151951.1)
                  7018f4b4    0000003f     main.o (.rodata.str1.16302215771116645891.1)
                  7018f4f3    0000003e     imu_interface_isr.o (.rodata.str1.2252785669688110604.1)
                  7018f531    0000003d     nortos.am263px.r5f.ti-arm-clang.debug.lib : TimerP_rti_priv.obj (.rodata.str1.11388379688747141303.1)
                  7018f56e    0000003d     main.o (.rodata.str1.13782249893155712474.1)
                  7018f5ab    0000003d     main.o (.rodata.str1.3292798375424520613.1)
                  7018f5e8    0000003c     main.o (.rodata.str1.8108965883388295311.1)
                  7018f624    0000003b     can_interface.o (.rodata.str1.13886886582160776261.1)
                  7018f65f    00000039     can_interface.o (.rodata.str1.13942422985958650841.1)
                  7018f698    00000039     can_interface.o (.rodata.str1.15906871730334742222.1)
                  7018f6d1    00000039     can_interface.o (.rodata.str1.16770118065840302171.1)
                  7018f70a    00000038     gateway_shared.o (.rodata.str1.8694082244888993162.1)
                  7018f742    00000038     imu_interface_isr.o (.rodata.str1.9168798226845388136.1)
                  7018f77a    00000037     gateway_shared.o (.rodata.str1.10638658715010209595.1)
                  7018f7b1    00000037     can_interface.o (.rodata.str1.17102373369105828453.1)
                  7018f7e8    00000037     main.o (.rodata.str1.3530083166107438000.1)
                  7018f81f    00000037     gateway_shared.o (.rodata.str1.5629998949668554045.1)
                  7018f856    00000036     can_interface.o (.rodata.str1.10186677634541030339.1)
                  7018f88c    00000036     imu_interface_isr.o (.rodata.str1.13916086747295221358.1)
                  7018f8c2    00000036     can_interface.o (.rodata.str1.15146467347084621569.1)
                  7018f8f8    00000035     can_interface.o (.rodata.str1.11434220007320834734.1)
                  7018f92d    00000035     main.o (.rodata.str1.16631870348416990953.1)
                  7018f962    00000035     can_interface.o (.rodata.str1.6692020027550076815.1)
                  7018f997    00000035     ti_drivers_open_close.o (.rodata.str1.871795152488895636.1)
                  7018f9cc    00000035     main.o (.rodata.str1.9059077390166914652.1)
                  7018fa01    00000034     main.o (.rodata.str1.10865113624938808685.1)
                  7018fa35    00000034     main.o (.rodata.str1.13288086030101331538.1)
                  7018fa69    00000034     main.o (.rodata.str1.14112174005742061988.1)
                  7018fa9d    00000034     main.o (.rodata.str1.17376258722486336754.1)
                  7018fad1    00000034     main.o (.rodata.str1.18092426736022315238.1)
                  7018fb05    00000034     main.o (.rodata.str1.6891813955777630061.1)
                  7018fb39    00000033     can_interface.o (.rodata.str1.13538652865395202372.1)
                  7018fb6c    00000033     main.o (.rodata.str1.14032527501195285070.1)
                  7018fb9f    00000033     main.o (.rodata.str1.14712910685067215323.1)
                  7018fbd2    00000033     can_interface.o (.rodata.str1.2569929632086669665.1)
                  7018fc05    00000033     main.o (.rodata.str1.2624144126699937905.1)
                  7018fc38    00000033     main.o (.rodata.str1.403738606202455663.1)
                  7018fc6b    00000032     can_interface.o (.rodata.str1.2296911319530636772.1)
                  7018fc9d    00000031     can_interface.o (.rodata.str1.4211222669969280216.1)
                  7018fcce    00000031     gateway_shared.o (.rodata.str1.6121471336334202706.1)
                  7018fcff    00000031     motor_mapping.o (.rodata.str1.8787205977826144616.1)
                  7018fd30    00000030     can_interface.o (.rodata.str1.10130696897761414469.1)
                  7018fd60    00000030     can_interface.o (.rodata.str1.2167712102046818855.1)
                  7018fd90    00000030     imu_interface_isr.o (.rodata.str1.4417852805959727765.1)
                  7018fdc0    00000030     main.o (.rodata.str1.8154729771448623357.1)
                  7018fdf0    00000030     main.o (.rodata.str1.8428454045432808059.1)
                  7018fe20    0000002f     main.o (.rodata.str1.11870794119293528247.1)
                  7018fe4f    0000002f     can_interface.o (.rodata.str1.15094798983471906066.1)
                  7018fe7e    0000002f     gateway_shared.o (.rodata.str1.3129942817937968154.1)
                  7018fead    0000002f     main.o (.rodata.str1.6554448696319176064.1)
                  7018fedc    0000002f     drivers.am263px.r5f.ti-arm-clang.nortos.debug.lib : ipc_notify_v1.obj (.rodata.str1.9418228565027791152.1)
                  7018ff0b    0000002e     can_interface.o (.rodata.str1.11024350005305706282.1)
                  7018ff39    0000002e     gateway_shared.o (.rodata.str1.11051107022181534624.1)
                  7018ff67    0000002e     main.o (.rodata.str1.14079361385603432444.1)
                  7018ff95    0000002e     main.o (.rodata.str1.625103348304617710.1)
                  7018ffc3    0000002e     main.o (.rodata.str1.7996925722583989644.1)
                  7018fff1    0000002e     gateway_shared.o (.rodata.str1.9859227269409816370.1)
                  7019001f    0000002d     main.o (.rodata.str1.14466178792657420020.1)
                  7019004c    0000002d     can_interface.o (.rodata.str1.150960857071891705.1)
                  70190079    0000002d     main.o (.rodata.str1.2597068879322958637.1)
                  701900a6    0000002d     main.o (.rodata.str1.5043408953494467246.1)
                  701900d3    0000002d     can_interface.o (.rodata.str1.6401568125276999251.1)
                  70190100    0000002d     can_interface.o (.rodata.str1.6531933829109918715.1)
                  7019012d    0000002c     can_interface.o (.rodata.str1.14845445665763636722.1)
                  70190159    0000002c     main.o (.rodata.str1.2763581881760962609.1)
                  70190185    0000002c     gateway_shared.o (.rodata.str1.7167262159681625771.1)
                  701901b1    0000002b     main.o (.rodata.str1.18227636981041470289.1)
                  701901dc    0000002b     can_interface.o (.rodata.str1.3858671167962548137.1)
                  70190207    0000002b     can_interface.o (.rodata.str1.5571669369711139161.1)
                  70190232    0000002a     can_interface.o (.rodata.str1.17855712168153945246.1)
                  7019025c    0000002a     nortos.am263px.r5f.ti-arm-clang.debug.lib : DebugP_log.obj (.rodata.str1.227947788441500939.1)
                  70190286    0000002a     main.o (.rodata.str1.2846389346932560359.1)
                  701902b0    0000002a     main.o (.rodata.str1.8096991282711418442.1)
                  701902da    00000029     main.o (.rodata.str1.11777244287787065045.1)
                  70190303    00000029     imu_interface_isr.o (.rodata.str1.15503275091179387347.1)
                  7019032c    00000029     can_interface.o (.rodata.str1.357542981605220142.1)
                  70190355    00000029     main.o (.rodata.str1.39260288392874984.1)
                  7019037e    00000029     can_interface.o (.rodata.str1.6910353934698693424.1)
                  701903a7    00000029     can_interface.o (.rodata.str1.7679921882182829519.1)
                  701903d0    00000029     main.o (.rodata.str1.8076846746581808073.1)
                  701903f9    00000028     main.o (.rodata.str1.11822182024223342093.1)
                  70190421    00000028     main.o (.rodata.str1.1311392489248731986.1)
                  70190449    00000028     main.o (.rodata.str1.15159059442110792349.1)
                  70190471    00000027     nortos.am263px.r5f.ti-arm-clang.debug.lib : ClockP_nortos_r5.obj (.rodata.str1.12743090444791882666.1)
                  70190498    00000027     main.o (.rodata.str1.17045314124001216156.1)
                  701904bf    00000027     main.o (.rodata.str1.7784929982665794503.1)
                  701904e6    00000026     can_interface.o (.rodata.str1.14406550278730177052.1)
                  7019050c    00000026     gateway_shared.o (.rodata.str1.17046880449980016103.1)
                  70190532    00000026     gateway_shared.o (.rodata.str1.5761821093615868877.1)
                  70190558    00000026     can_interface.o (.rodata.str1.6806839034663112933.1)
                  7019057e    00000025     main.o (.rodata.str1.10635229749459437609.1)
                  701905a3    00000025     main.o (.rodata.str1.2123964117280943167.1)
                  701905c8    00000024     can_interface.o (.rodata.str1.14428574951410983152.1)
                  701905ec    00000024     can_interface.o (.rodata.str1.17339864536769639315.1)
                  70190610    00000024     main.o (.rodata.str1.5630281060179367396.1)
                  70190634    00000024     imu_interface_isr.o (.rodata.str1.6306445455767916371.1)
                  70190658    00000024     main.o (.rodata.str1.7702501944640899365.1)
                  7019067c    00000023     drivers.am263px.r5f.ti-arm-clang.nortos.debug.lib : soc_rcm.obj (.rodata.str1.2078190104202520215.1)
                  7019069f    00000023     nortos.am263px.r5f.ti-arm-clang.debug.lib : ClockP_nortos_r5.obj (.rodata.str1.7689125538912326484.1)
                  701906c2    00000022     drivers.am263px.r5f.ti-arm-clang.nortos.debug.lib : edma.obj (.rodata.str1.12976018205622752890.1)
                  701906e4    00000021     can_interface.o (.rodata.str1.12573338884863454617.1)
                  70190705    00000021     nortos.am263px.r5f.ti-arm-clang.debug.lib : ClockP_nortos_r5.obj (.rodata.str1.8559540482768925367.1)
                  70190726    00000002     --HOLE-- [fill = 0]
                  70190728    00000020     drivers.am263px.r5f.ti-arm-clang.nortos.debug.lib : mcan.obj (.rodata.gMsgObjSize)
                  70190748    00000020     can_interface.o (.rodata.g_mcan_base_addr)
                  70190768    00000020     can_interface.o (.rodata.g_mcan_intr_num)
                  70190788    00000020     main.o (.rodata.str1.14402440632258215044.1)
                  701907a8    00000020     drivers.am263px.r5f.ti-arm-clang.nortos.debug.lib : uart_v0.obj (.rodata.str1.16594507886308206351.1)
                  701907c8    00000020                                                       : ipc_notify_v1.obj (.rodata.str1.2046905611612007019.1)
                  701907e8    0000001f     can_interface.o (.rodata.str1.14695538922052102695.1)
                  70190807    0000001f     nortos.am263px.r5f.ti-arm-clang.debug.lib : ClockP_nortos_r5.obj (.rodata.str1.2746619892315392655.1)
[...]


GLOBAL SYMBOLS: SORTED BY Symbol Address 

address   name                                 
-------   ----                                 
00000000  __TI_ATRegion0_region_sz             
00000000  __TI_ATRegion0_src_addr              
00000000  __TI_ATRegion0_trg_addr              
00000000  __TI_ATRegion1_region_sz             
00000000  __TI_ATRegion1_src_addr              
00000000  __TI_ATRegion1_trg_addr              
00000000  __TI_ATRegion2_region_sz             
00000000  __TI_ATRegion2_src_addr              
00000000  __TI_ATRegion2_trg_addr              
00000000  __TI_static_base__                   
00000000  _vectors                             
00000100  __ABORT_STACK_SIZE                   
00000100  __FIQ_STACK_SIZE                     
00000100  __IRQ_STACK_SIZE                     
00000100  __UNDEFINED_STACK_SIZE               
00001000  __SVC_STACK_SIZE                     
00004000  __STACK_SIZE                         
70180a34  __aeabi_memclr                       
70180a34  __aeabi_memclr4                      
70180a34  __aeabi_memclr8                      
701810b8  C$$EXIT                              
701810b8  HOSTexit                             
701810c1  SOC_rcmEnablePeripheralClock         
701816f8  __aeabi_ldiv0                        
701816fc  __aeabi_memcpy                       
701816fc  __aeabi_memcpy4                      
701816fc  __aeabi_memcpy8                      
70181ce4  CSL_armR5ReadMpidrReg                
701825a4  __aeabi_memmove                      
701825a4  __aeabi_memmove4                     
701825a4  __aeabi_memmove8                     
701825b1  UART_open                            
701829b1  IpcNotify_init                       
70183be1  SOC_virtToPhy                        
70183ef1  motor_mapping_init_core1             
701841f1  MCAN_msgRAMConfig                    
70184e01  UART_lld_dmaDeInit                   
70185031  IpcNotify_isr                        
70185261  CAN_TransmitBatch                    
70185481  TimerP_setupPriv                     
70185661  UART_lld_dmaWrite                    
701859c1  UART_close                           
70185d21  UART_lld_controllerIsr               
70185ec1  CAN_StartRxInterrupts                
701861e1  MCAN_calcMsgRamParamsStartAddr       
70186371  EDMA_unregisterIntr                  
701864e1  SOC_controlModuleUnlockMMR           
70186641  UART_lld_initDma                     
701867a1  DebugP_shmLogWriterPutChar           
70186b91  MCAN_setBitTime                      
70186ce1  imu_uart_isr_init                    
70186e31  CAN_Init                             
701870b1  MCAN_readMsgRam                      
70187331  ClockP_init                          
70187471  UART_procLineStatusErr               
701875b1  EDMA_registerIntr                    
701876f1  MCAN_init                            
70187831  UART_lld_init                        
70187961  MCAN_config                          
70187a91  SOC_controlModuleLockMMR             
70187bc1  SOC_rcmGetPeripheralClockFrequency   
70187e01  DebugP_shmLogWriterPutLine           
70187f21  UART_lld_dmaRead                     
7018803c  __udivmoddi4                         
701885d1  IpcNotify_sendMsg                    
701887f1  GPIO_init                            
70188901  SemaphoreP_pend                      
70188a11  gateway_ringbuf_read                 
70188c11  gateway_write_motor_config           
70188ee1  EDMA_freeChannelRegion               
70188fd1  EDMA_freeParam                       
701890c1  EDMA_freeDmaChannel                  
701891a1  EDMA_freeTcc                         
70189281  UART_intrEnable                      
70189361  UART_intrDisable                     
70189441  AddrTranslateP_getLocalAddr          
70189511  EDMA_disableChInShadowRegRegion      
701895e1  EDMA_enableChInShadowRegRegion       
701896b1  EDMA_mapChToEvtQ                     
70189781  EDMA_configureChannelRegion          
70189901  UART_flushTxFifo                     
70189a81  ClockP_timerTickIsr                  
70189b41  TimerP_init                          
70189c01  ClockP_stop                          
70189cc1  IpcNotify_waitSync                   
70189d81  gateway_write_motor_states           
70189e41  CycleCounterP_init                   
70189e61  CycleCounterP_reset                  
70189eb1  CycleCounterP_nsToTicks              
70189ef1  CycleCounterP_enableUserAccess       
70189f01  MCAN_writeMsgRam                     
70189fb1  SOC_rcmSetPeripheralClock            
7018a061  UART_init                            
7018a271  gateway_core1_wait_for_ready         
7018a3d1  ClockP_destruct                      
7018a481  Drivers_uartOpen                     
7018a5d1  gateway_core1_ipc_callback           
7018a7b1  imu_uart_read                        
7018a851  IpcNotify_registerClient             
7018a991  ClockP_getTimeUsec                   
7018aa31  EDMA_unmapChToEvtQ                   
7018aad1  float_to_uint                        
7018ab71  yis320_convert_to_ipc                
7018ac11  EDMA_disableTransferRegion           
7018aca1  EDMA_enableTransferRegion            
7018ae51  UART_lld_flushTxFifo                 
7018af71  EDMA_allocDmaChannel                 
7018b001  EDMA_allocParam                      
7018b091  EDMA_allocTcc                        
7018b241  IpcNotify_syncAll                    
7018b2d1  imu_protocol_manager_init            
7018b361  MCAN_addStdMsgIDFilter               
7018b461  System_init                          
7018b561  _DebugP_assert                       
7018b5e1  gateway_ringbuf_core1_init           
7018b6e1  UART_Params_init                     
7018b761  EDMA_linkChannel                     
7018b861  ClockP_usleep                        
7018b8e1  EDMA_clrMissEvtRegion                
7018bac1  EDMA_getBaseAddr                     
7018bba1  imu_protocol_get_state               
7018bc11  SOC_rcmGetR5Clock                    
7018bc81  SOC_rcmIsR5FInLockStepMode           
7018bd61  UART_lld_deInitDma                   
7018bdd1  imu_protocol_process_uart_rx         
7018be41  MCAN_enableIntr                      
7018beb1  MCAN_initTxBufElement                
7018bf91  SemaphoreP_post                      
7018c001  MCAN_selectIntrLine                  
7018c061  UART_getChar                         
7018c121  yis320_protocol_handler_init         
7018c181  Module_clockSetFrequency             
7018c1e1  UART_lld_deInit                      
7018c481  gateway_write_imu_state              
7018c4e1  uint16_to_float                      
7018c5a1  Dpl_init                             
7018c601  EDMA_setPaRAM                        
7018c6c1  main                                 
7018c714  __TI_auto_init_nobinit_nopinit       
7018c771  Drivers_uartClose                    
7018c7c1  Pinmux_config                        
7018c811  UART_checkCharsAvailInFifo           
7018c861  DebugP_shmLogWriterInit              
7018c8b1  EDMA_clrEvtRegion                    
7018c901  EDMA_disableDmaEvtRegion             
7018c951  EDMA_disableEvtIntrRegion            
7018c9a1  EDMA_enableDmaEvtRegion              
7018c9f1  EDMA_enableEvtIntrRegion             
7018ca41  EDMA_setEvtRegion                    
7018ca91  GPIO_setDirMode                      
7018cae1  MCAN_enableIntrLine                  
7018cb31  ClockP_construct                     
7018cb81  EDMA_ccPaRAMEntry_init               
7018cbd1  EDMA_mapQdmaChToPaRAM                
7018cc21  EDMA_readEventStatusRegion           
7018cc71  IpcNotify_unregisterClient           
7018ccc1  Module_clockEnable                   
7018cd11  gateway_update_stat                  
7018cd5c  memmove                              
7018ce01  timerISR                             
7018ce51  IpcNotify_Params_init                
7018cef1  UART_getIntrIdentityStatus           
7018cfe1  CAN_RegisterRxCallback               
7018d0d1  UART_readLineStatus                  
7018d121  imu_protocol_handler_init            
7018d261  SemaphoreP_construct                 
7018d2b1  _DebugP_logZone                      
7018d351  ClockP_start                         
7018d3f1  imu_protocol_update_state            
7018d4b1  UART_spaceAvail                      
7018d4f1  gateway_core1_init                   
7018d531  gateway_update_heartbeat             
7018d5b1  UART_IsTxRxFifoEmpty                 
7018d631  MCAN_txBufAddReq                     
7018d671  SOC_moduleSetClockFrequency          
7018d731  snprintf_                            
7018d771  SOC_getCoreName                      
7018d7a8  CycleCounterP_getCount32             
7018d7b0  PmuP_setup                           
7018d7b8  PmuP_enableCounters                  
7018d7c0  PmuP_disableCounters                 
7018d7c8  PmuP_getOverflowStatus               
7018d7d0  PmuP_clearOverflowStatus             
7018d7d8  PmuP_setUserEnable                   
7018d821  EDMA_getRegionId                     
7018d8e1  IpcNotify_syncCallback               
7018d961  MCAN_calcCfgAddr                     
7018d9e1  TimerP_Params_initPriv               
7018da61  motor_get_config                     
7018db61  TimerP_getCountPriv                  
7018dc81  gateway_signal_motor_config_ready    
7018dcb1  UART_lld_dmaInit                     
7018dd11  DebugP_logZoneEnable                 
7018dd71  MCAN_clearNewDataStatus              
7018dda1  MCAN_getNewDataStatus                
7018ddd1  SemaphoreP_constructBinary           
7018de61  UART_intr2Disable                    
7018de91  UART_operatingModeSelect             
7018def1  CSL_armR5GetCpuID                    
7018df21  vprintf_                             
7018df51  EDMA_disableQdmaEvtRegion            
7018df81  EDMA_enableQdmaEvtRegion             
7018dfe1  IpcNotify_allocSwQueue               
7018e041  IpcNotify_getConfig                  
7018e071  SemaphoreP_constructMutex            
7018e131  UART_getBaseAddr                     
7018e154  __aeabi_uldivmod                     
7018e1b1  EDMA_channelToParamMap               
7018e1e1  gateway_ringbuf_core1_receive        
7018e211  ClockP_isActive                      
7018e231  ClockP_usecToTicks                   
7018e291  ClockP_Params_init                   
7018e2b1  EDMA_getEventStatusHigh              
7018e2d1  MCAN_setOpMode                       
7018e2f1  SOC_getSelfCpuClk                    
7018e311  SOC_moduleClockEnable                
7018e331  TimerP_isr0                          
7018e371  UART_lld_Transaction_deInit          
7018e391  EDMA_getEventStatus                  
7018e40c  TI_memcpy_small                      
7018e431  MCAN_clearIntrStatus                 
7018e451  MCAN_getOpMode                       
7018e4b1  ClockP_ticksToUsec                   
7018e4d1  EDMA_isInterruptEnabled              
7018e511  IpcNotify_trigInterrupt              
7018e531  SemaphoreP_Params_init               
7018e551  TimerP_getReloadCountPriv            
7018e5b1  UART_putChar                         
7018e5c8  TI_memset_small                      
7018e5e1  IpcNotify_sendSync                   
7018e601  MCAN_getIntrStatus                   
7018e621  TimerP_startPriv                     
7018e641  TimerP_stopPriv                      
7018e701  TimerP_clearOverflowIntPriv          
7018e721  TimerP_setup                         
7018e741  putchar_                             
7018e761  Pinmux_init                          
7018e781  gateway_check_emergency_stop         
7018e7c1  imu_uart_is_initialized              
7018e7e1  yis320_get_timestamp_ms              
7018e841  ClockP_getTimerCount                 
7018e851  ClockP_timerClearOverflowInt         
7018e8d1  TimerP_Params_init                   
7018e8e1  TimerP_clearOverflowInt              
7018e8f1  TimerP_getCount                      
7018e901  TimerP_getReloadCount                
7018e911  TimerP_start                         
7018e931  gateway_notify_imu_ready             
7018e941  gateway_notify_states_ready          
7018e951  yis320_uart_configure                
7018e961  Board_driversOpen                    
7018e971  ClockP_getTicks                      
7018e981  Drivers_open                         
7018e991  PowerClock_init                      
7018ea11  Drivers_uartInit                     
7018ea41  SemaphoreP_destruct                  
7018ea51  Board_driversClose                   
7018ea61  Board_init                           
7018ea71  Drivers_mcanOpen                     
7018ea81  IpcNotify_wait                       
7018ea91  TaskP_yield                          
7018eef0  gCacheConfig                         
7018eef8  gMpuConfig                           
7018ef04  gMpuRegionConfig                     
7018ef74  gCacheL1dCacheLineSize               
7018f190  gADPLLJConfigTbl                     
7018f3b2  gCR5ClkSrcInfoMap                    
70190ad4  gPeripheralClkSrcInfoMap             
70190e74  gXTALInfo                            
70190ec8  gCacheL1pCacheLineSize               
70190ed8  __BSS_START                          
70191a58  gHwiCtrl                             
70192264  g_yis320_private_data                
7019266c  g_motor_lookup                       
701932d8  gIpcNotifyCtrl                       
70193544  gTimerBaseAddr                       
70193548  gClockCtrl                           
70193568  virtToPhymap                         
7019358c  gTimerHwiObj                         
70193590  gUartHandle                          
70193598  __BSS_END                            
70193598  __stack                              
70197598  __STACK_END                          
701975a1  HwiP_enableInt                       
701975e1  HwiP_disableInt                      
70197641  HwiP_restoreInt                      
70197671  HwiP_clearInt                        
701976b1  HwiP_post                            
701976f1  HwiP_Params_init                     
70197721  HwiP_construct                       
70197911  HwiP_destruct                        
70197981  HwiP_init                            
70197b31  HwiP_inISR                           
70197b61  HwiP_setVimIrqPriMaskNonAtomic       
70197bb1  HwiP_setVimIrqPriMaskAtomic          
70197c51  HwiP_restoreVimIrqPriMask            
70197c61  HwiP_irq_handler_c                   
70197e01  HwiP_fiq_handler                     
70197f61  HwiP_reserved_handler                
70197fa1  HwiP_undefined_handler_c             
70197fc1  HwiP_user_undefined_handler_c        
70197fe1  HwiP_svc_handler                     
70198021  HwiP_prefetch_abort_handler_c        
701980c1  HwiP_user_prefetch_abort_handler_c   
70198101  HwiP_data_abort_handler_c            
701981c1  HwiP_user_data_abort_handler_c       
701981fc  HwiP_irq_handler                     
70198270  HwiP_data_abort_handler              
701982b4  HwiP_prefetch_abort_handler          
70198300  HwiP_undefined_handler               
70198330  GET_DFSR                             
70198338  GET_ADFSR                            
70198340  GET_DFAR                             
70198348  GET_IFSR                             
70198350  GET_AIFSR                            
70198358  GET_IFAR                             
70198360  GET_SPSR                             
70198378  HwiP_disable                         
70198388  HwiP_disableFIQ                      
70198398  HwiP_enable                          
701983a8  HwiP_enableFIQ                       
701983b8  HwiP_restore                         
701983c0  HwiP_enableVIC                       
701983d0  HwiP_disableVIC                      
701983e0  HwiP_getCPSR                         
701983f0  CacheP_disableL1d                    
70198418  CacheP_disableL1p                    
70198430  CacheP_enableL1d                     
70198448  CacheP_enableL1p                     
70198460  CacheP_invL1d                        
70198498  CacheP_invL1p                        
701984d4  CacheP_invL1dAll                     
701984dc  CacheP_invL1pAll                     
701984e4  CacheP_wb                            
70198520  CacheP_wbInv                         
7019855c  CacheP_wbAll                         
70198604  CacheP_wbInvAll                      
7019861c  CacheP_wbInvAllAsm                   
701986bc  CacheP_getEnabled                    
701986f4  CacheP_getCacheLevelInfo             
70198700  CacheP_configForceWrThru             
70198720  CacheP_setDLFO                       
70198731  CacheP_init                          
701987c1  CacheP_disable                       
70198811  CacheP_enable                        
70198851  CacheP_inv                           
70198891  MpuP_getAttrs                        
701988f1  MpuP_RegionAttrs_init                
70198921  MpuP_setRegion                       
701989b1  MpuP_isEnable                        
701989c1  MpuP_disable                         
70198a01  MpuP_enable                          
70198a51  MpuP_init                            
70198af1  MpuP_isUserAuthorizedToAccessMemory  
70198bd0  MpuP_disableAsm                      
70198be8  MpuP_disableBRAsm                    
70198bf8  MpuP_enableAsm                       
70198c10  MpuP_enableBRAsm                     
70198c20  MpuP_isEnableAsm                     
70198c34  MpuP_setRegionAsm                    
70198c50  _c_int00_sbl                         
70198c74  _c_int00                             
70198da1  _DebugP_assertNoLog                  
70198dd1  _system_pre_init                     
70198e01  __mpu_init                           
70198e10  abort                                
70198e18  gEdmaConfig                          
70198e18  gUartDmaHandle                       
70198f3c  gIpcNotifyMailboxConfig              
70199114  gSocModulesClockFrequency            
7019918c  gUartParams                          
701991e4  gSocModules                          
70199224  gClockConfig                         
7019923c  gIpcNotifyInterruptConfig_r5fss1_1   
70199268  gIpcNotifyCoreIntrBitPos             
70199288  gAddrTranslateConfig                 
7019929c  gUartConfig                          
701992b0  gDebugLogZone                        
701992bc  gEdmaConfigNum                       
701992c0  gHwiConfig                           
701992c4  gIpcNotifyInterruptConfigNum_r5fss1_1
701992c8  gUartConfigNum                       
701992cc  gUartDmaChConfig                     
70199318  isMapAvailable                       
70199320  __IRQ_STACK_START                    
70199420  __FIQ_STACK_START                    
70199420  __IRQ_STACK_END                      
70199520  __FIQ_STACK_END                      
70199520  __SVC_STACK_START                    
7019a520  __ABORT_STACK_START                  
7019a520  __SVC_STACK_END                      
7019a620  __ABORT_STACK_END                    
7019a620  __UNDEFINED_STACK_START              
7019a720  __UNDEFINED_STACK_END                
70200000  gGatewaySharedMem                    
70204d30  dbg_ipc_send_count                   
70204d34  dbg_ipc_register_count               
70204d38  dbg_imu_uart_isr_count               
70204d3c  dbg_imu_rx_byte_count                
70204d40  dbg_imu_frame_count                  
70204d44  dbg_can_rx_count                     
70204d48  dbg_can_tx_count                     
70208000  gDebugShmLog                         
ffffffff  __TI_pprof_out_hndl                  
ffffffff  __TI_prof_data_size                  
ffffffff  __TI_prof_data_start                 
ffffffff  __binit__                            
ffffffff  binit                                
UNDEFED   __TI_CINIT_Base                      
UNDEFED   __TI_CINIT_Limit                     
UNDEFED   __TI_Handler_Table_Base              
UNDEFED   __TI_Handler_Table_Limit             
UNDEFED   _system_post_cinit                   

[413 symbols]
