******************************************************************************
            TI ARM Clang Linker PC v4.0.4                      
******************************************************************************
>> Linked Mon Mar 30 16:06:58 2026

OUTPUT FILE NAME:   <ccu_ti_multi_core_realtime.out>
ENTRY POINT SYMBOL: "_vectors"  address: 00000000


MEMORY CONFIGURATION

         name            origin    length      used     unused   attr    fill
----------------------  --------  ---------  --------  --------  ----  --------
  R5F_VECS              00000000   00000040  00000040  00000000  RWIX
  R5F_TCMA              00000040   00007fc0  00000000  00007fc0  RWIX
  R5F_TCMB              00080000   00008000  00000000  00008000  RWIX
  MAILBOX_HSM           44000000   000003ce  00000000  000003ce  RWIX
  MAILBOX_R5F           44000400   000003ce  00000000  000003ce  RWIX
  FLASH                 60180000   00080000  00000000  00080000  RWIX
  OCRAM                 70180000   00080000  00019ba0  00066460  RWIX
  USER_SHM_MEM          70200000   00008000  00004d40  000032c0  RWIX
  LOG_SHM_MEM           70208000   00004000  00002000  00002000  RWIX
  RTOS_NORTOS_IPC_SHM_M 72000000   00003e80  00000000  00003e80  RWIX


SEGMENT ALLOCATION MAP

run origin  load origin   length   init length attrs members
----------  ----------- ---------- ----------- ----- -------
00000000    00000000    00000040   00000040    r-x
  00000000    00000000    00000040   00000040    r-x .vectors
70180000    70180000    00010318   00010318    r-x
  70180000    70180000    0000e790   0000e790    r-x .text
  7018e790    7018e790    00001b88   00001b88    r-- .rodata
70190318    70190318    000066c0   00000000    rw-
  70190318    70190318    000026c0   00000000    rw- .bss
  701929d8    701929d8    00004000   00000000    rw- .stack
701969e0    701969e0    00001878   00001878    r-x
  701969e0    701969e0    00000e50   00000e50    r-x .text.hwi
  70197830    70197830    000004a0   000004a0    r-x .text.cache
  70197cd0    70197cd0    000003c0   000003c0    r-x .text.mpu
  70198090    70198090    000001c0   000001c0    r-x .text.boot
  70198250    70198250    00000008   00000008    r-x .text:abort
70198258    70198258    00001950   00000550    rw-
  70198258    70198258    00000550   00000550    rw- .data
  701987a8    701987a8    00000100   00000000    rw- .irqstack
  701988a8    701988a8    00000100   00000000    rw- .fiqstack
  701989a8    701989a8    00001000   00000000    rw- .svcstack
  701999a8    701999a8    00000100   00000000    rw- .abortstack
  70199aa8    70199aa8    00000100   00000000    rw- .undefinedstack


SECTION ALLOCATION MAP

 output                                  attributes/
section   page    origin      length       input sections
--------  ----  ----------  ----------   ----------------
.vectors   0    00000000    00000040     
                  00000000    00000040     nortos.am263px.r5f.ti-arm-clang.debug.lib : HwiP_armv7r_vectors_nortos_asm.obj (.vectors)

.text      0    70180000    0000e790     
                  70180000    00000a34     nortos.am263px.r5f.ti-arm-clang.debug.lib : printf.obj (.text._vsnprintf)
                  70180a34    0000000c     libclang_rt.builtins.a : aeabi_memset.S.obj (.text.__aeabi_memclr)
                  70180a40    00000678     drivers.am263px.r5f.ti-arm-clang.nortos.debug.lib : soc_rcm.obj (.text.SOC_rcmGetClkSrcAndDivReg)
                  701810b8    00000008     libsysbm.a : hostexit.c.obj (.text.HOSTexit)
                  701810c0    00000638     drivers.am263px.r5f.ti-arm-clang.nortos.debug.lib : soc_rcm.obj (.text.SOC_rcmEnablePeripheralClock)
                  701816f8    00000004     libclang_rt.builtins.a : aeabi_div0.c.obj (.text.__aeabi_ldiv0)
                  701816fc    00000004                            : aeabi_memcpy.S.obj (.text.__aeabi_memcpy)
                  70181700    000005e2     nortos.am263px.r5f.ti-arm-clang.debug.lib : printf.obj (.text._ftoa)
                  70181ce2    00000002     --HOLE-- [fill = 0]
                  70181ce4    0000000c                                               : CpuId_armv7r_asm.obj (.text)
                  70181cf0    000004b0                                               : printf.obj (.text._etoa)
                  701821a0    00000400     drivers.am263px.r5f.ti-arm-clang.nortos.debug.lib : uart_v0.obj (.text.UART_open)
                  701825a0    000003fc     yis320_protocol.o (.text.vtable_process_rx_data)
                  7018299c    00000004     libclang_rt.builtins.a : aeabi_memmove.S.obj (.text.__aeabi_memmove)
                  701829a0    000003dc     drivers.am263px.r5f.ti-arm-clang.nortos.debug.lib : ipc_notify_v1.obj (.text.IpcNotify_init)
                  70182d7c    00000004     --HOLE-- [fill = 0]
                  70182d80    00000384     imu_interface_isr.o (.text.imu_uart_isr)
                  70183104    0000000c     --HOLE-- [fill = 0]
                  70183110    00000302     drivers.am263px.r5f.ti-arm-clang.nortos.debug.lib : soc.obj (.text.SOC_virtToPhy)
                  70183412    0000000e     --HOLE-- [fill = 0]
                  70183420    000002f4     motor_mapping.o (.text.motor_mapping_init_core1)
                  70183714    0000000c     --HOLE-- [fill = 0]
                  70183720    000002a8     drivers.am263px.r5f.ti-arm-clang.nortos.debug.lib : mcan.obj (.text.MCAN_msgRAMConfig)
                  701839c8    00000008     --HOLE-- [fill = 0]
                  701839d0    0000027e                                                       : uart_dma_edma.obj (.text.UART_edmaChInit)
                  70183c4e    00000002     --HOLE-- [fill = 0]
                  70183c50    0000027c     main.o (.text.core1_init)
                  70183ecc    00000004     --HOLE-- [fill = 0]
                  70183ed0    00000266     can_interface.o (.text.init_single_mcan)
                  70184136    0000000a     --HOLE-- [fill = 0]
                  70184140    00000250     drivers.am263px.r5f.ti-arm-clang.nortos.debug.lib : edma.obj (.text.Alloc_resource)
                  70184390    00000242                                                       : uart_v0_lld.obj (.text.UART_fifoConfig)
                  701845d2    0000000e     --HOLE-- [fill = 0]
                  701845e0    0000023e     nortos.am263px.r5f.ti-arm-clang.debug.lib : printf.obj (.text._ntoa_format)
                  7018481e    00000002     --HOLE-- [fill = 0]
                  70184820    00000226     drivers.am263px.r5f.ti-arm-clang.nortos.debug.lib : uart_dma_edma.obj (.text.UART_lld_dmaDeInit)
                  70184a46    0000000a     --HOLE-- [fill = 0]
                  70184a50    00000222                                                       : ipc_notify_v1.obj (.text.IpcNotify_isr)
                  70184c72    0000000e     --HOLE-- [fill = 0]
                  70184c80    00000206     can_interface.o (.text.CAN_TransmitBatch)
                  70184e86    0000000a     --HOLE-- [fill = 0]
                  70184e90    000001d6     nortos.am263px.r5f.ti-arm-clang.debug.lib : TimerP_rti_priv.obj (.text.TimerP_setupPriv)
                  70185066    0000000a     --HOLE-- [fill = 0]
                  70185070    000001aa     drivers.am263px.r5f.ti-arm-clang.nortos.debug.lib : uart_dma_edma.obj (.text.UART_lld_dmaWrite)
                  7018521a    00000006     --HOLE-- [fill = 0]
                  70185220    000001aa     can_interface.o (.text.can_rx_isr)
                  701853ca    00000006     --HOLE-- [fill = 0]
                  701853d0    000001a8     drivers.am263px.r5f.ti-arm-clang.nortos.debug.lib : uart_v0.obj (.text.UART_close)
                  70185578    00000008     --HOLE-- [fill = 0]
                  70185580    00000198                                                       : uart_v0_lld.obj (.text.UART_lld_controllerIsr)
                  70185718    00000008     --HOLE-- [fill = 0]
                  70185720    0000018a     imu_interface_isr.o (.text.imu_uart_isr_init)
                  701858aa    00000006     --HOLE-- [fill = 0]
                  701858b0    00000186     drivers.am263px.r5f.ti-arm-clang.nortos.debug.lib : mcan.obj (.text.MCAN_readMsg)
                  70185a36    0000000a     --HOLE-- [fill = 0]
                  70185a40    00000184                                                       : mcan.obj (.text.MCAN_calcMsgRamParamsStartAddr)
                  70185bc4    0000000c     --HOLE-- [fill = 0]
                  70185bd0    00000176     main.o (.text.transmit_can_frames)
                  70185d46    0000000a     --HOLE-- [fill = 0]
                  70185d50    00000172     main.o (.text.main_loop)
                  70185ec2    0000000e     --HOLE-- [fill = 0]
                  70185ed0    00000162     drivers.am263px.r5f.ti-arm-clang.nortos.debug.lib : edma.obj (.text.EDMA_unregisterIntr)
                  70186032    0000000e     --HOLE-- [fill = 0]
                  70186040    00000158                                                       : soc.obj (.text.SOC_controlModuleUnlockMMR)
                  70186198    00000008     --HOLE-- [fill = 0]
                  701861a0    00000152                                                       : uart_v0_lld.obj (.text.UART_lld_initDma)
                  701862f2    0000000e     --HOLE-- [fill = 0]
                  70186300    00000150     nortos.am263px.r5f.ti-arm-clang.debug.lib : DebugP_shmLogWriter.obj (.text.DebugP_shmLogWriterPutChar)
                  70186450    00000150     drivers.am263px.r5f.ti-arm-clang.nortos.debug.lib : mcan.obj (.text.MCAN_writeMsg)
                  701865a0    00000150     imu_interface_isr.o (.text.parse_yis320_frame)
                  701866f0    0000014e     yis320_protocol.o (.text.parse_imu_frame)
                  7018683e    00000002     --HOLE-- [fill = 0]
                  70186840    0000014c     drivers.am263px.r5f.ti-arm-clang.nortos.debug.lib : mcan.obj (.text.MCAN_setBitTime)
                  7018698c    00000004     --HOLE-- [fill = 0]
                  70186990    00000140     can_interface.o (.text.CAN_Init)
                  70186ad0    0000013a     drivers.am263px.r5f.ti-arm-clang.nortos.debug.lib : edma.obj (.text.EDMA_isDmaChannelAllocated)
                  70186c0a    00000006     --HOLE-- [fill = 0]
                  70186c10    00000138                                                       : mcan.obj (.text.MCAN_readMsgRam)
                  70186d48    00000008     --HOLE-- [fill = 0]
                  70186d50    00000138     nortos.am263px.r5f.ti-arm-clang.debug.lib : printf.obj (.text._ntoa_long_long)
                  70186e88    00000008     --HOLE-- [fill = 0]
                  70186e90    00000136                                               : ClockP_nortos_r5.obj (.text.ClockP_init)
                  70186fc6    0000000a     --HOLE-- [fill = 0]
                  70186fd0    00000136     drivers.am263px.r5f.ti-arm-clang.nortos.debug.lib : uart_v0_lld.obj (.text.UART_procLineStatusErr)
                  70187106    0000000a     --HOLE-- [fill = 0]
                  70187110    00000134                                                       : edma.obj (.text.EDMA_registerIntr)
                  70187244    0000000c     --HOLE-- [fill = 0]
                  70187250    00000134                                                       : mcan.obj (.text.MCAN_init)
                  70187384    0000000c     --HOLE-- [fill = 0]
                  70187390    0000012c                                                       : uart_v0_lld.obj (.text.UART_lld_init)
                  701874bc    00000004     --HOLE-- [fill = 0]
                  701874c0    0000012a                                                       : mcan.obj (.text.MCAN_config)
                  701875ea    00000006     --HOLE-- [fill = 0]
                  701875f0    00000126                                                       : soc.obj (.text.SOC_controlModuleLockMMR)
                  70187716    0000000a     --HOLE-- [fill = 0]
                  70187720    00000120                                                       : soc_rcm.obj (.text.SOC_rcmGetPeripheralClockFrequency)
                  70187840    00000120     can_interface.o (.text.init_can_stb_gpios)
                  70187960    0000011c     nortos.am263px.r5f.ti-arm-clang.debug.lib : DebugP_shmLogWriter.obj (.text.DebugP_shmLogWriterPutLine)
                  70187a7c    00000004     --HOLE-- [fill = 0]
                  70187a80    0000011c     drivers.am263px.r5f.ti-arm-clang.nortos.debug.lib : uart_dma_edma.obj (.text.UART_lld_dmaRead)
                  70187b9c    00000118     libclang_rt.builtins.a : udivmoddi4.S.obj (.text)
                  70187cb4    0000000c     --HOLE-- [fill = 0]
                  70187cc0    00000116     drivers.am263px.r5f.ti-arm-clang.nortos.debug.lib : edma.obj (.text.EDMA_isTccAllocated)
                  70187dd6    0000000a     --HOLE-- [fill = 0]
                  70187de0    00000116                                                       : uart_v0_lld.obj (.text.UART_divisorLatchWrite)
                  70187ef6    0000000a     --HOLE-- [fill = 0]
                  70187f00    00000114     nortos.am263px.r5f.ti-arm-clang.debug.lib : printf.obj (.text._ntoa_long)
                  70188014    0000000c     --HOLE-- [fill = 0]
                  70188020    0000010e     drivers.am263px.r5f.ti-arm-clang.nortos.debug.lib : soc_rcm.obj (.text.SOC_rcmADPLLJGetFOut)
                  7018812e    00000002     --HOLE-- [fill = 0]
                  70188130    0000010a                                                       : ipc_notify_v1.obj (.text.IpcNotify_sendMsg)
                  7018823a    00000006     --HOLE-- [fill = 0]
                  70188240    00000104                                                       : uart_v0_lld.obj (.text.UART_configInstance)
                  70188344    0000000c     --HOLE-- [fill = 0]
                  70188350    00000102     ti_drivers_config.o (.text.GPIO_init)
                  70188452    0000000e     --HOLE-- [fill = 0]
                  70188460    00000102     nortos.am263px.r5f.ti-arm-clang.debug.lib : SemaphoreP_nortos.obj (.text.SemaphoreP_pend)
                  70188562    0000000e     --HOLE-- [fill = 0]
                  70188570    00000102     gateway_shared.o (.text.gateway_ringbuf_read)
                  70188672    0000000e     --HOLE-- [fill = 0]
                  70188680    000000f6     main.o (.text.process_can_rx)
                  70188776    0000000a     --HOLE-- [fill = 0]
                  70188780    000000f0     can_interface.o (.text.CAN_StartRxInterrupts)
                  70188870    000000ec     gateway_shared.o (.text.gateway_write_motor_config)
                  7018895c    00000004     --HOLE-- [fill = 0]
                  70188960    000000e6     drivers.am263px.r5f.ti-arm-clang.nortos.debug.lib : soc_rcm.obj (.text.SOC_rcmGetCoreFout)
                  70188a46    0000000a     --HOLE-- [fill = 0]
                  70188a50    000000e6                                                       : soc_rcm.obj (.text.SOC_rcmGetPerFout)
                  70188b36    0000000a     --HOLE-- [fill = 0]
                  70188b40    000000e4                                                       : edma.obj (.text.EDMA_freeChannelRegion)
                  70188c24    0000000c     --HOLE-- [fill = 0]
                  70188c30    000000e2                                                       : edma.obj (.text.EDMA_freeParam)
                  70188d12    0000000e     --HOLE-- [fill = 0]
                  70188d20    000000e0                                                       : edma.obj (.text.EDMA_freeDmaChannel)
                  70188e00    000000e0                                                       : edma.obj (.text.EDMA_freeTcc)
                  70188ee0    000000de                                                       : uart_v0_lld.obj (.text.UART_intrEnable)
                  70188fbe    00000002     --HOLE-- [fill = 0]
                  70188fc0    000000de     imu_interface_isr.o (.text.update_imu_state_atomic)
                  7018909e    00000002     --HOLE-- [fill = 0]
                  701890a0    000000da     drivers.am263px.r5f.ti-arm-clang.nortos.debug.lib : uart_v0_lld.obj (.text.UART_intrDisable)
                  7018917a    00000006     --HOLE-- [fill = 0]
                  70189180    000000d0     nortos.am263px.r5f.ti-arm-clang.debug.lib : AddrTranslateP_32bit.obj (.text.AddrTranslateP_getLocalAddr)
                  70189250    000000ce     drivers.am263px.r5f.ti-arm-clang.nortos.debug.lib : edma.obj (.text.EDMA_disableChInShadowRegRegion)
                  7018931e    00000002     --HOLE-- [fill = 0]
                  70189320    000000cc                                                       : edma.obj (.text.EDMA_enableChInShadowRegRegion)
                  701893ec    00000004     --HOLE-- [fill = 0]
                  701893f0    000000c4                                                       : edma.obj (.text.EDMA_mapChToEvtQ)
                  701894b4    0000000c     --HOLE-- [fill = 0]
                  701894c0    000000c0                                                       : edma.obj (.text.EDMA_configureChannelRegion)
                  70189580    000000c0                                                       : soc_rcm.obj (.text.SOC_rcmGetPerHSDivOut)
                  70189640    000000c0                                                       : uart_v0.obj (.text.UART_flushTxFifo)
                  70189700    000000c0     nortos.am263px.r5f.ti-arm-clang.debug.lib : printf.obj (.text._out_rev)
                  701897c0    000000be                                               : ClockP_nortos.obj (.text.ClockP_timerTickIsr)
                  7018987e    00000002     --HOLE-- [fill = 0]
                  70189880    000000be     ti_dpl_config.o (.text.TimerP_init)
                  7018993e    00000002     --HOLE-- [fill = 0]
                  70189940    000000ba     nortos.am263px.r5f.ti-arm-clang.debug.lib : ClockP_nortos.obj (.text.ClockP_stop)
                  701899fa    00000006     --HOLE-- [fill = 0]
                  70189a00    000000ba     drivers.am263px.r5f.ti-arm-clang.nortos.debug.lib : ipc_notify_v1.obj (.text.IpcNotify_waitSync)
                  70189aba    00000006     --HOLE-- [fill = 0]
                  70189ac0    000000ba     gateway_shared.o (.text.gateway_write_motor_states)
                  70189b7a    00000006     --HOLE-- [fill = 0]
                  70189b80    000000ba     nortos.am263px.r5f.ti-arm-clang.debug.lib : PmuP_armv7r.obj (.text.pmu)
                  70189c3a    00000006     --HOLE-- [fill = 0]
                  70189c40    000000b0     drivers.am263px.r5f.ti-arm-clang.nortos.debug.lib : mcan.obj (.text.MCAN_writeMsgRam)
                  70189cf0    000000b0                                                       : soc_rcm.obj (.text.SOC_rcmSetPeripheralClock)
                  70189da0    000000b0                                                       : uart_v0.obj (.text.UART_init)
                  70189e50    000000ae                                                       : mcan.obj (.text.MCAN_getOffsetAddr)
                  70189efe    00000002     --HOLE-- [fill = 0]
                  70189f00    000000ac     gateway_shared.o (.text.gateway_core1_wait_for_ready)
                  70189fac    00000004     --HOLE-- [fill = 0]
                  70189fb0    000000a8     nortos.am263px.r5f.ti-arm-clang.debug.lib : ClockP_nortos.obj (.text.ClockP_addToList)
                  7018a058    00000008     --HOLE-- [fill = 0]
                  7018a060    000000a8                                               : ClockP_nortos.obj (.text.ClockP_destruct)
                  7018a108    00000008     --HOLE-- [fill = 0]
                  7018a110    000000a8     ti_drivers_open_close.o (.text.Drivers_uartOpen)
                  7018a1b8    00000008     --HOLE-- [fill = 0]
                  7018a1c0    000000a6     imu_interface_isr.o (.text.validate_yis320_checksum)
                  7018a266    0000000a     --HOLE-- [fill = 0]
                  7018a270    000000a0     drivers.am263px.r5f.ti-arm-clang.nortos.debug.lib : soc_rcm.obj (.text.SOC_rcmGetCoreHSDivOut)
                  7018a310    0000009e     gateway_shared.o (.text.gateway_core1_ipc_callback)
                  7018a3ae    00000002     --HOLE-- [fill = 0]
                  7018a3b0    0000009e     yis320_protocol.o (.text.validate_checksum)
                  7018a44e    00000002     --HOLE-- [fill = 0]
                  7018a450    00000098     drivers.am263px.r5f.ti-arm-clang.nortos.debug.lib : ipc_notify_v1.obj (.text.IpcNotify_registerClient)
                  7018a4e8    00000008     --HOLE-- [fill = 0]
                  7018a4f0    00000096                                                       : uart_v0_lld.obj (.text.UART_subConfigTCRTLRModeEn)
                  7018a586    0000000a     --HOLE-- [fill = 0]
                  7018a590    00000092     nortos.am263px.r5f.ti-arm-clang.debug.lib : ClockP_nortos.obj (.text.ClockP_getTimeUsec)
                  7018a622    0000000e     --HOLE-- [fill = 0]
                  7018a630    00000092     drivers.am263px.r5f.ti-arm-clang.nortos.debug.lib : edma.obj (.text.EDMA_unmapChToEvtQ)
                  7018a6c2    0000000e     --HOLE-- [fill = 0]
                  7018a6d0    00000092     yis320_protocol.o (.text.yis320_convert_to_ipc)
                  7018a762    0000000e     --HOLE-- [fill = 0]
                  7018a770    0000008c     drivers.am263px.r5f.ti-arm-clang.nortos.debug.lib : edma.obj (.text.EDMA_disableTransferRegion)
                  7018a7fc    00000004     --HOLE-- [fill = 0]
                  7018a800    0000008c                                                       : edma.obj (.text.EDMA_enableTransferRegion)
                  7018a88c    00000004     --HOLE-- [fill = 0]
                  7018a890    00000088                                                       : uart_dma_edma.obj (.text.UART_edmaIsrRx)
                  7018a918    00000008     --HOLE-- [fill = 0]
                  7018a920    00000088                                                       : uart_dma_edma.obj (.text.UART_edmaIsrTx)
                  7018a9a8    00000008     --HOLE-- [fill = 0]
                  7018a9b0    00000086                                                       : uart_v0_lld.obj (.text.UART_lld_flushTxFifo)
                  7018aa36    0000000a     --HOLE-- [fill = 0]
                  7018aa40    00000086                                                       : uart_v0_lld.obj (.text.UART_tcrTlrBitValRestore)
                  7018aac6    0000000a     --HOLE-- [fill = 0]
                  7018aad0    00000082                                                       : edma.obj (.text.EDMA_allocDmaChannel)
                  7018ab52    0000000e     --HOLE-- [fill = 0]
                  7018ab60    00000082                                                       : edma.obj (.text.EDMA_allocParam)
                  7018abe2    0000000e     --HOLE-- [fill = 0]
                  7018abf0    00000082                                                       : edma.obj (.text.EDMA_allocTcc)
                  7018ac72    0000000e     --HOLE-- [fill = 0]
                  7018ac80    00000082                                                       : edma.obj (.text.EDMA_disableTccInShadowRegRegion)
                  7018ad02    0000000e     --HOLE-- [fill = 0]
                  7018ad10    00000082                                                       : edma.obj (.text.EDMA_enableTccInShadowRegRegion)
                  7018ad92    0000000e     --HOLE-- [fill = 0]
                  7018ada0    00000082                                                       : ipc_notify_v1.obj (.text.IpcNotify_syncAll)
                  7018ae22    0000000e     --HOLE-- [fill = 0]
                  7018ae30    00000082     imu_protocol_handler.o (.text.imu_protocol_manager_init)
                  7018aeb2    0000000e     --HOLE-- [fill = 0]
                  7018aec0    00000080     drivers.am263px.r5f.ti-arm-clang.nortos.debug.lib : mcan.obj (.text.MCAN_addStdMsgIDFilter)
                  7018af40    00000080                                                       : uart_v0_lld.obj (.text.UART_moduleReset)
                  7018afc0    0000007e     ti_drivers_config.o (.text.System_init)
                  7018b03e    00000002     --HOLE-- [fill = 0]
                  7018b040    0000007e     drivers.am263px.r5f.ti-arm-clang.nortos.debug.lib : uart_v0_lld.obj (.text.UART_readData)
                  7018b0be    00000002     --HOLE-- [fill = 0]
                  7018b0c0    0000007c     nortos.am263px.r5f.ti-arm-clang.debug.lib : DebugP_log.obj (.text._DebugP_assert)
                  7018b13c    00000004     --HOLE-- [fill = 0]
                  7018b140    0000007c     gateway_shared.o (.text.gateway_ringbuf_core1_init)
                  7018b1bc    00000004     --HOLE-- [fill = 0]
                  7018b1c0    0000007a     drivers.am263px.r5f.ti-arm-clang.nortos.debug.lib : ipc_notify_v1.obj (.text.IpcNotify_mailboxWrite)
                  7018b23a    00000006     --HOLE-- [fill = 0]
                  7018b240    0000007a                                                       : uart_v0.obj (.text.UART_Params_init)
                  7018b2ba    00000006     --HOLE-- [fill = 0]
                  7018b2c0    00000078                                                       : edma.obj (.text.EDMA_linkChannel)
                  7018b338    00000008     --HOLE-- [fill = 0]
                  7018b340    00000074                                                       : uart_v0_lld.obj (.text.UART_IsBaseAddrValid)
                  7018b3b4    0000000c     --HOLE-- [fill = 0]
                  7018b3c0    00000074     main.o (.text.ipc_notify_callback_fxn)
                  7018b434    0000000c     --HOLE-- [fill = 0]
                  7018b440    00000074     imu_interface_isr.o (.text.parse_euler_angles)
                  7018b4b4    0000000c     --HOLE-- [fill = 0]
                  7018b4c0    00000074     imu_interface_isr.o (.text.parse_gyroscope)
                  7018b534    0000000c     --HOLE-- [fill = 0]
                  7018b540    00000072     nortos.am263px.r5f.ti-arm-clang.debug.lib : ClockP_nortos.obj (.text.ClockP_usleep)
                  7018b5b2    0000000e     --HOLE-- [fill = 0]
                  7018b5c0    00000072     drivers.am263px.r5f.ti-arm-clang.nortos.debug.lib : edma.obj (.text.EDMA_clrMissEvtRegion)
                  7018b632    0000000e     --HOLE-- [fill = 0]
                  7018b640    00000072                                                       : ipc_notify_v1.obj (.text.IpcNotify_makeMsg)
                  7018b6b2    0000000e     --HOLE-- [fill = 0]
                  7018b6c0    0000006e     yis320_protocol.o (.text.find_frame_header_limited)
                  7018b72e    00000002     --HOLE-- [fill = 0]
                  7018b730    0000006a     drivers.am263px.r5f.ti-arm-clang.nortos.debug.lib : ipc_notify_v1.obj (.text.IpcNotify_mailboxReadSwQ)
                  7018b79a    00000006     --HOLE-- [fill = 0]
                  7018b7a0    00000068                                                       : edma.obj (.text.EDMA_getBaseAddr)
                  7018b808    00000008     --HOLE-- [fill = 0]
                  7018b810    00000068                                                       : uart_v0_lld.obj (.text.UART_divisorValCompute)
                  7018b878    00000008     --HOLE-- [fill = 0]
                  7018b880    00000064                                                       : soc_rcm.obj (.text.SOC_rcmGetR5Clock)
                  7018b8e4    0000000c     --HOLE-- [fill = 0]
                  7018b8f0    00000064                                                       : soc_rcm.obj (.text.SOC_rcmIsR5FInLockStepMode)
                  7018b954    0000000c     --HOLE-- [fill = 0]
                  7018b960    00000064                                                       : uart_v0_lld.obj (.text.UART_fifoRegisterWrite)
                  7018b9c4    0000000c     --HOLE-- [fill = 0]
                  7018b9d0    00000064                                                       : uart_v0_lld.obj (.text.UART_lld_deInitDma)
                  7018ba34    0000000c     --HOLE-- [fill = 0]
                  7018ba40    00000062                                                       : mcan.obj (.text.MCAN_enableIntr)
                  7018baa2    0000000e     --HOLE-- [fill = 0]
                  7018bab0    00000062                                                       : mcan.obj (.text.MCAN_initTxBufElement)
                  7018bb12    0000000e     --HOLE-- [fill = 0]
                  7018bb20    00000062                                                       : soc_rcm.obj (.text.SOC_rcmInsert16)
                  7018bb82    0000000e     --HOLE-- [fill = 0]
                  7018bb90    00000062     nortos.am263px.r5f.ti-arm-clang.debug.lib : SemaphoreP_nortos.obj (.text.SemaphoreP_post)
                  7018bbf2    0000000e     --HOLE-- [fill = 0]
                  7018bc00    00000062     main.o (.text.process_motor_commands)
                  7018bc62    0000000e     --HOLE-- [fill = 0]
                  7018bc70    00000060     drivers.am263px.r5f.ti-arm-clang.nortos.debug.lib : mcan.obj (.text.MCAN_selectIntrLine)
                  7018bcd0    00000060                                                       : uart_v0_lld.obj (.text.UART_getChar)
                  7018bd30    00000060                                                       : uart_v0_lld.obj (.text.UART_writeData)
                  7018bd90    0000005e     yis320_protocol.o (.text.yis320_protocol_handler_init)
                  7018bdee    00000002     --HOLE-- [fill = 0]
                  7018bdf0    0000005c     ti_power_clock_config.o (.text.Module_clockSetFrequency)
                  7018be4c    00000004     --HOLE-- [fill = 0]
                  7018be50    0000005c     drivers.am263px.r5f.ti-arm-clang.nortos.debug.lib : uart_v0_lld.obj (.text.UART_lld_deInit)
                  7018beac    00000004     --HOLE-- [fill = 0]
                  7018beb0    0000005c     imu_interface_isr.o (.text.parse_quaternion)
                  7018bf0c    00000004     --HOLE-- [fill = 0]
                  7018bf10    0000005a     drivers.am263px.r5f.ti-arm-clang.nortos.debug.lib : uart_v0_lld.obj (.text.UART_regConfigModeEnable)
                  7018bf6a    00000006     --HOLE-- [fill = 0]
                  7018bf70    00000058                                                       : soc_rcm.obj (.text.SOC_rcmGetModuleClkDivVal)
                  7018bfc8    00000008     --HOLE-- [fill = 0]
                  7018bfd0    00000058     yis320_protocol.o (.text.parse_angular_velocity)
                  7018c028    00000008     --HOLE-- [fill = 0]
                  7018c030    00000058     yis320_protocol.o (.text.parse_euler_angles)
                  7018c088    00000008     --HOLE-- [fill = 0]
                  7018c090    00000056     drivers.am263px.r5f.ti-arm-clang.nortos.debug.lib : uart_v0.obj (.text.UART_lld_readCompleteCallback)
                  7018c0e6    0000000a     --HOLE-- [fill = 0]
                  7018c0f0    00000056                                                       : uart_v0.obj (.text.UART_lld_writeCompleteCallback)
                  7018c146    0000000a     --HOLE-- [fill = 0]
                  7018c150    00000056     gateway_shared.o (.text.gateway_write_imu_state)
                  7018c1a6    0000000a     --HOLE-- [fill = 0]
                  7018c1b0    00000056     yis320_protocol.o (.text.vtable_initialize)
                  7018c206    0000000a     --HOLE-- [fill = 0]
                  7018c210    00000054     ti_dpl_config.o (.text.Dpl_init)
                  7018c264    0000000c     --HOLE-- [fill = 0]
                  7018c270    00000054     drivers.am263px.r5f.ti-arm-clang.nortos.debug.lib : edma.obj (.text.EDMA_setPaRAM)
                  7018c2c4    0000000c     --HOLE-- [fill = 0]
                  7018c2d0    00000054                                                       : uart_v0_lld.obj (.text.UART_OperModeValid)
                  7018c324    0000000c     --HOLE-- [fill = 0]
                  7018c330    00000054     main.o (.text.main)
                  7018c384    00000054     libc.a : autoinit.c.obj (.text:__TI_auto_init_nobinit_nopinit)
                  7018c3d8    00000008     --HOLE-- [fill = 0]
                  7018c3e0    00000050     ti_drivers_open_close.o (.text.Drivers_uartClose)
                  7018c430    00000050     drivers.am263px.r5f.ti-arm-clang.nortos.debug.lib : pinmux.obj (.text.Pinmux_config)
                  7018c480    00000050                                                       : uart_v0_lld.obj (.text.UART_checkCharsAvailInFifo)
                  7018c4d0    0000004e     nortos.am263px.r5f.ti-arm-clang.debug.lib : DebugP_shmLogWriter.obj (.text.DebugP_shmLogWriterInit)
                  7018c51e    00000002     --HOLE-- [fill = 0]
                  7018c520    0000004e     drivers.am263px.r5f.ti-arm-clang.nortos.debug.lib : edma.obj (.text.EDMA_clrEvtRegion)
                  7018c56e    00000002     --HOLE-- [fill = 0]
                  7018c570    0000004e                                                       : edma.obj (.text.EDMA_disableDmaEvtRegion)
                  7018c5be    00000002     --HOLE-- [fill = 0]
                  7018c5c0    0000004e                                                       : edma.obj (.text.EDMA_disableEvtIntrRegion)
                  7018c60e    00000002     --HOLE-- [fill = 0]
                  7018c610    0000004e                                                       : edma.obj (.text.EDMA_enableDmaEvtRegion)
                  7018c65e    00000002     --HOLE-- [fill = 0]
                  7018c660    0000004e                                                       : edma.obj (.text.EDMA_enableEvtIntrRegion)
                  7018c6ae    00000002     --HOLE-- [fill = 0]
                  7018c6b0    0000004e                                                       : edma.obj (.text.EDMA_setEvtRegion)
                  7018c6fe    00000002     --HOLE-- [fill = 0]
                  7018c700    0000004e                                                       : gpio.obj (.text.GPIO_setDirMode)
                  7018c74e    00000002     --HOLE-- [fill = 0]
                  7018c750    0000004e                                                       : mcan.obj (.text.MCAN_enableIntrLine)
                  7018c79e    00000002     --HOLE-- [fill = 0]
                  7018c7a0    0000004c     nortos.am263px.r5f.ti-arm-clang.debug.lib : ClockP_nortos.obj (.text.ClockP_construct)
                  7018c7ec    00000004     --HOLE-- [fill = 0]
                  7018c7f0    0000004c     drivers.am263px.r5f.ti-arm-clang.nortos.debug.lib : edma.obj (.text.EDMA_ccPaRAMEntry_init)
                  7018c83c    00000004     --HOLE-- [fill = 0]
                  7018c840    0000004c                                                       : edma.obj (.text.EDMA_mapQdmaChToPaRAM)
                  7018c88c    00000004     --HOLE-- [fill = 0]
                  7018c890    0000004c                                                       : edma.obj (.text.EDMA_readEventStatusRegion)
                  7018c8dc    00000004     --HOLE-- [fill = 0]
                  7018c8e0    0000004c                                                       : ipc_notify_v1.obj (.text.IpcNotify_unregisterClient)
                  7018c92c    00000004     --HOLE-- [fill = 0]
                  7018c930    0000004c     ti_power_clock_config.o (.text.Module_clockEnable)
                  7018c97c    00000004     --HOLE-- [fill = 0]
                  7018c980    0000004c     gateway_shared.o (.text.gateway_update_stat)
                  7018c9cc    0000004c     libc.a : memmov.c.obj (.text.memmove)
                  7018ca18    00000008     --HOLE-- [fill = 0]
                  7018ca20    0000004c     yis320_protocol.o (.text.parse_quaternion)
                  7018ca6c    00000004     --HOLE-- [fill = 0]
                  7018ca70    0000004a     drivers.am263px.r5f.ti-arm-clang.nortos.debug.lib : ipc_notify_v1.obj (.text.IpcNotify_Params_init)
                  7018caba    00000006     --HOLE-- [fill = 0]
                  7018cac0    0000004a                                                       : soc_rcm.obj (.text.SOC_rcmGetCR5SysclkInFrequency)
                  7018cb0a    00000006     --HOLE-- [fill = 0]
                  7018cb10    0000004a                                                       : uart_v0_lld.obj (.text.UART_getIntrIdentityStatus)
                  7018cb5a    00000006     --HOLE-- [fill = 0]
                  7018cb60    0000004a                                                       : uart_v0_lld.obj (.text.UART_lineCharConfig)
                  7018cbaa    00000006     --HOLE-- [fill = 0]
                  7018cbb0    0000004a     main.o (.text.motor_get_index)
                  7018cbfa    00000006     --HOLE-- [fill = 0]
                  7018cc00    00000048     can_interface.o (.text.CAN_RegisterRxCallback)
                  7018cc48    00000008     --HOLE-- [fill = 0]
                  7018cc50    00000048     drivers.am263px.r5f.ti-arm-clang.nortos.debug.lib : uart_v0_lld.obj (.text.UART_resetModule)
                  7018cc98    00000008     --HOLE-- [fill = 0]
                  7018cca0    00000046                                                       : uart_v0_lld.obj (.text.UART_i2310WA)
                  7018cce6    0000000a     --HOLE-- [fill = 0]
                  7018ccf0    00000046                                                       : uart_v0_lld.obj (.text.UART_readLineStatus)
                  7018cd36    0000000a     --HOLE-- [fill = 0]
                  7018cd40    00000046     imu_protocol_handler.o (.text.imu_protocol_handler_init)
                  7018cd86    0000000a     --HOLE-- [fill = 0]
                  7018cd90    00000044     drivers.am263px.r5f.ti-arm-clang.nortos.debug.lib : ipc_notify_v1.obj (.text.IpcNotify_getWriteMailbox)
                  7018cdd4    0000000c     --HOLE-- [fill = 0]
                  7018cde0    00000044                                                       : soc_rcm.obj (.text.SOC_rcmExtract8)
                  7018ce24    0000000c     --HOLE-- [fill = 0]
                  7018ce30    00000044                                                       : soc_rcm.obj (.text.SOC_rcmMake16)
                  7018ce74    0000000c     --HOLE-- [fill = 0]
                  7018ce80    00000044     nortos.am263px.r5f.ti-arm-clang.debug.lib : SemaphoreP_nortos.obj (.text.SemaphoreP_construct)
                  7018cec4    0000000c     --HOLE-- [fill = 0]
                  7018ced0    00000044                                               : DebugP_nortos.obj (.text._DebugP_logZone)
                  7018cf14    0000000c     --HOLE-- [fill = 0]
                  7018cf20    00000044                                               : printf.obj (.text._strnlen_s)
                  7018cf64    0000000c     --HOLE-- [fill = 0]
                  7018cf70    00000042                                               : ClockP_nortos.obj (.text.ClockP_start)
                  7018cfb2    0000000e     --HOLE-- [fill = 0]
                  7018cfc0    00000042     drivers.am263px.r5f.ti-arm-clang.nortos.debug.lib : uart_v0.obj (.text.UART_checkOpenParams)
                  7018d002    0000000e     --HOLE-- [fill = 0]
                  7018d010    00000040     imu_interface_isr.o (.text.imu_uart_process_ipc_notification)
                  7018d050    0000003e     drivers.am263px.r5f.ti-arm-clang.nortos.debug.lib : pinmux.obj (.text.Pinmux_unlockMMR)
                  7018d08e    00000002     --HOLE-- [fill = 0]
                  7018d090    0000003e                                                       : uart_v0_lld.obj (.text.UART_IsHWFlowCtrlValid)
                  7018d0ce    00000002     --HOLE-- [fill = 0]
                  7018d0d0    0000003e                                                       : uart_v0_lld.obj (.text.UART_spaceAvail)
                  7018d10e    00000002     --HOLE-- [fill = 0]
                  7018d110    0000003e     gateway_shared.o (.text.gateway_core1_init)
                  7018d14e    00000002     --HOLE-- [fill = 0]
                  7018d150    0000003e     gateway_shared.o (.text.gateway_update_heartbeat)
                  7018d18e    00000002     --HOLE-- [fill = 0]
                  7018d190    0000003e     main.o (.text.timerISR)
                  7018d1ce    00000002     --HOLE-- [fill = 0]
                  7018d1d0    0000003c     drivers.am263px.r5f.ti-arm-clang.nortos.debug.lib : uart_v0_lld.obj (.text.UART_IsParityTypeValid)
                  7018d20c    00000004     --HOLE-- [fill = 0]
                  7018d210    0000003c                                                       : uart_v0_lld.obj (.text.UART_IsTxRxFifoEmpty)
                  7018d24c    00000004     --HOLE-- [fill = 0]
                  7018d250    0000003c                                                       : uart_v0_lld.obj (.text.UART_enhanFuncEnable)
                  7018d28c    00000004     --HOLE-- [fill = 0]
                  7018d290    0000003a                                                       : mcan.obj (.text.MCAN_txBufAddReq)
                  7018d2ca    00000006     --HOLE-- [fill = 0]
                  7018d2d0    0000003a                                                       : soc.obj (.text.SOC_moduleSetClockFrequency)
                  7018d30a    00000006     --HOLE-- [fill = 0]
                  7018d310    0000003a     nortos.am263px.r5f.ti-arm-clang.debug.lib : printf.obj (.text._atoi)
                  7018d34a    00000006     --HOLE-- [fill = 0]
                  7018d350    0000003a     main.o (.text.init_1000hz_timer)
                  7018d38a    00000006     --HOLE-- [fill = 0]
                  7018d390    0000003a     nortos.am263px.r5f.ti-arm-clang.debug.lib : printf.obj (.text.snprintf_)
                  7018d3ca    00000006     --HOLE-- [fill = 0]
                  7018d3d0    00000038     drivers.am263px.r5f.ti-arm-clang.nortos.debug.lib : soc.obj (.text.SOC_getCoreName)
                  7018d408    00000038     nortos.am263px.r5f.ti-arm-clang.debug.lib : PmuP_armv7r_asm.obj (.text.pmu)
                  7018d440    00000038     yis320_protocol.o (.text.vtable_is_connected)
                  7018d478    00000008     --HOLE-- [fill = 0]
                  7018d480    00000036     drivers.am263px.r5f.ti-arm-clang.nortos.debug.lib : edma.obj (.text.EDMA_getRegionId)
                  7018d4b6    0000000a     --HOLE-- [fill = 0]
                  7018d4c0    00000036                                                       : gpio.obj (.text.GPIO_pinRead)
                  7018d4f6    0000000a     --HOLE-- [fill = 0]
                  7018d500    00000036     imu_interface_isr.o (.text.GPIO_pinWriteHigh)
                  7018d536    0000000a     --HOLE-- [fill = 0]
                  7018d540    00000036     can_interface.o (.text.GPIO_pinWriteLow)
                  7018d576    0000000a     --HOLE-- [fill = 0]
                  7018d580    00000036     imu_interface_isr.o (.text.GPIO_pinWriteLow)
                  7018d5b6    0000000a     --HOLE-- [fill = 0]
                  7018d5c0    00000036     ti_drivers_config.o (.text.GPIO_pinWriteLow)
                  7018d5f6    0000000a     --HOLE-- [fill = 0]
                  7018d600    00000036     drivers.am263px.r5f.ti-arm-clang.nortos.debug.lib : ipc_notify_v1.obj (.text.IpcNotify_syncCallback)
                  7018d636    0000000a     --HOLE-- [fill = 0]
                  7018d640    00000034                                                       : mcan.obj (.text.MCAN_SsAddr)
                  7018d674    0000000c     --HOLE-- [fill = 0]
                  7018d680    00000034                                                       : mcan.obj (.text.MCAN_calcCfgAddr)
                  7018d6b4    0000000c     --HOLE-- [fill = 0]
                  7018d6c0    00000034                                                       : pinmux.obj (.text.Pinmux_lockMMR)
                  7018d6f4    0000000c     --HOLE-- [fill = 0]
                  7018d700    00000034     nortos.am263px.r5f.ti-arm-clang.debug.lib : TimerP_rti_priv.obj (.text.TimerP_Params_initPriv)
                  7018d734    0000000c     --HOLE-- [fill = 0]
                  7018d740    00000034     drivers.am263px.r5f.ti-arm-clang.nortos.debug.lib : uart_v0_lld.obj (.text.UART_IsDataLengthValid)
                  7018d774    0000000c     --HOLE-- [fill = 0]
                  7018d780    00000034     motor_mapping.o (.text.motor_get_config)
                  7018d7b4    0000000c     --HOLE-- [fill = 0]
                  7018d7c0    00000032     drivers.am263px.r5f.ti-arm-clang.nortos.debug.lib : mcan.obj (.text.HW_WR_FIELD32_RAW)
                  7018d7f2    0000000e     --HOLE-- [fill = 0]
                  7018d800    00000032                                                       : uart_v0_lld.obj (.text.HW_WR_FIELD32_RAW)
                  7018d832    0000000e     --HOLE-- [fill = 0]
                  7018d840    00000032                                                       : ipc_notify_v1.obj (.text.IpcNotify_mailboxIsPendingIntr)
                  7018d872    0000000e     --HOLE-- [fill = 0]
                  7018d880    00000032     nortos.am263px.r5f.ti-arm-clang.debug.lib : TimerP_rti_priv.obj (.text.TimerP_getCountPriv)
                  7018d8b2    0000000e     --HOLE-- [fill = 0]
                  7018d8c0    00000032     drivers.am263px.r5f.ti-arm-clang.nortos.debug.lib : uart_v0_lld.obj (.text.UART_enhanFuncBitValRestore)
                  7018d8f2    0000000e     --HOLE-- [fill = 0]
                  7018d900    00000032                                                       : uart_v0_lld.obj (.text.UART_hardwareFlowCtrlOptSet)
                  7018d932    0000000e     --HOLE-- [fill = 0]
                  7018d940    00000030                                                       : ipc_notify_v1.obj (.text.IpcNotify_getReadSwQ)
                  7018d970    00000030                                                       : uart_v0_lld.obj (.text.UART_flowCtrlTrigLvlConfig)
                  7018d9a0    00000030     gateway_shared.o (.text.gateway_signal_motor_config_ready)
                  7018d9d0    0000002e     drivers.am263px.r5f.ti-arm-clang.nortos.debug.lib : uart_dma_edma.obj (.text.UART_lld_dmaInit)
                  7018d9fe    00000002     --HOLE-- [fill = 0]
                  7018da00    0000002e     nortos.am263px.r5f.ti-arm-clang.debug.lib : printf.obj (.text._is_digit)
                  7018da2e    00000002     --HOLE-- [fill = 0]
                  7018da30    0000002c                                               : DebugP_log.obj (.text.DebugP_logZoneEnable)
                  7018da5c    00000004     --HOLE-- [fill = 0]
                  7018da60    0000002c     drivers.am263px.r5f.ti-arm-clang.nortos.debug.lib : ipc_notify_v1.obj (.text.IpcNotify_getReadMailbox)
                  7018da8c    00000004     --HOLE-- [fill = 0]
                  7018da90    0000002c                                                       : mcan.obj (.text.MCAN_clearNewDataStatus)
                  7018dabc    00000004     --HOLE-- [fill = 0]
                  7018dac0    0000002c                                                       : mcan.obj (.text.MCAN_getNewDataStatus)
                  7018daec    00000004     --HOLE-- [fill = 0]
                  7018daf0    0000002c     nortos.am263px.r5f.ti-arm-clang.debug.lib : SemaphoreP_nortos.obj (.text.SemaphoreP_constructBinary)
                  7018db1c    00000004     --HOLE-- [fill = 0]
                  7018db20    0000002c     yis320_protocol.o (.text.vtable_deinit)
                  7018db4c    00000004     --HOLE-- [fill = 0]
                  7018db50    0000002a     nortos.am263px.r5f.ti-arm-clang.debug.lib : ClockP_nortos.obj (.text.ClockP_sleepTicks)
                  7018db7a    00000006     --HOLE-- [fill = 0]
                  7018db80    0000002a     drivers.am263px.r5f.ti-arm-clang.nortos.debug.lib : uart_v0_lld.obj (.text.UART_intr2Disable)
                  7018dbaa    00000006     --HOLE-- [fill = 0]
                  7018dbb0    0000002a                                                       : uart_v0_lld.obj (.text.UART_operatingModeSelect)
                  7018dbda    00000006     --HOLE-- [fill = 0]
                  7018dbe0    00000028     nortos.am263px.r5f.ti-arm-clang.debug.lib : CpuId_armv7r.obj (.text.CSL_armR5GetCpuID)
                  7018dc08    00000008     --HOLE-- [fill = 0]
                  7018dc10    00000028                                               : printf.obj (.text.vprintf_)
                  7018dc38    00000008     --HOLE-- [fill = 0]
                  7018dc40    00000026     drivers.am263px.r5f.ti-arm-clang.nortos.debug.lib : edma.obj (.text.EDMA_disableQdmaEvtRegion)
                  7018dc66    0000000a     --HOLE-- [fill = 0]
                  7018dc70    00000026                                                       : edma.obj (.text.EDMA_enableQdmaEvtRegion)
                  7018dc96    0000000a     --HOLE-- [fill = 0]
                  7018dca0    00000026                                                       : edma.obj (.text.EDMA_validateIntrObject)
                  7018dcc6    0000000a     --HOLE-- [fill = 0]
                  7018dcd0    00000026     ti_drivers_config.o (.text.IpcNotify_allocSwQueue)
                  7018dcf6    0000000a     --HOLE-- [fill = 0]
                  7018dd00    00000026     nortos.am263px.r5f.ti-arm-clang.debug.lib : printf.obj (.text._out_buffer)
                  7018dd26    0000000a     --HOLE-- [fill = 0]
                  7018dd30    00000024     ti_drivers_config.o (.text.IpcNotify_getConfig)
                  7018dd54    0000000c     --HOLE-- [fill = 0]
                  7018dd60    00000024     nortos.am263px.r5f.ti-arm-clang.debug.lib : SemaphoreP_nortos.obj (.text.SemaphoreP_constructMutex)
                  7018dd84    0000000c     --HOLE-- [fill = 0]
                  7018dd90    00000024     drivers.am263px.r5f.ti-arm-clang.nortos.debug.lib : uart_v0_lld.obj (.text.UART_IsRxTrigLvlValid)
                  7018ddb4    0000000c     --HOLE-- [fill = 0]
                  7018ddc0    00000024                                                       : uart_v0_lld.obj (.text.UART_IsStopBitsValid)
                  7018dde4    0000000c     --HOLE-- [fill = 0]
                  7018ddf0    00000024                                                       : uart_v0_lld.obj (.text.UART_IsTxTrigLvlValid)
                  7018de14    0000000c     --HOLE-- [fill = 0]
                  7018de20    00000024                                                       : uart_v0.obj (.text.UART_getBaseAddr)
                  7018de44    00000024     libclang_rt.builtins.a : aeabi_uldivmod.S.obj (.text.__aeabi_uldivmod)
                  7018de68    00000008     --HOLE-- [fill = 0]
                  7018de70    00000024     nortos.am263px.r5f.ti-arm-clang.debug.lib : printf.obj (.text._out_char)
                  7018de94    0000000c     --HOLE-- [fill = 0]
                  7018dea0    00000022     drivers.am263px.r5f.ti-arm-clang.nortos.debug.lib : edma.obj (.text.EDMA_channelToParamMap)
                  7018dec2    0000000e     --HOLE-- [fill = 0]
                  7018ded0    00000022     gateway_shared.o (.text.gateway_ringbuf_core1_receive)
                  7018def2    0000000e     --HOLE-- [fill = 0]
                  7018df00    00000020     nortos.am263px.r5f.ti-arm-clang.debug.lib : ClockP_nortos.obj (.text.ClockP_isActive)
                  7018df20    00000020                                               : ClockP_nortos.obj (.text.ClockP_usecToTicks)
                  7018df40    00000020     drivers.am263px.r5f.ti-arm-clang.nortos.debug.lib : mcan.obj (.text.HW_RD_FIELD32_RAW)
                  7018df60    00000020                                                       : uart_v0_lld.obj (.text.HW_RD_FIELD32_RAW)
                  7018df80    00000020     imu_interface_isr.o (.text.reset_parser)
                  7018dfa0    0000001e     nortos.am263px.r5f.ti-arm-clang.debug.lib : ClockP_nortos.obj (.text.ClockP_Params_init)
                  7018dfbe    00000002     --HOLE-- [fill = 0]
                  7018dfc0    0000001e     drivers.am263px.r5f.ti-arm-clang.nortos.debug.lib : edma.obj (.text.EDMA_getEventStatusHigh)
                  7018dfde    00000002     --HOLE-- [fill = 0]
                  7018dfe0    0000001e                                                       : mcan.obj (.text.MCAN_setOpMode)
                  7018dffe    00000002     --HOLE-- [fill = 0]
                  7018e000    0000001e                                                       : soc.obj (.text.SOC_getSelfCpuClk)
                  7018e01e    00000002     --HOLE-- [fill = 0]
                  7018e020    0000001e                                                       : soc.obj (.text.SOC_moduleClockEnable)
                  7018e03e    00000002     --HOLE-- [fill = 0]
                  7018e040    0000001e     ti_dpl_config.o (.text.TimerP_isr0)
                  7018e05e    00000002     --HOLE-- [fill = 0]
                  7018e060    0000001e     drivers.am263px.r5f.ti-arm-clang.nortos.debug.lib : uart_v0_lld.obj (.text.UART_breakCtl)
                  7018e07e    00000002     --HOLE-- [fill = 0]
                  7018e080    0000001e                                                       : uart_v0_lld.obj (.text.UART_lld_Transaction_deInit)
                  7018e09e    00000002     --HOLE-- [fill = 0]
                  7018e0a0    0000001c                                                       : edma.obj (.text.EDMA_getEventStatus)
                  7018e0bc    00000004     --HOLE-- [fill = 0]
                  7018e0c0    0000001c                                                       : mcan.obj (.text.MCAN_writeProtectedRegAccessLock)
                  7018e0dc    00000004     --HOLE-- [fill = 0]
                  7018e0e0    0000001c                                                       : mcan.obj (.text.MCAN_writeProtectedRegAccessUnlock)
                  7018e0fc    00000004     --HOLE-- [fill = 0]
                  7018e100    0000001c                                                       : uart_v0_lld.obj (.text.UART_IsParameter)
                  7018e11c    0000001c     libc.a : memcpy32.S.obj (.text:TI_memcpy_small)
                  7018e138    00000008     --HOLE-- [fill = 0]
                  7018e140    0000001a     drivers.am263px.r5f.ti-arm-clang.nortos.debug.lib : mcan.obj (.text.MCAN_clearIntrStatus)
                  7018e15a    00000006     --HOLE-- [fill = 0]
                  7018e160    0000001a                                                       : mcan.obj (.text.MCAN_getOpMode)
                  7018e17a    00000006     --HOLE-- [fill = 0]
                  7018e180    0000001a                                                       : uart_v0_lld.obj (.text.UART_fifoCharGet)
                  7018e19a    00000006     --HOLE-- [fill = 0]
                  7018e1a0    0000001a                                                       : uart_v0_lld.obj (.text.UART_timeGuardConfig)
                  7018e1ba    00000006     --HOLE-- [fill = 0]
                  7018e1c0    00000018     nortos.am263px.r5f.ti-arm-clang.debug.lib : ClockP_nortos.obj (.text.ClockP_ticksToUsec)
                  7018e1d8    00000008     --HOLE-- [fill = 0]
                  7018e1e0    00000018     drivers.am263px.r5f.ti-arm-clang.nortos.debug.lib : edma.obj (.text.EDMA_isInterruptEnabled)
                  7018e1f8    00000008     --HOLE-- [fill = 0]
                  7018e200    00000018                                                       : ipc_notify_v1.obj (.text.IpcNotify_mailboxClearAllInt)
                  7018e218    00000008     --HOLE-- [fill = 0]
                  7018e220    00000018                                                       : ipc_notify_v1_cfg.obj (.text.IpcNotify_trigInterrupt)
                  7018e238    00000008     --HOLE-- [fill = 0]
                  7018e240    00000018     nortos.am263px.r5f.ti-arm-clang.debug.lib : SemaphoreP_nortos.obj (.text.SemaphoreP_Params_init)
                  7018e258    00000008     --HOLE-- [fill = 0]
                  7018e260    00000018                                               : TimerP_rti_priv.obj (.text.TimerP_getReloadCountPriv)
                  7018e278    00000008     --HOLE-- [fill = 0]
                  7018e280    00000018     drivers.am263px.r5f.ti-arm-clang.nortos.debug.lib : uart_v0_lld.obj (.text.UART_divisorLatchDisable)
                  7018e298    00000008     --HOLE-- [fill = 0]
                  7018e2a0    00000018                                                       : uart_v0_lld.obj (.text.UART_modemControlReset)
                  7018e2b8    00000008     --HOLE-- [fill = 0]
                  7018e2c0    00000018                                                       : uart_v0_lld.obj (.text.UART_putChar)
                  7018e2d8    00000018     libc.a : memset32.S.obj (.text:TI_memset_small)
                  7018e2f0    00000016     drivers.am263px.r5f.ti-arm-clang.nortos.debug.lib : ipc_notify_v1.obj (.text.IpcNotify_sendSync)
                  7018e306    0000000a     --HOLE-- [fill = 0]
                  7018e310    00000016                                                       : mcan.obj (.text.MCAN_getIntrStatus)
                  7018e326    0000000a     --HOLE-- [fill = 0]
                  7018e330    00000016     nortos.am263px.r5f.ti-arm-clang.debug.lib : TimerP_rti_priv.obj (.text.TimerP_startPriv)
                  7018e346    0000000a     --HOLE-- [fill = 0]
                  7018e350    00000016                                               : TimerP_rti_priv.obj (.text.TimerP_stopPriv)
                  7018e366    0000000a     --HOLE-- [fill = 0]
                  7018e370    00000016     drivers.am263px.r5f.ti-arm-clang.nortos.debug.lib : uart_v0_lld.obj (.text.UART_divideRoundCloset)
                  7018e386    0000000a     --HOLE-- [fill = 0]
                  7018e390    00000016                                                       : uart_v0_lld.obj (.text.UART_regConfModeRestore)
                  7018e3a6    0000000a     --HOLE-- [fill = 0]
                  7018e3b0    00000014                                                       : edma.obj (.text.HW_WR_REG16_RAW)
                  7018e3c4    0000000c     --HOLE-- [fill = 0]
                  7018e3d0    00000014                                                       : ipc_notify_v1.obj (.text.IpcNotify_mailboxClearPendingIntr)
                  7018e3e4    0000000c     --HOLE-- [fill = 0]
                  7018e3f0    00000014                                                       : soc_rcm.obj (.text.SOC_rcmGetModuleClkDivFromRegVal)
                  7018e404    0000000c     --HOLE-- [fill = 0]
                  7018e410    00000014     nortos.am263px.r5f.ti-arm-clang.debug.lib : TimerP_rti_priv.obj (.text.TimerP_clearOverflowIntPriv)
                  7018e424    0000000c     --HOLE-- [fill = 0]
                  7018e430    00000014                                               : TimerP_rti_nortos.obj (.text.TimerP_setup)
                  7018e444    0000000c     --HOLE-- [fill = 0]
                  7018e450    00000014     ti_dpl_config.o (.text.putchar_)
                  7018e464    0000000c     --HOLE-- [fill = 0]
                  7018e470    00000012     ti_pinmux_config.o (.text.Pinmux_init)
                  7018e482    0000000e     --HOLE-- [fill = 0]
                  7018e490    00000012     imu_protocol_handler.o (.text.imu_initialize)
                  7018e4a2    0000000e     --HOLE-- [fill = 0]
                  7018e4b0    00000012     yis320_protocol.o (.text.yis320_get_timestamp_ms)
                  7018e4c2    0000000e     --HOLE-- [fill = 0]
                  7018e4d0    00000010     can_interface.o (.text.CSL_REG32_WR_RAW)
                  7018e4e0    00000010     drivers.am263px.r5f.ti-arm-clang.nortos.debug.lib : pinmux.obj (.text.CSL_REG32_WR_RAW)
                  7018e4f0    00000010                                                       : soc.obj (.text.CSL_REG32_WR_RAW)
                  7018e500    00000010     imu_interface_isr.o (.text.CSL_REG32_WR_RAW)
                  7018e510    00000010     ti_drivers_config.o (.text.CSL_REG32_WR_RAW)
                  7018e520    00000010     nortos.am263px.r5f.ti-arm-clang.debug.lib : ClockP_nortos_r5.obj (.text.ClockP_getTimerCount)
                  7018e530    00000010                                               : ClockP_nortos_r5.obj (.text.ClockP_timerClearOverflowInt)
                  7018e540    00000010     drivers.am263px.r5f.ti-arm-clang.nortos.debug.lib : edma.obj (.text.HW_RD_REG32_RAW)
                  7018e550    00000010                                                       : mcan.obj (.text.HW_RD_REG32_RAW)
                  7018e560    00000010                                                       : uart_v0_lld.obj (.text.HW_RD_REG32_RAW)
                  7018e570    00000010                                                       : edma.obj (.text.HW_WR_REG32_RAW)
                  7018e580    00000010                                                       : mcan.obj (.text.HW_WR_REG32_RAW)
                  7018e590    00000010                                                       : uart_v0_lld.obj (.text.HW_WR_REG32_RAW)
                  7018e5a0    00000010                                                       : ipc_notify_v1.obj (.text.IpcNotify_mailboxGetPendingIntr)
                  7018e5b0    00000010     nortos.am263px.r5f.ti-arm-clang.debug.lib : TimerP_rti_nortos.obj (.text.TimerP_Params_init)
                  7018e5c0    00000010                                               : TimerP_rti_nortos.obj (.text.TimerP_clearOverflowInt)
                  7018e5d0    00000010                                               : TimerP_rti_nortos.obj (.text.TimerP_getCount)
                  7018e5e0    00000010                                               : TimerP_rti_nortos.obj (.text.TimerP_getReloadCount)
                  7018e5f0    00000010                                               : TimerP_rti_nortos.obj (.text.TimerP_start)
                  7018e600    00000010                                               : printf.obj (.text._out_null)
                  7018e610    00000010     gateway_shared.o (.text.gateway_notify_imu_ready)
                  7018e620    00000010     gateway_shared.o (.text.gateway_notify_states_ready)
                  7018e630    0000000e     yis320_protocol.o (.text.yis320_uart_configure)
                  7018e63e    00000002     --HOLE-- [fill = 0]
                  7018e640    0000000c     ti_board_open_close.o (.text.Board_driversOpen)
                  7018e64c    00000004     --HOLE-- [fill = 0]
                  7018e650    0000000c     nortos.am263px.r5f.ti-arm-clang.debug.lib : ClockP_nortos.obj (.text.ClockP_getTicks)
                  7018e65c    00000004     --HOLE-- [fill = 0]
                  7018e660    0000000c     ti_drivers_open_close.o (.text.Drivers_open)
                  7018e66c    00000004     --HOLE-- [fill = 0]
                  7018e670    0000000c     ti_power_clock_config.o (.text.PowerClock_init)
                  7018e67c    00000004     --HOLE-- [fill = 0]
                  7018e680    0000000c     imu_interface_isr.o (.text.parse_int32_le)
                  7018e68c    00000004     --HOLE-- [fill = 0]
                  7018e690    0000000c     yis320_protocol.o (.text.vtable_read_data)
                  7018e69c    00000004     --HOLE-- [fill = 0]
                  7018e6a0    0000000a     nortos.am263px.r5f.ti-arm-clang.debug.lib : HwiP_armv7r_vim.obj (.text.Hwip_dataAndInstructionBarrier)
                  7018e6aa    00000006     --HOLE-- [fill = 0]
                  7018e6b0    0000000a     drivers.am263px.r5f.ti-arm-clang.nortos.debug.lib : ipc_notify_v1.obj (.text.IpcNotify_dataAndInstructionBarrier)
                  7018e6ba    00000006     --HOLE-- [fill = 0]
                  7018e6c0    0000000a                                                       : soc_rcm.obj (.text.SOC_rcmGetBaseAddressMSSRCM)
                  7018e6ca    00000006     --HOLE-- [fill = 0]
                  7018e6d0    0000000a                                                       : uart_dma_edma.obj (.text.UART_edmaDoNothing)
                  7018e6da    00000006     --HOLE-- [fill = 0]
                  7018e6e0    0000000a     gateway_shared.o (.text.gateway_memory_barrier)
                  7018e6ea    00000006     --HOLE-- [fill = 0]
                  7018e6f0    0000000a     gateway_shared.o (.text.ringbuf_get_ptr)
                  7018e6fa    00000006     --HOLE-- [fill = 0]
                  7018e700    00000008     ti_drivers_config.o (.text.Drivers_uartInit)
                  7018e708    00000008     --HOLE-- [fill = 0]
                  7018e710    00000008     drivers.am263px.r5f.ti-arm-clang.nortos.debug.lib : soc_rcm.obj (.text.SOC_rcmGetBaseAddressMSSCTRL)
                  7018e718    00000008     --HOLE-- [fill = 0]
                  7018e720    00000008                                                       : soc_rcm.obj (.text.SOC_rcmGetBaseAddressTOPRCM)
                  7018e728    00000008     --HOLE-- [fill = 0]
                  7018e730    00000008     nortos.am263px.r5f.ti-arm-clang.debug.lib : SemaphoreP_nortos.obj (.text.SemaphoreP_destruct)
                  7018e738    00000008     --HOLE-- [fill = 0]
                  7018e740    00000002     ti_board_open_close.o (.text.Board_driversClose)
                  7018e742    0000000e     --HOLE-- [fill = 0]
                  7018e750    00000002     ti_board_config.o (.text.Board_init)
                  7018e752    0000000e     --HOLE-- [fill = 0]
                  7018e760    00000002     ti_drivers_open_close.o (.text.Drivers_mcanOpen)
                  7018e762    0000000e     --HOLE-- [fill = 0]
                  7018e770    00000002     drivers.am263px.r5f.ti-arm-clang.nortos.debug.lib : ipc_notify_v1_cfg.obj (.text.IpcNotify_wait)
                  7018e772    0000000e     --HOLE-- [fill = 0]
                  7018e780    00000002     nortos.am263px.r5f.ti-arm-clang.debug.lib : TaskP_nortos.obj (.text.TaskP_yield)
                  7018e782    0000000e     --HOLE-- [fill = 0]

.rodata    0    7018e790    00001b88     
                  7018e790    00000450     motor_mapping.o (.rodata.motor_config_table)
                  7018ebe0    00000084     ti_dpl_config.o (.rodata.cfg)
                  7018ec64    00000004     nortos.am263px.r5f.ti-arm-clang.debug.lib : CacheP_armv7r.obj (.rodata.gCacheL1dCacheLineSize)
                  7018ec68    00000050                                               : printf.obj (.rodata._ftoa.pow10)
                  7018ecb8    0000004d     gateway_shared.o (.rodata.str1.3223734256326991069.1)
                  7018ed05    00000003     can_interface.o (.rodata.str1.15257894921296593044.1)
                  7018ed08    00000048     drivers.am263px.r5f.ti-arm-clang.nortos.debug.lib : soc_rcm.obj (.rodata.gADPLLJConfigTbl)
                  7018ed50    00000043     main.o (.rodata.str1.14079361385603432444.1)
                  7018ed93    00000001     --HOLE-- [fill = 0]
                  7018ed94    00000040     drivers.am263px.r5f.ti-arm-clang.nortos.debug.lib : mcan.obj (.rodata.gDataSize)
                  7018edd4    00000040                                                       : ipc_notify_v1.obj (.rodata.str1.10118846006578224169.1)
                  7018ee14    00000040     gateway_shared.o (.rodata.str1.1309647279537151951.1)
                  7018ee54    0000003f     imu_interface_isr.o (.rodata.str1.5126834218174521685.1)
                  7018ee93    0000003d     main.o (.rodata.str1.10313062130652730376.1)
                  7018eed0    0000003d     nortos.am263px.r5f.ti-arm-clang.debug.lib : TimerP_rti_priv.obj (.rodata.str1.11388379688747141303.1)
                  7018ef0d    0000003c     main.o (.rodata.str1.2123964117280943167.1)
                  7018ef49    0000003b     can_interface.o (.rodata.str1.10186677634541030339.1)
                  7018ef84    0000003b     can_interface.o (.rodata.str1.13942422985958650841.1)
                  7018efbf    0000003b     imu_interface_isr.o (.rodata.str1.6306445455767916371.1)
                  7018effa    00000039     can_interface.o (.rodata.str1.17855712168153945246.1)
                  7018f033    00000039     can_interface.o (.rodata.str1.6531933829109918715.1)
                  7018f06c    00000039     can_interface.o (.rodata.str1.6806839034663112933.1)
                  7018f0a5    00000038     gateway_shared.o (.rodata.str1.8694082244888993162.1)
                  7018f0dd    00000037     gateway_shared.o (.rodata.str1.10638658715010209595.1)
                  7018f114    00000037     gateway_shared.o (.rodata.str1.5629998949668554045.1)
                  7018f14b    00000036     can_interface.o (.rodata.str1.15094798983471906066.1)
                  7018f181    00000035     main.o (.rodata.str1.14402440632258215044.1)
                  7018f1b6    00000035     can_interface.o (.rodata.str1.14428574951410983152.1)
                  7018f1eb    00000035     imu_interface_isr.o (.rodata.str1.15503275091179387347.1)
                  7018f220    00000035     main.o (.rodata.str1.16631870348416990953.1)
                  7018f255    00000035     imu_interface_isr.o (.rodata.str1.2252785669688110604.1)
                  7018f28a    00000035     can_interface.o (.rodata.str1.6692020027550076815.1)
                  7018f2bf    00000035     ti_drivers_open_close.o (.rodata.str1.871795152488895636.1)
                  7018f2f4    00000034     main.o (.rodata.str1.14112174005742061988.1)
                  7018f328    00000034     main.o (.rodata.str1.2763581881760962609.1)
                  7018f35c    00000033     can_interface.o (.rodata.str1.14845445665763636722.1)
                  7018f38f    00000033     can_interface.o (.rodata.str1.6401568125276999251.1)
                  7018f3c2    00000031     gateway_shared.o (.rodata.str1.6121471336334202706.1)
                  7018f3f3    00000031     motor_mapping.o (.rodata.str1.8787205977826144616.1)
                  7018f424    00000030     main.o (.rodata.str1.8154729771448623357.1)
                  7018f454    00000030     imu_interface_isr.o (.rodata.str1.9168798226845388136.1)
                  7018f484    0000002f     main.o (.rodata.str1.1311392489248731986.1)
                  7018f4b3    0000002f     gateway_shared.o (.rodata.str1.3129942817937968154.1)
                  7018f4e2    0000002f     main.o (.rodata.str1.9059077390166914652.1)
                  7018f511    0000002f     drivers.am263px.r5f.ti-arm-clang.nortos.debug.lib : ipc_notify_v1.obj (.rodata.str1.9418228565027791152.1)
                  7018f540    0000002e     can_interface.o (.rodata.str1.11024350005305706282.1)
                  7018f56e    0000002e     gateway_shared.o (.rodata.str1.11051107022181534624.1)
                  7018f59c    0000002e     main.o (.rodata.str1.11870794119293528247.1)
                  7018f5ca    0000002e     gateway_shared.o (.rodata.str1.9859227269409816370.1)
                  7018f5f8    0000002d     can_interface.o (.rodata.str1.10130696897761414469.1)
                  7018f625    0000002d     main.o (.rodata.str1.10635229749459437609.1)
                  7018f652    0000002d     main.o (.rodata.str1.13288086030101331538.1)
                  7018f67f    0000002d     main.o (.rodata.str1.13782249893155712474.1)
                  7018f6ac    0000002d     can_interface.o (.rodata.str1.150960857071891705.1)
                  7018f6d9    0000002d     main.o (.rodata.str1.16302215771116645891.1)
                  7018f706    0000002d     can_interface.o (.rodata.str1.17857559882412085052.1)
                  7018f733    0000002c     imu_interface_isr.o (.rodata.str1.13916086747295221358.1)
                  7018f75f    0000002c     gateway_shared.o (.rodata.str1.7167262159681625771.1)
                  7018f78b    0000002c     main.o (.rodata.str1.8076846746581808073.1)
                  7018f7b7    0000002b     imu_interface_isr.o (.rodata.str1.12147274931821300989.1)
                  7018f7e2    0000002b     main.o (.rodata.str1.18227636981041470289.1)
                  7018f80d    0000002b     can_interface.o (.rodata.str1.3858671167962548137.1)
                  7018f838    0000002a     nortos.am263px.r5f.ti-arm-clang.debug.lib : DebugP_log.obj (.rodata.str1.227947788441500939.1)
                  7018f862    0000002a     main.o (.rodata.str1.2846389346932560359.1)
                  7018f88c    00000029     can_interface.o (.rodata.str1.357542981605220142.1)
                  7018f8b5    00000029     can_interface.o (.rodata.str1.7679921882182829519.1)
                  7018f8de    00000029     main.o (.rodata.str1.7784929982665794503.1)
                  7018f907    00000029     main.o (.rodata.str1.8108965883388295311.1)
                  7018f930    00000028     main.o (.rodata.str1.15159059442110792349.1)
                  7018f958    00000027     nortos.am263px.r5f.ti-arm-clang.debug.lib : ClockP_nortos_r5.obj (.rodata.str1.12743090444791882666.1)
                  7018f97f    00000027     main.o (.rodata.str1.3530083166107438000.1)
                  7018f9a6    00000026     gateway_shared.o (.rodata.str1.17046880449980016103.1)
                  7018f9cc    00000026     can_interface.o (.rodata.str1.2167712102046818855.1)
                  7018f9f2    00000026     gateway_shared.o (.rodata.str1.5761821093615868877.1)
                  7018fa18    00000025     main.o (.rodata.str1.15996357275703397564.1)
                  7018fa3d    00000024     can_interface.o (.rodata.str1.17339864536769639315.1)
                  7018fa61    00000024     can_interface.o (.rodata.str1.4211222669969280216.1)
                  7018fa85    00000024     main.o (.rodata.str1.6891813955777630061.1)
                  7018faa9    00000024     main.o (.rodata.str1.7702501944640899365.1)
                  7018facd    00000023     drivers.am263px.r5f.ti-arm-clang.nortos.debug.lib : soc_rcm.obj (.rodata.str1.2078190104202520215.1)
                  7018faf0    00000023     nortos.am263px.r5f.ti-arm-clang.debug.lib : ClockP_nortos_r5.obj (.rodata.str1.7689125538912326484.1)
                  7018fb13    00000022     drivers.am263px.r5f.ti-arm-clang.nortos.debug.lib : edma.obj (.rodata.str1.12976018205622752890.1)
                  7018fb35    00000021     can_interface.o (.rodata.str1.12573338884863454617.1)
                  7018fb56    00000021     nortos.am263px.r5f.ti-arm-clang.debug.lib : ClockP_nortos_r5.obj (.rodata.str1.8559540482768925367.1)
                  7018fb77    00000001     --HOLE-- [fill = 0]
                  7018fb78    00000020     drivers.am263px.r5f.ti-arm-clang.nortos.debug.lib : mcan.obj (.rodata.gMsgObjSize)
                  7018fb98    00000020     can_interface.o (.rodata.g_mcan_base_addr)
                  7018fbb8    00000020     can_interface.o (.rodata.g_mcan_intr_num)
                  7018fbd8    00000020     can_interface.o (.rodata.g_mcan_rcm_id)
                  7018fbf8    00000020     main.o (.rodata.str1.16265332423659789559.1)
                  7018fc18    00000020     drivers.am263px.r5f.ti-arm-clang.nortos.debug.lib : uart_v0.obj (.rodata.str1.16594507886308206351.1)
                  7018fc38    00000020                                                       : ipc_notify_v1.obj (.rodata.str1.2046905611612007019.1)
                  7018fc58    0000001f     can_interface.o (.rodata.str1.14695538922052102695.1)
                  7018fc77    0000001f     nortos.am263px.r5f.ti-arm-clang.debug.lib : ClockP_nortos_r5.obj (.rodata.str1.2746619892315392655.1)
                  7018fc96    0000001f     imu_interface_isr.o (.rodata.str1.4417852805959727765.1)
                  7018fcb5    0000001e     drivers.am263px.r5f.ti-arm-clang.nortos.debug.lib : ipc_notify_v1.obj (.rodata.str1.16593710740832512674.1)
                  7018fcd3    0000001e                                                       : ipc_notify_v1.obj (.rodata.str1.9050127465416171240.1)
                  7018fcf1    0000001d     nortos.am263px.r5f.ti-arm-clang.debug.lib : TimerP_rti_priv.obj (.rodata.str1.1727973701797049581.1)
                  7018fd0e    0000001d                                               : TimerP_rti_priv.obj (.rodata.str1.4425773406285945039.1)
                  7018fd2b    0000001d     drivers.am263px.r5f.ti-arm-clang.nortos.debug.lib : uart_v0.obj (.rodata.str1.4697665093340446018.1)
                  7018fd48    0000001d     nortos.am263px.r5f.ti-arm-clang.debug.lib : TimerP_rti_priv.obj (.rodata.str1.7297095892955669843.1)
                  7018fd65    0000001b     drivers.am263px.r5f.ti-arm-clang.nortos.debug.lib : edma.obj (.rodata.str1.16672221102796607080.1)
                  7018fd80    0000001b     ti_drivers_config.o (.rodata.str1.7767457247551078139.1)
                  7018fd9b    0000001a     main.o (.rodata.str1.11702106008850790973.1)
                  7018fdb5    0000001a     drivers.am263px.r5f.ti-arm-clang.nortos.debug.lib : soc_rcm.obj (.rodata.str1.16907879152045164286.1)
                  7018fdcf    0000001a     main.o (.rodata.str1.17376258722486336754.1)
                  7018fde9    0000001a     main.o (.rodata.str1.288608917962107522.1)
                  7018fe03    0000001a     nortos.am263px.r5f.ti-arm-clang.debug.lib : ClockP_nortos_r5.obj (.rodata.str1.3810757863367538396.1)
                  7018fe1d    00000019     drivers.am263px.r5f.ti-arm-clang.nortos.debug.lib : ipc_notify_v1.obj (.rodata.str1.12253177398743541182.1)
                  7018fe36    00000019     nortos.am263px.r5f.ti-arm-clang.debug.lib : TimerP_rti_priv.obj (.rodata.str1.5494506574634759136.1)
                  7018fe4f    00000001     --HOLE-- [fill = 0]
                  7018fe50    00000018     drivers.am263px.r5f.ti-arm-clang.nortos.debug.lib : soc_rcm.obj (.rodata.gControlssPllClkSrcValMap)
                  7018fe68    00000018                                                       : soc_rcm.obj (.rodata.gCptsClkSrcValMap)
                  7018fe80    00000018                                                       : soc_rcm.obj (.rodata.gI2cClkSrcValMap)
                  7018fe98    00000018                                                       : soc_rcm.obj (.rodata.gIcssmUartClkSrcValMap)
                  7018feb0    00000018                                                       : soc_rcm.obj (.rodata.gLinUartClkSrcValMap)
                  7018fec8    00000018                                                       : soc_rcm.obj (.rodata.gMcSpiClkSrcValMap)
                  7018fee0    00000018                                                       : soc_rcm.obj (.rodata.gMcanClkSrcValMap)
                  7018fef8    00000018                                                       : soc_rcm.obj (.rodata.gMmcClkSrcValMap)
[...]
7018e451  putchar_                             
7018d391  snprintf_                            
7018d191  timerISR                             
701929a8  virtToPhymap                         
7018dc11  vprintf_                             
7018a6d1  yis320_convert_to_ipc                
7018e4b1  yis320_get_timestamp_ms              
7018bd91  yis320_protocol_handler_init         
7018e631  yis320_uart_configure                


GLOBAL SYMBOLS: SORTED BY Symbol Address 

address   name                                 
-------   ----                                 
00000000  __TI_ATRegion0_region_sz             
00000000  __TI_ATRegion0_src_addr              
00000000  __TI_ATRegion0_trg_addr              
00000000  __TI_ATRegion1_region_sz             
00000000  __TI_ATRegion1_src_addr              
00000000  __TI_ATRegion1_trg_addr              
00000000  __TI_ATRegion2_region_sz             
00000000  __TI_ATRegion2_src_addr              
00000000  __TI_ATRegion2_trg_addr              
00000000  __TI_static_base__                   
00000000  _vectors                             
00000100  __ABORT_STACK_SIZE                   
00000100  __FIQ_STACK_SIZE                     
00000100  __IRQ_STACK_SIZE                     
00000100  __UNDEFINED_STACK_SIZE               
00001000  __SVC_STACK_SIZE                     
00004000  __STACK_SIZE                         
70180a34  __aeabi_memclr                       
70180a34  __aeabi_memclr4                      
70180a34  __aeabi_memclr8                      
701810b8  C$$EXIT                              
701810b8  HOSTexit                             
701810c1  SOC_rcmEnablePeripheralClock         
701816f8  __aeabi_ldiv0                        
701816fc  __aeabi_memcpy                       
701816fc  __aeabi_memcpy4                      
701816fc  __aeabi_memcpy8                      
70181ce4  CSL_armR5ReadMpidrReg                
701821a1  UART_open                            
7018299c  __aeabi_memmove                      
7018299c  __aeabi_memmove4                     
7018299c  __aeabi_memmove8                     
701829a1  IpcNotify_init                       
70183111  SOC_virtToPhy                        
70183421  motor_mapping_init_core1             
70183721  MCAN_msgRAMConfig                    
70184821  UART_lld_dmaDeInit                   
70184a51  IpcNotify_isr                        
70184c81  CAN_TransmitBatch                    
70184e91  TimerP_setupPriv                     
70185071  UART_lld_dmaWrite                    
701853d1  UART_close                           
70185581  UART_lld_controllerIsr               
70185721  imu_uart_isr_init                    
70185a41  MCAN_calcMsgRamParamsStartAddr       
70185ed1  EDMA_unregisterIntr                  
70186041  SOC_controlModuleUnlockMMR           
701861a1  UART_lld_initDma                     
70186301  DebugP_shmLogWriterPutChar           
70186841  MCAN_setBitTime                      
70186991  CAN_Init                             
70186c11  MCAN_readMsgRam                      
70186e91  ClockP_init                          
70186fd1  UART_procLineStatusErr               
70187111  EDMA_registerIntr                    
70187251  MCAN_init                            
70187391  UART_lld_init                        
701874c1  MCAN_config                          
701875f1  SOC_controlModuleLockMMR             
70187721  SOC_rcmGetPeripheralClockFrequency   
70187961  DebugP_shmLogWriterPutLine           
70187a81  UART_lld_dmaRead                     
70187b9c  __udivmoddi4                         
70188131  IpcNotify_sendMsg                    
70188351  GPIO_init                            
70188461  SemaphoreP_pend                      
70188571  gateway_ringbuf_read                 
70188781  CAN_StartRxInterrupts                
70188871  gateway_write_motor_config           
70188b41  EDMA_freeChannelRegion               
70188c31  EDMA_freeParam                       
70188d21  EDMA_freeDmaChannel                  
70188e01  EDMA_freeTcc                         
70188ee1  UART_intrEnable                      
701890a1  UART_intrDisable                     
70189181  AddrTranslateP_getLocalAddr          
70189251  EDMA_disableChInShadowRegRegion      
70189321  EDMA_enableChInShadowRegRegion       
701893f1  EDMA_mapChToEvtQ                     
701894c1  EDMA_configureChannelRegion          
70189641  UART_flushTxFifo                     
701897c1  ClockP_timerTickIsr                  
70189881  TimerP_init                          
70189941  ClockP_stop                          
70189a01  IpcNotify_waitSync                   
70189ac1  gateway_write_motor_states           
70189b81  CycleCounterP_init                   
70189ba1  CycleCounterP_reset                  
70189bf1  CycleCounterP_nsToTicks              
70189c31  CycleCounterP_enableUserAccess       
70189c41  MCAN_writeMsgRam                     
70189cf1  SOC_rcmSetPeripheralClock            
70189da1  UART_init                            
70189f01  gateway_core1_wait_for_ready         
7018a061  ClockP_destruct                      
7018a111  Drivers_uartOpen                     
7018a311  gateway_core1_ipc_callback           
7018a451  IpcNotify_registerClient             
7018a591  ClockP_getTimeUsec                   
7018a631  EDMA_unmapChToEvtQ                   
7018a6d1  yis320_convert_to_ipc                
7018a771  EDMA_disableTransferRegion           
7018a801  EDMA_enableTransferRegion            
7018a9b1  UART_lld_flushTxFifo                 
7018aad1  EDMA_allocDmaChannel                 
7018ab61  EDMA_allocParam                      
7018abf1  EDMA_allocTcc                        
7018ada1  IpcNotify_syncAll                    
7018ae31  imu_protocol_manager_init            
7018aec1  MCAN_addStdMsgIDFilter               
7018afc1  System_init                          
7018b0c1  _DebugP_assert                       
7018b141  gateway_ringbuf_core1_init           
7018b241  UART_Params_init                     
7018b2c1  EDMA_linkChannel                     
7018b541  ClockP_usleep                        
7018b5c1  EDMA_clrMissEvtRegion                
7018b7a1  EDMA_getBaseAddr                     
7018b881  SOC_rcmGetR5Clock                    
7018b8f1  SOC_rcmIsR5FInLockStepMode           
7018b9d1  UART_lld_deInitDma                   
7018ba41  MCAN_enableIntr                      
7018bab1  MCAN_initTxBufElement                
7018bb91  SemaphoreP_post                      
7018bc71  MCAN_selectIntrLine                  
7018bcd1  UART_getChar                         
7018bd91  yis320_protocol_handler_init         
7018bdf1  Module_clockSetFrequency             
7018be51  UART_lld_deInit                      
7018c151  gateway_write_imu_state              
7018c211  Dpl_init                             
7018c271  EDMA_setPaRAM                        
7018c331  main                                 
7018c384  __TI_auto_init_nobinit_nopinit       
7018c3e1  Drivers_uartClose                    
7018c431  Pinmux_config                        
7018c481  UART_checkCharsAvailInFifo           
7018c4d1  DebugP_shmLogWriterInit              
7018c521  EDMA_clrEvtRegion                    
7018c571  EDMA_disableDmaEvtRegion             
7018c5c1  EDMA_disableEvtIntrRegion            
7018c611  EDMA_enableDmaEvtRegion              
7018c661  EDMA_enableEvtIntrRegion             
7018c6b1  EDMA_setEvtRegion                    
7018c701  GPIO_setDirMode                      
7018c751  MCAN_enableIntrLine                  
7018c7a1  ClockP_construct                     
7018c7f1  EDMA_ccPaRAMEntry_init               
7018c841  EDMA_mapQdmaChToPaRAM                
7018c891  EDMA_readEventStatusRegion           
7018c8e1  IpcNotify_unregisterClient           
7018c931  Module_clockEnable                   
7018c981  gateway_update_stat                  
7018c9cc  memmove                              
7018ca71  IpcNotify_Params_init                
7018cb11  UART_getIntrIdentityStatus           
7018cc01  CAN_RegisterRxCallback               
7018ccf1  UART_readLineStatus                  
7018cd41  imu_protocol_handler_init            
7018ce81  SemaphoreP_construct                 
7018ced1  _DebugP_logZone                      
7018cf71  ClockP_start                         
7018d011  imu_uart_process_ipc_notification    
7018d0d1  UART_spaceAvail                      
7018d111  gateway_core1_init                   
7018d151  gateway_update_heartbeat             
7018d191  timerISR                             
7018d211  UART_IsTxRxFifoEmpty                 
7018d291  MCAN_txBufAddReq                     
7018d2d1  SOC_moduleSetClockFrequency          
7018d391  snprintf_                            
7018d3d1  SOC_getCoreName                      
7018d408  CycleCounterP_getCount32             
7018d410  PmuP_setup                           
7018d418  PmuP_enableCounters                  
7018d420  PmuP_disableCounters                 
7018d428  PmuP_getOverflowStatus               
7018d430  PmuP_clearOverflowStatus             
7018d438  PmuP_setUserEnable                   
7018d481  EDMA_getRegionId                     
7018d4c1  GPIO_pinRead                         
7018d601  IpcNotify_syncCallback               
7018d681  MCAN_calcCfgAddr                     
7018d701  TimerP_Params_initPriv               
7018d781  motor_get_config                     
7018d881  TimerP_getCountPriv                  
7018d9a1  gateway_signal_motor_config_ready    
7018d9d1  UART_lld_dmaInit                     
7018da31  DebugP_logZoneEnable                 
7018da91  MCAN_clearNewDataStatus              
7018dac1  MCAN_getNewDataStatus                
7018daf1  SemaphoreP_constructBinary           
7018db81  UART_intr2Disable                    
7018dbb1  UART_operatingModeSelect             
7018dbe1  CSL_armR5GetCpuID                    
7018dc11  vprintf_                             
7018dc41  EDMA_disableQdmaEvtRegion            
7018dc71  EDMA_enableQdmaEvtRegion             
7018dcd1  IpcNotify_allocSwQueue               
7018dd31  IpcNotify_getConfig                  
7018dd61  SemaphoreP_constructMutex            
7018de21  UART_getBaseAddr                     
7018de44  __aeabi_uldivmod                     
7018dea1  EDMA_channelToParamMap               
7018ded1  gateway_ringbuf_core1_receive        
7018df01  ClockP_isActive                      
7018df21  ClockP_usecToTicks                   
7018dfa1  ClockP_Params_init                   
7018dfc1  EDMA_getEventStatusHigh              
7018dfe1  MCAN_setOpMode                       
7018e001  SOC_getSelfCpuClk                    
7018e021  SOC_moduleClockEnable                
7018e041  TimerP_isr0                          
7018e081  UART_lld_Transaction_deInit          
7018e0a1  EDMA_getEventStatus                  
7018e11c  TI_memcpy_small                      
7018e141  MCAN_clearIntrStatus                 
7018e161  MCAN_getOpMode                       
7018e1c1  ClockP_ticksToUsec                   
7018e1e1  EDMA_isInterruptEnabled              
7018e221  IpcNotify_trigInterrupt              
7018e241  SemaphoreP_Params_init               
7018e261  TimerP_getReloadCountPriv            
7018e2c1  UART_putChar                         
7018e2d8  TI_memset_small                      
7018e2f1  IpcNotify_sendSync                   
7018e311  MCAN_getIntrStatus                   
7018e331  TimerP_startPriv                     
7018e351  TimerP_stopPriv                      
7018e411  TimerP_clearOverflowIntPriv          
7018e431  TimerP_setup                         
7018e451  putchar_                             
7018e471  Pinmux_init                          
7018e4b1  yis320_get_timestamp_ms              
7018e521  ClockP_getTimerCount                 
7018e531  ClockP_timerClearOverflowInt         
7018e5b1  TimerP_Params_init                   
7018e5c1  TimerP_clearOverflowInt              
7018e5d1  TimerP_getCount                      
7018e5e1  TimerP_getReloadCount                
7018e5f1  TimerP_start                         
7018e611  gateway_notify_imu_ready             
7018e621  gateway_notify_states_ready          
7018e631  yis320_uart_configure                
7018e641  Board_driversOpen                    
7018e651  ClockP_getTicks                      
7018e661  Drivers_open                         
7018e671  PowerClock_init                      
7018e701  Drivers_uartInit                     
7018e731  SemaphoreP_destruct                  
7018e741  Board_driversClose                   
7018e751  Board_init                           
7018e761  Drivers_mcanOpen                     
7018e771  IpcNotify_wait                       
7018e781  TaskP_yield                          
7018ebe0  gCacheConfig                         
7018ebe8  gMpuConfig                           
7018ebf4  gMpuRegionConfig                     
7018ec64  gCacheL1dCacheLineSize               
7018ed08  gADPLLJConfigTbl                     
7018ff28  gPeripheralClkSrcInfoMap             
701902b4  gXTALInfo                            
70190300  gCacheL1pCacheLineSize               
7019030f  gCR5ClkSrcInfoMap                    
70190318  __BSS_START                          
70190e98  gHwiCtrl                             
701916a4  g_yis320_private_data                
70191aac  g_motor_lookup                       
70192718  gIpcNotifyCtrl                       
70192988  gClockCtrl                           
701929a8  virtToPhymap                         
701929cc  gTimerBaseAddr                       
701929d0  gTimerHwiObj                         
701929d4  gUartHandle                          
701929d8  __BSS_END                            
701929d8  __stack                              
701969d8  __STACK_END                          
701969e1  HwiP_enableInt                       
70196a21  HwiP_disableInt                      
70196a81  HwiP_restoreInt                      
70196ab1  HwiP_clearInt                        
70196af1  HwiP_post                            
70196b31  HwiP_Params_init                     
70196b61  HwiP_construct                       
70196d51  HwiP_destruct                        
70196dc1  HwiP_init                            
70196f71  HwiP_inISR                           
70196fa1  HwiP_setVimIrqPriMaskNonAtomic       
70196ff1  HwiP_setVimIrqPriMaskAtomic          
70197091  HwiP_restoreVimIrqPriMask            
701970a1  HwiP_irq_handler_c                   
70197241  HwiP_fiq_handler                     
701973a1  HwiP_reserved_handler                
701973e1  HwiP_undefined_handler_c             
70197401  HwiP_user_undefined_handler_c        
70197421  HwiP_svc_handler                     
70197461  HwiP_prefetch_abort_handler_c        
70197501  HwiP_user_prefetch_abort_handler_c   
70197541  HwiP_data_abort_handler_c            
70197601  HwiP_user_data_abort_handler_c       
7019763c  HwiP_irq_handler                     
701976b0  HwiP_data_abort_handler              
701976f4  HwiP_prefetch_abort_handler          
70197740  HwiP_undefined_handler               
70197770  GET_DFSR                             
70197778  GET_ADFSR                            
70197780  GET_DFAR                             
70197788  GET_IFSR                             
70197790  GET_AIFSR                            
70197798  GET_IFAR                             
701977a0  GET_SPSR                             
701977b8  HwiP_disable                         
701977c8  HwiP_disableFIQ                      
701977d8  HwiP_enable                          
701977e8  HwiP_enableFIQ                       
701977f8  HwiP_restore                         
70197800  HwiP_enableVIC                       
70197810  HwiP_disableVIC                      
70197820  HwiP_getCPSR                         
70197830  CacheP_disableL1d                    
70197858  CacheP_disableL1p                    
70197870  CacheP_enableL1d                     
70197888  CacheP_enableL1p                     
701978a0  CacheP_invL1d                        
701978d8  CacheP_invL1p                        
70197914  CacheP_invL1dAll                     
7019791c  CacheP_invL1pAll                     
70197924  CacheP_wb                            
70197960  CacheP_wbInv                         
7019799c  CacheP_wbAll                         
70197a44  CacheP_wbInvAll                      
70197a5c  CacheP_wbInvAllAsm                   
70197afc  CacheP_getEnabled                    
70197b34  CacheP_getCacheLevelInfo             
70197b40  CacheP_configForceWrThru             
70197b60  CacheP_setDLFO                       
70197b71  CacheP_init                          
70197c01  CacheP_disable                       
70197c51  CacheP_enable                        
70197c91  CacheP_inv                           
70197cd1  MpuP_getAttrs                        
70197d31  MpuP_RegionAttrs_init                
70197d61  MpuP_setRegion                       
70197df1  MpuP_isEnable                        
70197e01  MpuP_disable                         
70197e41  MpuP_enable                          
70197e91  MpuP_init                            
70197f31  MpuP_isUserAuthorizedToAccessMemory  
70198010  MpuP_disableAsm                      
70198028  MpuP_disableBRAsm                    
70198038  MpuP_enableAsm                       
70198050  MpuP_enableBRAsm                     
70198060  MpuP_isEnableAsm                     
70198074  MpuP_setRegionAsm                    
70198090  _c_int00_sbl                         
701980b4  _c_int00                             
701981e1  _DebugP_assertNoLog                  
70198211  _system_pre_init                     
70198241  __mpu_init                           
70198250  abort                                
70198258  gEdmaConfig                          
70198258  gUartDmaHandle                       
7019836c  gIpcNotifyMailboxConfig              
70198544  gSocModulesClockFrequency            
701985bc  gUartParams                          
70198644  gSocModules                          
701986b0  gClockConfig                         
701986c8  gIpcNotifyInterruptConfig_r5fss1_1   
701986f4  gIpcNotifyCoreIntrBitPos             
70198724  gAddrTranslateConfig                 
70198738  gUartConfig                          
70198748  gDebugLogZone                        
70198754  gEdmaConfigNum                       
70198758  gHwiConfig                           
7019875c  gIpcNotifyInterruptConfigNum_r5fss1_1
70198760  gUartConfigNum                       
70198764  gUartDmaChConfig                     
701987a1  isMapAvailable                       
701987a8  __IRQ_STACK_START                    
701988a8  __FIQ_STACK_START                    
701988a8  __IRQ_STACK_END                      
701989a8  __FIQ_STACK_END                      
701989a8  __SVC_STACK_START                    
701999a8  __ABORT_STACK_START                  
701999a8  __SVC_STACK_END                      
70199aa8  __ABORT_STACK_END                    
70199aa8  __UNDEFINED_STACK_START              
70199ba8  __UNDEFINED_STACK_END                
70200000  gGatewaySharedMem                    
70204d30  dbg_can_rx_count                     
70204d34  dbg_can_tx_count                     
70204d38  dbg_ipc_send_count                   
70204d3c  dbg_ipc_register_count               
70208000  gDebugShmLog                         
ffffffff  __TI_pprof_out_hndl                  
ffffffff  __TI_prof_data_size                  
ffffffff  __TI_prof_data_start                 
ffffffff  __binit__                            
ffffffff  binit                                
UNDEFED   __TI_CINIT_Base                      
UNDEFED   __TI_CINIT_Limit                     
UNDEFED   __TI_Handler_Table_Base              
UNDEFED   __TI_Handler_Table_Limit             
UNDEFED   _system_post_cinit                   

[404 symbols]
