******************************************************************************
            TI ARM Clang Linker PC v4.0.4                      
******************************************************************************
>> Linked Mon Mar 30 18:37:00 2026

OUTPUT FILE NAME:   <ccu_ti_multi_core_realtime.out>
ENTRY POINT SYMBOL: "_vectors"  address: 00000000


MEMORY CONFIGURATION

         name            origin    length      used     unused   attr    fill
----------------------  --------  ---------  --------  --------  ----  --------
  R5F_VECS              00000000   00000040  00000040  00000000  RWIX
  R5F_TCMA              00000040   00007fc0  00000000  00007fc0  RWIX
  R5F_TCMB              00080000   00008000  00000000  00008000  RWIX
  MAILBOX_HSM           44000000   000003ce  00000000  000003ce  RWIX
  MAILBOX_R5F           44000400   000003ce  00000000  000003ce  RWIX
  FLASH                 60180000   00080000  00000000  00080000  RWIX
  OCRAM                 70180000   00080000  00019f00  00066100  RWIX
  USER_SHM_MEM          70200000   00008000  00004d40  000032c0  RWIX
  LOG_SHM_MEM           70208000   00004000  00002000  00002000  RWIX
  RTOS_NORTOS_IPC_SHM_M 72000000   00003e80  00000000  00003e80  RWIX


SEGMENT ALLOCATION MAP

run origin  load origin   length   init length attrs members
----------  ----------- ---------- ----------- ----- -------
00000000    00000000    00000040   00000040    r-x
  00000000    00000000    00000040   00000040    r-x .vectors
70180000    70180000    00010678   00010678    r-x
  70180000    70180000    0000e870   0000e870    r-x .text
  7018e870    7018e870    00001e08   00001e08    r-- .rodata
70190678    70190678    000066c0   00000000    rw-
  70190678    70190678    000026c0   00000000    rw- .bss
  70192d38    70192d38    00004000   00000000    rw- .stack
70196d40    70196d40    00001878   00001878    r-x
  70196d40    70196d40    00000e50   00000e50    r-x .text.hwi
  70197b90    70197b90    000004a0   000004a0    r-x .text.cache
  70198030    70198030    000003c0   000003c0    r-x .text.mpu
  701983f0    701983f0    000001c0   000001c0    r-x .text.boot
  701985b0    701985b0    00000008   00000008    r-x .text:abort
701985b8    701985b8    00001950   00000550    rw-
  701985b8    701985b8    00000550   00000550    rw- .data
  70198b08    70198b08    00000100   00000000    rw- .irqstack
  70198c08    70198c08    00000100   00000000    rw- .fiqstack
  70198d08    70198d08    00001000   00000000    rw- .svcstack
  70199d08    70199d08    00000100   00000000    rw- .abortstack
  70199e08    70199e08    00000100   00000000    rw- .undefinedstack


SECTION ALLOCATION MAP

 output                                  attributes/
section   page    origin      length       input sections
--------  ----  ----------  ----------   ----------------
.vectors   0    00000000    00000040     
                  00000000    00000040     nortos.am263px.r5f.ti-arm-clang.debug.lib : HwiP_armv7r_vectors_nortos_asm.obj (.vectors)

.text      0    70180000    0000e870     
                  70180000    00000a34     nortos.am263px.r5f.ti-arm-clang.debug.lib : printf.obj (.text._vsnprintf)
                  70180a34    0000000c     libclang_rt.builtins.a : aeabi_memset.S.obj (.text.__aeabi_memclr)
                  70180a40    00000678     drivers.am263px.r5f.ti-arm-clang.nortos.debug.lib : soc_rcm.obj (.text.SOC_rcmGetClkSrcAndDivReg)
                  701810b8    00000008     libsysbm.a : hostexit.c.obj (.text.HOSTexit)
                  701810c0    00000638     drivers.am263px.r5f.ti-arm-clang.nortos.debug.lib : soc_rcm.obj (.text.SOC_rcmEnablePeripheralClock)
                  701816f8    00000004     libclang_rt.builtins.a : aeabi_div0.c.obj (.text.__aeabi_ldiv0)
                  701816fc    00000004                            : aeabi_memcpy.S.obj (.text.__aeabi_memcpy)
                  70181700    000005e2     nortos.am263px.r5f.ti-arm-clang.debug.lib : printf.obj (.text._ftoa)
                  70181ce2    00000002     --HOLE-- [fill = 0]
                  70181ce4    0000000c                                               : CpuId_armv7r_asm.obj (.text)
                  70181cf0    000004b0                                               : printf.obj (.text._etoa)
                  701821a0    00000400     drivers.am263px.r5f.ti-arm-clang.nortos.debug.lib : uart_v0.obj (.text.UART_open)
                  701825a0    000003fc     yis320_protocol.o (.text.vtable_process_rx_data)
                  7018299c    00000004     libclang_rt.builtins.a : aeabi_memmove.S.obj (.text.__aeabi_memmove)
                  701829a0    000003dc     drivers.am263px.r5f.ti-arm-clang.nortos.debug.lib : ipc_notify_v1.obj (.text.IpcNotify_init)
                  70182d7c    00000004     --HOLE-- [fill = 0]
                  70182d80    00000384     imu_interface_isr.o (.text.imu_uart_isr)
                  70183104    0000000c     --HOLE-- [fill = 0]
                  70183110    00000302     drivers.am263px.r5f.ti-arm-clang.nortos.debug.lib : soc.obj (.text.SOC_virtToPhy)
                  70183412    0000000e     --HOLE-- [fill = 0]
                  70183420    000002f4     motor_mapping.o (.text.motor_mapping_init_core1)
                  70183714    0000000c     --HOLE-- [fill = 0]
                  70183720    000002a8     drivers.am263px.r5f.ti-arm-clang.nortos.debug.lib : mcan.obj (.text.MCAN_msgRAMConfig)
                  701839c8    00000008     --HOLE-- [fill = 0]
                  701839d0    0000027e                                                       : uart_dma_edma.obj (.text.UART_edmaChInit)
                  70183c4e    00000002     --HOLE-- [fill = 0]
                  70183c50    0000027c     main.o (.text.core1_init)
                  70183ecc    00000004     --HOLE-- [fill = 0]
                  70183ed0    00000266     can_interface.o (.text.init_single_mcan)
                  70184136    0000000a     --HOLE-- [fill = 0]
                  70184140    00000250     drivers.am263px.r5f.ti-arm-clang.nortos.debug.lib : edma.obj (.text.Alloc_resource)
                  70184390    00000242                                                       : uart_v0_lld.obj (.text.UART_fifoConfig)
                  701845d2    0000000e     --HOLE-- [fill = 0]
                  701845e0    0000023e     nortos.am263px.r5f.ti-arm-clang.debug.lib : printf.obj (.text._ntoa_format)
                  7018481e    00000002     --HOLE-- [fill = 0]
                  70184820    00000226     drivers.am263px.r5f.ti-arm-clang.nortos.debug.lib : uart_dma_edma.obj (.text.UART_lld_dmaDeInit)
                  70184a46    0000000a     --HOLE-- [fill = 0]
                  70184a50    00000222                                                       : ipc_notify_v1.obj (.text.IpcNotify_isr)
                  70184c72    0000000e     --HOLE-- [fill = 0]
                  70184c80    00000206     can_interface.o (.text.CAN_TransmitBatch)
                  70184e86    0000000a     --HOLE-- [fill = 0]
                  70184e90    000001d6     nortos.am263px.r5f.ti-arm-clang.debug.lib : TimerP_rti_priv.obj (.text.TimerP_setupPriv)
                  70185066    0000000a     --HOLE-- [fill = 0]
                  70185070    000001b0     main.o (.text.main_loop)
                  70185220    000001aa     drivers.am263px.r5f.ti-arm-clang.nortos.debug.lib : uart_dma_edma.obj (.text.UART_lld_dmaWrite)
                  701853ca    00000006     --HOLE-- [fill = 0]
                  701853d0    000001aa     can_interface.o (.text.can_rx_isr)
                  7018557a    00000006     --HOLE-- [fill = 0]
                  70185580    000001a8     drivers.am263px.r5f.ti-arm-clang.nortos.debug.lib : uart_v0.obj (.text.UART_close)
                  70185728    00000008     --HOLE-- [fill = 0]
                  70185730    00000198                                                       : uart_v0_lld.obj (.text.UART_lld_controllerIsr)
                  701858c8    00000008     --HOLE-- [fill = 0]
                  701858d0    0000018a     imu_interface_isr.o (.text.imu_uart_isr_init)
                  70185a5a    00000006     --HOLE-- [fill = 0]
                  70185a60    00000186     drivers.am263px.r5f.ti-arm-clang.nortos.debug.lib : mcan.obj (.text.MCAN_readMsg)
                  70185be6    0000000a     --HOLE-- [fill = 0]
                  70185bf0    00000184                                                       : mcan.obj (.text.MCAN_calcMsgRamParamsStartAddr)
                  70185d74    0000000c     --HOLE-- [fill = 0]
                  70185d80    00000176     main.o (.text.transmit_can_frames)
                  70185ef6    0000000a     --HOLE-- [fill = 0]
                  70185f00    00000162     drivers.am263px.r5f.ti-arm-clang.nortos.debug.lib : edma.obj (.text.EDMA_unregisterIntr)
                  70186062    0000000e     --HOLE-- [fill = 0]
                  70186070    00000158                                                       : soc.obj (.text.SOC_controlModuleUnlockMMR)
                  701861c8    00000008     --HOLE-- [fill = 0]
                  701861d0    00000152                                                       : uart_v0_lld.obj (.text.UART_lld_initDma)
                  70186322    0000000e     --HOLE-- [fill = 0]
                  70186330    00000150     nortos.am263px.r5f.ti-arm-clang.debug.lib : DebugP_shmLogWriter.obj (.text.DebugP_shmLogWriterPutChar)
                  70186480    00000150     drivers.am263px.r5f.ti-arm-clang.nortos.debug.lib : mcan.obj (.text.MCAN_writeMsg)
                  701865d0    00000150     imu_interface_isr.o (.text.parse_yis320_frame)
                  70186720    0000014e     yis320_protocol.o (.text.parse_imu_frame)
                  7018686e    00000002     --HOLE-- [fill = 0]
                  70186870    0000014c     drivers.am263px.r5f.ti-arm-clang.nortos.debug.lib : mcan.obj (.text.MCAN_setBitTime)
                  701869bc    00000004     --HOLE-- [fill = 0]
                  701869c0    00000140     can_interface.o (.text.CAN_Init)
                  70186b00    0000013a     drivers.am263px.r5f.ti-arm-clang.nortos.debug.lib : edma.obj (.text.EDMA_isDmaChannelAllocated)
                  70186c3a    00000006     --HOLE-- [fill = 0]
                  70186c40    00000138                                                       : mcan.obj (.text.MCAN_readMsgRam)
                  70186d78    00000008     --HOLE-- [fill = 0]
                  70186d80    00000138     nortos.am263px.r5f.ti-arm-clang.debug.lib : printf.obj (.text._ntoa_long_long)
                  70186eb8    00000008     --HOLE-- [fill = 0]
                  70186ec0    00000136                                               : ClockP_nortos_r5.obj (.text.ClockP_init)
                  70186ff6    0000000a     --HOLE-- [fill = 0]
                  70187000    00000136     drivers.am263px.r5f.ti-arm-clang.nortos.debug.lib : uart_v0_lld.obj (.text.UART_procLineStatusErr)
                  70187136    0000000a     --HOLE-- [fill = 0]
                  70187140    00000134                                                       : edma.obj (.text.EDMA_registerIntr)
                  70187274    0000000c     --HOLE-- [fill = 0]
                  70187280    00000134                                                       : mcan.obj (.text.MCAN_init)
                  701873b4    0000000c     --HOLE-- [fill = 0]
                  701873c0    0000012c                                                       : uart_v0_lld.obj (.text.UART_lld_init)
                  701874ec    00000004     --HOLE-- [fill = 0]
                  701874f0    0000012a                                                       : mcan.obj (.text.MCAN_config)
                  7018761a    00000006     --HOLE-- [fill = 0]
                  70187620    00000126                                                       : soc.obj (.text.SOC_controlModuleLockMMR)
                  70187746    0000000a     --HOLE-- [fill = 0]
                  70187750    00000120                                                       : soc_rcm.obj (.text.SOC_rcmGetPeripheralClockFrequency)
                  70187870    00000120     can_interface.o (.text.init_can_stb_gpios)
                  70187990    0000011c     nortos.am263px.r5f.ti-arm-clang.debug.lib : DebugP_shmLogWriter.obj (.text.DebugP_shmLogWriterPutLine)
                  70187aac    00000004     --HOLE-- [fill = 0]
                  70187ab0    0000011c     drivers.am263px.r5f.ti-arm-clang.nortos.debug.lib : uart_dma_edma.obj (.text.UART_lld_dmaRead)
                  70187bcc    00000118     libclang_rt.builtins.a : udivmoddi4.S.obj (.text)
                  70187ce4    0000000c     --HOLE-- [fill = 0]
                  70187cf0    00000116     drivers.am263px.r5f.ti-arm-clang.nortos.debug.lib : edma.obj (.text.EDMA_isTccAllocated)
                  70187e06    0000000a     --HOLE-- [fill = 0]
                  70187e10    00000116                                                       : uart_v0_lld.obj (.text.UART_divisorLatchWrite)
                  70187f26    0000000a     --HOLE-- [fill = 0]
                  70187f30    00000114     nortos.am263px.r5f.ti-arm-clang.debug.lib : printf.obj (.text._ntoa_long)
                  70188044    0000000c     --HOLE-- [fill = 0]
                  70188050    0000010e     drivers.am263px.r5f.ti-arm-clang.nortos.debug.lib : soc_rcm.obj (.text.SOC_rcmADPLLJGetFOut)
                  7018815e    00000002     --HOLE-- [fill = 0]
                  70188160    0000010a                                                       : ipc_notify_v1.obj (.text.IpcNotify_sendMsg)
                  7018826a    00000006     --HOLE-- [fill = 0]
                  70188270    00000104                                                       : uart_v0_lld.obj (.text.UART_configInstance)
                  70188374    0000000c     --HOLE-- [fill = 0]
                  70188380    00000102     ti_drivers_config.o (.text.GPIO_init)
                  70188482    0000000e     --HOLE-- [fill = 0]
                  70188490    00000102     nortos.am263px.r5f.ti-arm-clang.debug.lib : SemaphoreP_nortos.obj (.text.SemaphoreP_pend)
                  70188592    0000000e     --HOLE-- [fill = 0]
                  701885a0    00000102     gateway_shared.o (.text.gateway_ringbuf_read)
                  701886a2    0000000e     --HOLE-- [fill = 0]
                  701886b0    000000f6     main.o (.text.process_can_rx)
                  701887a6    0000000a     --HOLE-- [fill = 0]
                  701887b0    000000f0     can_interface.o (.text.CAN_StartRxInterrupts)
                  701888a0    000000ee     main.o (.text.process_motor_commands)
                  7018898e    00000002     --HOLE-- [fill = 0]
                  70188990    000000ec     gateway_shared.o (.text.gateway_write_motor_config)
                  70188a7c    00000004     --HOLE-- [fill = 0]
                  70188a80    000000e6     drivers.am263px.r5f.ti-arm-clang.nortos.debug.lib : soc_rcm.obj (.text.SOC_rcmGetCoreFout)
                  70188b66    0000000a     --HOLE-- [fill = 0]
                  70188b70    000000e6                                                       : soc_rcm.obj (.text.SOC_rcmGetPerFout)
                  70188c56    0000000a     --HOLE-- [fill = 0]
                  70188c60    000000e4                                                       : edma.obj (.text.EDMA_freeChannelRegion)
                  70188d44    0000000c     --HOLE-- [fill = 0]
                  70188d50    000000e2                                                       : edma.obj (.text.EDMA_freeParam)
                  70188e32    0000000e     --HOLE-- [fill = 0]
                  70188e40    000000e0                                                       : edma.obj (.text.EDMA_freeDmaChannel)
                  70188f20    000000e0                                                       : edma.obj (.text.EDMA_freeTcc)
                  70189000    000000de                                                       : uart_v0_lld.obj (.text.UART_intrEnable)
                  701890de    00000002     --HOLE-- [fill = 0]
                  701890e0    000000de     imu_interface_isr.o (.text.update_imu_state_atomic)
                  701891be    00000002     --HOLE-- [fill = 0]
                  701891c0    000000da     drivers.am263px.r5f.ti-arm-clang.nortos.debug.lib : uart_v0_lld.obj (.text.UART_intrDisable)
                  7018929a    00000006     --HOLE-- [fill = 0]
                  701892a0    000000d0     nortos.am263px.r5f.ti-arm-clang.debug.lib : AddrTranslateP_32bit.obj (.text.AddrTranslateP_getLocalAddr)
                  70189370    000000ce     drivers.am263px.r5f.ti-arm-clang.nortos.debug.lib : edma.obj (.text.EDMA_disableChInShadowRegRegion)
                  7018943e    00000002     --HOLE-- [fill = 0]
                  70189440    000000cc                                                       : edma.obj (.text.EDMA_enableChInShadowRegRegion)
                  7018950c    00000004     --HOLE-- [fill = 0]
                  70189510    000000c4                                                       : edma.obj (.text.EDMA_mapChToEvtQ)
                  701895d4    0000000c     --HOLE-- [fill = 0]
                  701895e0    000000c0                                                       : edma.obj (.text.EDMA_configureChannelRegion)
                  701896a0    000000c0                                                       : soc_rcm.obj (.text.SOC_rcmGetPerHSDivOut)
                  70189760    000000c0                                                       : uart_v0.obj (.text.UART_flushTxFifo)
                  70189820    000000c0     nortos.am263px.r5f.ti-arm-clang.debug.lib : printf.obj (.text._out_rev)
                  701898e0    000000be                                               : ClockP_nortos.obj (.text.ClockP_timerTickIsr)
                  7018999e    00000002     --HOLE-- [fill = 0]
                  701899a0    000000be     ti_dpl_config.o (.text.TimerP_init)
                  70189a5e    00000002     --HOLE-- [fill = 0]
                  70189a60    000000ba     nortos.am263px.r5f.ti-arm-clang.debug.lib : ClockP_nortos.obj (.text.ClockP_stop)
                  70189b1a    00000006     --HOLE-- [fill = 0]
                  70189b20    000000ba     drivers.am263px.r5f.ti-arm-clang.nortos.debug.lib : ipc_notify_v1.obj (.text.IpcNotify_waitSync)
                  70189bda    00000006     --HOLE-- [fill = 0]
                  70189be0    000000ba     gateway_shared.o (.text.gateway_write_motor_states)
                  70189c9a    00000006     --HOLE-- [fill = 0]
                  70189ca0    000000ba     nortos.am263px.r5f.ti-arm-clang.debug.lib : PmuP_armv7r.obj (.text.pmu)
                  70189d5a    00000006     --HOLE-- [fill = 0]
                  70189d60    000000b0     drivers.am263px.r5f.ti-arm-clang.nortos.debug.lib : mcan.obj (.text.MCAN_writeMsgRam)
                  70189e10    000000b0                                                       : soc_rcm.obj (.text.SOC_rcmSetPeripheralClock)
                  70189ec0    000000b0                                                       : uart_v0.obj (.text.UART_init)
                  70189f70    000000ae                                                       : mcan.obj (.text.MCAN_getOffsetAddr)
                  7018a01e    00000002     --HOLE-- [fill = 0]
                  7018a020    000000ac     gateway_shared.o (.text.gateway_core1_wait_for_ready)
                  7018a0cc    00000004     --HOLE-- [fill = 0]
                  7018a0d0    000000a8     nortos.am263px.r5f.ti-arm-clang.debug.lib : ClockP_nortos.obj (.text.ClockP_addToList)
                  7018a178    00000008     --HOLE-- [fill = 0]
                  7018a180    000000a8                                               : ClockP_nortos.obj (.text.ClockP_destruct)
                  7018a228    00000008     --HOLE-- [fill = 0]
                  7018a230    000000a8     ti_drivers_open_close.o (.text.Drivers_uartOpen)
                  7018a2d8    00000008     --HOLE-- [fill = 0]
                  7018a2e0    000000a6     imu_interface_isr.o (.text.validate_yis320_checksum)
                  7018a386    0000000a     --HOLE-- [fill = 0]
                  7018a390    000000a0     drivers.am263px.r5f.ti-arm-clang.nortos.debug.lib : soc_rcm.obj (.text.SOC_rcmGetCoreHSDivOut)
                  7018a430    0000009e     gateway_shared.o (.text.gateway_core1_ipc_callback)
                  7018a4ce    00000002     --HOLE-- [fill = 0]
                  7018a4d0    0000009e     main.o (.text.ipc_notify_callback_fxn)
                  7018a56e    00000002     --HOLE-- [fill = 0]
                  7018a570    0000009e     yis320_protocol.o (.text.validate_checksum)
                  7018a60e    00000002     --HOLE-- [fill = 0]
                  7018a610    00000098     drivers.am263px.r5f.ti-arm-clang.nortos.debug.lib : ipc_notify_v1.obj (.text.IpcNotify_registerClient)
                  7018a6a8    00000008     --HOLE-- [fill = 0]
                  7018a6b0    00000096                                                       : uart_v0_lld.obj (.text.UART_subConfigTCRTLRModeEn)
                  7018a746    0000000a     --HOLE-- [fill = 0]
                  7018a750    00000092     nortos.am263px.r5f.ti-arm-clang.debug.lib : ClockP_nortos.obj (.text.ClockP_getTimeUsec)
                  7018a7e2    0000000e     --HOLE-- [fill = 0]
                  7018a7f0    00000092     drivers.am263px.r5f.ti-arm-clang.nortos.debug.lib : edma.obj (.text.EDMA_unmapChToEvtQ)
                  7018a882    0000000e     --HOLE-- [fill = 0]
                  7018a890    00000092     yis320_protocol.o (.text.yis320_convert_to_ipc)
                  7018a922    0000000e     --HOLE-- [fill = 0]
                  7018a930    0000008c     drivers.am263px.r5f.ti-arm-clang.nortos.debug.lib : edma.obj (.text.EDMA_disableTransferRegion)
                  7018a9bc    00000004     --HOLE-- [fill = 0]
                  7018a9c0    0000008c                                                       : edma.obj (.text.EDMA_enableTransferRegion)
                  7018aa4c    00000004     --HOLE-- [fill = 0]
                  7018aa50    00000088                                                       : uart_dma_edma.obj (.text.UART_edmaIsrRx)
                  7018aad8    00000008     --HOLE-- [fill = 0]
                  7018aae0    00000088                                                       : uart_dma_edma.obj (.text.UART_edmaIsrTx)
                  7018ab68    00000008     --HOLE-- [fill = 0]
                  7018ab70    00000086                                                       : uart_v0_lld.obj (.text.UART_lld_flushTxFifo)
                  7018abf6    0000000a     --HOLE-- [fill = 0]
                  7018ac00    00000086                                                       : uart_v0_lld.obj (.text.UART_tcrTlrBitValRestore)
                  7018ac86    0000000a     --HOLE-- [fill = 0]
                  7018ac90    00000082                                                       : edma.obj (.text.EDMA_allocDmaChannel)
                  7018ad12    0000000e     --HOLE-- [fill = 0]
                  7018ad20    00000082                                                       : edma.obj (.text.EDMA_allocParam)
                  7018ada2    0000000e     --HOLE-- [fill = 0]
                  7018adb0    00000082                                                       : edma.obj (.text.EDMA_allocTcc)
                  7018ae32    0000000e     --HOLE-- [fill = 0]
                  7018ae40    00000082                                                       : edma.obj (.text.EDMA_disableTccInShadowRegRegion)
                  7018aec2    0000000e     --HOLE-- [fill = 0]
                  7018aed0    00000082                                                       : edma.obj (.text.EDMA_enableTccInShadowRegRegion)
                  7018af52    0000000e     --HOLE-- [fill = 0]
                  7018af60    00000082                                                       : ipc_notify_v1.obj (.text.IpcNotify_syncAll)
                  7018afe2    0000000e     --HOLE-- [fill = 0]
                  7018aff0    00000082     imu_protocol_handler.o (.text.imu_protocol_manager_init)
                  7018b072    0000000e     --HOLE-- [fill = 0]
                  7018b080    00000080     drivers.am263px.r5f.ti-arm-clang.nortos.debug.lib : mcan.obj (.text.MCAN_addStdMsgIDFilter)
                  7018b100    00000080                                                       : uart_v0_lld.obj (.text.UART_moduleReset)
                  7018b180    0000007e     ti_drivers_config.o (.text.System_init)
                  7018b1fe    00000002     --HOLE-- [fill = 0]
                  7018b200    0000007e     drivers.am263px.r5f.ti-arm-clang.nortos.debug.lib : uart_v0_lld.obj (.text.UART_readData)
                  7018b27e    00000002     --HOLE-- [fill = 0]
                  7018b280    0000007c     nortos.am263px.r5f.ti-arm-clang.debug.lib : DebugP_log.obj (.text._DebugP_assert)
                  7018b2fc    00000004     --HOLE-- [fill = 0]
                  7018b300    0000007c     gateway_shared.o (.text.gateway_ringbuf_core1_init)
                  7018b37c    00000004     --HOLE-- [fill = 0]
                  7018b380    0000007a     drivers.am263px.r5f.ti-arm-clang.nortos.debug.lib : ipc_notify_v1.obj (.text.IpcNotify_mailboxWrite)
                  7018b3fa    00000006     --HOLE-- [fill = 0]
                  7018b400    0000007a                                                       : uart_v0.obj (.text.UART_Params_init)
                  7018b47a    00000006     --HOLE-- [fill = 0]
                  7018b480    00000078                                                       : edma.obj (.text.EDMA_linkChannel)
                  7018b4f8    00000008     --HOLE-- [fill = 0]
                  7018b500    00000074                                                       : uart_v0_lld.obj (.text.UART_IsBaseAddrValid)
                  7018b574    0000000c     --HOLE-- [fill = 0]
                  7018b580    00000074     imu_interface_isr.o (.text.parse_euler_angles)
                  7018b5f4    0000000c     --HOLE-- [fill = 0]
                  7018b600    00000074     imu_interface_isr.o (.text.parse_gyroscope)
                  7018b674    0000000c     --HOLE-- [fill = 0]
                  7018b680    00000072     nortos.am263px.r5f.ti-arm-clang.debug.lib : ClockP_nortos.obj (.text.ClockP_usleep)
                  7018b6f2    0000000e     --HOLE-- [fill = 0]
                  7018b700    00000072     drivers.am263px.r5f.ti-arm-clang.nortos.debug.lib : edma.obj (.text.EDMA_clrMissEvtRegion)
                  7018b772    0000000e     --HOLE-- [fill = 0]
                  7018b780    00000072                                                       : ipc_notify_v1.obj (.text.IpcNotify_makeMsg)
                  7018b7f2    0000000e     --HOLE-- [fill = 0]
                  7018b800    0000006e     yis320_protocol.o (.text.find_frame_header_limited)
                  7018b86e    00000002     --HOLE-- [fill = 0]
                  7018b870    0000006a     drivers.am263px.r5f.ti-arm-clang.nortos.debug.lib : ipc_notify_v1.obj (.text.IpcNotify_mailboxReadSwQ)
                  7018b8da    00000006     --HOLE-- [fill = 0]
                  7018b8e0    00000068                                                       : edma.obj (.text.EDMA_getBaseAddr)
                  7018b948    00000008     --HOLE-- [fill = 0]
                  7018b950    00000068                                                       : uart_v0_lld.obj (.text.UART_divisorValCompute)
                  7018b9b8    00000008     --HOLE-- [fill = 0]
                  7018b9c0    00000064                                                       : soc_rcm.obj (.text.SOC_rcmGetR5Clock)
                  7018ba24    0000000c     --HOLE-- [fill = 0]
                  7018ba30    00000064                                                       : soc_rcm.obj (.text.SOC_rcmIsR5FInLockStepMode)
                  7018ba94    0000000c     --HOLE-- [fill = 0]
                  7018baa0    00000064                                                       : uart_v0_lld.obj (.text.UART_fifoRegisterWrite)
                  7018bb04    0000000c     --HOLE-- [fill = 0]
                  7018bb10    00000064                                                       : uart_v0_lld.obj (.text.UART_lld_deInitDma)
                  7018bb74    0000000c     --HOLE-- [fill = 0]
                  7018bb80    00000062                                                       : mcan.obj (.text.MCAN_enableIntr)
                  7018bbe2    0000000e     --HOLE-- [fill = 0]
                  7018bbf0    00000062                                                       : mcan.obj (.text.MCAN_initTxBufElement)
                  7018bc52    0000000e     --HOLE-- [fill = 0]
                  7018bc60    00000062                                                       : soc_rcm.obj (.text.SOC_rcmInsert16)
                  7018bcc2    0000000e     --HOLE-- [fill = 0]
                  7018bcd0    00000062     nortos.am263px.r5f.ti-arm-clang.debug.lib : SemaphoreP_nortos.obj (.text.SemaphoreP_post)
                  7018bd32    0000000e     --HOLE-- [fill = 0]
                  7018bd40    00000060     drivers.am263px.r5f.ti-arm-clang.nortos.debug.lib : mcan.obj (.text.MCAN_selectIntrLine)
                  7018bda0    00000060                                                       : uart_v0_lld.obj (.text.UART_getChar)
                  7018be00    00000060                                                       : uart_v0_lld.obj (.text.UART_writeData)
                  7018be60    0000005e     yis320_protocol.o (.text.yis320_protocol_handler_init)
                  7018bebe    00000002     --HOLE-- [fill = 0]
                  7018bec0    0000005c     ti_power_clock_config.o (.text.Module_clockSetFrequency)
                  7018bf1c    00000004     --HOLE-- [fill = 0]
                  7018bf20    0000005c     drivers.am263px.r5f.ti-arm-clang.nortos.debug.lib : uart_v0_lld.obj (.text.UART_lld_deInit)
                  7018bf7c    00000004     --HOLE-- [fill = 0]
                  7018bf80    0000005c     imu_interface_isr.o (.text.parse_quaternion)
                  7018bfdc    00000004     --HOLE-- [fill = 0]
                  7018bfe0    0000005a     drivers.am263px.r5f.ti-arm-clang.nortos.debug.lib : uart_v0_lld.obj (.text.UART_regConfigModeEnable)
                  7018c03a    00000006     --HOLE-- [fill = 0]
                  7018c040    00000058                                                       : soc_rcm.obj (.text.SOC_rcmGetModuleClkDivVal)
                  7018c098    00000008     --HOLE-- [fill = 0]
                  7018c0a0    00000058     yis320_protocol.o (.text.parse_angular_velocity)
                  7018c0f8    00000008     --HOLE-- [fill = 0]
                  7018c100    00000058     yis320_protocol.o (.text.parse_euler_angles)
                  7018c158    00000008     --HOLE-- [fill = 0]
                  7018c160    00000056     drivers.am263px.r5f.ti-arm-clang.nortos.debug.lib : uart_v0.obj (.text.UART_lld_readCompleteCallback)
                  7018c1b6    0000000a     --HOLE-- [fill = 0]
                  7018c1c0    00000056                                                       : uart_v0.obj (.text.UART_lld_writeCompleteCallback)
                  7018c216    0000000a     --HOLE-- [fill = 0]
                  7018c220    00000056     gateway_shared.o (.text.gateway_write_imu_state)
                  7018c276    0000000a     --HOLE-- [fill = 0]
                  7018c280    00000056     yis320_protocol.o (.text.vtable_initialize)
                  7018c2d6    0000000a     --HOLE-- [fill = 0]
                  7018c2e0    00000054     ti_dpl_config.o (.text.Dpl_init)
                  7018c334    0000000c     --HOLE-- [fill = 0]
                  7018c340    00000054     drivers.am263px.r5f.ti-arm-clang.nortos.debug.lib : edma.obj (.text.EDMA_setPaRAM)
                  7018c394    0000000c     --HOLE-- [fill = 0]
                  7018c3a0    00000054                                                       : uart_v0_lld.obj (.text.UART_OperModeValid)
                  7018c3f4    0000000c     --HOLE-- [fill = 0]
                  7018c400    00000054     main.o (.text.main)
                  7018c454    00000054     libc.a : autoinit.c.obj (.text:__TI_auto_init_nobinit_nopinit)
                  7018c4a8    00000008     --HOLE-- [fill = 0]
                  7018c4b0    00000050     ti_drivers_open_close.o (.text.Drivers_uartClose)
                  7018c500    00000050     drivers.am263px.r5f.ti-arm-clang.nortos.debug.lib : pinmux.obj (.text.Pinmux_config)
                  7018c550    00000050                                                       : uart_v0_lld.obj (.text.UART_checkCharsAvailInFifo)
                  7018c5a0    0000004e     nortos.am263px.r5f.ti-arm-clang.debug.lib : DebugP_shmLogWriter.obj (.text.DebugP_shmLogWriterInit)
                  7018c5ee    00000002     --HOLE-- [fill = 0]
                  7018c5f0    0000004e     drivers.am263px.r5f.ti-arm-clang.nortos.debug.lib : edma.obj (.text.EDMA_clrEvtRegion)
                  7018c63e    00000002     --HOLE-- [fill = 0]
                  7018c640    0000004e                                                       : edma.obj (.text.EDMA_disableDmaEvtRegion)
                  7018c68e    00000002     --HOLE-- [fill = 0]
                  7018c690    0000004e                                                       : edma.obj (.text.EDMA_disableEvtIntrRegion)
                  7018c6de    00000002     --HOLE-- [fill = 0]
                  7018c6e0    0000004e                                                       : edma.obj (.text.EDMA_enableDmaEvtRegion)
                  7018c72e    00000002     --HOLE-- [fill = 0]
                  7018c730    0000004e                                                       : edma.obj (.text.EDMA_enableEvtIntrRegion)
                  7018c77e    00000002     --HOLE-- [fill = 0]
                  7018c780    0000004e                                                       : edma.obj (.text.EDMA_setEvtRegion)
                  7018c7ce    00000002     --HOLE-- [fill = 0]
                  7018c7d0    0000004e                                                       : gpio.obj (.text.GPIO_setDirMode)
                  7018c81e    00000002     --HOLE-- [fill = 0]
                  7018c820    0000004e                                                       : mcan.obj (.text.MCAN_enableIntrLine)
                  7018c86e    00000002     --HOLE-- [fill = 0]
                  7018c870    0000004c     nortos.am263px.r5f.ti-arm-clang.debug.lib : ClockP_nortos.obj (.text.ClockP_construct)
                  7018c8bc    00000004     --HOLE-- [fill = 0]
                  7018c8c0    0000004c     drivers.am263px.r5f.ti-arm-clang.nortos.debug.lib : edma.obj (.text.EDMA_ccPaRAMEntry_init)
                  7018c90c    00000004     --HOLE-- [fill = 0]
                  7018c910    0000004c                                                       : edma.obj (.text.EDMA_mapQdmaChToPaRAM)
                  7018c95c    00000004     --HOLE-- [fill = 0]
                  7018c960    0000004c                                                       : edma.obj (.text.EDMA_readEventStatusRegion)
                  7018c9ac    00000004     --HOLE-- [fill = 0]
                  7018c9b0    0000004c                                                       : ipc_notify_v1.obj (.text.IpcNotify_unregisterClient)
                  7018c9fc    00000004     --HOLE-- [fill = 0]
                  7018ca00    0000004c     ti_power_clock_config.o (.text.Module_clockEnable)
                  7018ca4c    00000004     --HOLE-- [fill = 0]
                  7018ca50    0000004c     gateway_shared.o (.text.gateway_update_stat)
                  7018ca9c    0000004c     libc.a : memmov.c.obj (.text.memmove)
                  7018cae8    00000008     --HOLE-- [fill = 0]
                  7018caf0    0000004c     yis320_protocol.o (.text.parse_quaternion)
                  7018cb3c    00000004     --HOLE-- [fill = 0]
                  7018cb40    0000004c     main.o (.text.timerISR)
                  7018cb8c    00000004     --HOLE-- [fill = 0]
                  7018cb90    0000004a     drivers.am263px.r5f.ti-arm-clang.nortos.debug.lib : ipc_notify_v1.obj (.text.IpcNotify_Params_init)
                  7018cbda    00000006     --HOLE-- [fill = 0]
                  7018cbe0    0000004a                                                       : soc_rcm.obj (.text.SOC_rcmGetCR5SysclkInFrequency)
                  7018cc2a    00000006     --HOLE-- [fill = 0]
                  7018cc30    0000004a                                                       : uart_v0_lld.obj (.text.UART_getIntrIdentityStatus)
                  7018cc7a    00000006     --HOLE-- [fill = 0]
                  7018cc80    0000004a                                                       : uart_v0_lld.obj (.text.UART_lineCharConfig)
                  7018ccca    00000006     --HOLE-- [fill = 0]
                  7018ccd0    0000004a     main.o (.text.motor_get_index)
                  7018cd1a    00000006     --HOLE-- [fill = 0]
                  7018cd20    00000048     can_interface.o (.text.CAN_RegisterRxCallback)
                  7018cd68    00000008     --HOLE-- [fill = 0]
                  7018cd70    00000048     drivers.am263px.r5f.ti-arm-clang.nortos.debug.lib : uart_v0_lld.obj (.text.UART_resetModule)
                  7018cdb8    00000008     --HOLE-- [fill = 0]
                  7018cdc0    00000046                                                       : uart_v0_lld.obj (.text.UART_i2310WA)
                  7018ce06    0000000a     --HOLE-- [fill = 0]
                  7018ce10    00000046                                                       : uart_v0_lld.obj (.text.UART_readLineStatus)
                  7018ce56    0000000a     --HOLE-- [fill = 0]
                  7018ce60    00000046     imu_protocol_handler.o (.text.imu_protocol_handler_init)
                  7018cea6    0000000a     --HOLE-- [fill = 0]
                  7018ceb0    00000044     drivers.am263px.r5f.ti-arm-clang.nortos.debug.lib : ipc_notify_v1.obj (.text.IpcNotify_getWriteMailbox)
                  7018cef4    0000000c     --HOLE-- [fill = 0]
                  7018cf00    00000044                                                       : soc_rcm.obj (.text.SOC_rcmExtract8)
                  7018cf44    0000000c     --HOLE-- [fill = 0]
                  7018cf50    00000044                                                       : soc_rcm.obj (.text.SOC_rcmMake16)
                  7018cf94    0000000c     --HOLE-- [fill = 0]
                  7018cfa0    00000044     nortos.am263px.r5f.ti-arm-clang.debug.lib : SemaphoreP_nortos.obj (.text.SemaphoreP_construct)
                  7018cfe4    0000000c     --HOLE-- [fill = 0]
                  7018cff0    00000044                                               : DebugP_nortos.obj (.text._DebugP_logZone)
                  7018d034    0000000c     --HOLE-- [fill = 0]
                  7018d040    00000044                                               : printf.obj (.text._strnlen_s)
                  7018d084    0000000c     --HOLE-- [fill = 0]
                  7018d090    00000042                                               : ClockP_nortos.obj (.text.ClockP_start)
                  7018d0d2    0000000e     --HOLE-- [fill = 0]
                  7018d0e0    00000042     drivers.am263px.r5f.ti-arm-clang.nortos.debug.lib : uart_v0.obj (.text.UART_checkOpenParams)
                  7018d122    0000000e     --HOLE-- [fill = 0]
                  7018d130    00000040     imu_interface_isr.o (.text.imu_uart_process_ipc_notification)
                  7018d170    0000003e     drivers.am263px.r5f.ti-arm-clang.nortos.debug.lib : pinmux.obj (.text.Pinmux_unlockMMR)
                  7018d1ae    00000002     --HOLE-- [fill = 0]
                  7018d1b0    0000003e                                                       : uart_v0_lld.obj (.text.UART_IsHWFlowCtrlValid)
                  7018d1ee    00000002     --HOLE-- [fill = 0]
                  7018d1f0    0000003e                                                       : uart_v0_lld.obj (.text.UART_spaceAvail)
                  7018d22e    00000002     --HOLE-- [fill = 0]
                  7018d230    0000003e     gateway_shared.o (.text.gateway_core1_init)
                  7018d26e    00000002     --HOLE-- [fill = 0]
                  7018d270    0000003e     gateway_shared.o (.text.gateway_update_heartbeat)
                  7018d2ae    00000002     --HOLE-- [fill = 0]
                  7018d2b0    0000003c     drivers.am263px.r5f.ti-arm-clang.nortos.debug.lib : uart_v0_lld.obj (.text.UART_IsParityTypeValid)
                  7018d2ec    00000004     --HOLE-- [fill = 0]
                  7018d2f0    0000003c                                                       : uart_v0_lld.obj (.text.UART_IsTxRxFifoEmpty)
                  7018d32c    00000004     --HOLE-- [fill = 0]
                  7018d330    0000003c                                                       : uart_v0_lld.obj (.text.UART_enhanFuncEnable)
                  7018d36c    00000004     --HOLE-- [fill = 0]
                  7018d370    0000003a                                                       : mcan.obj (.text.MCAN_txBufAddReq)
                  7018d3aa    00000006     --HOLE-- [fill = 0]
                  7018d3b0    0000003a                                                       : soc.obj (.text.SOC_moduleSetClockFrequency)
                  7018d3ea    00000006     --HOLE-- [fill = 0]
                  7018d3f0    0000003a     nortos.am263px.r5f.ti-arm-clang.debug.lib : printf.obj (.text._atoi)
                  7018d42a    00000006     --HOLE-- [fill = 0]
                  7018d430    0000003a     main.o (.text.init_1000hz_timer)
                  7018d46a    00000006     --HOLE-- [fill = 0]
                  7018d470    0000003a     nortos.am263px.r5f.ti-arm-clang.debug.lib : printf.obj (.text.snprintf_)
                  7018d4aa    00000006     --HOLE-- [fill = 0]
                  7018d4b0    00000038     drivers.am263px.r5f.ti-arm-clang.nortos.debug.lib : soc.obj (.text.SOC_getCoreName)
                  7018d4e8    00000038     nortos.am263px.r5f.ti-arm-clang.debug.lib : PmuP_armv7r_asm.obj (.text.pmu)
                  7018d520    00000038     yis320_protocol.o (.text.vtable_is_connected)
                  7018d558    00000008     --HOLE-- [fill = 0]
                  7018d560    00000036     drivers.am263px.r5f.ti-arm-clang.nortos.debug.lib : edma.obj (.text.EDMA_getRegionId)
                  7018d596    0000000a     --HOLE-- [fill = 0]
                  7018d5a0    00000036                                                       : gpio.obj (.text.GPIO_pinRead)
                  7018d5d6    0000000a     --HOLE-- [fill = 0]
                  7018d5e0    00000036     imu_interface_isr.o (.text.GPIO_pinWriteHigh)
                  7018d616    0000000a     --HOLE-- [fill = 0]
                  7018d620    00000036     can_interface.o (.text.GPIO_pinWriteLow)
                  7018d656    0000000a     --HOLE-- [fill = 0]
                  7018d660    00000036     imu_interface_isr.o (.text.GPIO_pinWriteLow)
                  7018d696    0000000a     --HOLE-- [fill = 0]
                  7018d6a0    00000036     ti_drivers_config.o (.text.GPIO_pinWriteLow)
                  7018d6d6    0000000a     --HOLE-- [fill = 0]
                  7018d6e0    00000036     drivers.am263px.r5f.ti-arm-clang.nortos.debug.lib : ipc_notify_v1.obj (.text.IpcNotify_syncCallback)
                  7018d716    0000000a     --HOLE-- [fill = 0]
                  7018d720    00000034                                                       : mcan.obj (.text.MCAN_SsAddr)
                  7018d754    0000000c     --HOLE-- [fill = 0]
                  7018d760    00000034                                                       : mcan.obj (.text.MCAN_calcCfgAddr)
                  7018d794    0000000c     --HOLE-- [fill = 0]
                  7018d7a0    00000034                                                       : pinmux.obj (.text.Pinmux_lockMMR)
                  7018d7d4    0000000c     --HOLE-- [fill = 0]
                  7018d7e0    00000034     nortos.am263px.r5f.ti-arm-clang.debug.lib : TimerP_rti_priv.obj (.text.TimerP_Params_initPriv)
                  7018d814    0000000c     --HOLE-- [fill = 0]
                  7018d820    00000034     drivers.am263px.r5f.ti-arm-clang.nortos.debug.lib : uart_v0_lld.obj (.text.UART_IsDataLengthValid)
                  7018d854    0000000c     --HOLE-- [fill = 0]
                  7018d860    00000034     motor_mapping.o (.text.motor_get_config)
                  7018d894    0000000c     --HOLE-- [fill = 0]
                  7018d8a0    00000032     drivers.am263px.r5f.ti-arm-clang.nortos.debug.lib : mcan.obj (.text.HW_WR_FIELD32_RAW)
                  7018d8d2    0000000e     --HOLE-- [fill = 0]
                  7018d8e0    00000032                                                       : uart_v0_lld.obj (.text.HW_WR_FIELD32_RAW)
                  7018d912    0000000e     --HOLE-- [fill = 0]
                  7018d920    00000032                                                       : ipc_notify_v1.obj (.text.IpcNotify_mailboxIsPendingIntr)
                  7018d952    0000000e     --HOLE-- [fill = 0]
                  7018d960    00000032     nortos.am263px.r5f.ti-arm-clang.debug.lib : TimerP_rti_priv.obj (.text.TimerP_getCountPriv)
                  7018d992    0000000e     --HOLE-- [fill = 0]
                  7018d9a0    00000032     drivers.am263px.r5f.ti-arm-clang.nortos.debug.lib : uart_v0_lld.obj (.text.UART_enhanFuncBitValRestore)
                  7018d9d2    0000000e     --HOLE-- [fill = 0]
                  7018d9e0    00000032                                                       : uart_v0_lld.obj (.text.UART_hardwareFlowCtrlOptSet)
                  7018da12    0000000e     --HOLE-- [fill = 0]
                  7018da20    00000030                                                       : ipc_notify_v1.obj (.text.IpcNotify_getReadSwQ)
                  7018da50    00000030                                                       : uart_v0_lld.obj (.text.UART_flowCtrlTrigLvlConfig)
                  7018da80    00000030     gateway_shared.o (.text.gateway_signal_motor_config_ready)
                  7018dab0    0000002e     drivers.am263px.r5f.ti-arm-clang.nortos.debug.lib : uart_dma_edma.obj (.text.UART_lld_dmaInit)
                  7018dade    00000002     --HOLE-- [fill = 0]
                  7018dae0    0000002e     nortos.am263px.r5f.ti-arm-clang.debug.lib : printf.obj (.text._is_digit)
                  7018db0e    00000002     --HOLE-- [fill = 0]
                  7018db10    0000002c                                               : DebugP_log.obj (.text.DebugP_logZoneEnable)
                  7018db3c    00000004     --HOLE-- [fill = 0]
                  7018db40    0000002c     drivers.am263px.r5f.ti-arm-clang.nortos.debug.lib : ipc_notify_v1.obj (.text.IpcNotify_getReadMailbox)
                  7018db6c    00000004     --HOLE-- [fill = 0]
                  7018db70    0000002c                                                       : mcan.obj (.text.MCAN_clearNewDataStatus)
                  7018db9c    00000004     --HOLE-- [fill = 0]
                  7018dba0    0000002c                                                       : mcan.obj (.text.MCAN_getNewDataStatus)
                  7018dbcc    00000004     --HOLE-- [fill = 0]
                  7018dbd0    0000002c     nortos.am263px.r5f.ti-arm-clang.debug.lib : SemaphoreP_nortos.obj (.text.SemaphoreP_constructBinary)
                  7018dbfc    00000004     --HOLE-- [fill = 0]
                  7018dc00    0000002c     yis320_protocol.o (.text.vtable_deinit)
                  7018dc2c    00000004     --HOLE-- [fill = 0]
                  7018dc30    0000002a     nortos.am263px.r5f.ti-arm-clang.debug.lib : ClockP_nortos.obj (.text.ClockP_sleepTicks)
                  7018dc5a    00000006     --HOLE-- [fill = 0]
                  7018dc60    0000002a     drivers.am263px.r5f.ti-arm-clang.nortos.debug.lib : uart_v0_lld.obj (.text.UART_intr2Disable)
                  7018dc8a    00000006     --HOLE-- [fill = 0]
                  7018dc90    0000002a                                                       : uart_v0_lld.obj (.text.UART_operatingModeSelect)
                  7018dcba    00000006     --HOLE-- [fill = 0]
                  7018dcc0    00000028     nortos.am263px.r5f.ti-arm-clang.debug.lib : CpuId_armv7r.obj (.text.CSL_armR5GetCpuID)
                  7018dce8    00000008     --HOLE-- [fill = 0]
                  7018dcf0    00000028                                               : printf.obj (.text.vprintf_)
                  7018dd18    00000008     --HOLE-- [fill = 0]
                  7018dd20    00000026     drivers.am263px.r5f.ti-arm-clang.nortos.debug.lib : edma.obj (.text.EDMA_disableQdmaEvtRegion)
                  7018dd46    0000000a     --HOLE-- [fill = 0]
                  7018dd50    00000026                                                       : edma.obj (.text.EDMA_enableQdmaEvtRegion)
                  7018dd76    0000000a     --HOLE-- [fill = 0]
                  7018dd80    00000026                                                       : edma.obj (.text.EDMA_validateIntrObject)
                  7018dda6    0000000a     --HOLE-- [fill = 0]
                  7018ddb0    00000026     ti_drivers_config.o (.text.IpcNotify_allocSwQueue)
                  7018ddd6    0000000a     --HOLE-- [fill = 0]
                  7018dde0    00000026     nortos.am263px.r5f.ti-arm-clang.debug.lib : printf.obj (.text._out_buffer)
                  7018de06    0000000a     --HOLE-- [fill = 0]
                  7018de10    00000024     ti_drivers_config.o (.text.IpcNotify_getConfig)
                  7018de34    0000000c     --HOLE-- [fill = 0]
                  7018de40    00000024     nortos.am263px.r5f.ti-arm-clang.debug.lib : SemaphoreP_nortos.obj (.text.SemaphoreP_constructMutex)
                  7018de64    0000000c     --HOLE-- [fill = 0]
                  7018de70    00000024     drivers.am263px.r5f.ti-arm-clang.nortos.debug.lib : uart_v0_lld.obj (.text.UART_IsRxTrigLvlValid)
                  7018de94    0000000c     --HOLE-- [fill = 0]
                  7018dea0    00000024                                                       : uart_v0_lld.obj (.text.UART_IsStopBitsValid)
                  7018dec4    0000000c     --HOLE-- [fill = 0]
                  7018ded0    00000024                                                       : uart_v0_lld.obj (.text.UART_IsTxTrigLvlValid)
                  7018def4    0000000c     --HOLE-- [fill = 0]
                  7018df00    00000024                                                       : uart_v0.obj (.text.UART_getBaseAddr)
                  7018df24    00000024     libclang_rt.builtins.a : aeabi_uldivmod.S.obj (.text.__aeabi_uldivmod)
                  7018df48    00000008     --HOLE-- [fill = 0]
                  7018df50    00000024     nortos.am263px.r5f.ti-arm-clang.debug.lib : printf.obj (.text._out_char)
                  7018df74    0000000c     --HOLE-- [fill = 0]
                  7018df80    00000022     drivers.am263px.r5f.ti-arm-clang.nortos.debug.lib : edma.obj (.text.EDMA_channelToParamMap)
                  7018dfa2    0000000e     --HOLE-- [fill = 0]
                  7018dfb0    00000022     gateway_shared.o (.text.gateway_ringbuf_core1_receive)
                  7018dfd2    0000000e     --HOLE-- [fill = 0]
                  7018dfe0    00000020     nortos.am263px.r5f.ti-arm-clang.debug.lib : ClockP_nortos.obj (.text.ClockP_isActive)
                  7018e000    00000020                                               : ClockP_nortos.obj (.text.ClockP_usecToTicks)
                  7018e020    00000020     drivers.am263px.r5f.ti-arm-clang.nortos.debug.lib : mcan.obj (.text.HW_RD_FIELD32_RAW)
                  7018e040    00000020                                                       : uart_v0_lld.obj (.text.HW_RD_FIELD32_RAW)
                  7018e060    00000020     imu_interface_isr.o (.text.reset_parser)
                  7018e080    0000001e     nortos.am263px.r5f.ti-arm-clang.debug.lib : ClockP_nortos.obj (.text.ClockP_Params_init)
                  7018e09e    00000002     --HOLE-- [fill = 0]
                  7018e0a0    0000001e     drivers.am263px.r5f.ti-arm-clang.nortos.debug.lib : edma.obj (.text.EDMA_getEventStatusHigh)
                  7018e0be    00000002     --HOLE-- [fill = 0]
                  7018e0c0    0000001e                                                       : mcan.obj (.text.MCAN_setOpMode)
                  7018e0de    00000002     --HOLE-- [fill = 0]
                  7018e0e0    0000001e                                                       : soc.obj (.text.SOC_getSelfCpuClk)
                  7018e0fe    00000002     --HOLE-- [fill = 0]
                  7018e100    0000001e                                                       : soc.obj (.text.SOC_moduleClockEnable)
                  7018e11e    00000002     --HOLE-- [fill = 0]
                  7018e120    0000001e     ti_dpl_config.o (.text.TimerP_isr0)
                  7018e13e    00000002     --HOLE-- [fill = 0]
                  7018e140    0000001e     drivers.am263px.r5f.ti-arm-clang.nortos.debug.lib : uart_v0_lld.obj (.text.UART_breakCtl)
                  7018e15e    00000002     --HOLE-- [fill = 0]
                  7018e160    0000001e                                                       : uart_v0_lld.obj (.text.UART_lld_Transaction_deInit)
                  7018e17e    00000002     --HOLE-- [fill = 0]
                  7018e180    0000001c                                                       : edma.obj (.text.EDMA_getEventStatus)
                  7018e19c    00000004     --HOLE-- [fill = 0]
                  7018e1a0    0000001c                                                       : mcan.obj (.text.MCAN_writeProtectedRegAccessLock)
                  7018e1bc    00000004     --HOLE-- [fill = 0]
                  7018e1c0    0000001c                                                       : mcan.obj (.text.MCAN_writeProtectedRegAccessUnlock)
                  7018e1dc    00000004     --HOLE-- [fill = 0]
                  7018e1e0    0000001c                                                       : uart_v0_lld.obj (.text.UART_IsParameter)
                  7018e1fc    0000001c     libc.a : memcpy32.S.obj (.text:TI_memcpy_small)
                  7018e218    00000008     --HOLE-- [fill = 0]
                  7018e220    0000001a     drivers.am263px.r5f.ti-arm-clang.nortos.debug.lib : mcan.obj (.text.MCAN_clearIntrStatus)
                  7018e23a    00000006     --HOLE-- [fill = 0]
                  7018e240    0000001a                                                       : mcan.obj (.text.MCAN_getOpMode)
                  7018e25a    00000006     --HOLE-- [fill = 0]
                  7018e260    0000001a                                                       : uart_v0_lld.obj (.text.UART_fifoCharGet)
                  7018e27a    00000006     --HOLE-- [fill = 0]
                  7018e280    0000001a                                                       : uart_v0_lld.obj (.text.UART_timeGuardConfig)
                  7018e29a    00000006     --HOLE-- [fill = 0]
                  7018e2a0    00000018     nortos.am263px.r5f.ti-arm-clang.debug.lib : ClockP_nortos.obj (.text.ClockP_ticksToUsec)
                  7018e2b8    00000008     --HOLE-- [fill = 0]
                  7018e2c0    00000018     drivers.am263px.r5f.ti-arm-clang.nortos.debug.lib : edma.obj (.text.EDMA_isInterruptEnabled)
                  7018e2d8    00000008     --HOLE-- [fill = 0]
                  7018e2e0    00000018                                                       : ipc_notify_v1.obj (.text.IpcNotify_mailboxClearAllInt)
                  7018e2f8    00000008     --HOLE-- [fill = 0]
                  7018e300    00000018                                                       : ipc_notify_v1_cfg.obj (.text.IpcNotify_trigInterrupt)
                  7018e318    00000008     --HOLE-- [fill = 0]
                  7018e320    00000018     nortos.am263px.r5f.ti-arm-clang.debug.lib : SemaphoreP_nortos.obj (.text.SemaphoreP_Params_init)
                  7018e338    00000008     --HOLE-- [fill = 0]
                  7018e340    00000018                                               : TimerP_rti_priv.obj (.text.TimerP_getReloadCountPriv)
                  7018e358    00000008     --HOLE-- [fill = 0]
                  7018e360    00000018     drivers.am263px.r5f.ti-arm-clang.nortos.debug.lib : uart_v0_lld.obj (.text.UART_divisorLatchDisable)
                  7018e378    00000008     --HOLE-- [fill = 0]
                  7018e380    00000018                                                       : uart_v0_lld.obj (.text.UART_modemControlReset)
                  7018e398    00000008     --HOLE-- [fill = 0]
                  7018e3a0    00000018                                                       : uart_v0_lld.obj (.text.UART_putChar)
                  7018e3b8    00000018     libc.a : memset32.S.obj (.text:TI_memset_small)
                  7018e3d0    00000016     drivers.am263px.r5f.ti-arm-clang.nortos.debug.lib : ipc_notify_v1.obj (.text.IpcNotify_sendSync)
                  7018e3e6    0000000a     --HOLE-- [fill = 0]
                  7018e3f0    00000016                                                       : mcan.obj (.text.MCAN_getIntrStatus)
                  7018e406    0000000a     --HOLE-- [fill = 0]
                  7018e410    00000016     nortos.am263px.r5f.ti-arm-clang.debug.lib : TimerP_rti_priv.obj (.text.TimerP_startPriv)
                  7018e426    0000000a     --HOLE-- [fill = 0]
                  7018e430    00000016                                               : TimerP_rti_priv.obj (.text.TimerP_stopPriv)
                  7018e446    0000000a     --HOLE-- [fill = 0]
                  7018e450    00000016     drivers.am263px.r5f.ti-arm-clang.nortos.debug.lib : uart_v0_lld.obj (.text.UART_divideRoundCloset)
                  7018e466    0000000a     --HOLE-- [fill = 0]
                  7018e470    00000016                                                       : uart_v0_lld.obj (.text.UART_regConfModeRestore)
                  7018e486    0000000a     --HOLE-- [fill = 0]
                  7018e490    00000014                                                       : edma.obj (.text.HW_WR_REG16_RAW)
                  7018e4a4    0000000c     --HOLE-- [fill = 0]
                  7018e4b0    00000014                                                       : ipc_notify_v1.obj (.text.IpcNotify_mailboxClearPendingIntr)
                  7018e4c4    0000000c     --HOLE-- [fill = 0]
                  7018e4d0    00000014                                                       : soc_rcm.obj (.text.SOC_rcmGetModuleClkDivFromRegVal)
                  7018e4e4    0000000c     --HOLE-- [fill = 0]
                  7018e4f0    00000014     nortos.am263px.r5f.ti-arm-clang.debug.lib : TimerP_rti_priv.obj (.text.TimerP_clearOverflowIntPriv)
                  7018e504    0000000c     --HOLE-- [fill = 0]
                  7018e510    00000014                                               : TimerP_rti_nortos.obj (.text.TimerP_setup)
                  7018e524    0000000c     --HOLE-- [fill = 0]
                  7018e530    00000014     ti_dpl_config.o (.text.putchar_)
                  7018e544    0000000c     --HOLE-- [fill = 0]
                  7018e550    00000012     ti_pinmux_config.o (.text.Pinmux_init)
                  7018e562    0000000e     --HOLE-- [fill = 0]
                  7018e570    00000012     imu_protocol_handler.o (.text.imu_initialize)
                  7018e582    0000000e     --HOLE-- [fill = 0]
                  7018e590    00000012     yis320_protocol.o (.text.yis320_get_timestamp_ms)
                  7018e5a2    0000000e     --HOLE-- [fill = 0]
                  7018e5b0    00000010     can_interface.o (.text.CSL_REG32_WR_RAW)
                  7018e5c0    00000010     drivers.am263px.r5f.ti-arm-clang.nortos.debug.lib : pinmux.obj (.text.CSL_REG32_WR_RAW)
                  7018e5d0    00000010                                                       : soc.obj (.text.CSL_REG32_WR_RAW)
                  7018e5e0    00000010     imu_interface_isr.o (.text.CSL_REG32_WR_RAW)
                  7018e5f0    00000010     ti_drivers_config.o (.text.CSL_REG32_WR_RAW)
                  7018e600    00000010     nortos.am263px.r5f.ti-arm-clang.debug.lib : ClockP_nortos_r5.obj (.text.ClockP_getTimerCount)
                  7018e610    00000010                                               : ClockP_nortos_r5.obj (.text.ClockP_timerClearOverflowInt)
                  7018e620    00000010     drivers.am263px.r5f.ti-arm-clang.nortos.debug.lib : edma.obj (.text.HW_RD_REG32_RAW)
                  7018e630    00000010                                                       : mcan.obj (.text.HW_RD_REG32_RAW)
                  7018e640    00000010                                                       : uart_v0_lld.obj (.text.HW_RD_REG32_RAW)
                  7018e650    00000010                                                       : edma.obj (.text.HW_WR_REG32_RAW)
                  7018e660    00000010                                                       : mcan.obj (.text.HW_WR_REG32_RAW)
                  7018e670    00000010                                                       : uart_v0_lld.obj (.text.HW_WR_REG32_RAW)
                  7018e680    00000010                                                       : ipc_notify_v1.obj (.text.IpcNotify_mailboxGetPendingIntr)
                  7018e690    00000010     nortos.am263px.r5f.ti-arm-clang.debug.lib : TimerP_rti_nortos.obj (.text.TimerP_Params_init)
                  7018e6a0    00000010                                               : TimerP_rti_nortos.obj (.text.TimerP_clearOverflowInt)
                  7018e6b0    00000010                                               : TimerP_rti_nortos.obj (.text.TimerP_getCount)
                  7018e6c0    00000010                                               : TimerP_rti_nortos.obj (.text.TimerP_getReloadCount)
                  7018e6d0    00000010                                               : TimerP_rti_nortos.obj (.text.TimerP_start)
                  7018e6e0    00000010                                               : printf.obj (.text._out_null)
                  7018e6f0    00000010     gateway_shared.o (.text.gateway_notify_imu_ready)
                  7018e700    00000010     gateway_shared.o (.text.gateway_notify_states_ready)
                  7018e710    0000000e     yis320_protocol.o (.text.yis320_uart_configure)
                  7018e71e    00000002     --HOLE-- [fill = 0]
                  7018e720    0000000c     ti_board_open_close.o (.text.Board_driversOpen)
                  7018e72c    00000004     --HOLE-- [fill = 0]
                  7018e730    0000000c     nortos.am263px.r5f.ti-arm-clang.debug.lib : ClockP_nortos.obj (.text.ClockP_getTicks)
                  7018e73c    00000004     --HOLE-- [fill = 0]
                  7018e740    0000000c     ti_drivers_open_close.o (.text.Drivers_open)
                  7018e74c    00000004     --HOLE-- [fill = 0]
                  7018e750    0000000c     ti_power_clock_config.o (.text.PowerClock_init)
                  7018e75c    00000004     --HOLE-- [fill = 0]
                  7018e760    0000000c     imu_interface_isr.o (.text.parse_int32_le)
                  7018e76c    00000004     --HOLE-- [fill = 0]
                  7018e770    0000000c     yis320_protocol.o (.text.vtable_read_data)
                  7018e77c    00000004     --HOLE-- [fill = 0]
                  7018e780    0000000a     nortos.am263px.r5f.ti-arm-clang.debug.lib : HwiP_armv7r_vim.obj (.text.Hwip_dataAndInstructionBarrier)
                  7018e78a    00000006     --HOLE-- [fill = 0]
                  7018e790    0000000a     drivers.am263px.r5f.ti-arm-clang.nortos.debug.lib : ipc_notify_v1.obj (.text.IpcNotify_dataAndInstructionBarrier)
                  7018e79a    00000006     --HOLE-- [fill = 0]
                  7018e7a0    0000000a                                                       : soc_rcm.obj (.text.SOC_rcmGetBaseAddressMSSRCM)
                  7018e7aa    00000006     --HOLE-- [fill = 0]
                  7018e7b0    0000000a                                                       : uart_dma_edma.obj (.text.UART_edmaDoNothing)
                  7018e7ba    00000006     --HOLE-- [fill = 0]
                  7018e7c0    0000000a     gateway_shared.o (.text.gateway_memory_barrier)
                  7018e7ca    00000006     --HOLE-- [fill = 0]
                  7018e7d0    0000000a     gateway_shared.o (.text.ringbuf_get_ptr)
                  7018e7da    00000006     --HOLE-- [fill = 0]
                  7018e7e0    00000008     ti_drivers_config.o (.text.Drivers_uartInit)
                  7018e7e8    00000008     --HOLE-- [fill = 0]
                  7018e7f0    00000008     drivers.am263px.r5f.ti-arm-clang.nortos.debug.lib : soc_rcm.obj (.text.SOC_rcmGetBaseAddressMSSCTRL)
                  7018e7f8    00000008     --HOLE-- [fill = 0]
                  7018e800    00000008                                                       : soc_rcm.obj (.text.SOC_rcmGetBaseAddressTOPRCM)
                  7018e808    00000008     --HOLE-- [fill = 0]
                  7018e810    00000008     nortos.am263px.r5f.ti-arm-clang.debug.lib : SemaphoreP_nortos.obj (.text.SemaphoreP_destruct)
                  7018e818    00000008     --HOLE-- [fill = 0]
                  7018e820    00000002     ti_board_open_close.o (.text.Board_driversClose)
                  7018e822    0000000e     --HOLE-- [fill = 0]
                  7018e830    00000002     ti_board_config.o (.text.Board_init)
                  7018e832    0000000e     --HOLE-- [fill = 0]
                  7018e840    00000002     ti_drivers_open_close.o (.text.Drivers_mcanOpen)
                  7018e842    0000000e     --HOLE-- [fill = 0]
                  7018e850    00000002     drivers.am263px.r5f.ti-arm-clang.nortos.debug.lib : ipc_notify_v1_cfg.obj (.text.IpcNotify_wait)
                  7018e852    0000000e     --HOLE-- [fill = 0]
                  7018e860    00000002     nortos.am263px.r5f.ti-arm-clang.debug.lib : TaskP_nortos.obj (.text.TaskP_yield)
                  7018e862    0000000e     --HOLE-- [fill = 0]

.rodata    0    7018e870    00001e08     
                  7018e870    00000450     motor_mapping.o (.rodata.motor_config_table)
                  7018ecc0    00000084     ti_dpl_config.o (.rodata.cfg)
                  7018ed44    00000004     nortos.am263px.r5f.ti-arm-clang.debug.lib : CacheP_armv7r.obj (.rodata.gCacheL1dCacheLineSize)
                  7018ed48    00000050                                               : printf.obj (.rodata._ftoa.pow10)
                  7018ed98    0000004d     gateway_shared.o (.rodata.str1.3223734256326991069.1)
                  7018ede5    0000004c     main.o (.rodata.str1.14466178792657420020.1)
                  7018ee31    0000004c     main.o (.rodata.str1.8320541211001259012.1)
                  7018ee7d    00000003     can_interface.o (.rodata.str1.15257894921296593044.1)
                  7018ee80    00000048     drivers.am263px.r5f.ti-arm-clang.nortos.debug.lib : soc_rcm.obj (.rodata.gADPLLJConfigTbl)
                  7018eec8    00000048     main.o (.rodata.str1.11321157723316767883.1)
                  7018ef10    00000045     main.o (.rodata.str1.1311392489248731986.1)
                  7018ef55    00000043     main.o (.rodata.str1.14079361385603432444.1)
                  7018ef98    00000042     main.o (.rodata.str1.3530083166107438000.1)
                  7018efda    00000002     drivers.am263px.r5f.ti-arm-clang.nortos.debug.lib : soc_rcm.obj (.rodata.gCR5ClkSrcInfoMap)
                  7018efdc    00000040                                                       : mcan.obj (.rodata.gDataSize)
                  7018f01c    00000040                                                       : ipc_notify_v1.obj (.rodata.str1.10118846006578224169.1)
                  7018f05c    00000040     gateway_shared.o (.rodata.str1.1309647279537151951.1)
                  7018f09c    00000040     main.o (.rodata.str1.8096991282711418442.1)
                  7018f0dc    0000003f     imu_interface_isr.o (.rodata.str1.5126834218174521685.1)
                  7018f11b    0000003d     main.o (.rodata.str1.10313062130652730376.1)
                  7018f158    0000003d     nortos.am263px.r5f.ti-arm-clang.debug.lib : TimerP_rti_priv.obj (.rodata.str1.11388379688747141303.1)
                  7018f195    0000003d     main.o (.rodata.str1.2563708670032483588.1)
                  7018f1d2    0000003c     main.o (.rodata.str1.2123964117280943167.1)
                  7018f20e    0000003b     can_interface.o (.rodata.str1.10186677634541030339.1)
                  7018f249    0000003b     can_interface.o (.rodata.str1.13942422985958650841.1)
                  7018f284    0000003b     imu_interface_isr.o (.rodata.str1.6306445455767916371.1)
                  7018f2bf    00000039     can_interface.o (.rodata.str1.17855712168153945246.1)
                  7018f2f8    00000039     can_interface.o (.rodata.str1.6531933829109918715.1)
                  7018f331    00000039     can_interface.o (.rodata.str1.6806839034663112933.1)
                  7018f36a    00000038     gateway_shared.o (.rodata.str1.8694082244888993162.1)
                  7018f3a2    00000037     gateway_shared.o (.rodata.str1.10638658715010209595.1)
                  7018f3d9    00000037     gateway_shared.o (.rodata.str1.5629998949668554045.1)
                  7018f410    00000036     can_interface.o (.rodata.str1.15094798983471906066.1)
                  7018f446    00000035     main.o (.rodata.str1.14402440632258215044.1)
                  7018f47b    00000035     can_interface.o (.rodata.str1.14428574951410983152.1)
                  7018f4b0    00000035     imu_interface_isr.o (.rodata.str1.15503275091179387347.1)
                  7018f4e5    00000035     main.o (.rodata.str1.16631870348416990953.1)
                  7018f51a    00000035     imu_interface_isr.o (.rodata.str1.2252785669688110604.1)
                  7018f54f    00000035     can_interface.o (.rodata.str1.6692020027550076815.1)
                  7018f584    00000035     ti_drivers_open_close.o (.rodata.str1.871795152488895636.1)
                  7018f5b9    00000034     main.o (.rodata.str1.14112174005742061988.1)
                  7018f5ed    00000034     main.o (.rodata.str1.2763581881760962609.1)
                  7018f621    00000033     can_interface.o (.rodata.str1.14845445665763636722.1)
                  7018f654    00000033     main.o (.rodata.str1.18092426736022315238.1)
                  7018f687    00000033     main.o (.rodata.str1.5043408953494467246.1)
                  7018f6ba    00000033     can_interface.o (.rodata.str1.6401568125276999251.1)
                  7018f6ed    00000031     gateway_shared.o (.rodata.str1.6121471336334202706.1)
                  7018f71e    00000031     motor_mapping.o (.rodata.str1.8787205977826144616.1)
                  7018f74f    00000030     main.o (.rodata.str1.8154729771448623357.1)
                  7018f77f    00000030     imu_interface_isr.o (.rodata.str1.9168798226845388136.1)
                  7018f7af    0000002f     main.o (.rodata.str1.16302215771116645891.1)
                  7018f7de    0000002f     gateway_shared.o (.rodata.str1.3129942817937968154.1)
                  7018f80d    0000002f     main.o (.rodata.str1.9059077390166914652.1)
                  7018f83c    0000002f     drivers.am263px.r5f.ti-arm-clang.nortos.debug.lib : ipc_notify_v1.obj (.rodata.str1.9418228565027791152.1)
                  7018f86b    0000002e     can_interface.o (.rodata.str1.11024350005305706282.1)
                  7018f899    0000002e     gateway_shared.o (.rodata.str1.11051107022181534624.1)
                  7018f8c7    0000002e     main.o (.rodata.str1.11870794119293528247.1)
                  7018f8f5    0000002e     gateway_shared.o (.rodata.str1.9859227269409816370.1)
                  7018f923    0000002d     can_interface.o (.rodata.str1.10130696897761414469.1)
                  7018f950    0000002d     main.o (.rodata.str1.10635229749459437609.1)
                  7018f97d    0000002d     main.o (.rodata.str1.13288086030101331538.1)
                  7018f9aa    0000002d     main.o (.rodata.str1.13782249893155712474.1)
                  7018f9d7    0000002d     can_interface.o (.rodata.str1.150960857071891705.1)
                  7018fa04    0000002d     can_interface.o (.rodata.str1.17857559882412085052.1)
                  7018fa31    0000002c     imu_interface_isr.o (.rodata.str1.13916086747295221358.1)
                  7018fa5d    0000002c     gateway_shared.o (.rodata.str1.7167262159681625771.1)
                  7018fa89    0000002c     main.o (.rodata.str1.8076846746581808073.1)
                  7018fab5    0000002b     imu_interface_isr.o (.rodata.str1.12147274931821300989.1)
                  7018fae0    0000002b     main.o (.rodata.str1.18227636981041470289.1)
                  7018fb0b    0000002b     can_interface.o (.rodata.str1.3858671167962548137.1)
                  7018fb36    0000002a     nortos.am263px.r5f.ti-arm-clang.debug.lib : DebugP_log.obj (.rodata.str1.227947788441500939.1)
                  7018fb60    0000002a     main.o (.rodata.str1.2846389346932560359.1)
                  7018fb8a    00000029     can_interface.o (.rodata.str1.357542981605220142.1)
                  7018fbb3    00000029     main.o (.rodata.str1.6554448696319176064.1)
                  7018fbdc    00000029     can_interface.o (.rodata.str1.7679921882182829519.1)
                  7018fc05    00000029     main.o (.rodata.str1.7996925722583989644.1)
                  7018fc2e    00000029     main.o (.rodata.str1.8108965883388295311.1)
                  7018fc57    00000028     main.o (.rodata.str1.15159059442110792349.1)
                  7018fc7f    00000027     nortos.am263px.r5f.ti-arm-clang.debug.lib : ClockP_nortos_r5.obj (.rodata.str1.12743090444791882666.1)
                  7018fca6    00000027     main.o (.rodata.str1.7784929982665794503.1)
                  7018fccd    00000026     gateway_shared.o (.rodata.str1.17046880449980016103.1)
                  7018fcf3    00000026     can_interface.o (.rodata.str1.2167712102046818855.1)
                  7018fd19    00000026     gateway_shared.o (.rodata.str1.5761821093615868877.1)
                  7018fd3f    00000025     main.o (.rodata.str1.15996357275703397564.1)
                  7018fd64    00000024     can_interface.o (.rodata.str1.17339864536769639315.1)
                  7018fd88    00000024     main.o (.rodata.str1.39260288392874984.1)
                  7018fdac    00000024     can_interface.o (.rodata.str1.4211222669969280216.1)
                  7018fdd0    00000024     main.o (.rodata.str1.6891813955777630061.1)
                  7018fdf4    00000024     main.o (.rodata.str1.7702501944640899365.1)
                  7018fe18    00000023     drivers.am263px.r5f.ti-arm-clang.nortos.debug.lib : soc_rcm.obj (.rodata.str1.2078190104202520215.1)
                  7018fe3b    00000023     nortos.am263px.r5f.ti-arm-clang.debug.lib : ClockP_nortos_r5.obj (.rodata.str1.7689125538912326484.1)
                  7018fe5e    00000022     drivers.am263px.r5f.ti-arm-clang.nortos.debug.lib : edma.obj (.rodata.str1.12976018205622752890.1)
                  7018fe80    00000021     can_interface.o (.rodata.str1.12573338884863454617.1)
                  7018fea1    00000021     nortos.am263px.r5f.ti-arm-clang.debug.lib : ClockP_nortos_r5.obj (.rodata.str1.8559540482768925367.1)
                  7018fec2    00000002     --HOLE-- [fill = 0]
                  7018fec4    00000020     drivers.am263px.r5f.ti-arm-clang.nortos.debug.lib : mcan.obj (.rodata.gMsgObjSize)
                  7018fee4    00000020     can_interface.o (.rodata.g_mcan_base_addr)
                  7018ff04    00000020     can_interface.o (.rodata.g_mcan_intr_num)
                  7018ff24    00000020     can_interface.o (.rodata.g_mcan_rcm_id)
                  7018ff44    00000020     main.o (.rodata.str1.16265332423659789559.1)
                  7018ff64    00000020     drivers.am263px.r5f.ti-arm-clang.nortos.debug.lib : uart_v0.obj (.rodata.str1.16594507886308206351.1)
                  7018ff84    00000020                                                       : ipc_notify_v1.obj (.rodata.str1.2046905611612007019.1)
                  7018ffa4    0000001f     can_interface.o (.rodata.str1.14695538922052102695.1)
                  7018ffc3    0000001f     nortos.am263px.r5f.ti-arm-clang.debug.lib : ClockP_nortos_r5.obj (.rodata.str1.2746619892315392655.1)
                  7018ffe2    0000001f     imu_interface_isr.o (.rodata.str1.4417852805959727765.1)
                  70190001    0000001e     drivers.am263px.r5f.ti-arm-clang.nortos.debug.lib : ipc_notify_v1.obj (.rodata.str1.16593710740832512674.1)
                  7019001f    0000001e                                                       : ipc_notify_v1.obj (.rodata.str1.9050127465416171240.1)
                  7019003d    0000001d     nortos.am263px.r5f.ti-arm-clang.debug.lib : TimerP_rti_priv.obj (.rodata.str1.1727973701797049581.1)
                  7019005a    0000001d                                               : TimerP_rti_priv.obj (.rodata.str1.4425773406285945039.1)
                  70190077    0000001d     drivers.am263px.r5f.ti-arm-clang.nortos.debug.lib : uart_v0.obj (.rodata.str1.4697665093340446018.1)
                  70190094    0000001d     nortos.am263px.r5f.ti-arm-clang.debug.lib : TimerP_rti_priv.obj (.rodata.str1.7297095892955669843.1)
                  701900b1    0000001c     main.o (.rodata.str1.17045314124001216156.1)
                  701900cd    0000001b     drivers.am263px.r5f.ti-arm-clang.nortos.debug.lib : edma.obj (.rodata.str1.16672221102796607080.1)
                  701900e8    0000001b     ti_drivers_config.o (.rodata.str1.7767457247551078139.1)
                  70190103    0000001a     main.o (.rodata.str1.11702106008850790973.1)
                  7019011d    0000001a     drivers.am263px.r5f.ti-arm-clang.nortos.debug.lib : soc_rcm.obj (.rodata.str1.16907879152045164286.1)
                  70190137    0000001a     main.o (.rodata.str1.17376258722486336754.1)
                  70190151    0000001a     main.o (.rodata.str1.288608917962107522.1)
                  7019016b    0000001a     nortos.am263px.r5f.ti-arm-clang.debug.lib : ClockP_nortos_r5.obj (.rodata.str1.3810757863367538396.1)
                  70190185    00000019     drivers.am263px.r5f.ti-arm-clang.nortos.debug.lib : ipc_notify_v1.obj (.rodata.str1.12253177398743541182.1)
                  7019019e    00000019     nortos.am263px.r5f.ti-arm-clang.debug.lib : TimerP_rti_priv.obj (.rodata.str1.5494506574634759136.1)
                  701901b7    00000001     --HOLE-- [fill = 0]
                  701901b8    00000018     drivers.am263px.r5f.ti-arm-clang.nortos.debug.lib : soc_rcm.obj (.rodata.gControlssPllClkSrcValMap)
[...]
7018e531  putchar_                             
7018d471  snprintf_                            
7018cb41  timerISR                             
70192d08  virtToPhymap                         
7018dcf1  vprintf_                             
7018a891  yis320_convert_to_ipc                
7018e591  yis320_get_timestamp_ms              
7018be61  yis320_protocol_handler_init         
7018e711  yis320_uart_configure                


GLOBAL SYMBOLS: SORTED BY Symbol Address 

address   name                                 
-------   ----                                 
00000000  __TI_ATRegion0_region_sz             
00000000  __TI_ATRegion0_src_addr              
00000000  __TI_ATRegion0_trg_addr              
00000000  __TI_ATRegion1_region_sz             
00000000  __TI_ATRegion1_src_addr              
00000000  __TI_ATRegion1_trg_addr              
00000000  __TI_ATRegion2_region_sz             
00000000  __TI_ATRegion2_src_addr              
00000000  __TI_ATRegion2_trg_addr              
00000000  __TI_static_base__                   
00000000  _vectors                             
00000100  __ABORT_STACK_SIZE                   
00000100  __FIQ_STACK_SIZE                     
00000100  __IRQ_STACK_SIZE                     
00000100  __UNDEFINED_STACK_SIZE               
00001000  __SVC_STACK_SIZE                     
00004000  __STACK_SIZE                         
70180a34  __aeabi_memclr                       
70180a34  __aeabi_memclr4                      
70180a34  __aeabi_memclr8                      
701810b8  C$$EXIT                              
701810b8  HOSTexit                             
701810c1  SOC_rcmEnablePeripheralClock         
701816f8  __aeabi_ldiv0                        
701816fc  __aeabi_memcpy                       
701816fc  __aeabi_memcpy4                      
701816fc  __aeabi_memcpy8                      
70181ce4  CSL_armR5ReadMpidrReg                
701821a1  UART_open                            
7018299c  __aeabi_memmove                      
7018299c  __aeabi_memmove4                     
7018299c  __aeabi_memmove8                     
701829a1  IpcNotify_init                       
70183111  SOC_virtToPhy                        
70183421  motor_mapping_init_core1             
70183721  MCAN_msgRAMConfig                    
70184821  UART_lld_dmaDeInit                   
70184a51  IpcNotify_isr                        
70184c81  CAN_TransmitBatch                    
70184e91  TimerP_setupPriv                     
70185221  UART_lld_dmaWrite                    
70185581  UART_close                           
70185731  UART_lld_controllerIsr               
701858d1  imu_uart_isr_init                    
70185bf1  MCAN_calcMsgRamParamsStartAddr       
70185f01  EDMA_unregisterIntr                  
70186071  SOC_controlModuleUnlockMMR           
701861d1  UART_lld_initDma                     
70186331  DebugP_shmLogWriterPutChar           
70186871  MCAN_setBitTime                      
701869c1  CAN_Init                             
70186c41  MCAN_readMsgRam                      
70186ec1  ClockP_init                          
70187001  UART_procLineStatusErr               
70187141  EDMA_registerIntr                    
70187281  MCAN_init                            
701873c1  UART_lld_init                        
701874f1  MCAN_config                          
70187621  SOC_controlModuleLockMMR             
70187751  SOC_rcmGetPeripheralClockFrequency   
70187991  DebugP_shmLogWriterPutLine           
70187ab1  UART_lld_dmaRead                     
70187bcc  __udivmoddi4                         
70188161  IpcNotify_sendMsg                    
70188381  GPIO_init                            
70188491  SemaphoreP_pend                      
701885a1  gateway_ringbuf_read                 
701887b1  CAN_StartRxInterrupts                
70188991  gateway_write_motor_config           
70188c61  EDMA_freeChannelRegion               
70188d51  EDMA_freeParam                       
70188e41  EDMA_freeDmaChannel                  
70188f21  EDMA_freeTcc                         
70189001  UART_intrEnable                      
701891c1  UART_intrDisable                     
701892a1  AddrTranslateP_getLocalAddr          
70189371  EDMA_disableChInShadowRegRegion      
70189441  EDMA_enableChInShadowRegRegion       
70189511  EDMA_mapChToEvtQ                     
701895e1  EDMA_configureChannelRegion          
70189761  UART_flushTxFifo                     
701898e1  ClockP_timerTickIsr                  
701899a1  TimerP_init                          
70189a61  ClockP_stop                          
70189b21  IpcNotify_waitSync                   
70189be1  gateway_write_motor_states           
70189ca1  CycleCounterP_init                   
70189cc1  CycleCounterP_reset                  
70189d11  CycleCounterP_nsToTicks              
70189d51  CycleCounterP_enableUserAccess       
70189d61  MCAN_writeMsgRam                     
70189e11  SOC_rcmSetPeripheralClock            
70189ec1  UART_init                            
7018a021  gateway_core1_wait_for_ready         
7018a181  ClockP_destruct                      
7018a231  Drivers_uartOpen                     
7018a431  gateway_core1_ipc_callback           
7018a611  IpcNotify_registerClient             
7018a751  ClockP_getTimeUsec                   
7018a7f1  EDMA_unmapChToEvtQ                   
7018a891  yis320_convert_to_ipc                
7018a931  EDMA_disableTransferRegion           
7018a9c1  EDMA_enableTransferRegion            
7018ab71  UART_lld_flushTxFifo                 
7018ac91  EDMA_allocDmaChannel                 
7018ad21  EDMA_allocParam                      
7018adb1  EDMA_allocTcc                        
7018af61  IpcNotify_syncAll                    
7018aff1  imu_protocol_manager_init            
7018b081  MCAN_addStdMsgIDFilter               
7018b181  System_init                          
7018b281  _DebugP_assert                       
7018b301  gateway_ringbuf_core1_init           
7018b401  UART_Params_init                     
7018b481  EDMA_linkChannel                     
7018b681  ClockP_usleep                        
7018b701  EDMA_clrMissEvtRegion                
7018b8e1  EDMA_getBaseAddr                     
7018b9c1  SOC_rcmGetR5Clock                    
7018ba31  SOC_rcmIsR5FInLockStepMode           
7018bb11  UART_lld_deInitDma                   
7018bb81  MCAN_enableIntr                      
7018bbf1  MCAN_initTxBufElement                
7018bcd1  SemaphoreP_post                      
7018bd41  MCAN_selectIntrLine                  
7018bda1  UART_getChar                         
7018be61  yis320_protocol_handler_init         
7018bec1  Module_clockSetFrequency             
7018bf21  UART_lld_deInit                      
7018c221  gateway_write_imu_state              
7018c2e1  Dpl_init                             
7018c341  EDMA_setPaRAM                        
7018c401  main                                 
7018c454  __TI_auto_init_nobinit_nopinit       
7018c4b1  Drivers_uartClose                    
7018c501  Pinmux_config                        
7018c551  UART_checkCharsAvailInFifo           
7018c5a1  DebugP_shmLogWriterInit              
7018c5f1  EDMA_clrEvtRegion                    
7018c641  EDMA_disableDmaEvtRegion             
7018c691  EDMA_disableEvtIntrRegion            
7018c6e1  EDMA_enableDmaEvtRegion              
7018c731  EDMA_enableEvtIntrRegion             
7018c781  EDMA_setEvtRegion                    
7018c7d1  GPIO_setDirMode                      
7018c821  MCAN_enableIntrLine                  
7018c871  ClockP_construct                     
7018c8c1  EDMA_ccPaRAMEntry_init               
7018c911  EDMA_mapQdmaChToPaRAM                
7018c961  EDMA_readEventStatusRegion           
7018c9b1  IpcNotify_unregisterClient           
7018ca01  Module_clockEnable                   
7018ca51  gateway_update_stat                  
7018ca9c  memmove                              
7018cb41  timerISR                             
7018cb91  IpcNotify_Params_init                
7018cc31  UART_getIntrIdentityStatus           
7018cd21  CAN_RegisterRxCallback               
7018ce11  UART_readLineStatus                  
7018ce61  imu_protocol_handler_init            
7018cfa1  SemaphoreP_construct                 
7018cff1  _DebugP_logZone                      
7018d091  ClockP_start                         
7018d131  imu_uart_process_ipc_notification    
7018d1f1  UART_spaceAvail                      
7018d231  gateway_core1_init                   
7018d271  gateway_update_heartbeat             
7018d2f1  UART_IsTxRxFifoEmpty                 
7018d371  MCAN_txBufAddReq                     
7018d3b1  SOC_moduleSetClockFrequency          
7018d471  snprintf_                            
7018d4b1  SOC_getCoreName                      
7018d4e8  CycleCounterP_getCount32             
7018d4f0  PmuP_setup                           
7018d4f8  PmuP_enableCounters                  
7018d500  PmuP_disableCounters                 
7018d508  PmuP_getOverflowStatus               
7018d510  PmuP_clearOverflowStatus             
7018d518  PmuP_setUserEnable                   
7018d561  EDMA_getRegionId                     
7018d5a1  GPIO_pinRead                         
7018d6e1  IpcNotify_syncCallback               
7018d761  MCAN_calcCfgAddr                     
7018d7e1  TimerP_Params_initPriv               
7018d861  motor_get_config                     
7018d961  TimerP_getCountPriv                  
7018da81  gateway_signal_motor_config_ready    
7018dab1  UART_lld_dmaInit                     
7018db11  DebugP_logZoneEnable                 
7018db71  MCAN_clearNewDataStatus              
7018dba1  MCAN_getNewDataStatus                
7018dbd1  SemaphoreP_constructBinary           
7018dc61  UART_intr2Disable                    
7018dc91  UART_operatingModeSelect             
7018dcc1  CSL_armR5GetCpuID                    
7018dcf1  vprintf_                             
7018dd21  EDMA_disableQdmaEvtRegion            
7018dd51  EDMA_enableQdmaEvtRegion             
7018ddb1  IpcNotify_allocSwQueue               
7018de11  IpcNotify_getConfig                  
7018de41  SemaphoreP_constructMutex            
7018df01  UART_getBaseAddr                     
7018df24  __aeabi_uldivmod                     
7018df81  EDMA_channelToParamMap               
7018dfb1  gateway_ringbuf_core1_receive        
7018dfe1  ClockP_isActive                      
7018e001  ClockP_usecToTicks                   
7018e081  ClockP_Params_init                   
7018e0a1  EDMA_getEventStatusHigh              
7018e0c1  MCAN_setOpMode                       
7018e0e1  SOC_getSelfCpuClk                    
7018e101  SOC_moduleClockEnable                
7018e121  TimerP_isr0                          
7018e161  UART_lld_Transaction_deInit          
7018e181  EDMA_getEventStatus                  
7018e1fc  TI_memcpy_small                      
7018e221  MCAN_clearIntrStatus                 
7018e241  MCAN_getOpMode                       
7018e2a1  ClockP_ticksToUsec                   
7018e2c1  EDMA_isInterruptEnabled              
7018e301  IpcNotify_trigInterrupt              
7018e321  SemaphoreP_Params_init               
7018e341  TimerP_getReloadCountPriv            
7018e3a1  UART_putChar                         
7018e3b8  TI_memset_small                      
7018e3d1  IpcNotify_sendSync                   
7018e3f1  MCAN_getIntrStatus                   
7018e411  TimerP_startPriv                     
7018e431  TimerP_stopPriv                      
7018e4f1  TimerP_clearOverflowIntPriv          
7018e511  TimerP_setup                         
7018e531  putchar_                             
7018e551  Pinmux_init                          
7018e591  yis320_get_timestamp_ms              
7018e601  ClockP_getTimerCount                 
7018e611  ClockP_timerClearOverflowInt         
7018e691  TimerP_Params_init                   
7018e6a1  TimerP_clearOverflowInt              
7018e6b1  TimerP_getCount                      
7018e6c1  TimerP_getReloadCount                
7018e6d1  TimerP_start                         
7018e6f1  gateway_notify_imu_ready             
7018e701  gateway_notify_states_ready          
7018e711  yis320_uart_configure                
7018e721  Board_driversOpen                    
7018e731  ClockP_getTicks                      
7018e741  Drivers_open                         
7018e751  PowerClock_init                      
7018e7e1  Drivers_uartInit                     
7018e811  SemaphoreP_destruct                  
7018e821  Board_driversClose                   
7018e831  Board_init                           
7018e841  Drivers_mcanOpen                     
7018e851  IpcNotify_wait                       
7018e861  TaskP_yield                          
7018ecc0  gCacheConfig                         
7018ecc8  gMpuConfig                           
7018ecd4  gMpuRegionConfig                     
7018ed44  gCacheL1dCacheLineSize               
7018ee80  gADPLLJConfigTbl                     
7018efda  gCR5ClkSrcInfoMap                    
70190290  gPeripheralClkSrcInfoMap             
7019061c  gXTALInfo                            
70190668  gCacheL1pCacheLineSize               
70190678  __BSS_START                          
701911f8  gHwiCtrl                             
70191a04  g_yis320_private_data                
70191e0c  g_motor_lookup                       
70192a78  gIpcNotifyCtrl                       
70192ce8  gClockCtrl                           
70192d08  virtToPhymap                         
70192d2c  gTimerBaseAddr                       
70192d30  gTimerHwiObj                         
70192d34  gUartHandle                          
70192d38  __BSS_END                            
70192d38  __stack                              
70196d38  __STACK_END                          
70196d41  HwiP_enableInt                       
70196d81  HwiP_disableInt                      
70196de1  HwiP_restoreInt                      
70196e11  HwiP_clearInt                        
70196e51  HwiP_post                            
70196e91  HwiP_Params_init                     
70196ec1  HwiP_construct                       
701970b1  HwiP_destruct                        
70197121  HwiP_init                            
701972d1  HwiP_inISR                           
70197301  HwiP_setVimIrqPriMaskNonAtomic       
70197351  HwiP_setVimIrqPriMaskAtomic          
701973f1  HwiP_restoreVimIrqPriMask            
70197401  HwiP_irq_handler_c                   
701975a1  HwiP_fiq_handler                     
70197701  HwiP_reserved_handler                
70197741  HwiP_undefined_handler_c             
70197761  HwiP_user_undefined_handler_c        
70197781  HwiP_svc_handler                     
701977c1  HwiP_prefetch_abort_handler_c        
70197861  HwiP_user_prefetch_abort_handler_c   
701978a1  HwiP_data_abort_handler_c            
70197961  HwiP_user_data_abort_handler_c       
7019799c  HwiP_irq_handler                     
70197a10  HwiP_data_abort_handler              
70197a54  HwiP_prefetch_abort_handler          
70197aa0  HwiP_undefined_handler               
70197ad0  GET_DFSR                             
70197ad8  GET_ADFSR                            
70197ae0  GET_DFAR                             
70197ae8  GET_IFSR                             
70197af0  GET_AIFSR                            
70197af8  GET_IFAR                             
70197b00  GET_SPSR                             
70197b18  HwiP_disable                         
70197b28  HwiP_disableFIQ                      
70197b38  HwiP_enable                          
70197b48  HwiP_enableFIQ                       
70197b58  HwiP_restore                         
70197b60  HwiP_enableVIC                       
70197b70  HwiP_disableVIC                      
70197b80  HwiP_getCPSR                         
70197b90  CacheP_disableL1d                    
70197bb8  CacheP_disableL1p                    
70197bd0  CacheP_enableL1d                     
70197be8  CacheP_enableL1p                     
70197c00  CacheP_invL1d                        
70197c38  CacheP_invL1p                        
70197c74  CacheP_invL1dAll                     
70197c7c  CacheP_invL1pAll                     
70197c84  CacheP_wb                            
70197cc0  CacheP_wbInv                         
70197cfc  CacheP_wbAll                         
70197da4  CacheP_wbInvAll                      
70197dbc  CacheP_wbInvAllAsm                   
70197e5c  CacheP_getEnabled                    
70197e94  CacheP_getCacheLevelInfo             
70197ea0  CacheP_configForceWrThru             
70197ec0  CacheP_setDLFO                       
70197ed1  CacheP_init                          
70197f61  CacheP_disable                       
70197fb1  CacheP_enable                        
70197ff1  CacheP_inv                           
70198031  MpuP_getAttrs                        
70198091  MpuP_RegionAttrs_init                
701980c1  MpuP_setRegion                       
70198151  MpuP_isEnable                        
70198161  MpuP_disable                         
701981a1  MpuP_enable                          
701981f1  MpuP_init                            
70198291  MpuP_isUserAuthorizedToAccessMemory  
70198370  MpuP_disableAsm                      
70198388  MpuP_disableBRAsm                    
70198398  MpuP_enableAsm                       
701983b0  MpuP_enableBRAsm                     
701983c0  MpuP_isEnableAsm                     
701983d4  MpuP_setRegionAsm                    
701983f0  _c_int00_sbl                         
70198414  _c_int00                             
70198541  _DebugP_assertNoLog                  
70198571  _system_pre_init                     
701985a1  __mpu_init                           
701985b0  abort                                
701985b8  gEdmaConfig                          
701985b8  gUartDmaHandle                       
701986cc  gIpcNotifyMailboxConfig              
701988a4  gSocModulesClockFrequency            
7019891c  gUartParams                          
701989a4  gSocModules                          
70198a10  gClockConfig                         
70198a28  gIpcNotifyInterruptConfig_r5fss1_1   
70198a54  gIpcNotifyCoreIntrBitPos             
70198a84  gAddrTranslateConfig                 
70198a98  gUartConfig                          
70198aa8  gDebugLogZone                        
70198ab4  gEdmaConfigNum                       
70198ab8  gHwiConfig                           
70198abc  gIpcNotifyInterruptConfigNum_r5fss1_1
70198ac0  gUartConfigNum                       
70198ac4  gUartDmaChConfig                     
70198b05  isMapAvailable                       
70198b08  __IRQ_STACK_START                    
70198c08  __FIQ_STACK_START                    
70198c08  __IRQ_STACK_END                      
70198d08  __FIQ_STACK_END                      
70198d08  __SVC_STACK_START                    
70199d08  __ABORT_STACK_START                  
70199d08  __SVC_STACK_END                      
70199e08  __ABORT_STACK_END                    
70199e08  __UNDEFINED_STACK_START              
70199f08  __UNDEFINED_STACK_END                
70200000  gGatewaySharedMem                    
70204d30  dbg_can_rx_count                     
70204d34  dbg_can_tx_count                     
70204d38  dbg_ipc_send_count                   
70204d3c  dbg_ipc_register_count               
70208000  gDebugShmLog                         
ffffffff  __TI_pprof_out_hndl                  
ffffffff  __TI_prof_data_size                  
ffffffff  __TI_prof_data_start                 
ffffffff  __binit__                            
ffffffff  binit                                
UNDEFED   __TI_CINIT_Base                      
UNDEFED   __TI_CINIT_Limit                     
UNDEFED   __TI_Handler_Table_Base              
UNDEFED   __TI_Handler_Table_Limit             
UNDEFED   _system_post_cinit                   

[404 symbols]
