******************************************************************************
            TI ARM Clang Linker PC v4.0.4                      
******************************************************************************
>> Linked Mon Mar 30 10:07:38 2026

OUTPUT FILE NAME:   <ccu_ti_multi_core_realtime.out>
ENTRY POINT SYMBOL: "_vectors"  address: 00000000


MEMORY CONFIGURATION

         name            origin    length      used     unused   attr    fill
----------------------  --------  ---------  --------  --------  ----  --------
  R5F_VECS              00000000   00000040  00000040  00000000  RWIX
  R5F_TCMA              00000040   00007fc0  00000000  00007fc0  RWIX
  R5F_TCMB              00080000   00008000  00000000  00008000  RWIX
  MAILBOX_HSM           44000000   000003ce  00000000  000003ce  RWIX
  MAILBOX_R5F           44000400   000003ce  00000000  000003ce  RWIX
  FLASH                 60180000   00080000  00000000  00080000  RWIX
  OCRAM                 70100000   00040000  00019e10  000261f0  RWIX
  USER_SHM_MEM          70200000   00008000  00004d40  000032c0  RWIX
  LOG_SHM_MEM           70208000   00004000  00002000  00002000  RWIX
  RTOS_NORTOS_IPC_SHM_M 72000000   00003e80  00000000  00003e80  RWIX


SEGMENT ALLOCATION MAP

run origin  load origin   length   init length attrs members
----------  ----------- ---------- ----------- ----- -------
00000000    00000000    00000040   00000040    r-x
  00000000    00000000    00000040   00000040    r-x .vectors
70100000    70100000    00010588   00010588    r-x
  70100000    70100000    0000ea00   0000ea00    r-x .text
  7010ea00    7010ea00    00001b88   00001b88    r-- .rodata
70110588    70110588    000066c0   00000000    rw-
  70110588    70110588    000026c0   00000000    rw- .bss
  70112c48    70112c48    00004000   00000000    rw- .stack
70116c50    70116c50    00001878   00001878    r-x
  70116c50    70116c50    00000e50   00000e50    r-x .text.hwi
  70117aa0    70117aa0    000004a0   000004a0    r-x .text.cache
  70117f40    70117f40    000003c0   000003c0    r-x .text.mpu
  70118300    70118300    000001c0   000001c0    r-x .text.boot
  701184c0    701184c0    00000008   00000008    r-x .text:abort
701184c8    701184c8    00001950   00000550    rw-
  701184c8    701184c8    00000550   00000550    rw- .data
  70118a18    70118a18    00000100   00000000    rw- .irqstack
  70118b18    70118b18    00000100   00000000    rw- .fiqstack
  70118c18    70118c18    00001000   00000000    rw- .svcstack
  70119c18    70119c18    00000100   00000000    rw- .abortstack
  70119d18    70119d18    00000100   00000000    rw- .undefinedstack


SECTION ALLOCATION MAP

 output                                  attributes/
section   page    origin      length       input sections
--------  ----  ----------  ----------   ----------------
.vectors   0    00000000    00000040     
                  00000000    00000040     nortos.am263px.r5f.ti-arm-clang.debug.lib : HwiP_armv7r_vectors_nortos_asm.obj (.vectors)

.text      0    70100000    0000ea00     
                  70100000    00000a34     nortos.am263px.r5f.ti-arm-clang.debug.lib : printf.obj (.text._vsnprintf)
                  70100a34    0000000c     libclang_rt.builtins.a : aeabi_memset.S.obj (.text.__aeabi_memclr)
                  70100a40    00000678     drivers.am263px.r5f.ti-arm-clang.nortos.debug.lib : soc_rcm.obj (.text.SOC_rcmGetClkSrcAndDivReg)
                  701010b8    00000008     libsysbm.a : hostexit.c.obj (.text.HOSTexit)
                  701010c0    00000638     drivers.am263px.r5f.ti-arm-clang.nortos.debug.lib : soc_rcm.obj (.text.SOC_rcmEnablePeripheralClock)
                  701016f8    00000004     libclang_rt.builtins.a : aeabi_div0.c.obj (.text.__aeabi_ldiv0)
                  701016fc    00000004                            : aeabi_memcpy.S.obj (.text.__aeabi_memcpy)
                  70101700    000005e2     nortos.am263px.r5f.ti-arm-clang.debug.lib : printf.obj (.text._ftoa)
                  70101ce2    00000002     --HOLE-- [fill = 0]
                  70101ce4    0000000c                                               : CpuId_armv7r_asm.obj (.text)
                  70101cf0    000004b0                                               : printf.obj (.text._etoa)
                  701021a0    00000400     drivers.am263px.r5f.ti-arm-clang.nortos.debug.lib : uart_v0.obj (.text.UART_open)
                  701025a0    000003fc     yis320_protocol.o (.text.vtable_process_rx_data)
                  7010299c    00000004     libclang_rt.builtins.a : aeabi_memmove.S.obj (.text.__aeabi_memmove)
                  701029a0    000003dc     drivers.am263px.r5f.ti-arm-clang.nortos.debug.lib : ipc_notify_v1.obj (.text.IpcNotify_init)
                  70102d7c    00000004     --HOLE-- [fill = 0]
                  70102d80    00000384     imu_interface_isr.o (.text.imu_uart_isr)
                  70103104    0000000c     --HOLE-- [fill = 0]
                  70103110    00000302     drivers.am263px.r5f.ti-arm-clang.nortos.debug.lib : soc.obj (.text.SOC_virtToPhy)
                  70103412    0000000e     --HOLE-- [fill = 0]
                  70103420    000002f4     motor_mapping.o (.text.motor_mapping_init_core1)
                  70103714    0000000c     --HOLE-- [fill = 0]
                  70103720    000002a8     drivers.am263px.r5f.ti-arm-clang.nortos.debug.lib : mcan.obj (.text.MCAN_msgRAMConfig)
                  701039c8    00000008     --HOLE-- [fill = 0]
                  701039d0    00000294     main.o (.text.core1_init)
                  70103c64    0000000c     --HOLE-- [fill = 0]
                  70103c70    0000027e     drivers.am263px.r5f.ti-arm-clang.nortos.debug.lib : uart_dma_edma.obj (.text.UART_edmaChInit)
                  70103eee    00000002     --HOLE-- [fill = 0]
                  70103ef0    00000266     can_interface.o (.text.init_single_mcan)
                  70104156    0000000a     --HOLE-- [fill = 0]
                  70104160    00000250     drivers.am263px.r5f.ti-arm-clang.nortos.debug.lib : edma.obj (.text.Alloc_resource)
                  701043b0    00000242                                                       : uart_v0_lld.obj (.text.UART_fifoConfig)
                  701045f2    0000000e     --HOLE-- [fill = 0]
                  70104600    0000023e     nortos.am263px.r5f.ti-arm-clang.debug.lib : printf.obj (.text._ntoa_format)
                  7010483e    00000002     --HOLE-- [fill = 0]
                  70104840    00000226     drivers.am263px.r5f.ti-arm-clang.nortos.debug.lib : uart_dma_edma.obj (.text.UART_lld_dmaDeInit)
                  70104a66    0000000a     --HOLE-- [fill = 0]
                  70104a70    00000222                                                       : ipc_notify_v1.obj (.text.IpcNotify_isr)
                  70104c92    0000000e     --HOLE-- [fill = 0]
                  70104ca0    00000206     can_interface.o (.text.CAN_TransmitBatch)
                  70104ea6    0000000a     --HOLE-- [fill = 0]
                  70104eb0    000001d6     nortos.am263px.r5f.ti-arm-clang.debug.lib : TimerP_rti_priv.obj (.text.TimerP_setupPriv)
                  70105086    0000000a     --HOLE-- [fill = 0]
                  70105090    000001ca     can_interface.o (.text.can_rx_isr)
                  7010525a    00000006     --HOLE-- [fill = 0]
                  70105260    000001aa     drivers.am263px.r5f.ti-arm-clang.nortos.debug.lib : uart_dma_edma.obj (.text.UART_lld_dmaWrite)
                  7010540a    00000006     --HOLE-- [fill = 0]
                  70105410    000001a8                                                       : uart_v0.obj (.text.UART_close)
                  701055b8    00000008     --HOLE-- [fill = 0]
                  701055c0    00000198                                                       : uart_v0_lld.obj (.text.UART_lld_controllerIsr)
                  70105758    00000008     --HOLE-- [fill = 0]
                  70105760    0000018a     imu_interface_isr.o (.text.imu_uart_isr_init)
                  701058ea    00000006     --HOLE-- [fill = 0]
                  701058f0    00000186     drivers.am263px.r5f.ti-arm-clang.nortos.debug.lib : mcan.obj (.text.MCAN_readMsg)
                  70105a76    0000000a     --HOLE-- [fill = 0]
                  70105a80    00000184                                                       : mcan.obj (.text.MCAN_calcMsgRamParamsStartAddr)
                  70105c04    0000000c     --HOLE-- [fill = 0]
                  70105c10    00000176     main.o (.text.transmit_can_frames)
                  70105d86    0000000a     --HOLE-- [fill = 0]
                  70105d90    00000172     main.o (.text.main_loop)
                  70105f02    0000000e     --HOLE-- [fill = 0]
                  70105f10    00000162     drivers.am263px.r5f.ti-arm-clang.nortos.debug.lib : edma.obj (.text.EDMA_unregisterIntr)
                  70106072    0000000e     --HOLE-- [fill = 0]
                  70106080    00000158                                                       : soc.obj (.text.SOC_controlModuleUnlockMMR)
                  701061d8    00000008     --HOLE-- [fill = 0]
                  701061e0    00000152                                                       : uart_v0_lld.obj (.text.UART_lld_initDma)
                  70106332    0000000e     --HOLE-- [fill = 0]
                  70106340    00000150     nortos.am263px.r5f.ti-arm-clang.debug.lib : DebugP_shmLogWriter.obj (.text.DebugP_shmLogWriterPutChar)
                  70106490    00000150     drivers.am263px.r5f.ti-arm-clang.nortos.debug.lib : mcan.obj (.text.MCAN_writeMsg)
                  701065e0    00000150     imu_interface_isr.o (.text.parse_yis320_frame)
                  70106730    0000014e     yis320_protocol.o (.text.parse_imu_frame)
                  7010687e    00000002     --HOLE-- [fill = 0]
                  70106880    0000014c     drivers.am263px.r5f.ti-arm-clang.nortos.debug.lib : mcan.obj (.text.MCAN_setBitTime)
                  701069cc    00000004     --HOLE-- [fill = 0]
                  701069d0    00000140     can_interface.o (.text.CAN_Init)
                  70106b10    0000013a     drivers.am263px.r5f.ti-arm-clang.nortos.debug.lib : edma.obj (.text.EDMA_isDmaChannelAllocated)
                  70106c4a    00000006     --HOLE-- [fill = 0]
                  70106c50    00000138                                                       : mcan.obj (.text.MCAN_readMsgRam)
                  70106d88    00000008     --HOLE-- [fill = 0]
                  70106d90    00000138     nortos.am263px.r5f.ti-arm-clang.debug.lib : printf.obj (.text._ntoa_long_long)
                  70106ec8    00000008     --HOLE-- [fill = 0]
                  70106ed0    00000136                                               : ClockP_nortos_r5.obj (.text.ClockP_init)
                  70107006    0000000a     --HOLE-- [fill = 0]
                  70107010    00000136     drivers.am263px.r5f.ti-arm-clang.nortos.debug.lib : uart_v0_lld.obj (.text.UART_procLineStatusErr)
                  70107146    0000000a     --HOLE-- [fill = 0]
                  70107150    00000134                                                       : edma.obj (.text.EDMA_registerIntr)
                  70107284    0000000c     --HOLE-- [fill = 0]
                  70107290    00000134                                                       : mcan.obj (.text.MCAN_init)
                  701073c4    0000000c     --HOLE-- [fill = 0]
                  701073d0    0000012c                                                       : uart_v0_lld.obj (.text.UART_lld_init)
                  701074fc    00000004     --HOLE-- [fill = 0]
                  70107500    0000012a                                                       : mcan.obj (.text.MCAN_config)
                  7010762a    00000006     --HOLE-- [fill = 0]
                  70107630    00000126                                                       : soc.obj (.text.SOC_controlModuleLockMMR)
                  70107756    0000000a     --HOLE-- [fill = 0]
                  70107760    00000120                                                       : soc_rcm.obj (.text.SOC_rcmGetPeripheralClockFrequency)
                  70107880    00000120     can_interface.o (.text.init_can_stb_gpios)
                  701079a0    0000011c     nortos.am263px.r5f.ti-arm-clang.debug.lib : DebugP_shmLogWriter.obj (.text.DebugP_shmLogWriterPutLine)
                  70107abc    00000004     --HOLE-- [fill = 0]
                  70107ac0    0000011c     drivers.am263px.r5f.ti-arm-clang.nortos.debug.lib : uart_dma_edma.obj (.text.UART_lld_dmaRead)
                  70107bdc    00000118     libclang_rt.builtins.a : udivmoddi4.S.obj (.text)
                  70107cf4    0000000c     --HOLE-- [fill = 0]
                  70107d00    00000116     drivers.am263px.r5f.ti-arm-clang.nortos.debug.lib : edma.obj (.text.EDMA_isTccAllocated)
                  70107e16    0000000a     --HOLE-- [fill = 0]
                  70107e20    00000116                                                       : uart_v0_lld.obj (.text.UART_divisorLatchWrite)
                  70107f36    0000000a     --HOLE-- [fill = 0]
                  70107f40    00000114     nortos.am263px.r5f.ti-arm-clang.debug.lib : printf.obj (.text._ntoa_long)
                  70108054    0000000c     --HOLE-- [fill = 0]
                  70108060    0000010e     drivers.am263px.r5f.ti-arm-clang.nortos.debug.lib : soc_rcm.obj (.text.SOC_rcmADPLLJGetFOut)
                  7010816e    00000002     --HOLE-- [fill = 0]
                  70108170    0000010a                                                       : ipc_notify_v1.obj (.text.IpcNotify_sendMsg)
                  7010827a    00000006     --HOLE-- [fill = 0]
                  70108280    00000104                                                       : uart_v0_lld.obj (.text.UART_configInstance)
                  70108384    0000000c     --HOLE-- [fill = 0]
                  70108390    00000102     ti_drivers_config.o (.text.GPIO_init)
                  70108492    0000000e     --HOLE-- [fill = 0]
                  701084a0    00000102     nortos.am263px.r5f.ti-arm-clang.debug.lib : SemaphoreP_nortos.obj (.text.SemaphoreP_pend)
                  701085a2    0000000e     --HOLE-- [fill = 0]
                  701085b0    00000102     gateway_shared.o (.text.gateway_ringbuf_read)
                  701086b2    0000000e     --HOLE-- [fill = 0]
                  701086c0    000000f6     main.o (.text.process_can_rx)
                  701087b6    0000000a     --HOLE-- [fill = 0]
                  701087c0    000000f0     can_interface.o (.text.CAN_StartRxInterrupts)
                  701088b0    000000ec     gateway_shared.o (.text.gateway_write_motor_config)
                  7010899c    00000004     --HOLE-- [fill = 0]
                  701089a0    000000e6     drivers.am263px.r5f.ti-arm-clang.nortos.debug.lib : soc_rcm.obj (.text.SOC_rcmGetCoreFout)
                  70108a86    0000000a     --HOLE-- [fill = 0]
                  70108a90    000000e6                                                       : soc_rcm.obj (.text.SOC_rcmGetPerFout)
                  70108b76    0000000a     --HOLE-- [fill = 0]
                  70108b80    000000e4                                                       : edma.obj (.text.EDMA_freeChannelRegion)
                  70108c64    0000000c     --HOLE-- [fill = 0]
                  70108c70    000000e2                                                       : edma.obj (.text.EDMA_freeParam)
                  70108d52    0000000e     --HOLE-- [fill = 0]
                  70108d60    000000e0                                                       : edma.obj (.text.EDMA_freeDmaChannel)
                  70108e40    000000e0                                                       : edma.obj (.text.EDMA_freeTcc)
                  70108f20    000000de                                                       : uart_v0_lld.obj (.text.UART_intrEnable)
                  70108ffe    00000002     --HOLE-- [fill = 0]
                  70109000    000000de     imu_interface_isr.o (.text.update_imu_state_atomic)
                  701090de    00000002     --HOLE-- [fill = 0]
                  701090e0    000000da     drivers.am263px.r5f.ti-arm-clang.nortos.debug.lib : uart_v0_lld.obj (.text.UART_intrDisable)
                  701091ba    00000006     --HOLE-- [fill = 0]
                  701091c0    000000d0     nortos.am263px.r5f.ti-arm-clang.debug.lib : AddrTranslateP_32bit.obj (.text.AddrTranslateP_getLocalAddr)
                  70109290    000000ce     drivers.am263px.r5f.ti-arm-clang.nortos.debug.lib : edma.obj (.text.EDMA_disableChInShadowRegRegion)
                  7010935e    00000002     --HOLE-- [fill = 0]
                  70109360    000000cc                                                       : edma.obj (.text.EDMA_enableChInShadowRegRegion)
                  7010942c    00000004     --HOLE-- [fill = 0]
                  70109430    000000c4                                                       : edma.obj (.text.EDMA_mapChToEvtQ)
                  701094f4    0000000c     --HOLE-- [fill = 0]
                  70109500    000000c0                                                       : edma.obj (.text.EDMA_configureChannelRegion)
                  701095c0    000000c0                                                       : soc_rcm.obj (.text.SOC_rcmGetPerHSDivOut)
                  70109680    000000c0                                                       : uart_v0.obj (.text.UART_flushTxFifo)
                  70109740    000000c0     nortos.am263px.r5f.ti-arm-clang.debug.lib : printf.obj (.text._out_rev)
                  70109800    000000be                                               : ClockP_nortos.obj (.text.ClockP_timerTickIsr)
                  701098be    00000002     --HOLE-- [fill = 0]
                  701098c0    000000be     ti_dpl_config.o (.text.TimerP_init)
                  7010997e    00000002     --HOLE-- [fill = 0]
                  70109980    000000ba     nortos.am263px.r5f.ti-arm-clang.debug.lib : ClockP_nortos.obj (.text.ClockP_stop)
                  70109a3a    00000006     --HOLE-- [fill = 0]
                  70109a40    000000ba     drivers.am263px.r5f.ti-arm-clang.nortos.debug.lib : ipc_notify_v1.obj (.text.IpcNotify_waitSync)
                  70109afa    00000006     --HOLE-- [fill = 0]
                  70109b00    000000ba     gateway_shared.o (.text.gateway_write_motor_states)
                  70109bba    00000006     --HOLE-- [fill = 0]
                  70109bc0    000000ba     nortos.am263px.r5f.ti-arm-clang.debug.lib : PmuP_armv7r.obj (.text.pmu)
                  70109c7a    00000006     --HOLE-- [fill = 0]
                  70109c80    000000b0     drivers.am263px.r5f.ti-arm-clang.nortos.debug.lib : mcan.obj (.text.MCAN_writeMsgRam)
                  70109d30    000000b0                                                       : soc_rcm.obj (.text.SOC_rcmSetPeripheralClock)
                  70109de0    000000b0                                                       : uart_v0.obj (.text.UART_init)
                  70109e90    000000ae                                                       : mcan.obj (.text.MCAN_getOffsetAddr)
                  70109f3e    00000002     --HOLE-- [fill = 0]
                  70109f40    000000ac     gateway_shared.o (.text.gateway_core1_wait_for_ready)
                  70109fec    00000004     --HOLE-- [fill = 0]
                  70109ff0    000000a8     nortos.am263px.r5f.ti-arm-clang.debug.lib : ClockP_nortos.obj (.text.ClockP_addToList)
                  7010a098    00000008     --HOLE-- [fill = 0]
                  7010a0a0    000000a8                                               : ClockP_nortos.obj (.text.ClockP_destruct)
                  7010a148    00000008     --HOLE-- [fill = 0]
                  7010a150    000000a8     ti_drivers_open_close.o (.text.Drivers_uartOpen)
                  7010a1f8    00000008     --HOLE-- [fill = 0]
                  7010a200    000000a6     imu_interface_isr.o (.text.validate_yis320_checksum)
                  7010a2a6    0000000a     --HOLE-- [fill = 0]
                  7010a2b0    000000a0     drivers.am263px.r5f.ti-arm-clang.nortos.debug.lib : soc_rcm.obj (.text.SOC_rcmGetCoreHSDivOut)
                  7010a350    0000009e     gateway_shared.o (.text.gateway_core1_ipc_callback)
                  7010a3ee    00000002     --HOLE-- [fill = 0]
                  7010a3f0    0000009e     yis320_protocol.o (.text.validate_checksum)
                  7010a48e    00000002     --HOLE-- [fill = 0]
                  7010a490    00000098     drivers.am263px.r5f.ti-arm-clang.nortos.debug.lib : ipc_notify_v1.obj (.text.IpcNotify_registerClient)
                  7010a528    00000008     --HOLE-- [fill = 0]
                  7010a530    00000096                                                       : uart_v0_lld.obj (.text.UART_subConfigTCRTLRModeEn)
                  7010a5c6    0000000a     --HOLE-- [fill = 0]
                  7010a5d0    00000092     nortos.am263px.r5f.ti-arm-clang.debug.lib : ClockP_nortos.obj (.text.ClockP_getTimeUsec)
                  7010a662    0000000e     --HOLE-- [fill = 0]
                  7010a670    00000092     drivers.am263px.r5f.ti-arm-clang.nortos.debug.lib : edma.obj (.text.EDMA_unmapChToEvtQ)
                  7010a702    0000000e     --HOLE-- [fill = 0]
                  7010a710    00000092     yis320_protocol.o (.text.yis320_convert_to_ipc)
                  7010a7a2    0000000e     --HOLE-- [fill = 0]
                  7010a7b0    0000008c     drivers.am263px.r5f.ti-arm-clang.nortos.debug.lib : edma.obj (.text.EDMA_disableTransferRegion)
                  7010a83c    00000004     --HOLE-- [fill = 0]
                  7010a840    0000008c                                                       : edma.obj (.text.EDMA_enableTransferRegion)
                  7010a8cc    00000004     --HOLE-- [fill = 0]
                  7010a8d0    0000008a     main.o (.text.debug_gpio_init_core1)
                  7010a95a    00000006     --HOLE-- [fill = 0]
                  7010a960    00000088     drivers.am263px.r5f.ti-arm-clang.nortos.debug.lib : uart_dma_edma.obj (.text.UART_edmaIsrRx)
                  7010a9e8    00000008     --HOLE-- [fill = 0]
                  7010a9f0    00000088                                                       : uart_dma_edma.obj (.text.UART_edmaIsrTx)
                  7010aa78    00000008     --HOLE-- [fill = 0]
                  7010aa80    00000086                                                       : uart_v0_lld.obj (.text.UART_lld_flushTxFifo)
                  7010ab06    0000000a     --HOLE-- [fill = 0]
                  7010ab10    00000086                                                       : uart_v0_lld.obj (.text.UART_tcrTlrBitValRestore)
                  7010ab96    0000000a     --HOLE-- [fill = 0]
                  7010aba0    00000084     main.o (.text.main)
                  7010ac24    0000000c     --HOLE-- [fill = 0]
                  7010ac30    00000082     drivers.am263px.r5f.ti-arm-clang.nortos.debug.lib : edma.obj (.text.EDMA_allocDmaChannel)
                  7010acb2    0000000e     --HOLE-- [fill = 0]
                  7010acc0    00000082                                                       : edma.obj (.text.EDMA_allocParam)
                  7010ad42    0000000e     --HOLE-- [fill = 0]
                  7010ad50    00000082                                                       : edma.obj (.text.EDMA_allocTcc)
                  7010add2    0000000e     --HOLE-- [fill = 0]
                  7010ade0    00000082                                                       : edma.obj (.text.EDMA_disableTccInShadowRegRegion)
                  7010ae62    0000000e     --HOLE-- [fill = 0]
                  7010ae70    00000082                                                       : edma.obj (.text.EDMA_enableTccInShadowRegRegion)
                  7010aef2    0000000e     --HOLE-- [fill = 0]
                  7010af00    00000082                                                       : ipc_notify_v1.obj (.text.IpcNotify_syncAll)
                  7010af82    0000000e     --HOLE-- [fill = 0]
                  7010af90    00000082     imu_protocol_handler.o (.text.imu_protocol_manager_init)
                  7010b012    0000000e     --HOLE-- [fill = 0]
                  7010b020    00000080     drivers.am263px.r5f.ti-arm-clang.nortos.debug.lib : mcan.obj (.text.MCAN_addStdMsgIDFilter)
                  7010b0a0    00000080                                                       : uart_v0_lld.obj (.text.UART_moduleReset)
                  7010b120    0000007e     ti_drivers_config.o (.text.System_init)
                  7010b19e    00000002     --HOLE-- [fill = 0]
                  7010b1a0    0000007e     drivers.am263px.r5f.ti-arm-clang.nortos.debug.lib : uart_v0_lld.obj (.text.UART_readData)
                  7010b21e    00000002     --HOLE-- [fill = 0]
                  7010b220    0000007c     nortos.am263px.r5f.ti-arm-clang.debug.lib : DebugP_log.obj (.text._DebugP_assert)
                  7010b29c    00000004     --HOLE-- [fill = 0]
                  7010b2a0    0000007c     gateway_shared.o (.text.gateway_ringbuf_core1_init)
                  7010b31c    00000004     --HOLE-- [fill = 0]
                  7010b320    0000007a     drivers.am263px.r5f.ti-arm-clang.nortos.debug.lib : ipc_notify_v1.obj (.text.IpcNotify_mailboxWrite)
                  7010b39a    00000006     --HOLE-- [fill = 0]
                  7010b3a0    0000007a                                                       : uart_v0.obj (.text.UART_Params_init)
                  7010b41a    00000006     --HOLE-- [fill = 0]
                  7010b420    00000078                                                       : edma.obj (.text.EDMA_linkChannel)
                  7010b498    00000008     --HOLE-- [fill = 0]
                  7010b4a0    00000074                                                       : uart_v0_lld.obj (.text.UART_IsBaseAddrValid)
                  7010b514    0000000c     --HOLE-- [fill = 0]
                  7010b520    00000074     main.o (.text.ipc_notify_callback_fxn)
                  7010b594    0000000c     --HOLE-- [fill = 0]
                  7010b5a0    00000074     imu_interface_isr.o (.text.parse_euler_angles)
                  7010b614    0000000c     --HOLE-- [fill = 0]
                  7010b620    00000074     imu_interface_isr.o (.text.parse_gyroscope)
                  7010b694    0000000c     --HOLE-- [fill = 0]
                  7010b6a0    00000072     nortos.am263px.r5f.ti-arm-clang.debug.lib : ClockP_nortos.obj (.text.ClockP_usleep)
                  7010b712    0000000e     --HOLE-- [fill = 0]
                  7010b720    00000072     drivers.am263px.r5f.ti-arm-clang.nortos.debug.lib : edma.obj (.text.EDMA_clrMissEvtRegion)
                  7010b792    0000000e     --HOLE-- [fill = 0]
                  7010b7a0    00000072                                                       : ipc_notify_v1.obj (.text.IpcNotify_makeMsg)
                  7010b812    0000000e     --HOLE-- [fill = 0]
                  7010b820    0000006e     yis320_protocol.o (.text.find_frame_header_limited)
                  7010b88e    00000002     --HOLE-- [fill = 0]
                  7010b890    0000006a     drivers.am263px.r5f.ti-arm-clang.nortos.debug.lib : ipc_notify_v1.obj (.text.IpcNotify_mailboxReadSwQ)
                  7010b8fa    00000006     --HOLE-- [fill = 0]
                  7010b900    00000068                                                       : edma.obj (.text.EDMA_getBaseAddr)
                  7010b968    00000008     --HOLE-- [fill = 0]
                  7010b970    00000068                                                       : uart_v0_lld.obj (.text.UART_divisorValCompute)
                  7010b9d8    00000008     --HOLE-- [fill = 0]
                  7010b9e0    00000064                                                       : soc_rcm.obj (.text.SOC_rcmGetR5Clock)
                  7010ba44    0000000c     --HOLE-- [fill = 0]
                  7010ba50    00000064                                                       : soc_rcm.obj (.text.SOC_rcmIsR5FInLockStepMode)
                  7010bab4    0000000c     --HOLE-- [fill = 0]
                  7010bac0    00000064                                                       : uart_v0_lld.obj (.text.UART_fifoRegisterWrite)
                  7010bb24    0000000c     --HOLE-- [fill = 0]
                  7010bb30    00000064                                                       : uart_v0_lld.obj (.text.UART_lld_deInitDma)
                  7010bb94    0000000c     --HOLE-- [fill = 0]
                  7010bba0    00000062                                                       : mcan.obj (.text.MCAN_enableIntr)
                  7010bc02    0000000e     --HOLE-- [fill = 0]
                  7010bc10    00000062                                                       : mcan.obj (.text.MCAN_initTxBufElement)
                  7010bc72    0000000e     --HOLE-- [fill = 0]
                  7010bc80    00000062                                                       : soc_rcm.obj (.text.SOC_rcmInsert16)
                  7010bce2    0000000e     --HOLE-- [fill = 0]
                  7010bcf0    00000062     nortos.am263px.r5f.ti-arm-clang.debug.lib : SemaphoreP_nortos.obj (.text.SemaphoreP_post)
                  7010bd52    0000000e     --HOLE-- [fill = 0]
                  7010bd60    00000062     main.o (.text.process_motor_commands)
                  7010bdc2    0000000e     --HOLE-- [fill = 0]
                  7010bdd0    00000060     drivers.am263px.r5f.ti-arm-clang.nortos.debug.lib : mcan.obj (.text.MCAN_selectIntrLine)
                  7010be30    00000060                                                       : uart_v0_lld.obj (.text.UART_getChar)
                  7010be90    00000060                                                       : uart_v0_lld.obj (.text.UART_writeData)
                  7010bef0    0000005e     yis320_protocol.o (.text.yis320_protocol_handler_init)
                  7010bf4e    00000002     --HOLE-- [fill = 0]
                  7010bf50    0000005c     ti_power_clock_config.o (.text.Module_clockSetFrequency)
                  7010bfac    00000004     --HOLE-- [fill = 0]
                  7010bfb0    0000005c     drivers.am263px.r5f.ti-arm-clang.nortos.debug.lib : uart_v0_lld.obj (.text.UART_lld_deInit)
                  7010c00c    00000004     --HOLE-- [fill = 0]
                  7010c010    0000005c     imu_interface_isr.o (.text.parse_quaternion)
                  7010c06c    00000004     --HOLE-- [fill = 0]
                  7010c070    0000005a     drivers.am263px.r5f.ti-arm-clang.nortos.debug.lib : uart_v0_lld.obj (.text.UART_regConfigModeEnable)
                  7010c0ca    00000006     --HOLE-- [fill = 0]
                  7010c0d0    00000058                                                       : soc_rcm.obj (.text.SOC_rcmGetModuleClkDivVal)
                  7010c128    00000008     --HOLE-- [fill = 0]
                  7010c130    00000058     yis320_protocol.o (.text.parse_angular_velocity)
                  7010c188    00000008     --HOLE-- [fill = 0]
                  7010c190    00000058     yis320_protocol.o (.text.parse_euler_angles)
                  7010c1e8    00000008     --HOLE-- [fill = 0]
                  7010c1f0    00000058     main.o (.text.timerISR)
                  7010c248    00000008     --HOLE-- [fill = 0]
                  7010c250    00000056     drivers.am263px.r5f.ti-arm-clang.nortos.debug.lib : uart_v0.obj (.text.UART_lld_readCompleteCallback)
                  7010c2a6    0000000a     --HOLE-- [fill = 0]
                  7010c2b0    00000056                                                       : uart_v0.obj (.text.UART_lld_writeCompleteCallback)
                  7010c306    0000000a     --HOLE-- [fill = 0]
                  7010c310    00000056     gateway_shared.o (.text.gateway_write_imu_state)
                  7010c366    0000000a     --HOLE-- [fill = 0]
                  7010c370    00000056     yis320_protocol.o (.text.vtable_initialize)
                  7010c3c6    0000000a     --HOLE-- [fill = 0]
                  7010c3d0    00000054     ti_dpl_config.o (.text.Dpl_init)
                  7010c424    0000000c     --HOLE-- [fill = 0]
                  7010c430    00000054     drivers.am263px.r5f.ti-arm-clang.nortos.debug.lib : edma.obj (.text.EDMA_setPaRAM)
                  7010c484    0000000c     --HOLE-- [fill = 0]
                  7010c490    00000054                                                       : uart_v0_lld.obj (.text.UART_OperModeValid)
                  7010c4e4    0000000c     --HOLE-- [fill = 0]
                  7010c4f0    00000054     main.o (.text.init_1000hz_timer)
                  7010c544    00000054     libc.a : autoinit.c.obj (.text:__TI_auto_init_nobinit_nopinit)
                  7010c598    00000008     --HOLE-- [fill = 0]
                  7010c5a0    00000050     ti_drivers_open_close.o (.text.Drivers_uartClose)
                  7010c5f0    00000050     drivers.am263px.r5f.ti-arm-clang.nortos.debug.lib : pinmux.obj (.text.Pinmux_config)
                  7010c640    00000050                                                       : uart_v0_lld.obj (.text.UART_checkCharsAvailInFifo)
                  7010c690    0000004e     nortos.am263px.r5f.ti-arm-clang.debug.lib : DebugP_shmLogWriter.obj (.text.DebugP_shmLogWriterInit)
                  7010c6de    00000002     --HOLE-- [fill = 0]
                  7010c6e0    0000004e     drivers.am263px.r5f.ti-arm-clang.nortos.debug.lib : edma.obj (.text.EDMA_clrEvtRegion)
                  7010c72e    00000002     --HOLE-- [fill = 0]
                  7010c730    0000004e                                                       : edma.obj (.text.EDMA_disableDmaEvtRegion)
                  7010c77e    00000002     --HOLE-- [fill = 0]
                  7010c780    0000004e                                                       : edma.obj (.text.EDMA_disableEvtIntrRegion)
                  7010c7ce    00000002     --HOLE-- [fill = 0]
                  7010c7d0    0000004e                                                       : edma.obj (.text.EDMA_enableDmaEvtRegion)
                  7010c81e    00000002     --HOLE-- [fill = 0]
                  7010c820    0000004e                                                       : edma.obj (.text.EDMA_enableEvtIntrRegion)
                  7010c86e    00000002     --HOLE-- [fill = 0]
                  7010c870    0000004e                                                       : edma.obj (.text.EDMA_setEvtRegion)
                  7010c8be    00000002     --HOLE-- [fill = 0]
                  7010c8c0    0000004e                                                       : gpio.obj (.text.GPIO_setDirMode)
                  7010c90e    00000002     --HOLE-- [fill = 0]
                  7010c910    0000004e                                                       : mcan.obj (.text.MCAN_enableIntrLine)
                  7010c95e    00000002     --HOLE-- [fill = 0]
                  7010c960    0000004c     nortos.am263px.r5f.ti-arm-clang.debug.lib : ClockP_nortos.obj (.text.ClockP_construct)
                  7010c9ac    00000004     --HOLE-- [fill = 0]
                  7010c9b0    0000004c     drivers.am263px.r5f.ti-arm-clang.nortos.debug.lib : edma.obj (.text.EDMA_ccPaRAMEntry_init)
                  7010c9fc    00000004     --HOLE-- [fill = 0]
                  7010ca00    0000004c                                                       : edma.obj (.text.EDMA_mapQdmaChToPaRAM)
                  7010ca4c    00000004     --HOLE-- [fill = 0]
                  7010ca50    0000004c                                                       : edma.obj (.text.EDMA_readEventStatusRegion)
                  7010ca9c    00000004     --HOLE-- [fill = 0]
                  7010caa0    0000004c                                                       : ipc_notify_v1.obj (.text.IpcNotify_unregisterClient)
                  7010caec    00000004     --HOLE-- [fill = 0]
                  7010caf0    0000004c     ti_power_clock_config.o (.text.Module_clockEnable)
                  7010cb3c    00000004     --HOLE-- [fill = 0]
                  7010cb40    0000004c     gateway_shared.o (.text.gateway_update_stat)
                  7010cb8c    0000004c     libc.a : memmov.c.obj (.text.memmove)
                  7010cbd8    00000008     --HOLE-- [fill = 0]
                  7010cbe0    0000004c     yis320_protocol.o (.text.parse_quaternion)
                  7010cc2c    00000004     --HOLE-- [fill = 0]
                  7010cc30    0000004a     drivers.am263px.r5f.ti-arm-clang.nortos.debug.lib : ipc_notify_v1.obj (.text.IpcNotify_Params_init)
                  7010cc7a    00000006     --HOLE-- [fill = 0]
                  7010cc80    0000004a                                                       : soc_rcm.obj (.text.SOC_rcmGetCR5SysclkInFrequency)
                  7010ccca    00000006     --HOLE-- [fill = 0]
                  7010ccd0    0000004a                                                       : uart_v0_lld.obj (.text.UART_getIntrIdentityStatus)
                  7010cd1a    00000006     --HOLE-- [fill = 0]
                  7010cd20    0000004a                                                       : uart_v0_lld.obj (.text.UART_lineCharConfig)
                  7010cd6a    00000006     --HOLE-- [fill = 0]
                  7010cd70    0000004a     main.o (.text.motor_get_index)
                  7010cdba    00000006     --HOLE-- [fill = 0]
                  7010cdc0    00000048     can_interface.o (.text.CAN_RegisterRxCallback)
                  7010ce08    00000008     --HOLE-- [fill = 0]
                  7010ce10    00000048     drivers.am263px.r5f.ti-arm-clang.nortos.debug.lib : uart_v0_lld.obj (.text.UART_resetModule)
                  7010ce58    00000008     --HOLE-- [fill = 0]
                  7010ce60    00000046                                                       : uart_v0_lld.obj (.text.UART_i2310WA)
                  7010cea6    0000000a     --HOLE-- [fill = 0]
                  7010ceb0    00000046                                                       : uart_v0_lld.obj (.text.UART_readLineStatus)
                  7010cef6    0000000a     --HOLE-- [fill = 0]
                  7010cf00    00000046     imu_protocol_handler.o (.text.imu_protocol_handler_init)
                  7010cf46    0000000a     --HOLE-- [fill = 0]
                  7010cf50    00000044     drivers.am263px.r5f.ti-arm-clang.nortos.debug.lib : ipc_notify_v1.obj (.text.IpcNotify_getWriteMailbox)
                  7010cf94    0000000c     --HOLE-- [fill = 0]
                  7010cfa0    00000044                                                       : soc_rcm.obj (.text.SOC_rcmExtract8)
                  7010cfe4    0000000c     --HOLE-- [fill = 0]
                  7010cff0    00000044                                                       : soc_rcm.obj (.text.SOC_rcmMake16)
                  7010d034    0000000c     --HOLE-- [fill = 0]
                  7010d040    00000044     nortos.am263px.r5f.ti-arm-clang.debug.lib : SemaphoreP_nortos.obj (.text.SemaphoreP_construct)
                  7010d084    0000000c     --HOLE-- [fill = 0]
                  7010d090    00000044                                               : DebugP_nortos.obj (.text._DebugP_logZone)
                  7010d0d4    0000000c     --HOLE-- [fill = 0]
                  7010d0e0    00000044                                               : printf.obj (.text._strnlen_s)
                  7010d124    0000000c     --HOLE-- [fill = 0]
                  7010d130    00000042                                               : ClockP_nortos.obj (.text.ClockP_start)
                  7010d172    0000000e     --HOLE-- [fill = 0]
                  7010d180    00000042     drivers.am263px.r5f.ti-arm-clang.nortos.debug.lib : uart_v0.obj (.text.UART_checkOpenParams)
                  7010d1c2    0000000e     --HOLE-- [fill = 0]
                  7010d1d0    00000040     imu_interface_isr.o (.text.imu_uart_process_ipc_notification)
                  7010d210    0000003e     drivers.am263px.r5f.ti-arm-clang.nortos.debug.lib : pinmux.obj (.text.Pinmux_unlockMMR)
                  7010d24e    00000002     --HOLE-- [fill = 0]
                  7010d250    0000003e                                                       : uart_v0_lld.obj (.text.UART_IsHWFlowCtrlValid)
                  7010d28e    00000002     --HOLE-- [fill = 0]
                  7010d290    0000003e                                                       : uart_v0_lld.obj (.text.UART_spaceAvail)
                  7010d2ce    00000002     --HOLE-- [fill = 0]
                  7010d2d0    0000003e     gateway_shared.o (.text.gateway_core1_init)
                  7010d30e    00000002     --HOLE-- [fill = 0]
                  7010d310    0000003e     gateway_shared.o (.text.gateway_update_heartbeat)
                  7010d34e    00000002     --HOLE-- [fill = 0]
                  7010d350    0000003c     drivers.am263px.r5f.ti-arm-clang.nortos.debug.lib : uart_v0_lld.obj (.text.UART_IsParityTypeValid)
                  7010d38c    00000004     --HOLE-- [fill = 0]
                  7010d390    0000003c                                                       : uart_v0_lld.obj (.text.UART_IsTxRxFifoEmpty)
                  7010d3cc    00000004     --HOLE-- [fill = 0]
                  7010d3d0    0000003c                                                       : uart_v0_lld.obj (.text.UART_enhanFuncEnable)
                  7010d40c    00000004     --HOLE-- [fill = 0]
                  7010d410    0000003a                                                       : mcan.obj (.text.MCAN_txBufAddReq)
                  7010d44a    00000006     --HOLE-- [fill = 0]
                  7010d450    0000003a                                                       : soc.obj (.text.SOC_moduleSetClockFrequency)
                  7010d48a    00000006     --HOLE-- [fill = 0]
                  7010d490    0000003a     nortos.am263px.r5f.ti-arm-clang.debug.lib : printf.obj (.text._atoi)
                  7010d4ca    00000006     --HOLE-- [fill = 0]
                  7010d4d0    0000003a                                               : printf.obj (.text.snprintf_)
                  7010d50a    00000006     --HOLE-- [fill = 0]
                  7010d510    00000038     drivers.am263px.r5f.ti-arm-clang.nortos.debug.lib : soc.obj (.text.SOC_getCoreName)
                  7010d548    00000038     nortos.am263px.r5f.ti-arm-clang.debug.lib : PmuP_armv7r_asm.obj (.text.pmu)
                  7010d580    00000038     yis320_protocol.o (.text.vtable_is_connected)
                  7010d5b8    00000008     --HOLE-- [fill = 0]
                  7010d5c0    00000036     drivers.am263px.r5f.ti-arm-clang.nortos.debug.lib : edma.obj (.text.EDMA_getRegionId)
                  7010d5f6    0000000a     --HOLE-- [fill = 0]
                  7010d600    00000036                                                       : gpio.obj (.text.GPIO_pinRead)
                  7010d636    0000000a     --HOLE-- [fill = 0]
                  7010d640    00000036     can_interface.o (.text.GPIO_pinWriteHigh)
                  7010d676    0000000a     --HOLE-- [fill = 0]
                  7010d680    00000036     imu_interface_isr.o (.text.GPIO_pinWriteHigh)
                  7010d6b6    0000000a     --HOLE-- [fill = 0]
                  7010d6c0    00000036     main.o (.text.GPIO_pinWriteHigh)
                  7010d6f6    0000000a     --HOLE-- [fill = 0]
                  7010d700    00000036     can_interface.o (.text.GPIO_pinWriteLow)
                  7010d736    0000000a     --HOLE-- [fill = 0]
                  7010d740    00000036     imu_interface_isr.o (.text.GPIO_pinWriteLow)
                  7010d776    0000000a     --HOLE-- [fill = 0]
                  7010d780    00000036     main.o (.text.GPIO_pinWriteLow)
                  7010d7b6    0000000a     --HOLE-- [fill = 0]
                  7010d7c0    00000036     ti_drivers_config.o (.text.GPIO_pinWriteLow)
                  7010d7f6    0000000a     --HOLE-- [fill = 0]
                  7010d800    00000036     drivers.am263px.r5f.ti-arm-clang.nortos.debug.lib : ipc_notify_v1.obj (.text.IpcNotify_syncCallback)
                  7010d836    0000000a     --HOLE-- [fill = 0]
                  7010d840    00000034                                                       : mcan.obj (.text.MCAN_SsAddr)
                  7010d874    0000000c     --HOLE-- [fill = 0]
                  7010d880    00000034                                                       : mcan.obj (.text.MCAN_calcCfgAddr)
                  7010d8b4    0000000c     --HOLE-- [fill = 0]
                  7010d8c0    00000034                                                       : pinmux.obj (.text.Pinmux_lockMMR)
                  7010d8f4    0000000c     --HOLE-- [fill = 0]
                  7010d900    00000034     nortos.am263px.r5f.ti-arm-clang.debug.lib : TimerP_rti_priv.obj (.text.TimerP_Params_initPriv)
                  7010d934    0000000c     --HOLE-- [fill = 0]
                  7010d940    00000034     drivers.am263px.r5f.ti-arm-clang.nortos.debug.lib : uart_v0_lld.obj (.text.UART_IsDataLengthValid)
                  7010d974    0000000c     --HOLE-- [fill = 0]
                  7010d980    00000034     motor_mapping.o (.text.motor_get_config)
                  7010d9b4    0000000c     --HOLE-- [fill = 0]
                  7010d9c0    00000032     drivers.am263px.r5f.ti-arm-clang.nortos.debug.lib : mcan.obj (.text.HW_WR_FIELD32_RAW)
                  7010d9f2    0000000e     --HOLE-- [fill = 0]
                  7010da00    00000032                                                       : uart_v0_lld.obj (.text.HW_WR_FIELD32_RAW)
                  7010da32    0000000e     --HOLE-- [fill = 0]
                  7010da40    00000032                                                       : ipc_notify_v1.obj (.text.IpcNotify_mailboxIsPendingIntr)
                  7010da72    0000000e     --HOLE-- [fill = 0]
                  7010da80    00000032     nortos.am263px.r5f.ti-arm-clang.debug.lib : TimerP_rti_priv.obj (.text.TimerP_getCountPriv)
                  7010dab2    0000000e     --HOLE-- [fill = 0]
                  7010dac0    00000032     drivers.am263px.r5f.ti-arm-clang.nortos.debug.lib : uart_v0_lld.obj (.text.UART_enhanFuncBitValRestore)
                  7010daf2    0000000e     --HOLE-- [fill = 0]
                  7010db00    00000032                                                       : uart_v0_lld.obj (.text.UART_hardwareFlowCtrlOptSet)
                  7010db32    0000000e     --HOLE-- [fill = 0]
                  7010db40    00000030                                                       : ipc_notify_v1.obj (.text.IpcNotify_getReadSwQ)
                  7010db70    00000030                                                       : uart_v0_lld.obj (.text.UART_flowCtrlTrigLvlConfig)
                  7010dba0    00000030     gateway_shared.o (.text.gateway_signal_motor_config_ready)
                  7010dbd0    0000002e     drivers.am263px.r5f.ti-arm-clang.nortos.debug.lib : uart_dma_edma.obj (.text.UART_lld_dmaInit)
                  7010dbfe    00000002     --HOLE-- [fill = 0]
                  7010dc00    0000002e     nortos.am263px.r5f.ti-arm-clang.debug.lib : printf.obj (.text._is_digit)
                  7010dc2e    00000002     --HOLE-- [fill = 0]
                  7010dc30    0000002c                                               : DebugP_log.obj (.text.DebugP_logZoneEnable)
                  7010dc5c    00000004     --HOLE-- [fill = 0]
                  7010dc60    0000002c     can_interface.o (.text.GPIO_pinToggle)
                  7010dc8c    00000004     --HOLE-- [fill = 0]
                  7010dc90    0000002c     drivers.am263px.r5f.ti-arm-clang.nortos.debug.lib : ipc_notify_v1.obj (.text.IpcNotify_getReadMailbox)
                  7010dcbc    00000004     --HOLE-- [fill = 0]
                  7010dcc0    0000002c                                                       : mcan.obj (.text.MCAN_clearNewDataStatus)
                  7010dcec    00000004     --HOLE-- [fill = 0]
                  7010dcf0    0000002c                                                       : mcan.obj (.text.MCAN_getNewDataStatus)
                  7010dd1c    00000004     --HOLE-- [fill = 0]
                  7010dd20    0000002c     nortos.am263px.r5f.ti-arm-clang.debug.lib : SemaphoreP_nortos.obj (.text.SemaphoreP_constructBinary)
                  7010dd4c    00000004     --HOLE-- [fill = 0]
                  7010dd50    0000002c     main.o (.text.debug_gpio_toggle)
                  7010dd7c    00000004     --HOLE-- [fill = 0]
                  7010dd80    0000002c     yis320_protocol.o (.text.vtable_deinit)
                  7010ddac    00000004     --HOLE-- [fill = 0]
                  7010ddb0    0000002a     nortos.am263px.r5f.ti-arm-clang.debug.lib : ClockP_nortos.obj (.text.ClockP_sleepTicks)
                  7010ddda    00000006     --HOLE-- [fill = 0]
                  7010dde0    0000002a     drivers.am263px.r5f.ti-arm-clang.nortos.debug.lib : uart_v0_lld.obj (.text.UART_intr2Disable)
                  7010de0a    00000006     --HOLE-- [fill = 0]
                  7010de10    0000002a                                                       : uart_v0_lld.obj (.text.UART_operatingModeSelect)
                  7010de3a    00000006     --HOLE-- [fill = 0]
                  7010de40    00000028     nortos.am263px.r5f.ti-arm-clang.debug.lib : CpuId_armv7r.obj (.text.CSL_armR5GetCpuID)
                  7010de68    00000008     --HOLE-- [fill = 0]
                  7010de70    00000028                                               : printf.obj (.text.vprintf_)
                  7010de98    00000008     --HOLE-- [fill = 0]
                  7010dea0    00000026     drivers.am263px.r5f.ti-arm-clang.nortos.debug.lib : edma.obj (.text.EDMA_disableQdmaEvtRegion)
                  7010dec6    0000000a     --HOLE-- [fill = 0]
                  7010ded0    00000026                                                       : edma.obj (.text.EDMA_enableQdmaEvtRegion)
                  7010def6    0000000a     --HOLE-- [fill = 0]
                  7010df00    00000026                                                       : edma.obj (.text.EDMA_validateIntrObject)
                  7010df26    0000000a     --HOLE-- [fill = 0]
                  7010df30    00000026     ti_drivers_config.o (.text.IpcNotify_allocSwQueue)
                  7010df56    0000000a     --HOLE-- [fill = 0]
                  7010df60    00000026     nortos.am263px.r5f.ti-arm-clang.debug.lib : printf.obj (.text._out_buffer)
                  7010df86    0000000a     --HOLE-- [fill = 0]
                  7010df90    00000024     ti_drivers_config.o (.text.IpcNotify_getConfig)
                  7010dfb4    0000000c     --HOLE-- [fill = 0]
                  7010dfc0    00000024     nortos.am263px.r5f.ti-arm-clang.debug.lib : SemaphoreP_nortos.obj (.text.SemaphoreP_constructMutex)
                  7010dfe4    0000000c     --HOLE-- [fill = 0]
                  7010dff0    00000024     drivers.am263px.r5f.ti-arm-clang.nortos.debug.lib : uart_v0_lld.obj (.text.UART_IsRxTrigLvlValid)
                  7010e014    0000000c     --HOLE-- [fill = 0]
                  7010e020    00000024                                                       : uart_v0_lld.obj (.text.UART_IsStopBitsValid)
                  7010e044    0000000c     --HOLE-- [fill = 0]
                  7010e050    00000024                                                       : uart_v0_lld.obj (.text.UART_IsTxTrigLvlValid)
                  7010e074    0000000c     --HOLE-- [fill = 0]
                  7010e080    00000024                                                       : uart_v0.obj (.text.UART_getBaseAddr)
                  7010e0a4    00000024     libclang_rt.builtins.a : aeabi_uldivmod.S.obj (.text.__aeabi_uldivmod)
                  7010e0c8    00000008     --HOLE-- [fill = 0]
                  7010e0d0    00000024     nortos.am263px.r5f.ti-arm-clang.debug.lib : printf.obj (.text._out_char)
                  7010e0f4    0000000c     --HOLE-- [fill = 0]
                  7010e100    00000022     drivers.am263px.r5f.ti-arm-clang.nortos.debug.lib : edma.obj (.text.EDMA_channelToParamMap)
                  7010e122    0000000e     --HOLE-- [fill = 0]
                  7010e130    00000022     gateway_shared.o (.text.gateway_ringbuf_core1_receive)
                  7010e152    0000000e     --HOLE-- [fill = 0]
                  7010e160    00000020     nortos.am263px.r5f.ti-arm-clang.debug.lib : ClockP_nortos.obj (.text.ClockP_isActive)
                  7010e180    00000020                                               : ClockP_nortos.obj (.text.ClockP_usecToTicks)
                  7010e1a0    00000020     drivers.am263px.r5f.ti-arm-clang.nortos.debug.lib : mcan.obj (.text.HW_RD_FIELD32_RAW)
                  7010e1c0    00000020                                                       : uart_v0_lld.obj (.text.HW_RD_FIELD32_RAW)
                  7010e1e0    00000020     imu_interface_isr.o (.text.reset_parser)
                  7010e200    0000001e     nortos.am263px.r5f.ti-arm-clang.debug.lib : ClockP_nortos.obj (.text.ClockP_Params_init)
                  7010e21e    00000002     --HOLE-- [fill = 0]
                  7010e220    0000001e     drivers.am263px.r5f.ti-arm-clang.nortos.debug.lib : edma.obj (.text.EDMA_getEventStatusHigh)
                  7010e23e    00000002     --HOLE-- [fill = 0]
                  7010e240    0000001e                                                       : mcan.obj (.text.MCAN_setOpMode)
                  7010e25e    00000002     --HOLE-- [fill = 0]
                  7010e260    0000001e                                                       : soc.obj (.text.SOC_getSelfCpuClk)
                  7010e27e    00000002     --HOLE-- [fill = 0]
                  7010e280    0000001e                                                       : soc.obj (.text.SOC_moduleClockEnable)
                  7010e29e    00000002     --HOLE-- [fill = 0]
                  7010e2a0    0000001e     ti_dpl_config.o (.text.TimerP_isr0)
                  7010e2be    00000002     --HOLE-- [fill = 0]
                  7010e2c0    0000001e     drivers.am263px.r5f.ti-arm-clang.nortos.debug.lib : uart_v0_lld.obj (.text.UART_breakCtl)
                  7010e2de    00000002     --HOLE-- [fill = 0]
                  7010e2e0    0000001e                                                       : uart_v0_lld.obj (.text.UART_lld_Transaction_deInit)
                  7010e2fe    00000002     --HOLE-- [fill = 0]
                  7010e300    0000001c                                                       : edma.obj (.text.EDMA_getEventStatus)
                  7010e31c    00000004     --HOLE-- [fill = 0]
                  7010e320    0000001c                                                       : mcan.obj (.text.MCAN_writeProtectedRegAccessLock)
                  7010e33c    00000004     --HOLE-- [fill = 0]
                  7010e340    0000001c                                                       : mcan.obj (.text.MCAN_writeProtectedRegAccessUnlock)
                  7010e35c    00000004     --HOLE-- [fill = 0]
                  7010e360    0000001c                                                       : uart_v0_lld.obj (.text.UART_IsParameter)
                  7010e37c    0000001c     libc.a : memcpy32.S.obj (.text:TI_memcpy_small)
                  7010e398    00000008     --HOLE-- [fill = 0]
                  7010e3a0    0000001a     drivers.am263px.r5f.ti-arm-clang.nortos.debug.lib : mcan.obj (.text.MCAN_clearIntrStatus)
                  7010e3ba    00000006     --HOLE-- [fill = 0]
                  7010e3c0    0000001a                                                       : mcan.obj (.text.MCAN_getOpMode)
                  7010e3da    00000006     --HOLE-- [fill = 0]
                  7010e3e0    0000001a                                                       : uart_v0_lld.obj (.text.UART_fifoCharGet)
                  7010e3fa    00000006     --HOLE-- [fill = 0]
                  7010e400    0000001a                                                       : uart_v0_lld.obj (.text.UART_timeGuardConfig)
                  7010e41a    00000006     --HOLE-- [fill = 0]
                  7010e420    00000018     nortos.am263px.r5f.ti-arm-clang.debug.lib : ClockP_nortos.obj (.text.ClockP_ticksToUsec)
                  7010e438    00000008     --HOLE-- [fill = 0]
                  7010e440    00000018     drivers.am263px.r5f.ti-arm-clang.nortos.debug.lib : edma.obj (.text.EDMA_isInterruptEnabled)
                  7010e458    00000008     --HOLE-- [fill = 0]
                  7010e460    00000018                                                       : ipc_notify_v1.obj (.text.IpcNotify_mailboxClearAllInt)
                  7010e478    00000008     --HOLE-- [fill = 0]
                  7010e480    00000018                                                       : ipc_notify_v1_cfg.obj (.text.IpcNotify_trigInterrupt)
                  7010e498    00000008     --HOLE-- [fill = 0]
                  7010e4a0    00000018     nortos.am263px.r5f.ti-arm-clang.debug.lib : SemaphoreP_nortos.obj (.text.SemaphoreP_Params_init)
                  7010e4b8    00000008     --HOLE-- [fill = 0]
                  7010e4c0    00000018                                               : TimerP_rti_priv.obj (.text.TimerP_getReloadCountPriv)
                  7010e4d8    00000008     --HOLE-- [fill = 0]
                  7010e4e0    00000018     drivers.am263px.r5f.ti-arm-clang.nortos.debug.lib : uart_v0_lld.obj (.text.UART_divisorLatchDisable)
                  7010e4f8    00000008     --HOLE-- [fill = 0]
                  7010e500    00000018                                                       : uart_v0_lld.obj (.text.UART_modemControlReset)
                  7010e518    00000008     --HOLE-- [fill = 0]
                  7010e520    00000018                                                       : uart_v0_lld.obj (.text.UART_putChar)
                  7010e538    00000018     libc.a : memset32.S.obj (.text:TI_memset_small)
                  7010e550    00000016     drivers.am263px.r5f.ti-arm-clang.nortos.debug.lib : ipc_notify_v1.obj (.text.IpcNotify_sendSync)
                  7010e566    0000000a     --HOLE-- [fill = 0]
                  7010e570    00000016                                                       : mcan.obj (.text.MCAN_getIntrStatus)
                  7010e586    0000000a     --HOLE-- [fill = 0]
                  7010e590    00000016     nortos.am263px.r5f.ti-arm-clang.debug.lib : TimerP_rti_priv.obj (.text.TimerP_startPriv)
                  7010e5a6    0000000a     --HOLE-- [fill = 0]
                  7010e5b0    00000016                                               : TimerP_rti_priv.obj (.text.TimerP_stopPriv)
                  7010e5c6    0000000a     --HOLE-- [fill = 0]
                  7010e5d0    00000016     drivers.am263px.r5f.ti-arm-clang.nortos.debug.lib : uart_v0_lld.obj (.text.UART_divideRoundCloset)
                  7010e5e6    0000000a     --HOLE-- [fill = 0]
                  7010e5f0    00000016                                                       : uart_v0_lld.obj (.text.UART_regConfModeRestore)
                  7010e606    0000000a     --HOLE-- [fill = 0]
                  7010e610    00000014                                                       : edma.obj (.text.HW_WR_REG16_RAW)
                  7010e624    0000000c     --HOLE-- [fill = 0]
                  7010e630    00000014                                                       : ipc_notify_v1.obj (.text.IpcNotify_mailboxClearPendingIntr)
                  7010e644    0000000c     --HOLE-- [fill = 0]
                  7010e650    00000014                                                       : soc_rcm.obj (.text.SOC_rcmGetModuleClkDivFromRegVal)
                  7010e664    0000000c     --HOLE-- [fill = 0]
                  7010e670    00000014     nortos.am263px.r5f.ti-arm-clang.debug.lib : TimerP_rti_priv.obj (.text.TimerP_clearOverflowIntPriv)
                  7010e684    0000000c     --HOLE-- [fill = 0]
                  7010e690    00000014                                               : TimerP_rti_nortos.obj (.text.TimerP_setup)
                  7010e6a4    0000000c     --HOLE-- [fill = 0]
                  7010e6b0    00000014     ti_dpl_config.o (.text.putchar_)
                  7010e6c4    0000000c     --HOLE-- [fill = 0]
                  7010e6d0    00000012     ti_pinmux_config.o (.text.Pinmux_init)
                  7010e6e2    0000000e     --HOLE-- [fill = 0]
                  7010e6f0    00000012     imu_protocol_handler.o (.text.imu_initialize)
                  7010e702    0000000e     --HOLE-- [fill = 0]
                  7010e710    00000012     yis320_protocol.o (.text.yis320_get_timestamp_ms)
                  7010e722    0000000e     --HOLE-- [fill = 0]
                  7010e730    00000010     can_interface.o (.text.CSL_REG32_WR_RAW)
                  7010e740    00000010     drivers.am263px.r5f.ti-arm-clang.nortos.debug.lib : pinmux.obj (.text.CSL_REG32_WR_RAW)
                  7010e750    00000010                                                       : soc.obj (.text.CSL_REG32_WR_RAW)
                  7010e760    00000010     imu_interface_isr.o (.text.CSL_REG32_WR_RAW)
                  7010e770    00000010     main.o (.text.CSL_REG32_WR_RAW)
                  7010e780    00000010     ti_drivers_config.o (.text.CSL_REG32_WR_RAW)
                  7010e790    00000010     nortos.am263px.r5f.ti-arm-clang.debug.lib : ClockP_nortos_r5.obj (.text.ClockP_getTimerCount)
                  7010e7a0    00000010                                               : ClockP_nortos_r5.obj (.text.ClockP_timerClearOverflowInt)
                  7010e7b0    00000010     drivers.am263px.r5f.ti-arm-clang.nortos.debug.lib : edma.obj (.text.HW_RD_REG32_RAW)
                  7010e7c0    00000010                                                       : mcan.obj (.text.HW_RD_REG32_RAW)
                  7010e7d0    00000010                                                       : uart_v0_lld.obj (.text.HW_RD_REG32_RAW)
                  7010e7e0    00000010                                                       : edma.obj (.text.HW_WR_REG32_RAW)
                  7010e7f0    00000010                                                       : mcan.obj (.text.HW_WR_REG32_RAW)
                  7010e800    00000010                                                       : uart_v0_lld.obj (.text.HW_WR_REG32_RAW)
                  7010e810    00000010                                                       : ipc_notify_v1.obj (.text.IpcNotify_mailboxGetPendingIntr)
                  7010e820    00000010     nortos.am263px.r5f.ti-arm-clang.debug.lib : TimerP_rti_nortos.obj (.text.TimerP_Params_init)
                  7010e830    00000010                                               : TimerP_rti_nortos.obj (.text.TimerP_clearOverflowInt)
                  7010e840    00000010                                               : TimerP_rti_nortos.obj (.text.TimerP_getCount)
                  7010e850    00000010                                               : TimerP_rti_nortos.obj (.text.TimerP_getReloadCount)
                  7010e860    00000010                                               : TimerP_rti_nortos.obj (.text.TimerP_start)
                  7010e870    00000010                                               : printf.obj (.text._out_null)
                  7010e880    00000010     gateway_shared.o (.text.gateway_notify_imu_ready)
                  7010e890    00000010     gateway_shared.o (.text.gateway_notify_states_ready)
                  7010e8a0    0000000e     yis320_protocol.o (.text.yis320_uart_configure)
                  7010e8ae    00000002     --HOLE-- [fill = 0]
                  7010e8b0    0000000c     ti_board_open_close.o (.text.Board_driversOpen)
                  7010e8bc    00000004     --HOLE-- [fill = 0]
                  7010e8c0    0000000c     nortos.am263px.r5f.ti-arm-clang.debug.lib : ClockP_nortos.obj (.text.ClockP_getTicks)
                  7010e8cc    00000004     --HOLE-- [fill = 0]
                  7010e8d0    0000000c     ti_drivers_open_close.o (.text.Drivers_open)
                  7010e8dc    00000004     --HOLE-- [fill = 0]
                  7010e8e0    0000000c     ti_power_clock_config.o (.text.PowerClock_init)
                  7010e8ec    00000004     --HOLE-- [fill = 0]
                  7010e8f0    0000000c     imu_interface_isr.o (.text.parse_int32_le)
                  7010e8fc    00000004     --HOLE-- [fill = 0]
                  7010e900    0000000c     yis320_protocol.o (.text.vtable_read_data)
                  7010e90c    00000004     --HOLE-- [fill = 0]
                  7010e910    0000000a     nortos.am263px.r5f.ti-arm-clang.debug.lib : HwiP_armv7r_vim.obj (.text.Hwip_dataAndInstructionBarrier)
                  7010e91a    00000006     --HOLE-- [fill = 0]
                  7010e920    0000000a     drivers.am263px.r5f.ti-arm-clang.nortos.debug.lib : ipc_notify_v1.obj (.text.IpcNotify_dataAndInstructionBarrier)
                  7010e92a    00000006     --HOLE-- [fill = 0]
                  7010e930    0000000a                                                       : soc_rcm.obj (.text.SOC_rcmGetBaseAddressMSSRCM)
                  7010e93a    00000006     --HOLE-- [fill = 0]
                  7010e940    0000000a                                                       : uart_dma_edma.obj (.text.UART_edmaDoNothing)
                  7010e94a    00000006     --HOLE-- [fill = 0]
                  7010e950    0000000a     gateway_shared.o (.text.gateway_memory_barrier)
                  7010e95a    00000006     --HOLE-- [fill = 0]
                  7010e960    0000000a     gateway_shared.o (.text.ringbuf_get_ptr)
                  7010e96a    00000006     --HOLE-- [fill = 0]
                  7010e970    00000008     ti_drivers_config.o (.text.Drivers_uartInit)
                  7010e978    00000008     --HOLE-- [fill = 0]
                  7010e980    00000008     drivers.am263px.r5f.ti-arm-clang.nortos.debug.lib : soc_rcm.obj (.text.SOC_rcmGetBaseAddressMSSCTRL)
                  7010e988    00000008     --HOLE-- [fill = 0]
                  7010e990    00000008                                                       : soc_rcm.obj (.text.SOC_rcmGetBaseAddressTOPRCM)
                  7010e998    00000008     --HOLE-- [fill = 0]
                  7010e9a0    00000008     nortos.am263px.r5f.ti-arm-clang.debug.lib : SemaphoreP_nortos.obj (.text.SemaphoreP_destruct)
                  7010e9a8    00000008     --HOLE-- [fill = 0]
                  7010e9b0    00000002     ti_board_open_close.o (.text.Board_driversClose)
                  7010e9b2    0000000e     --HOLE-- [fill = 0]
                  7010e9c0    00000002     ti_board_config.o (.text.Board_init)
                  7010e9c2    0000000e     --HOLE-- [fill = 0]
                  7010e9d0    00000002     ti_drivers_open_close.o (.text.Drivers_mcanOpen)
                  7010e9d2    0000000e     --HOLE-- [fill = 0]
                  7010e9e0    00000002     drivers.am263px.r5f.ti-arm-clang.nortos.debug.lib : ipc_notify_v1_cfg.obj (.text.IpcNotify_wait)
                  7010e9e2    0000000e     --HOLE-- [fill = 0]
                  7010e9f0    00000002     nortos.am263px.r5f.ti-arm-clang.debug.lib : TaskP_nortos.obj (.text.TaskP_yield)
                  7010e9f2    0000000e     --HOLE-- [fill = 0]

.rodata    0    7010ea00    00001b88     
                  7010ea00    00000450     motor_mapping.o (.rodata.motor_config_table)
                  7010ee50    00000084     ti_dpl_config.o (.rodata.cfg)
                  7010eed4    00000004     nortos.am263px.r5f.ti-arm-clang.debug.lib : CacheP_armv7r.obj (.rodata.gCacheL1dCacheLineSize)
                  7010eed8    00000050                                               : printf.obj (.rodata._ftoa.pow10)
                  7010ef28    0000004d     gateway_shared.o (.rodata.str1.3223734256326991069.1)
                  7010ef75    00000003     can_interface.o (.rodata.str1.15257894921296593044.1)
                  7010ef78    00000048     drivers.am263px.r5f.ti-arm-clang.nortos.debug.lib : soc_rcm.obj (.rodata.gADPLLJConfigTbl)
                  7010efc0    00000043     main.o (.rodata.str1.14079361385603432444.1)
                  7010f003    00000001     --HOLE-- [fill = 0]
                  7010f004    00000040     drivers.am263px.r5f.ti-arm-clang.nortos.debug.lib : mcan.obj (.rodata.gDataSize)
                  7010f044    00000040                                                       : ipc_notify_v1.obj (.rodata.str1.10118846006578224169.1)
                  7010f084    00000040     gateway_shared.o (.rodata.str1.1309647279537151951.1)
                  7010f0c4    0000003f     imu_interface_isr.o (.rodata.str1.5126834218174521685.1)
                  7010f103    0000003d     main.o (.rodata.str1.10313062130652730376.1)
                  7010f140    0000003d     nortos.am263px.r5f.ti-arm-clang.debug.lib : TimerP_rti_priv.obj (.rodata.str1.11388379688747141303.1)
                  7010f17d    0000003c     main.o (.rodata.str1.2123964117280943167.1)
                  7010f1b9    0000003b     can_interface.o (.rodata.str1.10186677634541030339.1)
                  7010f1f4    0000003b     can_interface.o (.rodata.str1.13942422985958650841.1)
                  7010f22f    0000003b     imu_interface_isr.o (.rodata.str1.6306445455767916371.1)
                  7010f26a    00000039     can_interface.o (.rodata.str1.17855712168153945246.1)
                  7010f2a3    00000039     can_interface.o (.rodata.str1.6531933829109918715.1)
                  7010f2dc    00000039     can_interface.o (.rodata.str1.6806839034663112933.1)
                  7010f315    00000038     gateway_shared.o (.rodata.str1.8694082244888993162.1)
                  7010f34d    00000037     gateway_shared.o (.rodata.str1.10638658715010209595.1)
                  7010f384    00000037     gateway_shared.o (.rodata.str1.5629998949668554045.1)
                  7010f3bb    00000036     can_interface.o (.rodata.str1.15094798983471906066.1)
                  7010f3f1    00000035     main.o (.rodata.str1.14402440632258215044.1)
                  7010f426    00000035     can_interface.o (.rodata.str1.14428574951410983152.1)
                  7010f45b    00000035     imu_interface_isr.o (.rodata.str1.15503275091179387347.1)
                  7010f490    00000035     main.o (.rodata.str1.16631870348416990953.1)
                  7010f4c5    00000035     imu_interface_isr.o (.rodata.str1.2252785669688110604.1)
                  7010f4fa    00000035     can_interface.o (.rodata.str1.6692020027550076815.1)
                  7010f52f    00000035     ti_drivers_open_close.o (.rodata.str1.871795152488895636.1)
                  7010f564    00000034     main.o (.rodata.str1.14112174005742061988.1)
                  7010f598    00000034     main.o (.rodata.str1.2763581881760962609.1)
                  7010f5cc    00000033     can_interface.o (.rodata.str1.14845445665763636722.1)
                  7010f5ff    00000033     can_interface.o (.rodata.str1.6401568125276999251.1)
                  7010f632    00000031     gateway_shared.o (.rodata.str1.6121471336334202706.1)
                  7010f663    00000031     motor_mapping.o (.rodata.str1.8787205977826144616.1)
                  7010f694    00000030     main.o (.rodata.str1.8154729771448623357.1)
                  7010f6c4    00000030     imu_interface_isr.o (.rodata.str1.9168798226845388136.1)
                  7010f6f4    0000002f     main.o (.rodata.str1.1311392489248731986.1)
                  7010f723    0000002f     gateway_shared.o (.rodata.str1.3129942817937968154.1)
                  7010f752    0000002f     main.o (.rodata.str1.9059077390166914652.1)
                  7010f781    0000002f     drivers.am263px.r5f.ti-arm-clang.nortos.debug.lib : ipc_notify_v1.obj (.rodata.str1.9418228565027791152.1)
                  7010f7b0    0000002e     can_interface.o (.rodata.str1.11024350005305706282.1)
                  7010f7de    0000002e     gateway_shared.o (.rodata.str1.11051107022181534624.1)
                  7010f80c    0000002e     main.o (.rodata.str1.11870794119293528247.1)
                  7010f83a    0000002e     gateway_shared.o (.rodata.str1.9859227269409816370.1)
                  7010f868    0000002d     can_interface.o (.rodata.str1.10130696897761414469.1)
                  7010f895    0000002d     main.o (.rodata.str1.10635229749459437609.1)
                  7010f8c2    0000002d     main.o (.rodata.str1.13288086030101331538.1)
                  7010f8ef    0000002d     main.o (.rodata.str1.13782249893155712474.1)
                  7010f91c    0000002d     can_interface.o (.rodata.str1.150960857071891705.1)
                  7010f949    0000002d     main.o (.rodata.str1.16302215771116645891.1)
                  7010f976    0000002d     can_interface.o (.rodata.str1.17857559882412085052.1)
                  7010f9a3    0000002c     imu_interface_isr.o (.rodata.str1.13916086747295221358.1)
                  7010f9cf    0000002c     gateway_shared.o (.rodata.str1.7167262159681625771.1)
                  7010f9fb    0000002c     main.o (.rodata.str1.8076846746581808073.1)
                  7010fa27    0000002b     imu_interface_isr.o (.rodata.str1.12147274931821300989.1)
                  7010fa52    0000002b     main.o (.rodata.str1.18227636981041470289.1)
                  7010fa7d    0000002b     can_interface.o (.rodata.str1.3858671167962548137.1)
                  7010faa8    0000002a     nortos.am263px.r5f.ti-arm-clang.debug.lib : DebugP_log.obj (.rodata.str1.227947788441500939.1)
                  7010fad2    0000002a     main.o (.rodata.str1.2846389346932560359.1)
                  7010fafc    00000029     can_interface.o (.rodata.str1.357542981605220142.1)
                  7010fb25    00000029     can_interface.o (.rodata.str1.7679921882182829519.1)
                  7010fb4e    00000029     main.o (.rodata.str1.7784929982665794503.1)
                  7010fb77    00000029     main.o (.rodata.str1.8108965883388295311.1)
                  7010fba0    00000028     main.o (.rodata.str1.15159059442110792349.1)
                  7010fbc8    00000027     nortos.am263px.r5f.ti-arm-clang.debug.lib : ClockP_nortos_r5.obj (.rodata.str1.12743090444791882666.1)
                  7010fbef    00000027     main.o (.rodata.str1.3530083166107438000.1)
                  7010fc16    00000026     gateway_shared.o (.rodata.str1.17046880449980016103.1)
                  7010fc3c    00000026     can_interface.o (.rodata.str1.2167712102046818855.1)
                  7010fc62    00000026     gateway_shared.o (.rodata.str1.5761821093615868877.1)
                  7010fc88    00000025     main.o (.rodata.str1.15996357275703397564.1)
                  7010fcad    00000024     can_interface.o (.rodata.str1.17339864536769639315.1)
                  7010fcd1    00000024     can_interface.o (.rodata.str1.4211222669969280216.1)
                  7010fcf5    00000024     main.o (.rodata.str1.6891813955777630061.1)
                  7010fd19    00000024     main.o (.rodata.str1.7702501944640899365.1)
                  7010fd3d    00000023     drivers.am263px.r5f.ti-arm-clang.nortos.debug.lib : soc_rcm.obj (.rodata.str1.2078190104202520215.1)
                  7010fd60    00000023     nortos.am263px.r5f.ti-arm-clang.debug.lib : ClockP_nortos_r5.obj (.rodata.str1.7689125538912326484.1)
                  7010fd83    00000022     drivers.am263px.r5f.ti-arm-clang.nortos.debug.lib : edma.obj (.rodata.str1.12976018205622752890.1)
                  7010fda5    00000021     can_interface.o (.rodata.str1.12573338884863454617.1)
                  7010fdc6    00000021     nortos.am263px.r5f.ti-arm-clang.debug.lib : ClockP_nortos_r5.obj (.rodata.str1.8559540482768925367.1)
                  7010fde7    00000001     --HOLE-- [fill = 0]
                  7010fde8    00000020     drivers.am263px.r5f.ti-arm-clang.nortos.debug.lib : mcan.obj (.rodata.gMsgObjSize)
                  7010fe08    00000020     can_interface.o (.rodata.g_mcan_base_addr)
                  7010fe28    00000020     can_interface.o (.rodata.g_mcan_intr_num)
                  7010fe48    00000020     can_interface.o (.rodata.g_mcan_rcm_id)
                  7010fe68    00000020     main.o (.rodata.str1.16265332423659789559.1)
                  7010fe88    00000020     drivers.am263px.r5f.ti-arm-clang.nortos.debug.lib : uart_v0.obj (.rodata.str1.16594507886308206351.1)
                  7010fea8    00000020                                                       : ipc_notify_v1.obj (.rodata.str1.2046905611612007019.1)
                  7010fec8    0000001f     can_interface.o (.rodata.str1.14695538922052102695.1)
                  7010fee7    0000001f     nortos.am263px.r5f.ti-arm-clang.debug.lib : ClockP_nortos_r5.obj (.rodata.str1.2746619892315392655.1)
                  7010ff06    0000001f     imu_interface_isr.o (.rodata.str1.4417852805959727765.1)
                  7010ff25    0000001e     drivers.am263px.r5f.ti-arm-clang.nortos.debug.lib : ipc_notify_v1.obj (.rodata.str1.16593710740832512674.1)
                  7010ff43    0000001e                                                       : ipc_notify_v1.obj (.rodata.str1.9050127465416171240.1)
                  7010ff61    0000001d     nortos.am263px.r5f.ti-arm-clang.debug.lib : TimerP_rti_priv.obj (.rodata.str1.1727973701797049581.1)
                  7010ff7e    0000001d                                               : TimerP_rti_priv.obj (.rodata.str1.4425773406285945039.1)
                  7010ff9b    0000001d     drivers.am263px.r5f.ti-arm-clang.nortos.debug.lib : uart_v0.obj (.rodata.str1.4697665093340446018.1)
                  7010ffb8    0000001d     nortos.am263px.r5f.ti-arm-clang.debug.lib : TimerP_rti_priv.obj (.rodata.str1.7297095892955669843.1)
                  7010ffd5    0000001b     drivers.am263px.r5f.ti-arm-clang.nortos.debug.lib : edma.obj (.rodata.str1.16672221102796607080.1)
                  7010fff0    0000001b     ti_drivers_config.o (.rodata.str1.7767457247551078139.1)
                  7011000b    0000001a     main.o (.rodata.str1.11702106008850790973.1)
                  70110025    0000001a     drivers.am263px.r5f.ti-arm-clang.nortos.debug.lib : soc_rcm.obj (.rodata.str1.16907879152045164286.1)
                  7011003f    0000001a     main.o (.rodata.str1.17376258722486336754.1)
                  70110059    0000001a     main.o (.rodata.str1.288608917962107522.1)
                  70110073    0000001a     nortos.am263px.r5f.ti-arm-clang.debug.lib : ClockP_nortos_r5.obj (.rodata.str1.3810757863367538396.1)
                  7011008d    00000019     drivers.am263px.r5f.ti-arm-clang.nortos.debug.lib : ipc_notify_v1.obj (.rodata.str1.12253177398743541182.1)
                  701100a6    00000019     nortos.am263px.r5f.ti-arm-clang.debug.lib : TimerP_rti_priv.obj (.rodata.str1.5494506574634759136.1)
                  701100bf    00000001     --HOLE-- [fill = 0]
                  701100c0    00000018     drivers.am263px.r5f.ti-arm-clang.nortos.debug.lib : soc_rcm.obj (.rodata.gControlssPllClkSrcValMap)
[...]
7010e6b1  putchar_                             
7010d4d1  snprintf_                            
7010c1f1  timerISR                             
70112c18  virtToPhymap                         
7010de71  vprintf_                             
7010a711  yis320_convert_to_ipc                
7010e711  yis320_get_timestamp_ms              
7010bef1  yis320_protocol_handler_init         
7010e8a1  yis320_uart_configure                


GLOBAL SYMBOLS: SORTED BY Symbol Address 

address   name                                 
-------   ----                                 
00000000  __TI_ATRegion0_region_sz             
00000000  __TI_ATRegion0_src_addr              
00000000  __TI_ATRegion0_trg_addr              
00000000  __TI_ATRegion1_region_sz             
00000000  __TI_ATRegion1_src_addr              
00000000  __TI_ATRegion1_trg_addr              
00000000  __TI_ATRegion2_region_sz             
00000000  __TI_ATRegion2_src_addr              
00000000  __TI_ATRegion2_trg_addr              
00000000  __TI_static_base__                   
00000000  _vectors                             
00000100  __ABORT_STACK_SIZE                   
00000100  __FIQ_STACK_SIZE                     
00000100  __IRQ_STACK_SIZE                     
00000100  __UNDEFINED_STACK_SIZE               
00001000  __SVC_STACK_SIZE                     
00004000  __STACK_SIZE                         
70100a34  __aeabi_memclr                       
70100a34  __aeabi_memclr4                      
70100a34  __aeabi_memclr8                      
701010b8  C$$EXIT                              
701010b8  HOSTexit                             
701010c1  SOC_rcmEnablePeripheralClock         
701016f8  __aeabi_ldiv0                        
701016fc  __aeabi_memcpy                       
701016fc  __aeabi_memcpy4                      
701016fc  __aeabi_memcpy8                      
70101ce4  CSL_armR5ReadMpidrReg                
701021a1  UART_open                            
7010299c  __aeabi_memmove                      
7010299c  __aeabi_memmove4                     
7010299c  __aeabi_memmove8                     
701029a1  IpcNotify_init                       
70103111  SOC_virtToPhy                        
70103421  motor_mapping_init_core1             
70103721  MCAN_msgRAMConfig                    
70104841  UART_lld_dmaDeInit                   
70104a71  IpcNotify_isr                        
70104ca1  CAN_TransmitBatch                    
70104eb1  TimerP_setupPriv                     
70105261  UART_lld_dmaWrite                    
70105411  UART_close                           
701055c1  UART_lld_controllerIsr               
70105761  imu_uart_isr_init                    
70105a81  MCAN_calcMsgRamParamsStartAddr       
70105f11  EDMA_unregisterIntr                  
70106081  SOC_controlModuleUnlockMMR           
701061e1  UART_lld_initDma                     
70106341  DebugP_shmLogWriterPutChar           
70106881  MCAN_setBitTime                      
701069d1  CAN_Init                             
70106c51  MCAN_readMsgRam                      
70106ed1  ClockP_init                          
70107011  UART_procLineStatusErr               
70107151  EDMA_registerIntr                    
70107291  MCAN_init                            
701073d1  UART_lld_init                        
70107501  MCAN_config                          
70107631  SOC_controlModuleLockMMR             
70107761  SOC_rcmGetPeripheralClockFrequency   
701079a1  DebugP_shmLogWriterPutLine           
70107ac1  UART_lld_dmaRead                     
70107bdc  __udivmoddi4                         
70108171  IpcNotify_sendMsg                    
70108391  GPIO_init                            
701084a1  SemaphoreP_pend                      
701085b1  gateway_ringbuf_read                 
701087c1  CAN_StartRxInterrupts                
701088b1  gateway_write_motor_config           
70108b81  EDMA_freeChannelRegion               
70108c71  EDMA_freeParam                       
70108d61  EDMA_freeDmaChannel                  
70108e41  EDMA_freeTcc                         
70108f21  UART_intrEnable                      
701090e1  UART_intrDisable                     
701091c1  AddrTranslateP_getLocalAddr          
70109291  EDMA_disableChInShadowRegRegion      
70109361  EDMA_enableChInShadowRegRegion       
70109431  EDMA_mapChToEvtQ                     
70109501  EDMA_configureChannelRegion          
70109681  UART_flushTxFifo                     
70109801  ClockP_timerTickIsr                  
701098c1  TimerP_init                          
70109981  ClockP_stop                          
70109a41  IpcNotify_waitSync                   
70109b01  gateway_write_motor_states           
70109bc1  CycleCounterP_init                   
70109be1  CycleCounterP_reset                  
70109c31  CycleCounterP_nsToTicks              
70109c71  CycleCounterP_enableUserAccess       
70109c81  MCAN_writeMsgRam                     
70109d31  SOC_rcmSetPeripheralClock            
70109de1  UART_init                            
70109f41  gateway_core1_wait_for_ready         
7010a0a1  ClockP_destruct                      
7010a151  Drivers_uartOpen                     
7010a351  gateway_core1_ipc_callback           
7010a491  IpcNotify_registerClient             
7010a5d1  ClockP_getTimeUsec                   
7010a671  EDMA_unmapChToEvtQ                   
7010a711  yis320_convert_to_ipc                
7010a7b1  EDMA_disableTransferRegion           
7010a841  EDMA_enableTransferRegion            
7010aa81  UART_lld_flushTxFifo                 
7010aba1  main                                 
7010ac31  EDMA_allocDmaChannel                 
7010acc1  EDMA_allocParam                      
7010ad51  EDMA_allocTcc                        
7010af01  IpcNotify_syncAll                    
7010af91  imu_protocol_manager_init            
7010b021  MCAN_addStdMsgIDFilter               
7010b121  System_init                          
7010b221  _DebugP_assert                       
7010b2a1  gateway_ringbuf_core1_init           
7010b3a1  UART_Params_init                     
7010b421  EDMA_linkChannel                     
7010b6a1  ClockP_usleep                        
7010b721  EDMA_clrMissEvtRegion                
7010b901  EDMA_getBaseAddr                     
7010b9e1  SOC_rcmGetR5Clock                    
7010ba51  SOC_rcmIsR5FInLockStepMode           
7010bb31  UART_lld_deInitDma                   
7010bba1  MCAN_enableIntr                      
7010bc11  MCAN_initTxBufElement                
7010bcf1  SemaphoreP_post                      
7010bdd1  MCAN_selectIntrLine                  
7010be31  UART_getChar                         
7010bef1  yis320_protocol_handler_init         
7010bf51  Module_clockSetFrequency             
7010bfb1  UART_lld_deInit                      
7010c1f1  timerISR                             
7010c311  gateway_write_imu_state              
7010c3d1  Dpl_init                             
7010c431  EDMA_setPaRAM                        
7010c544  __TI_auto_init_nobinit_nopinit       
7010c5a1  Drivers_uartClose                    
7010c5f1  Pinmux_config                        
7010c641  UART_checkCharsAvailInFifo           
7010c691  DebugP_shmLogWriterInit              
7010c6e1  EDMA_clrEvtRegion                    
7010c731  EDMA_disableDmaEvtRegion             
7010c781  EDMA_disableEvtIntrRegion            
7010c7d1  EDMA_enableDmaEvtRegion              
7010c821  EDMA_enableEvtIntrRegion             
7010c871  EDMA_setEvtRegion                    
7010c8c1  GPIO_setDirMode                      
7010c911  MCAN_enableIntrLine                  
7010c961  ClockP_construct                     
7010c9b1  EDMA_ccPaRAMEntry_init               
7010ca01  EDMA_mapQdmaChToPaRAM                
7010ca51  EDMA_readEventStatusRegion           
7010caa1  IpcNotify_unregisterClient           
7010caf1  Module_clockEnable                   
7010cb41  gateway_update_stat                  
7010cb8c  memmove                              
7010cc31  IpcNotify_Params_init                
7010ccd1  UART_getIntrIdentityStatus           
7010cdc1  CAN_RegisterRxCallback               
7010ceb1  UART_readLineStatus                  
7010cf01  imu_protocol_handler_init            
7010d041  SemaphoreP_construct                 
7010d091  _DebugP_logZone                      
7010d131  ClockP_start                         
7010d1d1  imu_uart_process_ipc_notification    
7010d291  UART_spaceAvail                      
7010d2d1  gateway_core1_init                   
7010d311  gateway_update_heartbeat             
7010d391  UART_IsTxRxFifoEmpty                 
7010d411  MCAN_txBufAddReq                     
7010d451  SOC_moduleSetClockFrequency          
7010d4d1  snprintf_                            
7010d511  SOC_getCoreName                      
7010d548  CycleCounterP_getCount32             
7010d550  PmuP_setup                           
7010d558  PmuP_enableCounters                  
7010d560  PmuP_disableCounters                 
7010d568  PmuP_getOverflowStatus               
7010d570  PmuP_clearOverflowStatus             
7010d578  PmuP_setUserEnable                   
7010d5c1  EDMA_getRegionId                     
7010d601  GPIO_pinRead                         
7010d801  IpcNotify_syncCallback               
7010d881  MCAN_calcCfgAddr                     
7010d901  TimerP_Params_initPriv               
7010d981  motor_get_config                     
7010da81  TimerP_getCountPriv                  
7010dba1  gateway_signal_motor_config_ready    
7010dbd1  UART_lld_dmaInit                     
7010dc31  DebugP_logZoneEnable                 
7010dcc1  MCAN_clearNewDataStatus              
7010dcf1  MCAN_getNewDataStatus                
7010dd21  SemaphoreP_constructBinary           
7010dde1  UART_intr2Disable                    
7010de11  UART_operatingModeSelect             
7010de41  CSL_armR5GetCpuID                    
7010de71  vprintf_                             
7010dea1  EDMA_disableQdmaEvtRegion            
7010ded1  EDMA_enableQdmaEvtRegion             
7010df31  IpcNotify_allocSwQueue               
7010df91  IpcNotify_getConfig                  
7010dfc1  SemaphoreP_constructMutex            
7010e081  UART_getBaseAddr                     
7010e0a4  __aeabi_uldivmod                     
7010e101  EDMA_channelToParamMap               
7010e131  gateway_ringbuf_core1_receive        
7010e161  ClockP_isActive                      
7010e181  ClockP_usecToTicks                   
7010e201  ClockP_Params_init                   
7010e221  EDMA_getEventStatusHigh              
7010e241  MCAN_setOpMode                       
7010e261  SOC_getSelfCpuClk                    
7010e281  SOC_moduleClockEnable                
7010e2a1  TimerP_isr0                          
7010e2e1  UART_lld_Transaction_deInit          
7010e301  EDMA_getEventStatus                  
7010e37c  TI_memcpy_small                      
7010e3a1  MCAN_clearIntrStatus                 
7010e3c1  MCAN_getOpMode                       
7010e421  ClockP_ticksToUsec                   
7010e441  EDMA_isInterruptEnabled              
7010e481  IpcNotify_trigInterrupt              
7010e4a1  SemaphoreP_Params_init               
7010e4c1  TimerP_getReloadCountPriv            
7010e521  UART_putChar                         
7010e538  TI_memset_small                      
7010e551  IpcNotify_sendSync                   
7010e571  MCAN_getIntrStatus                   
7010e591  TimerP_startPriv                     
7010e5b1  TimerP_stopPriv                      
7010e671  TimerP_clearOverflowIntPriv          
7010e691  TimerP_setup                         
7010e6b1  putchar_                             
7010e6d1  Pinmux_init                          
7010e711  yis320_get_timestamp_ms              
7010e791  ClockP_getTimerCount                 
7010e7a1  ClockP_timerClearOverflowInt         
7010e821  TimerP_Params_init                   
7010e831  TimerP_clearOverflowInt              
7010e841  TimerP_getCount                      
7010e851  TimerP_getReloadCount                
7010e861  TimerP_start                         
7010e881  gateway_notify_imu_ready             
7010e891  gateway_notify_states_ready          
7010e8a1  yis320_uart_configure                
7010e8b1  Board_driversOpen                    
7010e8c1  ClockP_getTicks                      
7010e8d1  Drivers_open                         
7010e8e1  PowerClock_init                      
7010e971  Drivers_uartInit                     
7010e9a1  SemaphoreP_destruct                  
7010e9b1  Board_driversClose                   
7010e9c1  Board_init                           
7010e9d1  Drivers_mcanOpen                     
7010e9e1  IpcNotify_wait                       
7010e9f1  TaskP_yield                          
7010ee50  gCacheConfig                         
7010ee58  gMpuConfig                           
7010ee64  gMpuRegionConfig                     
7010eed4  gCacheL1dCacheLineSize               
7010ef78  gADPLLJConfigTbl                     
70110198  gPeripheralClkSrcInfoMap             
70110524  gXTALInfo                            
70110570  gCacheL1pCacheLineSize               
7011057f  gCR5ClkSrcInfoMap                    
70110588  __BSS_START                          
70111108  gHwiCtrl                             
70111914  g_yis320_private_data                
70111d1c  g_motor_lookup                       
70112988  gIpcNotifyCtrl                       
70112bf8  gClockCtrl                           
70112c18  virtToPhymap                         
70112c3c  gTimerBaseAddr                       
70112c40  gTimerHwiObj                         
70112c44  gUartHandle                          
70112c48  __BSS_END                            
70112c48  __stack                              
70116c48  __STACK_END                          
70116c51  HwiP_enableInt                       
70116c91  HwiP_disableInt                      
70116cf1  HwiP_restoreInt                      
70116d21  HwiP_clearInt                        
70116d61  HwiP_post                            
70116da1  HwiP_Params_init                     
70116dd1  HwiP_construct                       
70116fc1  HwiP_destruct                        
70117031  HwiP_init                            
701171e1  HwiP_inISR                           
70117211  HwiP_setVimIrqPriMaskNonAtomic       
70117261  HwiP_setVimIrqPriMaskAtomic          
70117301  HwiP_restoreVimIrqPriMask            
70117311  HwiP_irq_handler_c                   
701174b1  HwiP_fiq_handler                     
70117611  HwiP_reserved_handler                
70117651  HwiP_undefined_handler_c             
70117671  HwiP_user_undefined_handler_c        
70117691  HwiP_svc_handler                     
701176d1  HwiP_prefetch_abort_handler_c        
70117771  HwiP_user_prefetch_abort_handler_c   
701177b1  HwiP_data_abort_handler_c            
70117871  HwiP_user_data_abort_handler_c       
701178ac  HwiP_irq_handler                     
70117920  HwiP_data_abort_handler              
70117964  HwiP_prefetch_abort_handler          
701179b0  HwiP_undefined_handler               
701179e0  GET_DFSR                             
701179e8  GET_ADFSR                            
701179f0  GET_DFAR                             
701179f8  GET_IFSR                             
70117a00  GET_AIFSR                            
70117a08  GET_IFAR                             
70117a10  GET_SPSR                             
70117a28  HwiP_disable                         
70117a38  HwiP_disableFIQ                      
70117a48  HwiP_enable                          
70117a58  HwiP_enableFIQ                       
70117a68  HwiP_restore                         
70117a70  HwiP_enableVIC                       
70117a80  HwiP_disableVIC                      
70117a90  HwiP_getCPSR                         
70117aa0  CacheP_disableL1d                    
70117ac8  CacheP_disableL1p                    
70117ae0  CacheP_enableL1d                     
70117af8  CacheP_enableL1p                     
70117b10  CacheP_invL1d                        
70117b48  CacheP_invL1p                        
70117b84  CacheP_invL1dAll                     
70117b8c  CacheP_invL1pAll                     
70117b94  CacheP_wb                            
70117bd0  CacheP_wbInv                         
70117c0c  CacheP_wbAll                         
70117cb4  CacheP_wbInvAll                      
70117ccc  CacheP_wbInvAllAsm                   
70117d6c  CacheP_getEnabled                    
70117da4  CacheP_getCacheLevelInfo             
70117db0  CacheP_configForceWrThru             
70117dd0  CacheP_setDLFO                       
70117de1  CacheP_init                          
70117e71  CacheP_disable                       
70117ec1  CacheP_enable                        
70117f01  CacheP_inv                           
70117f41  MpuP_getAttrs                        
70117fa1  MpuP_RegionAttrs_init                
70117fd1  MpuP_setRegion                       
70118061  MpuP_isEnable                        
70118071  MpuP_disable                         
701180b1  MpuP_enable                          
70118101  MpuP_init                            
701181a1  MpuP_isUserAuthorizedToAccessMemory  
70118280  MpuP_disableAsm                      
70118298  MpuP_disableBRAsm                    
701182a8  MpuP_enableAsm                       
701182c0  MpuP_enableBRAsm                     
701182d0  MpuP_isEnableAsm                     
701182e4  MpuP_setRegionAsm                    
70118300  _c_int00_sbl                         
70118324  _c_int00                             
70118451  _DebugP_assertNoLog                  
70118481  _system_pre_init                     
701184b1  __mpu_init                           
701184c0  abort                                
701184c8  gEdmaConfig                          
701184c8  gUartDmaHandle                       
701185dc  gIpcNotifyMailboxConfig              
701187b4  gSocModulesClockFrequency            
7011882c  gUartParams                          
701188b4  gSocModules                          
70118920  gClockConfig                         
70118938  gIpcNotifyInterruptConfig_r5fss1_1   
70118964  gIpcNotifyCoreIntrBitPos             
70118994  gAddrTranslateConfig                 
701189a8  gUartConfig                          
701189b8  gDebugLogZone                        
701189c4  gEdmaConfigNum                       
701189c8  gHwiConfig                           
701189cc  gIpcNotifyInterruptConfigNum_r5fss1_1
701189d0  gUartConfigNum                       
701189d4  gUartDmaChConfig                     
70118a11  isMapAvailable                       
70118a18  __IRQ_STACK_START                    
70118b18  __FIQ_STACK_START                    
70118b18  __IRQ_STACK_END                      
70118c18  __FIQ_STACK_END                      
70118c18  __SVC_STACK_START                    
70119c18  __ABORT_STACK_START                  
70119c18  __SVC_STACK_END                      
70119d18  __ABORT_STACK_END                    
70119d18  __UNDEFINED_STACK_START              
70119e18  __UNDEFINED_STACK_END                
70200000  gGatewaySharedMem                    
70204d30  dbg_can_rx_count                     
70204d34  dbg_can_tx_count                     
70204d38  dbg_ipc_send_count                   
70204d3c  dbg_ipc_register_count               
70208000  gDebugShmLog                         
ffffffff  __TI_pprof_out_hndl                  
ffffffff  __TI_prof_data_size                  
ffffffff  __TI_prof_data_start                 
ffffffff  __binit__                            
ffffffff  binit                                
UNDEFED   __TI_CINIT_Base                      
UNDEFED   __TI_CINIT_Limit                     
UNDEFED   __TI_Handler_Table_Base              
UNDEFED   __TI_Handler_Table_Limit             
UNDEFED   _system_post_cinit                   

[404 symbols]
