******************************************************************************
            TI ARM Clang Linker PC v4.0.4                      
******************************************************************************
>> Linked Thu Apr  9 18:28:51 2026

OUTPUT FILE NAME:   <ccu_ti_multi_core_realtime.out>
ENTRY POINT SYMBOL: "_vectors"  address: 00000000


MEMORY CONFIGURATION

         name            origin    length      used     unused   attr    fill
----------------------  --------  ---------  --------  --------  ----  --------
  R5F_VECS              00000000   00000040  00000040  00000000  RWIX
  R5F_TCMA              00000040   00007fc0  00000000  00007fc0  RWIX
  R5F_TCMB              00080000   00008000  00000000  00008000  RWIX
  MAILBOX_HSM           44000000   000003ce  00000000  000003ce  RWIX
  MAILBOX_R5F           44000400   000003ce  00000000  000003ce  RWIX
  FLASH                 60180000   00080000  00000000  00080000  RWIX
  OCRAM                 70180000   00080000  0001ac80  00065380  RWIX
  USER_SHM_MEM          70200000   00008000  00006f74  0000108c  RWIX
  LOG_SHM_MEM           70208000   00004000  00002000  00002000  RWIX
  RTOS_NORTOS_IPC_SHM_M 72000000   00003e80  00000000  00003e80  RWIX


SEGMENT ALLOCATION MAP

run origin  load origin   length   init length attrs members
----------  ----------- ---------- ----------- ----- -------
00000000    00000000    00000040   00000040    r-x
  00000000    00000000    00000040   00000040    r-x .vectors
70180000    70180000    00011198   00011198    r-x
  70180000    70180000    0000efa0   0000efa0    r-x .text
  7018efa0    7018efa0    000021f8   000021f8    r-- .rodata
70191198    70191198    00006348   00000000    rw-
  70191198    70191198    00002348   00000000    rw- .bss
  701934e0    701934e0    00004000   00000000    rw- .stack
701974e0    701974e0    00001878   00001878    r-x
  701974e0    701974e0    00000e50   00000e50    r-x .text.hwi
  70198330    70198330    000004a0   000004a0    r-x .text.cache
  701987d0    701987d0    000003c0   000003c0    r-x .text.mpu
  70198b90    70198b90    000001c0   000001c0    r-x .text.boot
  70198d50    70198d50    00000008   00000008    r-x .text:abort
70198d58    70198d58    00001f28   00000b28    rw-
  70198d58    70198d58    00000b28   00000b28    rw- .data
  70199880    70199880    00000100   00000000    rw- .irqstack
  70199980    70199980    00000100   00000000    rw- .fiqstack
  70199a80    70199a80    00001000   00000000    rw- .svcstack
  7019aa80    7019aa80    00000100   00000000    rw- .abortstack
  7019ab80    7019ab80    00000100   00000000    rw- .undefinedstack


SECTION ALLOCATION MAP

 output                                  attributes/
section   page    origin      length       input sections
--------  ----  ----------  ----------   ----------------
.vectors   0    00000000    00000040     
                  00000000    00000040     nortos.am263px.r5f.ti-arm-clang.debug.lib : HwiP_armv7r_vectors_nortos_asm.obj (.vectors)

.text      0    70180000    0000efa0     
                  70180000    00000a34     nortos.am263px.r5f.ti-arm-clang.debug.lib : printf.obj (.text._vsnprintf)
                  70180a34    0000000c     libclang_rt.builtins.a : aeabi_memset.S.obj (.text.__aeabi_memclr)
                  70180a40    0000077a     main.o (.text.transmit_can_frames)
                  701811ba    00000002     --HOLE-- [fill = 0]
                  701811bc    00000004     libclang_rt.builtins.a : aeabi_div0.c.obj (.text.__aeabi_ldiv0)
                  701811c0    00000678     drivers.am263px.r5f.ti-arm-clang.nortos.debug.lib : soc_rcm.obj (.text.SOC_rcmGetClkSrcAndDivReg)
                  70181838    00000008     libsysbm.a : hostexit.c.obj (.text.HOSTexit)
                  70181840    00000638     drivers.am263px.r5f.ti-arm-clang.nortos.debug.lib : soc_rcm.obj (.text.SOC_rcmEnablePeripheralClock)
                  70181e78    00000004     libclang_rt.builtins.a : aeabi_memcpy.S.obj (.text.__aeabi_memcpy)
                  70181e7c    00000004                            : aeabi_memmove.S.obj (.text.__aeabi_memmove)
                  70181e80    000005e2     nortos.am263px.r5f.ti-arm-clang.debug.lib : printf.obj (.text._ftoa)
                  70182462    00000002     --HOLE-- [fill = 0]
                  70182464    0000000c                                               : CpuId_armv7r_asm.obj (.text)
                  70182470    000004b0                                               : printf.obj (.text._etoa)
                  70182920    00000402     yis320_protocol.o (.text.vtable_process_rx_data)
                  70182d22    0000000e     --HOLE-- [fill = 0]
                  70182d30    00000400     drivers.am263px.r5f.ti-arm-clang.nortos.debug.lib : uart_v0.obj (.text.UART_open)
                  70183130    000003dc                                                       : ipc_notify_v1.obj (.text.IpcNotify_init)
                  7018350c    00000004     --HOLE-- [fill = 0]
                  70183510    000003c8     main.o (.text.core1_init)
                  701838d8    00000008     --HOLE-- [fill = 0]
                  701838e0    0000031a     can_interface.o (.text.init_single_mcan)
                  70183bfa    00000006     --HOLE-- [fill = 0]
                  70183c00    00000302     drivers.am263px.r5f.ti-arm-clang.nortos.debug.lib : soc.obj (.text.SOC_virtToPhy)
                  70183f02    0000000e     --HOLE-- [fill = 0]
                  70183f10    000002f4     motor_mapping.o (.text.motor_mapping_init_core1)
                  70184204    0000000c     --HOLE-- [fill = 0]
                  70184210    000002a8     drivers.am263px.r5f.ti-arm-clang.nortos.debug.lib : mcan.obj (.text.MCAN_msgRAMConfig)
                  701844b8    00000008     --HOLE-- [fill = 0]
                  701844c0    00000298     main.o (.text.main_loop)
                  70184758    00000008     --HOLE-- [fill = 0]
                  70184760    0000027e     drivers.am263px.r5f.ti-arm-clang.nortos.debug.lib : uart_dma_edma.obj (.text.UART_edmaChInit)
                  701849de    00000002     --HOLE-- [fill = 0]
                  701849e0    00000250                                                       : edma.obj (.text.Alloc_resource)
                  70184c30    00000242                                                       : uart_v0_lld.obj (.text.UART_fifoConfig)
                  70184e72    0000000e     --HOLE-- [fill = 0]
                  70184e80    0000023e     nortos.am263px.r5f.ti-arm-clang.debug.lib : printf.obj (.text._ntoa_format)
                  701850be    00000002     --HOLE-- [fill = 0]
                  701850c0    0000023e     can_interface.o (.text.can_rx_isr)
                  701852fe    00000002     --HOLE-- [fill = 0]
                  70185300    0000023e     main.o (.text.process_can_rx)
                  7018553e    00000002     --HOLE-- [fill = 0]
                  70185540    0000022c     can_interface.o (.text.CAN_TransmitBatch)
                  7018576c    00000004     --HOLE-- [fill = 0]
                  70185770    00000226     drivers.am263px.r5f.ti-arm-clang.nortos.debug.lib : uart_dma_edma.obj (.text.UART_lld_dmaDeInit)
                  70185996    0000000a     --HOLE-- [fill = 0]
                  701859a0    00000222                                                       : ipc_notify_v1.obj (.text.IpcNotify_isr)
                  70185bc2    0000000e     --HOLE-- [fill = 0]
                  70185bd0    000001d6     nortos.am263px.r5f.ti-arm-clang.debug.lib : TimerP_rti_priv.obj (.text.TimerP_setupPriv)
                  70185da6    0000000a     --HOLE-- [fill = 0]
                  70185db0    000001aa     drivers.am263px.r5f.ti-arm-clang.nortos.debug.lib : uart_dma_edma.obj (.text.UART_lld_dmaWrite)
                  70185f5a    00000006     --HOLE-- [fill = 0]
                  70185f60    000001a8                                                       : uart_v0.obj (.text.UART_close)
                  70186108    00000008     --HOLE-- [fill = 0]
                  70186110    00000198                                                       : uart_v0_lld.obj (.text.UART_lld_controllerIsr)
                  701862a8    00000008     --HOLE-- [fill = 0]
                  701862b0    00000190     can_interface.o (.text.CAN_StartRxInterrupts)
                  70186440    00000186     drivers.am263px.r5f.ti-arm-clang.nortos.debug.lib : mcan.obj (.text.MCAN_readMsg)
                  701865c6    0000000a     --HOLE-- [fill = 0]
                  701865d0    00000184                                                       : mcan.obj (.text.MCAN_calcMsgRamParamsStartAddr)
                  70186754    0000000c     --HOLE-- [fill = 0]
                  70186760    00000162                                                       : edma.obj (.text.EDMA_unregisterIntr)
                  701868c2    0000000e     --HOLE-- [fill = 0]
                  701868d0    00000158                                                       : soc.obj (.text.SOC_controlModuleUnlockMMR)
                  70186a28    00000008     --HOLE-- [fill = 0]
                  70186a30    00000152     can_interface.o (.text.CAN_Init)
                  70186b82    0000000e     --HOLE-- [fill = 0]
                  70186b90    00000152     drivers.am263px.r5f.ti-arm-clang.nortos.debug.lib : uart_v0_lld.obj (.text.UART_lld_initDma)
                  70186ce2    0000000e     --HOLE-- [fill = 0]
                  70186cf0    00000150     nortos.am263px.r5f.ti-arm-clang.debug.lib : DebugP_shmLogWriter.obj (.text.DebugP_shmLogWriterPutChar)
                  70186e40    00000150     drivers.am263px.r5f.ti-arm-clang.nortos.debug.lib : mcan.obj (.text.MCAN_writeMsg)
                  70186f90    0000014e     yis320_protocol.o (.text.parse_imu_frame)
                  701870de    00000002     --HOLE-- [fill = 0]
                  701870e0    0000014c     drivers.am263px.r5f.ti-arm-clang.nortos.debug.lib : mcan.obj (.text.MCAN_setBitTime)
                  7018722c    00000004     --HOLE-- [fill = 0]
                  70187230    00000142     imu_interface_isr.o (.text.imu_uart_isr_init)
                  70187372    0000000e     --HOLE-- [fill = 0]
                  70187380    0000013a     drivers.am263px.r5f.ti-arm-clang.nortos.debug.lib : edma.obj (.text.EDMA_isDmaChannelAllocated)
                  701874ba    00000006     --HOLE-- [fill = 0]
                  701874c0    00000138                                                       : mcan.obj (.text.MCAN_readMsgRam)
                  701875f8    00000008     --HOLE-- [fill = 0]
                  70187600    00000138     nortos.am263px.r5f.ti-arm-clang.debug.lib : printf.obj (.text._ntoa_long_long)
                  70187738    00000008     --HOLE-- [fill = 0]
                  70187740    00000136                                               : ClockP_nortos_r5.obj (.text.ClockP_init)
                  70187876    0000000a     --HOLE-- [fill = 0]
                  70187880    00000136     drivers.am263px.r5f.ti-arm-clang.nortos.debug.lib : uart_v0_lld.obj (.text.UART_procLineStatusErr)
                  701879b6    0000000a     --HOLE-- [fill = 0]
                  701879c0    00000134                                                       : edma.obj (.text.EDMA_registerIntr)
                  70187af4    0000000c     --HOLE-- [fill = 0]
                  70187b00    00000134                                                       : mcan.obj (.text.MCAN_init)
                  70187c34    0000000c     --HOLE-- [fill = 0]
                  70187c40    0000012c                                                       : uart_v0_lld.obj (.text.UART_lld_init)
                  70187d6c    00000004     --HOLE-- [fill = 0]
                  70187d70    0000012a                                                       : mcan.obj (.text.MCAN_config)
                  70187e9a    00000006     --HOLE-- [fill = 0]
                  70187ea0    00000126                                                       : soc.obj (.text.SOC_controlModuleLockMMR)
                  70187fc6    0000000a     --HOLE-- [fill = 0]
                  70187fd0    00000120                                                       : soc_rcm.obj (.text.SOC_rcmGetPeripheralClockFrequency)
                  701880f0    00000120     can_interface.o (.text.init_can_stb_gpios)
                  70188210    0000011c     nortos.am263px.r5f.ti-arm-clang.debug.lib : DebugP_shmLogWriter.obj (.text.DebugP_shmLogWriterPutLine)
                  7018832c    00000004     --HOLE-- [fill = 0]
                  70188330    0000011c     drivers.am263px.r5f.ti-arm-clang.nortos.debug.lib : uart_dma_edma.obj (.text.UART_lld_dmaRead)
                  7018844c    00000118     libclang_rt.builtins.a : udivmoddi4.S.obj (.text)
                  70188564    0000000c     --HOLE-- [fill = 0]
                  70188570    00000116     drivers.am263px.r5f.ti-arm-clang.nortos.debug.lib : edma.obj (.text.EDMA_isTccAllocated)
                  70188686    0000000a     --HOLE-- [fill = 0]
                  70188690    00000116                                                       : uart_v0_lld.obj (.text.UART_divisorLatchWrite)
                  701887a6    0000000a     --HOLE-- [fill = 0]
                  701887b0    00000114     nortos.am263px.r5f.ti-arm-clang.debug.lib : printf.obj (.text._ntoa_long)
                  701888c4    0000000c     --HOLE-- [fill = 0]
                  701888d0    0000010e     drivers.am263px.r5f.ti-arm-clang.nortos.debug.lib : soc_rcm.obj (.text.SOC_rcmADPLLJGetFOut)
                  701889de    00000002     --HOLE-- [fill = 0]
                  701889e0    0000010a                                                       : ipc_notify_v1.obj (.text.IpcNotify_sendMsg)
                  70188aea    00000006     --HOLE-- [fill = 0]
                  70188af0    00000104                                                       : uart_v0_lld.obj (.text.UART_configInstance)
                  70188bf4    0000000c     --HOLE-- [fill = 0]
                  70188c00    00000102     ti_drivers_config.o (.text.GPIO_init)
                  70188d02    0000000e     --HOLE-- [fill = 0]
                  70188d10    00000102     nortos.am263px.r5f.ti-arm-clang.debug.lib : SemaphoreP_nortos.obj (.text.SemaphoreP_pend)
                  70188e12    0000000e     --HOLE-- [fill = 0]
                  70188e20    00000102     gateway_shared.o (.text.gateway_ringbuf_read)
                  70188f22    0000000e     --HOLE-- [fill = 0]
                  70188f30    000000ec     gateway_shared.o (.text.gateway_write_motor_config)
                  7018901c    00000004     --HOLE-- [fill = 0]
                  70189020    000000e6     drivers.am263px.r5f.ti-arm-clang.nortos.debug.lib : soc_rcm.obj (.text.SOC_rcmGetCoreFout)
                  70189106    0000000a     --HOLE-- [fill = 0]
                  70189110    000000e6                                                       : soc_rcm.obj (.text.SOC_rcmGetPerFout)
                  701891f6    0000000a     --HOLE-- [fill = 0]
                  70189200    000000e6     main.o (.text.receive_motor_commands)
                  701892e6    0000000a     --HOLE-- [fill = 0]
                  701892f0    000000e4     drivers.am263px.r5f.ti-arm-clang.nortos.debug.lib : edma.obj (.text.EDMA_freeChannelRegion)
                  701893d4    0000000c     --HOLE-- [fill = 0]
                  701893e0    000000e2                                                       : edma.obj (.text.EDMA_freeParam)
                  701894c2    0000000e     --HOLE-- [fill = 0]
                  701894d0    000000e0                                                       : edma.obj (.text.EDMA_freeDmaChannel)
                  701895b0    000000e0                                                       : edma.obj (.text.EDMA_freeTcc)
                  70189690    000000de                                                       : uart_v0_lld.obj (.text.UART_intrEnable)
                  7018976e    00000002     --HOLE-- [fill = 0]
                  70189770    000000da                                                       : uart_v0_lld.obj (.text.UART_intrDisable)
                  7018984a    00000006     --HOLE-- [fill = 0]
                  70189850    000000d0     nortos.am263px.r5f.ti-arm-clang.debug.lib : AddrTranslateP_32bit.obj (.text.AddrTranslateP_getLocalAddr)
                  70189920    000000ce     drivers.am263px.r5f.ti-arm-clang.nortos.debug.lib : edma.obj (.text.EDMA_disableChInShadowRegRegion)
                  701899ee    00000002     --HOLE-- [fill = 0]
                  701899f0    000000cc                                                       : edma.obj (.text.EDMA_enableChInShadowRegRegion)
                  70189abc    00000004     --HOLE-- [fill = 0]
                  70189ac0    000000c4                                                       : edma.obj (.text.EDMA_mapChToEvtQ)
                  70189b84    0000000c     --HOLE-- [fill = 0]
                  70189b90    000000c0                                                       : edma.obj (.text.EDMA_configureChannelRegion)
                  70189c50    000000c0                                                       : soc_rcm.obj (.text.SOC_rcmGetPerHSDivOut)
                  70189d10    000000c0                                                       : uart_v0.obj (.text.UART_flushTxFifo)
                  70189dd0    000000c0     nortos.am263px.r5f.ti-arm-clang.debug.lib : printf.obj (.text._out_rev)
                  70189e90    000000be                                               : ClockP_nortos.obj (.text.ClockP_timerTickIsr)
                  70189f4e    00000002     --HOLE-- [fill = 0]
                  70189f50    000000be     ti_dpl_config.o (.text.TimerP_init)
                  7018a00e    00000002     --HOLE-- [fill = 0]
                  7018a010    000000ba     nortos.am263px.r5f.ti-arm-clang.debug.lib : ClockP_nortos.obj (.text.ClockP_stop)
                  7018a0ca    00000006     --HOLE-- [fill = 0]
                  7018a0d0    000000ba     drivers.am263px.r5f.ti-arm-clang.nortos.debug.lib : ipc_notify_v1.obj (.text.IpcNotify_waitSync)
                  7018a18a    00000006     --HOLE-- [fill = 0]
                  7018a190    000000ba     nortos.am263px.r5f.ti-arm-clang.debug.lib : PmuP_armv7r.obj (.text.pmu)
                  7018a24a    00000006     --HOLE-- [fill = 0]
                  7018a250    000000b0     drivers.am263px.r5f.ti-arm-clang.nortos.debug.lib : mcan.obj (.text.MCAN_writeMsgRam)
                  7018a300    000000b0                                                       : soc_rcm.obj (.text.SOC_rcmSetPeripheralClock)
                  7018a3b0    000000b0                                                       : uart_v0.obj (.text.UART_init)
                  7018a460    000000b0     imu_interface_isr.o (.text.imu_uart_isr)
                  7018a510    000000ae     drivers.am263px.r5f.ti-arm-clang.nortos.debug.lib : mcan.obj (.text.MCAN_getOffsetAddr)
                  7018a5be    00000002     --HOLE-- [fill = 0]
                  7018a5c0    000000ae     main.o (.text.copy_motor_commands_to_working)
                  7018a66e    00000002     --HOLE-- [fill = 0]
                  7018a670    000000ae     gateway_shared.o (.text.gateway_write_motor_states)
                  7018a71e    00000002     --HOLE-- [fill = 0]
                  7018a720    000000ac     gateway_shared.o (.text.gateway_core1_wait_for_ready)
                  7018a7cc    00000004     --HOLE-- [fill = 0]
                  7018a7d0    000000a8     nortos.am263px.r5f.ti-arm-clang.debug.lib : ClockP_nortos.obj (.text.ClockP_addToList)
                  7018a878    00000008     --HOLE-- [fill = 0]
                  7018a880    000000a8                                               : ClockP_nortos.obj (.text.ClockP_destruct)
                  7018a928    00000008     --HOLE-- [fill = 0]
                  7018a930    000000a8     ti_drivers_open_close.o (.text.Drivers_uartOpen)
                  7018a9d8    00000008     --HOLE-- [fill = 0]
                  7018a9e0    000000a0     drivers.am263px.r5f.ti-arm-clang.nortos.debug.lib : soc_rcm.obj (.text.SOC_rcmGetCoreHSDivOut)
                  7018aa80    0000009e     gateway_shared.o (.text.gateway_core1_ipc_callback)
                  7018ab1e    00000002     --HOLE-- [fill = 0]
                  7018ab20    0000009e     yis320_protocol.o (.text.validate_checksum)
                  7018abbe    00000002     --HOLE-- [fill = 0]
                  7018abc0    0000009a     imu_interface_isr.o (.text.imu_uart_read)
                  7018ac5a    00000006     --HOLE-- [fill = 0]
                  7018ac60    00000098     drivers.am263px.r5f.ti-arm-clang.nortos.debug.lib : ipc_notify_v1.obj (.text.IpcNotify_registerClient)
                  7018acf8    00000008     --HOLE-- [fill = 0]
                  7018ad00    00000096                                                       : uart_v0_lld.obj (.text.UART_subConfigTCRTLRModeEn)
                  7018ad96    0000000a     --HOLE-- [fill = 0]
                  7018ada0    00000092     nortos.am263px.r5f.ti-arm-clang.debug.lib : ClockP_nortos.obj (.text.ClockP_getTimeUsec)
                  7018ae32    0000000e     --HOLE-- [fill = 0]
                  7018ae40    00000092     drivers.am263px.r5f.ti-arm-clang.nortos.debug.lib : edma.obj (.text.EDMA_unmapChToEvtQ)
                  7018aed2    0000000e     --HOLE-- [fill = 0]
                  7018aee0    00000092     motor_mapping.o (.text.float_to_uint)
                  7018af72    0000000e     --HOLE-- [fill = 0]
                  7018af80    00000092     yis320_protocol.o (.text.yis320_convert_to_ipc)
                  7018b012    0000000e     --HOLE-- [fill = 0]
                  7018b020    0000008c     drivers.am263px.r5f.ti-arm-clang.nortos.debug.lib : edma.obj (.text.EDMA_disableTransferRegion)
                  7018b0ac    00000004     --HOLE-- [fill = 0]
                  7018b0b0    0000008c                                                       : edma.obj (.text.EDMA_enableTransferRegion)
                  7018b13c    00000004     --HOLE-- [fill = 0]
                  7018b140    00000088                                                       : uart_dma_edma.obj (.text.UART_edmaIsrRx)
                  7018b1c8    00000008     --HOLE-- [fill = 0]
                  7018b1d0    00000088                                                       : uart_dma_edma.obj (.text.UART_edmaIsrTx)
                  7018b258    00000008     --HOLE-- [fill = 0]
                  7018b260    00000086                                                       : uart_v0_lld.obj (.text.UART_lld_flushTxFifo)
                  7018b2e6    0000000a     --HOLE-- [fill = 0]
                  7018b2f0    00000086                                                       : uart_v0_lld.obj (.text.UART_tcrTlrBitValRestore)
                  7018b376    0000000a     --HOLE-- [fill = 0]
                  7018b380    00000082                                                       : edma.obj (.text.EDMA_allocDmaChannel)
                  7018b402    0000000e     --HOLE-- [fill = 0]
                  7018b410    00000082                                                       : edma.obj (.text.EDMA_allocParam)
                  7018b492    0000000e     --HOLE-- [fill = 0]
                  7018b4a0    00000082                                                       : edma.obj (.text.EDMA_allocTcc)
                  7018b522    0000000e     --HOLE-- [fill = 0]
                  7018b530    00000082                                                       : edma.obj (.text.EDMA_disableTccInShadowRegRegion)
                  7018b5b2    0000000e     --HOLE-- [fill = 0]
                  7018b5c0    00000082                                                       : edma.obj (.text.EDMA_enableTccInShadowRegRegion)
                  7018b642    0000000e     --HOLE-- [fill = 0]
                  7018b650    00000082                                                       : ipc_notify_v1.obj (.text.IpcNotify_syncAll)
                  7018b6d2    0000000e     --HOLE-- [fill = 0]
                  7018b6e0    00000082     imu_protocol_handler.o (.text.imu_protocol_manager_init)
                  7018b762    0000000e     --HOLE-- [fill = 0]
                  7018b770    00000080     drivers.am263px.r5f.ti-arm-clang.nortos.debug.lib : mcan.obj (.text.MCAN_addStdMsgIDFilter)
                  7018b7f0    00000080                                                       : uart_v0_lld.obj (.text.UART_moduleReset)
                  7018b870    0000007e     ti_drivers_config.o (.text.System_init)
                  7018b8ee    00000002     --HOLE-- [fill = 0]
                  7018b8f0    0000007e     drivers.am263px.r5f.ti-arm-clang.nortos.debug.lib : uart_v0_lld.obj (.text.UART_readData)
                  7018b96e    00000002     --HOLE-- [fill = 0]
                  7018b970    0000007c     nortos.am263px.r5f.ti-arm-clang.debug.lib : DebugP_log.obj (.text._DebugP_assert)
                  7018b9ec    00000004     --HOLE-- [fill = 0]
                  7018b9f0    0000007c     gateway_shared.o (.text.gateway_ringbuf_core1_init)
                  7018ba6c    00000004     --HOLE-- [fill = 0]
                  7018ba70    0000007a     drivers.am263px.r5f.ti-arm-clang.nortos.debug.lib : ipc_notify_v1.obj (.text.IpcNotify_mailboxWrite)
                  7018baea    00000006     --HOLE-- [fill = 0]
                  7018baf0    0000007a                                                       : uart_v0.obj (.text.UART_Params_init)
                  7018bb6a    00000006     --HOLE-- [fill = 0]
                  7018bb70    0000007a     gateway_shared.o (.text.gateway_write_imu_state)
                  7018bbea    00000006     --HOLE-- [fill = 0]
                  7018bbf0    00000078     drivers.am263px.r5f.ti-arm-clang.nortos.debug.lib : edma.obj (.text.EDMA_linkChannel)
                  7018bc68    00000008     --HOLE-- [fill = 0]
                  7018bc70    00000074                                                       : uart_v0_lld.obj (.text.UART_IsBaseAddrValid)
                  7018bce4    0000000c     --HOLE-- [fill = 0]
                  7018bcf0    00000072     nortos.am263px.r5f.ti-arm-clang.debug.lib : ClockP_nortos.obj (.text.ClockP_usleep)
                  7018bd62    0000000e     --HOLE-- [fill = 0]
                  7018bd70    00000072     drivers.am263px.r5f.ti-arm-clang.nortos.debug.lib : edma.obj (.text.EDMA_clrMissEvtRegion)
                  7018bde2    0000000e     --HOLE-- [fill = 0]
                  7018bdf0    00000072                                                       : ipc_notify_v1.obj (.text.IpcNotify_makeMsg)
                  7018be62    0000000e     --HOLE-- [fill = 0]
                  7018be70    0000006e     yis320_protocol.o (.text.find_frame_header_limited)
                  7018bede    00000002     --HOLE-- [fill = 0]
                  7018bee0    0000006a     drivers.am263px.r5f.ti-arm-clang.nortos.debug.lib : ipc_notify_v1.obj (.text.IpcNotify_mailboxReadSwQ)
                  7018bf4a    00000006     --HOLE-- [fill = 0]
                  7018bf50    00000068                                                       : edma.obj (.text.EDMA_getBaseAddr)
                  7018bfb8    00000008     --HOLE-- [fill = 0]
                  7018bfc0    00000068                                                       : uart_v0_lld.obj (.text.UART_divisorValCompute)
                  7018c028    00000008     --HOLE-- [fill = 0]
                  7018c030    00000064                                                       : soc_rcm.obj (.text.SOC_rcmGetR5Clock)
                  7018c094    0000000c     --HOLE-- [fill = 0]
                  7018c0a0    00000064                                                       : soc_rcm.obj (.text.SOC_rcmIsR5FInLockStepMode)
                  7018c104    0000000c     --HOLE-- [fill = 0]
                  7018c110    00000064                                                       : uart_v0_lld.obj (.text.UART_fifoRegisterWrite)
                  7018c174    0000000c     --HOLE-- [fill = 0]
                  7018c180    00000064                                                       : uart_v0_lld.obj (.text.UART_lld_deInitDma)
                  7018c1e4    0000000c     --HOLE-- [fill = 0]
                  7018c1f0    00000064     imu_protocol_handler.o (.text.imu_protocol_process_uart_rx)
                  7018c254    0000000c     --HOLE-- [fill = 0]
                  7018c260    00000062     drivers.am263px.r5f.ti-arm-clang.nortos.debug.lib : mcan.obj (.text.MCAN_enableIntr)
                  7018c2c2    0000000e     --HOLE-- [fill = 0]
                  7018c2d0    00000062                                                       : mcan.obj (.text.MCAN_initTxBufElement)
                  7018c332    0000000e     --HOLE-- [fill = 0]
                  7018c340    00000062                                                       : soc_rcm.obj (.text.SOC_rcmInsert16)
                  7018c3a2    0000000e     --HOLE-- [fill = 0]
                  7018c3b0    00000062     nortos.am263px.r5f.ti-arm-clang.debug.lib : SemaphoreP_nortos.obj (.text.SemaphoreP_post)
                  7018c412    0000000e     --HOLE-- [fill = 0]
                  7018c420    00000060     drivers.am263px.r5f.ti-arm-clang.nortos.debug.lib : mcan.obj (.text.MCAN_selectIntrLine)
                  7018c480    00000060                                                       : uart_v0_lld.obj (.text.UART_getChar)
                  7018c4e0    00000060                                                       : uart_v0_lld.obj (.text.UART_writeData)
                  7018c540    0000005e     yis320_protocol.o (.text.yis320_protocol_handler_init)
                  7018c59e    00000002     --HOLE-- [fill = 0]
                  7018c5a0    0000005c     ti_power_clock_config.o (.text.Module_clockSetFrequency)
                  7018c5fc    00000004     --HOLE-- [fill = 0]
                  7018c600    0000005c     drivers.am263px.r5f.ti-arm-clang.nortos.debug.lib : uart_v0_lld.obj (.text.UART_lld_deInit)
                  7018c65c    00000004     --HOLE-- [fill = 0]
                  7018c660    0000005a                                                       : uart_v0_lld.obj (.text.UART_regConfigModeEnable)
                  7018c6ba    00000006     --HOLE-- [fill = 0]
                  7018c6c0    00000058                                                       : soc_rcm.obj (.text.SOC_rcmGetModuleClkDivVal)
                  7018c718    00000008     --HOLE-- [fill = 0]
                  7018c720    00000058     yis320_protocol.o (.text.parse_angular_velocity)
                  7018c778    00000008     --HOLE-- [fill = 0]
                  7018c780    00000058     yis320_protocol.o (.text.parse_euler_angles)
                  7018c7d8    00000008     --HOLE-- [fill = 0]
                  7018c7e0    00000056     drivers.am263px.r5f.ti-arm-clang.nortos.debug.lib : uart_v0.obj (.text.UART_lld_readCompleteCallback)
                  7018c836    0000000a     --HOLE-- [fill = 0]
                  7018c840    00000056                                                       : uart_v0.obj (.text.UART_lld_writeCompleteCallback)
                  7018c896    0000000a     --HOLE-- [fill = 0]
                  7018c8a0    00000056     motor_mapping.o (.text.uint16_to_float)
                  7018c8f6    0000000a     --HOLE-- [fill = 0]
                  7018c900    00000056     yis320_protocol.o (.text.vtable_initialize)
                  7018c956    0000000a     --HOLE-- [fill = 0]
                  7018c960    00000054     ti_dpl_config.o (.text.Dpl_init)
                  7018c9b4    0000000c     --HOLE-- [fill = 0]
                  7018c9c0    00000054     drivers.am263px.r5f.ti-arm-clang.nortos.debug.lib : edma.obj (.text.EDMA_setPaRAM)
                  7018ca14    0000000c     --HOLE-- [fill = 0]
                  7018ca20    00000054                                                       : uart_v0_lld.obj (.text.UART_OperModeValid)
                  7018ca74    0000000c     --HOLE-- [fill = 0]
                  7018ca80    00000054     main.o (.text.main)
                  7018cad4    00000054     libc.a : autoinit.c.obj (.text:__TI_auto_init_nobinit_nopinit)
                  7018cb28    00000008     --HOLE-- [fill = 0]
                  7018cb30    00000050     ti_drivers_open_close.o (.text.Drivers_uartClose)
                  7018cb80    00000050     drivers.am263px.r5f.ti-arm-clang.nortos.debug.lib : pinmux.obj (.text.Pinmux_config)
                  7018cbd0    00000050                                                       : uart_v0_lld.obj (.text.UART_checkCharsAvailInFifo)
                  7018cc20    00000050     main.o (.text.ipc_notify_callback_fxn)
                  7018cc70    0000004e     nortos.am263px.r5f.ti-arm-clang.debug.lib : DebugP_shmLogWriter.obj (.text.DebugP_shmLogWriterInit)
                  7018ccbe    00000002     --HOLE-- [fill = 0]
                  7018ccc0    0000004e     drivers.am263px.r5f.ti-arm-clang.nortos.debug.lib : edma.obj (.text.EDMA_clrEvtRegion)
                  7018cd0e    00000002     --HOLE-- [fill = 0]
                  7018cd10    0000004e                                                       : edma.obj (.text.EDMA_disableDmaEvtRegion)
                  7018cd5e    00000002     --HOLE-- [fill = 0]
                  7018cd60    0000004e                                                       : edma.obj (.text.EDMA_disableEvtIntrRegion)
                  7018cdae    00000002     --HOLE-- [fill = 0]
                  7018cdb0    0000004e                                                       : edma.obj (.text.EDMA_enableDmaEvtRegion)
                  7018cdfe    00000002     --HOLE-- [fill = 0]
                  7018ce00    0000004e                                                       : edma.obj (.text.EDMA_enableEvtIntrRegion)
                  7018ce4e    00000002     --HOLE-- [fill = 0]
                  7018ce50    0000004e                                                       : edma.obj (.text.EDMA_setEvtRegion)
                  7018ce9e    00000002     --HOLE-- [fill = 0]
                  7018cea0    0000004e                                                       : gpio.obj (.text.GPIO_setDirMode)
                  7018ceee    00000002     --HOLE-- [fill = 0]
                  7018cef0    0000004e                                                       : mcan.obj (.text.MCAN_enableIntrLine)
                  7018cf3e    00000002     --HOLE-- [fill = 0]
                  7018cf40    0000004c     nortos.am263px.r5f.ti-arm-clang.debug.lib : ClockP_nortos.obj (.text.ClockP_construct)
                  7018cf8c    00000004     --HOLE-- [fill = 0]
                  7018cf90    0000004c     drivers.am263px.r5f.ti-arm-clang.nortos.debug.lib : edma.obj (.text.EDMA_ccPaRAMEntry_init)
                  7018cfdc    00000004     --HOLE-- [fill = 0]
                  7018cfe0    0000004c                                                       : edma.obj (.text.EDMA_mapQdmaChToPaRAM)
                  7018d02c    00000004     --HOLE-- [fill = 0]
                  7018d030    0000004c                                                       : edma.obj (.text.EDMA_readEventStatusRegion)
                  7018d07c    00000004     --HOLE-- [fill = 0]
                  7018d080    0000004c                                                       : ipc_notify_v1.obj (.text.IpcNotify_unregisterClient)
                  7018d0cc    00000004     --HOLE-- [fill = 0]
                  7018d0d0    0000004c     ti_power_clock_config.o (.text.Module_clockEnable)
                  7018d11c    00000004     --HOLE-- [fill = 0]
                  7018d120    0000004c     gateway_shared.o (.text.gateway_update_stat)
                  7018d16c    0000004c     libc.a : memmov.c.obj (.text.memmove)
                  7018d1b8    00000008     --HOLE-- [fill = 0]
                  7018d1c0    0000004c     yis320_protocol.o (.text.parse_quaternion)
                  7018d20c    00000004     --HOLE-- [fill = 0]
                  7018d210    0000004c     main.o (.text.timerISR)
                  7018d25c    00000004     --HOLE-- [fill = 0]
                  7018d260    0000004a     drivers.am263px.r5f.ti-arm-clang.nortos.debug.lib : ipc_notify_v1.obj (.text.IpcNotify_Params_init)
                  7018d2aa    00000006     --HOLE-- [fill = 0]
                  7018d2b0    0000004a                                                       : soc_rcm.obj (.text.SOC_rcmGetCR5SysclkInFrequency)
                  7018d2fa    00000006     --HOLE-- [fill = 0]
                  7018d300    0000004a                                                       : uart_v0_lld.obj (.text.UART_getIntrIdentityStatus)
                  7018d34a    00000006     --HOLE-- [fill = 0]
                  7018d350    0000004a                                                       : uart_v0_lld.obj (.text.UART_lineCharConfig)
                  7018d39a    00000006     --HOLE-- [fill = 0]
                  7018d3a0    0000004a     main.o (.text.motor_get_index)
                  7018d3ea    00000006     --HOLE-- [fill = 0]
                  7018d3f0    00000048     can_interface.o (.text.CAN_RegisterRxCallback)
                  7018d438    00000008     --HOLE-- [fill = 0]
                  7018d440    00000048     drivers.am263px.r5f.ti-arm-clang.nortos.debug.lib : uart_v0_lld.obj (.text.UART_resetModule)
                  7018d488    00000008     --HOLE-- [fill = 0]
                  7018d490    00000046                                                       : uart_v0_lld.obj (.text.UART_i2310WA)
                  7018d4d6    0000000a     --HOLE-- [fill = 0]
                  7018d4e0    00000046                                                       : uart_v0_lld.obj (.text.UART_readLineStatus)
                  7018d526    0000000a     --HOLE-- [fill = 0]
                  7018d530    00000046     gateway_shared.o (.text.gateway_ringbuf_get_available)
                  7018d576    0000000a     --HOLE-- [fill = 0]
                  7018d580    00000046     imu_protocol_handler.o (.text.imu_protocol_handler_init)
                  7018d5c6    0000000a     --HOLE-- [fill = 0]
                  7018d5d0    00000044     drivers.am263px.r5f.ti-arm-clang.nortos.debug.lib : ipc_notify_v1.obj (.text.IpcNotify_getWriteMailbox)
                  7018d614    0000000c     --HOLE-- [fill = 0]
                  7018d620    00000044                                                       : soc_rcm.obj (.text.SOC_rcmExtract8)
                  7018d664    0000000c     --HOLE-- [fill = 0]
                  7018d670    00000044                                                       : soc_rcm.obj (.text.SOC_rcmMake16)
                  7018d6b4    0000000c     --HOLE-- [fill = 0]
                  7018d6c0    00000044     nortos.am263px.r5f.ti-arm-clang.debug.lib : SemaphoreP_nortos.obj (.text.SemaphoreP_construct)
                  7018d704    0000000c     --HOLE-- [fill = 0]
                  7018d710    00000044                                               : DebugP_nortos.obj (.text._DebugP_logZone)
                  7018d754    0000000c     --HOLE-- [fill = 0]
                  7018d760    00000044                                               : printf.obj (.text._strnlen_s)
                  7018d7a4    0000000c     --HOLE-- [fill = 0]
                  7018d7b0    00000042                                               : ClockP_nortos.obj (.text.ClockP_start)
                  7018d7f2    0000000e     --HOLE-- [fill = 0]
                  7018d800    00000042     drivers.am263px.r5f.ti-arm-clang.nortos.debug.lib : uart_v0.obj (.text.UART_checkOpenParams)
                  7018d842    0000000e     --HOLE-- [fill = 0]
                  7018d850    00000040     imu_protocol_handler.o (.text.imu_protocol_update_state)
                  7018d890    0000003e     drivers.am263px.r5f.ti-arm-clang.nortos.debug.lib : pinmux.obj (.text.Pinmux_unlockMMR)
                  7018d8ce    00000002     --HOLE-- [fill = 0]
                  7018d8d0    0000003e                                                       : uart_v0_lld.obj (.text.UART_IsHWFlowCtrlValid)
                  7018d90e    00000002     --HOLE-- [fill = 0]
                  7018d910    0000003e                                                       : uart_v0_lld.obj (.text.UART_spaceAvail)
                  7018d94e    00000002     --HOLE-- [fill = 0]
                  7018d950    0000003e     gateway_shared.o (.text.gateway_core1_init)
                  7018d98e    00000002     --HOLE-- [fill = 0]
                  7018d990    0000003e     gateway_shared.o (.text.gateway_update_heartbeat)
                  7018d9ce    00000002     --HOLE-- [fill = 0]
                  7018d9d0    0000003c     drivers.am263px.r5f.ti-arm-clang.nortos.debug.lib : uart_v0_lld.obj (.text.UART_IsParityTypeValid)
                  7018da0c    00000004     --HOLE-- [fill = 0]
                  7018da10    0000003c                                                       : uart_v0_lld.obj (.text.UART_IsTxRxFifoEmpty)
                  7018da4c    00000004     --HOLE-- [fill = 0]
                  7018da50    0000003c                                                       : uart_v0_lld.obj (.text.UART_enhanFuncEnable)
                  7018da8c    00000004     --HOLE-- [fill = 0]
                  7018da90    0000003a                                                       : mcan.obj (.text.MCAN_txBufAddReq)
                  7018daca    00000006     --HOLE-- [fill = 0]
                  7018dad0    0000003a                                                       : soc.obj (.text.SOC_moduleSetClockFrequency)
                  7018db0a    00000006     --HOLE-- [fill = 0]
                  7018db10    0000003a     nortos.am263px.r5f.ti-arm-clang.debug.lib : printf.obj (.text._atoi)
                  7018db4a    00000006     --HOLE-- [fill = 0]
                  7018db50    0000003a     main.o (.text.check_motor_commands_available)
                  7018db8a    00000006     --HOLE-- [fill = 0]
                  7018db90    0000003a     main.o (.text.init_1000hz_timer)
                  7018dbca    00000006     --HOLE-- [fill = 0]
                  7018dbd0    0000003a     nortos.am263px.r5f.ti-arm-clang.debug.lib : printf.obj (.text.snprintf_)
                  7018dc0a    00000006     --HOLE-- [fill = 0]
                  7018dc10    00000038     drivers.am263px.r5f.ti-arm-clang.nortos.debug.lib : soc.obj (.text.SOC_getCoreName)
                  7018dc48    00000038     nortos.am263px.r5f.ti-arm-clang.debug.lib : PmuP_armv7r_asm.obj (.text.pmu)
                  7018dc80    00000038     yis320_protocol.o (.text.vtable_is_connected)
                  7018dcb8    00000008     --HOLE-- [fill = 0]
                  7018dcc0    00000036     drivers.am263px.r5f.ti-arm-clang.nortos.debug.lib : edma.obj (.text.EDMA_getRegionId)
                  7018dcf6    0000000a     --HOLE-- [fill = 0]
                  7018dd00    00000036     can_interface.o (.text.GPIO_pinWriteLow)
                  7018dd36    0000000a     --HOLE-- [fill = 0]
                  7018dd40    00000036     ti_drivers_config.o (.text.GPIO_pinWriteLow)
                  7018dd76    0000000a     --HOLE-- [fill = 0]
                  7018dd80    00000036     drivers.am263px.r5f.ti-arm-clang.nortos.debug.lib : ipc_notify_v1.obj (.text.IpcNotify_syncCallback)
                  7018ddb6    0000000a     --HOLE-- [fill = 0]
                  7018ddc0    00000034                                                       : mcan.obj (.text.MCAN_SsAddr)
                  7018ddf4    0000000c     --HOLE-- [fill = 0]
                  7018de00    00000034                                                       : mcan.obj (.text.MCAN_calcCfgAddr)
                  7018de34    0000000c     --HOLE-- [fill = 0]
                  7018de40    00000034                                                       : pinmux.obj (.text.Pinmux_lockMMR)
                  7018de74    0000000c     --HOLE-- [fill = 0]
                  7018de80    00000034     nortos.am263px.r5f.ti-arm-clang.debug.lib : TimerP_rti_priv.obj (.text.TimerP_Params_initPriv)
                  7018deb4    0000000c     --HOLE-- [fill = 0]
                  7018dec0    00000034     drivers.am263px.r5f.ti-arm-clang.nortos.debug.lib : uart_v0_lld.obj (.text.UART_IsDataLengthValid)
                  7018def4    0000000c     --HOLE-- [fill = 0]
                  7018df00    00000034     motor_mapping.o (.text.motor_get_config)
                  7018df34    0000000c     --HOLE-- [fill = 0]
                  7018df40    00000032     drivers.am263px.r5f.ti-arm-clang.nortos.debug.lib : mcan.obj (.text.HW_WR_FIELD32_RAW)
                  7018df72    0000000e     --HOLE-- [fill = 0]
                  7018df80    00000032                                                       : uart_v0_lld.obj (.text.HW_WR_FIELD32_RAW)
                  7018dfb2    0000000e     --HOLE-- [fill = 0]
                  7018dfc0    00000032                                                       : ipc_notify_v1.obj (.text.IpcNotify_mailboxIsPendingIntr)
                  7018dff2    0000000e     --HOLE-- [fill = 0]
                  7018e000    00000032                                                       : mcan.obj (.text.MCAN_isMemInitDone)
                  7018e032    0000000e     --HOLE-- [fill = 0]
                  7018e040    00000032     nortos.am263px.r5f.ti-arm-clang.debug.lib : TimerP_rti_priv.obj (.text.TimerP_getCountPriv)
                  7018e072    0000000e     --HOLE-- [fill = 0]
                  7018e080    00000032     drivers.am263px.r5f.ti-arm-clang.nortos.debug.lib : uart_v0_lld.obj (.text.UART_enhanFuncBitValRestore)
                  7018e0b2    0000000e     --HOLE-- [fill = 0]
                  7018e0c0    00000032                                                       : uart_v0_lld.obj (.text.UART_hardwareFlowCtrlOptSet)
                  7018e0f2    0000000e     --HOLE-- [fill = 0]
                  7018e100    00000030                                                       : ipc_notify_v1.obj (.text.IpcNotify_getReadSwQ)
                  7018e130    00000030                                                       : uart_v0_lld.obj (.text.UART_flowCtrlTrigLvlConfig)
                  7018e160    00000030     gateway_shared.o (.text.gateway_signal_motor_config_ready)
                  7018e190    0000002e     drivers.am263px.r5f.ti-arm-clang.nortos.debug.lib : uart_dma_edma.obj (.text.UART_lld_dmaInit)
                  7018e1be    00000002     --HOLE-- [fill = 0]
                  7018e1c0    0000002e     nortos.am263px.r5f.ti-arm-clang.debug.lib : printf.obj (.text._is_digit)
                  7018e1ee    00000002     --HOLE-- [fill = 0]
                  7018e1f0    0000002c                                               : DebugP_log.obj (.text.DebugP_logZoneEnable)
                  7018e21c    00000004     --HOLE-- [fill = 0]
                  7018e220    0000002c     drivers.am263px.r5f.ti-arm-clang.nortos.debug.lib : ipc_notify_v1.obj (.text.IpcNotify_getReadMailbox)
                  7018e24c    00000004     --HOLE-- [fill = 0]
                  7018e250    0000002c                                                       : mcan.obj (.text.MCAN_clearNewDataStatus)
                  7018e27c    00000004     --HOLE-- [fill = 0]
                  7018e280    0000002c                                                       : mcan.obj (.text.MCAN_getNewDataStatus)
                  7018e2ac    00000004     --HOLE-- [fill = 0]
                  7018e2b0    0000002c     nortos.am263px.r5f.ti-arm-clang.debug.lib : SemaphoreP_nortos.obj (.text.SemaphoreP_constructBinary)
                  7018e2dc    00000004     --HOLE-- [fill = 0]
                  7018e2e0    0000002c     yis320_protocol.o (.text.vtable_deinit)
                  7018e30c    00000004     --HOLE-- [fill = 0]
                  7018e310    0000002a     nortos.am263px.r5f.ti-arm-clang.debug.lib : ClockP_nortos.obj (.text.ClockP_sleepTicks)
                  7018e33a    00000006     --HOLE-- [fill = 0]
                  7018e340    0000002a     drivers.am263px.r5f.ti-arm-clang.nortos.debug.lib : uart_v0_lld.obj (.text.UART_intr2Disable)
                  7018e36a    00000006     --HOLE-- [fill = 0]
                  7018e370    0000002a                                                       : uart_v0_lld.obj (.text.UART_operatingModeSelect)
                  7018e39a    00000006     --HOLE-- [fill = 0]
                  7018e3a0    0000002a     imu_protocol_handler.o (.text.imu_process_rx_data)
                  7018e3ca    00000006     --HOLE-- [fill = 0]
                  7018e3d0    00000028     nortos.am263px.r5f.ti-arm-clang.debug.lib : CpuId_armv7r.obj (.text.CSL_armR5GetCpuID)
                  7018e3f8    00000008     --HOLE-- [fill = 0]
                  7018e400    00000028                                               : printf.obj (.text.vprintf_)
                  7018e428    00000008     --HOLE-- [fill = 0]
                  7018e430    00000026     drivers.am263px.r5f.ti-arm-clang.nortos.debug.lib : edma.obj (.text.EDMA_disableQdmaEvtRegion)
                  7018e456    0000000a     --HOLE-- [fill = 0]
                  7018e460    00000026                                                       : edma.obj (.text.EDMA_enableQdmaEvtRegion)
                  7018e486    0000000a     --HOLE-- [fill = 0]
                  7018e490    00000026                                                       : edma.obj (.text.EDMA_validateIntrObject)
                  7018e4b6    0000000a     --HOLE-- [fill = 0]
                  7018e4c0    00000026     ti_drivers_config.o (.text.IpcNotify_allocSwQueue)
                  7018e4e6    0000000a     --HOLE-- [fill = 0]
                  7018e4f0    00000026     nortos.am263px.r5f.ti-arm-clang.debug.lib : printf.obj (.text._out_buffer)
                  7018e516    0000000a     --HOLE-- [fill = 0]
                  7018e520    00000024     ti_drivers_config.o (.text.IpcNotify_getConfig)
                  7018e544    0000000c     --HOLE-- [fill = 0]
                  7018e550    00000024     nortos.am263px.r5f.ti-arm-clang.debug.lib : SemaphoreP_nortos.obj (.text.SemaphoreP_constructMutex)
                  7018e574    0000000c     --HOLE-- [fill = 0]
                  7018e580    00000024     drivers.am263px.r5f.ti-arm-clang.nortos.debug.lib : uart_v0_lld.obj (.text.UART_IsRxTrigLvlValid)
                  7018e5a4    0000000c     --HOLE-- [fill = 0]
                  7018e5b0    00000024                                                       : uart_v0_lld.obj (.text.UART_IsStopBitsValid)
                  7018e5d4    0000000c     --HOLE-- [fill = 0]
                  7018e5e0    00000024                                                       : uart_v0_lld.obj (.text.UART_IsTxTrigLvlValid)
                  7018e604    0000000c     --HOLE-- [fill = 0]
                  7018e610    00000024                                                       : uart_v0.obj (.text.UART_getBaseAddr)
                  7018e634    00000024     libclang_rt.builtins.a : aeabi_uldivmod.S.obj (.text.__aeabi_uldivmod)
                  7018e658    00000008     --HOLE-- [fill = 0]
                  7018e660    00000024     nortos.am263px.r5f.ti-arm-clang.debug.lib : printf.obj (.text._out_char)
                  7018e684    0000000c     --HOLE-- [fill = 0]
                  7018e690    00000022     drivers.am263px.r5f.ti-arm-clang.nortos.debug.lib : edma.obj (.text.EDMA_channelToParamMap)
                  7018e6b2    0000000e     --HOLE-- [fill = 0]
                  7018e6c0    00000022     gateway_shared.o (.text.gateway_ringbuf_core1_receive)
                  7018e6e2    0000000e     --HOLE-- [fill = 0]
                  7018e6f0    00000020     nortos.am263px.r5f.ti-arm-clang.debug.lib : ClockP_nortos.obj (.text.ClockP_isActive)
                  7018e710    00000020                                               : ClockP_nortos.obj (.text.ClockP_usecToTicks)
                  7018e730    00000020     drivers.am263px.r5f.ti-arm-clang.nortos.debug.lib : mcan.obj (.text.HW_RD_FIELD32_RAW)
                  7018e750    00000020                                                       : uart_v0_lld.obj (.text.HW_RD_FIELD32_RAW)
                  7018e770    0000001e     nortos.am263px.r5f.ti-arm-clang.debug.lib : ClockP_nortos.obj (.text.ClockP_Params_init)
                  7018e78e    00000002     --HOLE-- [fill = 0]
                  7018e790    0000001e     drivers.am263px.r5f.ti-arm-clang.nortos.debug.lib : edma.obj (.text.EDMA_getEventStatusHigh)
                  7018e7ae    00000002     --HOLE-- [fill = 0]
                  7018e7b0    0000001e                                                       : mcan.obj (.text.MCAN_setOpMode)
                  7018e7ce    00000002     --HOLE-- [fill = 0]
                  7018e7d0    0000001e                                                       : soc.obj (.text.SOC_getSelfCpuClk)
                  7018e7ee    00000002     --HOLE-- [fill = 0]
                  7018e7f0    0000001e                                                       : soc.obj (.text.SOC_moduleClockEnable)
                  7018e80e    00000002     --HOLE-- [fill = 0]
                  7018e810    0000001e     ti_dpl_config.o (.text.TimerP_isr0)
                  7018e82e    00000002     --HOLE-- [fill = 0]
                  7018e830    0000001e     drivers.am263px.r5f.ti-arm-clang.nortos.debug.lib : uart_v0_lld.obj (.text.UART_breakCtl)
                  7018e84e    00000002     --HOLE-- [fill = 0]
                  7018e850    0000001e                                                       : uart_v0_lld.obj (.text.UART_lld_Transaction_deInit)
                  7018e86e    00000002     --HOLE-- [fill = 0]
                  7018e870    0000001c                                                       : edma.obj (.text.EDMA_getEventStatus)
                  7018e88c    00000004     --HOLE-- [fill = 0]
                  7018e890    0000001c                                                       : mcan.obj (.text.MCAN_writeProtectedRegAccessLock)
                  7018e8ac    00000004     --HOLE-- [fill = 0]
                  7018e8b0    0000001c                                                       : mcan.obj (.text.MCAN_writeProtectedRegAccessUnlock)
                  7018e8cc    00000004     --HOLE-- [fill = 0]
                  7018e8d0    0000001c                                                       : uart_v0_lld.obj (.text.UART_IsParameter)
                  7018e8ec    0000001c     libc.a : memcpy32.S.obj (.text:TI_memcpy_small)
                  7018e908    00000008     --HOLE-- [fill = 0]
                  7018e910    0000001a     drivers.am263px.r5f.ti-arm-clang.nortos.debug.lib : mcan.obj (.text.MCAN_clearIntrStatus)
                  7018e92a    00000006     --HOLE-- [fill = 0]
                  7018e930    0000001a                                                       : mcan.obj (.text.MCAN_getOpMode)
                  7018e94a    00000006     --HOLE-- [fill = 0]
                  7018e950    0000001a                                                       : uart_v0_lld.obj (.text.UART_fifoCharGet)
                  7018e96a    00000006     --HOLE-- [fill = 0]
                  7018e970    0000001a                                                       : uart_v0_lld.obj (.text.UART_timeGuardConfig)
                  7018e98a    00000006     --HOLE-- [fill = 0]
                  7018e990    00000018     nortos.am263px.r5f.ti-arm-clang.debug.lib : ClockP_nortos.obj (.text.ClockP_ticksToUsec)
                  7018e9a8    00000008     --HOLE-- [fill = 0]
                  7018e9b0    00000018     drivers.am263px.r5f.ti-arm-clang.nortos.debug.lib : edma.obj (.text.EDMA_isInterruptEnabled)
                  7018e9c8    00000008     --HOLE-- [fill = 0]
                  7018e9d0    00000018                                                       : ipc_notify_v1.obj (.text.IpcNotify_mailboxClearAllInt)
                  7018e9e8    00000008     --HOLE-- [fill = 0]
                  7018e9f0    00000018                                                       : ipc_notify_v1_cfg.obj (.text.IpcNotify_trigInterrupt)
                  7018ea08    00000008     --HOLE-- [fill = 0]
                  7018ea10    00000018     nortos.am263px.r5f.ti-arm-clang.debug.lib : SemaphoreP_nortos.obj (.text.SemaphoreP_Params_init)
                  7018ea28    00000008     --HOLE-- [fill = 0]
                  7018ea30    00000018                                               : TimerP_rti_priv.obj (.text.TimerP_getReloadCountPriv)
                  7018ea48    00000008     --HOLE-- [fill = 0]
                  7018ea50    00000018     drivers.am263px.r5f.ti-arm-clang.nortos.debug.lib : uart_v0_lld.obj (.text.UART_divisorLatchDisable)
                  7018ea68    00000008     --HOLE-- [fill = 0]
                  7018ea70    00000018                                                       : uart_v0_lld.obj (.text.UART_modemControlReset)
                  7018ea88    00000008     --HOLE-- [fill = 0]
                  7018ea90    00000018                                                       : uart_v0_lld.obj (.text.UART_putChar)
                  7018eaa8    00000018     libc.a : memset32.S.obj (.text:TI_memset_small)
                  7018eac0    00000016     drivers.am263px.r5f.ti-arm-clang.nortos.debug.lib : ipc_notify_v1.obj (.text.IpcNotify_sendSync)
                  7018ead6    0000000a     --HOLE-- [fill = 0]
                  7018eae0    00000016                                                       : mcan.obj (.text.MCAN_getIntrStatus)
                  7018eaf6    0000000a     --HOLE-- [fill = 0]
                  7018eb00    00000016     nortos.am263px.r5f.ti-arm-clang.debug.lib : TimerP_rti_priv.obj (.text.TimerP_startPriv)
                  7018eb16    0000000a     --HOLE-- [fill = 0]
                  7018eb20    00000016                                               : TimerP_rti_priv.obj (.text.TimerP_stopPriv)
                  7018eb36    0000000a     --HOLE-- [fill = 0]
                  7018eb40    00000016     drivers.am263px.r5f.ti-arm-clang.nortos.debug.lib : uart_v0_lld.obj (.text.UART_divideRoundCloset)
                  7018eb56    0000000a     --HOLE-- [fill = 0]
                  7018eb60    00000016                                                       : uart_v0_lld.obj (.text.UART_regConfModeRestore)
                  7018eb76    0000000a     --HOLE-- [fill = 0]
                  7018eb80    00000014                                                       : edma.obj (.text.HW_WR_REG16_RAW)
                  7018eb94    0000000c     --HOLE-- [fill = 0]
                  7018eba0    00000014                                                       : ipc_notify_v1.obj (.text.IpcNotify_mailboxClearPendingIntr)
                  7018ebb4    0000000c     --HOLE-- [fill = 0]
                  7018ebc0    00000014                                                       : soc_rcm.obj (.text.SOC_rcmGetModuleClkDivFromRegVal)
                  7018ebd4    0000000c     --HOLE-- [fill = 0]
                  7018ebe0    00000014     nortos.am263px.r5f.ti-arm-clang.debug.lib : TimerP_rti_priv.obj (.text.TimerP_clearOverflowIntPriv)
                  7018ebf4    0000000c     --HOLE-- [fill = 0]
                  7018ec00    00000014                                               : TimerP_rti_nortos.obj (.text.TimerP_setup)
                  7018ec14    0000000c     --HOLE-- [fill = 0]
                  7018ec20    00000014     ti_dpl_config.o (.text.putchar_)
                  7018ec34    0000000c     --HOLE-- [fill = 0]
                  7018ec40    00000012     ti_pinmux_config.o (.text.Pinmux_init)
                  7018ec52    0000000e     --HOLE-- [fill = 0]
                  7018ec60    00000012     gateway_shared.o (.text.gateway_check_emergency_stop)
                  7018ec72    0000000e     --HOLE-- [fill = 0]
                  7018ec80    00000012     gateway_shared.o (.text.gateway_ringbuf_core1_get_available)
                  7018ec92    0000000e     --HOLE-- [fill = 0]
                  7018eca0    00000012     imu_protocol_handler.o (.text.imu_initialize)
                  7018ecb2    0000000e     --HOLE-- [fill = 0]
                  7018ecc0    00000012     imu_interface_isr.o (.text.imu_uart_is_initialized)
                  7018ecd2    0000000e     --HOLE-- [fill = 0]
                  7018ece0    00000012     yis320_protocol.o (.text.yis320_get_timestamp_ms)
                  7018ecf2    0000000e     --HOLE-- [fill = 0]
                  7018ed00    00000010     can_interface.o (.text.CSL_REG32_WR_RAW)
                  7018ed10    00000010     drivers.am263px.r5f.ti-arm-clang.nortos.debug.lib : pinmux.obj (.text.CSL_REG32_WR_RAW)
                  7018ed20    00000010                                                       : soc.obj (.text.CSL_REG32_WR_RAW)
                  7018ed30    00000010     ti_drivers_config.o (.text.CSL_REG32_WR_RAW)
                  7018ed40    00000010     nortos.am263px.r5f.ti-arm-clang.debug.lib : ClockP_nortos_r5.obj (.text.ClockP_getTimerCount)
                  7018ed50    00000010                                               : ClockP_nortos_r5.obj (.text.ClockP_timerClearOverflowInt)
                  7018ed60    00000010     drivers.am263px.r5f.ti-arm-clang.nortos.debug.lib : edma.obj (.text.HW_RD_REG32_RAW)
                  7018ed70    00000010                                                       : mcan.obj (.text.HW_RD_REG32_RAW)
                  7018ed80    00000010                                                       : uart_v0_lld.obj (.text.HW_RD_REG32_RAW)
                  7018ed90    00000010                                                       : edma.obj (.text.HW_WR_REG32_RAW)
                  7018eda0    00000010                                                       : mcan.obj (.text.HW_WR_REG32_RAW)
                  7018edb0    00000010                                                       : uart_v0_lld.obj (.text.HW_WR_REG32_RAW)
                  7018edc0    00000010                                                       : ipc_notify_v1.obj (.text.IpcNotify_mailboxGetPendingIntr)
                  7018edd0    00000010     nortos.am263px.r5f.ti-arm-clang.debug.lib : TimerP_rti_nortos.obj (.text.TimerP_Params_init)
                  7018ede0    00000010                                               : TimerP_rti_nortos.obj (.text.TimerP_clearOverflowInt)
                  7018edf0    00000010                                               : TimerP_rti_nortos.obj (.text.TimerP_getCount)
                  7018ee00    00000010                                               : TimerP_rti_nortos.obj (.text.TimerP_getReloadCount)
                  7018ee10    00000010                                               : TimerP_rti_nortos.obj (.text.TimerP_start)
                  7018ee20    00000010                                               : printf.obj (.text._out_null)
                  7018ee30    00000010     gateway_shared.o (.text.gateway_notify_imu_ready)
                  7018ee40    00000010     gateway_shared.o (.text.gateway_notify_states_ready)
                  7018ee50    0000000e     yis320_protocol.o (.text.yis320_uart_configure)
                  7018ee5e    00000002     --HOLE-- [fill = 0]
                  7018ee60    0000000c     ti_board_open_close.o (.text.Board_driversOpen)
                  7018ee6c    00000004     --HOLE-- [fill = 0]
                  7018ee70    0000000c     nortos.am263px.r5f.ti-arm-clang.debug.lib : ClockP_nortos.obj (.text.ClockP_getTicks)
                  7018ee7c    00000004     --HOLE-- [fill = 0]
                  7018ee80    0000000c     ti_drivers_open_close.o (.text.Drivers_open)
                  7018ee8c    00000004     --HOLE-- [fill = 0]
                  7018ee90    0000000c     ti_power_clock_config.o (.text.PowerClock_init)
                  7018ee9c    00000004     --HOLE-- [fill = 0]
                  7018eea0    0000000c     yis320_protocol.o (.text.vtable_read_data)
                  7018eeac    00000004     --HOLE-- [fill = 0]
                  7018eeb0    0000000a     nortos.am263px.r5f.ti-arm-clang.debug.lib : HwiP_armv7r_vim.obj (.text.Hwip_dataAndInstructionBarrier)
                  7018eeba    00000006     --HOLE-- [fill = 0]
                  7018eec0    0000000a     drivers.am263px.r5f.ti-arm-clang.nortos.debug.lib : ipc_notify_v1.obj (.text.IpcNotify_dataAndInstructionBarrier)
                  7018eeca    00000006     --HOLE-- [fill = 0]
                  7018eed0    0000000a                                                       : soc_rcm.obj (.text.SOC_rcmGetBaseAddressMSSRCM)
                  7018eeda    00000006     --HOLE-- [fill = 0]
                  7018eee0    0000000a                                                       : uart_dma_edma.obj (.text.UART_edmaDoNothing)
                  7018eeea    00000006     --HOLE-- [fill = 0]
                  7018eef0    0000000a     gateway_shared.o (.text.gateway_memory_barrier)
                  7018eefa    00000006     --HOLE-- [fill = 0]
                  7018ef00    0000000a     gateway_shared.o (.text.ringbuf_get_ptr)
                  7018ef0a    00000006     --HOLE-- [fill = 0]
                  7018ef10    00000008     ti_drivers_config.o (.text.Drivers_uartInit)
                  7018ef18    00000008     --HOLE-- [fill = 0]
                  7018ef20    00000008     drivers.am263px.r5f.ti-arm-clang.nortos.debug.lib : soc_rcm.obj (.text.SOC_rcmGetBaseAddressMSSCTRL)
                  7018ef28    00000008     --HOLE-- [fill = 0]
                  7018ef30    00000008                                                       : soc_rcm.obj (.text.SOC_rcmGetBaseAddressTOPRCM)
                  7018ef38    00000008     --HOLE-- [fill = 0]
                  7018ef40    00000008     nortos.am263px.r5f.ti-arm-clang.debug.lib : SemaphoreP_nortos.obj (.text.SemaphoreP_destruct)
                  7018ef48    00000008     --HOLE-- [fill = 0]
                  7018ef50    00000002     ti_board_open_close.o (.text.Board_driversClose)
                  7018ef52    0000000e     --HOLE-- [fill = 0]
                  7018ef60    00000002     ti_board_config.o (.text.Board_init)
                  7018ef62    0000000e     --HOLE-- [fill = 0]
                  7018ef70    00000002     ti_drivers_open_close.o (.text.Drivers_mcanOpen)
                  7018ef72    0000000e     --HOLE-- [fill = 0]
                  7018ef80    00000002     drivers.am263px.r5f.ti-arm-clang.nortos.debug.lib : ipc_notify_v1_cfg.obj (.text.IpcNotify_wait)
                  7018ef82    0000000e     --HOLE-- [fill = 0]
                  7018ef90    00000002     nortos.am263px.r5f.ti-arm-clang.debug.lib : TaskP_nortos.obj (.text.TaskP_yield)
                  7018ef92    0000000e     --HOLE-- [fill = 0]

.rodata    0    7018efa0    000021f8     
                  7018efa0    00000450     motor_mapping.o (.rodata.motor_config_table)
                  7018f3f0    00000084     ti_dpl_config.o (.rodata.cfg)
                  7018f474    00000062     main.o (.rodata.str1.11321157723316767883.1)
                  7018f4d6    0000005e     main.o (.rodata.str1.15996357275703397564.1)
                  7018f534    0000005d     main.o (.rodata.str1.2563708670032483588.1)
                  7018f591    00000007     drivers.am263px.r5f.ti-arm-clang.nortos.debug.lib : soc.obj (.rodata.str1.12179086363571468349.1)
                  7018f598    00000050     nortos.am263px.r5f.ti-arm-clang.debug.lib : printf.obj (.rodata._ftoa.pow10)
                  7018f5e8    0000004d     gateway_shared.o (.rodata.str1.3223734256326991069.1)
                  7018f635    0000004c     main.o (.rodata.str1.10720410773482754683.1)
                  7018f681    00000049     can_interface.o (.rodata.str1.2401924719955226879.1)
                  7018f6ca    00000002     drivers.am263px.r5f.ti-arm-clang.nortos.debug.lib : soc_rcm.obj (.rodata.gCR5ClkSrcInfoMap)
                  7018f6cc    00000048                                                       : soc_rcm.obj (.rodata.gADPLLJConfigTbl)
                  7018f714    00000045     can_interface.o (.rodata.str1.17857559882412085052.1)
                  7018f759    00000043     main.o (.rodata.str1.10313062130652730376.1)
                  7018f79c    00000042     main.o (.rodata.str1.11702106008850790973.1)
                  7018f7de    00000041     main.o (.rodata.str1.16265332423659789559.1)
                  7018f81f    00000001     --HOLE-- [fill = 0]
                  7018f820    00000040     drivers.am263px.r5f.ti-arm-clang.nortos.debug.lib : mcan.obj (.rodata.gDataSize)
                  7018f860    00000040                                                       : ipc_notify_v1.obj (.rodata.str1.10118846006578224169.1)
                  7018f8a0    00000040     gateway_shared.o (.rodata.str1.1309647279537151951.1)
                  7018f8e0    0000003f     main.o (.rodata.str1.16302215771116645891.1)
                  7018f91f    0000003e     imu_interface_isr.o (.rodata.str1.2252785669688110604.1)
                  7018f95d    0000003d     nortos.am263px.r5f.ti-arm-clang.debug.lib : TimerP_rti_priv.obj (.rodata.str1.11388379688747141303.1)
                  7018f99a    0000003d     main.o (.rodata.str1.13782249893155712474.1)
                  7018f9d7    0000003c     main.o (.rodata.str1.8108965883388295311.1)
                  7018fa13    0000003b     can_interface.o (.rodata.str1.13886886582160776261.1)
                  7018fa4e    00000039     can_interface.o (.rodata.str1.13942422985958650841.1)
                  7018fa87    00000039     can_interface.o (.rodata.str1.15906871730334742222.1)
                  7018fac0    00000039     can_interface.o (.rodata.str1.16770118065840302171.1)
                  7018faf9    00000038     gateway_shared.o (.rodata.str1.8694082244888993162.1)
                  7018fb31    00000038     imu_interface_isr.o (.rodata.str1.9168798226845388136.1)
                  7018fb69    00000037     gateway_shared.o (.rodata.str1.10638658715010209595.1)
                  7018fba0    00000037     can_interface.o (.rodata.str1.17102373369105828453.1)
                  7018fbd7    00000037     main.o (.rodata.str1.3530083166107438000.1)
                  7018fc0e    00000037     gateway_shared.o (.rodata.str1.5629998949668554045.1)
                  7018fc45    00000036     can_interface.o (.rodata.str1.10186677634541030339.1)
                  7018fc7b    00000036     imu_interface_isr.o (.rodata.str1.13916086747295221358.1)
                  7018fcb1    00000036     can_interface.o (.rodata.str1.15146467347084621569.1)
                  7018fce7    00000035     can_interface.o (.rodata.str1.11434220007320834734.1)
                  7018fd1c    00000035     main.o (.rodata.str1.16631870348416990953.1)
                  7018fd51    00000035     can_interface.o (.rodata.str1.6692020027550076815.1)
                  7018fd86    00000035     ti_drivers_open_close.o (.rodata.str1.871795152488895636.1)
                  7018fdbb    00000035     main.o (.rodata.str1.9059077390166914652.1)
                  7018fdf0    00000034     main.o (.rodata.str1.13288086030101331538.1)
                  7018fe24    00000034     main.o (.rodata.str1.14112174005742061988.1)
                  7018fe58    00000034     main.o (.rodata.str1.17376258722486336754.1)
                  7018fe8c    00000034     main.o (.rodata.str1.18092426736022315238.1)
                  7018fec0    00000034     main.o (.rodata.str1.6891813955777630061.1)
                  7018fef4    00000033     can_interface.o (.rodata.str1.13538652865395202372.1)
                  7018ff27    00000033     can_interface.o (.rodata.str1.2569929632086669665.1)
                  7018ff5a    00000033     main.o (.rodata.str1.8428454045432808059.1)
                  7018ff8d    00000032     can_interface.o (.rodata.str1.2296911319530636772.1)
                  7018ffbf    00000031     main.o (.rodata.str1.10865113624938808685.1)
                  7018fff0    00000031     can_interface.o (.rodata.str1.4211222669969280216.1)
                  70190021    00000031     gateway_shared.o (.rodata.str1.6121471336334202706.1)
                  70190052    00000031     motor_mapping.o (.rodata.str1.8787205977826144616.1)
                  70190083    00000030     can_interface.o (.rodata.str1.10130696897761414469.1)
                  701900b3    00000030     can_interface.o (.rodata.str1.2167712102046818855.1)
                  701900e3    00000030     main.o (.rodata.str1.403738606202455663.1)
                  70190113    00000030     imu_interface_isr.o (.rodata.str1.4417852805959727765.1)
                  70190143    00000030     main.o (.rodata.str1.8154729771448623357.1)
                  70190173    0000002f     main.o (.rodata.str1.11870794119293528247.1)
                  701901a2    0000002f     can_interface.o (.rodata.str1.15094798983471906066.1)
                  701901d1    0000002f     gateway_shared.o (.rodata.str1.3129942817937968154.1)
                  70190200    0000002f     main.o (.rodata.str1.6554448696319176064.1)
                  7019022f    0000002f     drivers.am263px.r5f.ti-arm-clang.nortos.debug.lib : ipc_notify_v1.obj (.rodata.str1.9418228565027791152.1)
                  7019025e    0000002e     can_interface.o (.rodata.str1.11024350005305706282.1)
                  7019028c    0000002e     gateway_shared.o (.rodata.str1.11051107022181534624.1)
                  701902ba    0000002e     main.o (.rodata.str1.14079361385603432444.1)
                  701902e8    0000002e     main.o (.rodata.str1.7996925722583989644.1)
                  70190316    0000002e     gateway_shared.o (.rodata.str1.9859227269409816370.1)
                  70190344    0000002d     main.o (.rodata.str1.14466178792657420020.1)
                  70190371    0000002d     can_interface.o (.rodata.str1.150960857071891705.1)
                  7019039e    0000002d     main.o (.rodata.str1.2624144126699937905.1)
                  701903cb    0000002d     main.o (.rodata.str1.5043408953494467246.1)
                  701903f8    0000002d     can_interface.o (.rodata.str1.6401568125276999251.1)
                  70190425    0000002d     can_interface.o (.rodata.str1.6531933829109918715.1)
                  70190452    0000002c     can_interface.o (.rodata.str1.14845445665763636722.1)
                  7019047e    0000002c     main.o (.rodata.str1.2763581881760962609.1)
                  701904aa    0000002c     gateway_shared.o (.rodata.str1.7167262159681625771.1)
                  701904d6    0000002b     main.o (.rodata.str1.18227636981041470289.1)
                  70190501    0000002b     can_interface.o (.rodata.str1.3858671167962548137.1)
                  7019052c    0000002b     can_interface.o (.rodata.str1.5571669369711139161.1)
                  70190557    0000002a     can_interface.o (.rodata.str1.17855712168153945246.1)
                  70190581    0000002a     nortos.am263px.r5f.ti-arm-clang.debug.lib : DebugP_log.obj (.rodata.str1.227947788441500939.1)
                  701905ab    0000002a     main.o (.rodata.str1.2846389346932560359.1)
                  701905d5    0000002a     main.o (.rodata.str1.8096991282711418442.1)
                  701905ff    00000029     imu_interface_isr.o (.rodata.str1.15503275091179387347.1)
                  70190628    00000029     can_interface.o (.rodata.str1.357542981605220142.1)
                  70190651    00000029     main.o (.rodata.str1.39260288392874984.1)
                  7019067a    00000029     can_interface.o (.rodata.str1.6910353934698693424.1)
                  701906a3    00000029     can_interface.o (.rodata.str1.7679921882182829519.1)
                  701906cc    00000029     main.o (.rodata.str1.8076846746581808073.1)
                  701906f5    00000028     main.o (.rodata.str1.13030671760666898970.1)
                  7019071d    00000028     main.o (.rodata.str1.1311392489248731986.1)
                  70190745    00000028     main.o (.rodata.str1.15159059442110792349.1)
                  7019076d    00000027     nortos.am263px.r5f.ti-arm-clang.debug.lib : ClockP_nortos_r5.obj (.rodata.str1.12743090444791882666.1)
                  70190794    00000027     main.o (.rodata.str1.17045314124001216156.1)
                  701907bb    00000027     main.o (.rodata.str1.7784929982665794503.1)
                  701907e2    00000026     can_interface.o (.rodata.str1.14406550278730177052.1)
                  70190808    00000026     gateway_shared.o (.rodata.str1.17046880449980016103.1)
                  7019082e    00000026     gateway_shared.o (.rodata.str1.5761821093615868877.1)
                  70190854    00000026     can_interface.o (.rodata.str1.6806839034663112933.1)
                  7019087a    00000025     main.o (.rodata.str1.10635229749459437609.1)
                  7019089f    00000025     main.o (.rodata.str1.2123964117280943167.1)
                  701908c4    00000024     can_interface.o (.rodata.str1.14428574951410983152.1)
                  701908e8    00000024     can_interface.o (.rodata.str1.17339864536769639315.1)
                  7019090c    00000024     imu_interface_isr.o (.rodata.str1.6306445455767916371.1)
                  70190930    00000024     main.o (.rodata.str1.7702501944640899365.1)
                  70190954    00000023     drivers.am263px.r5f.ti-arm-clang.nortos.debug.lib : soc_rcm.obj (.rodata.str1.2078190104202520215.1)
                  70190977    00000023     nortos.am263px.r5f.ti-arm-clang.debug.lib : ClockP_nortos_r5.obj (.rodata.str1.7689125538912326484.1)
                  7019099a    00000022     drivers.am263px.r5f.ti-arm-clang.nortos.debug.lib : edma.obj (.rodata.str1.12976018205622752890.1)
                  701909bc    00000021     can_interface.o (.rodata.str1.12573338884863454617.1)
                  701909dd    00000021     nortos.am263px.r5f.ti-arm-clang.debug.lib : ClockP_nortos_r5.obj (.rodata.str1.8559540482768925367.1)
                  701909fe    00000002     --HOLE-- [fill = 0]
                  70190a00    00000020     drivers.am263px.r5f.ti-arm-clang.nortos.debug.lib : mcan.obj (.rodata.gMsgObjSize)
                  70190a20    00000020     can_interface.o (.rodata.g_mcan_base_addr)
                  70190a40    00000020     can_interface.o (.rodata.g_mcan_intr_num)
                  70190a60    00000020     main.o (.rodata.str1.14402440632258215044.1)
                  70190a80    00000020     drivers.am263px.r5f.ti-arm-clang.nortos.debug.lib : uart_v0.obj (.rodata.str1.16594507886308206351.1)
                  70190aa0    00000020                                                       : ipc_notify_v1.obj (.rodata.str1.2046905611612007019.1)
                  70190ac0    0000001f     can_interface.o (.rodata.str1.14695538922052102695.1)
                  70190adf    0000001f     nortos.am263px.r5f.ti-arm-clang.debug.lib : ClockP_nortos_r5.obj (.rodata.str1.2746619892315392655.1)
                  70190afe    0000001e     drivers.am263px.r5f.ti-arm-clang.nortos.debug.lib : ipc_notify_v1.obj (.rodata.str1.16593710740832512674.1)
                  70190b1c    0000001e     imu_interface_isr.o (.rodata.str1.5126834218174521685.1)
[...]
00000000  __TI_ATRegion1_region_sz             
00000000  __TI_ATRegion1_src_addr              
00000000  __TI_ATRegion1_trg_addr              
00000000  __TI_ATRegion2_region_sz             
00000000  __TI_ATRegion2_src_addr              
00000000  __TI_ATRegion2_trg_addr              
00000000  __TI_static_base__                   
00000000  _vectors                             
00000100  __ABORT_STACK_SIZE                   
00000100  __FIQ_STACK_SIZE                     
00000100  __IRQ_STACK_SIZE                     
00000100  __UNDEFINED_STACK_SIZE               
00001000  __SVC_STACK_SIZE                     
00004000  __STACK_SIZE                         
70180a34  __aeabi_memclr                       
70180a34  __aeabi_memclr4                      
70180a34  __aeabi_memclr8                      
701811bc  __aeabi_ldiv0                        
70181838  C$$EXIT                              
70181838  HOSTexit                             
70181841  SOC_rcmEnablePeripheralClock         
70181e78  __aeabi_memcpy                       
70181e78  __aeabi_memcpy4                      
70181e78  __aeabi_memcpy8                      
70181e7c  __aeabi_memmove                      
70181e7c  __aeabi_memmove4                     
70181e7c  __aeabi_memmove8                     
70182464  CSL_armR5ReadMpidrReg                
70182d31  UART_open                            
70183131  IpcNotify_init                       
70183c01  SOC_virtToPhy                        
70183f11  motor_mapping_init_core1             
70184211  MCAN_msgRAMConfig                    
70185541  CAN_TransmitBatch                    
70185771  UART_lld_dmaDeInit                   
701859a1  IpcNotify_isr                        
70185bd1  TimerP_setupPriv                     
70185db1  UART_lld_dmaWrite                    
70185f61  UART_close                           
70186111  UART_lld_controllerIsr               
701862b1  CAN_StartRxInterrupts                
701865d1  MCAN_calcMsgRamParamsStartAddr       
70186761  EDMA_unregisterIntr                  
701868d1  SOC_controlModuleUnlockMMR           
70186a31  CAN_Init                             
70186b91  UART_lld_initDma                     
70186cf1  DebugP_shmLogWriterPutChar           
701870e1  MCAN_setBitTime                      
70187231  imu_uart_isr_init                    
701874c1  MCAN_readMsgRam                      
70187741  ClockP_init                          
70187881  UART_procLineStatusErr               
701879c1  EDMA_registerIntr                    
70187b01  MCAN_init                            
70187c41  UART_lld_init                        
70187d71  MCAN_config                          
70187ea1  SOC_controlModuleLockMMR             
70187fd1  SOC_rcmGetPeripheralClockFrequency   
70188211  DebugP_shmLogWriterPutLine           
70188331  UART_lld_dmaRead                     
7018844c  __udivmoddi4                         
701889e1  IpcNotify_sendMsg                    
70188c01  GPIO_init                            
70188d11  SemaphoreP_pend                      
70188e21  gateway_ringbuf_read                 
70188f31  gateway_write_motor_config           
701892f1  EDMA_freeChannelRegion               
701893e1  EDMA_freeParam                       
701894d1  EDMA_freeDmaChannel                  
701895b1  EDMA_freeTcc                         
70189691  UART_intrEnable                      
70189771  UART_intrDisable                     
70189851  AddrTranslateP_getLocalAddr          
70189921  EDMA_disableChInShadowRegRegion      
701899f1  EDMA_enableChInShadowRegRegion       
70189ac1  EDMA_mapChToEvtQ                     
70189b91  EDMA_configureChannelRegion          
70189d11  UART_flushTxFifo                     
70189e91  ClockP_timerTickIsr                  
70189f51  TimerP_init                          
7018a011  ClockP_stop                          
7018a0d1  IpcNotify_waitSync                   
7018a191  CycleCounterP_init                   
7018a1b1  CycleCounterP_reset                  
7018a201  CycleCounterP_nsToTicks              
7018a241  CycleCounterP_enableUserAccess       
7018a251  MCAN_writeMsgRam                     
7018a301  SOC_rcmSetPeripheralClock            
7018a3b1  UART_init                            
7018a671  gateway_write_motor_states           
7018a721  gateway_core1_wait_for_ready         
7018a881  ClockP_destruct                      
7018a931  Drivers_uartOpen                     
7018aa81  gateway_core1_ipc_callback           
7018abc1  imu_uart_read                        
7018ac61  IpcNotify_registerClient             
7018ada1  ClockP_getTimeUsec                   
7018ae41  EDMA_unmapChToEvtQ                   
7018aee1  float_to_uint                        
7018af81  yis320_convert_to_ipc                
7018b021  EDMA_disableTransferRegion           
7018b0b1  EDMA_enableTransferRegion            
7018b261  UART_lld_flushTxFifo                 
7018b381  EDMA_allocDmaChannel                 
7018b411  EDMA_allocParam                      
7018b4a1  EDMA_allocTcc                        
7018b651  IpcNotify_syncAll                    
7018b6e1  imu_protocol_manager_init            
7018b771  MCAN_addStdMsgIDFilter               
7018b871  System_init                          
7018b971  _DebugP_assert                       
7018b9f1  gateway_ringbuf_core1_init           
7018baf1  UART_Params_init                     
7018bb71  gateway_write_imu_state              
7018bbf1  EDMA_linkChannel                     
7018bcf1  ClockP_usleep                        
7018bd71  EDMA_clrMissEvtRegion                
7018bf51  EDMA_getBaseAddr                     
7018c031  SOC_rcmGetR5Clock                    
7018c0a1  SOC_rcmIsR5FInLockStepMode           
7018c181  UART_lld_deInitDma                   
7018c1f1  imu_protocol_process_uart_rx         
7018c261  MCAN_enableIntr                      
7018c2d1  MCAN_initTxBufElement                
7018c3b1  SemaphoreP_post                      
7018c421  MCAN_selectIntrLine                  
7018c481  UART_getChar                         
7018c541  yis320_protocol_handler_init         
7018c5a1  Module_clockSetFrequency             
7018c601  UART_lld_deInit                      
7018c8a1  uint16_to_float                      
7018c961  Dpl_init                             
7018c9c1  EDMA_setPaRAM                        
7018ca81  main                                 
7018cad4  __TI_auto_init_nobinit_nopinit       
7018cb31  Drivers_uartClose                    
7018cb81  Pinmux_config                        
7018cbd1  UART_checkCharsAvailInFifo           
7018cc71  DebugP_shmLogWriterInit              
7018ccc1  EDMA_clrEvtRegion                    
7018cd11  EDMA_disableDmaEvtRegion             
7018cd61  EDMA_disableEvtIntrRegion            
7018cdb1  EDMA_enableDmaEvtRegion              
7018ce01  EDMA_enableEvtIntrRegion             
7018ce51  EDMA_setEvtRegion                    
7018cea1  GPIO_setDirMode                      
7018cef1  MCAN_enableIntrLine                  
7018cf41  ClockP_construct                     
7018cf91  EDMA_ccPaRAMEntry_init               
7018cfe1  EDMA_mapQdmaChToPaRAM                
7018d031  EDMA_readEventStatusRegion           
7018d081  IpcNotify_unregisterClient           
7018d0d1  Module_clockEnable                   
7018d121  gateway_update_stat                  
7018d16c  memmove                              
7018d211  timerISR                             
7018d261  IpcNotify_Params_init                
7018d301  UART_getIntrIdentityStatus           
7018d3f1  CAN_RegisterRxCallback               
7018d4e1  UART_readLineStatus                  
7018d531  gateway_ringbuf_get_available        
7018d581  imu_protocol_handler_init            
7018d6c1  SemaphoreP_construct                 
7018d711  _DebugP_logZone                      
7018d7b1  ClockP_start                         
7018d851  imu_protocol_update_state            
7018d911  UART_spaceAvail                      
7018d951  gateway_core1_init                   
7018d991  gateway_update_heartbeat             
7018da11  UART_IsTxRxFifoEmpty                 
7018da91  MCAN_txBufAddReq                     
7018dad1  SOC_moduleSetClockFrequency          
7018dbd1  snprintf_                            
7018dc11  SOC_getCoreName                      
7018dc48  CycleCounterP_getCount32             
7018dc50  PmuP_setup                           
7018dc58  PmuP_enableCounters                  
7018dc60  PmuP_disableCounters                 
7018dc68  PmuP_getOverflowStatus               
7018dc70  PmuP_clearOverflowStatus             
7018dc78  PmuP_setUserEnable                   
7018dcc1  EDMA_getRegionId                     
7018dd81  IpcNotify_syncCallback               
7018de01  MCAN_calcCfgAddr                     
7018de81  TimerP_Params_initPriv               
7018df01  motor_get_config                     
7018e001  MCAN_isMemInitDone                   
7018e041  TimerP_getCountPriv                  
7018e161  gateway_signal_motor_config_ready    
7018e191  UART_lld_dmaInit                     
7018e1f1  DebugP_logZoneEnable                 
7018e251  MCAN_clearNewDataStatus              
7018e281  MCAN_getNewDataStatus                
7018e2b1  SemaphoreP_constructBinary           
7018e341  UART_intr2Disable                    
7018e371  UART_operatingModeSelect             
7018e3d1  CSL_armR5GetCpuID                    
7018e401  vprintf_                             
7018e431  EDMA_disableQdmaEvtRegion            
7018e461  EDMA_enableQdmaEvtRegion             
7018e4c1  IpcNotify_allocSwQueue               
7018e521  IpcNotify_getConfig                  
7018e551  SemaphoreP_constructMutex            
7018e611  UART_getBaseAddr                     
7018e634  __aeabi_uldivmod                     
7018e691  EDMA_channelToParamMap               
7018e6c1  gateway_ringbuf_core1_receive        
7018e6f1  ClockP_isActive                      
7018e711  ClockP_usecToTicks                   
7018e771  ClockP_Params_init                   
7018e791  EDMA_getEventStatusHigh              
7018e7b1  MCAN_setOpMode                       
7018e7d1  SOC_getSelfCpuClk                    
7018e7f1  SOC_moduleClockEnable                
7018e811  TimerP_isr0                          
7018e851  UART_lld_Transaction_deInit          
7018e871  EDMA_getEventStatus                  
7018e8ec  TI_memcpy_small                      
7018e911  MCAN_clearIntrStatus                 
7018e931  MCAN_getOpMode                       
7018e991  ClockP_ticksToUsec                   
7018e9b1  EDMA_isInterruptEnabled              
7018e9f1  IpcNotify_trigInterrupt              
7018ea11  SemaphoreP_Params_init               
7018ea31  TimerP_getReloadCountPriv            
7018ea91  UART_putChar                         
7018eaa8  TI_memset_small                      
7018eac1  IpcNotify_sendSync                   
7018eae1  MCAN_getIntrStatus                   
7018eb01  TimerP_startPriv                     
7018eb21  TimerP_stopPriv                      
7018ebe1  TimerP_clearOverflowIntPriv          
7018ec01  TimerP_setup                         
7018ec21  putchar_                             
7018ec41  Pinmux_init                          
7018ec61  gateway_check_emergency_stop         
7018ec81  gateway_ringbuf_core1_get_available  
7018ecc1  imu_uart_is_initialized              
7018ece1  yis320_get_timestamp_ms              
7018ed41  ClockP_getTimerCount                 
7018ed51  ClockP_timerClearOverflowInt         
7018edd1  TimerP_Params_init                   
7018ede1  TimerP_clearOverflowInt              
7018edf1  TimerP_getCount                      
7018ee01  TimerP_getReloadCount                
7018ee11  TimerP_start                         
7018ee31  gateway_notify_imu_ready             
7018ee41  gateway_notify_states_ready          
7018ee51  yis320_uart_configure                
7018ee61  Board_driversOpen                    
7018ee71  ClockP_getTicks                      
7018ee81  Drivers_open                         
7018ee91  PowerClock_init                      
7018ef11  Drivers_uartInit                     
7018ef41  SemaphoreP_destruct                  
7018ef51  Board_driversClose                   
7018ef61  Board_init                           
7018ef71  Drivers_mcanOpen                     
7018ef81  IpcNotify_wait                       
7018ef91  TaskP_yield                          
7018f3f0  gCacheConfig                         
7018f3f8  gMpuConfig                           
7018f404  gMpuRegionConfig                     
7018f6ca  gCR5ClkSrcInfoMap                    
7018f6cc  gADPLLJConfigTbl                     
70190d90  gPeripheralClkSrcInfoMap             
70191130  gXTALInfo                            
7019117c  gCacheL1dCacheLineSize               
70191180  gCacheL1pCacheLineSize               
70191198  __BSS_START                          
70191d18  gHwiCtrl                             
70192524  g_yis320_private_data                
7019292c  g_motor_lookup                       
70193200  gIpcNotifyCtrl                       
7019348c  gTimerBaseAddr                       
70193490  gClockCtrl                           
701934b0  virtToPhymap                         
701934d4  gTimerHwiObj                         
701934d8  gUartHandle                          
701934e0  __BSS_END                            
701934e0  __stack                              
701974e0  __STACK_END                          
701974e1  HwiP_enableInt                       
70197521  HwiP_disableInt                      
70197581  HwiP_restoreInt                      
701975b1  HwiP_clearInt                        
701975f1  HwiP_post                            
70197631  HwiP_Params_init                     
70197661  HwiP_construct                       
70197851  HwiP_destruct                        
701978c1  HwiP_init                            
70197a71  HwiP_inISR                           
70197aa1  HwiP_setVimIrqPriMaskNonAtomic       
70197af1  HwiP_setVimIrqPriMaskAtomic          
70197b91  HwiP_restoreVimIrqPriMask            
70197ba1  HwiP_irq_handler_c                   
70197d41  HwiP_fiq_handler                     
70197ea1  HwiP_reserved_handler                
70197ee1  HwiP_undefined_handler_c             
70197f01  HwiP_user_undefined_handler_c        
70197f21  HwiP_svc_handler                     
70197f61  HwiP_prefetch_abort_handler_c        
70198001  HwiP_user_prefetch_abort_handler_c   
70198041  HwiP_data_abort_handler_c            
70198101  HwiP_user_data_abort_handler_c       
7019813c  HwiP_irq_handler                     
701981b0  HwiP_data_abort_handler              
701981f4  HwiP_prefetch_abort_handler          
70198240  HwiP_undefined_handler               
70198270  GET_DFSR                             
70198278  GET_ADFSR                            
70198280  GET_DFAR                             
70198288  GET_IFSR                             
70198290  GET_AIFSR                            
70198298  GET_IFAR                             
701982a0  GET_SPSR                             
701982b8  HwiP_disable                         
701982c8  HwiP_disableFIQ                      
701982d8  HwiP_enable                          
701982e8  HwiP_enableFIQ                       
701982f8  HwiP_restore                         
70198300  HwiP_enableVIC                       
70198310  HwiP_disableVIC                      
70198320  HwiP_getCPSR                         
70198330  CacheP_disableL1d                    
70198358  CacheP_disableL1p                    
70198370  CacheP_enableL1d                     
70198388  CacheP_enableL1p                     
701983a0  CacheP_invL1d                        
701983d8  CacheP_invL1p                        
70198414  CacheP_invL1dAll                     
7019841c  CacheP_invL1pAll                     
70198424  CacheP_wb                            
70198460  CacheP_wbInv                         
7019849c  CacheP_wbAll                         
70198544  CacheP_wbInvAll                      
7019855c  CacheP_wbInvAllAsm                   
701985fc  CacheP_getEnabled                    
70198634  CacheP_getCacheLevelInfo             
70198640  CacheP_configForceWrThru             
70198660  CacheP_setDLFO                       
70198671  CacheP_init                          
70198701  CacheP_disable                       
70198751  CacheP_enable                        
70198791  CacheP_inv                           
701987d1  MpuP_getAttrs                        
70198831  MpuP_RegionAttrs_init                
70198861  MpuP_setRegion                       
701988f1  MpuP_isEnable                        
70198901  MpuP_disable                         
70198941  MpuP_enable                          
70198991  MpuP_init                            
70198a31  MpuP_isUserAuthorizedToAccessMemory  
70198b10  MpuP_disableAsm                      
70198b28  MpuP_disableBRAsm                    
70198b38  MpuP_enableAsm                       
70198b50  MpuP_enableBRAsm                     
70198b60  MpuP_isEnableAsm                     
70198b74  MpuP_setRegionAsm                    
70198b90  _c_int00_sbl                         
70198bb4  _c_int00                             
70198ce1  _DebugP_assertNoLog                  
70198d11  _system_pre_init                     
70198d41  __mpu_init                           
70198d50  abort                                
70198d58  gEdmaConfig                          
70198d58  gUartDmaHandle                       
70199498  gIpcNotifyMailboxConfig              
70199670  gSocModulesClockFrequency            
701996e8  gUartParams                          
70199740  gSocModules                          
70199780  gClockConfig                         
70199798  gIpcNotifyInterruptConfig_r5fss1_1   
701997c4  gIpcNotifyCoreIntrBitPos             
701997e4  gAddrTranslateConfig                 
701997f8  gUartConfig                          
7019980c  gDebugLogZone                        
70199818  gEdmaConfigNum                       
7019981c  gHwiConfig                           
70199820  gIpcNotifyInterruptConfigNum_r5fss1_1
70199824  gUartConfigNum                       
70199828  gUartDmaChConfig                     
7019987b  isMapAvailable                       
70199880  __IRQ_STACK_START                    
70199980  __FIQ_STACK_START                    
70199980  __IRQ_STACK_END                      
70199a80  __FIQ_STACK_END                      
70199a80  __SVC_STACK_START                    
7019aa80  __ABORT_STACK_START                  
7019aa80  __SVC_STACK_END                      
7019ab80  __ABORT_STACK_END                    
7019ab80  __UNDEFINED_STACK_START              
7019ac80  __UNDEFINED_STACK_END                
70200000  gGatewaySharedMem                    
70206ecc  dbg_can_rx_count                     
70206ed0  dbg_can_tx_count                     
70206ed4  dbg_can_isr_rx_entry_count           
70206ed8  dbg_can_isr_fifo_read_count          
70206edc  dbg_can_isr_callback_count           
70206ee0  g_first_intr_info                    
70206f60  dbg_ipc_send_count                   
70206f64  dbg_ipc_register_count               
70206f68  dbg_imu_uart_isr_count               
70206f6c  dbg_imu_rx_byte_count                
70206f70  dbg_imu_frame_count                  
70208000  gDebugShmLog                         
ffffffff  __TI_pprof_out_hndl                  
ffffffff  __TI_prof_data_size                  
ffffffff  __TI_prof_data_start                 
ffffffff  __binit__                            
ffffffff  binit                                
UNDEFED   __TI_CINIT_Base                      
UNDEFED   __TI_CINIT_Limit                     
UNDEFED   __TI_Handler_Table_Base              
UNDEFED   __TI_Handler_Table_Limit             
UNDEFED   _system_post_cinit                   

[419 symbols]
