******************************************************************************
            TI ARM Clang Linker PC v4.0.4                      
******************************************************************************
>> Linked Sat Mar 28 10:12:52 2026

OUTPUT FILE NAME:   <ccu_ti_multi_core_realtime.out>
ENTRY POINT SYMBOL: "_vectors"  address: 00000000


MEMORY CONFIGURATION

         name            origin    length      used     unused   attr    fill
----------------------  --------  ---------  --------  --------  ----  --------
  R5F_VECS              00000000   00000040  00000040  00000000  RWIX
  R5F_TCMA              00000040   00007fc0  00000000  00007fc0  RWIX
  R5F_TCMB              00080000   00008000  00000000  00008000  RWIX
  MAILBOX_HSM           44000000   000003ce  00000000  000003ce  RWIX
  MAILBOX_R5F           44000400   000003ce  00000000  000003ce  RWIX
  FLASH                 60180000   00080000  00000000  00080000  RWIX
  OCRAM                 70100000   00040000  00019428  00026bd8  RWIX
  USER_SHM_MEM          70200000   00008000  00004d30  000032d0  RWIX
  LOG_SHM_MEM           70208000   00004000  00002000  00002000  RWIX
  RTOS_NORTOS_IPC_SHM_M 72000000   00003e80  00000000  00003e80  RWIX


SEGMENT ALLOCATION MAP

run origin  load origin   length   init length attrs members
----------  ----------- ---------- ----------- ----- -------
00000000    00000000    00000040   00000040    r-x
  00000000    00000000    00000040   00000040    r-x .vectors
70100000    70100000    0000fe20   0000fe20    r-x
  70100000    70100000    0000e320   0000e320    r-x .text
  7010e320    7010e320    00001b00   00001b00    r-- .rodata
7010fe20    7010fe20    00006580   00000000    rw-
  7010fe20    7010fe20    00002580   00000000    rw- .bss
  701123a0    701123a0    00004000   00000000    rw- .stack
701163a0    701163a0    00001878   00001878    r-x
  701163a0    701163a0    00000e50   00000e50    r-x .text.hwi
  701171f0    701171f0    000004a0   000004a0    r-x .text.cache
  70117690    70117690    000003c0   000003c0    r-x .text.mpu
  70117a50    70117a50    000001c0   000001c0    r-x .text.boot
  70117c10    70117c10    00000008   00000008    r-x .text:abort
70117c18    70117c18    00001810   00000410    rw-
  70117c18    70117c18    00000410   00000410    rw- .data
  70118028    70118028    00000100   00000000    rw- .irqstack
  70118128    70118128    00000100   00000000    rw- .fiqstack
  70118228    70118228    00001000   00000000    rw- .svcstack
  70119228    70119228    00000100   00000000    rw- .abortstack
  70119328    70119328    00000100   00000000    rw- .undefinedstack


SECTION ALLOCATION MAP

 output                                  attributes/
section   page    origin      length       input sections
--------  ----  ----------  ----------   ----------------
.vectors   0    00000000    00000040     
                  00000000    00000040     nortos.am263px.r5f.ti-arm-clang.debug.lib : HwiP_armv7r_vectors_nortos_asm.obj (.vectors)

.text      0    70100000    0000e320     
                  70100000    00000a34     nortos.am263px.r5f.ti-arm-clang.debug.lib : printf.obj (.text._vsnprintf)
                  70100a34    0000000c     libclang_rt.builtins.a : aeabi_memset.S.obj (.text.__aeabi_memclr)
                  70100a40    00000678     drivers.am263px.r5f.ti-arm-clang.nortos.debug.lib : soc_rcm.obj (.text.SOC_rcmGetClkSrcAndDivReg)
                  701010b8    00000008     libsysbm.a : hostexit.c.obj (.text.HOSTexit)
                  701010c0    00000638     drivers.am263px.r5f.ti-arm-clang.nortos.debug.lib : soc_rcm.obj (.text.SOC_rcmEnablePeripheralClock)
                  701016f8    00000004     libclang_rt.builtins.a : aeabi_div0.c.obj (.text.__aeabi_ldiv0)
                  701016fc    00000004                            : aeabi_memcpy.S.obj (.text.__aeabi_memcpy)
                  70101700    000005e2     nortos.am263px.r5f.ti-arm-clang.debug.lib : printf.obj (.text._ftoa)
                  70101ce2    00000002     --HOLE-- [fill = 0]
                  70101ce4    0000000c                                               : CpuId_armv7r_asm.obj (.text)
                  70101cf0    000004b0                                               : printf.obj (.text._etoa)
                  701021a0    00000400     drivers.am263px.r5f.ti-arm-clang.nortos.debug.lib : uart_v0.obj (.text.UART_open)
                  701025a0    000003fc     yis320_protocol.o (.text.vtable_process_rx_data)
                  7010299c    00000004     libclang_rt.builtins.a : aeabi_memmove.S.obj (.text.__aeabi_memmove)
                  701029a0    000003dc     drivers.am263px.r5f.ti-arm-clang.nortos.debug.lib : ipc_notify_v1.obj (.text.IpcNotify_init)
                  70102d7c    00000004     --HOLE-- [fill = 0]
                  70102d80    00000334     imu_interface_isr.o (.text.imu_uart_isr)
                  701030b4    0000000c     --HOLE-- [fill = 0]
                  701030c0    00000302     drivers.am263px.r5f.ti-arm-clang.nortos.debug.lib : soc.obj (.text.SOC_virtToPhy)
                  701033c2    0000000e     --HOLE-- [fill = 0]
                  701033d0    000002f4     motor_mapping.o (.text.motor_mapping_init_core1)
                  701036c4    0000000c     --HOLE-- [fill = 0]
                  701036d0    000002a8     drivers.am263px.r5f.ti-arm-clang.nortos.debug.lib : mcan.obj (.text.MCAN_msgRAMConfig)
                  70103978    00000008     --HOLE-- [fill = 0]
                  70103980    0000027e                                                       : uart_dma_edma.obj (.text.UART_edmaChInit)
                  70103bfe    00000002     --HOLE-- [fill = 0]
                  70103c00    00000250                                                       : edma.obj (.text.Alloc_resource)
                  70103e50    00000248     main.o (.text.core1_init)
                  70104098    00000008     --HOLE-- [fill = 0]
                  701040a0    00000242     drivers.am263px.r5f.ti-arm-clang.nortos.debug.lib : uart_v0_lld.obj (.text.UART_fifoConfig)
                  701042e2    0000000e     --HOLE-- [fill = 0]
                  701042f0    0000023e     nortos.am263px.r5f.ti-arm-clang.debug.lib : printf.obj (.text._ntoa_format)
                  7010452e    00000002     --HOLE-- [fill = 0]
                  70104530    00000226     drivers.am263px.r5f.ti-arm-clang.nortos.debug.lib : uart_dma_edma.obj (.text.UART_lld_dmaDeInit)
                  70104756    0000000a     --HOLE-- [fill = 0]
                  70104760    00000222                                                       : ipc_notify_v1.obj (.text.IpcNotify_isr)
                  70104982    0000000e     --HOLE-- [fill = 0]
                  70104990    00000220     can_interface.o (.text.init_single_mcan)
                  70104bb0    000001fe     can_interface.o (.text.CAN_TransmitBatch)
                  70104dae    00000002     --HOLE-- [fill = 0]
                  70104db0    000001d6     nortos.am263px.r5f.ti-arm-clang.debug.lib : TimerP_rti_priv.obj (.text.TimerP_setupPriv)
                  70104f86    0000000a     --HOLE-- [fill = 0]
                  70104f90    000001aa     drivers.am263px.r5f.ti-arm-clang.nortos.debug.lib : uart_dma_edma.obj (.text.UART_lld_dmaWrite)
                  7010513a    00000006     --HOLE-- [fill = 0]
                  70105140    000001a8                                                       : uart_v0.obj (.text.UART_close)
                  701052e8    00000008     --HOLE-- [fill = 0]
                  701052f0    00000198                                                       : uart_v0_lld.obj (.text.UART_lld_controllerIsr)
                  70105488    00000008     --HOLE-- [fill = 0]
                  70105490    0000018a     imu_interface_isr.o (.text.imu_uart_isr_init)
                  7010561a    00000006     --HOLE-- [fill = 0]
                  70105620    00000186     drivers.am263px.r5f.ti-arm-clang.nortos.debug.lib : mcan.obj (.text.MCAN_readMsg)
                  701057a6    0000000a     --HOLE-- [fill = 0]
                  701057b0    00000184                                                       : mcan.obj (.text.MCAN_calcMsgRamParamsStartAddr)
                  70105934    0000000c     --HOLE-- [fill = 0]
                  70105940    0000017e     can_interface.o (.text.can_rx_isr)
                  70105abe    00000002     --HOLE-- [fill = 0]
                  70105ac0    00000176     main.o (.text.transmit_can_frames)
                  70105c36    0000000a     --HOLE-- [fill = 0]
                  70105c40    00000162     drivers.am263px.r5f.ti-arm-clang.nortos.debug.lib : edma.obj (.text.EDMA_unregisterIntr)
                  70105da2    0000000e     --HOLE-- [fill = 0]
                  70105db0    00000158                                                       : soc.obj (.text.SOC_controlModuleUnlockMMR)
                  70105f08    00000008     --HOLE-- [fill = 0]
                  70105f10    00000152                                                       : uart_v0_lld.obj (.text.UART_lld_initDma)
                  70106062    0000000e     --HOLE-- [fill = 0]
                  70106070    00000150     nortos.am263px.r5f.ti-arm-clang.debug.lib : DebugP_shmLogWriter.obj (.text.DebugP_shmLogWriterPutChar)
                  701061c0    00000150     drivers.am263px.r5f.ti-arm-clang.nortos.debug.lib : mcan.obj (.text.MCAN_writeMsg)
                  70106310    00000150     imu_interface_isr.o (.text.parse_yis320_frame)
                  70106460    0000014e     yis320_protocol.o (.text.parse_imu_frame)
                  701065ae    00000002     --HOLE-- [fill = 0]
                  701065b0    0000014c     drivers.am263px.r5f.ti-arm-clang.nortos.debug.lib : mcan.obj (.text.MCAN_setBitTime)
                  701066fc    00000004     --HOLE-- [fill = 0]
                  70106700    00000140     can_interface.o (.text.CAN_Init)
                  70106840    0000013a     drivers.am263px.r5f.ti-arm-clang.nortos.debug.lib : edma.obj (.text.EDMA_isDmaChannelAllocated)
                  7010697a    00000006     --HOLE-- [fill = 0]
                  70106980    00000138                                                       : mcan.obj (.text.MCAN_readMsgRam)
                  70106ab8    00000008     --HOLE-- [fill = 0]
                  70106ac0    00000138     nortos.am263px.r5f.ti-arm-clang.debug.lib : printf.obj (.text._ntoa_long_long)
                  70106bf8    00000008     --HOLE-- [fill = 0]
                  70106c00    00000136                                               : ClockP_nortos_r5.obj (.text.ClockP_init)
                  70106d36    0000000a     --HOLE-- [fill = 0]
                  70106d40    00000136     drivers.am263px.r5f.ti-arm-clang.nortos.debug.lib : uart_v0_lld.obj (.text.UART_procLineStatusErr)
                  70106e76    0000000a     --HOLE-- [fill = 0]
                  70106e80    00000134                                                       : edma.obj (.text.EDMA_registerIntr)
                  70106fb4    0000000c     --HOLE-- [fill = 0]
                  70106fc0    00000134                                                       : mcan.obj (.text.MCAN_init)
                  701070f4    0000000c     --HOLE-- [fill = 0]
                  70107100    0000012c                                                       : uart_v0_lld.obj (.text.UART_lld_init)
                  7010722c    00000004     --HOLE-- [fill = 0]
                  70107230    0000012a                                                       : mcan.obj (.text.MCAN_config)
                  7010735a    00000006     --HOLE-- [fill = 0]
                  70107360    00000126                                                       : soc.obj (.text.SOC_controlModuleLockMMR)
                  70107486    0000000a     --HOLE-- [fill = 0]
                  70107490    00000120                                                       : soc_rcm.obj (.text.SOC_rcmGetPeripheralClockFrequency)
                  701075b0    0000011c     nortos.am263px.r5f.ti-arm-clang.debug.lib : DebugP_shmLogWriter.obj (.text.DebugP_shmLogWriterPutLine)
                  701076cc    00000004     --HOLE-- [fill = 0]
                  701076d0    0000011c     drivers.am263px.r5f.ti-arm-clang.nortos.debug.lib : uart_dma_edma.obj (.text.UART_lld_dmaRead)
                  701077ec    00000004     --HOLE-- [fill = 0]
                  701077f0    0000011c     can_interface.o (.text.init_can_stb_gpios)
                  7010790c    00000118     libclang_rt.builtins.a : udivmoddi4.S.obj (.text)
                  70107a24    0000000c     --HOLE-- [fill = 0]
                  70107a30    00000116     drivers.am263px.r5f.ti-arm-clang.nortos.debug.lib : edma.obj (.text.EDMA_isTccAllocated)
                  70107b46    0000000a     --HOLE-- [fill = 0]
                  70107b50    00000116                                                       : uart_v0_lld.obj (.text.UART_divisorLatchWrite)
                  70107c66    0000000a     --HOLE-- [fill = 0]
                  70107c70    00000114     nortos.am263px.r5f.ti-arm-clang.debug.lib : printf.obj (.text._ntoa_long)
                  70107d84    0000000c     --HOLE-- [fill = 0]
                  70107d90    0000010e     drivers.am263px.r5f.ti-arm-clang.nortos.debug.lib : soc_rcm.obj (.text.SOC_rcmADPLLJGetFOut)
                  70107e9e    00000002     --HOLE-- [fill = 0]
                  70107ea0    0000010a                                                       : ipc_notify_v1.obj (.text.IpcNotify_sendMsg)
                  70107faa    00000006     --HOLE-- [fill = 0]
                  70107fb0    00000104                                                       : uart_v0_lld.obj (.text.UART_configInstance)
                  701080b4    0000000c     --HOLE-- [fill = 0]
                  701080c0    00000102     nortos.am263px.r5f.ti-arm-clang.debug.lib : SemaphoreP_nortos.obj (.text.SemaphoreP_pend)
                  701081c2    0000000e     --HOLE-- [fill = 0]
                  701081d0    00000102     gateway_shared.o (.text.gateway_ringbuf_read)
                  701082d2    0000000e     --HOLE-- [fill = 0]
                  701082e0    000000f6     main.o (.text.process_can_rx)
                  701083d6    0000000a     --HOLE-- [fill = 0]
                  701083e0    000000f0     can_interface.o (.text.CAN_StartRxInterrupts)
                  701084d0    000000ec     gateway_shared.o (.text.gateway_write_motor_config)
                  701085bc    00000004     --HOLE-- [fill = 0]
                  701085c0    000000e6     drivers.am263px.r5f.ti-arm-clang.nortos.debug.lib : soc_rcm.obj (.text.SOC_rcmGetCoreFout)
                  701086a6    0000000a     --HOLE-- [fill = 0]
                  701086b0    000000e6                                                       : soc_rcm.obj (.text.SOC_rcmGetPerFout)
                  70108796    0000000a     --HOLE-- [fill = 0]
                  701087a0    000000e4                                                       : edma.obj (.text.EDMA_freeChannelRegion)
                  70108884    0000000c     --HOLE-- [fill = 0]
                  70108890    000000e2                                                       : edma.obj (.text.EDMA_freeParam)
                  70108972    0000000e     --HOLE-- [fill = 0]
                  70108980    000000e0                                                       : edma.obj (.text.EDMA_freeDmaChannel)
                  70108a60    000000e0                                                       : edma.obj (.text.EDMA_freeTcc)
                  70108b40    000000de                                                       : uart_v0_lld.obj (.text.UART_intrEnable)
                  70108c1e    00000002     --HOLE-- [fill = 0]
                  70108c20    000000da                                                       : uart_v0_lld.obj (.text.UART_intrDisable)
                  70108cfa    00000006     --HOLE-- [fill = 0]
                  70108d00    000000d0     nortos.am263px.r5f.ti-arm-clang.debug.lib : AddrTranslateP_32bit.obj (.text.AddrTranslateP_getLocalAddr)
                  70108dd0    000000d0     main.o (.text.main_loop)
                  70108ea0    000000d0     imu_interface_isr.o (.text.update_imu_state_atomic)
                  70108f70    000000ce     drivers.am263px.r5f.ti-arm-clang.nortos.debug.lib : edma.obj (.text.EDMA_disableChInShadowRegRegion)
                  7010903e    00000002     --HOLE-- [fill = 0]
                  70109040    000000cc                                                       : edma.obj (.text.EDMA_enableChInShadowRegRegion)
                  7010910c    00000004     --HOLE-- [fill = 0]
                  70109110    000000c4                                                       : edma.obj (.text.EDMA_mapChToEvtQ)
                  701091d4    0000000c     --HOLE-- [fill = 0]
                  701091e0    000000c0                                                       : edma.obj (.text.EDMA_configureChannelRegion)
                  701092a0    000000c0                                                       : soc_rcm.obj (.text.SOC_rcmGetPerHSDivOut)
                  70109360    000000c0                                                       : uart_v0.obj (.text.UART_flushTxFifo)
                  70109420    000000c0     nortos.am263px.r5f.ti-arm-clang.debug.lib : printf.obj (.text._out_rev)
                  701094e0    000000be                                               : ClockP_nortos.obj (.text.ClockP_timerTickIsr)
                  7010959e    00000002     --HOLE-- [fill = 0]
                  701095a0    000000be     ti_dpl_config.o (.text.TimerP_init)
                  7010965e    00000002     --HOLE-- [fill = 0]
                  70109660    000000ba     nortos.am263px.r5f.ti-arm-clang.debug.lib : ClockP_nortos.obj (.text.ClockP_stop)
                  7010971a    00000006     --HOLE-- [fill = 0]
                  70109720    000000ba     drivers.am263px.r5f.ti-arm-clang.nortos.debug.lib : ipc_notify_v1.obj (.text.IpcNotify_waitSync)
                  701097da    00000006     --HOLE-- [fill = 0]
                  701097e0    000000ba     gateway_shared.o (.text.gateway_write_motor_states)
                  7010989a    00000006     --HOLE-- [fill = 0]
                  701098a0    000000ba     nortos.am263px.r5f.ti-arm-clang.debug.lib : PmuP_armv7r.obj (.text.pmu)
                  7010995a    00000006     --HOLE-- [fill = 0]
                  70109960    000000b0     drivers.am263px.r5f.ti-arm-clang.nortos.debug.lib : mcan.obj (.text.MCAN_writeMsgRam)
                  70109a10    000000b0                                                       : soc_rcm.obj (.text.SOC_rcmSetPeripheralClock)
                  70109ac0    000000b0                                                       : uart_v0.obj (.text.UART_init)
                  70109b70    000000ae                                                       : mcan.obj (.text.MCAN_getOffsetAddr)
                  70109c1e    00000002     --HOLE-- [fill = 0]
                  70109c20    000000ac     gateway_shared.o (.text.gateway_core1_wait_for_ready)
                  70109ccc    00000004     --HOLE-- [fill = 0]
                  70109cd0    000000a8     nortos.am263px.r5f.ti-arm-clang.debug.lib : ClockP_nortos.obj (.text.ClockP_addToList)
                  70109d78    00000008     --HOLE-- [fill = 0]
                  70109d80    000000a8                                               : ClockP_nortos.obj (.text.ClockP_destruct)
                  70109e28    00000008     --HOLE-- [fill = 0]
                  70109e30    000000a8     ti_drivers_open_close.o (.text.Drivers_uartOpen)
                  70109ed8    00000008     --HOLE-- [fill = 0]
                  70109ee0    000000a6     imu_interface_isr.o (.text.validate_yis320_checksum)
                  70109f86    0000000a     --HOLE-- [fill = 0]
                  70109f90    000000a0     drivers.am263px.r5f.ti-arm-clang.nortos.debug.lib : soc_rcm.obj (.text.SOC_rcmGetCoreHSDivOut)
                  7010a030    0000009e     gateway_shared.o (.text.gateway_core1_ipc_callback)
                  7010a0ce    00000002     --HOLE-- [fill = 0]
                  7010a0d0    0000009e     yis320_protocol.o (.text.validate_checksum)
                  7010a16e    00000002     --HOLE-- [fill = 0]
                  7010a170    00000098     drivers.am263px.r5f.ti-arm-clang.nortos.debug.lib : ipc_notify_v1.obj (.text.IpcNotify_registerClient)
                  7010a208    00000008     --HOLE-- [fill = 0]
                  7010a210    00000096                                                       : uart_v0_lld.obj (.text.UART_subConfigTCRTLRModeEn)
                  7010a2a6    0000000a     --HOLE-- [fill = 0]
                  7010a2b0    00000092     nortos.am263px.r5f.ti-arm-clang.debug.lib : ClockP_nortos.obj (.text.ClockP_getTimeUsec)
                  7010a342    0000000e     --HOLE-- [fill = 0]
                  7010a350    00000092     drivers.am263px.r5f.ti-arm-clang.nortos.debug.lib : edma.obj (.text.EDMA_unmapChToEvtQ)
                  7010a3e2    0000000e     --HOLE-- [fill = 0]
                  7010a3f0    00000092     yis320_protocol.o (.text.yis320_convert_to_ipc)
                  7010a482    0000000e     --HOLE-- [fill = 0]
                  7010a490    0000008c     drivers.am263px.r5f.ti-arm-clang.nortos.debug.lib : edma.obj (.text.EDMA_disableTransferRegion)
                  7010a51c    00000004     --HOLE-- [fill = 0]
                  7010a520    0000008c                                                       : edma.obj (.text.EDMA_enableTransferRegion)
                  7010a5ac    00000004     --HOLE-- [fill = 0]
                  7010a5b0    00000088                                                       : uart_dma_edma.obj (.text.UART_edmaIsrRx)
                  7010a638    00000008     --HOLE-- [fill = 0]
                  7010a640    00000088                                                       : uart_dma_edma.obj (.text.UART_edmaIsrTx)
                  7010a6c8    00000008     --HOLE-- [fill = 0]
                  7010a6d0    00000086                                                       : uart_v0_lld.obj (.text.UART_lld_flushTxFifo)
                  7010a756    0000000a     --HOLE-- [fill = 0]
                  7010a760    00000086                                                       : uart_v0_lld.obj (.text.UART_tcrTlrBitValRestore)
                  7010a7e6    0000000a     --HOLE-- [fill = 0]
                  7010a7f0    00000082                                                       : edma.obj (.text.EDMA_allocDmaChannel)
                  7010a872    0000000e     --HOLE-- [fill = 0]
                  7010a880    00000082                                                       : edma.obj (.text.EDMA_allocParam)
                  7010a902    0000000e     --HOLE-- [fill = 0]
                  7010a910    00000082                                                       : edma.obj (.text.EDMA_allocTcc)
                  7010a992    0000000e     --HOLE-- [fill = 0]
                  7010a9a0    00000082                                                       : edma.obj (.text.EDMA_disableTccInShadowRegRegion)
                  7010aa22    0000000e     --HOLE-- [fill = 0]
                  7010aa30    00000082                                                       : edma.obj (.text.EDMA_enableTccInShadowRegRegion)
                  7010aab2    0000000e     --HOLE-- [fill = 0]
                  7010aac0    00000082                                                       : ipc_notify_v1.obj (.text.IpcNotify_syncAll)
                  7010ab42    0000000e     --HOLE-- [fill = 0]
                  7010ab50    00000082     imu_protocol_handler.o (.text.imu_protocol_manager_init)
                  7010abd2    0000000e     --HOLE-- [fill = 0]
                  7010abe0    00000080     drivers.am263px.r5f.ti-arm-clang.nortos.debug.lib : mcan.obj (.text.MCAN_addStdMsgIDFilter)
                  7010ac60    00000080                                                       : uart_v0_lld.obj (.text.UART_moduleReset)
                  7010ace0    0000007e                                                       : uart_v0_lld.obj (.text.UART_readData)
                  7010ad5e    00000002     --HOLE-- [fill = 0]
                  7010ad60    0000007c     nortos.am263px.r5f.ti-arm-clang.debug.lib : DebugP_log.obj (.text._DebugP_assert)
                  7010addc    00000004     --HOLE-- [fill = 0]
                  7010ade0    0000007c     gateway_shared.o (.text.gateway_ringbuf_core1_init)
                  7010ae5c    00000004     --HOLE-- [fill = 0]
                  7010ae60    0000007a     drivers.am263px.r5f.ti-arm-clang.nortos.debug.lib : ipc_notify_v1.obj (.text.IpcNotify_mailboxWrite)
                  7010aeda    00000006     --HOLE-- [fill = 0]
                  7010aee0    0000007a                                                       : uart_v0.obj (.text.UART_Params_init)
                  7010af5a    00000006     --HOLE-- [fill = 0]
                  7010af60    00000078                                                       : edma.obj (.text.EDMA_linkChannel)
                  7010afd8    00000008     --HOLE-- [fill = 0]
                  7010afe0    00000078     ti_drivers_config.o (.text.System_init)
                  7010b058    00000008     --HOLE-- [fill = 0]
                  7010b060    00000074     drivers.am263px.r5f.ti-arm-clang.nortos.debug.lib : uart_v0_lld.obj (.text.UART_IsBaseAddrValid)
                  7010b0d4    0000000c     --HOLE-- [fill = 0]
                  7010b0e0    00000074     imu_interface_isr.o (.text.parse_euler_angles)
                  7010b154    0000000c     --HOLE-- [fill = 0]
                  7010b160    00000074     imu_interface_isr.o (.text.parse_gyroscope)
                  7010b1d4    0000000c     --HOLE-- [fill = 0]
                  7010b1e0    00000072     nortos.am263px.r5f.ti-arm-clang.debug.lib : ClockP_nortos.obj (.text.ClockP_usleep)
                  7010b252    0000000e     --HOLE-- [fill = 0]
                  7010b260    00000072     drivers.am263px.r5f.ti-arm-clang.nortos.debug.lib : edma.obj (.text.EDMA_clrMissEvtRegion)
                  7010b2d2    0000000e     --HOLE-- [fill = 0]
                  7010b2e0    00000072                                                       : ipc_notify_v1.obj (.text.IpcNotify_makeMsg)
                  7010b352    0000000e     --HOLE-- [fill = 0]
                  7010b360    0000006e     yis320_protocol.o (.text.find_frame_header_limited)
                  7010b3ce    00000002     --HOLE-- [fill = 0]
                  7010b3d0    0000006a     drivers.am263px.r5f.ti-arm-clang.nortos.debug.lib : ipc_notify_v1.obj (.text.IpcNotify_mailboxReadSwQ)
                  7010b43a    00000006     --HOLE-- [fill = 0]
                  7010b440    00000068                                                       : edma.obj (.text.EDMA_getBaseAddr)
                  7010b4a8    00000008     --HOLE-- [fill = 0]
                  7010b4b0    00000068                                                       : uart_v0_lld.obj (.text.UART_divisorValCompute)
                  7010b518    00000008     --HOLE-- [fill = 0]
                  7010b520    00000064                                                       : soc_rcm.obj (.text.SOC_rcmGetR5Clock)
                  7010b584    0000000c     --HOLE-- [fill = 0]
                  7010b590    00000064                                                       : soc_rcm.obj (.text.SOC_rcmIsR5FInLockStepMode)
                  7010b5f4    0000000c     --HOLE-- [fill = 0]
                  7010b600    00000064                                                       : uart_v0_lld.obj (.text.UART_fifoRegisterWrite)
                  7010b664    0000000c     --HOLE-- [fill = 0]
                  7010b670    00000064                                                       : uart_v0_lld.obj (.text.UART_lld_deInitDma)
                  7010b6d4    0000000c     --HOLE-- [fill = 0]
                  7010b6e0    00000062                                                       : mcan.obj (.text.MCAN_enableIntr)
                  7010b742    0000000e     --HOLE-- [fill = 0]
                  7010b750    00000062                                                       : mcan.obj (.text.MCAN_initTxBufElement)
                  7010b7b2    0000000e     --HOLE-- [fill = 0]
                  7010b7c0    00000062                                                       : soc_rcm.obj (.text.SOC_rcmInsert16)
                  7010b822    0000000e     --HOLE-- [fill = 0]
                  7010b830    00000062     nortos.am263px.r5f.ti-arm-clang.debug.lib : SemaphoreP_nortos.obj (.text.SemaphoreP_post)
                  7010b892    0000000e     --HOLE-- [fill = 0]
                  7010b8a0    00000060     drivers.am263px.r5f.ti-arm-clang.nortos.debug.lib : mcan.obj (.text.MCAN_selectIntrLine)
                  7010b900    00000060                                                       : uart_v0_lld.obj (.text.UART_getChar)
                  7010b960    00000060                                                       : uart_v0_lld.obj (.text.UART_writeData)
                  7010b9c0    0000005e     yis320_protocol.o (.text.yis320_protocol_handler_init)
                  7010ba1e    00000002     --HOLE-- [fill = 0]
                  7010ba20    0000005c     ti_power_clock_config.o (.text.Module_clockSetFrequency)
                  7010ba7c    00000004     --HOLE-- [fill = 0]
                  7010ba80    0000005c     drivers.am263px.r5f.ti-arm-clang.nortos.debug.lib : uart_v0_lld.obj (.text.UART_lld_deInit)
                  7010badc    00000004     --HOLE-- [fill = 0]
                  7010bae0    0000005c     imu_interface_isr.o (.text.parse_quaternion)
                  7010bb3c    00000004     --HOLE-- [fill = 0]
                  7010bb40    0000005a     drivers.am263px.r5f.ti-arm-clang.nortos.debug.lib : uart_v0_lld.obj (.text.UART_regConfigModeEnable)
                  7010bb9a    00000006     --HOLE-- [fill = 0]
                  7010bba0    00000058                                                       : soc_rcm.obj (.text.SOC_rcmGetModuleClkDivVal)
                  7010bbf8    00000008     --HOLE-- [fill = 0]
                  7010bc00    00000058     yis320_protocol.o (.text.parse_angular_velocity)
                  7010bc58    00000008     --HOLE-- [fill = 0]
                  7010bc60    00000058     yis320_protocol.o (.text.parse_euler_angles)
                  7010bcb8    00000008     --HOLE-- [fill = 0]
                  7010bcc0    00000056     drivers.am263px.r5f.ti-arm-clang.nortos.debug.lib : uart_v0.obj (.text.UART_lld_readCompleteCallback)
                  7010bd16    0000000a     --HOLE-- [fill = 0]
                  7010bd20    00000056                                                       : uart_v0.obj (.text.UART_lld_writeCompleteCallback)
                  7010bd76    0000000a     --HOLE-- [fill = 0]
                  7010bd80    00000056     gateway_shared.o (.text.gateway_write_imu_state)
                  7010bdd6    0000000a     --HOLE-- [fill = 0]
                  7010bde0    00000056     yis320_protocol.o (.text.vtable_initialize)
                  7010be36    0000000a     --HOLE-- [fill = 0]
                  7010be40    00000054     ti_dpl_config.o (.text.Dpl_init)
                  7010be94    0000000c     --HOLE-- [fill = 0]
                  7010bea0    00000054     drivers.am263px.r5f.ti-arm-clang.nortos.debug.lib : edma.obj (.text.EDMA_setPaRAM)
                  7010bef4    0000000c     --HOLE-- [fill = 0]
                  7010bf00    00000054                                                       : uart_v0_lld.obj (.text.UART_OperModeValid)
                  7010bf54    0000000c     --HOLE-- [fill = 0]
                  7010bf60    00000054     main.o (.text.main)
                  7010bfb4    00000054     libc.a : autoinit.c.obj (.text:__TI_auto_init_nobinit_nopinit)
                  7010c008    00000008     --HOLE-- [fill = 0]
                  7010c010    00000050     ti_drivers_open_close.o (.text.Drivers_uartClose)
                  7010c060    00000050     drivers.am263px.r5f.ti-arm-clang.nortos.debug.lib : pinmux.obj (.text.Pinmux_config)
                  7010c0b0    00000050                                                       : uart_v0_lld.obj (.text.UART_checkCharsAvailInFifo)
                  7010c100    0000004e     nortos.am263px.r5f.ti-arm-clang.debug.lib : DebugP_shmLogWriter.obj (.text.DebugP_shmLogWriterInit)
                  7010c14e    00000002     --HOLE-- [fill = 0]
                  7010c150    0000004e     drivers.am263px.r5f.ti-arm-clang.nortos.debug.lib : edma.obj (.text.EDMA_clrEvtRegion)
                  7010c19e    00000002     --HOLE-- [fill = 0]
                  7010c1a0    0000004e                                                       : edma.obj (.text.EDMA_disableDmaEvtRegion)
                  7010c1ee    00000002     --HOLE-- [fill = 0]
                  7010c1f0    0000004e                                                       : edma.obj (.text.EDMA_disableEvtIntrRegion)
                  7010c23e    00000002     --HOLE-- [fill = 0]
                  7010c240    0000004e                                                       : edma.obj (.text.EDMA_enableDmaEvtRegion)
                  7010c28e    00000002     --HOLE-- [fill = 0]
                  7010c290    0000004e                                                       : edma.obj (.text.EDMA_enableEvtIntrRegion)
                  7010c2de    00000002     --HOLE-- [fill = 0]
                  7010c2e0    0000004e                                                       : edma.obj (.text.EDMA_setEvtRegion)
                  7010c32e    00000002     --HOLE-- [fill = 0]
                  7010c330    0000004e                                                       : gpio.obj (.text.GPIO_setDirMode)
                  7010c37e    00000002     --HOLE-- [fill = 0]
                  7010c380    0000004e                                                       : mcan.obj (.text.MCAN_enableIntrLine)
                  7010c3ce    00000002     --HOLE-- [fill = 0]
                  7010c3d0    0000004c     nortos.am263px.r5f.ti-arm-clang.debug.lib : ClockP_nortos.obj (.text.ClockP_construct)
                  7010c41c    00000004     --HOLE-- [fill = 0]
                  7010c420    0000004c     drivers.am263px.r5f.ti-arm-clang.nortos.debug.lib : edma.obj (.text.EDMA_ccPaRAMEntry_init)
                  7010c46c    00000004     --HOLE-- [fill = 0]
                  7010c470    0000004c                                                       : edma.obj (.text.EDMA_mapQdmaChToPaRAM)
                  7010c4bc    00000004     --HOLE-- [fill = 0]
                  7010c4c0    0000004c                                                       : edma.obj (.text.EDMA_readEventStatusRegion)
                  7010c50c    00000004     --HOLE-- [fill = 0]
                  7010c510    0000004c                                                       : ipc_notify_v1.obj (.text.IpcNotify_unregisterClient)
                  7010c55c    00000004     --HOLE-- [fill = 0]
                  7010c560    0000004c     ti_power_clock_config.o (.text.Module_clockEnable)
                  7010c5ac    00000004     --HOLE-- [fill = 0]
                  7010c5b0    0000004c     gateway_shared.o (.text.gateway_update_stat)
                  7010c5fc    00000004     --HOLE-- [fill = 0]
                  7010c600    0000004c     main.o (.text.ipc_notify_callback_fxn)
                  7010c64c    0000004c     libc.a : memmov.c.obj (.text.memmove)
                  7010c698    00000008     --HOLE-- [fill = 0]
                  7010c6a0    0000004c     yis320_protocol.o (.text.parse_quaternion)
                  7010c6ec    00000004     --HOLE-- [fill = 0]
                  7010c6f0    0000004a     drivers.am263px.r5f.ti-arm-clang.nortos.debug.lib : ipc_notify_v1.obj (.text.IpcNotify_Params_init)
                  7010c73a    00000006     --HOLE-- [fill = 0]
                  7010c740    0000004a                                                       : soc_rcm.obj (.text.SOC_rcmGetCR5SysclkInFrequency)
                  7010c78a    00000006     --HOLE-- [fill = 0]
                  7010c790    0000004a                                                       : uart_v0_lld.obj (.text.UART_getIntrIdentityStatus)
                  7010c7da    00000006     --HOLE-- [fill = 0]
                  7010c7e0    0000004a                                                       : uart_v0_lld.obj (.text.UART_lineCharConfig)
                  7010c82a    00000006     --HOLE-- [fill = 0]
                  7010c830    0000004a     main.o (.text.motor_get_index)
                  7010c87a    00000006     --HOLE-- [fill = 0]
                  7010c880    00000048     drivers.am263px.r5f.ti-arm-clang.nortos.debug.lib : uart_v0_lld.obj (.text.UART_resetModule)
                  7010c8c8    00000008     --HOLE-- [fill = 0]
                  7010c8d0    00000046                                                       : uart_v0_lld.obj (.text.UART_i2310WA)
                  7010c916    0000000a     --HOLE-- [fill = 0]
                  7010c920    00000046                                                       : uart_v0_lld.obj (.text.UART_readLineStatus)
                  7010c966    0000000a     --HOLE-- [fill = 0]
                  7010c970    00000046     imu_protocol_handler.o (.text.imu_protocol_handler_init)
                  7010c9b6    0000000a     --HOLE-- [fill = 0]
                  7010c9c0    00000044     drivers.am263px.r5f.ti-arm-clang.nortos.debug.lib : ipc_notify_v1.obj (.text.IpcNotify_getWriteMailbox)
                  7010ca04    0000000c     --HOLE-- [fill = 0]
                  7010ca10    00000044                                                       : soc_rcm.obj (.text.SOC_rcmExtract8)
                  7010ca54    0000000c     --HOLE-- [fill = 0]
                  7010ca60    00000044                                                       : soc_rcm.obj (.text.SOC_rcmMake16)
                  7010caa4    0000000c     --HOLE-- [fill = 0]
                  7010cab0    00000044     nortos.am263px.r5f.ti-arm-clang.debug.lib : SemaphoreP_nortos.obj (.text.SemaphoreP_construct)
                  7010caf4    0000000c     --HOLE-- [fill = 0]
                  7010cb00    00000044                                               : DebugP_nortos.obj (.text._DebugP_logZone)
                  7010cb44    0000000c     --HOLE-- [fill = 0]
                  7010cb50    00000044                                               : printf.obj (.text._strnlen_s)
                  7010cb94    0000000c     --HOLE-- [fill = 0]
                  7010cba0    00000044     main.o (.text.process_motor_commands)
                  7010cbe4    0000000c     --HOLE-- [fill = 0]
                  7010cbf0    00000042     nortos.am263px.r5f.ti-arm-clang.debug.lib : ClockP_nortos.obj (.text.ClockP_start)
                  7010cc32    0000000e     --HOLE-- [fill = 0]
                  7010cc40    00000042     drivers.am263px.r5f.ti-arm-clang.nortos.debug.lib : uart_v0.obj (.text.UART_checkOpenParams)
                  7010cc82    0000000e     --HOLE-- [fill = 0]
                  7010cc90    0000003e                                                       : pinmux.obj (.text.Pinmux_unlockMMR)
                  7010ccce    00000002     --HOLE-- [fill = 0]
                  7010ccd0    0000003e                                                       : uart_v0_lld.obj (.text.UART_IsHWFlowCtrlValid)
                  7010cd0e    00000002     --HOLE-- [fill = 0]
                  7010cd10    0000003e                                                       : uart_v0_lld.obj (.text.UART_spaceAvail)
                  7010cd4e    00000002     --HOLE-- [fill = 0]
                  7010cd50    0000003e     gateway_shared.o (.text.gateway_core1_init)
                  7010cd8e    00000002     --HOLE-- [fill = 0]
                  7010cd90    0000003e     gateway_shared.o (.text.gateway_update_heartbeat)
                  7010cdce    00000002     --HOLE-- [fill = 0]
                  7010cdd0    0000003e     main.o (.text.timerISR)
                  7010ce0e    00000002     --HOLE-- [fill = 0]
                  7010ce10    0000003c     drivers.am263px.r5f.ti-arm-clang.nortos.debug.lib : uart_v0_lld.obj (.text.UART_IsParityTypeValid)
                  7010ce4c    00000004     --HOLE-- [fill = 0]
                  7010ce50    0000003c                                                       : uart_v0_lld.obj (.text.UART_IsTxRxFifoEmpty)
                  7010ce8c    00000004     --HOLE-- [fill = 0]
                  7010ce90    0000003c                                                       : uart_v0_lld.obj (.text.UART_enhanFuncEnable)
                  7010cecc    00000004     --HOLE-- [fill = 0]
                  7010ced0    0000003a     can_interface.o (.text.CAN_RegisterRxCallback)
                  7010cf0a    00000006     --HOLE-- [fill = 0]
                  7010cf10    0000003a     drivers.am263px.r5f.ti-arm-clang.nortos.debug.lib : mcan.obj (.text.MCAN_txBufAddReq)
                  7010cf4a    00000006     --HOLE-- [fill = 0]
                  7010cf50    0000003a                                                       : soc.obj (.text.SOC_moduleSetClockFrequency)
                  7010cf8a    00000006     --HOLE-- [fill = 0]
                  7010cf90    0000003a     nortos.am263px.r5f.ti-arm-clang.debug.lib : printf.obj (.text._atoi)
                  7010cfca    00000006     --HOLE-- [fill = 0]
                  7010cfd0    0000003a     main.o (.text.init_1000hz_timer)
                  7010d00a    00000006     --HOLE-- [fill = 0]
                  7010d010    0000003a     nortos.am263px.r5f.ti-arm-clang.debug.lib : printf.obj (.text.snprintf_)
                  7010d04a    00000006     --HOLE-- [fill = 0]
                  7010d050    00000038     drivers.am263px.r5f.ti-arm-clang.nortos.debug.lib : soc.obj (.text.SOC_getCoreName)
                  7010d088    00000038     nortos.am263px.r5f.ti-arm-clang.debug.lib : PmuP_armv7r_asm.obj (.text.pmu)
                  7010d0c0    00000038     yis320_protocol.o (.text.vtable_is_connected)
                  7010d0f8    00000008     --HOLE-- [fill = 0]
                  7010d100    00000036     drivers.am263px.r5f.ti-arm-clang.nortos.debug.lib : edma.obj (.text.EDMA_getRegionId)
                  7010d136    0000000a     --HOLE-- [fill = 0]
                  7010d140    00000036     can_interface.o (.text.GPIO_pinWriteLow)
                  7010d176    0000000a     --HOLE-- [fill = 0]
                  7010d180    00000036     drivers.am263px.r5f.ti-arm-clang.nortos.debug.lib : ipc_notify_v1.obj (.text.IpcNotify_syncCallback)
                  7010d1b6    0000000a     --HOLE-- [fill = 0]
                  7010d1c0    00000034                                                       : mcan.obj (.text.MCAN_SsAddr)
                  7010d1f4    0000000c     --HOLE-- [fill = 0]
                  7010d200    00000034                                                       : mcan.obj (.text.MCAN_calcCfgAddr)
                  7010d234    0000000c     --HOLE-- [fill = 0]
                  7010d240    00000034                                                       : pinmux.obj (.text.Pinmux_lockMMR)
                  7010d274    0000000c     --HOLE-- [fill = 0]
                  7010d280    00000034     nortos.am263px.r5f.ti-arm-clang.debug.lib : TimerP_rti_priv.obj (.text.TimerP_Params_initPriv)
                  7010d2b4    0000000c     --HOLE-- [fill = 0]
                  7010d2c0    00000034     drivers.am263px.r5f.ti-arm-clang.nortos.debug.lib : uart_v0_lld.obj (.text.UART_IsDataLengthValid)
                  7010d2f4    0000000c     --HOLE-- [fill = 0]
                  7010d300    00000034     motor_mapping.o (.text.motor_get_config)
                  7010d334    0000000c     --HOLE-- [fill = 0]
                  7010d340    00000032     drivers.am263px.r5f.ti-arm-clang.nortos.debug.lib : mcan.obj (.text.HW_WR_FIELD32_RAW)
                  7010d372    0000000e     --HOLE-- [fill = 0]
                  7010d380    00000032                                                       : uart_v0_lld.obj (.text.HW_WR_FIELD32_RAW)
                  7010d3b2    0000000e     --HOLE-- [fill = 0]
                  7010d3c0    00000032                                                       : ipc_notify_v1.obj (.text.IpcNotify_mailboxIsPendingIntr)
                  7010d3f2    0000000e     --HOLE-- [fill = 0]
                  7010d400    00000032                                                       : mcan.obj (.text.MCAN_isMemInitDone)
                  7010d432    0000000e     --HOLE-- [fill = 0]
                  7010d440    00000032     nortos.am263px.r5f.ti-arm-clang.debug.lib : TimerP_rti_priv.obj (.text.TimerP_getCountPriv)
                  7010d472    0000000e     --HOLE-- [fill = 0]
                  7010d480    00000032     drivers.am263px.r5f.ti-arm-clang.nortos.debug.lib : uart_v0_lld.obj (.text.UART_enhanFuncBitValRestore)
                  7010d4b2    0000000e     --HOLE-- [fill = 0]
                  7010d4c0    00000032                                                       : uart_v0_lld.obj (.text.UART_hardwareFlowCtrlOptSet)
                  7010d4f2    0000000e     --HOLE-- [fill = 0]
                  7010d500    00000030                                                       : ipc_notify_v1.obj (.text.IpcNotify_getReadSwQ)
                  7010d530    00000030                                                       : uart_v0_lld.obj (.text.UART_flowCtrlTrigLvlConfig)
                  7010d560    00000030     gateway_shared.o (.text.gateway_signal_motor_config_ready)
                  7010d590    0000002e     drivers.am263px.r5f.ti-arm-clang.nortos.debug.lib : uart_dma_edma.obj (.text.UART_lld_dmaInit)
                  7010d5be    00000002     --HOLE-- [fill = 0]
                  7010d5c0    0000002e     nortos.am263px.r5f.ti-arm-clang.debug.lib : printf.obj (.text._is_digit)
                  7010d5ee    00000002     --HOLE-- [fill = 0]
                  7010d5f0    0000002c                                               : DebugP_log.obj (.text.DebugP_logZoneEnable)
                  7010d61c    00000004     --HOLE-- [fill = 0]
                  7010d620    0000002c     drivers.am263px.r5f.ti-arm-clang.nortos.debug.lib : ipc_notify_v1.obj (.text.IpcNotify_getReadMailbox)
                  7010d64c    00000004     --HOLE-- [fill = 0]
                  7010d650    0000002c                                                       : mcan.obj (.text.MCAN_clearNewDataStatus)
                  7010d67c    00000004     --HOLE-- [fill = 0]
                  7010d680    0000002c                                                       : mcan.obj (.text.MCAN_getNewDataStatus)
                  7010d6ac    00000004     --HOLE-- [fill = 0]
                  7010d6b0    0000002c     nortos.am263px.r5f.ti-arm-clang.debug.lib : SemaphoreP_nortos.obj (.text.SemaphoreP_constructBinary)
                  7010d6dc    00000004     --HOLE-- [fill = 0]
                  7010d6e0    0000002c     yis320_protocol.o (.text.vtable_deinit)
                  7010d70c    00000004     --HOLE-- [fill = 0]
                  7010d710    0000002a     nortos.am263px.r5f.ti-arm-clang.debug.lib : ClockP_nortos.obj (.text.ClockP_sleepTicks)
                  7010d73a    00000006     --HOLE-- [fill = 0]
                  7010d740    0000002a     drivers.am263px.r5f.ti-arm-clang.nortos.debug.lib : uart_v0_lld.obj (.text.UART_intr2Disable)
                  7010d76a    00000006     --HOLE-- [fill = 0]
                  7010d770    0000002a                                                       : uart_v0_lld.obj (.text.UART_operatingModeSelect)
                  7010d79a    00000006     --HOLE-- [fill = 0]
                  7010d7a0    00000028     nortos.am263px.r5f.ti-arm-clang.debug.lib : CpuId_armv7r.obj (.text.CSL_armR5GetCpuID)
                  7010d7c8    00000008     --HOLE-- [fill = 0]
                  7010d7d0    00000028                                               : printf.obj (.text.vprintf_)
                  7010d7f8    00000008     --HOLE-- [fill = 0]
                  7010d800    00000026     drivers.am263px.r5f.ti-arm-clang.nortos.debug.lib : edma.obj (.text.EDMA_disableQdmaEvtRegion)
                  7010d826    0000000a     --HOLE-- [fill = 0]
                  7010d830    00000026                                                       : edma.obj (.text.EDMA_enableQdmaEvtRegion)
                  7010d856    0000000a     --HOLE-- [fill = 0]
                  7010d860    00000026                                                       : edma.obj (.text.EDMA_validateIntrObject)
                  7010d886    0000000a     --HOLE-- [fill = 0]
                  7010d890    00000026     ti_drivers_config.o (.text.IpcNotify_allocSwQueue)
                  7010d8b6    0000000a     --HOLE-- [fill = 0]
                  7010d8c0    00000026     nortos.am263px.r5f.ti-arm-clang.debug.lib : printf.obj (.text._out_buffer)
                  7010d8e6    0000000a     --HOLE-- [fill = 0]
                  7010d8f0    00000024     ti_drivers_config.o (.text.IpcNotify_getConfig)
                  7010d914    0000000c     --HOLE-- [fill = 0]
                  7010d920    00000024     nortos.am263px.r5f.ti-arm-clang.debug.lib : SemaphoreP_nortos.obj (.text.SemaphoreP_constructMutex)
                  7010d944    0000000c     --HOLE-- [fill = 0]
                  7010d950    00000024     drivers.am263px.r5f.ti-arm-clang.nortos.debug.lib : uart_v0_lld.obj (.text.UART_IsRxTrigLvlValid)
                  7010d974    0000000c     --HOLE-- [fill = 0]
                  7010d980    00000024                                                       : uart_v0_lld.obj (.text.UART_IsStopBitsValid)
                  7010d9a4    0000000c     --HOLE-- [fill = 0]
                  7010d9b0    00000024                                                       : uart_v0_lld.obj (.text.UART_IsTxTrigLvlValid)
                  7010d9d4    0000000c     --HOLE-- [fill = 0]
                  7010d9e0    00000024                                                       : uart_v0.obj (.text.UART_getBaseAddr)
                  7010da04    00000024     libclang_rt.builtins.a : aeabi_uldivmod.S.obj (.text.__aeabi_uldivmod)
                  7010da28    00000008     --HOLE-- [fill = 0]
                  7010da30    00000024     nortos.am263px.r5f.ti-arm-clang.debug.lib : printf.obj (.text._out_char)
                  7010da54    0000000c     --HOLE-- [fill = 0]
                  7010da60    00000022     drivers.am263px.r5f.ti-arm-clang.nortos.debug.lib : edma.obj (.text.EDMA_channelToParamMap)
                  7010da82    0000000e     --HOLE-- [fill = 0]
                  7010da90    00000022     gateway_shared.o (.text.gateway_ringbuf_core1_receive)
                  7010dab2    0000000e     --HOLE-- [fill = 0]
                  7010dac0    00000020     nortos.am263px.r5f.ti-arm-clang.debug.lib : ClockP_nortos.obj (.text.ClockP_isActive)
                  7010dae0    00000020                                               : ClockP_nortos.obj (.text.ClockP_usecToTicks)
                  7010db00    00000020     drivers.am263px.r5f.ti-arm-clang.nortos.debug.lib : mcan.obj (.text.HW_RD_FIELD32_RAW)
                  7010db20    00000020                                                       : uart_v0_lld.obj (.text.HW_RD_FIELD32_RAW)
                  7010db40    00000020     imu_interface_isr.o (.text.reset_parser)
                  7010db60    0000001e     nortos.am263px.r5f.ti-arm-clang.debug.lib : ClockP_nortos.obj (.text.ClockP_Params_init)
                  7010db7e    00000002     --HOLE-- [fill = 0]
                  7010db80    0000001e     drivers.am263px.r5f.ti-arm-clang.nortos.debug.lib : edma.obj (.text.EDMA_getEventStatusHigh)
                  7010db9e    00000002     --HOLE-- [fill = 0]
                  7010dba0    0000001e                                                       : mcan.obj (.text.MCAN_setOpMode)
                  7010dbbe    00000002     --HOLE-- [fill = 0]
                  7010dbc0    0000001e                                                       : soc.obj (.text.SOC_getSelfCpuClk)
                  7010dbde    00000002     --HOLE-- [fill = 0]
                  7010dbe0    0000001e                                                       : soc.obj (.text.SOC_moduleClockEnable)
                  7010dbfe    00000002     --HOLE-- [fill = 0]
                  7010dc00    0000001e     ti_dpl_config.o (.text.TimerP_isr0)
                  7010dc1e    00000002     --HOLE-- [fill = 0]
                  7010dc20    0000001e     drivers.am263px.r5f.ti-arm-clang.nortos.debug.lib : uart_v0_lld.obj (.text.UART_breakCtl)
                  7010dc3e    00000002     --HOLE-- [fill = 0]
                  7010dc40    0000001e                                                       : uart_v0_lld.obj (.text.UART_lld_Transaction_deInit)
                  7010dc5e    00000002     --HOLE-- [fill = 0]
                  7010dc60    0000001c                                                       : edma.obj (.text.EDMA_getEventStatus)
                  7010dc7c    00000004     --HOLE-- [fill = 0]
                  7010dc80    0000001c                                                       : mcan.obj (.text.MCAN_writeProtectedRegAccessLock)
                  7010dc9c    00000004     --HOLE-- [fill = 0]
                  7010dca0    0000001c                                                       : mcan.obj (.text.MCAN_writeProtectedRegAccessUnlock)
                  7010dcbc    00000004     --HOLE-- [fill = 0]
                  7010dcc0    0000001c                                                       : uart_v0_lld.obj (.text.UART_IsParameter)
                  7010dcdc    0000001c     libc.a : memcpy32.S.obj (.text:TI_memcpy_small)
                  7010dcf8    00000008     --HOLE-- [fill = 0]
                  7010dd00    0000001a     drivers.am263px.r5f.ti-arm-clang.nortos.debug.lib : mcan.obj (.text.MCAN_clearIntrStatus)
                  7010dd1a    00000006     --HOLE-- [fill = 0]
                  7010dd20    0000001a                                                       : mcan.obj (.text.MCAN_getOpMode)
                  7010dd3a    00000006     --HOLE-- [fill = 0]
                  7010dd40    0000001a                                                       : uart_v0_lld.obj (.text.UART_fifoCharGet)
                  7010dd5a    00000006     --HOLE-- [fill = 0]
                  7010dd60    0000001a                                                       : uart_v0_lld.obj (.text.UART_timeGuardConfig)
                  7010dd7a    00000006     --HOLE-- [fill = 0]
                  7010dd80    00000018     nortos.am263px.r5f.ti-arm-clang.debug.lib : ClockP_nortos.obj (.text.ClockP_ticksToUsec)
                  7010dd98    00000008     --HOLE-- [fill = 0]
                  7010dda0    00000018     drivers.am263px.r5f.ti-arm-clang.nortos.debug.lib : edma.obj (.text.EDMA_isInterruptEnabled)
                  7010ddb8    00000008     --HOLE-- [fill = 0]
                  7010ddc0    00000018                                                       : ipc_notify_v1.obj (.text.IpcNotify_mailboxClearAllInt)
                  7010ddd8    00000008     --HOLE-- [fill = 0]
                  7010dde0    00000018                                                       : ipc_notify_v1_cfg.obj (.text.IpcNotify_trigInterrupt)
                  7010ddf8    00000008     --HOLE-- [fill = 0]
                  7010de00    00000018     nortos.am263px.r5f.ti-arm-clang.debug.lib : SemaphoreP_nortos.obj (.text.SemaphoreP_Params_init)
                  7010de18    00000008     --HOLE-- [fill = 0]
                  7010de20    00000018                                               : TimerP_rti_priv.obj (.text.TimerP_getReloadCountPriv)
                  7010de38    00000008     --HOLE-- [fill = 0]
                  7010de40    00000018     drivers.am263px.r5f.ti-arm-clang.nortos.debug.lib : uart_v0_lld.obj (.text.UART_divisorLatchDisable)
                  7010de58    00000008     --HOLE-- [fill = 0]
                  7010de60    00000018                                                       : uart_v0_lld.obj (.text.UART_modemControlReset)
                  7010de78    00000008     --HOLE-- [fill = 0]
                  7010de80    00000018                                                       : uart_v0_lld.obj (.text.UART_putChar)
                  7010de98    00000018     libc.a : memset32.S.obj (.text:TI_memset_small)
                  7010deb0    00000016     drivers.am263px.r5f.ti-arm-clang.nortos.debug.lib : ipc_notify_v1.obj (.text.IpcNotify_sendSync)
                  7010dec6    0000000a     --HOLE-- [fill = 0]
                  7010ded0    00000016                                                       : mcan.obj (.text.MCAN_getIntrStatus)
                  7010dee6    0000000a     --HOLE-- [fill = 0]
                  7010def0    00000016     nortos.am263px.r5f.ti-arm-clang.debug.lib : TimerP_rti_priv.obj (.text.TimerP_startPriv)
                  7010df06    0000000a     --HOLE-- [fill = 0]
                  7010df10    00000016                                               : TimerP_rti_priv.obj (.text.TimerP_stopPriv)
                  7010df26    0000000a     --HOLE-- [fill = 0]
                  7010df30    00000016     drivers.am263px.r5f.ti-arm-clang.nortos.debug.lib : uart_v0_lld.obj (.text.UART_divideRoundCloset)
                  7010df46    0000000a     --HOLE-- [fill = 0]
                  7010df50    00000016                                                       : uart_v0_lld.obj (.text.UART_regConfModeRestore)
                  7010df66    0000000a     --HOLE-- [fill = 0]
                  7010df70    00000014                                                       : edma.obj (.text.HW_WR_REG16_RAW)
                  7010df84    0000000c     --HOLE-- [fill = 0]
                  7010df90    00000014                                                       : ipc_notify_v1.obj (.text.IpcNotify_mailboxClearPendingIntr)
                  7010dfa4    0000000c     --HOLE-- [fill = 0]
                  7010dfb0    00000014                                                       : soc_rcm.obj (.text.SOC_rcmGetModuleClkDivFromRegVal)
                  7010dfc4    0000000c     --HOLE-- [fill = 0]
                  7010dfd0    00000014     nortos.am263px.r5f.ti-arm-clang.debug.lib : TimerP_rti_priv.obj (.text.TimerP_clearOverflowIntPriv)
                  7010dfe4    0000000c     --HOLE-- [fill = 0]
                  7010dff0    00000014                                               : TimerP_rti_nortos.obj (.text.TimerP_setup)
                  7010e004    0000000c     --HOLE-- [fill = 0]
                  7010e010    00000014     ti_dpl_config.o (.text.putchar_)
                  7010e024    0000000c     --HOLE-- [fill = 0]
                  7010e030    00000012     ti_pinmux_config.o (.text.Pinmux_init)
                  7010e042    0000000e     --HOLE-- [fill = 0]
                  7010e050    00000012     imu_protocol_handler.o (.text.imu_initialize)
                  7010e062    0000000e     --HOLE-- [fill = 0]
                  7010e070    00000012     yis320_protocol.o (.text.yis320_get_timestamp_ms)
                  7010e082    0000000e     --HOLE-- [fill = 0]
                  7010e090    00000010     can_interface.o (.text.CSL_REG32_WR_RAW)
                  7010e0a0    00000010     drivers.am263px.r5f.ti-arm-clang.nortos.debug.lib : pinmux.obj (.text.CSL_REG32_WR_RAW)
                  7010e0b0    00000010                                                       : soc.obj (.text.CSL_REG32_WR_RAW)
                  7010e0c0    00000010     nortos.am263px.r5f.ti-arm-clang.debug.lib : ClockP_nortos_r5.obj (.text.ClockP_getTimerCount)
                  7010e0d0    00000010                                               : ClockP_nortos_r5.obj (.text.ClockP_timerClearOverflowInt)
                  7010e0e0    00000010     drivers.am263px.r5f.ti-arm-clang.nortos.debug.lib : edma.obj (.text.HW_RD_REG32_RAW)
                  7010e0f0    00000010                                                       : mcan.obj (.text.HW_RD_REG32_RAW)
                  7010e100    00000010                                                       : uart_v0_lld.obj (.text.HW_RD_REG32_RAW)
                  7010e110    00000010                                                       : edma.obj (.text.HW_WR_REG32_RAW)
                  7010e120    00000010                                                       : mcan.obj (.text.HW_WR_REG32_RAW)
                  7010e130    00000010                                                       : uart_v0_lld.obj (.text.HW_WR_REG32_RAW)
                  7010e140    00000010                                                       : ipc_notify_v1.obj (.text.IpcNotify_mailboxGetPendingIntr)
                  7010e150    00000010     nortos.am263px.r5f.ti-arm-clang.debug.lib : TimerP_rti_nortos.obj (.text.TimerP_Params_init)
                  7010e160    00000010                                               : TimerP_rti_nortos.obj (.text.TimerP_clearOverflowInt)
                  7010e170    00000010                                               : TimerP_rti_nortos.obj (.text.TimerP_getCount)
                  7010e180    00000010                                               : TimerP_rti_nortos.obj (.text.TimerP_getReloadCount)
                  7010e190    00000010                                               : TimerP_rti_nortos.obj (.text.TimerP_start)
                  7010e1a0    00000010                                               : printf.obj (.text._out_null)
                  7010e1b0    00000010     gateway_shared.o (.text.gateway_notify_imu_ready)
                  7010e1c0    00000010     gateway_shared.o (.text.gateway_notify_states_ready)
                  7010e1d0    0000000e     yis320_protocol.o (.text.yis320_uart_configure)
                  7010e1de    00000002     --HOLE-- [fill = 0]
                  7010e1e0    0000000c     ti_board_open_close.o (.text.Board_driversOpen)
                  7010e1ec    00000004     --HOLE-- [fill = 0]
                  7010e1f0    0000000c     nortos.am263px.r5f.ti-arm-clang.debug.lib : ClockP_nortos.obj (.text.ClockP_getTicks)
                  7010e1fc    00000004     --HOLE-- [fill = 0]
                  7010e200    0000000c     ti_power_clock_config.o (.text.PowerClock_init)
                  7010e20c    00000004     --HOLE-- [fill = 0]
                  7010e210    0000000c     imu_interface_isr.o (.text.parse_int32_le)
                  7010e21c    00000004     --HOLE-- [fill = 0]
                  7010e220    0000000c     yis320_protocol.o (.text.vtable_read_data)
                  7010e22c    00000004     --HOLE-- [fill = 0]
                  7010e230    0000000a     nortos.am263px.r5f.ti-arm-clang.debug.lib : HwiP_armv7r_vim.obj (.text.Hwip_dataAndInstructionBarrier)
                  7010e23a    00000006     --HOLE-- [fill = 0]
                  7010e240    0000000a     drivers.am263px.r5f.ti-arm-clang.nortos.debug.lib : ipc_notify_v1.obj (.text.IpcNotify_dataAndInstructionBarrier)
                  7010e24a    00000006     --HOLE-- [fill = 0]
                  7010e250    0000000a                                                       : soc_rcm.obj (.text.SOC_rcmGetBaseAddressMSSRCM)
                  7010e25a    00000006     --HOLE-- [fill = 0]
                  7010e260    0000000a                                                       : uart_dma_edma.obj (.text.UART_edmaDoNothing)
                  7010e26a    00000006     --HOLE-- [fill = 0]
                  7010e270    0000000a     gateway_shared.o (.text.gateway_memory_barrier)
                  7010e27a    00000006     --HOLE-- [fill = 0]
                  7010e280    0000000a     gateway_shared.o (.text.ringbuf_get_ptr)
                  7010e28a    00000006     --HOLE-- [fill = 0]
                  7010e290    00000008     ti_drivers_open_close.o (.text.Drivers_open)
                  7010e298    00000008     --HOLE-- [fill = 0]
                  7010e2a0    00000008     ti_drivers_config.o (.text.Drivers_uartInit)
                  7010e2a8    00000008     --HOLE-- [fill = 0]
                  7010e2b0    00000008     drivers.am263px.r5f.ti-arm-clang.nortos.debug.lib : soc_rcm.obj (.text.SOC_rcmGetBaseAddressMSSCTRL)
                  7010e2b8    00000008     --HOLE-- [fill = 0]
                  7010e2c0    00000008                                                       : soc_rcm.obj (.text.SOC_rcmGetBaseAddressTOPRCM)
                  7010e2c8    00000008     --HOLE-- [fill = 0]
                  7010e2d0    00000008     nortos.am263px.r5f.ti-arm-clang.debug.lib : SemaphoreP_nortos.obj (.text.SemaphoreP_destruct)
                  7010e2d8    00000008     --HOLE-- [fill = 0]
                  7010e2e0    00000002     ti_board_open_close.o (.text.Board_driversClose)
                  7010e2e2    0000000e     --HOLE-- [fill = 0]
                  7010e2f0    00000002     ti_board_config.o (.text.Board_init)
                  7010e2f2    0000000e     --HOLE-- [fill = 0]
                  7010e300    00000002     drivers.am263px.r5f.ti-arm-clang.nortos.debug.lib : ipc_notify_v1_cfg.obj (.text.IpcNotify_wait)
                  7010e302    0000000e     --HOLE-- [fill = 0]
                  7010e310    00000002     nortos.am263px.r5f.ti-arm-clang.debug.lib : TaskP_nortos.obj (.text.TaskP_yield)
                  7010e312    0000000e     --HOLE-- [fill = 0]

.rodata    0    7010e320    00001b00     
                  7010e320    00000450     motor_mapping.o (.rodata.motor_config_table)
                  7010e770    00000084     ti_dpl_config.o (.rodata.cfg)
                  7010e7f4    00000004     nortos.am263px.r5f.ti-arm-clang.debug.lib : CacheP_armv7r.obj (.rodata.gCacheL1dCacheLineSize)
                  7010e7f8    00000050                                               : printf.obj (.rodata._ftoa.pow10)
                  7010e848    0000004d     gateway_shared.o (.rodata.str1.3223734256326991069.1)
                  7010e895    00000003     can_interface.o (.rodata.str1.15257894921296593044.1)
                  7010e898    00000048     drivers.am263px.r5f.ti-arm-clang.nortos.debug.lib : soc_rcm.obj (.rodata.gADPLLJConfigTbl)
                  7010e8e0    00000043     main.o (.rodata.str1.14079361385603432444.1)
                  7010e923    00000001     --HOLE-- [fill = 0]
                  7010e924    00000040     drivers.am263px.r5f.ti-arm-clang.nortos.debug.lib : mcan.obj (.rodata.gDataSize)
                  7010e964    00000040                                                       : ipc_notify_v1.obj (.rodata.str1.10118846006578224169.1)
                  7010e9a4    00000040     gateway_shared.o (.rodata.str1.1309647279537151951.1)
                  7010e9e4    0000003f     imu_interface_isr.o (.rodata.str1.5126834218174521685.1)
                  7010ea23    0000003d     main.o (.rodata.str1.10313062130652730376.1)
                  7010ea60    0000003d     nortos.am263px.r5f.ti-arm-clang.debug.lib : TimerP_rti_priv.obj (.rodata.str1.11388379688747141303.1)
                  7010ea9d    0000003c     main.o (.rodata.str1.2123964117280943167.1)
                  7010ead9    0000003b     can_interface.o (.rodata.str1.14428574951410983152.1)
                  7010eb14    0000003b     imu_interface_isr.o (.rodata.str1.6306445455767916371.1)
                  7010eb4f    00000039     can_interface.o (.rodata.str1.17339864536769639315.1)
                  7010eb88    00000039     can_interface.o (.rodata.str1.6401568125276999251.1)
                  7010ebc1    00000039     can_interface.o (.rodata.str1.6806839034663112933.1)
                  7010ebfa    00000038     gateway_shared.o (.rodata.str1.8694082244888993162.1)
                  7010ec32    00000037     gateway_shared.o (.rodata.str1.10638658715010209595.1)
                  7010ec69    00000037     gateway_shared.o (.rodata.str1.5629998949668554045.1)
                  7010eca0    00000036     can_interface.o (.rodata.str1.2167712102046818855.1)
                  7010ecd6    00000035     can_interface.o (.rodata.str1.13942422985958650841.1)
                  7010ed0b    00000035     main.o (.rodata.str1.14402440632258215044.1)
                  7010ed40    00000035     imu_interface_isr.o (.rodata.str1.15503275091179387347.1)
                  7010ed75    00000035     main.o (.rodata.str1.16631870348416990953.1)
                  7010edaa    00000035     imu_interface_isr.o (.rodata.str1.2252785669688110604.1)
                  7010eddf    00000035     can_interface.o (.rodata.str1.6692020027550076815.1)
                  7010ee14    00000035     ti_drivers_open_close.o (.rodata.str1.871795152488895636.1)
                  7010ee49    00000034     main.o (.rodata.str1.14112174005742061988.1)
                  7010ee7d    00000033     can_interface.o (.rodata.str1.10130696897761414469.1)
                  7010eeb0    00000033     can_interface.o (.rodata.str1.10186677634541030339.1)
                  7010eee3    00000031     gateway_shared.o (.rodata.str1.6121471336334202706.1)
                  7010ef14    00000031     motor_mapping.o (.rodata.str1.8787205977826144616.1)
                  7010ef45    00000030     main.o (.rodata.str1.8154729771448623357.1)
                  7010ef75    00000030     imu_interface_isr.o (.rodata.str1.9168798226845388136.1)
                  7010efa5    0000002f     main.o (.rodata.str1.1311392489248731986.1)
                  7010efd4    0000002f     main.o (.rodata.str1.16302215771116645891.1)
                  7010f003    0000002f     gateway_shared.o (.rodata.str1.3129942817937968154.1)
                  7010f032    0000002f     main.o (.rodata.str1.9059077390166914652.1)
                  7010f061    0000002f     drivers.am263px.r5f.ti-arm-clang.nortos.debug.lib : ipc_notify_v1.obj (.rodata.str1.9418228565027791152.1)
                  7010f090    0000002e     can_interface.o (.rodata.str1.11024350005305706282.1)
                  7010f0be    0000002e     gateway_shared.o (.rodata.str1.11051107022181534624.1)
                  7010f0ec    0000002e     main.o (.rodata.str1.11870794119293528247.1)
                  7010f11a    0000002e     gateway_shared.o (.rodata.str1.9859227269409816370.1)
                  7010f148    0000002d     main.o (.rodata.str1.10635229749459437609.1)
                  7010f175    0000002d     main.o (.rodata.str1.13288086030101331538.1)
                  7010f1a2    0000002d     main.o (.rodata.str1.13782249893155712474.1)
                  7010f1cf    0000002d     can_interface.o (.rodata.str1.15094798983471906066.1)
                  7010f1fc    0000002d     can_interface.o (.rodata.str1.150960857071891705.1)
                  7010f229    0000002d     can_interface.o (.rodata.str1.17855712168153945246.1)
                  7010f256    0000002c     imu_interface_isr.o (.rodata.str1.13916086747295221358.1)
                  7010f282    0000002c     gateway_shared.o (.rodata.str1.7167262159681625771.1)
                  7010f2ae    0000002c     main.o (.rodata.str1.8076846746581808073.1)
                  7010f2da    0000002b     imu_interface_isr.o (.rodata.str1.12147274931821300989.1)
                  7010f305    0000002b     main.o (.rodata.str1.18227636981041470289.1)
                  7010f330    0000002b     can_interface.o (.rodata.str1.3858671167962548137.1)
                  7010f35b    0000002a     nortos.am263px.r5f.ti-arm-clang.debug.lib : DebugP_log.obj (.rodata.str1.227947788441500939.1)
                  7010f385    0000002a     main.o (.rodata.str1.2763581881760962609.1)
                  7010f3af    0000002a     main.o (.rodata.str1.2846389346932560359.1)
                  7010f3d9    00000029     can_interface.o (.rodata.str1.357542981605220142.1)
                  7010f402    00000029     can_interface.o (.rodata.str1.7679921882182829519.1)
                  7010f42b    00000029     main.o (.rodata.str1.7784929982665794503.1)
                  7010f454    00000029     main.o (.rodata.str1.8108965883388295311.1)
                  7010f47d    00000028     main.o (.rodata.str1.15159059442110792349.1)
                  7010f4a5    00000027     nortos.am263px.r5f.ti-arm-clang.debug.lib : ClockP_nortos_r5.obj (.rodata.str1.12743090444791882666.1)
                  7010f4cc    00000027     main.o (.rodata.str1.3530083166107438000.1)
                  7010f4f3    00000026     gateway_shared.o (.rodata.str1.17046880449980016103.1)
                  7010f519    00000026     gateway_shared.o (.rodata.str1.5761821093615868877.1)
                  7010f53f    00000026     can_interface.o (.rodata.str1.6910353934698693424.1)
                  7010f565    00000025     main.o (.rodata.str1.15996357275703397564.1)
                  7010f58a    00000024     can_interface.o (.rodata.str1.14695538922052102695.1)
                  7010f5ae    00000024     can_interface.o (.rodata.str1.17857559882412085052.1)
                  7010f5d2    00000024     main.o (.rodata.str1.6891813955777630061.1)
                  7010f5f6    00000024     main.o (.rodata.str1.7702501944640899365.1)
                  7010f61a    00000023     drivers.am263px.r5f.ti-arm-clang.nortos.debug.lib : soc_rcm.obj (.rodata.str1.2078190104202520215.1)
                  7010f63d    00000023     nortos.am263px.r5f.ti-arm-clang.debug.lib : ClockP_nortos_r5.obj (.rodata.str1.7689125538912326484.1)
                  7010f660    00000022     drivers.am263px.r5f.ti-arm-clang.nortos.debug.lib : edma.obj (.rodata.str1.12976018205622752890.1)
                  7010f682    00000021     nortos.am263px.r5f.ti-arm-clang.debug.lib : ClockP_nortos_r5.obj (.rodata.str1.8559540482768925367.1)
                  7010f6a3    00000001     --HOLE-- [fill = 0]
                  7010f6a4    00000020     drivers.am263px.r5f.ti-arm-clang.nortos.debug.lib : mcan.obj (.rodata.gMsgObjSize)
                  7010f6c4    00000020     can_interface.o (.rodata.g_mcan_base_addr)
                  7010f6e4    00000020     can_interface.o (.rodata.g_mcan_intr_num)
                  7010f704    00000020     main.o (.rodata.str1.16265332423659789559.1)
                  7010f724    00000020     drivers.am263px.r5f.ti-arm-clang.nortos.debug.lib : uart_v0.obj (.rodata.str1.16594507886308206351.1)
                  7010f744    00000020                                                       : ipc_notify_v1.obj (.rodata.str1.2046905611612007019.1)
                  7010f764    0000001f     can_interface.o (.rodata.str1.12573338884863454617.1)
                  7010f783    0000001f     nortos.am263px.r5f.ti-arm-clang.debug.lib : ClockP_nortos_r5.obj (.rodata.str1.2746619892315392655.1)
                  7010f7a2    0000001f     imu_interface_isr.o (.rodata.str1.4417852805959727765.1)
                  7010f7c1    0000001e     drivers.am263px.r5f.ti-arm-clang.nortos.debug.lib : ipc_notify_v1.obj (.rodata.str1.16593710740832512674.1)
                  7010f7df    0000001e                                                       : ipc_notify_v1.obj (.rodata.str1.9050127465416171240.1)
                  7010f7fd    0000001d     nortos.am263px.r5f.ti-arm-clang.debug.lib : TimerP_rti_priv.obj (.rodata.str1.1727973701797049581.1)
                  7010f81a    0000001d                                               : TimerP_rti_priv.obj (.rodata.str1.4425773406285945039.1)
                  7010f837    0000001d     drivers.am263px.r5f.ti-arm-clang.nortos.debug.lib : uart_v0.obj (.rodata.str1.4697665093340446018.1)
                  7010f854    0000001d     nortos.am263px.r5f.ti-arm-clang.debug.lib : TimerP_rti_priv.obj (.rodata.str1.7297095892955669843.1)
                  7010f871    0000001b     drivers.am263px.r5f.ti-arm-clang.nortos.debug.lib : edma.obj (.rodata.str1.16672221102796607080.1)
                  7010f88c    0000001b     ti_drivers_config.o (.rodata.str1.7767457247551078139.1)
                  7010f8a7    0000001a     main.o (.rodata.str1.11702106008850790973.1)
                  7010f8c1    0000001a     drivers.am263px.r5f.ti-arm-clang.nortos.debug.lib : soc_rcm.obj (.rodata.str1.16907879152045164286.1)
                  7010f8db    0000001a     main.o (.rodata.str1.17376258722486336754.1)
                  7010f8f5    0000001a     main.o (.rodata.str1.288608917962107522.1)
                  7010f90f    0000001a     nortos.am263px.r5f.ti-arm-clang.debug.lib : ClockP_nortos_r5.obj (.rodata.str1.3810757863367538396.1)
                  7010f929    00000019     drivers.am263px.r5f.ti-arm-clang.nortos.debug.lib : ipc_notify_v1.obj (.rodata.str1.12253177398743541182.1)
                  7010f942    00000019     nortos.am263px.r5f.ti-arm-clang.debug.lib : TimerP_rti_priv.obj (.rodata.str1.5494506574634759136.1)
                  7010f95b    00000001     --HOLE-- [fill = 0]
                  7010f95c    00000018     drivers.am263px.r5f.ti-arm-clang.nortos.debug.lib : soc_rcm.obj (.rodata.gControlssPllClkSrcValMap)
                  7010f974    00000018                                                       : soc_rcm.obj (.rodata.gCptsClkSrcValMap)
                  7010f98c    00000018                                                       : soc_rcm.obj (.rodata.gI2cClkSrcValMap)
                  7010f9a4    00000018                                                       : soc_rcm.obj (.rodata.gIcssmUartClkSrcValMap)
                  7010f9bc    00000018                                                       : soc_rcm.obj (.rodata.gLinUartClkSrcValMap)
                  7010f9d4    00000018                                                       : soc_rcm.obj (.rodata.gMcSpiClkSrcValMap)
                  7010f9ec    00000018                                                       : soc_rcm.obj (.rodata.gMcanClkSrcValMap)
                  7010fa04    00000018                                                       : soc_rcm.obj (.rodata.gMmcClkSrcValMap)
                  7010fa1c    00000018                                                       : soc_rcm.obj (.rodata.gOspiClkSrcValMap)
                  7010fa34    00000018                                                       : soc_rcm.obj (.rodata.gPeripheralClkSrcInfoMap)
                  7010fa4c    00000018                                                       : soc_rcm.obj (.rodata.gRtiClkSrcValMap)
                  7010fa64    00000018                                                       : soc_rcm.obj (.rodata.gWdtClkSrcValMap)
                  7010fa7c    00000018                                                       : uart_v0.obj (.rodata.str1.16507871919775359273.1)
                  7010fa94    00000018     ti_drivers_config.o (.rodata.str1.2211846465855763212.1)
                  7010faac    00000017     drivers.am263px.r5f.ti-arm-clang.nortos.debug.lib : soc_rcm.obj (.rodata.str1.1263028196474875090.1)
                  7010fac3    00000016                                                       : soc_rcm.obj (.rodata.str1.15837709475095375462.1)
                  7010fad9    00000016                                                       : soc_rcm.obj (.rodata.str1.18101715471844446405.1)
                  7010faef    00000016                                                       : soc_rcm.obj (.rodata.str1.503491203257075565.1)
[...]
7010ab51  imu_protocol_manager_init            
70105491  imu_uart_isr_init                    
70118022  isMapAvailable                       
7010bf61  main                                 
7010c64c  memmove                              
7010d301  motor_get_config                     
701033d1  motor_mapping_init_core1             
7010e011  putchar_                             
7010d011  snprintf_                            
7010cdd1  timerISR                             
70112370  virtToPhymap                         
7010d7d1  vprintf_                             
7010a3f1  yis320_convert_to_ipc                
7010e071  yis320_get_timestamp_ms              
7010b9c1  yis320_protocol_handler_init         
7010e1d1  yis320_uart_configure                


GLOBAL SYMBOLS: SORTED BY Symbol Address 

address   name                                 
-------   ----                                 
00000000  __TI_ATRegion0_region_sz             
00000000  __TI_ATRegion0_src_addr              
00000000  __TI_ATRegion0_trg_addr              
00000000  __TI_ATRegion1_region_sz             
00000000  __TI_ATRegion1_src_addr              
00000000  __TI_ATRegion1_trg_addr              
00000000  __TI_ATRegion2_region_sz             
00000000  __TI_ATRegion2_src_addr              
00000000  __TI_ATRegion2_trg_addr              
00000000  __TI_static_base__                   
00000000  _vectors                             
00000100  __ABORT_STACK_SIZE                   
00000100  __FIQ_STACK_SIZE                     
00000100  __IRQ_STACK_SIZE                     
00000100  __UNDEFINED_STACK_SIZE               
00001000  __SVC_STACK_SIZE                     
00004000  __STACK_SIZE                         
70100a34  __aeabi_memclr                       
70100a34  __aeabi_memclr4                      
70100a34  __aeabi_memclr8                      
701010b8  C$$EXIT                              
701010b8  HOSTexit                             
701010c1  SOC_rcmEnablePeripheralClock         
701016f8  __aeabi_ldiv0                        
701016fc  __aeabi_memcpy                       
701016fc  __aeabi_memcpy4                      
701016fc  __aeabi_memcpy8                      
70101ce4  CSL_armR5ReadMpidrReg                
701021a1  UART_open                            
7010299c  __aeabi_memmove                      
7010299c  __aeabi_memmove4                     
7010299c  __aeabi_memmove8                     
701029a1  IpcNotify_init                       
701030c1  SOC_virtToPhy                        
701033d1  motor_mapping_init_core1             
701036d1  MCAN_msgRAMConfig                    
70104531  UART_lld_dmaDeInit                   
70104761  IpcNotify_isr                        
70104bb1  CAN_TransmitBatch                    
70104db1  TimerP_setupPriv                     
70104f91  UART_lld_dmaWrite                    
70105141  UART_close                           
701052f1  UART_lld_controllerIsr               
70105491  imu_uart_isr_init                    
701057b1  MCAN_calcMsgRamParamsStartAddr       
70105c41  EDMA_unregisterIntr                  
70105db1  SOC_controlModuleUnlockMMR           
70105f11  UART_lld_initDma                     
70106071  DebugP_shmLogWriterPutChar           
701065b1  MCAN_setBitTime                      
70106701  CAN_Init                             
70106981  MCAN_readMsgRam                      
70106c01  ClockP_init                          
70106d41  UART_procLineStatusErr               
70106e81  EDMA_registerIntr                    
70106fc1  MCAN_init                            
70107101  UART_lld_init                        
70107231  MCAN_config                          
70107361  SOC_controlModuleLockMMR             
70107491  SOC_rcmGetPeripheralClockFrequency   
701075b1  DebugP_shmLogWriterPutLine           
701076d1  UART_lld_dmaRead                     
7010790c  __udivmoddi4                         
70107ea1  IpcNotify_sendMsg                    
701080c1  SemaphoreP_pend                      
701081d1  gateway_ringbuf_read                 
701083e1  CAN_StartRxInterrupts                
701084d1  gateway_write_motor_config           
701087a1  EDMA_freeChannelRegion               
70108891  EDMA_freeParam                       
70108981  EDMA_freeDmaChannel                  
70108a61  EDMA_freeTcc                         
70108b41  UART_intrEnable                      
70108c21  UART_intrDisable                     
70108d01  AddrTranslateP_getLocalAddr          
70108f71  EDMA_disableChInShadowRegRegion      
70109041  EDMA_enableChInShadowRegRegion       
70109111  EDMA_mapChToEvtQ                     
701091e1  EDMA_configureChannelRegion          
70109361  UART_flushTxFifo                     
701094e1  ClockP_timerTickIsr                  
701095a1  TimerP_init                          
70109661  ClockP_stop                          
70109721  IpcNotify_waitSync                   
701097e1  gateway_write_motor_states           
701098a1  CycleCounterP_init                   
701098c1  CycleCounterP_reset                  
70109911  CycleCounterP_nsToTicks              
70109951  CycleCounterP_enableUserAccess       
70109961  MCAN_writeMsgRam                     
70109a11  SOC_rcmSetPeripheralClock            
70109ac1  UART_init                            
70109c21  gateway_core1_wait_for_ready         
70109d81  ClockP_destruct                      
70109e31  Drivers_uartOpen                     
7010a031  gateway_core1_ipc_callback           
7010a171  IpcNotify_registerClient             
7010a2b1  ClockP_getTimeUsec                   
7010a351  EDMA_unmapChToEvtQ                   
7010a3f1  yis320_convert_to_ipc                
7010a491  EDMA_disableTransferRegion           
7010a521  EDMA_enableTransferRegion            
7010a6d1  UART_lld_flushTxFifo                 
7010a7f1  EDMA_allocDmaChannel                 
7010a881  EDMA_allocParam                      
7010a911  EDMA_allocTcc                        
7010aac1  IpcNotify_syncAll                    
7010ab51  imu_protocol_manager_init            
7010abe1  MCAN_addStdMsgIDFilter               
7010ad61  _DebugP_assert                       
7010ade1  gateway_ringbuf_core1_init           
7010aee1  UART_Params_init                     
7010af61  EDMA_linkChannel                     
7010afe1  System_init                          
7010b1e1  ClockP_usleep                        
7010b261  EDMA_clrMissEvtRegion                
7010b441  EDMA_getBaseAddr                     
7010b521  SOC_rcmGetR5Clock                    
7010b591  SOC_rcmIsR5FInLockStepMode           
7010b671  UART_lld_deInitDma                   
7010b6e1  MCAN_enableIntr                      
7010b751  MCAN_initTxBufElement                
7010b831  SemaphoreP_post                      
7010b8a1  MCAN_selectIntrLine                  
7010b901  UART_getChar                         
7010b9c1  yis320_protocol_handler_init         
7010ba21  Module_clockSetFrequency             
7010ba81  UART_lld_deInit                      
7010bd81  gateway_write_imu_state              
7010be41  Dpl_init                             
7010bea1  EDMA_setPaRAM                        
7010bf61  main                                 
7010bfb4  __TI_auto_init_nobinit_nopinit       
7010c011  Drivers_uartClose                    
7010c061  Pinmux_config                        
7010c0b1  UART_checkCharsAvailInFifo           
7010c101  DebugP_shmLogWriterInit              
7010c151  EDMA_clrEvtRegion                    
7010c1a1  EDMA_disableDmaEvtRegion             
7010c1f1  EDMA_disableEvtIntrRegion            
7010c241  EDMA_enableDmaEvtRegion              
7010c291  EDMA_enableEvtIntrRegion             
7010c2e1  EDMA_setEvtRegion                    
7010c331  GPIO_setDirMode                      
7010c381  MCAN_enableIntrLine                  
7010c3d1  ClockP_construct                     
7010c421  EDMA_ccPaRAMEntry_init               
7010c471  EDMA_mapQdmaChToPaRAM                
7010c4c1  EDMA_readEventStatusRegion           
7010c511  IpcNotify_unregisterClient           
7010c561  Module_clockEnable                   
7010c5b1  gateway_update_stat                  
7010c64c  memmove                              
7010c6f1  IpcNotify_Params_init                
7010c791  UART_getIntrIdentityStatus           
7010c921  UART_readLineStatus                  
7010c971  imu_protocol_handler_init            
7010cab1  SemaphoreP_construct                 
7010cb01  _DebugP_logZone                      
7010cbf1  ClockP_start                         
7010cd11  UART_spaceAvail                      
7010cd51  gateway_core1_init                   
7010cd91  gateway_update_heartbeat             
7010cdd1  timerISR                             
7010ce51  UART_IsTxRxFifoEmpty                 
7010ced1  CAN_RegisterRxCallback               
7010cf11  MCAN_txBufAddReq                     
7010cf51  SOC_moduleSetClockFrequency          
7010d011  snprintf_                            
7010d051  SOC_getCoreName                      
7010d088  CycleCounterP_getCount32             
7010d090  PmuP_setup                           
7010d098  PmuP_enableCounters                  
7010d0a0  PmuP_disableCounters                 
7010d0a8  PmuP_getOverflowStatus               
7010d0b0  PmuP_clearOverflowStatus             
7010d0b8  PmuP_setUserEnable                   
7010d101  EDMA_getRegionId                     
7010d181  IpcNotify_syncCallback               
7010d201  MCAN_calcCfgAddr                     
7010d281  TimerP_Params_initPriv               
7010d301  motor_get_config                     
7010d401  MCAN_isMemInitDone                   
7010d441  TimerP_getCountPriv                  
7010d561  gateway_signal_motor_config_ready    
7010d591  UART_lld_dmaInit                     
7010d5f1  DebugP_logZoneEnable                 
7010d651  MCAN_clearNewDataStatus              
7010d681  MCAN_getNewDataStatus                
7010d6b1  SemaphoreP_constructBinary           
7010d741  UART_intr2Disable                    
7010d771  UART_operatingModeSelect             
7010d7a1  CSL_armR5GetCpuID                    
7010d7d1  vprintf_                             
7010d801  EDMA_disableQdmaEvtRegion            
7010d831  EDMA_enableQdmaEvtRegion             
7010d891  IpcNotify_allocSwQueue               
7010d8f1  IpcNotify_getConfig                  
7010d921  SemaphoreP_constructMutex            
7010d9e1  UART_getBaseAddr                     
7010da04  __aeabi_uldivmod                     
7010da61  EDMA_channelToParamMap               
7010da91  gateway_ringbuf_core1_receive        
7010dac1  ClockP_isActive                      
7010dae1  ClockP_usecToTicks                   
7010db61  ClockP_Params_init                   
7010db81  EDMA_getEventStatusHigh              
7010dba1  MCAN_setOpMode                       
7010dbc1  SOC_getSelfCpuClk                    
7010dbe1  SOC_moduleClockEnable                
7010dc01  TimerP_isr0                          
7010dc41  UART_lld_Transaction_deInit          
7010dc61  EDMA_getEventStatus                  
7010dcdc  TI_memcpy_small                      
7010dd01  MCAN_clearIntrStatus                 
7010dd21  MCAN_getOpMode                       
7010dd81  ClockP_ticksToUsec                   
7010dda1  EDMA_isInterruptEnabled              
7010dde1  IpcNotify_trigInterrupt              
7010de01  SemaphoreP_Params_init               
7010de21  TimerP_getReloadCountPriv            
7010de81  UART_putChar                         
7010de98  TI_memset_small                      
7010deb1  IpcNotify_sendSync                   
7010ded1  MCAN_getIntrStatus                   
7010def1  TimerP_startPriv                     
7010df11  TimerP_stopPriv                      
7010dfd1  TimerP_clearOverflowIntPriv          
7010dff1  TimerP_setup                         
7010e011  putchar_                             
7010e031  Pinmux_init                          
7010e071  yis320_get_timestamp_ms              
7010e0c1  ClockP_getTimerCount                 
7010e0d1  ClockP_timerClearOverflowInt         
7010e151  TimerP_Params_init                   
7010e161  TimerP_clearOverflowInt              
7010e171  TimerP_getCount                      
7010e181  TimerP_getReloadCount                
7010e191  TimerP_start                         
7010e1b1  gateway_notify_imu_ready             
7010e1c1  gateway_notify_states_ready          
7010e1d1  yis320_uart_configure                
7010e1e1  Board_driversOpen                    
7010e1f1  ClockP_getTicks                      
7010e201  PowerClock_init                      
7010e291  Drivers_open                         
7010e2a1  Drivers_uartInit                     
7010e2d1  SemaphoreP_destruct                  
7010e2e1  Board_driversClose                   
7010e2f1  Board_init                           
7010e301  IpcNotify_wait                       
7010e311  TaskP_yield                          
7010e770  gCacheConfig                         
7010e778  gMpuConfig                           
7010e784  gMpuRegionConfig                     
7010e7f4  gCacheL1dCacheLineSize               
7010e898  gADPLLJConfigTbl                     
7010fa34  gPeripheralClkSrcInfoMap             
7010fdc0  gXTALInfo                            
7010fe0c  gCacheL1pCacheLineSize               
7010fe1b  gCR5ClkSrcInfoMap                    
7010fe20  __BSS_START                          
701109a0  gHwiCtrl                             
701111ac  g_yis320_private_data                
701115b4  g_motor_lookup                       
701120e0  gIpcNotifyCtrl                       
70112350  gClockCtrl                           
70112370  virtToPhymap                         
70112394  gTimerBaseAddr                       
70112398  gTimerHwiObj                         
7011239c  gUartHandle                          
701123a0  __BSS_END                            
701123a0  __stack                              
701163a0  __STACK_END                          
701163a1  HwiP_enableInt                       
701163e1  HwiP_disableInt                      
70116441  HwiP_restoreInt                      
70116471  HwiP_clearInt                        
701164b1  HwiP_post                            
701164f1  HwiP_Params_init                     
70116521  HwiP_construct                       
70116711  HwiP_destruct                        
70116781  HwiP_init                            
70116931  HwiP_inISR                           
70116961  HwiP_setVimIrqPriMaskNonAtomic       
701169b1  HwiP_setVimIrqPriMaskAtomic          
70116a51  HwiP_restoreVimIrqPriMask            
70116a61  HwiP_irq_handler_c                   
70116c01  HwiP_fiq_handler                     
70116d61  HwiP_reserved_handler                
70116da1  HwiP_undefined_handler_c             
70116dc1  HwiP_user_undefined_handler_c        
70116de1  HwiP_svc_handler                     
70116e21  HwiP_prefetch_abort_handler_c        
70116ec1  HwiP_user_prefetch_abort_handler_c   
70116f01  HwiP_data_abort_handler_c            
70116fc1  HwiP_user_data_abort_handler_c       
70116ffc  HwiP_irq_handler                     
70117070  HwiP_data_abort_handler              
701170b4  HwiP_prefetch_abort_handler          
70117100  HwiP_undefined_handler               
70117130  GET_DFSR                             
70117138  GET_ADFSR                            
70117140  GET_DFAR                             
70117148  GET_IFSR                             
70117150  GET_AIFSR                            
70117158  GET_IFAR                             
70117160  GET_SPSR                             
70117178  HwiP_disable                         
70117188  HwiP_disableFIQ                      
70117198  HwiP_enable                          
701171a8  HwiP_enableFIQ                       
701171b8  HwiP_restore                         
701171c0  HwiP_enableVIC                       
701171d0  HwiP_disableVIC                      
701171e0  HwiP_getCPSR                         
701171f0  CacheP_disableL1d                    
70117218  CacheP_disableL1p                    
70117230  CacheP_enableL1d                     
70117248  CacheP_enableL1p                     
70117260  CacheP_invL1d                        
70117298  CacheP_invL1p                        
701172d4  CacheP_invL1dAll                     
701172dc  CacheP_invL1pAll                     
701172e4  CacheP_wb                            
70117320  CacheP_wbInv                         
7011735c  CacheP_wbAll                         
70117404  CacheP_wbInvAll                      
7011741c  CacheP_wbInvAllAsm                   
701174bc  CacheP_getEnabled                    
701174f4  CacheP_getCacheLevelInfo             
70117500  CacheP_configForceWrThru             
70117520  CacheP_setDLFO                       
70117531  CacheP_init                          
701175c1  CacheP_disable                       
70117611  CacheP_enable                        
70117651  CacheP_inv                           
70117691  MpuP_getAttrs                        
701176f1  MpuP_RegionAttrs_init                
70117721  MpuP_setRegion                       
701177b1  MpuP_isEnable                        
701177c1  MpuP_disable                         
70117801  MpuP_enable                          
70117851  MpuP_init                            
701178f1  MpuP_isUserAuthorizedToAccessMemory  
701179d0  MpuP_disableAsm                      
701179e8  MpuP_disableBRAsm                    
701179f8  MpuP_enableAsm                       
70117a10  MpuP_enableBRAsm                     
70117a20  MpuP_isEnableAsm                     
70117a34  MpuP_setRegionAsm                    
70117a50  _c_int00_sbl                         
70117a74  _c_int00                             
70117ba1  _DebugP_assertNoLog                  
70117bd1  _system_pre_init                     
70117c01  __mpu_init                           
70117c10  abort                                
70117c18  gEdmaConfig                          
70117c18  gUartDmaHandle                       
70117d2c  gIpcNotifyMailboxConfig              
70117e2c  gUartParams                          
70117ef8  gClockConfig                         
70117f10  gIpcNotifyInterruptConfig_r5fss1_1   
70117f40  gSocModulesClockFrequency            
70117f6c  gIpcNotifyCoreIntrBitPos             
70117f9c  gAddrTranslateConfig                 
70117fa8  gSocModules                          
70117fb8  gUartConfig                          
70117fd0  gDebugLogZone                        
70117fdc  gEdmaConfigNum                       
70117fe0  gHwiConfig                           
70117fe4  gIpcNotifyInterruptConfigNum_r5fss1_1
70117fe8  gUartConfigNum                       
70117fec  gUartDmaChConfig                     
70118022  isMapAvailable                       
70118028  __IRQ_STACK_START                    
70118128  __FIQ_STACK_START                    
70118128  __IRQ_STACK_END                      
70118228  __FIQ_STACK_END                      
70118228  __SVC_STACK_START                    
70119228  __ABORT_STACK_START                  
70119228  __SVC_STACK_END                      
70119328  __ABORT_STACK_END                    
70119328  __UNDEFINED_STACK_START              
70119428  __UNDEFINED_STACK_END                
70200000  gGatewaySharedMem                    
70208000  gDebugShmLog                         
ffffffff  __TI_pprof_out_hndl                  
ffffffff  __TI_prof_data_size                  
ffffffff  __TI_prof_data_start                 
ffffffff  __binit__                            
ffffffff  binit                                
UNDEFED   __TI_CINIT_Base                      
UNDEFED   __TI_CINIT_Limit                     
UNDEFED   __TI_Handler_Table_Base              
UNDEFED   __TI_Handler_Table_Limit             
UNDEFED   _system_post_cinit                   

[397 symbols]
