******************************************************************************
            TI ARM Clang Linker PC v4.0.4                      
******************************************************************************
>> Linked Fri Apr  3 15:22:15 2026

OUTPUT FILE NAME:   <ccu_ti_multi_core_realtime.out>
ENTRY POINT SYMBOL: "_vectors"  address: 00000000


MEMORY CONFIGURATION

         name            origin    length      used     unused   attr    fill
----------------------  --------  ---------  --------  --------  ----  --------
  R5F_VECS              00000000   00000040  00000040  00000000  RWIX
  R5F_TCMA              00000040   00007fc0  00000000  00007fc0  RWIX
  R5F_TCMB              00080000   00008000  00000000  00008000  RWIX
  MAILBOX_HSM           44000000   000003ce  00000000  000003ce  RWIX
  MAILBOX_R5F           44000400   000003ce  00000000  000003ce  RWIX
  FLASH                 60180000   00080000  00000000  00080000  RWIX
  OCRAM                 70180000   00080000  0001a8c0  00065740  RWIX
  USER_SHM_MEM          70200000   00008000  00004d4c  000032b4  RWIX
  LOG_SHM_MEM           70208000   00004000  00002000  00002000  RWIX
  RTOS_NORTOS_IPC_SHM_M 72000000   00003e80  00000000  00003e80  RWIX


SEGMENT ALLOCATION MAP

run origin  load origin   length   init length attrs members
----------  ----------- ---------- ----------- ----- -------
00000000    00000000    00000040   00000040    r-x
  00000000    00000000    00000040   00000040    r-x .vectors
70180000    70180000    00011080   00011080    r-x
  70180000    70180000    0000ebe0   0000ebe0    r-x .text
  7018ebe0    7018ebe0    000024a0   000024a0    r-- .rodata
70191080    70191080    000066c0   00000000    rw-
  70191080    70191080    000026c0   00000000    rw- .bss
  70193740    70193740    00004000   00000000    rw- .stack
70197740    70197740    00001878   00001878    r-x
  70197740    70197740    00000e50   00000e50    r-x .text.hwi
  70198590    70198590    000004a0   000004a0    r-x .text.cache
  70198a30    70198a30    000003c0   000003c0    r-x .text.mpu
  70198df0    70198df0    000001c0   000001c0    r-x .text.boot
  70198fb0    70198fb0    00000008   00000008    r-x .text:abort
70198fb8    70198fb8    00001908   00000508    rw-
  70198fb8    70198fb8    00000508   00000508    rw- .data
  701994c0    701994c0    00000100   00000000    rw- .irqstack
  701995c0    701995c0    00000100   00000000    rw- .fiqstack
  701996c0    701996c0    00001000   00000000    rw- .svcstack
  7019a6c0    7019a6c0    00000100   00000000    rw- .abortstack
  7019a7c0    7019a7c0    00000100   00000000    rw- .undefinedstack


SECTION ALLOCATION MAP

 output                                  attributes/
section   page    origin      length       input sections
--------  ----  ----------  ----------   ----------------
.vectors   0    00000000    00000040     
                  00000000    00000040     nortos.am263px.r5f.ti-arm-clang.debug.lib : HwiP_armv7r_vectors_nortos_asm.obj (.vectors)

.text      0    70180000    0000ebe0     
                  70180000    00000a34     nortos.am263px.r5f.ti-arm-clang.debug.lib : printf.obj (.text._vsnprintf)
                  70180a34    0000000c     libclang_rt.builtins.a : aeabi_memset.S.obj (.text.__aeabi_memclr)
                  70180a40    00000678     drivers.am263px.r5f.ti-arm-clang.nortos.debug.lib : soc_rcm.obj (.text.SOC_rcmGetClkSrcAndDivReg)
                  701810b8    00000008     libsysbm.a : hostexit.c.obj (.text.HOSTexit)
                  701810c0    00000638     drivers.am263px.r5f.ti-arm-clang.nortos.debug.lib : soc_rcm.obj (.text.SOC_rcmEnablePeripheralClock)
                  701816f8    00000004     libclang_rt.builtins.a : aeabi_div0.c.obj (.text.__aeabi_ldiv0)
                  701816fc    00000004                            : aeabi_memcpy.S.obj (.text.__aeabi_memcpy)
                  70181700    000005e2     nortos.am263px.r5f.ti-arm-clang.debug.lib : printf.obj (.text._ftoa)
                  70181ce2    00000002     --HOLE-- [fill = 0]
                  70181ce4    0000000c                                               : CpuId_armv7r_asm.obj (.text)
                  70181cf0    000004fc     main.o (.text.transmit_can_frames)
                  701821ec    00000004     libclang_rt.builtins.a : aeabi_memmove.S.obj (.text.__aeabi_memmove)
                  701821f0    000004b0     nortos.am263px.r5f.ti-arm-clang.debug.lib : printf.obj (.text._etoa)
                  701826a0    00000402     yis320_protocol.o (.text.vtable_process_rx_data)
                  70182aa2    0000000e     --HOLE-- [fill = 0]
                  70182ab0    00000400     drivers.am263px.r5f.ti-arm-clang.nortos.debug.lib : uart_v0.obj (.text.UART_open)
                  70182eb0    000003dc                                                       : ipc_notify_v1.obj (.text.IpcNotify_init)
                  7018328c    00000004     --HOLE-- [fill = 0]
                  70183290    000003ca     main.o (.text.main_loop)
                  7018365a    00000006     --HOLE-- [fill = 0]
                  70183660    000003ac     main.o (.text.core1_init)
                  70183a0c    00000004     --HOLE-- [fill = 0]
                  70183a10    0000030c     can_interface.o (.text.init_single_mcan)
                  70183d1c    00000004     --HOLE-- [fill = 0]
                  70183d20    00000302     drivers.am263px.r5f.ti-arm-clang.nortos.debug.lib : soc.obj (.text.SOC_virtToPhy)
                  70184022    0000000e     --HOLE-- [fill = 0]
                  70184030    000002f4     motor_mapping.o (.text.motor_mapping_init_core1)
                  70184324    0000000c     --HOLE-- [fill = 0]
                  70184330    000002a8     drivers.am263px.r5f.ti-arm-clang.nortos.debug.lib : mcan.obj (.text.MCAN_msgRAMConfig)
                  701845d8    00000008     --HOLE-- [fill = 0]
                  701845e0    0000027e                                                       : uart_dma_edma.obj (.text.UART_edmaChInit)
                  7018485e    00000002     --HOLE-- [fill = 0]
                  70184860    00000250                                                       : edma.obj (.text.Alloc_resource)
                  70184ab0    00000242                                                       : uart_v0_lld.obj (.text.UART_fifoConfig)
                  70184cf2    0000000e     --HOLE-- [fill = 0]
                  70184d00    0000023e     nortos.am263px.r5f.ti-arm-clang.debug.lib : printf.obj (.text._ntoa_format)
                  70184f3e    00000002     --HOLE-- [fill = 0]
                  70184f40    00000226     drivers.am263px.r5f.ti-arm-clang.nortos.debug.lib : uart_dma_edma.obj (.text.UART_lld_dmaDeInit)
                  70185166    0000000a     --HOLE-- [fill = 0]
                  70185170    00000222                                                       : ipc_notify_v1.obj (.text.IpcNotify_isr)
                  70185392    0000000e     --HOLE-- [fill = 0]
                  701853a0    00000220     can_interface.o (.text.CAN_TransmitBatch)
                  701855c0    000001d6     nortos.am263px.r5f.ti-arm-clang.debug.lib : TimerP_rti_priv.obj (.text.TimerP_setupPriv)
                  70185796    0000000a     --HOLE-- [fill = 0]
                  701857a0    000001aa     drivers.am263px.r5f.ti-arm-clang.nortos.debug.lib : uart_dma_edma.obj (.text.UART_lld_dmaWrite)
                  7018594a    00000006     --HOLE-- [fill = 0]
                  70185950    000001aa     can_interface.o (.text.can_rx_isr)
                  70185afa    00000006     --HOLE-- [fill = 0]
                  70185b00    000001a8     drivers.am263px.r5f.ti-arm-clang.nortos.debug.lib : uart_v0.obj (.text.UART_close)
                  70185ca8    00000008     --HOLE-- [fill = 0]
                  70185cb0    000001a4     main.o (.text.process_can_rx)
                  70185e54    0000000c     --HOLE-- [fill = 0]
                  70185e60    00000198     drivers.am263px.r5f.ti-arm-clang.nortos.debug.lib : uart_v0_lld.obj (.text.UART_lld_controllerIsr)
                  70185ff8    00000008     --HOLE-- [fill = 0]
                  70186000    00000188     can_interface.o (.text.CAN_StartRxInterrupts)
                  70186188    00000008     --HOLE-- [fill = 0]
                  70186190    00000186     drivers.am263px.r5f.ti-arm-clang.nortos.debug.lib : mcan.obj (.text.MCAN_readMsg)
                  70186316    0000000a     --HOLE-- [fill = 0]
                  70186320    00000184                                                       : mcan.obj (.text.MCAN_calcMsgRamParamsStartAddr)
                  701864a4    0000000c     --HOLE-- [fill = 0]
                  701864b0    00000162                                                       : edma.obj (.text.EDMA_unregisterIntr)
                  70186612    0000000e     --HOLE-- [fill = 0]
                  70186620    00000158                                                       : soc.obj (.text.SOC_controlModuleUnlockMMR)
                  70186778    00000008     --HOLE-- [fill = 0]
                  70186780    00000152                                                       : uart_v0_lld.obj (.text.UART_lld_initDma)
                  701868d2    0000000e     --HOLE-- [fill = 0]
                  701868e0    00000150     nortos.am263px.r5f.ti-arm-clang.debug.lib : DebugP_shmLogWriter.obj (.text.DebugP_shmLogWriterPutChar)
                  70186a30    00000150     drivers.am263px.r5f.ti-arm-clang.nortos.debug.lib : mcan.obj (.text.MCAN_writeMsg)
                  70186b80    0000014e     yis320_protocol.o (.text.parse_imu_frame)
                  70186cce    00000002     --HOLE-- [fill = 0]
                  70186cd0    0000014c     drivers.am263px.r5f.ti-arm-clang.nortos.debug.lib : mcan.obj (.text.MCAN_setBitTime)
                  70186e1c    00000004     --HOLE-- [fill = 0]
                  70186e20    00000142     imu_interface_isr.o (.text.imu_uart_isr_init)
                  70186f62    0000000e     --HOLE-- [fill = 0]
                  70186f70    00000140     can_interface.o (.text.CAN_Init)
                  701870b0    0000013a     drivers.am263px.r5f.ti-arm-clang.nortos.debug.lib : edma.obj (.text.EDMA_isDmaChannelAllocated)
                  701871ea    00000006     --HOLE-- [fill = 0]
                  701871f0    00000138                                                       : mcan.obj (.text.MCAN_readMsgRam)
                  70187328    00000008     --HOLE-- [fill = 0]
                  70187330    00000138     nortos.am263px.r5f.ti-arm-clang.debug.lib : printf.obj (.text._ntoa_long_long)
                  70187468    00000008     --HOLE-- [fill = 0]
                  70187470    00000136                                               : ClockP_nortos_r5.obj (.text.ClockP_init)
                  701875a6    0000000a     --HOLE-- [fill = 0]
                  701875b0    00000136     drivers.am263px.r5f.ti-arm-clang.nortos.debug.lib : uart_v0_lld.obj (.text.UART_procLineStatusErr)
                  701876e6    0000000a     --HOLE-- [fill = 0]
                  701876f0    00000134                                                       : edma.obj (.text.EDMA_registerIntr)
                  70187824    0000000c     --HOLE-- [fill = 0]
                  70187830    00000134                                                       : mcan.obj (.text.MCAN_init)
                  70187964    0000000c     --HOLE-- [fill = 0]
                  70187970    0000012c                                                       : uart_v0_lld.obj (.text.UART_lld_init)
                  70187a9c    00000004     --HOLE-- [fill = 0]
                  70187aa0    0000012a                                                       : mcan.obj (.text.MCAN_config)
                  70187bca    00000006     --HOLE-- [fill = 0]
                  70187bd0    00000126                                                       : soc.obj (.text.SOC_controlModuleLockMMR)
                  70187cf6    0000000a     --HOLE-- [fill = 0]
                  70187d00    00000120                                                       : soc_rcm.obj (.text.SOC_rcmGetPeripheralClockFrequency)
                  70187e20    00000120     can_interface.o (.text.init_can_stb_gpios)
                  70187f40    0000011c     nortos.am263px.r5f.ti-arm-clang.debug.lib : DebugP_shmLogWriter.obj (.text.DebugP_shmLogWriterPutLine)
                  7018805c    00000004     --HOLE-- [fill = 0]
                  70188060    0000011c     drivers.am263px.r5f.ti-arm-clang.nortos.debug.lib : uart_dma_edma.obj (.text.UART_lld_dmaRead)
                  7018817c    00000118     libclang_rt.builtins.a : udivmoddi4.S.obj (.text)
                  70188294    0000000c     --HOLE-- [fill = 0]
                  701882a0    00000116     drivers.am263px.r5f.ti-arm-clang.nortos.debug.lib : edma.obj (.text.EDMA_isTccAllocated)
                  701883b6    0000000a     --HOLE-- [fill = 0]
                  701883c0    00000116                                                       : uart_v0_lld.obj (.text.UART_divisorLatchWrite)
                  701884d6    0000000a     --HOLE-- [fill = 0]
                  701884e0    00000114     nortos.am263px.r5f.ti-arm-clang.debug.lib : printf.obj (.text._ntoa_long)
                  701885f4    0000000c     --HOLE-- [fill = 0]
                  70188600    0000010e     drivers.am263px.r5f.ti-arm-clang.nortos.debug.lib : soc_rcm.obj (.text.SOC_rcmADPLLJGetFOut)
                  7018870e    00000002     --HOLE-- [fill = 0]
                  70188710    0000010a                                                       : ipc_notify_v1.obj (.text.IpcNotify_sendMsg)
                  7018881a    00000006     --HOLE-- [fill = 0]
                  70188820    00000104                                                       : uart_v0_lld.obj (.text.UART_configInstance)
                  70188924    0000000c     --HOLE-- [fill = 0]
                  70188930    00000102     ti_drivers_config.o (.text.GPIO_init)
                  70188a32    0000000e     --HOLE-- [fill = 0]
                  70188a40    00000102     nortos.am263px.r5f.ti-arm-clang.debug.lib : SemaphoreP_nortos.obj (.text.SemaphoreP_pend)
                  70188b42    0000000e     --HOLE-- [fill = 0]
                  70188b50    00000102     gateway_shared.o (.text.gateway_ringbuf_read)
                  70188c52    0000000e     --HOLE-- [fill = 0]
                  70188c60    000000ee     main.o (.text.process_motor_commands)
                  70188d4e    00000002     --HOLE-- [fill = 0]
                  70188d50    000000ec     gateway_shared.o (.text.gateway_write_motor_config)
                  70188e3c    00000004     --HOLE-- [fill = 0]
                  70188e40    000000e6     drivers.am263px.r5f.ti-arm-clang.nortos.debug.lib : soc_rcm.obj (.text.SOC_rcmGetCoreFout)
                  70188f26    0000000a     --HOLE-- [fill = 0]
                  70188f30    000000e6                                                       : soc_rcm.obj (.text.SOC_rcmGetPerFout)
                  70189016    0000000a     --HOLE-- [fill = 0]
                  70189020    000000e4                                                       : edma.obj (.text.EDMA_freeChannelRegion)
                  70189104    0000000c     --HOLE-- [fill = 0]
                  70189110    000000e2                                                       : edma.obj (.text.EDMA_freeParam)
                  701891f2    0000000e     --HOLE-- [fill = 0]
                  70189200    000000e0                                                       : edma.obj (.text.EDMA_freeDmaChannel)
                  701892e0    000000e0                                                       : edma.obj (.text.EDMA_freeTcc)
                  701893c0    000000de                                                       : uart_v0_lld.obj (.text.UART_intrEnable)
                  7018949e    00000002     --HOLE-- [fill = 0]
                  701894a0    000000da                                                       : uart_v0_lld.obj (.text.UART_intrDisable)
                  7018957a    00000006     --HOLE-- [fill = 0]
                  70189580    000000d0     nortos.am263px.r5f.ti-arm-clang.debug.lib : AddrTranslateP_32bit.obj (.text.AddrTranslateP_getLocalAddr)
                  70189650    000000ce     drivers.am263px.r5f.ti-arm-clang.nortos.debug.lib : edma.obj (.text.EDMA_disableChInShadowRegRegion)
                  7018971e    00000002     --HOLE-- [fill = 0]
                  70189720    000000cc                                                       : edma.obj (.text.EDMA_enableChInShadowRegRegion)
                  701897ec    00000004     --HOLE-- [fill = 0]
                  701897f0    000000c4                                                       : edma.obj (.text.EDMA_mapChToEvtQ)
                  701898b4    0000000c     --HOLE-- [fill = 0]
                  701898c0    000000c0                                                       : edma.obj (.text.EDMA_configureChannelRegion)
                  70189980    000000c0                                                       : soc_rcm.obj (.text.SOC_rcmGetPerHSDivOut)
                  70189a40    000000c0                                                       : uart_v0.obj (.text.UART_flushTxFifo)
                  70189b00    000000c0     nortos.am263px.r5f.ti-arm-clang.debug.lib : printf.obj (.text._out_rev)
                  70189bc0    000000be                                               : ClockP_nortos.obj (.text.ClockP_timerTickIsr)
                  70189c7e    00000002     --HOLE-- [fill = 0]
                  70189c80    000000be     ti_dpl_config.o (.text.TimerP_init)
                  70189d3e    00000002     --HOLE-- [fill = 0]
                  70189d40    000000ba     nortos.am263px.r5f.ti-arm-clang.debug.lib : ClockP_nortos.obj (.text.ClockP_stop)
                  70189dfa    00000006     --HOLE-- [fill = 0]
                  70189e00    000000ba     drivers.am263px.r5f.ti-arm-clang.nortos.debug.lib : ipc_notify_v1.obj (.text.IpcNotify_waitSync)
                  70189eba    00000006     --HOLE-- [fill = 0]
                  70189ec0    000000ba     gateway_shared.o (.text.gateway_write_motor_states)
                  70189f7a    00000006     --HOLE-- [fill = 0]
                  70189f80    000000ba     nortos.am263px.r5f.ti-arm-clang.debug.lib : PmuP_armv7r.obj (.text.pmu)
                  7018a03a    00000006     --HOLE-- [fill = 0]
                  7018a040    000000b0     drivers.am263px.r5f.ti-arm-clang.nortos.debug.lib : mcan.obj (.text.MCAN_writeMsgRam)
                  7018a0f0    000000b0                                                       : soc_rcm.obj (.text.SOC_rcmSetPeripheralClock)
                  7018a1a0    000000b0                                                       : uart_v0.obj (.text.UART_init)
                  7018a250    000000b0     imu_interface_isr.o (.text.imu_uart_isr)
                  7018a300    000000ae     drivers.am263px.r5f.ti-arm-clang.nortos.debug.lib : mcan.obj (.text.MCAN_getOffsetAddr)
                  7018a3ae    00000002     --HOLE-- [fill = 0]
                  7018a3b0    000000ac     gateway_shared.o (.text.gateway_core1_wait_for_ready)
                  7018a45c    00000004     --HOLE-- [fill = 0]
                  7018a460    000000a8     nortos.am263px.r5f.ti-arm-clang.debug.lib : ClockP_nortos.obj (.text.ClockP_addToList)
                  7018a508    00000008     --HOLE-- [fill = 0]
                  7018a510    000000a8                                               : ClockP_nortos.obj (.text.ClockP_destruct)
                  7018a5b8    00000008     --HOLE-- [fill = 0]
                  7018a5c0    000000a8     ti_drivers_open_close.o (.text.Drivers_uartOpen)
                  7018a668    00000008     --HOLE-- [fill = 0]
                  7018a670    000000a0     drivers.am263px.r5f.ti-arm-clang.nortos.debug.lib : soc_rcm.obj (.text.SOC_rcmGetCoreHSDivOut)
                  7018a710    0000009e     gateway_shared.o (.text.gateway_core1_ipc_callback)
                  7018a7ae    00000002     --HOLE-- [fill = 0]
                  7018a7b0    0000009e     main.o (.text.ipc_notify_callback_fxn)
                  7018a84e    00000002     --HOLE-- [fill = 0]
                  7018a850    0000009e     yis320_protocol.o (.text.validate_checksum)
                  7018a8ee    00000002     --HOLE-- [fill = 0]
                  7018a8f0    0000009a     imu_interface_isr.o (.text.imu_uart_read)
                  7018a98a    00000006     --HOLE-- [fill = 0]
                  7018a990    00000098     drivers.am263px.r5f.ti-arm-clang.nortos.debug.lib : ipc_notify_v1.obj (.text.IpcNotify_registerClient)
                  7018aa28    00000008     --HOLE-- [fill = 0]
                  7018aa30    00000096                                                       : uart_v0_lld.obj (.text.UART_subConfigTCRTLRModeEn)
                  7018aac6    0000000a     --HOLE-- [fill = 0]
                  7018aad0    00000092     nortos.am263px.r5f.ti-arm-clang.debug.lib : ClockP_nortos.obj (.text.ClockP_getTimeUsec)
                  7018ab62    0000000e     --HOLE-- [fill = 0]
                  7018ab70    00000092     drivers.am263px.r5f.ti-arm-clang.nortos.debug.lib : edma.obj (.text.EDMA_unmapChToEvtQ)
                  7018ac02    0000000e     --HOLE-- [fill = 0]
                  7018ac10    00000092     motor_mapping.o (.text.float_to_uint)
                  7018aca2    0000000e     --HOLE-- [fill = 0]
                  7018acb0    00000092     yis320_protocol.o (.text.yis320_convert_to_ipc)
                  7018ad42    0000000e     --HOLE-- [fill = 0]
                  7018ad50    0000008c     drivers.am263px.r5f.ti-arm-clang.nortos.debug.lib : edma.obj (.text.EDMA_disableTransferRegion)
                  7018addc    00000004     --HOLE-- [fill = 0]
                  7018ade0    0000008c                                                       : edma.obj (.text.EDMA_enableTransferRegion)
                  7018ae6c    00000004     --HOLE-- [fill = 0]
                  7018ae70    00000088                                                       : uart_dma_edma.obj (.text.UART_edmaIsrRx)
                  7018aef8    00000008     --HOLE-- [fill = 0]
                  7018af00    00000088                                                       : uart_dma_edma.obj (.text.UART_edmaIsrTx)
                  7018af88    00000008     --HOLE-- [fill = 0]
                  7018af90    00000086                                                       : uart_v0_lld.obj (.text.UART_lld_flushTxFifo)
                  7018b016    0000000a     --HOLE-- [fill = 0]
                  7018b020    00000086                                                       : uart_v0_lld.obj (.text.UART_tcrTlrBitValRestore)
                  7018b0a6    0000000a     --HOLE-- [fill = 0]
                  7018b0b0    00000082                                                       : edma.obj (.text.EDMA_allocDmaChannel)
                  7018b132    0000000e     --HOLE-- [fill = 0]
                  7018b140    00000082                                                       : edma.obj (.text.EDMA_allocParam)
                  7018b1c2    0000000e     --HOLE-- [fill = 0]
                  7018b1d0    00000082                                                       : edma.obj (.text.EDMA_allocTcc)
                  7018b252    0000000e     --HOLE-- [fill = 0]
                  7018b260    00000082                                                       : edma.obj (.text.EDMA_disableTccInShadowRegRegion)
                  7018b2e2    0000000e     --HOLE-- [fill = 0]
                  7018b2f0    00000082                                                       : edma.obj (.text.EDMA_enableTccInShadowRegRegion)
                  7018b372    0000000e     --HOLE-- [fill = 0]
                  7018b380    00000082                                                       : ipc_notify_v1.obj (.text.IpcNotify_syncAll)
                  7018b402    0000000e     --HOLE-- [fill = 0]
                  7018b410    00000082     imu_protocol_handler.o (.text.imu_protocol_manager_init)
                  7018b492    0000000e     --HOLE-- [fill = 0]
                  7018b4a0    00000080     drivers.am263px.r5f.ti-arm-clang.nortos.debug.lib : mcan.obj (.text.MCAN_addStdMsgIDFilter)
                  7018b520    00000080                                                       : uart_v0_lld.obj (.text.UART_moduleReset)
                  7018b5a0    0000007e     ti_drivers_config.o (.text.System_init)
                  7018b61e    00000002     --HOLE-- [fill = 0]
                  7018b620    0000007e     drivers.am263px.r5f.ti-arm-clang.nortos.debug.lib : uart_v0_lld.obj (.text.UART_readData)
                  7018b69e    00000002     --HOLE-- [fill = 0]
                  7018b6a0    0000007c     nortos.am263px.r5f.ti-arm-clang.debug.lib : DebugP_log.obj (.text._DebugP_assert)
                  7018b71c    00000004     --HOLE-- [fill = 0]
                  7018b720    0000007c     gateway_shared.o (.text.gateway_ringbuf_core1_init)
                  7018b79c    00000004     --HOLE-- [fill = 0]
                  7018b7a0    0000007a     drivers.am263px.r5f.ti-arm-clang.nortos.debug.lib : ipc_notify_v1.obj (.text.IpcNotify_mailboxWrite)
                  7018b81a    00000006     --HOLE-- [fill = 0]
                  7018b820    0000007a                                                       : uart_v0.obj (.text.UART_Params_init)
                  7018b89a    00000006     --HOLE-- [fill = 0]
                  7018b8a0    00000078                                                       : edma.obj (.text.EDMA_linkChannel)
                  7018b918    00000008     --HOLE-- [fill = 0]
                  7018b920    00000074                                                       : uart_v0_lld.obj (.text.UART_IsBaseAddrValid)
                  7018b994    0000000c     --HOLE-- [fill = 0]
                  7018b9a0    00000072     nortos.am263px.r5f.ti-arm-clang.debug.lib : ClockP_nortos.obj (.text.ClockP_usleep)
                  7018ba12    0000000e     --HOLE-- [fill = 0]
                  7018ba20    00000072     drivers.am263px.r5f.ti-arm-clang.nortos.debug.lib : edma.obj (.text.EDMA_clrMissEvtRegion)
                  7018ba92    0000000e     --HOLE-- [fill = 0]
                  7018baa0    00000072                                                       : ipc_notify_v1.obj (.text.IpcNotify_makeMsg)
                  7018bb12    0000000e     --HOLE-- [fill = 0]
                  7018bb20    0000006e     yis320_protocol.o (.text.find_frame_header_limited)
                  7018bb8e    00000002     --HOLE-- [fill = 0]
                  7018bb90    0000006a     drivers.am263px.r5f.ti-arm-clang.nortos.debug.lib : ipc_notify_v1.obj (.text.IpcNotify_mailboxReadSwQ)
                  7018bbfa    00000006     --HOLE-- [fill = 0]
                  7018bc00    00000068                                                       : edma.obj (.text.EDMA_getBaseAddr)
                  7018bc68    00000008     --HOLE-- [fill = 0]
                  7018bc70    00000068                                                       : uart_v0_lld.obj (.text.UART_divisorValCompute)
                  7018bcd8    00000008     --HOLE-- [fill = 0]
                  7018bce0    00000068     imu_protocol_handler.o (.text.imu_protocol_get_state)
                  7018bd48    00000008     --HOLE-- [fill = 0]
                  7018bd50    00000064     drivers.am263px.r5f.ti-arm-clang.nortos.debug.lib : soc_rcm.obj (.text.SOC_rcmGetR5Clock)
                  7018bdb4    0000000c     --HOLE-- [fill = 0]
                  7018bdc0    00000064                                                       : soc_rcm.obj (.text.SOC_rcmIsR5FInLockStepMode)
                  7018be24    0000000c     --HOLE-- [fill = 0]
                  7018be30    00000064                                                       : uart_v0_lld.obj (.text.UART_fifoRegisterWrite)
                  7018be94    0000000c     --HOLE-- [fill = 0]
                  7018bea0    00000064                                                       : uart_v0_lld.obj (.text.UART_lld_deInitDma)
                  7018bf04    0000000c     --HOLE-- [fill = 0]
                  7018bf10    00000064     imu_protocol_handler.o (.text.imu_protocol_process_uart_rx)
                  7018bf74    0000000c     --HOLE-- [fill = 0]
                  7018bf80    00000062     drivers.am263px.r5f.ti-arm-clang.nortos.debug.lib : mcan.obj (.text.MCAN_enableIntr)
                  7018bfe2    0000000e     --HOLE-- [fill = 0]
                  7018bff0    00000062                                                       : mcan.obj (.text.MCAN_initTxBufElement)
                  7018c052    0000000e     --HOLE-- [fill = 0]
                  7018c060    00000062                                                       : soc_rcm.obj (.text.SOC_rcmInsert16)
                  7018c0c2    0000000e     --HOLE-- [fill = 0]
                  7018c0d0    00000062     nortos.am263px.r5f.ti-arm-clang.debug.lib : SemaphoreP_nortos.obj (.text.SemaphoreP_post)
                  7018c132    0000000e     --HOLE-- [fill = 0]
                  7018c140    00000060     drivers.am263px.r5f.ti-arm-clang.nortos.debug.lib : mcan.obj (.text.MCAN_selectIntrLine)
                  7018c1a0    00000060                                                       : uart_v0_lld.obj (.text.UART_getChar)
                  7018c200    00000060                                                       : uart_v0_lld.obj (.text.UART_writeData)
                  7018c260    0000005e     yis320_protocol.o (.text.yis320_protocol_handler_init)
                  7018c2be    00000002     --HOLE-- [fill = 0]
                  7018c2c0    0000005c     ti_power_clock_config.o (.text.Module_clockSetFrequency)
                  7018c31c    00000004     --HOLE-- [fill = 0]
                  7018c320    0000005c     drivers.am263px.r5f.ti-arm-clang.nortos.debug.lib : uart_v0_lld.obj (.text.UART_lld_deInit)
                  7018c37c    00000004     --HOLE-- [fill = 0]
                  7018c380    0000005a                                                       : uart_v0_lld.obj (.text.UART_regConfigModeEnable)
                  7018c3da    00000006     --HOLE-- [fill = 0]
                  7018c3e0    00000058                                                       : soc_rcm.obj (.text.SOC_rcmGetModuleClkDivVal)
                  7018c438    00000008     --HOLE-- [fill = 0]
                  7018c440    00000058     yis320_protocol.o (.text.parse_angular_velocity)
                  7018c498    00000008     --HOLE-- [fill = 0]
                  7018c4a0    00000058     yis320_protocol.o (.text.parse_euler_angles)
                  7018c4f8    00000008     --HOLE-- [fill = 0]
                  7018c500    00000056     drivers.am263px.r5f.ti-arm-clang.nortos.debug.lib : uart_v0.obj (.text.UART_lld_readCompleteCallback)
                  7018c556    0000000a     --HOLE-- [fill = 0]
                  7018c560    00000056                                                       : uart_v0.obj (.text.UART_lld_writeCompleteCallback)
                  7018c5b6    0000000a     --HOLE-- [fill = 0]
                  7018c5c0    00000056     gateway_shared.o (.text.gateway_write_imu_state)
                  7018c616    0000000a     --HOLE-- [fill = 0]
                  7018c620    00000056     motor_mapping.o (.text.uint16_to_float)
                  7018c676    0000000a     --HOLE-- [fill = 0]
                  7018c680    00000056     yis320_protocol.o (.text.vtable_initialize)
                  7018c6d6    0000000a     --HOLE-- [fill = 0]
                  7018c6e0    00000054     ti_dpl_config.o (.text.Dpl_init)
                  7018c734    0000000c     --HOLE-- [fill = 0]
                  7018c740    00000054     drivers.am263px.r5f.ti-arm-clang.nortos.debug.lib : edma.obj (.text.EDMA_setPaRAM)
                  7018c794    0000000c     --HOLE-- [fill = 0]
                  7018c7a0    00000054                                                       : uart_v0_lld.obj (.text.UART_OperModeValid)
                  7018c7f4    0000000c     --HOLE-- [fill = 0]
                  7018c800    00000054     main.o (.text.main)
                  7018c854    00000054     libc.a : autoinit.c.obj (.text:__TI_auto_init_nobinit_nopinit)
                  7018c8a8    00000008     --HOLE-- [fill = 0]
                  7018c8b0    00000050     ti_drivers_open_close.o (.text.Drivers_uartClose)
                  7018c900    00000050     drivers.am263px.r5f.ti-arm-clang.nortos.debug.lib : pinmux.obj (.text.Pinmux_config)
                  7018c950    00000050                                                       : uart_v0_lld.obj (.text.UART_checkCharsAvailInFifo)
                  7018c9a0    0000004e     nortos.am263px.r5f.ti-arm-clang.debug.lib : DebugP_shmLogWriter.obj (.text.DebugP_shmLogWriterInit)
                  7018c9ee    00000002     --HOLE-- [fill = 0]
                  7018c9f0    0000004e     drivers.am263px.r5f.ti-arm-clang.nortos.debug.lib : edma.obj (.text.EDMA_clrEvtRegion)
                  7018ca3e    00000002     --HOLE-- [fill = 0]
                  7018ca40    0000004e                                                       : edma.obj (.text.EDMA_disableDmaEvtRegion)
                  7018ca8e    00000002     --HOLE-- [fill = 0]
                  7018ca90    0000004e                                                       : edma.obj (.text.EDMA_disableEvtIntrRegion)
                  7018cade    00000002     --HOLE-- [fill = 0]
                  7018cae0    0000004e                                                       : edma.obj (.text.EDMA_enableDmaEvtRegion)
                  7018cb2e    00000002     --HOLE-- [fill = 0]
                  7018cb30    0000004e                                                       : edma.obj (.text.EDMA_enableEvtIntrRegion)
                  7018cb7e    00000002     --HOLE-- [fill = 0]
                  7018cb80    0000004e                                                       : edma.obj (.text.EDMA_setEvtRegion)
                  7018cbce    00000002     --HOLE-- [fill = 0]
                  7018cbd0    0000004e                                                       : gpio.obj (.text.GPIO_setDirMode)
                  7018cc1e    00000002     --HOLE-- [fill = 0]
                  7018cc20    0000004e                                                       : mcan.obj (.text.MCAN_enableIntrLine)
                  7018cc6e    00000002     --HOLE-- [fill = 0]
                  7018cc70    0000004c     nortos.am263px.r5f.ti-arm-clang.debug.lib : ClockP_nortos.obj (.text.ClockP_construct)
                  7018ccbc    00000004     --HOLE-- [fill = 0]
                  7018ccc0    0000004c     drivers.am263px.r5f.ti-arm-clang.nortos.debug.lib : edma.obj (.text.EDMA_ccPaRAMEntry_init)
                  7018cd0c    00000004     --HOLE-- [fill = 0]
                  7018cd10    0000004c                                                       : edma.obj (.text.EDMA_mapQdmaChToPaRAM)
                  7018cd5c    00000004     --HOLE-- [fill = 0]
                  7018cd60    0000004c                                                       : edma.obj (.text.EDMA_readEventStatusRegion)
                  7018cdac    00000004     --HOLE-- [fill = 0]
                  7018cdb0    0000004c                                                       : ipc_notify_v1.obj (.text.IpcNotify_unregisterClient)
                  7018cdfc    00000004     --HOLE-- [fill = 0]
                  7018ce00    0000004c     ti_power_clock_config.o (.text.Module_clockEnable)
                  7018ce4c    00000004     --HOLE-- [fill = 0]
                  7018ce50    0000004c     gateway_shared.o (.text.gateway_update_stat)
                  7018ce9c    0000004c     libc.a : memmov.c.obj (.text.memmove)
                  7018cee8    00000008     --HOLE-- [fill = 0]
                  7018cef0    0000004c     yis320_protocol.o (.text.parse_quaternion)
                  7018cf3c    00000004     --HOLE-- [fill = 0]
                  7018cf40    0000004c     main.o (.text.timerISR)
                  7018cf8c    00000004     --HOLE-- [fill = 0]
                  7018cf90    0000004a     drivers.am263px.r5f.ti-arm-clang.nortos.debug.lib : ipc_notify_v1.obj (.text.IpcNotify_Params_init)
                  7018cfda    00000006     --HOLE-- [fill = 0]
                  7018cfe0    0000004a                                                       : soc_rcm.obj (.text.SOC_rcmGetCR5SysclkInFrequency)
                  7018d02a    00000006     --HOLE-- [fill = 0]
                  7018d030    0000004a                                                       : uart_v0_lld.obj (.text.UART_getIntrIdentityStatus)
                  7018d07a    00000006     --HOLE-- [fill = 0]
                  7018d080    0000004a                                                       : uart_v0_lld.obj (.text.UART_lineCharConfig)
                  7018d0ca    00000006     --HOLE-- [fill = 0]
                  7018d0d0    0000004a     main.o (.text.motor_get_index)
                  7018d11a    00000006     --HOLE-- [fill = 0]
                  7018d120    00000048     can_interface.o (.text.CAN_RegisterRxCallback)
                  7018d168    00000008     --HOLE-- [fill = 0]
                  7018d170    00000048     drivers.am263px.r5f.ti-arm-clang.nortos.debug.lib : uart_v0_lld.obj (.text.UART_resetModule)
                  7018d1b8    00000008     --HOLE-- [fill = 0]
                  7018d1c0    00000046                                                       : uart_v0_lld.obj (.text.UART_i2310WA)
                  7018d206    0000000a     --HOLE-- [fill = 0]
                  7018d210    00000046                                                       : uart_v0_lld.obj (.text.UART_readLineStatus)
                  7018d256    0000000a     --HOLE-- [fill = 0]
                  7018d260    00000046     imu_protocol_handler.o (.text.imu_protocol_handler_init)
                  7018d2a6    0000000a     --HOLE-- [fill = 0]
                  7018d2b0    00000044     drivers.am263px.r5f.ti-arm-clang.nortos.debug.lib : ipc_notify_v1.obj (.text.IpcNotify_getWriteMailbox)
                  7018d2f4    0000000c     --HOLE-- [fill = 0]
                  7018d300    00000044                                                       : soc_rcm.obj (.text.SOC_rcmExtract8)
                  7018d344    0000000c     --HOLE-- [fill = 0]
                  7018d350    00000044                                                       : soc_rcm.obj (.text.SOC_rcmMake16)
                  7018d394    0000000c     --HOLE-- [fill = 0]
                  7018d3a0    00000044     nortos.am263px.r5f.ti-arm-clang.debug.lib : SemaphoreP_nortos.obj (.text.SemaphoreP_construct)
                  7018d3e4    0000000c     --HOLE-- [fill = 0]
                  7018d3f0    00000044                                               : DebugP_nortos.obj (.text._DebugP_logZone)
                  7018d434    0000000c     --HOLE-- [fill = 0]
                  7018d440    00000044                                               : printf.obj (.text._strnlen_s)
                  7018d484    0000000c     --HOLE-- [fill = 0]
                  7018d490    00000042                                               : ClockP_nortos.obj (.text.ClockP_start)
                  7018d4d2    0000000e     --HOLE-- [fill = 0]
                  7018d4e0    00000042     drivers.am263px.r5f.ti-arm-clang.nortos.debug.lib : uart_v0.obj (.text.UART_checkOpenParams)
                  7018d522    0000000e     --HOLE-- [fill = 0]
                  7018d530    00000040     imu_protocol_handler.o (.text.imu_protocol_update_state)
                  7018d570    0000003e     drivers.am263px.r5f.ti-arm-clang.nortos.debug.lib : pinmux.obj (.text.Pinmux_unlockMMR)
                  7018d5ae    00000002     --HOLE-- [fill = 0]
                  7018d5b0    0000003e                                                       : uart_v0_lld.obj (.text.UART_IsHWFlowCtrlValid)
                  7018d5ee    00000002     --HOLE-- [fill = 0]
                  7018d5f0    0000003e                                                       : uart_v0_lld.obj (.text.UART_spaceAvail)
                  7018d62e    00000002     --HOLE-- [fill = 0]
                  7018d630    0000003e     gateway_shared.o (.text.gateway_core1_init)
                  7018d66e    00000002     --HOLE-- [fill = 0]
                  7018d670    0000003e     gateway_shared.o (.text.gateway_update_heartbeat)
                  7018d6ae    00000002     --HOLE-- [fill = 0]
                  7018d6b0    0000003c     drivers.am263px.r5f.ti-arm-clang.nortos.debug.lib : uart_v0_lld.obj (.text.UART_IsParityTypeValid)
                  7018d6ec    00000004     --HOLE-- [fill = 0]
                  7018d6f0    0000003c                                                       : uart_v0_lld.obj (.text.UART_IsTxRxFifoEmpty)
                  7018d72c    00000004     --HOLE-- [fill = 0]
                  7018d730    0000003c                                                       : uart_v0_lld.obj (.text.UART_enhanFuncEnable)
                  7018d76c    00000004     --HOLE-- [fill = 0]
                  7018d770    0000003a                                                       : mcan.obj (.text.MCAN_txBufAddReq)
                  7018d7aa    00000006     --HOLE-- [fill = 0]
                  7018d7b0    0000003a                                                       : soc.obj (.text.SOC_moduleSetClockFrequency)
                  7018d7ea    00000006     --HOLE-- [fill = 0]
                  7018d7f0    0000003a     nortos.am263px.r5f.ti-arm-clang.debug.lib : printf.obj (.text._atoi)
                  7018d82a    00000006     --HOLE-- [fill = 0]
                  7018d830    0000003a     main.o (.text.init_1000hz_timer)
                  7018d86a    00000006     --HOLE-- [fill = 0]
                  7018d870    0000003a     nortos.am263px.r5f.ti-arm-clang.debug.lib : printf.obj (.text.snprintf_)
                  7018d8aa    00000006     --HOLE-- [fill = 0]
                  7018d8b0    00000038     drivers.am263px.r5f.ti-arm-clang.nortos.debug.lib : soc.obj (.text.SOC_getCoreName)
                  7018d8e8    00000038     nortos.am263px.r5f.ti-arm-clang.debug.lib : PmuP_armv7r_asm.obj (.text.pmu)
                  7018d920    00000038     yis320_protocol.o (.text.vtable_is_connected)
                  7018d958    00000008     --HOLE-- [fill = 0]
                  7018d960    00000036     drivers.am263px.r5f.ti-arm-clang.nortos.debug.lib : edma.obj (.text.EDMA_getRegionId)
                  7018d996    0000000a     --HOLE-- [fill = 0]
                  7018d9a0    00000036     can_interface.o (.text.GPIO_pinWriteLow)
                  7018d9d6    0000000a     --HOLE-- [fill = 0]
                  7018d9e0    00000036     ti_drivers_config.o (.text.GPIO_pinWriteLow)
                  7018da16    0000000a     --HOLE-- [fill = 0]
                  7018da20    00000036     drivers.am263px.r5f.ti-arm-clang.nortos.debug.lib : ipc_notify_v1.obj (.text.IpcNotify_syncCallback)
                  7018da56    0000000a     --HOLE-- [fill = 0]
                  7018da60    00000034                                                       : mcan.obj (.text.MCAN_SsAddr)
                  7018da94    0000000c     --HOLE-- [fill = 0]
                  7018daa0    00000034                                                       : mcan.obj (.text.MCAN_calcCfgAddr)
                  7018dad4    0000000c     --HOLE-- [fill = 0]
                  7018dae0    00000034                                                       : pinmux.obj (.text.Pinmux_lockMMR)
                  7018db14    0000000c     --HOLE-- [fill = 0]
                  7018db20    00000034     nortos.am263px.r5f.ti-arm-clang.debug.lib : TimerP_rti_priv.obj (.text.TimerP_Params_initPriv)
                  7018db54    0000000c     --HOLE-- [fill = 0]
                  7018db60    00000034     drivers.am263px.r5f.ti-arm-clang.nortos.debug.lib : uart_v0_lld.obj (.text.UART_IsDataLengthValid)
                  7018db94    0000000c     --HOLE-- [fill = 0]
                  7018dba0    00000034     motor_mapping.o (.text.motor_get_config)
                  7018dbd4    0000000c     --HOLE-- [fill = 0]
                  7018dbe0    00000032     drivers.am263px.r5f.ti-arm-clang.nortos.debug.lib : mcan.obj (.text.HW_WR_FIELD32_RAW)
                  7018dc12    0000000e     --HOLE-- [fill = 0]
                  7018dc20    00000032                                                       : uart_v0_lld.obj (.text.HW_WR_FIELD32_RAW)
                  7018dc52    0000000e     --HOLE-- [fill = 0]
                  7018dc60    00000032                                                       : ipc_notify_v1.obj (.text.IpcNotify_mailboxIsPendingIntr)
                  7018dc92    0000000e     --HOLE-- [fill = 0]
                  7018dca0    00000032     nortos.am263px.r5f.ti-arm-clang.debug.lib : TimerP_rti_priv.obj (.text.TimerP_getCountPriv)
                  7018dcd2    0000000e     --HOLE-- [fill = 0]
                  7018dce0    00000032     drivers.am263px.r5f.ti-arm-clang.nortos.debug.lib : uart_v0_lld.obj (.text.UART_enhanFuncBitValRestore)
                  7018dd12    0000000e     --HOLE-- [fill = 0]
                  7018dd20    00000032                                                       : uart_v0_lld.obj (.text.UART_hardwareFlowCtrlOptSet)
                  7018dd52    0000000e     --HOLE-- [fill = 0]
                  7018dd60    00000030                                                       : ipc_notify_v1.obj (.text.IpcNotify_getReadSwQ)
                  7018dd90    00000030                                                       : uart_v0_lld.obj (.text.UART_flowCtrlTrigLvlConfig)
                  7018ddc0    00000030     gateway_shared.o (.text.gateway_signal_motor_config_ready)
                  7018ddf0    0000002e     drivers.am263px.r5f.ti-arm-clang.nortos.debug.lib : uart_dma_edma.obj (.text.UART_lld_dmaInit)
                  7018de1e    00000002     --HOLE-- [fill = 0]
                  7018de20    0000002e     nortos.am263px.r5f.ti-arm-clang.debug.lib : printf.obj (.text._is_digit)
                  7018de4e    00000002     --HOLE-- [fill = 0]
                  7018de50    0000002c                                               : DebugP_log.obj (.text.DebugP_logZoneEnable)
                  7018de7c    00000004     --HOLE-- [fill = 0]
                  7018de80    0000002c     drivers.am263px.r5f.ti-arm-clang.nortos.debug.lib : ipc_notify_v1.obj (.text.IpcNotify_getReadMailbox)
                  7018deac    00000004     --HOLE-- [fill = 0]
                  7018deb0    0000002c                                                       : mcan.obj (.text.MCAN_clearNewDataStatus)
                  7018dedc    00000004     --HOLE-- [fill = 0]
                  7018dee0    0000002c                                                       : mcan.obj (.text.MCAN_getNewDataStatus)
                  7018df0c    00000004     --HOLE-- [fill = 0]
                  7018df10    0000002c     nortos.am263px.r5f.ti-arm-clang.debug.lib : SemaphoreP_nortos.obj (.text.SemaphoreP_constructBinary)
                  7018df3c    00000004     --HOLE-- [fill = 0]
                  7018df40    0000002c     yis320_protocol.o (.text.vtable_deinit)
                  7018df6c    00000004     --HOLE-- [fill = 0]
                  7018df70    0000002a     nortos.am263px.r5f.ti-arm-clang.debug.lib : ClockP_nortos.obj (.text.ClockP_sleepTicks)
                  7018df9a    00000006     --HOLE-- [fill = 0]
                  7018dfa0    0000002a     drivers.am263px.r5f.ti-arm-clang.nortos.debug.lib : uart_v0_lld.obj (.text.UART_intr2Disable)
                  7018dfca    00000006     --HOLE-- [fill = 0]
                  7018dfd0    0000002a                                                       : uart_v0_lld.obj (.text.UART_operatingModeSelect)
                  7018dffa    00000006     --HOLE-- [fill = 0]
                  7018e000    0000002a     imu_protocol_handler.o (.text.imu_process_rx_data)
                  7018e02a    00000006     --HOLE-- [fill = 0]
                  7018e030    00000028     nortos.am263px.r5f.ti-arm-clang.debug.lib : CpuId_armv7r.obj (.text.CSL_armR5GetCpuID)
                  7018e058    00000008     --HOLE-- [fill = 0]
                  7018e060    00000028                                               : printf.obj (.text.vprintf_)
                  7018e088    00000008     --HOLE-- [fill = 0]
                  7018e090    00000026     drivers.am263px.r5f.ti-arm-clang.nortos.debug.lib : edma.obj (.text.EDMA_disableQdmaEvtRegion)
                  7018e0b6    0000000a     --HOLE-- [fill = 0]
                  7018e0c0    00000026                                                       : edma.obj (.text.EDMA_enableQdmaEvtRegion)
                  7018e0e6    0000000a     --HOLE-- [fill = 0]
                  7018e0f0    00000026                                                       : edma.obj (.text.EDMA_validateIntrObject)
                  7018e116    0000000a     --HOLE-- [fill = 0]
                  7018e120    00000026     ti_drivers_config.o (.text.IpcNotify_allocSwQueue)
                  7018e146    0000000a     --HOLE-- [fill = 0]
                  7018e150    00000026     nortos.am263px.r5f.ti-arm-clang.debug.lib : printf.obj (.text._out_buffer)
                  7018e176    0000000a     --HOLE-- [fill = 0]
                  7018e180    00000024     ti_drivers_config.o (.text.IpcNotify_getConfig)
                  7018e1a4    0000000c     --HOLE-- [fill = 0]
                  7018e1b0    00000024     nortos.am263px.r5f.ti-arm-clang.debug.lib : SemaphoreP_nortos.obj (.text.SemaphoreP_constructMutex)
                  7018e1d4    0000000c     --HOLE-- [fill = 0]
                  7018e1e0    00000024     drivers.am263px.r5f.ti-arm-clang.nortos.debug.lib : uart_v0_lld.obj (.text.UART_IsRxTrigLvlValid)
                  7018e204    0000000c     --HOLE-- [fill = 0]
                  7018e210    00000024                                                       : uart_v0_lld.obj (.text.UART_IsStopBitsValid)
                  7018e234    0000000c     --HOLE-- [fill = 0]
                  7018e240    00000024                                                       : uart_v0_lld.obj (.text.UART_IsTxTrigLvlValid)
                  7018e264    0000000c     --HOLE-- [fill = 0]
                  7018e270    00000024                                                       : uart_v0.obj (.text.UART_getBaseAddr)
                  7018e294    00000024     libclang_rt.builtins.a : aeabi_uldivmod.S.obj (.text.__aeabi_uldivmod)
                  7018e2b8    00000008     --HOLE-- [fill = 0]
                  7018e2c0    00000024     nortos.am263px.r5f.ti-arm-clang.debug.lib : printf.obj (.text._out_char)
                  7018e2e4    0000000c     --HOLE-- [fill = 0]
                  7018e2f0    00000022     drivers.am263px.r5f.ti-arm-clang.nortos.debug.lib : edma.obj (.text.EDMA_channelToParamMap)
                  7018e312    0000000e     --HOLE-- [fill = 0]
                  7018e320    00000022     gateway_shared.o (.text.gateway_ringbuf_core1_receive)
                  7018e342    0000000e     --HOLE-- [fill = 0]
                  7018e350    00000020     nortos.am263px.r5f.ti-arm-clang.debug.lib : ClockP_nortos.obj (.text.ClockP_isActive)
                  7018e370    00000020                                               : ClockP_nortos.obj (.text.ClockP_usecToTicks)
                  7018e390    00000020     drivers.am263px.r5f.ti-arm-clang.nortos.debug.lib : mcan.obj (.text.HW_RD_FIELD32_RAW)
                  7018e3b0    00000020                                                       : uart_v0_lld.obj (.text.HW_RD_FIELD32_RAW)
                  7018e3d0    0000001e     nortos.am263px.r5f.ti-arm-clang.debug.lib : ClockP_nortos.obj (.text.ClockP_Params_init)
                  7018e3ee    00000002     --HOLE-- [fill = 0]
                  7018e3f0    0000001e     drivers.am263px.r5f.ti-arm-clang.nortos.debug.lib : edma.obj (.text.EDMA_getEventStatusHigh)
                  7018e40e    00000002     --HOLE-- [fill = 0]
                  7018e410    0000001e                                                       : mcan.obj (.text.MCAN_setOpMode)
                  7018e42e    00000002     --HOLE-- [fill = 0]
                  7018e430    0000001e                                                       : soc.obj (.text.SOC_getSelfCpuClk)
                  7018e44e    00000002     --HOLE-- [fill = 0]
                  7018e450    0000001e                                                       : soc.obj (.text.SOC_moduleClockEnable)
                  7018e46e    00000002     --HOLE-- [fill = 0]
                  7018e470    0000001e     ti_dpl_config.o (.text.TimerP_isr0)
                  7018e48e    00000002     --HOLE-- [fill = 0]
                  7018e490    0000001e     drivers.am263px.r5f.ti-arm-clang.nortos.debug.lib : uart_v0_lld.obj (.text.UART_breakCtl)
                  7018e4ae    00000002     --HOLE-- [fill = 0]
                  7018e4b0    0000001e                                                       : uart_v0_lld.obj (.text.UART_lld_Transaction_deInit)
                  7018e4ce    00000002     --HOLE-- [fill = 0]
                  7018e4d0    0000001c                                                       : edma.obj (.text.EDMA_getEventStatus)
                  7018e4ec    00000004     --HOLE-- [fill = 0]
                  7018e4f0    0000001c                                                       : mcan.obj (.text.MCAN_writeProtectedRegAccessLock)
                  7018e50c    00000004     --HOLE-- [fill = 0]
                  7018e510    0000001c                                                       : mcan.obj (.text.MCAN_writeProtectedRegAccessUnlock)
                  7018e52c    00000004     --HOLE-- [fill = 0]
                  7018e530    0000001c                                                       : uart_v0_lld.obj (.text.UART_IsParameter)
                  7018e54c    0000001c     libc.a : memcpy32.S.obj (.text:TI_memcpy_small)
                  7018e568    00000008     --HOLE-- [fill = 0]
                  7018e570    0000001a     drivers.am263px.r5f.ti-arm-clang.nortos.debug.lib : mcan.obj (.text.MCAN_clearIntrStatus)
                  7018e58a    00000006     --HOLE-- [fill = 0]
                  7018e590    0000001a                                                       : mcan.obj (.text.MCAN_getOpMode)
                  7018e5aa    00000006     --HOLE-- [fill = 0]
                  7018e5b0    0000001a                                                       : uart_v0_lld.obj (.text.UART_fifoCharGet)
                  7018e5ca    00000006     --HOLE-- [fill = 0]
                  7018e5d0    0000001a                                                       : uart_v0_lld.obj (.text.UART_timeGuardConfig)
                  7018e5ea    00000006     --HOLE-- [fill = 0]
                  7018e5f0    00000018     nortos.am263px.r5f.ti-arm-clang.debug.lib : ClockP_nortos.obj (.text.ClockP_ticksToUsec)
                  7018e608    00000008     --HOLE-- [fill = 0]
                  7018e610    00000018     drivers.am263px.r5f.ti-arm-clang.nortos.debug.lib : edma.obj (.text.EDMA_isInterruptEnabled)
                  7018e628    00000008     --HOLE-- [fill = 0]
                  7018e630    00000018                                                       : ipc_notify_v1.obj (.text.IpcNotify_mailboxClearAllInt)
                  7018e648    00000008     --HOLE-- [fill = 0]
                  7018e650    00000018                                                       : ipc_notify_v1_cfg.obj (.text.IpcNotify_trigInterrupt)
                  7018e668    00000008     --HOLE-- [fill = 0]
                  7018e670    00000018     nortos.am263px.r5f.ti-arm-clang.debug.lib : SemaphoreP_nortos.obj (.text.SemaphoreP_Params_init)
                  7018e688    00000008     --HOLE-- [fill = 0]
                  7018e690    00000018                                               : TimerP_rti_priv.obj (.text.TimerP_getReloadCountPriv)
                  7018e6a8    00000008     --HOLE-- [fill = 0]
                  7018e6b0    00000018     drivers.am263px.r5f.ti-arm-clang.nortos.debug.lib : uart_v0_lld.obj (.text.UART_divisorLatchDisable)
                  7018e6c8    00000008     --HOLE-- [fill = 0]
                  7018e6d0    00000018                                                       : uart_v0_lld.obj (.text.UART_modemControlReset)
                  7018e6e8    00000008     --HOLE-- [fill = 0]
                  7018e6f0    00000018                                                       : uart_v0_lld.obj (.text.UART_putChar)
                  7018e708    00000018     libc.a : memset32.S.obj (.text:TI_memset_small)
                  7018e720    00000016     drivers.am263px.r5f.ti-arm-clang.nortos.debug.lib : ipc_notify_v1.obj (.text.IpcNotify_sendSync)
                  7018e736    0000000a     --HOLE-- [fill = 0]
                  7018e740    00000016                                                       : mcan.obj (.text.MCAN_getIntrStatus)
                  7018e756    0000000a     --HOLE-- [fill = 0]
                  7018e760    00000016     nortos.am263px.r5f.ti-arm-clang.debug.lib : TimerP_rti_priv.obj (.text.TimerP_startPriv)
                  7018e776    0000000a     --HOLE-- [fill = 0]
                  7018e780    00000016                                               : TimerP_rti_priv.obj (.text.TimerP_stopPriv)
                  7018e796    0000000a     --HOLE-- [fill = 0]
                  7018e7a0    00000016     drivers.am263px.r5f.ti-arm-clang.nortos.debug.lib : uart_v0_lld.obj (.text.UART_divideRoundCloset)
                  7018e7b6    0000000a     --HOLE-- [fill = 0]
                  7018e7c0    00000016                                                       : uart_v0_lld.obj (.text.UART_regConfModeRestore)
                  7018e7d6    0000000a     --HOLE-- [fill = 0]
                  7018e7e0    00000014                                                       : edma.obj (.text.HW_WR_REG16_RAW)
                  7018e7f4    0000000c     --HOLE-- [fill = 0]
                  7018e800    00000014                                                       : ipc_notify_v1.obj (.text.IpcNotify_mailboxClearPendingIntr)
                  7018e814    0000000c     --HOLE-- [fill = 0]
                  7018e820    00000014                                                       : soc_rcm.obj (.text.SOC_rcmGetModuleClkDivFromRegVal)
                  7018e834    0000000c     --HOLE-- [fill = 0]
                  7018e840    00000014     nortos.am263px.r5f.ti-arm-clang.debug.lib : TimerP_rti_priv.obj (.text.TimerP_clearOverflowIntPriv)
                  7018e854    0000000c     --HOLE-- [fill = 0]
                  7018e860    00000014                                               : TimerP_rti_nortos.obj (.text.TimerP_setup)
                  7018e874    0000000c     --HOLE-- [fill = 0]
                  7018e880    00000014     ti_dpl_config.o (.text.putchar_)
                  7018e894    0000000c     --HOLE-- [fill = 0]
                  7018e8a0    00000012     ti_pinmux_config.o (.text.Pinmux_init)
                  7018e8b2    0000000e     --HOLE-- [fill = 0]
                  7018e8c0    00000012     gateway_shared.o (.text.gateway_check_emergency_stop)
                  7018e8d2    0000000e     --HOLE-- [fill = 0]
                  7018e8e0    00000012     imu_protocol_handler.o (.text.imu_initialize)
                  7018e8f2    0000000e     --HOLE-- [fill = 0]
                  7018e900    00000012     imu_interface_isr.o (.text.imu_uart_is_initialized)
                  7018e912    0000000e     --HOLE-- [fill = 0]
                  7018e920    00000012     yis320_protocol.o (.text.yis320_get_timestamp_ms)
                  7018e932    0000000e     --HOLE-- [fill = 0]
                  7018e940    00000010     can_interface.o (.text.CSL_REG32_WR_RAW)
                  7018e950    00000010     drivers.am263px.r5f.ti-arm-clang.nortos.debug.lib : pinmux.obj (.text.CSL_REG32_WR_RAW)
                  7018e960    00000010                                                       : soc.obj (.text.CSL_REG32_WR_RAW)
                  7018e970    00000010     ti_drivers_config.o (.text.CSL_REG32_WR_RAW)
                  7018e980    00000010     nortos.am263px.r5f.ti-arm-clang.debug.lib : ClockP_nortos_r5.obj (.text.ClockP_getTimerCount)
                  7018e990    00000010                                               : ClockP_nortos_r5.obj (.text.ClockP_timerClearOverflowInt)
                  7018e9a0    00000010     drivers.am263px.r5f.ti-arm-clang.nortos.debug.lib : edma.obj (.text.HW_RD_REG32_RAW)
                  7018e9b0    00000010                                                       : mcan.obj (.text.HW_RD_REG32_RAW)
                  7018e9c0    00000010                                                       : uart_v0_lld.obj (.text.HW_RD_REG32_RAW)
                  7018e9d0    00000010                                                       : edma.obj (.text.HW_WR_REG32_RAW)
                  7018e9e0    00000010                                                       : mcan.obj (.text.HW_WR_REG32_RAW)
                  7018e9f0    00000010                                                       : uart_v0_lld.obj (.text.HW_WR_REG32_RAW)
                  7018ea00    00000010                                                       : ipc_notify_v1.obj (.text.IpcNotify_mailboxGetPendingIntr)
                  7018ea10    00000010     nortos.am263px.r5f.ti-arm-clang.debug.lib : TimerP_rti_nortos.obj (.text.TimerP_Params_init)
                  7018ea20    00000010                                               : TimerP_rti_nortos.obj (.text.TimerP_clearOverflowInt)
                  7018ea30    00000010                                               : TimerP_rti_nortos.obj (.text.TimerP_getCount)
                  7018ea40    00000010                                               : TimerP_rti_nortos.obj (.text.TimerP_getReloadCount)
                  7018ea50    00000010                                               : TimerP_rti_nortos.obj (.text.TimerP_start)
                  7018ea60    00000010                                               : printf.obj (.text._out_null)
                  7018ea70    00000010     gateway_shared.o (.text.gateway_notify_imu_ready)
                  7018ea80    00000010     gateway_shared.o (.text.gateway_notify_states_ready)
                  7018ea90    0000000e     yis320_protocol.o (.text.yis320_uart_configure)
                  7018ea9e    00000002     --HOLE-- [fill = 0]
                  7018eaa0    0000000c     ti_board_open_close.o (.text.Board_driversOpen)
                  7018eaac    00000004     --HOLE-- [fill = 0]
                  7018eab0    0000000c     nortos.am263px.r5f.ti-arm-clang.debug.lib : ClockP_nortos.obj (.text.ClockP_getTicks)
                  7018eabc    00000004     --HOLE-- [fill = 0]
                  7018eac0    0000000c     ti_drivers_open_close.o (.text.Drivers_open)
                  7018eacc    00000004     --HOLE-- [fill = 0]
                  7018ead0    0000000c     ti_power_clock_config.o (.text.PowerClock_init)
                  7018eadc    00000004     --HOLE-- [fill = 0]
                  7018eae0    0000000c     yis320_protocol.o (.text.vtable_read_data)
                  7018eaec    00000004     --HOLE-- [fill = 0]
                  7018eaf0    0000000a     nortos.am263px.r5f.ti-arm-clang.debug.lib : HwiP_armv7r_vim.obj (.text.Hwip_dataAndInstructionBarrier)
                  7018eafa    00000006     --HOLE-- [fill = 0]
                  7018eb00    0000000a     drivers.am263px.r5f.ti-arm-clang.nortos.debug.lib : ipc_notify_v1.obj (.text.IpcNotify_dataAndInstructionBarrier)
                  7018eb0a    00000006     --HOLE-- [fill = 0]
                  7018eb10    0000000a                                                       : soc_rcm.obj (.text.SOC_rcmGetBaseAddressMSSRCM)
                  7018eb1a    00000006     --HOLE-- [fill = 0]
                  7018eb20    0000000a                                                       : uart_dma_edma.obj (.text.UART_edmaDoNothing)
                  7018eb2a    00000006     --HOLE-- [fill = 0]
                  7018eb30    0000000a     gateway_shared.o (.text.gateway_memory_barrier)
                  7018eb3a    00000006     --HOLE-- [fill = 0]
                  7018eb40    0000000a     gateway_shared.o (.text.ringbuf_get_ptr)
                  7018eb4a    00000006     --HOLE-- [fill = 0]
                  7018eb50    00000008     ti_drivers_config.o (.text.Drivers_uartInit)
                  7018eb58    00000008     --HOLE-- [fill = 0]
                  7018eb60    00000008     drivers.am263px.r5f.ti-arm-clang.nortos.debug.lib : soc_rcm.obj (.text.SOC_rcmGetBaseAddressMSSCTRL)
                  7018eb68    00000008     --HOLE-- [fill = 0]
                  7018eb70    00000008                                                       : soc_rcm.obj (.text.SOC_rcmGetBaseAddressTOPRCM)
                  7018eb78    00000008     --HOLE-- [fill = 0]
                  7018eb80    00000008     nortos.am263px.r5f.ti-arm-clang.debug.lib : SemaphoreP_nortos.obj (.text.SemaphoreP_destruct)
                  7018eb88    00000008     --HOLE-- [fill = 0]
                  7018eb90    00000002     ti_board_open_close.o (.text.Board_driversClose)
                  7018eb92    0000000e     --HOLE-- [fill = 0]
                  7018eba0    00000002     ti_board_config.o (.text.Board_init)
                  7018eba2    0000000e     --HOLE-- [fill = 0]
                  7018ebb0    00000002     ti_drivers_open_close.o (.text.Drivers_mcanOpen)
                  7018ebb2    0000000e     --HOLE-- [fill = 0]
                  7018ebc0    00000002     drivers.am263px.r5f.ti-arm-clang.nortos.debug.lib : ipc_notify_v1_cfg.obj (.text.IpcNotify_wait)
                  7018ebc2    0000000e     --HOLE-- [fill = 0]
                  7018ebd0    00000002     nortos.am263px.r5f.ti-arm-clang.debug.lib : TaskP_nortos.obj (.text.TaskP_yield)
                  7018ebd2    0000000e     --HOLE-- [fill = 0]

.rodata    0    7018ebe0    000024a0     
                  7018ebe0    00000450     motor_mapping.o (.rodata.motor_config_table)
                  7018f030    00000084     ti_dpl_config.o (.rodata.cfg)
                  7018f0b4    0000005e     main.o (.rodata.str1.15996357275703397564.1)
                  7018f112    0000005a     main.o (.rodata.str1.625103348304617710.1)
                  7018f16c    00000004     nortos.am263px.r5f.ti-arm-clang.debug.lib : CacheP_armv7r.obj (.rodata.gCacheL1dCacheLineSize)
                  7018f170    00000050                                               : printf.obj (.rodata._ftoa.pow10)
                  7018f1c0    0000004d     gateway_shared.o (.rodata.str1.3223734256326991069.1)
                  7018f20d    0000004c     main.o (.rodata.str1.10224226614597680209.1)
                  7018f259    0000004c     main.o (.rodata.str1.11121730273200050387.1)
                  7018f2a5    0000004a     main.o (.rodata.str1.10720410773482754683.1)
                  7018f2ef    00000049     can_interface.o (.rodata.str1.2401924719955226879.1)
                  7018f338    00000048     drivers.am263px.r5f.ti-arm-clang.nortos.debug.lib : soc_rcm.obj (.rodata.gADPLLJConfigTbl)
                  7018f380    00000048     main.o (.rodata.str1.4787932902692149498.1)
                  7018f3c8    00000045     can_interface.o (.rodata.str1.17857559882412085052.1)
                  7018f40d    00000045     main.o (.rodata.str1.2563708670032483588.1)
                  7018f452    00000043     main.o (.rodata.str1.10313062130652730376.1)
                  7018f495    00000042     main.o (.rodata.str1.11321157723316767883.1)
                  7018f4d7    00000042     main.o (.rodata.str1.11702106008850790973.1)
                  7018f519    00000041     main.o (.rodata.str1.16265332423659789559.1)
                  7018f55a    00000002     drivers.am263px.r5f.ti-arm-clang.nortos.debug.lib : soc_rcm.obj (.rodata.gCR5ClkSrcInfoMap)
                  7018f55c    00000040                                                       : mcan.obj (.rodata.gDataSize)
                  7018f59c    00000040                                                       : ipc_notify_v1.obj (.rodata.str1.10118846006578224169.1)
                  7018f5dc    00000040     main.o (.rodata.str1.13030671760666898970.1)
                  7018f61c    00000040     gateway_shared.o (.rodata.str1.1309647279537151951.1)
                  7018f65c    0000003f     main.o (.rodata.str1.16302215771116645891.1)
                  7018f69b    0000003e     imu_interface_isr.o (.rodata.str1.2252785669688110604.1)
                  7018f6d9    0000003d     nortos.am263px.r5f.ti-arm-clang.debug.lib : TimerP_rti_priv.obj (.rodata.str1.11388379688747141303.1)
                  7018f716    0000003d     main.o (.rodata.str1.13782249893155712474.1)
                  7018f753    0000003d     main.o (.rodata.str1.3292798375424520613.1)
                  7018f790    0000003c     main.o (.rodata.str1.8108965883388295311.1)
                  7018f7cc    0000003b     can_interface.o (.rodata.str1.13886886582160776261.1)
                  7018f807    00000039     can_interface.o (.rodata.str1.13942422985958650841.1)
                  7018f840    00000039     can_interface.o (.rodata.str1.15906871730334742222.1)
                  7018f879    00000039     can_interface.o (.rodata.str1.16770118065840302171.1)
                  7018f8b2    00000038     gateway_shared.o (.rodata.str1.8694082244888993162.1)
                  7018f8ea    00000038     imu_interface_isr.o (.rodata.str1.9168798226845388136.1)
                  7018f922    00000037     gateway_shared.o (.rodata.str1.10638658715010209595.1)
                  7018f959    00000037     can_interface.o (.rodata.str1.17102373369105828453.1)
                  7018f990    00000037     main.o (.rodata.str1.3530083166107438000.1)
                  7018f9c7    00000037     gateway_shared.o (.rodata.str1.5629998949668554045.1)
                  7018f9fe    00000036     can_interface.o (.rodata.str1.10186677634541030339.1)
                  7018fa34    00000036     imu_interface_isr.o (.rodata.str1.13916086747295221358.1)
                  7018fa6a    00000036     can_interface.o (.rodata.str1.15146467347084621569.1)
                  7018faa0    00000035     can_interface.o (.rodata.str1.11434220007320834734.1)
                  7018fad5    00000035     main.o (.rodata.str1.16631870348416990953.1)
                  7018fb0a    00000035     can_interface.o (.rodata.str1.6692020027550076815.1)
                  7018fb3f    00000035     ti_drivers_open_close.o (.rodata.str1.871795152488895636.1)
                  7018fb74    00000035     main.o (.rodata.str1.9059077390166914652.1)
                  7018fba9    00000034     main.o (.rodata.str1.10865113624938808685.1)
                  7018fbdd    00000034     main.o (.rodata.str1.13288086030101331538.1)
                  7018fc11    00000034     main.o (.rodata.str1.14112174005742061988.1)
                  7018fc45    00000034     main.o (.rodata.str1.17376258722486336754.1)
                  7018fc79    00000034     main.o (.rodata.str1.18092426736022315238.1)
                  7018fcad    00000034     main.o (.rodata.str1.6891813955777630061.1)
                  7018fce1    00000033     can_interface.o (.rodata.str1.13538652865395202372.1)
                  7018fd14    00000033     main.o (.rodata.str1.14032527501195285070.1)
                  7018fd47    00000033     main.o (.rodata.str1.14712910685067215323.1)
                  7018fd7a    00000033     can_interface.o (.rodata.str1.2569929632086669665.1)
                  7018fdad    00000033     main.o (.rodata.str1.2624144126699937905.1)
                  7018fde0    00000033     main.o (.rodata.str1.403738606202455663.1)
                  7018fe13    00000032     can_interface.o (.rodata.str1.2296911319530636772.1)
                  7018fe45    00000031     can_interface.o (.rodata.str1.4211222669969280216.1)
                  7018fe76    00000031     gateway_shared.o (.rodata.str1.6121471336334202706.1)
                  7018fea7    00000031     motor_mapping.o (.rodata.str1.8787205977826144616.1)
                  7018fed8    00000030     can_interface.o (.rodata.str1.10130696897761414469.1)
                  7018ff08    00000030     can_interface.o (.rodata.str1.2167712102046818855.1)
                  7018ff38    00000030     imu_interface_isr.o (.rodata.str1.4417852805959727765.1)
                  7018ff68    00000030     main.o (.rodata.str1.8154729771448623357.1)
                  7018ff98    00000030     main.o (.rodata.str1.8428454045432808059.1)
                  7018ffc8    0000002f     main.o (.rodata.str1.11870794119293528247.1)
                  7018fff7    0000002f     can_interface.o (.rodata.str1.15094798983471906066.1)
                  70190026    0000002f     gateway_shared.o (.rodata.str1.3129942817937968154.1)
                  70190055    0000002f     main.o (.rodata.str1.6554448696319176064.1)
                  70190084    0000002f     drivers.am263px.r5f.ti-arm-clang.nortos.debug.lib : ipc_notify_v1.obj (.rodata.str1.9418228565027791152.1)
                  701900b3    0000002e     can_interface.o (.rodata.str1.11024350005305706282.1)
                  701900e1    0000002e     gateway_shared.o (.rodata.str1.11051107022181534624.1)
                  7019010f    0000002e     main.o (.rodata.str1.14079361385603432444.1)
                  7019013d    0000002e     main.o (.rodata.str1.6365796992934770792.1)
                  7019016b    0000002e     main.o (.rodata.str1.7996925722583989644.1)
                  70190199    0000002e     gateway_shared.o (.rodata.str1.9859227269409816370.1)
                  701901c7    0000002d     main.o (.rodata.str1.14466178792657420020.1)
                  701901f4    0000002d     can_interface.o (.rodata.str1.150960857071891705.1)
                  70190221    0000002d     main.o (.rodata.str1.2597068879322958637.1)
                  7019024e    0000002d     main.o (.rodata.str1.5043408953494467246.1)
                  7019027b    0000002d     can_interface.o (.rodata.str1.6401568125276999251.1)
                  701902a8    0000002d     can_interface.o (.rodata.str1.6531933829109918715.1)
                  701902d5    0000002c     can_interface.o (.rodata.str1.14845445665763636722.1)
                  70190301    0000002c     main.o (.rodata.str1.2763581881760962609.1)
                  7019032d    0000002c     gateway_shared.o (.rodata.str1.7167262159681625771.1)
                  70190359    0000002b     main.o (.rodata.str1.18227636981041470289.1)
                  70190384    0000002b     can_interface.o (.rodata.str1.3858671167962548137.1)
                  701903af    0000002b     can_interface.o (.rodata.str1.5571669369711139161.1)
                  701903da    0000002a     can_interface.o (.rodata.str1.17855712168153945246.1)
                  70190404    0000002a     nortos.am263px.r5f.ti-arm-clang.debug.lib : DebugP_log.obj (.rodata.str1.227947788441500939.1)
                  7019042e    0000002a     main.o (.rodata.str1.2846389346932560359.1)
                  70190458    0000002a     main.o (.rodata.str1.8096991282711418442.1)
                  70190482    00000029     main.o (.rodata.str1.11777244287787065045.1)
                  701904ab    00000029     imu_interface_isr.o (.rodata.str1.15503275091179387347.1)
                  701904d4    00000029     can_interface.o (.rodata.str1.357542981605220142.1)
                  701904fd    00000029     main.o (.rodata.str1.39260288392874984.1)
                  70190526    00000029     can_interface.o (.rodata.str1.6910353934698693424.1)
                  7019054f    00000029     can_interface.o (.rodata.str1.7679921882182829519.1)
                  70190578    00000029     main.o (.rodata.str1.8076846746581808073.1)
                  701905a1    00000028     main.o (.rodata.str1.11822182024223342093.1)
                  701905c9    00000028     main.o (.rodata.str1.1311392489248731986.1)
                  701905f1    00000028     main.o (.rodata.str1.15159059442110792349.1)
                  70190619    00000027     nortos.am263px.r5f.ti-arm-clang.debug.lib : ClockP_nortos_r5.obj (.rodata.str1.12743090444791882666.1)
                  70190640    00000027     main.o (.rodata.str1.17045314124001216156.1)
                  70190667    00000027     main.o (.rodata.str1.7784929982665794503.1)
                  7019068e    00000026     can_interface.o (.rodata.str1.14406550278730177052.1)
                  701906b4    00000026     gateway_shared.o (.rodata.str1.17046880449980016103.1)
                  701906da    00000026     gateway_shared.o (.rodata.str1.5761821093615868877.1)
                  70190700    00000026     can_interface.o (.rodata.str1.6806839034663112933.1)
                  70190726    00000025     main.o (.rodata.str1.10635229749459437609.1)
                  7019074b    00000025     main.o (.rodata.str1.2123964117280943167.1)
                  70190770    00000024     can_interface.o (.rodata.str1.14428574951410983152.1)
                  70190794    00000024     can_interface.o (.rodata.str1.17339864536769639315.1)
                  701907b8    00000024     main.o (.rodata.str1.5630281060179367396.1)
                  701907dc    00000024     imu_interface_isr.o (.rodata.str1.6306445455767916371.1)
                  70190800    00000024     main.o (.rodata.str1.7702501944640899365.1)
                  70190824    00000023     drivers.am263px.r5f.ti-arm-clang.nortos.debug.lib : soc_rcm.obj (.rodata.str1.2078190104202520215.1)
                  70190847    00000023     nortos.am263px.r5f.ti-arm-clang.debug.lib : ClockP_nortos_r5.obj (.rodata.str1.7689125538912326484.1)
                  7019086a    00000022     drivers.am263px.r5f.ti-arm-clang.nortos.debug.lib : edma.obj (.rodata.str1.12976018205622752890.1)
                  7019088c    00000021     can_interface.o (.rodata.str1.12573338884863454617.1)
                  701908ad    00000021     nortos.am263px.r5f.ti-arm-clang.debug.lib : ClockP_nortos_r5.obj (.rodata.str1.8559540482768925367.1)
                  701908ce    00000002     --HOLE-- [fill = 0]
                  701908d0    00000020     drivers.am263px.r5f.ti-arm-clang.nortos.debug.lib : mcan.obj (.rodata.gMsgObjSize)
                  701908f0    00000020     can_interface.o (.rodata.g_mcan_base_addr)
                  70190910    00000020     can_interface.o (.rodata.g_mcan_intr_num)
                  70190930    00000020     main.o (.rodata.str1.14402440632258215044.1)
                  70190950    00000020     drivers.am263px.r5f.ti-arm-clang.nortos.debug.lib : uart_v0.obj (.rodata.str1.16594507886308206351.1)
                  70190970    00000020                                                       : ipc_notify_v1.obj (.rodata.str1.2046905611612007019.1)
                  70190990    0000001f     can_interface.o (.rodata.str1.14695538922052102695.1)
                  701909af    0000001f     nortos.am263px.r5f.ti-arm-clang.debug.lib : ClockP_nortos_r5.obj (.rodata.str1.2746619892315392655.1)
[...]


GLOBAL SYMBOLS: SORTED BY Symbol Address 

address   name                                 
-------   ----                                 
00000000  __TI_ATRegion0_region_sz             
00000000  __TI_ATRegion0_src_addr              
00000000  __TI_ATRegion0_trg_addr              
00000000  __TI_ATRegion1_region_sz             
00000000  __TI_ATRegion1_src_addr              
00000000  __TI_ATRegion1_trg_addr              
00000000  __TI_ATRegion2_region_sz             
00000000  __TI_ATRegion2_src_addr              
00000000  __TI_ATRegion2_trg_addr              
00000000  __TI_static_base__                   
00000000  _vectors                             
00000100  __ABORT_STACK_SIZE                   
00000100  __FIQ_STACK_SIZE                     
00000100  __IRQ_STACK_SIZE                     
00000100  __UNDEFINED_STACK_SIZE               
00001000  __SVC_STACK_SIZE                     
00004000  __STACK_SIZE                         
70180a34  __aeabi_memclr                       
70180a34  __aeabi_memclr4                      
70180a34  __aeabi_memclr8                      
701810b8  C$$EXIT                              
701810b8  HOSTexit                             
701810c1  SOC_rcmEnablePeripheralClock         
701816f8  __aeabi_ldiv0                        
701816fc  __aeabi_memcpy                       
701816fc  __aeabi_memcpy4                      
701816fc  __aeabi_memcpy8                      
70181ce4  CSL_armR5ReadMpidrReg                
701821ec  __aeabi_memmove                      
701821ec  __aeabi_memmove4                     
701821ec  __aeabi_memmove8                     
70182ab1  UART_open                            
70182eb1  IpcNotify_init                       
70183d21  SOC_virtToPhy                        
70184031  motor_mapping_init_core1             
70184331  MCAN_msgRAMConfig                    
70184f41  UART_lld_dmaDeInit                   
70185171  IpcNotify_isr                        
701853a1  CAN_TransmitBatch                    
701855c1  TimerP_setupPriv                     
701857a1  UART_lld_dmaWrite                    
70185b01  UART_close                           
70185e61  UART_lld_controllerIsr               
70186001  CAN_StartRxInterrupts                
70186321  MCAN_calcMsgRamParamsStartAddr       
701864b1  EDMA_unregisterIntr                  
70186621  SOC_controlModuleUnlockMMR           
70186781  UART_lld_initDma                     
701868e1  DebugP_shmLogWriterPutChar           
70186cd1  MCAN_setBitTime                      
70186e21  imu_uart_isr_init                    
70186f71  CAN_Init                             
701871f1  MCAN_readMsgRam                      
70187471  ClockP_init                          
701875b1  UART_procLineStatusErr               
701876f1  EDMA_registerIntr                    
70187831  MCAN_init                            
70187971  UART_lld_init                        
70187aa1  MCAN_config                          
70187bd1  SOC_controlModuleLockMMR             
70187d01  SOC_rcmGetPeripheralClockFrequency   
70187f41  DebugP_shmLogWriterPutLine           
70188061  UART_lld_dmaRead                     
7018817c  __udivmoddi4                         
70188711  IpcNotify_sendMsg                    
70188931  GPIO_init                            
70188a41  SemaphoreP_pend                      
70188b51  gateway_ringbuf_read                 
70188d51  gateway_write_motor_config           
70189021  EDMA_freeChannelRegion               
70189111  EDMA_freeParam                       
70189201  EDMA_freeDmaChannel                  
701892e1  EDMA_freeTcc                         
701893c1  UART_intrEnable                      
701894a1  UART_intrDisable                     
70189581  AddrTranslateP_getLocalAddr          
70189651  EDMA_disableChInShadowRegRegion      
70189721  EDMA_enableChInShadowRegRegion       
701897f1  EDMA_mapChToEvtQ                     
701898c1  EDMA_configureChannelRegion          
70189a41  UART_flushTxFifo                     
70189bc1  ClockP_timerTickIsr                  
70189c81  TimerP_init                          
70189d41  ClockP_stop                          
70189e01  IpcNotify_waitSync                   
70189ec1  gateway_write_motor_states           
70189f81  CycleCounterP_init                   
70189fa1  CycleCounterP_reset                  
70189ff1  CycleCounterP_nsToTicks              
7018a031  CycleCounterP_enableUserAccess       
7018a041  MCAN_writeMsgRam                     
7018a0f1  SOC_rcmSetPeripheralClock            
7018a1a1  UART_init                            
7018a3b1  gateway_core1_wait_for_ready         
7018a511  ClockP_destruct                      
7018a5c1  Drivers_uartOpen                     
7018a711  gateway_core1_ipc_callback           
7018a8f1  imu_uart_read                        
7018a991  IpcNotify_registerClient             
7018aad1  ClockP_getTimeUsec                   
7018ab71  EDMA_unmapChToEvtQ                   
7018ac11  float_to_uint                        
7018acb1  yis320_convert_to_ipc                
7018ad51  EDMA_disableTransferRegion           
7018ade1  EDMA_enableTransferRegion            
7018af91  UART_lld_flushTxFifo                 
7018b0b1  EDMA_allocDmaChannel                 
7018b141  EDMA_allocParam                      
7018b1d1  EDMA_allocTcc                        
7018b381  IpcNotify_syncAll                    
7018b411  imu_protocol_manager_init            
7018b4a1  MCAN_addStdMsgIDFilter               
7018b5a1  System_init                          
7018b6a1  _DebugP_assert                       
7018b721  gateway_ringbuf_core1_init           
7018b821  UART_Params_init                     
7018b8a1  EDMA_linkChannel                     
7018b9a1  ClockP_usleep                        
7018ba21  EDMA_clrMissEvtRegion                
7018bc01  EDMA_getBaseAddr                     
7018bce1  imu_protocol_get_state               
7018bd51  SOC_rcmGetR5Clock                    
7018bdc1  SOC_rcmIsR5FInLockStepMode           
7018bea1  UART_lld_deInitDma                   
7018bf11  imu_protocol_process_uart_rx         
7018bf81  MCAN_enableIntr                      
7018bff1  MCAN_initTxBufElement                
7018c0d1  SemaphoreP_post                      
7018c141  MCAN_selectIntrLine                  
7018c1a1  UART_getChar                         
7018c261  yis320_protocol_handler_init         
7018c2c1  Module_clockSetFrequency             
7018c321  UART_lld_deInit                      
7018c5c1  gateway_write_imu_state              
7018c621  uint16_to_float                      
7018c6e1  Dpl_init                             
7018c741  EDMA_setPaRAM                        
7018c801  main                                 
7018c854  __TI_auto_init_nobinit_nopinit       
7018c8b1  Drivers_uartClose                    
7018c901  Pinmux_config                        
7018c951  UART_checkCharsAvailInFifo           
7018c9a1  DebugP_shmLogWriterInit              
7018c9f1  EDMA_clrEvtRegion                    
7018ca41  EDMA_disableDmaEvtRegion             
7018ca91  EDMA_disableEvtIntrRegion            
7018cae1  EDMA_enableDmaEvtRegion              
7018cb31  EDMA_enableEvtIntrRegion             
7018cb81  EDMA_setEvtRegion                    
7018cbd1  GPIO_setDirMode                      
7018cc21  MCAN_enableIntrLine                  
7018cc71  ClockP_construct                     
7018ccc1  EDMA_ccPaRAMEntry_init               
7018cd11  EDMA_mapQdmaChToPaRAM                
7018cd61  EDMA_readEventStatusRegion           
7018cdb1  IpcNotify_unregisterClient           
7018ce01  Module_clockEnable                   
7018ce51  gateway_update_stat                  
7018ce9c  memmove                              
7018cf41  timerISR                             
7018cf91  IpcNotify_Params_init                
7018d031  UART_getIntrIdentityStatus           
7018d121  CAN_RegisterRxCallback               
7018d211  UART_readLineStatus                  
7018d261  imu_protocol_handler_init            
7018d3a1  SemaphoreP_construct                 
7018d3f1  _DebugP_logZone                      
7018d491  ClockP_start                         
7018d531  imu_protocol_update_state            
7018d5f1  UART_spaceAvail                      
7018d631  gateway_core1_init                   
7018d671  gateway_update_heartbeat             
7018d6f1  UART_IsTxRxFifoEmpty                 
7018d771  MCAN_txBufAddReq                     
7018d7b1  SOC_moduleSetClockFrequency          
7018d871  snprintf_                            
7018d8b1  SOC_getCoreName                      
7018d8e8  CycleCounterP_getCount32             
7018d8f0  PmuP_setup                           
7018d8f8  PmuP_enableCounters                  
7018d900  PmuP_disableCounters                 
7018d908  PmuP_getOverflowStatus               
7018d910  PmuP_clearOverflowStatus             
7018d918  PmuP_setUserEnable                   
7018d961  EDMA_getRegionId                     
7018da21  IpcNotify_syncCallback               
7018daa1  MCAN_calcCfgAddr                     
7018db21  TimerP_Params_initPriv               
7018dba1  motor_get_config                     
7018dca1  TimerP_getCountPriv                  
7018ddc1  gateway_signal_motor_config_ready    
7018ddf1  UART_lld_dmaInit                     
7018de51  DebugP_logZoneEnable                 
7018deb1  MCAN_clearNewDataStatus              
7018dee1  MCAN_getNewDataStatus                
7018df11  SemaphoreP_constructBinary           
7018dfa1  UART_intr2Disable                    
7018dfd1  UART_operatingModeSelect             
7018e031  CSL_armR5GetCpuID                    
7018e061  vprintf_                             
7018e091  EDMA_disableQdmaEvtRegion            
7018e0c1  EDMA_enableQdmaEvtRegion             
7018e121  IpcNotify_allocSwQueue               
7018e181  IpcNotify_getConfig                  
7018e1b1  SemaphoreP_constructMutex            
7018e271  UART_getBaseAddr                     
7018e294  __aeabi_uldivmod                     
7018e2f1  EDMA_channelToParamMap               
7018e321  gateway_ringbuf_core1_receive        
7018e351  ClockP_isActive                      
7018e371  ClockP_usecToTicks                   
7018e3d1  ClockP_Params_init                   
7018e3f1  EDMA_getEventStatusHigh              
7018e411  MCAN_setOpMode                       
7018e431  SOC_getSelfCpuClk                    
7018e451  SOC_moduleClockEnable                
7018e471  TimerP_isr0                          
7018e4b1  UART_lld_Transaction_deInit          
7018e4d1  EDMA_getEventStatus                  
7018e54c  TI_memcpy_small                      
7018e571  MCAN_clearIntrStatus                 
7018e591  MCAN_getOpMode                       
7018e5f1  ClockP_ticksToUsec                   
7018e611  EDMA_isInterruptEnabled              
7018e651  IpcNotify_trigInterrupt              
7018e671  SemaphoreP_Params_init               
7018e691  TimerP_getReloadCountPriv            
7018e6f1  UART_putChar                         
7018e708  TI_memset_small                      
7018e721  IpcNotify_sendSync                   
7018e741  MCAN_getIntrStatus                   
7018e761  TimerP_startPriv                     
7018e781  TimerP_stopPriv                      
7018e841  TimerP_clearOverflowIntPriv          
7018e861  TimerP_setup                         
7018e881  putchar_                             
7018e8a1  Pinmux_init                          
7018e8c1  gateway_check_emergency_stop         
7018e901  imu_uart_is_initialized              
7018e921  yis320_get_timestamp_ms              
7018e981  ClockP_getTimerCount                 
7018e991  ClockP_timerClearOverflowInt         
7018ea11  TimerP_Params_init                   
7018ea21  TimerP_clearOverflowInt              
7018ea31  TimerP_getCount                      
7018ea41  TimerP_getReloadCount                
7018ea51  TimerP_start                         
7018ea71  gateway_notify_imu_ready             
7018ea81  gateway_notify_states_ready          
7018ea91  yis320_uart_configure                
7018eaa1  Board_driversOpen                    
7018eab1  ClockP_getTicks                      
7018eac1  Drivers_open                         
7018ead1  PowerClock_init                      
7018eb51  Drivers_uartInit                     
7018eb81  SemaphoreP_destruct                  
7018eb91  Board_driversClose                   
7018eba1  Board_init                           
7018ebb1  Drivers_mcanOpen                     
7018ebc1  IpcNotify_wait                       
7018ebd1  TaskP_yield                          
7018f030  gCacheConfig                         
7018f038  gMpuConfig                           
7018f044  gMpuRegionConfig                     
7018f16c  gCacheL1dCacheLineSize               
7018f338  gADPLLJConfigTbl                     
7018f55a  gCR5ClkSrcInfoMap                    
70190c7c  gPeripheralClkSrcInfoMap             
7019101c  gXTALInfo                            
70191070  gCacheL1pCacheLineSize               
70191080  __BSS_START                          
70191c00  gHwiCtrl                             
7019240c  g_yis320_private_data                
70192814  g_motor_lookup                       
70193480  gIpcNotifyCtrl                       
701936ec  gTimerBaseAddr                       
701936f0  gClockCtrl                           
70193710  virtToPhymap                         
70193734  gTimerHwiObj                         
70193738  gUartHandle                          
70193740  __BSS_END                            
70193740  __stack                              
70197740  __STACK_END                          
70197741  HwiP_enableInt                       
70197781  HwiP_disableInt                      
701977e1  HwiP_restoreInt                      
70197811  HwiP_clearInt                        
70197851  HwiP_post                            
70197891  HwiP_Params_init                     
701978c1  HwiP_construct                       
70197ab1  HwiP_destruct                        
70197b21  HwiP_init                            
70197cd1  HwiP_inISR                           
70197d01  HwiP_setVimIrqPriMaskNonAtomic       
70197d51  HwiP_setVimIrqPriMaskAtomic          
70197df1  HwiP_restoreVimIrqPriMask            
70197e01  HwiP_irq_handler_c                   
70197fa1  HwiP_fiq_handler                     
70198101  HwiP_reserved_handler                
70198141  HwiP_undefined_handler_c             
70198161  HwiP_user_undefined_handler_c        
70198181  HwiP_svc_handler                     
701981c1  HwiP_prefetch_abort_handler_c        
70198261  HwiP_user_prefetch_abort_handler_c   
701982a1  HwiP_data_abort_handler_c            
70198361  HwiP_user_data_abort_handler_c       
7019839c  HwiP_irq_handler                     
70198410  HwiP_data_abort_handler              
70198454  HwiP_prefetch_abort_handler          
701984a0  HwiP_undefined_handler               
701984d0  GET_DFSR                             
701984d8  GET_ADFSR                            
701984e0  GET_DFAR                             
701984e8  GET_IFSR                             
701984f0  GET_AIFSR                            
701984f8  GET_IFAR                             
70198500  GET_SPSR                             
70198518  HwiP_disable                         
70198528  HwiP_disableFIQ                      
70198538  HwiP_enable                          
70198548  HwiP_enableFIQ                       
70198558  HwiP_restore                         
70198560  HwiP_enableVIC                       
70198570  HwiP_disableVIC                      
70198580  HwiP_getCPSR                         
70198590  CacheP_disableL1d                    
701985b8  CacheP_disableL1p                    
701985d0  CacheP_enableL1d                     
701985e8  CacheP_enableL1p                     
70198600  CacheP_invL1d                        
70198638  CacheP_invL1p                        
70198674  CacheP_invL1dAll                     
7019867c  CacheP_invL1pAll                     
70198684  CacheP_wb                            
701986c0  CacheP_wbInv                         
701986fc  CacheP_wbAll                         
701987a4  CacheP_wbInvAll                      
701987bc  CacheP_wbInvAllAsm                   
7019885c  CacheP_getEnabled                    
70198894  CacheP_getCacheLevelInfo             
701988a0  CacheP_configForceWrThru             
701988c0  CacheP_setDLFO                       
701988d1  CacheP_init                          
70198961  CacheP_disable                       
701989b1  CacheP_enable                        
701989f1  CacheP_inv                           
70198a31  MpuP_getAttrs                        
70198a91  MpuP_RegionAttrs_init                
70198ac1  MpuP_setRegion                       
70198b51  MpuP_isEnable                        
70198b61  MpuP_disable                         
70198ba1  MpuP_enable                          
70198bf1  MpuP_init                            
70198c91  MpuP_isUserAuthorizedToAccessMemory  
70198d70  MpuP_disableAsm                      
70198d88  MpuP_disableBRAsm                    
70198d98  MpuP_enableAsm                       
70198db0  MpuP_enableBRAsm                     
70198dc0  MpuP_isEnableAsm                     
70198dd4  MpuP_setRegionAsm                    
70198df0  _c_int00_sbl                         
70198e14  _c_int00                             
70198f41  _DebugP_assertNoLog                  
70198f71  _system_pre_init                     
70198fa1  __mpu_init                           
70198fb0  abort                                
70198fb8  gEdmaConfig                          
70198fb8  gUartDmaHandle                       
701990dc  gIpcNotifyMailboxConfig              
701992b4  gSocModulesClockFrequency            
7019932c  gUartParams                          
70199384  gSocModules                          
701993c4  gClockConfig                         
701993dc  gIpcNotifyInterruptConfig_r5fss1_1   
70199408  gIpcNotifyCoreIntrBitPos             
70199428  gAddrTranslateConfig                 
7019943c  gUartConfig                          
70199450  gDebugLogZone                        
7019945c  gEdmaConfigNum                       
70199460  gHwiConfig                           
70199464  gIpcNotifyInterruptConfigNum_r5fss1_1
70199468  gUartConfigNum                       
7019946c  gUartDmaChConfig                     
701994b8  isMapAvailable                       
701994c0  __IRQ_STACK_START                    
701995c0  __FIQ_STACK_START                    
701995c0  __IRQ_STACK_END                      
701996c0  __FIQ_STACK_END                      
701996c0  __SVC_STACK_START                    
7019a6c0  __ABORT_STACK_START                  
7019a6c0  __SVC_STACK_END                      
7019a7c0  __ABORT_STACK_END                    
7019a7c0  __UNDEFINED_STACK_START              
7019a8c0  __UNDEFINED_STACK_END                
70200000  gGatewaySharedMem                    
70204d30  dbg_ipc_send_count                   
70204d34  dbg_ipc_register_count               
70204d38  dbg_imu_uart_isr_count               
70204d3c  dbg_imu_rx_byte_count                
70204d40  dbg_imu_frame_count                  
70204d44  dbg_can_rx_count                     
70204d48  dbg_can_tx_count                     
70208000  gDebugShmLog                         
ffffffff  __TI_pprof_out_hndl                  
ffffffff  __TI_prof_data_size                  
ffffffff  __TI_prof_data_start                 
ffffffff  __binit__                            
ffffffff  binit                                
UNDEFED   __TI_CINIT_Base                      
UNDEFED   __TI_CINIT_Limit                     
UNDEFED   __TI_Handler_Table_Base              
UNDEFED   __TI_Handler_Table_Limit             
UNDEFED   _system_post_cinit                   

[413 symbols]
