******************************************************************************
            TI ARM Clang Linker PC v4.0.4                      
******************************************************************************
>> Linked Sat Apr  4 13:03:15 2026

OUTPUT FILE NAME:   <ccu_ti_multi_core_realtime.out>
ENTRY POINT SYMBOL: "_vectors"  address: 00000000


MEMORY CONFIGURATION

         name            origin    length      used     unused   attr    fill
----------------------  --------  ---------  --------  --------  ----  --------
  R5F_VECS              00000000   00000040  00000040  00000000  RWIX
  R5F_TCMA              00000040   00007fc0  00000000  00007fc0  RWIX
  R5F_TCMB              00080000   00008000  00000000  00008000  RWIX
  MAILBOX_HSM           44000000   000003ce  00000000  000003ce  RWIX
  MAILBOX_R5F           44000400   000003ce  00000000  000003ce  RWIX
  FLASH                 60180000   00080000  00000000  00080000  RWIX
  OCRAM                 70180000   00080000  0001aa50  000655b0  RWIX
  USER_SHM_MEM          70200000   00008000  00004d4c  000032b4  RWIX
  LOG_SHM_MEM           70208000   00004000  00002000  00002000  RWIX
  RTOS_NORTOS_IPC_SHM_M 72000000   00003e80  00000000  00003e80  RWIX


SEGMENT ALLOCATION MAP

run origin  load origin   length   init length attrs members
----------  ----------- ---------- ----------- ----- -------
00000000    00000000    00000040   00000040    r-x
  00000000    00000000    00000040   00000040    r-x .vectors
70180000    70180000    00011048   00011048    r-x
  70180000    70180000    0000ec00   0000ec00    r-x .text
  7018ec00    7018ec00    00002448   00002448    r-- .rodata
70191048    70191048    00006888   00000000    rw-
  70191048    70191048    00002888   00000000    rw- .bss
  701938d0    701938d0    00004000   00000000    rw- .stack
701978d0    701978d0    00001878   00001878    r-x
  701978d0    701978d0    00000e50   00000e50    r-x .text.hwi
  70198720    70198720    000004a0   000004a0    r-x .text.cache
  70198bc0    70198bc0    000003c0   000003c0    r-x .text.mpu
  70198f80    70198f80    000001c0   000001c0    r-x .text.boot
  70199140    70199140    00000008   00000008    r-x .text:abort
70199148    70199148    00001908   00000508    rw-
  70199148    70199148    00000508   00000508    rw- .data
  70199650    70199650    00000100   00000000    rw- .irqstack
  70199750    70199750    00000100   00000000    rw- .fiqstack
  70199850    70199850    00001000   00000000    rw- .svcstack
  7019a850    7019a850    00000100   00000000    rw- .abortstack
  7019a950    7019a950    00000100   00000000    rw- .undefinedstack


SECTION ALLOCATION MAP

 output                                  attributes/
section   page    origin      length       input sections
--------  ----  ----------  ----------   ----------------
.vectors   0    00000000    00000040     
                  00000000    00000040     nortos.am263px.r5f.ti-arm-clang.debug.lib : HwiP_armv7r_vectors_nortos_asm.obj (.vectors)

.text      0    70180000    0000ec00     
                  70180000    00000a34     nortos.am263px.r5f.ti-arm-clang.debug.lib : printf.obj (.text._vsnprintf)
                  70180a34    0000000c     libclang_rt.builtins.a : aeabi_memset.S.obj (.text.__aeabi_memclr)
                  70180a40    00000678     drivers.am263px.r5f.ti-arm-clang.nortos.debug.lib : soc_rcm.obj (.text.SOC_rcmGetClkSrcAndDivReg)
                  701810b8    00000008     libsysbm.a : hostexit.c.obj (.text.HOSTexit)
                  701810c0    00000638     drivers.am263px.r5f.ti-arm-clang.nortos.debug.lib : soc_rcm.obj (.text.SOC_rcmEnablePeripheralClock)
                  701816f8    00000004     libclang_rt.builtins.a : aeabi_div0.c.obj (.text.__aeabi_ldiv0)
                  701816fc    00000004                            : aeabi_memcpy.S.obj (.text.__aeabi_memcpy)
                  70181700    000005e2     nortos.am263px.r5f.ti-arm-clang.debug.lib : printf.obj (.text._ftoa)
                  70181ce2    00000002     --HOLE-- [fill = 0]
                  70181ce4    0000000c                                               : CpuId_armv7r_asm.obj (.text)
                  70181cf0    00000522     main.o (.text.transmit_can_frames)
                  70182212    00000002     --HOLE-- [fill = 0]
                  70182214    00000004     libclang_rt.builtins.a : aeabi_memmove.S.obj (.text.__aeabi_memmove)
                  70182218    00000008     --HOLE-- [fill = 0]
                  70182220    000004b0     nortos.am263px.r5f.ti-arm-clang.debug.lib : printf.obj (.text._etoa)
                  701826d0    00000402     yis320_protocol.o (.text.vtable_process_rx_data)
                  70182ad2    0000000e     --HOLE-- [fill = 0]
                  70182ae0    00000400     drivers.am263px.r5f.ti-arm-clang.nortos.debug.lib : uart_v0.obj (.text.UART_open)
                  70182ee0    000003dc                                                       : ipc_notify_v1.obj (.text.IpcNotify_init)
                  701832bc    00000004     --HOLE-- [fill = 0]
                  701832c0    000003bc     main.o (.text.main_loop)
                  7018367c    00000004     --HOLE-- [fill = 0]
                  70183680    000003b0     main.o (.text.core1_init)
                  70183a30    0000030c     can_interface.o (.text.init_single_mcan)
                  70183d3c    00000004     --HOLE-- [fill = 0]
                  70183d40    00000302     drivers.am263px.r5f.ti-arm-clang.nortos.debug.lib : soc.obj (.text.SOC_virtToPhy)
                  70184042    0000000e     --HOLE-- [fill = 0]
                  70184050    000002f4     motor_mapping.o (.text.motor_mapping_init_core1)
                  70184344    0000000c     --HOLE-- [fill = 0]
                  70184350    000002a8     drivers.am263px.r5f.ti-arm-clang.nortos.debug.lib : mcan.obj (.text.MCAN_msgRAMConfig)
                  701845f8    00000008     --HOLE-- [fill = 0]
                  70184600    0000027e                                                       : uart_dma_edma.obj (.text.UART_edmaChInit)
                  7018487e    00000002     --HOLE-- [fill = 0]
                  70184880    00000250                                                       : edma.obj (.text.Alloc_resource)
                  70184ad0    00000242                                                       : uart_v0_lld.obj (.text.UART_fifoConfig)
                  70184d12    0000000e     --HOLE-- [fill = 0]
                  70184d20    0000023e     nortos.am263px.r5f.ti-arm-clang.debug.lib : printf.obj (.text._ntoa_format)
                  70184f5e    00000002     --HOLE-- [fill = 0]
                  70184f60    00000226     drivers.am263px.r5f.ti-arm-clang.nortos.debug.lib : uart_dma_edma.obj (.text.UART_lld_dmaDeInit)
                  70185186    0000000a     --HOLE-- [fill = 0]
                  70185190    00000222                                                       : ipc_notify_v1.obj (.text.IpcNotify_isr)
                  701853b2    0000000e     --HOLE-- [fill = 0]
                  701853c0    00000220     can_interface.o (.text.CAN_TransmitBatch)
                  701855e0    000001d6     nortos.am263px.r5f.ti-arm-clang.debug.lib : TimerP_rti_priv.obj (.text.TimerP_setupPriv)
                  701857b6    0000000a     --HOLE-- [fill = 0]
                  701857c0    000001aa     drivers.am263px.r5f.ti-arm-clang.nortos.debug.lib : uart_dma_edma.obj (.text.UART_lld_dmaWrite)
                  7018596a    00000006     --HOLE-- [fill = 0]
                  70185970    000001aa     can_interface.o (.text.can_rx_isr)
                  70185b1a    00000006     --HOLE-- [fill = 0]
                  70185b20    000001a8     drivers.am263px.r5f.ti-arm-clang.nortos.debug.lib : uart_v0.obj (.text.UART_close)
                  70185cc8    00000008     --HOLE-- [fill = 0]
                  70185cd0    000001a4     main.o (.text.process_can_rx)
                  70185e74    0000000c     --HOLE-- [fill = 0]
                  70185e80    00000198     drivers.am263px.r5f.ti-arm-clang.nortos.debug.lib : uart_v0_lld.obj (.text.UART_lld_controllerIsr)
                  70186018    00000008     --HOLE-- [fill = 0]
                  70186020    00000188     can_interface.o (.text.CAN_StartRxInterrupts)
                  701861a8    00000008     --HOLE-- [fill = 0]
                  701861b0    00000186     drivers.am263px.r5f.ti-arm-clang.nortos.debug.lib : mcan.obj (.text.MCAN_readMsg)
                  70186336    0000000a     --HOLE-- [fill = 0]
                  70186340    00000184                                                       : mcan.obj (.text.MCAN_calcMsgRamParamsStartAddr)
                  701864c4    0000000c     --HOLE-- [fill = 0]
                  701864d0    00000162                                                       : edma.obj (.text.EDMA_unregisterIntr)
                  70186632    0000000e     --HOLE-- [fill = 0]
                  70186640    00000158                                                       : soc.obj (.text.SOC_controlModuleUnlockMMR)
                  70186798    00000008     --HOLE-- [fill = 0]
                  701867a0    00000152                                                       : uart_v0_lld.obj (.text.UART_lld_initDma)
                  701868f2    0000000e     --HOLE-- [fill = 0]
                  70186900    00000150     nortos.am263px.r5f.ti-arm-clang.debug.lib : DebugP_shmLogWriter.obj (.text.DebugP_shmLogWriterPutChar)
                  70186a50    00000150     drivers.am263px.r5f.ti-arm-clang.nortos.debug.lib : mcan.obj (.text.MCAN_writeMsg)
                  70186ba0    0000014e     yis320_protocol.o (.text.parse_imu_frame)
                  70186cee    00000002     --HOLE-- [fill = 0]
                  70186cf0    0000014c     drivers.am263px.r5f.ti-arm-clang.nortos.debug.lib : mcan.obj (.text.MCAN_setBitTime)
                  70186e3c    00000004     --HOLE-- [fill = 0]
                  70186e40    00000142     imu_interface_isr.o (.text.imu_uart_isr_init)
                  70186f82    0000000e     --HOLE-- [fill = 0]
                  70186f90    00000140     can_interface.o (.text.CAN_Init)
                  701870d0    0000013a     drivers.am263px.r5f.ti-arm-clang.nortos.debug.lib : edma.obj (.text.EDMA_isDmaChannelAllocated)
                  7018720a    00000006     --HOLE-- [fill = 0]
                  70187210    00000138                                                       : mcan.obj (.text.MCAN_readMsgRam)
                  70187348    00000008     --HOLE-- [fill = 0]
                  70187350    00000138     nortos.am263px.r5f.ti-arm-clang.debug.lib : printf.obj (.text._ntoa_long_long)
                  70187488    00000008     --HOLE-- [fill = 0]
                  70187490    00000136                                               : ClockP_nortos_r5.obj (.text.ClockP_init)
                  701875c6    0000000a     --HOLE-- [fill = 0]
                  701875d0    00000136     drivers.am263px.r5f.ti-arm-clang.nortos.debug.lib : uart_v0_lld.obj (.text.UART_procLineStatusErr)
                  70187706    0000000a     --HOLE-- [fill = 0]
                  70187710    00000134                                                       : edma.obj (.text.EDMA_registerIntr)
                  70187844    0000000c     --HOLE-- [fill = 0]
                  70187850    00000134                                                       : mcan.obj (.text.MCAN_init)
                  70187984    0000000c     --HOLE-- [fill = 0]
                  70187990    0000012c                                                       : uart_v0_lld.obj (.text.UART_lld_init)
                  70187abc    00000004     --HOLE-- [fill = 0]
                  70187ac0    0000012a                                                       : mcan.obj (.text.MCAN_config)
                  70187bea    00000006     --HOLE-- [fill = 0]
                  70187bf0    00000126                                                       : soc.obj (.text.SOC_controlModuleLockMMR)
                  70187d16    0000000a     --HOLE-- [fill = 0]
                  70187d20    00000120                                                       : soc_rcm.obj (.text.SOC_rcmGetPeripheralClockFrequency)
                  70187e40    00000120     can_interface.o (.text.init_can_stb_gpios)
                  70187f60    0000011c     nortos.am263px.r5f.ti-arm-clang.debug.lib : DebugP_shmLogWriter.obj (.text.DebugP_shmLogWriterPutLine)
                  7018807c    00000004     --HOLE-- [fill = 0]
                  70188080    0000011c     drivers.am263px.r5f.ti-arm-clang.nortos.debug.lib : uart_dma_edma.obj (.text.UART_lld_dmaRead)
                  7018819c    00000118     libclang_rt.builtins.a : udivmoddi4.S.obj (.text)
                  701882b4    0000000c     --HOLE-- [fill = 0]
                  701882c0    00000116     drivers.am263px.r5f.ti-arm-clang.nortos.debug.lib : edma.obj (.text.EDMA_isTccAllocated)
                  701883d6    0000000a     --HOLE-- [fill = 0]
                  701883e0    00000116                                                       : uart_v0_lld.obj (.text.UART_divisorLatchWrite)
                  701884f6    0000000a     --HOLE-- [fill = 0]
                  70188500    00000114     nortos.am263px.r5f.ti-arm-clang.debug.lib : printf.obj (.text._ntoa_long)
                  70188614    0000000c     --HOLE-- [fill = 0]
                  70188620    0000010e     drivers.am263px.r5f.ti-arm-clang.nortos.debug.lib : soc_rcm.obj (.text.SOC_rcmADPLLJGetFOut)
                  7018872e    00000002     --HOLE-- [fill = 0]
                  70188730    0000010a                                                       : ipc_notify_v1.obj (.text.IpcNotify_sendMsg)
                  7018883a    00000006     --HOLE-- [fill = 0]
                  70188840    00000104                                                       : uart_v0_lld.obj (.text.UART_configInstance)
                  70188944    0000000c     --HOLE-- [fill = 0]
                  70188950    00000102     ti_drivers_config.o (.text.GPIO_init)
                  70188a52    0000000e     --HOLE-- [fill = 0]
                  70188a60    00000102     nortos.am263px.r5f.ti-arm-clang.debug.lib : SemaphoreP_nortos.obj (.text.SemaphoreP_pend)
                  70188b62    0000000e     --HOLE-- [fill = 0]
                  70188b70    00000102     gateway_shared.o (.text.gateway_ringbuf_read)
                  70188c72    0000000e     --HOLE-- [fill = 0]
                  70188c80    000000ec     gateway_shared.o (.text.gateway_write_motor_config)
                  70188d6c    00000004     --HOLE-- [fill = 0]
                  70188d70    000000ec     main.o (.text.process_motor_commands)
                  70188e5c    00000004     --HOLE-- [fill = 0]
                  70188e60    000000e6     drivers.am263px.r5f.ti-arm-clang.nortos.debug.lib : soc_rcm.obj (.text.SOC_rcmGetCoreFout)
                  70188f46    0000000a     --HOLE-- [fill = 0]
                  70188f50    000000e6                                                       : soc_rcm.obj (.text.SOC_rcmGetPerFout)
                  70189036    0000000a     --HOLE-- [fill = 0]
                  70189040    000000e4                                                       : edma.obj (.text.EDMA_freeChannelRegion)
                  70189124    0000000c     --HOLE-- [fill = 0]
                  70189130    000000e2                                                       : edma.obj (.text.EDMA_freeParam)
                  70189212    0000000e     --HOLE-- [fill = 0]
                  70189220    000000e0                                                       : edma.obj (.text.EDMA_freeDmaChannel)
                  70189300    000000e0                                                       : edma.obj (.text.EDMA_freeTcc)
                  701893e0    000000de                                                       : uart_v0_lld.obj (.text.UART_intrEnable)
                  701894be    00000002     --HOLE-- [fill = 0]
                  701894c0    000000da                                                       : uart_v0_lld.obj (.text.UART_intrDisable)
                  7018959a    00000006     --HOLE-- [fill = 0]
                  701895a0    000000d0     nortos.am263px.r5f.ti-arm-clang.debug.lib : AddrTranslateP_32bit.obj (.text.AddrTranslateP_getLocalAddr)
                  70189670    000000ce     drivers.am263px.r5f.ti-arm-clang.nortos.debug.lib : edma.obj (.text.EDMA_disableChInShadowRegRegion)
                  7018973e    00000002     --HOLE-- [fill = 0]
                  70189740    000000cc                                                       : edma.obj (.text.EDMA_enableChInShadowRegRegion)
                  7018980c    00000004     --HOLE-- [fill = 0]
                  70189810    000000c4                                                       : edma.obj (.text.EDMA_mapChToEvtQ)
                  701898d4    0000000c     --HOLE-- [fill = 0]
                  701898e0    000000c0                                                       : edma.obj (.text.EDMA_configureChannelRegion)
                  701899a0    000000c0                                                       : soc_rcm.obj (.text.SOC_rcmGetPerHSDivOut)
                  70189a60    000000c0                                                       : uart_v0.obj (.text.UART_flushTxFifo)
                  70189b20    000000c0     nortos.am263px.r5f.ti-arm-clang.debug.lib : printf.obj (.text._out_rev)
                  70189be0    000000be                                               : ClockP_nortos.obj (.text.ClockP_timerTickIsr)
                  70189c9e    00000002     --HOLE-- [fill = 0]
                  70189ca0    000000be     ti_dpl_config.o (.text.TimerP_init)
                  70189d5e    00000002     --HOLE-- [fill = 0]
                  70189d60    000000ba     nortos.am263px.r5f.ti-arm-clang.debug.lib : ClockP_nortos.obj (.text.ClockP_stop)
                  70189e1a    00000006     --HOLE-- [fill = 0]
                  70189e20    000000ba     drivers.am263px.r5f.ti-arm-clang.nortos.debug.lib : ipc_notify_v1.obj (.text.IpcNotify_waitSync)
                  70189eda    00000006     --HOLE-- [fill = 0]
                  70189ee0    000000ba     gateway_shared.o (.text.gateway_write_motor_states)
                  70189f9a    00000006     --HOLE-- [fill = 0]
                  70189fa0    000000ba     nortos.am263px.r5f.ti-arm-clang.debug.lib : PmuP_armv7r.obj (.text.pmu)
                  7018a05a    00000006     --HOLE-- [fill = 0]
                  7018a060    000000b0     drivers.am263px.r5f.ti-arm-clang.nortos.debug.lib : mcan.obj (.text.MCAN_writeMsgRam)
                  7018a110    000000b0                                                       : soc_rcm.obj (.text.SOC_rcmSetPeripheralClock)
                  7018a1c0    000000b0                                                       : uart_v0.obj (.text.UART_init)
                  7018a270    000000b0     imu_interface_isr.o (.text.imu_uart_isr)
                  7018a320    000000ae     drivers.am263px.r5f.ti-arm-clang.nortos.debug.lib : mcan.obj (.text.MCAN_getOffsetAddr)
                  7018a3ce    00000002     --HOLE-- [fill = 0]
                  7018a3d0    000000ac     gateway_shared.o (.text.gateway_core1_wait_for_ready)
                  7018a47c    00000004     --HOLE-- [fill = 0]
                  7018a480    000000a8     nortos.am263px.r5f.ti-arm-clang.debug.lib : ClockP_nortos.obj (.text.ClockP_addToList)
                  7018a528    00000008     --HOLE-- [fill = 0]
                  7018a530    000000a8                                               : ClockP_nortos.obj (.text.ClockP_destruct)
                  7018a5d8    00000008     --HOLE-- [fill = 0]
                  7018a5e0    000000a8     ti_drivers_open_close.o (.text.Drivers_uartOpen)
                  7018a688    00000008     --HOLE-- [fill = 0]
                  7018a690    000000a0     drivers.am263px.r5f.ti-arm-clang.nortos.debug.lib : soc_rcm.obj (.text.SOC_rcmGetCoreHSDivOut)
                  7018a730    0000009e     gateway_shared.o (.text.gateway_core1_ipc_callback)
                  7018a7ce    00000002     --HOLE-- [fill = 0]
                  7018a7d0    0000009e     main.o (.text.ipc_notify_callback_fxn)
                  7018a86e    00000002     --HOLE-- [fill = 0]
                  7018a870    0000009e     yis320_protocol.o (.text.validate_checksum)
                  7018a90e    00000002     --HOLE-- [fill = 0]
                  7018a910    0000009a     imu_interface_isr.o (.text.imu_uart_read)
                  7018a9aa    00000006     --HOLE-- [fill = 0]
                  7018a9b0    00000098     drivers.am263px.r5f.ti-arm-clang.nortos.debug.lib : ipc_notify_v1.obj (.text.IpcNotify_registerClient)
                  7018aa48    00000008     --HOLE-- [fill = 0]
                  7018aa50    00000096                                                       : uart_v0_lld.obj (.text.UART_subConfigTCRTLRModeEn)
                  7018aae6    0000000a     --HOLE-- [fill = 0]
                  7018aaf0    00000092     nortos.am263px.r5f.ti-arm-clang.debug.lib : ClockP_nortos.obj (.text.ClockP_getTimeUsec)
                  7018ab82    0000000e     --HOLE-- [fill = 0]
                  7018ab90    00000092     drivers.am263px.r5f.ti-arm-clang.nortos.debug.lib : edma.obj (.text.EDMA_unmapChToEvtQ)
                  7018ac22    0000000e     --HOLE-- [fill = 0]
                  7018ac30    00000092     motor_mapping.o (.text.float_to_uint)
                  7018acc2    0000000e     --HOLE-- [fill = 0]
                  7018acd0    00000092     yis320_protocol.o (.text.yis320_convert_to_ipc)
                  7018ad62    0000000e     --HOLE-- [fill = 0]
                  7018ad70    0000008c     drivers.am263px.r5f.ti-arm-clang.nortos.debug.lib : edma.obj (.text.EDMA_disableTransferRegion)
                  7018adfc    00000004     --HOLE-- [fill = 0]
                  7018ae00    0000008c                                                       : edma.obj (.text.EDMA_enableTransferRegion)
                  7018ae8c    00000004     --HOLE-- [fill = 0]
                  7018ae90    00000088                                                       : uart_dma_edma.obj (.text.UART_edmaIsrRx)
                  7018af18    00000008     --HOLE-- [fill = 0]
                  7018af20    00000088                                                       : uart_dma_edma.obj (.text.UART_edmaIsrTx)
                  7018afa8    00000008     --HOLE-- [fill = 0]
                  7018afb0    00000086                                                       : uart_v0_lld.obj (.text.UART_lld_flushTxFifo)
                  7018b036    0000000a     --HOLE-- [fill = 0]
                  7018b040    00000086                                                       : uart_v0_lld.obj (.text.UART_tcrTlrBitValRestore)
                  7018b0c6    0000000a     --HOLE-- [fill = 0]
                  7018b0d0    00000082                                                       : edma.obj (.text.EDMA_allocDmaChannel)
                  7018b152    0000000e     --HOLE-- [fill = 0]
                  7018b160    00000082                                                       : edma.obj (.text.EDMA_allocParam)
                  7018b1e2    0000000e     --HOLE-- [fill = 0]
                  7018b1f0    00000082                                                       : edma.obj (.text.EDMA_allocTcc)
                  7018b272    0000000e     --HOLE-- [fill = 0]
                  7018b280    00000082                                                       : edma.obj (.text.EDMA_disableTccInShadowRegRegion)
                  7018b302    0000000e     --HOLE-- [fill = 0]
                  7018b310    00000082                                                       : edma.obj (.text.EDMA_enableTccInShadowRegRegion)
                  7018b392    0000000e     --HOLE-- [fill = 0]
                  7018b3a0    00000082                                                       : ipc_notify_v1.obj (.text.IpcNotify_syncAll)
                  7018b422    0000000e     --HOLE-- [fill = 0]
                  7018b430    00000082     imu_protocol_handler.o (.text.imu_protocol_manager_init)
                  7018b4b2    0000000e     --HOLE-- [fill = 0]
                  7018b4c0    00000080     drivers.am263px.r5f.ti-arm-clang.nortos.debug.lib : mcan.obj (.text.MCAN_addStdMsgIDFilter)
                  7018b540    00000080                                                       : uart_v0_lld.obj (.text.UART_moduleReset)
                  7018b5c0    0000007e     ti_drivers_config.o (.text.System_init)
                  7018b63e    00000002     --HOLE-- [fill = 0]
                  7018b640    0000007e     drivers.am263px.r5f.ti-arm-clang.nortos.debug.lib : uart_v0_lld.obj (.text.UART_readData)
                  7018b6be    00000002     --HOLE-- [fill = 0]
                  7018b6c0    0000007c     nortos.am263px.r5f.ti-arm-clang.debug.lib : DebugP_log.obj (.text._DebugP_assert)
                  7018b73c    00000004     --HOLE-- [fill = 0]
                  7018b740    0000007c     gateway_shared.o (.text.gateway_ringbuf_core1_init)
                  7018b7bc    00000004     --HOLE-- [fill = 0]
                  7018b7c0    0000007a     drivers.am263px.r5f.ti-arm-clang.nortos.debug.lib : ipc_notify_v1.obj (.text.IpcNotify_mailboxWrite)
                  7018b83a    00000006     --HOLE-- [fill = 0]
                  7018b840    0000007a                                                       : uart_v0.obj (.text.UART_Params_init)
                  7018b8ba    00000006     --HOLE-- [fill = 0]
                  7018b8c0    00000078                                                       : edma.obj (.text.EDMA_linkChannel)
                  7018b938    00000008     --HOLE-- [fill = 0]
                  7018b940    00000074                                                       : uart_v0_lld.obj (.text.UART_IsBaseAddrValid)
                  7018b9b4    0000000c     --HOLE-- [fill = 0]
                  7018b9c0    00000072     nortos.am263px.r5f.ti-arm-clang.debug.lib : ClockP_nortos.obj (.text.ClockP_usleep)
                  7018ba32    0000000e     --HOLE-- [fill = 0]
                  7018ba40    00000072     drivers.am263px.r5f.ti-arm-clang.nortos.debug.lib : edma.obj (.text.EDMA_clrMissEvtRegion)
                  7018bab2    0000000e     --HOLE-- [fill = 0]
                  7018bac0    00000072                                                       : ipc_notify_v1.obj (.text.IpcNotify_makeMsg)
                  7018bb32    0000000e     --HOLE-- [fill = 0]
                  7018bb40    0000006e     yis320_protocol.o (.text.find_frame_header_limited)
                  7018bbae    00000002     --HOLE-- [fill = 0]
                  7018bbb0    0000006a     drivers.am263px.r5f.ti-arm-clang.nortos.debug.lib : ipc_notify_v1.obj (.text.IpcNotify_mailboxReadSwQ)
                  7018bc1a    00000006     --HOLE-- [fill = 0]
                  7018bc20    00000068                                                       : edma.obj (.text.EDMA_getBaseAddr)
                  7018bc88    00000008     --HOLE-- [fill = 0]
                  7018bc90    00000068                                                       : uart_v0_lld.obj (.text.UART_divisorValCompute)
                  7018bcf8    00000008     --HOLE-- [fill = 0]
                  7018bd00    00000068     imu_protocol_handler.o (.text.imu_protocol_get_state)
                  7018bd68    00000008     --HOLE-- [fill = 0]
                  7018bd70    00000064     drivers.am263px.r5f.ti-arm-clang.nortos.debug.lib : soc_rcm.obj (.text.SOC_rcmGetR5Clock)
                  7018bdd4    0000000c     --HOLE-- [fill = 0]
                  7018bde0    00000064                                                       : soc_rcm.obj (.text.SOC_rcmIsR5FInLockStepMode)
                  7018be44    0000000c     --HOLE-- [fill = 0]
                  7018be50    00000064                                                       : uart_v0_lld.obj (.text.UART_fifoRegisterWrite)
                  7018beb4    0000000c     --HOLE-- [fill = 0]
                  7018bec0    00000064                                                       : uart_v0_lld.obj (.text.UART_lld_deInitDma)
                  7018bf24    0000000c     --HOLE-- [fill = 0]
                  7018bf30    00000064     imu_protocol_handler.o (.text.imu_protocol_process_uart_rx)
                  7018bf94    0000000c     --HOLE-- [fill = 0]
                  7018bfa0    00000062     drivers.am263px.r5f.ti-arm-clang.nortos.debug.lib : mcan.obj (.text.MCAN_enableIntr)
                  7018c002    0000000e     --HOLE-- [fill = 0]
                  7018c010    00000062                                                       : mcan.obj (.text.MCAN_initTxBufElement)
                  7018c072    0000000e     --HOLE-- [fill = 0]
                  7018c080    00000062                                                       : soc_rcm.obj (.text.SOC_rcmInsert16)
                  7018c0e2    0000000e     --HOLE-- [fill = 0]
                  7018c0f0    00000062     nortos.am263px.r5f.ti-arm-clang.debug.lib : SemaphoreP_nortos.obj (.text.SemaphoreP_post)
                  7018c152    0000000e     --HOLE-- [fill = 0]
                  7018c160    00000060     drivers.am263px.r5f.ti-arm-clang.nortos.debug.lib : mcan.obj (.text.MCAN_selectIntrLine)
                  7018c1c0    00000060                                                       : uart_v0_lld.obj (.text.UART_getChar)
                  7018c220    00000060                                                       : uart_v0_lld.obj (.text.UART_writeData)
                  7018c280    0000005e     yis320_protocol.o (.text.yis320_protocol_handler_init)
                  7018c2de    00000002     --HOLE-- [fill = 0]
                  7018c2e0    0000005c     ti_power_clock_config.o (.text.Module_clockSetFrequency)
                  7018c33c    00000004     --HOLE-- [fill = 0]
                  7018c340    0000005c     drivers.am263px.r5f.ti-arm-clang.nortos.debug.lib : uart_v0_lld.obj (.text.UART_lld_deInit)
                  7018c39c    00000004     --HOLE-- [fill = 0]
                  7018c3a0    0000005a                                                       : uart_v0_lld.obj (.text.UART_regConfigModeEnable)
                  7018c3fa    00000006     --HOLE-- [fill = 0]
                  7018c400    00000058                                                       : soc_rcm.obj (.text.SOC_rcmGetModuleClkDivVal)
                  7018c458    00000008     --HOLE-- [fill = 0]
                  7018c460    00000058     yis320_protocol.o (.text.parse_angular_velocity)
                  7018c4b8    00000008     --HOLE-- [fill = 0]
                  7018c4c0    00000058     yis320_protocol.o (.text.parse_euler_angles)
                  7018c518    00000008     --HOLE-- [fill = 0]
                  7018c520    00000056     drivers.am263px.r5f.ti-arm-clang.nortos.debug.lib : uart_v0.obj (.text.UART_lld_readCompleteCallback)
                  7018c576    0000000a     --HOLE-- [fill = 0]
                  7018c580    00000056                                                       : uart_v0.obj (.text.UART_lld_writeCompleteCallback)
                  7018c5d6    0000000a     --HOLE-- [fill = 0]
                  7018c5e0    00000056     gateway_shared.o (.text.gateway_write_imu_state)
                  7018c636    0000000a     --HOLE-- [fill = 0]
                  7018c640    00000056     motor_mapping.o (.text.uint16_to_float)
                  7018c696    0000000a     --HOLE-- [fill = 0]
                  7018c6a0    00000056     yis320_protocol.o (.text.vtable_initialize)
                  7018c6f6    0000000a     --HOLE-- [fill = 0]
                  7018c700    00000054     ti_dpl_config.o (.text.Dpl_init)
                  7018c754    0000000c     --HOLE-- [fill = 0]
                  7018c760    00000054     drivers.am263px.r5f.ti-arm-clang.nortos.debug.lib : edma.obj (.text.EDMA_setPaRAM)
                  7018c7b4    0000000c     --HOLE-- [fill = 0]
                  7018c7c0    00000054                                                       : uart_v0_lld.obj (.text.UART_OperModeValid)
                  7018c814    0000000c     --HOLE-- [fill = 0]
                  7018c820    00000054     main.o (.text.main)
                  7018c874    00000054     libc.a : autoinit.c.obj (.text:__TI_auto_init_nobinit_nopinit)
                  7018c8c8    00000008     --HOLE-- [fill = 0]
                  7018c8d0    00000050     ti_drivers_open_close.o (.text.Drivers_uartClose)
                  7018c920    00000050     drivers.am263px.r5f.ti-arm-clang.nortos.debug.lib : pinmux.obj (.text.Pinmux_config)
                  7018c970    00000050                                                       : uart_v0_lld.obj (.text.UART_checkCharsAvailInFifo)
                  7018c9c0    0000004e     nortos.am263px.r5f.ti-arm-clang.debug.lib : DebugP_shmLogWriter.obj (.text.DebugP_shmLogWriterInit)
                  7018ca0e    00000002     --HOLE-- [fill = 0]
                  7018ca10    0000004e     drivers.am263px.r5f.ti-arm-clang.nortos.debug.lib : edma.obj (.text.EDMA_clrEvtRegion)
                  7018ca5e    00000002     --HOLE-- [fill = 0]
                  7018ca60    0000004e                                                       : edma.obj (.text.EDMA_disableDmaEvtRegion)
                  7018caae    00000002     --HOLE-- [fill = 0]
                  7018cab0    0000004e                                                       : edma.obj (.text.EDMA_disableEvtIntrRegion)
                  7018cafe    00000002     --HOLE-- [fill = 0]
                  7018cb00    0000004e                                                       : edma.obj (.text.EDMA_enableDmaEvtRegion)
                  7018cb4e    00000002     --HOLE-- [fill = 0]
                  7018cb50    0000004e                                                       : edma.obj (.text.EDMA_enableEvtIntrRegion)
                  7018cb9e    00000002     --HOLE-- [fill = 0]
                  7018cba0    0000004e                                                       : edma.obj (.text.EDMA_setEvtRegion)
                  7018cbee    00000002     --HOLE-- [fill = 0]
                  7018cbf0    0000004e                                                       : gpio.obj (.text.GPIO_setDirMode)
                  7018cc3e    00000002     --HOLE-- [fill = 0]
                  7018cc40    0000004e                                                       : mcan.obj (.text.MCAN_enableIntrLine)
                  7018cc8e    00000002     --HOLE-- [fill = 0]
                  7018cc90    0000004c     nortos.am263px.r5f.ti-arm-clang.debug.lib : ClockP_nortos.obj (.text.ClockP_construct)
                  7018ccdc    00000004     --HOLE-- [fill = 0]
                  7018cce0    0000004c     drivers.am263px.r5f.ti-arm-clang.nortos.debug.lib : edma.obj (.text.EDMA_ccPaRAMEntry_init)
                  7018cd2c    00000004     --HOLE-- [fill = 0]
                  7018cd30    0000004c                                                       : edma.obj (.text.EDMA_mapQdmaChToPaRAM)
                  7018cd7c    00000004     --HOLE-- [fill = 0]
                  7018cd80    0000004c                                                       : edma.obj (.text.EDMA_readEventStatusRegion)
                  7018cdcc    00000004     --HOLE-- [fill = 0]
                  7018cdd0    0000004c                                                       : ipc_notify_v1.obj (.text.IpcNotify_unregisterClient)
                  7018ce1c    00000004     --HOLE-- [fill = 0]
                  7018ce20    0000004c     ti_power_clock_config.o (.text.Module_clockEnable)
                  7018ce6c    00000004     --HOLE-- [fill = 0]
                  7018ce70    0000004c     gateway_shared.o (.text.gateway_update_stat)
                  7018cebc    0000004c     libc.a : memmov.c.obj (.text.memmove)
                  7018cf08    00000008     --HOLE-- [fill = 0]
                  7018cf10    0000004c     yis320_protocol.o (.text.parse_quaternion)
                  7018cf5c    00000004     --HOLE-- [fill = 0]
                  7018cf60    0000004c     main.o (.text.timerISR)
                  7018cfac    00000004     --HOLE-- [fill = 0]
                  7018cfb0    0000004a     drivers.am263px.r5f.ti-arm-clang.nortos.debug.lib : ipc_notify_v1.obj (.text.IpcNotify_Params_init)
                  7018cffa    00000006     --HOLE-- [fill = 0]
                  7018d000    0000004a                                                       : soc_rcm.obj (.text.SOC_rcmGetCR5SysclkInFrequency)
                  7018d04a    00000006     --HOLE-- [fill = 0]
                  7018d050    0000004a                                                       : uart_v0_lld.obj (.text.UART_getIntrIdentityStatus)
                  7018d09a    00000006     --HOLE-- [fill = 0]
                  7018d0a0    0000004a                                                       : uart_v0_lld.obj (.text.UART_lineCharConfig)
                  7018d0ea    00000006     --HOLE-- [fill = 0]
                  7018d0f0    0000004a     main.o (.text.motor_get_index)
                  7018d13a    00000006     --HOLE-- [fill = 0]
                  7018d140    00000048     can_interface.o (.text.CAN_RegisterRxCallback)
                  7018d188    00000008     --HOLE-- [fill = 0]
                  7018d190    00000048     drivers.am263px.r5f.ti-arm-clang.nortos.debug.lib : uart_v0_lld.obj (.text.UART_resetModule)
                  7018d1d8    00000008     --HOLE-- [fill = 0]
                  7018d1e0    00000046                                                       : uart_v0_lld.obj (.text.UART_i2310WA)
                  7018d226    0000000a     --HOLE-- [fill = 0]
                  7018d230    00000046                                                       : uart_v0_lld.obj (.text.UART_readLineStatus)
                  7018d276    0000000a     --HOLE-- [fill = 0]
                  7018d280    00000046     imu_protocol_handler.o (.text.imu_protocol_handler_init)
                  7018d2c6    0000000a     --HOLE-- [fill = 0]
                  7018d2d0    00000044     drivers.am263px.r5f.ti-arm-clang.nortos.debug.lib : ipc_notify_v1.obj (.text.IpcNotify_getWriteMailbox)
                  7018d314    0000000c     --HOLE-- [fill = 0]
                  7018d320    00000044                                                       : soc_rcm.obj (.text.SOC_rcmExtract8)
                  7018d364    0000000c     --HOLE-- [fill = 0]
                  7018d370    00000044                                                       : soc_rcm.obj (.text.SOC_rcmMake16)
                  7018d3b4    0000000c     --HOLE-- [fill = 0]
                  7018d3c0    00000044     nortos.am263px.r5f.ti-arm-clang.debug.lib : SemaphoreP_nortos.obj (.text.SemaphoreP_construct)
                  7018d404    0000000c     --HOLE-- [fill = 0]
                  7018d410    00000044                                               : DebugP_nortos.obj (.text._DebugP_logZone)
                  7018d454    0000000c     --HOLE-- [fill = 0]
                  7018d460    00000044                                               : printf.obj (.text._strnlen_s)
                  7018d4a4    0000000c     --HOLE-- [fill = 0]
                  7018d4b0    00000042                                               : ClockP_nortos.obj (.text.ClockP_start)
                  7018d4f2    0000000e     --HOLE-- [fill = 0]
                  7018d500    00000042     drivers.am263px.r5f.ti-arm-clang.nortos.debug.lib : uart_v0.obj (.text.UART_checkOpenParams)
                  7018d542    0000000e     --HOLE-- [fill = 0]
                  7018d550    00000040     imu_protocol_handler.o (.text.imu_protocol_update_state)
                  7018d590    0000003e     drivers.am263px.r5f.ti-arm-clang.nortos.debug.lib : pinmux.obj (.text.Pinmux_unlockMMR)
                  7018d5ce    00000002     --HOLE-- [fill = 0]
                  7018d5d0    0000003e                                                       : uart_v0_lld.obj (.text.UART_IsHWFlowCtrlValid)
                  7018d60e    00000002     --HOLE-- [fill = 0]
                  7018d610    0000003e                                                       : uart_v0_lld.obj (.text.UART_spaceAvail)
                  7018d64e    00000002     --HOLE-- [fill = 0]
                  7018d650    0000003e     gateway_shared.o (.text.gateway_core1_init)
                  7018d68e    00000002     --HOLE-- [fill = 0]
                  7018d690    0000003e     gateway_shared.o (.text.gateway_update_heartbeat)
                  7018d6ce    00000002     --HOLE-- [fill = 0]
                  7018d6d0    0000003c     drivers.am263px.r5f.ti-arm-clang.nortos.debug.lib : uart_v0_lld.obj (.text.UART_IsParityTypeValid)
                  7018d70c    00000004     --HOLE-- [fill = 0]
                  7018d710    0000003c                                                       : uart_v0_lld.obj (.text.UART_IsTxRxFifoEmpty)
                  7018d74c    00000004     --HOLE-- [fill = 0]
                  7018d750    0000003c                                                       : uart_v0_lld.obj (.text.UART_enhanFuncEnable)
                  7018d78c    00000004     --HOLE-- [fill = 0]
                  7018d790    0000003a                                                       : mcan.obj (.text.MCAN_txBufAddReq)
                  7018d7ca    00000006     --HOLE-- [fill = 0]
                  7018d7d0    0000003a                                                       : soc.obj (.text.SOC_moduleSetClockFrequency)
                  7018d80a    00000006     --HOLE-- [fill = 0]
                  7018d810    0000003a     nortos.am263px.r5f.ti-arm-clang.debug.lib : printf.obj (.text._atoi)
                  7018d84a    00000006     --HOLE-- [fill = 0]
                  7018d850    0000003a     main.o (.text.init_1000hz_timer)
                  7018d88a    00000006     --HOLE-- [fill = 0]
                  7018d890    0000003a     nortos.am263px.r5f.ti-arm-clang.debug.lib : printf.obj (.text.snprintf_)
                  7018d8ca    00000006     --HOLE-- [fill = 0]
                  7018d8d0    00000038     drivers.am263px.r5f.ti-arm-clang.nortos.debug.lib : soc.obj (.text.SOC_getCoreName)
                  7018d908    00000038     nortos.am263px.r5f.ti-arm-clang.debug.lib : PmuP_armv7r_asm.obj (.text.pmu)
                  7018d940    00000038     yis320_protocol.o (.text.vtable_is_connected)
                  7018d978    00000008     --HOLE-- [fill = 0]
                  7018d980    00000036     drivers.am263px.r5f.ti-arm-clang.nortos.debug.lib : edma.obj (.text.EDMA_getRegionId)
                  7018d9b6    0000000a     --HOLE-- [fill = 0]
                  7018d9c0    00000036     can_interface.o (.text.GPIO_pinWriteLow)
                  7018d9f6    0000000a     --HOLE-- [fill = 0]
                  7018da00    00000036     ti_drivers_config.o (.text.GPIO_pinWriteLow)
                  7018da36    0000000a     --HOLE-- [fill = 0]
                  7018da40    00000036     drivers.am263px.r5f.ti-arm-clang.nortos.debug.lib : ipc_notify_v1.obj (.text.IpcNotify_syncCallback)
                  7018da76    0000000a     --HOLE-- [fill = 0]
                  7018da80    00000034                                                       : mcan.obj (.text.MCAN_SsAddr)
                  7018dab4    0000000c     --HOLE-- [fill = 0]
                  7018dac0    00000034                                                       : mcan.obj (.text.MCAN_calcCfgAddr)
                  7018daf4    0000000c     --HOLE-- [fill = 0]
                  7018db00    00000034                                                       : pinmux.obj (.text.Pinmux_lockMMR)
                  7018db34    0000000c     --HOLE-- [fill = 0]
                  7018db40    00000034     nortos.am263px.r5f.ti-arm-clang.debug.lib : TimerP_rti_priv.obj (.text.TimerP_Params_initPriv)
                  7018db74    0000000c     --HOLE-- [fill = 0]
                  7018db80    00000034     drivers.am263px.r5f.ti-arm-clang.nortos.debug.lib : uart_v0_lld.obj (.text.UART_IsDataLengthValid)
                  7018dbb4    0000000c     --HOLE-- [fill = 0]
                  7018dbc0    00000034     motor_mapping.o (.text.motor_get_config)
                  7018dbf4    0000000c     --HOLE-- [fill = 0]
                  7018dc00    00000032     drivers.am263px.r5f.ti-arm-clang.nortos.debug.lib : mcan.obj (.text.HW_WR_FIELD32_RAW)
                  7018dc32    0000000e     --HOLE-- [fill = 0]
                  7018dc40    00000032                                                       : uart_v0_lld.obj (.text.HW_WR_FIELD32_RAW)
                  7018dc72    0000000e     --HOLE-- [fill = 0]
                  7018dc80    00000032                                                       : ipc_notify_v1.obj (.text.IpcNotify_mailboxIsPendingIntr)
                  7018dcb2    0000000e     --HOLE-- [fill = 0]
                  7018dcc0    00000032     nortos.am263px.r5f.ti-arm-clang.debug.lib : TimerP_rti_priv.obj (.text.TimerP_getCountPriv)
                  7018dcf2    0000000e     --HOLE-- [fill = 0]
                  7018dd00    00000032     drivers.am263px.r5f.ti-arm-clang.nortos.debug.lib : uart_v0_lld.obj (.text.UART_enhanFuncBitValRestore)
                  7018dd32    0000000e     --HOLE-- [fill = 0]
                  7018dd40    00000032                                                       : uart_v0_lld.obj (.text.UART_hardwareFlowCtrlOptSet)
                  7018dd72    0000000e     --HOLE-- [fill = 0]
                  7018dd80    00000030                                                       : ipc_notify_v1.obj (.text.IpcNotify_getReadSwQ)
                  7018ddb0    00000030                                                       : uart_v0_lld.obj (.text.UART_flowCtrlTrigLvlConfig)
                  7018dde0    00000030     gateway_shared.o (.text.gateway_signal_motor_config_ready)
                  7018de10    0000002e     drivers.am263px.r5f.ti-arm-clang.nortos.debug.lib : uart_dma_edma.obj (.text.UART_lld_dmaInit)
                  7018de3e    00000002     --HOLE-- [fill = 0]
                  7018de40    0000002e     nortos.am263px.r5f.ti-arm-clang.debug.lib : printf.obj (.text._is_digit)
                  7018de6e    00000002     --HOLE-- [fill = 0]
                  7018de70    0000002c                                               : DebugP_log.obj (.text.DebugP_logZoneEnable)
                  7018de9c    00000004     --HOLE-- [fill = 0]
                  7018dea0    0000002c     drivers.am263px.r5f.ti-arm-clang.nortos.debug.lib : ipc_notify_v1.obj (.text.IpcNotify_getReadMailbox)
                  7018decc    00000004     --HOLE-- [fill = 0]
                  7018ded0    0000002c                                                       : mcan.obj (.text.MCAN_clearNewDataStatus)
                  7018defc    00000004     --HOLE-- [fill = 0]
                  7018df00    0000002c                                                       : mcan.obj (.text.MCAN_getNewDataStatus)
                  7018df2c    00000004     --HOLE-- [fill = 0]
                  7018df30    0000002c     nortos.am263px.r5f.ti-arm-clang.debug.lib : SemaphoreP_nortos.obj (.text.SemaphoreP_constructBinary)
                  7018df5c    00000004     --HOLE-- [fill = 0]
                  7018df60    0000002c     yis320_protocol.o (.text.vtable_deinit)
                  7018df8c    00000004     --HOLE-- [fill = 0]
                  7018df90    0000002a     nortos.am263px.r5f.ti-arm-clang.debug.lib : ClockP_nortos.obj (.text.ClockP_sleepTicks)
                  7018dfba    00000006     --HOLE-- [fill = 0]
                  7018dfc0    0000002a     drivers.am263px.r5f.ti-arm-clang.nortos.debug.lib : uart_v0_lld.obj (.text.UART_intr2Disable)
                  7018dfea    00000006     --HOLE-- [fill = 0]
                  7018dff0    0000002a                                                       : uart_v0_lld.obj (.text.UART_operatingModeSelect)
                  7018e01a    00000006     --HOLE-- [fill = 0]
                  7018e020    0000002a     imu_protocol_handler.o (.text.imu_process_rx_data)
                  7018e04a    00000006     --HOLE-- [fill = 0]
                  7018e050    00000028     nortos.am263px.r5f.ti-arm-clang.debug.lib : CpuId_armv7r.obj (.text.CSL_armR5GetCpuID)
                  7018e078    00000008     --HOLE-- [fill = 0]
                  7018e080    00000028                                               : printf.obj (.text.vprintf_)
                  7018e0a8    00000008     --HOLE-- [fill = 0]
                  7018e0b0    00000026     drivers.am263px.r5f.ti-arm-clang.nortos.debug.lib : edma.obj (.text.EDMA_disableQdmaEvtRegion)
                  7018e0d6    0000000a     --HOLE-- [fill = 0]
                  7018e0e0    00000026                                                       : edma.obj (.text.EDMA_enableQdmaEvtRegion)
                  7018e106    0000000a     --HOLE-- [fill = 0]
                  7018e110    00000026                                                       : edma.obj (.text.EDMA_validateIntrObject)
                  7018e136    0000000a     --HOLE-- [fill = 0]
                  7018e140    00000026     ti_drivers_config.o (.text.IpcNotify_allocSwQueue)
                  7018e166    0000000a     --HOLE-- [fill = 0]
                  7018e170    00000026     nortos.am263px.r5f.ti-arm-clang.debug.lib : printf.obj (.text._out_buffer)
                  7018e196    0000000a     --HOLE-- [fill = 0]
                  7018e1a0    00000024     ti_drivers_config.o (.text.IpcNotify_getConfig)
                  7018e1c4    0000000c     --HOLE-- [fill = 0]
                  7018e1d0    00000024     nortos.am263px.r5f.ti-arm-clang.debug.lib : SemaphoreP_nortos.obj (.text.SemaphoreP_constructMutex)
                  7018e1f4    0000000c     --HOLE-- [fill = 0]
                  7018e200    00000024     drivers.am263px.r5f.ti-arm-clang.nortos.debug.lib : uart_v0_lld.obj (.text.UART_IsRxTrigLvlValid)
                  7018e224    0000000c     --HOLE-- [fill = 0]
                  7018e230    00000024                                                       : uart_v0_lld.obj (.text.UART_IsStopBitsValid)
                  7018e254    0000000c     --HOLE-- [fill = 0]
                  7018e260    00000024                                                       : uart_v0_lld.obj (.text.UART_IsTxTrigLvlValid)
                  7018e284    0000000c     --HOLE-- [fill = 0]
                  7018e290    00000024                                                       : uart_v0.obj (.text.UART_getBaseAddr)
                  7018e2b4    00000024     libclang_rt.builtins.a : aeabi_uldivmod.S.obj (.text.__aeabi_uldivmod)
                  7018e2d8    00000008     --HOLE-- [fill = 0]
                  7018e2e0    00000024     nortos.am263px.r5f.ti-arm-clang.debug.lib : printf.obj (.text._out_char)
                  7018e304    0000000c     --HOLE-- [fill = 0]
                  7018e310    00000022     drivers.am263px.r5f.ti-arm-clang.nortos.debug.lib : edma.obj (.text.EDMA_channelToParamMap)
                  7018e332    0000000e     --HOLE-- [fill = 0]
                  7018e340    00000022     gateway_shared.o (.text.gateway_ringbuf_core1_receive)
                  7018e362    0000000e     --HOLE-- [fill = 0]
                  7018e370    00000020     nortos.am263px.r5f.ti-arm-clang.debug.lib : ClockP_nortos.obj (.text.ClockP_isActive)
                  7018e390    00000020                                               : ClockP_nortos.obj (.text.ClockP_usecToTicks)
                  7018e3b0    00000020     drivers.am263px.r5f.ti-arm-clang.nortos.debug.lib : mcan.obj (.text.HW_RD_FIELD32_RAW)
                  7018e3d0    00000020                                                       : uart_v0_lld.obj (.text.HW_RD_FIELD32_RAW)
                  7018e3f0    0000001e     nortos.am263px.r5f.ti-arm-clang.debug.lib : ClockP_nortos.obj (.text.ClockP_Params_init)
                  7018e40e    00000002     --HOLE-- [fill = 0]
                  7018e410    0000001e     drivers.am263px.r5f.ti-arm-clang.nortos.debug.lib : edma.obj (.text.EDMA_getEventStatusHigh)
                  7018e42e    00000002     --HOLE-- [fill = 0]
                  7018e430    0000001e                                                       : mcan.obj (.text.MCAN_setOpMode)
                  7018e44e    00000002     --HOLE-- [fill = 0]
                  7018e450    0000001e                                                       : soc.obj (.text.SOC_getSelfCpuClk)
                  7018e46e    00000002     --HOLE-- [fill = 0]
                  7018e470    0000001e                                                       : soc.obj (.text.SOC_moduleClockEnable)
                  7018e48e    00000002     --HOLE-- [fill = 0]
                  7018e490    0000001e     ti_dpl_config.o (.text.TimerP_isr0)
                  7018e4ae    00000002     --HOLE-- [fill = 0]
                  7018e4b0    0000001e     drivers.am263px.r5f.ti-arm-clang.nortos.debug.lib : uart_v0_lld.obj (.text.UART_breakCtl)
                  7018e4ce    00000002     --HOLE-- [fill = 0]
                  7018e4d0    0000001e                                                       : uart_v0_lld.obj (.text.UART_lld_Transaction_deInit)
                  7018e4ee    00000002     --HOLE-- [fill = 0]
                  7018e4f0    0000001c                                                       : edma.obj (.text.EDMA_getEventStatus)
                  7018e50c    00000004     --HOLE-- [fill = 0]
                  7018e510    0000001c                                                       : mcan.obj (.text.MCAN_writeProtectedRegAccessLock)
                  7018e52c    00000004     --HOLE-- [fill = 0]
                  7018e530    0000001c                                                       : mcan.obj (.text.MCAN_writeProtectedRegAccessUnlock)
                  7018e54c    00000004     --HOLE-- [fill = 0]
                  7018e550    0000001c                                                       : uart_v0_lld.obj (.text.UART_IsParameter)
                  7018e56c    0000001c     libc.a : memcpy32.S.obj (.text:TI_memcpy_small)
                  7018e588    00000008     --HOLE-- [fill = 0]
                  7018e590    0000001a     drivers.am263px.r5f.ti-arm-clang.nortos.debug.lib : mcan.obj (.text.MCAN_clearIntrStatus)
                  7018e5aa    00000006     --HOLE-- [fill = 0]
                  7018e5b0    0000001a                                                       : mcan.obj (.text.MCAN_getOpMode)
                  7018e5ca    00000006     --HOLE-- [fill = 0]
                  7018e5d0    0000001a                                                       : uart_v0_lld.obj (.text.UART_fifoCharGet)
                  7018e5ea    00000006     --HOLE-- [fill = 0]
                  7018e5f0    0000001a                                                       : uart_v0_lld.obj (.text.UART_timeGuardConfig)
                  7018e60a    00000006     --HOLE-- [fill = 0]
                  7018e610    00000018     nortos.am263px.r5f.ti-arm-clang.debug.lib : ClockP_nortos.obj (.text.ClockP_ticksToUsec)
                  7018e628    00000008     --HOLE-- [fill = 0]
                  7018e630    00000018     drivers.am263px.r5f.ti-arm-clang.nortos.debug.lib : edma.obj (.text.EDMA_isInterruptEnabled)
                  7018e648    00000008     --HOLE-- [fill = 0]
                  7018e650    00000018                                                       : ipc_notify_v1.obj (.text.IpcNotify_mailboxClearAllInt)
                  7018e668    00000008     --HOLE-- [fill = 0]
                  7018e670    00000018                                                       : ipc_notify_v1_cfg.obj (.text.IpcNotify_trigInterrupt)
                  7018e688    00000008     --HOLE-- [fill = 0]
                  7018e690    00000018     nortos.am263px.r5f.ti-arm-clang.debug.lib : SemaphoreP_nortos.obj (.text.SemaphoreP_Params_init)
                  7018e6a8    00000008     --HOLE-- [fill = 0]
                  7018e6b0    00000018                                               : TimerP_rti_priv.obj (.text.TimerP_getReloadCountPriv)
                  7018e6c8    00000008     --HOLE-- [fill = 0]
                  7018e6d0    00000018     drivers.am263px.r5f.ti-arm-clang.nortos.debug.lib : uart_v0_lld.obj (.text.UART_divisorLatchDisable)
                  7018e6e8    00000008     --HOLE-- [fill = 0]
                  7018e6f0    00000018                                                       : uart_v0_lld.obj (.text.UART_modemControlReset)
                  7018e708    00000008     --HOLE-- [fill = 0]
                  7018e710    00000018                                                       : uart_v0_lld.obj (.text.UART_putChar)
                  7018e728    00000018     libc.a : memset32.S.obj (.text:TI_memset_small)
                  7018e740    00000016     drivers.am263px.r5f.ti-arm-clang.nortos.debug.lib : ipc_notify_v1.obj (.text.IpcNotify_sendSync)
                  7018e756    0000000a     --HOLE-- [fill = 0]
                  7018e760    00000016                                                       : mcan.obj (.text.MCAN_getIntrStatus)
                  7018e776    0000000a     --HOLE-- [fill = 0]
                  7018e780    00000016     nortos.am263px.r5f.ti-arm-clang.debug.lib : TimerP_rti_priv.obj (.text.TimerP_startPriv)
                  7018e796    0000000a     --HOLE-- [fill = 0]
                  7018e7a0    00000016                                               : TimerP_rti_priv.obj (.text.TimerP_stopPriv)
                  7018e7b6    0000000a     --HOLE-- [fill = 0]
                  7018e7c0    00000016     drivers.am263px.r5f.ti-arm-clang.nortos.debug.lib : uart_v0_lld.obj (.text.UART_divideRoundCloset)
                  7018e7d6    0000000a     --HOLE-- [fill = 0]
                  7018e7e0    00000016                                                       : uart_v0_lld.obj (.text.UART_regConfModeRestore)
                  7018e7f6    0000000a     --HOLE-- [fill = 0]
                  7018e800    00000014                                                       : edma.obj (.text.HW_WR_REG16_RAW)
                  7018e814    0000000c     --HOLE-- [fill = 0]
                  7018e820    00000014                                                       : ipc_notify_v1.obj (.text.IpcNotify_mailboxClearPendingIntr)
                  7018e834    0000000c     --HOLE-- [fill = 0]
                  7018e840    00000014                                                       : soc_rcm.obj (.text.SOC_rcmGetModuleClkDivFromRegVal)
                  7018e854    0000000c     --HOLE-- [fill = 0]
                  7018e860    00000014     nortos.am263px.r5f.ti-arm-clang.debug.lib : TimerP_rti_priv.obj (.text.TimerP_clearOverflowIntPriv)
                  7018e874    0000000c     --HOLE-- [fill = 0]
                  7018e880    00000014                                               : TimerP_rti_nortos.obj (.text.TimerP_setup)
                  7018e894    0000000c     --HOLE-- [fill = 0]
                  7018e8a0    00000014     ti_dpl_config.o (.text.putchar_)
                  7018e8b4    0000000c     --HOLE-- [fill = 0]
                  7018e8c0    00000012     ti_pinmux_config.o (.text.Pinmux_init)
                  7018e8d2    0000000e     --HOLE-- [fill = 0]
                  7018e8e0    00000012     gateway_shared.o (.text.gateway_check_emergency_stop)
                  7018e8f2    0000000e     --HOLE-- [fill = 0]
                  7018e900    00000012     imu_protocol_handler.o (.text.imu_initialize)
                  7018e912    0000000e     --HOLE-- [fill = 0]
                  7018e920    00000012     imu_interface_isr.o (.text.imu_uart_is_initialized)
                  7018e932    0000000e     --HOLE-- [fill = 0]
                  7018e940    00000012     yis320_protocol.o (.text.yis320_get_timestamp_ms)
                  7018e952    0000000e     --HOLE-- [fill = 0]
                  7018e960    00000010     can_interface.o (.text.CSL_REG32_WR_RAW)
                  7018e970    00000010     drivers.am263px.r5f.ti-arm-clang.nortos.debug.lib : pinmux.obj (.text.CSL_REG32_WR_RAW)
                  7018e980    00000010                                                       : soc.obj (.text.CSL_REG32_WR_RAW)
                  7018e990    00000010     ti_drivers_config.o (.text.CSL_REG32_WR_RAW)
                  7018e9a0    00000010     nortos.am263px.r5f.ti-arm-clang.debug.lib : ClockP_nortos_r5.obj (.text.ClockP_getTimerCount)
                  7018e9b0    00000010                                               : ClockP_nortos_r5.obj (.text.ClockP_timerClearOverflowInt)
                  7018e9c0    00000010     drivers.am263px.r5f.ti-arm-clang.nortos.debug.lib : edma.obj (.text.HW_RD_REG32_RAW)
                  7018e9d0    00000010                                                       : mcan.obj (.text.HW_RD_REG32_RAW)
                  7018e9e0    00000010                                                       : uart_v0_lld.obj (.text.HW_RD_REG32_RAW)
                  7018e9f0    00000010                                                       : edma.obj (.text.HW_WR_REG32_RAW)
                  7018ea00    00000010                                                       : mcan.obj (.text.HW_WR_REG32_RAW)
                  7018ea10    00000010                                                       : uart_v0_lld.obj (.text.HW_WR_REG32_RAW)
                  7018ea20    00000010                                                       : ipc_notify_v1.obj (.text.IpcNotify_mailboxGetPendingIntr)
                  7018ea30    00000010     nortos.am263px.r5f.ti-arm-clang.debug.lib : TimerP_rti_nortos.obj (.text.TimerP_Params_init)
                  7018ea40    00000010                                               : TimerP_rti_nortos.obj (.text.TimerP_clearOverflowInt)
                  7018ea50    00000010                                               : TimerP_rti_nortos.obj (.text.TimerP_getCount)
                  7018ea60    00000010                                               : TimerP_rti_nortos.obj (.text.TimerP_getReloadCount)
                  7018ea70    00000010                                               : TimerP_rti_nortos.obj (.text.TimerP_start)
                  7018ea80    00000010                                               : printf.obj (.text._out_null)
                  7018ea90    00000010     gateway_shared.o (.text.gateway_notify_imu_ready)
                  7018eaa0    00000010     gateway_shared.o (.text.gateway_notify_states_ready)
                  7018eab0    0000000e     yis320_protocol.o (.text.yis320_uart_configure)
                  7018eabe    00000002     --HOLE-- [fill = 0]
                  7018eac0    0000000c     ti_board_open_close.o (.text.Board_driversOpen)
                  7018eacc    00000004     --HOLE-- [fill = 0]
                  7018ead0    0000000c     nortos.am263px.r5f.ti-arm-clang.debug.lib : ClockP_nortos.obj (.text.ClockP_getTicks)
                  7018eadc    00000004     --HOLE-- [fill = 0]
                  7018eae0    0000000c     ti_drivers_open_close.o (.text.Drivers_open)
                  7018eaec    00000004     --HOLE-- [fill = 0]
                  7018eaf0    0000000c     ti_power_clock_config.o (.text.PowerClock_init)
                  7018eafc    00000004     --HOLE-- [fill = 0]
                  7018eb00    0000000c     yis320_protocol.o (.text.vtable_read_data)
                  7018eb0c    00000004     --HOLE-- [fill = 0]
                  7018eb10    0000000a     nortos.am263px.r5f.ti-arm-clang.debug.lib : HwiP_armv7r_vim.obj (.text.Hwip_dataAndInstructionBarrier)
                  7018eb1a    00000006     --HOLE-- [fill = 0]
                  7018eb20    0000000a     drivers.am263px.r5f.ti-arm-clang.nortos.debug.lib : ipc_notify_v1.obj (.text.IpcNotify_dataAndInstructionBarrier)
                  7018eb2a    00000006     --HOLE-- [fill = 0]
                  7018eb30    0000000a                                                       : soc_rcm.obj (.text.SOC_rcmGetBaseAddressMSSRCM)
                  7018eb3a    00000006     --HOLE-- [fill = 0]
                  7018eb40    0000000a                                                       : uart_dma_edma.obj (.text.UART_edmaDoNothing)
                  7018eb4a    00000006     --HOLE-- [fill = 0]
                  7018eb50    0000000a     gateway_shared.o (.text.gateway_memory_barrier)
                  7018eb5a    00000006     --HOLE-- [fill = 0]
                  7018eb60    0000000a     gateway_shared.o (.text.ringbuf_get_ptr)
                  7018eb6a    00000006     --HOLE-- [fill = 0]
                  7018eb70    00000008     ti_drivers_config.o (.text.Drivers_uartInit)
                  7018eb78    00000008     --HOLE-- [fill = 0]
                  7018eb80    00000008     drivers.am263px.r5f.ti-arm-clang.nortos.debug.lib : soc_rcm.obj (.text.SOC_rcmGetBaseAddressMSSCTRL)
                  7018eb88    00000008     --HOLE-- [fill = 0]
                  7018eb90    00000008                                                       : soc_rcm.obj (.text.SOC_rcmGetBaseAddressTOPRCM)
                  7018eb98    00000008     --HOLE-- [fill = 0]
                  7018eba0    00000008     nortos.am263px.r5f.ti-arm-clang.debug.lib : SemaphoreP_nortos.obj (.text.SemaphoreP_destruct)
                  7018eba8    00000008     --HOLE-- [fill = 0]
                  7018ebb0    00000002     ti_board_open_close.o (.text.Board_driversClose)
                  7018ebb2    0000000e     --HOLE-- [fill = 0]
                  7018ebc0    00000002     ti_board_config.o (.text.Board_init)
                  7018ebc2    0000000e     --HOLE-- [fill = 0]
                  7018ebd0    00000002     ti_drivers_open_close.o (.text.Drivers_mcanOpen)
                  7018ebd2    0000000e     --HOLE-- [fill = 0]
                  7018ebe0    00000002     drivers.am263px.r5f.ti-arm-clang.nortos.debug.lib : ipc_notify_v1_cfg.obj (.text.IpcNotify_wait)
                  7018ebe2    0000000e     --HOLE-- [fill = 0]
                  7018ebf0    00000002     nortos.am263px.r5f.ti-arm-clang.debug.lib : TaskP_nortos.obj (.text.TaskP_yield)
                  7018ebf2    0000000e     --HOLE-- [fill = 0]

.rodata    0    7018ec00    00002448     
                  7018ec00    00000450     motor_mapping.o (.rodata.motor_config_table)
                  7018f050    00000084     ti_dpl_config.o (.rodata.cfg)
                  7018f0d4    0000005e     main.o (.rodata.str1.15996357275703397564.1)
                  7018f132    00000006     drivers.am263px.r5f.ti-arm-clang.nortos.debug.lib : soc_rcm.obj (.rodata.str1.12246138248821672736.1)
                  7018f138    00000050     nortos.am263px.r5f.ti-arm-clang.debug.lib : printf.obj (.rodata._ftoa.pow10)
                  7018f188    0000004d     gateway_shared.o (.rodata.str1.3223734256326991069.1)
                  7018f1d5    0000004c     main.o (.rodata.str1.10224226614597680209.1)
                  7018f221    0000004c     main.o (.rodata.str1.11121730273200050387.1)
                  7018f26d    0000004a     main.o (.rodata.str1.10720410773482754683.1)
                  7018f2b7    00000049     can_interface.o (.rodata.str1.2401924719955226879.1)
                  7018f300    00000048     drivers.am263px.r5f.ti-arm-clang.nortos.debug.lib : soc_rcm.obj (.rodata.gADPLLJConfigTbl)
                  7018f348    00000048     main.o (.rodata.str1.4787932902692149498.1)
                  7018f390    00000045     can_interface.o (.rodata.str1.17857559882412085052.1)
                  7018f3d5    00000045     main.o (.rodata.str1.2563708670032483588.1)
                  7018f41a    00000043     main.o (.rodata.str1.10313062130652730376.1)
                  7018f45d    00000042     main.o (.rodata.str1.11321157723316767883.1)
                  7018f49f    00000042     main.o (.rodata.str1.11702106008850790973.1)
                  7018f4e1    00000041     main.o (.rodata.str1.16265332423659789559.1)
                  7018f522    00000002     drivers.am263px.r5f.ti-arm-clang.nortos.debug.lib : soc_rcm.obj (.rodata.gCR5ClkSrcInfoMap)
                  7018f524    00000040                                                       : mcan.obj (.rodata.gDataSize)
                  7018f564    00000040                                                       : ipc_notify_v1.obj (.rodata.str1.10118846006578224169.1)
                  7018f5a4    00000040     main.o (.rodata.str1.13030671760666898970.1)
                  7018f5e4    00000040     gateway_shared.o (.rodata.str1.1309647279537151951.1)
                  7018f624    0000003f     main.o (.rodata.str1.16302215771116645891.1)
                  7018f663    0000003e     imu_interface_isr.o (.rodata.str1.2252785669688110604.1)
                  7018f6a1    0000003d     nortos.am263px.r5f.ti-arm-clang.debug.lib : TimerP_rti_priv.obj (.rodata.str1.11388379688747141303.1)
                  7018f6de    0000003d     main.o (.rodata.str1.13782249893155712474.1)
                  7018f71b    0000003d     main.o (.rodata.str1.3292798375424520613.1)
                  7018f758    0000003c     main.o (.rodata.str1.8108965883388295311.1)
                  7018f794    0000003b     can_interface.o (.rodata.str1.13886886582160776261.1)
                  7018f7cf    00000039     can_interface.o (.rodata.str1.13942422985958650841.1)
                  7018f808    00000039     can_interface.o (.rodata.str1.15906871730334742222.1)
                  7018f841    00000039     can_interface.o (.rodata.str1.16770118065840302171.1)
                  7018f87a    00000038     gateway_shared.o (.rodata.str1.8694082244888993162.1)
                  7018f8b2    00000038     imu_interface_isr.o (.rodata.str1.9168798226845388136.1)
                  7018f8ea    00000037     gateway_shared.o (.rodata.str1.10638658715010209595.1)
                  7018f921    00000037     can_interface.o (.rodata.str1.17102373369105828453.1)
                  7018f958    00000037     main.o (.rodata.str1.3530083166107438000.1)
                  7018f98f    00000037     gateway_shared.o (.rodata.str1.5629998949668554045.1)
                  7018f9c6    00000036     can_interface.o (.rodata.str1.10186677634541030339.1)
                  7018f9fc    00000036     imu_interface_isr.o (.rodata.str1.13916086747295221358.1)
                  7018fa32    00000036     can_interface.o (.rodata.str1.15146467347084621569.1)
                  7018fa68    00000035     can_interface.o (.rodata.str1.11434220007320834734.1)
                  7018fa9d    00000035     main.o (.rodata.str1.16631870348416990953.1)
                  7018fad2    00000035     can_interface.o (.rodata.str1.6692020027550076815.1)
                  7018fb07    00000035     ti_drivers_open_close.o (.rodata.str1.871795152488895636.1)
                  7018fb3c    00000035     main.o (.rodata.str1.9059077390166914652.1)
                  7018fb71    00000034     main.o (.rodata.str1.10865113624938808685.1)
                  7018fba5    00000034     main.o (.rodata.str1.13288086030101331538.1)
                  7018fbd9    00000034     main.o (.rodata.str1.14112174005742061988.1)
                  7018fc0d    00000034     main.o (.rodata.str1.17376258722486336754.1)
                  7018fc41    00000034     main.o (.rodata.str1.18092426736022315238.1)
                  7018fc75    00000034     main.o (.rodata.str1.6891813955777630061.1)
                  7018fca9    00000033     can_interface.o (.rodata.str1.13538652865395202372.1)
                  7018fcdc    00000033     main.o (.rodata.str1.14032527501195285070.1)
                  7018fd0f    00000033     main.o (.rodata.str1.14712910685067215323.1)
                  7018fd42    00000033     can_interface.o (.rodata.str1.2569929632086669665.1)
                  7018fd75    00000033     main.o (.rodata.str1.2624144126699937905.1)
                  7018fda8    00000033     main.o (.rodata.str1.403738606202455663.1)
                  7018fddb    00000032     can_interface.o (.rodata.str1.2296911319530636772.1)
                  7018fe0d    00000031     can_interface.o (.rodata.str1.4211222669969280216.1)
                  7018fe3e    00000031     gateway_shared.o (.rodata.str1.6121471336334202706.1)
                  7018fe6f    00000031     motor_mapping.o (.rodata.str1.8787205977826144616.1)
                  7018fea0    00000030     can_interface.o (.rodata.str1.10130696897761414469.1)
                  7018fed0    00000030     can_interface.o (.rodata.str1.2167712102046818855.1)
                  7018ff00    00000030     imu_interface_isr.o (.rodata.str1.4417852805959727765.1)
                  7018ff30    00000030     main.o (.rodata.str1.8154729771448623357.1)
                  7018ff60    00000030     main.o (.rodata.str1.8428454045432808059.1)
                  7018ff90    0000002f     main.o (.rodata.str1.11870794119293528247.1)
                  7018ffbf    0000002f     can_interface.o (.rodata.str1.15094798983471906066.1)
                  7018ffee    0000002f     gateway_shared.o (.rodata.str1.3129942817937968154.1)
                  7019001d    0000002f     main.o (.rodata.str1.6554448696319176064.1)
                  7019004c    0000002f     drivers.am263px.r5f.ti-arm-clang.nortos.debug.lib : ipc_notify_v1.obj (.rodata.str1.9418228565027791152.1)
                  7019007b    0000002e     can_interface.o (.rodata.str1.11024350005305706282.1)
                  701900a9    0000002e     gateway_shared.o (.rodata.str1.11051107022181534624.1)
                  701900d7    0000002e     main.o (.rodata.str1.14079361385603432444.1)
                  70190105    0000002e     main.o (.rodata.str1.625103348304617710.1)
                  70190133    0000002e     main.o (.rodata.str1.7996925722583989644.1)
                  70190161    0000002e     gateway_shared.o (.rodata.str1.9859227269409816370.1)
                  7019018f    0000002d     main.o (.rodata.str1.14466178792657420020.1)
                  701901bc    0000002d     can_interface.o (.rodata.str1.150960857071891705.1)
                  701901e9    0000002d     main.o (.rodata.str1.2597068879322958637.1)
                  70190216    0000002d     main.o (.rodata.str1.5043408953494467246.1)
                  70190243    0000002d     can_interface.o (.rodata.str1.6401568125276999251.1)
                  70190270    0000002d     can_interface.o (.rodata.str1.6531933829109918715.1)
                  7019029d    0000002c     can_interface.o (.rodata.str1.14845445665763636722.1)
                  701902c9    0000002c     main.o (.rodata.str1.2763581881760962609.1)
                  701902f5    0000002c     gateway_shared.o (.rodata.str1.7167262159681625771.1)
                  70190321    0000002b     main.o (.rodata.str1.18227636981041470289.1)
                  7019034c    0000002b     can_interface.o (.rodata.str1.3858671167962548137.1)
                  70190377    0000002b     can_interface.o (.rodata.str1.5571669369711139161.1)
                  701903a2    0000002a     can_interface.o (.rodata.str1.17855712168153945246.1)
                  701903cc    0000002a     nortos.am263px.r5f.ti-arm-clang.debug.lib : DebugP_log.obj (.rodata.str1.227947788441500939.1)
                  701903f6    0000002a     main.o (.rodata.str1.2846389346932560359.1)
                  70190420    0000002a     main.o (.rodata.str1.8096991282711418442.1)
                  7019044a    00000029     main.o (.rodata.str1.11777244287787065045.1)
                  70190473    00000029     imu_interface_isr.o (.rodata.str1.15503275091179387347.1)
                  7019049c    00000029     can_interface.o (.rodata.str1.357542981605220142.1)
                  701904c5    00000029     main.o (.rodata.str1.39260288392874984.1)
                  701904ee    00000029     can_interface.o (.rodata.str1.6910353934698693424.1)
                  70190517    00000029     can_interface.o (.rodata.str1.7679921882182829519.1)
                  70190540    00000029     main.o (.rodata.str1.8076846746581808073.1)
                  70190569    00000028     main.o (.rodata.str1.11822182024223342093.1)
                  70190591    00000028     main.o (.rodata.str1.1311392489248731986.1)
                  701905b9    00000028     main.o (.rodata.str1.15159059442110792349.1)
                  701905e1    00000027     nortos.am263px.r5f.ti-arm-clang.debug.lib : ClockP_nortos_r5.obj (.rodata.str1.12743090444791882666.1)
                  70190608    00000027     main.o (.rodata.str1.17045314124001216156.1)
                  7019062f    00000027     main.o (.rodata.str1.7784929982665794503.1)
                  70190656    00000026     can_interface.o (.rodata.str1.14406550278730177052.1)
                  7019067c    00000026     gateway_shared.o (.rodata.str1.17046880449980016103.1)
                  701906a2    00000026     gateway_shared.o (.rodata.str1.5761821093615868877.1)
                  701906c8    00000026     can_interface.o (.rodata.str1.6806839034663112933.1)
                  701906ee    00000025     main.o (.rodata.str1.10635229749459437609.1)
                  70190713    00000025     main.o (.rodata.str1.2123964117280943167.1)
                  70190738    00000024     can_interface.o (.rodata.str1.14428574951410983152.1)
                  7019075c    00000024     can_interface.o (.rodata.str1.17339864536769639315.1)
                  70190780    00000024     main.o (.rodata.str1.5630281060179367396.1)
                  701907a4    00000024     imu_interface_isr.o (.rodata.str1.6306445455767916371.1)
                  701907c8    00000024     main.o (.rodata.str1.7702501944640899365.1)
                  701907ec    00000023     drivers.am263px.r5f.ti-arm-clang.nortos.debug.lib : soc_rcm.obj (.rodata.str1.2078190104202520215.1)
                  7019080f    00000023     nortos.am263px.r5f.ti-arm-clang.debug.lib : ClockP_nortos_r5.obj (.rodata.str1.7689125538912326484.1)
                  70190832    00000022     drivers.am263px.r5f.ti-arm-clang.nortos.debug.lib : edma.obj (.rodata.str1.12976018205622752890.1)
                  70190854    00000021     can_interface.o (.rodata.str1.12573338884863454617.1)
                  70190875    00000021     nortos.am263px.r5f.ti-arm-clang.debug.lib : ClockP_nortos_r5.obj (.rodata.str1.8559540482768925367.1)
                  70190896    00000002     --HOLE-- [fill = 0]
                  70190898    00000020     drivers.am263px.r5f.ti-arm-clang.nortos.debug.lib : mcan.obj (.rodata.gMsgObjSize)
                  701908b8    00000020     can_interface.o (.rodata.g_mcan_base_addr)
                  701908d8    00000020     can_interface.o (.rodata.g_mcan_intr_num)
                  701908f8    00000020     main.o (.rodata.str1.14402440632258215044.1)
                  70190918    00000020     drivers.am263px.r5f.ti-arm-clang.nortos.debug.lib : uart_v0.obj (.rodata.str1.16594507886308206351.1)
                  70190938    00000020                                                       : ipc_notify_v1.obj (.rodata.str1.2046905611612007019.1)
                  70190958    0000001f     can_interface.o (.rodata.str1.14695538922052102695.1)
                  70190977    0000001f     nortos.am263px.r5f.ti-arm-clang.debug.lib : ClockP_nortos_r5.obj (.rodata.str1.2746619892315392655.1)
[...]


GLOBAL SYMBOLS: SORTED BY Symbol Address 

address   name                                 
-------   ----                                 
00000000  __TI_ATRegion0_region_sz             
00000000  __TI_ATRegion0_src_addr              
00000000  __TI_ATRegion0_trg_addr              
00000000  __TI_ATRegion1_region_sz             
00000000  __TI_ATRegion1_src_addr              
00000000  __TI_ATRegion1_trg_addr              
00000000  __TI_ATRegion2_region_sz             
00000000  __TI_ATRegion2_src_addr              
00000000  __TI_ATRegion2_trg_addr              
00000000  __TI_static_base__                   
00000000  _vectors                             
00000100  __ABORT_STACK_SIZE                   
00000100  __FIQ_STACK_SIZE                     
00000100  __IRQ_STACK_SIZE                     
00000100  __UNDEFINED_STACK_SIZE               
00001000  __SVC_STACK_SIZE                     
00004000  __STACK_SIZE                         
70180a34  __aeabi_memclr                       
70180a34  __aeabi_memclr4                      
70180a34  __aeabi_memclr8                      
701810b8  C$$EXIT                              
701810b8  HOSTexit                             
701810c1  SOC_rcmEnablePeripheralClock         
701816f8  __aeabi_ldiv0                        
701816fc  __aeabi_memcpy                       
701816fc  __aeabi_memcpy4                      
701816fc  __aeabi_memcpy8                      
70181ce4  CSL_armR5ReadMpidrReg                
70182214  __aeabi_memmove                      
70182214  __aeabi_memmove4                     
70182214  __aeabi_memmove8                     
70182ae1  UART_open                            
70182ee1  IpcNotify_init                       
70183d41  SOC_virtToPhy                        
70184051  motor_mapping_init_core1             
70184351  MCAN_msgRAMConfig                    
70184f61  UART_lld_dmaDeInit                   
70185191  IpcNotify_isr                        
701853c1  CAN_TransmitBatch                    
701855e1  TimerP_setupPriv                     
701857c1  UART_lld_dmaWrite                    
70185b21  UART_close                           
70185e81  UART_lld_controllerIsr               
70186021  CAN_StartRxInterrupts                
70186341  MCAN_calcMsgRamParamsStartAddr       
701864d1  EDMA_unregisterIntr                  
70186641  SOC_controlModuleUnlockMMR           
701867a1  UART_lld_initDma                     
70186901  DebugP_shmLogWriterPutChar           
70186cf1  MCAN_setBitTime                      
70186e41  imu_uart_isr_init                    
70186f91  CAN_Init                             
70187211  MCAN_readMsgRam                      
70187491  ClockP_init                          
701875d1  UART_procLineStatusErr               
70187711  EDMA_registerIntr                    
70187851  MCAN_init                            
70187991  UART_lld_init                        
70187ac1  MCAN_config                          
70187bf1  SOC_controlModuleLockMMR             
70187d21  SOC_rcmGetPeripheralClockFrequency   
70187f61  DebugP_shmLogWriterPutLine           
70188081  UART_lld_dmaRead                     
7018819c  __udivmoddi4                         
70188731  IpcNotify_sendMsg                    
70188951  GPIO_init                            
70188a61  SemaphoreP_pend                      
70188b71  gateway_ringbuf_read                 
70188c81  gateway_write_motor_config           
70189041  EDMA_freeChannelRegion               
70189131  EDMA_freeParam                       
70189221  EDMA_freeDmaChannel                  
70189301  EDMA_freeTcc                         
701893e1  UART_intrEnable                      
701894c1  UART_intrDisable                     
701895a1  AddrTranslateP_getLocalAddr          
70189671  EDMA_disableChInShadowRegRegion      
70189741  EDMA_enableChInShadowRegRegion       
70189811  EDMA_mapChToEvtQ                     
701898e1  EDMA_configureChannelRegion          
70189a61  UART_flushTxFifo                     
70189be1  ClockP_timerTickIsr                  
70189ca1  TimerP_init                          
70189d61  ClockP_stop                          
70189e21  IpcNotify_waitSync                   
70189ee1  gateway_write_motor_states           
70189fa1  CycleCounterP_init                   
70189fc1  CycleCounterP_reset                  
7018a011  CycleCounterP_nsToTicks              
7018a051  CycleCounterP_enableUserAccess       
7018a061  MCAN_writeMsgRam                     
7018a111  SOC_rcmSetPeripheralClock            
7018a1c1  UART_init                            
7018a3d1  gateway_core1_wait_for_ready         
7018a531  ClockP_destruct                      
7018a5e1  Drivers_uartOpen                     
7018a731  gateway_core1_ipc_callback           
7018a911  imu_uart_read                        
7018a9b1  IpcNotify_registerClient             
7018aaf1  ClockP_getTimeUsec                   
7018ab91  EDMA_unmapChToEvtQ                   
7018ac31  float_to_uint                        
7018acd1  yis320_convert_to_ipc                
7018ad71  EDMA_disableTransferRegion           
7018ae01  EDMA_enableTransferRegion            
7018afb1  UART_lld_flushTxFifo                 
7018b0d1  EDMA_allocDmaChannel                 
7018b161  EDMA_allocParam                      
7018b1f1  EDMA_allocTcc                        
7018b3a1  IpcNotify_syncAll                    
7018b431  imu_protocol_manager_init            
7018b4c1  MCAN_addStdMsgIDFilter               
7018b5c1  System_init                          
7018b6c1  _DebugP_assert                       
7018b741  gateway_ringbuf_core1_init           
7018b841  UART_Params_init                     
7018b8c1  EDMA_linkChannel                     
7018b9c1  ClockP_usleep                        
7018ba41  EDMA_clrMissEvtRegion                
7018bc21  EDMA_getBaseAddr                     
7018bd01  imu_protocol_get_state               
7018bd71  SOC_rcmGetR5Clock                    
7018bde1  SOC_rcmIsR5FInLockStepMode           
7018bec1  UART_lld_deInitDma                   
7018bf31  imu_protocol_process_uart_rx         
7018bfa1  MCAN_enableIntr                      
7018c011  MCAN_initTxBufElement                
7018c0f1  SemaphoreP_post                      
7018c161  MCAN_selectIntrLine                  
7018c1c1  UART_getChar                         
7018c281  yis320_protocol_handler_init         
7018c2e1  Module_clockSetFrequency             
7018c341  UART_lld_deInit                      
7018c5e1  gateway_write_imu_state              
7018c641  uint16_to_float                      
7018c701  Dpl_init                             
7018c761  EDMA_setPaRAM                        
7018c821  main                                 
7018c874  __TI_auto_init_nobinit_nopinit       
7018c8d1  Drivers_uartClose                    
7018c921  Pinmux_config                        
7018c971  UART_checkCharsAvailInFifo           
7018c9c1  DebugP_shmLogWriterInit              
7018ca11  EDMA_clrEvtRegion                    
7018ca61  EDMA_disableDmaEvtRegion             
7018cab1  EDMA_disableEvtIntrRegion            
7018cb01  EDMA_enableDmaEvtRegion              
7018cb51  EDMA_enableEvtIntrRegion             
7018cba1  EDMA_setEvtRegion                    
7018cbf1  GPIO_setDirMode                      
7018cc41  MCAN_enableIntrLine                  
7018cc91  ClockP_construct                     
7018cce1  EDMA_ccPaRAMEntry_init               
7018cd31  EDMA_mapQdmaChToPaRAM                
7018cd81  EDMA_readEventStatusRegion           
7018cdd1  IpcNotify_unregisterClient           
7018ce21  Module_clockEnable                   
7018ce71  gateway_update_stat                  
7018cebc  memmove                              
7018cf61  timerISR                             
7018cfb1  IpcNotify_Params_init                
7018d051  UART_getIntrIdentityStatus           
7018d141  CAN_RegisterRxCallback               
7018d231  UART_readLineStatus                  
7018d281  imu_protocol_handler_init            
7018d3c1  SemaphoreP_construct                 
7018d411  _DebugP_logZone                      
7018d4b1  ClockP_start                         
7018d551  imu_protocol_update_state            
7018d611  UART_spaceAvail                      
7018d651  gateway_core1_init                   
7018d691  gateway_update_heartbeat             
7018d711  UART_IsTxRxFifoEmpty                 
7018d791  MCAN_txBufAddReq                     
7018d7d1  SOC_moduleSetClockFrequency          
7018d891  snprintf_                            
7018d8d1  SOC_getCoreName                      
7018d908  CycleCounterP_getCount32             
7018d910  PmuP_setup                           
7018d918  PmuP_enableCounters                  
7018d920  PmuP_disableCounters                 
7018d928  PmuP_getOverflowStatus               
7018d930  PmuP_clearOverflowStatus             
7018d938  PmuP_setUserEnable                   
7018d981  EDMA_getRegionId                     
7018da41  IpcNotify_syncCallback               
7018dac1  MCAN_calcCfgAddr                     
7018db41  TimerP_Params_initPriv               
7018dbc1  motor_get_config                     
7018dcc1  TimerP_getCountPriv                  
7018dde1  gateway_signal_motor_config_ready    
7018de11  UART_lld_dmaInit                     
7018de71  DebugP_logZoneEnable                 
7018ded1  MCAN_clearNewDataStatus              
7018df01  MCAN_getNewDataStatus                
7018df31  SemaphoreP_constructBinary           
7018dfc1  UART_intr2Disable                    
7018dff1  UART_operatingModeSelect             
7018e051  CSL_armR5GetCpuID                    
7018e081  vprintf_                             
7018e0b1  EDMA_disableQdmaEvtRegion            
7018e0e1  EDMA_enableQdmaEvtRegion             
7018e141  IpcNotify_allocSwQueue               
7018e1a1  IpcNotify_getConfig                  
7018e1d1  SemaphoreP_constructMutex            
7018e291  UART_getBaseAddr                     
7018e2b4  __aeabi_uldivmod                     
7018e311  EDMA_channelToParamMap               
7018e341  gateway_ringbuf_core1_receive        
7018e371  ClockP_isActive                      
7018e391  ClockP_usecToTicks                   
7018e3f1  ClockP_Params_init                   
7018e411  EDMA_getEventStatusHigh              
7018e431  MCAN_setOpMode                       
7018e451  SOC_getSelfCpuClk                    
7018e471  SOC_moduleClockEnable                
7018e491  TimerP_isr0                          
7018e4d1  UART_lld_Transaction_deInit          
7018e4f1  EDMA_getEventStatus                  
7018e56c  TI_memcpy_small                      
7018e591  MCAN_clearIntrStatus                 
7018e5b1  MCAN_getOpMode                       
7018e611  ClockP_ticksToUsec                   
7018e631  EDMA_isInterruptEnabled              
7018e671  IpcNotify_trigInterrupt              
7018e691  SemaphoreP_Params_init               
7018e6b1  TimerP_getReloadCountPriv            
7018e711  UART_putChar                         
7018e728  TI_memset_small                      
7018e741  IpcNotify_sendSync                   
7018e761  MCAN_getIntrStatus                   
7018e781  TimerP_startPriv                     
7018e7a1  TimerP_stopPriv                      
7018e861  TimerP_clearOverflowIntPriv          
7018e881  TimerP_setup                         
7018e8a1  putchar_                             
7018e8c1  Pinmux_init                          
7018e8e1  gateway_check_emergency_stop         
7018e921  imu_uart_is_initialized              
7018e941  yis320_get_timestamp_ms              
7018e9a1  ClockP_getTimerCount                 
7018e9b1  ClockP_timerClearOverflowInt         
7018ea31  TimerP_Params_init                   
7018ea41  TimerP_clearOverflowInt              
7018ea51  TimerP_getCount                      
7018ea61  TimerP_getReloadCount                
7018ea71  TimerP_start                         
7018ea91  gateway_notify_imu_ready             
7018eaa1  gateway_notify_states_ready          
7018eab1  yis320_uart_configure                
7018eac1  Board_driversOpen                    
7018ead1  ClockP_getTicks                      
7018eae1  Drivers_open                         
7018eaf1  PowerClock_init                      
7018eb71  Drivers_uartInit                     
7018eba1  SemaphoreP_destruct                  
7018ebb1  Board_driversClose                   
7018ebc1  Board_init                           
7018ebd1  Drivers_mcanOpen                     
7018ebe1  IpcNotify_wait                       
7018ebf1  TaskP_yield                          
7018f050  gCacheConfig                         
7018f058  gMpuConfig                           
7018f064  gMpuRegionConfig                     
7018f300  gADPLLJConfigTbl                     
7018f522  gCR5ClkSrcInfoMap                    
70190c44  gPeripheralClkSrcInfoMap             
70190fe4  gXTALInfo                            
70191030  gCacheL1dCacheLineSize               
70191034  gCacheL1pCacheLineSize               
70191048  __BSS_START                          
70191bc8  gHwiCtrl                             
701923d4  g_yis320_private_data                
701927dc  g_motor_lookup                       
70193614  gIpcNotifyCtrl                       
70193880  gClockCtrl                           
701938a0  virtToPhymap                         
701938c4  gTimerBaseAddr                       
701938c8  gTimerHwiObj                         
701938cc  gUartHandle                          
701938d0  __BSS_END                            
701938d0  __stack                              
701978d0  __STACK_END                          
701978d1  HwiP_enableInt                       
70197911  HwiP_disableInt                      
70197971  HwiP_restoreInt                      
701979a1  HwiP_clearInt                        
701979e1  HwiP_post                            
70197a21  HwiP_Params_init                     
70197a51  HwiP_construct                       
70197c41  HwiP_destruct                        
70197cb1  HwiP_init                            
70197e61  HwiP_inISR                           
70197e91  HwiP_setVimIrqPriMaskNonAtomic       
70197ee1  HwiP_setVimIrqPriMaskAtomic          
70197f81  HwiP_restoreVimIrqPriMask            
70197f91  HwiP_irq_handler_c                   
70198131  HwiP_fiq_handler                     
70198291  HwiP_reserved_handler                
701982d1  HwiP_undefined_handler_c             
701982f1  HwiP_user_undefined_handler_c        
70198311  HwiP_svc_handler                     
70198351  HwiP_prefetch_abort_handler_c        
701983f1  HwiP_user_prefetch_abort_handler_c   
70198431  HwiP_data_abort_handler_c            
701984f1  HwiP_user_data_abort_handler_c       
7019852c  HwiP_irq_handler                     
701985a0  HwiP_data_abort_handler              
701985e4  HwiP_prefetch_abort_handler          
70198630  HwiP_undefined_handler               
70198660  GET_DFSR                             
70198668  GET_ADFSR                            
70198670  GET_DFAR                             
70198678  GET_IFSR                             
70198680  GET_AIFSR                            
70198688  GET_IFAR                             
70198690  GET_SPSR                             
701986a8  HwiP_disable                         
701986b8  HwiP_disableFIQ                      
701986c8  HwiP_enable                          
701986d8  HwiP_enableFIQ                       
701986e8  HwiP_restore                         
701986f0  HwiP_enableVIC                       
70198700  HwiP_disableVIC                      
70198710  HwiP_getCPSR                         
70198720  CacheP_disableL1d                    
70198748  CacheP_disableL1p                    
70198760  CacheP_enableL1d                     
70198778  CacheP_enableL1p                     
70198790  CacheP_invL1d                        
701987c8  CacheP_invL1p                        
70198804  CacheP_invL1dAll                     
7019880c  CacheP_invL1pAll                     
70198814  CacheP_wb                            
70198850  CacheP_wbInv                         
7019888c  CacheP_wbAll                         
70198934  CacheP_wbInvAll                      
7019894c  CacheP_wbInvAllAsm                   
701989ec  CacheP_getEnabled                    
70198a24  CacheP_getCacheLevelInfo             
70198a30  CacheP_configForceWrThru             
70198a50  CacheP_setDLFO                       
70198a61  CacheP_init                          
70198af1  CacheP_disable                       
70198b41  CacheP_enable                        
70198b81  CacheP_inv                           
70198bc1  MpuP_getAttrs                        
70198c21  MpuP_RegionAttrs_init                
70198c51  MpuP_setRegion                       
70198ce1  MpuP_isEnable                        
70198cf1  MpuP_disable                         
70198d31  MpuP_enable                          
70198d81  MpuP_init                            
70198e21  MpuP_isUserAuthorizedToAccessMemory  
70198f00  MpuP_disableAsm                      
70198f18  MpuP_disableBRAsm                    
70198f28  MpuP_enableAsm                       
70198f40  MpuP_enableBRAsm                     
70198f50  MpuP_isEnableAsm                     
70198f64  MpuP_setRegionAsm                    
70198f80  _c_int00_sbl                         
70198fa4  _c_int00                             
701990d1  _DebugP_assertNoLog                  
70199101  _system_pre_init                     
70199131  __mpu_init                           
70199140  abort                                
70199148  gEdmaConfig                          
70199148  gUartDmaHandle                       
7019926c  gIpcNotifyMailboxConfig              
70199444  gSocModulesClockFrequency            
701994bc  gUartParams                          
70199514  gSocModules                          
70199554  gClockConfig                         
7019956c  gIpcNotifyInterruptConfig_r5fss1_1   
70199598  gIpcNotifyCoreIntrBitPos             
701995b8  gAddrTranslateConfig                 
701995cc  gUartConfig                          
701995e0  gDebugLogZone                        
701995ec  gEdmaConfigNum                       
701995f0  gHwiConfig                           
701995f4  gIpcNotifyInterruptConfigNum_r5fss1_1
701995f8  gUartConfigNum                       
701995fc  gUartDmaChConfig                     
70199648  isMapAvailable                       
70199650  __IRQ_STACK_START                    
70199750  __FIQ_STACK_START                    
70199750  __IRQ_STACK_END                      
70199850  __FIQ_STACK_END                      
70199850  __SVC_STACK_START                    
7019a850  __ABORT_STACK_START                  
7019a850  __SVC_STACK_END                      
7019a950  __ABORT_STACK_END                    
7019a950  __UNDEFINED_STACK_START              
7019aa50  __UNDEFINED_STACK_END                
70200000  gGatewaySharedMem                    
70204d30  dbg_ipc_send_count                   
70204d34  dbg_ipc_register_count               
70204d38  dbg_imu_uart_isr_count               
70204d3c  dbg_imu_rx_byte_count                
70204d40  dbg_imu_frame_count                  
70204d44  dbg_can_rx_count                     
70204d48  dbg_can_tx_count                     
70208000  gDebugShmLog                         
ffffffff  __TI_pprof_out_hndl                  
ffffffff  __TI_prof_data_size                  
ffffffff  __TI_prof_data_start                 
ffffffff  __binit__                            
ffffffff  binit                                
UNDEFED   __TI_CINIT_Base                      
UNDEFED   __TI_CINIT_Limit                     
UNDEFED   __TI_Handler_Table_Base              
UNDEFED   __TI_Handler_Table_Limit             
UNDEFED   _system_post_cinit                   

[413 symbols]
