******************************************************************************
            TI ARM Clang Linker PC v4.0.4                      
******************************************************************************
>> Linked Sat Mar 28 01:02:36 2026

OUTPUT FILE NAME:   <ccu_ti_multi_core_realtime.out>
ENTRY POINT SYMBOL: "_vectors"  address: 00000000


MEMORY CONFIGURATION

         name            origin    length      used     unused   attr    fill
----------------------  --------  ---------  --------  --------  ----  --------
  R5F_VECS              00000000   00000040  00000040  00000000  RWIX
  R5F_TCMA              00000040   00007fc0  00000000  00007fc0  RWIX
  R5F_TCMB              00080000   00008000  00000000  00008000  RWIX
  MAILBOX_HSM           44000000   000003ce  00000000  000003ce  RWIX
  MAILBOX_R5F           44000400   000003ce  00000000  000003ce  RWIX
  FLASH                 60180000   00080000  00000000  00080000  RWIX
  OCRAM                 70100000   00040000  000193e0  00026c20  RWIX
  USER_SHM_MEM          70200000   00008000  00004d30  000032d0  RWIX
  LOG_SHM_MEM           70208000   00004000  00002000  00002000  RWIX
  RTOS_NORTOS_IPC_SHM_M 72000000   00003e80  00000000  00003e80  RWIX


SEGMENT ALLOCATION MAP

run origin  load origin   length   init length attrs members
----------  ----------- ---------- ----------- ----- -------
00000000    00000000    00000040   00000040    r-x
  00000000    00000000    00000040   00000040    r-x .vectors
70100000    70100000    0000fdd8   0000fdd8    r-x
  70100000    70100000    0000e310   0000e310    r-x .text
  7010e310    7010e310    00001ac8   00001ac8    r-- .rodata
7010fdd8    7010fdd8    00006580   00000000    rw-
  7010fdd8    7010fdd8    00002580   00000000    rw- .bss
  70112358    70112358    00004000   00000000    rw- .stack
70116360    70116360    00001878   00001878    r-x
  70116360    70116360    00000e50   00000e50    r-x .text.hwi
  701171b0    701171b0    000004a0   000004a0    r-x .text.cache
  70117650    70117650    000003c0   000003c0    r-x .text.mpu
  70117a10    70117a10    000001c0   000001c0    r-x .text.boot
  70117bd0    70117bd0    00000008   00000008    r-x .text:abort
70117bd8    70117bd8    00001810   00000410    rw-
  70117bd8    70117bd8    00000410   00000410    rw- .data
  70117fe8    70117fe8    00000100   00000000    rw- .irqstack
  701180e8    701180e8    00000100   00000000    rw- .fiqstack
  701181e8    701181e8    00001000   00000000    rw- .svcstack
  701191e8    701191e8    00000100   00000000    rw- .abortstack
  701192e8    701192e8    00000100   00000000    rw- .undefinedstack


SECTION ALLOCATION MAP

 output                                  attributes/
section   page    origin      length       input sections
--------  ----  ----------  ----------   ----------------
.vectors   0    00000000    00000040     
                  00000000    00000040     nortos.am263px.r5f.ti-arm-clang.debug.lib : HwiP_armv7r_vectors_nortos_asm.obj (.vectors)

.text      0    70100000    0000e310     
                  70100000    00000a34     nortos.am263px.r5f.ti-arm-clang.debug.lib : printf.obj (.text._vsnprintf)
                  70100a34    0000000c     libclang_rt.builtins.a : aeabi_memset.S.obj (.text.__aeabi_memclr)
                  70100a40    00000678     drivers.am263px.r5f.ti-arm-clang.nortos.debug.lib : soc_rcm.obj (.text.SOC_rcmGetClkSrcAndDivReg)
                  701010b8    00000008     libsysbm.a : hostexit.c.obj (.text.HOSTexit)
                  701010c0    00000638     drivers.am263px.r5f.ti-arm-clang.nortos.debug.lib : soc_rcm.obj (.text.SOC_rcmEnablePeripheralClock)
                  701016f8    00000004     libclang_rt.builtins.a : aeabi_div0.c.obj (.text.__aeabi_ldiv0)
                  701016fc    00000004                            : aeabi_memcpy.S.obj (.text.__aeabi_memcpy)
                  70101700    000005e2     nortos.am263px.r5f.ti-arm-clang.debug.lib : printf.obj (.text._ftoa)
                  70101ce2    00000002     --HOLE-- [fill = 0]
                  70101ce4    0000000c                                               : CpuId_armv7r_asm.obj (.text)
                  70101cf0    000004b0                                               : printf.obj (.text._etoa)
                  701021a0    00000400     drivers.am263px.r5f.ti-arm-clang.nortos.debug.lib : uart_v0.obj (.text.UART_open)
                  701025a0    000003fc     yis320_protocol.o (.text.vtable_process_rx_data)
                  7010299c    00000004     libclang_rt.builtins.a : aeabi_memmove.S.obj (.text.__aeabi_memmove)
                  701029a0    000003dc     drivers.am263px.r5f.ti-arm-clang.nortos.debug.lib : ipc_notify_v1.obj (.text.IpcNotify_init)
                  70102d7c    00000004     --HOLE-- [fill = 0]
                  70102d80    00000334     imu_interface_isr.o (.text.imu_uart_isr)
                  701030b4    0000000c     --HOLE-- [fill = 0]
                  701030c0    00000302     drivers.am263px.r5f.ti-arm-clang.nortos.debug.lib : soc.obj (.text.SOC_virtToPhy)
                  701033c2    0000000e     --HOLE-- [fill = 0]
                  701033d0    000002f4     motor_mapping.o (.text.motor_mapping_init_core1)
                  701036c4    0000000c     --HOLE-- [fill = 0]
                  701036d0    000002a8     drivers.am263px.r5f.ti-arm-clang.nortos.debug.lib : mcan.obj (.text.MCAN_msgRAMConfig)
                  70103978    00000008     --HOLE-- [fill = 0]
                  70103980    0000027e                                                       : uart_dma_edma.obj (.text.UART_edmaChInit)
                  70103bfe    00000002     --HOLE-- [fill = 0]
                  70103c00    00000250                                                       : edma.obj (.text.Alloc_resource)
                  70103e50    00000248     main.o (.text.core1_init)
                  70104098    00000008     --HOLE-- [fill = 0]
                  701040a0    00000242     drivers.am263px.r5f.ti-arm-clang.nortos.debug.lib : uart_v0_lld.obj (.text.UART_fifoConfig)
                  701042e2    0000000e     --HOLE-- [fill = 0]
                  701042f0    0000023e     nortos.am263px.r5f.ti-arm-clang.debug.lib : printf.obj (.text._ntoa_format)
                  7010452e    00000002     --HOLE-- [fill = 0]
                  70104530    00000226     drivers.am263px.r5f.ti-arm-clang.nortos.debug.lib : uart_dma_edma.obj (.text.UART_lld_dmaDeInit)
                  70104756    0000000a     --HOLE-- [fill = 0]
                  70104760    00000222                                                       : ipc_notify_v1.obj (.text.IpcNotify_isr)
                  70104982    0000000e     --HOLE-- [fill = 0]
                  70104990    00000220     can_interface.o (.text.init_single_mcan)
                  70104bb0    000001fe     can_interface.o (.text.CAN_TransmitBatch)
                  70104dae    00000002     --HOLE-- [fill = 0]
                  70104db0    000001d6     nortos.am263px.r5f.ti-arm-clang.debug.lib : TimerP_rti_priv.obj (.text.TimerP_setupPriv)
                  70104f86    0000000a     --HOLE-- [fill = 0]
                  70104f90    000001aa     drivers.am263px.r5f.ti-arm-clang.nortos.debug.lib : uart_dma_edma.obj (.text.UART_lld_dmaWrite)
                  7010513a    00000006     --HOLE-- [fill = 0]
                  70105140    000001a8                                                       : uart_v0.obj (.text.UART_close)
                  701052e8    00000008     --HOLE-- [fill = 0]
                  701052f0    00000198                                                       : uart_v0_lld.obj (.text.UART_lld_controllerIsr)
                  70105488    00000008     --HOLE-- [fill = 0]
                  70105490    0000018a     imu_interface_isr.o (.text.imu_uart_isr_init)
                  7010561a    00000006     --HOLE-- [fill = 0]
                  70105620    00000186     drivers.am263px.r5f.ti-arm-clang.nortos.debug.lib : mcan.obj (.text.MCAN_readMsg)
                  701057a6    0000000a     --HOLE-- [fill = 0]
                  701057b0    00000184                                                       : mcan.obj (.text.MCAN_calcMsgRamParamsStartAddr)
                  70105934    0000000c     --HOLE-- [fill = 0]
                  70105940    0000017e     can_interface.o (.text.can_rx_isr)
                  70105abe    00000002     --HOLE-- [fill = 0]
                  70105ac0    00000176     main.o (.text.transmit_can_frames)
                  70105c36    0000000a     --HOLE-- [fill = 0]
                  70105c40    00000162     drivers.am263px.r5f.ti-arm-clang.nortos.debug.lib : edma.obj (.text.EDMA_unregisterIntr)
                  70105da2    0000000e     --HOLE-- [fill = 0]
                  70105db0    00000158                                                       : soc.obj (.text.SOC_controlModuleUnlockMMR)
                  70105f08    00000008     --HOLE-- [fill = 0]
                  70105f10    00000152                                                       : uart_v0_lld.obj (.text.UART_lld_initDma)
                  70106062    0000000e     --HOLE-- [fill = 0]
                  70106070    00000150     nortos.am263px.r5f.ti-arm-clang.debug.lib : DebugP_shmLogWriter.obj (.text.DebugP_shmLogWriterPutChar)
                  701061c0    00000150     drivers.am263px.r5f.ti-arm-clang.nortos.debug.lib : mcan.obj (.text.MCAN_writeMsg)
                  70106310    00000150     imu_interface_isr.o (.text.parse_yis320_frame)
                  70106460    0000014e     yis320_protocol.o (.text.parse_imu_frame)
                  701065ae    00000002     --HOLE-- [fill = 0]
                  701065b0    0000014c     drivers.am263px.r5f.ti-arm-clang.nortos.debug.lib : mcan.obj (.text.MCAN_setBitTime)
                  701066fc    00000004     --HOLE-- [fill = 0]
                  70106700    00000140     can_interface.o (.text.CAN_Init)
                  70106840    0000013a     drivers.am263px.r5f.ti-arm-clang.nortos.debug.lib : edma.obj (.text.EDMA_isDmaChannelAllocated)
                  7010697a    00000006     --HOLE-- [fill = 0]
                  70106980    00000138                                                       : mcan.obj (.text.MCAN_readMsgRam)
                  70106ab8    00000008     --HOLE-- [fill = 0]
                  70106ac0    00000138     nortos.am263px.r5f.ti-arm-clang.debug.lib : printf.obj (.text._ntoa_long_long)
                  70106bf8    00000008     --HOLE-- [fill = 0]
                  70106c00    00000136                                               : ClockP_nortos_r5.obj (.text.ClockP_init)
                  70106d36    0000000a     --HOLE-- [fill = 0]
                  70106d40    00000136     drivers.am263px.r5f.ti-arm-clang.nortos.debug.lib : uart_v0_lld.obj (.text.UART_procLineStatusErr)
                  70106e76    0000000a     --HOLE-- [fill = 0]
                  70106e80    00000134                                                       : edma.obj (.text.EDMA_registerIntr)
                  70106fb4    0000000c     --HOLE-- [fill = 0]
                  70106fc0    00000134                                                       : mcan.obj (.text.MCAN_init)
                  701070f4    0000000c     --HOLE-- [fill = 0]
                  70107100    0000012c                                                       : uart_v0_lld.obj (.text.UART_lld_init)
                  7010722c    00000004     --HOLE-- [fill = 0]
                  70107230    0000012a                                                       : mcan.obj (.text.MCAN_config)
                  7010735a    00000006     --HOLE-- [fill = 0]
                  70107360    00000126                                                       : soc.obj (.text.SOC_controlModuleLockMMR)
                  70107486    0000000a     --HOLE-- [fill = 0]
                  70107490    00000120                                                       : soc_rcm.obj (.text.SOC_rcmGetPeripheralClockFrequency)
                  701075b0    0000011c     nortos.am263px.r5f.ti-arm-clang.debug.lib : DebugP_shmLogWriter.obj (.text.DebugP_shmLogWriterPutLine)
                  701076cc    00000004     --HOLE-- [fill = 0]
                  701076d0    0000011c     drivers.am263px.r5f.ti-arm-clang.nortos.debug.lib : uart_dma_edma.obj (.text.UART_lld_dmaRead)
                  701077ec    00000004     --HOLE-- [fill = 0]
                  701077f0    0000011c     can_interface.o (.text.init_can_stb_gpios)
                  7010790c    00000118     libclang_rt.builtins.a : udivmoddi4.S.obj (.text)
                  70107a24    0000000c     --HOLE-- [fill = 0]
                  70107a30    00000116     drivers.am263px.r5f.ti-arm-clang.nortos.debug.lib : edma.obj (.text.EDMA_isTccAllocated)
                  70107b46    0000000a     --HOLE-- [fill = 0]
                  70107b50    00000116                                                       : uart_v0_lld.obj (.text.UART_divisorLatchWrite)
                  70107c66    0000000a     --HOLE-- [fill = 0]
                  70107c70    00000114     nortos.am263px.r5f.ti-arm-clang.debug.lib : printf.obj (.text._ntoa_long)
                  70107d84    0000000c     --HOLE-- [fill = 0]
                  70107d90    0000010e     drivers.am263px.r5f.ti-arm-clang.nortos.debug.lib : soc_rcm.obj (.text.SOC_rcmADPLLJGetFOut)
                  70107e9e    00000002     --HOLE-- [fill = 0]
                  70107ea0    0000010a                                                       : ipc_notify_v1.obj (.text.IpcNotify_sendMsg)
                  70107faa    00000006     --HOLE-- [fill = 0]
                  70107fb0    00000104                                                       : uart_v0_lld.obj (.text.UART_configInstance)
                  701080b4    0000000c     --HOLE-- [fill = 0]
                  701080c0    00000102     nortos.am263px.r5f.ti-arm-clang.debug.lib : SemaphoreP_nortos.obj (.text.SemaphoreP_pend)
                  701081c2    0000000e     --HOLE-- [fill = 0]
                  701081d0    00000102     gateway_shared.o (.text.gateway_ringbuf_read)
                  701082d2    0000000e     --HOLE-- [fill = 0]
                  701082e0    000000f6     main.o (.text.process_can_rx)
                  701083d6    0000000a     --HOLE-- [fill = 0]
                  701083e0    000000f0     can_interface.o (.text.CAN_StartRxInterrupts)
                  701084d0    000000ec     gateway_shared.o (.text.gateway_write_motor_config)
                  701085bc    00000004     --HOLE-- [fill = 0]
                  701085c0    000000e6     drivers.am263px.r5f.ti-arm-clang.nortos.debug.lib : soc_rcm.obj (.text.SOC_rcmGetCoreFout)
                  701086a6    0000000a     --HOLE-- [fill = 0]
                  701086b0    000000e6                                                       : soc_rcm.obj (.text.SOC_rcmGetPerFout)
                  70108796    0000000a     --HOLE-- [fill = 0]
                  701087a0    000000e4                                                       : edma.obj (.text.EDMA_freeChannelRegion)
                  70108884    0000000c     --HOLE-- [fill = 0]
                  70108890    000000e2                                                       : edma.obj (.text.EDMA_freeParam)
                  70108972    0000000e     --HOLE-- [fill = 0]
                  70108980    000000e0                                                       : edma.obj (.text.EDMA_freeDmaChannel)
                  70108a60    000000e0                                                       : edma.obj (.text.EDMA_freeTcc)
                  70108b40    000000de                                                       : uart_v0_lld.obj (.text.UART_intrEnable)
                  70108c1e    00000002     --HOLE-- [fill = 0]
                  70108c20    000000da                                                       : uart_v0_lld.obj (.text.UART_intrDisable)
                  70108cfa    00000006     --HOLE-- [fill = 0]
                  70108d00    000000d0     nortos.am263px.r5f.ti-arm-clang.debug.lib : AddrTranslateP_32bit.obj (.text.AddrTranslateP_getLocalAddr)
                  70108dd0    000000d0     main.o (.text.main_loop)
                  70108ea0    000000d0     imu_interface_isr.o (.text.update_imu_state_atomic)
                  70108f70    000000ce     drivers.am263px.r5f.ti-arm-clang.nortos.debug.lib : edma.obj (.text.EDMA_disableChInShadowRegRegion)
                  7010903e    00000002     --HOLE-- [fill = 0]
                  70109040    000000cc                                                       : edma.obj (.text.EDMA_enableChInShadowRegRegion)
                  7010910c    00000004     --HOLE-- [fill = 0]
                  70109110    000000c4                                                       : edma.obj (.text.EDMA_mapChToEvtQ)
                  701091d4    0000000c     --HOLE-- [fill = 0]
                  701091e0    000000c0                                                       : edma.obj (.text.EDMA_configureChannelRegion)
                  701092a0    000000c0                                                       : soc_rcm.obj (.text.SOC_rcmGetPerHSDivOut)
                  70109360    000000c0                                                       : uart_v0.obj (.text.UART_flushTxFifo)
                  70109420    000000c0     nortos.am263px.r5f.ti-arm-clang.debug.lib : printf.obj (.text._out_rev)
                  701094e0    000000be                                               : ClockP_nortos.obj (.text.ClockP_timerTickIsr)
                  7010959e    00000002     --HOLE-- [fill = 0]
                  701095a0    000000be     ti_dpl_config.o (.text.TimerP_init)
                  7010965e    00000002     --HOLE-- [fill = 0]
                  70109660    000000ba     nortos.am263px.r5f.ti-arm-clang.debug.lib : ClockP_nortos.obj (.text.ClockP_stop)
                  7010971a    00000006     --HOLE-- [fill = 0]
                  70109720    000000ba     drivers.am263px.r5f.ti-arm-clang.nortos.debug.lib : ipc_notify_v1.obj (.text.IpcNotify_waitSync)
                  701097da    00000006     --HOLE-- [fill = 0]
                  701097e0    000000ba     gateway_shared.o (.text.gateway_write_motor_states)
                  7010989a    00000006     --HOLE-- [fill = 0]
                  701098a0    000000ba     nortos.am263px.r5f.ti-arm-clang.debug.lib : PmuP_armv7r.obj (.text.pmu)
                  7010995a    00000006     --HOLE-- [fill = 0]
                  70109960    000000b0     drivers.am263px.r5f.ti-arm-clang.nortos.debug.lib : mcan.obj (.text.MCAN_writeMsgRam)
                  70109a10    000000b0                                                       : soc_rcm.obj (.text.SOC_rcmSetPeripheralClock)
                  70109ac0    000000b0                                                       : uart_v0.obj (.text.UART_init)
                  70109b70    000000ae                                                       : mcan.obj (.text.MCAN_getOffsetAddr)
                  70109c1e    00000002     --HOLE-- [fill = 0]
                  70109c20    000000ac     gateway_shared.o (.text.gateway_core1_wait_for_ready)
                  70109ccc    00000004     --HOLE-- [fill = 0]
                  70109cd0    000000a8     nortos.am263px.r5f.ti-arm-clang.debug.lib : ClockP_nortos.obj (.text.ClockP_addToList)
                  70109d78    00000008     --HOLE-- [fill = 0]
                  70109d80    000000a8                                               : ClockP_nortos.obj (.text.ClockP_destruct)
                  70109e28    00000008     --HOLE-- [fill = 0]
                  70109e30    000000a8     ti_drivers_open_close.o (.text.Drivers_uartOpen)
                  70109ed8    00000008     --HOLE-- [fill = 0]
                  70109ee0    000000a6     imu_interface_isr.o (.text.validate_yis320_checksum)
                  70109f86    0000000a     --HOLE-- [fill = 0]
                  70109f90    000000a0     drivers.am263px.r5f.ti-arm-clang.nortos.debug.lib : soc_rcm.obj (.text.SOC_rcmGetCoreHSDivOut)
                  7010a030    0000009e     yis320_protocol.o (.text.validate_checksum)
                  7010a0ce    00000002     --HOLE-- [fill = 0]
                  7010a0d0    00000098     drivers.am263px.r5f.ti-arm-clang.nortos.debug.lib : ipc_notify_v1.obj (.text.IpcNotify_registerClient)
                  7010a168    00000008     --HOLE-- [fill = 0]
                  7010a170    00000096                                                       : uart_v0_lld.obj (.text.UART_subConfigTCRTLRModeEn)
                  7010a206    0000000a     --HOLE-- [fill = 0]
                  7010a210    00000092     nortos.am263px.r5f.ti-arm-clang.debug.lib : ClockP_nortos.obj (.text.ClockP_getTimeUsec)
                  7010a2a2    0000000e     --HOLE-- [fill = 0]
                  7010a2b0    00000092     drivers.am263px.r5f.ti-arm-clang.nortos.debug.lib : edma.obj (.text.EDMA_unmapChToEvtQ)
                  7010a342    0000000e     --HOLE-- [fill = 0]
                  7010a350    00000092     yis320_protocol.o (.text.yis320_convert_to_ipc)
                  7010a3e2    0000000e     --HOLE-- [fill = 0]
                  7010a3f0    0000008e     gateway_shared.o (.text.gateway_core1_ipc_callback)
                  7010a47e    00000002     --HOLE-- [fill = 0]
                  7010a480    0000008c     drivers.am263px.r5f.ti-arm-clang.nortos.debug.lib : edma.obj (.text.EDMA_disableTransferRegion)
                  7010a50c    00000004     --HOLE-- [fill = 0]
                  7010a510    0000008c                                                       : edma.obj (.text.EDMA_enableTransferRegion)
                  7010a59c    00000004     --HOLE-- [fill = 0]
                  7010a5a0    00000088                                                       : uart_dma_edma.obj (.text.UART_edmaIsrRx)
                  7010a628    00000008     --HOLE-- [fill = 0]
                  7010a630    00000088                                                       : uart_dma_edma.obj (.text.UART_edmaIsrTx)
                  7010a6b8    00000008     --HOLE-- [fill = 0]
                  7010a6c0    00000086                                                       : uart_v0_lld.obj (.text.UART_lld_flushTxFifo)
                  7010a746    0000000a     --HOLE-- [fill = 0]
                  7010a750    00000086                                                       : uart_v0_lld.obj (.text.UART_tcrTlrBitValRestore)
                  7010a7d6    0000000a     --HOLE-- [fill = 0]
                  7010a7e0    00000082                                                       : edma.obj (.text.EDMA_allocDmaChannel)
                  7010a862    0000000e     --HOLE-- [fill = 0]
                  7010a870    00000082                                                       : edma.obj (.text.EDMA_allocParam)
                  7010a8f2    0000000e     --HOLE-- [fill = 0]
                  7010a900    00000082                                                       : edma.obj (.text.EDMA_allocTcc)
                  7010a982    0000000e     --HOLE-- [fill = 0]
                  7010a990    00000082                                                       : edma.obj (.text.EDMA_disableTccInShadowRegRegion)
                  7010aa12    0000000e     --HOLE-- [fill = 0]
                  7010aa20    00000082                                                       : edma.obj (.text.EDMA_enableTccInShadowRegRegion)
                  7010aaa2    0000000e     --HOLE-- [fill = 0]
                  7010aab0    00000082                                                       : ipc_notify_v1.obj (.text.IpcNotify_syncAll)
                  7010ab32    0000000e     --HOLE-- [fill = 0]
                  7010ab40    00000082     imu_protocol_handler.o (.text.imu_protocol_manager_init)
                  7010abc2    0000000e     --HOLE-- [fill = 0]
                  7010abd0    00000080     drivers.am263px.r5f.ti-arm-clang.nortos.debug.lib : mcan.obj (.text.MCAN_addStdMsgIDFilter)
                  7010ac50    00000080                                                       : uart_v0_lld.obj (.text.UART_moduleReset)
                  7010acd0    0000007e                                                       : uart_v0_lld.obj (.text.UART_readData)
                  7010ad4e    00000002     --HOLE-- [fill = 0]
                  7010ad50    0000007c     nortos.am263px.r5f.ti-arm-clang.debug.lib : DebugP_log.obj (.text._DebugP_assert)
                  7010adcc    00000004     --HOLE-- [fill = 0]
                  7010add0    0000007c     gateway_shared.o (.text.gateway_ringbuf_core1_init)
                  7010ae4c    00000004     --HOLE-- [fill = 0]
                  7010ae50    0000007a     drivers.am263px.r5f.ti-arm-clang.nortos.debug.lib : ipc_notify_v1.obj (.text.IpcNotify_mailboxWrite)
                  7010aeca    00000006     --HOLE-- [fill = 0]
                  7010aed0    0000007a                                                       : uart_v0.obj (.text.UART_Params_init)
                  7010af4a    00000006     --HOLE-- [fill = 0]
                  7010af50    00000078                                                       : edma.obj (.text.EDMA_linkChannel)
                  7010afc8    00000008     --HOLE-- [fill = 0]
                  7010afd0    00000078     ti_drivers_config.o (.text.System_init)
                  7010b048    00000008     --HOLE-- [fill = 0]
                  7010b050    00000074     drivers.am263px.r5f.ti-arm-clang.nortos.debug.lib : uart_v0_lld.obj (.text.UART_IsBaseAddrValid)
                  7010b0c4    0000000c     --HOLE-- [fill = 0]
                  7010b0d0    00000074     imu_interface_isr.o (.text.parse_euler_angles)
                  7010b144    0000000c     --HOLE-- [fill = 0]
                  7010b150    00000074     imu_interface_isr.o (.text.parse_gyroscope)
                  7010b1c4    0000000c     --HOLE-- [fill = 0]
                  7010b1d0    00000072     nortos.am263px.r5f.ti-arm-clang.debug.lib : ClockP_nortos.obj (.text.ClockP_usleep)
                  7010b242    0000000e     --HOLE-- [fill = 0]
                  7010b250    00000072     drivers.am263px.r5f.ti-arm-clang.nortos.debug.lib : edma.obj (.text.EDMA_clrMissEvtRegion)
                  7010b2c2    0000000e     --HOLE-- [fill = 0]
                  7010b2d0    00000072                                                       : ipc_notify_v1.obj (.text.IpcNotify_makeMsg)
                  7010b342    0000000e     --HOLE-- [fill = 0]
                  7010b350    0000006e     yis320_protocol.o (.text.find_frame_header_limited)
                  7010b3be    00000002     --HOLE-- [fill = 0]
                  7010b3c0    0000006a     drivers.am263px.r5f.ti-arm-clang.nortos.debug.lib : ipc_notify_v1.obj (.text.IpcNotify_mailboxReadSwQ)
                  7010b42a    00000006     --HOLE-- [fill = 0]
                  7010b430    00000068                                                       : edma.obj (.text.EDMA_getBaseAddr)
                  7010b498    00000008     --HOLE-- [fill = 0]
                  7010b4a0    00000068                                                       : uart_v0_lld.obj (.text.UART_divisorValCompute)
                  7010b508    00000008     --HOLE-- [fill = 0]
                  7010b510    00000064                                                       : soc_rcm.obj (.text.SOC_rcmGetR5Clock)
                  7010b574    0000000c     --HOLE-- [fill = 0]
                  7010b580    00000064                                                       : soc_rcm.obj (.text.SOC_rcmIsR5FInLockStepMode)
                  7010b5e4    0000000c     --HOLE-- [fill = 0]
                  7010b5f0    00000064                                                       : uart_v0_lld.obj (.text.UART_fifoRegisterWrite)
                  7010b654    0000000c     --HOLE-- [fill = 0]
                  7010b660    00000064                                                       : uart_v0_lld.obj (.text.UART_lld_deInitDma)
                  7010b6c4    0000000c     --HOLE-- [fill = 0]
                  7010b6d0    00000062                                                       : mcan.obj (.text.MCAN_enableIntr)
                  7010b732    0000000e     --HOLE-- [fill = 0]
                  7010b740    00000062                                                       : mcan.obj (.text.MCAN_initTxBufElement)
                  7010b7a2    0000000e     --HOLE-- [fill = 0]
                  7010b7b0    00000062                                                       : soc_rcm.obj (.text.SOC_rcmInsert16)
                  7010b812    0000000e     --HOLE-- [fill = 0]
                  7010b820    00000062     nortos.am263px.r5f.ti-arm-clang.debug.lib : SemaphoreP_nortos.obj (.text.SemaphoreP_post)
                  7010b882    0000000e     --HOLE-- [fill = 0]
                  7010b890    00000060     drivers.am263px.r5f.ti-arm-clang.nortos.debug.lib : mcan.obj (.text.MCAN_selectIntrLine)
                  7010b8f0    00000060                                                       : uart_v0_lld.obj (.text.UART_getChar)
                  7010b950    00000060                                                       : uart_v0_lld.obj (.text.UART_writeData)
                  7010b9b0    0000005e     yis320_protocol.o (.text.yis320_protocol_handler_init)
                  7010ba0e    00000002     --HOLE-- [fill = 0]
                  7010ba10    0000005c     ti_power_clock_config.o (.text.Module_clockSetFrequency)
                  7010ba6c    00000004     --HOLE-- [fill = 0]
                  7010ba70    0000005c     drivers.am263px.r5f.ti-arm-clang.nortos.debug.lib : uart_v0_lld.obj (.text.UART_lld_deInit)
                  7010bacc    00000004     --HOLE-- [fill = 0]
                  7010bad0    0000005c     imu_interface_isr.o (.text.parse_quaternion)
                  7010bb2c    00000004     --HOLE-- [fill = 0]
                  7010bb30    0000005a     drivers.am263px.r5f.ti-arm-clang.nortos.debug.lib : uart_v0_lld.obj (.text.UART_regConfigModeEnable)
                  7010bb8a    00000006     --HOLE-- [fill = 0]
                  7010bb90    00000058                                                       : soc_rcm.obj (.text.SOC_rcmGetModuleClkDivVal)
                  7010bbe8    00000008     --HOLE-- [fill = 0]
                  7010bbf0    00000058     yis320_protocol.o (.text.parse_angular_velocity)
                  7010bc48    00000008     --HOLE-- [fill = 0]
                  7010bc50    00000058     yis320_protocol.o (.text.parse_euler_angles)
                  7010bca8    00000008     --HOLE-- [fill = 0]
                  7010bcb0    00000056     drivers.am263px.r5f.ti-arm-clang.nortos.debug.lib : uart_v0.obj (.text.UART_lld_readCompleteCallback)
                  7010bd06    0000000a     --HOLE-- [fill = 0]
                  7010bd10    00000056                                                       : uart_v0.obj (.text.UART_lld_writeCompleteCallback)
                  7010bd66    0000000a     --HOLE-- [fill = 0]
                  7010bd70    00000056     gateway_shared.o (.text.gateway_write_imu_state)
                  7010bdc6    0000000a     --HOLE-- [fill = 0]
                  7010bdd0    00000056     yis320_protocol.o (.text.vtable_initialize)
                  7010be26    0000000a     --HOLE-- [fill = 0]
                  7010be30    00000054     ti_dpl_config.o (.text.Dpl_init)
                  7010be84    0000000c     --HOLE-- [fill = 0]
                  7010be90    00000054     drivers.am263px.r5f.ti-arm-clang.nortos.debug.lib : edma.obj (.text.EDMA_setPaRAM)
                  7010bee4    0000000c     --HOLE-- [fill = 0]
                  7010bef0    00000054                                                       : uart_v0_lld.obj (.text.UART_OperModeValid)
                  7010bf44    0000000c     --HOLE-- [fill = 0]
                  7010bf50    00000054     main.o (.text.main)
                  7010bfa4    00000054     libc.a : autoinit.c.obj (.text:__TI_auto_init_nobinit_nopinit)
                  7010bff8    00000008     --HOLE-- [fill = 0]
                  7010c000    00000050     ti_drivers_open_close.o (.text.Drivers_uartClose)
                  7010c050    00000050     drivers.am263px.r5f.ti-arm-clang.nortos.debug.lib : pinmux.obj (.text.Pinmux_config)
                  7010c0a0    00000050                                                       : uart_v0_lld.obj (.text.UART_checkCharsAvailInFifo)
                  7010c0f0    0000004e     nortos.am263px.r5f.ti-arm-clang.debug.lib : DebugP_shmLogWriter.obj (.text.DebugP_shmLogWriterInit)
                  7010c13e    00000002     --HOLE-- [fill = 0]
                  7010c140    0000004e     drivers.am263px.r5f.ti-arm-clang.nortos.debug.lib : edma.obj (.text.EDMA_clrEvtRegion)
                  7010c18e    00000002     --HOLE-- [fill = 0]
                  7010c190    0000004e                                                       : edma.obj (.text.EDMA_disableDmaEvtRegion)
                  7010c1de    00000002     --HOLE-- [fill = 0]
                  7010c1e0    0000004e                                                       : edma.obj (.text.EDMA_disableEvtIntrRegion)
                  7010c22e    00000002     --HOLE-- [fill = 0]
                  7010c230    0000004e                                                       : edma.obj (.text.EDMA_enableDmaEvtRegion)
                  7010c27e    00000002     --HOLE-- [fill = 0]
                  7010c280    0000004e                                                       : edma.obj (.text.EDMA_enableEvtIntrRegion)
                  7010c2ce    00000002     --HOLE-- [fill = 0]
                  7010c2d0    0000004e                                                       : edma.obj (.text.EDMA_setEvtRegion)
                  7010c31e    00000002     --HOLE-- [fill = 0]
                  7010c320    0000004e                                                       : gpio.obj (.text.GPIO_setDirMode)
                  7010c36e    00000002     --HOLE-- [fill = 0]
                  7010c370    0000004e                                                       : mcan.obj (.text.MCAN_enableIntrLine)
                  7010c3be    00000002     --HOLE-- [fill = 0]
                  7010c3c0    0000004c     nortos.am263px.r5f.ti-arm-clang.debug.lib : ClockP_nortos.obj (.text.ClockP_construct)
                  7010c40c    00000004     --HOLE-- [fill = 0]
                  7010c410    0000004c     drivers.am263px.r5f.ti-arm-clang.nortos.debug.lib : edma.obj (.text.EDMA_ccPaRAMEntry_init)
                  7010c45c    00000004     --HOLE-- [fill = 0]
                  7010c460    0000004c                                                       : edma.obj (.text.EDMA_mapQdmaChToPaRAM)
                  7010c4ac    00000004     --HOLE-- [fill = 0]
                  7010c4b0    0000004c                                                       : edma.obj (.text.EDMA_readEventStatusRegion)
                  7010c4fc    00000004     --HOLE-- [fill = 0]
                  7010c500    0000004c                                                       : ipc_notify_v1.obj (.text.IpcNotify_unregisterClient)
                  7010c54c    00000004     --HOLE-- [fill = 0]
                  7010c550    0000004c     ti_power_clock_config.o (.text.Module_clockEnable)
                  7010c59c    00000004     --HOLE-- [fill = 0]
                  7010c5a0    0000004c     gateway_shared.o (.text.gateway_update_stat)
                  7010c5ec    00000004     --HOLE-- [fill = 0]
                  7010c5f0    0000004c     main.o (.text.ipc_notify_callback_fxn)
                  7010c63c    0000004c     libc.a : memmov.c.obj (.text.memmove)
                  7010c688    00000008     --HOLE-- [fill = 0]
                  7010c690    0000004c     yis320_protocol.o (.text.parse_quaternion)
                  7010c6dc    00000004     --HOLE-- [fill = 0]
                  7010c6e0    0000004a     drivers.am263px.r5f.ti-arm-clang.nortos.debug.lib : ipc_notify_v1.obj (.text.IpcNotify_Params_init)
                  7010c72a    00000006     --HOLE-- [fill = 0]
                  7010c730    0000004a                                                       : soc_rcm.obj (.text.SOC_rcmGetCR5SysclkInFrequency)
                  7010c77a    00000006     --HOLE-- [fill = 0]
                  7010c780    0000004a                                                       : uart_v0_lld.obj (.text.UART_getIntrIdentityStatus)
                  7010c7ca    00000006     --HOLE-- [fill = 0]
                  7010c7d0    0000004a                                                       : uart_v0_lld.obj (.text.UART_lineCharConfig)
                  7010c81a    00000006     --HOLE-- [fill = 0]
                  7010c820    0000004a     main.o (.text.motor_get_index)
                  7010c86a    00000006     --HOLE-- [fill = 0]
                  7010c870    00000048     drivers.am263px.r5f.ti-arm-clang.nortos.debug.lib : uart_v0_lld.obj (.text.UART_resetModule)
                  7010c8b8    00000008     --HOLE-- [fill = 0]
                  7010c8c0    00000046                                                       : uart_v0_lld.obj (.text.UART_i2310WA)
                  7010c906    0000000a     --HOLE-- [fill = 0]
                  7010c910    00000046                                                       : uart_v0_lld.obj (.text.UART_readLineStatus)
                  7010c956    0000000a     --HOLE-- [fill = 0]
                  7010c960    00000046     imu_protocol_handler.o (.text.imu_protocol_handler_init)
                  7010c9a6    0000000a     --HOLE-- [fill = 0]
                  7010c9b0    00000044     drivers.am263px.r5f.ti-arm-clang.nortos.debug.lib : ipc_notify_v1.obj (.text.IpcNotify_getWriteMailbox)
                  7010c9f4    0000000c     --HOLE-- [fill = 0]
                  7010ca00    00000044                                                       : soc_rcm.obj (.text.SOC_rcmExtract8)
                  7010ca44    0000000c     --HOLE-- [fill = 0]
                  7010ca50    00000044                                                       : soc_rcm.obj (.text.SOC_rcmMake16)
                  7010ca94    0000000c     --HOLE-- [fill = 0]
                  7010caa0    00000044     nortos.am263px.r5f.ti-arm-clang.debug.lib : SemaphoreP_nortos.obj (.text.SemaphoreP_construct)
                  7010cae4    0000000c     --HOLE-- [fill = 0]
                  7010caf0    00000044                                               : DebugP_nortos.obj (.text._DebugP_logZone)
                  7010cb34    0000000c     --HOLE-- [fill = 0]
                  7010cb40    00000044                                               : printf.obj (.text._strnlen_s)
                  7010cb84    0000000c     --HOLE-- [fill = 0]
                  7010cb90    00000044     main.o (.text.process_motor_commands)
                  7010cbd4    0000000c     --HOLE-- [fill = 0]
                  7010cbe0    00000042     nortos.am263px.r5f.ti-arm-clang.debug.lib : ClockP_nortos.obj (.text.ClockP_start)
                  7010cc22    0000000e     --HOLE-- [fill = 0]
                  7010cc30    00000042     drivers.am263px.r5f.ti-arm-clang.nortos.debug.lib : uart_v0.obj (.text.UART_checkOpenParams)
                  7010cc72    0000000e     --HOLE-- [fill = 0]
                  7010cc80    0000003e                                                       : pinmux.obj (.text.Pinmux_unlockMMR)
                  7010ccbe    00000002     --HOLE-- [fill = 0]
                  7010ccc0    0000003e                                                       : uart_v0_lld.obj (.text.UART_IsHWFlowCtrlValid)
                  7010ccfe    00000002     --HOLE-- [fill = 0]
                  7010cd00    0000003e                                                       : uart_v0_lld.obj (.text.UART_spaceAvail)
                  7010cd3e    00000002     --HOLE-- [fill = 0]
                  7010cd40    0000003e     gateway_shared.o (.text.gateway_core1_init)
                  7010cd7e    00000002     --HOLE-- [fill = 0]
                  7010cd80    0000003e     gateway_shared.o (.text.gateway_update_heartbeat)
                  7010cdbe    00000002     --HOLE-- [fill = 0]
                  7010cdc0    0000003e     main.o (.text.timerISR)
                  7010cdfe    00000002     --HOLE-- [fill = 0]
                  7010ce00    0000003c     drivers.am263px.r5f.ti-arm-clang.nortos.debug.lib : uart_v0_lld.obj (.text.UART_IsParityTypeValid)
                  7010ce3c    00000004     --HOLE-- [fill = 0]
                  7010ce40    0000003c                                                       : uart_v0_lld.obj (.text.UART_IsTxRxFifoEmpty)
                  7010ce7c    00000004     --HOLE-- [fill = 0]
                  7010ce80    0000003c                                                       : uart_v0_lld.obj (.text.UART_enhanFuncEnable)
                  7010cebc    00000004     --HOLE-- [fill = 0]
                  7010cec0    0000003a     can_interface.o (.text.CAN_RegisterRxCallback)
                  7010cefa    00000006     --HOLE-- [fill = 0]
                  7010cf00    0000003a     drivers.am263px.r5f.ti-arm-clang.nortos.debug.lib : mcan.obj (.text.MCAN_txBufAddReq)
                  7010cf3a    00000006     --HOLE-- [fill = 0]
                  7010cf40    0000003a                                                       : soc.obj (.text.SOC_moduleSetClockFrequency)
                  7010cf7a    00000006     --HOLE-- [fill = 0]
                  7010cf80    0000003a     nortos.am263px.r5f.ti-arm-clang.debug.lib : printf.obj (.text._atoi)
                  7010cfba    00000006     --HOLE-- [fill = 0]
                  7010cfc0    0000003a     main.o (.text.init_1000hz_timer)
                  7010cffa    00000006     --HOLE-- [fill = 0]
                  7010d000    0000003a     nortos.am263px.r5f.ti-arm-clang.debug.lib : printf.obj (.text.snprintf_)
                  7010d03a    00000006     --HOLE-- [fill = 0]
                  7010d040    00000038     drivers.am263px.r5f.ti-arm-clang.nortos.debug.lib : soc.obj (.text.SOC_getCoreName)
                  7010d078    00000038     nortos.am263px.r5f.ti-arm-clang.debug.lib : PmuP_armv7r_asm.obj (.text.pmu)
                  7010d0b0    00000038     yis320_protocol.o (.text.vtable_is_connected)
                  7010d0e8    00000008     --HOLE-- [fill = 0]
                  7010d0f0    00000036     drivers.am263px.r5f.ti-arm-clang.nortos.debug.lib : edma.obj (.text.EDMA_getRegionId)
                  7010d126    0000000a     --HOLE-- [fill = 0]
                  7010d130    00000036     can_interface.o (.text.GPIO_pinWriteLow)
                  7010d166    0000000a     --HOLE-- [fill = 0]
                  7010d170    00000036     drivers.am263px.r5f.ti-arm-clang.nortos.debug.lib : ipc_notify_v1.obj (.text.IpcNotify_syncCallback)
                  7010d1a6    0000000a     --HOLE-- [fill = 0]
                  7010d1b0    00000034                                                       : mcan.obj (.text.MCAN_SsAddr)
                  7010d1e4    0000000c     --HOLE-- [fill = 0]
                  7010d1f0    00000034                                                       : mcan.obj (.text.MCAN_calcCfgAddr)
                  7010d224    0000000c     --HOLE-- [fill = 0]
                  7010d230    00000034                                                       : pinmux.obj (.text.Pinmux_lockMMR)
                  7010d264    0000000c     --HOLE-- [fill = 0]
                  7010d270    00000034     nortos.am263px.r5f.ti-arm-clang.debug.lib : TimerP_rti_priv.obj (.text.TimerP_Params_initPriv)
                  7010d2a4    0000000c     --HOLE-- [fill = 0]
                  7010d2b0    00000034     drivers.am263px.r5f.ti-arm-clang.nortos.debug.lib : uart_v0_lld.obj (.text.UART_IsDataLengthValid)
                  7010d2e4    0000000c     --HOLE-- [fill = 0]
                  7010d2f0    00000034     motor_mapping.o (.text.motor_get_config)
                  7010d324    0000000c     --HOLE-- [fill = 0]
                  7010d330    00000032     drivers.am263px.r5f.ti-arm-clang.nortos.debug.lib : mcan.obj (.text.HW_WR_FIELD32_RAW)
                  7010d362    0000000e     --HOLE-- [fill = 0]
                  7010d370    00000032                                                       : uart_v0_lld.obj (.text.HW_WR_FIELD32_RAW)
                  7010d3a2    0000000e     --HOLE-- [fill = 0]
                  7010d3b0    00000032                                                       : ipc_notify_v1.obj (.text.IpcNotify_mailboxIsPendingIntr)
                  7010d3e2    0000000e     --HOLE-- [fill = 0]
                  7010d3f0    00000032                                                       : mcan.obj (.text.MCAN_isMemInitDone)
                  7010d422    0000000e     --HOLE-- [fill = 0]
                  7010d430    00000032     nortos.am263px.r5f.ti-arm-clang.debug.lib : TimerP_rti_priv.obj (.text.TimerP_getCountPriv)
                  7010d462    0000000e     --HOLE-- [fill = 0]
                  7010d470    00000032     drivers.am263px.r5f.ti-arm-clang.nortos.debug.lib : uart_v0_lld.obj (.text.UART_enhanFuncBitValRestore)
                  7010d4a2    0000000e     --HOLE-- [fill = 0]
                  7010d4b0    00000032                                                       : uart_v0_lld.obj (.text.UART_hardwareFlowCtrlOptSet)
                  7010d4e2    0000000e     --HOLE-- [fill = 0]
                  7010d4f0    00000030                                                       : ipc_notify_v1.obj (.text.IpcNotify_getReadSwQ)
                  7010d520    00000030                                                       : uart_v0_lld.obj (.text.UART_flowCtrlTrigLvlConfig)
                  7010d550    00000030     gateway_shared.o (.text.gateway_signal_motor_config_ready)
                  7010d580    0000002e     drivers.am263px.r5f.ti-arm-clang.nortos.debug.lib : uart_dma_edma.obj (.text.UART_lld_dmaInit)
                  7010d5ae    00000002     --HOLE-- [fill = 0]
                  7010d5b0    0000002e     nortos.am263px.r5f.ti-arm-clang.debug.lib : printf.obj (.text._is_digit)
                  7010d5de    00000002     --HOLE-- [fill = 0]
                  7010d5e0    0000002c                                               : DebugP_log.obj (.text.DebugP_logZoneEnable)
                  7010d60c    00000004     --HOLE-- [fill = 0]
                  7010d610    0000002c     drivers.am263px.r5f.ti-arm-clang.nortos.debug.lib : ipc_notify_v1.obj (.text.IpcNotify_getReadMailbox)
                  7010d63c    00000004     --HOLE-- [fill = 0]
                  7010d640    0000002c                                                       : mcan.obj (.text.MCAN_clearNewDataStatus)
                  7010d66c    00000004     --HOLE-- [fill = 0]
                  7010d670    0000002c                                                       : mcan.obj (.text.MCAN_getNewDataStatus)
                  7010d69c    00000004     --HOLE-- [fill = 0]
                  7010d6a0    0000002c     nortos.am263px.r5f.ti-arm-clang.debug.lib : SemaphoreP_nortos.obj (.text.SemaphoreP_constructBinary)
                  7010d6cc    00000004     --HOLE-- [fill = 0]
                  7010d6d0    0000002c     yis320_protocol.o (.text.vtable_deinit)
                  7010d6fc    00000004     --HOLE-- [fill = 0]
                  7010d700    0000002a     nortos.am263px.r5f.ti-arm-clang.debug.lib : ClockP_nortos.obj (.text.ClockP_sleepTicks)
                  7010d72a    00000006     --HOLE-- [fill = 0]
                  7010d730    0000002a     drivers.am263px.r5f.ti-arm-clang.nortos.debug.lib : uart_v0_lld.obj (.text.UART_intr2Disable)
                  7010d75a    00000006     --HOLE-- [fill = 0]
                  7010d760    0000002a                                                       : uart_v0_lld.obj (.text.UART_operatingModeSelect)
                  7010d78a    00000006     --HOLE-- [fill = 0]
                  7010d790    00000028     nortos.am263px.r5f.ti-arm-clang.debug.lib : CpuId_armv7r.obj (.text.CSL_armR5GetCpuID)
                  7010d7b8    00000008     --HOLE-- [fill = 0]
                  7010d7c0    00000028                                               : printf.obj (.text.vprintf_)
                  7010d7e8    00000008     --HOLE-- [fill = 0]
                  7010d7f0    00000026     drivers.am263px.r5f.ti-arm-clang.nortos.debug.lib : edma.obj (.text.EDMA_disableQdmaEvtRegion)
                  7010d816    0000000a     --HOLE-- [fill = 0]
                  7010d820    00000026                                                       : edma.obj (.text.EDMA_enableQdmaEvtRegion)
                  7010d846    0000000a     --HOLE-- [fill = 0]
                  7010d850    00000026                                                       : edma.obj (.text.EDMA_validateIntrObject)
                  7010d876    0000000a     --HOLE-- [fill = 0]
                  7010d880    00000026     ti_drivers_config.o (.text.IpcNotify_allocSwQueue)
                  7010d8a6    0000000a     --HOLE-- [fill = 0]
                  7010d8b0    00000026     nortos.am263px.r5f.ti-arm-clang.debug.lib : printf.obj (.text._out_buffer)
                  7010d8d6    0000000a     --HOLE-- [fill = 0]
                  7010d8e0    00000024     ti_drivers_config.o (.text.IpcNotify_getConfig)
                  7010d904    0000000c     --HOLE-- [fill = 0]
                  7010d910    00000024     nortos.am263px.r5f.ti-arm-clang.debug.lib : SemaphoreP_nortos.obj (.text.SemaphoreP_constructMutex)
                  7010d934    0000000c     --HOLE-- [fill = 0]
                  7010d940    00000024     drivers.am263px.r5f.ti-arm-clang.nortos.debug.lib : uart_v0_lld.obj (.text.UART_IsRxTrigLvlValid)
                  7010d964    0000000c     --HOLE-- [fill = 0]
                  7010d970    00000024                                                       : uart_v0_lld.obj (.text.UART_IsStopBitsValid)
                  7010d994    0000000c     --HOLE-- [fill = 0]
                  7010d9a0    00000024                                                       : uart_v0_lld.obj (.text.UART_IsTxTrigLvlValid)
                  7010d9c4    0000000c     --HOLE-- [fill = 0]
                  7010d9d0    00000024                                                       : uart_v0.obj (.text.UART_getBaseAddr)
                  7010d9f4    00000024     libclang_rt.builtins.a : aeabi_uldivmod.S.obj (.text.__aeabi_uldivmod)
                  7010da18    00000008     --HOLE-- [fill = 0]
                  7010da20    00000024     nortos.am263px.r5f.ti-arm-clang.debug.lib : printf.obj (.text._out_char)
                  7010da44    0000000c     --HOLE-- [fill = 0]
                  7010da50    00000022     drivers.am263px.r5f.ti-arm-clang.nortos.debug.lib : edma.obj (.text.EDMA_channelToParamMap)
                  7010da72    0000000e     --HOLE-- [fill = 0]
                  7010da80    00000022     gateway_shared.o (.text.gateway_ringbuf_core1_receive)
                  7010daa2    0000000e     --HOLE-- [fill = 0]
                  7010dab0    00000020     nortos.am263px.r5f.ti-arm-clang.debug.lib : ClockP_nortos.obj (.text.ClockP_isActive)
                  7010dad0    00000020                                               : ClockP_nortos.obj (.text.ClockP_usecToTicks)
                  7010daf0    00000020     drivers.am263px.r5f.ti-arm-clang.nortos.debug.lib : mcan.obj (.text.HW_RD_FIELD32_RAW)
                  7010db10    00000020                                                       : uart_v0_lld.obj (.text.HW_RD_FIELD32_RAW)
                  7010db30    00000020     imu_interface_isr.o (.text.reset_parser)
                  7010db50    0000001e     nortos.am263px.r5f.ti-arm-clang.debug.lib : ClockP_nortos.obj (.text.ClockP_Params_init)
                  7010db6e    00000002     --HOLE-- [fill = 0]
                  7010db70    0000001e     drivers.am263px.r5f.ti-arm-clang.nortos.debug.lib : edma.obj (.text.EDMA_getEventStatusHigh)
                  7010db8e    00000002     --HOLE-- [fill = 0]
                  7010db90    0000001e                                                       : mcan.obj (.text.MCAN_setOpMode)
                  7010dbae    00000002     --HOLE-- [fill = 0]
                  7010dbb0    0000001e                                                       : soc.obj (.text.SOC_getSelfCpuClk)
                  7010dbce    00000002     --HOLE-- [fill = 0]
                  7010dbd0    0000001e                                                       : soc.obj (.text.SOC_moduleClockEnable)
                  7010dbee    00000002     --HOLE-- [fill = 0]
                  7010dbf0    0000001e     ti_dpl_config.o (.text.TimerP_isr0)
                  7010dc0e    00000002     --HOLE-- [fill = 0]
                  7010dc10    0000001e     drivers.am263px.r5f.ti-arm-clang.nortos.debug.lib : uart_v0_lld.obj (.text.UART_breakCtl)
                  7010dc2e    00000002     --HOLE-- [fill = 0]
                  7010dc30    0000001e                                                       : uart_v0_lld.obj (.text.UART_lld_Transaction_deInit)
                  7010dc4e    00000002     --HOLE-- [fill = 0]
                  7010dc50    0000001c                                                       : edma.obj (.text.EDMA_getEventStatus)
                  7010dc6c    00000004     --HOLE-- [fill = 0]
                  7010dc70    0000001c                                                       : mcan.obj (.text.MCAN_writeProtectedRegAccessLock)
                  7010dc8c    00000004     --HOLE-- [fill = 0]
                  7010dc90    0000001c                                                       : mcan.obj (.text.MCAN_writeProtectedRegAccessUnlock)
                  7010dcac    00000004     --HOLE-- [fill = 0]
                  7010dcb0    0000001c                                                       : uart_v0_lld.obj (.text.UART_IsParameter)
                  7010dccc    0000001c     libc.a : memcpy32.S.obj (.text:TI_memcpy_small)
                  7010dce8    00000008     --HOLE-- [fill = 0]
                  7010dcf0    0000001a     drivers.am263px.r5f.ti-arm-clang.nortos.debug.lib : mcan.obj (.text.MCAN_clearIntrStatus)
                  7010dd0a    00000006     --HOLE-- [fill = 0]
                  7010dd10    0000001a                                                       : mcan.obj (.text.MCAN_getOpMode)
                  7010dd2a    00000006     --HOLE-- [fill = 0]
                  7010dd30    0000001a                                                       : uart_v0_lld.obj (.text.UART_fifoCharGet)
                  7010dd4a    00000006     --HOLE-- [fill = 0]
                  7010dd50    0000001a                                                       : uart_v0_lld.obj (.text.UART_timeGuardConfig)
                  7010dd6a    00000006     --HOLE-- [fill = 0]
                  7010dd70    00000018     nortos.am263px.r5f.ti-arm-clang.debug.lib : ClockP_nortos.obj (.text.ClockP_ticksToUsec)
                  7010dd88    00000008     --HOLE-- [fill = 0]
                  7010dd90    00000018     drivers.am263px.r5f.ti-arm-clang.nortos.debug.lib : edma.obj (.text.EDMA_isInterruptEnabled)
                  7010dda8    00000008     --HOLE-- [fill = 0]
                  7010ddb0    00000018                                                       : ipc_notify_v1.obj (.text.IpcNotify_mailboxClearAllInt)
                  7010ddc8    00000008     --HOLE-- [fill = 0]
                  7010ddd0    00000018                                                       : ipc_notify_v1_cfg.obj (.text.IpcNotify_trigInterrupt)
                  7010dde8    00000008     --HOLE-- [fill = 0]
                  7010ddf0    00000018     nortos.am263px.r5f.ti-arm-clang.debug.lib : SemaphoreP_nortos.obj (.text.SemaphoreP_Params_init)
                  7010de08    00000008     --HOLE-- [fill = 0]
                  7010de10    00000018                                               : TimerP_rti_priv.obj (.text.TimerP_getReloadCountPriv)
                  7010de28    00000008     --HOLE-- [fill = 0]
                  7010de30    00000018     drivers.am263px.r5f.ti-arm-clang.nortos.debug.lib : uart_v0_lld.obj (.text.UART_divisorLatchDisable)
                  7010de48    00000008     --HOLE-- [fill = 0]
                  7010de50    00000018                                                       : uart_v0_lld.obj (.text.UART_modemControlReset)
                  7010de68    00000008     --HOLE-- [fill = 0]
                  7010de70    00000018                                                       : uart_v0_lld.obj (.text.UART_putChar)
                  7010de88    00000018     libc.a : memset32.S.obj (.text:TI_memset_small)
                  7010dea0    00000016     drivers.am263px.r5f.ti-arm-clang.nortos.debug.lib : ipc_notify_v1.obj (.text.IpcNotify_sendSync)
                  7010deb6    0000000a     --HOLE-- [fill = 0]
                  7010dec0    00000016                                                       : mcan.obj (.text.MCAN_getIntrStatus)
                  7010ded6    0000000a     --HOLE-- [fill = 0]
                  7010dee0    00000016     nortos.am263px.r5f.ti-arm-clang.debug.lib : TimerP_rti_priv.obj (.text.TimerP_startPriv)
                  7010def6    0000000a     --HOLE-- [fill = 0]
                  7010df00    00000016                                               : TimerP_rti_priv.obj (.text.TimerP_stopPriv)
                  7010df16    0000000a     --HOLE-- [fill = 0]
                  7010df20    00000016     drivers.am263px.r5f.ti-arm-clang.nortos.debug.lib : uart_v0_lld.obj (.text.UART_divideRoundCloset)
                  7010df36    0000000a     --HOLE-- [fill = 0]
                  7010df40    00000016                                                       : uart_v0_lld.obj (.text.UART_regConfModeRestore)
                  7010df56    0000000a     --HOLE-- [fill = 0]
                  7010df60    00000014                                                       : edma.obj (.text.HW_WR_REG16_RAW)
                  7010df74    0000000c     --HOLE-- [fill = 0]
                  7010df80    00000014                                                       : ipc_notify_v1.obj (.text.IpcNotify_mailboxClearPendingIntr)
                  7010df94    0000000c     --HOLE-- [fill = 0]
                  7010dfa0    00000014                                                       : soc_rcm.obj (.text.SOC_rcmGetModuleClkDivFromRegVal)
                  7010dfb4    0000000c     --HOLE-- [fill = 0]
                  7010dfc0    00000014     nortos.am263px.r5f.ti-arm-clang.debug.lib : TimerP_rti_priv.obj (.text.TimerP_clearOverflowIntPriv)
                  7010dfd4    0000000c     --HOLE-- [fill = 0]
                  7010dfe0    00000014                                               : TimerP_rti_nortos.obj (.text.TimerP_setup)
                  7010dff4    0000000c     --HOLE-- [fill = 0]
                  7010e000    00000014     ti_dpl_config.o (.text.putchar_)
                  7010e014    0000000c     --HOLE-- [fill = 0]
                  7010e020    00000012     ti_pinmux_config.o (.text.Pinmux_init)
                  7010e032    0000000e     --HOLE-- [fill = 0]
                  7010e040    00000012     imu_protocol_handler.o (.text.imu_initialize)
                  7010e052    0000000e     --HOLE-- [fill = 0]
                  7010e060    00000012     yis320_protocol.o (.text.yis320_get_timestamp_ms)
                  7010e072    0000000e     --HOLE-- [fill = 0]
                  7010e080    00000010     can_interface.o (.text.CSL_REG32_WR_RAW)
                  7010e090    00000010     drivers.am263px.r5f.ti-arm-clang.nortos.debug.lib : pinmux.obj (.text.CSL_REG32_WR_RAW)
                  7010e0a0    00000010                                                       : soc.obj (.text.CSL_REG32_WR_RAW)
                  7010e0b0    00000010     nortos.am263px.r5f.ti-arm-clang.debug.lib : ClockP_nortos_r5.obj (.text.ClockP_getTimerCount)
                  7010e0c0    00000010                                               : ClockP_nortos_r5.obj (.text.ClockP_timerClearOverflowInt)
                  7010e0d0    00000010     drivers.am263px.r5f.ti-arm-clang.nortos.debug.lib : edma.obj (.text.HW_RD_REG32_RAW)
                  7010e0e0    00000010                                                       : mcan.obj (.text.HW_RD_REG32_RAW)
                  7010e0f0    00000010                                                       : uart_v0_lld.obj (.text.HW_RD_REG32_RAW)
                  7010e100    00000010                                                       : edma.obj (.text.HW_WR_REG32_RAW)
                  7010e110    00000010                                                       : mcan.obj (.text.HW_WR_REG32_RAW)
                  7010e120    00000010                                                       : uart_v0_lld.obj (.text.HW_WR_REG32_RAW)
                  7010e130    00000010                                                       : ipc_notify_v1.obj (.text.IpcNotify_mailboxGetPendingIntr)
                  7010e140    00000010     nortos.am263px.r5f.ti-arm-clang.debug.lib : TimerP_rti_nortos.obj (.text.TimerP_Params_init)
                  7010e150    00000010                                               : TimerP_rti_nortos.obj (.text.TimerP_clearOverflowInt)
                  7010e160    00000010                                               : TimerP_rti_nortos.obj (.text.TimerP_getCount)
                  7010e170    00000010                                               : TimerP_rti_nortos.obj (.text.TimerP_getReloadCount)
                  7010e180    00000010                                               : TimerP_rti_nortos.obj (.text.TimerP_start)
                  7010e190    00000010                                               : printf.obj (.text._out_null)
                  7010e1a0    00000010     gateway_shared.o (.text.gateway_notify_imu_ready)
                  7010e1b0    00000010     gateway_shared.o (.text.gateway_notify_states_ready)
                  7010e1c0    0000000e     yis320_protocol.o (.text.yis320_uart_configure)
                  7010e1ce    00000002     --HOLE-- [fill = 0]
                  7010e1d0    0000000c     ti_board_open_close.o (.text.Board_driversOpen)
                  7010e1dc    00000004     --HOLE-- [fill = 0]
                  7010e1e0    0000000c     nortos.am263px.r5f.ti-arm-clang.debug.lib : ClockP_nortos.obj (.text.ClockP_getTicks)
                  7010e1ec    00000004     --HOLE-- [fill = 0]
                  7010e1f0    0000000c     ti_power_clock_config.o (.text.PowerClock_init)
                  7010e1fc    00000004     --HOLE-- [fill = 0]
                  7010e200    0000000c     imu_interface_isr.o (.text.parse_int32_le)
                  7010e20c    00000004     --HOLE-- [fill = 0]
                  7010e210    0000000c     yis320_protocol.o (.text.vtable_read_data)
                  7010e21c    00000004     --HOLE-- [fill = 0]
                  7010e220    0000000a     nortos.am263px.r5f.ti-arm-clang.debug.lib : HwiP_armv7r_vim.obj (.text.Hwip_dataAndInstructionBarrier)
                  7010e22a    00000006     --HOLE-- [fill = 0]
                  7010e230    0000000a     drivers.am263px.r5f.ti-arm-clang.nortos.debug.lib : ipc_notify_v1.obj (.text.IpcNotify_dataAndInstructionBarrier)
                  7010e23a    00000006     --HOLE-- [fill = 0]
                  7010e240    0000000a                                                       : soc_rcm.obj (.text.SOC_rcmGetBaseAddressMSSRCM)
                  7010e24a    00000006     --HOLE-- [fill = 0]
                  7010e250    0000000a                                                       : uart_dma_edma.obj (.text.UART_edmaDoNothing)
                  7010e25a    00000006     --HOLE-- [fill = 0]
                  7010e260    0000000a     gateway_shared.o (.text.gateway_memory_barrier)
                  7010e26a    00000006     --HOLE-- [fill = 0]
                  7010e270    0000000a     gateway_shared.o (.text.ringbuf_get_ptr)
                  7010e27a    00000006     --HOLE-- [fill = 0]
                  7010e280    00000008     ti_drivers_open_close.o (.text.Drivers_open)
                  7010e288    00000008     --HOLE-- [fill = 0]
                  7010e290    00000008     ti_drivers_config.o (.text.Drivers_uartInit)
                  7010e298    00000008     --HOLE-- [fill = 0]
                  7010e2a0    00000008     drivers.am263px.r5f.ti-arm-clang.nortos.debug.lib : soc_rcm.obj (.text.SOC_rcmGetBaseAddressMSSCTRL)
                  7010e2a8    00000008     --HOLE-- [fill = 0]
                  7010e2b0    00000008                                                       : soc_rcm.obj (.text.SOC_rcmGetBaseAddressTOPRCM)
                  7010e2b8    00000008     --HOLE-- [fill = 0]
                  7010e2c0    00000008     nortos.am263px.r5f.ti-arm-clang.debug.lib : SemaphoreP_nortos.obj (.text.SemaphoreP_destruct)
                  7010e2c8    00000008     --HOLE-- [fill = 0]
                  7010e2d0    00000002     ti_board_open_close.o (.text.Board_driversClose)
                  7010e2d2    0000000e     --HOLE-- [fill = 0]
                  7010e2e0    00000002     ti_board_config.o (.text.Board_init)
                  7010e2e2    0000000e     --HOLE-- [fill = 0]
                  7010e2f0    00000002     drivers.am263px.r5f.ti-arm-clang.nortos.debug.lib : ipc_notify_v1_cfg.obj (.text.IpcNotify_wait)
                  7010e2f2    0000000e     --HOLE-- [fill = 0]
                  7010e300    00000002     nortos.am263px.r5f.ti-arm-clang.debug.lib : TaskP_nortos.obj (.text.TaskP_yield)
                  7010e302    0000000e     --HOLE-- [fill = 0]

.rodata    0    7010e310    00001ac8     
                  7010e310    00000450     motor_mapping.o (.rodata.motor_config_table)
                  7010e760    00000084     ti_dpl_config.o (.rodata.cfg)
                  7010e7e4    00000004     nortos.am263px.r5f.ti-arm-clang.debug.lib : CacheP_armv7r.obj (.rodata.gCacheL1dCacheLineSize)
                  7010e7e8    00000050                                               : printf.obj (.rodata._ftoa.pow10)
                  7010e838    0000004d     gateway_shared.o (.rodata.str1.151310420356374389.1)
                  7010e885    00000003     can_interface.o (.rodata.str1.15257894921296593044.1)
                  7010e888    00000048     drivers.am263px.r5f.ti-arm-clang.nortos.debug.lib : soc_rcm.obj (.rodata.gADPLLJConfigTbl)
                  7010e8d0    00000043     main.o (.rodata.str1.14079361385603432444.1)
                  7010e913    00000001     --HOLE-- [fill = 0]
                  7010e914    00000040     drivers.am263px.r5f.ti-arm-clang.nortos.debug.lib : mcan.obj (.rodata.gDataSize)
                  7010e954    00000040                                                       : ipc_notify_v1.obj (.rodata.str1.10118846006578224169.1)
                  7010e994    00000040     gateway_shared.o (.rodata.str1.1309647279537151951.1)
                  7010e9d4    0000003f     imu_interface_isr.o (.rodata.str1.5126834218174521685.1)
                  7010ea13    0000003d     main.o (.rodata.str1.10313062130652730376.1)
                  7010ea50    0000003d     nortos.am263px.r5f.ti-arm-clang.debug.lib : TimerP_rti_priv.obj (.rodata.str1.11388379688747141303.1)
                  7010ea8d    0000003c     main.o (.rodata.str1.2123964117280943167.1)
                  7010eac9    0000003b     can_interface.o (.rodata.str1.14428574951410983152.1)
                  7010eb04    0000003b     imu_interface_isr.o (.rodata.str1.6306445455767916371.1)
                  7010eb3f    00000039     can_interface.o (.rodata.str1.17339864536769639315.1)
                  7010eb78    00000039     can_interface.o (.rodata.str1.6401568125276999251.1)
                  7010ebb1    00000039     can_interface.o (.rodata.str1.6806839034663112933.1)
                  7010ebea    00000037     gateway_shared.o (.rodata.str1.5629998949668554045.1)
                  7010ec21    00000037     gateway_shared.o (.rodata.str1.8195260966165303577.1)
                  7010ec58    00000036     can_interface.o (.rodata.str1.2167712102046818855.1)
                  7010ec8e    00000035     can_interface.o (.rodata.str1.13942422985958650841.1)
                  7010ecc3    00000035     main.o (.rodata.str1.14402440632258215044.1)
                  7010ecf8    00000035     imu_interface_isr.o (.rodata.str1.15503275091179387347.1)
                  7010ed2d    00000035     main.o (.rodata.str1.16631870348416990953.1)
                  7010ed62    00000035     imu_interface_isr.o (.rodata.str1.2252785669688110604.1)
                  7010ed97    00000035     can_interface.o (.rodata.str1.6692020027550076815.1)
                  7010edcc    00000035     ti_drivers_open_close.o (.rodata.str1.871795152488895636.1)
                  7010ee01    00000034     main.o (.rodata.str1.14112174005742061988.1)
                  7010ee35    00000033     can_interface.o (.rodata.str1.10130696897761414469.1)
                  7010ee68    00000033     can_interface.o (.rodata.str1.10186677634541030339.1)
                  7010ee9b    00000031     gateway_shared.o (.rodata.str1.15257554646438059100.1)
                  7010eecc    00000031     motor_mapping.o (.rodata.str1.8787205977826144616.1)
                  7010eefd    00000030     main.o (.rodata.str1.8154729771448623357.1)
                  7010ef2d    00000030     imu_interface_isr.o (.rodata.str1.9168798226845388136.1)
                  7010ef5d    0000002f     main.o (.rodata.str1.1311392489248731986.1)
                  7010ef8c    0000002f     main.o (.rodata.str1.16302215771116645891.1)
                  7010efbb    0000002f     gateway_shared.o (.rodata.str1.3129942817937968154.1)
                  7010efea    0000002f     main.o (.rodata.str1.9059077390166914652.1)
                  7010f019    0000002f     drivers.am263px.r5f.ti-arm-clang.nortos.debug.lib : ipc_notify_v1.obj (.rodata.str1.9418228565027791152.1)
                  7010f048    0000002e     can_interface.o (.rodata.str1.11024350005305706282.1)
                  7010f076    0000002e     main.o (.rodata.str1.11870794119293528247.1)
                  7010f0a4    0000002e     gateway_shared.o (.rodata.str1.5327546541240122901.1)
                  7010f0d2    0000002e     gateway_shared.o (.rodata.str1.6121471336334202706.1)
                  7010f100    0000002d     main.o (.rodata.str1.10635229749459437609.1)
                  7010f12d    0000002d     main.o (.rodata.str1.13288086030101331538.1)
                  7010f15a    0000002d     main.o (.rodata.str1.13782249893155712474.1)
                  7010f187    0000002d     can_interface.o (.rodata.str1.15094798983471906066.1)
                  7010f1b4    0000002d     can_interface.o (.rodata.str1.150960857071891705.1)
                  7010f1e1    0000002d     can_interface.o (.rodata.str1.17855712168153945246.1)
                  7010f20e    0000002c     imu_interface_isr.o (.rodata.str1.13916086747295221358.1)
                  7010f23a    0000002c     gateway_shared.o (.rodata.str1.7167262159681625771.1)
                  7010f266    0000002c     main.o (.rodata.str1.8076846746581808073.1)
                  7010f292    0000002b     imu_interface_isr.o (.rodata.str1.12147274931821300989.1)
                  7010f2bd    0000002b     main.o (.rodata.str1.18227636981041470289.1)
                  7010f2e8    0000002b     can_interface.o (.rodata.str1.3858671167962548137.1)
                  7010f313    0000002a     nortos.am263px.r5f.ti-arm-clang.debug.lib : DebugP_log.obj (.rodata.str1.227947788441500939.1)
                  7010f33d    0000002a     main.o (.rodata.str1.2763581881760962609.1)
                  7010f367    0000002a     main.o (.rodata.str1.2846389346932560359.1)
                  7010f391    00000029     can_interface.o (.rodata.str1.357542981605220142.1)
                  7010f3ba    00000029     can_interface.o (.rodata.str1.7679921882182829519.1)
                  7010f3e3    00000029     main.o (.rodata.str1.7784929982665794503.1)
                  7010f40c    00000029     main.o (.rodata.str1.8108965883388295311.1)
                  7010f435    00000028     main.o (.rodata.str1.15159059442110792349.1)
                  7010f45d    00000027     nortos.am263px.r5f.ti-arm-clang.debug.lib : ClockP_nortos_r5.obj (.rodata.str1.12743090444791882666.1)
                  7010f484    00000027     main.o (.rodata.str1.3530083166107438000.1)
                  7010f4ab    00000026     gateway_shared.o (.rodata.str1.5761821093615868877.1)
                  7010f4d1    00000026     can_interface.o (.rodata.str1.6910353934698693424.1)
                  7010f4f7    00000026     gateway_shared.o (.rodata.str1.8694082244888993162.1)
                  7010f51d    00000025     main.o (.rodata.str1.15996357275703397564.1)
                  7010f542    00000024     can_interface.o (.rodata.str1.14695538922052102695.1)
                  7010f566    00000024     can_interface.o (.rodata.str1.17857559882412085052.1)
                  7010f58a    00000024     main.o (.rodata.str1.6891813955777630061.1)
                  7010f5ae    00000024     main.o (.rodata.str1.7702501944640899365.1)
                  7010f5d2    00000023     drivers.am263px.r5f.ti-arm-clang.nortos.debug.lib : soc_rcm.obj (.rodata.str1.2078190104202520215.1)
                  7010f5f5    00000023     nortos.am263px.r5f.ti-arm-clang.debug.lib : ClockP_nortos_r5.obj (.rodata.str1.7689125538912326484.1)
                  7010f618    00000022     drivers.am263px.r5f.ti-arm-clang.nortos.debug.lib : edma.obj (.rodata.str1.12976018205622752890.1)
                  7010f63a    00000021     nortos.am263px.r5f.ti-arm-clang.debug.lib : ClockP_nortos_r5.obj (.rodata.str1.8559540482768925367.1)
                  7010f65b    00000001     --HOLE-- [fill = 0]
                  7010f65c    00000020     drivers.am263px.r5f.ti-arm-clang.nortos.debug.lib : mcan.obj (.rodata.gMsgObjSize)
                  7010f67c    00000020     can_interface.o (.rodata.g_mcan_base_addr)
                  7010f69c    00000020     can_interface.o (.rodata.g_mcan_intr_num)
                  7010f6bc    00000020     main.o (.rodata.str1.16265332423659789559.1)
                  7010f6dc    00000020     drivers.am263px.r5f.ti-arm-clang.nortos.debug.lib : uart_v0.obj (.rodata.str1.16594507886308206351.1)
                  7010f6fc    00000020                                                       : ipc_notify_v1.obj (.rodata.str1.2046905611612007019.1)
                  7010f71c    0000001f     can_interface.o (.rodata.str1.12573338884863454617.1)
                  7010f73b    0000001f     nortos.am263px.r5f.ti-arm-clang.debug.lib : ClockP_nortos_r5.obj (.rodata.str1.2746619892315392655.1)
                  7010f75a    0000001f     imu_interface_isr.o (.rodata.str1.4417852805959727765.1)
                  7010f779    0000001e     drivers.am263px.r5f.ti-arm-clang.nortos.debug.lib : ipc_notify_v1.obj (.rodata.str1.16593710740832512674.1)
                  7010f797    0000001e                                                       : ipc_notify_v1.obj (.rodata.str1.9050127465416171240.1)
                  7010f7b5    0000001d     nortos.am263px.r5f.ti-arm-clang.debug.lib : TimerP_rti_priv.obj (.rodata.str1.1727973701797049581.1)
                  7010f7d2    0000001d                                               : TimerP_rti_priv.obj (.rodata.str1.4425773406285945039.1)
                  7010f7ef    0000001d     drivers.am263px.r5f.ti-arm-clang.nortos.debug.lib : uart_v0.obj (.rodata.str1.4697665093340446018.1)
                  7010f80c    0000001d     nortos.am263px.r5f.ti-arm-clang.debug.lib : TimerP_rti_priv.obj (.rodata.str1.7297095892955669843.1)
                  7010f829    0000001b     drivers.am263px.r5f.ti-arm-clang.nortos.debug.lib : edma.obj (.rodata.str1.16672221102796607080.1)
                  7010f844    0000001b     ti_drivers_config.o (.rodata.str1.7767457247551078139.1)
                  7010f85f    0000001a     main.o (.rodata.str1.11702106008850790973.1)
                  7010f879    0000001a     drivers.am263px.r5f.ti-arm-clang.nortos.debug.lib : soc_rcm.obj (.rodata.str1.16907879152045164286.1)
                  7010f893    0000001a     main.o (.rodata.str1.17376258722486336754.1)
                  7010f8ad    0000001a     main.o (.rodata.str1.288608917962107522.1)
                  7010f8c7    0000001a     nortos.am263px.r5f.ti-arm-clang.debug.lib : ClockP_nortos_r5.obj (.rodata.str1.3810757863367538396.1)
                  7010f8e1    00000019     drivers.am263px.r5f.ti-arm-clang.nortos.debug.lib : ipc_notify_v1.obj (.rodata.str1.12253177398743541182.1)
                  7010f8fa    00000019     nortos.am263px.r5f.ti-arm-clang.debug.lib : TimerP_rti_priv.obj (.rodata.str1.5494506574634759136.1)
                  7010f913    00000001     --HOLE-- [fill = 0]
                  7010f914    00000018     drivers.am263px.r5f.ti-arm-clang.nortos.debug.lib : soc_rcm.obj (.rodata.gControlssPllClkSrcValMap)
                  7010f92c    00000018                                                       : soc_rcm.obj (.rodata.gCptsClkSrcValMap)
                  7010f944    00000018                                                       : soc_rcm.obj (.rodata.gI2cClkSrcValMap)
                  7010f95c    00000018                                                       : soc_rcm.obj (.rodata.gIcssmUartClkSrcValMap)
                  7010f974    00000018                                                       : soc_rcm.obj (.rodata.gLinUartClkSrcValMap)
                  7010f98c    00000018                                                       : soc_rcm.obj (.rodata.gMcSpiClkSrcValMap)
                  7010f9a4    00000018                                                       : soc_rcm.obj (.rodata.gMcanClkSrcValMap)
                  7010f9bc    00000018                                                       : soc_rcm.obj (.rodata.gMmcClkSrcValMap)
                  7010f9d4    00000018                                                       : soc_rcm.obj (.rodata.gOspiClkSrcValMap)
                  7010f9ec    00000018                                                       : soc_rcm.obj (.rodata.gPeripheralClkSrcInfoMap)
                  7010fa04    00000018                                                       : soc_rcm.obj (.rodata.gRtiClkSrcValMap)
                  7010fa1c    00000018                                                       : soc_rcm.obj (.rodata.gWdtClkSrcValMap)
                  7010fa34    00000018                                                       : uart_v0.obj (.rodata.str1.16507871919775359273.1)
                  7010fa4c    00000018     ti_drivers_config.o (.rodata.str1.2211846465855763212.1)
                  7010fa64    00000017     drivers.am263px.r5f.ti-arm-clang.nortos.debug.lib : soc_rcm.obj (.rodata.str1.1263028196474875090.1)
                  7010fa7b    00000016                                                       : soc_rcm.obj (.rodata.str1.15837709475095375462.1)
                  7010fa91    00000016                                                       : soc_rcm.obj (.rodata.str1.18101715471844446405.1)
                  7010faa7    00000016                                                       : soc_rcm.obj (.rodata.str1.503491203257075565.1)
                  7010fabd    00000015                                                       : ipc_notify_v1.obj (.rodata.str1.2749849238461102323.1)
[...]
7010ab41  imu_protocol_manager_init            
70105491  imu_uart_isr_init                    
70117fe2  isMapAvailable                       
7010bf51  main                                 
7010c63c  memmove                              
7010d2f1  motor_get_config                     
701033d1  motor_mapping_init_core1             
7010e001  putchar_                             
7010d001  snprintf_                            
7010cdc1  timerISR                             
70112328  virtToPhymap                         
7010d7c1  vprintf_                             
7010a351  yis320_convert_to_ipc                
7010e061  yis320_get_timestamp_ms              
7010b9b1  yis320_protocol_handler_init         
7010e1c1  yis320_uart_configure                


GLOBAL SYMBOLS: SORTED BY Symbol Address 

address   name                                 
-------   ----                                 
00000000  __TI_ATRegion0_region_sz             
00000000  __TI_ATRegion0_src_addr              
00000000  __TI_ATRegion0_trg_addr              
00000000  __TI_ATRegion1_region_sz             
00000000  __TI_ATRegion1_src_addr              
00000000  __TI_ATRegion1_trg_addr              
00000000  __TI_ATRegion2_region_sz             
00000000  __TI_ATRegion2_src_addr              
00000000  __TI_ATRegion2_trg_addr              
00000000  __TI_static_base__                   
00000000  _vectors                             
00000100  __ABORT_STACK_SIZE                   
00000100  __FIQ_STACK_SIZE                     
00000100  __IRQ_STACK_SIZE                     
00000100  __UNDEFINED_STACK_SIZE               
00001000  __SVC_STACK_SIZE                     
00004000  __STACK_SIZE                         
70100a34  __aeabi_memclr                       
70100a34  __aeabi_memclr4                      
70100a34  __aeabi_memclr8                      
701010b8  C$$EXIT                              
701010b8  HOSTexit                             
701010c1  SOC_rcmEnablePeripheralClock         
701016f8  __aeabi_ldiv0                        
701016fc  __aeabi_memcpy                       
701016fc  __aeabi_memcpy4                      
701016fc  __aeabi_memcpy8                      
70101ce4  CSL_armR5ReadMpidrReg                
701021a1  UART_open                            
7010299c  __aeabi_memmove                      
7010299c  __aeabi_memmove4                     
7010299c  __aeabi_memmove8                     
701029a1  IpcNotify_init                       
701030c1  SOC_virtToPhy                        
701033d1  motor_mapping_init_core1             
701036d1  MCAN_msgRAMConfig                    
70104531  UART_lld_dmaDeInit                   
70104761  IpcNotify_isr                        
70104bb1  CAN_TransmitBatch                    
70104db1  TimerP_setupPriv                     
70104f91  UART_lld_dmaWrite                    
70105141  UART_close                           
701052f1  UART_lld_controllerIsr               
70105491  imu_uart_isr_init                    
701057b1  MCAN_calcMsgRamParamsStartAddr       
70105c41  EDMA_unregisterIntr                  
70105db1  SOC_controlModuleUnlockMMR           
70105f11  UART_lld_initDma                     
70106071  DebugP_shmLogWriterPutChar           
701065b1  MCAN_setBitTime                      
70106701  CAN_Init                             
70106981  MCAN_readMsgRam                      
70106c01  ClockP_init                          
70106d41  UART_procLineStatusErr               
70106e81  EDMA_registerIntr                    
70106fc1  MCAN_init                            
70107101  UART_lld_init                        
70107231  MCAN_config                          
70107361  SOC_controlModuleLockMMR             
70107491  SOC_rcmGetPeripheralClockFrequency   
701075b1  DebugP_shmLogWriterPutLine           
701076d1  UART_lld_dmaRead                     
7010790c  __udivmoddi4                         
70107ea1  IpcNotify_sendMsg                    
701080c1  SemaphoreP_pend                      
701081d1  gateway_ringbuf_read                 
701083e1  CAN_StartRxInterrupts                
701084d1  gateway_write_motor_config           
701087a1  EDMA_freeChannelRegion               
70108891  EDMA_freeParam                       
70108981  EDMA_freeDmaChannel                  
70108a61  EDMA_freeTcc                         
70108b41  UART_intrEnable                      
70108c21  UART_intrDisable                     
70108d01  AddrTranslateP_getLocalAddr          
70108f71  EDMA_disableChInShadowRegRegion      
70109041  EDMA_enableChInShadowRegRegion       
70109111  EDMA_mapChToEvtQ                     
701091e1  EDMA_configureChannelRegion          
70109361  UART_flushTxFifo                     
701094e1  ClockP_timerTickIsr                  
701095a1  TimerP_init                          
70109661  ClockP_stop                          
70109721  IpcNotify_waitSync                   
701097e1  gateway_write_motor_states           
701098a1  CycleCounterP_init                   
701098c1  CycleCounterP_reset                  
70109911  CycleCounterP_nsToTicks              
70109951  CycleCounterP_enableUserAccess       
70109961  MCAN_writeMsgRam                     
70109a11  SOC_rcmSetPeripheralClock            
70109ac1  UART_init                            
70109c21  gateway_core1_wait_for_ready         
70109d81  ClockP_destruct                      
70109e31  Drivers_uartOpen                     
7010a0d1  IpcNotify_registerClient             
7010a211  ClockP_getTimeUsec                   
7010a2b1  EDMA_unmapChToEvtQ                   
7010a351  yis320_convert_to_ipc                
7010a3f1  gateway_core1_ipc_callback           
7010a481  EDMA_disableTransferRegion           
7010a511  EDMA_enableTransferRegion            
7010a6c1  UART_lld_flushTxFifo                 
7010a7e1  EDMA_allocDmaChannel                 
7010a871  EDMA_allocParam                      
7010a901  EDMA_allocTcc                        
7010aab1  IpcNotify_syncAll                    
7010ab41  imu_protocol_manager_init            
7010abd1  MCAN_addStdMsgIDFilter               
7010ad51  _DebugP_assert                       
7010add1  gateway_ringbuf_core1_init           
7010aed1  UART_Params_init                     
7010af51  EDMA_linkChannel                     
7010afd1  System_init                          
7010b1d1  ClockP_usleep                        
7010b251  EDMA_clrMissEvtRegion                
7010b431  EDMA_getBaseAddr                     
7010b511  SOC_rcmGetR5Clock                    
7010b581  SOC_rcmIsR5FInLockStepMode           
7010b661  UART_lld_deInitDma                   
7010b6d1  MCAN_enableIntr                      
7010b741  MCAN_initTxBufElement                
7010b821  SemaphoreP_post                      
7010b891  MCAN_selectIntrLine                  
7010b8f1  UART_getChar                         
7010b9b1  yis320_protocol_handler_init         
7010ba11  Module_clockSetFrequency             
7010ba71  UART_lld_deInit                      
7010bd71  gateway_write_imu_state              
7010be31  Dpl_init                             
7010be91  EDMA_setPaRAM                        
7010bf51  main                                 
7010bfa4  __TI_auto_init_nobinit_nopinit       
7010c001  Drivers_uartClose                    
7010c051  Pinmux_config                        
7010c0a1  UART_checkCharsAvailInFifo           
7010c0f1  DebugP_shmLogWriterInit              
7010c141  EDMA_clrEvtRegion                    
7010c191  EDMA_disableDmaEvtRegion             
7010c1e1  EDMA_disableEvtIntrRegion            
7010c231  EDMA_enableDmaEvtRegion              
7010c281  EDMA_enableEvtIntrRegion             
7010c2d1  EDMA_setEvtRegion                    
7010c321  GPIO_setDirMode                      
7010c371  MCAN_enableIntrLine                  
7010c3c1  ClockP_construct                     
7010c411  EDMA_ccPaRAMEntry_init               
7010c461  EDMA_mapQdmaChToPaRAM                
7010c4b1  EDMA_readEventStatusRegion           
7010c501  IpcNotify_unregisterClient           
7010c551  Module_clockEnable                   
7010c5a1  gateway_update_stat                  
7010c63c  memmove                              
7010c6e1  IpcNotify_Params_init                
7010c781  UART_getIntrIdentityStatus           
7010c911  UART_readLineStatus                  
7010c961  imu_protocol_handler_init            
7010caa1  SemaphoreP_construct                 
7010caf1  _DebugP_logZone                      
7010cbe1  ClockP_start                         
7010cd01  UART_spaceAvail                      
7010cd41  gateway_core1_init                   
7010cd81  gateway_update_heartbeat             
7010cdc1  timerISR                             
7010ce41  UART_IsTxRxFifoEmpty                 
7010cec1  CAN_RegisterRxCallback               
7010cf01  MCAN_txBufAddReq                     
7010cf41  SOC_moduleSetClockFrequency          
7010d001  snprintf_                            
7010d041  SOC_getCoreName                      
7010d078  CycleCounterP_getCount32             
7010d080  PmuP_setup                           
7010d088  PmuP_enableCounters                  
7010d090  PmuP_disableCounters                 
7010d098  PmuP_getOverflowStatus               
7010d0a0  PmuP_clearOverflowStatus             
7010d0a8  PmuP_setUserEnable                   
7010d0f1  EDMA_getRegionId                     
7010d171  IpcNotify_syncCallback               
7010d1f1  MCAN_calcCfgAddr                     
7010d271  TimerP_Params_initPriv               
7010d2f1  motor_get_config                     
7010d3f1  MCAN_isMemInitDone                   
7010d431  TimerP_getCountPriv                  
7010d551  gateway_signal_motor_config_ready    
7010d581  UART_lld_dmaInit                     
7010d5e1  DebugP_logZoneEnable                 
7010d641  MCAN_clearNewDataStatus              
7010d671  MCAN_getNewDataStatus                
7010d6a1  SemaphoreP_constructBinary           
7010d731  UART_intr2Disable                    
7010d761  UART_operatingModeSelect             
7010d791  CSL_armR5GetCpuID                    
7010d7c1  vprintf_                             
7010d7f1  EDMA_disableQdmaEvtRegion            
7010d821  EDMA_enableQdmaEvtRegion             
7010d881  IpcNotify_allocSwQueue               
7010d8e1  IpcNotify_getConfig                  
7010d911  SemaphoreP_constructMutex            
7010d9d1  UART_getBaseAddr                     
7010d9f4  __aeabi_uldivmod                     
7010da51  EDMA_channelToParamMap               
7010da81  gateway_ringbuf_core1_receive        
7010dab1  ClockP_isActive                      
7010dad1  ClockP_usecToTicks                   
7010db51  ClockP_Params_init                   
7010db71  EDMA_getEventStatusHigh              
7010db91  MCAN_setOpMode                       
7010dbb1  SOC_getSelfCpuClk                    
7010dbd1  SOC_moduleClockEnable                
7010dbf1  TimerP_isr0                          
7010dc31  UART_lld_Transaction_deInit          
7010dc51  EDMA_getEventStatus                  
7010dccc  TI_memcpy_small                      
7010dcf1  MCAN_clearIntrStatus                 
7010dd11  MCAN_getOpMode                       
7010dd71  ClockP_ticksToUsec                   
7010dd91  EDMA_isInterruptEnabled              
7010ddd1  IpcNotify_trigInterrupt              
7010ddf1  SemaphoreP_Params_init               
7010de11  TimerP_getReloadCountPriv            
7010de71  UART_putChar                         
7010de88  TI_memset_small                      
7010dea1  IpcNotify_sendSync                   
7010dec1  MCAN_getIntrStatus                   
7010dee1  TimerP_startPriv                     
7010df01  TimerP_stopPriv                      
7010dfc1  TimerP_clearOverflowIntPriv          
7010dfe1  TimerP_setup                         
7010e001  putchar_                             
7010e021  Pinmux_init                          
7010e061  yis320_get_timestamp_ms              
7010e0b1  ClockP_getTimerCount                 
7010e0c1  ClockP_timerClearOverflowInt         
7010e141  TimerP_Params_init                   
7010e151  TimerP_clearOverflowInt              
7010e161  TimerP_getCount                      
7010e171  TimerP_getReloadCount                
7010e181  TimerP_start                         
7010e1a1  gateway_notify_imu_ready             
7010e1b1  gateway_notify_states_ready          
7010e1c1  yis320_uart_configure                
7010e1d1  Board_driversOpen                    
7010e1e1  ClockP_getTicks                      
7010e1f1  PowerClock_init                      
7010e281  Drivers_open                         
7010e291  Drivers_uartInit                     
7010e2c1  SemaphoreP_destruct                  
7010e2d1  Board_driversClose                   
7010e2e1  Board_init                           
7010e2f1  IpcNotify_wait                       
7010e301  TaskP_yield                          
7010e760  gCacheConfig                         
7010e768  gMpuConfig                           
7010e774  gMpuRegionConfig                     
7010e7e4  gCacheL1dCacheLineSize               
7010e888  gADPLLJConfigTbl                     
7010f9ec  gPeripheralClkSrcInfoMap             
7010fd78  gXTALInfo                            
7010fdc4  gCacheL1pCacheLineSize               
7010fdd3  gCR5ClkSrcInfoMap                    
7010fdd8  __BSS_START                          
70110958  gHwiCtrl                             
70111164  g_yis320_private_data                
7011156c  g_motor_lookup                       
70112098  gIpcNotifyCtrl                       
70112308  gClockCtrl                           
70112328  virtToPhymap                         
7011234c  gTimerBaseAddr                       
70112350  gTimerHwiObj                         
70112354  gUartHandle                          
70112358  __BSS_END                            
70112358  __stack                              
70116358  __STACK_END                          
70116361  HwiP_enableInt                       
701163a1  HwiP_disableInt                      
70116401  HwiP_restoreInt                      
70116431  HwiP_clearInt                        
70116471  HwiP_post                            
701164b1  HwiP_Params_init                     
701164e1  HwiP_construct                       
701166d1  HwiP_destruct                        
70116741  HwiP_init                            
701168f1  HwiP_inISR                           
70116921  HwiP_setVimIrqPriMaskNonAtomic       
70116971  HwiP_setVimIrqPriMaskAtomic          
70116a11  HwiP_restoreVimIrqPriMask            
70116a21  HwiP_irq_handler_c                   
70116bc1  HwiP_fiq_handler                     
70116d21  HwiP_reserved_handler                
70116d61  HwiP_undefined_handler_c             
70116d81  HwiP_user_undefined_handler_c        
70116da1  HwiP_svc_handler                     
70116de1  HwiP_prefetch_abort_handler_c        
70116e81  HwiP_user_prefetch_abort_handler_c   
70116ec1  HwiP_data_abort_handler_c            
70116f81  HwiP_user_data_abort_handler_c       
70116fbc  HwiP_irq_handler                     
70117030  HwiP_data_abort_handler              
70117074  HwiP_prefetch_abort_handler          
701170c0  HwiP_undefined_handler               
701170f0  GET_DFSR                             
701170f8  GET_ADFSR                            
70117100  GET_DFAR                             
70117108  GET_IFSR                             
70117110  GET_AIFSR                            
70117118  GET_IFAR                             
70117120  GET_SPSR                             
70117138  HwiP_disable                         
70117148  HwiP_disableFIQ                      
70117158  HwiP_enable                          
70117168  HwiP_enableFIQ                       
70117178  HwiP_restore                         
70117180  HwiP_enableVIC                       
70117190  HwiP_disableVIC                      
701171a0  HwiP_getCPSR                         
701171b0  CacheP_disableL1d                    
701171d8  CacheP_disableL1p                    
701171f0  CacheP_enableL1d                     
70117208  CacheP_enableL1p                     
70117220  CacheP_invL1d                        
70117258  CacheP_invL1p                        
70117294  CacheP_invL1dAll                     
7011729c  CacheP_invL1pAll                     
701172a4  CacheP_wb                            
701172e0  CacheP_wbInv                         
7011731c  CacheP_wbAll                         
701173c4  CacheP_wbInvAll                      
701173dc  CacheP_wbInvAllAsm                   
7011747c  CacheP_getEnabled                    
701174b4  CacheP_getCacheLevelInfo             
701174c0  CacheP_configForceWrThru             
701174e0  CacheP_setDLFO                       
701174f1  CacheP_init                          
70117581  CacheP_disable                       
701175d1  CacheP_enable                        
70117611  CacheP_inv                           
70117651  MpuP_getAttrs                        
701176b1  MpuP_RegionAttrs_init                
701176e1  MpuP_setRegion                       
70117771  MpuP_isEnable                        
70117781  MpuP_disable                         
701177c1  MpuP_enable                          
70117811  MpuP_init                            
701178b1  MpuP_isUserAuthorizedToAccessMemory  
70117990  MpuP_disableAsm                      
701179a8  MpuP_disableBRAsm                    
701179b8  MpuP_enableAsm                       
701179d0  MpuP_enableBRAsm                     
701179e0  MpuP_isEnableAsm                     
701179f4  MpuP_setRegionAsm                    
70117a10  _c_int00_sbl                         
70117a34  _c_int00                             
70117b61  _DebugP_assertNoLog                  
70117b91  _system_pre_init                     
70117bc1  __mpu_init                           
70117bd0  abort                                
70117bd8  gEdmaConfig                          
70117bd8  gUartDmaHandle                       
70117cec  gIpcNotifyMailboxConfig              
70117dec  gUartParams                          
70117eb8  gClockConfig                         
70117ed0  gIpcNotifyInterruptConfig_r5fss1_1   
70117f00  gSocModulesClockFrequency            
70117f2c  gIpcNotifyCoreIntrBitPos             
70117f5c  gAddrTranslateConfig                 
70117f68  gSocModules                          
70117f78  gUartConfig                          
70117f90  gDebugLogZone                        
70117f9c  gEdmaConfigNum                       
70117fa0  gHwiConfig                           
70117fa4  gIpcNotifyInterruptConfigNum_r5fss1_1
70117fa8  gUartConfigNum                       
70117fac  gUartDmaChConfig                     
70117fe2  isMapAvailable                       
70117fe8  __IRQ_STACK_START                    
701180e8  __FIQ_STACK_START                    
701180e8  __IRQ_STACK_END                      
701181e8  __FIQ_STACK_END                      
701181e8  __SVC_STACK_START                    
701191e8  __ABORT_STACK_START                  
701191e8  __SVC_STACK_END                      
701192e8  __ABORT_STACK_END                    
701192e8  __UNDEFINED_STACK_START              
701193e8  __UNDEFINED_STACK_END                
70200000  gGatewaySharedMem                    
70208000  gDebugShmLog                         
ffffffff  __TI_pprof_out_hndl                  
ffffffff  __TI_prof_data_size                  
ffffffff  __TI_prof_data_start                 
ffffffff  __binit__                            
ffffffff  binit                                
UNDEFED   __TI_CINIT_Base                      
UNDEFED   __TI_CINIT_Limit                     
UNDEFED   __TI_Handler_Table_Base              
UNDEFED   __TI_Handler_Table_Limit             
UNDEFED   _system_post_cinit                   

[397 symbols]
