******************************************************************************
            TI ARM Clang Linker PC v4.0.4                      
******************************************************************************
>> Linked Tue Apr  7 14:38:42 2026

OUTPUT FILE NAME:   <ccu_ti_multi_core_realtime.out>
ENTRY POINT SYMBOL: "_vectors"  address: 00000000


MEMORY CONFIGURATION

         name            origin    length      used     unused   attr    fill
----------------------  --------  ---------  --------  --------  ----  --------
  R5F_VECS              00000000   00000040  00000040  00000000  RWIX
  R5F_TCMA              00000040   00007fc0  00000000  00007fc0  RWIX
  R5F_TCMB              00080000   00008000  00000000  00008000  RWIX
  MAILBOX_HSM           44000000   000003ce  00000000  000003ce  RWIX
  MAILBOX_R5F           44000400   000003ce  00000000  000003ce  RWIX
  FLASH                 60180000   00080000  00000000  00080000  RWIX
  OCRAM                 70180000   00080000  0001aec0  00065140  RWIX
  USER_SHM_MEM          70200000   00008000  00004f74  0000308c  RWIX
  LOG_SHM_MEM           70208000   00004000  00002000  00002000  RWIX
  RTOS_NORTOS_IPC_SHM_M 72000000   00003e80  00000000  00003e80  RWIX


SEGMENT ALLOCATION MAP

run origin  load origin   length   init length attrs members
----------  ----------- ---------- ----------- ----- -------
00000000    00000000    00000040   00000040    r-x
  00000000    00000000    00000040   00000040    r-x .vectors
70180000    70180000    000113d8   000113d8    r-x
  70180000    70180000    0000ef50   0000ef50    r-x .text
  7018ef50    7018ef50    00002488   00002488    r-- .rodata
701913d8    701913d8    00006798   00000000    rw-
  701913d8    701913d8    00002798   00000000    rw- .bss
  70193b70    70193b70    00004000   00000000    rw- .stack
70197b70    70197b70    00001878   00001878    r-x
  70197b70    70197b70    00000e50   00000e50    r-x .text.hwi
  701989c0    701989c0    000004a0   000004a0    r-x .text.cache
  70198e60    70198e60    000003c0   000003c0    r-x .text.mpu
  70199220    70199220    000001c0   000001c0    r-x .text.boot
  701993e0    701993e0    00000008   00000008    r-x .text:abort
701993e8    701993e8    00001ad8   000006d8    rw-
  701993e8    701993e8    000006d8   000006d8    rw- .data
  70199ac0    70199ac0    00000100   00000000    rw- .irqstack
  70199bc0    70199bc0    00000100   00000000    rw- .fiqstack
  70199cc0    70199cc0    00001000   00000000    rw- .svcstack
  7019acc0    7019acc0    00000100   00000000    rw- .abortstack
  7019adc0    7019adc0    00000100   00000000    rw- .undefinedstack


SECTION ALLOCATION MAP

 output                                  attributes/
section   page    origin      length       input sections
--------  ----  ----------  ----------   ----------------
.vectors   0    00000000    00000040     
                  00000000    00000040     nortos.am263px.r5f.ti-arm-clang.debug.lib : HwiP_armv7r_vectors_nortos_asm.obj (.vectors)

.text      0    70180000    0000ef50     
                  70180000    00000a34     nortos.am263px.r5f.ti-arm-clang.debug.lib : printf.obj (.text._vsnprintf)
                  70180a34    0000000c     libclang_rt.builtins.a : aeabi_memset.S.obj (.text.__aeabi_memclr)
                  70180a40    00000678     drivers.am263px.r5f.ti-arm-clang.nortos.debug.lib : soc_rcm.obj (.text.SOC_rcmGetClkSrcAndDivReg)
                  701810b8    00000008     libsysbm.a : hostexit.c.obj (.text.HOSTexit)
                  701810c0    00000638     drivers.am263px.r5f.ti-arm-clang.nortos.debug.lib : soc_rcm.obj (.text.SOC_rcmEnablePeripheralClock)
                  701816f8    00000004     libclang_rt.builtins.a : aeabi_div0.c.obj (.text.__aeabi_ldiv0)
                  701816fc    00000004                            : aeabi_memcpy.S.obj (.text.__aeabi_memcpy)
                  70181700    000005e2     nortos.am263px.r5f.ti-arm-clang.debug.lib : printf.obj (.text._ftoa)
                  70181ce2    00000002     --HOLE-- [fill = 0]
                  70181ce4    0000000c                                               : CpuId_armv7r_asm.obj (.text)
                  70181cf0    0000056e     main.o (.text.main_loop)
                  7018225e    00000002     --HOLE-- [fill = 0]
                  70182260    00000522     main.o (.text.transmit_can_frames)
                  70182782    00000002     --HOLE-- [fill = 0]
                  70182784    00000004     libclang_rt.builtins.a : aeabi_memmove.S.obj (.text.__aeabi_memmove)
                  70182788    00000008     --HOLE-- [fill = 0]
                  70182790    000004b0     nortos.am263px.r5f.ti-arm-clang.debug.lib : printf.obj (.text._etoa)
                  70182c40    00000402     yis320_protocol.o (.text.vtable_process_rx_data)
                  70183042    0000000e     --HOLE-- [fill = 0]
                  70183050    00000400     drivers.am263px.r5f.ti-arm-clang.nortos.debug.lib : uart_v0.obj (.text.UART_open)
                  70183450    000003dc                                                       : ipc_notify_v1.obj (.text.IpcNotify_init)
                  7018382c    00000004     --HOLE-- [fill = 0]
                  70183830    000003b0     main.o (.text.core1_init)
                  70183be0    0000031a     can_interface.o (.text.init_single_mcan)
                  70183efa    00000006     --HOLE-- [fill = 0]
                  70183f00    00000302     drivers.am263px.r5f.ti-arm-clang.nortos.debug.lib : soc.obj (.text.SOC_virtToPhy)
                  70184202    0000000e     --HOLE-- [fill = 0]
                  70184210    000002f4     motor_mapping.o (.text.motor_mapping_init_core1)
                  70184504    0000000c     --HOLE-- [fill = 0]
                  70184510    000002a8     drivers.am263px.r5f.ti-arm-clang.nortos.debug.lib : mcan.obj (.text.MCAN_msgRAMConfig)
                  701847b8    00000008     --HOLE-- [fill = 0]
                  701847c0    0000027e                                                       : uart_dma_edma.obj (.text.UART_edmaChInit)
                  70184a3e    00000002     --HOLE-- [fill = 0]
                  70184a40    00000250                                                       : edma.obj (.text.Alloc_resource)
                  70184c90    00000242                                                       : uart_v0_lld.obj (.text.UART_fifoConfig)
                  70184ed2    0000000e     --HOLE-- [fill = 0]
                  70184ee0    0000023e     nortos.am263px.r5f.ti-arm-clang.debug.lib : printf.obj (.text._ntoa_format)
                  7018511e    00000002     --HOLE-- [fill = 0]
                  70185120    0000023e     can_interface.o (.text.can_rx_isr)
                  7018535e    00000002     --HOLE-- [fill = 0]
                  70185360    0000023e     main.o (.text.process_can_rx)
                  7018559e    00000002     --HOLE-- [fill = 0]
                  701855a0    0000022c     can_interface.o (.text.CAN_TransmitBatch)
                  701857cc    00000004     --HOLE-- [fill = 0]
                  701857d0    00000226     drivers.am263px.r5f.ti-arm-clang.nortos.debug.lib : uart_dma_edma.obj (.text.UART_lld_dmaDeInit)
                  701859f6    0000000a     --HOLE-- [fill = 0]
                  70185a00    00000222                                                       : ipc_notify_v1.obj (.text.IpcNotify_isr)
                  70185c22    0000000e     --HOLE-- [fill = 0]
                  70185c30    000001d6     nortos.am263px.r5f.ti-arm-clang.debug.lib : TimerP_rti_priv.obj (.text.TimerP_setupPriv)
                  70185e06    0000000a     --HOLE-- [fill = 0]
                  70185e10    000001aa     drivers.am263px.r5f.ti-arm-clang.nortos.debug.lib : uart_dma_edma.obj (.text.UART_lld_dmaWrite)
                  70185fba    00000006     --HOLE-- [fill = 0]
                  70185fc0    000001a8                                                       : uart_v0.obj (.text.UART_close)
                  70186168    00000008     --HOLE-- [fill = 0]
                  70186170    00000198                                                       : uart_v0_lld.obj (.text.UART_lld_controllerIsr)
                  70186308    00000008     --HOLE-- [fill = 0]
                  70186310    00000190     can_interface.o (.text.CAN_StartRxInterrupts)
                  701864a0    00000186     drivers.am263px.r5f.ti-arm-clang.nortos.debug.lib : mcan.obj (.text.MCAN_readMsg)
                  70186626    0000000a     --HOLE-- [fill = 0]
                  70186630    00000184                                                       : mcan.obj (.text.MCAN_calcMsgRamParamsStartAddr)
                  701867b4    0000000c     --HOLE-- [fill = 0]
                  701867c0    00000162                                                       : edma.obj (.text.EDMA_unregisterIntr)
                  70186922    0000000e     --HOLE-- [fill = 0]
                  70186930    00000158                                                       : soc.obj (.text.SOC_controlModuleUnlockMMR)
                  70186a88    00000008     --HOLE-- [fill = 0]
                  70186a90    00000152     can_interface.o (.text.CAN_Init)
                  70186be2    0000000e     --HOLE-- [fill = 0]
                  70186bf0    00000152     drivers.am263px.r5f.ti-arm-clang.nortos.debug.lib : uart_v0_lld.obj (.text.UART_lld_initDma)
                  70186d42    0000000e     --HOLE-- [fill = 0]
                  70186d50    00000150     nortos.am263px.r5f.ti-arm-clang.debug.lib : DebugP_shmLogWriter.obj (.text.DebugP_shmLogWriterPutChar)
                  70186ea0    00000150     drivers.am263px.r5f.ti-arm-clang.nortos.debug.lib : mcan.obj (.text.MCAN_writeMsg)
                  70186ff0    0000014e     yis320_protocol.o (.text.parse_imu_frame)
                  7018713e    00000002     --HOLE-- [fill = 0]
                  70187140    0000014c     drivers.am263px.r5f.ti-arm-clang.nortos.debug.lib : mcan.obj (.text.MCAN_setBitTime)
                  7018728c    00000004     --HOLE-- [fill = 0]
                  70187290    00000142     imu_interface_isr.o (.text.imu_uart_isr_init)
                  701873d2    0000000e     --HOLE-- [fill = 0]
                  701873e0    0000013a     drivers.am263px.r5f.ti-arm-clang.nortos.debug.lib : edma.obj (.text.EDMA_isDmaChannelAllocated)
                  7018751a    00000006     --HOLE-- [fill = 0]
                  70187520    00000138                                                       : mcan.obj (.text.MCAN_readMsgRam)
                  70187658    00000008     --HOLE-- [fill = 0]
                  70187660    00000138     nortos.am263px.r5f.ti-arm-clang.debug.lib : printf.obj (.text._ntoa_long_long)
                  70187798    00000008     --HOLE-- [fill = 0]
                  701877a0    00000136                                               : ClockP_nortos_r5.obj (.text.ClockP_init)
                  701878d6    0000000a     --HOLE-- [fill = 0]
                  701878e0    00000136     drivers.am263px.r5f.ti-arm-clang.nortos.debug.lib : uart_v0_lld.obj (.text.UART_procLineStatusErr)
                  70187a16    0000000a     --HOLE-- [fill = 0]
                  70187a20    00000134                                                       : edma.obj (.text.EDMA_registerIntr)
                  70187b54    0000000c     --HOLE-- [fill = 0]
                  70187b60    00000134                                                       : mcan.obj (.text.MCAN_init)
                  70187c94    0000000c     --HOLE-- [fill = 0]
                  70187ca0    0000012c                                                       : uart_v0_lld.obj (.text.UART_lld_init)
                  70187dcc    00000004     --HOLE-- [fill = 0]
                  70187dd0    0000012a                                                       : mcan.obj (.text.MCAN_config)
                  70187efa    00000006     --HOLE-- [fill = 0]
                  70187f00    00000126                                                       : soc.obj (.text.SOC_controlModuleLockMMR)
                  70188026    0000000a     --HOLE-- [fill = 0]
                  70188030    00000120                                                       : soc_rcm.obj (.text.SOC_rcmGetPeripheralClockFrequency)
                  70188150    00000120     can_interface.o (.text.init_can_stb_gpios)
                  70188270    0000011c     nortos.am263px.r5f.ti-arm-clang.debug.lib : DebugP_shmLogWriter.obj (.text.DebugP_shmLogWriterPutLine)
                  7018838c    00000004     --HOLE-- [fill = 0]
                  70188390    0000011c     drivers.am263px.r5f.ti-arm-clang.nortos.debug.lib : uart_dma_edma.obj (.text.UART_lld_dmaRead)
                  701884ac    00000118     libclang_rt.builtins.a : udivmoddi4.S.obj (.text)
                  701885c4    0000000c     --HOLE-- [fill = 0]
                  701885d0    00000116     drivers.am263px.r5f.ti-arm-clang.nortos.debug.lib : edma.obj (.text.EDMA_isTccAllocated)
                  701886e6    0000000a     --HOLE-- [fill = 0]
                  701886f0    00000116                                                       : uart_v0_lld.obj (.text.UART_divisorLatchWrite)
                  70188806    0000000a     --HOLE-- [fill = 0]
                  70188810    00000114     nortos.am263px.r5f.ti-arm-clang.debug.lib : printf.obj (.text._ntoa_long)
                  70188924    0000000c     --HOLE-- [fill = 0]
                  70188930    0000010e     drivers.am263px.r5f.ti-arm-clang.nortos.debug.lib : soc_rcm.obj (.text.SOC_rcmADPLLJGetFOut)
                  70188a3e    00000002     --HOLE-- [fill = 0]
                  70188a40    0000010a                                                       : ipc_notify_v1.obj (.text.IpcNotify_sendMsg)
                  70188b4a    00000006     --HOLE-- [fill = 0]
                  70188b50    00000104                                                       : uart_v0_lld.obj (.text.UART_configInstance)
                  70188c54    0000000c     --HOLE-- [fill = 0]
                  70188c60    00000102     ti_drivers_config.o (.text.GPIO_init)
                  70188d62    0000000e     --HOLE-- [fill = 0]
                  70188d70    00000102     nortos.am263px.r5f.ti-arm-clang.debug.lib : SemaphoreP_nortos.obj (.text.SemaphoreP_pend)
                  70188e72    0000000e     --HOLE-- [fill = 0]
                  70188e80    00000102     gateway_shared.o (.text.gateway_ringbuf_read)
                  70188f82    0000000e     --HOLE-- [fill = 0]
                  70188f90    000000ec     gateway_shared.o (.text.gateway_write_motor_config)
                  7018907c    00000004     --HOLE-- [fill = 0]
                  70189080    000000e6     drivers.am263px.r5f.ti-arm-clang.nortos.debug.lib : soc_rcm.obj (.text.SOC_rcmGetCoreFout)
                  70189166    0000000a     --HOLE-- [fill = 0]
                  70189170    000000e6                                                       : soc_rcm.obj (.text.SOC_rcmGetPerFout)
                  70189256    0000000a     --HOLE-- [fill = 0]
                  70189260    000000e4                                                       : edma.obj (.text.EDMA_freeChannelRegion)
                  70189344    0000000c     --HOLE-- [fill = 0]
                  70189350    000000e2                                                       : edma.obj (.text.EDMA_freeParam)
                  70189432    0000000e     --HOLE-- [fill = 0]
                  70189440    000000e0                                                       : edma.obj (.text.EDMA_freeDmaChannel)
                  70189520    000000e0                                                       : edma.obj (.text.EDMA_freeTcc)
                  70189600    000000de                                                       : uart_v0_lld.obj (.text.UART_intrEnable)
                  701896de    00000002     --HOLE-- [fill = 0]
                  701896e0    000000da                                                       : uart_v0_lld.obj (.text.UART_intrDisable)
                  701897ba    00000006     --HOLE-- [fill = 0]
                  701897c0    000000d0     nortos.am263px.r5f.ti-arm-clang.debug.lib : AddrTranslateP_32bit.obj (.text.AddrTranslateP_getLocalAddr)
                  70189890    000000ce     drivers.am263px.r5f.ti-arm-clang.nortos.debug.lib : edma.obj (.text.EDMA_disableChInShadowRegRegion)
                  7018995e    00000002     --HOLE-- [fill = 0]
                  70189960    000000cc                                                       : edma.obj (.text.EDMA_enableChInShadowRegRegion)
                  70189a2c    00000004     --HOLE-- [fill = 0]
                  70189a30    000000c4                                                       : edma.obj (.text.EDMA_mapChToEvtQ)
                  70189af4    0000000c     --HOLE-- [fill = 0]
                  70189b00    000000c0                                                       : edma.obj (.text.EDMA_configureChannelRegion)
                  70189bc0    000000c0                                                       : soc_rcm.obj (.text.SOC_rcmGetPerHSDivOut)
                  70189c80    000000c0                                                       : uart_v0.obj (.text.UART_flushTxFifo)
                  70189d40    000000c0     nortos.am263px.r5f.ti-arm-clang.debug.lib : printf.obj (.text._out_rev)
                  70189e00    000000be                                               : ClockP_nortos.obj (.text.ClockP_timerTickIsr)
                  70189ebe    00000002     --HOLE-- [fill = 0]
                  70189ec0    000000be     ti_dpl_config.o (.text.TimerP_init)
                  70189f7e    00000002     --HOLE-- [fill = 0]
                  70189f80    000000ba     nortos.am263px.r5f.ti-arm-clang.debug.lib : ClockP_nortos.obj (.text.ClockP_stop)
                  7018a03a    00000006     --HOLE-- [fill = 0]
                  7018a040    000000ba     drivers.am263px.r5f.ti-arm-clang.nortos.debug.lib : ipc_notify_v1.obj (.text.IpcNotify_waitSync)
                  7018a0fa    00000006     --HOLE-- [fill = 0]
                  7018a100    000000ba     nortos.am263px.r5f.ti-arm-clang.debug.lib : PmuP_armv7r.obj (.text.pmu)
                  7018a1ba    00000006     --HOLE-- [fill = 0]
                  7018a1c0    000000b0     drivers.am263px.r5f.ti-arm-clang.nortos.debug.lib : mcan.obj (.text.MCAN_writeMsgRam)
                  7018a270    000000b0                                                       : soc_rcm.obj (.text.SOC_rcmSetPeripheralClock)
                  7018a320    000000b0                                                       : uart_v0.obj (.text.UART_init)
                  7018a3d0    000000b0     imu_interface_isr.o (.text.imu_uart_isr)
                  7018a480    000000ae     drivers.am263px.r5f.ti-arm-clang.nortos.debug.lib : mcan.obj (.text.MCAN_getOffsetAddr)
                  7018a52e    00000002     --HOLE-- [fill = 0]
                  7018a530    000000ae     gateway_shared.o (.text.gateway_write_motor_states)
                  7018a5de    00000002     --HOLE-- [fill = 0]
                  7018a5e0    000000ac     gateway_shared.o (.text.gateway_core1_wait_for_ready)
                  7018a68c    00000004     --HOLE-- [fill = 0]
                  7018a690    000000a8     nortos.am263px.r5f.ti-arm-clang.debug.lib : ClockP_nortos.obj (.text.ClockP_addToList)
                  7018a738    00000008     --HOLE-- [fill = 0]
                  7018a740    000000a8                                               : ClockP_nortos.obj (.text.ClockP_destruct)
                  7018a7e8    00000008     --HOLE-- [fill = 0]
                  7018a7f0    000000a8     ti_drivers_open_close.o (.text.Drivers_uartOpen)
                  7018a898    00000008     --HOLE-- [fill = 0]
                  7018a8a0    000000a0     drivers.am263px.r5f.ti-arm-clang.nortos.debug.lib : soc_rcm.obj (.text.SOC_rcmGetCoreHSDivOut)
                  7018a940    0000009e     gateway_shared.o (.text.gateway_core1_ipc_callback)
                  7018a9de    00000002     --HOLE-- [fill = 0]
                  7018a9e0    0000009e     main.o (.text.ipc_notify_callback_fxn)
                  7018aa7e    00000002     --HOLE-- [fill = 0]
                  7018aa80    0000009e     yis320_protocol.o (.text.validate_checksum)
                  7018ab1e    00000002     --HOLE-- [fill = 0]
                  7018ab20    0000009a     imu_interface_isr.o (.text.imu_uart_read)
                  7018abba    00000006     --HOLE-- [fill = 0]
                  7018abc0    00000098     drivers.am263px.r5f.ti-arm-clang.nortos.debug.lib : ipc_notify_v1.obj (.text.IpcNotify_registerClient)
                  7018ac58    00000008     --HOLE-- [fill = 0]
                  7018ac60    00000096                                                       : uart_v0_lld.obj (.text.UART_subConfigTCRTLRModeEn)
                  7018acf6    0000000a     --HOLE-- [fill = 0]
                  7018ad00    00000092     nortos.am263px.r5f.ti-arm-clang.debug.lib : ClockP_nortos.obj (.text.ClockP_getTimeUsec)
                  7018ad92    0000000e     --HOLE-- [fill = 0]
                  7018ada0    00000092     drivers.am263px.r5f.ti-arm-clang.nortos.debug.lib : edma.obj (.text.EDMA_unmapChToEvtQ)
                  7018ae32    0000000e     --HOLE-- [fill = 0]
                  7018ae40    00000092     motor_mapping.o (.text.float_to_uint)
                  7018aed2    0000000e     --HOLE-- [fill = 0]
                  7018aee0    00000092     yis320_protocol.o (.text.yis320_convert_to_ipc)
                  7018af72    0000000e     --HOLE-- [fill = 0]
                  7018af80    0000008c     drivers.am263px.r5f.ti-arm-clang.nortos.debug.lib : edma.obj (.text.EDMA_disableTransferRegion)
                  7018b00c    00000004     --HOLE-- [fill = 0]
                  7018b010    0000008c                                                       : edma.obj (.text.EDMA_enableTransferRegion)
                  7018b09c    00000004     --HOLE-- [fill = 0]
                  7018b0a0    00000088                                                       : uart_dma_edma.obj (.text.UART_edmaIsrRx)
                  7018b128    00000008     --HOLE-- [fill = 0]
                  7018b130    00000088                                                       : uart_dma_edma.obj (.text.UART_edmaIsrTx)
                  7018b1b8    00000008     --HOLE-- [fill = 0]
                  7018b1c0    00000088     main.o (.text.process_motor_commands)
                  7018b248    00000008     --HOLE-- [fill = 0]
                  7018b250    00000086     drivers.am263px.r5f.ti-arm-clang.nortos.debug.lib : uart_v0_lld.obj (.text.UART_lld_flushTxFifo)
                  7018b2d6    0000000a     --HOLE-- [fill = 0]
                  7018b2e0    00000086                                                       : uart_v0_lld.obj (.text.UART_tcrTlrBitValRestore)
                  7018b366    0000000a     --HOLE-- [fill = 0]
                  7018b370    00000082                                                       : edma.obj (.text.EDMA_allocDmaChannel)
                  7018b3f2    0000000e     --HOLE-- [fill = 0]
                  7018b400    00000082                                                       : edma.obj (.text.EDMA_allocParam)
                  7018b482    0000000e     --HOLE-- [fill = 0]
                  7018b490    00000082                                                       : edma.obj (.text.EDMA_allocTcc)
                  7018b512    0000000e     --HOLE-- [fill = 0]
                  7018b520    00000082                                                       : edma.obj (.text.EDMA_disableTccInShadowRegRegion)
                  7018b5a2    0000000e     --HOLE-- [fill = 0]
                  7018b5b0    00000082                                                       : edma.obj (.text.EDMA_enableTccInShadowRegRegion)
                  7018b632    0000000e     --HOLE-- [fill = 0]
                  7018b640    00000082                                                       : ipc_notify_v1.obj (.text.IpcNotify_syncAll)
                  7018b6c2    0000000e     --HOLE-- [fill = 0]
                  7018b6d0    00000082     imu_protocol_handler.o (.text.imu_protocol_manager_init)
                  7018b752    0000000e     --HOLE-- [fill = 0]
                  7018b760    00000080     drivers.am263px.r5f.ti-arm-clang.nortos.debug.lib : mcan.obj (.text.MCAN_addStdMsgIDFilter)
                  7018b7e0    00000080                                                       : uart_v0_lld.obj (.text.UART_moduleReset)
                  7018b860    0000007e     ti_drivers_config.o (.text.System_init)
                  7018b8de    00000002     --HOLE-- [fill = 0]
                  7018b8e0    0000007e     drivers.am263px.r5f.ti-arm-clang.nortos.debug.lib : uart_v0_lld.obj (.text.UART_readData)
                  7018b95e    00000002     --HOLE-- [fill = 0]
                  7018b960    0000007c     nortos.am263px.r5f.ti-arm-clang.debug.lib : DebugP_log.obj (.text._DebugP_assert)
                  7018b9dc    00000004     --HOLE-- [fill = 0]
                  7018b9e0    0000007c     gateway_shared.o (.text.gateway_ringbuf_core1_init)
                  7018ba5c    00000004     --HOLE-- [fill = 0]
                  7018ba60    0000007a     drivers.am263px.r5f.ti-arm-clang.nortos.debug.lib : ipc_notify_v1.obj (.text.IpcNotify_mailboxWrite)
                  7018bada    00000006     --HOLE-- [fill = 0]
                  7018bae0    0000007a                                                       : uart_v0.obj (.text.UART_Params_init)
                  7018bb5a    00000006     --HOLE-- [fill = 0]
                  7018bb60    0000007a     gateway_shared.o (.text.gateway_write_imu_state)
                  7018bbda    00000006     --HOLE-- [fill = 0]
                  7018bbe0    00000078     drivers.am263px.r5f.ti-arm-clang.nortos.debug.lib : edma.obj (.text.EDMA_linkChannel)
                  7018bc58    00000008     --HOLE-- [fill = 0]
                  7018bc60    00000074                                                       : uart_v0_lld.obj (.text.UART_IsBaseAddrValid)
                  7018bcd4    0000000c     --HOLE-- [fill = 0]
                  7018bce0    00000072     nortos.am263px.r5f.ti-arm-clang.debug.lib : ClockP_nortos.obj (.text.ClockP_usleep)
                  7018bd52    0000000e     --HOLE-- [fill = 0]
                  7018bd60    00000072     drivers.am263px.r5f.ti-arm-clang.nortos.debug.lib : edma.obj (.text.EDMA_clrMissEvtRegion)
                  7018bdd2    0000000e     --HOLE-- [fill = 0]
                  7018bde0    00000072                                                       : ipc_notify_v1.obj (.text.IpcNotify_makeMsg)
                  7018be52    0000000e     --HOLE-- [fill = 0]
                  7018be60    0000006e     yis320_protocol.o (.text.find_frame_header_limited)
                  7018bece    00000002     --HOLE-- [fill = 0]
                  7018bed0    0000006a     drivers.am263px.r5f.ti-arm-clang.nortos.debug.lib : ipc_notify_v1.obj (.text.IpcNotify_mailboxReadSwQ)
                  7018bf3a    00000006     --HOLE-- [fill = 0]
                  7018bf40    00000068                                                       : edma.obj (.text.EDMA_getBaseAddr)
                  7018bfa8    00000008     --HOLE-- [fill = 0]
                  7018bfb0    00000068                                                       : uart_v0_lld.obj (.text.UART_divisorValCompute)
                  7018c018    00000008     --HOLE-- [fill = 0]
                  7018c020    00000068     imu_protocol_handler.o (.text.imu_protocol_get_state)
                  7018c088    00000008     --HOLE-- [fill = 0]
                  7018c090    00000064     drivers.am263px.r5f.ti-arm-clang.nortos.debug.lib : soc_rcm.obj (.text.SOC_rcmGetR5Clock)
                  7018c0f4    0000000c     --HOLE-- [fill = 0]
                  7018c100    00000064                                                       : soc_rcm.obj (.text.SOC_rcmIsR5FInLockStepMode)
                  7018c164    0000000c     --HOLE-- [fill = 0]
                  7018c170    00000064                                                       : uart_v0_lld.obj (.text.UART_fifoRegisterWrite)
                  7018c1d4    0000000c     --HOLE-- [fill = 0]
                  7018c1e0    00000064                                                       : uart_v0_lld.obj (.text.UART_lld_deInitDma)
                  7018c244    0000000c     --HOLE-- [fill = 0]
                  7018c250    00000064     imu_protocol_handler.o (.text.imu_protocol_process_uart_rx)
                  7018c2b4    0000000c     --HOLE-- [fill = 0]
                  7018c2c0    00000062     drivers.am263px.r5f.ti-arm-clang.nortos.debug.lib : mcan.obj (.text.MCAN_enableIntr)
                  7018c322    0000000e     --HOLE-- [fill = 0]
                  7018c330    00000062                                                       : mcan.obj (.text.MCAN_initTxBufElement)
                  7018c392    0000000e     --HOLE-- [fill = 0]
                  7018c3a0    00000062                                                       : soc_rcm.obj (.text.SOC_rcmInsert16)
                  7018c402    0000000e     --HOLE-- [fill = 0]
                  7018c410    00000062     nortos.am263px.r5f.ti-arm-clang.debug.lib : SemaphoreP_nortos.obj (.text.SemaphoreP_post)
                  7018c472    0000000e     --HOLE-- [fill = 0]
                  7018c480    00000060     drivers.am263px.r5f.ti-arm-clang.nortos.debug.lib : mcan.obj (.text.MCAN_selectIntrLine)
                  7018c4e0    00000060                                                       : uart_v0_lld.obj (.text.UART_getChar)
                  7018c540    00000060                                                       : uart_v0_lld.obj (.text.UART_writeData)
                  7018c5a0    0000005e     yis320_protocol.o (.text.yis320_protocol_handler_init)
                  7018c5fe    00000002     --HOLE-- [fill = 0]
                  7018c600    0000005c     ti_power_clock_config.o (.text.Module_clockSetFrequency)
                  7018c65c    00000004     --HOLE-- [fill = 0]
                  7018c660    0000005c     drivers.am263px.r5f.ti-arm-clang.nortos.debug.lib : uart_v0_lld.obj (.text.UART_lld_deInit)
                  7018c6bc    00000004     --HOLE-- [fill = 0]
                  7018c6c0    0000005a                                                       : uart_v0_lld.obj (.text.UART_regConfigModeEnable)
                  7018c71a    00000006     --HOLE-- [fill = 0]
                  7018c720    00000058                                                       : soc_rcm.obj (.text.SOC_rcmGetModuleClkDivVal)
                  7018c778    00000008     --HOLE-- [fill = 0]
                  7018c780    00000058     yis320_protocol.o (.text.parse_angular_velocity)
                  7018c7d8    00000008     --HOLE-- [fill = 0]
                  7018c7e0    00000058     yis320_protocol.o (.text.parse_euler_angles)
                  7018c838    00000008     --HOLE-- [fill = 0]
                  7018c840    00000056     drivers.am263px.r5f.ti-arm-clang.nortos.debug.lib : uart_v0.obj (.text.UART_lld_readCompleteCallback)
                  7018c896    0000000a     --HOLE-- [fill = 0]
                  7018c8a0    00000056                                                       : uart_v0.obj (.text.UART_lld_writeCompleteCallback)
                  7018c8f6    0000000a     --HOLE-- [fill = 0]
                  7018c900    00000056     motor_mapping.o (.text.uint16_to_float)
                  7018c956    0000000a     --HOLE-- [fill = 0]
                  7018c960    00000056     yis320_protocol.o (.text.vtable_initialize)
                  7018c9b6    0000000a     --HOLE-- [fill = 0]
                  7018c9c0    00000054     ti_dpl_config.o (.text.Dpl_init)
                  7018ca14    0000000c     --HOLE-- [fill = 0]
                  7018ca20    00000054     drivers.am263px.r5f.ti-arm-clang.nortos.debug.lib : edma.obj (.text.EDMA_setPaRAM)
                  7018ca74    0000000c     --HOLE-- [fill = 0]
                  7018ca80    00000054                                                       : uart_v0_lld.obj (.text.UART_OperModeValid)
                  7018cad4    0000000c     --HOLE-- [fill = 0]
                  7018cae0    00000054     main.o (.text.main)
                  7018cb34    00000054     libc.a : autoinit.c.obj (.text:__TI_auto_init_nobinit_nopinit)
                  7018cb88    00000008     --HOLE-- [fill = 0]
                  7018cb90    00000050     ti_drivers_open_close.o (.text.Drivers_uartClose)
                  7018cbe0    00000050     drivers.am263px.r5f.ti-arm-clang.nortos.debug.lib : pinmux.obj (.text.Pinmux_config)
                  7018cc30    00000050                                                       : uart_v0_lld.obj (.text.UART_checkCharsAvailInFifo)
                  7018cc80    0000004e     nortos.am263px.r5f.ti-arm-clang.debug.lib : DebugP_shmLogWriter.obj (.text.DebugP_shmLogWriterInit)
                  7018ccce    00000002     --HOLE-- [fill = 0]
                  7018ccd0    0000004e     drivers.am263px.r5f.ti-arm-clang.nortos.debug.lib : edma.obj (.text.EDMA_clrEvtRegion)
                  7018cd1e    00000002     --HOLE-- [fill = 0]
                  7018cd20    0000004e                                                       : edma.obj (.text.EDMA_disableDmaEvtRegion)
                  7018cd6e    00000002     --HOLE-- [fill = 0]
                  7018cd70    0000004e                                                       : edma.obj (.text.EDMA_disableEvtIntrRegion)
                  7018cdbe    00000002     --HOLE-- [fill = 0]
                  7018cdc0    0000004e                                                       : edma.obj (.text.EDMA_enableDmaEvtRegion)
                  7018ce0e    00000002     --HOLE-- [fill = 0]
                  7018ce10    0000004e                                                       : edma.obj (.text.EDMA_enableEvtIntrRegion)
                  7018ce5e    00000002     --HOLE-- [fill = 0]
                  7018ce60    0000004e                                                       : edma.obj (.text.EDMA_setEvtRegion)
                  7018ceae    00000002     --HOLE-- [fill = 0]
                  7018ceb0    0000004e                                                       : gpio.obj (.text.GPIO_setDirMode)
                  7018cefe    00000002     --HOLE-- [fill = 0]
                  7018cf00    0000004e                                                       : mcan.obj (.text.MCAN_enableIntrLine)
                  7018cf4e    00000002     --HOLE-- [fill = 0]
                  7018cf50    0000004c     nortos.am263px.r5f.ti-arm-clang.debug.lib : ClockP_nortos.obj (.text.ClockP_construct)
                  7018cf9c    00000004     --HOLE-- [fill = 0]
                  7018cfa0    0000004c     drivers.am263px.r5f.ti-arm-clang.nortos.debug.lib : edma.obj (.text.EDMA_ccPaRAMEntry_init)
                  7018cfec    00000004     --HOLE-- [fill = 0]
                  7018cff0    0000004c                                                       : edma.obj (.text.EDMA_mapQdmaChToPaRAM)
                  7018d03c    00000004     --HOLE-- [fill = 0]
                  7018d040    0000004c                                                       : edma.obj (.text.EDMA_readEventStatusRegion)
                  7018d08c    00000004     --HOLE-- [fill = 0]
                  7018d090    0000004c                                                       : ipc_notify_v1.obj (.text.IpcNotify_unregisterClient)
                  7018d0dc    00000004     --HOLE-- [fill = 0]
                  7018d0e0    0000004c     ti_power_clock_config.o (.text.Module_clockEnable)
                  7018d12c    00000004     --HOLE-- [fill = 0]
                  7018d130    0000004c     gateway_shared.o (.text.gateway_update_stat)
                  7018d17c    0000004c     libc.a : memmov.c.obj (.text.memmove)
                  7018d1c8    00000008     --HOLE-- [fill = 0]
                  7018d1d0    0000004c     yis320_protocol.o (.text.parse_quaternion)
                  7018d21c    00000004     --HOLE-- [fill = 0]
                  7018d220    0000004c     main.o (.text.timerISR)
                  7018d26c    00000004     --HOLE-- [fill = 0]
                  7018d270    0000004a     can_interface.o (.text.CAN_GetStats)
                  7018d2ba    00000006     --HOLE-- [fill = 0]
                  7018d2c0    0000004a     drivers.am263px.r5f.ti-arm-clang.nortos.debug.lib : ipc_notify_v1.obj (.text.IpcNotify_Params_init)
                  7018d30a    00000006     --HOLE-- [fill = 0]
                  7018d310    0000004a                                                       : soc_rcm.obj (.text.SOC_rcmGetCR5SysclkInFrequency)
                  7018d35a    00000006     --HOLE-- [fill = 0]
                  7018d360    0000004a                                                       : uart_v0_lld.obj (.text.UART_getIntrIdentityStatus)
                  7018d3aa    00000006     --HOLE-- [fill = 0]
                  7018d3b0    0000004a                                                       : uart_v0_lld.obj (.text.UART_lineCharConfig)
                  7018d3fa    00000006     --HOLE-- [fill = 0]
                  7018d400    0000004a     main.o (.text.motor_get_index)
                  7018d44a    00000006     --HOLE-- [fill = 0]
                  7018d450    00000048     can_interface.o (.text.CAN_RegisterRxCallback)
                  7018d498    00000008     --HOLE-- [fill = 0]
                  7018d4a0    00000048     drivers.am263px.r5f.ti-arm-clang.nortos.debug.lib : uart_v0_lld.obj (.text.UART_resetModule)
                  7018d4e8    00000008     --HOLE-- [fill = 0]
                  7018d4f0    00000046                                                       : uart_v0_lld.obj (.text.UART_i2310WA)
                  7018d536    0000000a     --HOLE-- [fill = 0]
                  7018d540    00000046                                                       : uart_v0_lld.obj (.text.UART_readLineStatus)
                  7018d586    0000000a     --HOLE-- [fill = 0]
                  7018d590    00000046     imu_protocol_handler.o (.text.imu_protocol_handler_init)
                  7018d5d6    0000000a     --HOLE-- [fill = 0]
                  7018d5e0    00000044     drivers.am263px.r5f.ti-arm-clang.nortos.debug.lib : ipc_notify_v1.obj (.text.IpcNotify_getWriteMailbox)
                  7018d624    0000000c     --HOLE-- [fill = 0]
                  7018d630    00000044                                                       : soc_rcm.obj (.text.SOC_rcmExtract8)
                  7018d674    0000000c     --HOLE-- [fill = 0]
                  7018d680    00000044                                                       : soc_rcm.obj (.text.SOC_rcmMake16)
                  7018d6c4    0000000c     --HOLE-- [fill = 0]
                  7018d6d0    00000044     nortos.am263px.r5f.ti-arm-clang.debug.lib : SemaphoreP_nortos.obj (.text.SemaphoreP_construct)
                  7018d714    0000000c     --HOLE-- [fill = 0]
                  7018d720    00000044                                               : DebugP_nortos.obj (.text._DebugP_logZone)
                  7018d764    0000000c     --HOLE-- [fill = 0]
                  7018d770    00000044                                               : printf.obj (.text._strnlen_s)
                  7018d7b4    0000000c     --HOLE-- [fill = 0]
                  7018d7c0    00000042                                               : ClockP_nortos.obj (.text.ClockP_start)
                  7018d802    0000000e     --HOLE-- [fill = 0]
                  7018d810    00000042     drivers.am263px.r5f.ti-arm-clang.nortos.debug.lib : uart_v0.obj (.text.UART_checkOpenParams)
                  7018d852    0000000e     --HOLE-- [fill = 0]
                  7018d860    00000040     imu_protocol_handler.o (.text.imu_protocol_update_state)
                  7018d8a0    0000003e     drivers.am263px.r5f.ti-arm-clang.nortos.debug.lib : pinmux.obj (.text.Pinmux_unlockMMR)
                  7018d8de    00000002     --HOLE-- [fill = 0]
                  7018d8e0    0000003e                                                       : uart_v0_lld.obj (.text.UART_IsHWFlowCtrlValid)
                  7018d91e    00000002     --HOLE-- [fill = 0]
                  7018d920    0000003e                                                       : uart_v0_lld.obj (.text.UART_spaceAvail)
                  7018d95e    00000002     --HOLE-- [fill = 0]
                  7018d960    0000003e     gateway_shared.o (.text.gateway_core1_init)
                  7018d99e    00000002     --HOLE-- [fill = 0]
                  7018d9a0    0000003e     gateway_shared.o (.text.gateway_update_heartbeat)
                  7018d9de    00000002     --HOLE-- [fill = 0]
                  7018d9e0    0000003c     drivers.am263px.r5f.ti-arm-clang.nortos.debug.lib : uart_v0_lld.obj (.text.UART_IsParityTypeValid)
                  7018da1c    00000004     --HOLE-- [fill = 0]
                  7018da20    0000003c                                                       : uart_v0_lld.obj (.text.UART_IsTxRxFifoEmpty)
                  7018da5c    00000004     --HOLE-- [fill = 0]
                  7018da60    0000003c                                                       : uart_v0_lld.obj (.text.UART_enhanFuncEnable)
                  7018da9c    00000004     --HOLE-- [fill = 0]
                  7018daa0    0000003a                                                       : mcan.obj (.text.MCAN_txBufAddReq)
                  7018dada    00000006     --HOLE-- [fill = 0]
                  7018dae0    0000003a                                                       : soc.obj (.text.SOC_moduleSetClockFrequency)
                  7018db1a    00000006     --HOLE-- [fill = 0]
                  7018db20    0000003a     nortos.am263px.r5f.ti-arm-clang.debug.lib : printf.obj (.text._atoi)
                  7018db5a    00000006     --HOLE-- [fill = 0]
                  7018db60    0000003a     main.o (.text.init_1000hz_timer)
                  7018db9a    00000006     --HOLE-- [fill = 0]
                  7018dba0    0000003a     nortos.am263px.r5f.ti-arm-clang.debug.lib : printf.obj (.text.snprintf_)
                  7018dbda    00000006     --HOLE-- [fill = 0]
                  7018dbe0    00000038     drivers.am263px.r5f.ti-arm-clang.nortos.debug.lib : soc.obj (.text.SOC_getCoreName)
                  7018dc18    00000038     nortos.am263px.r5f.ti-arm-clang.debug.lib : PmuP_armv7r_asm.obj (.text.pmu)
                  7018dc50    00000038     yis320_protocol.o (.text.vtable_is_connected)
                  7018dc88    00000008     --HOLE-- [fill = 0]
                  7018dc90    00000036     drivers.am263px.r5f.ti-arm-clang.nortos.debug.lib : edma.obj (.text.EDMA_getRegionId)
                  7018dcc6    0000000a     --HOLE-- [fill = 0]
                  7018dcd0    00000036     can_interface.o (.text.GPIO_pinWriteLow)
                  7018dd06    0000000a     --HOLE-- [fill = 0]
                  7018dd10    00000036     ti_drivers_config.o (.text.GPIO_pinWriteLow)
                  7018dd46    0000000a     --HOLE-- [fill = 0]
                  7018dd50    00000036     drivers.am263px.r5f.ti-arm-clang.nortos.debug.lib : ipc_notify_v1.obj (.text.IpcNotify_syncCallback)
                  7018dd86    0000000a     --HOLE-- [fill = 0]
                  7018dd90    00000034                                                       : mcan.obj (.text.MCAN_SsAddr)
                  7018ddc4    0000000c     --HOLE-- [fill = 0]
                  7018ddd0    00000034                                                       : mcan.obj (.text.MCAN_calcCfgAddr)
                  7018de04    0000000c     --HOLE-- [fill = 0]
                  7018de10    00000034                                                       : pinmux.obj (.text.Pinmux_lockMMR)
                  7018de44    0000000c     --HOLE-- [fill = 0]
                  7018de50    00000034     nortos.am263px.r5f.ti-arm-clang.debug.lib : TimerP_rti_priv.obj (.text.TimerP_Params_initPriv)
                  7018de84    0000000c     --HOLE-- [fill = 0]
                  7018de90    00000034     drivers.am263px.r5f.ti-arm-clang.nortos.debug.lib : uart_v0_lld.obj (.text.UART_IsDataLengthValid)
                  7018dec4    0000000c     --HOLE-- [fill = 0]
                  7018ded0    00000034     motor_mapping.o (.text.motor_get_config)
                  7018df04    0000000c     --HOLE-- [fill = 0]
                  7018df10    00000032     drivers.am263px.r5f.ti-arm-clang.nortos.debug.lib : mcan.obj (.text.HW_WR_FIELD32_RAW)
                  7018df42    0000000e     --HOLE-- [fill = 0]
                  7018df50    00000032                                                       : uart_v0_lld.obj (.text.HW_WR_FIELD32_RAW)
                  7018df82    0000000e     --HOLE-- [fill = 0]
                  7018df90    00000032                                                       : ipc_notify_v1.obj (.text.IpcNotify_mailboxIsPendingIntr)
                  7018dfc2    0000000e     --HOLE-- [fill = 0]
                  7018dfd0    00000032                                                       : mcan.obj (.text.MCAN_isMemInitDone)
                  7018e002    0000000e     --HOLE-- [fill = 0]
                  7018e010    00000032     nortos.am263px.r5f.ti-arm-clang.debug.lib : TimerP_rti_priv.obj (.text.TimerP_getCountPriv)
                  7018e042    0000000e     --HOLE-- [fill = 0]
                  7018e050    00000032     drivers.am263px.r5f.ti-arm-clang.nortos.debug.lib : uart_v0_lld.obj (.text.UART_enhanFuncBitValRestore)
                  7018e082    0000000e     --HOLE-- [fill = 0]
                  7018e090    00000032                                                       : uart_v0_lld.obj (.text.UART_hardwareFlowCtrlOptSet)
                  7018e0c2    0000000e     --HOLE-- [fill = 0]
                  7018e0d0    00000030                                                       : ipc_notify_v1.obj (.text.IpcNotify_getReadSwQ)
                  7018e100    00000030                                                       : uart_v0_lld.obj (.text.UART_flowCtrlTrigLvlConfig)
                  7018e130    00000030     gateway_shared.o (.text.gateway_signal_motor_config_ready)
                  7018e160    0000002e     drivers.am263px.r5f.ti-arm-clang.nortos.debug.lib : uart_dma_edma.obj (.text.UART_lld_dmaInit)
                  7018e18e    00000002     --HOLE-- [fill = 0]
                  7018e190    0000002e     nortos.am263px.r5f.ti-arm-clang.debug.lib : printf.obj (.text._is_digit)
                  7018e1be    00000002     --HOLE-- [fill = 0]
                  7018e1c0    0000002c                                               : DebugP_log.obj (.text.DebugP_logZoneEnable)
                  7018e1ec    00000004     --HOLE-- [fill = 0]
                  7018e1f0    0000002c     drivers.am263px.r5f.ti-arm-clang.nortos.debug.lib : ipc_notify_v1.obj (.text.IpcNotify_getReadMailbox)
                  7018e21c    00000004     --HOLE-- [fill = 0]
                  7018e220    0000002c                                                       : mcan.obj (.text.MCAN_clearNewDataStatus)
                  7018e24c    00000004     --HOLE-- [fill = 0]
                  7018e250    0000002c                                                       : mcan.obj (.text.MCAN_getNewDataStatus)
                  7018e27c    00000004     --HOLE-- [fill = 0]
                  7018e280    0000002c     nortos.am263px.r5f.ti-arm-clang.debug.lib : SemaphoreP_nortos.obj (.text.SemaphoreP_constructBinary)
                  7018e2ac    00000004     --HOLE-- [fill = 0]
                  7018e2b0    0000002c     yis320_protocol.o (.text.vtable_deinit)
                  7018e2dc    00000004     --HOLE-- [fill = 0]
                  7018e2e0    0000002a     nortos.am263px.r5f.ti-arm-clang.debug.lib : ClockP_nortos.obj (.text.ClockP_sleepTicks)
                  7018e30a    00000006     --HOLE-- [fill = 0]
                  7018e310    0000002a     drivers.am263px.r5f.ti-arm-clang.nortos.debug.lib : uart_v0_lld.obj (.text.UART_intr2Disable)
                  7018e33a    00000006     --HOLE-- [fill = 0]
                  7018e340    0000002a                                                       : uart_v0_lld.obj (.text.UART_operatingModeSelect)
                  7018e36a    00000006     --HOLE-- [fill = 0]
                  7018e370    0000002a     imu_protocol_handler.o (.text.imu_process_rx_data)
                  7018e39a    00000006     --HOLE-- [fill = 0]
                  7018e3a0    00000028     nortos.am263px.r5f.ti-arm-clang.debug.lib : CpuId_armv7r.obj (.text.CSL_armR5GetCpuID)
                  7018e3c8    00000008     --HOLE-- [fill = 0]
                  7018e3d0    00000028                                               : printf.obj (.text.vprintf_)
                  7018e3f8    00000008     --HOLE-- [fill = 0]
                  7018e400    00000026     drivers.am263px.r5f.ti-arm-clang.nortos.debug.lib : edma.obj (.text.EDMA_disableQdmaEvtRegion)
                  7018e426    0000000a     --HOLE-- [fill = 0]
                  7018e430    00000026                                                       : edma.obj (.text.EDMA_enableQdmaEvtRegion)
                  7018e456    0000000a     --HOLE-- [fill = 0]
                  7018e460    00000026                                                       : edma.obj (.text.EDMA_validateIntrObject)
                  7018e486    0000000a     --HOLE-- [fill = 0]
                  7018e490    00000026     ti_drivers_config.o (.text.IpcNotify_allocSwQueue)
                  7018e4b6    0000000a     --HOLE-- [fill = 0]
                  7018e4c0    00000026     nortos.am263px.r5f.ti-arm-clang.debug.lib : printf.obj (.text._out_buffer)
                  7018e4e6    0000000a     --HOLE-- [fill = 0]
                  7018e4f0    00000024     ti_drivers_config.o (.text.IpcNotify_getConfig)
                  7018e514    0000000c     --HOLE-- [fill = 0]
                  7018e520    00000024     nortos.am263px.r5f.ti-arm-clang.debug.lib : SemaphoreP_nortos.obj (.text.SemaphoreP_constructMutex)
                  7018e544    0000000c     --HOLE-- [fill = 0]
                  7018e550    00000024     drivers.am263px.r5f.ti-arm-clang.nortos.debug.lib : uart_v0_lld.obj (.text.UART_IsRxTrigLvlValid)
                  7018e574    0000000c     --HOLE-- [fill = 0]
                  7018e580    00000024                                                       : uart_v0_lld.obj (.text.UART_IsStopBitsValid)
                  7018e5a4    0000000c     --HOLE-- [fill = 0]
                  7018e5b0    00000024                                                       : uart_v0_lld.obj (.text.UART_IsTxTrigLvlValid)
                  7018e5d4    0000000c     --HOLE-- [fill = 0]
                  7018e5e0    00000024                                                       : uart_v0.obj (.text.UART_getBaseAddr)
                  7018e604    00000024     libclang_rt.builtins.a : aeabi_uldivmod.S.obj (.text.__aeabi_uldivmod)
                  7018e628    00000008     --HOLE-- [fill = 0]
                  7018e630    00000024     nortos.am263px.r5f.ti-arm-clang.debug.lib : printf.obj (.text._out_char)
                  7018e654    0000000c     --HOLE-- [fill = 0]
                  7018e660    00000022     drivers.am263px.r5f.ti-arm-clang.nortos.debug.lib : edma.obj (.text.EDMA_channelToParamMap)
                  7018e682    0000000e     --HOLE-- [fill = 0]
                  7018e690    00000022     gateway_shared.o (.text.gateway_ringbuf_core1_receive)
                  7018e6b2    0000000e     --HOLE-- [fill = 0]
                  7018e6c0    00000020     nortos.am263px.r5f.ti-arm-clang.debug.lib : ClockP_nortos.obj (.text.ClockP_isActive)
                  7018e6e0    00000020                                               : ClockP_nortos.obj (.text.ClockP_usecToTicks)
                  7018e700    00000020     drivers.am263px.r5f.ti-arm-clang.nortos.debug.lib : mcan.obj (.text.HW_RD_FIELD32_RAW)
                  7018e720    00000020                                                       : uart_v0_lld.obj (.text.HW_RD_FIELD32_RAW)
                  7018e740    0000001e     nortos.am263px.r5f.ti-arm-clang.debug.lib : ClockP_nortos.obj (.text.ClockP_Params_init)
                  7018e75e    00000002     --HOLE-- [fill = 0]
                  7018e760    0000001e     drivers.am263px.r5f.ti-arm-clang.nortos.debug.lib : edma.obj (.text.EDMA_getEventStatusHigh)
                  7018e77e    00000002     --HOLE-- [fill = 0]
                  7018e780    0000001e                                                       : mcan.obj (.text.MCAN_setOpMode)
                  7018e79e    00000002     --HOLE-- [fill = 0]
                  7018e7a0    0000001e                                                       : soc.obj (.text.SOC_getSelfCpuClk)
                  7018e7be    00000002     --HOLE-- [fill = 0]
                  7018e7c0    0000001e                                                       : soc.obj (.text.SOC_moduleClockEnable)
                  7018e7de    00000002     --HOLE-- [fill = 0]
                  7018e7e0    0000001e     ti_dpl_config.o (.text.TimerP_isr0)
                  7018e7fe    00000002     --HOLE-- [fill = 0]
                  7018e800    0000001e     drivers.am263px.r5f.ti-arm-clang.nortos.debug.lib : uart_v0_lld.obj (.text.UART_breakCtl)
                  7018e81e    00000002     --HOLE-- [fill = 0]
                  7018e820    0000001e                                                       : uart_v0_lld.obj (.text.UART_lld_Transaction_deInit)
                  7018e83e    00000002     --HOLE-- [fill = 0]
                  7018e840    0000001c                                                       : edma.obj (.text.EDMA_getEventStatus)
                  7018e85c    00000004     --HOLE-- [fill = 0]
                  7018e860    0000001c                                                       : mcan.obj (.text.MCAN_writeProtectedRegAccessLock)
                  7018e87c    00000004     --HOLE-- [fill = 0]
                  7018e880    0000001c                                                       : mcan.obj (.text.MCAN_writeProtectedRegAccessUnlock)
                  7018e89c    00000004     --HOLE-- [fill = 0]
                  7018e8a0    0000001c                                                       : uart_v0_lld.obj (.text.UART_IsParameter)
                  7018e8bc    0000001c     libc.a : memcpy32.S.obj (.text:TI_memcpy_small)
                  7018e8d8    00000008     --HOLE-- [fill = 0]
                  7018e8e0    0000001a     drivers.am263px.r5f.ti-arm-clang.nortos.debug.lib : mcan.obj (.text.MCAN_clearIntrStatus)
                  7018e8fa    00000006     --HOLE-- [fill = 0]
                  7018e900    0000001a                                                       : mcan.obj (.text.MCAN_getOpMode)
                  7018e91a    00000006     --HOLE-- [fill = 0]
                  7018e920    0000001a                                                       : uart_v0_lld.obj (.text.UART_fifoCharGet)
                  7018e93a    00000006     --HOLE-- [fill = 0]
                  7018e940    0000001a                                                       : uart_v0_lld.obj (.text.UART_timeGuardConfig)
                  7018e95a    00000006     --HOLE-- [fill = 0]
                  7018e960    00000018     nortos.am263px.r5f.ti-arm-clang.debug.lib : ClockP_nortos.obj (.text.ClockP_ticksToUsec)
                  7018e978    00000008     --HOLE-- [fill = 0]
                  7018e980    00000018     drivers.am263px.r5f.ti-arm-clang.nortos.debug.lib : edma.obj (.text.EDMA_isInterruptEnabled)
                  7018e998    00000008     --HOLE-- [fill = 0]
                  7018e9a0    00000018                                                       : ipc_notify_v1.obj (.text.IpcNotify_mailboxClearAllInt)
                  7018e9b8    00000008     --HOLE-- [fill = 0]
                  7018e9c0    00000018                                                       : ipc_notify_v1_cfg.obj (.text.IpcNotify_trigInterrupt)
                  7018e9d8    00000008     --HOLE-- [fill = 0]
                  7018e9e0    00000018     nortos.am263px.r5f.ti-arm-clang.debug.lib : SemaphoreP_nortos.obj (.text.SemaphoreP_Params_init)
                  7018e9f8    00000008     --HOLE-- [fill = 0]
                  7018ea00    00000018                                               : TimerP_rti_priv.obj (.text.TimerP_getReloadCountPriv)
                  7018ea18    00000008     --HOLE-- [fill = 0]
                  7018ea20    00000018     drivers.am263px.r5f.ti-arm-clang.nortos.debug.lib : uart_v0_lld.obj (.text.UART_divisorLatchDisable)
                  7018ea38    00000008     --HOLE-- [fill = 0]
                  7018ea40    00000018                                                       : uart_v0_lld.obj (.text.UART_modemControlReset)
                  7018ea58    00000008     --HOLE-- [fill = 0]
                  7018ea60    00000018                                                       : uart_v0_lld.obj (.text.UART_putChar)
                  7018ea78    00000018     libc.a : memset32.S.obj (.text:TI_memset_small)
                  7018ea90    00000016     drivers.am263px.r5f.ti-arm-clang.nortos.debug.lib : ipc_notify_v1.obj (.text.IpcNotify_sendSync)
                  7018eaa6    0000000a     --HOLE-- [fill = 0]
                  7018eab0    00000016                                                       : mcan.obj (.text.MCAN_getIntrStatus)
                  7018eac6    0000000a     --HOLE-- [fill = 0]
                  7018ead0    00000016     nortos.am263px.r5f.ti-arm-clang.debug.lib : TimerP_rti_priv.obj (.text.TimerP_startPriv)
                  7018eae6    0000000a     --HOLE-- [fill = 0]
                  7018eaf0    00000016                                               : TimerP_rti_priv.obj (.text.TimerP_stopPriv)
                  7018eb06    0000000a     --HOLE-- [fill = 0]
                  7018eb10    00000016     drivers.am263px.r5f.ti-arm-clang.nortos.debug.lib : uart_v0_lld.obj (.text.UART_divideRoundCloset)
                  7018eb26    0000000a     --HOLE-- [fill = 0]
                  7018eb30    00000016                                                       : uart_v0_lld.obj (.text.UART_regConfModeRestore)
                  7018eb46    0000000a     --HOLE-- [fill = 0]
                  7018eb50    00000014                                                       : edma.obj (.text.HW_WR_REG16_RAW)
                  7018eb64    0000000c     --HOLE-- [fill = 0]
                  7018eb70    00000014                                                       : ipc_notify_v1.obj (.text.IpcNotify_mailboxClearPendingIntr)
                  7018eb84    0000000c     --HOLE-- [fill = 0]
                  7018eb90    00000014                                                       : soc_rcm.obj (.text.SOC_rcmGetModuleClkDivFromRegVal)
                  7018eba4    0000000c     --HOLE-- [fill = 0]
                  7018ebb0    00000014     nortos.am263px.r5f.ti-arm-clang.debug.lib : TimerP_rti_priv.obj (.text.TimerP_clearOverflowIntPriv)
                  7018ebc4    0000000c     --HOLE-- [fill = 0]
                  7018ebd0    00000014                                               : TimerP_rti_nortos.obj (.text.TimerP_setup)
                  7018ebe4    0000000c     --HOLE-- [fill = 0]
                  7018ebf0    00000014     ti_dpl_config.o (.text.putchar_)
                  7018ec04    0000000c     --HOLE-- [fill = 0]
                  7018ec10    00000012     ti_pinmux_config.o (.text.Pinmux_init)
                  7018ec22    0000000e     --HOLE-- [fill = 0]
                  7018ec30    00000012     gateway_shared.o (.text.gateway_check_emergency_stop)
                  7018ec42    0000000e     --HOLE-- [fill = 0]
                  7018ec50    00000012     imu_protocol_handler.o (.text.imu_initialize)
                  7018ec62    0000000e     --HOLE-- [fill = 0]
                  7018ec70    00000012     imu_interface_isr.o (.text.imu_uart_is_initialized)
                  7018ec82    0000000e     --HOLE-- [fill = 0]
                  7018ec90    00000012     yis320_protocol.o (.text.yis320_get_timestamp_ms)
                  7018eca2    0000000e     --HOLE-- [fill = 0]
                  7018ecb0    00000010     can_interface.o (.text.CSL_REG32_WR_RAW)
                  7018ecc0    00000010     drivers.am263px.r5f.ti-arm-clang.nortos.debug.lib : pinmux.obj (.text.CSL_REG32_WR_RAW)
                  7018ecd0    00000010                                                       : soc.obj (.text.CSL_REG32_WR_RAW)
                  7018ece0    00000010     ti_drivers_config.o (.text.CSL_REG32_WR_RAW)
                  7018ecf0    00000010     nortos.am263px.r5f.ti-arm-clang.debug.lib : ClockP_nortos_r5.obj (.text.ClockP_getTimerCount)
                  7018ed00    00000010                                               : ClockP_nortos_r5.obj (.text.ClockP_timerClearOverflowInt)
                  7018ed10    00000010     drivers.am263px.r5f.ti-arm-clang.nortos.debug.lib : edma.obj (.text.HW_RD_REG32_RAW)
                  7018ed20    00000010                                                       : mcan.obj (.text.HW_RD_REG32_RAW)
                  7018ed30    00000010                                                       : uart_v0_lld.obj (.text.HW_RD_REG32_RAW)
                  7018ed40    00000010                                                       : edma.obj (.text.HW_WR_REG32_RAW)
                  7018ed50    00000010                                                       : mcan.obj (.text.HW_WR_REG32_RAW)
                  7018ed60    00000010                                                       : uart_v0_lld.obj (.text.HW_WR_REG32_RAW)
                  7018ed70    00000010                                                       : ipc_notify_v1.obj (.text.IpcNotify_mailboxGetPendingIntr)
                  7018ed80    00000010     nortos.am263px.r5f.ti-arm-clang.debug.lib : TimerP_rti_nortos.obj (.text.TimerP_Params_init)
                  7018ed90    00000010                                               : TimerP_rti_nortos.obj (.text.TimerP_clearOverflowInt)
                  7018eda0    00000010                                               : TimerP_rti_nortos.obj (.text.TimerP_getCount)
                  7018edb0    00000010                                               : TimerP_rti_nortos.obj (.text.TimerP_getReloadCount)
                  7018edc0    00000010                                               : TimerP_rti_nortos.obj (.text.TimerP_start)
                  7018edd0    00000010                                               : printf.obj (.text._out_null)
                  7018ede0    00000010     gateway_shared.o (.text.gateway_notify_imu_ready)
                  7018edf0    00000010     gateway_shared.o (.text.gateway_notify_states_ready)
                  7018ee00    0000000e     yis320_protocol.o (.text.yis320_uart_configure)
                  7018ee0e    00000002     --HOLE-- [fill = 0]
                  7018ee10    0000000c     ti_board_open_close.o (.text.Board_driversOpen)
                  7018ee1c    00000004     --HOLE-- [fill = 0]
                  7018ee20    0000000c     nortos.am263px.r5f.ti-arm-clang.debug.lib : ClockP_nortos.obj (.text.ClockP_getTicks)
                  7018ee2c    00000004     --HOLE-- [fill = 0]
                  7018ee30    0000000c     ti_drivers_open_close.o (.text.Drivers_open)
                  7018ee3c    00000004     --HOLE-- [fill = 0]
                  7018ee40    0000000c     ti_power_clock_config.o (.text.PowerClock_init)
                  7018ee4c    00000004     --HOLE-- [fill = 0]
                  7018ee50    0000000c     yis320_protocol.o (.text.vtable_read_data)
                  7018ee5c    00000004     --HOLE-- [fill = 0]
                  7018ee60    0000000a     nortos.am263px.r5f.ti-arm-clang.debug.lib : HwiP_armv7r_vim.obj (.text.Hwip_dataAndInstructionBarrier)
                  7018ee6a    00000006     --HOLE-- [fill = 0]
                  7018ee70    0000000a     drivers.am263px.r5f.ti-arm-clang.nortos.debug.lib : ipc_notify_v1.obj (.text.IpcNotify_dataAndInstructionBarrier)
                  7018ee7a    00000006     --HOLE-- [fill = 0]
                  7018ee80    0000000a                                                       : soc_rcm.obj (.text.SOC_rcmGetBaseAddressMSSRCM)
                  7018ee8a    00000006     --HOLE-- [fill = 0]
                  7018ee90    0000000a                                                       : uart_dma_edma.obj (.text.UART_edmaDoNothing)
                  7018ee9a    00000006     --HOLE-- [fill = 0]
                  7018eea0    0000000a     gateway_shared.o (.text.gateway_memory_barrier)
                  7018eeaa    00000006     --HOLE-- [fill = 0]
                  7018eeb0    0000000a     gateway_shared.o (.text.ringbuf_get_ptr)
                  7018eeba    00000006     --HOLE-- [fill = 0]
                  7018eec0    00000008     ti_drivers_config.o (.text.Drivers_uartInit)
                  7018eec8    00000008     --HOLE-- [fill = 0]
                  7018eed0    00000008     drivers.am263px.r5f.ti-arm-clang.nortos.debug.lib : soc_rcm.obj (.text.SOC_rcmGetBaseAddressMSSCTRL)
                  7018eed8    00000008     --HOLE-- [fill = 0]
                  7018eee0    00000008                                                       : soc_rcm.obj (.text.SOC_rcmGetBaseAddressTOPRCM)
                  7018eee8    00000008     --HOLE-- [fill = 0]
                  7018eef0    00000008     nortos.am263px.r5f.ti-arm-clang.debug.lib : SemaphoreP_nortos.obj (.text.SemaphoreP_destruct)
                  7018eef8    00000008     --HOLE-- [fill = 0]
                  7018ef00    00000002     ti_board_open_close.o (.text.Board_driversClose)
                  7018ef02    0000000e     --HOLE-- [fill = 0]
                  7018ef10    00000002     ti_board_config.o (.text.Board_init)
                  7018ef12    0000000e     --HOLE-- [fill = 0]
                  7018ef20    00000002     ti_drivers_open_close.o (.text.Drivers_mcanOpen)
                  7018ef22    0000000e     --HOLE-- [fill = 0]
                  7018ef30    00000002     drivers.am263px.r5f.ti-arm-clang.nortos.debug.lib : ipc_notify_v1_cfg.obj (.text.IpcNotify_wait)
                  7018ef32    0000000e     --HOLE-- [fill = 0]
                  7018ef40    00000002     nortos.am263px.r5f.ti-arm-clang.debug.lib : TaskP_nortos.obj (.text.TaskP_yield)
                  7018ef42    0000000e     --HOLE-- [fill = 0]

.rodata    0    7018ef50    00002488     
                  7018ef50    00000450     motor_mapping.o (.rodata.motor_config_table)
                  7018f3a0    00000084     ti_dpl_config.o (.rodata.cfg)
                  7018f424    00000062     main.o (.rodata.str1.11321157723316767883.1)
                  7018f486    0000005e     main.o (.rodata.str1.15996357275703397564.1)
                  7018f4e4    0000005d     main.o (.rodata.str1.2563708670032483588.1)
                  7018f541    00000007     drivers.am263px.r5f.ti-arm-clang.nortos.debug.lib : soc.obj (.rodata.str1.12179086363571468349.1)
                  7018f548    00000050     nortos.am263px.r5f.ti-arm-clang.debug.lib : printf.obj (.rodata._ftoa.pow10)
                  7018f598    0000004d     gateway_shared.o (.rodata.str1.3223734256326991069.1)
                  7018f5e5    0000004c     main.o (.rodata.str1.10224226614597680209.1)
                  7018f631    0000004c     main.o (.rodata.str1.5630281060179367396.1)
                  7018f67d    0000004a     main.o (.rodata.str1.2597068879322958637.1)
                  7018f6c7    00000049     can_interface.o (.rodata.str1.2401924719955226879.1)
                  7018f710    00000048     drivers.am263px.r5f.ti-arm-clang.nortos.debug.lib : soc_rcm.obj (.rodata.gADPLLJConfigTbl)
                  7018f758    00000045     can_interface.o (.rodata.str1.17857559882412085052.1)
                  7018f79d    00000045     main.o (.rodata.str1.6554448696319176064.1)
                  7018f7e2    00000043     main.o (.rodata.str1.10313062130652730376.1)
                  7018f825    00000042     main.o (.rodata.str1.11702106008850790973.1)
                  7018f867    00000042     main.o (.rodata.str1.17045314124001216156.1)
                  7018f8a9    00000041     main.o (.rodata.str1.16265332423659789559.1)
                  7018f8ea    00000002     drivers.am263px.r5f.ti-arm-clang.nortos.debug.lib : soc_rcm.obj (.rodata.gCR5ClkSrcInfoMap)
                  7018f8ec    00000040                                                       : mcan.obj (.rodata.gDataSize)
                  7018f92c    00000040                                                       : ipc_notify_v1.obj (.rodata.str1.10118846006578224169.1)
                  7018f96c    00000040     gateway_shared.o (.rodata.str1.1309647279537151951.1)
                  7018f9ac    0000003f     main.o (.rodata.str1.16302215771116645891.1)
                  7018f9eb    0000003f     main.o (.rodata.str1.17770841602246103764.1)
                  7018fa2a    0000003e     imu_interface_isr.o (.rodata.str1.2252785669688110604.1)
                  7018fa68    0000003d     main.o (.rodata.str1.10720410773482754683.1)
                  7018faa5    0000003d     nortos.am263px.r5f.ti-arm-clang.debug.lib : TimerP_rti_priv.obj (.rodata.str1.11388379688747141303.1)
                  7018fae2    0000003d     main.o (.rodata.str1.13782249893155712474.1)
                  7018fb1f    0000003c     main.o (.rodata.str1.8108965883388295311.1)
                  7018fb5b    0000003b     can_interface.o (.rodata.str1.13886886582160776261.1)
                  7018fb96    00000039     can_interface.o (.rodata.str1.13942422985958650841.1)
                  7018fbcf    00000039     can_interface.o (.rodata.str1.15906871730334742222.1)
                  7018fc08    00000039     can_interface.o (.rodata.str1.16770118065840302171.1)
                  7018fc41    00000038     gateway_shared.o (.rodata.str1.8694082244888993162.1)
                  7018fc79    00000038     imu_interface_isr.o (.rodata.str1.9168798226845388136.1)
                  7018fcb1    00000037     gateway_shared.o (.rodata.str1.10638658715010209595.1)
                  7018fce8    00000037     can_interface.o (.rodata.str1.17102373369105828453.1)
                  7018fd1f    00000037     main.o (.rodata.str1.3530083166107438000.1)
                  7018fd56    00000037     gateway_shared.o (.rodata.str1.5629998949668554045.1)
                  7018fd8d    00000036     can_interface.o (.rodata.str1.10186677634541030339.1)
                  7018fdc3    00000036     imu_interface_isr.o (.rodata.str1.13916086747295221358.1)
                  7018fdf9    00000036     can_interface.o (.rodata.str1.15146467347084621569.1)
                  7018fe2f    00000035     can_interface.o (.rodata.str1.11434220007320834734.1)
                  7018fe64    00000035     main.o (.rodata.str1.16631870348416990953.1)
                  7018fe99    00000035     can_interface.o (.rodata.str1.6692020027550076815.1)
                  7018fece    00000035     ti_drivers_open_close.o (.rodata.str1.871795152488895636.1)
                  7018ff03    00000035     main.o (.rodata.str1.9059077390166914652.1)
                  7018ff38    00000034     main.o (.rodata.str1.11121730273200050387.1)
                  7018ff6c    00000034     main.o (.rodata.str1.13288086030101331538.1)
                  7018ffa0    00000034     main.o (.rodata.str1.14112174005742061988.1)
                  7018ffd4    00000034     main.o (.rodata.str1.17376258722486336754.1)
                  70190008    00000034     main.o (.rodata.str1.18092426736022315238.1)
                  7019003c    00000034     main.o (.rodata.str1.6891813955777630061.1)
                  70190070    00000033     can_interface.o (.rodata.str1.13538652865395202372.1)
                  701900a3    00000033     main.o (.rodata.str1.14032527501195285070.1)
                  701900d6    00000033     can_interface.o (.rodata.str1.2569929632086669665.1)
                  70190109    00000033     main.o (.rodata.str1.6976963560179378225.1)
                  7019013c    00000032     can_interface.o (.rodata.str1.2296911319530636772.1)
                  7019016e    00000031     can_interface.o (.rodata.str1.4211222669969280216.1)
                  7019019f    00000031     gateway_shared.o (.rodata.str1.6121471336334202706.1)
                  701901d0    00000031     motor_mapping.o (.rodata.str1.8787205977826144616.1)
                  70190201    00000030     can_interface.o (.rodata.str1.10130696897761414469.1)
                  70190231    00000030     can_interface.o (.rodata.str1.2167712102046818855.1)
                  70190261    00000030     imu_interface_isr.o (.rodata.str1.4417852805959727765.1)
                  70190291    00000030     main.o (.rodata.str1.4787932902692149498.1)
                  701902c1    00000030     main.o (.rodata.str1.8154729771448623357.1)
                  701902f1    0000002f     main.o (.rodata.str1.10865113624938808685.1)
                  70190320    0000002f     main.o (.rodata.str1.11870794119293528247.1)
                  7019034f    0000002f     main.o (.rodata.str1.13030671760666898970.1)
                  7019037e    0000002f     can_interface.o (.rodata.str1.15094798983471906066.1)
                  701903ad    0000002f     gateway_shared.o (.rodata.str1.3129942817937968154.1)
                  701903dc    0000002f     drivers.am263px.r5f.ti-arm-clang.nortos.debug.lib : ipc_notify_v1.obj (.rodata.str1.9418228565027791152.1)
                  7019040b    0000002e     can_interface.o (.rodata.str1.11024350005305706282.1)
                  70190439    0000002e     gateway_shared.o (.rodata.str1.11051107022181534624.1)
                  70190467    0000002e     main.o (.rodata.str1.14079361385603432444.1)
                  70190495    0000002e     main.o (.rodata.str1.625103348304617710.1)
                  701904c3    0000002e     main.o (.rodata.str1.7996925722583989644.1)
                  701904f1    0000002e     gateway_shared.o (.rodata.str1.9859227269409816370.1)
                  7019051f    0000002d     main.o (.rodata.str1.11777244287787065045.1)
                  7019054c    0000002d     main.o (.rodata.str1.14466178792657420020.1)
                  70190579    0000002d     can_interface.o (.rodata.str1.150960857071891705.1)
                  701905a6    0000002d     main.o (.rodata.str1.5043408953494467246.1)
                  701905d3    0000002d     can_interface.o (.rodata.str1.6401568125276999251.1)
                  70190600    0000002d     can_interface.o (.rodata.str1.6531933829109918715.1)
                  7019062d    0000002c     can_interface.o (.rodata.str1.14845445665763636722.1)
                  70190659    0000002c     main.o (.rodata.str1.2763581881760962609.1)
                  70190685    0000002c     gateway_shared.o (.rodata.str1.7167262159681625771.1)
                  701906b1    0000002b     main.o (.rodata.str1.18227636981041470289.1)
                  701906dc    0000002b     can_interface.o (.rodata.str1.3858671167962548137.1)
                  70190707    0000002b     can_interface.o (.rodata.str1.5571669369711139161.1)
                  70190732    0000002a     can_interface.o (.rodata.str1.17855712168153945246.1)
                  7019075c    0000002a     nortos.am263px.r5f.ti-arm-clang.debug.lib : DebugP_log.obj (.rodata.str1.227947788441500939.1)
                  70190786    0000002a     main.o (.rodata.str1.2846389346932560359.1)
                  701907b0    0000002a     main.o (.rodata.str1.8096991282711418442.1)
                  701907da    00000029     imu_interface_isr.o (.rodata.str1.15503275091179387347.1)
                  70190803    00000029     can_interface.o (.rodata.str1.357542981605220142.1)
                  7019082c    00000029     main.o (.rodata.str1.403738606202455663.1)
                  70190855    00000029     can_interface.o (.rodata.str1.6910353934698693424.1)
                  7019087e    00000029     can_interface.o (.rodata.str1.7679921882182829519.1)
                  701908a7    00000029     main.o (.rodata.str1.8076846746581808073.1)
                  701908d0    00000028     main.o (.rodata.str1.11822182024223342093.1)
                  701908f8    00000028     main.o (.rodata.str1.1311392489248731986.1)
                  70190920    00000028     main.o (.rodata.str1.15159059442110792349.1)
                  70190948    00000027     nortos.am263px.r5f.ti-arm-clang.debug.lib : ClockP_nortos_r5.obj (.rodata.str1.12743090444791882666.1)
                  7019096f    00000027     main.o (.rodata.str1.39260288392874984.1)
                  70190996    00000027     main.o (.rodata.str1.7784929982665794503.1)
                  701909bd    00000026     can_interface.o (.rodata.str1.14406550278730177052.1)
                  701909e3    00000026     gateway_shared.o (.rodata.str1.17046880449980016103.1)
                  70190a09    00000026     gateway_shared.o (.rodata.str1.5761821093615868877.1)
                  70190a2f    00000026     can_interface.o (.rodata.str1.6806839034663112933.1)
                  70190a55    00000025     main.o (.rodata.str1.10635229749459437609.1)
                  70190a7a    00000025     main.o (.rodata.str1.2123964117280943167.1)
                  70190a9f    00000025     main.o (.rodata.str1.8828068777338075035.1)
                  70190ac4    00000024     can_interface.o (.rodata.str1.14428574951410983152.1)
                  70190ae8    00000024     can_interface.o (.rodata.str1.17339864536769639315.1)
                  70190b0c    00000024     imu_interface_isr.o (.rodata.str1.6306445455767916371.1)
                  70190b30    00000024     main.o (.rodata.str1.7702501944640899365.1)
                  70190b54    00000024     main.o (.rodata.str1.8428454045432808059.1)
                  70190b78    00000023     drivers.am263px.r5f.ti-arm-clang.nortos.debug.lib : soc_rcm.obj (.rodata.str1.2078190104202520215.1)
                  70190b9b    00000023     nortos.am263px.r5f.ti-arm-clang.debug.lib : ClockP_nortos_r5.obj (.rodata.str1.7689125538912326484.1)
                  70190bbe    00000022     drivers.am263px.r5f.ti-arm-clang.nortos.debug.lib : edma.obj (.rodata.str1.12976018205622752890.1)
                  70190be0    00000022     main.o (.rodata.str1.2624144126699937905.1)
                  70190c02    00000021     can_interface.o (.rodata.str1.12573338884863454617.1)
                  70190c23    00000021     nortos.am263px.r5f.ti-arm-clang.debug.lib : ClockP_nortos_r5.obj (.rodata.str1.8559540482768925367.1)
                  70190c44    00000020     drivers.am263px.r5f.ti-arm-clang.nortos.debug.lib : mcan.obj (.rodata.gMsgObjSize)
                  70190c64    00000020     can_interface.o (.rodata.g_mcan_base_addr)
                  70190c84    00000020     can_interface.o (.rodata.g_mcan_intr_num)
                  70190ca4    00000020     main.o (.rodata.str1.14402440632258215044.1)
                  70190cc4    00000020     drivers.am263px.r5f.ti-arm-clang.nortos.debug.lib : uart_v0.obj (.rodata.str1.16594507886308206351.1)
[...]
00000000  __TI_ATRegion1_region_sz             
00000000  __TI_ATRegion1_src_addr              
00000000  __TI_ATRegion1_trg_addr              
00000000  __TI_ATRegion2_region_sz             
00000000  __TI_ATRegion2_src_addr              
00000000  __TI_ATRegion2_trg_addr              
00000000  __TI_static_base__                   
00000000  _vectors                             
00000100  __ABORT_STACK_SIZE                   
00000100  __FIQ_STACK_SIZE                     
00000100  __IRQ_STACK_SIZE                     
00000100  __UNDEFINED_STACK_SIZE               
00001000  __SVC_STACK_SIZE                     
00004000  __STACK_SIZE                         
70180a34  __aeabi_memclr                       
70180a34  __aeabi_memclr4                      
70180a34  __aeabi_memclr8                      
701810b8  C$$EXIT                              
701810b8  HOSTexit                             
701810c1  SOC_rcmEnablePeripheralClock         
701816f8  __aeabi_ldiv0                        
701816fc  __aeabi_memcpy                       
701816fc  __aeabi_memcpy4                      
701816fc  __aeabi_memcpy8                      
70181ce4  CSL_armR5ReadMpidrReg                
70182784  __aeabi_memmove                      
70182784  __aeabi_memmove4                     
70182784  __aeabi_memmove8                     
70183051  UART_open                            
70183451  IpcNotify_init                       
70183f01  SOC_virtToPhy                        
70184211  motor_mapping_init_core1             
70184511  MCAN_msgRAMConfig                    
701855a1  CAN_TransmitBatch                    
701857d1  UART_lld_dmaDeInit                   
70185a01  IpcNotify_isr                        
70185c31  TimerP_setupPriv                     
70185e11  UART_lld_dmaWrite                    
70185fc1  UART_close                           
70186171  UART_lld_controllerIsr               
70186311  CAN_StartRxInterrupts                
70186631  MCAN_calcMsgRamParamsStartAddr       
701867c1  EDMA_unregisterIntr                  
70186931  SOC_controlModuleUnlockMMR           
70186a91  CAN_Init                             
70186bf1  UART_lld_initDma                     
70186d51  DebugP_shmLogWriterPutChar           
70187141  MCAN_setBitTime                      
70187291  imu_uart_isr_init                    
70187521  MCAN_readMsgRam                      
701877a1  ClockP_init                          
701878e1  UART_procLineStatusErr               
70187a21  EDMA_registerIntr                    
70187b61  MCAN_init                            
70187ca1  UART_lld_init                        
70187dd1  MCAN_config                          
70187f01  SOC_controlModuleLockMMR             
70188031  SOC_rcmGetPeripheralClockFrequency   
70188271  DebugP_shmLogWriterPutLine           
70188391  UART_lld_dmaRead                     
701884ac  __udivmoddi4                         
70188a41  IpcNotify_sendMsg                    
70188c61  GPIO_init                            
70188d71  SemaphoreP_pend                      
70188e81  gateway_ringbuf_read                 
70188f91  gateway_write_motor_config           
70189261  EDMA_freeChannelRegion               
70189351  EDMA_freeParam                       
70189441  EDMA_freeDmaChannel                  
70189521  EDMA_freeTcc                         
70189601  UART_intrEnable                      
701896e1  UART_intrDisable                     
701897c1  AddrTranslateP_getLocalAddr          
70189891  EDMA_disableChInShadowRegRegion      
70189961  EDMA_enableChInShadowRegRegion       
70189a31  EDMA_mapChToEvtQ                     
70189b01  EDMA_configureChannelRegion          
70189c81  UART_flushTxFifo                     
70189e01  ClockP_timerTickIsr                  
70189ec1  TimerP_init                          
70189f81  ClockP_stop                          
7018a041  IpcNotify_waitSync                   
7018a101  CycleCounterP_init                   
7018a121  CycleCounterP_reset                  
7018a171  CycleCounterP_nsToTicks              
7018a1b1  CycleCounterP_enableUserAccess       
7018a1c1  MCAN_writeMsgRam                     
7018a271  SOC_rcmSetPeripheralClock            
7018a321  UART_init                            
7018a531  gateway_write_motor_states           
7018a5e1  gateway_core1_wait_for_ready         
7018a741  ClockP_destruct                      
7018a7f1  Drivers_uartOpen                     
7018a941  gateway_core1_ipc_callback           
7018ab21  imu_uart_read                        
7018abc1  IpcNotify_registerClient             
7018ad01  ClockP_getTimeUsec                   
7018ada1  EDMA_unmapChToEvtQ                   
7018ae41  float_to_uint                        
7018aee1  yis320_convert_to_ipc                
7018af81  EDMA_disableTransferRegion           
7018b011  EDMA_enableTransferRegion            
7018b251  UART_lld_flushTxFifo                 
7018b371  EDMA_allocDmaChannel                 
7018b401  EDMA_allocParam                      
7018b491  EDMA_allocTcc                        
7018b641  IpcNotify_syncAll                    
7018b6d1  imu_protocol_manager_init            
7018b761  MCAN_addStdMsgIDFilter               
7018b861  System_init                          
7018b961  _DebugP_assert                       
7018b9e1  gateway_ringbuf_core1_init           
7018bae1  UART_Params_init                     
7018bb61  gateway_write_imu_state              
7018bbe1  EDMA_linkChannel                     
7018bce1  ClockP_usleep                        
7018bd61  EDMA_clrMissEvtRegion                
7018bf41  EDMA_getBaseAddr                     
7018c021  imu_protocol_get_state               
7018c091  SOC_rcmGetR5Clock                    
7018c101  SOC_rcmIsR5FInLockStepMode           
7018c1e1  UART_lld_deInitDma                   
7018c251  imu_protocol_process_uart_rx         
7018c2c1  MCAN_enableIntr                      
7018c331  MCAN_initTxBufElement                
7018c411  SemaphoreP_post                      
7018c481  MCAN_selectIntrLine                  
7018c4e1  UART_getChar                         
7018c5a1  yis320_protocol_handler_init         
7018c601  Module_clockSetFrequency             
7018c661  UART_lld_deInit                      
7018c901  uint16_to_float                      
7018c9c1  Dpl_init                             
7018ca21  EDMA_setPaRAM                        
7018cae1  main                                 
7018cb34  __TI_auto_init_nobinit_nopinit       
7018cb91  Drivers_uartClose                    
7018cbe1  Pinmux_config                        
7018cc31  UART_checkCharsAvailInFifo           
7018cc81  DebugP_shmLogWriterInit              
7018ccd1  EDMA_clrEvtRegion                    
7018cd21  EDMA_disableDmaEvtRegion             
7018cd71  EDMA_disableEvtIntrRegion            
7018cdc1  EDMA_enableDmaEvtRegion              
7018ce11  EDMA_enableEvtIntrRegion             
7018ce61  EDMA_setEvtRegion                    
7018ceb1  GPIO_setDirMode                      
7018cf01  MCAN_enableIntrLine                  
7018cf51  ClockP_construct                     
7018cfa1  EDMA_ccPaRAMEntry_init               
7018cff1  EDMA_mapQdmaChToPaRAM                
7018d041  EDMA_readEventStatusRegion           
7018d091  IpcNotify_unregisterClient           
7018d0e1  Module_clockEnable                   
7018d131  gateway_update_stat                  
7018d17c  memmove                              
7018d221  timerISR                             
7018d271  CAN_GetStats                         
7018d2c1  IpcNotify_Params_init                
7018d361  UART_getIntrIdentityStatus           
7018d451  CAN_RegisterRxCallback               
7018d541  UART_readLineStatus                  
7018d591  imu_protocol_handler_init            
7018d6d1  SemaphoreP_construct                 
7018d721  _DebugP_logZone                      
7018d7c1  ClockP_start                         
7018d861  imu_protocol_update_state            
7018d921  UART_spaceAvail                      
7018d961  gateway_core1_init                   
7018d9a1  gateway_update_heartbeat             
7018da21  UART_IsTxRxFifoEmpty                 
7018daa1  MCAN_txBufAddReq                     
7018dae1  SOC_moduleSetClockFrequency          
7018dba1  snprintf_                            
7018dbe1  SOC_getCoreName                      
7018dc18  CycleCounterP_getCount32             
7018dc20  PmuP_setup                           
7018dc28  PmuP_enableCounters                  
7018dc30  PmuP_disableCounters                 
7018dc38  PmuP_getOverflowStatus               
7018dc40  PmuP_clearOverflowStatus             
7018dc48  PmuP_setUserEnable                   
7018dc91  EDMA_getRegionId                     
7018dd51  IpcNotify_syncCallback               
7018ddd1  MCAN_calcCfgAddr                     
7018de51  TimerP_Params_initPriv               
7018ded1  motor_get_config                     
7018dfd1  MCAN_isMemInitDone                   
7018e011  TimerP_getCountPriv                  
7018e131  gateway_signal_motor_config_ready    
7018e161  UART_lld_dmaInit                     
7018e1c1  DebugP_logZoneEnable                 
7018e221  MCAN_clearNewDataStatus              
7018e251  MCAN_getNewDataStatus                
7018e281  SemaphoreP_constructBinary           
7018e311  UART_intr2Disable                    
7018e341  UART_operatingModeSelect             
7018e3a1  CSL_armR5GetCpuID                    
7018e3d1  vprintf_                             
7018e401  EDMA_disableQdmaEvtRegion            
7018e431  EDMA_enableQdmaEvtRegion             
7018e491  IpcNotify_allocSwQueue               
7018e4f1  IpcNotify_getConfig                  
7018e521  SemaphoreP_constructMutex            
7018e5e1  UART_getBaseAddr                     
7018e604  __aeabi_uldivmod                     
7018e661  EDMA_channelToParamMap               
7018e691  gateway_ringbuf_core1_receive        
7018e6c1  ClockP_isActive                      
7018e6e1  ClockP_usecToTicks                   
7018e741  ClockP_Params_init                   
7018e761  EDMA_getEventStatusHigh              
7018e781  MCAN_setOpMode                       
7018e7a1  SOC_getSelfCpuClk                    
7018e7c1  SOC_moduleClockEnable                
7018e7e1  TimerP_isr0                          
7018e821  UART_lld_Transaction_deInit          
7018e841  EDMA_getEventStatus                  
7018e8bc  TI_memcpy_small                      
7018e8e1  MCAN_clearIntrStatus                 
7018e901  MCAN_getOpMode                       
7018e961  ClockP_ticksToUsec                   
7018e981  EDMA_isInterruptEnabled              
7018e9c1  IpcNotify_trigInterrupt              
7018e9e1  SemaphoreP_Params_init               
7018ea01  TimerP_getReloadCountPriv            
7018ea61  UART_putChar                         
7018ea78  TI_memset_small                      
7018ea91  IpcNotify_sendSync                   
7018eab1  MCAN_getIntrStatus                   
7018ead1  TimerP_startPriv                     
7018eaf1  TimerP_stopPriv                      
7018ebb1  TimerP_clearOverflowIntPriv          
7018ebd1  TimerP_setup                         
7018ebf1  putchar_                             
7018ec11  Pinmux_init                          
7018ec31  gateway_check_emergency_stop         
7018ec71  imu_uart_is_initialized              
7018ec91  yis320_get_timestamp_ms              
7018ecf1  ClockP_getTimerCount                 
7018ed01  ClockP_timerClearOverflowInt         
7018ed81  TimerP_Params_init                   
7018ed91  TimerP_clearOverflowInt              
7018eda1  TimerP_getCount                      
7018edb1  TimerP_getReloadCount                
7018edc1  TimerP_start                         
7018ede1  gateway_notify_imu_ready             
7018edf1  gateway_notify_states_ready          
7018ee01  yis320_uart_configure                
7018ee11  Board_driversOpen                    
7018ee21  ClockP_getTicks                      
7018ee31  Drivers_open                         
7018ee41  PowerClock_init                      
7018eec1  Drivers_uartInit                     
7018eef1  SemaphoreP_destruct                  
7018ef01  Board_driversClose                   
7018ef11  Board_init                           
7018ef21  Drivers_mcanOpen                     
7018ef31  IpcNotify_wait                       
7018ef41  TaskP_yield                          
7018f3a0  gCacheConfig                         
7018f3a8  gMpuConfig                           
7018f3b4  gMpuRegionConfig                     
7018f710  gADPLLJConfigTbl                     
7018f8ea  gCR5ClkSrcInfoMap                    
70190fd4  gPeripheralClkSrcInfoMap             
70191374  gXTALInfo                            
701913c0  gCacheL1dCacheLineSize               
701913c4  gCacheL1pCacheLineSize               
701913d8  __BSS_START                          
70191f58  gHwiCtrl                             
70192764  g_yis320_private_data                
70192b6c  g_motor_lookup                       
70193890  gIpcNotifyCtrl                       
70193b1c  gTimerBaseAddr                       
70193b20  gClockCtrl                           
70193b40  virtToPhymap                         
70193b64  gTimerHwiObj                         
70193b68  gUartHandle                          
70193b70  __BSS_END                            
70193b70  __stack                              
70197b70  __STACK_END                          
70197b71  HwiP_enableInt                       
70197bb1  HwiP_disableInt                      
70197c11  HwiP_restoreInt                      
70197c41  HwiP_clearInt                        
70197c81  HwiP_post                            
70197cc1  HwiP_Params_init                     
70197cf1  HwiP_construct                       
70197ee1  HwiP_destruct                        
70197f51  HwiP_init                            
70198101  HwiP_inISR                           
70198131  HwiP_setVimIrqPriMaskNonAtomic       
70198181  HwiP_setVimIrqPriMaskAtomic          
70198221  HwiP_restoreVimIrqPriMask            
70198231  HwiP_irq_handler_c                   
701983d1  HwiP_fiq_handler                     
70198531  HwiP_reserved_handler                
70198571  HwiP_undefined_handler_c             
70198591  HwiP_user_undefined_handler_c        
701985b1  HwiP_svc_handler                     
701985f1  HwiP_prefetch_abort_handler_c        
70198691  HwiP_user_prefetch_abort_handler_c   
701986d1  HwiP_data_abort_handler_c            
70198791  HwiP_user_data_abort_handler_c       
701987cc  HwiP_irq_handler                     
70198840  HwiP_data_abort_handler              
70198884  HwiP_prefetch_abort_handler          
701988d0  HwiP_undefined_handler               
70198900  GET_DFSR                             
70198908  GET_ADFSR                            
70198910  GET_DFAR                             
70198918  GET_IFSR                             
70198920  GET_AIFSR                            
70198928  GET_IFAR                             
70198930  GET_SPSR                             
70198948  HwiP_disable                         
70198958  HwiP_disableFIQ                      
70198968  HwiP_enable                          
70198978  HwiP_enableFIQ                       
70198988  HwiP_restore                         
70198990  HwiP_enableVIC                       
701989a0  HwiP_disableVIC                      
701989b0  HwiP_getCPSR                         
701989c0  CacheP_disableL1d                    
701989e8  CacheP_disableL1p                    
70198a00  CacheP_enableL1d                     
70198a18  CacheP_enableL1p                     
70198a30  CacheP_invL1d                        
70198a68  CacheP_invL1p                        
70198aa4  CacheP_invL1dAll                     
70198aac  CacheP_invL1pAll                     
70198ab4  CacheP_wb                            
70198af0  CacheP_wbInv                         
70198b2c  CacheP_wbAll                         
70198bd4  CacheP_wbInvAll                      
70198bec  CacheP_wbInvAllAsm                   
70198c8c  CacheP_getEnabled                    
70198cc4  CacheP_getCacheLevelInfo             
70198cd0  CacheP_configForceWrThru             
70198cf0  CacheP_setDLFO                       
70198d01  CacheP_init                          
70198d91  CacheP_disable                       
70198de1  CacheP_enable                        
70198e21  CacheP_inv                           
70198e61  MpuP_getAttrs                        
70198ec1  MpuP_RegionAttrs_init                
70198ef1  MpuP_setRegion                       
70198f81  MpuP_isEnable                        
70198f91  MpuP_disable                         
70198fd1  MpuP_enable                          
70199021  MpuP_init                            
701990c1  MpuP_isUserAuthorizedToAccessMemory  
701991a0  MpuP_disableAsm                      
701991b8  MpuP_disableBRAsm                    
701991c8  MpuP_enableAsm                       
701991e0  MpuP_enableBRAsm                     
701991f0  MpuP_isEnableAsm                     
70199204  MpuP_setRegionAsm                    
70199220  _c_int00_sbl                         
70199244  _c_int00                             
70199371  _DebugP_assertNoLog                  
701993a1  _system_pre_init                     
701993d1  __mpu_init                           
701993e0  abort                                
701993e8  gEdmaConfig                          
701993e8  gUartDmaHandle                       
701996d8  gIpcNotifyMailboxConfig              
701998b0  gSocModulesClockFrequency            
70199928  gUartParams                          
70199980  gSocModules                          
701999c0  gClockConfig                         
701999d8  gIpcNotifyInterruptConfig_r5fss1_1   
70199a04  gIpcNotifyCoreIntrBitPos             
70199a24  gAddrTranslateConfig                 
70199a38  gUartConfig                          
70199a4c  gDebugLogZone                        
70199a58  gEdmaConfigNum                       
70199a5c  gHwiConfig                           
70199a60  gIpcNotifyInterruptConfigNum_r5fss1_1
70199a64  gUartConfigNum                       
70199a68  gUartDmaChConfig                     
70199ab4  isMapAvailable                       
70199ac0  __IRQ_STACK_START                    
70199bc0  __FIQ_STACK_START                    
70199bc0  __IRQ_STACK_END                      
70199cc0  __FIQ_STACK_END                      
70199cc0  __SVC_STACK_START                    
7019acc0  __ABORT_STACK_START                  
7019acc0  __SVC_STACK_END                      
7019adc0  __ABORT_STACK_END                    
7019adc0  __UNDEFINED_STACK_START              
7019aec0  __UNDEFINED_STACK_END                
70200000  gGatewaySharedMem                    
70204ecc  dbg_can_rx_count                     
70204ed0  dbg_can_tx_count                     
70204ed4  dbg_can_isr_rx_entry_count           
70204ed8  dbg_can_isr_fifo_read_count          
70204edc  dbg_can_isr_callback_count           
70204ee0  g_first_intr_info                    
70204f60  dbg_ipc_send_count                   
70204f64  dbg_ipc_register_count               
70204f68  dbg_imu_uart_isr_count               
70204f6c  dbg_imu_rx_byte_count                
70204f70  dbg_imu_frame_count                  
70208000  gDebugShmLog                         
ffffffff  __TI_pprof_out_hndl                  
ffffffff  __TI_prof_data_size                  
ffffffff  __TI_prof_data_start                 
ffffffff  __binit__                            
ffffffff  binit                                
UNDEFED   __TI_CINIT_Base                      
UNDEFED   __TI_CINIT_Limit                     
UNDEFED   __TI_Handler_Table_Base              
UNDEFED   __TI_Handler_Table_Limit             
UNDEFED   _system_post_cinit                   

[419 symbols]
