******************************************************************************
            TI ARM Clang Linker PC v4.0.4                      
******************************************************************************
>> Linked Fri Apr  3 18:04:19 2026

OUTPUT FILE NAME:   <ccu_ti_multi_core_realtime.out>
ENTRY POINT SYMBOL: "_vectors"  address: 00000000


MEMORY CONFIGURATION

         name            origin    length      used     unused   attr    fill
----------------------  --------  ---------  --------  --------  ----  --------
  R5F_VECS              00000000   00000040  00000040  00000000  RWIX
  R5F_TCMA              00000040   00007fc0  00000000  00007fc0  RWIX
  R5F_TCMB              00080000   00008000  00000000  00008000  RWIX
  MAILBOX_HSM           44000000   000003ce  00000000  000003ce  RWIX
  MAILBOX_R5F           44000400   000003ce  00000000  000003ce  RWIX
  FLASH                 60180000   00080000  00000000  00080000  RWIX
  OCRAM                 70180000   00080000  0001a8a8  00065758  RWIX
  USER_SHM_MEM          70200000   00008000  00004d4c  000032b4  RWIX
  LOG_SHM_MEM           70208000   00004000  00002000  00002000  RWIX
  RTOS_NORTOS_IPC_SHM_M 72000000   00003e80  00000000  00003e80  RWIX


SEGMENT ALLOCATION MAP

run origin  load origin   length   init length attrs members
----------  ----------- ---------- ----------- ----- -------
00000000    00000000    00000040   00000040    r-x
  00000000    00000000    00000040   00000040    r-x .vectors
70180000    70180000    00011068   00011068    r-x
  70180000    70180000    0000ec20   0000ec20    r-x .text
  7018ec20    7018ec20    00002448   00002448    r-- .rodata
70191068    70191068    000066c0   00000000    rw-
  70191068    70191068    000026c0   00000000    rw- .bss
  70193728    70193728    00004000   00000000    rw- .stack
70197730    70197730    00001878   00001878    r-x
  70197730    70197730    00000e50   00000e50    r-x .text.hwi
  70198580    70198580    000004a0   000004a0    r-x .text.cache
  70198a20    70198a20    000003c0   000003c0    r-x .text.mpu
  70198de0    70198de0    000001c0   000001c0    r-x .text.boot
  70198fa0    70198fa0    00000008   00000008    r-x .text:abort
70198fa8    70198fa8    00001908   00000508    rw-
  70198fa8    70198fa8    00000508   00000508    rw- .data
  701994b0    701994b0    00000100   00000000    rw- .irqstack
  701995b0    701995b0    00000100   00000000    rw- .fiqstack
  701996b0    701996b0    00001000   00000000    rw- .svcstack
  7019a6b0    7019a6b0    00000100   00000000    rw- .abortstack
  7019a7b0    7019a7b0    00000100   00000000    rw- .undefinedstack


SECTION ALLOCATION MAP

 output                                  attributes/
section   page    origin      length       input sections
--------  ----  ----------  ----------   ----------------
.vectors   0    00000000    00000040     
                  00000000    00000040     nortos.am263px.r5f.ti-arm-clang.debug.lib : HwiP_armv7r_vectors_nortos_asm.obj (.vectors)

.text      0    70180000    0000ec20     
                  70180000    00000a34     nortos.am263px.r5f.ti-arm-clang.debug.lib : printf.obj (.text._vsnprintf)
                  70180a34    0000000c     libclang_rt.builtins.a : aeabi_memset.S.obj (.text.__aeabi_memclr)
                  70180a40    00000678     drivers.am263px.r5f.ti-arm-clang.nortos.debug.lib : soc_rcm.obj (.text.SOC_rcmGetClkSrcAndDivReg)
                  701810b8    00000008     libsysbm.a : hostexit.c.obj (.text.HOSTexit)
                  701810c0    00000638     drivers.am263px.r5f.ti-arm-clang.nortos.debug.lib : soc_rcm.obj (.text.SOC_rcmEnablePeripheralClock)
                  701816f8    00000004     libclang_rt.builtins.a : aeabi_div0.c.obj (.text.__aeabi_ldiv0)
                  701816fc    00000004                            : aeabi_memcpy.S.obj (.text.__aeabi_memcpy)
                  70181700    000005e2     nortos.am263px.r5f.ti-arm-clang.debug.lib : printf.obj (.text._ftoa)
                  70181ce2    00000002     --HOLE-- [fill = 0]
                  70181ce4    0000000c                                               : CpuId_armv7r_asm.obj (.text)
                  70181cf0    00000534     main.o (.text.transmit_can_frames)
                  70182224    00000004     libclang_rt.builtins.a : aeabi_memmove.S.obj (.text.__aeabi_memmove)
                  70182228    00000008     --HOLE-- [fill = 0]
                  70182230    000004b0     nortos.am263px.r5f.ti-arm-clang.debug.lib : printf.obj (.text._etoa)
                  701826e0    00000402     yis320_protocol.o (.text.vtable_process_rx_data)
                  70182ae2    0000000e     --HOLE-- [fill = 0]
                  70182af0    00000400     drivers.am263px.r5f.ti-arm-clang.nortos.debug.lib : uart_v0.obj (.text.UART_open)
                  70182ef0    000003dc                                                       : ipc_notify_v1.obj (.text.IpcNotify_init)
                  701832cc    00000004     --HOLE-- [fill = 0]
                  701832d0    000003ca     main.o (.text.main_loop)
                  7018369a    00000006     --HOLE-- [fill = 0]
                  701836a0    000003ac     main.o (.text.core1_init)
                  70183a4c    00000004     --HOLE-- [fill = 0]
                  70183a50    0000030c     can_interface.o (.text.init_single_mcan)
                  70183d5c    00000004     --HOLE-- [fill = 0]
                  70183d60    00000302     drivers.am263px.r5f.ti-arm-clang.nortos.debug.lib : soc.obj (.text.SOC_virtToPhy)
                  70184062    0000000e     --HOLE-- [fill = 0]
                  70184070    000002f4     motor_mapping.o (.text.motor_mapping_init_core1)
                  70184364    0000000c     --HOLE-- [fill = 0]
                  70184370    000002a8     drivers.am263px.r5f.ti-arm-clang.nortos.debug.lib : mcan.obj (.text.MCAN_msgRAMConfig)
                  70184618    00000008     --HOLE-- [fill = 0]
                  70184620    0000027e                                                       : uart_dma_edma.obj (.text.UART_edmaChInit)
                  7018489e    00000002     --HOLE-- [fill = 0]
                  701848a0    00000250                                                       : edma.obj (.text.Alloc_resource)
                  70184af0    00000242                                                       : uart_v0_lld.obj (.text.UART_fifoConfig)
                  70184d32    0000000e     --HOLE-- [fill = 0]
                  70184d40    0000023e     nortos.am263px.r5f.ti-arm-clang.debug.lib : printf.obj (.text._ntoa_format)
                  70184f7e    00000002     --HOLE-- [fill = 0]
                  70184f80    00000226     drivers.am263px.r5f.ti-arm-clang.nortos.debug.lib : uart_dma_edma.obj (.text.UART_lld_dmaDeInit)
                  701851a6    0000000a     --HOLE-- [fill = 0]
                  701851b0    00000222                                                       : ipc_notify_v1.obj (.text.IpcNotify_isr)
                  701853d2    0000000e     --HOLE-- [fill = 0]
                  701853e0    00000220     can_interface.o (.text.CAN_TransmitBatch)
                  70185600    000001d6     nortos.am263px.r5f.ti-arm-clang.debug.lib : TimerP_rti_priv.obj (.text.TimerP_setupPriv)
                  701857d6    0000000a     --HOLE-- [fill = 0]
                  701857e0    000001aa     drivers.am263px.r5f.ti-arm-clang.nortos.debug.lib : uart_dma_edma.obj (.text.UART_lld_dmaWrite)
                  7018598a    00000006     --HOLE-- [fill = 0]
                  70185990    000001aa     can_interface.o (.text.can_rx_isr)
                  70185b3a    00000006     --HOLE-- [fill = 0]
                  70185b40    000001a8     drivers.am263px.r5f.ti-arm-clang.nortos.debug.lib : uart_v0.obj (.text.UART_close)
                  70185ce8    00000008     --HOLE-- [fill = 0]
                  70185cf0    000001a4     main.o (.text.process_can_rx)
                  70185e94    0000000c     --HOLE-- [fill = 0]
                  70185ea0    00000198     drivers.am263px.r5f.ti-arm-clang.nortos.debug.lib : uart_v0_lld.obj (.text.UART_lld_controllerIsr)
                  70186038    00000008     --HOLE-- [fill = 0]
                  70186040    00000188     can_interface.o (.text.CAN_StartRxInterrupts)
                  701861c8    00000008     --HOLE-- [fill = 0]
                  701861d0    00000186     drivers.am263px.r5f.ti-arm-clang.nortos.debug.lib : mcan.obj (.text.MCAN_readMsg)
                  70186356    0000000a     --HOLE-- [fill = 0]
                  70186360    00000184                                                       : mcan.obj (.text.MCAN_calcMsgRamParamsStartAddr)
                  701864e4    0000000c     --HOLE-- [fill = 0]
                  701864f0    00000162                                                       : edma.obj (.text.EDMA_unregisterIntr)
                  70186652    0000000e     --HOLE-- [fill = 0]
                  70186660    00000158                                                       : soc.obj (.text.SOC_controlModuleUnlockMMR)
                  701867b8    00000008     --HOLE-- [fill = 0]
                  701867c0    00000152                                                       : uart_v0_lld.obj (.text.UART_lld_initDma)
                  70186912    0000000e     --HOLE-- [fill = 0]
                  70186920    00000150     nortos.am263px.r5f.ti-arm-clang.debug.lib : DebugP_shmLogWriter.obj (.text.DebugP_shmLogWriterPutChar)
                  70186a70    00000150     drivers.am263px.r5f.ti-arm-clang.nortos.debug.lib : mcan.obj (.text.MCAN_writeMsg)
                  70186bc0    0000014e     yis320_protocol.o (.text.parse_imu_frame)
                  70186d0e    00000002     --HOLE-- [fill = 0]
                  70186d10    0000014c     drivers.am263px.r5f.ti-arm-clang.nortos.debug.lib : mcan.obj (.text.MCAN_setBitTime)
                  70186e5c    00000004     --HOLE-- [fill = 0]
                  70186e60    00000142     imu_interface_isr.o (.text.imu_uart_isr_init)
                  70186fa2    0000000e     --HOLE-- [fill = 0]
                  70186fb0    00000140     can_interface.o (.text.CAN_Init)
                  701870f0    0000013a     drivers.am263px.r5f.ti-arm-clang.nortos.debug.lib : edma.obj (.text.EDMA_isDmaChannelAllocated)
                  7018722a    00000006     --HOLE-- [fill = 0]
                  70187230    00000138                                                       : mcan.obj (.text.MCAN_readMsgRam)
                  70187368    00000008     --HOLE-- [fill = 0]
                  70187370    00000138     nortos.am263px.r5f.ti-arm-clang.debug.lib : printf.obj (.text._ntoa_long_long)
                  701874a8    00000008     --HOLE-- [fill = 0]
                  701874b0    00000136                                               : ClockP_nortos_r5.obj (.text.ClockP_init)
                  701875e6    0000000a     --HOLE-- [fill = 0]
                  701875f0    00000136     drivers.am263px.r5f.ti-arm-clang.nortos.debug.lib : uart_v0_lld.obj (.text.UART_procLineStatusErr)
                  70187726    0000000a     --HOLE-- [fill = 0]
                  70187730    00000134                                                       : edma.obj (.text.EDMA_registerIntr)
                  70187864    0000000c     --HOLE-- [fill = 0]
                  70187870    00000134                                                       : mcan.obj (.text.MCAN_init)
                  701879a4    0000000c     --HOLE-- [fill = 0]
                  701879b0    0000012c                                                       : uart_v0_lld.obj (.text.UART_lld_init)
                  70187adc    00000004     --HOLE-- [fill = 0]
                  70187ae0    0000012a                                                       : mcan.obj (.text.MCAN_config)
                  70187c0a    00000006     --HOLE-- [fill = 0]
                  70187c10    00000126                                                       : soc.obj (.text.SOC_controlModuleLockMMR)
                  70187d36    0000000a     --HOLE-- [fill = 0]
                  70187d40    00000120                                                       : soc_rcm.obj (.text.SOC_rcmGetPeripheralClockFrequency)
                  70187e60    00000120     can_interface.o (.text.init_can_stb_gpios)
                  70187f80    0000011c     nortos.am263px.r5f.ti-arm-clang.debug.lib : DebugP_shmLogWriter.obj (.text.DebugP_shmLogWriterPutLine)
                  7018809c    00000004     --HOLE-- [fill = 0]
                  701880a0    0000011c     drivers.am263px.r5f.ti-arm-clang.nortos.debug.lib : uart_dma_edma.obj (.text.UART_lld_dmaRead)
                  701881bc    00000118     libclang_rt.builtins.a : udivmoddi4.S.obj (.text)
                  701882d4    0000000c     --HOLE-- [fill = 0]
                  701882e0    00000116     drivers.am263px.r5f.ti-arm-clang.nortos.debug.lib : edma.obj (.text.EDMA_isTccAllocated)
                  701883f6    0000000a     --HOLE-- [fill = 0]
                  70188400    00000116                                                       : uart_v0_lld.obj (.text.UART_divisorLatchWrite)
                  70188516    0000000a     --HOLE-- [fill = 0]
                  70188520    00000114     nortos.am263px.r5f.ti-arm-clang.debug.lib : printf.obj (.text._ntoa_long)
                  70188634    0000000c     --HOLE-- [fill = 0]
                  70188640    0000010e     drivers.am263px.r5f.ti-arm-clang.nortos.debug.lib : soc_rcm.obj (.text.SOC_rcmADPLLJGetFOut)
                  7018874e    00000002     --HOLE-- [fill = 0]
                  70188750    0000010a                                                       : ipc_notify_v1.obj (.text.IpcNotify_sendMsg)
                  7018885a    00000006     --HOLE-- [fill = 0]
                  70188860    00000104                                                       : uart_v0_lld.obj (.text.UART_configInstance)
                  70188964    0000000c     --HOLE-- [fill = 0]
                  70188970    00000102     ti_drivers_config.o (.text.GPIO_init)
                  70188a72    0000000e     --HOLE-- [fill = 0]
                  70188a80    00000102     nortos.am263px.r5f.ti-arm-clang.debug.lib : SemaphoreP_nortos.obj (.text.SemaphoreP_pend)
                  70188b82    0000000e     --HOLE-- [fill = 0]
                  70188b90    00000102     gateway_shared.o (.text.gateway_ringbuf_read)
                  70188c92    0000000e     --HOLE-- [fill = 0]
                  70188ca0    000000ee     main.o (.text.process_motor_commands)
                  70188d8e    00000002     --HOLE-- [fill = 0]
                  70188d90    000000ec     gateway_shared.o (.text.gateway_write_motor_config)
                  70188e7c    00000004     --HOLE-- [fill = 0]
                  70188e80    000000e6     drivers.am263px.r5f.ti-arm-clang.nortos.debug.lib : soc_rcm.obj (.text.SOC_rcmGetCoreFout)
                  70188f66    0000000a     --HOLE-- [fill = 0]
                  70188f70    000000e6                                                       : soc_rcm.obj (.text.SOC_rcmGetPerFout)
                  70189056    0000000a     --HOLE-- [fill = 0]
                  70189060    000000e4                                                       : edma.obj (.text.EDMA_freeChannelRegion)
                  70189144    0000000c     --HOLE-- [fill = 0]
                  70189150    000000e2                                                       : edma.obj (.text.EDMA_freeParam)
                  70189232    0000000e     --HOLE-- [fill = 0]
                  70189240    000000e0                                                       : edma.obj (.text.EDMA_freeDmaChannel)
                  70189320    000000e0                                                       : edma.obj (.text.EDMA_freeTcc)
                  70189400    000000de                                                       : uart_v0_lld.obj (.text.UART_intrEnable)
                  701894de    00000002     --HOLE-- [fill = 0]
                  701894e0    000000da                                                       : uart_v0_lld.obj (.text.UART_intrDisable)
                  701895ba    00000006     --HOLE-- [fill = 0]
                  701895c0    000000d0     nortos.am263px.r5f.ti-arm-clang.debug.lib : AddrTranslateP_32bit.obj (.text.AddrTranslateP_getLocalAddr)
                  70189690    000000ce     drivers.am263px.r5f.ti-arm-clang.nortos.debug.lib : edma.obj (.text.EDMA_disableChInShadowRegRegion)
                  7018975e    00000002     --HOLE-- [fill = 0]
                  70189760    000000cc                                                       : edma.obj (.text.EDMA_enableChInShadowRegRegion)
                  7018982c    00000004     --HOLE-- [fill = 0]
                  70189830    000000c4                                                       : edma.obj (.text.EDMA_mapChToEvtQ)
                  701898f4    0000000c     --HOLE-- [fill = 0]
                  70189900    000000c0                                                       : edma.obj (.text.EDMA_configureChannelRegion)
                  701899c0    000000c0                                                       : soc_rcm.obj (.text.SOC_rcmGetPerHSDivOut)
                  70189a80    000000c0                                                       : uart_v0.obj (.text.UART_flushTxFifo)
                  70189b40    000000c0     nortos.am263px.r5f.ti-arm-clang.debug.lib : printf.obj (.text._out_rev)
                  70189c00    000000be                                               : ClockP_nortos.obj (.text.ClockP_timerTickIsr)
                  70189cbe    00000002     --HOLE-- [fill = 0]
                  70189cc0    000000be     ti_dpl_config.o (.text.TimerP_init)
                  70189d7e    00000002     --HOLE-- [fill = 0]
                  70189d80    000000ba     nortos.am263px.r5f.ti-arm-clang.debug.lib : ClockP_nortos.obj (.text.ClockP_stop)
                  70189e3a    00000006     --HOLE-- [fill = 0]
                  70189e40    000000ba     drivers.am263px.r5f.ti-arm-clang.nortos.debug.lib : ipc_notify_v1.obj (.text.IpcNotify_waitSync)
                  70189efa    00000006     --HOLE-- [fill = 0]
                  70189f00    000000ba     gateway_shared.o (.text.gateway_write_motor_states)
                  70189fba    00000006     --HOLE-- [fill = 0]
                  70189fc0    000000ba     nortos.am263px.r5f.ti-arm-clang.debug.lib : PmuP_armv7r.obj (.text.pmu)
                  7018a07a    00000006     --HOLE-- [fill = 0]
                  7018a080    000000b0     drivers.am263px.r5f.ti-arm-clang.nortos.debug.lib : mcan.obj (.text.MCAN_writeMsgRam)
                  7018a130    000000b0                                                       : soc_rcm.obj (.text.SOC_rcmSetPeripheralClock)
                  7018a1e0    000000b0                                                       : uart_v0.obj (.text.UART_init)
                  7018a290    000000b0     imu_interface_isr.o (.text.imu_uart_isr)
                  7018a340    000000ae     drivers.am263px.r5f.ti-arm-clang.nortos.debug.lib : mcan.obj (.text.MCAN_getOffsetAddr)
                  7018a3ee    00000002     --HOLE-- [fill = 0]
                  7018a3f0    000000ac     gateway_shared.o (.text.gateway_core1_wait_for_ready)
                  7018a49c    00000004     --HOLE-- [fill = 0]
                  7018a4a0    000000a8     nortos.am263px.r5f.ti-arm-clang.debug.lib : ClockP_nortos.obj (.text.ClockP_addToList)
                  7018a548    00000008     --HOLE-- [fill = 0]
                  7018a550    000000a8                                               : ClockP_nortos.obj (.text.ClockP_destruct)
                  7018a5f8    00000008     --HOLE-- [fill = 0]
                  7018a600    000000a8     ti_drivers_open_close.o (.text.Drivers_uartOpen)
                  7018a6a8    00000008     --HOLE-- [fill = 0]
                  7018a6b0    000000a0     drivers.am263px.r5f.ti-arm-clang.nortos.debug.lib : soc_rcm.obj (.text.SOC_rcmGetCoreHSDivOut)
                  7018a750    0000009e     gateway_shared.o (.text.gateway_core1_ipc_callback)
                  7018a7ee    00000002     --HOLE-- [fill = 0]
                  7018a7f0    0000009e     main.o (.text.ipc_notify_callback_fxn)
                  7018a88e    00000002     --HOLE-- [fill = 0]
                  7018a890    0000009e     yis320_protocol.o (.text.validate_checksum)
                  7018a92e    00000002     --HOLE-- [fill = 0]
                  7018a930    0000009a     imu_interface_isr.o (.text.imu_uart_read)
                  7018a9ca    00000006     --HOLE-- [fill = 0]
                  7018a9d0    00000098     drivers.am263px.r5f.ti-arm-clang.nortos.debug.lib : ipc_notify_v1.obj (.text.IpcNotify_registerClient)
                  7018aa68    00000008     --HOLE-- [fill = 0]
                  7018aa70    00000096                                                       : uart_v0_lld.obj (.text.UART_subConfigTCRTLRModeEn)
                  7018ab06    0000000a     --HOLE-- [fill = 0]
                  7018ab10    00000092     nortos.am263px.r5f.ti-arm-clang.debug.lib : ClockP_nortos.obj (.text.ClockP_getTimeUsec)
                  7018aba2    0000000e     --HOLE-- [fill = 0]
                  7018abb0    00000092     drivers.am263px.r5f.ti-arm-clang.nortos.debug.lib : edma.obj (.text.EDMA_unmapChToEvtQ)
                  7018ac42    0000000e     --HOLE-- [fill = 0]
                  7018ac50    00000092     motor_mapping.o (.text.float_to_uint)
                  7018ace2    0000000e     --HOLE-- [fill = 0]
                  7018acf0    00000092     yis320_protocol.o (.text.yis320_convert_to_ipc)
                  7018ad82    0000000e     --HOLE-- [fill = 0]
                  7018ad90    0000008c     drivers.am263px.r5f.ti-arm-clang.nortos.debug.lib : edma.obj (.text.EDMA_disableTransferRegion)
                  7018ae1c    00000004     --HOLE-- [fill = 0]
                  7018ae20    0000008c                                                       : edma.obj (.text.EDMA_enableTransferRegion)
                  7018aeac    00000004     --HOLE-- [fill = 0]
                  7018aeb0    00000088                                                       : uart_dma_edma.obj (.text.UART_edmaIsrRx)
                  7018af38    00000008     --HOLE-- [fill = 0]
                  7018af40    00000088                                                       : uart_dma_edma.obj (.text.UART_edmaIsrTx)
                  7018afc8    00000008     --HOLE-- [fill = 0]
                  7018afd0    00000086                                                       : uart_v0_lld.obj (.text.UART_lld_flushTxFifo)
                  7018b056    0000000a     --HOLE-- [fill = 0]
                  7018b060    00000086                                                       : uart_v0_lld.obj (.text.UART_tcrTlrBitValRestore)
                  7018b0e6    0000000a     --HOLE-- [fill = 0]
                  7018b0f0    00000082                                                       : edma.obj (.text.EDMA_allocDmaChannel)
                  7018b172    0000000e     --HOLE-- [fill = 0]
                  7018b180    00000082                                                       : edma.obj (.text.EDMA_allocParam)
                  7018b202    0000000e     --HOLE-- [fill = 0]
                  7018b210    00000082                                                       : edma.obj (.text.EDMA_allocTcc)
                  7018b292    0000000e     --HOLE-- [fill = 0]
                  7018b2a0    00000082                                                       : edma.obj (.text.EDMA_disableTccInShadowRegRegion)
                  7018b322    0000000e     --HOLE-- [fill = 0]
                  7018b330    00000082                                                       : edma.obj (.text.EDMA_enableTccInShadowRegRegion)
                  7018b3b2    0000000e     --HOLE-- [fill = 0]
                  7018b3c0    00000082                                                       : ipc_notify_v1.obj (.text.IpcNotify_syncAll)
                  7018b442    0000000e     --HOLE-- [fill = 0]
                  7018b450    00000082     imu_protocol_handler.o (.text.imu_protocol_manager_init)
                  7018b4d2    0000000e     --HOLE-- [fill = 0]
                  7018b4e0    00000080     drivers.am263px.r5f.ti-arm-clang.nortos.debug.lib : mcan.obj (.text.MCAN_addStdMsgIDFilter)
                  7018b560    00000080                                                       : uart_v0_lld.obj (.text.UART_moduleReset)
                  7018b5e0    0000007e     ti_drivers_config.o (.text.System_init)
                  7018b65e    00000002     --HOLE-- [fill = 0]
                  7018b660    0000007e     drivers.am263px.r5f.ti-arm-clang.nortos.debug.lib : uart_v0_lld.obj (.text.UART_readData)
                  7018b6de    00000002     --HOLE-- [fill = 0]
                  7018b6e0    0000007c     nortos.am263px.r5f.ti-arm-clang.debug.lib : DebugP_log.obj (.text._DebugP_assert)
                  7018b75c    00000004     --HOLE-- [fill = 0]
                  7018b760    0000007c     gateway_shared.o (.text.gateway_ringbuf_core1_init)
                  7018b7dc    00000004     --HOLE-- [fill = 0]
                  7018b7e0    0000007a     drivers.am263px.r5f.ti-arm-clang.nortos.debug.lib : ipc_notify_v1.obj (.text.IpcNotify_mailboxWrite)
                  7018b85a    00000006     --HOLE-- [fill = 0]
                  7018b860    0000007a                                                       : uart_v0.obj (.text.UART_Params_init)
                  7018b8da    00000006     --HOLE-- [fill = 0]
                  7018b8e0    00000078                                                       : edma.obj (.text.EDMA_linkChannel)
                  7018b958    00000008     --HOLE-- [fill = 0]
                  7018b960    00000074                                                       : uart_v0_lld.obj (.text.UART_IsBaseAddrValid)
                  7018b9d4    0000000c     --HOLE-- [fill = 0]
                  7018b9e0    00000072     nortos.am263px.r5f.ti-arm-clang.debug.lib : ClockP_nortos.obj (.text.ClockP_usleep)
                  7018ba52    0000000e     --HOLE-- [fill = 0]
                  7018ba60    00000072     drivers.am263px.r5f.ti-arm-clang.nortos.debug.lib : edma.obj (.text.EDMA_clrMissEvtRegion)
                  7018bad2    0000000e     --HOLE-- [fill = 0]
                  7018bae0    00000072                                                       : ipc_notify_v1.obj (.text.IpcNotify_makeMsg)
                  7018bb52    0000000e     --HOLE-- [fill = 0]
                  7018bb60    0000006e     yis320_protocol.o (.text.find_frame_header_limited)
                  7018bbce    00000002     --HOLE-- [fill = 0]
                  7018bbd0    0000006a     drivers.am263px.r5f.ti-arm-clang.nortos.debug.lib : ipc_notify_v1.obj (.text.IpcNotify_mailboxReadSwQ)
                  7018bc3a    00000006     --HOLE-- [fill = 0]
                  7018bc40    00000068                                                       : edma.obj (.text.EDMA_getBaseAddr)
                  7018bca8    00000008     --HOLE-- [fill = 0]
                  7018bcb0    00000068                                                       : uart_v0_lld.obj (.text.UART_divisorValCompute)
                  7018bd18    00000008     --HOLE-- [fill = 0]
                  7018bd20    00000068     imu_protocol_handler.o (.text.imu_protocol_get_state)
                  7018bd88    00000008     --HOLE-- [fill = 0]
                  7018bd90    00000064     drivers.am263px.r5f.ti-arm-clang.nortos.debug.lib : soc_rcm.obj (.text.SOC_rcmGetR5Clock)
                  7018bdf4    0000000c     --HOLE-- [fill = 0]
                  7018be00    00000064                                                       : soc_rcm.obj (.text.SOC_rcmIsR5FInLockStepMode)
                  7018be64    0000000c     --HOLE-- [fill = 0]
                  7018be70    00000064                                                       : uart_v0_lld.obj (.text.UART_fifoRegisterWrite)
                  7018bed4    0000000c     --HOLE-- [fill = 0]
                  7018bee0    00000064                                                       : uart_v0_lld.obj (.text.UART_lld_deInitDma)
                  7018bf44    0000000c     --HOLE-- [fill = 0]
                  7018bf50    00000064     imu_protocol_handler.o (.text.imu_protocol_process_uart_rx)
                  7018bfb4    0000000c     --HOLE-- [fill = 0]
                  7018bfc0    00000062     drivers.am263px.r5f.ti-arm-clang.nortos.debug.lib : mcan.obj (.text.MCAN_enableIntr)
                  7018c022    0000000e     --HOLE-- [fill = 0]
                  7018c030    00000062                                                       : mcan.obj (.text.MCAN_initTxBufElement)
                  7018c092    0000000e     --HOLE-- [fill = 0]
                  7018c0a0    00000062                                                       : soc_rcm.obj (.text.SOC_rcmInsert16)
                  7018c102    0000000e     --HOLE-- [fill = 0]
                  7018c110    00000062     nortos.am263px.r5f.ti-arm-clang.debug.lib : SemaphoreP_nortos.obj (.text.SemaphoreP_post)
                  7018c172    0000000e     --HOLE-- [fill = 0]
                  7018c180    00000060     drivers.am263px.r5f.ti-arm-clang.nortos.debug.lib : mcan.obj (.text.MCAN_selectIntrLine)
                  7018c1e0    00000060                                                       : uart_v0_lld.obj (.text.UART_getChar)
                  7018c240    00000060                                                       : uart_v0_lld.obj (.text.UART_writeData)
                  7018c2a0    0000005e     yis320_protocol.o (.text.yis320_protocol_handler_init)
                  7018c2fe    00000002     --HOLE-- [fill = 0]
                  7018c300    0000005c     ti_power_clock_config.o (.text.Module_clockSetFrequency)
                  7018c35c    00000004     --HOLE-- [fill = 0]
                  7018c360    0000005c     drivers.am263px.r5f.ti-arm-clang.nortos.debug.lib : uart_v0_lld.obj (.text.UART_lld_deInit)
                  7018c3bc    00000004     --HOLE-- [fill = 0]
                  7018c3c0    0000005a                                                       : uart_v0_lld.obj (.text.UART_regConfigModeEnable)
                  7018c41a    00000006     --HOLE-- [fill = 0]
                  7018c420    00000058                                                       : soc_rcm.obj (.text.SOC_rcmGetModuleClkDivVal)
                  7018c478    00000008     --HOLE-- [fill = 0]
                  7018c480    00000058     yis320_protocol.o (.text.parse_angular_velocity)
                  7018c4d8    00000008     --HOLE-- [fill = 0]
                  7018c4e0    00000058     yis320_protocol.o (.text.parse_euler_angles)
                  7018c538    00000008     --HOLE-- [fill = 0]
                  7018c540    00000056     drivers.am263px.r5f.ti-arm-clang.nortos.debug.lib : uart_v0.obj (.text.UART_lld_readCompleteCallback)
                  7018c596    0000000a     --HOLE-- [fill = 0]
                  7018c5a0    00000056                                                       : uart_v0.obj (.text.UART_lld_writeCompleteCallback)
                  7018c5f6    0000000a     --HOLE-- [fill = 0]
                  7018c600    00000056     gateway_shared.o (.text.gateway_write_imu_state)
                  7018c656    0000000a     --HOLE-- [fill = 0]
                  7018c660    00000056     motor_mapping.o (.text.uint16_to_float)
                  7018c6b6    0000000a     --HOLE-- [fill = 0]
                  7018c6c0    00000056     yis320_protocol.o (.text.vtable_initialize)
                  7018c716    0000000a     --HOLE-- [fill = 0]
                  7018c720    00000054     ti_dpl_config.o (.text.Dpl_init)
                  7018c774    0000000c     --HOLE-- [fill = 0]
                  7018c780    00000054     drivers.am263px.r5f.ti-arm-clang.nortos.debug.lib : edma.obj (.text.EDMA_setPaRAM)
                  7018c7d4    0000000c     --HOLE-- [fill = 0]
                  7018c7e0    00000054                                                       : uart_v0_lld.obj (.text.UART_OperModeValid)
                  7018c834    0000000c     --HOLE-- [fill = 0]
                  7018c840    00000054     main.o (.text.main)
                  7018c894    00000054     libc.a : autoinit.c.obj (.text:__TI_auto_init_nobinit_nopinit)
                  7018c8e8    00000008     --HOLE-- [fill = 0]
                  7018c8f0    00000050     ti_drivers_open_close.o (.text.Drivers_uartClose)
                  7018c940    00000050     drivers.am263px.r5f.ti-arm-clang.nortos.debug.lib : pinmux.obj (.text.Pinmux_config)
                  7018c990    00000050                                                       : uart_v0_lld.obj (.text.UART_checkCharsAvailInFifo)
                  7018c9e0    0000004e     nortos.am263px.r5f.ti-arm-clang.debug.lib : DebugP_shmLogWriter.obj (.text.DebugP_shmLogWriterInit)
                  7018ca2e    00000002     --HOLE-- [fill = 0]
                  7018ca30    0000004e     drivers.am263px.r5f.ti-arm-clang.nortos.debug.lib : edma.obj (.text.EDMA_clrEvtRegion)
                  7018ca7e    00000002     --HOLE-- [fill = 0]
                  7018ca80    0000004e                                                       : edma.obj (.text.EDMA_disableDmaEvtRegion)
                  7018cace    00000002     --HOLE-- [fill = 0]
                  7018cad0    0000004e                                                       : edma.obj (.text.EDMA_disableEvtIntrRegion)
                  7018cb1e    00000002     --HOLE-- [fill = 0]
                  7018cb20    0000004e                                                       : edma.obj (.text.EDMA_enableDmaEvtRegion)
                  7018cb6e    00000002     --HOLE-- [fill = 0]
                  7018cb70    0000004e                                                       : edma.obj (.text.EDMA_enableEvtIntrRegion)
                  7018cbbe    00000002     --HOLE-- [fill = 0]
                  7018cbc0    0000004e                                                       : edma.obj (.text.EDMA_setEvtRegion)
                  7018cc0e    00000002     --HOLE-- [fill = 0]
                  7018cc10    0000004e                                                       : gpio.obj (.text.GPIO_setDirMode)
                  7018cc5e    00000002     --HOLE-- [fill = 0]
                  7018cc60    0000004e                                                       : mcan.obj (.text.MCAN_enableIntrLine)
                  7018ccae    00000002     --HOLE-- [fill = 0]
                  7018ccb0    0000004c     nortos.am263px.r5f.ti-arm-clang.debug.lib : ClockP_nortos.obj (.text.ClockP_construct)
                  7018ccfc    00000004     --HOLE-- [fill = 0]
                  7018cd00    0000004c     drivers.am263px.r5f.ti-arm-clang.nortos.debug.lib : edma.obj (.text.EDMA_ccPaRAMEntry_init)
                  7018cd4c    00000004     --HOLE-- [fill = 0]
                  7018cd50    0000004c                                                       : edma.obj (.text.EDMA_mapQdmaChToPaRAM)
                  7018cd9c    00000004     --HOLE-- [fill = 0]
                  7018cda0    0000004c                                                       : edma.obj (.text.EDMA_readEventStatusRegion)
                  7018cdec    00000004     --HOLE-- [fill = 0]
                  7018cdf0    0000004c                                                       : ipc_notify_v1.obj (.text.IpcNotify_unregisterClient)
                  7018ce3c    00000004     --HOLE-- [fill = 0]
                  7018ce40    0000004c     ti_power_clock_config.o (.text.Module_clockEnable)
                  7018ce8c    00000004     --HOLE-- [fill = 0]
                  7018ce90    0000004c     gateway_shared.o (.text.gateway_update_stat)
                  7018cedc    0000004c     libc.a : memmov.c.obj (.text.memmove)
                  7018cf28    00000008     --HOLE-- [fill = 0]
                  7018cf30    0000004c     yis320_protocol.o (.text.parse_quaternion)
                  7018cf7c    00000004     --HOLE-- [fill = 0]
                  7018cf80    0000004c     main.o (.text.timerISR)
                  7018cfcc    00000004     --HOLE-- [fill = 0]
                  7018cfd0    0000004a     drivers.am263px.r5f.ti-arm-clang.nortos.debug.lib : ipc_notify_v1.obj (.text.IpcNotify_Params_init)
                  7018d01a    00000006     --HOLE-- [fill = 0]
                  7018d020    0000004a                                                       : soc_rcm.obj (.text.SOC_rcmGetCR5SysclkInFrequency)
                  7018d06a    00000006     --HOLE-- [fill = 0]
                  7018d070    0000004a                                                       : uart_v0_lld.obj (.text.UART_getIntrIdentityStatus)
                  7018d0ba    00000006     --HOLE-- [fill = 0]
                  7018d0c0    0000004a                                                       : uart_v0_lld.obj (.text.UART_lineCharConfig)
                  7018d10a    00000006     --HOLE-- [fill = 0]
                  7018d110    0000004a     main.o (.text.motor_get_index)
                  7018d15a    00000006     --HOLE-- [fill = 0]
                  7018d160    00000048     can_interface.o (.text.CAN_RegisterRxCallback)
                  7018d1a8    00000008     --HOLE-- [fill = 0]
                  7018d1b0    00000048     drivers.am263px.r5f.ti-arm-clang.nortos.debug.lib : uart_v0_lld.obj (.text.UART_resetModule)
                  7018d1f8    00000008     --HOLE-- [fill = 0]
                  7018d200    00000046                                                       : uart_v0_lld.obj (.text.UART_i2310WA)
                  7018d246    0000000a     --HOLE-- [fill = 0]
                  7018d250    00000046                                                       : uart_v0_lld.obj (.text.UART_readLineStatus)
                  7018d296    0000000a     --HOLE-- [fill = 0]
                  7018d2a0    00000046     imu_protocol_handler.o (.text.imu_protocol_handler_init)
                  7018d2e6    0000000a     --HOLE-- [fill = 0]
                  7018d2f0    00000044     drivers.am263px.r5f.ti-arm-clang.nortos.debug.lib : ipc_notify_v1.obj (.text.IpcNotify_getWriteMailbox)
                  7018d334    0000000c     --HOLE-- [fill = 0]
                  7018d340    00000044                                                       : soc_rcm.obj (.text.SOC_rcmExtract8)
                  7018d384    0000000c     --HOLE-- [fill = 0]
                  7018d390    00000044                                                       : soc_rcm.obj (.text.SOC_rcmMake16)
                  7018d3d4    0000000c     --HOLE-- [fill = 0]
                  7018d3e0    00000044     nortos.am263px.r5f.ti-arm-clang.debug.lib : SemaphoreP_nortos.obj (.text.SemaphoreP_construct)
                  7018d424    0000000c     --HOLE-- [fill = 0]
                  7018d430    00000044                                               : DebugP_nortos.obj (.text._DebugP_logZone)
                  7018d474    0000000c     --HOLE-- [fill = 0]
                  7018d480    00000044                                               : printf.obj (.text._strnlen_s)
                  7018d4c4    0000000c     --HOLE-- [fill = 0]
                  7018d4d0    00000042                                               : ClockP_nortos.obj (.text.ClockP_start)
                  7018d512    0000000e     --HOLE-- [fill = 0]
                  7018d520    00000042     drivers.am263px.r5f.ti-arm-clang.nortos.debug.lib : uart_v0.obj (.text.UART_checkOpenParams)
                  7018d562    0000000e     --HOLE-- [fill = 0]
                  7018d570    00000040     imu_protocol_handler.o (.text.imu_protocol_update_state)
                  7018d5b0    0000003e     drivers.am263px.r5f.ti-arm-clang.nortos.debug.lib : pinmux.obj (.text.Pinmux_unlockMMR)
                  7018d5ee    00000002     --HOLE-- [fill = 0]
                  7018d5f0    0000003e                                                       : uart_v0_lld.obj (.text.UART_IsHWFlowCtrlValid)
                  7018d62e    00000002     --HOLE-- [fill = 0]
                  7018d630    0000003e                                                       : uart_v0_lld.obj (.text.UART_spaceAvail)
                  7018d66e    00000002     --HOLE-- [fill = 0]
                  7018d670    0000003e     gateway_shared.o (.text.gateway_core1_init)
                  7018d6ae    00000002     --HOLE-- [fill = 0]
                  7018d6b0    0000003e     gateway_shared.o (.text.gateway_update_heartbeat)
                  7018d6ee    00000002     --HOLE-- [fill = 0]
                  7018d6f0    0000003c     drivers.am263px.r5f.ti-arm-clang.nortos.debug.lib : uart_v0_lld.obj (.text.UART_IsParityTypeValid)
                  7018d72c    00000004     --HOLE-- [fill = 0]
                  7018d730    0000003c                                                       : uart_v0_lld.obj (.text.UART_IsTxRxFifoEmpty)
                  7018d76c    00000004     --HOLE-- [fill = 0]
                  7018d770    0000003c                                                       : uart_v0_lld.obj (.text.UART_enhanFuncEnable)
                  7018d7ac    00000004     --HOLE-- [fill = 0]
                  7018d7b0    0000003a                                                       : mcan.obj (.text.MCAN_txBufAddReq)
                  7018d7ea    00000006     --HOLE-- [fill = 0]
                  7018d7f0    0000003a                                                       : soc.obj (.text.SOC_moduleSetClockFrequency)
                  7018d82a    00000006     --HOLE-- [fill = 0]
                  7018d830    0000003a     nortos.am263px.r5f.ti-arm-clang.debug.lib : printf.obj (.text._atoi)
                  7018d86a    00000006     --HOLE-- [fill = 0]
                  7018d870    0000003a     main.o (.text.init_1000hz_timer)
                  7018d8aa    00000006     --HOLE-- [fill = 0]
                  7018d8b0    0000003a     nortos.am263px.r5f.ti-arm-clang.debug.lib : printf.obj (.text.snprintf_)
                  7018d8ea    00000006     --HOLE-- [fill = 0]
                  7018d8f0    00000038     drivers.am263px.r5f.ti-arm-clang.nortos.debug.lib : soc.obj (.text.SOC_getCoreName)
                  7018d928    00000038     nortos.am263px.r5f.ti-arm-clang.debug.lib : PmuP_armv7r_asm.obj (.text.pmu)
                  7018d960    00000038     yis320_protocol.o (.text.vtable_is_connected)
                  7018d998    00000008     --HOLE-- [fill = 0]
                  7018d9a0    00000036     drivers.am263px.r5f.ti-arm-clang.nortos.debug.lib : edma.obj (.text.EDMA_getRegionId)
                  7018d9d6    0000000a     --HOLE-- [fill = 0]
                  7018d9e0    00000036     can_interface.o (.text.GPIO_pinWriteLow)
                  7018da16    0000000a     --HOLE-- [fill = 0]
                  7018da20    00000036     ti_drivers_config.o (.text.GPIO_pinWriteLow)
                  7018da56    0000000a     --HOLE-- [fill = 0]
                  7018da60    00000036     drivers.am263px.r5f.ti-arm-clang.nortos.debug.lib : ipc_notify_v1.obj (.text.IpcNotify_syncCallback)
                  7018da96    0000000a     --HOLE-- [fill = 0]
                  7018daa0    00000034                                                       : mcan.obj (.text.MCAN_SsAddr)
                  7018dad4    0000000c     --HOLE-- [fill = 0]
                  7018dae0    00000034                                                       : mcan.obj (.text.MCAN_calcCfgAddr)
                  7018db14    0000000c     --HOLE-- [fill = 0]
                  7018db20    00000034                                                       : pinmux.obj (.text.Pinmux_lockMMR)
                  7018db54    0000000c     --HOLE-- [fill = 0]
                  7018db60    00000034     nortos.am263px.r5f.ti-arm-clang.debug.lib : TimerP_rti_priv.obj (.text.TimerP_Params_initPriv)
                  7018db94    0000000c     --HOLE-- [fill = 0]
                  7018dba0    00000034     drivers.am263px.r5f.ti-arm-clang.nortos.debug.lib : uart_v0_lld.obj (.text.UART_IsDataLengthValid)
                  7018dbd4    0000000c     --HOLE-- [fill = 0]
                  7018dbe0    00000034     motor_mapping.o (.text.motor_get_config)
                  7018dc14    0000000c     --HOLE-- [fill = 0]
                  7018dc20    00000032     drivers.am263px.r5f.ti-arm-clang.nortos.debug.lib : mcan.obj (.text.HW_WR_FIELD32_RAW)
                  7018dc52    0000000e     --HOLE-- [fill = 0]
                  7018dc60    00000032                                                       : uart_v0_lld.obj (.text.HW_WR_FIELD32_RAW)
                  7018dc92    0000000e     --HOLE-- [fill = 0]
                  7018dca0    00000032                                                       : ipc_notify_v1.obj (.text.IpcNotify_mailboxIsPendingIntr)
                  7018dcd2    0000000e     --HOLE-- [fill = 0]
                  7018dce0    00000032     nortos.am263px.r5f.ti-arm-clang.debug.lib : TimerP_rti_priv.obj (.text.TimerP_getCountPriv)
                  7018dd12    0000000e     --HOLE-- [fill = 0]
                  7018dd20    00000032     drivers.am263px.r5f.ti-arm-clang.nortos.debug.lib : uart_v0_lld.obj (.text.UART_enhanFuncBitValRestore)
                  7018dd52    0000000e     --HOLE-- [fill = 0]
                  7018dd60    00000032                                                       : uart_v0_lld.obj (.text.UART_hardwareFlowCtrlOptSet)
                  7018dd92    0000000e     --HOLE-- [fill = 0]
                  7018dda0    00000030                                                       : ipc_notify_v1.obj (.text.IpcNotify_getReadSwQ)
                  7018ddd0    00000030                                                       : uart_v0_lld.obj (.text.UART_flowCtrlTrigLvlConfig)
                  7018de00    00000030     gateway_shared.o (.text.gateway_signal_motor_config_ready)
                  7018de30    0000002e     drivers.am263px.r5f.ti-arm-clang.nortos.debug.lib : uart_dma_edma.obj (.text.UART_lld_dmaInit)
                  7018de5e    00000002     --HOLE-- [fill = 0]
                  7018de60    0000002e     nortos.am263px.r5f.ti-arm-clang.debug.lib : printf.obj (.text._is_digit)
                  7018de8e    00000002     --HOLE-- [fill = 0]
                  7018de90    0000002c                                               : DebugP_log.obj (.text.DebugP_logZoneEnable)
                  7018debc    00000004     --HOLE-- [fill = 0]
                  7018dec0    0000002c     drivers.am263px.r5f.ti-arm-clang.nortos.debug.lib : ipc_notify_v1.obj (.text.IpcNotify_getReadMailbox)
                  7018deec    00000004     --HOLE-- [fill = 0]
                  7018def0    0000002c                                                       : mcan.obj (.text.MCAN_clearNewDataStatus)
                  7018df1c    00000004     --HOLE-- [fill = 0]
                  7018df20    0000002c                                                       : mcan.obj (.text.MCAN_getNewDataStatus)
                  7018df4c    00000004     --HOLE-- [fill = 0]
                  7018df50    0000002c     nortos.am263px.r5f.ti-arm-clang.debug.lib : SemaphoreP_nortos.obj (.text.SemaphoreP_constructBinary)
                  7018df7c    00000004     --HOLE-- [fill = 0]
                  7018df80    0000002c     yis320_protocol.o (.text.vtable_deinit)
                  7018dfac    00000004     --HOLE-- [fill = 0]
                  7018dfb0    0000002a     nortos.am263px.r5f.ti-arm-clang.debug.lib : ClockP_nortos.obj (.text.ClockP_sleepTicks)
                  7018dfda    00000006     --HOLE-- [fill = 0]
                  7018dfe0    0000002a     drivers.am263px.r5f.ti-arm-clang.nortos.debug.lib : uart_v0_lld.obj (.text.UART_intr2Disable)
                  7018e00a    00000006     --HOLE-- [fill = 0]
                  7018e010    0000002a                                                       : uart_v0_lld.obj (.text.UART_operatingModeSelect)
                  7018e03a    00000006     --HOLE-- [fill = 0]
                  7018e040    0000002a     imu_protocol_handler.o (.text.imu_process_rx_data)
                  7018e06a    00000006     --HOLE-- [fill = 0]
                  7018e070    00000028     nortos.am263px.r5f.ti-arm-clang.debug.lib : CpuId_armv7r.obj (.text.CSL_armR5GetCpuID)
                  7018e098    00000008     --HOLE-- [fill = 0]
                  7018e0a0    00000028                                               : printf.obj (.text.vprintf_)
                  7018e0c8    00000008     --HOLE-- [fill = 0]
                  7018e0d0    00000026     drivers.am263px.r5f.ti-arm-clang.nortos.debug.lib : edma.obj (.text.EDMA_disableQdmaEvtRegion)
                  7018e0f6    0000000a     --HOLE-- [fill = 0]
                  7018e100    00000026                                                       : edma.obj (.text.EDMA_enableQdmaEvtRegion)
                  7018e126    0000000a     --HOLE-- [fill = 0]
                  7018e130    00000026                                                       : edma.obj (.text.EDMA_validateIntrObject)
                  7018e156    0000000a     --HOLE-- [fill = 0]
                  7018e160    00000026     ti_drivers_config.o (.text.IpcNotify_allocSwQueue)
                  7018e186    0000000a     --HOLE-- [fill = 0]
                  7018e190    00000026     nortos.am263px.r5f.ti-arm-clang.debug.lib : printf.obj (.text._out_buffer)
                  7018e1b6    0000000a     --HOLE-- [fill = 0]
                  7018e1c0    00000024     ti_drivers_config.o (.text.IpcNotify_getConfig)
                  7018e1e4    0000000c     --HOLE-- [fill = 0]
                  7018e1f0    00000024     nortos.am263px.r5f.ti-arm-clang.debug.lib : SemaphoreP_nortos.obj (.text.SemaphoreP_constructMutex)
                  7018e214    0000000c     --HOLE-- [fill = 0]
                  7018e220    00000024     drivers.am263px.r5f.ti-arm-clang.nortos.debug.lib : uart_v0_lld.obj (.text.UART_IsRxTrigLvlValid)
                  7018e244    0000000c     --HOLE-- [fill = 0]
                  7018e250    00000024                                                       : uart_v0_lld.obj (.text.UART_IsStopBitsValid)
                  7018e274    0000000c     --HOLE-- [fill = 0]
                  7018e280    00000024                                                       : uart_v0_lld.obj (.text.UART_IsTxTrigLvlValid)
                  7018e2a4    0000000c     --HOLE-- [fill = 0]
                  7018e2b0    00000024                                                       : uart_v0.obj (.text.UART_getBaseAddr)
                  7018e2d4    00000024     libclang_rt.builtins.a : aeabi_uldivmod.S.obj (.text.__aeabi_uldivmod)
                  7018e2f8    00000008     --HOLE-- [fill = 0]
                  7018e300    00000024     nortos.am263px.r5f.ti-arm-clang.debug.lib : printf.obj (.text._out_char)
                  7018e324    0000000c     --HOLE-- [fill = 0]
                  7018e330    00000022     drivers.am263px.r5f.ti-arm-clang.nortos.debug.lib : edma.obj (.text.EDMA_channelToParamMap)
                  7018e352    0000000e     --HOLE-- [fill = 0]
                  7018e360    00000022     gateway_shared.o (.text.gateway_ringbuf_core1_receive)
                  7018e382    0000000e     --HOLE-- [fill = 0]
                  7018e390    00000020     nortos.am263px.r5f.ti-arm-clang.debug.lib : ClockP_nortos.obj (.text.ClockP_isActive)
                  7018e3b0    00000020                                               : ClockP_nortos.obj (.text.ClockP_usecToTicks)
                  7018e3d0    00000020     drivers.am263px.r5f.ti-arm-clang.nortos.debug.lib : mcan.obj (.text.HW_RD_FIELD32_RAW)
                  7018e3f0    00000020                                                       : uart_v0_lld.obj (.text.HW_RD_FIELD32_RAW)
                  7018e410    0000001e     nortos.am263px.r5f.ti-arm-clang.debug.lib : ClockP_nortos.obj (.text.ClockP_Params_init)
                  7018e42e    00000002     --HOLE-- [fill = 0]
                  7018e430    0000001e     drivers.am263px.r5f.ti-arm-clang.nortos.debug.lib : edma.obj (.text.EDMA_getEventStatusHigh)
                  7018e44e    00000002     --HOLE-- [fill = 0]
                  7018e450    0000001e                                                       : mcan.obj (.text.MCAN_setOpMode)
                  7018e46e    00000002     --HOLE-- [fill = 0]
                  7018e470    0000001e                                                       : soc.obj (.text.SOC_getSelfCpuClk)
                  7018e48e    00000002     --HOLE-- [fill = 0]
                  7018e490    0000001e                                                       : soc.obj (.text.SOC_moduleClockEnable)
                  7018e4ae    00000002     --HOLE-- [fill = 0]
                  7018e4b0    0000001e     ti_dpl_config.o (.text.TimerP_isr0)
                  7018e4ce    00000002     --HOLE-- [fill = 0]
                  7018e4d0    0000001e     drivers.am263px.r5f.ti-arm-clang.nortos.debug.lib : uart_v0_lld.obj (.text.UART_breakCtl)
                  7018e4ee    00000002     --HOLE-- [fill = 0]
                  7018e4f0    0000001e                                                       : uart_v0_lld.obj (.text.UART_lld_Transaction_deInit)
                  7018e50e    00000002     --HOLE-- [fill = 0]
                  7018e510    0000001c                                                       : edma.obj (.text.EDMA_getEventStatus)
                  7018e52c    00000004     --HOLE-- [fill = 0]
                  7018e530    0000001c                                                       : mcan.obj (.text.MCAN_writeProtectedRegAccessLock)
                  7018e54c    00000004     --HOLE-- [fill = 0]
                  7018e550    0000001c                                                       : mcan.obj (.text.MCAN_writeProtectedRegAccessUnlock)
                  7018e56c    00000004     --HOLE-- [fill = 0]
                  7018e570    0000001c                                                       : uart_v0_lld.obj (.text.UART_IsParameter)
                  7018e58c    0000001c     libc.a : memcpy32.S.obj (.text:TI_memcpy_small)
                  7018e5a8    00000008     --HOLE-- [fill = 0]
                  7018e5b0    0000001a     drivers.am263px.r5f.ti-arm-clang.nortos.debug.lib : mcan.obj (.text.MCAN_clearIntrStatus)
                  7018e5ca    00000006     --HOLE-- [fill = 0]
                  7018e5d0    0000001a                                                       : mcan.obj (.text.MCAN_getOpMode)
                  7018e5ea    00000006     --HOLE-- [fill = 0]
                  7018e5f0    0000001a                                                       : uart_v0_lld.obj (.text.UART_fifoCharGet)
                  7018e60a    00000006     --HOLE-- [fill = 0]
                  7018e610    0000001a                                                       : uart_v0_lld.obj (.text.UART_timeGuardConfig)
                  7018e62a    00000006     --HOLE-- [fill = 0]
                  7018e630    00000018     nortos.am263px.r5f.ti-arm-clang.debug.lib : ClockP_nortos.obj (.text.ClockP_ticksToUsec)
                  7018e648    00000008     --HOLE-- [fill = 0]
                  7018e650    00000018     drivers.am263px.r5f.ti-arm-clang.nortos.debug.lib : edma.obj (.text.EDMA_isInterruptEnabled)
                  7018e668    00000008     --HOLE-- [fill = 0]
                  7018e670    00000018                                                       : ipc_notify_v1.obj (.text.IpcNotify_mailboxClearAllInt)
                  7018e688    00000008     --HOLE-- [fill = 0]
                  7018e690    00000018                                                       : ipc_notify_v1_cfg.obj (.text.IpcNotify_trigInterrupt)
                  7018e6a8    00000008     --HOLE-- [fill = 0]
                  7018e6b0    00000018     nortos.am263px.r5f.ti-arm-clang.debug.lib : SemaphoreP_nortos.obj (.text.SemaphoreP_Params_init)
                  7018e6c8    00000008     --HOLE-- [fill = 0]
                  7018e6d0    00000018                                               : TimerP_rti_priv.obj (.text.TimerP_getReloadCountPriv)
                  7018e6e8    00000008     --HOLE-- [fill = 0]
                  7018e6f0    00000018     drivers.am263px.r5f.ti-arm-clang.nortos.debug.lib : uart_v0_lld.obj (.text.UART_divisorLatchDisable)
                  7018e708    00000008     --HOLE-- [fill = 0]
                  7018e710    00000018                                                       : uart_v0_lld.obj (.text.UART_modemControlReset)
                  7018e728    00000008     --HOLE-- [fill = 0]
                  7018e730    00000018                                                       : uart_v0_lld.obj (.text.UART_putChar)
                  7018e748    00000018     libc.a : memset32.S.obj (.text:TI_memset_small)
                  7018e760    00000016     drivers.am263px.r5f.ti-arm-clang.nortos.debug.lib : ipc_notify_v1.obj (.text.IpcNotify_sendSync)
                  7018e776    0000000a     --HOLE-- [fill = 0]
                  7018e780    00000016                                                       : mcan.obj (.text.MCAN_getIntrStatus)
                  7018e796    0000000a     --HOLE-- [fill = 0]
                  7018e7a0    00000016     nortos.am263px.r5f.ti-arm-clang.debug.lib : TimerP_rti_priv.obj (.text.TimerP_startPriv)
                  7018e7b6    0000000a     --HOLE-- [fill = 0]
                  7018e7c0    00000016                                               : TimerP_rti_priv.obj (.text.TimerP_stopPriv)
                  7018e7d6    0000000a     --HOLE-- [fill = 0]
                  7018e7e0    00000016     drivers.am263px.r5f.ti-arm-clang.nortos.debug.lib : uart_v0_lld.obj (.text.UART_divideRoundCloset)
                  7018e7f6    0000000a     --HOLE-- [fill = 0]
                  7018e800    00000016                                                       : uart_v0_lld.obj (.text.UART_regConfModeRestore)
                  7018e816    0000000a     --HOLE-- [fill = 0]
                  7018e820    00000014                                                       : edma.obj (.text.HW_WR_REG16_RAW)
                  7018e834    0000000c     --HOLE-- [fill = 0]
                  7018e840    00000014                                                       : ipc_notify_v1.obj (.text.IpcNotify_mailboxClearPendingIntr)
                  7018e854    0000000c     --HOLE-- [fill = 0]
                  7018e860    00000014                                                       : soc_rcm.obj (.text.SOC_rcmGetModuleClkDivFromRegVal)
                  7018e874    0000000c     --HOLE-- [fill = 0]
                  7018e880    00000014     nortos.am263px.r5f.ti-arm-clang.debug.lib : TimerP_rti_priv.obj (.text.TimerP_clearOverflowIntPriv)
                  7018e894    0000000c     --HOLE-- [fill = 0]
                  7018e8a0    00000014                                               : TimerP_rti_nortos.obj (.text.TimerP_setup)
                  7018e8b4    0000000c     --HOLE-- [fill = 0]
                  7018e8c0    00000014     ti_dpl_config.o (.text.putchar_)
                  7018e8d4    0000000c     --HOLE-- [fill = 0]
                  7018e8e0    00000012     ti_pinmux_config.o (.text.Pinmux_init)
                  7018e8f2    0000000e     --HOLE-- [fill = 0]
                  7018e900    00000012     gateway_shared.o (.text.gateway_check_emergency_stop)
                  7018e912    0000000e     --HOLE-- [fill = 0]
                  7018e920    00000012     imu_protocol_handler.o (.text.imu_initialize)
                  7018e932    0000000e     --HOLE-- [fill = 0]
                  7018e940    00000012     imu_interface_isr.o (.text.imu_uart_is_initialized)
                  7018e952    0000000e     --HOLE-- [fill = 0]
                  7018e960    00000012     yis320_protocol.o (.text.yis320_get_timestamp_ms)
                  7018e972    0000000e     --HOLE-- [fill = 0]
                  7018e980    00000010     can_interface.o (.text.CSL_REG32_WR_RAW)
                  7018e990    00000010     drivers.am263px.r5f.ti-arm-clang.nortos.debug.lib : pinmux.obj (.text.CSL_REG32_WR_RAW)
                  7018e9a0    00000010                                                       : soc.obj (.text.CSL_REG32_WR_RAW)
                  7018e9b0    00000010     ti_drivers_config.o (.text.CSL_REG32_WR_RAW)
                  7018e9c0    00000010     nortos.am263px.r5f.ti-arm-clang.debug.lib : ClockP_nortos_r5.obj (.text.ClockP_getTimerCount)
                  7018e9d0    00000010                                               : ClockP_nortos_r5.obj (.text.ClockP_timerClearOverflowInt)
                  7018e9e0    00000010     drivers.am263px.r5f.ti-arm-clang.nortos.debug.lib : edma.obj (.text.HW_RD_REG32_RAW)
                  7018e9f0    00000010                                                       : mcan.obj (.text.HW_RD_REG32_RAW)
                  7018ea00    00000010                                                       : uart_v0_lld.obj (.text.HW_RD_REG32_RAW)
                  7018ea10    00000010                                                       : edma.obj (.text.HW_WR_REG32_RAW)
                  7018ea20    00000010                                                       : mcan.obj (.text.HW_WR_REG32_RAW)
                  7018ea30    00000010                                                       : uart_v0_lld.obj (.text.HW_WR_REG32_RAW)
                  7018ea40    00000010                                                       : ipc_notify_v1.obj (.text.IpcNotify_mailboxGetPendingIntr)
                  7018ea50    00000010     nortos.am263px.r5f.ti-arm-clang.debug.lib : TimerP_rti_nortos.obj (.text.TimerP_Params_init)
                  7018ea60    00000010                                               : TimerP_rti_nortos.obj (.text.TimerP_clearOverflowInt)
                  7018ea70    00000010                                               : TimerP_rti_nortos.obj (.text.TimerP_getCount)
                  7018ea80    00000010                                               : TimerP_rti_nortos.obj (.text.TimerP_getReloadCount)
                  7018ea90    00000010                                               : TimerP_rti_nortos.obj (.text.TimerP_start)
                  7018eaa0    00000010                                               : printf.obj (.text._out_null)
                  7018eab0    00000010     gateway_shared.o (.text.gateway_notify_imu_ready)
                  7018eac0    00000010     gateway_shared.o (.text.gateway_notify_states_ready)
                  7018ead0    0000000e     yis320_protocol.o (.text.yis320_uart_configure)
                  7018eade    00000002     --HOLE-- [fill = 0]
                  7018eae0    0000000c     ti_board_open_close.o (.text.Board_driversOpen)
                  7018eaec    00000004     --HOLE-- [fill = 0]
                  7018eaf0    0000000c     nortos.am263px.r5f.ti-arm-clang.debug.lib : ClockP_nortos.obj (.text.ClockP_getTicks)
                  7018eafc    00000004     --HOLE-- [fill = 0]
                  7018eb00    0000000c     ti_drivers_open_close.o (.text.Drivers_open)
                  7018eb0c    00000004     --HOLE-- [fill = 0]
                  7018eb10    0000000c     ti_power_clock_config.o (.text.PowerClock_init)
                  7018eb1c    00000004     --HOLE-- [fill = 0]
                  7018eb20    0000000c     yis320_protocol.o (.text.vtable_read_data)
                  7018eb2c    00000004     --HOLE-- [fill = 0]
                  7018eb30    0000000a     nortos.am263px.r5f.ti-arm-clang.debug.lib : HwiP_armv7r_vim.obj (.text.Hwip_dataAndInstructionBarrier)
                  7018eb3a    00000006     --HOLE-- [fill = 0]
                  7018eb40    0000000a     drivers.am263px.r5f.ti-arm-clang.nortos.debug.lib : ipc_notify_v1.obj (.text.IpcNotify_dataAndInstructionBarrier)
                  7018eb4a    00000006     --HOLE-- [fill = 0]
                  7018eb50    0000000a                                                       : soc_rcm.obj (.text.SOC_rcmGetBaseAddressMSSRCM)
                  7018eb5a    00000006     --HOLE-- [fill = 0]
                  7018eb60    0000000a                                                       : uart_dma_edma.obj (.text.UART_edmaDoNothing)
                  7018eb6a    00000006     --HOLE-- [fill = 0]
                  7018eb70    0000000a     gateway_shared.o (.text.gateway_memory_barrier)
                  7018eb7a    00000006     --HOLE-- [fill = 0]
                  7018eb80    0000000a     gateway_shared.o (.text.ringbuf_get_ptr)
                  7018eb8a    00000006     --HOLE-- [fill = 0]
                  7018eb90    00000008     ti_drivers_config.o (.text.Drivers_uartInit)
                  7018eb98    00000008     --HOLE-- [fill = 0]
                  7018eba0    00000008     drivers.am263px.r5f.ti-arm-clang.nortos.debug.lib : soc_rcm.obj (.text.SOC_rcmGetBaseAddressMSSCTRL)
                  7018eba8    00000008     --HOLE-- [fill = 0]
                  7018ebb0    00000008                                                       : soc_rcm.obj (.text.SOC_rcmGetBaseAddressTOPRCM)
                  7018ebb8    00000008     --HOLE-- [fill = 0]
                  7018ebc0    00000008     nortos.am263px.r5f.ti-arm-clang.debug.lib : SemaphoreP_nortos.obj (.text.SemaphoreP_destruct)
                  7018ebc8    00000008     --HOLE-- [fill = 0]
                  7018ebd0    00000002     ti_board_open_close.o (.text.Board_driversClose)
                  7018ebd2    0000000e     --HOLE-- [fill = 0]
                  7018ebe0    00000002     ti_board_config.o (.text.Board_init)
                  7018ebe2    0000000e     --HOLE-- [fill = 0]
                  7018ebf0    00000002     ti_drivers_open_close.o (.text.Drivers_mcanOpen)
                  7018ebf2    0000000e     --HOLE-- [fill = 0]
                  7018ec00    00000002     drivers.am263px.r5f.ti-arm-clang.nortos.debug.lib : ipc_notify_v1_cfg.obj (.text.IpcNotify_wait)
                  7018ec02    0000000e     --HOLE-- [fill = 0]
                  7018ec10    00000002     nortos.am263px.r5f.ti-arm-clang.debug.lib : TaskP_nortos.obj (.text.TaskP_yield)
                  7018ec12    0000000e     --HOLE-- [fill = 0]

.rodata    0    7018ec20    00002448     
                  7018ec20    00000450     motor_mapping.o (.rodata.motor_config_table)
                  7018f070    00000084     ti_dpl_config.o (.rodata.cfg)
                  7018f0f4    0000005e     main.o (.rodata.str1.15996357275703397564.1)
                  7018f152    00000006     drivers.am263px.r5f.ti-arm-clang.nortos.debug.lib : soc_rcm.obj (.rodata.str1.12246138248821672736.1)
                  7018f158    00000050     nortos.am263px.r5f.ti-arm-clang.debug.lib : printf.obj (.rodata._ftoa.pow10)
                  7018f1a8    0000004d     gateway_shared.o (.rodata.str1.3223734256326991069.1)
                  7018f1f5    0000004c     main.o (.rodata.str1.10224226614597680209.1)
                  7018f241    0000004c     main.o (.rodata.str1.11121730273200050387.1)
                  7018f28d    0000004a     main.o (.rodata.str1.10720410773482754683.1)
                  7018f2d7    00000049     can_interface.o (.rodata.str1.2401924719955226879.1)
                  7018f320    00000048     drivers.am263px.r5f.ti-arm-clang.nortos.debug.lib : soc_rcm.obj (.rodata.gADPLLJConfigTbl)
                  7018f368    00000048     main.o (.rodata.str1.4787932902692149498.1)
                  7018f3b0    00000045     can_interface.o (.rodata.str1.17857559882412085052.1)
                  7018f3f5    00000045     main.o (.rodata.str1.2563708670032483588.1)
                  7018f43a    00000043     main.o (.rodata.str1.10313062130652730376.1)
                  7018f47d    00000042     main.o (.rodata.str1.11321157723316767883.1)
                  7018f4bf    00000042     main.o (.rodata.str1.11702106008850790973.1)
                  7018f501    00000041     main.o (.rodata.str1.16265332423659789559.1)
                  7018f542    00000002     drivers.am263px.r5f.ti-arm-clang.nortos.debug.lib : soc_rcm.obj (.rodata.gCR5ClkSrcInfoMap)
                  7018f544    00000040                                                       : mcan.obj (.rodata.gDataSize)
                  7018f584    00000040                                                       : ipc_notify_v1.obj (.rodata.str1.10118846006578224169.1)
                  7018f5c4    00000040     main.o (.rodata.str1.13030671760666898970.1)
                  7018f604    00000040     gateway_shared.o (.rodata.str1.1309647279537151951.1)
                  7018f644    0000003f     main.o (.rodata.str1.16302215771116645891.1)
                  7018f683    0000003e     imu_interface_isr.o (.rodata.str1.2252785669688110604.1)
                  7018f6c1    0000003d     nortos.am263px.r5f.ti-arm-clang.debug.lib : TimerP_rti_priv.obj (.rodata.str1.11388379688747141303.1)
                  7018f6fe    0000003d     main.o (.rodata.str1.13782249893155712474.1)
                  7018f73b    0000003d     main.o (.rodata.str1.3292798375424520613.1)
                  7018f778    0000003c     main.o (.rodata.str1.8108965883388295311.1)
                  7018f7b4    0000003b     can_interface.o (.rodata.str1.13886886582160776261.1)
                  7018f7ef    00000039     can_interface.o (.rodata.str1.13942422985958650841.1)
                  7018f828    00000039     can_interface.o (.rodata.str1.15906871730334742222.1)
                  7018f861    00000039     can_interface.o (.rodata.str1.16770118065840302171.1)
                  7018f89a    00000038     gateway_shared.o (.rodata.str1.8694082244888993162.1)
                  7018f8d2    00000038     imu_interface_isr.o (.rodata.str1.9168798226845388136.1)
                  7018f90a    00000037     gateway_shared.o (.rodata.str1.10638658715010209595.1)
                  7018f941    00000037     can_interface.o (.rodata.str1.17102373369105828453.1)
                  7018f978    00000037     main.o (.rodata.str1.3530083166107438000.1)
                  7018f9af    00000037     gateway_shared.o (.rodata.str1.5629998949668554045.1)
                  7018f9e6    00000036     can_interface.o (.rodata.str1.10186677634541030339.1)
                  7018fa1c    00000036     imu_interface_isr.o (.rodata.str1.13916086747295221358.1)
                  7018fa52    00000036     can_interface.o (.rodata.str1.15146467347084621569.1)
                  7018fa88    00000035     can_interface.o (.rodata.str1.11434220007320834734.1)
                  7018fabd    00000035     main.o (.rodata.str1.16631870348416990953.1)
                  7018faf2    00000035     can_interface.o (.rodata.str1.6692020027550076815.1)
                  7018fb27    00000035     ti_drivers_open_close.o (.rodata.str1.871795152488895636.1)
                  7018fb5c    00000035     main.o (.rodata.str1.9059077390166914652.1)
                  7018fb91    00000034     main.o (.rodata.str1.10865113624938808685.1)
                  7018fbc5    00000034     main.o (.rodata.str1.13288086030101331538.1)
                  7018fbf9    00000034     main.o (.rodata.str1.14112174005742061988.1)
                  7018fc2d    00000034     main.o (.rodata.str1.17376258722486336754.1)
                  7018fc61    00000034     main.o (.rodata.str1.18092426736022315238.1)
                  7018fc95    00000034     main.o (.rodata.str1.6891813955777630061.1)
                  7018fcc9    00000033     can_interface.o (.rodata.str1.13538652865395202372.1)
                  7018fcfc    00000033     main.o (.rodata.str1.14032527501195285070.1)
                  7018fd2f    00000033     main.o (.rodata.str1.14712910685067215323.1)
                  7018fd62    00000033     can_interface.o (.rodata.str1.2569929632086669665.1)
                  7018fd95    00000033     main.o (.rodata.str1.2624144126699937905.1)
                  7018fdc8    00000033     main.o (.rodata.str1.403738606202455663.1)
                  7018fdfb    00000032     can_interface.o (.rodata.str1.2296911319530636772.1)
                  7018fe2d    00000031     can_interface.o (.rodata.str1.4211222669969280216.1)
                  7018fe5e    00000031     gateway_shared.o (.rodata.str1.6121471336334202706.1)
                  7018fe8f    00000031     motor_mapping.o (.rodata.str1.8787205977826144616.1)
                  7018fec0    00000030     can_interface.o (.rodata.str1.10130696897761414469.1)
                  7018fef0    00000030     can_interface.o (.rodata.str1.2167712102046818855.1)
                  7018ff20    00000030     imu_interface_isr.o (.rodata.str1.4417852805959727765.1)
                  7018ff50    00000030     main.o (.rodata.str1.8154729771448623357.1)
                  7018ff80    00000030     main.o (.rodata.str1.8428454045432808059.1)
                  7018ffb0    0000002f     main.o (.rodata.str1.11870794119293528247.1)
                  7018ffdf    0000002f     can_interface.o (.rodata.str1.15094798983471906066.1)
                  7019000e    0000002f     gateway_shared.o (.rodata.str1.3129942817937968154.1)
                  7019003d    0000002f     main.o (.rodata.str1.6554448696319176064.1)
                  7019006c    0000002f     drivers.am263px.r5f.ti-arm-clang.nortos.debug.lib : ipc_notify_v1.obj (.rodata.str1.9418228565027791152.1)
                  7019009b    0000002e     can_interface.o (.rodata.str1.11024350005305706282.1)
                  701900c9    0000002e     gateway_shared.o (.rodata.str1.11051107022181534624.1)
                  701900f7    0000002e     main.o (.rodata.str1.14079361385603432444.1)
                  70190125    0000002e     main.o (.rodata.str1.625103348304617710.1)
                  70190153    0000002e     main.o (.rodata.str1.7996925722583989644.1)
                  70190181    0000002e     gateway_shared.o (.rodata.str1.9859227269409816370.1)
                  701901af    0000002d     main.o (.rodata.str1.14466178792657420020.1)
                  701901dc    0000002d     can_interface.o (.rodata.str1.150960857071891705.1)
                  70190209    0000002d     main.o (.rodata.str1.2597068879322958637.1)
                  70190236    0000002d     main.o (.rodata.str1.5043408953494467246.1)
                  70190263    0000002d     can_interface.o (.rodata.str1.6401568125276999251.1)
                  70190290    0000002d     can_interface.o (.rodata.str1.6531933829109918715.1)
                  701902bd    0000002c     can_interface.o (.rodata.str1.14845445665763636722.1)
                  701902e9    0000002c     main.o (.rodata.str1.2763581881760962609.1)
                  70190315    0000002c     gateway_shared.o (.rodata.str1.7167262159681625771.1)
                  70190341    0000002b     main.o (.rodata.str1.18227636981041470289.1)
                  7019036c    0000002b     can_interface.o (.rodata.str1.3858671167962548137.1)
                  70190397    0000002b     can_interface.o (.rodata.str1.5571669369711139161.1)
                  701903c2    0000002a     can_interface.o (.rodata.str1.17855712168153945246.1)
                  701903ec    0000002a     nortos.am263px.r5f.ti-arm-clang.debug.lib : DebugP_log.obj (.rodata.str1.227947788441500939.1)
                  70190416    0000002a     main.o (.rodata.str1.2846389346932560359.1)
                  70190440    0000002a     main.o (.rodata.str1.8096991282711418442.1)
                  7019046a    00000029     main.o (.rodata.str1.11777244287787065045.1)
                  70190493    00000029     imu_interface_isr.o (.rodata.str1.15503275091179387347.1)
                  701904bc    00000029     can_interface.o (.rodata.str1.357542981605220142.1)
                  701904e5    00000029     main.o (.rodata.str1.39260288392874984.1)
                  7019050e    00000029     can_interface.o (.rodata.str1.6910353934698693424.1)
                  70190537    00000029     can_interface.o (.rodata.str1.7679921882182829519.1)
                  70190560    00000029     main.o (.rodata.str1.8076846746581808073.1)
                  70190589    00000028     main.o (.rodata.str1.11822182024223342093.1)
                  701905b1    00000028     main.o (.rodata.str1.1311392489248731986.1)
                  701905d9    00000028     main.o (.rodata.str1.15159059442110792349.1)
                  70190601    00000027     nortos.am263px.r5f.ti-arm-clang.debug.lib : ClockP_nortos_r5.obj (.rodata.str1.12743090444791882666.1)
                  70190628    00000027     main.o (.rodata.str1.17045314124001216156.1)
                  7019064f    00000027     main.o (.rodata.str1.7784929982665794503.1)
                  70190676    00000026     can_interface.o (.rodata.str1.14406550278730177052.1)
                  7019069c    00000026     gateway_shared.o (.rodata.str1.17046880449980016103.1)
                  701906c2    00000026     gateway_shared.o (.rodata.str1.5761821093615868877.1)
                  701906e8    00000026     can_interface.o (.rodata.str1.6806839034663112933.1)
                  7019070e    00000025     main.o (.rodata.str1.10635229749459437609.1)
                  70190733    00000025     main.o (.rodata.str1.2123964117280943167.1)
                  70190758    00000024     can_interface.o (.rodata.str1.14428574951410983152.1)
                  7019077c    00000024     can_interface.o (.rodata.str1.17339864536769639315.1)
                  701907a0    00000024     main.o (.rodata.str1.5630281060179367396.1)
                  701907c4    00000024     imu_interface_isr.o (.rodata.str1.6306445455767916371.1)
                  701907e8    00000024     main.o (.rodata.str1.7702501944640899365.1)
                  7019080c    00000023     drivers.am263px.r5f.ti-arm-clang.nortos.debug.lib : soc_rcm.obj (.rodata.str1.2078190104202520215.1)
                  7019082f    00000023     nortos.am263px.r5f.ti-arm-clang.debug.lib : ClockP_nortos_r5.obj (.rodata.str1.7689125538912326484.1)
                  70190852    00000022     drivers.am263px.r5f.ti-arm-clang.nortos.debug.lib : edma.obj (.rodata.str1.12976018205622752890.1)
                  70190874    00000021     can_interface.o (.rodata.str1.12573338884863454617.1)
                  70190895    00000021     nortos.am263px.r5f.ti-arm-clang.debug.lib : ClockP_nortos_r5.obj (.rodata.str1.8559540482768925367.1)
                  701908b6    00000002     --HOLE-- [fill = 0]
                  701908b8    00000020     drivers.am263px.r5f.ti-arm-clang.nortos.debug.lib : mcan.obj (.rodata.gMsgObjSize)
                  701908d8    00000020     can_interface.o (.rodata.g_mcan_base_addr)
                  701908f8    00000020     can_interface.o (.rodata.g_mcan_intr_num)
                  70190918    00000020     main.o (.rodata.str1.14402440632258215044.1)
                  70190938    00000020     drivers.am263px.r5f.ti-arm-clang.nortos.debug.lib : uart_v0.obj (.rodata.str1.16594507886308206351.1)
                  70190958    00000020                                                       : ipc_notify_v1.obj (.rodata.str1.2046905611612007019.1)
                  70190978    0000001f     can_interface.o (.rodata.str1.14695538922052102695.1)
                  70190997    0000001f     nortos.am263px.r5f.ti-arm-clang.debug.lib : ClockP_nortos_r5.obj (.rodata.str1.2746619892315392655.1)
[...]


GLOBAL SYMBOLS: SORTED BY Symbol Address 

address   name                                 
-------   ----                                 
00000000  __TI_ATRegion0_region_sz             
00000000  __TI_ATRegion0_src_addr              
00000000  __TI_ATRegion0_trg_addr              
00000000  __TI_ATRegion1_region_sz             
00000000  __TI_ATRegion1_src_addr              
00000000  __TI_ATRegion1_trg_addr              
00000000  __TI_ATRegion2_region_sz             
00000000  __TI_ATRegion2_src_addr              
00000000  __TI_ATRegion2_trg_addr              
00000000  __TI_static_base__                   
00000000  _vectors                             
00000100  __ABORT_STACK_SIZE                   
00000100  __FIQ_STACK_SIZE                     
00000100  __IRQ_STACK_SIZE                     
00000100  __UNDEFINED_STACK_SIZE               
00001000  __SVC_STACK_SIZE                     
00004000  __STACK_SIZE                         
70180a34  __aeabi_memclr                       
70180a34  __aeabi_memclr4                      
70180a34  __aeabi_memclr8                      
701810b8  C$$EXIT                              
701810b8  HOSTexit                             
701810c1  SOC_rcmEnablePeripheralClock         
701816f8  __aeabi_ldiv0                        
701816fc  __aeabi_memcpy                       
701816fc  __aeabi_memcpy4                      
701816fc  __aeabi_memcpy8                      
70181ce4  CSL_armR5ReadMpidrReg                
70182224  __aeabi_memmove                      
70182224  __aeabi_memmove4                     
70182224  __aeabi_memmove8                     
70182af1  UART_open                            
70182ef1  IpcNotify_init                       
70183d61  SOC_virtToPhy                        
70184071  motor_mapping_init_core1             
70184371  MCAN_msgRAMConfig                    
70184f81  UART_lld_dmaDeInit                   
701851b1  IpcNotify_isr                        
701853e1  CAN_TransmitBatch                    
70185601  TimerP_setupPriv                     
701857e1  UART_lld_dmaWrite                    
70185b41  UART_close                           
70185ea1  UART_lld_controllerIsr               
70186041  CAN_StartRxInterrupts                
70186361  MCAN_calcMsgRamParamsStartAddr       
701864f1  EDMA_unregisterIntr                  
70186661  SOC_controlModuleUnlockMMR           
701867c1  UART_lld_initDma                     
70186921  DebugP_shmLogWriterPutChar           
70186d11  MCAN_setBitTime                      
70186e61  imu_uart_isr_init                    
70186fb1  CAN_Init                             
70187231  MCAN_readMsgRam                      
701874b1  ClockP_init                          
701875f1  UART_procLineStatusErr               
70187731  EDMA_registerIntr                    
70187871  MCAN_init                            
701879b1  UART_lld_init                        
70187ae1  MCAN_config                          
70187c11  SOC_controlModuleLockMMR             
70187d41  SOC_rcmGetPeripheralClockFrequency   
70187f81  DebugP_shmLogWriterPutLine           
701880a1  UART_lld_dmaRead                     
701881bc  __udivmoddi4                         
70188751  IpcNotify_sendMsg                    
70188971  GPIO_init                            
70188a81  SemaphoreP_pend                      
70188b91  gateway_ringbuf_read                 
70188d91  gateway_write_motor_config           
70189061  EDMA_freeChannelRegion               
70189151  EDMA_freeParam                       
70189241  EDMA_freeDmaChannel                  
70189321  EDMA_freeTcc                         
70189401  UART_intrEnable                      
701894e1  UART_intrDisable                     
701895c1  AddrTranslateP_getLocalAddr          
70189691  EDMA_disableChInShadowRegRegion      
70189761  EDMA_enableChInShadowRegRegion       
70189831  EDMA_mapChToEvtQ                     
70189901  EDMA_configureChannelRegion          
70189a81  UART_flushTxFifo                     
70189c01  ClockP_timerTickIsr                  
70189cc1  TimerP_init                          
70189d81  ClockP_stop                          
70189e41  IpcNotify_waitSync                   
70189f01  gateway_write_motor_states           
70189fc1  CycleCounterP_init                   
70189fe1  CycleCounterP_reset                  
7018a031  CycleCounterP_nsToTicks              
7018a071  CycleCounterP_enableUserAccess       
7018a081  MCAN_writeMsgRam                     
7018a131  SOC_rcmSetPeripheralClock            
7018a1e1  UART_init                            
7018a3f1  gateway_core1_wait_for_ready         
7018a551  ClockP_destruct                      
7018a601  Drivers_uartOpen                     
7018a751  gateway_core1_ipc_callback           
7018a931  imu_uart_read                        
7018a9d1  IpcNotify_registerClient             
7018ab11  ClockP_getTimeUsec                   
7018abb1  EDMA_unmapChToEvtQ                   
7018ac51  float_to_uint                        
7018acf1  yis320_convert_to_ipc                
7018ad91  EDMA_disableTransferRegion           
7018ae21  EDMA_enableTransferRegion            
7018afd1  UART_lld_flushTxFifo                 
7018b0f1  EDMA_allocDmaChannel                 
7018b181  EDMA_allocParam                      
7018b211  EDMA_allocTcc                        
7018b3c1  IpcNotify_syncAll                    
7018b451  imu_protocol_manager_init            
7018b4e1  MCAN_addStdMsgIDFilter               
7018b5e1  System_init                          
7018b6e1  _DebugP_assert                       
7018b761  gateway_ringbuf_core1_init           
7018b861  UART_Params_init                     
7018b8e1  EDMA_linkChannel                     
7018b9e1  ClockP_usleep                        
7018ba61  EDMA_clrMissEvtRegion                
7018bc41  EDMA_getBaseAddr                     
7018bd21  imu_protocol_get_state               
7018bd91  SOC_rcmGetR5Clock                    
7018be01  SOC_rcmIsR5FInLockStepMode           
7018bee1  UART_lld_deInitDma                   
7018bf51  imu_protocol_process_uart_rx         
7018bfc1  MCAN_enableIntr                      
7018c031  MCAN_initTxBufElement                
7018c111  SemaphoreP_post                      
7018c181  MCAN_selectIntrLine                  
7018c1e1  UART_getChar                         
7018c2a1  yis320_protocol_handler_init         
7018c301  Module_clockSetFrequency             
7018c361  UART_lld_deInit                      
7018c601  gateway_write_imu_state              
7018c661  uint16_to_float                      
7018c721  Dpl_init                             
7018c781  EDMA_setPaRAM                        
7018c841  main                                 
7018c894  __TI_auto_init_nobinit_nopinit       
7018c8f1  Drivers_uartClose                    
7018c941  Pinmux_config                        
7018c991  UART_checkCharsAvailInFifo           
7018c9e1  DebugP_shmLogWriterInit              
7018ca31  EDMA_clrEvtRegion                    
7018ca81  EDMA_disableDmaEvtRegion             
7018cad1  EDMA_disableEvtIntrRegion            
7018cb21  EDMA_enableDmaEvtRegion              
7018cb71  EDMA_enableEvtIntrRegion             
7018cbc1  EDMA_setEvtRegion                    
7018cc11  GPIO_setDirMode                      
7018cc61  MCAN_enableIntrLine                  
7018ccb1  ClockP_construct                     
7018cd01  EDMA_ccPaRAMEntry_init               
7018cd51  EDMA_mapQdmaChToPaRAM                
7018cda1  EDMA_readEventStatusRegion           
7018cdf1  IpcNotify_unregisterClient           
7018ce41  Module_clockEnable                   
7018ce91  gateway_update_stat                  
7018cedc  memmove                              
7018cf81  timerISR                             
7018cfd1  IpcNotify_Params_init                
7018d071  UART_getIntrIdentityStatus           
7018d161  CAN_RegisterRxCallback               
7018d251  UART_readLineStatus                  
7018d2a1  imu_protocol_handler_init            
7018d3e1  SemaphoreP_construct                 
7018d431  _DebugP_logZone                      
7018d4d1  ClockP_start                         
7018d571  imu_protocol_update_state            
7018d631  UART_spaceAvail                      
7018d671  gateway_core1_init                   
7018d6b1  gateway_update_heartbeat             
7018d731  UART_IsTxRxFifoEmpty                 
7018d7b1  MCAN_txBufAddReq                     
7018d7f1  SOC_moduleSetClockFrequency          
7018d8b1  snprintf_                            
7018d8f1  SOC_getCoreName                      
7018d928  CycleCounterP_getCount32             
7018d930  PmuP_setup                           
7018d938  PmuP_enableCounters                  
7018d940  PmuP_disableCounters                 
7018d948  PmuP_getOverflowStatus               
7018d950  PmuP_clearOverflowStatus             
7018d958  PmuP_setUserEnable                   
7018d9a1  EDMA_getRegionId                     
7018da61  IpcNotify_syncCallback               
7018dae1  MCAN_calcCfgAddr                     
7018db61  TimerP_Params_initPriv               
7018dbe1  motor_get_config                     
7018dce1  TimerP_getCountPriv                  
7018de01  gateway_signal_motor_config_ready    
7018de31  UART_lld_dmaInit                     
7018de91  DebugP_logZoneEnable                 
7018def1  MCAN_clearNewDataStatus              
7018df21  MCAN_getNewDataStatus                
7018df51  SemaphoreP_constructBinary           
7018dfe1  UART_intr2Disable                    
7018e011  UART_operatingModeSelect             
7018e071  CSL_armR5GetCpuID                    
7018e0a1  vprintf_                             
7018e0d1  EDMA_disableQdmaEvtRegion            
7018e101  EDMA_enableQdmaEvtRegion             
7018e161  IpcNotify_allocSwQueue               
7018e1c1  IpcNotify_getConfig                  
7018e1f1  SemaphoreP_constructMutex            
7018e2b1  UART_getBaseAddr                     
7018e2d4  __aeabi_uldivmod                     
7018e331  EDMA_channelToParamMap               
7018e361  gateway_ringbuf_core1_receive        
7018e391  ClockP_isActive                      
7018e3b1  ClockP_usecToTicks                   
7018e411  ClockP_Params_init                   
7018e431  EDMA_getEventStatusHigh              
7018e451  MCAN_setOpMode                       
7018e471  SOC_getSelfCpuClk                    
7018e491  SOC_moduleClockEnable                
7018e4b1  TimerP_isr0                          
7018e4f1  UART_lld_Transaction_deInit          
7018e511  EDMA_getEventStatus                  
7018e58c  TI_memcpy_small                      
7018e5b1  MCAN_clearIntrStatus                 
7018e5d1  MCAN_getOpMode                       
7018e631  ClockP_ticksToUsec                   
7018e651  EDMA_isInterruptEnabled              
7018e691  IpcNotify_trigInterrupt              
7018e6b1  SemaphoreP_Params_init               
7018e6d1  TimerP_getReloadCountPriv            
7018e731  UART_putChar                         
7018e748  TI_memset_small                      
7018e761  IpcNotify_sendSync                   
7018e781  MCAN_getIntrStatus                   
7018e7a1  TimerP_startPriv                     
7018e7c1  TimerP_stopPriv                      
7018e881  TimerP_clearOverflowIntPriv          
7018e8a1  TimerP_setup                         
7018e8c1  putchar_                             
7018e8e1  Pinmux_init                          
7018e901  gateway_check_emergency_stop         
7018e941  imu_uart_is_initialized              
7018e961  yis320_get_timestamp_ms              
7018e9c1  ClockP_getTimerCount                 
7018e9d1  ClockP_timerClearOverflowInt         
7018ea51  TimerP_Params_init                   
7018ea61  TimerP_clearOverflowInt              
7018ea71  TimerP_getCount                      
7018ea81  TimerP_getReloadCount                
7018ea91  TimerP_start                         
7018eab1  gateway_notify_imu_ready             
7018eac1  gateway_notify_states_ready          
7018ead1  yis320_uart_configure                
7018eae1  Board_driversOpen                    
7018eaf1  ClockP_getTicks                      
7018eb01  Drivers_open                         
7018eb11  PowerClock_init                      
7018eb91  Drivers_uartInit                     
7018ebc1  SemaphoreP_destruct                  
7018ebd1  Board_driversClose                   
7018ebe1  Board_init                           
7018ebf1  Drivers_mcanOpen                     
7018ec01  IpcNotify_wait                       
7018ec11  TaskP_yield                          
7018f070  gCacheConfig                         
7018f078  gMpuConfig                           
7018f084  gMpuRegionConfig                     
7018f320  gADPLLJConfigTbl                     
7018f542  gCR5ClkSrcInfoMap                    
70190c64  gPeripheralClkSrcInfoMap             
70191004  gXTALInfo                            
70191050  gCacheL1dCacheLineSize               
70191054  gCacheL1pCacheLineSize               
70191068  __BSS_START                          
70191be8  gHwiCtrl                             
701923f4  g_yis320_private_data                
701927fc  g_motor_lookup                       
70193468  gIpcNotifyCtrl                       
701936d4  gTimerBaseAddr                       
701936d8  gClockCtrl                           
701936f8  virtToPhymap                         
7019371c  gTimerHwiObj                         
70193720  gUartHandle                          
70193728  __BSS_END                            
70193728  __stack                              
70197728  __STACK_END                          
70197731  HwiP_enableInt                       
70197771  HwiP_disableInt                      
701977d1  HwiP_restoreInt                      
70197801  HwiP_clearInt                        
70197841  HwiP_post                            
70197881  HwiP_Params_init                     
701978b1  HwiP_construct                       
70197aa1  HwiP_destruct                        
70197b11  HwiP_init                            
70197cc1  HwiP_inISR                           
70197cf1  HwiP_setVimIrqPriMaskNonAtomic       
70197d41  HwiP_setVimIrqPriMaskAtomic          
70197de1  HwiP_restoreVimIrqPriMask            
70197df1  HwiP_irq_handler_c                   
70197f91  HwiP_fiq_handler                     
701980f1  HwiP_reserved_handler                
70198131  HwiP_undefined_handler_c             
70198151  HwiP_user_undefined_handler_c        
70198171  HwiP_svc_handler                     
701981b1  HwiP_prefetch_abort_handler_c        
70198251  HwiP_user_prefetch_abort_handler_c   
70198291  HwiP_data_abort_handler_c            
70198351  HwiP_user_data_abort_handler_c       
7019838c  HwiP_irq_handler                     
70198400  HwiP_data_abort_handler              
70198444  HwiP_prefetch_abort_handler          
70198490  HwiP_undefined_handler               
701984c0  GET_DFSR                             
701984c8  GET_ADFSR                            
701984d0  GET_DFAR                             
701984d8  GET_IFSR                             
701984e0  GET_AIFSR                            
701984e8  GET_IFAR                             
701984f0  GET_SPSR                             
70198508  HwiP_disable                         
70198518  HwiP_disableFIQ                      
70198528  HwiP_enable                          
70198538  HwiP_enableFIQ                       
70198548  HwiP_restore                         
70198550  HwiP_enableVIC                       
70198560  HwiP_disableVIC                      
70198570  HwiP_getCPSR                         
70198580  CacheP_disableL1d                    
701985a8  CacheP_disableL1p                    
701985c0  CacheP_enableL1d                     
701985d8  CacheP_enableL1p                     
701985f0  CacheP_invL1d                        
70198628  CacheP_invL1p                        
70198664  CacheP_invL1dAll                     
7019866c  CacheP_invL1pAll                     
70198674  CacheP_wb                            
701986b0  CacheP_wbInv                         
701986ec  CacheP_wbAll                         
70198794  CacheP_wbInvAll                      
701987ac  CacheP_wbInvAllAsm                   
7019884c  CacheP_getEnabled                    
70198884  CacheP_getCacheLevelInfo             
70198890  CacheP_configForceWrThru             
701988b0  CacheP_setDLFO                       
701988c1  CacheP_init                          
70198951  CacheP_disable                       
701989a1  CacheP_enable                        
701989e1  CacheP_inv                           
70198a21  MpuP_getAttrs                        
70198a81  MpuP_RegionAttrs_init                
70198ab1  MpuP_setRegion                       
70198b41  MpuP_isEnable                        
70198b51  MpuP_disable                         
70198b91  MpuP_enable                          
70198be1  MpuP_init                            
70198c81  MpuP_isUserAuthorizedToAccessMemory  
70198d60  MpuP_disableAsm                      
70198d78  MpuP_disableBRAsm                    
70198d88  MpuP_enableAsm                       
70198da0  MpuP_enableBRAsm                     
70198db0  MpuP_isEnableAsm                     
70198dc4  MpuP_setRegionAsm                    
70198de0  _c_int00_sbl                         
70198e04  _c_int00                             
70198f31  _DebugP_assertNoLog                  
70198f61  _system_pre_init                     
70198f91  __mpu_init                           
70198fa0  abort                                
70198fa8  gEdmaConfig                          
70198fa8  gUartDmaHandle                       
701990cc  gIpcNotifyMailboxConfig              
701992a4  gSocModulesClockFrequency            
7019931c  gUartParams                          
70199374  gSocModules                          
701993b4  gClockConfig                         
701993cc  gIpcNotifyInterruptConfig_r5fss1_1   
701993f8  gIpcNotifyCoreIntrBitPos             
70199418  gAddrTranslateConfig                 
7019942c  gUartConfig                          
70199440  gDebugLogZone                        
7019944c  gEdmaConfigNum                       
70199450  gHwiConfig                           
70199454  gIpcNotifyInterruptConfigNum_r5fss1_1
70199458  gUartConfigNum                       
7019945c  gUartDmaChConfig                     
701994a8  isMapAvailable                       
701994b0  __IRQ_STACK_START                    
701995b0  __FIQ_STACK_START                    
701995b0  __IRQ_STACK_END                      
701996b0  __FIQ_STACK_END                      
701996b0  __SVC_STACK_START                    
7019a6b0  __ABORT_STACK_START                  
7019a6b0  __SVC_STACK_END                      
7019a7b0  __ABORT_STACK_END                    
7019a7b0  __UNDEFINED_STACK_START              
7019a8b0  __UNDEFINED_STACK_END                
70200000  gGatewaySharedMem                    
70204d30  dbg_ipc_send_count                   
70204d34  dbg_ipc_register_count               
70204d38  dbg_imu_uart_isr_count               
70204d3c  dbg_imu_rx_byte_count                
70204d40  dbg_imu_frame_count                  
70204d44  dbg_can_rx_count                     
70204d48  dbg_can_tx_count                     
70208000  gDebugShmLog                         
ffffffff  __TI_pprof_out_hndl                  
ffffffff  __TI_prof_data_size                  
ffffffff  __TI_prof_data_start                 
ffffffff  __binit__                            
ffffffff  binit                                
UNDEFED   __TI_CINIT_Base                      
UNDEFED   __TI_CINIT_Limit                     
UNDEFED   __TI_Handler_Table_Base              
UNDEFED   __TI_Handler_Table_Limit             
UNDEFED   _system_post_cinit                   

[413 symbols]
