******************************************************************************
            TI ARM Clang Linker PC v4.0.4                      
******************************************************************************
>> Linked Tue Apr 21 10:24:44 2026

OUTPUT FILE NAME:   <ccu_ti_multi_core_realtime.out>
ENTRY POINT SYMBOL: "_vectors"  address: 00000000


MEMORY CONFIGURATION

         name            origin    length      used     unused   attr    fill
----------------------  --------  ---------  --------  --------  ----  --------
  R5F_VECS              00000000   00000040  00000040  00000000  RWIX
  R5F_TCMA              00000040   00007fc0  00000000  00007fc0  RWIX
  R5F_TCMB              00080000   00008000  00000000  00008000  RWIX
  MAILBOX_HSM           44000000   000003ce  00000000  000003ce  RWIX
  MAILBOX_R5F           44000400   000003ce  00000000  000003ce  RWIX
  FLASH                 60180000   00080000  00000000  00080000  RWIX
  OCRAM                 70180000   00080000  0001af78  00065088  RWIX
  USER_SHM_MEM          70200000   00008000  00006f74  0000108c  RWIX
  LOG_SHM_MEM           70208000   00004000  00002000  00002000  RWIX
  RTOS_NORTOS_IPC_SHM_M 72000000   00003e80  00000000  00003e80  RWIX


SEGMENT ALLOCATION MAP

run origin  load origin   length   init length attrs members
----------  ----------- ---------- ----------- ----- -------
00000000    00000000    00000040   00000040    r-x
  00000000    00000000    00000040   00000040    r-x .vectors
70180000    70180000    00011428   00011428    r-x
  70180000    70180000    0000f1b0   0000f1b0    r-x .text
  7018f1b0    7018f1b0    00002278   00002278    r-- .rodata
70191428    70191428    00006348   00000000    rw-
  70191428    70191428    00002348   00000000    rw- .bss
  70193770    70193770    00004000   00000000    rw- .stack
70197770    70197770    00001878   00001878    r-x
  70197770    70197770    00000e50   00000e50    r-x .text.hwi
  701985c0    701985c0    000004a0   000004a0    r-x .text.cache
  70198a60    70198a60    000003c0   000003c0    r-x .text.mpu
  70198e20    70198e20    000001c0   000001c0    r-x .text.boot
  70198fe0    70198fe0    00000008   00000008    r-x .text:abort
70198fe8    70198fe8    00001f90   00000b90    rw-
  70198fe8    70198fe8    00000b90   00000b90    rw- .data
  70199b78    70199b78    00000100   00000000    rw- .irqstack
  70199c78    70199c78    00000100   00000000    rw- .fiqstack
  70199d78    70199d78    00001000   00000000    rw- .svcstack
  7019ad78    7019ad78    00000100   00000000    rw- .abortstack
  7019ae78    7019ae78    00000100   00000000    rw- .undefinedstack


SECTION ALLOCATION MAP

 output                                  attributes/
section   page    origin      length       input sections
--------  ----  ----------  ----------   ----------------
.vectors   0    00000000    00000040     
                  00000000    00000040     nortos.am263px.r5f.ti-arm-clang.debug.lib : HwiP_armv7r_vectors_nortos_asm.obj (.vectors)

.text      0    70180000    0000f1b0     
                  70180000    00000a34     nortos.am263px.r5f.ti-arm-clang.debug.lib : printf.obj (.text._vsnprintf)
                  70180a34    0000000c     libclang_rt.builtins.a : aeabi_memset.S.obj (.text.__aeabi_memclr)
                  70180a40    0000077a     main.o (.text.transmit_can_frames)
                  701811ba    00000002     --HOLE-- [fill = 0]
                  701811bc    00000004     libclang_rt.builtins.a : aeabi_div0.c.obj (.text.__aeabi_ldiv0)
                  701811c0    00000678     drivers.am263px.r5f.ti-arm-clang.nortos.debug.lib : soc_rcm.obj (.text.SOC_rcmGetClkSrcAndDivReg)
                  70181838    00000008     libsysbm.a : hostexit.c.obj (.text.HOSTexit)
                  70181840    00000638     drivers.am263px.r5f.ti-arm-clang.nortos.debug.lib : soc_rcm.obj (.text.SOC_rcmEnablePeripheralClock)
                  70181e78    00000004     libclang_rt.builtins.a : aeabi_memcpy.S.obj (.text.__aeabi_memcpy)
                  70181e7c    00000004                            : aeabi_memmove.S.obj (.text.__aeabi_memmove)
                  70181e80    000005e2     nortos.am263px.r5f.ti-arm-clang.debug.lib : printf.obj (.text._ftoa)
                  70182462    00000002     --HOLE-- [fill = 0]
                  70182464    0000000c                                               : CpuId_armv7r_asm.obj (.text)
                  70182470    000004b0                                               : printf.obj (.text._etoa)
                  70182920    00000402     yis320_protocol.o (.text.vtable_process_rx_data)
                  70182d22    0000000e     --HOLE-- [fill = 0]
                  70182d30    00000400     drivers.am263px.r5f.ti-arm-clang.nortos.debug.lib : uart_v0.obj (.text.UART_open)
                  70183130    000003dc                                                       : ipc_notify_v1.obj (.text.IpcNotify_init)
                  7018350c    00000004     --HOLE-- [fill = 0]
                  70183510    000003c8     main.o (.text.core1_init)
                  701838d8    00000008     --HOLE-- [fill = 0]
                  701838e0    0000031a     can_interface.o (.text.init_single_mcan)
                  70183bfa    00000006     --HOLE-- [fill = 0]
                  70183c00    00000302     drivers.am263px.r5f.ti-arm-clang.nortos.debug.lib : soc.obj (.text.SOC_virtToPhy)
                  70183f02    0000000e     --HOLE-- [fill = 0]
                  70183f10    000002f4     motor_mapping.o (.text.motor_mapping_init_core1)
                  70184204    0000000c     --HOLE-- [fill = 0]
                  70184210    000002ee     can_interface.o (.text.can_rx_isr)
                  701844fe    00000002     --HOLE-- [fill = 0]
                  70184500    000002a8     drivers.am263px.r5f.ti-arm-clang.nortos.debug.lib : mcan.obj (.text.MCAN_msgRAMConfig)
                  701847a8    00000008     --HOLE-- [fill = 0]
                  701847b0    00000298     main.o (.text.main_loop)
                  70184a48    00000008     --HOLE-- [fill = 0]
                  70184a50    0000027e     drivers.am263px.r5f.ti-arm-clang.nortos.debug.lib : uart_dma_edma.obj (.text.UART_edmaChInit)
                  70184cce    00000002     --HOLE-- [fill = 0]
                  70184cd0    00000250                                                       : edma.obj (.text.Alloc_resource)
                  70184f20    00000242                                                       : uart_v0_lld.obj (.text.UART_fifoConfig)
                  70185162    0000000e     --HOLE-- [fill = 0]
                  70185170    0000023e     nortos.am263px.r5f.ti-arm-clang.debug.lib : printf.obj (.text._ntoa_format)
                  701853ae    00000002     --HOLE-- [fill = 0]
                  701853b0    0000023e     main.o (.text.process_can_rx)
                  701855ee    00000002     --HOLE-- [fill = 0]
                  701855f0    0000022c     can_interface.o (.text.CAN_TransmitBatch)
                  7018581c    00000004     --HOLE-- [fill = 0]
                  70185820    00000226     drivers.am263px.r5f.ti-arm-clang.nortos.debug.lib : uart_dma_edma.obj (.text.UART_lld_dmaDeInit)
                  70185a46    0000000a     --HOLE-- [fill = 0]
                  70185a50    00000222                                                       : ipc_notify_v1.obj (.text.IpcNotify_isr)
                  70185c72    0000000e     --HOLE-- [fill = 0]
                  70185c80    000001d6     nortos.am263px.r5f.ti-arm-clang.debug.lib : TimerP_rti_priv.obj (.text.TimerP_setupPriv)
                  70185e56    0000000a     --HOLE-- [fill = 0]
                  70185e60    000001aa     drivers.am263px.r5f.ti-arm-clang.nortos.debug.lib : uart_dma_edma.obj (.text.UART_lld_dmaWrite)
                  7018600a    00000006     --HOLE-- [fill = 0]
                  70186010    000001a8                                                       : uart_v0.obj (.text.UART_close)
                  701861b8    00000008     --HOLE-- [fill = 0]
                  701861c0    00000198                                                       : uart_v0_lld.obj (.text.UART_lld_controllerIsr)
                  70186358    00000008     --HOLE-- [fill = 0]
                  70186360    00000190     can_interface.o (.text.CAN_StartRxInterrupts)
                  701864f0    00000186     drivers.am263px.r5f.ti-arm-clang.nortos.debug.lib : mcan.obj (.text.MCAN_readMsg)
                  70186676    0000000a     --HOLE-- [fill = 0]
                  70186680    00000184                                                       : mcan.obj (.text.MCAN_calcMsgRamParamsStartAddr)
                  70186804    0000000c     --HOLE-- [fill = 0]
                  70186810    00000162                                                       : edma.obj (.text.EDMA_unregisterIntr)
                  70186972    0000000e     --HOLE-- [fill = 0]
                  70186980    00000158                                                       : soc.obj (.text.SOC_controlModuleUnlockMMR)
                  70186ad8    00000008     --HOLE-- [fill = 0]
                  70186ae0    00000152     can_interface.o (.text.CAN_Init)
                  70186c32    0000000e     --HOLE-- [fill = 0]
                  70186c40    00000152     drivers.am263px.r5f.ti-arm-clang.nortos.debug.lib : uart_v0_lld.obj (.text.UART_lld_initDma)
                  70186d92    0000000e     --HOLE-- [fill = 0]
                  70186da0    00000150     nortos.am263px.r5f.ti-arm-clang.debug.lib : DebugP_shmLogWriter.obj (.text.DebugP_shmLogWriterPutChar)
                  70186ef0    00000150     drivers.am263px.r5f.ti-arm-clang.nortos.debug.lib : mcan.obj (.text.MCAN_writeMsg)
                  70187040    0000014e     yis320_protocol.o (.text.parse_imu_frame)
                  7018718e    00000002     --HOLE-- [fill = 0]
                  70187190    0000014c     drivers.am263px.r5f.ti-arm-clang.nortos.debug.lib : mcan.obj (.text.MCAN_setBitTime)
                  701872dc    00000004     --HOLE-- [fill = 0]
                  701872e0    00000142     imu_interface_isr.o (.text.imu_uart_isr_init)
                  70187422    0000000e     --HOLE-- [fill = 0]
                  70187430    0000013a     drivers.am263px.r5f.ti-arm-clang.nortos.debug.lib : edma.obj (.text.EDMA_isDmaChannelAllocated)
                  7018756a    00000006     --HOLE-- [fill = 0]
                  70187570    00000138                                                       : mcan.obj (.text.MCAN_readMsgRam)
                  701876a8    00000008     --HOLE-- [fill = 0]
                  701876b0    00000138     nortos.am263px.r5f.ti-arm-clang.debug.lib : printf.obj (.text._ntoa_long_long)
                  701877e8    00000008     --HOLE-- [fill = 0]
                  701877f0    00000136                                               : ClockP_nortos_r5.obj (.text.ClockP_init)
                  70187926    0000000a     --HOLE-- [fill = 0]
                  70187930    00000136     drivers.am263px.r5f.ti-arm-clang.nortos.debug.lib : uart_v0_lld.obj (.text.UART_procLineStatusErr)
                  70187a66    0000000a     --HOLE-- [fill = 0]
                  70187a70    00000134                                                       : edma.obj (.text.EDMA_registerIntr)
                  70187ba4    0000000c     --HOLE-- [fill = 0]
                  70187bb0    00000134                                                       : mcan.obj (.text.MCAN_init)
                  70187ce4    0000000c     --HOLE-- [fill = 0]
                  70187cf0    0000012c                                                       : uart_v0_lld.obj (.text.UART_lld_init)
                  70187e1c    00000004     --HOLE-- [fill = 0]
                  70187e20    0000012a                                                       : mcan.obj (.text.MCAN_config)
                  70187f4a    00000006     --HOLE-- [fill = 0]
                  70187f50    00000126                                                       : soc.obj (.text.SOC_controlModuleLockMMR)
                  70188076    0000000a     --HOLE-- [fill = 0]
                  70188080    00000120                                                       : soc_rcm.obj (.text.SOC_rcmGetPeripheralClockFrequency)
                  701881a0    00000120     can_interface.o (.text.init_can_stb_gpios)
                  701882c0    0000011c     nortos.am263px.r5f.ti-arm-clang.debug.lib : DebugP_shmLogWriter.obj (.text.DebugP_shmLogWriterPutLine)
                  701883dc    00000004     --HOLE-- [fill = 0]
                  701883e0    0000011c     drivers.am263px.r5f.ti-arm-clang.nortos.debug.lib : uart_dma_edma.obj (.text.UART_lld_dmaRead)
                  701884fc    00000118     libclang_rt.builtins.a : udivmoddi4.S.obj (.text)
                  70188614    0000000c     --HOLE-- [fill = 0]
                  70188620    00000116     drivers.am263px.r5f.ti-arm-clang.nortos.debug.lib : edma.obj (.text.EDMA_isTccAllocated)
                  70188736    0000000a     --HOLE-- [fill = 0]
                  70188740    00000116                                                       : uart_v0_lld.obj (.text.UART_divisorLatchWrite)
                  70188856    0000000a     --HOLE-- [fill = 0]
                  70188860    00000114     nortos.am263px.r5f.ti-arm-clang.debug.lib : printf.obj (.text._ntoa_long)
                  70188974    0000000c     --HOLE-- [fill = 0]
                  70188980    0000010e     drivers.am263px.r5f.ti-arm-clang.nortos.debug.lib : soc_rcm.obj (.text.SOC_rcmADPLLJGetFOut)
                  70188a8e    00000002     --HOLE-- [fill = 0]
                  70188a90    0000010a                                                       : ipc_notify_v1.obj (.text.IpcNotify_sendMsg)
                  70188b9a    00000006     --HOLE-- [fill = 0]
                  70188ba0    00000104                                                       : uart_v0_lld.obj (.text.UART_configInstance)
                  70188ca4    0000000c     --HOLE-- [fill = 0]
                  70188cb0    00000102     ti_drivers_config.o (.text.GPIO_init)
                  70188db2    0000000e     --HOLE-- [fill = 0]
                  70188dc0    00000102     nortos.am263px.r5f.ti-arm-clang.debug.lib : SemaphoreP_nortos.obj (.text.SemaphoreP_pend)
                  70188ec2    0000000e     --HOLE-- [fill = 0]
                  70188ed0    00000102     gateway_shared.o (.text.gateway_ringbuf_read)
                  70188fd2    0000000e     --HOLE-- [fill = 0]
                  70188fe0    000000ec     gateway_shared.o (.text.gateway_write_motor_config)
                  701890cc    00000004     --HOLE-- [fill = 0]
                  701890d0    000000e6     drivers.am263px.r5f.ti-arm-clang.nortos.debug.lib : soc_rcm.obj (.text.SOC_rcmGetCoreFout)
                  701891b6    0000000a     --HOLE-- [fill = 0]
                  701891c0    000000e6                                                       : soc_rcm.obj (.text.SOC_rcmGetPerFout)
                  701892a6    0000000a     --HOLE-- [fill = 0]
                  701892b0    000000e6     main.o (.text.receive_motor_commands)
                  70189396    0000000a     --HOLE-- [fill = 0]
                  701893a0    000000e4     drivers.am263px.r5f.ti-arm-clang.nortos.debug.lib : edma.obj (.text.EDMA_freeChannelRegion)
                  70189484    0000000c     --HOLE-- [fill = 0]
                  70189490    000000e2                                                       : edma.obj (.text.EDMA_freeParam)
                  70189572    0000000e     --HOLE-- [fill = 0]
                  70189580    000000e0                                                       : edma.obj (.text.EDMA_freeDmaChannel)
                  70189660    000000e0                                                       : edma.obj (.text.EDMA_freeTcc)
                  70189740    000000de                                                       : uart_v0_lld.obj (.text.UART_intrEnable)
                  7018981e    00000002     --HOLE-- [fill = 0]
                  70189820    000000da                                                       : uart_v0_lld.obj (.text.UART_intrDisable)
                  701898fa    00000006     --HOLE-- [fill = 0]
                  70189900    000000d0     nortos.am263px.r5f.ti-arm-clang.debug.lib : AddrTranslateP_32bit.obj (.text.AddrTranslateP_getLocalAddr)
                  701899d0    000000ce     drivers.am263px.r5f.ti-arm-clang.nortos.debug.lib : edma.obj (.text.EDMA_disableChInShadowRegRegion)
                  70189a9e    00000002     --HOLE-- [fill = 0]
                  70189aa0    000000cc                                                       : edma.obj (.text.EDMA_enableChInShadowRegRegion)
                  70189b6c    00000004     --HOLE-- [fill = 0]
                  70189b70    000000c4                                                       : edma.obj (.text.EDMA_mapChToEvtQ)
                  70189c34    0000000c     --HOLE-- [fill = 0]
                  70189c40    000000c0                                                       : edma.obj (.text.EDMA_configureChannelRegion)
                  70189d00    000000c0                                                       : soc_rcm.obj (.text.SOC_rcmGetPerHSDivOut)
                  70189dc0    000000c0                                                       : uart_v0.obj (.text.UART_flushTxFifo)
                  70189e80    000000c0     nortos.am263px.r5f.ti-arm-clang.debug.lib : printf.obj (.text._out_rev)
                  70189f40    000000be                                               : ClockP_nortos.obj (.text.ClockP_timerTickIsr)
                  70189ffe    00000002     --HOLE-- [fill = 0]
                  7018a000    000000be     ti_dpl_config.o (.text.TimerP_init)
                  7018a0be    00000002     --HOLE-- [fill = 0]
                  7018a0c0    000000ba     nortos.am263px.r5f.ti-arm-clang.debug.lib : ClockP_nortos.obj (.text.ClockP_stop)
                  7018a17a    00000006     --HOLE-- [fill = 0]
                  7018a180    000000ba     drivers.am263px.r5f.ti-arm-clang.nortos.debug.lib : ipc_notify_v1.obj (.text.IpcNotify_waitSync)
                  7018a23a    00000006     --HOLE-- [fill = 0]
                  7018a240    000000ba     nortos.am263px.r5f.ti-arm-clang.debug.lib : PmuP_armv7r.obj (.text.pmu)
                  7018a2fa    00000006     --HOLE-- [fill = 0]
                  7018a300    000000b0     drivers.am263px.r5f.ti-arm-clang.nortos.debug.lib : mcan.obj (.text.MCAN_writeMsgRam)
                  7018a3b0    000000b0                                                       : soc_rcm.obj (.text.SOC_rcmSetPeripheralClock)
                  7018a460    000000b0                                                       : uart_v0.obj (.text.UART_init)
                  7018a510    000000b0     imu_interface_isr.o (.text.imu_uart_isr)
                  7018a5c0    000000ae     drivers.am263px.r5f.ti-arm-clang.nortos.debug.lib : mcan.obj (.text.MCAN_getOffsetAddr)
                  7018a66e    00000002     --HOLE-- [fill = 0]
                  7018a670    000000ae     main.o (.text.copy_motor_commands_to_working)
                  7018a71e    00000002     --HOLE-- [fill = 0]
                  7018a720    000000ae     gateway_shared.o (.text.gateway_write_motor_states)
                  7018a7ce    00000002     --HOLE-- [fill = 0]
                  7018a7d0    000000ac     drivers.am263px.r5f.ti-arm-clang.nortos.debug.lib : mcan.obj (.text.MCAN_writeRxFIFOAck)
                  7018a87c    00000004     --HOLE-- [fill = 0]
                  7018a880    000000ac     gateway_shared.o (.text.gateway_core1_wait_for_ready)
                  7018a92c    00000004     --HOLE-- [fill = 0]
                  7018a930    000000a8     nortos.am263px.r5f.ti-arm-clang.debug.lib : ClockP_nortos.obj (.text.ClockP_addToList)
                  7018a9d8    00000008     --HOLE-- [fill = 0]
                  7018a9e0    000000a8                                               : ClockP_nortos.obj (.text.ClockP_destruct)
                  7018aa88    00000008     --HOLE-- [fill = 0]
                  7018aa90    000000a8     ti_drivers_open_close.o (.text.Drivers_uartOpen)
                  7018ab38    00000008     --HOLE-- [fill = 0]
                  7018ab40    000000a4     drivers.am263px.r5f.ti-arm-clang.nortos.debug.lib : mcan.obj (.text.MCAN_getRxFIFOStatus)
                  7018abe4    0000000c     --HOLE-- [fill = 0]
                  7018abf0    000000a0                                                       : soc_rcm.obj (.text.SOC_rcmGetCoreHSDivOut)
                  7018ac90    0000009e     gateway_shared.o (.text.gateway_core1_ipc_callback)
                  7018ad2e    00000002     --HOLE-- [fill = 0]
                  7018ad30    0000009e     yis320_protocol.o (.text.validate_checksum)
                  7018adce    00000002     --HOLE-- [fill = 0]
                  7018add0    0000009a     imu_interface_isr.o (.text.imu_uart_read)
                  7018ae6a    00000006     --HOLE-- [fill = 0]
                  7018ae70    00000098     drivers.am263px.r5f.ti-arm-clang.nortos.debug.lib : ipc_notify_v1.obj (.text.IpcNotify_registerClient)
                  7018af08    00000008     --HOLE-- [fill = 0]
                  7018af10    00000096                                                       : uart_v0_lld.obj (.text.UART_subConfigTCRTLRModeEn)
                  7018afa6    0000000a     --HOLE-- [fill = 0]
                  7018afb0    00000092     nortos.am263px.r5f.ti-arm-clang.debug.lib : ClockP_nortos.obj (.text.ClockP_getTimeUsec)
                  7018b042    0000000e     --HOLE-- [fill = 0]
                  7018b050    00000092     drivers.am263px.r5f.ti-arm-clang.nortos.debug.lib : edma.obj (.text.EDMA_unmapChToEvtQ)
                  7018b0e2    0000000e     --HOLE-- [fill = 0]
                  7018b0f0    00000092     motor_mapping.o (.text.float_to_uint)
                  7018b182    0000000e     --HOLE-- [fill = 0]
                  7018b190    00000092     yis320_protocol.o (.text.yis320_convert_to_ipc)
                  7018b222    0000000e     --HOLE-- [fill = 0]
                  7018b230    0000008c     drivers.am263px.r5f.ti-arm-clang.nortos.debug.lib : edma.obj (.text.EDMA_disableTransferRegion)
                  7018b2bc    00000004     --HOLE-- [fill = 0]
                  7018b2c0    0000008c                                                       : edma.obj (.text.EDMA_enableTransferRegion)
                  7018b34c    00000004     --HOLE-- [fill = 0]
                  7018b350    00000088                                                       : uart_dma_edma.obj (.text.UART_edmaIsrRx)
                  7018b3d8    00000008     --HOLE-- [fill = 0]
                  7018b3e0    00000088                                                       : uart_dma_edma.obj (.text.UART_edmaIsrTx)
                  7018b468    00000008     --HOLE-- [fill = 0]
                  7018b470    00000086                                                       : uart_v0_lld.obj (.text.UART_lld_flushTxFifo)
                  7018b4f6    0000000a     --HOLE-- [fill = 0]
                  7018b500    00000086                                                       : uart_v0_lld.obj (.text.UART_tcrTlrBitValRestore)
                  7018b586    0000000a     --HOLE-- [fill = 0]
                  7018b590    00000082                                                       : edma.obj (.text.EDMA_allocDmaChannel)
                  7018b612    0000000e     --HOLE-- [fill = 0]
                  7018b620    00000082                                                       : edma.obj (.text.EDMA_allocParam)
                  7018b6a2    0000000e     --HOLE-- [fill = 0]
                  7018b6b0    00000082                                                       : edma.obj (.text.EDMA_allocTcc)
                  7018b732    0000000e     --HOLE-- [fill = 0]
                  7018b740    00000082                                                       : edma.obj (.text.EDMA_disableTccInShadowRegRegion)
                  7018b7c2    0000000e     --HOLE-- [fill = 0]
                  7018b7d0    00000082                                                       : edma.obj (.text.EDMA_enableTccInShadowRegRegion)
                  7018b852    0000000e     --HOLE-- [fill = 0]
                  7018b860    00000082                                                       : ipc_notify_v1.obj (.text.IpcNotify_syncAll)
                  7018b8e2    0000000e     --HOLE-- [fill = 0]
                  7018b8f0    00000082     imu_protocol_handler.o (.text.imu_protocol_manager_init)
                  7018b972    0000000e     --HOLE-- [fill = 0]
                  7018b980    00000080     drivers.am263px.r5f.ti-arm-clang.nortos.debug.lib : mcan.obj (.text.MCAN_addStdMsgIDFilter)
                  7018ba00    00000080                                                       : uart_v0_lld.obj (.text.UART_moduleReset)
                  7018ba80    0000007e     ti_drivers_config.o (.text.System_init)
                  7018bafe    00000002     --HOLE-- [fill = 0]
                  7018bb00    0000007e     drivers.am263px.r5f.ti-arm-clang.nortos.debug.lib : uart_v0_lld.obj (.text.UART_readData)
                  7018bb7e    00000002     --HOLE-- [fill = 0]
                  7018bb80    0000007c     nortos.am263px.r5f.ti-arm-clang.debug.lib : DebugP_log.obj (.text._DebugP_assert)
                  7018bbfc    00000004     --HOLE-- [fill = 0]
                  7018bc00    0000007c     gateway_shared.o (.text.gateway_ringbuf_core1_init)
                  7018bc7c    00000004     --HOLE-- [fill = 0]
                  7018bc80    0000007a     drivers.am263px.r5f.ti-arm-clang.nortos.debug.lib : ipc_notify_v1.obj (.text.IpcNotify_mailboxWrite)
                  7018bcfa    00000006     --HOLE-- [fill = 0]
                  7018bd00    0000007a                                                       : uart_v0.obj (.text.UART_Params_init)
                  7018bd7a    00000006     --HOLE-- [fill = 0]
                  7018bd80    0000007a     gateway_shared.o (.text.gateway_write_imu_state)
                  7018bdfa    00000006     --HOLE-- [fill = 0]
                  7018be00    00000078     drivers.am263px.r5f.ti-arm-clang.nortos.debug.lib : edma.obj (.text.EDMA_linkChannel)
                  7018be78    00000008     --HOLE-- [fill = 0]
                  7018be80    00000074                                                       : uart_v0_lld.obj (.text.UART_IsBaseAddrValid)
                  7018bef4    0000000c     --HOLE-- [fill = 0]
                  7018bf00    00000072     nortos.am263px.r5f.ti-arm-clang.debug.lib : ClockP_nortos.obj (.text.ClockP_usleep)
                  7018bf72    0000000e     --HOLE-- [fill = 0]
                  7018bf80    00000072     drivers.am263px.r5f.ti-arm-clang.nortos.debug.lib : edma.obj (.text.EDMA_clrMissEvtRegion)
                  7018bff2    0000000e     --HOLE-- [fill = 0]
                  7018c000    00000072                                                       : ipc_notify_v1.obj (.text.IpcNotify_makeMsg)
                  7018c072    0000000e     --HOLE-- [fill = 0]
                  7018c080    0000006e     yis320_protocol.o (.text.find_frame_header_limited)
                  7018c0ee    00000002     --HOLE-- [fill = 0]
                  7018c0f0    0000006a     drivers.am263px.r5f.ti-arm-clang.nortos.debug.lib : ipc_notify_v1.obj (.text.IpcNotify_mailboxReadSwQ)
                  7018c15a    00000006     --HOLE-- [fill = 0]
                  7018c160    00000068                                                       : edma.obj (.text.EDMA_getBaseAddr)
                  7018c1c8    00000008     --HOLE-- [fill = 0]
                  7018c1d0    00000068                                                       : uart_v0_lld.obj (.text.UART_divisorValCompute)
                  7018c238    00000008     --HOLE-- [fill = 0]
                  7018c240    00000064                                                       : soc_rcm.obj (.text.SOC_rcmGetR5Clock)
                  7018c2a4    0000000c     --HOLE-- [fill = 0]
                  7018c2b0    00000064                                                       : soc_rcm.obj (.text.SOC_rcmIsR5FInLockStepMode)
                  7018c314    0000000c     --HOLE-- [fill = 0]
                  7018c320    00000064                                                       : uart_v0_lld.obj (.text.UART_fifoRegisterWrite)
                  7018c384    0000000c     --HOLE-- [fill = 0]
                  7018c390    00000064                                                       : uart_v0_lld.obj (.text.UART_lld_deInitDma)
                  7018c3f4    0000000c     --HOLE-- [fill = 0]
                  7018c400    00000064     imu_protocol_handler.o (.text.imu_protocol_process_uart_rx)
                  7018c464    0000000c     --HOLE-- [fill = 0]
                  7018c470    00000062     drivers.am263px.r5f.ti-arm-clang.nortos.debug.lib : mcan.obj (.text.MCAN_enableIntr)
                  7018c4d2    0000000e     --HOLE-- [fill = 0]
                  7018c4e0    00000062                                                       : mcan.obj (.text.MCAN_initTxBufElement)
                  7018c542    0000000e     --HOLE-- [fill = 0]
                  7018c550    00000062                                                       : soc_rcm.obj (.text.SOC_rcmInsert16)
                  7018c5b2    0000000e     --HOLE-- [fill = 0]
                  7018c5c0    00000062     nortos.am263px.r5f.ti-arm-clang.debug.lib : SemaphoreP_nortos.obj (.text.SemaphoreP_post)
                  7018c622    0000000e     --HOLE-- [fill = 0]
                  7018c630    00000060     drivers.am263px.r5f.ti-arm-clang.nortos.debug.lib : mcan.obj (.text.MCAN_selectIntrLine)
                  7018c690    00000060                                                       : uart_v0_lld.obj (.text.UART_getChar)
                  7018c6f0    00000060                                                       : uart_v0_lld.obj (.text.UART_writeData)
                  7018c750    0000005e     yis320_protocol.o (.text.yis320_protocol_handler_init)
                  7018c7ae    00000002     --HOLE-- [fill = 0]
                  7018c7b0    0000005c     ti_power_clock_config.o (.text.Module_clockSetFrequency)
                  7018c80c    00000004     --HOLE-- [fill = 0]
                  7018c810    0000005c     drivers.am263px.r5f.ti-arm-clang.nortos.debug.lib : uart_v0_lld.obj (.text.UART_lld_deInit)
                  7018c86c    00000004     --HOLE-- [fill = 0]
                  7018c870    0000005a                                                       : uart_v0_lld.obj (.text.UART_regConfigModeEnable)
                  7018c8ca    00000006     --HOLE-- [fill = 0]
                  7018c8d0    00000058                                                       : soc_rcm.obj (.text.SOC_rcmGetModuleClkDivVal)
                  7018c928    00000008     --HOLE-- [fill = 0]
                  7018c930    00000058     yis320_protocol.o (.text.parse_angular_velocity)
                  7018c988    00000008     --HOLE-- [fill = 0]
                  7018c990    00000058     yis320_protocol.o (.text.parse_euler_angles)
                  7018c9e8    00000008     --HOLE-- [fill = 0]
                  7018c9f0    00000056     drivers.am263px.r5f.ti-arm-clang.nortos.debug.lib : uart_v0.obj (.text.UART_lld_readCompleteCallback)
                  7018ca46    0000000a     --HOLE-- [fill = 0]
                  7018ca50    00000056                                                       : uart_v0.obj (.text.UART_lld_writeCompleteCallback)
                  7018caa6    0000000a     --HOLE-- [fill = 0]
                  7018cab0    00000056     motor_mapping.o (.text.uint16_to_float)
                  7018cb06    0000000a     --HOLE-- [fill = 0]
                  7018cb10    00000056     yis320_protocol.o (.text.vtable_initialize)
                  7018cb66    0000000a     --HOLE-- [fill = 0]
                  7018cb70    00000054     ti_dpl_config.o (.text.Dpl_init)
                  7018cbc4    0000000c     --HOLE-- [fill = 0]
                  7018cbd0    00000054     drivers.am263px.r5f.ti-arm-clang.nortos.debug.lib : edma.obj (.text.EDMA_setPaRAM)
                  7018cc24    0000000c     --HOLE-- [fill = 0]
                  7018cc30    00000054                                                       : uart_v0_lld.obj (.text.UART_OperModeValid)
                  7018cc84    0000000c     --HOLE-- [fill = 0]
                  7018cc90    00000054     main.o (.text.main)
                  7018cce4    00000054     libc.a : autoinit.c.obj (.text:__TI_auto_init_nobinit_nopinit)
                  7018cd38    00000008     --HOLE-- [fill = 0]
                  7018cd40    00000050     ti_drivers_open_close.o (.text.Drivers_uartClose)
                  7018cd90    00000050     drivers.am263px.r5f.ti-arm-clang.nortos.debug.lib : pinmux.obj (.text.Pinmux_config)
                  7018cde0    00000050                                                       : uart_v0_lld.obj (.text.UART_checkCharsAvailInFifo)
                  7018ce30    00000050     main.o (.text.ipc_notify_callback_fxn)
                  7018ce80    0000004e     nortos.am263px.r5f.ti-arm-clang.debug.lib : DebugP_shmLogWriter.obj (.text.DebugP_shmLogWriterInit)
                  7018cece    00000002     --HOLE-- [fill = 0]
                  7018ced0    0000004e     drivers.am263px.r5f.ti-arm-clang.nortos.debug.lib : edma.obj (.text.EDMA_clrEvtRegion)
                  7018cf1e    00000002     --HOLE-- [fill = 0]
                  7018cf20    0000004e                                                       : edma.obj (.text.EDMA_disableDmaEvtRegion)
                  7018cf6e    00000002     --HOLE-- [fill = 0]
                  7018cf70    0000004e                                                       : edma.obj (.text.EDMA_disableEvtIntrRegion)
                  7018cfbe    00000002     --HOLE-- [fill = 0]
                  7018cfc0    0000004e                                                       : edma.obj (.text.EDMA_enableDmaEvtRegion)
                  7018d00e    00000002     --HOLE-- [fill = 0]
                  7018d010    0000004e                                                       : edma.obj (.text.EDMA_enableEvtIntrRegion)
                  7018d05e    00000002     --HOLE-- [fill = 0]
                  7018d060    0000004e                                                       : edma.obj (.text.EDMA_setEvtRegion)
                  7018d0ae    00000002     --HOLE-- [fill = 0]
                  7018d0b0    0000004e                                                       : gpio.obj (.text.GPIO_setDirMode)
                  7018d0fe    00000002     --HOLE-- [fill = 0]
                  7018d100    0000004e                                                       : mcan.obj (.text.MCAN_enableIntrLine)
                  7018d14e    00000002     --HOLE-- [fill = 0]
                  7018d150    0000004c     nortos.am263px.r5f.ti-arm-clang.debug.lib : ClockP_nortos.obj (.text.ClockP_construct)
                  7018d19c    00000004     --HOLE-- [fill = 0]
                  7018d1a0    0000004c     drivers.am263px.r5f.ti-arm-clang.nortos.debug.lib : edma.obj (.text.EDMA_ccPaRAMEntry_init)
                  7018d1ec    00000004     --HOLE-- [fill = 0]
                  7018d1f0    0000004c                                                       : edma.obj (.text.EDMA_mapQdmaChToPaRAM)
                  7018d23c    00000004     --HOLE-- [fill = 0]
                  7018d240    0000004c                                                       : edma.obj (.text.EDMA_readEventStatusRegion)
                  7018d28c    00000004     --HOLE-- [fill = 0]
                  7018d290    0000004c                                                       : ipc_notify_v1.obj (.text.IpcNotify_unregisterClient)
                  7018d2dc    00000004     --HOLE-- [fill = 0]
                  7018d2e0    0000004c     ti_power_clock_config.o (.text.Module_clockEnable)
                  7018d32c    00000004     --HOLE-- [fill = 0]
                  7018d330    0000004c     gateway_shared.o (.text.gateway_update_stat)
                  7018d37c    0000004c     libc.a : memmov.c.obj (.text.memmove)
                  7018d3c8    00000008     --HOLE-- [fill = 0]
                  7018d3d0    0000004c     yis320_protocol.o (.text.parse_quaternion)
                  7018d41c    00000004     --HOLE-- [fill = 0]
                  7018d420    0000004c     main.o (.text.timerISR)
                  7018d46c    00000004     --HOLE-- [fill = 0]
                  7018d470    0000004a     drivers.am263px.r5f.ti-arm-clang.nortos.debug.lib : ipc_notify_v1.obj (.text.IpcNotify_Params_init)
                  7018d4ba    00000006     --HOLE-- [fill = 0]
                  7018d4c0    0000004a                                                       : soc_rcm.obj (.text.SOC_rcmGetCR5SysclkInFrequency)
                  7018d50a    00000006     --HOLE-- [fill = 0]
                  7018d510    0000004a                                                       : uart_v0_lld.obj (.text.UART_getIntrIdentityStatus)
                  7018d55a    00000006     --HOLE-- [fill = 0]
                  7018d560    0000004a                                                       : uart_v0_lld.obj (.text.UART_lineCharConfig)
                  7018d5aa    00000006     --HOLE-- [fill = 0]
                  7018d5b0    0000004a     main.o (.text.motor_get_index)
                  7018d5fa    00000006     --HOLE-- [fill = 0]
                  7018d600    00000048     can_interface.o (.text.CAN_RegisterRxCallback)
                  7018d648    00000008     --HOLE-- [fill = 0]
                  7018d650    00000048     drivers.am263px.r5f.ti-arm-clang.nortos.debug.lib : uart_v0_lld.obj (.text.UART_resetModule)
                  7018d698    00000008     --HOLE-- [fill = 0]
                  7018d6a0    00000046                                                       : uart_v0_lld.obj (.text.UART_i2310WA)
                  7018d6e6    0000000a     --HOLE-- [fill = 0]
                  7018d6f0    00000046                                                       : uart_v0_lld.obj (.text.UART_readLineStatus)
                  7018d736    0000000a     --HOLE-- [fill = 0]
                  7018d740    00000046     gateway_shared.o (.text.gateway_ringbuf_get_available)
                  7018d786    0000000a     --HOLE-- [fill = 0]
                  7018d790    00000046     imu_protocol_handler.o (.text.imu_protocol_handler_init)
                  7018d7d6    0000000a     --HOLE-- [fill = 0]
                  7018d7e0    00000044     drivers.am263px.r5f.ti-arm-clang.nortos.debug.lib : ipc_notify_v1.obj (.text.IpcNotify_getWriteMailbox)
                  7018d824    0000000c     --HOLE-- [fill = 0]
                  7018d830    00000044                                                       : soc_rcm.obj (.text.SOC_rcmExtract8)
                  7018d874    0000000c     --HOLE-- [fill = 0]
                  7018d880    00000044                                                       : soc_rcm.obj (.text.SOC_rcmMake16)
                  7018d8c4    0000000c     --HOLE-- [fill = 0]
                  7018d8d0    00000044     nortos.am263px.r5f.ti-arm-clang.debug.lib : SemaphoreP_nortos.obj (.text.SemaphoreP_construct)
                  7018d914    0000000c     --HOLE-- [fill = 0]
                  7018d920    00000044                                               : DebugP_nortos.obj (.text._DebugP_logZone)
                  7018d964    0000000c     --HOLE-- [fill = 0]
                  7018d970    00000044                                               : printf.obj (.text._strnlen_s)
                  7018d9b4    0000000c     --HOLE-- [fill = 0]
                  7018d9c0    00000042                                               : ClockP_nortos.obj (.text.ClockP_start)
                  7018da02    0000000e     --HOLE-- [fill = 0]
                  7018da10    00000042     drivers.am263px.r5f.ti-arm-clang.nortos.debug.lib : uart_v0.obj (.text.UART_checkOpenParams)
                  7018da52    0000000e     --HOLE-- [fill = 0]
                  7018da60    00000040     imu_protocol_handler.o (.text.imu_protocol_update_state)
                  7018daa0    0000003e     drivers.am263px.r5f.ti-arm-clang.nortos.debug.lib : pinmux.obj (.text.Pinmux_unlockMMR)
                  7018dade    00000002     --HOLE-- [fill = 0]
                  7018dae0    0000003e                                                       : uart_v0_lld.obj (.text.UART_IsHWFlowCtrlValid)
                  7018db1e    00000002     --HOLE-- [fill = 0]
                  7018db20    0000003e                                                       : uart_v0_lld.obj (.text.UART_spaceAvail)
                  7018db5e    00000002     --HOLE-- [fill = 0]
                  7018db60    0000003e     gateway_shared.o (.text.gateway_core1_init)
                  7018db9e    00000002     --HOLE-- [fill = 0]
                  7018dba0    0000003e     gateway_shared.o (.text.gateway_update_heartbeat)
                  7018dbde    00000002     --HOLE-- [fill = 0]
                  7018dbe0    0000003c     drivers.am263px.r5f.ti-arm-clang.nortos.debug.lib : uart_v0_lld.obj (.text.UART_IsParityTypeValid)
                  7018dc1c    00000004     --HOLE-- [fill = 0]
                  7018dc20    0000003c                                                       : uart_v0_lld.obj (.text.UART_IsTxRxFifoEmpty)
                  7018dc5c    00000004     --HOLE-- [fill = 0]
                  7018dc60    0000003c                                                       : uart_v0_lld.obj (.text.UART_enhanFuncEnable)
                  7018dc9c    00000004     --HOLE-- [fill = 0]
                  7018dca0    0000003a                                                       : mcan.obj (.text.MCAN_txBufAddReq)
                  7018dcda    00000006     --HOLE-- [fill = 0]
                  7018dce0    0000003a                                                       : soc.obj (.text.SOC_moduleSetClockFrequency)
                  7018dd1a    00000006     --HOLE-- [fill = 0]
                  7018dd20    0000003a     nortos.am263px.r5f.ti-arm-clang.debug.lib : printf.obj (.text._atoi)
                  7018dd5a    00000006     --HOLE-- [fill = 0]
                  7018dd60    0000003a     main.o (.text.check_motor_commands_available)
                  7018dd9a    00000006     --HOLE-- [fill = 0]
                  7018dda0    0000003a     main.o (.text.init_1000hz_timer)
                  7018ddda    00000006     --HOLE-- [fill = 0]
                  7018dde0    0000003a     nortos.am263px.r5f.ti-arm-clang.debug.lib : printf.obj (.text.snprintf_)
                  7018de1a    00000006     --HOLE-- [fill = 0]
                  7018de20    00000038     drivers.am263px.r5f.ti-arm-clang.nortos.debug.lib : soc.obj (.text.SOC_getCoreName)
                  7018de58    00000038     nortos.am263px.r5f.ti-arm-clang.debug.lib : PmuP_armv7r_asm.obj (.text.pmu)
                  7018de90    00000038     yis320_protocol.o (.text.vtable_is_connected)
                  7018dec8    00000008     --HOLE-- [fill = 0]
                  7018ded0    00000036     drivers.am263px.r5f.ti-arm-clang.nortos.debug.lib : edma.obj (.text.EDMA_getRegionId)
                  7018df06    0000000a     --HOLE-- [fill = 0]
                  7018df10    00000036     can_interface.o (.text.GPIO_pinWriteLow)
                  7018df46    0000000a     --HOLE-- [fill = 0]
                  7018df50    00000036     ti_drivers_config.o (.text.GPIO_pinWriteLow)
                  7018df86    0000000a     --HOLE-- [fill = 0]
                  7018df90    00000036     drivers.am263px.r5f.ti-arm-clang.nortos.debug.lib : ipc_notify_v1.obj (.text.IpcNotify_syncCallback)
                  7018dfc6    0000000a     --HOLE-- [fill = 0]
                  7018dfd0    00000034                                                       : mcan.obj (.text.MCAN_SsAddr)
                  7018e004    0000000c     --HOLE-- [fill = 0]
                  7018e010    00000034                                                       : mcan.obj (.text.MCAN_calcCfgAddr)
                  7018e044    0000000c     --HOLE-- [fill = 0]
                  7018e050    00000034                                                       : pinmux.obj (.text.Pinmux_lockMMR)
                  7018e084    0000000c     --HOLE-- [fill = 0]
                  7018e090    00000034     nortos.am263px.r5f.ti-arm-clang.debug.lib : TimerP_rti_priv.obj (.text.TimerP_Params_initPriv)
                  7018e0c4    0000000c     --HOLE-- [fill = 0]
                  7018e0d0    00000034     drivers.am263px.r5f.ti-arm-clang.nortos.debug.lib : uart_v0_lld.obj (.text.UART_IsDataLengthValid)
                  7018e104    0000000c     --HOLE-- [fill = 0]
                  7018e110    00000034     motor_mapping.o (.text.motor_get_config)
                  7018e144    0000000c     --HOLE-- [fill = 0]
                  7018e150    00000032     drivers.am263px.r5f.ti-arm-clang.nortos.debug.lib : mcan.obj (.text.HW_WR_FIELD32_RAW)
                  7018e182    0000000e     --HOLE-- [fill = 0]
                  7018e190    00000032                                                       : uart_v0_lld.obj (.text.HW_WR_FIELD32_RAW)
                  7018e1c2    0000000e     --HOLE-- [fill = 0]
                  7018e1d0    00000032                                                       : ipc_notify_v1.obj (.text.IpcNotify_mailboxIsPendingIntr)
                  7018e202    0000000e     --HOLE-- [fill = 0]
                  7018e210    00000032                                                       : mcan.obj (.text.MCAN_isMemInitDone)
                  7018e242    0000000e     --HOLE-- [fill = 0]
                  7018e250    00000032     nortos.am263px.r5f.ti-arm-clang.debug.lib : TimerP_rti_priv.obj (.text.TimerP_getCountPriv)
                  7018e282    0000000e     --HOLE-- [fill = 0]
                  7018e290    00000032     drivers.am263px.r5f.ti-arm-clang.nortos.debug.lib : uart_v0_lld.obj (.text.UART_enhanFuncBitValRestore)
                  7018e2c2    0000000e     --HOLE-- [fill = 0]
                  7018e2d0    00000032                                                       : uart_v0_lld.obj (.text.UART_hardwareFlowCtrlOptSet)
                  7018e302    0000000e     --HOLE-- [fill = 0]
                  7018e310    00000030                                                       : ipc_notify_v1.obj (.text.IpcNotify_getReadSwQ)
                  7018e340    00000030                                                       : uart_v0_lld.obj (.text.UART_flowCtrlTrigLvlConfig)
                  7018e370    00000030     gateway_shared.o (.text.gateway_signal_motor_config_ready)
                  7018e3a0    0000002e     drivers.am263px.r5f.ti-arm-clang.nortos.debug.lib : uart_dma_edma.obj (.text.UART_lld_dmaInit)
                  7018e3ce    00000002     --HOLE-- [fill = 0]
                  7018e3d0    0000002e     nortos.am263px.r5f.ti-arm-clang.debug.lib : printf.obj (.text._is_digit)
                  7018e3fe    00000002     --HOLE-- [fill = 0]
                  7018e400    0000002c                                               : DebugP_log.obj (.text.DebugP_logZoneEnable)
                  7018e42c    00000004     --HOLE-- [fill = 0]
                  7018e430    0000002c     drivers.am263px.r5f.ti-arm-clang.nortos.debug.lib : ipc_notify_v1.obj (.text.IpcNotify_getReadMailbox)
                  7018e45c    00000004     --HOLE-- [fill = 0]
                  7018e460    0000002c                                                       : mcan.obj (.text.MCAN_clearNewDataStatus)
                  7018e48c    00000004     --HOLE-- [fill = 0]
                  7018e490    0000002c                                                       : mcan.obj (.text.MCAN_getNewDataStatus)
                  7018e4bc    00000004     --HOLE-- [fill = 0]
                  7018e4c0    0000002c     nortos.am263px.r5f.ti-arm-clang.debug.lib : SemaphoreP_nortos.obj (.text.SemaphoreP_constructBinary)
                  7018e4ec    00000004     --HOLE-- [fill = 0]
                  7018e4f0    0000002c     yis320_protocol.o (.text.vtable_deinit)
                  7018e51c    00000004     --HOLE-- [fill = 0]
                  7018e520    0000002a     nortos.am263px.r5f.ti-arm-clang.debug.lib : ClockP_nortos.obj (.text.ClockP_sleepTicks)
                  7018e54a    00000006     --HOLE-- [fill = 0]
                  7018e550    0000002a     drivers.am263px.r5f.ti-arm-clang.nortos.debug.lib : uart_v0_lld.obj (.text.UART_intr2Disable)
                  7018e57a    00000006     --HOLE-- [fill = 0]
                  7018e580    0000002a                                                       : uart_v0_lld.obj (.text.UART_operatingModeSelect)
                  7018e5aa    00000006     --HOLE-- [fill = 0]
                  7018e5b0    0000002a     imu_protocol_handler.o (.text.imu_process_rx_data)
                  7018e5da    00000006     --HOLE-- [fill = 0]
                  7018e5e0    00000028     nortos.am263px.r5f.ti-arm-clang.debug.lib : CpuId_armv7r.obj (.text.CSL_armR5GetCpuID)
                  7018e608    00000008     --HOLE-- [fill = 0]
                  7018e610    00000028                                               : printf.obj (.text.vprintf_)
                  7018e638    00000008     --HOLE-- [fill = 0]
                  7018e640    00000026     drivers.am263px.r5f.ti-arm-clang.nortos.debug.lib : edma.obj (.text.EDMA_disableQdmaEvtRegion)
                  7018e666    0000000a     --HOLE-- [fill = 0]
                  7018e670    00000026                                                       : edma.obj (.text.EDMA_enableQdmaEvtRegion)
                  7018e696    0000000a     --HOLE-- [fill = 0]
                  7018e6a0    00000026                                                       : edma.obj (.text.EDMA_validateIntrObject)
                  7018e6c6    0000000a     --HOLE-- [fill = 0]
                  7018e6d0    00000026     ti_drivers_config.o (.text.IpcNotify_allocSwQueue)
                  7018e6f6    0000000a     --HOLE-- [fill = 0]
                  7018e700    00000026     nortos.am263px.r5f.ti-arm-clang.debug.lib : printf.obj (.text._out_buffer)
                  7018e726    0000000a     --HOLE-- [fill = 0]
                  7018e730    00000024     ti_drivers_config.o (.text.IpcNotify_getConfig)
                  7018e754    0000000c     --HOLE-- [fill = 0]
                  7018e760    00000024     nortos.am263px.r5f.ti-arm-clang.debug.lib : SemaphoreP_nortos.obj (.text.SemaphoreP_constructMutex)
                  7018e784    0000000c     --HOLE-- [fill = 0]
                  7018e790    00000024     drivers.am263px.r5f.ti-arm-clang.nortos.debug.lib : uart_v0_lld.obj (.text.UART_IsRxTrigLvlValid)
                  7018e7b4    0000000c     --HOLE-- [fill = 0]
                  7018e7c0    00000024                                                       : uart_v0_lld.obj (.text.UART_IsStopBitsValid)
                  7018e7e4    0000000c     --HOLE-- [fill = 0]
                  7018e7f0    00000024                                                       : uart_v0_lld.obj (.text.UART_IsTxTrigLvlValid)
                  7018e814    0000000c     --HOLE-- [fill = 0]
                  7018e820    00000024                                                       : uart_v0.obj (.text.UART_getBaseAddr)
                  7018e844    00000024     libclang_rt.builtins.a : aeabi_uldivmod.S.obj (.text.__aeabi_uldivmod)
                  7018e868    00000008     --HOLE-- [fill = 0]
                  7018e870    00000024     nortos.am263px.r5f.ti-arm-clang.debug.lib : printf.obj (.text._out_char)
                  7018e894    0000000c     --HOLE-- [fill = 0]
                  7018e8a0    00000022     drivers.am263px.r5f.ti-arm-clang.nortos.debug.lib : edma.obj (.text.EDMA_channelToParamMap)
                  7018e8c2    0000000e     --HOLE-- [fill = 0]
                  7018e8d0    00000022     gateway_shared.o (.text.gateway_ringbuf_core1_receive)
                  7018e8f2    0000000e     --HOLE-- [fill = 0]
                  7018e900    00000020     nortos.am263px.r5f.ti-arm-clang.debug.lib : ClockP_nortos.obj (.text.ClockP_isActive)
                  7018e920    00000020                                               : ClockP_nortos.obj (.text.ClockP_usecToTicks)
                  7018e940    00000020     drivers.am263px.r5f.ti-arm-clang.nortos.debug.lib : mcan.obj (.text.HW_RD_FIELD32_RAW)
                  7018e960    00000020                                                       : uart_v0_lld.obj (.text.HW_RD_FIELD32_RAW)
                  7018e980    0000001e     nortos.am263px.r5f.ti-arm-clang.debug.lib : ClockP_nortos.obj (.text.ClockP_Params_init)
                  7018e99e    00000002     --HOLE-- [fill = 0]
                  7018e9a0    0000001e     drivers.am263px.r5f.ti-arm-clang.nortos.debug.lib : edma.obj (.text.EDMA_getEventStatusHigh)
                  7018e9be    00000002     --HOLE-- [fill = 0]
                  7018e9c0    0000001e                                                       : mcan.obj (.text.MCAN_setOpMode)
                  7018e9de    00000002     --HOLE-- [fill = 0]
                  7018e9e0    0000001e                                                       : soc.obj (.text.SOC_getSelfCpuClk)
                  7018e9fe    00000002     --HOLE-- [fill = 0]
                  7018ea00    0000001e                                                       : soc.obj (.text.SOC_moduleClockEnable)
                  7018ea1e    00000002     --HOLE-- [fill = 0]
                  7018ea20    0000001e     ti_dpl_config.o (.text.TimerP_isr0)
                  7018ea3e    00000002     --HOLE-- [fill = 0]
                  7018ea40    0000001e     drivers.am263px.r5f.ti-arm-clang.nortos.debug.lib : uart_v0_lld.obj (.text.UART_breakCtl)
                  7018ea5e    00000002     --HOLE-- [fill = 0]
                  7018ea60    0000001e                                                       : uart_v0_lld.obj (.text.UART_lld_Transaction_deInit)
                  7018ea7e    00000002     --HOLE-- [fill = 0]
                  7018ea80    0000001c                                                       : edma.obj (.text.EDMA_getEventStatus)
                  7018ea9c    00000004     --HOLE-- [fill = 0]
                  7018eaa0    0000001c                                                       : mcan.obj (.text.MCAN_writeProtectedRegAccessLock)
                  7018eabc    00000004     --HOLE-- [fill = 0]
                  7018eac0    0000001c                                                       : mcan.obj (.text.MCAN_writeProtectedRegAccessUnlock)
                  7018eadc    00000004     --HOLE-- [fill = 0]
                  7018eae0    0000001c                                                       : uart_v0_lld.obj (.text.UART_IsParameter)
                  7018eafc    0000001c     libc.a : memcpy32.S.obj (.text:TI_memcpy_small)
                  7018eb18    00000008     --HOLE-- [fill = 0]
                  7018eb20    0000001a     drivers.am263px.r5f.ti-arm-clang.nortos.debug.lib : mcan.obj (.text.MCAN_clearIntrStatus)
                  7018eb3a    00000006     --HOLE-- [fill = 0]
                  7018eb40    0000001a                                                       : mcan.obj (.text.MCAN_getOpMode)
                  7018eb5a    00000006     --HOLE-- [fill = 0]
                  7018eb60    0000001a                                                       : uart_v0_lld.obj (.text.UART_fifoCharGet)
                  7018eb7a    00000006     --HOLE-- [fill = 0]
                  7018eb80    0000001a                                                       : uart_v0_lld.obj (.text.UART_timeGuardConfig)
                  7018eb9a    00000006     --HOLE-- [fill = 0]
                  7018eba0    00000018     nortos.am263px.r5f.ti-arm-clang.debug.lib : ClockP_nortos.obj (.text.ClockP_ticksToUsec)
                  7018ebb8    00000008     --HOLE-- [fill = 0]
                  7018ebc0    00000018     drivers.am263px.r5f.ti-arm-clang.nortos.debug.lib : edma.obj (.text.EDMA_isInterruptEnabled)
                  7018ebd8    00000008     --HOLE-- [fill = 0]
                  7018ebe0    00000018                                                       : ipc_notify_v1.obj (.text.IpcNotify_mailboxClearAllInt)
                  7018ebf8    00000008     --HOLE-- [fill = 0]
                  7018ec00    00000018                                                       : ipc_notify_v1_cfg.obj (.text.IpcNotify_trigInterrupt)
                  7018ec18    00000008     --HOLE-- [fill = 0]
                  7018ec20    00000018     nortos.am263px.r5f.ti-arm-clang.debug.lib : SemaphoreP_nortos.obj (.text.SemaphoreP_Params_init)
                  7018ec38    00000008     --HOLE-- [fill = 0]
                  7018ec40    00000018                                               : TimerP_rti_priv.obj (.text.TimerP_getReloadCountPriv)
                  7018ec58    00000008     --HOLE-- [fill = 0]
                  7018ec60    00000018     drivers.am263px.r5f.ti-arm-clang.nortos.debug.lib : uart_v0_lld.obj (.text.UART_divisorLatchDisable)
                  7018ec78    00000008     --HOLE-- [fill = 0]
                  7018ec80    00000018                                                       : uart_v0_lld.obj (.text.UART_modemControlReset)
                  7018ec98    00000008     --HOLE-- [fill = 0]
                  7018eca0    00000018                                                       : uart_v0_lld.obj (.text.UART_putChar)
                  7018ecb8    00000018     libc.a : memset32.S.obj (.text:TI_memset_small)
                  7018ecd0    00000016     drivers.am263px.r5f.ti-arm-clang.nortos.debug.lib : ipc_notify_v1.obj (.text.IpcNotify_sendSync)
                  7018ece6    0000000a     --HOLE-- [fill = 0]
                  7018ecf0    00000016                                                       : mcan.obj (.text.MCAN_getIntrStatus)
                  7018ed06    0000000a     --HOLE-- [fill = 0]
                  7018ed10    00000016     nortos.am263px.r5f.ti-arm-clang.debug.lib : TimerP_rti_priv.obj (.text.TimerP_startPriv)
                  7018ed26    0000000a     --HOLE-- [fill = 0]
                  7018ed30    00000016                                               : TimerP_rti_priv.obj (.text.TimerP_stopPriv)
                  7018ed46    0000000a     --HOLE-- [fill = 0]
                  7018ed50    00000016     drivers.am263px.r5f.ti-arm-clang.nortos.debug.lib : uart_v0_lld.obj (.text.UART_divideRoundCloset)
                  7018ed66    0000000a     --HOLE-- [fill = 0]
                  7018ed70    00000016                                                       : uart_v0_lld.obj (.text.UART_regConfModeRestore)
                  7018ed86    0000000a     --HOLE-- [fill = 0]
                  7018ed90    00000014                                                       : edma.obj (.text.HW_WR_REG16_RAW)
                  7018eda4    0000000c     --HOLE-- [fill = 0]
                  7018edb0    00000014                                                       : ipc_notify_v1.obj (.text.IpcNotify_mailboxClearPendingIntr)
                  7018edc4    0000000c     --HOLE-- [fill = 0]
                  7018edd0    00000014                                                       : soc_rcm.obj (.text.SOC_rcmGetModuleClkDivFromRegVal)
                  7018ede4    0000000c     --HOLE-- [fill = 0]
                  7018edf0    00000014     nortos.am263px.r5f.ti-arm-clang.debug.lib : TimerP_rti_priv.obj (.text.TimerP_clearOverflowIntPriv)
                  7018ee04    0000000c     --HOLE-- [fill = 0]
                  7018ee10    00000014                                               : TimerP_rti_nortos.obj (.text.TimerP_setup)
                  7018ee24    0000000c     --HOLE-- [fill = 0]
                  7018ee30    00000014     ti_dpl_config.o (.text.putchar_)
                  7018ee44    0000000c     --HOLE-- [fill = 0]
                  7018ee50    00000012     ti_pinmux_config.o (.text.Pinmux_init)
                  7018ee62    0000000e     --HOLE-- [fill = 0]
                  7018ee70    00000012     gateway_shared.o (.text.gateway_check_emergency_stop)
                  7018ee82    0000000e     --HOLE-- [fill = 0]
                  7018ee90    00000012     gateway_shared.o (.text.gateway_ringbuf_core1_get_available)
                  7018eea2    0000000e     --HOLE-- [fill = 0]
                  7018eeb0    00000012     imu_protocol_handler.o (.text.imu_initialize)
                  7018eec2    0000000e     --HOLE-- [fill = 0]
                  7018eed0    00000012     imu_interface_isr.o (.text.imu_uart_is_initialized)
                  7018eee2    0000000e     --HOLE-- [fill = 0]
                  7018eef0    00000012     yis320_protocol.o (.text.yis320_get_timestamp_ms)
                  7018ef02    0000000e     --HOLE-- [fill = 0]
                  7018ef10    00000010     can_interface.o (.text.CSL_REG32_WR_RAW)
                  7018ef20    00000010     drivers.am263px.r5f.ti-arm-clang.nortos.debug.lib : pinmux.obj (.text.CSL_REG32_WR_RAW)
                  7018ef30    00000010                                                       : soc.obj (.text.CSL_REG32_WR_RAW)
                  7018ef40    00000010     ti_drivers_config.o (.text.CSL_REG32_WR_RAW)
                  7018ef50    00000010     nortos.am263px.r5f.ti-arm-clang.debug.lib : ClockP_nortos_r5.obj (.text.ClockP_getTimerCount)
                  7018ef60    00000010                                               : ClockP_nortos_r5.obj (.text.ClockP_timerClearOverflowInt)
                  7018ef70    00000010     drivers.am263px.r5f.ti-arm-clang.nortos.debug.lib : edma.obj (.text.HW_RD_REG32_RAW)
                  7018ef80    00000010                                                       : mcan.obj (.text.HW_RD_REG32_RAW)
                  7018ef90    00000010                                                       : uart_v0_lld.obj (.text.HW_RD_REG32_RAW)
                  7018efa0    00000010                                                       : edma.obj (.text.HW_WR_REG32_RAW)
                  7018efb0    00000010                                                       : mcan.obj (.text.HW_WR_REG32_RAW)
                  7018efc0    00000010                                                       : uart_v0_lld.obj (.text.HW_WR_REG32_RAW)
                  7018efd0    00000010                                                       : ipc_notify_v1.obj (.text.IpcNotify_mailboxGetPendingIntr)
                  7018efe0    00000010     nortos.am263px.r5f.ti-arm-clang.debug.lib : TimerP_rti_nortos.obj (.text.TimerP_Params_init)
                  7018eff0    00000010                                               : TimerP_rti_nortos.obj (.text.TimerP_clearOverflowInt)
                  7018f000    00000010                                               : TimerP_rti_nortos.obj (.text.TimerP_getCount)
                  7018f010    00000010                                               : TimerP_rti_nortos.obj (.text.TimerP_getReloadCount)
                  7018f020    00000010                                               : TimerP_rti_nortos.obj (.text.TimerP_start)
                  7018f030    00000010                                               : printf.obj (.text._out_null)
                  7018f040    00000010     gateway_shared.o (.text.gateway_notify_imu_ready)
                  7018f050    00000010     gateway_shared.o (.text.gateway_notify_states_ready)
                  7018f060    0000000e     yis320_protocol.o (.text.yis320_uart_configure)
                  7018f06e    00000002     --HOLE-- [fill = 0]
                  7018f070    0000000c     ti_board_open_close.o (.text.Board_driversOpen)
                  7018f07c    00000004     --HOLE-- [fill = 0]
                  7018f080    0000000c     nortos.am263px.r5f.ti-arm-clang.debug.lib : ClockP_nortos.obj (.text.ClockP_getTicks)
                  7018f08c    00000004     --HOLE-- [fill = 0]
                  7018f090    0000000c     ti_drivers_open_close.o (.text.Drivers_open)
                  7018f09c    00000004     --HOLE-- [fill = 0]
                  7018f0a0    0000000c     ti_power_clock_config.o (.text.PowerClock_init)
                  7018f0ac    00000004     --HOLE-- [fill = 0]
                  7018f0b0    0000000c     yis320_protocol.o (.text.vtable_read_data)
                  7018f0bc    00000004     --HOLE-- [fill = 0]
                  7018f0c0    0000000a     nortos.am263px.r5f.ti-arm-clang.debug.lib : HwiP_armv7r_vim.obj (.text.Hwip_dataAndInstructionBarrier)
                  7018f0ca    00000006     --HOLE-- [fill = 0]
                  7018f0d0    0000000a     drivers.am263px.r5f.ti-arm-clang.nortos.debug.lib : ipc_notify_v1.obj (.text.IpcNotify_dataAndInstructionBarrier)
                  7018f0da    00000006     --HOLE-- [fill = 0]
                  7018f0e0    0000000a                                                       : soc_rcm.obj (.text.SOC_rcmGetBaseAddressMSSRCM)
                  7018f0ea    00000006     --HOLE-- [fill = 0]
                  7018f0f0    0000000a                                                       : uart_dma_edma.obj (.text.UART_edmaDoNothing)
                  7018f0fa    00000006     --HOLE-- [fill = 0]
                  7018f100    0000000a     gateway_shared.o (.text.gateway_memory_barrier)
                  7018f10a    00000006     --HOLE-- [fill = 0]
                  7018f110    0000000a     gateway_shared.o (.text.ringbuf_get_ptr)
                  7018f11a    00000006     --HOLE-- [fill = 0]
                  7018f120    00000008     ti_drivers_config.o (.text.Drivers_uartInit)
                  7018f128    00000008     --HOLE-- [fill = 0]
                  7018f130    00000008     drivers.am263px.r5f.ti-arm-clang.nortos.debug.lib : soc_rcm.obj (.text.SOC_rcmGetBaseAddressMSSCTRL)
                  7018f138    00000008     --HOLE-- [fill = 0]
                  7018f140    00000008                                                       : soc_rcm.obj (.text.SOC_rcmGetBaseAddressTOPRCM)
                  7018f148    00000008     --HOLE-- [fill = 0]
                  7018f150    00000008     nortos.am263px.r5f.ti-arm-clang.debug.lib : SemaphoreP_nortos.obj (.text.SemaphoreP_destruct)
                  7018f158    00000008     --HOLE-- [fill = 0]
                  7018f160    00000002     ti_board_open_close.o (.text.Board_driversClose)
                  7018f162    0000000e     --HOLE-- [fill = 0]
                  7018f170    00000002     ti_board_config.o (.text.Board_init)
                  7018f172    0000000e     --HOLE-- [fill = 0]
                  7018f180    00000002     ti_drivers_open_close.o (.text.Drivers_mcanOpen)
                  7018f182    0000000e     --HOLE-- [fill = 0]
                  7018f190    00000002     drivers.am263px.r5f.ti-arm-clang.nortos.debug.lib : ipc_notify_v1_cfg.obj (.text.IpcNotify_wait)
                  7018f192    0000000e     --HOLE-- [fill = 0]
                  7018f1a0    00000002     nortos.am263px.r5f.ti-arm-clang.debug.lib : TaskP_nortos.obj (.text.TaskP_yield)
                  7018f1a2    0000000e     --HOLE-- [fill = 0]

.rodata    0    7018f1b0    00002278     
                  7018f1b0    00000450     motor_mapping.o (.rodata.motor_config_table)
                  7018f600    00000084     ti_dpl_config.o (.rodata.cfg)
                  7018f684    00000062     main.o (.rodata.str1.11321157723316767883.1)
                  7018f6e6    0000005e     main.o (.rodata.str1.15996357275703397564.1)
                  7018f744    0000005d     main.o (.rodata.str1.2563708670032483588.1)
                  7018f7a1    00000007     drivers.am263px.r5f.ti-arm-clang.nortos.debug.lib : soc.obj (.rodata.str1.12179086363571468349.1)
                  7018f7a8    00000050     nortos.am263px.r5f.ti-arm-clang.debug.lib : printf.obj (.rodata._ftoa.pow10)
                  7018f7f8    0000004d     gateway_shared.o (.rodata.str1.3223734256326991069.1)
                  7018f845    0000004c     main.o (.rodata.str1.10720410773482754683.1)
                  7018f891    00000049     can_interface.o (.rodata.str1.2401924719955226879.1)
                  7018f8da    00000002     drivers.am263px.r5f.ti-arm-clang.nortos.debug.lib : soc_rcm.obj (.rodata.gCR5ClkSrcInfoMap)
                  7018f8dc    00000048                                                       : soc_rcm.obj (.rodata.gADPLLJConfigTbl)
                  7018f924    00000045     can_interface.o (.rodata.str1.17857559882412085052.1)
                  7018f969    00000043     main.o (.rodata.str1.10313062130652730376.1)
                  7018f9ac    00000042     main.o (.rodata.str1.11702106008850790973.1)
                  7018f9ee    00000041     main.o (.rodata.str1.16265332423659789559.1)
                  7018fa2f    00000001     --HOLE-- [fill = 0]
                  7018fa30    00000040     drivers.am263px.r5f.ti-arm-clang.nortos.debug.lib : mcan.obj (.rodata.gDataSize)
                  7018fa70    00000040                                                       : ipc_notify_v1.obj (.rodata.str1.10118846006578224169.1)
                  7018fab0    00000040     gateway_shared.o (.rodata.str1.1309647279537151951.1)
                  7018faf0    0000003f     main.o (.rodata.str1.16302215771116645891.1)
                  7018fb2f    0000003f     can_interface.o (.rodata.str1.2569929632086669665.1)
                  7018fb6e    0000003e     imu_interface_isr.o (.rodata.str1.2252785669688110604.1)
                  7018fbac    0000003e     can_interface.o (.rodata.str1.908759874261081554.1)
                  7018fbea    0000003d     nortos.am263px.r5f.ti-arm-clang.debug.lib : TimerP_rti_priv.obj (.rodata.str1.11388379688747141303.1)
                  7018fc27    0000003d     main.o (.rodata.str1.13782249893155712474.1)
                  7018fc64    0000003d     can_interface.o (.rodata.str1.1525376828482709340.1)
                  7018fca1    0000003c     main.o (.rodata.str1.8108965883388295311.1)
                  7018fcdd    0000003b     can_interface.o (.rodata.str1.13886886582160776261.1)
                  7018fd18    00000039     can_interface.o (.rodata.str1.13942422985958650841.1)
                  7018fd51    00000039     can_interface.o (.rodata.str1.15906871730334742222.1)
                  7018fd8a    00000039     can_interface.o (.rodata.str1.16770118065840302171.1)
                  7018fdc3    00000038     gateway_shared.o (.rodata.str1.8694082244888993162.1)
                  7018fdfb    00000038     imu_interface_isr.o (.rodata.str1.9168798226845388136.1)
                  7018fe33    00000037     gateway_shared.o (.rodata.str1.10638658715010209595.1)
                  7018fe6a    00000037     can_interface.o (.rodata.str1.17102373369105828453.1)
                  7018fea1    00000037     main.o (.rodata.str1.3530083166107438000.1)
                  7018fed8    00000037     gateway_shared.o (.rodata.str1.5629998949668554045.1)
                  7018ff0f    00000036     can_interface.o (.rodata.str1.10186677634541030339.1)
                  7018ff45    00000036     imu_interface_isr.o (.rodata.str1.13916086747295221358.1)
                  7018ff7b    00000036     can_interface.o (.rodata.str1.15146467347084621569.1)
                  7018ffb1    00000035     can_interface.o (.rodata.str1.11434220007320834734.1)
                  7018ffe6    00000035     main.o (.rodata.str1.16631870348416990953.1)
                  7019001b    00000035     can_interface.o (.rodata.str1.6692020027550076815.1)
                  70190050    00000035     ti_drivers_open_close.o (.rodata.str1.871795152488895636.1)
                  70190085    00000035     main.o (.rodata.str1.9059077390166914652.1)
                  701900ba    00000034     main.o (.rodata.str1.13288086030101331538.1)
                  701900ee    00000034     main.o (.rodata.str1.14112174005742061988.1)
                  70190122    00000034     main.o (.rodata.str1.17376258722486336754.1)
                  70190156    00000034     main.o (.rodata.str1.18092426736022315238.1)
                  7019018a    00000034     main.o (.rodata.str1.6891813955777630061.1)
                  701901be    00000033     can_interface.o (.rodata.str1.13538652865395202372.1)
                  701901f1    00000033     main.o (.rodata.str1.8428454045432808059.1)
                  70190224    00000032     can_interface.o (.rodata.str1.2296911319530636772.1)
                  70190256    00000031     main.o (.rodata.str1.10865113624938808685.1)
                  70190287    00000031     can_interface.o (.rodata.str1.4211222669969280216.1)
                  701902b8    00000031     gateway_shared.o (.rodata.str1.6121471336334202706.1)
                  701902e9    00000031     motor_mapping.o (.rodata.str1.8787205977826144616.1)
                  7019031a    00000030     can_interface.o (.rodata.str1.10130696897761414469.1)
                  7019034a    00000030     can_interface.o (.rodata.str1.2167712102046818855.1)
                  7019037a    00000030     main.o (.rodata.str1.403738606202455663.1)
                  701903aa    00000030     imu_interface_isr.o (.rodata.str1.4417852805959727765.1)
                  701903da    00000030     main.o (.rodata.str1.8154729771448623357.1)
                  7019040a    0000002f     main.o (.rodata.str1.11870794119293528247.1)
                  70190439    0000002f     can_interface.o (.rodata.str1.15094798983471906066.1)
                  70190468    0000002f     gateway_shared.o (.rodata.str1.3129942817937968154.1)
                  70190497    0000002f     main.o (.rodata.str1.6554448696319176064.1)
                  701904c6    0000002f     drivers.am263px.r5f.ti-arm-clang.nortos.debug.lib : ipc_notify_v1.obj (.rodata.str1.9418228565027791152.1)
                  701904f5    0000002e     can_interface.o (.rodata.str1.11024350005305706282.1)
                  70190523    0000002e     gateway_shared.o (.rodata.str1.11051107022181534624.1)
                  70190551    0000002e     main.o (.rodata.str1.14079361385603432444.1)
                  7019057f    0000002e     main.o (.rodata.str1.7996925722583989644.1)
                  701905ad    0000002e     gateway_shared.o (.rodata.str1.9859227269409816370.1)
                  701905db    0000002d     main.o (.rodata.str1.14466178792657420020.1)
                  70190608    0000002d     can_interface.o (.rodata.str1.150960857071891705.1)
                  70190635    0000002d     main.o (.rodata.str1.2624144126699937905.1)
                  70190662    0000002d     main.o (.rodata.str1.5043408953494467246.1)
                  7019068f    0000002d     can_interface.o (.rodata.str1.6401568125276999251.1)
                  701906bc    0000002d     can_interface.o (.rodata.str1.6531933829109918715.1)
                  701906e9    0000002c     can_interface.o (.rodata.str1.14845445665763636722.1)
                  70190715    0000002c     main.o (.rodata.str1.2763581881760962609.1)
                  70190741    0000002c     gateway_shared.o (.rodata.str1.7167262159681625771.1)
                  7019076d    0000002b     main.o (.rodata.str1.18227636981041470289.1)
                  70190798    0000002b     can_interface.o (.rodata.str1.3858671167962548137.1)
                  701907c3    0000002b     can_interface.o (.rodata.str1.5571669369711139161.1)
                  701907ee    0000002a     can_interface.o (.rodata.str1.17855712168153945246.1)
                  70190818    0000002a     nortos.am263px.r5f.ti-arm-clang.debug.lib : DebugP_log.obj (.rodata.str1.227947788441500939.1)
                  70190842    0000002a     main.o (.rodata.str1.2846389346932560359.1)
                  7019086c    0000002a     main.o (.rodata.str1.8096991282711418442.1)
                  70190896    00000029     imu_interface_isr.o (.rodata.str1.15503275091179387347.1)
                  701908bf    00000029     can_interface.o (.rodata.str1.357542981605220142.1)
                  701908e8    00000029     main.o (.rodata.str1.39260288392874984.1)
                  70190911    00000029     can_interface.o (.rodata.str1.6910353934698693424.1)
                  7019093a    00000029     can_interface.o (.rodata.str1.7679921882182829519.1)
                  70190963    00000029     main.o (.rodata.str1.8076846746581808073.1)
                  7019098c    00000028     main.o (.rodata.str1.13030671760666898970.1)
                  701909b4    00000028     main.o (.rodata.str1.1311392489248731986.1)
                  701909dc    00000028     main.o (.rodata.str1.15159059442110792349.1)
                  70190a04    00000027     nortos.am263px.r5f.ti-arm-clang.debug.lib : ClockP_nortos_r5.obj (.rodata.str1.12743090444791882666.1)
                  70190a2b    00000027     main.o (.rodata.str1.17045314124001216156.1)
                  70190a52    00000027     main.o (.rodata.str1.7784929982665794503.1)
                  70190a79    00000026     can_interface.o (.rodata.str1.14406550278730177052.1)
                  70190a9f    00000026     gateway_shared.o (.rodata.str1.17046880449980016103.1)
                  70190ac5    00000026     gateway_shared.o (.rodata.str1.5761821093615868877.1)
                  70190aeb    00000026     can_interface.o (.rodata.str1.6806839034663112933.1)
                  70190b11    00000025     main.o (.rodata.str1.10635229749459437609.1)
                  70190b36    00000025     main.o (.rodata.str1.2123964117280943167.1)
                  70190b5b    00000024     can_interface.o (.rodata.str1.14428574951410983152.1)
                  70190b7f    00000024     can_interface.o (.rodata.str1.17339864536769639315.1)
                  70190ba3    00000024     imu_interface_isr.o (.rodata.str1.6306445455767916371.1)
                  70190bc7    00000024     main.o (.rodata.str1.7702501944640899365.1)
                  70190beb    00000023     drivers.am263px.r5f.ti-arm-clang.nortos.debug.lib : soc_rcm.obj (.rodata.str1.2078190104202520215.1)
                  70190c0e    00000023     nortos.am263px.r5f.ti-arm-clang.debug.lib : ClockP_nortos_r5.obj (.rodata.str1.7689125538912326484.1)
                  70190c31    00000022     drivers.am263px.r5f.ti-arm-clang.nortos.debug.lib : edma.obj (.rodata.str1.12976018205622752890.1)
                  70190c53    00000021     can_interface.o (.rodata.str1.12573338884863454617.1)
                  70190c74    00000021     nortos.am263px.r5f.ti-arm-clang.debug.lib : ClockP_nortos_r5.obj (.rodata.str1.8559540482768925367.1)
                  70190c95    00000003     can_interface.o (.rodata.str1.15257894921296593044.1)
                  70190c98    00000020     drivers.am263px.r5f.ti-arm-clang.nortos.debug.lib : mcan.obj (.rodata.gMsgObjSize)
                  70190cb8    00000020     can_interface.o (.rodata.g_mcan_base_addr)
                  70190cd8    00000020     can_interface.o (.rodata.g_mcan_intr_num)
                  70190cf8    00000020     main.o (.rodata.str1.14402440632258215044.1)
                  70190d18    00000020     drivers.am263px.r5f.ti-arm-clang.nortos.debug.lib : uart_v0.obj (.rodata.str1.16594507886308206351.1)
[...]
00000000  __TI_ATRegion1_trg_addr              
00000000  __TI_ATRegion2_region_sz             
00000000  __TI_ATRegion2_src_addr              
00000000  __TI_ATRegion2_trg_addr              
00000000  __TI_static_base__                   
00000000  _vectors                             
00000100  __ABORT_STACK_SIZE                   
00000100  __FIQ_STACK_SIZE                     
00000100  __IRQ_STACK_SIZE                     
00000100  __UNDEFINED_STACK_SIZE               
00001000  __SVC_STACK_SIZE                     
00004000  __STACK_SIZE                         
70180a34  __aeabi_memclr                       
70180a34  __aeabi_memclr4                      
70180a34  __aeabi_memclr8                      
701811bc  __aeabi_ldiv0                        
70181838  C$$EXIT                              
70181838  HOSTexit                             
70181841  SOC_rcmEnablePeripheralClock         
70181e78  __aeabi_memcpy                       
70181e78  __aeabi_memcpy4                      
70181e78  __aeabi_memcpy8                      
70181e7c  __aeabi_memmove                      
70181e7c  __aeabi_memmove4                     
70181e7c  __aeabi_memmove8                     
70182464  CSL_armR5ReadMpidrReg                
70182d31  UART_open                            
70183131  IpcNotify_init                       
70183c01  SOC_virtToPhy                        
70183f11  motor_mapping_init_core1             
70184501  MCAN_msgRAMConfig                    
701855f1  CAN_TransmitBatch                    
70185821  UART_lld_dmaDeInit                   
70185a51  IpcNotify_isr                        
70185c81  TimerP_setupPriv                     
70185e61  UART_lld_dmaWrite                    
70186011  UART_close                           
701861c1  UART_lld_controllerIsr               
70186361  CAN_StartRxInterrupts                
70186681  MCAN_calcMsgRamParamsStartAddr       
70186811  EDMA_unregisterIntr                  
70186981  SOC_controlModuleUnlockMMR           
70186ae1  CAN_Init                             
70186c41  UART_lld_initDma                     
70186da1  DebugP_shmLogWriterPutChar           
70187191  MCAN_setBitTime                      
701872e1  imu_uart_isr_init                    
70187571  MCAN_readMsgRam                      
701877f1  ClockP_init                          
70187931  UART_procLineStatusErr               
70187a71  EDMA_registerIntr                    
70187bb1  MCAN_init                            
70187cf1  UART_lld_init                        
70187e21  MCAN_config                          
70187f51  SOC_controlModuleLockMMR             
70188081  SOC_rcmGetPeripheralClockFrequency   
701882c1  DebugP_shmLogWriterPutLine           
701883e1  UART_lld_dmaRead                     
701884fc  __udivmoddi4                         
70188a91  IpcNotify_sendMsg                    
70188cb1  GPIO_init                            
70188dc1  SemaphoreP_pend                      
70188ed1  gateway_ringbuf_read                 
70188fe1  gateway_write_motor_config           
701893a1  EDMA_freeChannelRegion               
70189491  EDMA_freeParam                       
70189581  EDMA_freeDmaChannel                  
70189661  EDMA_freeTcc                         
70189741  UART_intrEnable                      
70189821  UART_intrDisable                     
70189901  AddrTranslateP_getLocalAddr          
701899d1  EDMA_disableChInShadowRegRegion      
70189aa1  EDMA_enableChInShadowRegRegion       
70189b71  EDMA_mapChToEvtQ                     
70189c41  EDMA_configureChannelRegion          
70189dc1  UART_flushTxFifo                     
70189f41  ClockP_timerTickIsr                  
7018a001  TimerP_init                          
7018a0c1  ClockP_stop                          
7018a181  IpcNotify_waitSync                   
7018a241  CycleCounterP_init                   
7018a261  CycleCounterP_reset                  
7018a2b1  CycleCounterP_nsToTicks              
7018a2f1  CycleCounterP_enableUserAccess       
7018a301  MCAN_writeMsgRam                     
7018a3b1  SOC_rcmSetPeripheralClock            
7018a461  UART_init                            
7018a721  gateway_write_motor_states           
7018a7d1  MCAN_writeRxFIFOAck                  
7018a881  gateway_core1_wait_for_ready         
7018a9e1  ClockP_destruct                      
7018aa91  Drivers_uartOpen                     
7018ab41  MCAN_getRxFIFOStatus                 
7018ac91  gateway_core1_ipc_callback           
7018add1  imu_uart_read                        
7018ae71  IpcNotify_registerClient             
7018afb1  ClockP_getTimeUsec                   
7018b051  EDMA_unmapChToEvtQ                   
7018b0f1  float_to_uint                        
7018b191  yis320_convert_to_ipc                
7018b231  EDMA_disableTransferRegion           
7018b2c1  EDMA_enableTransferRegion            
7018b471  UART_lld_flushTxFifo                 
7018b591  EDMA_allocDmaChannel                 
7018b621  EDMA_allocParam                      
7018b6b1  EDMA_allocTcc                        
7018b861  IpcNotify_syncAll                    
7018b8f1  imu_protocol_manager_init            
7018b981  MCAN_addStdMsgIDFilter               
7018ba81  System_init                          
7018bb81  _DebugP_assert                       
7018bc01  gateway_ringbuf_core1_init           
7018bd01  UART_Params_init                     
7018bd81  gateway_write_imu_state              
7018be01  EDMA_linkChannel                     
7018bf01  ClockP_usleep                        
7018bf81  EDMA_clrMissEvtRegion                
7018c161  EDMA_getBaseAddr                     
7018c241  SOC_rcmGetR5Clock                    
7018c2b1  SOC_rcmIsR5FInLockStepMode           
7018c391  UART_lld_deInitDma                   
7018c401  imu_protocol_process_uart_rx         
7018c471  MCAN_enableIntr                      
7018c4e1  MCAN_initTxBufElement                
7018c5c1  SemaphoreP_post                      
7018c631  MCAN_selectIntrLine                  
7018c691  UART_getChar                         
7018c751  yis320_protocol_handler_init         
7018c7b1  Module_clockSetFrequency             
7018c811  UART_lld_deInit                      
7018cab1  uint16_to_float                      
7018cb71  Dpl_init                             
7018cbd1  EDMA_setPaRAM                        
7018cc91  main                                 
7018cce4  __TI_auto_init_nobinit_nopinit       
7018cd41  Drivers_uartClose                    
7018cd91  Pinmux_config                        
7018cde1  UART_checkCharsAvailInFifo           
7018ce81  DebugP_shmLogWriterInit              
7018ced1  EDMA_clrEvtRegion                    
7018cf21  EDMA_disableDmaEvtRegion             
7018cf71  EDMA_disableEvtIntrRegion            
7018cfc1  EDMA_enableDmaEvtRegion              
7018d011  EDMA_enableEvtIntrRegion             
7018d061  EDMA_setEvtRegion                    
7018d0b1  GPIO_setDirMode                      
7018d101  MCAN_enableIntrLine                  
7018d151  ClockP_construct                     
7018d1a1  EDMA_ccPaRAMEntry_init               
7018d1f1  EDMA_mapQdmaChToPaRAM                
7018d241  EDMA_readEventStatusRegion           
7018d291  IpcNotify_unregisterClient           
7018d2e1  Module_clockEnable                   
7018d331  gateway_update_stat                  
7018d37c  memmove                              
7018d421  timerISR                             
7018d471  IpcNotify_Params_init                
7018d511  UART_getIntrIdentityStatus           
7018d601  CAN_RegisterRxCallback               
7018d6f1  UART_readLineStatus                  
7018d741  gateway_ringbuf_get_available        
7018d791  imu_protocol_handler_init            
7018d8d1  SemaphoreP_construct                 
7018d921  _DebugP_logZone                      
7018d9c1  ClockP_start                         
7018da61  imu_protocol_update_state            
7018db21  UART_spaceAvail                      
7018db61  gateway_core1_init                   
7018dba1  gateway_update_heartbeat             
7018dc21  UART_IsTxRxFifoEmpty                 
7018dca1  MCAN_txBufAddReq                     
7018dce1  SOC_moduleSetClockFrequency          
7018dde1  snprintf_                            
7018de21  SOC_getCoreName                      
7018de58  CycleCounterP_getCount32             
7018de60  PmuP_setup                           
7018de68  PmuP_enableCounters                  
7018de70  PmuP_disableCounters                 
7018de78  PmuP_getOverflowStatus               
7018de80  PmuP_clearOverflowStatus             
7018de88  PmuP_setUserEnable                   
7018ded1  EDMA_getRegionId                     
7018df91  IpcNotify_syncCallback               
7018e011  MCAN_calcCfgAddr                     
7018e091  TimerP_Params_initPriv               
7018e111  motor_get_config                     
7018e211  MCAN_isMemInitDone                   
7018e251  TimerP_getCountPriv                  
7018e371  gateway_signal_motor_config_ready    
7018e3a1  UART_lld_dmaInit                     
7018e401  DebugP_logZoneEnable                 
7018e461  MCAN_clearNewDataStatus              
7018e491  MCAN_getNewDataStatus                
7018e4c1  SemaphoreP_constructBinary           
7018e551  UART_intr2Disable                    
7018e581  UART_operatingModeSelect             
7018e5e1  CSL_armR5GetCpuID                    
7018e611  vprintf_                             
7018e641  EDMA_disableQdmaEvtRegion            
7018e671  EDMA_enableQdmaEvtRegion             
7018e6d1  IpcNotify_allocSwQueue               
7018e731  IpcNotify_getConfig                  
7018e761  SemaphoreP_constructMutex            
7018e821  UART_getBaseAddr                     
7018e844  __aeabi_uldivmod                     
7018e8a1  EDMA_channelToParamMap               
7018e8d1  gateway_ringbuf_core1_receive        
7018e901  ClockP_isActive                      
7018e921  ClockP_usecToTicks                   
7018e981  ClockP_Params_init                   
7018e9a1  EDMA_getEventStatusHigh              
7018e9c1  MCAN_setOpMode                       
7018e9e1  SOC_getSelfCpuClk                    
7018ea01  SOC_moduleClockEnable                
7018ea21  TimerP_isr0                          
7018ea61  UART_lld_Transaction_deInit          
7018ea81  EDMA_getEventStatus                  
7018eafc  TI_memcpy_small                      
7018eb21  MCAN_clearIntrStatus                 
7018eb41  MCAN_getOpMode                       
7018eba1  ClockP_ticksToUsec                   
7018ebc1  EDMA_isInterruptEnabled              
7018ec01  IpcNotify_trigInterrupt              
7018ec21  SemaphoreP_Params_init               
7018ec41  TimerP_getReloadCountPriv            
7018eca1  UART_putChar                         
7018ecb8  TI_memset_small                      
7018ecd1  IpcNotify_sendSync                   
7018ecf1  MCAN_getIntrStatus                   
7018ed11  TimerP_startPriv                     
7018ed31  TimerP_stopPriv                      
7018edf1  TimerP_clearOverflowIntPriv          
7018ee11  TimerP_setup                         
7018ee31  putchar_                             
7018ee51  Pinmux_init                          
7018ee71  gateway_check_emergency_stop         
7018ee91  gateway_ringbuf_core1_get_available  
7018eed1  imu_uart_is_initialized              
7018eef1  yis320_get_timestamp_ms              
7018ef51  ClockP_getTimerCount                 
7018ef61  ClockP_timerClearOverflowInt         
7018efe1  TimerP_Params_init                   
7018eff1  TimerP_clearOverflowInt              
7018f001  TimerP_getCount                      
7018f011  TimerP_getReloadCount                
7018f021  TimerP_start                         
7018f041  gateway_notify_imu_ready             
7018f051  gateway_notify_states_ready          
7018f061  yis320_uart_configure                
7018f071  Board_driversOpen                    
7018f081  ClockP_getTicks                      
7018f091  Drivers_open                         
7018f0a1  PowerClock_init                      
7018f121  Drivers_uartInit                     
7018f151  SemaphoreP_destruct                  
7018f161  Board_driversClose                   
7018f171  Board_init                           
7018f181  Drivers_mcanOpen                     
7018f191  IpcNotify_wait                       
7018f1a1  TaskP_yield                          
7018f600  gCacheConfig                         
7018f608  gMpuConfig                           
7018f614  gMpuRegionConfig                     
7018f8da  gCR5ClkSrcInfoMap                    
7018f8dc  gADPLLJConfigTbl                     
70191028  gPeripheralClkSrcInfoMap             
701913c8  gXTALInfo                            
70191414  gCacheL1dCacheLineSize               
70191418  gCacheL1pCacheLineSize               
70191428  __BSS_START                          
70191fa8  gHwiCtrl                             
701927b4  g_yis320_private_data                
70192bbc  g_motor_lookup                       
70193490  gIpcNotifyCtrl                       
7019371c  gTimerBaseAddr                       
70193720  gClockCtrl                           
70193740  virtToPhymap                         
70193764  gTimerHwiObj                         
70193768  gUartHandle                          
70193770  __BSS_END                            
70193770  __stack                              
70197770  __STACK_END                          
70197771  HwiP_enableInt                       
701977b1  HwiP_disableInt                      
70197811  HwiP_restoreInt                      
70197841  HwiP_clearInt                        
70197881  HwiP_post                            
701978c1  HwiP_Params_init                     
701978f1  HwiP_construct                       
70197ae1  HwiP_destruct                        
70197b51  HwiP_init                            
70197d01  HwiP_inISR                           
70197d31  HwiP_setVimIrqPriMaskNonAtomic       
70197d81  HwiP_setVimIrqPriMaskAtomic          
70197e21  HwiP_restoreVimIrqPriMask            
70197e31  HwiP_irq_handler_c                   
70197fd1  HwiP_fiq_handler                     
70198131  HwiP_reserved_handler                
70198171  HwiP_undefined_handler_c             
70198191  HwiP_user_undefined_handler_c        
701981b1  HwiP_svc_handler                     
701981f1  HwiP_prefetch_abort_handler_c        
70198291  HwiP_user_prefetch_abort_handler_c   
701982d1  HwiP_data_abort_handler_c            
70198391  HwiP_user_data_abort_handler_c       
701983cc  HwiP_irq_handler                     
70198440  HwiP_data_abort_handler              
70198484  HwiP_prefetch_abort_handler          
701984d0  HwiP_undefined_handler               
70198500  GET_DFSR                             
70198508  GET_ADFSR                            
70198510  GET_DFAR                             
70198518  GET_IFSR                             
70198520  GET_AIFSR                            
70198528  GET_IFAR                             
70198530  GET_SPSR                             
70198548  HwiP_disable                         
70198558  HwiP_disableFIQ                      
70198568  HwiP_enable                          
70198578  HwiP_enableFIQ                       
70198588  HwiP_restore                         
70198590  HwiP_enableVIC                       
701985a0  HwiP_disableVIC                      
701985b0  HwiP_getCPSR                         
701985c0  CacheP_disableL1d                    
701985e8  CacheP_disableL1p                    
70198600  CacheP_enableL1d                     
70198618  CacheP_enableL1p                     
70198630  CacheP_invL1d                        
70198668  CacheP_invL1p                        
701986a4  CacheP_invL1dAll                     
701986ac  CacheP_invL1pAll                     
701986b4  CacheP_wb                            
701986f0  CacheP_wbInv                         
7019872c  CacheP_wbAll                         
701987d4  CacheP_wbInvAll                      
701987ec  CacheP_wbInvAllAsm                   
7019888c  CacheP_getEnabled                    
701988c4  CacheP_getCacheLevelInfo             
701988d0  CacheP_configForceWrThru             
701988f0  CacheP_setDLFO                       
70198901  CacheP_init                          
70198991  CacheP_disable                       
701989e1  CacheP_enable                        
70198a21  CacheP_inv                           
70198a61  MpuP_getAttrs                        
70198ac1  MpuP_RegionAttrs_init                
70198af1  MpuP_setRegion                       
70198b81  MpuP_isEnable                        
70198b91  MpuP_disable                         
70198bd1  MpuP_enable                          
70198c21  MpuP_init                            
70198cc1  MpuP_isUserAuthorizedToAccessMemory  
70198da0  MpuP_disableAsm                      
70198db8  MpuP_disableBRAsm                    
70198dc8  MpuP_enableAsm                       
70198de0  MpuP_enableBRAsm                     
70198df0  MpuP_isEnableAsm                     
70198e04  MpuP_setRegionAsm                    
70198e20  _c_int00_sbl                         
70198e44  _c_int00                             
70198f71  _DebugP_assertNoLog                  
70198fa1  _system_pre_init                     
70198fd1  __mpu_init                           
70198fe0  abort                                
70198fe8  gEdmaConfig                          
70198fe8  gUartDmaHandle                       
70199728  gIpcNotifyMailboxConfig              
70199900  gSocModulesClockFrequency            
70199978  gUartParams                          
701999d0  gSocModules                          
70199a70  gClockConfig                         
70199a88  gIpcNotifyInterruptConfig_r5fss1_1   
70199ab4  gIpcNotifyCoreIntrBitPos             
70199ad4  gAddrTranslateConfig                 
70199ae8  gUartConfig                          
70199afc  gDebugLogZone                        
70199b08  gEdmaConfigNum                       
70199b0c  gHwiConfig                           
70199b10  gIpcNotifyInterruptConfigNum_r5fss1_1
70199b14  gUartConfigNum                       
70199b18  gUartDmaChConfig                     
70199b6c  isMapAvailable                       
70199b78  __IRQ_STACK_START                    
70199c78  __FIQ_STACK_START                    
70199c78  __IRQ_STACK_END                      
70199d78  __FIQ_STACK_END                      
70199d78  __SVC_STACK_START                    
7019ad78  __ABORT_STACK_START                  
7019ad78  __SVC_STACK_END                      
7019ae78  __ABORT_STACK_END                    
7019ae78  __UNDEFINED_STACK_START              
7019af78  __UNDEFINED_STACK_END                
70200000  gGatewaySharedMem                    
70206ecc  dbg_can_rx_count                     
70206ed0  dbg_can_tx_count                     
70206ed4  dbg_can_isr_rx_entry_count           
70206ed8  dbg_can_isr_fifo_read_count          
70206edc  dbg_can_isr_callback_count           
70206ee0  g_first_intr_info                    
70206f60  dbg_ipc_send_count                   
70206f64  dbg_ipc_register_count               
70206f68  dbg_imu_uart_isr_count               
70206f6c  dbg_imu_rx_byte_count                
70206f70  dbg_imu_frame_count                  
70208000  gDebugShmLog                         
ffffffff  __TI_pprof_out_hndl                  
ffffffff  __TI_prof_data_size                  
ffffffff  __TI_prof_data_start                 
ffffffff  __binit__                            
ffffffff  binit                                
UNDEFED   __TI_CINIT_Base                      
UNDEFED   __TI_CINIT_Limit                     
UNDEFED   __TI_Handler_Table_Base              
UNDEFED   __TI_Handler_Table_Limit             
UNDEFED   _system_post_cinit                   

[421 symbols]
