******************************************************************************
            TI ARM Clang Linker PC v4.0.4                      
******************************************************************************
>> Linked Tue Apr  7 18:03:14 2026

OUTPUT FILE NAME:   <ccu_ti_multi_core_realtime.out>
ENTRY POINT SYMBOL: "_vectors"  address: 00000000


MEMORY CONFIGURATION

         name            origin    length      used     unused   attr    fill
----------------------  --------  ---------  --------  --------  ----  --------
  R5F_VECS              00000000   00000040  00000040  00000000  RWIX
  R5F_TCMA              00000040   00007fc0  00000000  00007fc0  RWIX
  R5F_TCMB              00080000   00008000  00000000  00008000  RWIX
  MAILBOX_HSM           44000000   000003ce  00000000  000003ce  RWIX
  MAILBOX_R5F           44000400   000003ce  00000000  000003ce  RWIX
  FLASH                 60180000   00080000  00000000  00080000  RWIX
  OCRAM                 70180000   00080000  0001af58  000650a8  RWIX
  USER_SHM_MEM          70200000   00008000  00004f74  0000308c  RWIX
  LOG_SHM_MEM           70208000   00004000  00002000  00002000  RWIX
  RTOS_NORTOS_IPC_SHM_M 72000000   00003e80  00000000  00003e80  RWIX


SEGMENT ALLOCATION MAP

run origin  load origin   length   init length attrs members
----------  ----------- ---------- ----------- ----- -------
00000000    00000000    00000040   00000040    r-x
  00000000    00000000    00000040   00000040    r-x .vectors
70180000    70180000    00011470   00011470    r-x
  70180000    70180000    0000ef60   0000ef60    r-x .text
  7018ef60    7018ef60    00002510   00002510    r-- .rodata
70191470    70191470    00006798   00000000    rw-
  70191470    70191470    00002798   00000000    rw- .bss
  70193c08    70193c08    00004000   00000000    rw- .stack
70197c10    70197c10    00001878   00001878    r-x
  70197c10    70197c10    00000e50   00000e50    r-x .text.hwi
  70198a60    70198a60    000004a0   000004a0    r-x .text.cache
  70198f00    70198f00    000003c0   000003c0    r-x .text.mpu
  701992c0    701992c0    000001c0   000001c0    r-x .text.boot
  70199480    70199480    00000008   00000008    r-x .text:abort
70199488    70199488    00001ad8   000006d8    rw-
  70199488    70199488    000006d8   000006d8    rw- .data
  70199b60    70199b60    00000100   00000000    rw- .irqstack
  70199c60    70199c60    00000100   00000000    rw- .fiqstack
  70199d60    70199d60    00001000   00000000    rw- .svcstack
  7019ad60    7019ad60    00000100   00000000    rw- .abortstack
  7019ae60    7019ae60    00000100   00000000    rw- .undefinedstack


SECTION ALLOCATION MAP

 output                                  attributes/
section   page    origin      length       input sections
--------  ----  ----------  ----------   ----------------
.vectors   0    00000000    00000040     
                  00000000    00000040     nortos.am263px.r5f.ti-arm-clang.debug.lib : HwiP_armv7r_vectors_nortos_asm.obj (.vectors)

.text      0    70180000    0000ef60     
                  70180000    00000a34     nortos.am263px.r5f.ti-arm-clang.debug.lib : printf.obj (.text._vsnprintf)
                  70180a34    0000000c     libclang_rt.builtins.a : aeabi_memset.S.obj (.text.__aeabi_memclr)
                  70180a40    00000678     drivers.am263px.r5f.ti-arm-clang.nortos.debug.lib : soc_rcm.obj (.text.SOC_rcmGetClkSrcAndDivReg)
                  701810b8    00000008     libsysbm.a : hostexit.c.obj (.text.HOSTexit)
                  701810c0    00000638     drivers.am263px.r5f.ti-arm-clang.nortos.debug.lib : soc_rcm.obj (.text.SOC_rcmEnablePeripheralClock)
                  701816f8    00000004     libclang_rt.builtins.a : aeabi_div0.c.obj (.text.__aeabi_ldiv0)
                  701816fc    00000004                            : aeabi_memcpy.S.obj (.text.__aeabi_memcpy)
                  70181700    000005e2     nortos.am263px.r5f.ti-arm-clang.debug.lib : printf.obj (.text._ftoa)
                  70181ce2    00000002     --HOLE-- [fill = 0]
                  70181ce4    0000000c                                               : CpuId_armv7r_asm.obj (.text)
                  70181cf0    0000056e     main.o (.text.main_loop)
                  7018225e    00000002     --HOLE-- [fill = 0]
                  70182260    00000522     main.o (.text.transmit_can_frames)
                  70182782    00000002     --HOLE-- [fill = 0]
                  70182784    00000004     libclang_rt.builtins.a : aeabi_memmove.S.obj (.text.__aeabi_memmove)
                  70182788    00000008     --HOLE-- [fill = 0]
                  70182790    000004b0     nortos.am263px.r5f.ti-arm-clang.debug.lib : printf.obj (.text._etoa)
                  70182c40    00000402     yis320_protocol.o (.text.vtable_process_rx_data)
                  70183042    0000000e     --HOLE-- [fill = 0]
                  70183050    00000400     drivers.am263px.r5f.ti-arm-clang.nortos.debug.lib : uart_v0.obj (.text.UART_open)
                  70183450    000003dc                                                       : ipc_notify_v1.obj (.text.IpcNotify_init)
                  7018382c    00000004     --HOLE-- [fill = 0]
                  70183830    000003b0     main.o (.text.core1_init)
                  70183be0    0000031a     can_interface.o (.text.init_single_mcan)
                  70183efa    00000006     --HOLE-- [fill = 0]
                  70183f00    00000302     drivers.am263px.r5f.ti-arm-clang.nortos.debug.lib : soc.obj (.text.SOC_virtToPhy)
                  70184202    0000000e     --HOLE-- [fill = 0]
                  70184210    000002f4     motor_mapping.o (.text.motor_mapping_init_core1)
                  70184504    0000000c     --HOLE-- [fill = 0]
                  70184510    000002a8     drivers.am263px.r5f.ti-arm-clang.nortos.debug.lib : mcan.obj (.text.MCAN_msgRAMConfig)
                  701847b8    00000008     --HOLE-- [fill = 0]
                  701847c0    0000027e                                                       : uart_dma_edma.obj (.text.UART_edmaChInit)
                  70184a3e    00000002     --HOLE-- [fill = 0]
                  70184a40    00000250                                                       : edma.obj (.text.Alloc_resource)
                  70184c90    00000242                                                       : uart_v0_lld.obj (.text.UART_fifoConfig)
                  70184ed2    0000000e     --HOLE-- [fill = 0]
                  70184ee0    0000023e     nortos.am263px.r5f.ti-arm-clang.debug.lib : printf.obj (.text._ntoa_format)
                  7018511e    00000002     --HOLE-- [fill = 0]
                  70185120    0000023e     can_interface.o (.text.can_rx_isr)
                  7018535e    00000002     --HOLE-- [fill = 0]
                  70185360    0000023e     main.o (.text.process_can_rx)
                  7018559e    00000002     --HOLE-- [fill = 0]
                  701855a0    0000022c     can_interface.o (.text.CAN_TransmitBatch)
                  701857cc    00000004     --HOLE-- [fill = 0]
                  701857d0    00000226     drivers.am263px.r5f.ti-arm-clang.nortos.debug.lib : uart_dma_edma.obj (.text.UART_lld_dmaDeInit)
                  701859f6    0000000a     --HOLE-- [fill = 0]
                  70185a00    00000222                                                       : ipc_notify_v1.obj (.text.IpcNotify_isr)
                  70185c22    0000000e     --HOLE-- [fill = 0]
                  70185c30    000001d6     nortos.am263px.r5f.ti-arm-clang.debug.lib : TimerP_rti_priv.obj (.text.TimerP_setupPriv)
                  70185e06    0000000a     --HOLE-- [fill = 0]
                  70185e10    000001aa     drivers.am263px.r5f.ti-arm-clang.nortos.debug.lib : uart_dma_edma.obj (.text.UART_lld_dmaWrite)
                  70185fba    00000006     --HOLE-- [fill = 0]
                  70185fc0    000001a8                                                       : uart_v0.obj (.text.UART_close)
                  70186168    00000008     --HOLE-- [fill = 0]
                  70186170    00000198                                                       : uart_v0_lld.obj (.text.UART_lld_controllerIsr)
                  70186308    00000008     --HOLE-- [fill = 0]
                  70186310    00000190     can_interface.o (.text.CAN_StartRxInterrupts)
                  701864a0    00000186     drivers.am263px.r5f.ti-arm-clang.nortos.debug.lib : mcan.obj (.text.MCAN_readMsg)
                  70186626    0000000a     --HOLE-- [fill = 0]
                  70186630    00000184                                                       : mcan.obj (.text.MCAN_calcMsgRamParamsStartAddr)
                  701867b4    0000000c     --HOLE-- [fill = 0]
                  701867c0    00000162                                                       : edma.obj (.text.EDMA_unregisterIntr)
                  70186922    0000000e     --HOLE-- [fill = 0]
                  70186930    00000158                                                       : soc.obj (.text.SOC_controlModuleUnlockMMR)
                  70186a88    00000008     --HOLE-- [fill = 0]
                  70186a90    00000152     can_interface.o (.text.CAN_Init)
                  70186be2    0000000e     --HOLE-- [fill = 0]
                  70186bf0    00000152     drivers.am263px.r5f.ti-arm-clang.nortos.debug.lib : uart_v0_lld.obj (.text.UART_lld_initDma)
                  70186d42    0000000e     --HOLE-- [fill = 0]
                  70186d50    00000150     nortos.am263px.r5f.ti-arm-clang.debug.lib : DebugP_shmLogWriter.obj (.text.DebugP_shmLogWriterPutChar)
                  70186ea0    00000150     drivers.am263px.r5f.ti-arm-clang.nortos.debug.lib : mcan.obj (.text.MCAN_writeMsg)
                  70186ff0    0000014e     yis320_protocol.o (.text.parse_imu_frame)
                  7018713e    00000002     --HOLE-- [fill = 0]
                  70187140    0000014c     drivers.am263px.r5f.ti-arm-clang.nortos.debug.lib : mcan.obj (.text.MCAN_setBitTime)
                  7018728c    00000004     --HOLE-- [fill = 0]
                  70187290    00000142     imu_interface_isr.o (.text.imu_uart_isr_init)
                  701873d2    0000000e     --HOLE-- [fill = 0]
                  701873e0    0000013a     drivers.am263px.r5f.ti-arm-clang.nortos.debug.lib : edma.obj (.text.EDMA_isDmaChannelAllocated)
                  7018751a    00000006     --HOLE-- [fill = 0]
                  70187520    00000138                                                       : mcan.obj (.text.MCAN_readMsgRam)
                  70187658    00000008     --HOLE-- [fill = 0]
                  70187660    00000138     nortos.am263px.r5f.ti-arm-clang.debug.lib : printf.obj (.text._ntoa_long_long)
                  70187798    00000008     --HOLE-- [fill = 0]
                  701877a0    00000136                                               : ClockP_nortos_r5.obj (.text.ClockP_init)
                  701878d6    0000000a     --HOLE-- [fill = 0]
                  701878e0    00000136     drivers.am263px.r5f.ti-arm-clang.nortos.debug.lib : uart_v0_lld.obj (.text.UART_procLineStatusErr)
                  70187a16    0000000a     --HOLE-- [fill = 0]
                  70187a20    00000134                                                       : edma.obj (.text.EDMA_registerIntr)
                  70187b54    0000000c     --HOLE-- [fill = 0]
                  70187b60    00000134                                                       : mcan.obj (.text.MCAN_init)
                  70187c94    0000000c     --HOLE-- [fill = 0]
                  70187ca0    0000012c                                                       : uart_v0_lld.obj (.text.UART_lld_init)
                  70187dcc    00000004     --HOLE-- [fill = 0]
                  70187dd0    0000012a                                                       : mcan.obj (.text.MCAN_config)
                  70187efa    00000006     --HOLE-- [fill = 0]
                  70187f00    00000126                                                       : soc.obj (.text.SOC_controlModuleLockMMR)
                  70188026    0000000a     --HOLE-- [fill = 0]
                  70188030    00000120                                                       : soc_rcm.obj (.text.SOC_rcmGetPeripheralClockFrequency)
                  70188150    00000120     can_interface.o (.text.init_can_stb_gpios)
                  70188270    0000011c     nortos.am263px.r5f.ti-arm-clang.debug.lib : DebugP_shmLogWriter.obj (.text.DebugP_shmLogWriterPutLine)
                  7018838c    00000004     --HOLE-- [fill = 0]
                  70188390    0000011c     drivers.am263px.r5f.ti-arm-clang.nortos.debug.lib : uart_dma_edma.obj (.text.UART_lld_dmaRead)
                  701884ac    00000118     libclang_rt.builtins.a : udivmoddi4.S.obj (.text)
                  701885c4    0000000c     --HOLE-- [fill = 0]
                  701885d0    00000116     drivers.am263px.r5f.ti-arm-clang.nortos.debug.lib : edma.obj (.text.EDMA_isTccAllocated)
                  701886e6    0000000a     --HOLE-- [fill = 0]
                  701886f0    00000116                                                       : uart_v0_lld.obj (.text.UART_divisorLatchWrite)
                  70188806    0000000a     --HOLE-- [fill = 0]
                  70188810    00000114     nortos.am263px.r5f.ti-arm-clang.debug.lib : printf.obj (.text._ntoa_long)
                  70188924    0000000c     --HOLE-- [fill = 0]
                  70188930    0000010e     drivers.am263px.r5f.ti-arm-clang.nortos.debug.lib : soc_rcm.obj (.text.SOC_rcmADPLLJGetFOut)
                  70188a3e    00000002     --HOLE-- [fill = 0]
                  70188a40    0000010a                                                       : ipc_notify_v1.obj (.text.IpcNotify_sendMsg)
                  70188b4a    00000006     --HOLE-- [fill = 0]
                  70188b50    00000104                                                       : uart_v0_lld.obj (.text.UART_configInstance)
                  70188c54    0000000c     --HOLE-- [fill = 0]
                  70188c60    00000102     ti_drivers_config.o (.text.GPIO_init)
                  70188d62    0000000e     --HOLE-- [fill = 0]
                  70188d70    00000102     nortos.am263px.r5f.ti-arm-clang.debug.lib : SemaphoreP_nortos.obj (.text.SemaphoreP_pend)
                  70188e72    0000000e     --HOLE-- [fill = 0]
                  70188e80    00000102     gateway_shared.o (.text.gateway_ringbuf_read)
                  70188f82    0000000e     --HOLE-- [fill = 0]
                  70188f90    000000ec     gateway_shared.o (.text.gateway_write_motor_config)
                  7018907c    00000004     --HOLE-- [fill = 0]
                  70189080    000000e6     drivers.am263px.r5f.ti-arm-clang.nortos.debug.lib : soc_rcm.obj (.text.SOC_rcmGetCoreFout)
                  70189166    0000000a     --HOLE-- [fill = 0]
                  70189170    000000e6                                                       : soc_rcm.obj (.text.SOC_rcmGetPerFout)
                  70189256    0000000a     --HOLE-- [fill = 0]
                  70189260    000000e4                                                       : edma.obj (.text.EDMA_freeChannelRegion)
                  70189344    0000000c     --HOLE-- [fill = 0]
                  70189350    000000e2                                                       : edma.obj (.text.EDMA_freeParam)
                  70189432    0000000e     --HOLE-- [fill = 0]
                  70189440    000000e0                                                       : edma.obj (.text.EDMA_freeDmaChannel)
                  70189520    000000e0                                                       : edma.obj (.text.EDMA_freeTcc)
                  70189600    000000de                                                       : uart_v0_lld.obj (.text.UART_intrEnable)
                  701896de    00000002     --HOLE-- [fill = 0]
                  701896e0    000000da                                                       : uart_v0_lld.obj (.text.UART_intrDisable)
                  701897ba    00000006     --HOLE-- [fill = 0]
                  701897c0    000000d0     nortos.am263px.r5f.ti-arm-clang.debug.lib : AddrTranslateP_32bit.obj (.text.AddrTranslateP_getLocalAddr)
                  70189890    000000ce     drivers.am263px.r5f.ti-arm-clang.nortos.debug.lib : edma.obj (.text.EDMA_disableChInShadowRegRegion)
                  7018995e    00000002     --HOLE-- [fill = 0]
                  70189960    000000cc                                                       : edma.obj (.text.EDMA_enableChInShadowRegRegion)
                  70189a2c    00000004     --HOLE-- [fill = 0]
                  70189a30    000000c4                                                       : edma.obj (.text.EDMA_mapChToEvtQ)
                  70189af4    0000000c     --HOLE-- [fill = 0]
                  70189b00    000000c0                                                       : edma.obj (.text.EDMA_configureChannelRegion)
                  70189bc0    000000c0                                                       : soc_rcm.obj (.text.SOC_rcmGetPerHSDivOut)
                  70189c80    000000c0                                                       : uart_v0.obj (.text.UART_flushTxFifo)
                  70189d40    000000c0     nortos.am263px.r5f.ti-arm-clang.debug.lib : printf.obj (.text._out_rev)
                  70189e00    000000be                                               : ClockP_nortos.obj (.text.ClockP_timerTickIsr)
                  70189ebe    00000002     --HOLE-- [fill = 0]
                  70189ec0    000000be     ti_dpl_config.o (.text.TimerP_init)
                  70189f7e    00000002     --HOLE-- [fill = 0]
                  70189f80    000000ba     nortos.am263px.r5f.ti-arm-clang.debug.lib : ClockP_nortos.obj (.text.ClockP_stop)
                  7018a03a    00000006     --HOLE-- [fill = 0]
                  7018a040    000000ba     drivers.am263px.r5f.ti-arm-clang.nortos.debug.lib : ipc_notify_v1.obj (.text.IpcNotify_waitSync)
                  7018a0fa    00000006     --HOLE-- [fill = 0]
                  7018a100    000000ba     nortos.am263px.r5f.ti-arm-clang.debug.lib : PmuP_armv7r.obj (.text.pmu)
                  7018a1ba    00000006     --HOLE-- [fill = 0]
                  7018a1c0    000000b0     drivers.am263px.r5f.ti-arm-clang.nortos.debug.lib : mcan.obj (.text.MCAN_writeMsgRam)
                  7018a270    000000b0                                                       : soc_rcm.obj (.text.SOC_rcmSetPeripheralClock)
                  7018a320    000000b0                                                       : uart_v0.obj (.text.UART_init)
                  7018a3d0    000000b0     imu_interface_isr.o (.text.imu_uart_isr)
                  7018a480    000000ae     drivers.am263px.r5f.ti-arm-clang.nortos.debug.lib : mcan.obj (.text.MCAN_getOffsetAddr)
                  7018a52e    00000002     --HOLE-- [fill = 0]
                  7018a530    000000ae     gateway_shared.o (.text.gateway_write_motor_states)
                  7018a5de    00000002     --HOLE-- [fill = 0]
                  7018a5e0    000000ac     gateway_shared.o (.text.gateway_core1_wait_for_ready)
                  7018a68c    00000004     --HOLE-- [fill = 0]
                  7018a690    000000a8     nortos.am263px.r5f.ti-arm-clang.debug.lib : ClockP_nortos.obj (.text.ClockP_addToList)
                  7018a738    00000008     --HOLE-- [fill = 0]
                  7018a740    000000a8                                               : ClockP_nortos.obj (.text.ClockP_destruct)
                  7018a7e8    00000008     --HOLE-- [fill = 0]
                  7018a7f0    000000a8     ti_drivers_open_close.o (.text.Drivers_uartOpen)
                  7018a898    00000008     --HOLE-- [fill = 0]
                  7018a8a0    000000a6     main.o (.text.ipc_notify_callback_fxn)
                  7018a946    0000000a     --HOLE-- [fill = 0]
                  7018a950    000000a0     drivers.am263px.r5f.ti-arm-clang.nortos.debug.lib : soc_rcm.obj (.text.SOC_rcmGetCoreHSDivOut)
                  7018a9f0    0000009e     gateway_shared.o (.text.gateway_core1_ipc_callback)
                  7018aa8e    00000002     --HOLE-- [fill = 0]
                  7018aa90    0000009e     yis320_protocol.o (.text.validate_checksum)
                  7018ab2e    00000002     --HOLE-- [fill = 0]
                  7018ab30    0000009a     imu_interface_isr.o (.text.imu_uart_read)
                  7018abca    00000006     --HOLE-- [fill = 0]
                  7018abd0    00000098     drivers.am263px.r5f.ti-arm-clang.nortos.debug.lib : ipc_notify_v1.obj (.text.IpcNotify_registerClient)
                  7018ac68    00000008     --HOLE-- [fill = 0]
                  7018ac70    00000096                                                       : uart_v0_lld.obj (.text.UART_subConfigTCRTLRModeEn)
                  7018ad06    0000000a     --HOLE-- [fill = 0]
                  7018ad10    00000092     nortos.am263px.r5f.ti-arm-clang.debug.lib : ClockP_nortos.obj (.text.ClockP_getTimeUsec)
                  7018ada2    0000000e     --HOLE-- [fill = 0]
                  7018adb0    00000092     drivers.am263px.r5f.ti-arm-clang.nortos.debug.lib : edma.obj (.text.EDMA_unmapChToEvtQ)
                  7018ae42    0000000e     --HOLE-- [fill = 0]
                  7018ae50    00000092     motor_mapping.o (.text.float_to_uint)
                  7018aee2    0000000e     --HOLE-- [fill = 0]
                  7018aef0    00000092     yis320_protocol.o (.text.yis320_convert_to_ipc)
                  7018af82    0000000e     --HOLE-- [fill = 0]
                  7018af90    0000008c     drivers.am263px.r5f.ti-arm-clang.nortos.debug.lib : edma.obj (.text.EDMA_disableTransferRegion)
                  7018b01c    00000004     --HOLE-- [fill = 0]
                  7018b020    0000008c                                                       : edma.obj (.text.EDMA_enableTransferRegion)
                  7018b0ac    00000004     --HOLE-- [fill = 0]
                  7018b0b0    00000088                                                       : uart_dma_edma.obj (.text.UART_edmaIsrRx)
                  7018b138    00000008     --HOLE-- [fill = 0]
                  7018b140    00000088                                                       : uart_dma_edma.obj (.text.UART_edmaIsrTx)
                  7018b1c8    00000008     --HOLE-- [fill = 0]
                  7018b1d0    00000088     main.o (.text.process_motor_commands)
                  7018b258    00000008     --HOLE-- [fill = 0]
                  7018b260    00000086     drivers.am263px.r5f.ti-arm-clang.nortos.debug.lib : uart_v0_lld.obj (.text.UART_lld_flushTxFifo)
                  7018b2e6    0000000a     --HOLE-- [fill = 0]
                  7018b2f0    00000086                                                       : uart_v0_lld.obj (.text.UART_tcrTlrBitValRestore)
                  7018b376    0000000a     --HOLE-- [fill = 0]
                  7018b380    00000082                                                       : edma.obj (.text.EDMA_allocDmaChannel)
                  7018b402    0000000e     --HOLE-- [fill = 0]
                  7018b410    00000082                                                       : edma.obj (.text.EDMA_allocParam)
                  7018b492    0000000e     --HOLE-- [fill = 0]
                  7018b4a0    00000082                                                       : edma.obj (.text.EDMA_allocTcc)
                  7018b522    0000000e     --HOLE-- [fill = 0]
                  7018b530    00000082                                                       : edma.obj (.text.EDMA_disableTccInShadowRegRegion)
                  7018b5b2    0000000e     --HOLE-- [fill = 0]
                  7018b5c0    00000082                                                       : edma.obj (.text.EDMA_enableTccInShadowRegRegion)
                  7018b642    0000000e     --HOLE-- [fill = 0]
                  7018b650    00000082                                                       : ipc_notify_v1.obj (.text.IpcNotify_syncAll)
                  7018b6d2    0000000e     --HOLE-- [fill = 0]
                  7018b6e0    00000082     imu_protocol_handler.o (.text.imu_protocol_manager_init)
                  7018b762    0000000e     --HOLE-- [fill = 0]
                  7018b770    00000080     drivers.am263px.r5f.ti-arm-clang.nortos.debug.lib : mcan.obj (.text.MCAN_addStdMsgIDFilter)
                  7018b7f0    00000080                                                       : uart_v0_lld.obj (.text.UART_moduleReset)
                  7018b870    0000007e     ti_drivers_config.o (.text.System_init)
                  7018b8ee    00000002     --HOLE-- [fill = 0]
                  7018b8f0    0000007e     drivers.am263px.r5f.ti-arm-clang.nortos.debug.lib : uart_v0_lld.obj (.text.UART_readData)
                  7018b96e    00000002     --HOLE-- [fill = 0]
                  7018b970    0000007c     nortos.am263px.r5f.ti-arm-clang.debug.lib : DebugP_log.obj (.text._DebugP_assert)
                  7018b9ec    00000004     --HOLE-- [fill = 0]
                  7018b9f0    0000007c     gateway_shared.o (.text.gateway_ringbuf_core1_init)
                  7018ba6c    00000004     --HOLE-- [fill = 0]
                  7018ba70    0000007a     drivers.am263px.r5f.ti-arm-clang.nortos.debug.lib : ipc_notify_v1.obj (.text.IpcNotify_mailboxWrite)
                  7018baea    00000006     --HOLE-- [fill = 0]
                  7018baf0    0000007a                                                       : uart_v0.obj (.text.UART_Params_init)
                  7018bb6a    00000006     --HOLE-- [fill = 0]
                  7018bb70    0000007a     gateway_shared.o (.text.gateway_write_imu_state)
                  7018bbea    00000006     --HOLE-- [fill = 0]
                  7018bbf0    00000078     drivers.am263px.r5f.ti-arm-clang.nortos.debug.lib : edma.obj (.text.EDMA_linkChannel)
                  7018bc68    00000008     --HOLE-- [fill = 0]
                  7018bc70    00000074                                                       : uart_v0_lld.obj (.text.UART_IsBaseAddrValid)
                  7018bce4    0000000c     --HOLE-- [fill = 0]
                  7018bcf0    00000072     nortos.am263px.r5f.ti-arm-clang.debug.lib : ClockP_nortos.obj (.text.ClockP_usleep)
                  7018bd62    0000000e     --HOLE-- [fill = 0]
                  7018bd70    00000072     drivers.am263px.r5f.ti-arm-clang.nortos.debug.lib : edma.obj (.text.EDMA_clrMissEvtRegion)
                  7018bde2    0000000e     --HOLE-- [fill = 0]
                  7018bdf0    00000072                                                       : ipc_notify_v1.obj (.text.IpcNotify_makeMsg)
                  7018be62    0000000e     --HOLE-- [fill = 0]
                  7018be70    0000006e     yis320_protocol.o (.text.find_frame_header_limited)
                  7018bede    00000002     --HOLE-- [fill = 0]
                  7018bee0    0000006a     drivers.am263px.r5f.ti-arm-clang.nortos.debug.lib : ipc_notify_v1.obj (.text.IpcNotify_mailboxReadSwQ)
                  7018bf4a    00000006     --HOLE-- [fill = 0]
                  7018bf50    00000068                                                       : edma.obj (.text.EDMA_getBaseAddr)
                  7018bfb8    00000008     --HOLE-- [fill = 0]
                  7018bfc0    00000068                                                       : uart_v0_lld.obj (.text.UART_divisorValCompute)
                  7018c028    00000008     --HOLE-- [fill = 0]
                  7018c030    00000068     imu_protocol_handler.o (.text.imu_protocol_get_state)
                  7018c098    00000008     --HOLE-- [fill = 0]
                  7018c0a0    00000064     drivers.am263px.r5f.ti-arm-clang.nortos.debug.lib : soc_rcm.obj (.text.SOC_rcmGetR5Clock)
                  7018c104    0000000c     --HOLE-- [fill = 0]
                  7018c110    00000064                                                       : soc_rcm.obj (.text.SOC_rcmIsR5FInLockStepMode)
                  7018c174    0000000c     --HOLE-- [fill = 0]
                  7018c180    00000064                                                       : uart_v0_lld.obj (.text.UART_fifoRegisterWrite)
                  7018c1e4    0000000c     --HOLE-- [fill = 0]
                  7018c1f0    00000064                                                       : uart_v0_lld.obj (.text.UART_lld_deInitDma)
                  7018c254    0000000c     --HOLE-- [fill = 0]
                  7018c260    00000064     imu_protocol_handler.o (.text.imu_protocol_process_uart_rx)
                  7018c2c4    0000000c     --HOLE-- [fill = 0]
                  7018c2d0    00000062     drivers.am263px.r5f.ti-arm-clang.nortos.debug.lib : mcan.obj (.text.MCAN_enableIntr)
                  7018c332    0000000e     --HOLE-- [fill = 0]
                  7018c340    00000062                                                       : mcan.obj (.text.MCAN_initTxBufElement)
                  7018c3a2    0000000e     --HOLE-- [fill = 0]
                  7018c3b0    00000062                                                       : soc_rcm.obj (.text.SOC_rcmInsert16)
                  7018c412    0000000e     --HOLE-- [fill = 0]
                  7018c420    00000062     nortos.am263px.r5f.ti-arm-clang.debug.lib : SemaphoreP_nortos.obj (.text.SemaphoreP_post)
                  7018c482    0000000e     --HOLE-- [fill = 0]
                  7018c490    00000060     drivers.am263px.r5f.ti-arm-clang.nortos.debug.lib : mcan.obj (.text.MCAN_selectIntrLine)
                  7018c4f0    00000060                                                       : uart_v0_lld.obj (.text.UART_getChar)
                  7018c550    00000060                                                       : uart_v0_lld.obj (.text.UART_writeData)
                  7018c5b0    0000005e     yis320_protocol.o (.text.yis320_protocol_handler_init)
                  7018c60e    00000002     --HOLE-- [fill = 0]
                  7018c610    0000005c     ti_power_clock_config.o (.text.Module_clockSetFrequency)
                  7018c66c    00000004     --HOLE-- [fill = 0]
                  7018c670    0000005c     drivers.am263px.r5f.ti-arm-clang.nortos.debug.lib : uart_v0_lld.obj (.text.UART_lld_deInit)
                  7018c6cc    00000004     --HOLE-- [fill = 0]
                  7018c6d0    0000005a                                                       : uart_v0_lld.obj (.text.UART_regConfigModeEnable)
                  7018c72a    00000006     --HOLE-- [fill = 0]
                  7018c730    00000058                                                       : soc_rcm.obj (.text.SOC_rcmGetModuleClkDivVal)
                  7018c788    00000008     --HOLE-- [fill = 0]
                  7018c790    00000058     yis320_protocol.o (.text.parse_angular_velocity)
                  7018c7e8    00000008     --HOLE-- [fill = 0]
                  7018c7f0    00000058     yis320_protocol.o (.text.parse_euler_angles)
                  7018c848    00000008     --HOLE-- [fill = 0]
                  7018c850    00000056     drivers.am263px.r5f.ti-arm-clang.nortos.debug.lib : uart_v0.obj (.text.UART_lld_readCompleteCallback)
                  7018c8a6    0000000a     --HOLE-- [fill = 0]
                  7018c8b0    00000056                                                       : uart_v0.obj (.text.UART_lld_writeCompleteCallback)
                  7018c906    0000000a     --HOLE-- [fill = 0]
                  7018c910    00000056     motor_mapping.o (.text.uint16_to_float)
                  7018c966    0000000a     --HOLE-- [fill = 0]
                  7018c970    00000056     yis320_protocol.o (.text.vtable_initialize)
                  7018c9c6    0000000a     --HOLE-- [fill = 0]
                  7018c9d0    00000054     ti_dpl_config.o (.text.Dpl_init)
                  7018ca24    0000000c     --HOLE-- [fill = 0]
                  7018ca30    00000054     drivers.am263px.r5f.ti-arm-clang.nortos.debug.lib : edma.obj (.text.EDMA_setPaRAM)
                  7018ca84    0000000c     --HOLE-- [fill = 0]
                  7018ca90    00000054                                                       : uart_v0_lld.obj (.text.UART_OperModeValid)
                  7018cae4    0000000c     --HOLE-- [fill = 0]
                  7018caf0    00000054     main.o (.text.main)
                  7018cb44    00000054     libc.a : autoinit.c.obj (.text:__TI_auto_init_nobinit_nopinit)
                  7018cb98    00000008     --HOLE-- [fill = 0]
                  7018cba0    00000050     ti_drivers_open_close.o (.text.Drivers_uartClose)
                  7018cbf0    00000050     drivers.am263px.r5f.ti-arm-clang.nortos.debug.lib : pinmux.obj (.text.Pinmux_config)
                  7018cc40    00000050                                                       : uart_v0_lld.obj (.text.UART_checkCharsAvailInFifo)
                  7018cc90    0000004e     nortos.am263px.r5f.ti-arm-clang.debug.lib : DebugP_shmLogWriter.obj (.text.DebugP_shmLogWriterInit)
                  7018ccde    00000002     --HOLE-- [fill = 0]
                  7018cce0    0000004e     drivers.am263px.r5f.ti-arm-clang.nortos.debug.lib : edma.obj (.text.EDMA_clrEvtRegion)
                  7018cd2e    00000002     --HOLE-- [fill = 0]
                  7018cd30    0000004e                                                       : edma.obj (.text.EDMA_disableDmaEvtRegion)
                  7018cd7e    00000002     --HOLE-- [fill = 0]
                  7018cd80    0000004e                                                       : edma.obj (.text.EDMA_disableEvtIntrRegion)
                  7018cdce    00000002     --HOLE-- [fill = 0]
                  7018cdd0    0000004e                                                       : edma.obj (.text.EDMA_enableDmaEvtRegion)
                  7018ce1e    00000002     --HOLE-- [fill = 0]
                  7018ce20    0000004e                                                       : edma.obj (.text.EDMA_enableEvtIntrRegion)
                  7018ce6e    00000002     --HOLE-- [fill = 0]
                  7018ce70    0000004e                                                       : edma.obj (.text.EDMA_setEvtRegion)
                  7018cebe    00000002     --HOLE-- [fill = 0]
                  7018cec0    0000004e                                                       : gpio.obj (.text.GPIO_setDirMode)
                  7018cf0e    00000002     --HOLE-- [fill = 0]
                  7018cf10    0000004e                                                       : mcan.obj (.text.MCAN_enableIntrLine)
                  7018cf5e    00000002     --HOLE-- [fill = 0]
                  7018cf60    0000004c     nortos.am263px.r5f.ti-arm-clang.debug.lib : ClockP_nortos.obj (.text.ClockP_construct)
                  7018cfac    00000004     --HOLE-- [fill = 0]
                  7018cfb0    0000004c     drivers.am263px.r5f.ti-arm-clang.nortos.debug.lib : edma.obj (.text.EDMA_ccPaRAMEntry_init)
                  7018cffc    00000004     --HOLE-- [fill = 0]
                  7018d000    0000004c                                                       : edma.obj (.text.EDMA_mapQdmaChToPaRAM)
                  7018d04c    00000004     --HOLE-- [fill = 0]
                  7018d050    0000004c                                                       : edma.obj (.text.EDMA_readEventStatusRegion)
                  7018d09c    00000004     --HOLE-- [fill = 0]
                  7018d0a0    0000004c                                                       : ipc_notify_v1.obj (.text.IpcNotify_unregisterClient)
                  7018d0ec    00000004     --HOLE-- [fill = 0]
                  7018d0f0    0000004c     ti_power_clock_config.o (.text.Module_clockEnable)
                  7018d13c    00000004     --HOLE-- [fill = 0]
                  7018d140    0000004c     gateway_shared.o (.text.gateway_update_stat)
                  7018d18c    0000004c     libc.a : memmov.c.obj (.text.memmove)
                  7018d1d8    00000008     --HOLE-- [fill = 0]
                  7018d1e0    0000004c     yis320_protocol.o (.text.parse_quaternion)
                  7018d22c    00000004     --HOLE-- [fill = 0]
                  7018d230    0000004c     main.o (.text.timerISR)
                  7018d27c    00000004     --HOLE-- [fill = 0]
                  7018d280    0000004a     can_interface.o (.text.CAN_GetStats)
                  7018d2ca    00000006     --HOLE-- [fill = 0]
                  7018d2d0    0000004a     drivers.am263px.r5f.ti-arm-clang.nortos.debug.lib : ipc_notify_v1.obj (.text.IpcNotify_Params_init)
                  7018d31a    00000006     --HOLE-- [fill = 0]
                  7018d320    0000004a                                                       : soc_rcm.obj (.text.SOC_rcmGetCR5SysclkInFrequency)
                  7018d36a    00000006     --HOLE-- [fill = 0]
                  7018d370    0000004a                                                       : uart_v0_lld.obj (.text.UART_getIntrIdentityStatus)
                  7018d3ba    00000006     --HOLE-- [fill = 0]
                  7018d3c0    0000004a                                                       : uart_v0_lld.obj (.text.UART_lineCharConfig)
                  7018d40a    00000006     --HOLE-- [fill = 0]
                  7018d410    0000004a     main.o (.text.motor_get_index)
                  7018d45a    00000006     --HOLE-- [fill = 0]
                  7018d460    00000048     can_interface.o (.text.CAN_RegisterRxCallback)
                  7018d4a8    00000008     --HOLE-- [fill = 0]
                  7018d4b0    00000048     drivers.am263px.r5f.ti-arm-clang.nortos.debug.lib : uart_v0_lld.obj (.text.UART_resetModule)
                  7018d4f8    00000008     --HOLE-- [fill = 0]
                  7018d500    00000046                                                       : uart_v0_lld.obj (.text.UART_i2310WA)
                  7018d546    0000000a     --HOLE-- [fill = 0]
                  7018d550    00000046                                                       : uart_v0_lld.obj (.text.UART_readLineStatus)
                  7018d596    0000000a     --HOLE-- [fill = 0]
                  7018d5a0    00000046     imu_protocol_handler.o (.text.imu_protocol_handler_init)
                  7018d5e6    0000000a     --HOLE-- [fill = 0]
                  7018d5f0    00000044     drivers.am263px.r5f.ti-arm-clang.nortos.debug.lib : ipc_notify_v1.obj (.text.IpcNotify_getWriteMailbox)
                  7018d634    0000000c     --HOLE-- [fill = 0]
                  7018d640    00000044                                                       : soc_rcm.obj (.text.SOC_rcmExtract8)
                  7018d684    0000000c     --HOLE-- [fill = 0]
                  7018d690    00000044                                                       : soc_rcm.obj (.text.SOC_rcmMake16)
                  7018d6d4    0000000c     --HOLE-- [fill = 0]
                  7018d6e0    00000044     nortos.am263px.r5f.ti-arm-clang.debug.lib : SemaphoreP_nortos.obj (.text.SemaphoreP_construct)
                  7018d724    0000000c     --HOLE-- [fill = 0]
                  7018d730    00000044                                               : DebugP_nortos.obj (.text._DebugP_logZone)
                  7018d774    0000000c     --HOLE-- [fill = 0]
                  7018d780    00000044                                               : printf.obj (.text._strnlen_s)
                  7018d7c4    0000000c     --HOLE-- [fill = 0]
                  7018d7d0    00000042                                               : ClockP_nortos.obj (.text.ClockP_start)
                  7018d812    0000000e     --HOLE-- [fill = 0]
                  7018d820    00000042     drivers.am263px.r5f.ti-arm-clang.nortos.debug.lib : uart_v0.obj (.text.UART_checkOpenParams)
                  7018d862    0000000e     --HOLE-- [fill = 0]
                  7018d870    00000040     imu_protocol_handler.o (.text.imu_protocol_update_state)
                  7018d8b0    0000003e     drivers.am263px.r5f.ti-arm-clang.nortos.debug.lib : pinmux.obj (.text.Pinmux_unlockMMR)
                  7018d8ee    00000002     --HOLE-- [fill = 0]
                  7018d8f0    0000003e                                                       : uart_v0_lld.obj (.text.UART_IsHWFlowCtrlValid)
                  7018d92e    00000002     --HOLE-- [fill = 0]
                  7018d930    0000003e                                                       : uart_v0_lld.obj (.text.UART_spaceAvail)
                  7018d96e    00000002     --HOLE-- [fill = 0]
                  7018d970    0000003e     gateway_shared.o (.text.gateway_core1_init)
                  7018d9ae    00000002     --HOLE-- [fill = 0]
                  7018d9b0    0000003e     gateway_shared.o (.text.gateway_update_heartbeat)
                  7018d9ee    00000002     --HOLE-- [fill = 0]
                  7018d9f0    0000003c     drivers.am263px.r5f.ti-arm-clang.nortos.debug.lib : uart_v0_lld.obj (.text.UART_IsParityTypeValid)
                  7018da2c    00000004     --HOLE-- [fill = 0]
                  7018da30    0000003c                                                       : uart_v0_lld.obj (.text.UART_IsTxRxFifoEmpty)
                  7018da6c    00000004     --HOLE-- [fill = 0]
                  7018da70    0000003c                                                       : uart_v0_lld.obj (.text.UART_enhanFuncEnable)
                  7018daac    00000004     --HOLE-- [fill = 0]
                  7018dab0    0000003a                                                       : mcan.obj (.text.MCAN_txBufAddReq)
                  7018daea    00000006     --HOLE-- [fill = 0]
                  7018daf0    0000003a                                                       : soc.obj (.text.SOC_moduleSetClockFrequency)
                  7018db2a    00000006     --HOLE-- [fill = 0]
                  7018db30    0000003a     nortos.am263px.r5f.ti-arm-clang.debug.lib : printf.obj (.text._atoi)
                  7018db6a    00000006     --HOLE-- [fill = 0]
                  7018db70    0000003a     main.o (.text.init_1000hz_timer)
                  7018dbaa    00000006     --HOLE-- [fill = 0]
                  7018dbb0    0000003a     nortos.am263px.r5f.ti-arm-clang.debug.lib : printf.obj (.text.snprintf_)
                  7018dbea    00000006     --HOLE-- [fill = 0]
                  7018dbf0    00000038     drivers.am263px.r5f.ti-arm-clang.nortos.debug.lib : soc.obj (.text.SOC_getCoreName)
                  7018dc28    00000038     nortos.am263px.r5f.ti-arm-clang.debug.lib : PmuP_armv7r_asm.obj (.text.pmu)
                  7018dc60    00000038     yis320_protocol.o (.text.vtable_is_connected)
                  7018dc98    00000008     --HOLE-- [fill = 0]
                  7018dca0    00000036     drivers.am263px.r5f.ti-arm-clang.nortos.debug.lib : edma.obj (.text.EDMA_getRegionId)
                  7018dcd6    0000000a     --HOLE-- [fill = 0]
                  7018dce0    00000036     can_interface.o (.text.GPIO_pinWriteLow)
                  7018dd16    0000000a     --HOLE-- [fill = 0]
                  7018dd20    00000036     ti_drivers_config.o (.text.GPIO_pinWriteLow)
                  7018dd56    0000000a     --HOLE-- [fill = 0]
                  7018dd60    00000036     drivers.am263px.r5f.ti-arm-clang.nortos.debug.lib : ipc_notify_v1.obj (.text.IpcNotify_syncCallback)
                  7018dd96    0000000a     --HOLE-- [fill = 0]
                  7018dda0    00000034                                                       : mcan.obj (.text.MCAN_SsAddr)
                  7018ddd4    0000000c     --HOLE-- [fill = 0]
                  7018dde0    00000034                                                       : mcan.obj (.text.MCAN_calcCfgAddr)
                  7018de14    0000000c     --HOLE-- [fill = 0]
                  7018de20    00000034                                                       : pinmux.obj (.text.Pinmux_lockMMR)
                  7018de54    0000000c     --HOLE-- [fill = 0]
                  7018de60    00000034     nortos.am263px.r5f.ti-arm-clang.debug.lib : TimerP_rti_priv.obj (.text.TimerP_Params_initPriv)
                  7018de94    0000000c     --HOLE-- [fill = 0]
                  7018dea0    00000034     drivers.am263px.r5f.ti-arm-clang.nortos.debug.lib : uart_v0_lld.obj (.text.UART_IsDataLengthValid)
                  7018ded4    0000000c     --HOLE-- [fill = 0]
                  7018dee0    00000034     motor_mapping.o (.text.motor_get_config)
                  7018df14    0000000c     --HOLE-- [fill = 0]
                  7018df20    00000032     drivers.am263px.r5f.ti-arm-clang.nortos.debug.lib : mcan.obj (.text.HW_WR_FIELD32_RAW)
                  7018df52    0000000e     --HOLE-- [fill = 0]
                  7018df60    00000032                                                       : uart_v0_lld.obj (.text.HW_WR_FIELD32_RAW)
                  7018df92    0000000e     --HOLE-- [fill = 0]
                  7018dfa0    00000032                                                       : ipc_notify_v1.obj (.text.IpcNotify_mailboxIsPendingIntr)
                  7018dfd2    0000000e     --HOLE-- [fill = 0]
                  7018dfe0    00000032                                                       : mcan.obj (.text.MCAN_isMemInitDone)
                  7018e012    0000000e     --HOLE-- [fill = 0]
                  7018e020    00000032     nortos.am263px.r5f.ti-arm-clang.debug.lib : TimerP_rti_priv.obj (.text.TimerP_getCountPriv)
                  7018e052    0000000e     --HOLE-- [fill = 0]
                  7018e060    00000032     drivers.am263px.r5f.ti-arm-clang.nortos.debug.lib : uart_v0_lld.obj (.text.UART_enhanFuncBitValRestore)
                  7018e092    0000000e     --HOLE-- [fill = 0]
                  7018e0a0    00000032                                                       : uart_v0_lld.obj (.text.UART_hardwareFlowCtrlOptSet)
                  7018e0d2    0000000e     --HOLE-- [fill = 0]
                  7018e0e0    00000030                                                       : ipc_notify_v1.obj (.text.IpcNotify_getReadSwQ)
                  7018e110    00000030                                                       : uart_v0_lld.obj (.text.UART_flowCtrlTrigLvlConfig)
                  7018e140    00000030     gateway_shared.o (.text.gateway_signal_motor_config_ready)
                  7018e170    0000002e     drivers.am263px.r5f.ti-arm-clang.nortos.debug.lib : uart_dma_edma.obj (.text.UART_lld_dmaInit)
                  7018e19e    00000002     --HOLE-- [fill = 0]
                  7018e1a0    0000002e     nortos.am263px.r5f.ti-arm-clang.debug.lib : printf.obj (.text._is_digit)
                  7018e1ce    00000002     --HOLE-- [fill = 0]
                  7018e1d0    0000002c                                               : DebugP_log.obj (.text.DebugP_logZoneEnable)
                  7018e1fc    00000004     --HOLE-- [fill = 0]
                  7018e200    0000002c     drivers.am263px.r5f.ti-arm-clang.nortos.debug.lib : ipc_notify_v1.obj (.text.IpcNotify_getReadMailbox)
                  7018e22c    00000004     --HOLE-- [fill = 0]
                  7018e230    0000002c                                                       : mcan.obj (.text.MCAN_clearNewDataStatus)
                  7018e25c    00000004     --HOLE-- [fill = 0]
                  7018e260    0000002c                                                       : mcan.obj (.text.MCAN_getNewDataStatus)
                  7018e28c    00000004     --HOLE-- [fill = 0]
                  7018e290    0000002c     nortos.am263px.r5f.ti-arm-clang.debug.lib : SemaphoreP_nortos.obj (.text.SemaphoreP_constructBinary)
                  7018e2bc    00000004     --HOLE-- [fill = 0]
                  7018e2c0    0000002c     yis320_protocol.o (.text.vtable_deinit)
                  7018e2ec    00000004     --HOLE-- [fill = 0]
                  7018e2f0    0000002a     nortos.am263px.r5f.ti-arm-clang.debug.lib : ClockP_nortos.obj (.text.ClockP_sleepTicks)
                  7018e31a    00000006     --HOLE-- [fill = 0]
                  7018e320    0000002a     drivers.am263px.r5f.ti-arm-clang.nortos.debug.lib : uart_v0_lld.obj (.text.UART_intr2Disable)
                  7018e34a    00000006     --HOLE-- [fill = 0]
                  7018e350    0000002a                                                       : uart_v0_lld.obj (.text.UART_operatingModeSelect)
                  7018e37a    00000006     --HOLE-- [fill = 0]
                  7018e380    0000002a     imu_protocol_handler.o (.text.imu_process_rx_data)
                  7018e3aa    00000006     --HOLE-- [fill = 0]
                  7018e3b0    00000028     nortos.am263px.r5f.ti-arm-clang.debug.lib : CpuId_armv7r.obj (.text.CSL_armR5GetCpuID)
                  7018e3d8    00000008     --HOLE-- [fill = 0]
                  7018e3e0    00000028                                               : printf.obj (.text.vprintf_)
                  7018e408    00000008     --HOLE-- [fill = 0]
                  7018e410    00000026     drivers.am263px.r5f.ti-arm-clang.nortos.debug.lib : edma.obj (.text.EDMA_disableQdmaEvtRegion)
                  7018e436    0000000a     --HOLE-- [fill = 0]
                  7018e440    00000026                                                       : edma.obj (.text.EDMA_enableQdmaEvtRegion)
                  7018e466    0000000a     --HOLE-- [fill = 0]
                  7018e470    00000026                                                       : edma.obj (.text.EDMA_validateIntrObject)
                  7018e496    0000000a     --HOLE-- [fill = 0]
                  7018e4a0    00000026     ti_drivers_config.o (.text.IpcNotify_allocSwQueue)
                  7018e4c6    0000000a     --HOLE-- [fill = 0]
                  7018e4d0    00000026     nortos.am263px.r5f.ti-arm-clang.debug.lib : printf.obj (.text._out_buffer)
                  7018e4f6    0000000a     --HOLE-- [fill = 0]
                  7018e500    00000024     ti_drivers_config.o (.text.IpcNotify_getConfig)
                  7018e524    0000000c     --HOLE-- [fill = 0]
                  7018e530    00000024     nortos.am263px.r5f.ti-arm-clang.debug.lib : SemaphoreP_nortos.obj (.text.SemaphoreP_constructMutex)
                  7018e554    0000000c     --HOLE-- [fill = 0]
                  7018e560    00000024     drivers.am263px.r5f.ti-arm-clang.nortos.debug.lib : uart_v0_lld.obj (.text.UART_IsRxTrigLvlValid)
                  7018e584    0000000c     --HOLE-- [fill = 0]
                  7018e590    00000024                                                       : uart_v0_lld.obj (.text.UART_IsStopBitsValid)
                  7018e5b4    0000000c     --HOLE-- [fill = 0]
                  7018e5c0    00000024                                                       : uart_v0_lld.obj (.text.UART_IsTxTrigLvlValid)
                  7018e5e4    0000000c     --HOLE-- [fill = 0]
                  7018e5f0    00000024                                                       : uart_v0.obj (.text.UART_getBaseAddr)
                  7018e614    00000024     libclang_rt.builtins.a : aeabi_uldivmod.S.obj (.text.__aeabi_uldivmod)
                  7018e638    00000008     --HOLE-- [fill = 0]
                  7018e640    00000024     nortos.am263px.r5f.ti-arm-clang.debug.lib : printf.obj (.text._out_char)
                  7018e664    0000000c     --HOLE-- [fill = 0]
                  7018e670    00000022     drivers.am263px.r5f.ti-arm-clang.nortos.debug.lib : edma.obj (.text.EDMA_channelToParamMap)
                  7018e692    0000000e     --HOLE-- [fill = 0]
                  7018e6a0    00000022     gateway_shared.o (.text.gateway_ringbuf_core1_receive)
                  7018e6c2    0000000e     --HOLE-- [fill = 0]
                  7018e6d0    00000020     nortos.am263px.r5f.ti-arm-clang.debug.lib : ClockP_nortos.obj (.text.ClockP_isActive)
                  7018e6f0    00000020                                               : ClockP_nortos.obj (.text.ClockP_usecToTicks)
                  7018e710    00000020     drivers.am263px.r5f.ti-arm-clang.nortos.debug.lib : mcan.obj (.text.HW_RD_FIELD32_RAW)
                  7018e730    00000020                                                       : uart_v0_lld.obj (.text.HW_RD_FIELD32_RAW)
                  7018e750    0000001e     nortos.am263px.r5f.ti-arm-clang.debug.lib : ClockP_nortos.obj (.text.ClockP_Params_init)
                  7018e76e    00000002     --HOLE-- [fill = 0]
                  7018e770    0000001e     drivers.am263px.r5f.ti-arm-clang.nortos.debug.lib : edma.obj (.text.EDMA_getEventStatusHigh)
                  7018e78e    00000002     --HOLE-- [fill = 0]
                  7018e790    0000001e                                                       : mcan.obj (.text.MCAN_setOpMode)
                  7018e7ae    00000002     --HOLE-- [fill = 0]
                  7018e7b0    0000001e                                                       : soc.obj (.text.SOC_getSelfCpuClk)
                  7018e7ce    00000002     --HOLE-- [fill = 0]
                  7018e7d0    0000001e                                                       : soc.obj (.text.SOC_moduleClockEnable)
                  7018e7ee    00000002     --HOLE-- [fill = 0]
                  7018e7f0    0000001e     ti_dpl_config.o (.text.TimerP_isr0)
                  7018e80e    00000002     --HOLE-- [fill = 0]
                  7018e810    0000001e     drivers.am263px.r5f.ti-arm-clang.nortos.debug.lib : uart_v0_lld.obj (.text.UART_breakCtl)
                  7018e82e    00000002     --HOLE-- [fill = 0]
                  7018e830    0000001e                                                       : uart_v0_lld.obj (.text.UART_lld_Transaction_deInit)
                  7018e84e    00000002     --HOLE-- [fill = 0]
                  7018e850    0000001c                                                       : edma.obj (.text.EDMA_getEventStatus)
                  7018e86c    00000004     --HOLE-- [fill = 0]
                  7018e870    0000001c                                                       : mcan.obj (.text.MCAN_writeProtectedRegAccessLock)
                  7018e88c    00000004     --HOLE-- [fill = 0]
                  7018e890    0000001c                                                       : mcan.obj (.text.MCAN_writeProtectedRegAccessUnlock)
                  7018e8ac    00000004     --HOLE-- [fill = 0]
                  7018e8b0    0000001c                                                       : uart_v0_lld.obj (.text.UART_IsParameter)
                  7018e8cc    0000001c     libc.a : memcpy32.S.obj (.text:TI_memcpy_small)
                  7018e8e8    00000008     --HOLE-- [fill = 0]
                  7018e8f0    0000001a     drivers.am263px.r5f.ti-arm-clang.nortos.debug.lib : mcan.obj (.text.MCAN_clearIntrStatus)
                  7018e90a    00000006     --HOLE-- [fill = 0]
                  7018e910    0000001a                                                       : mcan.obj (.text.MCAN_getOpMode)
                  7018e92a    00000006     --HOLE-- [fill = 0]
                  7018e930    0000001a                                                       : uart_v0_lld.obj (.text.UART_fifoCharGet)
                  7018e94a    00000006     --HOLE-- [fill = 0]
                  7018e950    0000001a                                                       : uart_v0_lld.obj (.text.UART_timeGuardConfig)
                  7018e96a    00000006     --HOLE-- [fill = 0]
                  7018e970    00000018     nortos.am263px.r5f.ti-arm-clang.debug.lib : ClockP_nortos.obj (.text.ClockP_ticksToUsec)
                  7018e988    00000008     --HOLE-- [fill = 0]
                  7018e990    00000018     drivers.am263px.r5f.ti-arm-clang.nortos.debug.lib : edma.obj (.text.EDMA_isInterruptEnabled)
                  7018e9a8    00000008     --HOLE-- [fill = 0]
                  7018e9b0    00000018                                                       : ipc_notify_v1.obj (.text.IpcNotify_mailboxClearAllInt)
                  7018e9c8    00000008     --HOLE-- [fill = 0]
                  7018e9d0    00000018                                                       : ipc_notify_v1_cfg.obj (.text.IpcNotify_trigInterrupt)
                  7018e9e8    00000008     --HOLE-- [fill = 0]
                  7018e9f0    00000018     nortos.am263px.r5f.ti-arm-clang.debug.lib : SemaphoreP_nortos.obj (.text.SemaphoreP_Params_init)
                  7018ea08    00000008     --HOLE-- [fill = 0]
                  7018ea10    00000018                                               : TimerP_rti_priv.obj (.text.TimerP_getReloadCountPriv)
                  7018ea28    00000008     --HOLE-- [fill = 0]
                  7018ea30    00000018     drivers.am263px.r5f.ti-arm-clang.nortos.debug.lib : uart_v0_lld.obj (.text.UART_divisorLatchDisable)
                  7018ea48    00000008     --HOLE-- [fill = 0]
                  7018ea50    00000018                                                       : uart_v0_lld.obj (.text.UART_modemControlReset)
                  7018ea68    00000008     --HOLE-- [fill = 0]
                  7018ea70    00000018                                                       : uart_v0_lld.obj (.text.UART_putChar)
                  7018ea88    00000018     libc.a : memset32.S.obj (.text:TI_memset_small)
                  7018eaa0    00000016     drivers.am263px.r5f.ti-arm-clang.nortos.debug.lib : ipc_notify_v1.obj (.text.IpcNotify_sendSync)
                  7018eab6    0000000a     --HOLE-- [fill = 0]
                  7018eac0    00000016                                                       : mcan.obj (.text.MCAN_getIntrStatus)
                  7018ead6    0000000a     --HOLE-- [fill = 0]
                  7018eae0    00000016     nortos.am263px.r5f.ti-arm-clang.debug.lib : TimerP_rti_priv.obj (.text.TimerP_startPriv)
                  7018eaf6    0000000a     --HOLE-- [fill = 0]
                  7018eb00    00000016                                               : TimerP_rti_priv.obj (.text.TimerP_stopPriv)
                  7018eb16    0000000a     --HOLE-- [fill = 0]
                  7018eb20    00000016     drivers.am263px.r5f.ti-arm-clang.nortos.debug.lib : uart_v0_lld.obj (.text.UART_divideRoundCloset)
                  7018eb36    0000000a     --HOLE-- [fill = 0]
                  7018eb40    00000016                                                       : uart_v0_lld.obj (.text.UART_regConfModeRestore)
                  7018eb56    0000000a     --HOLE-- [fill = 0]
                  7018eb60    00000014                                                       : edma.obj (.text.HW_WR_REG16_RAW)
                  7018eb74    0000000c     --HOLE-- [fill = 0]
                  7018eb80    00000014                                                       : ipc_notify_v1.obj (.text.IpcNotify_mailboxClearPendingIntr)
                  7018eb94    0000000c     --HOLE-- [fill = 0]
                  7018eba0    00000014                                                       : soc_rcm.obj (.text.SOC_rcmGetModuleClkDivFromRegVal)
                  7018ebb4    0000000c     --HOLE-- [fill = 0]
                  7018ebc0    00000014     nortos.am263px.r5f.ti-arm-clang.debug.lib : TimerP_rti_priv.obj (.text.TimerP_clearOverflowIntPriv)
                  7018ebd4    0000000c     --HOLE-- [fill = 0]
                  7018ebe0    00000014                                               : TimerP_rti_nortos.obj (.text.TimerP_setup)
                  7018ebf4    0000000c     --HOLE-- [fill = 0]
                  7018ec00    00000014     ti_dpl_config.o (.text.putchar_)
                  7018ec14    0000000c     --HOLE-- [fill = 0]
                  7018ec20    00000012     ti_pinmux_config.o (.text.Pinmux_init)
                  7018ec32    0000000e     --HOLE-- [fill = 0]
                  7018ec40    00000012     gateway_shared.o (.text.gateway_check_emergency_stop)
                  7018ec52    0000000e     --HOLE-- [fill = 0]
                  7018ec60    00000012     imu_protocol_handler.o (.text.imu_initialize)
                  7018ec72    0000000e     --HOLE-- [fill = 0]
                  7018ec80    00000012     imu_interface_isr.o (.text.imu_uart_is_initialized)
                  7018ec92    0000000e     --HOLE-- [fill = 0]
                  7018eca0    00000012     yis320_protocol.o (.text.yis320_get_timestamp_ms)
                  7018ecb2    0000000e     --HOLE-- [fill = 0]
                  7018ecc0    00000010     can_interface.o (.text.CSL_REG32_WR_RAW)
                  7018ecd0    00000010     drivers.am263px.r5f.ti-arm-clang.nortos.debug.lib : pinmux.obj (.text.CSL_REG32_WR_RAW)
                  7018ece0    00000010                                                       : soc.obj (.text.CSL_REG32_WR_RAW)
                  7018ecf0    00000010     ti_drivers_config.o (.text.CSL_REG32_WR_RAW)
                  7018ed00    00000010     nortos.am263px.r5f.ti-arm-clang.debug.lib : ClockP_nortos_r5.obj (.text.ClockP_getTimerCount)
                  7018ed10    00000010                                               : ClockP_nortos_r5.obj (.text.ClockP_timerClearOverflowInt)
                  7018ed20    00000010     drivers.am263px.r5f.ti-arm-clang.nortos.debug.lib : edma.obj (.text.HW_RD_REG32_RAW)
                  7018ed30    00000010                                                       : mcan.obj (.text.HW_RD_REG32_RAW)
                  7018ed40    00000010                                                       : uart_v0_lld.obj (.text.HW_RD_REG32_RAW)
                  7018ed50    00000010                                                       : edma.obj (.text.HW_WR_REG32_RAW)
                  7018ed60    00000010                                                       : mcan.obj (.text.HW_WR_REG32_RAW)
                  7018ed70    00000010                                                       : uart_v0_lld.obj (.text.HW_WR_REG32_RAW)
                  7018ed80    00000010                                                       : ipc_notify_v1.obj (.text.IpcNotify_mailboxGetPendingIntr)
                  7018ed90    00000010     nortos.am263px.r5f.ti-arm-clang.debug.lib : TimerP_rti_nortos.obj (.text.TimerP_Params_init)
                  7018eda0    00000010                                               : TimerP_rti_nortos.obj (.text.TimerP_clearOverflowInt)
                  7018edb0    00000010                                               : TimerP_rti_nortos.obj (.text.TimerP_getCount)
                  7018edc0    00000010                                               : TimerP_rti_nortos.obj (.text.TimerP_getReloadCount)
                  7018edd0    00000010                                               : TimerP_rti_nortos.obj (.text.TimerP_start)
                  7018ede0    00000010                                               : printf.obj (.text._out_null)
                  7018edf0    00000010     gateway_shared.o (.text.gateway_notify_imu_ready)
                  7018ee00    00000010     gateway_shared.o (.text.gateway_notify_states_ready)
                  7018ee10    0000000e     yis320_protocol.o (.text.yis320_uart_configure)
                  7018ee1e    00000002     --HOLE-- [fill = 0]
                  7018ee20    0000000c     ti_board_open_close.o (.text.Board_driversOpen)
                  7018ee2c    00000004     --HOLE-- [fill = 0]
                  7018ee30    0000000c     nortos.am263px.r5f.ti-arm-clang.debug.lib : ClockP_nortos.obj (.text.ClockP_getTicks)
                  7018ee3c    00000004     --HOLE-- [fill = 0]
                  7018ee40    0000000c     ti_drivers_open_close.o (.text.Drivers_open)
                  7018ee4c    00000004     --HOLE-- [fill = 0]
                  7018ee50    0000000c     ti_power_clock_config.o (.text.PowerClock_init)
                  7018ee5c    00000004     --HOLE-- [fill = 0]
                  7018ee60    0000000c     yis320_protocol.o (.text.vtable_read_data)
                  7018ee6c    00000004     --HOLE-- [fill = 0]
                  7018ee70    0000000a     nortos.am263px.r5f.ti-arm-clang.debug.lib : HwiP_armv7r_vim.obj (.text.Hwip_dataAndInstructionBarrier)
                  7018ee7a    00000006     --HOLE-- [fill = 0]
                  7018ee80    0000000a     drivers.am263px.r5f.ti-arm-clang.nortos.debug.lib : ipc_notify_v1.obj (.text.IpcNotify_dataAndInstructionBarrier)
                  7018ee8a    00000006     --HOLE-- [fill = 0]
                  7018ee90    0000000a                                                       : soc_rcm.obj (.text.SOC_rcmGetBaseAddressMSSRCM)
                  7018ee9a    00000006     --HOLE-- [fill = 0]
                  7018eea0    0000000a                                                       : uart_dma_edma.obj (.text.UART_edmaDoNothing)
                  7018eeaa    00000006     --HOLE-- [fill = 0]
                  7018eeb0    0000000a     gateway_shared.o (.text.gateway_memory_barrier)
                  7018eeba    00000006     --HOLE-- [fill = 0]
                  7018eec0    0000000a     gateway_shared.o (.text.ringbuf_get_ptr)
                  7018eeca    00000006     --HOLE-- [fill = 0]
                  7018eed0    00000008     ti_drivers_config.o (.text.Drivers_uartInit)
                  7018eed8    00000008     --HOLE-- [fill = 0]
                  7018eee0    00000008     drivers.am263px.r5f.ti-arm-clang.nortos.debug.lib : soc_rcm.obj (.text.SOC_rcmGetBaseAddressMSSCTRL)
                  7018eee8    00000008     --HOLE-- [fill = 0]
                  7018eef0    00000008                                                       : soc_rcm.obj (.text.SOC_rcmGetBaseAddressTOPRCM)
                  7018eef8    00000008     --HOLE-- [fill = 0]
                  7018ef00    00000008     nortos.am263px.r5f.ti-arm-clang.debug.lib : SemaphoreP_nortos.obj (.text.SemaphoreP_destruct)
                  7018ef08    00000008     --HOLE-- [fill = 0]
                  7018ef10    00000002     ti_board_open_close.o (.text.Board_driversClose)
                  7018ef12    0000000e     --HOLE-- [fill = 0]
                  7018ef20    00000002     ti_board_config.o (.text.Board_init)
                  7018ef22    0000000e     --HOLE-- [fill = 0]
                  7018ef30    00000002     ti_drivers_open_close.o (.text.Drivers_mcanOpen)
                  7018ef32    0000000e     --HOLE-- [fill = 0]
                  7018ef40    00000002     drivers.am263px.r5f.ti-arm-clang.nortos.debug.lib : ipc_notify_v1_cfg.obj (.text.IpcNotify_wait)
                  7018ef42    0000000e     --HOLE-- [fill = 0]
                  7018ef50    00000002     nortos.am263px.r5f.ti-arm-clang.debug.lib : TaskP_nortos.obj (.text.TaskP_yield)
                  7018ef52    0000000e     --HOLE-- [fill = 0]

.rodata    0    7018ef60    00002510     
                  7018ef60    00000450     motor_mapping.o (.rodata.motor_config_table)
                  7018f3b0    00000084     ti_dpl_config.o (.rodata.cfg)
                  7018f434    00000062     main.o (.rodata.str1.11321157723316767883.1)
                  7018f496    0000005e     main.o (.rodata.str1.15996357275703397564.1)
                  7018f4f4    0000005d     main.o (.rodata.str1.2563708670032483588.1)
                  7018f551    00000007     drivers.am263px.r5f.ti-arm-clang.nortos.debug.lib : soc.obj (.rodata.str1.12179086363571468349.1)
                  7018f558    00000050     nortos.am263px.r5f.ti-arm-clang.debug.lib : printf.obj (.rodata._ftoa.pow10)
                  7018f5a8    00000050     main.o (.rodata.str1.17045314124001216156.1)
                  7018f5f8    0000004d     gateway_shared.o (.rodata.str1.3223734256326991069.1)
                  7018f645    0000004c     main.o (.rodata.str1.10720410773482754683.1)
                  7018f691    0000004c     main.o (.rodata.str1.6365796992934770792.1)
                  7018f6dd    0000004a     main.o (.rodata.str1.4787932902692149498.1)
                  7018f727    00000049     can_interface.o (.rodata.str1.2401924719955226879.1)
                  7018f770    00000048     drivers.am263px.r5f.ti-arm-clang.nortos.debug.lib : soc_rcm.obj (.rodata.gADPLLJConfigTbl)
                  7018f7b8    00000045     main.o (.rodata.str1.13030671760666898970.1)
                  7018f7fd    00000045     can_interface.o (.rodata.str1.17857559882412085052.1)
                  7018f842    00000043     main.o (.rodata.str1.10313062130652730376.1)
                  7018f885    00000042     main.o (.rodata.str1.11702106008850790973.1)
                  7018f8c7    00000041     main.o (.rodata.str1.16265332423659789559.1)
                  7018f908    00000040     drivers.am263px.r5f.ti-arm-clang.nortos.debug.lib : mcan.obj (.rodata.gDataSize)
                  7018f948    00000040                                                       : ipc_notify_v1.obj (.rodata.str1.10118846006578224169.1)
                  7018f988    00000040     gateway_shared.o (.rodata.str1.1309647279537151951.1)
                  7018f9c8    0000003f     main.o (.rodata.str1.11121730273200050387.1)
                  7018fa07    0000003f     main.o (.rodata.str1.16302215771116645891.1)
                  7018fa46    0000003e     imu_interface_isr.o (.rodata.str1.2252785669688110604.1)
                  7018fa84    0000003d     nortos.am263px.r5f.ti-arm-clang.debug.lib : TimerP_rti_priv.obj (.rodata.str1.11388379688747141303.1)
                  7018fac1    0000003d     main.o (.rodata.str1.13782249893155712474.1)
                  7018fafe    0000003d     main.o (.rodata.str1.8428454045432808059.1)
                  7018fb3b    0000003c     main.o (.rodata.str1.8108965883388295311.1)
                  7018fb77    0000003b     can_interface.o (.rodata.str1.13886886582160776261.1)
                  7018fbb2    00000039     can_interface.o (.rodata.str1.13942422985958650841.1)
                  7018fbeb    00000039     can_interface.o (.rodata.str1.15906871730334742222.1)
                  7018fc24    00000039     can_interface.o (.rodata.str1.16770118065840302171.1)
                  7018fc5d    00000038     gateway_shared.o (.rodata.str1.8694082244888993162.1)
                  7018fc95    00000038     imu_interface_isr.o (.rodata.str1.9168798226845388136.1)
                  7018fccd    00000037     gateway_shared.o (.rodata.str1.10638658715010209595.1)
                  7018fd04    00000037     can_interface.o (.rodata.str1.17102373369105828453.1)
                  7018fd3b    00000037     main.o (.rodata.str1.3530083166107438000.1)
                  7018fd72    00000037     gateway_shared.o (.rodata.str1.5629998949668554045.1)
                  7018fda9    00000036     can_interface.o (.rodata.str1.10186677634541030339.1)
                  7018fddf    00000036     imu_interface_isr.o (.rodata.str1.13916086747295221358.1)
                  7018fe15    00000036     can_interface.o (.rodata.str1.15146467347084621569.1)
                  7018fe4b    00000035     can_interface.o (.rodata.str1.11434220007320834734.1)
                  7018fe80    00000035     main.o (.rodata.str1.16631870348416990953.1)
                  7018feb5    00000035     can_interface.o (.rodata.str1.6692020027550076815.1)
                  7018feea    00000035     ti_drivers_open_close.o (.rodata.str1.871795152488895636.1)
                  7018ff1f    00000035     main.o (.rodata.str1.9059077390166914652.1)
                  7018ff54    00000034     main.o (.rodata.str1.13288086030101331538.1)
                  7018ff88    00000034     main.o (.rodata.str1.14112174005742061988.1)
                  7018ffbc    00000034     main.o (.rodata.str1.17376258722486336754.1)
                  7018fff0    00000034     main.o (.rodata.str1.18092426736022315238.1)
                  70190024    00000034     main.o (.rodata.str1.3292798375424520613.1)
                  70190058    00000034     main.o (.rodata.str1.6891813955777630061.1)
                  7019008c    00000033     can_interface.o (.rodata.str1.13538652865395202372.1)
                  701900bf    00000033     main.o (.rodata.str1.14712910685067215323.1)
                  701900f2    00000033     can_interface.o (.rodata.str1.2569929632086669665.1)
                  70190125    00000033     main.o (.rodata.str1.489408286258209761.1)
                  70190158    00000032     can_interface.o (.rodata.str1.2296911319530636772.1)
                  7019018a    00000031     can_interface.o (.rodata.str1.4211222669969280216.1)
                  701901bb    00000031     gateway_shared.o (.rodata.str1.6121471336334202706.1)
                  701901ec    00000031     motor_mapping.o (.rodata.str1.8787205977826144616.1)
                  7019021d    00000030     can_interface.o (.rodata.str1.10130696897761414469.1)
                  7019024d    00000030     main.o (.rodata.str1.11777244287787065045.1)
                  7019027d    00000030     can_interface.o (.rodata.str1.2167712102046818855.1)
                  701902ad    00000030     imu_interface_isr.o (.rodata.str1.4417852805959727765.1)
                  701902dd    00000030     main.o (.rodata.str1.8154729771448623357.1)
                  7019030d    0000002f     main.o (.rodata.str1.11822182024223342093.1)
                  7019033c    0000002f     main.o (.rodata.str1.11870794119293528247.1)
                  7019036b    0000002f     can_interface.o (.rodata.str1.15094798983471906066.1)
                  7019039a    0000002f     main.o (.rodata.str1.17770841602246103764.1)
                  701903c9    0000002f     gateway_shared.o (.rodata.str1.3129942817937968154.1)
                  701903f8    0000002f     drivers.am263px.r5f.ti-arm-clang.nortos.debug.lib : ipc_notify_v1.obj (.rodata.str1.9418228565027791152.1)
                  70190427    0000002e     can_interface.o (.rodata.str1.11024350005305706282.1)
                  70190455    0000002e     gateway_shared.o (.rodata.str1.11051107022181534624.1)
                  70190483    0000002e     main.o (.rodata.str1.14079361385603432444.1)
                  701904b1    0000002e     main.o (.rodata.str1.2256192789054937243.1)
                  701904df    0000002e     main.o (.rodata.str1.7996925722583989644.1)
                  7019050d    0000002e     gateway_shared.o (.rodata.str1.9859227269409816370.1)
                  7019053b    0000002d     main.o (.rodata.str1.14466178792657420020.1)
                  70190568    0000002d     can_interface.o (.rodata.str1.150960857071891705.1)
                  70190595    0000002d     main.o (.rodata.str1.5043408953494467246.1)
                  701905c2    0000002d     main.o (.rodata.str1.625103348304617710.1)
                  701905ef    0000002d     can_interface.o (.rodata.str1.6401568125276999251.1)
                  7019061c    0000002d     can_interface.o (.rodata.str1.6531933829109918715.1)
                  70190649    0000002c     can_interface.o (.rodata.str1.14845445665763636722.1)
                  70190675    0000002c     main.o (.rodata.str1.2763581881760962609.1)
                  701906a1    0000002c     main.o (.rodata.str1.6554448696319176064.1)
                  701906cd    0000002c     gateway_shared.o (.rodata.str1.7167262159681625771.1)
                  701906f9    0000002b     main.o (.rodata.str1.18227636981041470289.1)
                  70190724    0000002b     can_interface.o (.rodata.str1.3858671167962548137.1)
                  7019074f    0000002b     main.o (.rodata.str1.39260288392874984.1)
                  7019077a    0000002b     can_interface.o (.rodata.str1.5571669369711139161.1)
                  701907a5    0000002a     can_interface.o (.rodata.str1.17855712168153945246.1)
                  701907cf    0000002a     nortos.am263px.r5f.ti-arm-clang.debug.lib : DebugP_log.obj (.rodata.str1.227947788441500939.1)
                  701907f9    0000002a     main.o (.rodata.str1.2846389346932560359.1)
                  70190823    0000002a     main.o (.rodata.str1.8096991282711418442.1)
                  7019084d    00000029     imu_interface_isr.o (.rodata.str1.15503275091179387347.1)
                  70190876    00000029     main.o (.rodata.str1.2624144126699937905.1)
                  7019089f    00000029     can_interface.o (.rodata.str1.357542981605220142.1)
                  701908c8    00000029     can_interface.o (.rodata.str1.6910353934698693424.1)
                  701908f1    00000029     can_interface.o (.rodata.str1.7679921882182829519.1)
                  7019091a    00000029     main.o (.rodata.str1.8076846746581808073.1)
                  70190943    00000028     main.o (.rodata.str1.10865113624938808685.1)
                  7019096b    00000028     main.o (.rodata.str1.1311392489248731986.1)
                  70190993    00000028     main.o (.rodata.str1.15159059442110792349.1)
                  701909bb    00000027     main.o (.rodata.str1.10224226614597680209.1)
                  701909e2    00000027     nortos.am263px.r5f.ti-arm-clang.debug.lib : ClockP_nortos_r5.obj (.rodata.str1.12743090444791882666.1)
                  70190a09    00000027     main.o (.rodata.str1.7784929982665794503.1)
                  70190a30    00000026     can_interface.o (.rodata.str1.14406550278730177052.1)
                  70190a56    00000026     gateway_shared.o (.rodata.str1.17046880449980016103.1)
                  70190a7c    00000026     gateway_shared.o (.rodata.str1.5761821093615868877.1)
                  70190aa2    00000026     can_interface.o (.rodata.str1.6806839034663112933.1)
                  70190ac8    00000025     main.o (.rodata.str1.10635229749459437609.1)
                  70190aed    00000025     main.o (.rodata.str1.2123964117280943167.1)
                  70190b12    00000025     main.o (.rodata.str1.6976963560179378225.1)
                  70190b37    00000024     can_interface.o (.rodata.str1.14428574951410983152.1)
                  70190b5b    00000024     can_interface.o (.rodata.str1.17339864536769639315.1)
                  70190b7f    00000024     main.o (.rodata.str1.2597068879322958637.1)
                  70190ba3    00000024     main.o (.rodata.str1.403738606202455663.1)
                  70190bc7    00000024     imu_interface_isr.o (.rodata.str1.6306445455767916371.1)
                  70190beb    00000024     main.o (.rodata.str1.7702501944640899365.1)
                  70190c0f    00000023     drivers.am263px.r5f.ti-arm-clang.nortos.debug.lib : soc_rcm.obj (.rodata.str1.2078190104202520215.1)
                  70190c32    00000023     nortos.am263px.r5f.ti-arm-clang.debug.lib : ClockP_nortos_r5.obj (.rodata.str1.7689125538912326484.1)
                  70190c55    00000022     drivers.am263px.r5f.ti-arm-clang.nortos.debug.lib : edma.obj (.rodata.str1.12976018205622752890.1)
                  70190c77    00000022     main.o (.rodata.str1.8828068777338075035.1)
                  70190c99    00000021     can_interface.o (.rodata.str1.12573338884863454617.1)
                  70190cba    00000021     nortos.am263px.r5f.ti-arm-clang.debug.lib : ClockP_nortos_r5.obj (.rodata.str1.8559540482768925367.1)
                  70190cdb    00000001     --HOLE-- [fill = 0]
                  70190cdc    00000020     drivers.am263px.r5f.ti-arm-clang.nortos.debug.lib : mcan.obj (.rodata.gMsgObjSize)
                  70190cfc    00000020     can_interface.o (.rodata.g_mcan_base_addr)
                  70190d1c    00000020     can_interface.o (.rodata.g_mcan_intr_num)
                  70190d3c    00000020     main.o (.rodata.str1.14402440632258215044.1)
[...]
00000000  __TI_ATRegion1_region_sz             
00000000  __TI_ATRegion1_src_addr              
00000000  __TI_ATRegion1_trg_addr              
00000000  __TI_ATRegion2_region_sz             
00000000  __TI_ATRegion2_src_addr              
00000000  __TI_ATRegion2_trg_addr              
00000000  __TI_static_base__                   
00000000  _vectors                             
00000100  __ABORT_STACK_SIZE                   
00000100  __FIQ_STACK_SIZE                     
00000100  __IRQ_STACK_SIZE                     
00000100  __UNDEFINED_STACK_SIZE               
00001000  __SVC_STACK_SIZE                     
00004000  __STACK_SIZE                         
70180a34  __aeabi_memclr                       
70180a34  __aeabi_memclr4                      
70180a34  __aeabi_memclr8                      
701810b8  C$$EXIT                              
701810b8  HOSTexit                             
701810c1  SOC_rcmEnablePeripheralClock         
701816f8  __aeabi_ldiv0                        
701816fc  __aeabi_memcpy                       
701816fc  __aeabi_memcpy4                      
701816fc  __aeabi_memcpy8                      
70181ce4  CSL_armR5ReadMpidrReg                
70182784  __aeabi_memmove                      
70182784  __aeabi_memmove4                     
70182784  __aeabi_memmove8                     
70183051  UART_open                            
70183451  IpcNotify_init                       
70183f01  SOC_virtToPhy                        
70184211  motor_mapping_init_core1             
70184511  MCAN_msgRAMConfig                    
701855a1  CAN_TransmitBatch                    
701857d1  UART_lld_dmaDeInit                   
70185a01  IpcNotify_isr                        
70185c31  TimerP_setupPriv                     
70185e11  UART_lld_dmaWrite                    
70185fc1  UART_close                           
70186171  UART_lld_controllerIsr               
70186311  CAN_StartRxInterrupts                
70186631  MCAN_calcMsgRamParamsStartAddr       
701867c1  EDMA_unregisterIntr                  
70186931  SOC_controlModuleUnlockMMR           
70186a91  CAN_Init                             
70186bf1  UART_lld_initDma                     
70186d51  DebugP_shmLogWriterPutChar           
70187141  MCAN_setBitTime                      
70187291  imu_uart_isr_init                    
70187521  MCAN_readMsgRam                      
701877a1  ClockP_init                          
701878e1  UART_procLineStatusErr               
70187a21  EDMA_registerIntr                    
70187b61  MCAN_init                            
70187ca1  UART_lld_init                        
70187dd1  MCAN_config                          
70187f01  SOC_controlModuleLockMMR             
70188031  SOC_rcmGetPeripheralClockFrequency   
70188271  DebugP_shmLogWriterPutLine           
70188391  UART_lld_dmaRead                     
701884ac  __udivmoddi4                         
70188a41  IpcNotify_sendMsg                    
70188c61  GPIO_init                            
70188d71  SemaphoreP_pend                      
70188e81  gateway_ringbuf_read                 
70188f91  gateway_write_motor_config           
70189261  EDMA_freeChannelRegion               
70189351  EDMA_freeParam                       
70189441  EDMA_freeDmaChannel                  
70189521  EDMA_freeTcc                         
70189601  UART_intrEnable                      
701896e1  UART_intrDisable                     
701897c1  AddrTranslateP_getLocalAddr          
70189891  EDMA_disableChInShadowRegRegion      
70189961  EDMA_enableChInShadowRegRegion       
70189a31  EDMA_mapChToEvtQ                     
70189b01  EDMA_configureChannelRegion          
70189c81  UART_flushTxFifo                     
70189e01  ClockP_timerTickIsr                  
70189ec1  TimerP_init                          
70189f81  ClockP_stop                          
7018a041  IpcNotify_waitSync                   
7018a101  CycleCounterP_init                   
7018a121  CycleCounterP_reset                  
7018a171  CycleCounterP_nsToTicks              
7018a1b1  CycleCounterP_enableUserAccess       
7018a1c1  MCAN_writeMsgRam                     
7018a271  SOC_rcmSetPeripheralClock            
7018a321  UART_init                            
7018a531  gateway_write_motor_states           
7018a5e1  gateway_core1_wait_for_ready         
7018a741  ClockP_destruct                      
7018a7f1  Drivers_uartOpen                     
7018a9f1  gateway_core1_ipc_callback           
7018ab31  imu_uart_read                        
7018abd1  IpcNotify_registerClient             
7018ad11  ClockP_getTimeUsec                   
7018adb1  EDMA_unmapChToEvtQ                   
7018ae51  float_to_uint                        
7018aef1  yis320_convert_to_ipc                
7018af91  EDMA_disableTransferRegion           
7018b021  EDMA_enableTransferRegion            
7018b261  UART_lld_flushTxFifo                 
7018b381  EDMA_allocDmaChannel                 
7018b411  EDMA_allocParam                      
7018b4a1  EDMA_allocTcc                        
7018b651  IpcNotify_syncAll                    
7018b6e1  imu_protocol_manager_init            
7018b771  MCAN_addStdMsgIDFilter               
7018b871  System_init                          
7018b971  _DebugP_assert                       
7018b9f1  gateway_ringbuf_core1_init           
7018baf1  UART_Params_init                     
7018bb71  gateway_write_imu_state              
7018bbf1  EDMA_linkChannel                     
7018bcf1  ClockP_usleep                        
7018bd71  EDMA_clrMissEvtRegion                
7018bf51  EDMA_getBaseAddr                     
7018c031  imu_protocol_get_state               
7018c0a1  SOC_rcmGetR5Clock                    
7018c111  SOC_rcmIsR5FInLockStepMode           
7018c1f1  UART_lld_deInitDma                   
7018c261  imu_protocol_process_uart_rx         
7018c2d1  MCAN_enableIntr                      
7018c341  MCAN_initTxBufElement                
7018c421  SemaphoreP_post                      
7018c491  MCAN_selectIntrLine                  
7018c4f1  UART_getChar                         
7018c5b1  yis320_protocol_handler_init         
7018c611  Module_clockSetFrequency             
7018c671  UART_lld_deInit                      
7018c911  uint16_to_float                      
7018c9d1  Dpl_init                             
7018ca31  EDMA_setPaRAM                        
7018caf1  main                                 
7018cb44  __TI_auto_init_nobinit_nopinit       
7018cba1  Drivers_uartClose                    
7018cbf1  Pinmux_config                        
7018cc41  UART_checkCharsAvailInFifo           
7018cc91  DebugP_shmLogWriterInit              
7018cce1  EDMA_clrEvtRegion                    
7018cd31  EDMA_disableDmaEvtRegion             
7018cd81  EDMA_disableEvtIntrRegion            
7018cdd1  EDMA_enableDmaEvtRegion              
7018ce21  EDMA_enableEvtIntrRegion             
7018ce71  EDMA_setEvtRegion                    
7018cec1  GPIO_setDirMode                      
7018cf11  MCAN_enableIntrLine                  
7018cf61  ClockP_construct                     
7018cfb1  EDMA_ccPaRAMEntry_init               
7018d001  EDMA_mapQdmaChToPaRAM                
7018d051  EDMA_readEventStatusRegion           
7018d0a1  IpcNotify_unregisterClient           
7018d0f1  Module_clockEnable                   
7018d141  gateway_update_stat                  
7018d18c  memmove                              
7018d231  timerISR                             
7018d281  CAN_GetStats                         
7018d2d1  IpcNotify_Params_init                
7018d371  UART_getIntrIdentityStatus           
7018d461  CAN_RegisterRxCallback               
7018d551  UART_readLineStatus                  
7018d5a1  imu_protocol_handler_init            
7018d6e1  SemaphoreP_construct                 
7018d731  _DebugP_logZone                      
7018d7d1  ClockP_start                         
7018d871  imu_protocol_update_state            
7018d931  UART_spaceAvail                      
7018d971  gateway_core1_init                   
7018d9b1  gateway_update_heartbeat             
7018da31  UART_IsTxRxFifoEmpty                 
7018dab1  MCAN_txBufAddReq                     
7018daf1  SOC_moduleSetClockFrequency          
7018dbb1  snprintf_                            
7018dbf1  SOC_getCoreName                      
7018dc28  CycleCounterP_getCount32             
7018dc30  PmuP_setup                           
7018dc38  PmuP_enableCounters                  
7018dc40  PmuP_disableCounters                 
7018dc48  PmuP_getOverflowStatus               
7018dc50  PmuP_clearOverflowStatus             
7018dc58  PmuP_setUserEnable                   
7018dca1  EDMA_getRegionId                     
7018dd61  IpcNotify_syncCallback               
7018dde1  MCAN_calcCfgAddr                     
7018de61  TimerP_Params_initPriv               
7018dee1  motor_get_config                     
7018dfe1  MCAN_isMemInitDone                   
7018e021  TimerP_getCountPriv                  
7018e141  gateway_signal_motor_config_ready    
7018e171  UART_lld_dmaInit                     
7018e1d1  DebugP_logZoneEnable                 
7018e231  MCAN_clearNewDataStatus              
7018e261  MCAN_getNewDataStatus                
7018e291  SemaphoreP_constructBinary           
7018e321  UART_intr2Disable                    
7018e351  UART_operatingModeSelect             
7018e3b1  CSL_armR5GetCpuID                    
7018e3e1  vprintf_                             
7018e411  EDMA_disableQdmaEvtRegion            
7018e441  EDMA_enableQdmaEvtRegion             
7018e4a1  IpcNotify_allocSwQueue               
7018e501  IpcNotify_getConfig                  
7018e531  SemaphoreP_constructMutex            
7018e5f1  UART_getBaseAddr                     
7018e614  __aeabi_uldivmod                     
7018e671  EDMA_channelToParamMap               
7018e6a1  gateway_ringbuf_core1_receive        
7018e6d1  ClockP_isActive                      
7018e6f1  ClockP_usecToTicks                   
7018e751  ClockP_Params_init                   
7018e771  EDMA_getEventStatusHigh              
7018e791  MCAN_setOpMode                       
7018e7b1  SOC_getSelfCpuClk                    
7018e7d1  SOC_moduleClockEnable                
7018e7f1  TimerP_isr0                          
7018e831  UART_lld_Transaction_deInit          
7018e851  EDMA_getEventStatus                  
7018e8cc  TI_memcpy_small                      
7018e8f1  MCAN_clearIntrStatus                 
7018e911  MCAN_getOpMode                       
7018e971  ClockP_ticksToUsec                   
7018e991  EDMA_isInterruptEnabled              
7018e9d1  IpcNotify_trigInterrupt              
7018e9f1  SemaphoreP_Params_init               
7018ea11  TimerP_getReloadCountPriv            
7018ea71  UART_putChar                         
7018ea88  TI_memset_small                      
7018eaa1  IpcNotify_sendSync                   
7018eac1  MCAN_getIntrStatus                   
7018eae1  TimerP_startPriv                     
7018eb01  TimerP_stopPriv                      
7018ebc1  TimerP_clearOverflowIntPriv          
7018ebe1  TimerP_setup                         
7018ec01  putchar_                             
7018ec21  Pinmux_init                          
7018ec41  gateway_check_emergency_stop         
7018ec81  imu_uart_is_initialized              
7018eca1  yis320_get_timestamp_ms              
7018ed01  ClockP_getTimerCount                 
7018ed11  ClockP_timerClearOverflowInt         
7018ed91  TimerP_Params_init                   
7018eda1  TimerP_clearOverflowInt              
7018edb1  TimerP_getCount                      
7018edc1  TimerP_getReloadCount                
7018edd1  TimerP_start                         
7018edf1  gateway_notify_imu_ready             
7018ee01  gateway_notify_states_ready          
7018ee11  yis320_uart_configure                
7018ee21  Board_driversOpen                    
7018ee31  ClockP_getTicks                      
7018ee41  Drivers_open                         
7018ee51  PowerClock_init                      
7018eed1  Drivers_uartInit                     
7018ef01  SemaphoreP_destruct                  
7018ef11  Board_driversClose                   
7018ef21  Board_init                           
7018ef31  Drivers_mcanOpen                     
7018ef41  IpcNotify_wait                       
7018ef51  TaskP_yield                          
7018f3b0  gCacheConfig                         
7018f3b8  gMpuConfig                           
7018f3c4  gMpuRegionConfig                     
7018f770  gADPLLJConfigTbl                     
7019106c  gPeripheralClkSrcInfoMap             
7019140c  gXTALInfo                            
70191456  gCR5ClkSrcInfoMap                    
70191458  gCacheL1dCacheLineSize               
7019145c  gCacheL1pCacheLineSize               
70191470  __BSS_START                          
70191ff0  gHwiCtrl                             
701927fc  g_yis320_private_data                
70192c04  g_motor_lookup                       
70193928  gIpcNotifyCtrl                       
70193bb4  gTimerBaseAddr                       
70193bb8  gClockCtrl                           
70193bd8  virtToPhymap                         
70193bfc  gTimerHwiObj                         
70193c00  gUartHandle                          
70193c08  __BSS_END                            
70193c08  __stack                              
70197c08  __STACK_END                          
70197c11  HwiP_enableInt                       
70197c51  HwiP_disableInt                      
70197cb1  HwiP_restoreInt                      
70197ce1  HwiP_clearInt                        
70197d21  HwiP_post                            
70197d61  HwiP_Params_init                     
70197d91  HwiP_construct                       
70197f81  HwiP_destruct                        
70197ff1  HwiP_init                            
701981a1  HwiP_inISR                           
701981d1  HwiP_setVimIrqPriMaskNonAtomic       
70198221  HwiP_setVimIrqPriMaskAtomic          
701982c1  HwiP_restoreVimIrqPriMask            
701982d1  HwiP_irq_handler_c                   
70198471  HwiP_fiq_handler                     
701985d1  HwiP_reserved_handler                
70198611  HwiP_undefined_handler_c             
70198631  HwiP_user_undefined_handler_c        
70198651  HwiP_svc_handler                     
70198691  HwiP_prefetch_abort_handler_c        
70198731  HwiP_user_prefetch_abort_handler_c   
70198771  HwiP_data_abort_handler_c            
70198831  HwiP_user_data_abort_handler_c       
7019886c  HwiP_irq_handler                     
701988e0  HwiP_data_abort_handler              
70198924  HwiP_prefetch_abort_handler          
70198970  HwiP_undefined_handler               
701989a0  GET_DFSR                             
701989a8  GET_ADFSR                            
701989b0  GET_DFAR                             
701989b8  GET_IFSR                             
701989c0  GET_AIFSR                            
701989c8  GET_IFAR                             
701989d0  GET_SPSR                             
701989e8  HwiP_disable                         
701989f8  HwiP_disableFIQ                      
70198a08  HwiP_enable                          
70198a18  HwiP_enableFIQ                       
70198a28  HwiP_restore                         
70198a30  HwiP_enableVIC                       
70198a40  HwiP_disableVIC                      
70198a50  HwiP_getCPSR                         
70198a60  CacheP_disableL1d                    
70198a88  CacheP_disableL1p                    
70198aa0  CacheP_enableL1d                     
70198ab8  CacheP_enableL1p                     
70198ad0  CacheP_invL1d                        
70198b08  CacheP_invL1p                        
70198b44  CacheP_invL1dAll                     
70198b4c  CacheP_invL1pAll                     
70198b54  CacheP_wb                            
70198b90  CacheP_wbInv                         
70198bcc  CacheP_wbAll                         
70198c74  CacheP_wbInvAll                      
70198c8c  CacheP_wbInvAllAsm                   
70198d2c  CacheP_getEnabled                    
70198d64  CacheP_getCacheLevelInfo             
70198d70  CacheP_configForceWrThru             
70198d90  CacheP_setDLFO                       
70198da1  CacheP_init                          
70198e31  CacheP_disable                       
70198e81  CacheP_enable                        
70198ec1  CacheP_inv                           
70198f01  MpuP_getAttrs                        
70198f61  MpuP_RegionAttrs_init                
70198f91  MpuP_setRegion                       
70199021  MpuP_isEnable                        
70199031  MpuP_disable                         
70199071  MpuP_enable                          
701990c1  MpuP_init                            
70199161  MpuP_isUserAuthorizedToAccessMemory  
70199240  MpuP_disableAsm                      
70199258  MpuP_disableBRAsm                    
70199268  MpuP_enableAsm                       
70199280  MpuP_enableBRAsm                     
70199290  MpuP_isEnableAsm                     
701992a4  MpuP_setRegionAsm                    
701992c0  _c_int00_sbl                         
701992e4  _c_int00                             
70199411  _DebugP_assertNoLog                  
70199441  _system_pre_init                     
70199471  __mpu_init                           
70199480  abort                                
70199488  gEdmaConfig                          
70199488  gUartDmaHandle                       
70199778  gIpcNotifyMailboxConfig              
70199950  gSocModulesClockFrequency            
701999c8  gUartParams                          
70199a20  gSocModules                          
70199a60  gClockConfig                         
70199a78  gIpcNotifyInterruptConfig_r5fss1_1   
70199aa4  gIpcNotifyCoreIntrBitPos             
70199ac4  gAddrTranslateConfig                 
70199ad8  gUartConfig                          
70199aec  gDebugLogZone                        
70199af8  gEdmaConfigNum                       
70199afc  gHwiConfig                           
70199b00  gIpcNotifyInterruptConfigNum_r5fss1_1
70199b04  gUartConfigNum                       
70199b08  gUartDmaChConfig                     
70199b54  isMapAvailable                       
70199b60  __IRQ_STACK_START                    
70199c60  __FIQ_STACK_START                    
70199c60  __IRQ_STACK_END                      
70199d60  __FIQ_STACK_END                      
70199d60  __SVC_STACK_START                    
7019ad60  __ABORT_STACK_START                  
7019ad60  __SVC_STACK_END                      
7019ae60  __ABORT_STACK_END                    
7019ae60  __UNDEFINED_STACK_START              
7019af60  __UNDEFINED_STACK_END                
70200000  gGatewaySharedMem                    
70204ecc  dbg_can_rx_count                     
70204ed0  dbg_can_tx_count                     
70204ed4  dbg_can_isr_rx_entry_count           
70204ed8  dbg_can_isr_fifo_read_count          
70204edc  dbg_can_isr_callback_count           
70204ee0  g_first_intr_info                    
70204f60  dbg_ipc_send_count                   
70204f64  dbg_ipc_register_count               
70204f68  dbg_imu_uart_isr_count               
70204f6c  dbg_imu_rx_byte_count                
70204f70  dbg_imu_frame_count                  
70208000  gDebugShmLog                         
ffffffff  __TI_pprof_out_hndl                  
ffffffff  __TI_prof_data_size                  
ffffffff  __TI_prof_data_start                 
ffffffff  __binit__                            
ffffffff  binit                                
UNDEFED   __TI_CINIT_Base                      
UNDEFED   __TI_CINIT_Limit                     
UNDEFED   __TI_Handler_Table_Base              
UNDEFED   __TI_Handler_Table_Limit             
UNDEFED   _system_post_cinit                   

[419 symbols]
