******************************************************************************
            TI ARM Clang Linker PC v4.0.4                      
******************************************************************************
>> Linked Tue Mar 24 19:42:48 2026

OUTPUT FILE NAME:   <ccu_ti_multi_core_realtime.out>
ENTRY POINT SYMBOL: "_vectors"  address: 00000000


MEMORY CONFIGURATION

         name            origin    length      used     unused   attr    fill
----------------------  --------  ---------  --------  --------  ----  --------
  R5F_VECS              00000000   00000040  00000040  00000000  RWIX
  R5F_TCMA              00000040   00007fc0  00000000  00007fc0  RWIX
  R5F_TCMB              00080000   00008000  00000000  00008000  RWIX
  MAILBOX_HSM           44000000   000003ce  00000000  000003ce  RWIX
  MAILBOX_R5F           44000400   000003ce  00000000  000003ce  RWIX
  FLASH                 60180000   00080000  00000000  00080000  RWIX
  OCRAM                 70080000   00040000  0000fb88  00030478  RWIX
  USER_SHM_MEM          701d0000   00004000  000001c0  00003e40  RWIX
  LOG_SHM_MEM           701d4000   00004000  00002000  00002000  RWIX
  RTOS_NORTOS_IPC_SHM_M 72000000   00003e80  00000000  00003e80  RWIX


SEGMENT ALLOCATION MAP

run origin  load origin   length   init length attrs members
----------  ----------- ---------- ----------- ----- -------
00000000    00000000    00000040   00000040    r-x
  00000000    00000000    00000040   00000040    r-x .vectors
70080000    70080000    000082a8   000082a8    r-x
  70080000    70080000    00006ed0   00006ed0    r-x .text
  70086ed0    70086ed0    000013d8   000013d8    r-- .rodata
700882a8    700882a8    00004a78   00000000    rw-
  700882a8    700882a8    00000a78   00000000    rw- .bss
  70088d20    70088d20    00004000   00000000    rw- .stack
7008cd20    7008cd20    00001878   00001878    r-x
  7008cd20    7008cd20    00000e50   00000e50    r-x .text.hwi
  7008db70    7008db70    000004a0   000004a0    r-x .text.cache
  7008e010    7008e010    000003c0   000003c0    r-x .text.mpu
  7008e3d0    7008e3d0    000001c0   000001c0    r-x .text.boot
  7008e590    7008e590    00000008   00000008    r-x .text:abort
7008e598    7008e598    000015f0   000001f0    rw-
  7008e598    7008e598    000001f0   000001f0    rw- .data
  7008e788    7008e788    00000100   00000000    rw- .irqstack
  7008e888    7008e888    00000100   00000000    rw- .fiqstack
  7008e988    7008e988    00001000   00000000    rw- .svcstack
  7008f988    7008f988    00000100   00000000    rw- .abortstack
  7008fa88    7008fa88    00000100   00000000    rw- .undefinedstack


SECTION ALLOCATION MAP

 output                                  attributes/
section   page    origin      length       input sections
--------  ----  ----------  ----------   ----------------
.vectors   0    00000000    00000040     
                  00000000    00000040     nortos.am263px.r5f.ti-arm-clang.debug.lib : HwiP_armv7r_vectors_nortos_asm.obj (.vectors)

.text      0    70080000    00006ed0     
                  70080000    00000a34     nortos.am263px.r5f.ti-arm-clang.debug.lib : printf.obj (.text._vsnprintf)
                  70080a34    0000000c     libclang_rt.builtins.a : aeabi_memset.S.obj (.text.__aeabi_memclr)
                  70080a40    00000678     drivers.am263px.r5f.ti-arm-clang.nortos.debug.lib : soc_rcm.obj (.text.SOC_rcmGetClkSrcAndDivReg)
                  700810b8    00000008     libsysbm.a : hostexit.c.obj (.text.HOSTexit)
                  700810c0    00000638     drivers.am263px.r5f.ti-arm-clang.nortos.debug.lib : soc_rcm.obj (.text.SOC_rcmEnablePeripheralClock)
                  700816f8    00000004     libclang_rt.builtins.a : aeabi_div0.c.obj (.text.__aeabi_ldiv0)
                  700816fc    00000004     --HOLE-- [fill = 0]
                  70081700    000005e2     nortos.am263px.r5f.ti-arm-clang.debug.lib : printf.obj (.text._ftoa)
                  70081ce2    0000000e     --HOLE-- [fill = 0]
                  70081cf0    000004b0                                               : printf.obj (.text._etoa)
                  700821a0    000003dc     drivers.am263px.r5f.ti-arm-clang.nortos.debug.lib : ipc_notify_v1.obj (.text.IpcNotify_init)
                  7008257c    00000004     --HOLE-- [fill = 0]
                  70082580    00000330     timer.o (.text.timer_test_main)
                  700828b0    000002b6     main.o (.text.main_loop)
                  70082b66    0000000a     --HOLE-- [fill = 0]
                  70082b70    0000023e     nortos.am263px.r5f.ti-arm-clang.debug.lib : printf.obj (.text._ntoa_format)
                  70082dae    00000002     --HOLE-- [fill = 0]
                  70082db0    00000222     drivers.am263px.r5f.ti-arm-clang.nortos.debug.lib : ipc_notify_v1.obj (.text.IpcNotify_isr)
                  70082fd2    0000000e     --HOLE-- [fill = 0]
                  70082fe0    000001d6     nortos.am263px.r5f.ti-arm-clang.debug.lib : TimerP_rti_priv.obj (.text.TimerP_setupPriv)
                  700831b6    0000000a     --HOLE-- [fill = 0]
                  700831c0    00000186     drivers.am263px.r5f.ti-arm-clang.nortos.debug.lib : mcan.obj (.text.MCAN_readMsg)
                  70083346    0000000a     --HOLE-- [fill = 0]
                  70083350    00000186     main.o (.text.core1_init)
                  700834d6    0000000a     --HOLE-- [fill = 0]
                  700834e0    0000017e     can_interface.o (.text.can_rx_isr)
                  7008365e    00000002     --HOLE-- [fill = 0]
                  70083660    0000017a     main.o (.text.ipc_notify_callback_fxn)
                  700837da    00000006     --HOLE-- [fill = 0]
                  700837e0    00000164     gateway_shared.o (.text.gateway_core1_ipc_callback)
                  70083944    0000000c     --HOLE-- [fill = 0]
                  70083950    00000158     drivers.am263px.r5f.ti-arm-clang.nortos.debug.lib : soc.obj (.text.SOC_controlModuleUnlockMMR)
                  70083aa8    00000008     --HOLE-- [fill = 0]
                  70083ab0    00000150     nortos.am263px.r5f.ti-arm-clang.debug.lib : DebugP_shmLogWriter.obj (.text.DebugP_shmLogWriterPutChar)
                  70083c00    00000138     drivers.am263px.r5f.ti-arm-clang.nortos.debug.lib : mcan.obj (.text.MCAN_readMsgRam)
                  70083d38    00000008     --HOLE-- [fill = 0]
                  70083d40    00000138     nortos.am263px.r5f.ti-arm-clang.debug.lib : printf.obj (.text._ntoa_long_long)
                  70083e78    00000008     --HOLE-- [fill = 0]
                  70083e80    00000136                                               : ClockP_nortos_r5.obj (.text.ClockP_init)
                  70083fb6    0000000a     --HOLE-- [fill = 0]
                  70083fc0    00000126     drivers.am263px.r5f.ti-arm-clang.nortos.debug.lib : soc.obj (.text.SOC_controlModuleLockMMR)
                  700840e6    0000000a     --HOLE-- [fill = 0]
                  700840f0    00000120                                                       : soc_rcm.obj (.text.SOC_rcmGetPeripheralClockFrequency)
                  70084210    0000011c     nortos.am263px.r5f.ti-arm-clang.debug.lib : DebugP_shmLogWriter.obj (.text.DebugP_shmLogWriterPutLine)
                  7008432c    00000118     libclang_rt.builtins.a : udivmoddi4.S.obj (.text)
                  70084444    0000000c     --HOLE-- [fill = 0]
                  70084450    00000114     nortos.am263px.r5f.ti-arm-clang.debug.lib : printf.obj (.text._ntoa_long)
                  70084564    0000000c     --HOLE-- [fill = 0]
                  70084570    0000010e     drivers.am263px.r5f.ti-arm-clang.nortos.debug.lib : soc_rcm.obj (.text.SOC_rcmADPLLJGetFOut)
                  7008467e    00000002     --HOLE-- [fill = 0]
                  70084680    0000010a                                                       : ipc_notify_v1.obj (.text.IpcNotify_sendMsg)
                  7008478a    00000006     --HOLE-- [fill = 0]
                  70084790    00000102     nortos.am263px.r5f.ti-arm-clang.debug.lib : SemaphoreP_nortos.obj (.text.SemaphoreP_pend)
                  70084892    0000000e     --HOLE-- [fill = 0]
                  700848a0    000000f0     can_interface.o (.text.CAN_StartRxInterrupts)
                  70084990    000000e6     drivers.am263px.r5f.ti-arm-clang.nortos.debug.lib : soc_rcm.obj (.text.SOC_rcmGetCoreFout)
                  70084a76    0000000a     --HOLE-- [fill = 0]
                  70084a80    000000e6                                                       : soc_rcm.obj (.text.SOC_rcmGetPerFout)
                  70084b66    0000000a     --HOLE-- [fill = 0]
                  70084b70    000000d0     nortos.am263px.r5f.ti-arm-clang.debug.lib : AddrTranslateP_32bit.obj (.text.AddrTranslateP_getLocalAddr)
                  70084c40    000000c0     drivers.am263px.r5f.ti-arm-clang.nortos.debug.lib : soc_rcm.obj (.text.SOC_rcmGetPerHSDivOut)
                  70084d00    000000c0     nortos.am263px.r5f.ti-arm-clang.debug.lib : printf.obj (.text._out_rev)
                  70084dc0    000000be                                               : ClockP_nortos.obj (.text.ClockP_timerTickIsr)
                  70084e7e    00000002     --HOLE-- [fill = 0]
                  70084e80    000000be     ti_dpl_config.o (.text.TimerP_init)
                  70084f3e    00000002     --HOLE-- [fill = 0]
                  70084f40    000000ba     nortos.am263px.r5f.ti-arm-clang.debug.lib : ClockP_nortos.obj (.text.ClockP_stop)
                  70084ffa    00000006     --HOLE-- [fill = 0]
                  70085000    000000ba     drivers.am263px.r5f.ti-arm-clang.nortos.debug.lib : ipc_notify_v1.obj (.text.IpcNotify_waitSync)
                  700850ba    00000006     --HOLE-- [fill = 0]
                  700850c0    000000ba     nortos.am263px.r5f.ti-arm-clang.debug.lib : PmuP_armv7r.obj (.text.pmu)
                  7008517a    00000006     --HOLE-- [fill = 0]
                  70085180    000000b0     drivers.am263px.r5f.ti-arm-clang.nortos.debug.lib : soc_rcm.obj (.text.SOC_rcmSetPeripheralClock)
                  70085230    000000ae                                                       : mcan.obj (.text.MCAN_getOffsetAddr)
                  700852de    00000002     --HOLE-- [fill = 0]
                  700852e0    000000ac     gateway_shared.o (.text.gateway_core1_wait_for_ready)
                  7008538c    00000004     --HOLE-- [fill = 0]
                  70085390    000000a8     nortos.am263px.r5f.ti-arm-clang.debug.lib : ClockP_nortos.obj (.text.ClockP_addToList)
                  70085438    00000008     --HOLE-- [fill = 0]
                  70085440    000000a8                                               : ClockP_nortos.obj (.text.ClockP_destruct)
                  700854e8    00000008     --HOLE-- [fill = 0]
                  700854f0    000000a0     drivers.am263px.r5f.ti-arm-clang.nortos.debug.lib : soc_rcm.obj (.text.SOC_rcmGetCoreHSDivOut)
                  70085590    00000098                                                       : ipc_notify_v1.obj (.text.IpcNotify_registerClient)
                  70085628    00000008     --HOLE-- [fill = 0]
                  70085630    00000092     nortos.am263px.r5f.ti-arm-clang.debug.lib : ClockP_nortos.obj (.text.ClockP_getTimeUsec)
                  700856c2    0000000e     --HOLE-- [fill = 0]
                  700856d0    00000088     gateway_shared.o (.text.gateway_write_test_data)
                  70085758    00000008     --HOLE-- [fill = 0]
                  70085760    00000082     drivers.am263px.r5f.ti-arm-clang.nortos.debug.lib : ipc_notify_v1.obj (.text.IpcNotify_syncAll)
                  700857e2    0000000e     --HOLE-- [fill = 0]
                  700857f0    0000007e     gateway_shared.o (.text.gateway_read_test_data)
                  7008586e    00000002     --HOLE-- [fill = 0]
                  70085870    0000007c     nortos.am263px.r5f.ti-arm-clang.debug.lib : DebugP_log.obj (.text._DebugP_assert)
                  700858ec    00000004     --HOLE-- [fill = 0]
                  700858f0    0000007a     drivers.am263px.r5f.ti-arm-clang.nortos.debug.lib : ipc_notify_v1.obj (.text.IpcNotify_mailboxWrite)
                  7008596a    00000006     --HOLE-- [fill = 0]
                  70085970    0000007a     ti_drivers_config.o (.text.System_init)
                  700859ea    00000006     --HOLE-- [fill = 0]
                  700859f0    00000072     nortos.am263px.r5f.ti-arm-clang.debug.lib : ClockP_nortos.obj (.text.ClockP_usleep)
                  70085a62    0000000e     --HOLE-- [fill = 0]
                  70085a70    00000072     drivers.am263px.r5f.ti-arm-clang.nortos.debug.lib : ipc_notify_v1.obj (.text.IpcNotify_makeMsg)
                  70085ae2    0000000e     --HOLE-- [fill = 0]
                  70085af0    0000006a                                                       : ipc_notify_v1.obj (.text.IpcNotify_mailboxReadSwQ)
                  70085b5a    00000006     --HOLE-- [fill = 0]
                  70085b60    00000064                                                       : soc_rcm.obj (.text.SOC_rcmGetR5Clock)
                  70085bc4    0000000c     --HOLE-- [fill = 0]
                  70085bd0    00000062                                                       : soc_rcm.obj (.text.SOC_rcmInsert16)
                  70085c32    0000000e     --HOLE-- [fill = 0]
                  70085c40    0000005c     ti_power_clock_config.o (.text.Module_clockSetFrequency)
                  70085c9c    00000004     --HOLE-- [fill = 0]
                  70085ca0    0000005c     gateway_shared.o (.text.gateway_notify_test_data_ready)
                  70085cfc    00000004     --HOLE-- [fill = 0]
                  70085d00    0000005c     main.o (.text.main)
                  70085d5c    00000004     --HOLE-- [fill = 0]
                  70085d60    00000058     ti_drivers_config.o (.text.IpcNotify_allocSwQueue)
                  70085db8    00000008     --HOLE-- [fill = 0]
                  70085dc0    00000058     drivers.am263px.r5f.ti-arm-clang.nortos.debug.lib : soc_rcm.obj (.text.SOC_rcmGetModuleClkDivVal)
                  70085e18    00000008     --HOLE-- [fill = 0]
                  70085e20    00000054     ti_dpl_config.o (.text.Dpl_init)
                  70085e74    00000054     libclang_rt.builtins.a : floatundisf.S.obj (.text.__floatundisf)
                  70085ec8    00000054     libc.a : autoinit.c.obj (.text:__TI_auto_init_nobinit_nopinit)
                  70085f1c    00000004     --HOLE-- [fill = 0]
                  70085f20    00000050     drivers.am263px.r5f.ti-arm-clang.nortos.debug.lib : pinmux.obj (.text.Pinmux_config)
                  70085f70    0000004e     nortos.am263px.r5f.ti-arm-clang.debug.lib : DebugP_shmLogWriter.obj (.text.DebugP_shmLogWriterInit)
                  70085fbe    00000002     --HOLE-- [fill = 0]
                  70085fc0    0000004c                                               : ClockP_nortos.obj (.text.ClockP_construct)
                  7008600c    00000004     --HOLE-- [fill = 0]
                  70086010    0000004c     drivers.am263px.r5f.ti-arm-clang.nortos.debug.lib : ipc_notify_v1.obj (.text.IpcNotify_unregisterClient)
                  7008605c    00000004     --HOLE-- [fill = 0]
                  70086060    0000004c     ti_power_clock_config.o (.text.Module_clockEnable)
                  700860ac    00000004     --HOLE-- [fill = 0]
                  700860b0    0000004a     drivers.am263px.r5f.ti-arm-clang.nortos.debug.lib : ipc_notify_v1.obj (.text.IpcNotify_Params_init)
                  700860fa    00000006     --HOLE-- [fill = 0]
                  70086100    0000004a                                                       : soc_rcm.obj (.text.SOC_rcmGetCR5SysclkInFrequency)
                  7008614a    00000006     --HOLE-- [fill = 0]
                  70086150    00000044                                                       : ipc_notify_v1.obj (.text.IpcNotify_getWriteMailbox)
                  70086194    0000000c     --HOLE-- [fill = 0]
                  700861a0    00000044                                                       : soc_rcm.obj (.text.SOC_rcmExtract8)
                  700861e4    0000000c     --HOLE-- [fill = 0]
                  700861f0    00000044                                                       : soc_rcm.obj (.text.SOC_rcmMake16)
                  70086234    0000000c     --HOLE-- [fill = 0]
                  70086240    00000044     nortos.am263px.r5f.ti-arm-clang.debug.lib : SemaphoreP_nortos.obj (.text.SemaphoreP_construct)
                  70086284    0000000c     --HOLE-- [fill = 0]
                  70086290    00000044                                               : DebugP_nortos.obj (.text._DebugP_logZone)
                  700862d4    0000000c     --HOLE-- [fill = 0]
                  700862e0    00000044                                               : printf.obj (.text._strnlen_s)
                  70086324    0000000c     --HOLE-- [fill = 0]
                  70086330    00000044     gateway_shared.o (.text.gateway_notify_states_ready)
                  70086374    0000000c     --HOLE-- [fill = 0]
                  70086380    00000042     nortos.am263px.r5f.ti-arm-clang.debug.lib : ClockP_nortos.obj (.text.ClockP_start)
                  700863c2    0000000e     --HOLE-- [fill = 0]
                  700863d0    0000003e     drivers.am263px.r5f.ti-arm-clang.nortos.debug.lib : pinmux.obj (.text.Pinmux_unlockMMR)
                  7008640e    00000002     --HOLE-- [fill = 0]
                  70086410    0000003e     gateway_shared.o (.text.gateway_core1_init)
                  7008644e    00000002     --HOLE-- [fill = 0]
                  70086450    0000003e     gateway_shared.o (.text.gateway_update_heartbeat)
                  7008648e    00000002     --HOLE-- [fill = 0]
                  70086490    0000003e     main.o (.text.init_1000hz_timer)
                  700864ce    00000002     --HOLE-- [fill = 0]
                  700864d0    0000003e     main.o (.text.timer_isr)
                  7008650e    00000002     --HOLE-- [fill = 0]
                  70086510    0000003a     drivers.am263px.r5f.ti-arm-clang.nortos.debug.lib : soc.obj (.text.SOC_moduleSetClockFrequency)
                  7008654a    00000006     --HOLE-- [fill = 0]
                  70086550    0000003a     nortos.am263px.r5f.ti-arm-clang.debug.lib : printf.obj (.text._atoi)
                  7008658a    00000006     --HOLE-- [fill = 0]
                  70086590    0000003a                                               : printf.obj (.text.snprintf_)
                  700865ca    00000006     --HOLE-- [fill = 0]
                  700865d0    00000038     drivers.am263px.r5f.ti-arm-clang.nortos.debug.lib : soc.obj (.text.SOC_getCoreName)
                  70086608    00000038     nortos.am263px.r5f.ti-arm-clang.debug.lib : PmuP_armv7r_asm.obj (.text.pmu)
                  70086640    00000036     drivers.am263px.r5f.ti-arm-clang.nortos.debug.lib : ipc_notify_v1.obj (.text.IpcNotify_syncCallback)
                  70086676    0000000a     --HOLE-- [fill = 0]
                  70086680    00000034                                                       : mcan.obj (.text.MCAN_calcCfgAddr)
                  700866b4    0000000c     --HOLE-- [fill = 0]
                  700866c0    00000034                                                       : pinmux.obj (.text.Pinmux_lockMMR)
                  700866f4    0000000c     --HOLE-- [fill = 0]
                  70086700    00000034     nortos.am263px.r5f.ti-arm-clang.debug.lib : TimerP_rti_priv.obj (.text.TimerP_Params_initPriv)
                  70086734    0000000c     --HOLE-- [fill = 0]
                  70086740    00000032     drivers.am263px.r5f.ti-arm-clang.nortos.debug.lib : ipc_notify_v1.obj (.text.IpcNotify_mailboxIsPendingIntr)
                  70086772    0000000e     --HOLE-- [fill = 0]
                  70086780    00000032     nortos.am263px.r5f.ti-arm-clang.debug.lib : TimerP_rti_priv.obj (.text.TimerP_getCountPriv)
                  700867b2    0000000e     --HOLE-- [fill = 0]
                  700867c0    00000030     drivers.am263px.r5f.ti-arm-clang.nortos.debug.lib : ipc_notify_v1.obj (.text.IpcNotify_getReadSwQ)
                  700867f0    0000002e     nortos.am263px.r5f.ti-arm-clang.debug.lib : printf.obj (.text._is_digit)
                  7008681e    00000002     --HOLE-- [fill = 0]
                  70086820    0000002c                                               : DebugP_log.obj (.text.DebugP_logZoneEnable)
                  7008684c    00000004     --HOLE-- [fill = 0]
                  70086850    0000002c     drivers.am263px.r5f.ti-arm-clang.nortos.debug.lib : ipc_notify_v1.obj (.text.IpcNotify_getReadMailbox)
                  7008687c    00000004     --HOLE-- [fill = 0]
                  70086880    0000002c                                                       : mcan.obj (.text.MCAN_clearNewDataStatus)
                  700868ac    00000004     --HOLE-- [fill = 0]
                  700868b0    0000002c                                                       : mcan.obj (.text.MCAN_getNewDataStatus)
                  700868dc    00000004     --HOLE-- [fill = 0]
                  700868e0    0000002c     nortos.am263px.r5f.ti-arm-clang.debug.lib : SemaphoreP_nortos.obj (.text.SemaphoreP_constructBinary)
                  7008690c    00000004     --HOLE-- [fill = 0]
                  70086910    0000002a                                               : ClockP_nortos.obj (.text.ClockP_sleepTicks)
                  7008693a    00000006     --HOLE-- [fill = 0]
                  70086940    00000028                                               : printf.obj (.text.vprintf_)
                  70086968    00000008     --HOLE-- [fill = 0]
                  70086970    00000026                                               : printf.obj (.text._out_buffer)
                  70086996    0000000a     --HOLE-- [fill = 0]
                  700869a0    00000024     ti_drivers_config.o (.text.IpcNotify_getConfig)
                  700869c4    00000024     libclang_rt.builtins.a : aeabi_uldivmod.S.obj (.text.__aeabi_uldivmod)
                  700869e8    00000008     --HOLE-- [fill = 0]
                  700869f0    00000024     nortos.am263px.r5f.ti-arm-clang.debug.lib : printf.obj (.text._out_char)
                  70086a14    0000000c     --HOLE-- [fill = 0]
                  70086a20    00000020                                               : ClockP_nortos.obj (.text.ClockP_isActive)
                  70086a40    00000020     drivers.am263px.r5f.ti-arm-clang.nortos.debug.lib : mcan.obj (.text.HW_RD_FIELD32_RAW)
                  70086a60    0000001e     nortos.am263px.r5f.ti-arm-clang.debug.lib : ClockP_nortos.obj (.text.ClockP_Params_init)
                  70086a7e    00000002     --HOLE-- [fill = 0]
                  70086a80    0000001e     drivers.am263px.r5f.ti-arm-clang.nortos.debug.lib : soc.obj (.text.SOC_getSelfCpuClk)
                  70086a9e    00000002     --HOLE-- [fill = 0]
                  70086aa0    0000001e                                                       : soc.obj (.text.SOC_moduleClockEnable)
                  70086abe    00000002     --HOLE-- [fill = 0]
                  70086ac0    0000001e     ti_dpl_config.o (.text.TimerP_isr0)
                  70086ade    00000002     --HOLE-- [fill = 0]
                  70086ae0    0000001c     timer.o (.text.timerISR)
                  70086afc    00000004     --HOLE-- [fill = 0]
                  70086b00    0000001a     drivers.am263px.r5f.ti-arm-clang.nortos.debug.lib : mcan.obj (.text.MCAN_clearIntrStatus)
                  70086b1a    00000006     --HOLE-- [fill = 0]
                  70086b20    00000018     nortos.am263px.r5f.ti-arm-clang.debug.lib : ClockP_nortos.obj (.text.ClockP_ticksToUsec)
                  70086b38    00000008     --HOLE-- [fill = 0]
                  70086b40    00000018     drivers.am263px.r5f.ti-arm-clang.nortos.debug.lib : ipc_notify_v1.obj (.text.IpcNotify_mailboxClearAllInt)
                  70086b58    00000008     --HOLE-- [fill = 0]
                  70086b60    00000018                                                       : ipc_notify_v1_cfg.obj (.text.IpcNotify_trigInterrupt)
                  70086b78    00000008     --HOLE-- [fill = 0]
                  70086b80    00000018     nortos.am263px.r5f.ti-arm-clang.debug.lib : SemaphoreP_nortos.obj (.text.SemaphoreP_Params_init)
                  70086b98    00000008     --HOLE-- [fill = 0]
                  70086ba0    00000018                                               : TimerP_rti_priv.obj (.text.TimerP_getReloadCountPriv)
                  70086bb8    00000018     libc.a : memset32.S.obj (.text:TI_memset_small)
                  70086bd0    00000016     drivers.am263px.r5f.ti-arm-clang.nortos.debug.lib : ipc_notify_v1.obj (.text.IpcNotify_sendSync)
                  70086be6    0000000a     --HOLE-- [fill = 0]
                  70086bf0    00000016                                                       : mcan.obj (.text.MCAN_getIntrStatus)
                  70086c06    0000000a     --HOLE-- [fill = 0]
                  70086c10    00000016     nortos.am263px.r5f.ti-arm-clang.debug.lib : TimerP_rti_priv.obj (.text.TimerP_startPriv)
                  70086c26    0000000a     --HOLE-- [fill = 0]
                  70086c30    00000016                                               : TimerP_rti_priv.obj (.text.TimerP_stopPriv)
                  70086c46    0000000a     --HOLE-- [fill = 0]
                  70086c50    00000014     drivers.am263px.r5f.ti-arm-clang.nortos.debug.lib : ipc_notify_v1.obj (.text.IpcNotify_mailboxClearPendingIntr)
                  70086c64    0000000c     --HOLE-- [fill = 0]
                  70086c70    00000014                                                       : soc_rcm.obj (.text.SOC_rcmGetModuleClkDivFromRegVal)
                  70086c84    0000000c     --HOLE-- [fill = 0]
                  70086c90    00000014     nortos.am263px.r5f.ti-arm-clang.debug.lib : TimerP_rti_priv.obj (.text.TimerP_clearOverflowIntPriv)
                  70086ca4    0000000c     --HOLE-- [fill = 0]
                  70086cb0    00000014                                               : TimerP_rti_nortos.obj (.text.TimerP_setup)
                  70086cc4    0000000c     --HOLE-- [fill = 0]
                  70086cd0    00000014     ti_dpl_config.o (.text.putchar_)
                  70086ce4    0000000c     --HOLE-- [fill = 0]
                  70086cf0    00000012     ti_pinmux_config.o (.text.Pinmux_init)
                  70086d02    0000000e     --HOLE-- [fill = 0]
                  70086d10    00000010     drivers.am263px.r5f.ti-arm-clang.nortos.debug.lib : pinmux.obj (.text.CSL_REG32_WR_RAW)
                  70086d20    00000010                                                       : soc.obj (.text.CSL_REG32_WR_RAW)
                  70086d30    00000010     nortos.am263px.r5f.ti-arm-clang.debug.lib : ClockP_nortos_r5.obj (.text.ClockP_getTimerCount)
                  70086d40    00000010                                               : ClockP_nortos_r5.obj (.text.ClockP_timerClearOverflowInt)
                  70086d50    00000010     drivers.am263px.r5f.ti-arm-clang.nortos.debug.lib : mcan.obj (.text.HW_RD_REG32_RAW)
                  70086d60    00000010                                                       : mcan.obj (.text.HW_WR_REG32_RAW)
                  70086d70    00000010                                                       : ipc_notify_v1.obj (.text.IpcNotify_mailboxGetPendingIntr)
                  70086d80    00000010     nortos.am263px.r5f.ti-arm-clang.debug.lib : TimerP_rti_nortos.obj (.text.TimerP_Params_init)
                  70086d90    00000010                                               : TimerP_rti_nortos.obj (.text.TimerP_clearOverflowInt)
                  70086da0    00000010                                               : TimerP_rti_nortos.obj (.text.TimerP_getCount)
                  70086db0    00000010                                               : TimerP_rti_nortos.obj (.text.TimerP_getReloadCount)
                  70086dc0    00000010                                               : TimerP_rti_nortos.obj (.text.TimerP_start)
                  70086dd0    00000010                                               : TimerP_rti_nortos.obj (.text.TimerP_stop)
                  70086de0    00000010                                               : printf.obj (.text._out_null)
                  70086df0    0000000c     ti_board_open_close.o (.text.Board_driversOpen)
                  70086dfc    00000004     --HOLE-- [fill = 0]
                  70086e00    0000000c     nortos.am263px.r5f.ti-arm-clang.debug.lib : ClockP_nortos.obj (.text.ClockP_getTicks)
                  70086e0c    00000004     --HOLE-- [fill = 0]
                  70086e10    0000000c     ti_power_clock_config.o (.text.PowerClock_init)
                  70086e1c    00000004     --HOLE-- [fill = 0]
                  70086e20    0000000a     nortos.am263px.r5f.ti-arm-clang.debug.lib : HwiP_armv7r_vim.obj (.text.Hwip_dataAndInstructionBarrier)
                  70086e2a    00000006     --HOLE-- [fill = 0]
                  70086e30    0000000a     drivers.am263px.r5f.ti-arm-clang.nortos.debug.lib : ipc_notify_v1.obj (.text.IpcNotify_dataAndInstructionBarrier)
                  70086e3a    00000006     --HOLE-- [fill = 0]
                  70086e40    0000000a                                                       : soc_rcm.obj (.text.SOC_rcmGetBaseAddressMSSRCM)
                  70086e4a    00000006     --HOLE-- [fill = 0]
                  70086e50    0000000a     gateway_shared.o (.text.gateway_memory_barrier)
                  70086e5a    00000006     --HOLE-- [fill = 0]
                  70086e60    00000008     drivers.am263px.r5f.ti-arm-clang.nortos.debug.lib : soc_rcm.obj (.text.SOC_rcmGetBaseAddressTOPRCM)
                  70086e68    00000008     --HOLE-- [fill = 0]
                  70086e70    00000008     nortos.am263px.r5f.ti-arm-clang.debug.lib : SemaphoreP_nortos.obj (.text.SemaphoreP_destruct)
                  70086e78    00000008     --HOLE-- [fill = 0]
                  70086e80    00000002     ti_board_open_close.o (.text.Board_driversClose)
                  70086e82    0000000e     --HOLE-- [fill = 0]
                  70086e90    00000002     ti_board_config.o (.text.Board_init)
                  70086e92    0000000e     --HOLE-- [fill = 0]
                  70086ea0    00000002     ti_drivers_open_close.o (.text.Drivers_close)
                  70086ea2    0000000e     --HOLE-- [fill = 0]
                  70086eb0    00000002     ti_drivers_open_close.o (.text.Drivers_open)
                  70086eb2    0000000e     --HOLE-- [fill = 0]
                  70086ec0    00000002     drivers.am263px.r5f.ti-arm-clang.nortos.debug.lib : ipc_notify_v1_cfg.obj (.text.IpcNotify_wait)
                  70086ec2    0000000e     --HOLE-- [fill = 0]

.rodata    0    70086ed0    000013d8     
                  70086ed0    00000084     ti_dpl_config.o (.rodata.cfg)
                  70086f54    00000056     timer.o (.rodata.str1.11065275571764353979.1)
                  70086faa    00000006     drivers.am263px.r5f.ti-arm-clang.nortos.debug.lib : soc_rcm.obj (.rodata.str1.12246138248821672736.1)
                  70086fb0    00000050     nortos.am263px.r5f.ti-arm-clang.debug.lib : printf.obj (.rodata._ftoa.pow10)
                  70087000    0000004e     main.o (.rodata.str1.11321157723316767883.1)
                  7008704e    0000004a     main.o (.rodata.str1.1311392489248731986.1)
                  70087098    00000048     drivers.am263px.r5f.ti-arm-clang.nortos.debug.lib : soc_rcm.obj (.rodata.gADPLLJConfigTbl)
                  700870e0    00000044     gateway_shared.o (.rodata.str1.8694082244888993162.1)
                  70087124    00000041     main.o (.rodata.str1.18092426736022315238.1)
                  70087165    00000003     main.o (.rodata.str1.17100691992556644108.1)
                  70087168    00000040     main.o (.rodata..L__const.main_loop.test_pattern)
                  700871a8    00000040     drivers.am263px.r5f.ti-arm-clang.nortos.debug.lib : mcan.obj (.rodata.gDataSize)
                  700871e8    00000040                                                       : ipc_notify_v1.obj (.rodata.str1.10118846006578224169.1)
                  70087228    00000040     gateway_shared.o (.rodata.str1.1309647279537151951.1)
                  70087268    0000003d     nortos.am263px.r5f.ti-arm-clang.debug.lib : TimerP_rti_priv.obj (.rodata.str1.11388379688747141303.1)
                  700872a5    0000003d     main.o (.rodata.str1.8108965883388295311.1)
                  700872e2    0000003c     main.o (.rodata.str1.16265332423659789559.1)
                  7008731e    0000003c     main.o (.rodata.str1.6554448696319176064.1)
                  7008735a    0000003b     main.o (.rodata.str1.14466178792657420020.1)
                  70087395    0000003b     main.o (.rodata.str1.2763581881760962609.1)
                  700873d0    0000003a     main.o (.rodata.str1.17045314124001216156.1)
                  7008740a    0000003a     gateway_shared.o (.rodata.str1.6238718661883364096.1)
                  70087444    00000039     gateway_shared.o (.rodata.str1.11051107022181534624.1)
                  7008747d    00000039     can_interface.o (.rodata.str1.17339864536769639315.1)
                  700874b6    00000039     gateway_shared.o (.rodata.str1.8195260966165303577.1)
                  700874ef    00000037     main.o (.rodata.str1.2563708670032483588.1)
                  70087526    00000037     gateway_shared.o (.rodata.str1.5629998949668554045.1)
                  7008755d    00000035     main.o (.rodata.str1.7702501944640899365.1)
                  70087592    00000034     main.o (.rodata.str1.14112174005742061988.1)
                  700875c6    00000034     gateway_shared.o (.rodata.str1.9859227269409816370.1)
                  700875fa    00000033     can_interface.o (.rodata.str1.10186677634541030339.1)
                  7008762d    00000030     main.o (.rodata.str1.8154729771448623357.1)
                  7008765d    00000030     main.o (.rodata.str1.8320541211001259012.1)
                  7008768d    0000002f     gateway_shared.o (.rodata.str1.12080221302489731862.1)
                  700876bc    0000002f     main.o (.rodata.str1.15996357275703397564.1)
                  700876eb    0000002f     main.o (.rodata.str1.16302215771116645891.1)
                  7008771a    0000002f     gateway_shared.o (.rodata.str1.3129942817937968154.1)
                  70087749    0000002f     drivers.am263px.r5f.ti-arm-clang.nortos.debug.lib : ipc_notify_v1.obj (.rodata.str1.9418228565027791152.1)
                  70087778    0000002e     main.o (.rodata.str1.2123964117280943167.1)
                  700877a6    0000002d     main.o (.rodata.str1.11870794119293528247.1)
                  700877d3    0000002d     main.o (.rodata.str1.14079361385603432444.1)
                  70087800    0000002d     can_interface.o (.rodata.str1.17855712168153945246.1)
                  7008782d    0000002d     timer.o (.rodata.str1.4825335438893677182.1)
                  7008785a    0000002d     timer.o (.rodata.str1.9776783471828401229.1)
                  70087887    0000002c     gateway_shared.o (.rodata.str1.7167262159681625771.1)
                  700878b3    0000002c     main.o (.rodata.str1.9059077390166914652.1)
                  700878df    0000002b     main.o (.rodata.str1.18227636981041470289.1)
                  7008790a    0000002b     timer.o (.rodata.str1.2595077267241533047.1)
                  70087935    0000002a     timer.o (.rodata.str1.14592564388859657302.1)
                  7008795f    0000002a     gateway_shared.o (.rodata.str1.17046880449980016103.1)
                  70087989    0000002a     nortos.am263px.r5f.ti-arm-clang.debug.lib : DebugP_log.obj (.rodata.str1.227947788441500939.1)
                  700879b3    00000029     main.o (.rodata.str1.14402440632258215044.1)
                  700879dc    00000029     main.o (.rodata.str1.7996925722583989644.1)
                  70087a05    00000028     main.o (.rodata.str1.15159059442110792349.1)
                  70087a2d    00000027     nortos.am263px.r5f.ti-arm-clang.debug.lib : ClockP_nortos_r5.obj (.rodata.str1.12743090444791882666.1)
                  70087a54    00000027     main.o (.rodata.str1.7784929982665794503.1)
                  70087a7b    00000026     gateway_shared.o (.rodata.str1.5327546541240122901.1)
                  70087aa1    00000026     gateway_shared.o (.rodata.str1.5761821093615868877.1)
                  70087ac7    00000025     main.o (.rodata.str1.5043408953494467246.1)
                  70087aec    00000024     can_interface.o (.rodata.str1.14695538922052102695.1)
                  70087b10    00000024     can_interface.o (.rodata.str1.17857559882412085052.1)
                  70087b34    00000024     main.o (.rodata.str1.8096991282711418442.1)
                  70087b58    00000023     timer.o (.rodata.str1.11625592957738929956.1)
                  70087b7b    00000023     drivers.am263px.r5f.ti-arm-clang.nortos.debug.lib : soc_rcm.obj (.rodata.str1.2078190104202520215.1)
                  70087b9e    00000023     main.o (.rodata.str1.2846389346932560359.1)
                  70087bc1    00000023     nortos.am263px.r5f.ti-arm-clang.debug.lib : ClockP_nortos_r5.obj (.rodata.str1.7689125538912326484.1)
                  70087be4    00000021     timer.o (.rodata.str1.11388516001008441053.1)
                  70087c05    00000021     nortos.am263px.r5f.ti-arm-clang.debug.lib : ClockP_nortos_r5.obj (.rodata.str1.8559540482768925367.1)
                  70087c26    00000002     drivers.am263px.r5f.ti-arm-clang.nortos.debug.lib : soc_rcm.obj (.rodata.gCR5ClkSrcInfoMap)
                  70087c28    00000020                                                       : mcan.obj (.rodata.gMsgObjSize)
                  70087c48    00000020     can_interface.o (.rodata.g_mcan_base_addr)
                  70087c68    00000020     can_interface.o (.rodata.g_mcan_intr_num)
                  70087c88    00000020     drivers.am263px.r5f.ti-arm-clang.nortos.debug.lib : ipc_notify_v1.obj (.rodata.str1.2046905611612007019.1)
                  70087ca8    0000001f     timer.o (.rodata.str1.17138248890061536290.1)
                  70087cc7    0000001f     nortos.am263px.r5f.ti-arm-clang.debug.lib : ClockP_nortos_r5.obj (.rodata.str1.2746619892315392655.1)
                  70087ce6    0000001e     drivers.am263px.r5f.ti-arm-clang.nortos.debug.lib : ipc_notify_v1.obj (.rodata.str1.16593710740832512674.1)
                  70087d04    0000001e     timer.o (.rodata.str1.17468340562980736309.1)
                  70087d22    0000001e     drivers.am263px.r5f.ti-arm-clang.nortos.debug.lib : ipc_notify_v1.obj (.rodata.str1.9050127465416171240.1)
                  70087d40    0000001d     nortos.am263px.r5f.ti-arm-clang.debug.lib : TimerP_rti_priv.obj (.rodata.str1.1727973701797049581.1)
                  70087d5d    0000001d                                               : TimerP_rti_priv.obj (.rodata.str1.4425773406285945039.1)
                  70087d7a    0000001d                                               : TimerP_rti_priv.obj (.rodata.str1.7297095892955669843.1)
                  70087d97    0000001c     timer.o (.rodata.str1.3941945720110854977.1)
                  70087db3    0000001b     timer.o (.rodata.str1.16368327707447699272.1)
                  70087dce    0000001b     timer.o (.rodata.str1.2729451262212274059.1)
                  70087de9    0000001b     timer.o (.rodata.str1.7281718990602344857.1)
                  70087e04    0000001b     ti_drivers_config.o (.rodata.str1.7767457247551078139.1)
                  70087e1f    0000001a     drivers.am263px.r5f.ti-arm-clang.nortos.debug.lib : soc_rcm.obj (.rodata.str1.16907879152045164286.1)
                  70087e39    0000001a     main.o (.rodata.str1.288608917962107522.1)
                  70087e53    0000001a     nortos.am263px.r5f.ti-arm-clang.debug.lib : ClockP_nortos_r5.obj (.rodata.str1.3810757863367538396.1)
                  70087e6d    0000001a     main.o (.rodata.str1.8076846746581808073.1)
                  70087e87    00000019     drivers.am263px.r5f.ti-arm-clang.nortos.debug.lib : ipc_notify_v1.obj (.rodata.str1.12253177398743541182.1)
                  70087ea0    00000019     timer.o (.rodata.str1.12486863182278299252.1)
                  70087eb9    00000019     main.o (.rodata.str1.3530083166107438000.1)
                  70087ed2    00000019     nortos.am263px.r5f.ti-arm-clang.debug.lib : TimerP_rti_priv.obj (.rodata.str1.5494506574634759136.1)
                  70087eeb    00000001     --HOLE-- [fill = 0]
                  70087eec    00000018     drivers.am263px.r5f.ti-arm-clang.nortos.debug.lib : soc_rcm.obj (.rodata.gControlssPllClkSrcValMap)
                  70087f04    00000018                                                       : soc_rcm.obj (.rodata.gCptsClkSrcValMap)
                  70087f1c    00000018                                                       : soc_rcm.obj (.rodata.gI2cClkSrcValMap)
                  70087f34    00000018                                                       : soc_rcm.obj (.rodata.gIcssmUartClkSrcValMap)
                  70087f4c    00000018                                                       : soc_rcm.obj (.rodata.gLinUartClkSrcValMap)
                  70087f64    00000018                                                       : soc_rcm.obj (.rodata.gMcSpiClkSrcValMap)
                  70087f7c    00000018                                                       : soc_rcm.obj (.rodata.gMcanClkSrcValMap)
                  70087f94    00000018                                                       : soc_rcm.obj (.rodata.gMmcClkSrcValMap)
                  70087fac    00000018                                                       : soc_rcm.obj (.rodata.gOspiClkSrcValMap)
                  70087fc4    00000018                                                       : soc_rcm.obj (.rodata.gPeripheralClkSrcInfoMap)
                  70087fdc    00000018                                                       : soc_rcm.obj (.rodata.gRtiClkSrcValMap)
                  70087ff4    00000018                                                       : soc_rcm.obj (.rodata.gWdtClkSrcValMap)
                  7008800c    00000018     ti_drivers_config.o (.rodata.str1.2211846465855763212.1)
                  70088024    00000017     drivers.am263px.r5f.ti-arm-clang.nortos.debug.lib : soc_rcm.obj (.rodata.str1.1263028196474875090.1)
                  7008803b    00000017     timer.o (.rodata.str1.13913013338197420287.1)
                  70088052    00000016     drivers.am263px.r5f.ti-arm-clang.nortos.debug.lib : soc_rcm.obj (.rodata.str1.15837709475095375462.1)
                  70088068    00000016                                                       : soc_rcm.obj (.rodata.str1.18101715471844446405.1)
                  7008807e    00000016                                                       : soc_rcm.obj (.rodata.str1.503491203257075565.1)
                  70088094    00000015     timer.o (.rodata.str1.14729613912850753266.1)
                  700880a9    00000015     drivers.am263px.r5f.ti-arm-clang.nortos.debug.lib : ipc_notify_v1.obj (.rodata.str1.2749849238461102323.1)
                  700880be    00000014     main.o (.rodata.str1.10635229749459437609.1)
                  700880d2    00000014     drivers.am263px.r5f.ti-arm-clang.nortos.debug.lib : ipc_notify_v1.obj (.rodata.str1.17722115868992979254.1)
                  700880e6    00000014                                                       : ipc_notify_v1.obj (.rodata.str1.5235938544388580736.1)
                  700880fa    00000013     main.o (.rodata.str1.11702106008850790973.1)
                  7008810d    00000013     main.o (.rodata.str1.13782249893155712474.1)
                  70088120    00000013     nortos.am263px.r5f.ti-arm-clang.debug.lib : DebugP_shmLogWriter.obj (.rodata.str1.14017905436770086454.1)
                  70088133    00000013     drivers.am263px.r5f.ti-arm-clang.nortos.debug.lib : soc_rcm.obj (.rodata.str1.1513614241493853460.1)
                  70088146    00000013     main.o (.rodata.str1.6891813955777630061.1)
                  70088159    00000012     drivers.am263px.r5f.ti-arm-clang.nortos.debug.lib : ipc_notify_v1.obj (.rodata.str1.4922609433019995091.1)
                  7008816b    00000012                                                       : soc_rcm.obj (.rodata.str1.6089483996110695684.1)
                  7008817d    00000011     main.o (.rodata.str1.16631870348416990953.1)
                  7008818e    00000011     main.o (.rodata.str1.17376258722486336754.1)
                  7008819f    00000011     nortos.am263px.r5f.ti-arm-clang.debug.lib : TimerP_rti_priv.obj (.rodata.str1.7786169893402823657.1)
                  700881b0    00000011     drivers.am263px.r5f.ti-arm-clang.nortos.debug.lib : ipc_notify_v1.obj (.rodata.str1.9036292169629118271.1)
                  700881c1    0000000f                                                       : ipc_notify_v1.obj (.rodata.str1.4769539187903082080.1)
                  700881d0    0000000e     main.o (.rodata.str1.13288086030101331538.1)
                  700881de    0000000d     nortos.am263px.r5f.ti-arm-clang.debug.lib : TimerP_rti_priv.obj (.rodata.str1.15140844044942405278.1)
                  700881eb    0000000c                                               : ClockP_nortos_r5.obj (.rodata.str1.13463193513887205357.1)
                  700881f7    0000000c     ti_drivers_config.o (.rodata.str1.3145245972279493797.1)
                  70088203    0000000b     main.o (.rodata.str1.17279024933005395956.1)
                  7008820e    0000000b     can_interface.o (.rodata.str1.9513145012316062387.1)
                  70088219    0000000a     main.o (.rodata.str1.12180500075719773345.1)
                  70088223    0000000a     drivers.am263px.r5f.ti-arm-clang.nortos.debug.lib : soc_rcm.obj (.rodata.str1.3349473071634452315.1)
                  7008822d    0000000a                                                       : ipc_notify_v1.obj (.rodata.str1.8751964444192423158.1)
                  70088237    00000001     --HOLE-- [fill = 0]
                  70088238    00000008                                                       : mcan.obj (.rodata.gMcanOffsetAddr)
                  70088240    00000008                                                       : soc_rcm.obj (.rodata.gXTALInfo)
                  70088248    00000008     main.o (.rodata.str1.10313062130652730376.1)
                  70088250    00000008     nortos.am263px.r5f.ti-arm-clang.debug.lib : DebugP_shmLogWriter.obj (.rodata.str1.11364348920754194803.1)
                  70088258    00000008     drivers.am263px.r5f.ti-arm-clang.nortos.debug.lib : soc.obj (.rodata.str1.14910504016491482532.1)
                  70088260    00000007                                                       : soc.obj (.rodata.str1.12179086363571468349.1)
                  70088267    00000007                                                       : soc.obj (.rodata.str1.12254199422641571827.1)
                  7008826e    00000007                                                       : soc.obj (.rodata.str1.15593236263752157262.1)
                  70088275    00000007                                                       : soc.obj (.rodata.str1.17262473269405332311.1)
                  7008827c    00000007                                                       : soc.obj (.rodata.str1.17795343983633703126.1)
                  70088283    00000006     gateway_shared.o (.rodata.str1.15257554646438059100.1)
                  70088289    00000005     nortos.am263px.r5f.ti-arm-clang.debug.lib : printf.obj (.rodata.str1.8544352122861784523.1)
                  7008828e    00000005                                               : printf.obj (.rodata.str1.8812429412984920041.1)
                  70088293    00000001     --HOLE-- [fill = 0]
                  70088294    00000004                                               : CacheP_armv7r.obj (.rodata.gCacheL1dCacheLineSize)
                  70088298    00000004                                               : CacheP_armv7r.obj (.rodata.gCacheL1pCacheLineSize)
                  7008829c    00000004                                               : printf.obj (.rodata.str1.13278797451342649413.1)
                  700882a0    00000004                                               : printf.obj (.rodata.str1.17155598869870286803.1)
                  700882a4    00000004     gateway_shared.o (.rodata.str1.9212167202343599910.1)

.bss       0    700882a8    00000a78     UNINITIALIZED
                  700882a8    0000080c     (.common:gHwiCtrl)
                  70088ab4    000000b8     (.common:gIpcNotifyCtrl)
                  70088b6c    00000080     can_interface.o (.bss.g_can_stats)
                  70088bec    0000007a     nortos.am263px.r5f.ti-arm-clang.debug.lib : DebugP_shmLogWriter.obj (.bss.DebugP_shmLogWriterPutChar.lineBuf)
                  70088c66    00000002     --HOLE--
                  70088c68    00000068     can_interface.o (.bss.g_rx_buffer)
                  70088cd0    00000020     can_interface.o (.bss.g_mcan_hwi_objects)
                  70088cf0    00000020     (.common:gClockCtrl)
                  70088d10    00000004     nortos.am263px.r5f.ti-arm-clang.debug.lib : HwiP_armv7r_vim.obj (.bss.gdummy)
                  70088d14    00000004     (.common:gTimerBaseAddr)
                  70088d18    00000004     (.common:gTimerHwiObj)
                  70088d1c    00000004     --HOLE--

.sysmem    0    70088d20    00000000     UNINITIALIZED

.stack     0    70088d20    00004000     UNINITIALIZED
                  70088d20    00000004     nortos.am263px.r5f.ti-arm-clang.debug.lib : boot_armv7r_asm.obj (.stack)
                  70088d24    00003ffc     --HOLE--

.text.hwi 
*          0    7008cd20    00000e50     
                  7008cd20    000006c0     nortos.am263px.r5f.ti-arm-clang.debug.lib : HwiP_armv7r_vim.obj (.text.hwi)
                  7008d3e0    0000059a                                               : HwiP_armv7r_handlers_nortos.obj (.text.hwi)
                  7008d97a    00000002     --HOLE-- [fill = 0]
                  7008d97c    0000017c                                               : HwiP_armv7r_handlers_nortos_asm.obj (.text.hwi)
                  7008daf8    00000070                                               : HwiP_armv7r_asm.obj (.text.hwi)
                  7008db68    00000008     --HOLE-- [fill = 0]

.text.cache 
*          0    7008db70    000004a0     
                  7008db70    00000340     nortos.am263px.r5f.ti-arm-clang.debug.lib : CacheP_armv7r_asm.obj (.text.cache)
                  7008deb0    00000158                                               : CacheP_armv7r.obj (.text.cache)
                  7008e008    00000008     --HOLE-- [fill = 0]

.text.mpu 
*          0    7008e010    000003c0     
                  7008e010    00000340     nortos.am263px.r5f.ti-arm-clang.debug.lib : MpuP_armv7r.obj (.text.mpu)
                  7008e350    00000078                                               : MpuP_armv7r_asm.obj (.text.mpu)
                  7008e3c8    00000008     --HOLE-- [fill = 0]

.text.boot 
*          0    7008e3d0    000001c0     
                  7008e3d0    00000144     nortos.am263px.r5f.ti-arm-clang.debug.lib : boot_armv7r_asm.obj (.text.boot)
                  7008e514    0000000c     --HOLE-- [fill = 0]
                  7008e520    00000024                                               : DebugP_log.obj (.text.boot)
                  7008e544    0000000c     --HOLE-- [fill = 0]
                  7008e550    00000024                                               : boot_armv7r.obj (.text.boot)
                  7008e574    0000000c     --HOLE-- [fill = 0]
                  7008e580    0000000c     ti_dpl_config.o (.text.boot)
                  7008e58c    00000004     --HOLE-- [fill = 0]

.text:abort 
*          0    7008e590    00000008     
                  7008e590    00000008     libc.a : exit.c.obj (.text:abort)

.data      0    7008e598    000001f0     
                  7008e598    00000100     drivers.am263px.r5f.ti-arm-clang.nortos.debug.lib : ipc_notify_v1_cfg.obj (.data.gIpcNotifyMailboxConfig)
                  7008e698    00000020     main.o (.data.g_test_data_values)
                  7008e6b8    00000018     drivers.am263px.r5f.ti-arm-clang.nortos.debug.lib : soc.obj (.data.SOC_getCoreName.coreIdNames)
                  7008e6d0    00000018     ti_dpl_config.o (.data.gClockConfig)
                  7008e6e8    00000018     drivers.am263px.r5f.ti-arm-clang.nortos.debug.lib : ipc_notify_v1_cfg.obj (.data.gIpcNotifyInterruptConfig_r5fss0_1)
                  7008e700    00000010                                                       : ipc_notify_v1_cfg.obj (.data.gIpcNotifyCoreIntrBitPos)
                  7008e710    0000000c     nortos.am263px.r5f.ti-arm-clang.debug.lib : AddrTranslateP_32bit.obj (.data.gAddrTranslateConfig)
                  7008e71c    0000000c     ti_power_clock_config.o (.data.gSocModulesClockFrequency)
                  7008e728    00000008     ti_pinmux_config.o (.data.gPinMuxMainDomainCfg)
                  7008e730    00000008     timer.o (.data.gPrevLogTimeUsec)
                  7008e738    00000008     main.o (.data.g_cycle_count)
                  7008e740    00000008     nortos.am263px.r5f.ti-arm-clang.debug.lib : PmuP_armv7r.obj (.data.pmu)
                  7008e748    00000004                                               : DebugP_shmLogWriter.obj (.data.DebugP_shmLogWriterPutChar.lineBufIndex)
                  7008e74c    00000004                                               : DebugP_log.obj (.data.gDebugLogZone)
                  7008e750    00000004                                               : DebugP_shmLogWriter.obj (.data.gDebugShmLogWriter)
                  7008e754    00000004                                               : DebugP_shmLogWriter.obj (.data.gDebugShmLogWriterSelfCoreName)
                  7008e758    00000004     ti_dpl_config.o (.data.gHwiConfig)
                  7008e75c    00000004     drivers.am263px.r5f.ti-arm-clang.nortos.debug.lib : ipc_notify_v1_cfg.obj (.data.gIpcNotifyInterruptConfigNum_r5fss0_1)
                  7008e760    00000004     timer.o (.data.gMeasuredFreqHz)
                  7008e764    00000004     timer.o (.data.gPrevCounter)
                  7008e768    00000004     ti_power_clock_config.o (.data.gSocModules)
                  7008e76c    00000004     timer.o (.data.gTimerIsrCounter)
                  7008e770    00000004     main.o (.data.g_heartbeat_count)
                  7008e774    00000004     main.o (.data.g_ipc_test_rx_count)
                  7008e778    00000004     can_interface.o (.data.g_rx_callback)
                  7008e77c    00000001     nortos.am263px.r5f.ti-arm-clang.debug.lib : DebugP_shmLogWriter.obj (.data.gDebugShmLogWriterPreludeEnabled)
                  7008e77d    00000001     timer.o (.data.gTimerIsrFlag)
                  7008e77e    00000001     main.o (.data.g_commands_ready)
                  7008e77f    00000001     can_interface.o (.data.g_rx_interrupts_enabled)
                  7008e780    00000001     main.o (.data.g_test_data_received)
                  7008e781    00000001     main.o (.data.g_timer_expired)
                  7008e782    00000006     --HOLE-- [fill = 0]

.irqstack 
*          0    7008e788    00000100     UNINITIALIZED
                  7008e788    00000100     --HOLE--

.fiqstack 
*          0    7008e888    00000100     UNINITIALIZED
                  7008e888    00000100     --HOLE--

.svcstack 
*          0    7008e988    00001000     UNINITIALIZED
                  7008e988    00001000     --HOLE--

.abortstack 
*          0    7008f988    00000100     UNINITIALIZED
                  7008f988    00000100     --HOLE--

.undefinedstack 
*          0    7008fa88    00000100     UNINITIALIZED
                  7008fa88    00000100     --HOLE--

.init_array 
*          0    70080000    00000000     UNINITIALIZED

.bss.user_shared_mem 
*          0    701d0000    000001c0     NOLOAD SECTION
                  701d0000    000001c0     gateway_shared.o (.bss.user_shared_mem)

.bss.log_shared_mem 
*          0    701d4000    00002000     NOLOAD SECTION
                  701d4000    00002000     ti_dpl_config.o (.bss.log_shared_mem)

MODULE SUMMARY

       Module                                code    ro data   rw data
       ------                                ----    -------   -------
    .\
       main.o                                1678    1714      51     
       gateway_shared.o                      1084    677       448    
       timer.o                               844     568       21     
       can_interface.o                       622     300       269    
    +--+-------------------------------------+-------+---------+---------+
       Total:                                4228    3259      789    
                                                                      
    .\syscfg\
       ti_dpl_config.o                       336     132       8228   
       ti_drivers_config.o                   246     63        0      
       ti_power_clock_config.o               180     0         16     
       ti_pinmux_config.o                    18      0         8      
       ti_board_open_close.o                 14      0         0      
       ti_drivers_open_close.o               4       0         0      
       ti_board_config.o                     2       0         0      
    +--+-------------------------------------+-------+---------+---------+
       Total:                                800     195       8252   
                                                                      
    C:/ti/mcu_plus_sdk_am263px_11_01_00_19/source/drivers/lib/drivers.am263px.r5f.ti-arm-clang.nortos.debug.lib
       soc_rcm.obj                           5328    573       0      
       ipc_notify_v1.obj                     3116    349       184    
       mcan.obj                              1128    104       0      
       soc.obj                               828     43        24     
       ipc_notify_v1_cfg.obj                 26      0         300    
       pinmux.obj                            210     0         0      
    +--+-------------------------------------+-------+---------+---------+
       Total:                                10636   1069      508    
                                                                      
    C:/ti/mcu_plus_sdk_am263px_11_01_00_19/source/kernel/nortos/lib/nortos.am263px.r5f.ti-arm-clang.debug.lib
       printf.obj                            7032    98        0      
       HwiP_armv7r_vim.obj                   1738    0         2064   
       HwiP_armv7r_handlers_nortos.obj       1434    0         0      
       ClockP_nortos.obj                     1254    0         32     
       TimerP_rti_priv.obj                   660     203       0      
       DebugP_shmLogWriter.obj               698     27        135    
       CacheP_armv7r_asm.obj                 832     0         0      
       MpuP_armv7r.obj                       832     0         0      
       ClockP_nortos_r5.obj                  342     176       0      
       SemaphoreP_nortos.obj                 402     0         0      
       HwiP_armv7r_handlers_nortos_asm.obj   380     0         0      
       CacheP_armv7r.obj                     344     8         0      
       boot_armv7r_asm.obj                   324     0         0      
       DebugP_log.obj                        204     42        4      
       AddrTranslateP_32bit.obj              208     0         12     
       PmuP_armv7r.obj                       186     0         8      
       MpuP_armv7r_asm.obj                   120     0         0      
       TimerP_rti_nortos.obj                 116     0         0      
       HwiP_armv7r_asm.obj                   112     0         0      
       DebugP_nortos.obj                     68      0         0      
       HwiP_armv7r_vectors_nortos_asm.obj    64      0         0      
       PmuP_armv7r_asm.obj                   56      0         0      
       boot_armv7r.obj                       36      0         0      
    +--+-------------------------------------+-------+---------+---------+
       Total:                                17442   554       2255   
                                                                      
    C:\ti\ccs2031\ccs\tools\compiler\ti-cgt-armllvm_4.0.4.LTS\lib\armv7r-ti-none-eabihf/c/libc.a
       autoinit.c.obj                        84      0         0      
       memset32.S.obj                        24      0         0      
       exit.c.obj                            8       0         0      
    +--+-------------------------------------+-------+---------+---------+
       Total:                                116     0         0      
                                                                      
    C:\ti\ccs2031\ccs\tools\compiler\ti-cgt-armllvm_4.0.4.LTS\lib\armv7r-ti-none-eabihf/c/libsysbm.a
       hostexit.c.obj                        8       0         0      
    +--+-------------------------------------+-------+---------+---------+
       Total:                                8       0         0      
                                                                      
    C:\ti\ccs2031\ccs\tools\compiler\ti-cgt-armllvm_4.0.4.LTS\lib\armv7r-ti-none-eabihf/libclang_rt.builtins.a
       udivmoddi4.S.obj                      280     0         0      
       floatundisf.S.obj                     84      0         0      
       aeabi_uldivmod.S.obj                  36      0         0      
       aeabi_memset.S.obj                    12      0         0      
       aeabi_div0.c.obj                      4       0         0      
    +--+-------------------------------------+-------+---------+---------+
       Total:                                416     0         0      
                                                                      
       Stack:                                0       0         16384  
    +--+-------------------------------------+-------+---------+---------+
       Grand Total:                          33646   5077      28188  


GLOBAL SYMBOLS: SORTED ALPHABETICALLY BY Name 

address   name                                 
-------   ----                                 
70084b71  AddrTranslateP_getLocalAddr          
70086e81  Board_driversClose                   
70086df1  Board_driversOpen                    
70086e91  Board_init                           
700810b8  C$$EXIT                              
700848a1  CAN_StartRxInterrupts                
7008de80  CacheP_configForceWrThru             
7008df41  CacheP_disable                       
7008db70  CacheP_disableL1d                    
7008db98  CacheP_disableL1p                    
7008df91  CacheP_enable                        
7008dbb0  CacheP_enableL1d                     
7008dbc8  CacheP_enableL1p                     
7008de74  CacheP_getCacheLevelInfo             
7008de3c  CacheP_getEnabled                    
7008deb1  CacheP_init                          
7008dfd1  CacheP_inv                           
7008dbe0  CacheP_invL1d                        
7008dc54  CacheP_invL1dAll                     
7008dc18  CacheP_invL1p                        
7008dc5c  CacheP_invL1pAll                     
7008dea0  CacheP_setDLFO                       
7008dc64  CacheP_wb                            
7008dcdc  CacheP_wbAll                         
7008dca0  CacheP_wbInv                         
7008dd84  CacheP_wbInvAll                      
7008dd9c  CacheP_wbInvAllAsm                   
70086a61  ClockP_Params_init                   
70085fc1  ClockP_construct                     
70085441  ClockP_destruct                      
70086e01  ClockP_getTicks                      
70085631  ClockP_getTimeUsec                   
70086d31  ClockP_getTimerCount                 
70083e81  ClockP_init                          
70086a21  ClockP_isActive                      
70086381  ClockP_start                         
70084f41  ClockP_stop                          
70086b21  ClockP_ticksToUsec                   
70086d41  ClockP_timerClearOverflowInt         
70084dc1  ClockP_timerTickIsr                  
700859f1  ClockP_usleep                        
70085171  CycleCounterP_enableUserAccess       
70086608  CycleCounterP_getCount32             
700850c1  CycleCounterP_init                   
70085131  CycleCounterP_nsToTicks              
700850e1  CycleCounterP_reset                  
70086821  DebugP_logZoneEnable                 
70085f71  DebugP_shmLogWriterInit              
70083ab1  DebugP_shmLogWriterPutChar           
70084211  DebugP_shmLogWriterPutLine           
70085e21  Dpl_init                             
70086ea1  Drivers_close                        
70086eb1  Drivers_open                         
7008dab8  GET_ADFSR                            
7008dad0  GET_AIFSR                            
7008dac0  GET_DFAR                             
7008dab0  GET_DFSR                             
7008dad8  GET_IFAR                             
7008dac8  GET_IFSR                             
7008dae0  GET_SPSR                             
700810b8  HOSTexit                             
7008ce71  HwiP_Params_init                     
7008cdf1  HwiP_clearInt                        
7008cea1  HwiP_construct                       
7008d9f0  HwiP_data_abort_handler              
7008d881  HwiP_data_abort_handler_c            
7008d091  HwiP_destruct                        
7008daf8  HwiP_disable                         
7008db08  HwiP_disableFIQ                      
7008cd61  HwiP_disableInt                      
7008db50  HwiP_disableVIC                      
7008db18  HwiP_enable                          
7008db28  HwiP_enableFIQ                       
7008cd21  HwiP_enableInt                       
7008db40  HwiP_enableVIC                       
7008d581  HwiP_fiq_handler                     
7008db60  HwiP_getCPSR                         
7008d2b1  HwiP_inISR                           
7008d101  HwiP_init                            
7008d97c  HwiP_irq_handler                     
7008d3e1  HwiP_irq_handler_c                   
7008ce31  HwiP_post                            
7008da34  HwiP_prefetch_abort_handler          
7008d7a1  HwiP_prefetch_abort_handler_c        
7008d6e1  HwiP_reserved_handler                
7008db38  HwiP_restore                         
7008cdc1  HwiP_restoreInt                      
7008d3d1  HwiP_restoreVimIrqPriMask            
7008d331  HwiP_setVimIrqPriMaskAtomic          
7008d2e1  HwiP_setVimIrqPriMaskNonAtomic       
7008d761  HwiP_svc_handler                     
7008da80  HwiP_undefined_handler               
7008d721  HwiP_undefined_handler_c             
7008d941  HwiP_user_data_abort_handler_c       
7008d841  HwiP_user_prefetch_abort_handler_c   
7008d741  HwiP_user_undefined_handler_c        
700860b1  IpcNotify_Params_init                
70085d61  IpcNotify_allocSwQueue               
700869a1  IpcNotify_getConfig                  
700821a1  IpcNotify_init                       
70082db1  IpcNotify_isr                        
70085591  IpcNotify_registerClient             
70084681  IpcNotify_sendMsg                    
70086bd1  IpcNotify_sendSync                   
70085761  IpcNotify_syncAll                    
70086641  IpcNotify_syncCallback               
70086b61  IpcNotify_trigInterrupt              
70086011  IpcNotify_unregisterClient           
70086ec1  IpcNotify_wait                       
70085001  IpcNotify_waitSync                   
70086681  MCAN_calcCfgAddr                     
70086b01  MCAN_clearIntrStatus                 
70086881  MCAN_clearNewDataStatus              
70086bf1  MCAN_getIntrStatus                   
700868b1  MCAN_getNewDataStatus                
70083c01  MCAN_readMsgRam                      
70086061  Module_clockEnable                   
70085c41  Module_clockSetFrequency             
7008e071  MpuP_RegionAttrs_init                
7008e141  MpuP_disable                         
7008e350  MpuP_disableAsm                      
7008e368  MpuP_disableBRAsm                    
7008e181  MpuP_enable                          
7008e378  MpuP_enableAsm                       
7008e390  MpuP_enableBRAsm                     
7008e011  MpuP_getAttrs                        
7008e1d1  MpuP_init                            
7008e131  MpuP_isEnable                        
7008e3a0  MpuP_isEnableAsm                     
7008e271  MpuP_isUserAuthorizedToAccessMemory  
7008e0a1  MpuP_setRegion                       
7008e3b4  MpuP_setRegionAsm                    
70085f21  Pinmux_config                        
70086cf1  Pinmux_init                          
70086630  PmuP_clearOverflowStatus             
70086620  PmuP_disableCounters                 
70086618  PmuP_enableCounters                  
70086628  PmuP_getOverflowStatus               
70086638  PmuP_setUserEnable                   
70086610  PmuP_setup                           
70086e11  PowerClock_init                      
70083fc1  SOC_controlModuleLockMMR             
70083951  SOC_controlModuleUnlockMMR           
700865d1  SOC_getCoreName                      
70086a81  SOC_getSelfCpuClk                    
70086aa1  SOC_moduleClockEnable                
70086511  SOC_moduleSetClockFrequency          
700810c1  SOC_rcmEnablePeripheralClock         
700840f1  SOC_rcmGetPeripheralClockFrequency   
70085b61  SOC_rcmGetR5Clock                    
70085181  SOC_rcmSetPeripheralClock            
70086b81  SemaphoreP_Params_init               
70086241  SemaphoreP_construct                 
700868e1  SemaphoreP_constructBinary           
70086e71  SemaphoreP_destruct                  
70084791  SemaphoreP_pend                      
70085971  System_init                          
70086bb8  TI_memset_small                      
70086d81  TimerP_Params_init                   
70086701  TimerP_Params_initPriv               
70086d91  TimerP_clearOverflowInt              
70086c91  TimerP_clearOverflowIntPriv          
70086da1  TimerP_getCount                      
70086781  TimerP_getCountPriv                  
70086db1  TimerP_getReloadCount                
70086ba1  TimerP_getReloadCountPriv            
70084e81  TimerP_init                          
70086ac1  TimerP_isr0                          
70086cb1  TimerP_setup                         
70082fe1  TimerP_setupPriv                     
70086dc1  TimerP_start                         
70086c11  TimerP_startPriv                     
70086dd1  TimerP_stop                          
70086c31  TimerP_stopPriv                      
70085871  _DebugP_assert                       
7008e521  _DebugP_assertNoLog                  
70086291  _DebugP_logZone                      
7008fa88  __ABORT_STACK_END                    
00000100  __ABORT_STACK_SIZE                   
7008f988  __ABORT_STACK_START                  
70088d20  __BSS_END                            
700882a8  __BSS_START                          
7008e988  __FIQ_STACK_END                      
00000100  __FIQ_STACK_SIZE                     
7008e888  __FIQ_STACK_START                    
7008e888  __IRQ_STACK_END                      
00000100  __IRQ_STACK_SIZE                     
7008e788  __IRQ_STACK_START                    
7008cd20  __STACK_END                          
00004000  __STACK_SIZE                         
7008f988  __SVC_STACK_END                      
00001000  __SVC_STACK_SIZE                     
7008e988  __SVC_STACK_START                    
00000000  __TI_ATRegion0_region_sz             
00000000  __TI_ATRegion0_src_addr              
00000000  __TI_ATRegion0_trg_addr              
00000000  __TI_ATRegion1_region_sz             
00000000  __TI_ATRegion1_src_addr              
00000000  __TI_ATRegion1_trg_addr              
00000000  __TI_ATRegion2_region_sz             
00000000  __TI_ATRegion2_src_addr              
00000000  __TI_ATRegion2_trg_addr              
UNDEFED   __TI_CINIT_Base                      
UNDEFED   __TI_CINIT_Limit                     
UNDEFED   __TI_Handler_Table_Base              
UNDEFED   __TI_Handler_Table_Limit             
70085ec8  __TI_auto_init_nobinit_nopinit       
ffffffff  __TI_pprof_out_hndl                  
ffffffff  __TI_prof_data_size                  
ffffffff  __TI_prof_data_start                 
00000000  __TI_static_base__                   
7008fb88  __UNDEFINED_STACK_END                
00000100  __UNDEFINED_STACK_SIZE               
7008fa88  __UNDEFINED_STACK_START              
700816f8  __aeabi_ldiv0                        
70080a34  __aeabi_memclr                       
70080a34  __aeabi_memclr4                      
70080a34  __aeabi_memclr8                      
70085e74  __aeabi_ul2f                         
700869c4  __aeabi_uldivmod                     
ffffffff  __binit__                            
70085e74  __floatundisf                        
7008e581  __mpu_init                           
70088d20  __stack                              
7008432c  __udivmoddi4                         
7008e3f4  _c_int00                             
7008e3d0  _c_int00_sbl                         
UNDEFED   _system_post_cinit                   
7008e551  _system_pre_init                     
00000000  _vectors                             
7008e590  abort                                
ffffffff  binit                                
70087098  gADPLLJConfigTbl                     
7008e710  gAddrTranslateConfig                 
70087c26  gCR5ClkSrcInfoMap                    
70086ed0  gCacheConfig                         
70088294  gCacheL1dCacheLineSize               
70088298  gCacheL1pCacheLineSize               
7008e6d0  gClockConfig                         
70088cf0  gClockCtrl                           
7008e74c  gDebugLogZone                        
701d4000  gDebugShmLog                         
701d0000  gGatewaySharedMem                    
7008e758  gHwiConfig                           
700882a8  gHwiCtrl                             
7008e700  gIpcNotifyCoreIntrBitPos             
70088ab4  gIpcNotifyCtrl                       
7008e75c  gIpcNotifyInterruptConfigNum_r5fss0_1
7008e6e8  gIpcNotifyInterruptConfig_r5fss0_1   
7008e598  gIpcNotifyMailboxConfig              
7008e760  gMeasuredFreqHz                      
70086ed8  gMpuConfig                           
70086ee4  gMpuRegionConfig                     
70087fc4  gPeripheralClkSrcInfoMap             
7008e764  gPrevCounter                         
7008e730  gPrevLogTimeUsec                     
7008e768  gSocModules                          
7008e71c  gSocModulesClockFrequency            
70088d14  gTimerBaseAddr                       
70088d18  gTimerHwiObj                         
7008e76c  gTimerIsrCounter                     
7008e77d  gTimerIsrFlag                        
70088240  gXTALInfo                            
70086411  gateway_core1_init                   
700837e1  gateway_core1_ipc_callback           
700852e1  gateway_core1_wait_for_ready         
70086331  gateway_notify_states_ready          
70085ca1  gateway_notify_test_data_ready       
700857f1  gateway_read_test_data               
70086451  gateway_update_heartbeat             
700856d1  gateway_write_test_data              
70085d01  main                                 
70086cd1  putchar_                             
70086591  snprintf_                            
70086ae1  timerISR                             
70082581  timer_test_main                      
70086941  vprintf_                             


GLOBAL SYMBOLS: SORTED BY Symbol Address 

address   name                                 
-------   ----                                 
00000000  __TI_ATRegion0_region_sz             
00000000  __TI_ATRegion0_src_addr              
00000000  __TI_ATRegion0_trg_addr              
00000000  __TI_ATRegion1_region_sz             
00000000  __TI_ATRegion1_src_addr              
00000000  __TI_ATRegion1_trg_addr              
00000000  __TI_ATRegion2_region_sz             
00000000  __TI_ATRegion2_src_addr              
00000000  __TI_ATRegion2_trg_addr              
00000000  __TI_static_base__                   
00000000  _vectors                             
00000100  __ABORT_STACK_SIZE                   
00000100  __FIQ_STACK_SIZE                     
00000100  __IRQ_STACK_SIZE                     
00000100  __UNDEFINED_STACK_SIZE               
00001000  __SVC_STACK_SIZE                     
00004000  __STACK_SIZE                         
70080a34  __aeabi_memclr                       
70080a34  __aeabi_memclr4                      
70080a34  __aeabi_memclr8                      
700810b8  C$$EXIT                              
700810b8  HOSTexit                             
700810c1  SOC_rcmEnablePeripheralClock         
700816f8  __aeabi_ldiv0                        
700821a1  IpcNotify_init                       
70082581  timer_test_main                      
70082db1  IpcNotify_isr                        
70082fe1  TimerP_setupPriv                     
700837e1  gateway_core1_ipc_callback           
70083951  SOC_controlModuleUnlockMMR           
70083ab1  DebugP_shmLogWriterPutChar           
70083c01  MCAN_readMsgRam                      
70083e81  ClockP_init                          
70083fc1  SOC_controlModuleLockMMR             
700840f1  SOC_rcmGetPeripheralClockFrequency   
70084211  DebugP_shmLogWriterPutLine           
7008432c  __udivmoddi4                         
70084681  IpcNotify_sendMsg                    
70084791  SemaphoreP_pend                      
700848a1  CAN_StartRxInterrupts                
70084b71  AddrTranslateP_getLocalAddr          
70084dc1  ClockP_timerTickIsr                  
70084e81  TimerP_init                          
70084f41  ClockP_stop                          
70085001  IpcNotify_waitSync                   
700850c1  CycleCounterP_init                   
700850e1  CycleCounterP_reset                  
70085131  CycleCounterP_nsToTicks              
70085171  CycleCounterP_enableUserAccess       
70085181  SOC_rcmSetPeripheralClock            
700852e1  gateway_core1_wait_for_ready         
70085441  ClockP_destruct                      
70085591  IpcNotify_registerClient             
70085631  ClockP_getTimeUsec                   
700856d1  gateway_write_test_data              
70085761  IpcNotify_syncAll                    
700857f1  gateway_read_test_data               
70085871  _DebugP_assert                       
70085971  System_init                          
700859f1  ClockP_usleep                        
70085b61  SOC_rcmGetR5Clock                    
70085c41  Module_clockSetFrequency             
70085ca1  gateway_notify_test_data_ready       
70085d01  main                                 
70085d61  IpcNotify_allocSwQueue               
70085e21  Dpl_init                             
70085e74  __aeabi_ul2f                         
70085e74  __floatundisf                        
70085ec8  __TI_auto_init_nobinit_nopinit       
70085f21  Pinmux_config                        
70085f71  DebugP_shmLogWriterInit              
70085fc1  ClockP_construct                     
70086011  IpcNotify_unregisterClient           
70086061  Module_clockEnable                   
700860b1  IpcNotify_Params_init                
70086241  SemaphoreP_construct                 
70086291  _DebugP_logZone                      
70086331  gateway_notify_states_ready          
70086381  ClockP_start                         
70086411  gateway_core1_init                   
70086451  gateway_update_heartbeat             
70086511  SOC_moduleSetClockFrequency          
70086591  snprintf_                            
700865d1  SOC_getCoreName                      
70086608  CycleCounterP_getCount32             
70086610  PmuP_setup                           
70086618  PmuP_enableCounters                  
70086620  PmuP_disableCounters                 
70086628  PmuP_getOverflowStatus               
70086630  PmuP_clearOverflowStatus             
70086638  PmuP_setUserEnable                   
70086641  IpcNotify_syncCallback               
70086681  MCAN_calcCfgAddr                     
70086701  TimerP_Params_initPriv               
70086781  TimerP_getCountPriv                  
70086821  DebugP_logZoneEnable                 
70086881  MCAN_clearNewDataStatus              
700868b1  MCAN_getNewDataStatus                
700868e1  SemaphoreP_constructBinary           
70086941  vprintf_                             
700869a1  IpcNotify_getConfig                  
700869c4  __aeabi_uldivmod                     
70086a21  ClockP_isActive                      
70086a61  ClockP_Params_init                   
70086a81  SOC_getSelfCpuClk                    
70086aa1  SOC_moduleClockEnable                
70086ac1  TimerP_isr0                          
70086ae1  timerISR                             
70086b01  MCAN_clearIntrStatus                 
70086b21  ClockP_ticksToUsec                   
70086b61  IpcNotify_trigInterrupt              
70086b81  SemaphoreP_Params_init               
70086ba1  TimerP_getReloadCountPriv            
70086bb8  TI_memset_small                      
70086bd1  IpcNotify_sendSync                   
70086bf1  MCAN_getIntrStatus                   
70086c11  TimerP_startPriv                     
70086c31  TimerP_stopPriv                      
70086c91  TimerP_clearOverflowIntPriv          
70086cb1  TimerP_setup                         
70086cd1  putchar_                             
70086cf1  Pinmux_init                          
70086d31  ClockP_getTimerCount                 
70086d41  ClockP_timerClearOverflowInt         
70086d81  TimerP_Params_init                   
70086d91  TimerP_clearOverflowInt              
70086da1  TimerP_getCount                      
70086db1  TimerP_getReloadCount                
70086dc1  TimerP_start                         
70086dd1  TimerP_stop                          
70086df1  Board_driversOpen                    
70086e01  ClockP_getTicks                      
70086e11  PowerClock_init                      
70086e71  SemaphoreP_destruct                  
70086e81  Board_driversClose                   
70086e91  Board_init                           
70086ea1  Drivers_close                        
70086eb1  Drivers_open                         
70086ec1  IpcNotify_wait                       
70086ed0  gCacheConfig                         
70086ed8  gMpuConfig                           
70086ee4  gMpuRegionConfig                     
70087098  gADPLLJConfigTbl                     
70087c26  gCR5ClkSrcInfoMap                    
70087fc4  gPeripheralClkSrcInfoMap             
70088240  gXTALInfo                            
70088294  gCacheL1dCacheLineSize               
70088298  gCacheL1pCacheLineSize               
700882a8  __BSS_START                          
700882a8  gHwiCtrl                             
70088ab4  gIpcNotifyCtrl                       
70088cf0  gClockCtrl                           
70088d14  gTimerBaseAddr                       
70088d18  gTimerHwiObj                         
70088d20  __BSS_END                            
70088d20  __stack                              
7008cd20  __STACK_END                          
7008cd21  HwiP_enableInt                       
7008cd61  HwiP_disableInt                      
7008cdc1  HwiP_restoreInt                      
7008cdf1  HwiP_clearInt                        
7008ce31  HwiP_post                            
7008ce71  HwiP_Params_init                     
7008cea1  HwiP_construct                       
7008d091  HwiP_destruct                        
7008d101  HwiP_init                            
7008d2b1  HwiP_inISR                           
7008d2e1  HwiP_setVimIrqPriMaskNonAtomic       
7008d331  HwiP_setVimIrqPriMaskAtomic          
7008d3d1  HwiP_restoreVimIrqPriMask            
7008d3e1  HwiP_irq_handler_c                   
7008d581  HwiP_fiq_handler                     
7008d6e1  HwiP_reserved_handler                
7008d721  HwiP_undefined_handler_c             
7008d741  HwiP_user_undefined_handler_c        
7008d761  HwiP_svc_handler                     
7008d7a1  HwiP_prefetch_abort_handler_c        
7008d841  HwiP_user_prefetch_abort_handler_c   
7008d881  HwiP_data_abort_handler_c            
7008d941  HwiP_user_data_abort_handler_c       
7008d97c  HwiP_irq_handler                     
7008d9f0  HwiP_data_abort_handler              
7008da34  HwiP_prefetch_abort_handler          
7008da80  HwiP_undefined_handler               
7008dab0  GET_DFSR                             
7008dab8  GET_ADFSR                            
7008dac0  GET_DFAR                             
7008dac8  GET_IFSR                             
7008dad0  GET_AIFSR                            
7008dad8  GET_IFAR                             
7008dae0  GET_SPSR                             
7008daf8  HwiP_disable                         
7008db08  HwiP_disableFIQ                      
7008db18  HwiP_enable                          
7008db28  HwiP_enableFIQ                       
7008db38  HwiP_restore                         
7008db40  HwiP_enableVIC                       
7008db50  HwiP_disableVIC                      
7008db60  HwiP_getCPSR                         
7008db70  CacheP_disableL1d                    
7008db98  CacheP_disableL1p                    
7008dbb0  CacheP_enableL1d                     
7008dbc8  CacheP_enableL1p                     
7008dbe0  CacheP_invL1d                        
7008dc18  CacheP_invL1p                        
7008dc54  CacheP_invL1dAll                     
7008dc5c  CacheP_invL1pAll                     
7008dc64  CacheP_wb                            
7008dca0  CacheP_wbInv                         
7008dcdc  CacheP_wbAll                         
7008dd84  CacheP_wbInvAll                      
7008dd9c  CacheP_wbInvAllAsm                   
7008de3c  CacheP_getEnabled                    
7008de74  CacheP_getCacheLevelInfo             
7008de80  CacheP_configForceWrThru             
7008dea0  CacheP_setDLFO                       
7008deb1  CacheP_init                          
7008df41  CacheP_disable                       
7008df91  CacheP_enable                        
7008dfd1  CacheP_inv                           
7008e011  MpuP_getAttrs                        
7008e071  MpuP_RegionAttrs_init                
7008e0a1  MpuP_setRegion                       
7008e131  MpuP_isEnable                        
7008e141  MpuP_disable                         
7008e181  MpuP_enable                          
7008e1d1  MpuP_init                            
7008e271  MpuP_isUserAuthorizedToAccessMemory  
7008e350  MpuP_disableAsm                      
7008e368  MpuP_disableBRAsm                    
7008e378  MpuP_enableAsm                       
7008e390  MpuP_enableBRAsm                     
7008e3a0  MpuP_isEnableAsm                     
7008e3b4  MpuP_setRegionAsm                    
7008e3d0  _c_int00_sbl                         
7008e3f4  _c_int00                             
7008e521  _DebugP_assertNoLog                  
7008e551  _system_pre_init                     
7008e581  __mpu_init                           
7008e590  abort                                
7008e598  gIpcNotifyMailboxConfig              
7008e6d0  gClockConfig                         
7008e6e8  gIpcNotifyInterruptConfig_r5fss0_1   
7008e700  gIpcNotifyCoreIntrBitPos             
7008e710  gAddrTranslateConfig                 
7008e71c  gSocModulesClockFrequency            
7008e730  gPrevLogTimeUsec                     
7008e74c  gDebugLogZone                        
7008e758  gHwiConfig                           
7008e75c  gIpcNotifyInterruptConfigNum_r5fss0_1
7008e760  gMeasuredFreqHz                      
7008e764  gPrevCounter                         
7008e768  gSocModules                          
7008e76c  gTimerIsrCounter                     
7008e77d  gTimerIsrFlag                        
7008e788  __IRQ_STACK_START                    
7008e888  __FIQ_STACK_START                    
7008e888  __IRQ_STACK_END                      
7008e988  __FIQ_STACK_END                      
7008e988  __SVC_STACK_START                    
7008f988  __ABORT_STACK_START                  
7008f988  __SVC_STACK_END                      
7008fa88  __ABORT_STACK_END                    
7008fa88  __UNDEFINED_STACK_START              
7008fb88  __UNDEFINED_STACK_END                
701d0000  gGatewaySharedMem                    
701d4000  gDebugShmLog                         
ffffffff  __TI_pprof_out_hndl                  
ffffffff  __TI_prof_data_size                  
ffffffff  __TI_prof_data_start                 
ffffffff  __binit__                            
ffffffff  binit                                
UNDEFED   __TI_CINIT_Base                      
UNDEFED   __TI_CINIT_Limit                     
UNDEFED   __TI_Handler_Table_Base              
UNDEFED   __TI_Handler_Table_Limit             
UNDEFED   _system_post_cinit                   

[277 symbols]
