******************************************************************************
            TI ARM Clang Linker PC v4.0.4                      
******************************************************************************
>> Linked Sat Mar 28 00:06:45 2026

OUTPUT FILE NAME:   <ccu_ti_multi_core_realtime.out>
ENTRY POINT SYMBOL: "_vectors"  address: 00000000


MEMORY CONFIGURATION

         name            origin    length      used     unused   attr    fill
----------------------  --------  ---------  --------  --------  ----  --------
  R5F_VECS              00000000   00000040  00000040  00000000  RWIX
  R5F_TCMA              00000040   00007fc0  00000000  00007fc0  RWIX
  R5F_TCMB              00080000   00008000  00000000  00008000  RWIX
  MAILBOX_HSM           44000000   000003ce  00000000  000003ce  RWIX
  MAILBOX_R5F           44000400   000003ce  00000000  000003ce  RWIX
  FLASH                 60180000   00080000  00000000  00080000  RWIX
  OCRAM                 70100000   00040000  00013390  0002cc70  RWIX
  USER_SHM_MEM          70200000   00008000  000042e4  00003d1c  RWIX
  LOG_SHM_MEM           70208000   00004000  00002000  00002000  RWIX
  RTOS_NORTOS_IPC_SHM_M 72000000   00003e80  00000000  00003e80  RWIX


SEGMENT ALLOCATION MAP

run origin  load origin   length   init length attrs members
----------  ----------- ---------- ----------- ----- -------
00000000    00000000    00000040   00000040    r-x
  00000000    00000000    00000040   00000040    r-x .vectors
70100000    70100000    0000b968   0000b968    r-x
  70100000    70100000    0000a9c0   0000a9c0    r-x .text
  7010a9c0    7010a9c0    00000fa8   00000fa8    r-- .rodata
7010b968    7010b968    00004b30   00000000    rw-
  7010b968    7010b968    00000b30   00000000    rw- .bss
  7010c498    7010c498    00004000   00000000    rw- .stack
701104a0    701104a0    00001878   00001878    r-x
  701104a0    701104a0    00000e50   00000e50    r-x .text.hwi
  701112f0    701112f0    000004a0   000004a0    r-x .text.cache
  70111790    70111790    000003c0   000003c0    r-x .text.mpu
  70111b50    70111b50    000001c0   000001c0    r-x .text.boot
  70111d10    70111d10    00000008   00000008    r-x .text:abort
70111d18    70111d18    00001680   00000280    rw-
  70111d18    70111d18    00000280   00000280    rw- .data
  70111f98    70111f98    00000100   00000000    rw- .irqstack
  70112098    70112098    00000100   00000000    rw- .fiqstack
  70112198    70112198    00001000   00000000    rw- .svcstack
  70113198    70113198    00000100   00000000    rw- .abortstack
  70113298    70113298    00000100   00000000    rw- .undefinedstack


SECTION ALLOCATION MAP

 output                                  attributes/
section   page    origin      length       input sections
--------  ----  ----------  ----------   ----------------
.vectors   0    00000000    00000040     
                  00000000    00000040     nortos.am263px.r5f.ti-arm-clang.debug.lib : HwiP_armv7r_vectors_nortos_asm.obj (.vectors)

.text      0    70100000    0000a9c0     
                  70100000    00000a34     nortos.am263px.r5f.ti-arm-clang.debug.lib : printf.obj (.text._vsnprintf)
                  70100a34    0000000c     libclang_rt.builtins.a : aeabi_memset.S.obj (.text.__aeabi_memclr)
                  70100a40    00000678     drivers.am263px.r5f.ti-arm-clang.nortos.debug.lib : soc_rcm.obj (.text.SOC_rcmGetClkSrcAndDivReg)
                  701010b8    00000008     libsysbm.a : hostexit.c.obj (.text.HOSTexit)
                  701010c0    00000638     drivers.am263px.r5f.ti-arm-clang.nortos.debug.lib : soc_rcm.obj (.text.SOC_rcmEnablePeripheralClock)
                  701016f8    00000004     libclang_rt.builtins.a : aeabi_div0.c.obj (.text.__aeabi_ldiv0)
                  701016fc    00000004                            : aeabi_memcpy.S.obj (.text.__aeabi_memcpy)
                  70101700    000005e2     nortos.am263px.r5f.ti-arm-clang.debug.lib : printf.obj (.text._ftoa)
                  70101ce2    00000002     --HOLE-- [fill = 0]
                  70101ce4    0000000c                                               : CpuId_armv7r_asm.obj (.text)
                  70101cf0    000004b0                                               : printf.obj (.text._etoa)
                  701021a0    00000400     drivers.am263px.r5f.ti-arm-clang.nortos.debug.lib : uart_v0.obj (.text.UART_open)
                  701025a0    000003dc                                                       : ipc_notify_v1.obj (.text.IpcNotify_init)
                  7010297c    00000004     --HOLE-- [fill = 0]
                  70102980    00000302                                                       : soc.obj (.text.SOC_virtToPhy)
                  70102c82    0000000e     --HOLE-- [fill = 0]
                  70102c90    0000027e                                                       : uart_dma_edma.obj (.text.UART_edmaChInit)
                  70102f0e    00000002     --HOLE-- [fill = 0]
                  70102f10    00000250                                                       : edma.obj (.text.Alloc_resource)
                  70103160    00000242                                                       : uart_v0_lld.obj (.text.UART_fifoConfig)
                  701033a2    0000000e     --HOLE-- [fill = 0]
                  701033b0    0000023e     nortos.am263px.r5f.ti-arm-clang.debug.lib : printf.obj (.text._ntoa_format)
                  701035ee    00000002     --HOLE-- [fill = 0]
                  701035f0    00000226     drivers.am263px.r5f.ti-arm-clang.nortos.debug.lib : uart_dma_edma.obj (.text.UART_lld_dmaDeInit)
                  70103816    0000000a     --HOLE-- [fill = 0]
                  70103820    00000222                                                       : ipc_notify_v1.obj (.text.IpcNotify_isr)
                  70103a42    0000000e     --HOLE-- [fill = 0]
                  70103a50    000001e4     main.o (.text.core1_init)
                  70103c34    0000000c     --HOLE-- [fill = 0]
                  70103c40    000001d6     nortos.am263px.r5f.ti-arm-clang.debug.lib : TimerP_rti_priv.obj (.text.TimerP_setupPriv)
                  70103e16    0000000a     --HOLE-- [fill = 0]
                  70103e20    000001aa     drivers.am263px.r5f.ti-arm-clang.nortos.debug.lib : uart_dma_edma.obj (.text.UART_lld_dmaWrite)
                  70103fca    00000006     --HOLE-- [fill = 0]
                  70103fd0    000001a8                                                       : uart_v0.obj (.text.UART_close)
                  70104178    00000008     --HOLE-- [fill = 0]
                  70104180    00000198                                                       : uart_v0_lld.obj (.text.UART_lld_controllerIsr)
                  70104318    00000008     --HOLE-- [fill = 0]
                  70104320    00000162                                                       : edma.obj (.text.EDMA_unregisterIntr)
                  70104482    0000000e     --HOLE-- [fill = 0]
                  70104490    00000158                                                       : soc.obj (.text.SOC_controlModuleUnlockMMR)
                  701045e8    00000008     --HOLE-- [fill = 0]
                  701045f0    00000152                                                       : uart_v0_lld.obj (.text.UART_lld_initDma)
                  70104742    0000000e     --HOLE-- [fill = 0]
                  70104750    00000150     nortos.am263px.r5f.ti-arm-clang.debug.lib : DebugP_shmLogWriter.obj (.text.DebugP_shmLogWriterPutChar)
                  701048a0    0000013a     drivers.am263px.r5f.ti-arm-clang.nortos.debug.lib : edma.obj (.text.EDMA_isDmaChannelAllocated)
                  701049da    00000006     --HOLE-- [fill = 0]
                  701049e0    00000138     nortos.am263px.r5f.ti-arm-clang.debug.lib : printf.obj (.text._ntoa_long_long)
                  70104b18    00000008     --HOLE-- [fill = 0]
                  70104b20    00000136                                               : ClockP_nortos_r5.obj (.text.ClockP_init)
                  70104c56    0000000a     --HOLE-- [fill = 0]
                  70104c60    00000136     drivers.am263px.r5f.ti-arm-clang.nortos.debug.lib : uart_v0_lld.obj (.text.UART_procLineStatusErr)
                  70104d96    0000000a     --HOLE-- [fill = 0]
                  70104da0    00000134                                                       : edma.obj (.text.EDMA_registerIntr)
                  70104ed4    0000000c     --HOLE-- [fill = 0]
                  70104ee0    0000012c                                                       : uart_v0_lld.obj (.text.UART_lld_init)
                  7010500c    00000004     --HOLE-- [fill = 0]
                  70105010    00000126                                                       : soc.obj (.text.SOC_controlModuleLockMMR)
                  70105136    0000000a     --HOLE-- [fill = 0]
                  70105140    00000120                                                       : soc_rcm.obj (.text.SOC_rcmGetPeripheralClockFrequency)
                  70105260    0000011c     nortos.am263px.r5f.ti-arm-clang.debug.lib : DebugP_shmLogWriter.obj (.text.DebugP_shmLogWriterPutLine)
                  7010537c    00000004     --HOLE-- [fill = 0]
                  70105380    0000011c     drivers.am263px.r5f.ti-arm-clang.nortos.debug.lib : uart_dma_edma.obj (.text.UART_lld_dmaRead)
                  7010549c    00000118     libclang_rt.builtins.a : udivmoddi4.S.obj (.text)
                  701055b4    0000000c     --HOLE-- [fill = 0]
                  701055c0    00000116     drivers.am263px.r5f.ti-arm-clang.nortos.debug.lib : edma.obj (.text.EDMA_isTccAllocated)
                  701056d6    0000000a     --HOLE-- [fill = 0]
                  701056e0    00000116                                                       : uart_v0_lld.obj (.text.UART_divisorLatchWrite)
                  701057f6    0000000a     --HOLE-- [fill = 0]
                  70105800    00000114     nortos.am263px.r5f.ti-arm-clang.debug.lib : printf.obj (.text._ntoa_long)
                  70105914    0000000c     --HOLE-- [fill = 0]
                  70105920    0000010e     drivers.am263px.r5f.ti-arm-clang.nortos.debug.lib : soc_rcm.obj (.text.SOC_rcmADPLLJGetFOut)
                  70105a2e    00000002     --HOLE-- [fill = 0]
                  70105a30    0000010a                                                       : ipc_notify_v1.obj (.text.IpcNotify_sendMsg)
                  70105b3a    00000006     --HOLE-- [fill = 0]
                  70105b40    00000104                                                       : uart_v0_lld.obj (.text.UART_configInstance)
                  70105c44    0000000c     --HOLE-- [fill = 0]
                  70105c50    00000102     nortos.am263px.r5f.ti-arm-clang.debug.lib : SemaphoreP_nortos.obj (.text.SemaphoreP_pend)
                  70105d52    0000000e     --HOLE-- [fill = 0]
                  70105d60    000000e6     drivers.am263px.r5f.ti-arm-clang.nortos.debug.lib : soc_rcm.obj (.text.SOC_rcmGetCoreFout)
                  70105e46    0000000a     --HOLE-- [fill = 0]
                  70105e50    000000e6                                                       : soc_rcm.obj (.text.SOC_rcmGetPerFout)
                  70105f36    0000000a     --HOLE-- [fill = 0]
                  70105f40    000000e4                                                       : edma.obj (.text.EDMA_freeChannelRegion)
                  70106024    0000000c     --HOLE-- [fill = 0]
                  70106030    000000e2                                                       : edma.obj (.text.EDMA_freeParam)
                  70106112    0000000e     --HOLE-- [fill = 0]
                  70106120    000000e0                                                       : edma.obj (.text.EDMA_freeDmaChannel)
                  70106200    000000e0                                                       : edma.obj (.text.EDMA_freeTcc)
                  701062e0    000000e0     main.o (.text.main_loop)
                  701063c0    000000de     drivers.am263px.r5f.ti-arm-clang.nortos.debug.lib : uart_v0_lld.obj (.text.UART_intrEnable)
                  7010649e    00000002     --HOLE-- [fill = 0]
                  701064a0    000000da                                                       : uart_v0_lld.obj (.text.UART_intrDisable)
                  7010657a    00000006     --HOLE-- [fill = 0]
                  70106580    000000d0     nortos.am263px.r5f.ti-arm-clang.debug.lib : AddrTranslateP_32bit.obj (.text.AddrTranslateP_getLocalAddr)
                  70106650    000000ce     drivers.am263px.r5f.ti-arm-clang.nortos.debug.lib : edma.obj (.text.EDMA_disableChInShadowRegRegion)
                  7010671e    00000002     --HOLE-- [fill = 0]
                  70106720    000000cc                                                       : edma.obj (.text.EDMA_enableChInShadowRegRegion)
                  701067ec    00000004     --HOLE-- [fill = 0]
                  701067f0    000000c4                                                       : edma.obj (.text.EDMA_mapChToEvtQ)
                  701068b4    0000000c     --HOLE-- [fill = 0]
                  701068c0    000000c0                                                       : edma.obj (.text.EDMA_configureChannelRegion)
                  70106980    000000c0                                                       : soc_rcm.obj (.text.SOC_rcmGetPerHSDivOut)
                  70106a40    000000c0                                                       : uart_v0.obj (.text.UART_flushTxFifo)
                  70106b00    000000c0     nortos.am263px.r5f.ti-arm-clang.debug.lib : printf.obj (.text._out_rev)
                  70106bc0    000000be                                               : ClockP_nortos.obj (.text.ClockP_timerTickIsr)
                  70106c7e    00000002     --HOLE-- [fill = 0]
                  70106c80    000000be     ti_dpl_config.o (.text.TimerP_init)
                  70106d3e    00000002     --HOLE-- [fill = 0]
                  70106d40    000000ba     nortos.am263px.r5f.ti-arm-clang.debug.lib : ClockP_nortos.obj (.text.ClockP_stop)
                  70106dfa    00000006     --HOLE-- [fill = 0]
                  70106e00    000000ba     drivers.am263px.r5f.ti-arm-clang.nortos.debug.lib : ipc_notify_v1.obj (.text.IpcNotify_waitSync)
                  70106eba    00000006     --HOLE-- [fill = 0]
                  70106ec0    000000ba     nortos.am263px.r5f.ti-arm-clang.debug.lib : PmuP_armv7r.obj (.text.pmu)
                  70106f7a    00000006     --HOLE-- [fill = 0]
                  70106f80    000000b0     drivers.am263px.r5f.ti-arm-clang.nortos.debug.lib : soc_rcm.obj (.text.SOC_rcmSetPeripheralClock)
                  70107030    000000b0                                                       : uart_v0.obj (.text.UART_init)
                  701070e0    000000ac     gateway_shared.o (.text.gateway_core1_wait_for_ready)
                  7010718c    00000004     --HOLE-- [fill = 0]
                  70107190    000000a8     nortos.am263px.r5f.ti-arm-clang.debug.lib : ClockP_nortos.obj (.text.ClockP_addToList)
                  70107238    00000008     --HOLE-- [fill = 0]
                  70107240    000000a8                                               : ClockP_nortos.obj (.text.ClockP_destruct)
                  701072e8    00000008     --HOLE-- [fill = 0]
                  701072f0    000000a8     ti_drivers_open_close.o (.text.Drivers_uartOpen)
                  70107398    00000008     --HOLE-- [fill = 0]
                  701073a0    000000a0     drivers.am263px.r5f.ti-arm-clang.nortos.debug.lib : soc_rcm.obj (.text.SOC_rcmGetCoreHSDivOut)
                  70107440    00000098                                                       : ipc_notify_v1.obj (.text.IpcNotify_registerClient)
                  701074d8    00000008     --HOLE-- [fill = 0]
                  701074e0    00000096                                                       : uart_v0_lld.obj (.text.UART_subConfigTCRTLRModeEn)
                  70107576    0000000a     --HOLE-- [fill = 0]
                  70107580    00000092     nortos.am263px.r5f.ti-arm-clang.debug.lib : ClockP_nortos.obj (.text.ClockP_getTimeUsec)
                  70107612    0000000e     --HOLE-- [fill = 0]
                  70107620    00000092     drivers.am263px.r5f.ti-arm-clang.nortos.debug.lib : edma.obj (.text.EDMA_unmapChToEvtQ)
                  701076b2    0000000e     --HOLE-- [fill = 0]
                  701076c0    0000008e     gateway_shared.o (.text.gateway_core1_ipc_callback)
                  7010774e    00000002     --HOLE-- [fill = 0]
                  70107750    0000008c     drivers.am263px.r5f.ti-arm-clang.nortos.debug.lib : edma.obj (.text.EDMA_disableTransferRegion)
                  701077dc    00000004     --HOLE-- [fill = 0]
                  701077e0    0000008c                                                       : edma.obj (.text.EDMA_enableTransferRegion)
                  7010786c    00000004     --HOLE-- [fill = 0]
                  70107870    00000088                                                       : uart_dma_edma.obj (.text.UART_edmaIsrRx)
                  701078f8    00000008     --HOLE-- [fill = 0]
                  70107900    00000088                                                       : uart_dma_edma.obj (.text.UART_edmaIsrTx)
                  70107988    00000008     --HOLE-- [fill = 0]
                  70107990    00000086                                                       : uart_v0_lld.obj (.text.UART_lld_flushTxFifo)
                  70107a16    0000000a     --HOLE-- [fill = 0]
                  70107a20    00000086                                                       : uart_v0_lld.obj (.text.UART_tcrTlrBitValRestore)
                  70107aa6    0000000a     --HOLE-- [fill = 0]
                  70107ab0    00000084     dispatcher_timer.o (.text.disp_timer_isr_callback)
                  70107b34    0000000c     --HOLE-- [fill = 0]
                  70107b40    00000082     drivers.am263px.r5f.ti-arm-clang.nortos.debug.lib : edma.obj (.text.EDMA_allocDmaChannel)
                  70107bc2    0000000e     --HOLE-- [fill = 0]
                  70107bd0    00000082                                                       : edma.obj (.text.EDMA_allocParam)
                  70107c52    0000000e     --HOLE-- [fill = 0]
                  70107c60    00000082                                                       : edma.obj (.text.EDMA_allocTcc)
                  70107ce2    0000000e     --HOLE-- [fill = 0]
                  70107cf0    00000082                                                       : edma.obj (.text.EDMA_disableTccInShadowRegRegion)
                  70107d72    0000000e     --HOLE-- [fill = 0]
                  70107d80    00000082                                                       : edma.obj (.text.EDMA_enableTccInShadowRegRegion)
                  70107e02    0000000e     --HOLE-- [fill = 0]
                  70107e10    00000082                                                       : ipc_notify_v1.obj (.text.IpcNotify_syncAll)
                  70107e92    0000000e     --HOLE-- [fill = 0]
                  70107ea0    00000080                                                       : uart_v0_lld.obj (.text.UART_moduleReset)
                  70107f20    0000007e                                                       : uart_v0_lld.obj (.text.UART_readData)
                  70107f9e    00000002     --HOLE-- [fill = 0]
                  70107fa0    0000007c     nortos.am263px.r5f.ti-arm-clang.debug.lib : DebugP_log.obj (.text._DebugP_assert)
                  7010801c    00000004     --HOLE-- [fill = 0]
                  70108020    0000007c     gateway_shared.o (.text.gateway_ringbuf_core1_init)
                  7010809c    00000004     --HOLE-- [fill = 0]
                  701080a0    0000007a     drivers.am263px.r5f.ti-arm-clang.nortos.debug.lib : ipc_notify_v1.obj (.text.IpcNotify_mailboxWrite)
                  7010811a    00000006     --HOLE-- [fill = 0]
                  70108120    0000007a                                                       : uart_v0.obj (.text.UART_Params_init)
                  7010819a    00000006     --HOLE-- [fill = 0]
                  701081a0    00000078                                                       : edma.obj (.text.EDMA_linkChannel)
                  70108218    00000008     --HOLE-- [fill = 0]
                  70108220    00000078     ti_drivers_config.o (.text.System_init)
                  70108298    00000008     --HOLE-- [fill = 0]
                  701082a0    00000074     drivers.am263px.r5f.ti-arm-clang.nortos.debug.lib : uart_v0_lld.obj (.text.UART_IsBaseAddrValid)
                  70108314    0000000c     --HOLE-- [fill = 0]
                  70108320    00000072     nortos.am263px.r5f.ti-arm-clang.debug.lib : ClockP_nortos.obj (.text.ClockP_usleep)
                  70108392    0000000e     --HOLE-- [fill = 0]
                  701083a0    00000072     drivers.am263px.r5f.ti-arm-clang.nortos.debug.lib : edma.obj (.text.EDMA_clrMissEvtRegion)
                  70108412    0000000e     --HOLE-- [fill = 0]
                  70108420    00000072                                                       : ipc_notify_v1.obj (.text.IpcNotify_makeMsg)
                  70108492    0000000e     --HOLE-- [fill = 0]
                  701084a0    0000006a                                                       : ipc_notify_v1.obj (.text.IpcNotify_mailboxReadSwQ)
                  7010850a    00000006     --HOLE-- [fill = 0]
                  70108510    00000068                                                       : edma.obj (.text.EDMA_getBaseAddr)
                  70108578    00000008     --HOLE-- [fill = 0]
                  70108580    00000068                                                       : uart_v0_lld.obj (.text.UART_divisorValCompute)
                  701085e8    00000008     --HOLE-- [fill = 0]
                  701085f0    00000064                                                       : soc_rcm.obj (.text.SOC_rcmGetR5Clock)
                  70108654    0000000c     --HOLE-- [fill = 0]
                  70108660    00000064                                                       : soc_rcm.obj (.text.SOC_rcmIsR5FInLockStepMode)
                  701086c4    0000000c     --HOLE-- [fill = 0]
                  701086d0    00000064                                                       : uart_v0_lld.obj (.text.UART_fifoRegisterWrite)
                  70108734    0000000c     --HOLE-- [fill = 0]
                  70108740    00000064                                                       : uart_v0_lld.obj (.text.UART_lld_deInitDma)
                  701087a4    0000000c     --HOLE-- [fill = 0]
                  701087b0    00000062                                                       : soc_rcm.obj (.text.SOC_rcmInsert16)
                  70108812    0000000e     --HOLE-- [fill = 0]
                  70108820    00000062     nortos.am263px.r5f.ti-arm-clang.debug.lib : SemaphoreP_nortos.obj (.text.SemaphoreP_post)
                  70108882    0000000e     --HOLE-- [fill = 0]
                  70108890    00000060     drivers.am263px.r5f.ti-arm-clang.nortos.debug.lib : uart_v0_lld.obj (.text.UART_getChar)
                  701088f0    00000060                                                       : uart_v0_lld.obj (.text.UART_writeData)
                  70108950    00000060     dispatcher_timer.o (.text.disp_timer_start)
                  701089b0    0000005c     ti_power_clock_config.o (.text.Module_clockSetFrequency)
                  70108a0c    00000004     --HOLE-- [fill = 0]
                  70108a10    0000005c     drivers.am263px.r5f.ti-arm-clang.nortos.debug.lib : uart_v0_lld.obj (.text.UART_lld_deInit)
                  70108a6c    00000004     --HOLE-- [fill = 0]
                  70108a70    0000005a                                                       : uart_v0_lld.obj (.text.UART_regConfigModeEnable)
                  70108aca    00000006     --HOLE-- [fill = 0]
                  70108ad0    0000005a     dispatcher_timer.o (.text.disp_timer_init)
                  70108b2a    00000006     --HOLE-- [fill = 0]
                  70108b30    00000058     drivers.am263px.r5f.ti-arm-clang.nortos.debug.lib : soc_rcm.obj (.text.SOC_rcmGetModuleClkDivVal)
                  70108b88    00000008     --HOLE-- [fill = 0]
                  70108b90    00000056                                                       : uart_v0.obj (.text.UART_lld_readCompleteCallback)
                  70108be6    0000000a     --HOLE-- [fill = 0]
                  70108bf0    00000056                                                       : uart_v0.obj (.text.UART_lld_writeCompleteCallback)
                  70108c46    0000000a     --HOLE-- [fill = 0]
                  70108c50    00000054     ti_dpl_config.o (.text.Dpl_init)
                  70108ca4    0000000c     --HOLE-- [fill = 0]
                  70108cb0    00000054     drivers.am263px.r5f.ti-arm-clang.nortos.debug.lib : edma.obj (.text.EDMA_setPaRAM)
                  70108d04    0000000c     --HOLE-- [fill = 0]
                  70108d10    00000054                                                       : uart_v0_lld.obj (.text.UART_OperModeValid)
                  70108d64    0000000c     --HOLE-- [fill = 0]
                  70108d70    00000054     main.o (.text.main)
                  70108dc4    00000054     libc.a : autoinit.c.obj (.text:__TI_auto_init_nobinit_nopinit)
                  70108e18    00000008     --HOLE-- [fill = 0]
                  70108e20    00000050     ti_drivers_open_close.o (.text.Drivers_uartClose)
                  70108e70    00000050     drivers.am263px.r5f.ti-arm-clang.nortos.debug.lib : pinmux.obj (.text.Pinmux_config)
                  70108ec0    00000050                                                       : uart_v0_lld.obj (.text.UART_checkCharsAvailInFifo)
                  70108f10    0000004e     nortos.am263px.r5f.ti-arm-clang.debug.lib : DebugP_shmLogWriter.obj (.text.DebugP_shmLogWriterInit)
                  70108f5e    00000002     --HOLE-- [fill = 0]
                  70108f60    0000004e     drivers.am263px.r5f.ti-arm-clang.nortos.debug.lib : edma.obj (.text.EDMA_clrEvtRegion)
                  70108fae    00000002     --HOLE-- [fill = 0]
                  70108fb0    0000004e                                                       : edma.obj (.text.EDMA_disableDmaEvtRegion)
                  70108ffe    00000002     --HOLE-- [fill = 0]
                  70109000    0000004e                                                       : edma.obj (.text.EDMA_disableEvtIntrRegion)
                  7010904e    00000002     --HOLE-- [fill = 0]
                  70109050    0000004e                                                       : edma.obj (.text.EDMA_enableDmaEvtRegion)
                  7010909e    00000002     --HOLE-- [fill = 0]
                  701090a0    0000004e                                                       : edma.obj (.text.EDMA_enableEvtIntrRegion)
                  701090ee    00000002     --HOLE-- [fill = 0]
                  701090f0    0000004e                                                       : edma.obj (.text.EDMA_setEvtRegion)
                  7010913e    00000002     --HOLE-- [fill = 0]
                  70109140    0000004c     nortos.am263px.r5f.ti-arm-clang.debug.lib : ClockP_nortos.obj (.text.ClockP_construct)
                  7010918c    00000004     --HOLE-- [fill = 0]
                  70109190    0000004c     drivers.am263px.r5f.ti-arm-clang.nortos.debug.lib : edma.obj (.text.EDMA_ccPaRAMEntry_init)
                  701091dc    00000004     --HOLE-- [fill = 0]
                  701091e0    0000004c                                                       : edma.obj (.text.EDMA_mapQdmaChToPaRAM)
                  7010922c    00000004     --HOLE-- [fill = 0]
                  70109230    0000004c                                                       : edma.obj (.text.EDMA_readEventStatusRegion)
                  7010927c    00000004     --HOLE-- [fill = 0]
                  70109280    0000004c                                                       : ipc_notify_v1.obj (.text.IpcNotify_unregisterClient)
                  701092cc    00000004     --HOLE-- [fill = 0]
                  701092d0    0000004c     ti_power_clock_config.o (.text.Module_clockEnable)
                  7010931c    00000004     --HOLE-- [fill = 0]
                  70109320    0000004c     main.o (.text.ipc_notify_callback_fxn)
                  7010936c    00000004     --HOLE-- [fill = 0]
                  70109370    0000004a     drivers.am263px.r5f.ti-arm-clang.nortos.debug.lib : ipc_notify_v1.obj (.text.IpcNotify_Params_init)
                  701093ba    00000006     --HOLE-- [fill = 0]
                  701093c0    0000004a                                                       : soc_rcm.obj (.text.SOC_rcmGetCR5SysclkInFrequency)
                  7010940a    00000006     --HOLE-- [fill = 0]
                  70109410    0000004a                                                       : uart_v0_lld.obj (.text.UART_getIntrIdentityStatus)
                  7010945a    00000006     --HOLE-- [fill = 0]
                  70109460    0000004a                                                       : uart_v0_lld.obj (.text.UART_lineCharConfig)
                  701094aa    00000006     --HOLE-- [fill = 0]
                  701094b0    00000048                                                       : uart_v0_lld.obj (.text.UART_resetModule)
                  701094f8    00000008     --HOLE-- [fill = 0]
                  70109500    00000046                                                       : uart_v0_lld.obj (.text.UART_i2310WA)
                  70109546    0000000a     --HOLE-- [fill = 0]
                  70109550    00000046                                                       : uart_v0_lld.obj (.text.UART_readLineStatus)
                  70109596    0000000a     --HOLE-- [fill = 0]
                  701095a0    00000044                                                       : ipc_notify_v1.obj (.text.IpcNotify_getWriteMailbox)
                  701095e4    0000000c     --HOLE-- [fill = 0]
                  701095f0    00000044                                                       : soc_rcm.obj (.text.SOC_rcmExtract8)
                  70109634    0000000c     --HOLE-- [fill = 0]
                  70109640    00000044                                                       : soc_rcm.obj (.text.SOC_rcmMake16)
                  70109684    0000000c     --HOLE-- [fill = 0]
                  70109690    00000044     nortos.am263px.r5f.ti-arm-clang.debug.lib : SemaphoreP_nortos.obj (.text.SemaphoreP_construct)
                  701096d4    0000000c     --HOLE-- [fill = 0]
                  701096e0    00000044                                               : DebugP_nortos.obj (.text._DebugP_logZone)
                  70109724    0000000c     --HOLE-- [fill = 0]
                  70109730    00000044                                               : printf.obj (.text._strnlen_s)
                  70109774    0000000c     --HOLE-- [fill = 0]
                  70109780    00000044     main.o (.text.timer_isr)
                  701097c4    0000000c     --HOLE-- [fill = 0]
                  701097d0    00000042     nortos.am263px.r5f.ti-arm-clang.debug.lib : ClockP_nortos.obj (.text.ClockP_start)
                  70109812    0000000e     --HOLE-- [fill = 0]
                  70109820    00000042     drivers.am263px.r5f.ti-arm-clang.nortos.debug.lib : uart_v0.obj (.text.UART_checkOpenParams)
                  70109862    0000000e     --HOLE-- [fill = 0]
                  70109870    0000003e                                                       : pinmux.obj (.text.Pinmux_unlockMMR)
                  701098ae    00000002     --HOLE-- [fill = 0]
                  701098b0    0000003e                                                       : uart_v0_lld.obj (.text.UART_IsHWFlowCtrlValid)
                  701098ee    00000002     --HOLE-- [fill = 0]
                  701098f0    0000003e                                                       : uart_v0_lld.obj (.text.UART_spaceAvail)
                  7010992e    00000002     --HOLE-- [fill = 0]
                  70109930    0000003e     gateway_shared.o (.text.gateway_core1_init)
                  7010996e    00000002     --HOLE-- [fill = 0]
                  70109970    0000003e     gateway_shared.o (.text.gateway_update_heartbeat)
                  701099ae    00000002     --HOLE-- [fill = 0]
                  701099b0    0000003e     main.o (.text.init_1000hz_timer)
                  701099ee    00000002     --HOLE-- [fill = 0]
                  701099f0    0000003c     drivers.am263px.r5f.ti-arm-clang.nortos.debug.lib : uart_v0_lld.obj (.text.UART_IsParityTypeValid)
                  70109a2c    00000004     --HOLE-- [fill = 0]
                  70109a30    0000003c                                                       : uart_v0_lld.obj (.text.UART_IsTxRxFifoEmpty)
                  70109a6c    00000004     --HOLE-- [fill = 0]
                  70109a70    0000003c                                                       : uart_v0_lld.obj (.text.UART_enhanFuncEnable)
                  70109aac    00000004     --HOLE-- [fill = 0]
                  70109ab0    0000003a                                                       : soc.obj (.text.SOC_moduleSetClockFrequency)
                  70109aea    00000006     --HOLE-- [fill = 0]
                  70109af0    0000003a     nortos.am263px.r5f.ti-arm-clang.debug.lib : printf.obj (.text._atoi)
                  70109b2a    00000006     --HOLE-- [fill = 0]
                  70109b30    0000003a                                               : printf.obj (.text.snprintf_)
                  70109b6a    00000006     --HOLE-- [fill = 0]
                  70109b70    00000038     drivers.am263px.r5f.ti-arm-clang.nortos.debug.lib : soc.obj (.text.SOC_getCoreName)
                  70109ba8    00000038     nortos.am263px.r5f.ti-arm-clang.debug.lib : PmuP_armv7r_asm.obj (.text.pmu)
                  70109be0    00000036     drivers.am263px.r5f.ti-arm-clang.nortos.debug.lib : edma.obj (.text.EDMA_getRegionId)
                  70109c16    0000000a     --HOLE-- [fill = 0]
                  70109c20    00000036                                                       : ipc_notify_v1.obj (.text.IpcNotify_syncCallback)
                  70109c56    0000000a     --HOLE-- [fill = 0]
                  70109c60    00000034                                                       : pinmux.obj (.text.Pinmux_lockMMR)
                  70109c94    0000000c     --HOLE-- [fill = 0]
                  70109ca0    00000034     nortos.am263px.r5f.ti-arm-clang.debug.lib : TimerP_rti_priv.obj (.text.TimerP_Params_initPriv)
                  70109cd4    0000000c     --HOLE-- [fill = 0]
                  70109ce0    00000034     drivers.am263px.r5f.ti-arm-clang.nortos.debug.lib : uart_v0_lld.obj (.text.UART_IsDataLengthValid)
                  70109d14    0000000c     --HOLE-- [fill = 0]
                  70109d20    00000032                                                       : uart_v0_lld.obj (.text.HW_WR_FIELD32_RAW)
                  70109d52    0000000e     --HOLE-- [fill = 0]
                  70109d60    00000032                                                       : ipc_notify_v1.obj (.text.IpcNotify_mailboxIsPendingIntr)
                  70109d92    0000000e     --HOLE-- [fill = 0]
                  70109da0    00000032     nortos.am263px.r5f.ti-arm-clang.debug.lib : TimerP_rti_priv.obj (.text.TimerP_getCountPriv)
                  70109dd2    0000000e     --HOLE-- [fill = 0]
                  70109de0    00000032     drivers.am263px.r5f.ti-arm-clang.nortos.debug.lib : uart_v0_lld.obj (.text.UART_enhanFuncBitValRestore)
                  70109e12    0000000e     --HOLE-- [fill = 0]
                  70109e20    00000032                                                       : uart_v0_lld.obj (.text.UART_hardwareFlowCtrlOptSet)
                  70109e52    0000000e     --HOLE-- [fill = 0]
                  70109e60    00000030                                                       : ipc_notify_v1.obj (.text.IpcNotify_getReadSwQ)
                  70109e90    00000030                                                       : uart_v0_lld.obj (.text.UART_flowCtrlTrigLvlConfig)
                  70109ec0    0000002e                                                       : uart_dma_edma.obj (.text.UART_lld_dmaInit)
                  70109eee    00000002     --HOLE-- [fill = 0]
                  70109ef0    0000002e     nortos.am263px.r5f.ti-arm-clang.debug.lib : printf.obj (.text._is_digit)
                  70109f1e    00000002     --HOLE-- [fill = 0]
                  70109f20    0000002c                                               : DebugP_log.obj (.text.DebugP_logZoneEnable)
                  70109f4c    00000004     --HOLE-- [fill = 0]
                  70109f50    0000002c     drivers.am263px.r5f.ti-arm-clang.nortos.debug.lib : ipc_notify_v1.obj (.text.IpcNotify_getReadMailbox)
                  70109f7c    00000004     --HOLE-- [fill = 0]
                  70109f80    0000002c     nortos.am263px.r5f.ti-arm-clang.debug.lib : SemaphoreP_nortos.obj (.text.SemaphoreP_constructBinary)
                  70109fac    00000004     --HOLE-- [fill = 0]
                  70109fb0    0000002a                                               : ClockP_nortos.obj (.text.ClockP_sleepTicks)
                  70109fda    00000006     --HOLE-- [fill = 0]
                  70109fe0    0000002a     drivers.am263px.r5f.ti-arm-clang.nortos.debug.lib : uart_v0_lld.obj (.text.UART_intr2Disable)
                  7010a00a    00000006     --HOLE-- [fill = 0]
                  7010a010    0000002a                                                       : uart_v0_lld.obj (.text.UART_operatingModeSelect)
                  7010a03a    00000006     --HOLE-- [fill = 0]
                  7010a040    00000028     nortos.am263px.r5f.ti-arm-clang.debug.lib : CpuId_armv7r.obj (.text.CSL_armR5GetCpuID)
                  7010a068    00000008     --HOLE-- [fill = 0]
                  7010a070    00000028                                               : printf.obj (.text.vprintf_)
                  7010a098    00000008     --HOLE-- [fill = 0]
                  7010a0a0    00000026     drivers.am263px.r5f.ti-arm-clang.nortos.debug.lib : edma.obj (.text.EDMA_disableQdmaEvtRegion)
                  7010a0c6    0000000a     --HOLE-- [fill = 0]
                  7010a0d0    00000026                                                       : edma.obj (.text.EDMA_enableQdmaEvtRegion)
                  7010a0f6    0000000a     --HOLE-- [fill = 0]
                  7010a100    00000026                                                       : edma.obj (.text.EDMA_validateIntrObject)
                  7010a126    0000000a     --HOLE-- [fill = 0]
                  7010a130    00000026     ti_drivers_config.o (.text.IpcNotify_allocSwQueue)
                  7010a156    0000000a     --HOLE-- [fill = 0]
                  7010a160    00000026     nortos.am263px.r5f.ti-arm-clang.debug.lib : printf.obj (.text._out_buffer)
                  7010a186    0000000a     --HOLE-- [fill = 0]
                  7010a190    00000024     ti_drivers_config.o (.text.IpcNotify_getConfig)
                  7010a1b4    0000000c     --HOLE-- [fill = 0]
                  7010a1c0    00000024     nortos.am263px.r5f.ti-arm-clang.debug.lib : SemaphoreP_nortos.obj (.text.SemaphoreP_constructMutex)
                  7010a1e4    0000000c     --HOLE-- [fill = 0]
                  7010a1f0    00000024     drivers.am263px.r5f.ti-arm-clang.nortos.debug.lib : uart_v0_lld.obj (.text.UART_IsRxTrigLvlValid)
                  7010a214    0000000c     --HOLE-- [fill = 0]
                  7010a220    00000024                                                       : uart_v0_lld.obj (.text.UART_IsStopBitsValid)
                  7010a244    0000000c     --HOLE-- [fill = 0]
                  7010a250    00000024                                                       : uart_v0_lld.obj (.text.UART_IsTxTrigLvlValid)
                  7010a274    00000024     libclang_rt.builtins.a : aeabi_uldivmod.S.obj (.text.__aeabi_uldivmod)
                  7010a298    00000008     --HOLE-- [fill = 0]
                  7010a2a0    00000024     nortos.am263px.r5f.ti-arm-clang.debug.lib : printf.obj (.text._out_char)
                  7010a2c4    0000000c     --HOLE-- [fill = 0]
                  7010a2d0    00000022     drivers.am263px.r5f.ti-arm-clang.nortos.debug.lib : edma.obj (.text.EDMA_channelToParamMap)
                  7010a2f2    0000000e     --HOLE-- [fill = 0]
                  7010a300    00000020     nortos.am263px.r5f.ti-arm-clang.debug.lib : ClockP_nortos.obj (.text.ClockP_isActive)
                  7010a320    00000020                                               : ClockP_nortos.obj (.text.ClockP_usecToTicks)
                  7010a340    00000020     drivers.am263px.r5f.ti-arm-clang.nortos.debug.lib : uart_v0_lld.obj (.text.HW_RD_FIELD32_RAW)
                  7010a360    0000001e     nortos.am263px.r5f.ti-arm-clang.debug.lib : ClockP_nortos.obj (.text.ClockP_Params_init)
                  7010a37e    00000002     --HOLE-- [fill = 0]
                  7010a380    0000001e     drivers.am263px.r5f.ti-arm-clang.nortos.debug.lib : edma.obj (.text.EDMA_getEventStatusHigh)
                  7010a39e    00000002     --HOLE-- [fill = 0]
                  7010a3a0    0000001e                                                       : soc.obj (.text.SOC_getSelfCpuClk)
                  7010a3be    00000002     --HOLE-- [fill = 0]
                  7010a3c0    0000001e                                                       : soc.obj (.text.SOC_moduleClockEnable)
                  7010a3de    00000002     --HOLE-- [fill = 0]
                  7010a3e0    0000001e     ti_dpl_config.o (.text.TimerP_isr0)
                  7010a3fe    00000002     --HOLE-- [fill = 0]
                  7010a400    0000001e     drivers.am263px.r5f.ti-arm-clang.nortos.debug.lib : uart_v0_lld.obj (.text.UART_breakCtl)
                  7010a41e    00000002     --HOLE-- [fill = 0]
                  7010a420    0000001e                                                       : uart_v0_lld.obj (.text.UART_lld_Transaction_deInit)
                  7010a43e    00000002     --HOLE-- [fill = 0]
                  7010a440    0000001c                                                       : edma.obj (.text.EDMA_getEventStatus)
                  7010a45c    00000004     --HOLE-- [fill = 0]
                  7010a460    0000001c                                                       : uart_v0_lld.obj (.text.UART_IsParameter)
                  7010a47c    00000004     --HOLE-- [fill = 0]
                  7010a480    0000001c     timer.o (.text.timerISR)
                  7010a49c    0000001c     libc.a : memcpy32.S.obj (.text:TI_memcpy_small)
                  7010a4b8    00000008     --HOLE-- [fill = 0]
                  7010a4c0    0000001a     drivers.am263px.r5f.ti-arm-clang.nortos.debug.lib : uart_v0_lld.obj (.text.UART_fifoCharGet)
                  7010a4da    00000006     --HOLE-- [fill = 0]
                  7010a4e0    0000001a                                                       : uart_v0_lld.obj (.text.UART_timeGuardConfig)
                  7010a4fa    00000006     --HOLE-- [fill = 0]
                  7010a500    00000018     nortos.am263px.r5f.ti-arm-clang.debug.lib : ClockP_nortos.obj (.text.ClockP_ticksToUsec)
                  7010a518    00000008     --HOLE-- [fill = 0]
                  7010a520    00000018     drivers.am263px.r5f.ti-arm-clang.nortos.debug.lib : edma.obj (.text.EDMA_isInterruptEnabled)
                  7010a538    00000008     --HOLE-- [fill = 0]
                  7010a540    00000018                                                       : ipc_notify_v1.obj (.text.IpcNotify_mailboxClearAllInt)
                  7010a558    00000008     --HOLE-- [fill = 0]
                  7010a560    00000018                                                       : ipc_notify_v1_cfg.obj (.text.IpcNotify_trigInterrupt)
                  7010a578    00000008     --HOLE-- [fill = 0]
                  7010a580    00000018     nortos.am263px.r5f.ti-arm-clang.debug.lib : SemaphoreP_nortos.obj (.text.SemaphoreP_Params_init)
                  7010a598    00000008     --HOLE-- [fill = 0]
                  7010a5a0    00000018                                               : TimerP_rti_priv.obj (.text.TimerP_getReloadCountPriv)
                  7010a5b8    00000008     --HOLE-- [fill = 0]
                  7010a5c0    00000018     drivers.am263px.r5f.ti-arm-clang.nortos.debug.lib : uart_v0_lld.obj (.text.UART_divisorLatchDisable)
                  7010a5d8    00000008     --HOLE-- [fill = 0]
                  7010a5e0    00000018                                                       : uart_v0_lld.obj (.text.UART_modemControlReset)
                  7010a5f8    00000008     --HOLE-- [fill = 0]
                  7010a600    00000018                                                       : uart_v0_lld.obj (.text.UART_putChar)
                  7010a618    00000018     libc.a : memset32.S.obj (.text:TI_memset_small)
                  7010a630    00000016     drivers.am263px.r5f.ti-arm-clang.nortos.debug.lib : ipc_notify_v1.obj (.text.IpcNotify_sendSync)
                  7010a646    0000000a     --HOLE-- [fill = 0]
                  7010a650    00000016     nortos.am263px.r5f.ti-arm-clang.debug.lib : TimerP_rti_priv.obj (.text.TimerP_startPriv)
                  7010a666    0000000a     --HOLE-- [fill = 0]
                  7010a670    00000016                                               : TimerP_rti_priv.obj (.text.TimerP_stopPriv)
                  7010a686    0000000a     --HOLE-- [fill = 0]
                  7010a690    00000016     drivers.am263px.r5f.ti-arm-clang.nortos.debug.lib : uart_v0_lld.obj (.text.UART_divideRoundCloset)
                  7010a6a6    0000000a     --HOLE-- [fill = 0]
                  7010a6b0    00000016                                                       : uart_v0_lld.obj (.text.UART_regConfModeRestore)
                  7010a6c6    0000000a     --HOLE-- [fill = 0]
                  7010a6d0    00000014                                                       : edma.obj (.text.HW_WR_REG16_RAW)
                  7010a6e4    0000000c     --HOLE-- [fill = 0]
                  7010a6f0    00000014                                                       : ipc_notify_v1.obj (.text.IpcNotify_mailboxClearPendingIntr)
                  7010a704    0000000c     --HOLE-- [fill = 0]
                  7010a710    00000014                                                       : soc_rcm.obj (.text.SOC_rcmGetModuleClkDivFromRegVal)
                  7010a724    0000000c     --HOLE-- [fill = 0]
                  7010a730    00000014     nortos.am263px.r5f.ti-arm-clang.debug.lib : TimerP_rti_priv.obj (.text.TimerP_clearOverflowIntPriv)
                  7010a744    0000000c     --HOLE-- [fill = 0]
                  7010a750    00000014                                               : TimerP_rti_nortos.obj (.text.TimerP_setup)
                  7010a764    0000000c     --HOLE-- [fill = 0]
                  7010a770    00000014     ti_dpl_config.o (.text.putchar_)
                  7010a784    0000000c     --HOLE-- [fill = 0]
                  7010a790    00000012     ti_pinmux_config.o (.text.Pinmux_init)
                  7010a7a2    0000000e     --HOLE-- [fill = 0]
                  7010a7b0    00000010     drivers.am263px.r5f.ti-arm-clang.nortos.debug.lib : pinmux.obj (.text.CSL_REG32_WR_RAW)
                  7010a7c0    00000010                                                       : soc.obj (.text.CSL_REG32_WR_RAW)
                  7010a7d0    00000010     nortos.am263px.r5f.ti-arm-clang.debug.lib : ClockP_nortos_r5.obj (.text.ClockP_getTimerCount)
                  7010a7e0    00000010                                               : ClockP_nortos_r5.obj (.text.ClockP_timerClearOverflowInt)
                  7010a7f0    00000010     drivers.am263px.r5f.ti-arm-clang.nortos.debug.lib : edma.obj (.text.HW_RD_REG32_RAW)
                  7010a800    00000010                                                       : uart_v0_lld.obj (.text.HW_RD_REG32_RAW)
                  7010a810    00000010                                                       : edma.obj (.text.HW_WR_REG32_RAW)
                  7010a820    00000010                                                       : uart_v0_lld.obj (.text.HW_WR_REG32_RAW)
                  7010a830    00000010                                                       : ipc_notify_v1.obj (.text.IpcNotify_mailboxGetPendingIntr)
                  7010a840    00000010     nortos.am263px.r5f.ti-arm-clang.debug.lib : TimerP_rti_nortos.obj (.text.TimerP_Params_init)
                  7010a850    00000010                                               : TimerP_rti_nortos.obj (.text.TimerP_clearOverflowInt)
                  7010a860    00000010                                               : TimerP_rti_nortos.obj (.text.TimerP_getCount)
                  7010a870    00000010                                               : TimerP_rti_nortos.obj (.text.TimerP_getReloadCount)
                  7010a880    00000010                                               : TimerP_rti_nortos.obj (.text.TimerP_start)
                  7010a890    00000010                                               : printf.obj (.text._out_null)
                  7010a8a0    0000000c     ti_board_open_close.o (.text.Board_driversOpen)
                  7010a8ac    00000004     --HOLE-- [fill = 0]
                  7010a8b0    0000000c     nortos.am263px.r5f.ti-arm-clang.debug.lib : ClockP_nortos.obj (.text.ClockP_getTicks)
                  7010a8bc    00000004     --HOLE-- [fill = 0]
                  7010a8c0    0000000c     ti_power_clock_config.o (.text.PowerClock_init)
                  7010a8cc    00000004     --HOLE-- [fill = 0]
                  7010a8d0    0000000a     nortos.am263px.r5f.ti-arm-clang.debug.lib : HwiP_armv7r_vim.obj (.text.Hwip_dataAndInstructionBarrier)
                  7010a8da    00000006     --HOLE-- [fill = 0]
                  7010a8e0    0000000a     drivers.am263px.r5f.ti-arm-clang.nortos.debug.lib : ipc_notify_v1.obj (.text.IpcNotify_dataAndInstructionBarrier)
                  7010a8ea    00000006     --HOLE-- [fill = 0]
                  7010a8f0    0000000a                                                       : soc_rcm.obj (.text.SOC_rcmGetBaseAddressMSSRCM)
                  7010a8fa    00000006     --HOLE-- [fill = 0]
                  7010a900    0000000a                                                       : uart_dma_edma.obj (.text.UART_edmaDoNothing)
                  7010a90a    00000006     --HOLE-- [fill = 0]
                  7010a910    0000000a     gateway_shared.o (.text.gateway_memory_barrier)
                  7010a91a    00000006     --HOLE-- [fill = 0]
                  7010a920    0000000a     gateway_shared.o (.text.ringbuf_get_ptr)
                  7010a92a    00000006     --HOLE-- [fill = 0]
                  7010a930    00000008     ti_drivers_open_close.o (.text.Drivers_open)
                  7010a938    00000008     --HOLE-- [fill = 0]
                  7010a940    00000008     ti_drivers_config.o (.text.Drivers_uartInit)
                  7010a948    00000008     --HOLE-- [fill = 0]
                  7010a950    00000008     drivers.am263px.r5f.ti-arm-clang.nortos.debug.lib : soc_rcm.obj (.text.SOC_rcmGetBaseAddressMSSCTRL)
                  7010a958    00000008     --HOLE-- [fill = 0]
                  7010a960    00000008                                                       : soc_rcm.obj (.text.SOC_rcmGetBaseAddressTOPRCM)
                  7010a968    00000008     --HOLE-- [fill = 0]
                  7010a970    00000008     nortos.am263px.r5f.ti-arm-clang.debug.lib : SemaphoreP_nortos.obj (.text.SemaphoreP_destruct)
                  7010a978    00000008     --HOLE-- [fill = 0]
                  7010a980    00000002     ti_board_open_close.o (.text.Board_driversClose)
                  7010a982    0000000e     --HOLE-- [fill = 0]
                  7010a990    00000002     ti_board_config.o (.text.Board_init)
                  7010a992    0000000e     --HOLE-- [fill = 0]
                  7010a9a0    00000002     drivers.am263px.r5f.ti-arm-clang.nortos.debug.lib : ipc_notify_v1_cfg.obj (.text.IpcNotify_wait)
                  7010a9a2    0000000e     --HOLE-- [fill = 0]
                  7010a9b0    00000002     nortos.am263px.r5f.ti-arm-clang.debug.lib : TaskP_nortos.obj (.text.TaskP_yield)
                  7010a9b2    0000000e     --HOLE-- [fill = 0]

.rodata    0    7010a9c0    00000fa8     
                  7010a9c0    00000084     ti_dpl_config.o (.rodata.cfg)
                  7010aa44    00000004     nortos.am263px.r5f.ti-arm-clang.debug.lib : CacheP_armv7r.obj (.rodata.gCacheL1dCacheLineSize)
                  7010aa48    00000050                                               : printf.obj (.rodata._ftoa.pow10)
                  7010aa98    00000048     drivers.am263px.r5f.ti-arm-clang.nortos.debug.lib : soc_rcm.obj (.rodata.gADPLLJConfigTbl)
                  7010aae0    00000043     main.o (.rodata.str1.8108965883388295311.1)
                  7010ab23    00000040     drivers.am263px.r5f.ti-arm-clang.nortos.debug.lib : ipc_notify_v1.obj (.rodata.str1.10118846006578224169.1)
                  7010ab63    00000040     gateway_shared.o (.rodata.str1.1309647279537151951.1)
                  7010aba3    0000003d     nortos.am263px.r5f.ti-arm-clang.debug.lib : TimerP_rti_priv.obj (.rodata.str1.11388379688747141303.1)
                  7010abe0    0000003d     main.o (.rodata.str1.8076846746581808073.1)
                  7010ac1d    0000003c     main.o (.rodata.str1.16265332423659789559.1)
                  7010ac59    00000037     gateway_shared.o (.rodata.str1.5629998949668554045.1)
                  7010ac90    00000035     main.o (.rodata.str1.7702501944640899365.1)
                  7010acc5    00000035     ti_drivers_open_close.o (.rodata.str1.871795152488895636.1)
                  7010acfa    00000034     main.o (.rodata.str1.14112174005742061988.1)
                  7010ad2e    00000032     main.o (.rodata.str1.2763581881760962609.1)
                  7010ad60    00000031     main.o (.rodata.str1.14079361385603432444.1)
                  7010ad91    00000031     gateway_shared.o (.rodata.str1.15257554646438059100.1)
                  7010adc2    00000030     main.o (.rodata.str1.8154729771448623357.1)
                  7010adf2    0000002f     main.o (.rodata.str1.11702106008850790973.1)
                  7010ae21    0000002f     main.o (.rodata.str1.15996357275703397564.1)
                  7010ae50    0000002f     main.o (.rodata.str1.16631870348416990953.1)
                  7010ae7f    0000002f     gateway_shared.o (.rodata.str1.3129942817937968154.1)
                  7010aeae    0000002f     drivers.am263px.r5f.ti-arm-clang.nortos.debug.lib : ipc_notify_v1.obj (.rodata.str1.9418228565027791152.1)
                  7010aedd    0000002e     main.o (.rodata.str1.2123964117280943167.1)
                  7010af0b    0000002e     gateway_shared.o (.rodata.str1.5327546541240122901.1)
                  7010af39    0000002e     gateway_shared.o (.rodata.str1.6121471336334202706.1)
                  7010af67    0000002d     main.o (.rodata.str1.10313062130652730376.1)
                  7010af94    0000002d     main.o (.rodata.str1.13782249893155712474.1)
                  7010afc1    0000002d     dispatcher_timer.o (.rodata.str1.16909784401037802760.1)
                  7010afee    0000002c     gateway_shared.o (.rodata.str1.7167262159681625771.1)
                  7010b01a    0000002c     main.o (.rodata.str1.9059077390166914652.1)
                  7010b046    0000002b     main.o (.rodata.str1.18227636981041470289.1)
                  7010b071    0000002a     main.o (.rodata.str1.11870794119293528247.1)
                  7010b09b    0000002a     nortos.am263px.r5f.ti-arm-clang.debug.lib : DebugP_log.obj (.rodata.str1.227947788441500939.1)
                  7010b0c5    0000002a     main.o (.rodata.str1.2846389346932560359.1)
                  7010b0ef    0000002a     dispatcher_timer.o (.rodata.str1.8393228718863617781.1)
                  7010b119    00000029     main.o (.rodata.str1.13288086030101331538.1)
                  7010b142    00000029     main.o (.rodata.str1.14402440632258215044.1)
                  7010b16b    00000028     dispatcher_timer.o (.rodata.str1.13215161723794722244.1)
                  7010b193    00000028     main.o (.rodata.str1.15159059442110792349.1)
                  7010b1bb    00000027     nortos.am263px.r5f.ti-arm-clang.debug.lib : ClockP_nortos_r5.obj (.rodata.str1.12743090444791882666.1)
                  7010b1e2    00000027     main.o (.rodata.str1.17376258722486336754.1)
                  7010b209    00000026     gateway_shared.o (.rodata.str1.5761821093615868877.1)
                  7010b22f    00000026     gateway_shared.o (.rodata.str1.8694082244888993162.1)
                  7010b255    00000023     drivers.am263px.r5f.ti-arm-clang.nortos.debug.lib : soc_rcm.obj (.rodata.str1.2078190104202520215.1)
                  7010b278    00000023     nortos.am263px.r5f.ti-arm-clang.debug.lib : ClockP_nortos_r5.obj (.rodata.str1.7689125538912326484.1)
                  7010b29b    00000022     drivers.am263px.r5f.ti-arm-clang.nortos.debug.lib : edma.obj (.rodata.str1.12976018205622752890.1)
                  7010b2bd    00000021     nortos.am263px.r5f.ti-arm-clang.debug.lib : ClockP_nortos_r5.obj (.rodata.str1.8559540482768925367.1)
                  7010b2de    00000020     drivers.am263px.r5f.ti-arm-clang.nortos.debug.lib : uart_v0.obj (.rodata.str1.16594507886308206351.1)
                  7010b2fe    00000020                                                       : ipc_notify_v1.obj (.rodata.str1.2046905611612007019.1)
                  7010b31e    0000001f     nortos.am263px.r5f.ti-arm-clang.debug.lib : ClockP_nortos_r5.obj (.rodata.str1.2746619892315392655.1)
                  7010b33d    0000001f     dispatcher_timer.o (.rodata.str1.5724006426700065890.1)
                  7010b35c    0000001e     drivers.am263px.r5f.ti-arm-clang.nortos.debug.lib : ipc_notify_v1.obj (.rodata.str1.16593710740832512674.1)
                  7010b37a    0000001e                                                       : ipc_notify_v1.obj (.rodata.str1.9050127465416171240.1)
                  7010b398    0000001d     nortos.am263px.r5f.ti-arm-clang.debug.lib : TimerP_rti_priv.obj (.rodata.str1.1727973701797049581.1)
                  7010b3b5    0000001d                                               : TimerP_rti_priv.obj (.rodata.str1.4425773406285945039.1)
                  7010b3d2    0000001d     drivers.am263px.r5f.ti-arm-clang.nortos.debug.lib : uart_v0.obj (.rodata.str1.4697665093340446018.1)
                  7010b3ef    0000001d     nortos.am263px.r5f.ti-arm-clang.debug.lib : TimerP_rti_priv.obj (.rodata.str1.7297095892955669843.1)
                  7010b40c    0000001b     drivers.am263px.r5f.ti-arm-clang.nortos.debug.lib : edma.obj (.rodata.str1.16672221102796607080.1)
                  7010b427    0000001b     ti_drivers_config.o (.rodata.str1.7767457247551078139.1)
                  7010b442    0000001a     drivers.am263px.r5f.ti-arm-clang.nortos.debug.lib : soc_rcm.obj (.rodata.str1.16907879152045164286.1)
                  7010b45c    0000001a     main.o (.rodata.str1.288608917962107522.1)
                  7010b476    0000001a     nortos.am263px.r5f.ti-arm-clang.debug.lib : ClockP_nortos_r5.obj (.rodata.str1.3810757863367538396.1)
                  7010b490    0000001a     main.o (.rodata.str1.6891813955777630061.1)
                  7010b4aa    00000019     drivers.am263px.r5f.ti-arm-clang.nortos.debug.lib : ipc_notify_v1.obj (.rodata.str1.12253177398743541182.1)
                  7010b4c3    00000019     nortos.am263px.r5f.ti-arm-clang.debug.lib : TimerP_rti_priv.obj (.rodata.str1.5494506574634759136.1)
                  7010b4dc    00000018     drivers.am263px.r5f.ti-arm-clang.nortos.debug.lib : soc_rcm.obj (.rodata.gControlssPllClkSrcValMap)
                  7010b4f4    00000018                                                       : soc_rcm.obj (.rodata.gCptsClkSrcValMap)
                  7010b50c    00000018                                                       : soc_rcm.obj (.rodata.gI2cClkSrcValMap)
                  7010b524    00000018                                                       : soc_rcm.obj (.rodata.gIcssmUartClkSrcValMap)
                  7010b53c    00000018                                                       : soc_rcm.obj (.rodata.gLinUartClkSrcValMap)
                  7010b554    00000018                                                       : soc_rcm.obj (.rodata.gMcSpiClkSrcValMap)
                  7010b56c    00000018                                                       : soc_rcm.obj (.rodata.gMcanClkSrcValMap)
                  7010b584    00000018                                                       : soc_rcm.obj (.rodata.gMmcClkSrcValMap)
                  7010b59c    00000018                                                       : soc_rcm.obj (.rodata.gOspiClkSrcValMap)
                  7010b5b4    00000018                                                       : soc_rcm.obj (.rodata.gPeripheralClkSrcInfoMap)
                  7010b5cc    00000018                                                       : soc_rcm.obj (.rodata.gRtiClkSrcValMap)
                  7010b5e4    00000018                                                       : soc_rcm.obj (.rodata.gWdtClkSrcValMap)
                  7010b5fc    00000018                                                       : uart_v0.obj (.rodata.str1.16507871919775359273.1)
                  7010b614    00000018     ti_drivers_config.o (.rodata.str1.2211846465855763212.1)
                  7010b62c    00000017     drivers.am263px.r5f.ti-arm-clang.nortos.debug.lib : soc_rcm.obj (.rodata.str1.1263028196474875090.1)
                  7010b643    00000016                                                       : soc_rcm.obj (.rodata.str1.15837709475095375462.1)
                  7010b659    00000016                                                       : soc_rcm.obj (.rodata.str1.18101715471844446405.1)
                  7010b66f    00000016                                                       : soc_rcm.obj (.rodata.str1.503491203257075565.1)
                  7010b685    00000015                                                       : ipc_notify_v1.obj (.rodata.str1.2749849238461102323.1)
                  7010b69a    00000015                                                       : edma.obj (.rodata.str1.9771253703579349310.1)
                  7010b6af    00000014                                                       : edma.obj (.rodata.str1.14977302951450442404.1)
                  7010b6c3    00000014                                                       : edma.obj (.rodata.str1.16586217098785273673.1)
                  7010b6d7    00000014                                                       : ipc_notify_v1.obj (.rodata.str1.17722115868992979254.1)
                  7010b6eb    00000014                                                       : ipc_notify_v1.obj (.rodata.str1.5235938544388580736.1)
                  7010b6ff    00000014                                                       : edma.obj (.rodata.str1.6479261940699871955.1)
                  7010b713    00000013     nortos.am263px.r5f.ti-arm-clang.debug.lib : DebugP_shmLogWriter.obj (.rodata.str1.14017905436770086454.1)
                  7010b726    00000013     drivers.am263px.r5f.ti-arm-clang.nortos.debug.lib : soc_rcm.obj (.rodata.str1.1513614241493853460.1)
                  7010b739    00000013                                                       : uart_v0.obj (.rodata.str1.8511823138002593779.1)
                  7010b74c    00000012                                                       : uart_v0.obj (.rodata.str1.10085477686273322470.1)
                  7010b75e    00000012                                                       : uart_v0.obj (.rodata.str1.1906408950570946892.1)
                  7010b770    00000012                                                       : ipc_notify_v1.obj (.rodata.str1.4922609433019995091.1)
                  7010b782    00000012                                                       : soc_rcm.obj (.rodata.str1.6089483996110695684.1)
                  7010b794    00000012                                                       : edma.obj (.rodata.str1.8988798825313313125.1)
                  7010b7a6    00000011                                                       : edma.obj (.rodata.str1.13359792024450833872.1)
                  7010b7b7    00000011                                                       : uart_v0.obj (.rodata.str1.18277465892467933209.1)
                  7010b7c8    00000011     ti_drivers_open_close.o (.rodata.str1.6292539624901818759.1)
                  7010b7d9    00000011     nortos.am263px.r5f.ti-arm-clang.debug.lib : TimerP_rti_priv.obj (.rodata.str1.7786169893402823657.1)
                  7010b7ea    00000011     drivers.am263px.r5f.ti-arm-clang.nortos.debug.lib : ipc_notify_v1.obj (.rodata.str1.9036292169629118271.1)
                  7010b7fb    00000010                                                       : edma.obj (.rodata.str1.16687974986316968853.1)
                  7010b80b    0000000f                                                       : edma.obj (.rodata.str1.12381575634899622488.1)
                  7010b81a    0000000f                                                       : edma.obj (.rodata.str1.15707078201242323249.1)
                  7010b829    0000000f                                                       : edma.obj (.rodata.str1.2781376525681532154.1)
                  7010b838    0000000f                                                       : ipc_notify_v1.obj (.rodata.str1.4769539187903082080.1)
                  7010b847    0000000f                                                       : edma.obj (.rodata.str1.4907917467944964367.1)
                  7010b856    0000000e                                                       : edma.obj (.rodata.str1.1669868279207928169.1)
                  7010b864    0000000e                                                       : edma.obj (.rodata.str1.6128441279204879358.1)
                  7010b872    0000000e                                                       : edma.obj (.rodata.str1.6928588723460450634.1)
                  7010b880    0000000d                                                       : edma.obj (.rodata.str1.14657363906792235350.1)
                  7010b88d    0000000d     nortos.am263px.r5f.ti-arm-clang.debug.lib : TimerP_rti_priv.obj (.rodata.str1.15140844044942405278.1)
                  7010b89a    0000000c                                               : ClockP_nortos_r5.obj (.rodata.str1.13463193513887205357.1)
                  7010b8a6    0000000c     ti_drivers_config.o (.rodata.str1.3145245972279493797.1)
                  7010b8b2    0000000c     drivers.am263px.r5f.ti-arm-clang.nortos.debug.lib : edma.obj (.rodata.str1.8587431144907355806.1)
                  7010b8be    0000000b                                                       : uart_v0.obj (.rodata.str1.1151567497034493012.1)
                  7010b8c9    0000000b     main.o (.rodata.str1.17279024933005395956.1)
                  7010b8d4    0000000a     main.o (.rodata.str1.12180500075719773345.1)
                  7010b8de    0000000a     drivers.am263px.r5f.ti-arm-clang.nortos.debug.lib : soc_rcm.obj (.rodata.str1.3349473071634452315.1)
                  7010b8e8    0000000a                                                       : uart_v0.obj (.rodata.str1.7892831408302009747.1)
                  7010b8f2    0000000a                                                       : uart_v0.obj (.rodata.str1.8477608605346433529.1)
                  7010b8fc    0000000a                                                       : ipc_notify_v1.obj (.rodata.str1.8751964444192423158.1)
                  7010b906    00000002                                                       : soc_rcm.obj (.rodata.gCR5ClkSrcInfoMap)
                  7010b908    00000008                                                       : soc_rcm.obj (.rodata.gXTALInfo)
                  7010b910    00000008     nortos.am263px.r5f.ti-arm-clang.debug.lib : DebugP_shmLogWriter.obj (.rodata.str1.11364348920754194803.1)
                  7010b918    00000008     drivers.am263px.r5f.ti-arm-clang.nortos.debug.lib : soc.obj (.rodata.str1.14910504016491482532.1)
                  7010b920    00000007                                                       : soc.obj (.rodata.str1.12179086363571468349.1)
                  7010b927    00000007                                                       : soc.obj (.rodata.str1.12254199422641571827.1)
                  7010b92e    00000007                                                       : soc.obj (.rodata.str1.15593236263752157262.1)
                  7010b935    00000007                                                       : soc.obj (.rodata.str1.17262473269405332311.1)
                  7010b93c    00000007                                                       : soc.obj (.rodata.str1.17795343983633703126.1)
                  7010b943    00000006                                                       : soc_rcm.obj (.rodata.str1.12246138248821672736.1)
                  7010b949    00000005     nortos.am263px.r5f.ti-arm-clang.debug.lib : printf.obj (.rodata.str1.8544352122861784523.1)
                  7010b94e    00000005                                               : printf.obj (.rodata.str1.8812429412984920041.1)
                  7010b953    00000001     --HOLE-- [fill = 0]
                  7010b954    00000004                                               : CacheP_armv7r.obj (.rodata.gCacheL1pCacheLineSize)
                  7010b958    00000004                                               : printf.obj (.rodata.str1.13278797451342649413.1)
                  7010b95c    00000004                                               : printf.obj (.rodata.str1.17155598869870286803.1)
                  7010b960    00000003     main.o (.rodata.str1.17100691992556644108.1)
                  7010b963    00000005     --HOLE-- [fill = 0]

.bss       0    7010b968    00000b30     UNINITIALIZED
                  7010b968    0000080c     (.common:gHwiCtrl)
                  7010c174    00000004     nortos.am263px.r5f.ti-arm-clang.debug.lib : HwiP_armv7r_vim.obj (.bss.gdummy)
                  7010c178    000001b0     ti_drivers_config.o (.bss.gUartObjects)
                  7010c328    000000b8     (.common:gIpcNotifyCtrl)
                  7010c3e0    0000007a     nortos.am263px.r5f.ti-arm-clang.debug.lib : DebugP_shmLogWriter.obj (.bss.DebugP_shmLogWriterPutChar.lineBuf)
                  7010c45a    00000002     --HOLE--
                  7010c45c    00000004     (.common:gTimerBaseAddr)
                  7010c460    00000020     (.common:gClockCtrl)
                  7010c480    00000010     (.common:virtToPhymap)
                  7010c490    00000004     (.common:gTimerHwiObj)
                  7010c494    00000004     (.common:gUartHandle)

.sysmem    0    7010c498    00000000     UNINITIALIZED

.stack     0    7010c498    00004000     UNINITIALIZED
                  7010c498    00000004     nortos.am263px.r5f.ti-arm-clang.debug.lib : boot_armv7r_asm.obj (.stack)
                  7010c49c    00003ffc     --HOLE--

.text.hwi 
*          0    701104a0    00000e50     
                  701104a0    000006c0     nortos.am263px.r5f.ti-arm-clang.debug.lib : HwiP_armv7r_vim.obj (.text.hwi)
                  70110b60    0000059a                                               : HwiP_armv7r_handlers_nortos.obj (.text.hwi)
                  701110fa    00000002     --HOLE-- [fill = 0]
                  701110fc    0000017c                                               : HwiP_armv7r_handlers_nortos_asm.obj (.text.hwi)
                  70111278    00000070                                               : HwiP_armv7r_asm.obj (.text.hwi)
                  701112e8    00000008     --HOLE-- [fill = 0]

.text.cache 
*          0    701112f0    000004a0     
                  701112f0    00000340     nortos.am263px.r5f.ti-arm-clang.debug.lib : CacheP_armv7r_asm.obj (.text.cache)
                  70111630    00000158                                               : CacheP_armv7r.obj (.text.cache)
                  70111788    00000008     --HOLE-- [fill = 0]

.text.mpu 
*          0    70111790    000003c0     
                  70111790    00000340     nortos.am263px.r5f.ti-arm-clang.debug.lib : MpuP_armv7r.obj (.text.mpu)
                  70111ad0    00000078                                               : MpuP_armv7r_asm.obj (.text.mpu)
                  70111b48    00000008     --HOLE-- [fill = 0]

.text.boot 
*          0    70111b50    000001c0     
                  70111b50    00000144     nortos.am263px.r5f.ti-arm-clang.debug.lib : boot_armv7r_asm.obj (.text.boot)
                  70111c94    0000000c     --HOLE-- [fill = 0]
                  70111ca0    00000024                                               : DebugP_log.obj (.text.boot)
                  70111cc4    0000000c     --HOLE-- [fill = 0]
                  70111cd0    00000024                                               : boot_armv7r.obj (.text.boot)
                  70111cf4    0000000c     --HOLE-- [fill = 0]
                  70111d00    0000000c     ti_dpl_config.o (.text.boot)
                  70111d0c    00000004     --HOLE-- [fill = 0]

.text:abort 
*          0    70111d10    00000008     
                  70111d10    00000008     libc.a : exit.c.obj (.text:abort)

.data      0    70111d18    00000280     
                  70111d18    00000100     drivers.am263px.r5f.ti-arm-clang.nortos.debug.lib : ipc_notify_v1_cfg.obj (.data.gIpcNotifyMailboxConfig)
                  70111e18    00000058     ti_drivers_open_close.o (.data.gUartParams)
                  70111e70    00000018     drivers.am263px.r5f.ti-arm-clang.nortos.debug.lib : soc.obj (.data.SOC_getCoreName.coreIdNames)
                  70111e88    00000018     ti_dpl_config.o (.data.gClockConfig)
                  70111ea0    00000018     drivers.am263px.r5f.ti-arm-clang.nortos.debug.lib : ipc_notify_v1_cfg.obj (.data.gIpcNotifyInterruptConfig_r5fss1_1)
                  70111eb8    00000018     ti_pinmux_config.o (.data.gPinMuxMainDomainCfg)
                  70111ed0    00000018     ti_power_clock_config.o (.data.gSocModulesClockFrequency)
                  70111ee8    00000014     drivers.am263px.r5f.ti-arm-clang.nortos.debug.lib : uart_v0.obj (.data.gUartDrvObj)
                  70111efc    00000014     dispatcher_timer.o (.data.g_stats)
                  70111f10    00000010     drivers.am263px.r5f.ti-arm-clang.nortos.debug.lib : ipc_notify_v1_cfg.obj (.data.gIpcNotifyCoreIntrBitPos)
                  70111f20    0000000c     nortos.am263px.r5f.ti-arm-clang.debug.lib : AddrTranslateP_32bit.obj (.data.gAddrTranslateConfig)
                  70111f2c    00000008     ti_power_clock_config.o (.data.gSocModules)
                  70111f34    00000008     ti_drivers_config.o (.data.gUartAttrs)
                  70111f3c    00000008     ti_drivers_config.o (.data.gUartConfig)
                  70111f44    00000004     nortos.am263px.r5f.ti-arm-clang.debug.lib : DebugP_shmLogWriter.obj (.data.DebugP_shmLogWriterPutChar.lineBufIndex)
                  70111f48    00000008     main.o (.data.g_cycle_count)
                  70111f50    00000008     nortos.am263px.r5f.ti-arm-clang.debug.lib : PmuP_armv7r.obj (.data.pmu)
                  70111f58    00000004                                               : DebugP_log.obj (.data.gDebugLogZone)
                  70111f5c    00000004                                               : DebugP_shmLogWriter.obj (.data.gDebugShmLogWriter)
                  70111f60    00000004                                               : DebugP_shmLogWriter.obj (.data.gDebugShmLogWriterSelfCoreName)
                  70111f64    00000004     ti_drivers_open_close.o (.data.gEdmaConfigNum)
                  70111f68    00000004     ti_dpl_config.o (.data.gHwiConfig)
                  70111f6c    00000004     drivers.am263px.r5f.ti-arm-clang.nortos.debug.lib : ipc_notify_v1_cfg.obj (.data.gIpcNotifyInterruptConfigNum_r5fss1_1)
                  70111f70    00000004     timer.o (.data.gTimerIsrCounter)
                  70111f74    00000004     ti_drivers_config.o (.data.gUartConfigNum)
                  70111f78    00000004     ti_drivers_open_close.o (.data.gUartDmaChConfig)
                  70111f7c    00000004     dispatcher_timer.o (.data.g_disp_timer_isr_count)
                  70111f80    00000004     main.o (.data.g_heartbeat_count)
                  70111f84    00000004     main.o (.data.g_ipc_event_count)
                  70111f88    00000004     dispatcher_timer.o (.data.g_tick_count)
                  70111f8c    00000004     dispatcher_timer.o (.data.g_user_callback)
                  70111f90    00000001     nortos.am263px.r5f.ti-arm-clang.debug.lib : DebugP_shmLogWriter.obj (.data.gDebugShmLogWriterPreludeEnabled)
                  70111f91    00000001     timer.o (.data.gTimerIsrFlag)
                  70111f92    00000001     dispatcher_timer.o (.data.g_callback_in_progress)
                  70111f93    00000001     main.o (.data.g_commands_ready)
                  70111f94    00000001     main.o (.data.g_timer_expired)
                  70111f95    00000001     dispatcher_timer.o (.data.g_timer_state)
                  70111f96    00000001     drivers.am263px.r5f.ti-arm-clang.nortos.debug.lib : soc.obj (.data.isMapAvailable)
                  70111f97    00000001     --HOLE-- [fill = 0]

.irqstack 
*          0    70111f98    00000100     UNINITIALIZED
                  70111f98    00000100     --HOLE--

.fiqstack 
*          0    70112098    00000100     UNINITIALIZED
                  70112098    00000100     --HOLE--

.svcstack 
*          0    70112198    00001000     UNINITIALIZED
                  70112198    00001000     --HOLE--

.abortstack 
*          0    70113198    00000100     UNINITIALIZED
                  70113198    00000100     --HOLE--

.undefinedstack 
*          0    70113298    00000100     UNINITIALIZED
                  70113298    00000100     --HOLE--

.init_array 
*          0    70100000    00000000     UNINITIALIZED

.bss.user_shared_mem 
*          0    70200000    000042e4     NOLOAD SECTION
                  70200000    000042e4     gateway_shared.o (.bss.user_shared_mem)

.bss.log_shared_mem 
*          0    70208000    00002000     NOLOAD SECTION
                  70208000    00002000     ti_dpl_config.o (.bss.log_shared_mem)

MODULE SUMMARY

       Module                                code    ro data   rw data
       ------                                ----    -------   -------
    .\
       gateway_shared.o                      582     427       17124  
       main.o                                998     1125      18     
[...]
7010c498  __stack                              
7010549c  __udivmoddi4                         
70111b74  _c_int00                             
70111b50  _c_int00_sbl                         
UNDEFED   _system_post_cinit                   
70111cd1  _system_pre_init                     
00000000  _vectors                             
70111d10  abort                                
ffffffff  binit                                
70108ad1  disp_timer_init                      
70107ab1  disp_timer_isr_callback              
70108951  disp_timer_start                     
7010aa98  gADPLLJConfigTbl                     
70111f20  gAddrTranslateConfig                 
7010b906  gCR5ClkSrcInfoMap                    
7010a9c0  gCacheConfig                         
7010aa44  gCacheL1dCacheLineSize               
7010b954  gCacheL1pCacheLineSize               
70111e88  gClockConfig                         
7010c460  gClockCtrl                           
70111f58  gDebugLogZone                        
70208000  gDebugShmLog                         
70111d18  gEdmaConfig                          
70111f64  gEdmaConfigNum                       
70200000  gGatewaySharedMem                    
70111f68  gHwiConfig                           
7010b968  gHwiCtrl                             
70111f10  gIpcNotifyCoreIntrBitPos             
7010c328  gIpcNotifyCtrl                       
70111f6c  gIpcNotifyInterruptConfigNum_r5fss1_1
70111ea0  gIpcNotifyInterruptConfig_r5fss1_1   
70111d18  gIpcNotifyMailboxConfig              
7010a9c8  gMpuConfig                           
7010a9d4  gMpuRegionConfig                     
7010b5b4  gPeripheralClkSrcInfoMap             
70111f2c  gSocModules                          
70111ed0  gSocModulesClockFrequency            
7010c45c  gTimerBaseAddr                       
7010c490  gTimerHwiObj                         
70111f70  gTimerIsrCounter                     
70111f91  gTimerIsrFlag                        
70111f3c  gUartConfig                          
70111f74  gUartConfigNum                       
70111f78  gUartDmaChConfig                     
70111d18  gUartDmaHandle                       
7010c494  gUartHandle                          
70111e18  gUartParams                          
7010b908  gXTALInfo                            
70111f7c  g_disp_timer_isr_count               
70109931  gateway_core1_init                   
701076c1  gateway_core1_ipc_callback           
701070e1  gateway_core1_wait_for_ready         
70108021  gateway_ringbuf_core1_init           
70109971  gateway_update_heartbeat             
70111f96  isMapAvailable                       
70108d71  main                                 
7010a771  putchar_                             
70109b31  snprintf_                            
7010a481  timerISR                             
7010c480  virtToPhymap                         
7010a071  vprintf_                             


GLOBAL SYMBOLS: SORTED BY Symbol Address 

address   name                                 
-------   ----                                 
00000000  __TI_ATRegion0_region_sz             
00000000  __TI_ATRegion0_src_addr              
00000000  __TI_ATRegion0_trg_addr              
00000000  __TI_ATRegion1_region_sz             
00000000  __TI_ATRegion1_src_addr              
00000000  __TI_ATRegion1_trg_addr              
00000000  __TI_ATRegion2_region_sz             
00000000  __TI_ATRegion2_src_addr              
00000000  __TI_ATRegion2_trg_addr              
00000000  __TI_static_base__                   
00000000  _vectors                             
00000100  __ABORT_STACK_SIZE                   
00000100  __FIQ_STACK_SIZE                     
00000100  __IRQ_STACK_SIZE                     
00000100  __UNDEFINED_STACK_SIZE               
00001000  __SVC_STACK_SIZE                     
00004000  __STACK_SIZE                         
70100a34  __aeabi_memclr                       
70100a34  __aeabi_memclr4                      
70100a34  __aeabi_memclr8                      
701010b8  C$$EXIT                              
701010b8  HOSTexit                             
701010c1  SOC_rcmEnablePeripheralClock         
701016f8  __aeabi_ldiv0                        
701016fc  __aeabi_memcpy                       
701016fc  __aeabi_memcpy4                      
701016fc  __aeabi_memcpy8                      
70101ce4  CSL_armR5ReadMpidrReg                
701021a1  UART_open                            
701025a1  IpcNotify_init                       
70102981  SOC_virtToPhy                        
701035f1  UART_lld_dmaDeInit                   
70103821  IpcNotify_isr                        
70103c41  TimerP_setupPriv                     
70103e21  UART_lld_dmaWrite                    
70103fd1  UART_close                           
70104181  UART_lld_controllerIsr               
70104321  EDMA_unregisterIntr                  
70104491  SOC_controlModuleUnlockMMR           
701045f1  UART_lld_initDma                     
70104751  DebugP_shmLogWriterPutChar           
70104b21  ClockP_init                          
70104c61  UART_procLineStatusErr               
70104da1  EDMA_registerIntr                    
70104ee1  UART_lld_init                        
70105011  SOC_controlModuleLockMMR             
70105141  SOC_rcmGetPeripheralClockFrequency   
70105261  DebugP_shmLogWriterPutLine           
70105381  UART_lld_dmaRead                     
7010549c  __udivmoddi4                         
70105a31  IpcNotify_sendMsg                    
70105c51  SemaphoreP_pend                      
70105f41  EDMA_freeChannelRegion               
70106031  EDMA_freeParam                       
70106121  EDMA_freeDmaChannel                  
70106201  EDMA_freeTcc                         
701063c1  UART_intrEnable                      
701064a1  UART_intrDisable                     
70106581  AddrTranslateP_getLocalAddr          
70106651  EDMA_disableChInShadowRegRegion      
70106721  EDMA_enableChInShadowRegRegion       
701067f1  EDMA_mapChToEvtQ                     
701068c1  EDMA_configureChannelRegion          
70106a41  UART_flushTxFifo                     
70106bc1  ClockP_timerTickIsr                  
70106c81  TimerP_init                          
70106d41  ClockP_stop                          
70106e01  IpcNotify_waitSync                   
70106ec1  CycleCounterP_init                   
70106ee1  CycleCounterP_reset                  
70106f31  CycleCounterP_nsToTicks              
70106f71  CycleCounterP_enableUserAccess       
70106f81  SOC_rcmSetPeripheralClock            
70107031  UART_init                            
701070e1  gateway_core1_wait_for_ready         
70107241  ClockP_destruct                      
701072f1  Drivers_uartOpen                     
70107441  IpcNotify_registerClient             
70107581  ClockP_getTimeUsec                   
70107621  EDMA_unmapChToEvtQ                   
701076c1  gateway_core1_ipc_callback           
70107751  EDMA_disableTransferRegion           
701077e1  EDMA_enableTransferRegion            
70107991  UART_lld_flushTxFifo                 
70107ab1  disp_timer_isr_callback              
70107b41  EDMA_allocDmaChannel                 
70107bd1  EDMA_allocParam                      
70107c61  EDMA_allocTcc                        
70107e11  IpcNotify_syncAll                    
70107fa1  _DebugP_assert                       
70108021  gateway_ringbuf_core1_init           
70108121  UART_Params_init                     
701081a1  EDMA_linkChannel                     
70108221  System_init                          
70108321  ClockP_usleep                        
701083a1  EDMA_clrMissEvtRegion                
70108511  EDMA_getBaseAddr                     
701085f1  SOC_rcmGetR5Clock                    
70108661  SOC_rcmIsR5FInLockStepMode           
70108741  UART_lld_deInitDma                   
70108821  SemaphoreP_post                      
70108891  UART_getChar                         
70108951  disp_timer_start                     
701089b1  Module_clockSetFrequency             
70108a11  UART_lld_deInit                      
70108ad1  disp_timer_init                      
70108c51  Dpl_init                             
70108cb1  EDMA_setPaRAM                        
70108d71  main                                 
70108dc4  __TI_auto_init_nobinit_nopinit       
70108e21  Drivers_uartClose                    
70108e71  Pinmux_config                        
70108ec1  UART_checkCharsAvailInFifo           
70108f11  DebugP_shmLogWriterInit              
70108f61  EDMA_clrEvtRegion                    
70108fb1  EDMA_disableDmaEvtRegion             
70109001  EDMA_disableEvtIntrRegion            
70109051  EDMA_enableDmaEvtRegion              
701090a1  EDMA_enableEvtIntrRegion             
701090f1  EDMA_setEvtRegion                    
70109141  ClockP_construct                     
70109191  EDMA_ccPaRAMEntry_init               
701091e1  EDMA_mapQdmaChToPaRAM                
70109231  EDMA_readEventStatusRegion           
70109281  IpcNotify_unregisterClient           
701092d1  Module_clockEnable                   
70109371  IpcNotify_Params_init                
70109411  UART_getIntrIdentityStatus           
70109551  UART_readLineStatus                  
70109691  SemaphoreP_construct                 
701096e1  _DebugP_logZone                      
701097d1  ClockP_start                         
701098f1  UART_spaceAvail                      
70109931  gateway_core1_init                   
70109971  gateway_update_heartbeat             
70109a31  UART_IsTxRxFifoEmpty                 
70109ab1  SOC_moduleSetClockFrequency          
70109b31  snprintf_                            
70109b71  SOC_getCoreName                      
70109ba8  CycleCounterP_getCount32             
70109bb0  PmuP_setup                           
70109bb8  PmuP_enableCounters                  
70109bc0  PmuP_disableCounters                 
70109bc8  PmuP_getOverflowStatus               
70109bd0  PmuP_clearOverflowStatus             
70109bd8  PmuP_setUserEnable                   
70109be1  EDMA_getRegionId                     
70109c21  IpcNotify_syncCallback               
70109ca1  TimerP_Params_initPriv               
70109da1  TimerP_getCountPriv                  
70109ec1  UART_lld_dmaInit                     
70109f21  DebugP_logZoneEnable                 
70109f81  SemaphoreP_constructBinary           
70109fe1  UART_intr2Disable                    
7010a011  UART_operatingModeSelect             
7010a041  CSL_armR5GetCpuID                    
7010a071  vprintf_                             
7010a0a1  EDMA_disableQdmaEvtRegion            
7010a0d1  EDMA_enableQdmaEvtRegion             
7010a131  IpcNotify_allocSwQueue               
7010a191  IpcNotify_getConfig                  
7010a1c1  SemaphoreP_constructMutex            
7010a274  __aeabi_uldivmod                     
7010a2d1  EDMA_channelToParamMap               
7010a301  ClockP_isActive                      
7010a321  ClockP_usecToTicks                   
7010a361  ClockP_Params_init                   
7010a381  EDMA_getEventStatusHigh              
7010a3a1  SOC_getSelfCpuClk                    
7010a3c1  SOC_moduleClockEnable                
7010a3e1  TimerP_isr0                          
7010a421  UART_lld_Transaction_deInit          
7010a441  EDMA_getEventStatus                  
7010a481  timerISR                             
7010a49c  TI_memcpy_small                      
7010a501  ClockP_ticksToUsec                   
7010a521  EDMA_isInterruptEnabled              
7010a561  IpcNotify_trigInterrupt              
7010a581  SemaphoreP_Params_init               
7010a5a1  TimerP_getReloadCountPriv            
7010a601  UART_putChar                         
7010a618  TI_memset_small                      
7010a631  IpcNotify_sendSync                   
7010a651  TimerP_startPriv                     
7010a671  TimerP_stopPriv                      
7010a731  TimerP_clearOverflowIntPriv          
7010a751  TimerP_setup                         
7010a771  putchar_                             
7010a791  Pinmux_init                          
7010a7d1  ClockP_getTimerCount                 
7010a7e1  ClockP_timerClearOverflowInt         
7010a841  TimerP_Params_init                   
7010a851  TimerP_clearOverflowInt              
7010a861  TimerP_getCount                      
7010a871  TimerP_getReloadCount                
7010a881  TimerP_start                         
7010a8a1  Board_driversOpen                    
7010a8b1  ClockP_getTicks                      
7010a8c1  PowerClock_init                      
7010a931  Drivers_open                         
7010a941  Drivers_uartInit                     
7010a971  SemaphoreP_destruct                  
7010a981  Board_driversClose                   
7010a991  Board_init                           
7010a9a1  IpcNotify_wait                       
7010a9b1  TaskP_yield                          
7010a9c0  gCacheConfig                         
7010a9c8  gMpuConfig                           
7010a9d4  gMpuRegionConfig                     
7010aa44  gCacheL1dCacheLineSize               
7010aa98  gADPLLJConfigTbl                     
7010b5b4  gPeripheralClkSrcInfoMap             
7010b906  gCR5ClkSrcInfoMap                    
7010b908  gXTALInfo                            
7010b954  gCacheL1pCacheLineSize               
7010b968  __BSS_START                          
7010b968  gHwiCtrl                             
7010c328  gIpcNotifyCtrl                       
7010c45c  gTimerBaseAddr                       
7010c460  gClockCtrl                           
7010c480  virtToPhymap                         
7010c490  gTimerHwiObj                         
7010c494  gUartHandle                          
7010c498  __BSS_END                            
7010c498  __stack                              
70110498  __STACK_END                          
701104a1  HwiP_enableInt                       
701104e1  HwiP_disableInt                      
70110541  HwiP_restoreInt                      
70110571  HwiP_clearInt                        
701105b1  HwiP_post                            
701105f1  HwiP_Params_init                     
70110621  HwiP_construct                       
70110811  HwiP_destruct                        
70110881  HwiP_init                            
70110a31  HwiP_inISR                           
70110a61  HwiP_setVimIrqPriMaskNonAtomic       
70110ab1  HwiP_setVimIrqPriMaskAtomic          
70110b51  HwiP_restoreVimIrqPriMask            
70110b61  HwiP_irq_handler_c                   
70110d01  HwiP_fiq_handler                     
70110e61  HwiP_reserved_handler                
70110ea1  HwiP_undefined_handler_c             
70110ec1  HwiP_user_undefined_handler_c        
70110ee1  HwiP_svc_handler                     
70110f21  HwiP_prefetch_abort_handler_c        
70110fc1  HwiP_user_prefetch_abort_handler_c   
70111001  HwiP_data_abort_handler_c            
701110c1  HwiP_user_data_abort_handler_c       
701110fc  HwiP_irq_handler                     
70111170  HwiP_data_abort_handler              
701111b4  HwiP_prefetch_abort_handler          
70111200  HwiP_undefined_handler               
70111230  GET_DFSR                             
70111238  GET_ADFSR                            
70111240  GET_DFAR                             
70111248  GET_IFSR                             
70111250  GET_AIFSR                            
70111258  GET_IFAR                             
70111260  GET_SPSR                             
70111278  HwiP_disable                         
70111288  HwiP_disableFIQ                      
70111298  HwiP_enable                          
701112a8  HwiP_enableFIQ                       
701112b8  HwiP_restore                         
701112c0  HwiP_enableVIC                       
701112d0  HwiP_disableVIC                      
701112e0  HwiP_getCPSR                         
701112f0  CacheP_disableL1d                    
70111318  CacheP_disableL1p                    
70111330  CacheP_enableL1d                     
70111348  CacheP_enableL1p                     
70111360  CacheP_invL1d                        
70111398  CacheP_invL1p                        
701113d4  CacheP_invL1dAll                     
701113dc  CacheP_invL1pAll                     
701113e4  CacheP_wb                            
70111420  CacheP_wbInv                         
7011145c  CacheP_wbAll                         
70111504  CacheP_wbInvAll                      
7011151c  CacheP_wbInvAllAsm                   
701115bc  CacheP_getEnabled                    
701115f4  CacheP_getCacheLevelInfo             
70111600  CacheP_configForceWrThru             
70111620  CacheP_setDLFO                       
70111631  CacheP_init                          
701116c1  CacheP_disable                       
70111711  CacheP_enable                        
70111751  CacheP_inv                           
70111791  MpuP_getAttrs                        
701117f1  MpuP_RegionAttrs_init                
70111821  MpuP_setRegion                       
701118b1  MpuP_isEnable                        
701118c1  MpuP_disable                         
70111901  MpuP_enable                          
70111951  MpuP_init                            
701119f1  MpuP_isUserAuthorizedToAccessMemory  
70111ad0  MpuP_disableAsm                      
70111ae8  MpuP_disableBRAsm                    
70111af8  MpuP_enableAsm                       
70111b10  MpuP_enableBRAsm                     
70111b20  MpuP_isEnableAsm                     
70111b34  MpuP_setRegionAsm                    
70111b50  _c_int00_sbl                         
70111b74  _c_int00                             
70111ca1  _DebugP_assertNoLog                  
70111cd1  _system_pre_init                     
70111d01  __mpu_init                           
70111d10  abort                                
70111d18  gEdmaConfig                          
70111d18  gIpcNotifyMailboxConfig              
70111d18  gUartDmaHandle                       
70111e18  gUartParams                          
70111e88  gClockConfig                         
70111ea0  gIpcNotifyInterruptConfig_r5fss1_1   
70111ed0  gSocModulesClockFrequency            
70111f10  gIpcNotifyCoreIntrBitPos             
70111f20  gAddrTranslateConfig                 
70111f2c  gSocModules                          
70111f3c  gUartConfig                          
70111f58  gDebugLogZone                        
70111f64  gEdmaConfigNum                       
70111f68  gHwiConfig                           
70111f6c  gIpcNotifyInterruptConfigNum_r5fss1_1
70111f70  gTimerIsrCounter                     
70111f74  gUartConfigNum                       
70111f78  gUartDmaChConfig                     
70111f7c  g_disp_timer_isr_count               
70111f91  gTimerIsrFlag                        
70111f96  isMapAvailable                       
70111f98  __IRQ_STACK_START                    
70112098  __FIQ_STACK_START                    
70112098  __IRQ_STACK_END                      
70112198  __FIQ_STACK_END                      
70112198  __SVC_STACK_START                    
70113198  __ABORT_STACK_START                  
70113198  __SVC_STACK_END                      
70113298  __ABORT_STACK_END                    
70113298  __UNDEFINED_STACK_START              
70113398  __UNDEFINED_STACK_END                
70200000  gGatewaySharedMem                    
70208000  gDebugShmLog                         
ffffffff  __TI_pprof_out_hndl                  
ffffffff  __TI_prof_data_size                  
ffffffff  __TI_prof_data_start                 
ffffffff  __binit__                            
ffffffff  binit                                
UNDEFED   __TI_CINIT_Base                      
UNDEFED   __TI_CINIT_Limit                     
UNDEFED   __TI_Handler_Table_Base              
UNDEFED   __TI_Handler_Table_Limit             
UNDEFED   _system_post_cinit                   

[352 symbols]
