******************************************************************************
            TI ARM Clang Linker PC v4.0.4                      
******************************************************************************
>> Linked Thu Mar 26 14:38:25 2026

OUTPUT FILE NAME:   <ccu_ti_multi_core_realtime.out>
ENTRY POINT SYMBOL: "_vectors"  address: 00000000


MEMORY CONFIGURATION

         name            origin    length      used     unused   attr    fill
----------------------  --------  ---------  --------  --------  ----  --------
  R5F_VECS              00000000   00000040  00000040  00000000  RWIX
  R5F_TCMA              00000040   00007fc0  00000000  00007fc0  RWIX
  R5F_TCMB              00080000   00008000  00000000  00008000  RWIX
  MAILBOX_HSM           44000000   000003ce  00000000  000003ce  RWIX
  MAILBOX_R5F           44000400   000003ce  00000000  000003ce  RWIX
  FLASH                 60180000   00080000  00000000  00080000  RWIX
  OCRAM                 70040000   00040000  00014780  0002b880  RWIX
  USER_SHM_MEM          701d0000   00008000  000042e4  00003d1c  RWIX
  LOG_SHM_MEM           701d8000   00004000  00002000  00002000  RWIX
  RTOS_NORTOS_IPC_SHM_M 72000000   00003e80  00000000  00003e80  RWIX


SEGMENT ALLOCATION MAP

run origin  load origin   length   init length attrs members
----------  ----------- ---------- ----------- ----- -------
00000000    00000000    00000040   00000040    r-x
  00000000    00000000    00000040   00000040    r-x .vectors
70040000    70040000    0000cc18   0000cc18    r-x
  70040000    70040000    0000b7b0   0000b7b0    r-x .text
  7004b7b0    7004b7b0    00001468   00001468    r-- .rodata
7004cc18    7004cc18    00004c38   00000000    rw-
  7004cc18    7004cc18    00000c38   00000000    rw- .bss
  7004d850    7004d850    00004000   00000000    rw- .stack
70051850    70051850    00001878   00001878    r-x
  70051850    70051850    00000e50   00000e50    r-x .text.hwi
  700526a0    700526a0    000004a0   000004a0    r-x .text.cache
  70052b40    70052b40    000003c0   000003c0    r-x .text.mpu
  70052f00    70052f00    000001c0   000001c0    r-x .text.boot
  700530c0    700530c0    00000008   00000008    r-x .text:abort
700530c8    700530c8    000016b8   000002b8    rw-
  700530c8    700530c8    000002b8   000002b8    rw- .data
  70053380    70053380    00000100   00000000    rw- .irqstack
  70053480    70053480    00000100   00000000    rw- .fiqstack
  70053580    70053580    00001000   00000000    rw- .svcstack
  70054580    70054580    00000100   00000000    rw- .abortstack
  70054680    70054680    00000100   00000000    rw- .undefinedstack


SECTION ALLOCATION MAP

 output                                  attributes/
section   page    origin      length       input sections
--------  ----  ----------  ----------   ----------------
.vectors   0    00000000    00000040     
                  00000000    00000040     nortos.am263px.r5f.ti-arm-clang.debug.lib : HwiP_armv7r_vectors_nortos_asm.obj (.vectors)

.text      0    70040000    0000b7b0     
                  70040000    00000a34     nortos.am263px.r5f.ti-arm-clang.debug.lib : printf.obj (.text._vsnprintf)
                  70040a34    0000000c     libclang_rt.builtins.a : aeabi_memset.S.obj (.text.__aeabi_memclr)
                  70040a40    00000678     drivers.am263px.r5f.ti-arm-clang.nortos.debug.lib : soc_rcm.obj (.text.SOC_rcmGetClkSrcAndDivReg)
                  700410b8    00000008     libsysbm.a : hostexit.c.obj (.text.HOSTexit)
                  700410c0    00000638     drivers.am263px.r5f.ti-arm-clang.nortos.debug.lib : soc_rcm.obj (.text.SOC_rcmEnablePeripheralClock)
                  700416f8    00000004     libclang_rt.builtins.a : aeabi_div0.c.obj (.text.__aeabi_ldiv0)
                  700416fc    00000004                            : aeabi_memcpy.S.obj (.text.__aeabi_memcpy)
                  70041700    000005e2     nortos.am263px.r5f.ti-arm-clang.debug.lib : printf.obj (.text._ftoa)
                  70041ce2    00000002     --HOLE-- [fill = 0]
                  70041ce4    0000000c                                               : CpuId_armv7r_asm.obj (.text)
                  70041cf0    000004b0                                               : printf.obj (.text._etoa)
                  700421a0    00000400     drivers.am263px.r5f.ti-arm-clang.nortos.debug.lib : uart_v0.obj (.text.UART_open)
                  700425a0    000003dc                                                       : ipc_notify_v1.obj (.text.IpcNotify_init)
                  7004297c    00000004     --HOLE-- [fill = 0]
                  70042980    00000302                                                       : soc.obj (.text.SOC_virtToPhy)
                  70042c82    0000000e     --HOLE-- [fill = 0]
                  70042c90    000002ec     main.o (.text.main_loop)
                  70042f7c    00000004     --HOLE-- [fill = 0]
                  70042f80    0000027e     drivers.am263px.r5f.ti-arm-clang.nortos.debug.lib : uart_dma_edma.obj (.text.UART_edmaChInit)
                  700431fe    00000002     --HOLE-- [fill = 0]
                  70043200    00000250                                                       : edma.obj (.text.Alloc_resource)
                  70043450    00000242                                                       : uart_v0_lld.obj (.text.UART_fifoConfig)
                  70043692    0000000e     --HOLE-- [fill = 0]
                  700436a0    0000023e     nortos.am263px.r5f.ti-arm-clang.debug.lib : printf.obj (.text._ntoa_format)
                  700438de    00000002     --HOLE-- [fill = 0]
                  700438e0    00000226     drivers.am263px.r5f.ti-arm-clang.nortos.debug.lib : uart_dma_edma.obj (.text.UART_lld_dmaDeInit)
                  70043b06    0000000a     --HOLE-- [fill = 0]
                  70043b10    00000222                                                       : ipc_notify_v1.obj (.text.IpcNotify_isr)
                  70043d32    0000000e     --HOLE-- [fill = 0]
                  70043d40    000001e8     main.o (.text.core1_init)
                  70043f28    00000008     --HOLE-- [fill = 0]
                  70043f30    000001d6     nortos.am263px.r5f.ti-arm-clang.debug.lib : TimerP_rti_priv.obj (.text.TimerP_setupPriv)
                  70044106    0000000a     --HOLE-- [fill = 0]
                  70044110    000001aa     drivers.am263px.r5f.ti-arm-clang.nortos.debug.lib : uart_dma_edma.obj (.text.UART_lld_dmaWrite)
                  700442ba    00000006     --HOLE-- [fill = 0]
                  700442c0    000001a8                                                       : uart_v0.obj (.text.UART_close)
                  70044468    00000008     --HOLE-- [fill = 0]
                  70044470    00000198                                                       : uart_v0_lld.obj (.text.UART_lld_controllerIsr)
                  70044608    00000008     --HOLE-- [fill = 0]
                  70044610    00000186                                                       : mcan.obj (.text.MCAN_readMsg)
                  70044796    0000000a     --HOLE-- [fill = 0]
                  700447a0    0000017e     can_interface.o (.text.can_rx_isr)
                  7004491e    00000002     --HOLE-- [fill = 0]
                  70044920    00000162     drivers.am263px.r5f.ti-arm-clang.nortos.debug.lib : edma.obj (.text.EDMA_unregisterIntr)
                  70044a82    0000000e     --HOLE-- [fill = 0]
                  70044a90    00000158                                                       : soc.obj (.text.SOC_controlModuleUnlockMMR)
                  70044be8    00000008     --HOLE-- [fill = 0]
                  70044bf0    00000152                                                       : uart_v0_lld.obj (.text.UART_lld_initDma)
                  70044d42    0000000e     --HOLE-- [fill = 0]
                  70044d50    00000150     nortos.am263px.r5f.ti-arm-clang.debug.lib : DebugP_shmLogWriter.obj (.text.DebugP_shmLogWriterPutChar)
                  70044ea0    0000013a     drivers.am263px.r5f.ti-arm-clang.nortos.debug.lib : edma.obj (.text.EDMA_isDmaChannelAllocated)
                  70044fda    00000006     --HOLE-- [fill = 0]
                  70044fe0    0000013a     main.o (.text.ipc_notify_callback_fxn)
                  7004511a    00000006     --HOLE-- [fill = 0]
                  70045120    00000138     drivers.am263px.r5f.ti-arm-clang.nortos.debug.lib : mcan.obj (.text.MCAN_readMsgRam)
                  70045258    00000008     --HOLE-- [fill = 0]
                  70045260    00000138     nortos.am263px.r5f.ti-arm-clang.debug.lib : printf.obj (.text._ntoa_long_long)
                  70045398    00000008     --HOLE-- [fill = 0]
                  700453a0    00000136                                               : ClockP_nortos_r5.obj (.text.ClockP_init)
                  700454d6    0000000a     --HOLE-- [fill = 0]
                  700454e0    00000136     drivers.am263px.r5f.ti-arm-clang.nortos.debug.lib : uart_v0_lld.obj (.text.UART_procLineStatusErr)
                  70045616    0000000a     --HOLE-- [fill = 0]
                  70045620    00000134                                                       : edma.obj (.text.EDMA_registerIntr)
                  70045754    0000000c     --HOLE-- [fill = 0]
                  70045760    0000012c                                                       : uart_v0_lld.obj (.text.UART_lld_init)
                  7004588c    00000004     --HOLE-- [fill = 0]
                  70045890    00000126                                                       : soc.obj (.text.SOC_controlModuleLockMMR)
                  700459b6    0000000a     --HOLE-- [fill = 0]
                  700459c0    00000120                                                       : soc_rcm.obj (.text.SOC_rcmGetPeripheralClockFrequency)
                  70045ae0    0000011c     nortos.am263px.r5f.ti-arm-clang.debug.lib : DebugP_shmLogWriter.obj (.text.DebugP_shmLogWriterPutLine)
                  70045bfc    00000004     --HOLE-- [fill = 0]
                  70045c00    0000011c     drivers.am263px.r5f.ti-arm-clang.nortos.debug.lib : uart_dma_edma.obj (.text.UART_lld_dmaRead)
                  70045d1c    00000118     libclang_rt.builtins.a : udivmoddi4.S.obj (.text)
                  70045e34    0000000c     --HOLE-- [fill = 0]
                  70045e40    00000116     drivers.am263px.r5f.ti-arm-clang.nortos.debug.lib : edma.obj (.text.EDMA_isTccAllocated)
                  70045f56    0000000a     --HOLE-- [fill = 0]
                  70045f60    00000116                                                       : uart_v0_lld.obj (.text.UART_divisorLatchWrite)
                  70046076    0000000a     --HOLE-- [fill = 0]
                  70046080    00000114     nortos.am263px.r5f.ti-arm-clang.debug.lib : printf.obj (.text._ntoa_long)
                  70046194    0000000c     --HOLE-- [fill = 0]
                  700461a0    0000010e     drivers.am263px.r5f.ti-arm-clang.nortos.debug.lib : soc_rcm.obj (.text.SOC_rcmADPLLJGetFOut)
                  700462ae    00000002     --HOLE-- [fill = 0]
                  700462b0    0000010a                                                       : ipc_notify_v1.obj (.text.IpcNotify_sendMsg)
                  700463ba    00000006     --HOLE-- [fill = 0]
                  700463c0    00000104                                                       : uart_v0_lld.obj (.text.UART_configInstance)
                  700464c4    0000000c     --HOLE-- [fill = 0]
                  700464d0    00000104     gateway_shared.o (.text.gateway_ringbuf_write)
                  700465d4    0000000c     --HOLE-- [fill = 0]
                  700465e0    00000102     nortos.am263px.r5f.ti-arm-clang.debug.lib : SemaphoreP_nortos.obj (.text.SemaphoreP_pend)
                  700466e2    0000000e     --HOLE-- [fill = 0]
                  700466f0    00000102     gateway_shared.o (.text.gateway_ringbuf_read)
                  700467f2    0000000e     --HOLE-- [fill = 0]
                  70046800    000000f0     can_interface.o (.text.CAN_StartRxInterrupts)
                  700468f0    000000e6     drivers.am263px.r5f.ti-arm-clang.nortos.debug.lib : soc_rcm.obj (.text.SOC_rcmGetCoreFout)
                  700469d6    0000000a     --HOLE-- [fill = 0]
                  700469e0    000000e6                                                       : soc_rcm.obj (.text.SOC_rcmGetPerFout)
                  70046ac6    0000000a     --HOLE-- [fill = 0]
                  70046ad0    000000e4                                                       : edma.obj (.text.EDMA_freeChannelRegion)
                  70046bb4    0000000c     --HOLE-- [fill = 0]
                  70046bc0    000000e2                                                       : edma.obj (.text.EDMA_freeParam)
                  70046ca2    0000000e     --HOLE-- [fill = 0]
                  70046cb0    000000e0                                                       : edma.obj (.text.EDMA_freeDmaChannel)
                  70046d90    000000e0                                                       : edma.obj (.text.EDMA_freeTcc)
                  70046e70    000000de                                                       : uart_v0_lld.obj (.text.UART_intrEnable)
                  70046f4e    00000002     --HOLE-- [fill = 0]
                  70046f50    000000da                                                       : uart_v0_lld.obj (.text.UART_intrDisable)
                  7004702a    00000006     --HOLE-- [fill = 0]
                  70047030    000000d0     nortos.am263px.r5f.ti-arm-clang.debug.lib : AddrTranslateP_32bit.obj (.text.AddrTranslateP_getLocalAddr)
                  70047100    000000ce     drivers.am263px.r5f.ti-arm-clang.nortos.debug.lib : edma.obj (.text.EDMA_disableChInShadowRegRegion)
                  700471ce    00000002     --HOLE-- [fill = 0]
                  700471d0    000000cc                                                       : edma.obj (.text.EDMA_enableChInShadowRegRegion)
                  7004729c    00000004     --HOLE-- [fill = 0]
                  700472a0    000000c4                                                       : edma.obj (.text.EDMA_mapChToEvtQ)
                  70047364    0000000c     --HOLE-- [fill = 0]
                  70047370    000000c0                                                       : edma.obj (.text.EDMA_configureChannelRegion)
                  70047430    000000c0                                                       : soc_rcm.obj (.text.SOC_rcmGetPerHSDivOut)
                  700474f0    000000c0                                                       : uart_v0.obj (.text.UART_flushTxFifo)
                  700475b0    000000c0     nortos.am263px.r5f.ti-arm-clang.debug.lib : printf.obj (.text._out_rev)
                  70047670    000000be                                               : ClockP_nortos.obj (.text.ClockP_timerTickIsr)
                  7004772e    00000002     --HOLE-- [fill = 0]
                  70047730    000000be     ti_dpl_config.o (.text.TimerP_init)
                  700477ee    00000002     --HOLE-- [fill = 0]
                  700477f0    000000ba     nortos.am263px.r5f.ti-arm-clang.debug.lib : ClockP_nortos.obj (.text.ClockP_stop)
                  700478aa    00000006     --HOLE-- [fill = 0]
                  700478b0    000000ba     drivers.am263px.r5f.ti-arm-clang.nortos.debug.lib : ipc_notify_v1.obj (.text.IpcNotify_waitSync)
                  7004796a    00000006     --HOLE-- [fill = 0]
                  70047970    000000ba     nortos.am263px.r5f.ti-arm-clang.debug.lib : PmuP_armv7r.obj (.text.pmu)
                  70047a2a    00000006     --HOLE-- [fill = 0]
                  70047a30    000000b0     drivers.am263px.r5f.ti-arm-clang.nortos.debug.lib : soc_rcm.obj (.text.SOC_rcmSetPeripheralClock)
                  70047ae0    000000b0                                                       : uart_v0.obj (.text.UART_init)
                  70047b90    000000ae                                                       : mcan.obj (.text.MCAN_getOffsetAddr)
                  70047c3e    00000002     --HOLE-- [fill = 0]
                  70047c40    000000ac     gateway_shared.o (.text.gateway_core1_wait_for_ready)
                  70047cec    00000004     --HOLE-- [fill = 0]
                  70047cf0    000000a8     nortos.am263px.r5f.ti-arm-clang.debug.lib : ClockP_nortos.obj (.text.ClockP_addToList)
                  70047d98    00000008     --HOLE-- [fill = 0]
                  70047da0    000000a8                                               : ClockP_nortos.obj (.text.ClockP_destruct)
                  70047e48    00000008     --HOLE-- [fill = 0]
                  70047e50    000000a8     ti_drivers_open_close.o (.text.Drivers_uartOpen)
                  70047ef8    00000008     --HOLE-- [fill = 0]
                  70047f00    000000a0     drivers.am263px.r5f.ti-arm-clang.nortos.debug.lib : soc_rcm.obj (.text.SOC_rcmGetCoreHSDivOut)
                  70047fa0    00000098                                                       : ipc_notify_v1.obj (.text.IpcNotify_registerClient)
                  70048038    00000008     --HOLE-- [fill = 0]
                  70048040    00000096                                                       : uart_v0_lld.obj (.text.UART_subConfigTCRTLRModeEn)
                  700480d6    0000000a     --HOLE-- [fill = 0]
                  700480e0    00000092     nortos.am263px.r5f.ti-arm-clang.debug.lib : ClockP_nortos.obj (.text.ClockP_getTimeUsec)
                  70048172    0000000e     --HOLE-- [fill = 0]
                  70048180    00000092     drivers.am263px.r5f.ti-arm-clang.nortos.debug.lib : edma.obj (.text.EDMA_unmapChToEvtQ)
                  70048212    0000000e     --HOLE-- [fill = 0]
                  70048220    0000008e     gateway_shared.o (.text.gateway_core1_ipc_callback)
                  700482ae    00000002     --HOLE-- [fill = 0]
                  700482b0    0000008c     drivers.am263px.r5f.ti-arm-clang.nortos.debug.lib : edma.obj (.text.EDMA_disableTransferRegion)
                  7004833c    00000004     --HOLE-- [fill = 0]
                  70048340    0000008c                                                       : edma.obj (.text.EDMA_enableTransferRegion)
                  700483cc    00000004     --HOLE-- [fill = 0]
                  700483d0    00000088                                                       : uart_dma_edma.obj (.text.UART_edmaIsrRx)
                  70048458    00000008     --HOLE-- [fill = 0]
                  70048460    00000088                                                       : uart_dma_edma.obj (.text.UART_edmaIsrTx)
                  700484e8    00000008     --HOLE-- [fill = 0]
                  700484f0    00000086                                                       : uart_v0_lld.obj (.text.UART_lld_flushTxFifo)
                  70048576    0000000a     --HOLE-- [fill = 0]
                  70048580    00000086                                                       : uart_v0_lld.obj (.text.UART_tcrTlrBitValRestore)
                  70048606    0000000a     --HOLE-- [fill = 0]
                  70048610    00000084     dispatcher_timer.o (.text.disp_timer_isr_callback)
                  70048694    0000000c     --HOLE-- [fill = 0]
                  700486a0    00000082     drivers.am263px.r5f.ti-arm-clang.nortos.debug.lib : edma.obj (.text.EDMA_allocDmaChannel)
                  70048722    0000000e     --HOLE-- [fill = 0]
                  70048730    00000082                                                       : edma.obj (.text.EDMA_allocParam)
                  700487b2    0000000e     --HOLE-- [fill = 0]
                  700487c0    00000082                                                       : edma.obj (.text.EDMA_allocTcc)
                  70048842    0000000e     --HOLE-- [fill = 0]
                  70048850    00000082                                                       : edma.obj (.text.EDMA_disableTccInShadowRegRegion)
                  700488d2    0000000e     --HOLE-- [fill = 0]
                  700488e0    00000082                                                       : edma.obj (.text.EDMA_enableTccInShadowRegRegion)
                  70048962    0000000e     --HOLE-- [fill = 0]
                  70048970    00000082                                                       : ipc_notify_v1.obj (.text.IpcNotify_syncAll)
                  700489f2    0000000e     --HOLE-- [fill = 0]
                  70048a00    00000080                                                       : uart_v0_lld.obj (.text.UART_moduleReset)
                  70048a80    0000007e     ti_drivers_config.o (.text.System_init)
                  70048afe    00000002     --HOLE-- [fill = 0]
                  70048b00    0000007e     drivers.am263px.r5f.ti-arm-clang.nortos.debug.lib : uart_v0_lld.obj (.text.UART_readData)
                  70048b7e    00000002     --HOLE-- [fill = 0]
                  70048b80    0000007c     nortos.am263px.r5f.ti-arm-clang.debug.lib : DebugP_log.obj (.text._DebugP_assert)
                  70048bfc    00000004     --HOLE-- [fill = 0]
                  70048c00    0000007c     gateway_shared.o (.text.gateway_ringbuf_core1_init)
                  70048c7c    00000004     --HOLE-- [fill = 0]
                  70048c80    0000007a     drivers.am263px.r5f.ti-arm-clang.nortos.debug.lib : ipc_notify_v1.obj (.text.IpcNotify_mailboxWrite)
                  70048cfa    00000006     --HOLE-- [fill = 0]
                  70048d00    0000007a                                                       : uart_v0.obj (.text.UART_Params_init)
                  70048d7a    00000006     --HOLE-- [fill = 0]
                  70048d80    00000078                                                       : edma.obj (.text.EDMA_linkChannel)
                  70048df8    00000008     --HOLE-- [fill = 0]
                  70048e00    00000074                                                       : uart_v0_lld.obj (.text.UART_IsBaseAddrValid)
                  70048e74    0000000c     --HOLE-- [fill = 0]
                  70048e80    00000072     nortos.am263px.r5f.ti-arm-clang.debug.lib : ClockP_nortos.obj (.text.ClockP_usleep)
                  70048ef2    0000000e     --HOLE-- [fill = 0]
                  70048f00    00000072     drivers.am263px.r5f.ti-arm-clang.nortos.debug.lib : edma.obj (.text.EDMA_clrMissEvtRegion)
                  70048f72    0000000e     --HOLE-- [fill = 0]
                  70048f80    00000072                                                       : ipc_notify_v1.obj (.text.IpcNotify_makeMsg)
                  70048ff2    0000000e     --HOLE-- [fill = 0]
                  70049000    0000006c     gateway_shared.o (.text.gateway_ringbuf_read_test_core1)
                  7004906c    00000004     --HOLE-- [fill = 0]
                  70049070    0000006a     drivers.am263px.r5f.ti-arm-clang.nortos.debug.lib : ipc_notify_v1.obj (.text.IpcNotify_mailboxReadSwQ)
                  700490da    00000006     --HOLE-- [fill = 0]
                  700490e0    00000068                                                       : edma.obj (.text.EDMA_getBaseAddr)
                  70049148    00000008     --HOLE-- [fill = 0]
                  70049150    00000068                                                       : uart_v0_lld.obj (.text.UART_divisorValCompute)
                  700491b8    00000008     --HOLE-- [fill = 0]
                  700491c0    00000064                                                       : soc_rcm.obj (.text.SOC_rcmGetR5Clock)
                  70049224    0000000c     --HOLE-- [fill = 0]
                  70049230    00000064                                                       : soc_rcm.obj (.text.SOC_rcmIsR5FInLockStepMode)
                  70049294    0000000c     --HOLE-- [fill = 0]
                  700492a0    00000064                                                       : uart_v0_lld.obj (.text.UART_fifoRegisterWrite)
                  70049304    0000000c     --HOLE-- [fill = 0]
                  70049310    00000064                                                       : uart_v0_lld.obj (.text.UART_lld_deInitDma)
                  70049374    0000000c     --HOLE-- [fill = 0]
                  70049380    00000062                                                       : soc_rcm.obj (.text.SOC_rcmInsert16)
                  700493e2    0000000e     --HOLE-- [fill = 0]
                  700493f0    00000062     nortos.am263px.r5f.ti-arm-clang.debug.lib : SemaphoreP_nortos.obj (.text.SemaphoreP_post)
                  70049452    0000000e     --HOLE-- [fill = 0]
                  70049460    00000060     drivers.am263px.r5f.ti-arm-clang.nortos.debug.lib : uart_v0_lld.obj (.text.UART_getChar)
                  700494c0    00000060                                                       : uart_v0_lld.obj (.text.UART_writeData)
                  70049520    00000060     dispatcher_timer.o (.text.disp_timer_start)
                  70049580    0000005c     ti_power_clock_config.o (.text.Module_clockSetFrequency)
                  700495dc    00000004     --HOLE-- [fill = 0]
                  700495e0    0000005c     drivers.am263px.r5f.ti-arm-clang.nortos.debug.lib : uart_v0_lld.obj (.text.UART_lld_deInit)
                  7004963c    00000004     --HOLE-- [fill = 0]
                  70049640    0000005a                                                       : uart_v0_lld.obj (.text.UART_regConfigModeEnable)
                  7004969a    00000006     --HOLE-- [fill = 0]
                  700496a0    0000005a     dispatcher_timer.o (.text.disp_timer_init)
                  700496fa    00000006     --HOLE-- [fill = 0]
                  70049700    00000058     ti_drivers_config.o (.text.IpcNotify_allocSwQueue)
                  70049758    00000008     --HOLE-- [fill = 0]
                  70049760    00000058     drivers.am263px.r5f.ti-arm-clang.nortos.debug.lib : soc_rcm.obj (.text.SOC_rcmGetModuleClkDivVal)
                  700497b8    00000008     --HOLE-- [fill = 0]
                  700497c0    00000058     gateway_shared.o (.text.gateway_ringbuf_write_test_core1)
                  70049818    00000008     --HOLE-- [fill = 0]
                  70049820    00000056     drivers.am263px.r5f.ti-arm-clang.nortos.debug.lib : uart_v0.obj (.text.UART_lld_readCompleteCallback)
                  70049876    0000000a     --HOLE-- [fill = 0]
                  70049880    00000056                                                       : uart_v0.obj (.text.UART_lld_writeCompleteCallback)
                  700498d6    0000000a     --HOLE-- [fill = 0]
                  700498e0    00000054     ti_dpl_config.o (.text.Dpl_init)
                  70049934    0000000c     --HOLE-- [fill = 0]
                  70049940    00000054     drivers.am263px.r5f.ti-arm-clang.nortos.debug.lib : edma.obj (.text.EDMA_setPaRAM)
                  70049994    0000000c     --HOLE-- [fill = 0]
                  700499a0    00000054                                                       : uart_v0_lld.obj (.text.UART_OperModeValid)
                  700499f4    0000000c     --HOLE-- [fill = 0]
                  70049a00    00000054     main.o (.text.main)
                  70049a54    00000054     libc.a : autoinit.c.obj (.text:__TI_auto_init_nobinit_nopinit)
                  70049aa8    00000008     --HOLE-- [fill = 0]
                  70049ab0    00000050     ti_drivers_open_close.o (.text.Drivers_uartClose)
                  70049b00    00000050     drivers.am263px.r5f.ti-arm-clang.nortos.debug.lib : pinmux.obj (.text.Pinmux_config)
                  70049b50    00000050                                                       : uart_v0_lld.obj (.text.UART_checkCharsAvailInFifo)
                  70049ba0    0000004e     nortos.am263px.r5f.ti-arm-clang.debug.lib : DebugP_shmLogWriter.obj (.text.DebugP_shmLogWriterInit)
                  70049bee    00000002     --HOLE-- [fill = 0]
                  70049bf0    0000004e     drivers.am263px.r5f.ti-arm-clang.nortos.debug.lib : edma.obj (.text.EDMA_clrEvtRegion)
                  70049c3e    00000002     --HOLE-- [fill = 0]
                  70049c40    0000004e                                                       : edma.obj (.text.EDMA_disableDmaEvtRegion)
                  70049c8e    00000002     --HOLE-- [fill = 0]
                  70049c90    0000004e                                                       : edma.obj (.text.EDMA_disableEvtIntrRegion)
                  70049cde    00000002     --HOLE-- [fill = 0]
                  70049ce0    0000004e                                                       : edma.obj (.text.EDMA_enableDmaEvtRegion)
                  70049d2e    00000002     --HOLE-- [fill = 0]
                  70049d30    0000004e                                                       : edma.obj (.text.EDMA_enableEvtIntrRegion)
                  70049d7e    00000002     --HOLE-- [fill = 0]
                  70049d80    0000004e                                                       : edma.obj (.text.EDMA_setEvtRegion)
                  70049dce    00000002     --HOLE-- [fill = 0]
                  70049dd0    0000004c     nortos.am263px.r5f.ti-arm-clang.debug.lib : ClockP_nortos.obj (.text.ClockP_construct)
                  70049e1c    00000004     --HOLE-- [fill = 0]
                  70049e20    0000004c     drivers.am263px.r5f.ti-arm-clang.nortos.debug.lib : edma.obj (.text.EDMA_ccPaRAMEntry_init)
                  70049e6c    00000004     --HOLE-- [fill = 0]
                  70049e70    0000004c                                                       : edma.obj (.text.EDMA_mapQdmaChToPaRAM)
                  70049ebc    00000004     --HOLE-- [fill = 0]
                  70049ec0    0000004c                                                       : edma.obj (.text.EDMA_readEventStatusRegion)
                  70049f0c    00000004     --HOLE-- [fill = 0]
                  70049f10    0000004c                                                       : ipc_notify_v1.obj (.text.IpcNotify_unregisterClient)
                  70049f5c    00000004     --HOLE-- [fill = 0]
                  70049f60    0000004c     ti_power_clock_config.o (.text.Module_clockEnable)
                  70049fac    00000004     --HOLE-- [fill = 0]
                  70049fb0    0000004a     drivers.am263px.r5f.ti-arm-clang.nortos.debug.lib : ipc_notify_v1.obj (.text.IpcNotify_Params_init)
                  70049ffa    00000006     --HOLE-- [fill = 0]
                  7004a000    0000004a                                                       : soc_rcm.obj (.text.SOC_rcmGetCR5SysclkInFrequency)
                  7004a04a    00000006     --HOLE-- [fill = 0]
                  7004a050    0000004a                                                       : uart_v0_lld.obj (.text.UART_getIntrIdentityStatus)
                  7004a09a    00000006     --HOLE-- [fill = 0]
                  7004a0a0    0000004a                                                       : uart_v0_lld.obj (.text.UART_lineCharConfig)
                  7004a0ea    00000006     --HOLE-- [fill = 0]
                  7004a0f0    00000048                                                       : uart_v0_lld.obj (.text.UART_resetModule)
                  7004a138    00000008     --HOLE-- [fill = 0]
                  7004a140    00000046                                                       : uart_v0_lld.obj (.text.UART_i2310WA)
                  7004a186    0000000a     --HOLE-- [fill = 0]
                  7004a190    00000046                                                       : uart_v0_lld.obj (.text.UART_readLineStatus)
                  7004a1d6    0000000a     --HOLE-- [fill = 0]
                  7004a1e0    00000044                                                       : ipc_notify_v1.obj (.text.IpcNotify_getWriteMailbox)
                  7004a224    0000000c     --HOLE-- [fill = 0]
                  7004a230    00000044                                                       : soc_rcm.obj (.text.SOC_rcmExtract8)
                  7004a274    0000000c     --HOLE-- [fill = 0]
                  7004a280    00000044                                                       : soc_rcm.obj (.text.SOC_rcmMake16)
                  7004a2c4    0000000c     --HOLE-- [fill = 0]
                  7004a2d0    00000044     nortos.am263px.r5f.ti-arm-clang.debug.lib : SemaphoreP_nortos.obj (.text.SemaphoreP_construct)
                  7004a314    0000000c     --HOLE-- [fill = 0]
                  7004a320    00000044                                               : DebugP_nortos.obj (.text._DebugP_logZone)
                  7004a364    0000000c     --HOLE-- [fill = 0]
                  7004a370    00000044                                               : printf.obj (.text._strnlen_s)
                  7004a3b4    0000000c     --HOLE-- [fill = 0]
                  7004a3c0    00000044     main.o (.text.timer_isr)
                  7004a404    0000000c     --HOLE-- [fill = 0]
                  7004a410    00000042     nortos.am263px.r5f.ti-arm-clang.debug.lib : ClockP_nortos.obj (.text.ClockP_start)
                  7004a452    0000000e     --HOLE-- [fill = 0]
                  7004a460    00000042     drivers.am263px.r5f.ti-arm-clang.nortos.debug.lib : uart_v0.obj (.text.UART_checkOpenParams)
                  7004a4a2    0000000e     --HOLE-- [fill = 0]
                  7004a4b0    0000003e                                                       : pinmux.obj (.text.Pinmux_unlockMMR)
                  7004a4ee    00000002     --HOLE-- [fill = 0]
                  7004a4f0    0000003e                                                       : uart_v0_lld.obj (.text.UART_IsHWFlowCtrlValid)
                  7004a52e    00000002     --HOLE-- [fill = 0]
                  7004a530    0000003e                                                       : uart_v0_lld.obj (.text.UART_spaceAvail)
                  7004a56e    00000002     --HOLE-- [fill = 0]
                  7004a570    0000003e     gateway_shared.o (.text.gateway_core1_init)
                  7004a5ae    00000002     --HOLE-- [fill = 0]
                  7004a5b0    0000003e     gateway_shared.o (.text.gateway_update_heartbeat)
                  7004a5ee    00000002     --HOLE-- [fill = 0]
                  7004a5f0    0000003e     main.o (.text.init_1000hz_timer)
                  7004a62e    00000002     --HOLE-- [fill = 0]
                  7004a630    0000003c     drivers.am263px.r5f.ti-arm-clang.nortos.debug.lib : uart_v0_lld.obj (.text.UART_IsParityTypeValid)
                  7004a66c    00000004     --HOLE-- [fill = 0]
                  7004a670    0000003c                                                       : uart_v0_lld.obj (.text.UART_IsTxRxFifoEmpty)
                  7004a6ac    00000004     --HOLE-- [fill = 0]
                  7004a6b0    0000003c                                                       : uart_v0_lld.obj (.text.UART_enhanFuncEnable)
                  7004a6ec    00000004     --HOLE-- [fill = 0]
                  7004a6f0    0000003c     gateway_shared.o (.text.test_calc_checksum)
                  7004a72c    00000004     --HOLE-- [fill = 0]
                  7004a730    0000003a     drivers.am263px.r5f.ti-arm-clang.nortos.debug.lib : soc.obj (.text.SOC_moduleSetClockFrequency)
                  7004a76a    00000006     --HOLE-- [fill = 0]
                  7004a770    0000003a     nortos.am263px.r5f.ti-arm-clang.debug.lib : printf.obj (.text._atoi)
                  7004a7aa    00000006     --HOLE-- [fill = 0]
                  7004a7b0    0000003a                                               : printf.obj (.text.snprintf_)
                  7004a7ea    00000006     --HOLE-- [fill = 0]
                  7004a7f0    00000038     drivers.am263px.r5f.ti-arm-clang.nortos.debug.lib : soc.obj (.text.SOC_getCoreName)
                  7004a828    00000038     nortos.am263px.r5f.ti-arm-clang.debug.lib : PmuP_armv7r_asm.obj (.text.pmu)
                  7004a860    00000036     drivers.am263px.r5f.ti-arm-clang.nortos.debug.lib : edma.obj (.text.EDMA_getRegionId)
                  7004a896    0000000a     --HOLE-- [fill = 0]
                  7004a8a0    00000036                                                       : ipc_notify_v1.obj (.text.IpcNotify_syncCallback)
                  7004a8d6    0000000a     --HOLE-- [fill = 0]
                  7004a8e0    00000034                                                       : mcan.obj (.text.MCAN_calcCfgAddr)
                  7004a914    0000000c     --HOLE-- [fill = 0]
                  7004a920    00000034                                                       : pinmux.obj (.text.Pinmux_lockMMR)
                  7004a954    0000000c     --HOLE-- [fill = 0]
                  7004a960    00000034     nortos.am263px.r5f.ti-arm-clang.debug.lib : TimerP_rti_priv.obj (.text.TimerP_Params_initPriv)
                  7004a994    0000000c     --HOLE-- [fill = 0]
                  7004a9a0    00000034     drivers.am263px.r5f.ti-arm-clang.nortos.debug.lib : uart_v0_lld.obj (.text.UART_IsDataLengthValid)
                  7004a9d4    0000000c     --HOLE-- [fill = 0]
                  7004a9e0    00000032                                                       : uart_v0_lld.obj (.text.HW_WR_FIELD32_RAW)
                  7004aa12    0000000e     --HOLE-- [fill = 0]
                  7004aa20    00000032                                                       : ipc_notify_v1.obj (.text.IpcNotify_mailboxIsPendingIntr)
                  7004aa52    0000000e     --HOLE-- [fill = 0]
                  7004aa60    00000032     nortos.am263px.r5f.ti-arm-clang.debug.lib : TimerP_rti_priv.obj (.text.TimerP_getCountPriv)
                  7004aa92    0000000e     --HOLE-- [fill = 0]
                  7004aaa0    00000032     drivers.am263px.r5f.ti-arm-clang.nortos.debug.lib : uart_v0_lld.obj (.text.UART_enhanFuncBitValRestore)
                  7004aad2    0000000e     --HOLE-- [fill = 0]
                  7004aae0    00000032                                                       : uart_v0_lld.obj (.text.UART_hardwareFlowCtrlOptSet)
                  7004ab12    0000000e     --HOLE-- [fill = 0]
                  7004ab20    00000030                                                       : ipc_notify_v1.obj (.text.IpcNotify_getReadSwQ)
                  7004ab50    00000030                                                       : uart_v0_lld.obj (.text.UART_flowCtrlTrigLvlConfig)
                  7004ab80    0000002e                                                       : uart_dma_edma.obj (.text.UART_lld_dmaInit)
                  7004abae    00000002     --HOLE-- [fill = 0]
                  7004abb0    0000002e     nortos.am263px.r5f.ti-arm-clang.debug.lib : printf.obj (.text._is_digit)
                  7004abde    00000002     --HOLE-- [fill = 0]
                  7004abe0    0000002c                                               : DebugP_log.obj (.text.DebugP_logZoneEnable)
                  7004ac0c    00000004     --HOLE-- [fill = 0]
                  7004ac10    0000002c     drivers.am263px.r5f.ti-arm-clang.nortos.debug.lib : ipc_notify_v1.obj (.text.IpcNotify_getReadMailbox)
                  7004ac3c    00000004     --HOLE-- [fill = 0]
                  7004ac40    0000002c                                                       : mcan.obj (.text.MCAN_clearNewDataStatus)
                  7004ac6c    00000004     --HOLE-- [fill = 0]
                  7004ac70    0000002c                                                       : mcan.obj (.text.MCAN_getNewDataStatus)
                  7004ac9c    00000004     --HOLE-- [fill = 0]
                  7004aca0    0000002c     nortos.am263px.r5f.ti-arm-clang.debug.lib : SemaphoreP_nortos.obj (.text.SemaphoreP_constructBinary)
                  7004accc    00000004     --HOLE-- [fill = 0]
                  7004acd0    0000002a                                               : ClockP_nortos.obj (.text.ClockP_sleepTicks)
                  7004acfa    00000006     --HOLE-- [fill = 0]
                  7004ad00    0000002a     drivers.am263px.r5f.ti-arm-clang.nortos.debug.lib : uart_v0_lld.obj (.text.UART_intr2Disable)
                  7004ad2a    00000006     --HOLE-- [fill = 0]
                  7004ad30    0000002a                                                       : uart_v0_lld.obj (.text.UART_operatingModeSelect)
                  7004ad5a    00000006     --HOLE-- [fill = 0]
                  7004ad60    00000028     nortos.am263px.r5f.ti-arm-clang.debug.lib : CpuId_armv7r.obj (.text.CSL_armR5GetCpuID)
                  7004ad88    00000008     --HOLE-- [fill = 0]
                  7004ad90    00000028                                               : printf.obj (.text.vprintf_)
                  7004adb8    00000008     --HOLE-- [fill = 0]
                  7004adc0    00000026     drivers.am263px.r5f.ti-arm-clang.nortos.debug.lib : edma.obj (.text.EDMA_disableQdmaEvtRegion)
                  7004ade6    0000000a     --HOLE-- [fill = 0]
                  7004adf0    00000026                                                       : edma.obj (.text.EDMA_enableQdmaEvtRegion)
                  7004ae16    0000000a     --HOLE-- [fill = 0]
                  7004ae20    00000026                                                       : edma.obj (.text.EDMA_validateIntrObject)
                  7004ae46    0000000a     --HOLE-- [fill = 0]
                  7004ae50    00000026     nortos.am263px.r5f.ti-arm-clang.debug.lib : printf.obj (.text._out_buffer)
                  7004ae76    0000000a     --HOLE-- [fill = 0]
                  7004ae80    00000024     ti_drivers_config.o (.text.IpcNotify_getConfig)
                  7004aea4    0000000c     --HOLE-- [fill = 0]
                  7004aeb0    00000024     nortos.am263px.r5f.ti-arm-clang.debug.lib : SemaphoreP_nortos.obj (.text.SemaphoreP_constructMutex)
                  7004aed4    0000000c     --HOLE-- [fill = 0]
                  7004aee0    00000024     drivers.am263px.r5f.ti-arm-clang.nortos.debug.lib : uart_v0_lld.obj (.text.UART_IsRxTrigLvlValid)
                  7004af04    0000000c     --HOLE-- [fill = 0]
                  7004af10    00000024                                                       : uart_v0_lld.obj (.text.UART_IsStopBitsValid)
                  7004af34    0000000c     --HOLE-- [fill = 0]
                  7004af40    00000024                                                       : uart_v0_lld.obj (.text.UART_IsTxTrigLvlValid)
                  7004af64    00000024     libclang_rt.builtins.a : aeabi_uldivmod.S.obj (.text.__aeabi_uldivmod)
                  7004af88    00000008     --HOLE-- [fill = 0]
                  7004af90    00000024     nortos.am263px.r5f.ti-arm-clang.debug.lib : printf.obj (.text._out_char)
                  7004afb4    0000000c     --HOLE-- [fill = 0]
                  7004afc0    00000024     gateway_shared.o (.text.gateway_ringbuf_core1_send)
                  7004afe4    0000000c     --HOLE-- [fill = 0]
                  7004aff0    00000022     drivers.am263px.r5f.ti-arm-clang.nortos.debug.lib : edma.obj (.text.EDMA_channelToParamMap)
                  7004b012    0000000e     --HOLE-- [fill = 0]
                  7004b020    00000022     gateway_shared.o (.text.gateway_ringbuf_core1_receive)
                  7004b042    0000000e     --HOLE-- [fill = 0]
                  7004b050    00000020     nortos.am263px.r5f.ti-arm-clang.debug.lib : ClockP_nortos.obj (.text.ClockP_isActive)
                  7004b070    00000020                                               : ClockP_nortos.obj (.text.ClockP_usecToTicks)
                  7004b090    00000020     drivers.am263px.r5f.ti-arm-clang.nortos.debug.lib : mcan.obj (.text.HW_RD_FIELD32_RAW)
                  7004b0b0    00000020                                                       : uart_v0_lld.obj (.text.HW_RD_FIELD32_RAW)
                  7004b0d0    0000001e     nortos.am263px.r5f.ti-arm-clang.debug.lib : ClockP_nortos.obj (.text.ClockP_Params_init)
                  7004b0ee    00000002     --HOLE-- [fill = 0]
                  7004b0f0    0000001e     drivers.am263px.r5f.ti-arm-clang.nortos.debug.lib : edma.obj (.text.EDMA_getEventStatusHigh)
                  7004b10e    00000002     --HOLE-- [fill = 0]
                  7004b110    0000001e                                                       : soc.obj (.text.SOC_getSelfCpuClk)
                  7004b12e    00000002     --HOLE-- [fill = 0]
                  7004b130    0000001e                                                       : soc.obj (.text.SOC_moduleClockEnable)
                  7004b14e    00000002     --HOLE-- [fill = 0]
                  7004b150    0000001e     ti_dpl_config.o (.text.TimerP_isr0)
                  7004b16e    00000002     --HOLE-- [fill = 0]
                  7004b170    0000001e     drivers.am263px.r5f.ti-arm-clang.nortos.debug.lib : uart_v0_lld.obj (.text.UART_breakCtl)
                  7004b18e    00000002     --HOLE-- [fill = 0]
                  7004b190    0000001e                                                       : uart_v0_lld.obj (.text.UART_lld_Transaction_deInit)
                  7004b1ae    00000002     --HOLE-- [fill = 0]
                  7004b1b0    0000001c                                                       : edma.obj (.text.EDMA_getEventStatus)
                  7004b1cc    00000004     --HOLE-- [fill = 0]
                  7004b1d0    0000001c                                                       : uart_v0_lld.obj (.text.UART_IsParameter)
                  7004b1ec    00000004     --HOLE-- [fill = 0]
                  7004b1f0    0000001c     timer.o (.text.timerISR)
                  7004b20c    0000001c     libc.a : memcpy32.S.obj (.text:TI_memcpy_small)
                  7004b228    00000008     --HOLE-- [fill = 0]
                  7004b230    0000001a     drivers.am263px.r5f.ti-arm-clang.nortos.debug.lib : mcan.obj (.text.MCAN_clearIntrStatus)
                  7004b24a    00000006     --HOLE-- [fill = 0]
                  7004b250    0000001a                                                       : uart_v0_lld.obj (.text.UART_fifoCharGet)
                  7004b26a    00000006     --HOLE-- [fill = 0]
                  7004b270    0000001a                                                       : uart_v0_lld.obj (.text.UART_timeGuardConfig)
                  7004b28a    00000006     --HOLE-- [fill = 0]
                  7004b290    00000018     nortos.am263px.r5f.ti-arm-clang.debug.lib : ClockP_nortos.obj (.text.ClockP_ticksToUsec)
                  7004b2a8    00000008     --HOLE-- [fill = 0]
                  7004b2b0    00000018     drivers.am263px.r5f.ti-arm-clang.nortos.debug.lib : edma.obj (.text.EDMA_isInterruptEnabled)
                  7004b2c8    00000008     --HOLE-- [fill = 0]
                  7004b2d0    00000018                                                       : ipc_notify_v1.obj (.text.IpcNotify_mailboxClearAllInt)
                  7004b2e8    00000008     --HOLE-- [fill = 0]
                  7004b2f0    00000018                                                       : ipc_notify_v1_cfg.obj (.text.IpcNotify_trigInterrupt)
                  7004b308    00000008     --HOLE-- [fill = 0]
                  7004b310    00000018     nortos.am263px.r5f.ti-arm-clang.debug.lib : SemaphoreP_nortos.obj (.text.SemaphoreP_Params_init)
                  7004b328    00000008     --HOLE-- [fill = 0]
                  7004b330    00000018                                               : TimerP_rti_priv.obj (.text.TimerP_getReloadCountPriv)
                  7004b348    00000008     --HOLE-- [fill = 0]
                  7004b350    00000018     drivers.am263px.r5f.ti-arm-clang.nortos.debug.lib : uart_v0_lld.obj (.text.UART_divisorLatchDisable)
                  7004b368    00000008     --HOLE-- [fill = 0]
                  7004b370    00000018                                                       : uart_v0_lld.obj (.text.UART_modemControlReset)
                  7004b388    00000008     --HOLE-- [fill = 0]
                  7004b390    00000018                                                       : uart_v0_lld.obj (.text.UART_putChar)
                  7004b3a8    00000018     libc.a : memset32.S.obj (.text:TI_memset_small)
                  7004b3c0    00000016     drivers.am263px.r5f.ti-arm-clang.nortos.debug.lib : ipc_notify_v1.obj (.text.IpcNotify_sendSync)
                  7004b3d6    0000000a     --HOLE-- [fill = 0]
                  7004b3e0    00000016                                                       : mcan.obj (.text.MCAN_getIntrStatus)
                  7004b3f6    0000000a     --HOLE-- [fill = 0]
                  7004b400    00000016     nortos.am263px.r5f.ti-arm-clang.debug.lib : TimerP_rti_priv.obj (.text.TimerP_startPriv)
                  7004b416    0000000a     --HOLE-- [fill = 0]
                  7004b420    00000016                                               : TimerP_rti_priv.obj (.text.TimerP_stopPriv)
                  7004b436    0000000a     --HOLE-- [fill = 0]
                  7004b440    00000016     drivers.am263px.r5f.ti-arm-clang.nortos.debug.lib : uart_v0_lld.obj (.text.UART_divideRoundCloset)
                  7004b456    0000000a     --HOLE-- [fill = 0]
                  7004b460    00000016                                                       : uart_v0_lld.obj (.text.UART_regConfModeRestore)
                  7004b476    0000000a     --HOLE-- [fill = 0]
                  7004b480    00000014                                                       : edma.obj (.text.HW_WR_REG16_RAW)
                  7004b494    0000000c     --HOLE-- [fill = 0]
                  7004b4a0    00000014                                                       : ipc_notify_v1.obj (.text.IpcNotify_mailboxClearPendingIntr)
                  7004b4b4    0000000c     --HOLE-- [fill = 0]
                  7004b4c0    00000014                                                       : soc_rcm.obj (.text.SOC_rcmGetModuleClkDivFromRegVal)
                  7004b4d4    0000000c     --HOLE-- [fill = 0]
                  7004b4e0    00000014     nortos.am263px.r5f.ti-arm-clang.debug.lib : TimerP_rti_priv.obj (.text.TimerP_clearOverflowIntPriv)
                  7004b4f4    0000000c     --HOLE-- [fill = 0]
                  7004b500    00000014                                               : TimerP_rti_nortos.obj (.text.TimerP_setup)
                  7004b514    0000000c     --HOLE-- [fill = 0]
                  7004b520    00000014     ti_dpl_config.o (.text.putchar_)
                  7004b534    0000000c     --HOLE-- [fill = 0]
                  7004b540    00000012     ti_pinmux_config.o (.text.Pinmux_init)
                  7004b552    0000000e     --HOLE-- [fill = 0]
                  7004b560    00000010     drivers.am263px.r5f.ti-arm-clang.nortos.debug.lib : pinmux.obj (.text.CSL_REG32_WR_RAW)
                  7004b570    00000010                                                       : soc.obj (.text.CSL_REG32_WR_RAW)
                  7004b580    00000010     nortos.am263px.r5f.ti-arm-clang.debug.lib : ClockP_nortos_r5.obj (.text.ClockP_getTimerCount)
                  7004b590    00000010                                               : ClockP_nortos_r5.obj (.text.ClockP_timerClearOverflowInt)
                  7004b5a0    00000010     drivers.am263px.r5f.ti-arm-clang.nortos.debug.lib : edma.obj (.text.HW_RD_REG32_RAW)
                  7004b5b0    00000010                                                       : mcan.obj (.text.HW_RD_REG32_RAW)
                  7004b5c0    00000010                                                       : uart_v0_lld.obj (.text.HW_RD_REG32_RAW)
                  7004b5d0    00000010                                                       : edma.obj (.text.HW_WR_REG32_RAW)
                  7004b5e0    00000010                                                       : mcan.obj (.text.HW_WR_REG32_RAW)
                  7004b5f0    00000010                                                       : uart_v0_lld.obj (.text.HW_WR_REG32_RAW)
                  7004b600    00000010                                                       : ipc_notify_v1.obj (.text.IpcNotify_mailboxGetPendingIntr)
                  7004b610    00000010     nortos.am263px.r5f.ti-arm-clang.debug.lib : TimerP_rti_nortos.obj (.text.TimerP_Params_init)
                  7004b620    00000010                                               : TimerP_rti_nortos.obj (.text.TimerP_clearOverflowInt)
                  7004b630    00000010                                               : TimerP_rti_nortos.obj (.text.TimerP_getCount)
                  7004b640    00000010                                               : TimerP_rti_nortos.obj (.text.TimerP_getReloadCount)
                  7004b650    00000010                                               : TimerP_rti_nortos.obj (.text.TimerP_start)
                  7004b660    00000010                                               : printf.obj (.text._out_null)
                  7004b670    00000010     gateway_shared.o (.text.gateway_notify_states_ready)
                  7004b680    00000010     gateway_shared.o (.text.gateway_ringbuf_core1_notify)
                  7004b690    0000000c     ti_board_open_close.o (.text.Board_driversOpen)
                  7004b69c    00000004     --HOLE-- [fill = 0]
                  7004b6a0    0000000c     nortos.am263px.r5f.ti-arm-clang.debug.lib : ClockP_nortos.obj (.text.ClockP_getTicks)
                  7004b6ac    00000004     --HOLE-- [fill = 0]
                  7004b6b0    0000000c     ti_power_clock_config.o (.text.PowerClock_init)
                  7004b6bc    00000004     --HOLE-- [fill = 0]
                  7004b6c0    0000000a     nortos.am263px.r5f.ti-arm-clang.debug.lib : HwiP_armv7r_vim.obj (.text.Hwip_dataAndInstructionBarrier)
                  7004b6ca    00000006     --HOLE-- [fill = 0]
                  7004b6d0    0000000a     drivers.am263px.r5f.ti-arm-clang.nortos.debug.lib : ipc_notify_v1.obj (.text.IpcNotify_dataAndInstructionBarrier)
                  7004b6da    00000006     --HOLE-- [fill = 0]
                  7004b6e0    0000000a                                                       : soc_rcm.obj (.text.SOC_rcmGetBaseAddressMSSRCM)
                  7004b6ea    00000006     --HOLE-- [fill = 0]
                  7004b6f0    0000000a                                                       : uart_dma_edma.obj (.text.UART_edmaDoNothing)
                  7004b6fa    00000006     --HOLE-- [fill = 0]
                  7004b700    0000000a     gateway_shared.o (.text.gateway_memory_barrier)
                  7004b70a    00000006     --HOLE-- [fill = 0]
                  7004b710    0000000a     gateway_shared.o (.text.ringbuf_get_ptr)
                  7004b71a    00000006     --HOLE-- [fill = 0]
                  7004b720    00000008     ti_drivers_open_close.o (.text.Drivers_open)
                  7004b728    00000008     --HOLE-- [fill = 0]
                  7004b730    00000008     ti_drivers_config.o (.text.Drivers_uartInit)
                  7004b738    00000008     --HOLE-- [fill = 0]
                  7004b740    00000008     drivers.am263px.r5f.ti-arm-clang.nortos.debug.lib : soc_rcm.obj (.text.SOC_rcmGetBaseAddressMSSCTRL)
                  7004b748    00000008     --HOLE-- [fill = 0]
                  7004b750    00000008                                                       : soc_rcm.obj (.text.SOC_rcmGetBaseAddressTOPRCM)
                  7004b758    00000008     --HOLE-- [fill = 0]
                  7004b760    00000008     nortos.am263px.r5f.ti-arm-clang.debug.lib : SemaphoreP_nortos.obj (.text.SemaphoreP_destruct)
                  7004b768    00000008     --HOLE-- [fill = 0]
                  7004b770    00000002     ti_board_open_close.o (.text.Board_driversClose)
                  7004b772    0000000e     --HOLE-- [fill = 0]
                  7004b780    00000002     ti_board_config.o (.text.Board_init)
                  7004b782    0000000e     --HOLE-- [fill = 0]
                  7004b790    00000002     drivers.am263px.r5f.ti-arm-clang.nortos.debug.lib : ipc_notify_v1_cfg.obj (.text.IpcNotify_wait)
                  7004b792    0000000e     --HOLE-- [fill = 0]
                  7004b7a0    00000002     nortos.am263px.r5f.ti-arm-clang.debug.lib : TaskP_nortos.obj (.text.TaskP_yield)
                  7004b7a2    0000000e     --HOLE-- [fill = 0]

.rodata    0    7004b7b0    00001468     
                  7004b7b0    00000084     ti_dpl_config.o (.rodata.cfg)
                  7004b834    00000004     nortos.am263px.r5f.ti-arm-clang.debug.lib : CacheP_armv7r.obj (.rodata.gCacheL1dCacheLineSize)
                  7004b838    00000050                                               : printf.obj (.rodata._ftoa.pow10)
                  7004b888    0000004a     main.o (.rodata.str1.7784929982665794503.1)
                  7004b8d2    0000004a     main.o (.rodata.str1.8320541211001259012.1)
                  7004b91c    00000048     drivers.am263px.r5f.ti-arm-clang.nortos.debug.lib : soc_rcm.obj (.rodata.gADPLLJConfigTbl)
                  7004b964    00000046     main.o (.rodata.str1.17045314124001216156.1)
                  7004b9aa    00000043     main.o (.rodata.str1.39260288392874984.1)
                  7004b9ed    00000043     main.o (.rodata.str1.8108965883388295311.1)
                  7004ba30    00000040     drivers.am263px.r5f.ti-arm-clang.nortos.debug.lib : mcan.obj (.rodata.gDataSize)
                  7004ba70    00000040                                                       : ipc_notify_v1.obj (.rodata.str1.10118846006578224169.1)
                  7004bab0    00000040     gateway_shared.o (.rodata.str1.1309647279537151951.1)
                  7004baf0    0000003e     main.o (.rodata.str1.403738606202455663.1)
                  7004bb2e    0000003d     nortos.am263px.r5f.ti-arm-clang.debug.lib : TimerP_rti_priv.obj (.rodata.str1.11388379688747141303.1)
                  7004bb6b    0000003d     main.o (.rodata.str1.8076846746581808073.1)
                  7004bba8    0000003c     main.o (.rodata.str1.16265332423659789559.1)
                  7004bbe4    0000003b     main.o (.rodata.str1.5043408953494467246.1)
                  7004bc1f    0000003b     gateway_shared.o (.rodata.str1.9859227269409816370.1)
                  7004bc5a    00000039     can_interface.o (.rodata.str1.17339864536769639315.1)
                  7004bc93    00000039     main.o (.rodata.str1.6554448696319176064.1)
                  7004bccc    00000038     main.o (.rodata.str1.13030671760666898970.1)
                  7004bd04    00000037     gateway_shared.o (.rodata.str1.5629998949668554045.1)
                  7004bd3b    00000035     main.o (.rodata.str1.7702501944640899365.1)
                  7004bd70    00000035     ti_drivers_open_close.o (.rodata.str1.871795152488895636.1)
                  7004bda5    00000034     main.o (.rodata.str1.14112174005742061988.1)
                  7004bdd9    00000033     can_interface.o (.rodata.str1.10186677634541030339.1)
                  7004be0c    00000032     main.o (.rodata.str1.2763581881760962609.1)
                  7004be3e    00000031     main.o (.rodata.str1.14079361385603432444.1)
                  7004be6f    00000031     gateway_shared.o (.rodata.str1.15257554646438059100.1)
                  7004bea0    00000030     main.o (.rodata.str1.11321157723316767883.1)
                  7004bed0    00000030     main.o (.rodata.str1.16302215771116645891.1)
                  7004bf00    00000030     main.o (.rodata.str1.8154729771448623357.1)
                  7004bf30    0000002f     main.o (.rodata.str1.15996357275703397564.1)
                  7004bf5f    0000002f     gateway_shared.o (.rodata.str1.3129942817937968154.1)
                  7004bf8e    0000002f     main.o (.rodata.str1.8096991282711418442.1)
                  7004bfbd    0000002f     drivers.am263px.r5f.ti-arm-clang.nortos.debug.lib : ipc_notify_v1.obj (.rodata.str1.9418228565027791152.1)
                  7004bfec    0000002e     main.o (.rodata.str1.2123964117280943167.1)
                  7004c01a    0000002e     gateway_shared.o (.rodata.str1.5327546541240122901.1)
                  7004c048    0000002e     gateway_shared.o (.rodata.str1.6121471336334202706.1)
                  7004c076    0000002d     main.o (.rodata.str1.10313062130652730376.1)
                  7004c0a3    0000002d     main.o (.rodata.str1.13782249893155712474.1)
                  7004c0d0    0000002d     dispatcher_timer.o (.rodata.str1.16909784401037802760.1)
                  7004c0fd    0000002d     can_interface.o (.rodata.str1.17855712168153945246.1)
                  7004c12a    0000002c     gateway_shared.o (.rodata.str1.7167262159681625771.1)
                  7004c156    0000002c     main.o (.rodata.str1.9059077390166914652.1)
                  7004c182    0000002b     main.o (.rodata.str1.18227636981041470289.1)
                  7004c1ad    0000002a     main.o (.rodata.str1.11870794119293528247.1)
                  7004c1d7    0000002a     nortos.am263px.r5f.ti-arm-clang.debug.lib : DebugP_log.obj (.rodata.str1.227947788441500939.1)
                  7004c201    0000002a     main.o (.rodata.str1.2846389346932560359.1)
                  7004c22b    0000002a     dispatcher_timer.o (.rodata.str1.8393228718863617781.1)
                  7004c255    00000029     main.o (.rodata.str1.14402440632258215044.1)
                  7004c27e    00000029     main.o (.rodata.str1.18092426736022315238.1)
                  7004c2a7    00000028     dispatcher_timer.o (.rodata.str1.13215161723794722244.1)
                  7004c2cf    00000028     main.o (.rodata.str1.15159059442110792349.1)
                  7004c2f7    00000027     nortos.am263px.r5f.ti-arm-clang.debug.lib : ClockP_nortos_r5.obj (.rodata.str1.12743090444791882666.1)
                  7004c31e    00000027     main.o (.rodata.str1.7996925722583989644.1)
                  7004c345    00000026     gateway_shared.o (.rodata.str1.5761821093615868877.1)
                  7004c36b    00000026     gateway_shared.o (.rodata.str1.8694082244888993162.1)
                  7004c391    00000025     main.o (.rodata.str1.2563708670032483588.1)
                  7004c3b6    00000024     main.o (.rodata.str1.14466178792657420020.1)
                  7004c3da    00000024     can_interface.o (.rodata.str1.14695538922052102695.1)
                  7004c3fe    00000024     can_interface.o (.rodata.str1.17857559882412085052.1)
                  7004c422    00000023     drivers.am263px.r5f.ti-arm-clang.nortos.debug.lib : soc_rcm.obj (.rodata.str1.2078190104202520215.1)
                  7004c445    00000023     nortos.am263px.r5f.ti-arm-clang.debug.lib : ClockP_nortos_r5.obj (.rodata.str1.7689125538912326484.1)
                  7004c468    00000022     drivers.am263px.r5f.ti-arm-clang.nortos.debug.lib : edma.obj (.rodata.str1.12976018205622752890.1)
                  7004c48a    00000021     nortos.am263px.r5f.ti-arm-clang.debug.lib : ClockP_nortos_r5.obj (.rodata.str1.8559540482768925367.1)
                  7004c4ab    00000001     --HOLE-- [fill = 0]
                  7004c4ac    00000020     drivers.am263px.r5f.ti-arm-clang.nortos.debug.lib : mcan.obj (.rodata.gMsgObjSize)
                  7004c4cc    00000020     can_interface.o (.rodata.g_mcan_base_addr)
                  7004c4ec    00000020     can_interface.o (.rodata.g_mcan_intr_num)
                  7004c50c    00000020     drivers.am263px.r5f.ti-arm-clang.nortos.debug.lib : uart_v0.obj (.rodata.str1.16594507886308206351.1)
                  7004c52c    00000020                                                       : ipc_notify_v1.obj (.rodata.str1.2046905611612007019.1)
                  7004c54c    0000001f     nortos.am263px.r5f.ti-arm-clang.debug.lib : ClockP_nortos_r5.obj (.rodata.str1.2746619892315392655.1)
                  7004c56b    0000001f     dispatcher_timer.o (.rodata.str1.5724006426700065890.1)
                  7004c58a    0000001e     drivers.am263px.r5f.ti-arm-clang.nortos.debug.lib : ipc_notify_v1.obj (.rodata.str1.16593710740832512674.1)
                  7004c5a8    0000001e                                                       : ipc_notify_v1.obj (.rodata.str1.9050127465416171240.1)
                  7004c5c6    0000001d     nortos.am263px.r5f.ti-arm-clang.debug.lib : TimerP_rti_priv.obj (.rodata.str1.1727973701797049581.1)
                  7004c5e3    0000001d                                               : TimerP_rti_priv.obj (.rodata.str1.4425773406285945039.1)
                  7004c600    0000001d     drivers.am263px.r5f.ti-arm-clang.nortos.debug.lib : uart_v0.obj (.rodata.str1.4697665093340446018.1)
                  7004c61d    0000001d     nortos.am263px.r5f.ti-arm-clang.debug.lib : TimerP_rti_priv.obj (.rodata.str1.7297095892955669843.1)
                  7004c63a    0000001b     drivers.am263px.r5f.ti-arm-clang.nortos.debug.lib : edma.obj (.rodata.str1.16672221102796607080.1)
                  7004c655    0000001b     ti_drivers_config.o (.rodata.str1.7767457247551078139.1)
                  7004c670    0000001a     drivers.am263px.r5f.ti-arm-clang.nortos.debug.lib : soc_rcm.obj (.rodata.str1.16907879152045164286.1)
                  7004c68a    0000001a     main.o (.rodata.str1.288608917962107522.1)
                  7004c6a4    0000001a     nortos.am263px.r5f.ti-arm-clang.debug.lib : ClockP_nortos_r5.obj (.rodata.str1.3810757863367538396.1)
                  7004c6be    0000001a     main.o (.rodata.str1.6891813955777630061.1)
                  7004c6d8    00000019     drivers.am263px.r5f.ti-arm-clang.nortos.debug.lib : ipc_notify_v1.obj (.rodata.str1.12253177398743541182.1)
                  7004c6f1    00000019     nortos.am263px.r5f.ti-arm-clang.debug.lib : TimerP_rti_priv.obj (.rodata.str1.5494506574634759136.1)
                  7004c70a    00000018     drivers.am263px.r5f.ti-arm-clang.nortos.debug.lib : soc_rcm.obj (.rodata.gControlssPllClkSrcValMap)
                  7004c722    00000018                                                       : soc_rcm.obj (.rodata.gCptsClkSrcValMap)
                  7004c73a    00000018                                                       : soc_rcm.obj (.rodata.gI2cClkSrcValMap)
                  7004c752    00000018                                                       : soc_rcm.obj (.rodata.gIcssmUartClkSrcValMap)
                  7004c76a    00000018                                                       : soc_rcm.obj (.rodata.gLinUartClkSrcValMap)
                  7004c782    00000018                                                       : soc_rcm.obj (.rodata.gMcSpiClkSrcValMap)
                  7004c79a    00000018                                                       : soc_rcm.obj (.rodata.gMcanClkSrcValMap)
                  7004c7b2    00000018                                                       : soc_rcm.obj (.rodata.gMmcClkSrcValMap)
                  7004c7ca    00000018                                                       : soc_rcm.obj (.rodata.gOspiClkSrcValMap)
                  7004c7e2    00000018                                                       : soc_rcm.obj (.rodata.gPeripheralClkSrcInfoMap)
                  7004c7fa    00000018                                                       : soc_rcm.obj (.rodata.gRtiClkSrcValMap)
                  7004c812    00000018                                                       : soc_rcm.obj (.rodata.gWdtClkSrcValMap)
                  7004c82a    00000018                                                       : uart_v0.obj (.rodata.str1.16507871919775359273.1)
                  7004c842    00000018     ti_drivers_config.o (.rodata.str1.2211846465855763212.1)
                  7004c85a    00000017     drivers.am263px.r5f.ti-arm-clang.nortos.debug.lib : soc_rcm.obj (.rodata.str1.1263028196474875090.1)
                  7004c871    00000016                                                       : soc_rcm.obj (.rodata.str1.15837709475095375462.1)
                  7004c887    00000016                                                       : soc_rcm.obj (.rodata.str1.18101715471844446405.1)
                  7004c89d    00000016                                                       : soc_rcm.obj (.rodata.str1.503491203257075565.1)
                  7004c8b3    00000015                                                       : ipc_notify_v1.obj (.rodata.str1.2749849238461102323.1)
                  7004c8c8    00000015                                                       : edma.obj (.rodata.str1.9771253703579349310.1)
                  7004c8dd    00000014                                                       : edma.obj (.rodata.str1.14977302951450442404.1)
                  7004c8f1    00000014                                                       : edma.obj (.rodata.str1.16586217098785273673.1)
                  7004c905    00000014                                                       : ipc_notify_v1.obj (.rodata.str1.17722115868992979254.1)
                  7004c919    00000014                                                       : ipc_notify_v1.obj (.rodata.str1.5235938544388580736.1)
                  7004c92d    00000014                                                       : edma.obj (.rodata.str1.6479261940699871955.1)
                  7004c941    00000013     main.o (.rodata.str1.1311392489248731986.1)
                  7004c954    00000013     main.o (.rodata.str1.13288086030101331538.1)
                  7004c967    00000013     nortos.am263px.r5f.ti-arm-clang.debug.lib : DebugP_shmLogWriter.obj (.rodata.str1.14017905436770086454.1)
                  7004c97a    00000013     drivers.am263px.r5f.ti-arm-clang.nortos.debug.lib : soc_rcm.obj (.rodata.str1.1513614241493853460.1)
                  7004c98d    00000013     main.o (.rodata.str1.16631870348416990953.1)
                  7004c9a0    00000013     drivers.am263px.r5f.ti-arm-clang.nortos.debug.lib : uart_v0.obj (.rodata.str1.8511823138002593779.1)
                  7004c9b3    00000012                                                       : uart_v0.obj (.rodata.str1.10085477686273322470.1)
                  7004c9c5    00000012                                                       : uart_v0.obj (.rodata.str1.1906408950570946892.1)
                  7004c9d7    00000012                                                       : ipc_notify_v1.obj (.rodata.str1.4922609433019995091.1)
                  7004c9e9    00000012                                                       : soc_rcm.obj (.rodata.str1.6089483996110695684.1)
                  7004c9fb    00000012                                                       : edma.obj (.rodata.str1.8988798825313313125.1)
                  7004ca0d    00000011     main.o (.rodata.str1.10635229749459437609.1)
                  7004ca1e    00000011     main.o (.rodata.str1.11702106008850790973.1)
                  7004ca2f    00000011     drivers.am263px.r5f.ti-arm-clang.nortos.debug.lib : edma.obj (.rodata.str1.13359792024450833872.1)
                  7004ca40    00000011                                                       : uart_v0.obj (.rodata.str1.18277465892467933209.1)
                  7004ca51    00000011     ti_drivers_open_close.o (.rodata.str1.6292539624901818759.1)
                  7004ca62    00000011     nortos.am263px.r5f.ti-arm-clang.debug.lib : TimerP_rti_priv.obj (.rodata.str1.7786169893402823657.1)
                  7004ca73    00000011     drivers.am263px.r5f.ti-arm-clang.nortos.debug.lib : ipc_notify_v1.obj (.rodata.str1.9036292169629118271.1)
                  7004ca84    00000010                                                       : edma.obj (.rodata.str1.16687974986316968853.1)
                  7004ca94    0000000f                                                       : edma.obj (.rodata.str1.12381575634899622488.1)
                  7004caa3    0000000f                                                       : edma.obj (.rodata.str1.15707078201242323249.1)
                  7004cab2    0000000f                                                       : edma.obj (.rodata.str1.2781376525681532154.1)
                  7004cac1    0000000f                                                       : ipc_notify_v1.obj (.rodata.str1.4769539187903082080.1)
                  7004cad0    0000000f                                                       : edma.obj (.rodata.str1.4907917467944964367.1)
                  7004cadf    0000000e                                                       : edma.obj (.rodata.str1.1669868279207928169.1)
                  7004caed    0000000e     main.o (.rodata.str1.3530083166107438000.1)
                  7004cafb    0000000e     drivers.am263px.r5f.ti-arm-clang.nortos.debug.lib : edma.obj (.rodata.str1.6128441279204879358.1)
                  7004cb09    0000000e                                                       : edma.obj (.rodata.str1.6928588723460450634.1)
                  7004cb17    0000000d                                                       : edma.obj (.rodata.str1.14657363906792235350.1)
                  7004cb24    0000000d     nortos.am263px.r5f.ti-arm-clang.debug.lib : TimerP_rti_priv.obj (.rodata.str1.15140844044942405278.1)
                  7004cb31    0000000c                                               : ClockP_nortos_r5.obj (.rodata.str1.13463193513887205357.1)
                  7004cb3d    0000000c     ti_drivers_config.o (.rodata.str1.3145245972279493797.1)
                  7004cb49    0000000c     drivers.am263px.r5f.ti-arm-clang.nortos.debug.lib : edma.obj (.rodata.str1.8587431144907355806.1)
                  7004cb55    0000000b                                                       : uart_v0.obj (.rodata.str1.1151567497034493012.1)
                  7004cb60    0000000b     main.o (.rodata.str1.17279024933005395956.1)
                  7004cb6b    0000000b     can_interface.o (.rodata.str1.9513145012316062387.1)
                  7004cb76    0000000a     main.o (.rodata.str1.12180500075719773345.1)
                  7004cb80    0000000a     drivers.am263px.r5f.ti-arm-clang.nortos.debug.lib : soc_rcm.obj (.rodata.str1.3349473071634452315.1)
                  7004cb8a    0000000a                                                       : uart_v0.obj (.rodata.str1.7892831408302009747.1)
                  7004cb94    0000000a                                                       : uart_v0.obj (.rodata.str1.8477608605346433529.1)
                  7004cb9e    0000000a                                                       : ipc_notify_v1.obj (.rodata.str1.8751964444192423158.1)
                  7004cba8    00000008                                                       : mcan.obj (.rodata.gMcanOffsetAddr)
                  7004cbb0    00000008                                                       : soc_rcm.obj (.rodata.gXTALInfo)
                  7004cbb8    00000008     nortos.am263px.r5f.ti-arm-clang.debug.lib : DebugP_shmLogWriter.obj (.rodata.str1.11364348920754194803.1)
                  7004cbc0    00000008     drivers.am263px.r5f.ti-arm-clang.nortos.debug.lib : soc.obj (.rodata.str1.14910504016491482532.1)
                  7004cbc8    00000008     main.o (.rodata.str1.17376258722486336754.1)
                  7004cbd0    00000007     drivers.am263px.r5f.ti-arm-clang.nortos.debug.lib : soc.obj (.rodata.str1.12179086363571468349.1)
                  7004cbd7    00000007                                                       : soc.obj (.rodata.str1.12254199422641571827.1)
                  7004cbde    00000007                                                       : soc.obj (.rodata.str1.15593236263752157262.1)
                  7004cbe5    00000007                                                       : soc.obj (.rodata.str1.17262473269405332311.1)
                  7004cbec    00000007                                                       : soc.obj (.rodata.str1.17795343983633703126.1)
                  7004cbf3    00000006                                                       : soc_rcm.obj (.rodata.str1.12246138248821672736.1)
                  7004cbf9    00000005     nortos.am263px.r5f.ti-arm-clang.debug.lib : printf.obj (.rodata.str1.8544352122861784523.1)
                  7004cbfe    00000005                                               : printf.obj (.rodata.str1.8812429412984920041.1)
                  7004cc03    00000001     --HOLE-- [fill = 0]
                  7004cc04    00000004                                               : CacheP_armv7r.obj (.rodata.gCacheL1pCacheLineSize)
                  7004cc08    00000004                                               : printf.obj (.rodata.str1.13278797451342649413.1)
                  7004cc0c    00000004                                               : printf.obj (.rodata.str1.17155598869870286803.1)
                  7004cc10    00000003     main.o (.rodata.str1.17100691992556644108.1)
                  7004cc13    00000002     drivers.am263px.r5f.ti-arm-clang.nortos.debug.lib : soc_rcm.obj (.rodata.gCR5ClkSrcInfoMap)
                  7004cc15    00000003     --HOLE-- [fill = 0]

.bss       0    7004cc18    00000c38     UNINITIALIZED
                  7004cc18    0000080c     (.common:gHwiCtrl)
                  7004d424    00000004     nortos.am263px.r5f.ti-arm-clang.debug.lib : HwiP_armv7r_vim.obj (.bss.gdummy)
                  7004d428    000001b0     ti_drivers_config.o (.bss.gUartObjects)
                  7004d5d8    000000b8     (.common:gIpcNotifyCtrl)
                  7004d690    00000080     can_interface.o (.bss.g_can_stats)
                  7004d710    0000007a     nortos.am263px.r5f.ti-arm-clang.debug.lib : DebugP_shmLogWriter.obj (.bss.DebugP_shmLogWriterPutChar.lineBuf)
                  7004d78a    00000002     --HOLE--
                  7004d78c    00000068     can_interface.o (.bss.g_rx_buffer)
                  7004d7f4    00000020     can_interface.o (.bss.g_mcan_hwi_objects)
                  7004d814    00000004     (.common:gTimerBaseAddr)
                  7004d818    00000020     (.common:gClockCtrl)
                  7004d838    00000010     (.common:virtToPhymap)
                  7004d848    00000004     (.common:gTimerHwiObj)
                  7004d84c    00000004     (.common:gUartHandle)

.sysmem    0    7004d850    00000000     UNINITIALIZED

.stack     0    7004d850    00004000     UNINITIALIZED
                  7004d850    00000004     nortos.am263px.r5f.ti-arm-clang.debug.lib : boot_armv7r_asm.obj (.stack)
                  7004d854    00003ffc     --HOLE--

.text.hwi 
*          0    70051850    00000e50     
                  70051850    000006c0     nortos.am263px.r5f.ti-arm-clang.debug.lib : HwiP_armv7r_vim.obj (.text.hwi)
                  70051f10    0000059a                                               : HwiP_armv7r_handlers_nortos.obj (.text.hwi)
                  700524aa    00000002     --HOLE-- [fill = 0]
                  700524ac    0000017c                                               : HwiP_armv7r_handlers_nortos_asm.obj (.text.hwi)
                  70052628    00000070                                               : HwiP_armv7r_asm.obj (.text.hwi)
                  70052698    00000008     --HOLE-- [fill = 0]

.text.cache 
*          0    700526a0    000004a0     
                  700526a0    00000340     nortos.am263px.r5f.ti-arm-clang.debug.lib : CacheP_armv7r_asm.obj (.text.cache)
                  700529e0    00000158                                               : CacheP_armv7r.obj (.text.cache)
[...]
70053340  gEdmaConfigNum                       
701d0000  gGatewaySharedMem                    
70053344  gHwiConfig                           
7004cc18  gHwiCtrl                             
700532ec  gIpcNotifyCoreIntrBitPos             
7004d5d8  gIpcNotifyCtrl                       
70053348  gIpcNotifyInterruptConfigNum_r5fss0_1
7005327c  gIpcNotifyInterruptConfig_r5fss0_1   
700530c8  gIpcNotifyMailboxConfig              
7004b7b8  gMpuConfig                           
7004b7c4  gMpuRegionConfig                     
7004c7e2  gPeripheralClkSrcInfoMap             
70053308  gSocModules                          
700532ac  gSocModulesClockFrequency            
7004d814  gTimerBaseAddr                       
7004d848  gTimerHwiObj                         
7005334c  gTimerIsrCounter                     
70053375  gTimerIsrFlag                        
70053318  gUartConfig                          
70053350  gUartConfigNum                       
70053354  gUartDmaChConfig                     
700530c8  gUartDmaHandle                       
7004d84c  gUartHandle                          
700531c8  gUartParams                          
7004cbb0  gXTALInfo                            
70053358  g_disp_timer_isr_count               
7004a571  gateway_core1_init                   
70048221  gateway_core1_ipc_callback           
70047c41  gateway_core1_wait_for_ready         
7004b671  gateway_notify_states_ready          
70048c01  gateway_ringbuf_core1_init           
7004b681  gateway_ringbuf_core1_notify         
7004b021  gateway_ringbuf_core1_receive        
7004afc1  gateway_ringbuf_core1_send           
700466f1  gateway_ringbuf_read                 
70049001  gateway_ringbuf_read_test_core1      
700464d1  gateway_ringbuf_write                
700497c1  gateway_ringbuf_write_test_core1     
7004a5b1  gateway_update_heartbeat             
7005337c  isMapAvailable                       
70049a01  main                                 
7004b521  putchar_                             
7004a7b1  snprintf_                            
7004b1f1  timerISR                             
7004d838  virtToPhymap                         
7004ad91  vprintf_                             


GLOBAL SYMBOLS: SORTED BY Symbol Address 

address   name                                 
-------   ----                                 
00000000  __TI_ATRegion0_region_sz             
00000000  __TI_ATRegion0_src_addr              
00000000  __TI_ATRegion0_trg_addr              
00000000  __TI_ATRegion1_region_sz             
00000000  __TI_ATRegion1_src_addr              
00000000  __TI_ATRegion1_trg_addr              
00000000  __TI_ATRegion2_region_sz             
00000000  __TI_ATRegion2_src_addr              
00000000  __TI_ATRegion2_trg_addr              
00000000  __TI_static_base__                   
00000000  _vectors                             
00000100  __ABORT_STACK_SIZE                   
00000100  __FIQ_STACK_SIZE                     
00000100  __IRQ_STACK_SIZE                     
00000100  __UNDEFINED_STACK_SIZE               
00001000  __SVC_STACK_SIZE                     
00004000  __STACK_SIZE                         
70040a34  __aeabi_memclr                       
70040a34  __aeabi_memclr4                      
70040a34  __aeabi_memclr8                      
700410b8  C$$EXIT                              
700410b8  HOSTexit                             
700410c1  SOC_rcmEnablePeripheralClock         
700416f8  __aeabi_ldiv0                        
700416fc  __aeabi_memcpy                       
700416fc  __aeabi_memcpy4                      
700416fc  __aeabi_memcpy8                      
70041ce4  CSL_armR5ReadMpidrReg                
700421a1  UART_open                            
700425a1  IpcNotify_init                       
70042981  SOC_virtToPhy                        
700438e1  UART_lld_dmaDeInit                   
70043b11  IpcNotify_isr                        
70043f31  TimerP_setupPriv                     
70044111  UART_lld_dmaWrite                    
700442c1  UART_close                           
70044471  UART_lld_controllerIsr               
70044921  EDMA_unregisterIntr                  
70044a91  SOC_controlModuleUnlockMMR           
70044bf1  UART_lld_initDma                     
70044d51  DebugP_shmLogWriterPutChar           
70045121  MCAN_readMsgRam                      
700453a1  ClockP_init                          
700454e1  UART_procLineStatusErr               
70045621  EDMA_registerIntr                    
70045761  UART_lld_init                        
70045891  SOC_controlModuleLockMMR             
700459c1  SOC_rcmGetPeripheralClockFrequency   
70045ae1  DebugP_shmLogWriterPutLine           
70045c01  UART_lld_dmaRead                     
70045d1c  __udivmoddi4                         
700462b1  IpcNotify_sendMsg                    
700464d1  gateway_ringbuf_write                
700465e1  SemaphoreP_pend                      
700466f1  gateway_ringbuf_read                 
70046801  CAN_StartRxInterrupts                
70046ad1  EDMA_freeChannelRegion               
70046bc1  EDMA_freeParam                       
70046cb1  EDMA_freeDmaChannel                  
70046d91  EDMA_freeTcc                         
70046e71  UART_intrEnable                      
70046f51  UART_intrDisable                     
70047031  AddrTranslateP_getLocalAddr          
70047101  EDMA_disableChInShadowRegRegion      
700471d1  EDMA_enableChInShadowRegRegion       
700472a1  EDMA_mapChToEvtQ                     
70047371  EDMA_configureChannelRegion          
700474f1  UART_flushTxFifo                     
70047671  ClockP_timerTickIsr                  
70047731  TimerP_init                          
700477f1  ClockP_stop                          
700478b1  IpcNotify_waitSync                   
70047971  CycleCounterP_init                   
70047991  CycleCounterP_reset                  
700479e1  CycleCounterP_nsToTicks              
70047a21  CycleCounterP_enableUserAccess       
70047a31  SOC_rcmSetPeripheralClock            
70047ae1  UART_init                            
70047c41  gateway_core1_wait_for_ready         
70047da1  ClockP_destruct                      
70047e51  Drivers_uartOpen                     
70047fa1  IpcNotify_registerClient             
700480e1  ClockP_getTimeUsec                   
70048181  EDMA_unmapChToEvtQ                   
70048221  gateway_core1_ipc_callback           
700482b1  EDMA_disableTransferRegion           
70048341  EDMA_enableTransferRegion            
700484f1  UART_lld_flushTxFifo                 
70048611  disp_timer_isr_callback              
700486a1  EDMA_allocDmaChannel                 
70048731  EDMA_allocParam                      
700487c1  EDMA_allocTcc                        
70048971  IpcNotify_syncAll                    
70048a81  System_init                          
70048b81  _DebugP_assert                       
70048c01  gateway_ringbuf_core1_init           
70048d01  UART_Params_init                     
70048d81  EDMA_linkChannel                     
70048e81  ClockP_usleep                        
70048f01  EDMA_clrMissEvtRegion                
70049001  gateway_ringbuf_read_test_core1      
700490e1  EDMA_getBaseAddr                     
700491c1  SOC_rcmGetR5Clock                    
70049231  SOC_rcmIsR5FInLockStepMode           
70049311  UART_lld_deInitDma                   
700493f1  SemaphoreP_post                      
70049461  UART_getChar                         
70049521  disp_timer_start                     
70049581  Module_clockSetFrequency             
700495e1  UART_lld_deInit                      
700496a1  disp_timer_init                      
70049701  IpcNotify_allocSwQueue               
700497c1  gateway_ringbuf_write_test_core1     
700498e1  Dpl_init                             
70049941  EDMA_setPaRAM                        
70049a01  main                                 
70049a54  __TI_auto_init_nobinit_nopinit       
70049ab1  Drivers_uartClose                    
70049b01  Pinmux_config                        
70049b51  UART_checkCharsAvailInFifo           
70049ba1  DebugP_shmLogWriterInit              
70049bf1  EDMA_clrEvtRegion                    
70049c41  EDMA_disableDmaEvtRegion             
70049c91  EDMA_disableEvtIntrRegion            
70049ce1  EDMA_enableDmaEvtRegion              
70049d31  EDMA_enableEvtIntrRegion             
70049d81  EDMA_setEvtRegion                    
70049dd1  ClockP_construct                     
70049e21  EDMA_ccPaRAMEntry_init               
70049e71  EDMA_mapQdmaChToPaRAM                
70049ec1  EDMA_readEventStatusRegion           
70049f11  IpcNotify_unregisterClient           
70049f61  Module_clockEnable                   
70049fb1  IpcNotify_Params_init                
7004a051  UART_getIntrIdentityStatus           
7004a191  UART_readLineStatus                  
7004a2d1  SemaphoreP_construct                 
7004a321  _DebugP_logZone                      
7004a411  ClockP_start                         
7004a531  UART_spaceAvail                      
7004a571  gateway_core1_init                   
7004a5b1  gateway_update_heartbeat             
7004a671  UART_IsTxRxFifoEmpty                 
7004a731  SOC_moduleSetClockFrequency          
7004a7b1  snprintf_                            
7004a7f1  SOC_getCoreName                      
7004a828  CycleCounterP_getCount32             
7004a830  PmuP_setup                           
7004a838  PmuP_enableCounters                  
7004a840  PmuP_disableCounters                 
7004a848  PmuP_getOverflowStatus               
7004a850  PmuP_clearOverflowStatus             
7004a858  PmuP_setUserEnable                   
7004a861  EDMA_getRegionId                     
7004a8a1  IpcNotify_syncCallback               
7004a8e1  MCAN_calcCfgAddr                     
7004a961  TimerP_Params_initPriv               
7004aa61  TimerP_getCountPriv                  
7004ab81  UART_lld_dmaInit                     
7004abe1  DebugP_logZoneEnable                 
7004ac41  MCAN_clearNewDataStatus              
7004ac71  MCAN_getNewDataStatus                
7004aca1  SemaphoreP_constructBinary           
7004ad01  UART_intr2Disable                    
7004ad31  UART_operatingModeSelect             
7004ad61  CSL_armR5GetCpuID                    
7004ad91  vprintf_                             
7004adc1  EDMA_disableQdmaEvtRegion            
7004adf1  EDMA_enableQdmaEvtRegion             
7004ae81  IpcNotify_getConfig                  
7004aeb1  SemaphoreP_constructMutex            
7004af64  __aeabi_uldivmod                     
7004afc1  gateway_ringbuf_core1_send           
7004aff1  EDMA_channelToParamMap               
7004b021  gateway_ringbuf_core1_receive        
7004b051  ClockP_isActive                      
7004b071  ClockP_usecToTicks                   
7004b0d1  ClockP_Params_init                   
7004b0f1  EDMA_getEventStatusHigh              
7004b111  SOC_getSelfCpuClk                    
7004b131  SOC_moduleClockEnable                
7004b151  TimerP_isr0                          
7004b191  UART_lld_Transaction_deInit          
7004b1b1  EDMA_getEventStatus                  
7004b1f1  timerISR                             
7004b20c  TI_memcpy_small                      
7004b231  MCAN_clearIntrStatus                 
7004b291  ClockP_ticksToUsec                   
7004b2b1  EDMA_isInterruptEnabled              
7004b2f1  IpcNotify_trigInterrupt              
7004b311  SemaphoreP_Params_init               
7004b331  TimerP_getReloadCountPriv            
7004b391  UART_putChar                         
7004b3a8  TI_memset_small                      
7004b3c1  IpcNotify_sendSync                   
7004b3e1  MCAN_getIntrStatus                   
7004b401  TimerP_startPriv                     
7004b421  TimerP_stopPriv                      
7004b4e1  TimerP_clearOverflowIntPriv          
7004b501  TimerP_setup                         
7004b521  putchar_                             
7004b541  Pinmux_init                          
7004b581  ClockP_getTimerCount                 
7004b591  ClockP_timerClearOverflowInt         
7004b611  TimerP_Params_init                   
7004b621  TimerP_clearOverflowInt              
7004b631  TimerP_getCount                      
7004b641  TimerP_getReloadCount                
7004b651  TimerP_start                         
7004b671  gateway_notify_states_ready          
7004b681  gateway_ringbuf_core1_notify         
7004b691  Board_driversOpen                    
7004b6a1  ClockP_getTicks                      
7004b6b1  PowerClock_init                      
7004b721  Drivers_open                         
7004b731  Drivers_uartInit                     
7004b761  SemaphoreP_destruct                  
7004b771  Board_driversClose                   
7004b781  Board_init                           
7004b791  IpcNotify_wait                       
7004b7a1  TaskP_yield                          
7004b7b0  gCacheConfig                         
7004b7b8  gMpuConfig                           
7004b7c4  gMpuRegionConfig                     
7004b834  gCacheL1dCacheLineSize               
7004b91c  gADPLLJConfigTbl                     
7004c7e2  gPeripheralClkSrcInfoMap             
7004cbb0  gXTALInfo                            
7004cc04  gCacheL1pCacheLineSize               
7004cc13  gCR5ClkSrcInfoMap                    
7004cc18  __BSS_START                          
7004cc18  gHwiCtrl                             
7004d5d8  gIpcNotifyCtrl                       
7004d814  gTimerBaseAddr                       
7004d818  gClockCtrl                           
7004d838  virtToPhymap                         
7004d848  gTimerHwiObj                         
7004d84c  gUartHandle                          
7004d850  __BSS_END                            
7004d850  __stack                              
70051850  __STACK_END                          
70051851  HwiP_enableInt                       
70051891  HwiP_disableInt                      
700518f1  HwiP_restoreInt                      
70051921  HwiP_clearInt                        
70051961  HwiP_post                            
700519a1  HwiP_Params_init                     
700519d1  HwiP_construct                       
70051bc1  HwiP_destruct                        
70051c31  HwiP_init                            
70051de1  HwiP_inISR                           
70051e11  HwiP_setVimIrqPriMaskNonAtomic       
70051e61  HwiP_setVimIrqPriMaskAtomic          
70051f01  HwiP_restoreVimIrqPriMask            
70051f11  HwiP_irq_handler_c                   
700520b1  HwiP_fiq_handler                     
70052211  HwiP_reserved_handler                
70052251  HwiP_undefined_handler_c             
70052271  HwiP_user_undefined_handler_c        
70052291  HwiP_svc_handler                     
700522d1  HwiP_prefetch_abort_handler_c        
70052371  HwiP_user_prefetch_abort_handler_c   
700523b1  HwiP_data_abort_handler_c            
70052471  HwiP_user_data_abort_handler_c       
700524ac  HwiP_irq_handler                     
70052520  HwiP_data_abort_handler              
70052564  HwiP_prefetch_abort_handler          
700525b0  HwiP_undefined_handler               
700525e0  GET_DFSR                             
700525e8  GET_ADFSR                            
700525f0  GET_DFAR                             
700525f8  GET_IFSR                             
70052600  GET_AIFSR                            
70052608  GET_IFAR                             
70052610  GET_SPSR                             
70052628  HwiP_disable                         
70052638  HwiP_disableFIQ                      
70052648  HwiP_enable                          
70052658  HwiP_enableFIQ                       
70052668  HwiP_restore                         
70052670  HwiP_enableVIC                       
70052680  HwiP_disableVIC                      
70052690  HwiP_getCPSR                         
700526a0  CacheP_disableL1d                    
700526c8  CacheP_disableL1p                    
700526e0  CacheP_enableL1d                     
700526f8  CacheP_enableL1p                     
70052710  CacheP_invL1d                        
70052748  CacheP_invL1p                        
70052784  CacheP_invL1dAll                     
7005278c  CacheP_invL1pAll                     
70052794  CacheP_wb                            
700527d0  CacheP_wbInv                         
7005280c  CacheP_wbAll                         
700528b4  CacheP_wbInvAll                      
700528cc  CacheP_wbInvAllAsm                   
7005296c  CacheP_getEnabled                    
700529a4  CacheP_getCacheLevelInfo             
700529b0  CacheP_configForceWrThru             
700529d0  CacheP_setDLFO                       
700529e1  CacheP_init                          
70052a71  CacheP_disable                       
70052ac1  CacheP_enable                        
70052b01  CacheP_inv                           
70052b41  MpuP_getAttrs                        
70052ba1  MpuP_RegionAttrs_init                
70052bd1  MpuP_setRegion                       
70052c61  MpuP_isEnable                        
70052c71  MpuP_disable                         
70052cb1  MpuP_enable                          
70052d01  MpuP_init                            
70052da1  MpuP_isUserAuthorizedToAccessMemory  
70052e80  MpuP_disableAsm                      
70052e98  MpuP_disableBRAsm                    
70052ea8  MpuP_enableAsm                       
70052ec0  MpuP_enableBRAsm                     
70052ed0  MpuP_isEnableAsm                     
70052ee4  MpuP_setRegionAsm                    
70052f00  _c_int00_sbl                         
70052f24  _c_int00                             
70053051  _DebugP_assertNoLog                  
70053081  _system_pre_init                     
700530b1  __mpu_init                           
700530c0  abort                                
700530c8  gEdmaConfig                          
700530c8  gIpcNotifyMailboxConfig              
700530c8  gUartDmaHandle                       
700531c8  gUartParams                          
70053264  gClockConfig                         
7005327c  gIpcNotifyInterruptConfig_r5fss0_1   
700532ac  gSocModulesClockFrequency            
700532ec  gIpcNotifyCoreIntrBitPos             
700532fc  gAddrTranslateConfig                 
70053308  gSocModules                          
70053318  gUartConfig                          
70053334  gDebugLogZone                        
70053340  gEdmaConfigNum                       
70053344  gHwiConfig                           
70053348  gIpcNotifyInterruptConfigNum_r5fss0_1
7005334c  gTimerIsrCounter                     
70053350  gUartConfigNum                       
70053354  gUartDmaChConfig                     
70053358  g_disp_timer_isr_count               
70053375  gTimerIsrFlag                        
7005337c  isMapAvailable                       
70053380  __IRQ_STACK_START                    
70053480  __FIQ_STACK_START                    
70053480  __IRQ_STACK_END                      
70053580  __FIQ_STACK_END                      
70053580  __SVC_STACK_START                    
70054580  __ABORT_STACK_START                  
70054580  __SVC_STACK_END                      
70054680  __ABORT_STACK_END                    
70054680  __UNDEFINED_STACK_START              
70054780  __UNDEFINED_STACK_END                
701d0000  gGatewaySharedMem                    
701d8000  gDebugShmLog                         
ffffffff  __TI_pprof_out_hndl                  
ffffffff  __TI_prof_data_size                  
ffffffff  __TI_prof_data_start                 
ffffffff  __binit__                            
ffffffff  binit                                
UNDEFED   __TI_CINIT_Base                      
UNDEFED   __TI_CINIT_Limit                     
UNDEFED   __TI_Handler_Table_Base              
UNDEFED   __TI_Handler_Table_Limit             
UNDEFED   _system_post_cinit                   

[367 symbols]
