******************************************************************************
            TI ARM Clang Linker PC v4.0.4                      
******************************************************************************
>> Linked Tue Apr  7 18:21:59 2026

OUTPUT FILE NAME:   <ccu_ti_multi_core_realtime.out>
ENTRY POINT SYMBOL: "_vectors"  address: 00000000


MEMORY CONFIGURATION

         name            origin    length      used     unused   attr    fill
----------------------  --------  ---------  --------  --------  ----  --------
  R5F_VECS              00000000   00000040  00000040  00000000  RWIX
  R5F_TCMA              00000040   00007fc0  00000000  00007fc0  RWIX
  R5F_TCMB              00080000   00008000  00000000  00008000  RWIX
  MAILBOX_HSM           44000000   000003ce  00000000  000003ce  RWIX
  MAILBOX_R5F           44000400   000003ce  00000000  000003ce  RWIX
  FLASH                 60180000   00080000  00000000  00080000  RWIX
  OCRAM                 70180000   00080000  0001ade8  00065218  RWIX
  USER_SHM_MEM          70200000   00008000  00006f74  0000108c  RWIX
  LOG_SHM_MEM           70208000   00004000  00002000  00002000  RWIX
  RTOS_NORTOS_IPC_SHM_M 72000000   00003e80  00000000  00003e80  RWIX


SEGMENT ALLOCATION MAP

run origin  load origin   length   init length attrs members
----------  ----------- ---------- ----------- ----- -------
00000000    00000000    00000040   00000040    r-x
  00000000    00000000    00000040   00000040    r-x .vectors
70180000    70180000    00011300   00011300    r-x
  70180000    70180000    0000ef00   0000ef00    r-x .text
  7018ef00    7018ef00    00002400   00002400    r-- .rodata
70191300    70191300    00006798   00000000    rw-
  70191300    70191300    00002798   00000000    rw- .bss
  70193a98    70193a98    00004000   00000000    rw- .stack
70197aa0    70197aa0    00001878   00001878    r-x
  70197aa0    70197aa0    00000e50   00000e50    r-x .text.hwi
  701988f0    701988f0    000004a0   000004a0    r-x .text.cache
  70198d90    70198d90    000003c0   000003c0    r-x .text.mpu
  70199150    70199150    000001c0   000001c0    r-x .text.boot
  70199310    70199310    00000008   00000008    r-x .text:abort
70199318    70199318    00001ad8   000006d8    rw-
  70199318    70199318    000006d8   000006d8    rw- .data
  701999f0    701999f0    00000100   00000000    rw- .irqstack
  70199af0    70199af0    00000100   00000000    rw- .fiqstack
  70199bf0    70199bf0    00001000   00000000    rw- .svcstack
  7019abf0    7019abf0    00000100   00000000    rw- .abortstack
  7019acf0    7019acf0    00000100   00000000    rw- .undefinedstack


SECTION ALLOCATION MAP

 output                                  attributes/
section   page    origin      length       input sections
--------  ----  ----------  ----------   ----------------
.vectors   0    00000000    00000040     
                  00000000    00000040     nortos.am263px.r5f.ti-arm-clang.debug.lib : HwiP_armv7r_vectors_nortos_asm.obj (.vectors)

.text      0    70180000    0000ef00     
                  70180000    00000a34     nortos.am263px.r5f.ti-arm-clang.debug.lib : printf.obj (.text._vsnprintf)
                  70180a34    0000000c     libclang_rt.builtins.a : aeabi_memset.S.obj (.text.__aeabi_memclr)
                  70180a40    00000678     drivers.am263px.r5f.ti-arm-clang.nortos.debug.lib : soc_rcm.obj (.text.SOC_rcmGetClkSrcAndDivReg)
                  701810b8    00000008     libsysbm.a : hostexit.c.obj (.text.HOSTexit)
                  701810c0    00000638     drivers.am263px.r5f.ti-arm-clang.nortos.debug.lib : soc_rcm.obj (.text.SOC_rcmEnablePeripheralClock)
                  701816f8    00000004     libclang_rt.builtins.a : aeabi_div0.c.obj (.text.__aeabi_ldiv0)
                  701816fc    00000004                            : aeabi_memcpy.S.obj (.text.__aeabi_memcpy)
                  70181700    000005e2     nortos.am263px.r5f.ti-arm-clang.debug.lib : printf.obj (.text._ftoa)
                  70181ce2    00000002     --HOLE-- [fill = 0]
                  70181ce4    0000000c                                               : CpuId_armv7r_asm.obj (.text)
                  70181cf0    0000056e     main.o (.text.main_loop)
                  7018225e    00000002     --HOLE-- [fill = 0]
                  70182260    00000522     main.o (.text.transmit_can_frames)
                  70182782    00000002     --HOLE-- [fill = 0]
                  70182784    00000004     libclang_rt.builtins.a : aeabi_memmove.S.obj (.text.__aeabi_memmove)
                  70182788    00000008     --HOLE-- [fill = 0]
                  70182790    000004b0     nortos.am263px.r5f.ti-arm-clang.debug.lib : printf.obj (.text._etoa)
                  70182c40    00000402     yis320_protocol.o (.text.vtable_process_rx_data)
                  70183042    0000000e     --HOLE-- [fill = 0]
                  70183050    00000400     drivers.am263px.r5f.ti-arm-clang.nortos.debug.lib : uart_v0.obj (.text.UART_open)
                  70183450    000003dc                                                       : ipc_notify_v1.obj (.text.IpcNotify_init)
                  7018382c    00000004     --HOLE-- [fill = 0]
                  70183830    000003b0     main.o (.text.core1_init)
                  70183be0    0000031a     can_interface.o (.text.init_single_mcan)
                  70183efa    00000006     --HOLE-- [fill = 0]
                  70183f00    00000302     drivers.am263px.r5f.ti-arm-clang.nortos.debug.lib : soc.obj (.text.SOC_virtToPhy)
                  70184202    0000000e     --HOLE-- [fill = 0]
                  70184210    000002f4     motor_mapping.o (.text.motor_mapping_init_core1)
                  70184504    0000000c     --HOLE-- [fill = 0]
                  70184510    000002a8     drivers.am263px.r5f.ti-arm-clang.nortos.debug.lib : mcan.obj (.text.MCAN_msgRAMConfig)
                  701847b8    00000008     --HOLE-- [fill = 0]
                  701847c0    0000027e                                                       : uart_dma_edma.obj (.text.UART_edmaChInit)
                  70184a3e    00000002     --HOLE-- [fill = 0]
                  70184a40    00000250                                                       : edma.obj (.text.Alloc_resource)
                  70184c90    00000242                                                       : uart_v0_lld.obj (.text.UART_fifoConfig)
                  70184ed2    0000000e     --HOLE-- [fill = 0]
                  70184ee0    0000023e     nortos.am263px.r5f.ti-arm-clang.debug.lib : printf.obj (.text._ntoa_format)
                  7018511e    00000002     --HOLE-- [fill = 0]
                  70185120    0000023e     can_interface.o (.text.can_rx_isr)
                  7018535e    00000002     --HOLE-- [fill = 0]
                  70185360    0000023e     main.o (.text.process_can_rx)
                  7018559e    00000002     --HOLE-- [fill = 0]
                  701855a0    0000022c     can_interface.o (.text.CAN_TransmitBatch)
                  701857cc    00000004     --HOLE-- [fill = 0]
                  701857d0    00000226     drivers.am263px.r5f.ti-arm-clang.nortos.debug.lib : uart_dma_edma.obj (.text.UART_lld_dmaDeInit)
                  701859f6    0000000a     --HOLE-- [fill = 0]
                  70185a00    00000222                                                       : ipc_notify_v1.obj (.text.IpcNotify_isr)
                  70185c22    0000000e     --HOLE-- [fill = 0]
                  70185c30    000001d6     nortos.am263px.r5f.ti-arm-clang.debug.lib : TimerP_rti_priv.obj (.text.TimerP_setupPriv)
                  70185e06    0000000a     --HOLE-- [fill = 0]
                  70185e10    000001aa     drivers.am263px.r5f.ti-arm-clang.nortos.debug.lib : uart_dma_edma.obj (.text.UART_lld_dmaWrite)
                  70185fba    00000006     --HOLE-- [fill = 0]
                  70185fc0    000001a8                                                       : uart_v0.obj (.text.UART_close)
                  70186168    00000008     --HOLE-- [fill = 0]
                  70186170    00000198                                                       : uart_v0_lld.obj (.text.UART_lld_controllerIsr)
                  70186308    00000008     --HOLE-- [fill = 0]
                  70186310    00000190     can_interface.o (.text.CAN_StartRxInterrupts)
                  701864a0    00000186     drivers.am263px.r5f.ti-arm-clang.nortos.debug.lib : mcan.obj (.text.MCAN_readMsg)
                  70186626    0000000a     --HOLE-- [fill = 0]
                  70186630    00000184                                                       : mcan.obj (.text.MCAN_calcMsgRamParamsStartAddr)
                  701867b4    0000000c     --HOLE-- [fill = 0]
                  701867c0    00000162                                                       : edma.obj (.text.EDMA_unregisterIntr)
                  70186922    0000000e     --HOLE-- [fill = 0]
                  70186930    00000158                                                       : soc.obj (.text.SOC_controlModuleUnlockMMR)
                  70186a88    00000008     --HOLE-- [fill = 0]
                  70186a90    00000152     can_interface.o (.text.CAN_Init)
                  70186be2    0000000e     --HOLE-- [fill = 0]
                  70186bf0    00000152     drivers.am263px.r5f.ti-arm-clang.nortos.debug.lib : uart_v0_lld.obj (.text.UART_lld_initDma)
                  70186d42    0000000e     --HOLE-- [fill = 0]
                  70186d50    00000150     nortos.am263px.r5f.ti-arm-clang.debug.lib : DebugP_shmLogWriter.obj (.text.DebugP_shmLogWriterPutChar)
                  70186ea0    00000150     drivers.am263px.r5f.ti-arm-clang.nortos.debug.lib : mcan.obj (.text.MCAN_writeMsg)
                  70186ff0    0000014e     yis320_protocol.o (.text.parse_imu_frame)
                  7018713e    00000002     --HOLE-- [fill = 0]
                  70187140    0000014c     drivers.am263px.r5f.ti-arm-clang.nortos.debug.lib : mcan.obj (.text.MCAN_setBitTime)
                  7018728c    00000004     --HOLE-- [fill = 0]
                  70187290    00000142     imu_interface_isr.o (.text.imu_uart_isr_init)
                  701873d2    0000000e     --HOLE-- [fill = 0]
                  701873e0    0000013a     drivers.am263px.r5f.ti-arm-clang.nortos.debug.lib : edma.obj (.text.EDMA_isDmaChannelAllocated)
                  7018751a    00000006     --HOLE-- [fill = 0]
                  70187520    00000138                                                       : mcan.obj (.text.MCAN_readMsgRam)
                  70187658    00000008     --HOLE-- [fill = 0]
                  70187660    00000138     nortos.am263px.r5f.ti-arm-clang.debug.lib : printf.obj (.text._ntoa_long_long)
                  70187798    00000008     --HOLE-- [fill = 0]
                  701877a0    00000136                                               : ClockP_nortos_r5.obj (.text.ClockP_init)
                  701878d6    0000000a     --HOLE-- [fill = 0]
                  701878e0    00000136     drivers.am263px.r5f.ti-arm-clang.nortos.debug.lib : uart_v0_lld.obj (.text.UART_procLineStatusErr)
                  70187a16    0000000a     --HOLE-- [fill = 0]
                  70187a20    00000134                                                       : edma.obj (.text.EDMA_registerIntr)
                  70187b54    0000000c     --HOLE-- [fill = 0]
                  70187b60    00000134                                                       : mcan.obj (.text.MCAN_init)
                  70187c94    0000000c     --HOLE-- [fill = 0]
                  70187ca0    0000012c                                                       : uart_v0_lld.obj (.text.UART_lld_init)
                  70187dcc    00000004     --HOLE-- [fill = 0]
                  70187dd0    0000012a                                                       : mcan.obj (.text.MCAN_config)
                  70187efa    00000006     --HOLE-- [fill = 0]
                  70187f00    00000126                                                       : soc.obj (.text.SOC_controlModuleLockMMR)
                  70188026    0000000a     --HOLE-- [fill = 0]
                  70188030    00000120                                                       : soc_rcm.obj (.text.SOC_rcmGetPeripheralClockFrequency)
                  70188150    00000120     can_interface.o (.text.init_can_stb_gpios)
                  70188270    0000011c     nortos.am263px.r5f.ti-arm-clang.debug.lib : DebugP_shmLogWriter.obj (.text.DebugP_shmLogWriterPutLine)
                  7018838c    00000004     --HOLE-- [fill = 0]
                  70188390    0000011c     drivers.am263px.r5f.ti-arm-clang.nortos.debug.lib : uart_dma_edma.obj (.text.UART_lld_dmaRead)
                  701884ac    00000118     libclang_rt.builtins.a : udivmoddi4.S.obj (.text)
                  701885c4    0000000c     --HOLE-- [fill = 0]
                  701885d0    00000116     drivers.am263px.r5f.ti-arm-clang.nortos.debug.lib : edma.obj (.text.EDMA_isTccAllocated)
                  701886e6    0000000a     --HOLE-- [fill = 0]
                  701886f0    00000116                                                       : uart_v0_lld.obj (.text.UART_divisorLatchWrite)
                  70188806    0000000a     --HOLE-- [fill = 0]
                  70188810    00000114     nortos.am263px.r5f.ti-arm-clang.debug.lib : printf.obj (.text._ntoa_long)
                  70188924    0000000c     --HOLE-- [fill = 0]
                  70188930    0000010e     drivers.am263px.r5f.ti-arm-clang.nortos.debug.lib : soc_rcm.obj (.text.SOC_rcmADPLLJGetFOut)
                  70188a3e    00000002     --HOLE-- [fill = 0]
                  70188a40    0000010a                                                       : ipc_notify_v1.obj (.text.IpcNotify_sendMsg)
                  70188b4a    00000006     --HOLE-- [fill = 0]
                  70188b50    00000104                                                       : uart_v0_lld.obj (.text.UART_configInstance)
                  70188c54    0000000c     --HOLE-- [fill = 0]
                  70188c60    00000102     ti_drivers_config.o (.text.GPIO_init)
                  70188d62    0000000e     --HOLE-- [fill = 0]
                  70188d70    00000102     nortos.am263px.r5f.ti-arm-clang.debug.lib : SemaphoreP_nortos.obj (.text.SemaphoreP_pend)
                  70188e72    0000000e     --HOLE-- [fill = 0]
                  70188e80    00000102     gateway_shared.o (.text.gateway_ringbuf_read)
                  70188f82    0000000e     --HOLE-- [fill = 0]
                  70188f90    000000ec     gateway_shared.o (.text.gateway_write_motor_config)
                  7018907c    00000004     --HOLE-- [fill = 0]
                  70189080    000000e6     drivers.am263px.r5f.ti-arm-clang.nortos.debug.lib : soc_rcm.obj (.text.SOC_rcmGetCoreFout)
                  70189166    0000000a     --HOLE-- [fill = 0]
                  70189170    000000e6                                                       : soc_rcm.obj (.text.SOC_rcmGetPerFout)
                  70189256    0000000a     --HOLE-- [fill = 0]
                  70189260    000000e4                                                       : edma.obj (.text.EDMA_freeChannelRegion)
                  70189344    0000000c     --HOLE-- [fill = 0]
                  70189350    000000e2                                                       : edma.obj (.text.EDMA_freeParam)
                  70189432    0000000e     --HOLE-- [fill = 0]
                  70189440    000000e0                                                       : edma.obj (.text.EDMA_freeDmaChannel)
                  70189520    000000e0                                                       : edma.obj (.text.EDMA_freeTcc)
                  70189600    000000de                                                       : uart_v0_lld.obj (.text.UART_intrEnable)
                  701896de    00000002     --HOLE-- [fill = 0]
                  701896e0    000000da                                                       : uart_v0_lld.obj (.text.UART_intrDisable)
                  701897ba    00000006     --HOLE-- [fill = 0]
                  701897c0    000000d0     nortos.am263px.r5f.ti-arm-clang.debug.lib : AddrTranslateP_32bit.obj (.text.AddrTranslateP_getLocalAddr)
                  70189890    000000ce     drivers.am263px.r5f.ti-arm-clang.nortos.debug.lib : edma.obj (.text.EDMA_disableChInShadowRegRegion)
                  7018995e    00000002     --HOLE-- [fill = 0]
                  70189960    000000cc                                                       : edma.obj (.text.EDMA_enableChInShadowRegRegion)
                  70189a2c    00000004     --HOLE-- [fill = 0]
                  70189a30    000000c4                                                       : edma.obj (.text.EDMA_mapChToEvtQ)
                  70189af4    0000000c     --HOLE-- [fill = 0]
                  70189b00    000000c0                                                       : edma.obj (.text.EDMA_configureChannelRegion)
                  70189bc0    000000c0                                                       : soc_rcm.obj (.text.SOC_rcmGetPerHSDivOut)
                  70189c80    000000c0                                                       : uart_v0.obj (.text.UART_flushTxFifo)
                  70189d40    000000c0     nortos.am263px.r5f.ti-arm-clang.debug.lib : printf.obj (.text._out_rev)
                  70189e00    000000be                                               : ClockP_nortos.obj (.text.ClockP_timerTickIsr)
                  70189ebe    00000002     --HOLE-- [fill = 0]
                  70189ec0    000000be     ti_dpl_config.o (.text.TimerP_init)
                  70189f7e    00000002     --HOLE-- [fill = 0]
                  70189f80    000000ba     nortos.am263px.r5f.ti-arm-clang.debug.lib : ClockP_nortos.obj (.text.ClockP_stop)
                  7018a03a    00000006     --HOLE-- [fill = 0]
                  7018a040    000000ba     drivers.am263px.r5f.ti-arm-clang.nortos.debug.lib : ipc_notify_v1.obj (.text.IpcNotify_waitSync)
                  7018a0fa    00000006     --HOLE-- [fill = 0]
                  7018a100    000000ba     nortos.am263px.r5f.ti-arm-clang.debug.lib : PmuP_armv7r.obj (.text.pmu)
                  7018a1ba    00000006     --HOLE-- [fill = 0]
                  7018a1c0    000000b0     drivers.am263px.r5f.ti-arm-clang.nortos.debug.lib : mcan.obj (.text.MCAN_writeMsgRam)
                  7018a270    000000b0                                                       : soc_rcm.obj (.text.SOC_rcmSetPeripheralClock)
                  7018a320    000000b0                                                       : uart_v0.obj (.text.UART_init)
                  7018a3d0    000000b0     imu_interface_isr.o (.text.imu_uart_isr)
                  7018a480    000000ae     drivers.am263px.r5f.ti-arm-clang.nortos.debug.lib : mcan.obj (.text.MCAN_getOffsetAddr)
                  7018a52e    00000002     --HOLE-- [fill = 0]
                  7018a530    000000ae     gateway_shared.o (.text.gateway_write_motor_states)
                  7018a5de    00000002     --HOLE-- [fill = 0]
                  7018a5e0    000000ac     gateway_shared.o (.text.gateway_core1_wait_for_ready)
                  7018a68c    00000004     --HOLE-- [fill = 0]
                  7018a690    000000a8     nortos.am263px.r5f.ti-arm-clang.debug.lib : ClockP_nortos.obj (.text.ClockP_addToList)
                  7018a738    00000008     --HOLE-- [fill = 0]
                  7018a740    000000a8                                               : ClockP_nortos.obj (.text.ClockP_destruct)
                  7018a7e8    00000008     --HOLE-- [fill = 0]
                  7018a7f0    000000a8     ti_drivers_open_close.o (.text.Drivers_uartOpen)
                  7018a898    00000008     --HOLE-- [fill = 0]
                  7018a8a0    000000a0     drivers.am263px.r5f.ti-arm-clang.nortos.debug.lib : soc_rcm.obj (.text.SOC_rcmGetCoreHSDivOut)
                  7018a940    0000009e     gateway_shared.o (.text.gateway_core1_ipc_callback)
                  7018a9de    00000002     --HOLE-- [fill = 0]
                  7018a9e0    0000009e     yis320_protocol.o (.text.validate_checksum)
                  7018aa7e    00000002     --HOLE-- [fill = 0]
                  7018aa80    0000009a     imu_interface_isr.o (.text.imu_uart_read)
                  7018ab1a    00000006     --HOLE-- [fill = 0]
                  7018ab20    00000098     drivers.am263px.r5f.ti-arm-clang.nortos.debug.lib : ipc_notify_v1.obj (.text.IpcNotify_registerClient)
                  7018abb8    00000008     --HOLE-- [fill = 0]
                  7018abc0    00000096                                                       : uart_v0_lld.obj (.text.UART_subConfigTCRTLRModeEn)
                  7018ac56    0000000a     --HOLE-- [fill = 0]
                  7018ac60    00000092     nortos.am263px.r5f.ti-arm-clang.debug.lib : ClockP_nortos.obj (.text.ClockP_getTimeUsec)
                  7018acf2    0000000e     --HOLE-- [fill = 0]
                  7018ad00    00000092     drivers.am263px.r5f.ti-arm-clang.nortos.debug.lib : edma.obj (.text.EDMA_unmapChToEvtQ)
                  7018ad92    0000000e     --HOLE-- [fill = 0]
                  7018ada0    00000092     motor_mapping.o (.text.float_to_uint)
                  7018ae32    0000000e     --HOLE-- [fill = 0]
                  7018ae40    00000092     yis320_protocol.o (.text.yis320_convert_to_ipc)
                  7018aed2    0000000e     --HOLE-- [fill = 0]
                  7018aee0    0000008c     drivers.am263px.r5f.ti-arm-clang.nortos.debug.lib : edma.obj (.text.EDMA_disableTransferRegion)
                  7018af6c    00000004     --HOLE-- [fill = 0]
                  7018af70    0000008c                                                       : edma.obj (.text.EDMA_enableTransferRegion)
                  7018affc    00000004     --HOLE-- [fill = 0]
                  7018b000    00000088                                                       : uart_dma_edma.obj (.text.UART_edmaIsrRx)
                  7018b088    00000008     --HOLE-- [fill = 0]
                  7018b090    00000088                                                       : uart_dma_edma.obj (.text.UART_edmaIsrTx)
                  7018b118    00000008     --HOLE-- [fill = 0]
                  7018b120    00000088     main.o (.text.process_motor_commands)
                  7018b1a8    00000008     --HOLE-- [fill = 0]
                  7018b1b0    00000086     drivers.am263px.r5f.ti-arm-clang.nortos.debug.lib : uart_v0_lld.obj (.text.UART_lld_flushTxFifo)
                  7018b236    0000000a     --HOLE-- [fill = 0]
                  7018b240    00000086                                                       : uart_v0_lld.obj (.text.UART_tcrTlrBitValRestore)
                  7018b2c6    0000000a     --HOLE-- [fill = 0]
                  7018b2d0    00000082                                                       : edma.obj (.text.EDMA_allocDmaChannel)
                  7018b352    0000000e     --HOLE-- [fill = 0]
                  7018b360    00000082                                                       : edma.obj (.text.EDMA_allocParam)
                  7018b3e2    0000000e     --HOLE-- [fill = 0]
                  7018b3f0    00000082                                                       : edma.obj (.text.EDMA_allocTcc)
                  7018b472    0000000e     --HOLE-- [fill = 0]
                  7018b480    00000082                                                       : edma.obj (.text.EDMA_disableTccInShadowRegRegion)
                  7018b502    0000000e     --HOLE-- [fill = 0]
                  7018b510    00000082                                                       : edma.obj (.text.EDMA_enableTccInShadowRegRegion)
                  7018b592    0000000e     --HOLE-- [fill = 0]
                  7018b5a0    00000082                                                       : ipc_notify_v1.obj (.text.IpcNotify_syncAll)
                  7018b622    0000000e     --HOLE-- [fill = 0]
                  7018b630    00000082     imu_protocol_handler.o (.text.imu_protocol_manager_init)
                  7018b6b2    0000000e     --HOLE-- [fill = 0]
                  7018b6c0    00000080     drivers.am263px.r5f.ti-arm-clang.nortos.debug.lib : mcan.obj (.text.MCAN_addStdMsgIDFilter)
                  7018b740    00000080                                                       : uart_v0_lld.obj (.text.UART_moduleReset)
                  7018b7c0    0000007e     ti_drivers_config.o (.text.System_init)
                  7018b83e    00000002     --HOLE-- [fill = 0]
                  7018b840    0000007e     drivers.am263px.r5f.ti-arm-clang.nortos.debug.lib : uart_v0_lld.obj (.text.UART_readData)
                  7018b8be    00000002     --HOLE-- [fill = 0]
                  7018b8c0    0000007c     nortos.am263px.r5f.ti-arm-clang.debug.lib : DebugP_log.obj (.text._DebugP_assert)
                  7018b93c    00000004     --HOLE-- [fill = 0]
                  7018b940    0000007c     gateway_shared.o (.text.gateway_ringbuf_core1_init)
                  7018b9bc    00000004     --HOLE-- [fill = 0]
                  7018b9c0    0000007a     drivers.am263px.r5f.ti-arm-clang.nortos.debug.lib : ipc_notify_v1.obj (.text.IpcNotify_mailboxWrite)
                  7018ba3a    00000006     --HOLE-- [fill = 0]
                  7018ba40    0000007a                                                       : uart_v0.obj (.text.UART_Params_init)
                  7018baba    00000006     --HOLE-- [fill = 0]
                  7018bac0    0000007a     gateway_shared.o (.text.gateway_write_imu_state)
                  7018bb3a    00000006     --HOLE-- [fill = 0]
                  7018bb40    00000078     drivers.am263px.r5f.ti-arm-clang.nortos.debug.lib : edma.obj (.text.EDMA_linkChannel)
                  7018bbb8    00000008     --HOLE-- [fill = 0]
                  7018bbc0    00000074                                                       : uart_v0_lld.obj (.text.UART_IsBaseAddrValid)
                  7018bc34    0000000c     --HOLE-- [fill = 0]
                  7018bc40    00000072     nortos.am263px.r5f.ti-arm-clang.debug.lib : ClockP_nortos.obj (.text.ClockP_usleep)
                  7018bcb2    0000000e     --HOLE-- [fill = 0]
                  7018bcc0    00000072     drivers.am263px.r5f.ti-arm-clang.nortos.debug.lib : edma.obj (.text.EDMA_clrMissEvtRegion)
                  7018bd32    0000000e     --HOLE-- [fill = 0]
                  7018bd40    00000072                                                       : ipc_notify_v1.obj (.text.IpcNotify_makeMsg)
                  7018bdb2    0000000e     --HOLE-- [fill = 0]
                  7018bdc0    0000006e     yis320_protocol.o (.text.find_frame_header_limited)
                  7018be2e    00000002     --HOLE-- [fill = 0]
                  7018be30    0000006a     drivers.am263px.r5f.ti-arm-clang.nortos.debug.lib : ipc_notify_v1.obj (.text.IpcNotify_mailboxReadSwQ)
                  7018be9a    00000006     --HOLE-- [fill = 0]
                  7018bea0    00000068                                                       : edma.obj (.text.EDMA_getBaseAddr)
                  7018bf08    00000008     --HOLE-- [fill = 0]
                  7018bf10    00000068                                                       : uart_v0_lld.obj (.text.UART_divisorValCompute)
                  7018bf78    00000008     --HOLE-- [fill = 0]
                  7018bf80    00000068     imu_protocol_handler.o (.text.imu_protocol_get_state)
                  7018bfe8    00000008     --HOLE-- [fill = 0]
                  7018bff0    00000064     drivers.am263px.r5f.ti-arm-clang.nortos.debug.lib : soc_rcm.obj (.text.SOC_rcmGetR5Clock)
                  7018c054    0000000c     --HOLE-- [fill = 0]
                  7018c060    00000064                                                       : soc_rcm.obj (.text.SOC_rcmIsR5FInLockStepMode)
                  7018c0c4    0000000c     --HOLE-- [fill = 0]
                  7018c0d0    00000064                                                       : uart_v0_lld.obj (.text.UART_fifoRegisterWrite)
                  7018c134    0000000c     --HOLE-- [fill = 0]
                  7018c140    00000064                                                       : uart_v0_lld.obj (.text.UART_lld_deInitDma)
                  7018c1a4    0000000c     --HOLE-- [fill = 0]
                  7018c1b0    00000064     imu_protocol_handler.o (.text.imu_protocol_process_uart_rx)
                  7018c214    0000000c     --HOLE-- [fill = 0]
                  7018c220    00000062     drivers.am263px.r5f.ti-arm-clang.nortos.debug.lib : mcan.obj (.text.MCAN_enableIntr)
                  7018c282    0000000e     --HOLE-- [fill = 0]
                  7018c290    00000062                                                       : mcan.obj (.text.MCAN_initTxBufElement)
                  7018c2f2    0000000e     --HOLE-- [fill = 0]
                  7018c300    00000062                                                       : soc_rcm.obj (.text.SOC_rcmInsert16)
                  7018c362    0000000e     --HOLE-- [fill = 0]
                  7018c370    00000062     nortos.am263px.r5f.ti-arm-clang.debug.lib : SemaphoreP_nortos.obj (.text.SemaphoreP_post)
                  7018c3d2    0000000e     --HOLE-- [fill = 0]
                  7018c3e0    00000060     drivers.am263px.r5f.ti-arm-clang.nortos.debug.lib : mcan.obj (.text.MCAN_selectIntrLine)
                  7018c440    00000060                                                       : uart_v0_lld.obj (.text.UART_getChar)
                  7018c4a0    00000060                                                       : uart_v0_lld.obj (.text.UART_writeData)
                  7018c500    0000005e     yis320_protocol.o (.text.yis320_protocol_handler_init)
                  7018c55e    00000002     --HOLE-- [fill = 0]
                  7018c560    0000005c     ti_power_clock_config.o (.text.Module_clockSetFrequency)
                  7018c5bc    00000004     --HOLE-- [fill = 0]
                  7018c5c0    0000005c     drivers.am263px.r5f.ti-arm-clang.nortos.debug.lib : uart_v0_lld.obj (.text.UART_lld_deInit)
                  7018c61c    00000004     --HOLE-- [fill = 0]
                  7018c620    0000005a                                                       : uart_v0_lld.obj (.text.UART_regConfigModeEnable)
                  7018c67a    00000006     --HOLE-- [fill = 0]
                  7018c680    00000058                                                       : soc_rcm.obj (.text.SOC_rcmGetModuleClkDivVal)
                  7018c6d8    00000008     --HOLE-- [fill = 0]
                  7018c6e0    00000058     yis320_protocol.o (.text.parse_angular_velocity)
                  7018c738    00000008     --HOLE-- [fill = 0]
                  7018c740    00000058     yis320_protocol.o (.text.parse_euler_angles)
                  7018c798    00000008     --HOLE-- [fill = 0]
                  7018c7a0    00000056     drivers.am263px.r5f.ti-arm-clang.nortos.debug.lib : uart_v0.obj (.text.UART_lld_readCompleteCallback)
                  7018c7f6    0000000a     --HOLE-- [fill = 0]
                  7018c800    00000056                                                       : uart_v0.obj (.text.UART_lld_writeCompleteCallback)
                  7018c856    0000000a     --HOLE-- [fill = 0]
                  7018c860    00000056     motor_mapping.o (.text.uint16_to_float)
                  7018c8b6    0000000a     --HOLE-- [fill = 0]
                  7018c8c0    00000056     yis320_protocol.o (.text.vtable_initialize)
                  7018c916    0000000a     --HOLE-- [fill = 0]
                  7018c920    00000054     ti_dpl_config.o (.text.Dpl_init)
                  7018c974    0000000c     --HOLE-- [fill = 0]
                  7018c980    00000054     drivers.am263px.r5f.ti-arm-clang.nortos.debug.lib : edma.obj (.text.EDMA_setPaRAM)
                  7018c9d4    0000000c     --HOLE-- [fill = 0]
                  7018c9e0    00000054                                                       : uart_v0_lld.obj (.text.UART_OperModeValid)
                  7018ca34    0000000c     --HOLE-- [fill = 0]
                  7018ca40    00000054     main.o (.text.main)
                  7018ca94    00000054     libc.a : autoinit.c.obj (.text:__TI_auto_init_nobinit_nopinit)
                  7018cae8    00000008     --HOLE-- [fill = 0]
                  7018caf0    00000050     ti_drivers_open_close.o (.text.Drivers_uartClose)
                  7018cb40    00000050     drivers.am263px.r5f.ti-arm-clang.nortos.debug.lib : pinmux.obj (.text.Pinmux_config)
                  7018cb90    00000050                                                       : uart_v0_lld.obj (.text.UART_checkCharsAvailInFifo)
                  7018cbe0    00000050     main.o (.text.ipc_notify_callback_fxn)
                  7018cc30    0000004e     nortos.am263px.r5f.ti-arm-clang.debug.lib : DebugP_shmLogWriter.obj (.text.DebugP_shmLogWriterInit)
                  7018cc7e    00000002     --HOLE-- [fill = 0]
                  7018cc80    0000004e     drivers.am263px.r5f.ti-arm-clang.nortos.debug.lib : edma.obj (.text.EDMA_clrEvtRegion)
                  7018ccce    00000002     --HOLE-- [fill = 0]
                  7018ccd0    0000004e                                                       : edma.obj (.text.EDMA_disableDmaEvtRegion)
                  7018cd1e    00000002     --HOLE-- [fill = 0]
                  7018cd20    0000004e                                                       : edma.obj (.text.EDMA_disableEvtIntrRegion)
                  7018cd6e    00000002     --HOLE-- [fill = 0]
                  7018cd70    0000004e                                                       : edma.obj (.text.EDMA_enableDmaEvtRegion)
                  7018cdbe    00000002     --HOLE-- [fill = 0]
                  7018cdc0    0000004e                                                       : edma.obj (.text.EDMA_enableEvtIntrRegion)
                  7018ce0e    00000002     --HOLE-- [fill = 0]
                  7018ce10    0000004e                                                       : edma.obj (.text.EDMA_setEvtRegion)
                  7018ce5e    00000002     --HOLE-- [fill = 0]
                  7018ce60    0000004e                                                       : gpio.obj (.text.GPIO_setDirMode)
                  7018ceae    00000002     --HOLE-- [fill = 0]
                  7018ceb0    0000004e                                                       : mcan.obj (.text.MCAN_enableIntrLine)
                  7018cefe    00000002     --HOLE-- [fill = 0]
                  7018cf00    0000004c     nortos.am263px.r5f.ti-arm-clang.debug.lib : ClockP_nortos.obj (.text.ClockP_construct)
                  7018cf4c    00000004     --HOLE-- [fill = 0]
                  7018cf50    0000004c     drivers.am263px.r5f.ti-arm-clang.nortos.debug.lib : edma.obj (.text.EDMA_ccPaRAMEntry_init)
                  7018cf9c    00000004     --HOLE-- [fill = 0]
                  7018cfa0    0000004c                                                       : edma.obj (.text.EDMA_mapQdmaChToPaRAM)
                  7018cfec    00000004     --HOLE-- [fill = 0]
                  7018cff0    0000004c                                                       : edma.obj (.text.EDMA_readEventStatusRegion)
                  7018d03c    00000004     --HOLE-- [fill = 0]
                  7018d040    0000004c                                                       : ipc_notify_v1.obj (.text.IpcNotify_unregisterClient)
                  7018d08c    00000004     --HOLE-- [fill = 0]
                  7018d090    0000004c     ti_power_clock_config.o (.text.Module_clockEnable)
                  7018d0dc    00000004     --HOLE-- [fill = 0]
                  7018d0e0    0000004c     gateway_shared.o (.text.gateway_update_stat)
                  7018d12c    0000004c     libc.a : memmov.c.obj (.text.memmove)
                  7018d178    00000008     --HOLE-- [fill = 0]
                  7018d180    0000004c     yis320_protocol.o (.text.parse_quaternion)
                  7018d1cc    00000004     --HOLE-- [fill = 0]
                  7018d1d0    0000004c     main.o (.text.timerISR)
                  7018d21c    00000004     --HOLE-- [fill = 0]
                  7018d220    0000004a     can_interface.o (.text.CAN_GetStats)
                  7018d26a    00000006     --HOLE-- [fill = 0]
                  7018d270    0000004a     drivers.am263px.r5f.ti-arm-clang.nortos.debug.lib : ipc_notify_v1.obj (.text.IpcNotify_Params_init)
                  7018d2ba    00000006     --HOLE-- [fill = 0]
                  7018d2c0    0000004a                                                       : soc_rcm.obj (.text.SOC_rcmGetCR5SysclkInFrequency)
                  7018d30a    00000006     --HOLE-- [fill = 0]
                  7018d310    0000004a                                                       : uart_v0_lld.obj (.text.UART_getIntrIdentityStatus)
                  7018d35a    00000006     --HOLE-- [fill = 0]
                  7018d360    0000004a                                                       : uart_v0_lld.obj (.text.UART_lineCharConfig)
                  7018d3aa    00000006     --HOLE-- [fill = 0]
                  7018d3b0    0000004a     main.o (.text.motor_get_index)
                  7018d3fa    00000006     --HOLE-- [fill = 0]
                  7018d400    00000048     can_interface.o (.text.CAN_RegisterRxCallback)
                  7018d448    00000008     --HOLE-- [fill = 0]
                  7018d450    00000048     drivers.am263px.r5f.ti-arm-clang.nortos.debug.lib : uart_v0_lld.obj (.text.UART_resetModule)
                  7018d498    00000008     --HOLE-- [fill = 0]
                  7018d4a0    00000046                                                       : uart_v0_lld.obj (.text.UART_i2310WA)
                  7018d4e6    0000000a     --HOLE-- [fill = 0]
                  7018d4f0    00000046                                                       : uart_v0_lld.obj (.text.UART_readLineStatus)
                  7018d536    0000000a     --HOLE-- [fill = 0]
                  7018d540    00000046     imu_protocol_handler.o (.text.imu_protocol_handler_init)
                  7018d586    0000000a     --HOLE-- [fill = 0]
                  7018d590    00000044     drivers.am263px.r5f.ti-arm-clang.nortos.debug.lib : ipc_notify_v1.obj (.text.IpcNotify_getWriteMailbox)
                  7018d5d4    0000000c     --HOLE-- [fill = 0]
                  7018d5e0    00000044                                                       : soc_rcm.obj (.text.SOC_rcmExtract8)
                  7018d624    0000000c     --HOLE-- [fill = 0]
                  7018d630    00000044                                                       : soc_rcm.obj (.text.SOC_rcmMake16)
                  7018d674    0000000c     --HOLE-- [fill = 0]
                  7018d680    00000044     nortos.am263px.r5f.ti-arm-clang.debug.lib : SemaphoreP_nortos.obj (.text.SemaphoreP_construct)
                  7018d6c4    0000000c     --HOLE-- [fill = 0]
                  7018d6d0    00000044                                               : DebugP_nortos.obj (.text._DebugP_logZone)
                  7018d714    0000000c     --HOLE-- [fill = 0]
                  7018d720    00000044                                               : printf.obj (.text._strnlen_s)
                  7018d764    0000000c     --HOLE-- [fill = 0]
                  7018d770    00000042                                               : ClockP_nortos.obj (.text.ClockP_start)
                  7018d7b2    0000000e     --HOLE-- [fill = 0]
                  7018d7c0    00000042     drivers.am263px.r5f.ti-arm-clang.nortos.debug.lib : uart_v0.obj (.text.UART_checkOpenParams)
                  7018d802    0000000e     --HOLE-- [fill = 0]
                  7018d810    00000040     imu_protocol_handler.o (.text.imu_protocol_update_state)
                  7018d850    0000003e     drivers.am263px.r5f.ti-arm-clang.nortos.debug.lib : pinmux.obj (.text.Pinmux_unlockMMR)
                  7018d88e    00000002     --HOLE-- [fill = 0]
                  7018d890    0000003e                                                       : uart_v0_lld.obj (.text.UART_IsHWFlowCtrlValid)
                  7018d8ce    00000002     --HOLE-- [fill = 0]
                  7018d8d0    0000003e                                                       : uart_v0_lld.obj (.text.UART_spaceAvail)
                  7018d90e    00000002     --HOLE-- [fill = 0]
                  7018d910    0000003e     gateway_shared.o (.text.gateway_core1_init)
                  7018d94e    00000002     --HOLE-- [fill = 0]
                  7018d950    0000003e     gateway_shared.o (.text.gateway_update_heartbeat)
                  7018d98e    00000002     --HOLE-- [fill = 0]
                  7018d990    0000003c     drivers.am263px.r5f.ti-arm-clang.nortos.debug.lib : uart_v0_lld.obj (.text.UART_IsParityTypeValid)
                  7018d9cc    00000004     --HOLE-- [fill = 0]
                  7018d9d0    0000003c                                                       : uart_v0_lld.obj (.text.UART_IsTxRxFifoEmpty)
                  7018da0c    00000004     --HOLE-- [fill = 0]
                  7018da10    0000003c                                                       : uart_v0_lld.obj (.text.UART_enhanFuncEnable)
                  7018da4c    00000004     --HOLE-- [fill = 0]
                  7018da50    0000003a                                                       : mcan.obj (.text.MCAN_txBufAddReq)
                  7018da8a    00000006     --HOLE-- [fill = 0]
                  7018da90    0000003a                                                       : soc.obj (.text.SOC_moduleSetClockFrequency)
                  7018daca    00000006     --HOLE-- [fill = 0]
                  7018dad0    0000003a     nortos.am263px.r5f.ti-arm-clang.debug.lib : printf.obj (.text._atoi)
                  7018db0a    00000006     --HOLE-- [fill = 0]
                  7018db10    0000003a     main.o (.text.init_1000hz_timer)
                  7018db4a    00000006     --HOLE-- [fill = 0]
                  7018db50    0000003a     nortos.am263px.r5f.ti-arm-clang.debug.lib : printf.obj (.text.snprintf_)
                  7018db8a    00000006     --HOLE-- [fill = 0]
                  7018db90    00000038     drivers.am263px.r5f.ti-arm-clang.nortos.debug.lib : soc.obj (.text.SOC_getCoreName)
                  7018dbc8    00000038     nortos.am263px.r5f.ti-arm-clang.debug.lib : PmuP_armv7r_asm.obj (.text.pmu)
                  7018dc00    00000038     yis320_protocol.o (.text.vtable_is_connected)
                  7018dc38    00000008     --HOLE-- [fill = 0]
                  7018dc40    00000036     drivers.am263px.r5f.ti-arm-clang.nortos.debug.lib : edma.obj (.text.EDMA_getRegionId)
                  7018dc76    0000000a     --HOLE-- [fill = 0]
                  7018dc80    00000036     can_interface.o (.text.GPIO_pinWriteLow)
                  7018dcb6    0000000a     --HOLE-- [fill = 0]
                  7018dcc0    00000036     ti_drivers_config.o (.text.GPIO_pinWriteLow)
                  7018dcf6    0000000a     --HOLE-- [fill = 0]
                  7018dd00    00000036     drivers.am263px.r5f.ti-arm-clang.nortos.debug.lib : ipc_notify_v1.obj (.text.IpcNotify_syncCallback)
                  7018dd36    0000000a     --HOLE-- [fill = 0]
                  7018dd40    00000034                                                       : mcan.obj (.text.MCAN_SsAddr)
                  7018dd74    0000000c     --HOLE-- [fill = 0]
                  7018dd80    00000034                                                       : mcan.obj (.text.MCAN_calcCfgAddr)
                  7018ddb4    0000000c     --HOLE-- [fill = 0]
                  7018ddc0    00000034                                                       : pinmux.obj (.text.Pinmux_lockMMR)
                  7018ddf4    0000000c     --HOLE-- [fill = 0]
                  7018de00    00000034     nortos.am263px.r5f.ti-arm-clang.debug.lib : TimerP_rti_priv.obj (.text.TimerP_Params_initPriv)
                  7018de34    0000000c     --HOLE-- [fill = 0]
                  7018de40    00000034     drivers.am263px.r5f.ti-arm-clang.nortos.debug.lib : uart_v0_lld.obj (.text.UART_IsDataLengthValid)
                  7018de74    0000000c     --HOLE-- [fill = 0]
                  7018de80    00000034     motor_mapping.o (.text.motor_get_config)
                  7018deb4    0000000c     --HOLE-- [fill = 0]
                  7018dec0    00000032     drivers.am263px.r5f.ti-arm-clang.nortos.debug.lib : mcan.obj (.text.HW_WR_FIELD32_RAW)
                  7018def2    0000000e     --HOLE-- [fill = 0]
                  7018df00    00000032                                                       : uart_v0_lld.obj (.text.HW_WR_FIELD32_RAW)
                  7018df32    0000000e     --HOLE-- [fill = 0]
                  7018df40    00000032                                                       : ipc_notify_v1.obj (.text.IpcNotify_mailboxIsPendingIntr)
                  7018df72    0000000e     --HOLE-- [fill = 0]
                  7018df80    00000032                                                       : mcan.obj (.text.MCAN_isMemInitDone)
                  7018dfb2    0000000e     --HOLE-- [fill = 0]
                  7018dfc0    00000032     nortos.am263px.r5f.ti-arm-clang.debug.lib : TimerP_rti_priv.obj (.text.TimerP_getCountPriv)
                  7018dff2    0000000e     --HOLE-- [fill = 0]
                  7018e000    00000032     drivers.am263px.r5f.ti-arm-clang.nortos.debug.lib : uart_v0_lld.obj (.text.UART_enhanFuncBitValRestore)
                  7018e032    0000000e     --HOLE-- [fill = 0]
                  7018e040    00000032                                                       : uart_v0_lld.obj (.text.UART_hardwareFlowCtrlOptSet)
                  7018e072    0000000e     --HOLE-- [fill = 0]
                  7018e080    00000030                                                       : ipc_notify_v1.obj (.text.IpcNotify_getReadSwQ)
                  7018e0b0    00000030                                                       : uart_v0_lld.obj (.text.UART_flowCtrlTrigLvlConfig)
                  7018e0e0    00000030     gateway_shared.o (.text.gateway_signal_motor_config_ready)
                  7018e110    0000002e     drivers.am263px.r5f.ti-arm-clang.nortos.debug.lib : uart_dma_edma.obj (.text.UART_lld_dmaInit)
                  7018e13e    00000002     --HOLE-- [fill = 0]
                  7018e140    0000002e     nortos.am263px.r5f.ti-arm-clang.debug.lib : printf.obj (.text._is_digit)
                  7018e16e    00000002     --HOLE-- [fill = 0]
                  7018e170    0000002c                                               : DebugP_log.obj (.text.DebugP_logZoneEnable)
                  7018e19c    00000004     --HOLE-- [fill = 0]
                  7018e1a0    0000002c     drivers.am263px.r5f.ti-arm-clang.nortos.debug.lib : ipc_notify_v1.obj (.text.IpcNotify_getReadMailbox)
                  7018e1cc    00000004     --HOLE-- [fill = 0]
                  7018e1d0    0000002c                                                       : mcan.obj (.text.MCAN_clearNewDataStatus)
                  7018e1fc    00000004     --HOLE-- [fill = 0]
                  7018e200    0000002c                                                       : mcan.obj (.text.MCAN_getNewDataStatus)
                  7018e22c    00000004     --HOLE-- [fill = 0]
                  7018e230    0000002c     nortos.am263px.r5f.ti-arm-clang.debug.lib : SemaphoreP_nortos.obj (.text.SemaphoreP_constructBinary)
                  7018e25c    00000004     --HOLE-- [fill = 0]
                  7018e260    0000002c     yis320_protocol.o (.text.vtable_deinit)
                  7018e28c    00000004     --HOLE-- [fill = 0]
                  7018e290    0000002a     nortos.am263px.r5f.ti-arm-clang.debug.lib : ClockP_nortos.obj (.text.ClockP_sleepTicks)
                  7018e2ba    00000006     --HOLE-- [fill = 0]
                  7018e2c0    0000002a     drivers.am263px.r5f.ti-arm-clang.nortos.debug.lib : uart_v0_lld.obj (.text.UART_intr2Disable)
                  7018e2ea    00000006     --HOLE-- [fill = 0]
                  7018e2f0    0000002a                                                       : uart_v0_lld.obj (.text.UART_operatingModeSelect)
                  7018e31a    00000006     --HOLE-- [fill = 0]
                  7018e320    0000002a     imu_protocol_handler.o (.text.imu_process_rx_data)
                  7018e34a    00000006     --HOLE-- [fill = 0]
                  7018e350    00000028     nortos.am263px.r5f.ti-arm-clang.debug.lib : CpuId_armv7r.obj (.text.CSL_armR5GetCpuID)
                  7018e378    00000008     --HOLE-- [fill = 0]
                  7018e380    00000028                                               : printf.obj (.text.vprintf_)
                  7018e3a8    00000008     --HOLE-- [fill = 0]
                  7018e3b0    00000026     drivers.am263px.r5f.ti-arm-clang.nortos.debug.lib : edma.obj (.text.EDMA_disableQdmaEvtRegion)
                  7018e3d6    0000000a     --HOLE-- [fill = 0]
                  7018e3e0    00000026                                                       : edma.obj (.text.EDMA_enableQdmaEvtRegion)
                  7018e406    0000000a     --HOLE-- [fill = 0]
                  7018e410    00000026                                                       : edma.obj (.text.EDMA_validateIntrObject)
                  7018e436    0000000a     --HOLE-- [fill = 0]
                  7018e440    00000026     ti_drivers_config.o (.text.IpcNotify_allocSwQueue)
                  7018e466    0000000a     --HOLE-- [fill = 0]
                  7018e470    00000026     nortos.am263px.r5f.ti-arm-clang.debug.lib : printf.obj (.text._out_buffer)
                  7018e496    0000000a     --HOLE-- [fill = 0]
                  7018e4a0    00000024     ti_drivers_config.o (.text.IpcNotify_getConfig)
                  7018e4c4    0000000c     --HOLE-- [fill = 0]
                  7018e4d0    00000024     nortos.am263px.r5f.ti-arm-clang.debug.lib : SemaphoreP_nortos.obj (.text.SemaphoreP_constructMutex)
                  7018e4f4    0000000c     --HOLE-- [fill = 0]
                  7018e500    00000024     drivers.am263px.r5f.ti-arm-clang.nortos.debug.lib : uart_v0_lld.obj (.text.UART_IsRxTrigLvlValid)
                  7018e524    0000000c     --HOLE-- [fill = 0]
                  7018e530    00000024                                                       : uart_v0_lld.obj (.text.UART_IsStopBitsValid)
                  7018e554    0000000c     --HOLE-- [fill = 0]
                  7018e560    00000024                                                       : uart_v0_lld.obj (.text.UART_IsTxTrigLvlValid)
                  7018e584    0000000c     --HOLE-- [fill = 0]
                  7018e590    00000024                                                       : uart_v0.obj (.text.UART_getBaseAddr)
                  7018e5b4    00000024     libclang_rt.builtins.a : aeabi_uldivmod.S.obj (.text.__aeabi_uldivmod)
                  7018e5d8    00000008     --HOLE-- [fill = 0]
                  7018e5e0    00000024     nortos.am263px.r5f.ti-arm-clang.debug.lib : printf.obj (.text._out_char)
                  7018e604    0000000c     --HOLE-- [fill = 0]
                  7018e610    00000022     drivers.am263px.r5f.ti-arm-clang.nortos.debug.lib : edma.obj (.text.EDMA_channelToParamMap)
                  7018e632    0000000e     --HOLE-- [fill = 0]
                  7018e640    00000022     gateway_shared.o (.text.gateway_ringbuf_core1_receive)
                  7018e662    0000000e     --HOLE-- [fill = 0]
                  7018e670    00000020     nortos.am263px.r5f.ti-arm-clang.debug.lib : ClockP_nortos.obj (.text.ClockP_isActive)
                  7018e690    00000020                                               : ClockP_nortos.obj (.text.ClockP_usecToTicks)
                  7018e6b0    00000020     drivers.am263px.r5f.ti-arm-clang.nortos.debug.lib : mcan.obj (.text.HW_RD_FIELD32_RAW)
                  7018e6d0    00000020                                                       : uart_v0_lld.obj (.text.HW_RD_FIELD32_RAW)
                  7018e6f0    0000001e     nortos.am263px.r5f.ti-arm-clang.debug.lib : ClockP_nortos.obj (.text.ClockP_Params_init)
                  7018e70e    00000002     --HOLE-- [fill = 0]
                  7018e710    0000001e     drivers.am263px.r5f.ti-arm-clang.nortos.debug.lib : edma.obj (.text.EDMA_getEventStatusHigh)
                  7018e72e    00000002     --HOLE-- [fill = 0]
                  7018e730    0000001e                                                       : mcan.obj (.text.MCAN_setOpMode)
                  7018e74e    00000002     --HOLE-- [fill = 0]
                  7018e750    0000001e                                                       : soc.obj (.text.SOC_getSelfCpuClk)
                  7018e76e    00000002     --HOLE-- [fill = 0]
                  7018e770    0000001e                                                       : soc.obj (.text.SOC_moduleClockEnable)
                  7018e78e    00000002     --HOLE-- [fill = 0]
                  7018e790    0000001e     ti_dpl_config.o (.text.TimerP_isr0)
                  7018e7ae    00000002     --HOLE-- [fill = 0]
                  7018e7b0    0000001e     drivers.am263px.r5f.ti-arm-clang.nortos.debug.lib : uart_v0_lld.obj (.text.UART_breakCtl)
                  7018e7ce    00000002     --HOLE-- [fill = 0]
                  7018e7d0    0000001e                                                       : uart_v0_lld.obj (.text.UART_lld_Transaction_deInit)
                  7018e7ee    00000002     --HOLE-- [fill = 0]
                  7018e7f0    0000001c                                                       : edma.obj (.text.EDMA_getEventStatus)
                  7018e80c    00000004     --HOLE-- [fill = 0]
                  7018e810    0000001c                                                       : mcan.obj (.text.MCAN_writeProtectedRegAccessLock)
                  7018e82c    00000004     --HOLE-- [fill = 0]
                  7018e830    0000001c                                                       : mcan.obj (.text.MCAN_writeProtectedRegAccessUnlock)
                  7018e84c    00000004     --HOLE-- [fill = 0]
                  7018e850    0000001c                                                       : uart_v0_lld.obj (.text.UART_IsParameter)
                  7018e86c    0000001c     libc.a : memcpy32.S.obj (.text:TI_memcpy_small)
                  7018e888    00000008     --HOLE-- [fill = 0]
                  7018e890    0000001a     drivers.am263px.r5f.ti-arm-clang.nortos.debug.lib : mcan.obj (.text.MCAN_clearIntrStatus)
                  7018e8aa    00000006     --HOLE-- [fill = 0]
                  7018e8b0    0000001a                                                       : mcan.obj (.text.MCAN_getOpMode)
                  7018e8ca    00000006     --HOLE-- [fill = 0]
                  7018e8d0    0000001a                                                       : uart_v0_lld.obj (.text.UART_fifoCharGet)
                  7018e8ea    00000006     --HOLE-- [fill = 0]
                  7018e8f0    0000001a                                                       : uart_v0_lld.obj (.text.UART_timeGuardConfig)
                  7018e90a    00000006     --HOLE-- [fill = 0]
                  7018e910    00000018     nortos.am263px.r5f.ti-arm-clang.debug.lib : ClockP_nortos.obj (.text.ClockP_ticksToUsec)
                  7018e928    00000008     --HOLE-- [fill = 0]
                  7018e930    00000018     drivers.am263px.r5f.ti-arm-clang.nortos.debug.lib : edma.obj (.text.EDMA_isInterruptEnabled)
                  7018e948    00000008     --HOLE-- [fill = 0]
                  7018e950    00000018                                                       : ipc_notify_v1.obj (.text.IpcNotify_mailboxClearAllInt)
                  7018e968    00000008     --HOLE-- [fill = 0]
                  7018e970    00000018                                                       : ipc_notify_v1_cfg.obj (.text.IpcNotify_trigInterrupt)
                  7018e988    00000008     --HOLE-- [fill = 0]
                  7018e990    00000018     nortos.am263px.r5f.ti-arm-clang.debug.lib : SemaphoreP_nortos.obj (.text.SemaphoreP_Params_init)
                  7018e9a8    00000008     --HOLE-- [fill = 0]
                  7018e9b0    00000018                                               : TimerP_rti_priv.obj (.text.TimerP_getReloadCountPriv)
                  7018e9c8    00000008     --HOLE-- [fill = 0]
                  7018e9d0    00000018     drivers.am263px.r5f.ti-arm-clang.nortos.debug.lib : uart_v0_lld.obj (.text.UART_divisorLatchDisable)
                  7018e9e8    00000008     --HOLE-- [fill = 0]
                  7018e9f0    00000018                                                       : uart_v0_lld.obj (.text.UART_modemControlReset)
                  7018ea08    00000008     --HOLE-- [fill = 0]
                  7018ea10    00000018                                                       : uart_v0_lld.obj (.text.UART_putChar)
                  7018ea28    00000018     libc.a : memset32.S.obj (.text:TI_memset_small)
                  7018ea40    00000016     drivers.am263px.r5f.ti-arm-clang.nortos.debug.lib : ipc_notify_v1.obj (.text.IpcNotify_sendSync)
                  7018ea56    0000000a     --HOLE-- [fill = 0]
                  7018ea60    00000016                                                       : mcan.obj (.text.MCAN_getIntrStatus)
                  7018ea76    0000000a     --HOLE-- [fill = 0]
                  7018ea80    00000016     nortos.am263px.r5f.ti-arm-clang.debug.lib : TimerP_rti_priv.obj (.text.TimerP_startPriv)
                  7018ea96    0000000a     --HOLE-- [fill = 0]
                  7018eaa0    00000016                                               : TimerP_rti_priv.obj (.text.TimerP_stopPriv)
                  7018eab6    0000000a     --HOLE-- [fill = 0]
                  7018eac0    00000016     drivers.am263px.r5f.ti-arm-clang.nortos.debug.lib : uart_v0_lld.obj (.text.UART_divideRoundCloset)
                  7018ead6    0000000a     --HOLE-- [fill = 0]
                  7018eae0    00000016                                                       : uart_v0_lld.obj (.text.UART_regConfModeRestore)
                  7018eaf6    0000000a     --HOLE-- [fill = 0]
                  7018eb00    00000014                                                       : edma.obj (.text.HW_WR_REG16_RAW)
                  7018eb14    0000000c     --HOLE-- [fill = 0]
                  7018eb20    00000014                                                       : ipc_notify_v1.obj (.text.IpcNotify_mailboxClearPendingIntr)
                  7018eb34    0000000c     --HOLE-- [fill = 0]
                  7018eb40    00000014                                                       : soc_rcm.obj (.text.SOC_rcmGetModuleClkDivFromRegVal)
                  7018eb54    0000000c     --HOLE-- [fill = 0]
                  7018eb60    00000014     nortos.am263px.r5f.ti-arm-clang.debug.lib : TimerP_rti_priv.obj (.text.TimerP_clearOverflowIntPriv)
                  7018eb74    0000000c     --HOLE-- [fill = 0]
                  7018eb80    00000014                                               : TimerP_rti_nortos.obj (.text.TimerP_setup)
                  7018eb94    0000000c     --HOLE-- [fill = 0]
                  7018eba0    00000014     ti_dpl_config.o (.text.putchar_)
                  7018ebb4    0000000c     --HOLE-- [fill = 0]
                  7018ebc0    00000012     ti_pinmux_config.o (.text.Pinmux_init)
                  7018ebd2    0000000e     --HOLE-- [fill = 0]
                  7018ebe0    00000012     gateway_shared.o (.text.gateway_check_emergency_stop)
                  7018ebf2    0000000e     --HOLE-- [fill = 0]
                  7018ec00    00000012     imu_protocol_handler.o (.text.imu_initialize)
                  7018ec12    0000000e     --HOLE-- [fill = 0]
                  7018ec20    00000012     imu_interface_isr.o (.text.imu_uart_is_initialized)
                  7018ec32    0000000e     --HOLE-- [fill = 0]
                  7018ec40    00000012     yis320_protocol.o (.text.yis320_get_timestamp_ms)
                  7018ec52    0000000e     --HOLE-- [fill = 0]
                  7018ec60    00000010     can_interface.o (.text.CSL_REG32_WR_RAW)
                  7018ec70    00000010     drivers.am263px.r5f.ti-arm-clang.nortos.debug.lib : pinmux.obj (.text.CSL_REG32_WR_RAW)
                  7018ec80    00000010                                                       : soc.obj (.text.CSL_REG32_WR_RAW)
                  7018ec90    00000010     ti_drivers_config.o (.text.CSL_REG32_WR_RAW)
                  7018eca0    00000010     nortos.am263px.r5f.ti-arm-clang.debug.lib : ClockP_nortos_r5.obj (.text.ClockP_getTimerCount)
                  7018ecb0    00000010                                               : ClockP_nortos_r5.obj (.text.ClockP_timerClearOverflowInt)
                  7018ecc0    00000010     drivers.am263px.r5f.ti-arm-clang.nortos.debug.lib : edma.obj (.text.HW_RD_REG32_RAW)
                  7018ecd0    00000010                                                       : mcan.obj (.text.HW_RD_REG32_RAW)
                  7018ece0    00000010                                                       : uart_v0_lld.obj (.text.HW_RD_REG32_RAW)
                  7018ecf0    00000010                                                       : edma.obj (.text.HW_WR_REG32_RAW)
                  7018ed00    00000010                                                       : mcan.obj (.text.HW_WR_REG32_RAW)
                  7018ed10    00000010                                                       : uart_v0_lld.obj (.text.HW_WR_REG32_RAW)
                  7018ed20    00000010                                                       : ipc_notify_v1.obj (.text.IpcNotify_mailboxGetPendingIntr)
                  7018ed30    00000010     nortos.am263px.r5f.ti-arm-clang.debug.lib : TimerP_rti_nortos.obj (.text.TimerP_Params_init)
                  7018ed40    00000010                                               : TimerP_rti_nortos.obj (.text.TimerP_clearOverflowInt)
                  7018ed50    00000010                                               : TimerP_rti_nortos.obj (.text.TimerP_getCount)
                  7018ed60    00000010                                               : TimerP_rti_nortos.obj (.text.TimerP_getReloadCount)
                  7018ed70    00000010                                               : TimerP_rti_nortos.obj (.text.TimerP_start)
                  7018ed80    00000010                                               : printf.obj (.text._out_null)
                  7018ed90    00000010     gateway_shared.o (.text.gateway_notify_imu_ready)
                  7018eda0    00000010     gateway_shared.o (.text.gateway_notify_states_ready)
                  7018edb0    0000000e     yis320_protocol.o (.text.yis320_uart_configure)
                  7018edbe    00000002     --HOLE-- [fill = 0]
                  7018edc0    0000000c     ti_board_open_close.o (.text.Board_driversOpen)
                  7018edcc    00000004     --HOLE-- [fill = 0]
                  7018edd0    0000000c     nortos.am263px.r5f.ti-arm-clang.debug.lib : ClockP_nortos.obj (.text.ClockP_getTicks)
                  7018eddc    00000004     --HOLE-- [fill = 0]
                  7018ede0    0000000c     ti_drivers_open_close.o (.text.Drivers_open)
                  7018edec    00000004     --HOLE-- [fill = 0]
                  7018edf0    0000000c     ti_power_clock_config.o (.text.PowerClock_init)
                  7018edfc    00000004     --HOLE-- [fill = 0]
                  7018ee00    0000000c     yis320_protocol.o (.text.vtable_read_data)
                  7018ee0c    00000004     --HOLE-- [fill = 0]
                  7018ee10    0000000a     nortos.am263px.r5f.ti-arm-clang.debug.lib : HwiP_armv7r_vim.obj (.text.Hwip_dataAndInstructionBarrier)
                  7018ee1a    00000006     --HOLE-- [fill = 0]
                  7018ee20    0000000a     drivers.am263px.r5f.ti-arm-clang.nortos.debug.lib : ipc_notify_v1.obj (.text.IpcNotify_dataAndInstructionBarrier)
                  7018ee2a    00000006     --HOLE-- [fill = 0]
                  7018ee30    0000000a                                                       : soc_rcm.obj (.text.SOC_rcmGetBaseAddressMSSRCM)
                  7018ee3a    00000006     --HOLE-- [fill = 0]
                  7018ee40    0000000a                                                       : uart_dma_edma.obj (.text.UART_edmaDoNothing)
                  7018ee4a    00000006     --HOLE-- [fill = 0]
                  7018ee50    0000000a     gateway_shared.o (.text.gateway_memory_barrier)
                  7018ee5a    00000006     --HOLE-- [fill = 0]
                  7018ee60    0000000a     gateway_shared.o (.text.ringbuf_get_ptr)
                  7018ee6a    00000006     --HOLE-- [fill = 0]
                  7018ee70    00000008     ti_drivers_config.o (.text.Drivers_uartInit)
                  7018ee78    00000008     --HOLE-- [fill = 0]
                  7018ee80    00000008     drivers.am263px.r5f.ti-arm-clang.nortos.debug.lib : soc_rcm.obj (.text.SOC_rcmGetBaseAddressMSSCTRL)
                  7018ee88    00000008     --HOLE-- [fill = 0]
                  7018ee90    00000008                                                       : soc_rcm.obj (.text.SOC_rcmGetBaseAddressTOPRCM)
                  7018ee98    00000008     --HOLE-- [fill = 0]
                  7018eea0    00000008     nortos.am263px.r5f.ti-arm-clang.debug.lib : SemaphoreP_nortos.obj (.text.SemaphoreP_destruct)
                  7018eea8    00000008     --HOLE-- [fill = 0]
                  7018eeb0    00000002     ti_board_open_close.o (.text.Board_driversClose)
                  7018eeb2    0000000e     --HOLE-- [fill = 0]
                  7018eec0    00000002     ti_board_config.o (.text.Board_init)
                  7018eec2    0000000e     --HOLE-- [fill = 0]
                  7018eed0    00000002     ti_drivers_open_close.o (.text.Drivers_mcanOpen)
                  7018eed2    0000000e     --HOLE-- [fill = 0]
                  7018eee0    00000002     drivers.am263px.r5f.ti-arm-clang.nortos.debug.lib : ipc_notify_v1_cfg.obj (.text.IpcNotify_wait)
                  7018eee2    0000000e     --HOLE-- [fill = 0]
                  7018eef0    00000002     nortos.am263px.r5f.ti-arm-clang.debug.lib : TaskP_nortos.obj (.text.TaskP_yield)
                  7018eef2    0000000e     --HOLE-- [fill = 0]

.rodata    0    7018ef00    00002400     
                  7018ef00    00000450     motor_mapping.o (.rodata.motor_config_table)
                  7018f350    00000084     ti_dpl_config.o (.rodata.cfg)
                  7018f3d4    00000062     main.o (.rodata.str1.11321157723316767883.1)
                  7018f436    0000005e     main.o (.rodata.str1.15996357275703397564.1)
                  7018f494    0000005d     main.o (.rodata.str1.2563708670032483588.1)
                  7018f4f1    00000007     drivers.am263px.r5f.ti-arm-clang.nortos.debug.lib : soc.obj (.rodata.str1.12179086363571468349.1)
                  7018f4f8    00000050     nortos.am263px.r5f.ti-arm-clang.debug.lib : printf.obj (.rodata._ftoa.pow10)
                  7018f548    0000004d     gateway_shared.o (.rodata.str1.3223734256326991069.1)
                  7018f595    0000004c     main.o (.rodata.str1.13030671760666898970.1)
                  7018f5e1    0000004c     main.o (.rodata.str1.16709704744796600189.1)
                  7018f62d    0000004a     main.o (.rodata.str1.17770841602246103764.1)
                  7018f677    00000049     can_interface.o (.rodata.str1.2401924719955226879.1)
                  7018f6c0    00000048     drivers.am263px.r5f.ti-arm-clang.nortos.debug.lib : soc_rcm.obj (.rodata.gADPLLJConfigTbl)
                  7018f708    00000045     can_interface.o (.rodata.str1.17857559882412085052.1)
                  7018f74d    00000043     main.o (.rodata.str1.10313062130652730376.1)
                  7018f790    00000042     main.o (.rodata.str1.11702106008850790973.1)
                  7018f7d2    00000041     main.o (.rodata.str1.16265332423659789559.1)
                  7018f813    00000001     --HOLE-- [fill = 0]
                  7018f814    00000040     drivers.am263px.r5f.ti-arm-clang.nortos.debug.lib : mcan.obj (.rodata.gDataSize)
                  7018f854    00000040                                                       : ipc_notify_v1.obj (.rodata.str1.10118846006578224169.1)
                  7018f894    00000040     gateway_shared.o (.rodata.str1.1309647279537151951.1)
                  7018f8d4    0000003f     main.o (.rodata.str1.16302215771116645891.1)
                  7018f913    0000003f     main.o (.rodata.str1.8828068777338075035.1)
                  7018f952    0000003e     imu_interface_isr.o (.rodata.str1.2252785669688110604.1)
                  7018f990    0000003d     nortos.am263px.r5f.ti-arm-clang.debug.lib : TimerP_rti_priv.obj (.rodata.str1.11388379688747141303.1)
                  7018f9cd    0000003d     main.o (.rodata.str1.11822182024223342093.1)
                  7018fa0a    0000003d     main.o (.rodata.str1.13782249893155712474.1)
                  7018fa47    0000003c     main.o (.rodata.str1.8108965883388295311.1)
                  7018fa83    0000003b     can_interface.o (.rodata.str1.13886886582160776261.1)
                  7018fabe    00000039     can_interface.o (.rodata.str1.13942422985958650841.1)
                  7018faf7    00000039     can_interface.o (.rodata.str1.15906871730334742222.1)
                  7018fb30    00000039     can_interface.o (.rodata.str1.16770118065840302171.1)
                  7018fb69    00000038     gateway_shared.o (.rodata.str1.8694082244888993162.1)
                  7018fba1    00000038     imu_interface_isr.o (.rodata.str1.9168798226845388136.1)
                  7018fbd9    00000037     gateway_shared.o (.rodata.str1.10638658715010209595.1)
                  7018fc10    00000037     can_interface.o (.rodata.str1.17102373369105828453.1)
                  7018fc47    00000037     main.o (.rodata.str1.3530083166107438000.1)
                  7018fc7e    00000037     gateway_shared.o (.rodata.str1.5629998949668554045.1)
                  7018fcb5    00000036     can_interface.o (.rodata.str1.10186677634541030339.1)
                  7018fceb    00000036     imu_interface_isr.o (.rodata.str1.13916086747295221358.1)
                  7018fd21    00000036     can_interface.o (.rodata.str1.15146467347084621569.1)
                  7018fd57    00000035     can_interface.o (.rodata.str1.11434220007320834734.1)
                  7018fd8c    00000035     main.o (.rodata.str1.16631870348416990953.1)
                  7018fdc1    00000035     can_interface.o (.rodata.str1.6692020027550076815.1)
                  7018fdf6    00000035     ti_drivers_open_close.o (.rodata.str1.871795152488895636.1)
                  7018fe2b    00000035     main.o (.rodata.str1.9059077390166914652.1)
                  7018fe60    00000034     main.o (.rodata.str1.13288086030101331538.1)
                  7018fe94    00000034     main.o (.rodata.str1.14112174005742061988.1)
                  7018fec8    00000034     main.o (.rodata.str1.17376258722486336754.1)
                  7018fefc    00000034     main.o (.rodata.str1.18092426736022315238.1)
                  7018ff30    00000034     main.o (.rodata.str1.6891813955777630061.1)
                  7018ff64    00000034     main.o (.rodata.str1.6976963560179378225.1)
                  7018ff98    00000033     main.o (.rodata.str1.11777244287787065045.1)
                  7018ffcb    00000033     can_interface.o (.rodata.str1.13538652865395202372.1)
                  7018fffe    00000033     can_interface.o (.rodata.str1.2569929632086669665.1)
                  70190031    00000033     main.o (.rodata.str1.8428454045432808059.1)
                  70190064    00000032     can_interface.o (.rodata.str1.2296911319530636772.1)
                  70190096    00000031     can_interface.o (.rodata.str1.4211222669969280216.1)
                  701900c7    00000031     gateway_shared.o (.rodata.str1.6121471336334202706.1)
                  701900f8    00000031     motor_mapping.o (.rodata.str1.8787205977826144616.1)
                  70190129    00000030     can_interface.o (.rodata.str1.10130696897761414469.1)
                  70190159    00000030     main.o (.rodata.str1.11121730273200050387.1)
                  70190189    00000030     can_interface.o (.rodata.str1.2167712102046818855.1)
                  701901b9    00000030     imu_interface_isr.o (.rodata.str1.4417852805959727765.1)
                  701901e9    00000030     main.o (.rodata.str1.8154729771448623357.1)
                  70190219    0000002f     main.o (.rodata.str1.11870794119293528247.1)
                  70190248    0000002f     can_interface.o (.rodata.str1.15094798983471906066.1)
                  70190277    0000002f     main.o (.rodata.str1.2624144126699937905.1)
                  701902a6    0000002f     gateway_shared.o (.rodata.str1.3129942817937968154.1)
                  701902d5    0000002f     main.o (.rodata.str1.6554448696319176064.1)
                  70190304    0000002f     drivers.am263px.r5f.ti-arm-clang.nortos.debug.lib : ipc_notify_v1.obj (.rodata.str1.9418228565027791152.1)
                  70190333    0000002e     can_interface.o (.rodata.str1.11024350005305706282.1)
                  70190361    0000002e     gateway_shared.o (.rodata.str1.11051107022181534624.1)
                  7019038f    0000002e     main.o (.rodata.str1.14079361385603432444.1)
                  701903bd    0000002e     main.o (.rodata.str1.5630281060179367396.1)
                  701903eb    0000002e     main.o (.rodata.str1.7996925722583989644.1)
                  70190419    0000002e     gateway_shared.o (.rodata.str1.9859227269409816370.1)
                  70190447    0000002d     main.o (.rodata.str1.14466178792657420020.1)
                  70190474    0000002d     can_interface.o (.rodata.str1.150960857071891705.1)
                  701904a1    0000002d     main.o (.rodata.str1.3292798375424520613.1)
                  701904ce    0000002d     main.o (.rodata.str1.5043408953494467246.1)
                  701904fb    0000002d     can_interface.o (.rodata.str1.6401568125276999251.1)
                  70190528    0000002d     can_interface.o (.rodata.str1.6531933829109918715.1)
                  70190555    0000002c     can_interface.o (.rodata.str1.14845445665763636722.1)
                  70190581    0000002c     main.o (.rodata.str1.2763581881760962609.1)
                  701905ad    0000002c     gateway_shared.o (.rodata.str1.7167262159681625771.1)
                  701905d9    0000002b     main.o (.rodata.str1.18227636981041470289.1)
                  70190604    0000002b     can_interface.o (.rodata.str1.3858671167962548137.1)
                  7019062f    0000002b     can_interface.o (.rodata.str1.5571669369711139161.1)
                  7019065a    0000002a     can_interface.o (.rodata.str1.17855712168153945246.1)
                  70190684    0000002a     nortos.am263px.r5f.ti-arm-clang.debug.lib : DebugP_log.obj (.rodata.str1.227947788441500939.1)
                  701906ae    0000002a     main.o (.rodata.str1.2846389346932560359.1)
                  701906d8    0000002a     main.o (.rodata.str1.8096991282711418442.1)
                  70190702    00000029     imu_interface_isr.o (.rodata.str1.15503275091179387347.1)
                  7019072b    00000029     can_interface.o (.rodata.str1.357542981605220142.1)
                  70190754    00000029     main.o (.rodata.str1.39260288392874984.1)
                  7019077d    00000029     can_interface.o (.rodata.str1.6910353934698693424.1)
                  701907a6    00000029     can_interface.o (.rodata.str1.7679921882182829519.1)
                  701907cf    00000029     main.o (.rodata.str1.8076846746581808073.1)
                  701907f8    00000028     main.o (.rodata.str1.1311392489248731986.1)
                  70190820    00000028     main.o (.rodata.str1.15159059442110792349.1)
                  70190848    00000028     main.o (.rodata.str1.403738606202455663.1)
                  70190870    00000027     nortos.am263px.r5f.ti-arm-clang.debug.lib : ClockP_nortos_r5.obj (.rodata.str1.12743090444791882666.1)
                  70190897    00000027     main.o (.rodata.str1.17045314124001216156.1)
                  701908be    00000027     main.o (.rodata.str1.7784929982665794503.1)
                  701908e5    00000026     can_interface.o (.rodata.str1.14406550278730177052.1)
                  7019090b    00000026     gateway_shared.o (.rodata.str1.17046880449980016103.1)
                  70190931    00000026     gateway_shared.o (.rodata.str1.5761821093615868877.1)
                  70190957    00000026     can_interface.o (.rodata.str1.6806839034663112933.1)
                  7019097d    00000025     main.o (.rodata.str1.10635229749459437609.1)
                  701909a2    00000025     main.o (.rodata.str1.10720410773482754683.1)
                  701909c7    00000025     main.o (.rodata.str1.2123964117280943167.1)
                  701909ec    00000024     main.o (.rodata.str1.10865113624938808685.1)
                  70190a10    00000024     can_interface.o (.rodata.str1.14428574951410983152.1)
                  70190a34    00000024     can_interface.o (.rodata.str1.17339864536769639315.1)
                  70190a58    00000024     imu_interface_isr.o (.rodata.str1.6306445455767916371.1)
                  70190a7c    00000024     main.o (.rodata.str1.7702501944640899365.1)
                  70190aa0    00000023     drivers.am263px.r5f.ti-arm-clang.nortos.debug.lib : soc_rcm.obj (.rodata.str1.2078190104202520215.1)
                  70190ac3    00000023     nortos.am263px.r5f.ti-arm-clang.debug.lib : ClockP_nortos_r5.obj (.rodata.str1.7689125538912326484.1)
                  70190ae6    00000022     main.o (.rodata.str1.10224226614597680209.1)
                  70190b08    00000022     drivers.am263px.r5f.ti-arm-clang.nortos.debug.lib : edma.obj (.rodata.str1.12976018205622752890.1)
                  70190b2a    00000021     can_interface.o (.rodata.str1.12573338884863454617.1)
                  70190b4b    00000021     nortos.am263px.r5f.ti-arm-clang.debug.lib : ClockP_nortos_r5.obj (.rodata.str1.8559540482768925367.1)
                  70190b6c    00000020     drivers.am263px.r5f.ti-arm-clang.nortos.debug.lib : mcan.obj (.rodata.gMsgObjSize)
                  70190b8c    00000020     can_interface.o (.rodata.g_mcan_base_addr)
                  70190bac    00000020     can_interface.o (.rodata.g_mcan_intr_num)
                  70190bcc    00000020     main.o (.rodata.str1.14402440632258215044.1)
                  70190bec    00000020     drivers.am263px.r5f.ti-arm-clang.nortos.debug.lib : uart_v0.obj (.rodata.str1.16594507886308206351.1)
                  70190c0c    00000020                                                       : ipc_notify_v1.obj (.rodata.str1.2046905611612007019.1)
                  70190c2c    0000001f     can_interface.o (.rodata.str1.14695538922052102695.1)
                  70190c4b    0000001f     nortos.am263px.r5f.ti-arm-clang.debug.lib : ClockP_nortos_r5.obj (.rodata.str1.2746619892315392655.1)
[...]
00000000  __TI_ATRegion1_region_sz             
00000000  __TI_ATRegion1_src_addr              
00000000  __TI_ATRegion1_trg_addr              
00000000  __TI_ATRegion2_region_sz             
00000000  __TI_ATRegion2_src_addr              
00000000  __TI_ATRegion2_trg_addr              
00000000  __TI_static_base__                   
00000000  _vectors                             
00000100  __ABORT_STACK_SIZE                   
00000100  __FIQ_STACK_SIZE                     
00000100  __IRQ_STACK_SIZE                     
00000100  __UNDEFINED_STACK_SIZE               
00001000  __SVC_STACK_SIZE                     
00004000  __STACK_SIZE                         
70180a34  __aeabi_memclr                       
70180a34  __aeabi_memclr4                      
70180a34  __aeabi_memclr8                      
701810b8  C$$EXIT                              
701810b8  HOSTexit                             
701810c1  SOC_rcmEnablePeripheralClock         
701816f8  __aeabi_ldiv0                        
701816fc  __aeabi_memcpy                       
701816fc  __aeabi_memcpy4                      
701816fc  __aeabi_memcpy8                      
70181ce4  CSL_armR5ReadMpidrReg                
70182784  __aeabi_memmove                      
70182784  __aeabi_memmove4                     
70182784  __aeabi_memmove8                     
70183051  UART_open                            
70183451  IpcNotify_init                       
70183f01  SOC_virtToPhy                        
70184211  motor_mapping_init_core1             
70184511  MCAN_msgRAMConfig                    
701855a1  CAN_TransmitBatch                    
701857d1  UART_lld_dmaDeInit                   
70185a01  IpcNotify_isr                        
70185c31  TimerP_setupPriv                     
70185e11  UART_lld_dmaWrite                    
70185fc1  UART_close                           
70186171  UART_lld_controllerIsr               
70186311  CAN_StartRxInterrupts                
70186631  MCAN_calcMsgRamParamsStartAddr       
701867c1  EDMA_unregisterIntr                  
70186931  SOC_controlModuleUnlockMMR           
70186a91  CAN_Init                             
70186bf1  UART_lld_initDma                     
70186d51  DebugP_shmLogWriterPutChar           
70187141  MCAN_setBitTime                      
70187291  imu_uart_isr_init                    
70187521  MCAN_readMsgRam                      
701877a1  ClockP_init                          
701878e1  UART_procLineStatusErr               
70187a21  EDMA_registerIntr                    
70187b61  MCAN_init                            
70187ca1  UART_lld_init                        
70187dd1  MCAN_config                          
70187f01  SOC_controlModuleLockMMR             
70188031  SOC_rcmGetPeripheralClockFrequency   
70188271  DebugP_shmLogWriterPutLine           
70188391  UART_lld_dmaRead                     
701884ac  __udivmoddi4                         
70188a41  IpcNotify_sendMsg                    
70188c61  GPIO_init                            
70188d71  SemaphoreP_pend                      
70188e81  gateway_ringbuf_read                 
70188f91  gateway_write_motor_config           
70189261  EDMA_freeChannelRegion               
70189351  EDMA_freeParam                       
70189441  EDMA_freeDmaChannel                  
70189521  EDMA_freeTcc                         
70189601  UART_intrEnable                      
701896e1  UART_intrDisable                     
701897c1  AddrTranslateP_getLocalAddr          
70189891  EDMA_disableChInShadowRegRegion      
70189961  EDMA_enableChInShadowRegRegion       
70189a31  EDMA_mapChToEvtQ                     
70189b01  EDMA_configureChannelRegion          
70189c81  UART_flushTxFifo                     
70189e01  ClockP_timerTickIsr                  
70189ec1  TimerP_init                          
70189f81  ClockP_stop                          
7018a041  IpcNotify_waitSync                   
7018a101  CycleCounterP_init                   
7018a121  CycleCounterP_reset                  
7018a171  CycleCounterP_nsToTicks              
7018a1b1  CycleCounterP_enableUserAccess       
7018a1c1  MCAN_writeMsgRam                     
7018a271  SOC_rcmSetPeripheralClock            
7018a321  UART_init                            
7018a531  gateway_write_motor_states           
7018a5e1  gateway_core1_wait_for_ready         
7018a741  ClockP_destruct                      
7018a7f1  Drivers_uartOpen                     
7018a941  gateway_core1_ipc_callback           
7018aa81  imu_uart_read                        
7018ab21  IpcNotify_registerClient             
7018ac61  ClockP_getTimeUsec                   
7018ad01  EDMA_unmapChToEvtQ                   
7018ada1  float_to_uint                        
7018ae41  yis320_convert_to_ipc                
7018aee1  EDMA_disableTransferRegion           
7018af71  EDMA_enableTransferRegion            
7018b1b1  UART_lld_flushTxFifo                 
7018b2d1  EDMA_allocDmaChannel                 
7018b361  EDMA_allocParam                      
7018b3f1  EDMA_allocTcc                        
7018b5a1  IpcNotify_syncAll                    
7018b631  imu_protocol_manager_init            
7018b6c1  MCAN_addStdMsgIDFilter               
7018b7c1  System_init                          
7018b8c1  _DebugP_assert                       
7018b941  gateway_ringbuf_core1_init           
7018ba41  UART_Params_init                     
7018bac1  gateway_write_imu_state              
7018bb41  EDMA_linkChannel                     
7018bc41  ClockP_usleep                        
7018bcc1  EDMA_clrMissEvtRegion                
7018bea1  EDMA_getBaseAddr                     
7018bf81  imu_protocol_get_state               
7018bff1  SOC_rcmGetR5Clock                    
7018c061  SOC_rcmIsR5FInLockStepMode           
7018c141  UART_lld_deInitDma                   
7018c1b1  imu_protocol_process_uart_rx         
7018c221  MCAN_enableIntr                      
7018c291  MCAN_initTxBufElement                
7018c371  SemaphoreP_post                      
7018c3e1  MCAN_selectIntrLine                  
7018c441  UART_getChar                         
7018c501  yis320_protocol_handler_init         
7018c561  Module_clockSetFrequency             
7018c5c1  UART_lld_deInit                      
7018c861  uint16_to_float                      
7018c921  Dpl_init                             
7018c981  EDMA_setPaRAM                        
7018ca41  main                                 
7018ca94  __TI_auto_init_nobinit_nopinit       
7018caf1  Drivers_uartClose                    
7018cb41  Pinmux_config                        
7018cb91  UART_checkCharsAvailInFifo           
7018cc31  DebugP_shmLogWriterInit              
7018cc81  EDMA_clrEvtRegion                    
7018ccd1  EDMA_disableDmaEvtRegion             
7018cd21  EDMA_disableEvtIntrRegion            
7018cd71  EDMA_enableDmaEvtRegion              
7018cdc1  EDMA_enableEvtIntrRegion             
7018ce11  EDMA_setEvtRegion                    
7018ce61  GPIO_setDirMode                      
7018ceb1  MCAN_enableIntrLine                  
7018cf01  ClockP_construct                     
7018cf51  EDMA_ccPaRAMEntry_init               
7018cfa1  EDMA_mapQdmaChToPaRAM                
7018cff1  EDMA_readEventStatusRegion           
7018d041  IpcNotify_unregisterClient           
7018d091  Module_clockEnable                   
7018d0e1  gateway_update_stat                  
7018d12c  memmove                              
7018d1d1  timerISR                             
7018d221  CAN_GetStats                         
7018d271  IpcNotify_Params_init                
7018d311  UART_getIntrIdentityStatus           
7018d401  CAN_RegisterRxCallback               
7018d4f1  UART_readLineStatus                  
7018d541  imu_protocol_handler_init            
7018d681  SemaphoreP_construct                 
7018d6d1  _DebugP_logZone                      
7018d771  ClockP_start                         
7018d811  imu_protocol_update_state            
7018d8d1  UART_spaceAvail                      
7018d911  gateway_core1_init                   
7018d951  gateway_update_heartbeat             
7018d9d1  UART_IsTxRxFifoEmpty                 
7018da51  MCAN_txBufAddReq                     
7018da91  SOC_moduleSetClockFrequency          
7018db51  snprintf_                            
7018db91  SOC_getCoreName                      
7018dbc8  CycleCounterP_getCount32             
7018dbd0  PmuP_setup                           
7018dbd8  PmuP_enableCounters                  
7018dbe0  PmuP_disableCounters                 
7018dbe8  PmuP_getOverflowStatus               
7018dbf0  PmuP_clearOverflowStatus             
7018dbf8  PmuP_setUserEnable                   
7018dc41  EDMA_getRegionId                     
7018dd01  IpcNotify_syncCallback               
7018dd81  MCAN_calcCfgAddr                     
7018de01  TimerP_Params_initPriv               
7018de81  motor_get_config                     
7018df81  MCAN_isMemInitDone                   
7018dfc1  TimerP_getCountPriv                  
7018e0e1  gateway_signal_motor_config_ready    
7018e111  UART_lld_dmaInit                     
7018e171  DebugP_logZoneEnable                 
7018e1d1  MCAN_clearNewDataStatus              
7018e201  MCAN_getNewDataStatus                
7018e231  SemaphoreP_constructBinary           
7018e2c1  UART_intr2Disable                    
7018e2f1  UART_operatingModeSelect             
7018e351  CSL_armR5GetCpuID                    
7018e381  vprintf_                             
7018e3b1  EDMA_disableQdmaEvtRegion            
7018e3e1  EDMA_enableQdmaEvtRegion             
7018e441  IpcNotify_allocSwQueue               
7018e4a1  IpcNotify_getConfig                  
7018e4d1  SemaphoreP_constructMutex            
7018e591  UART_getBaseAddr                     
7018e5b4  __aeabi_uldivmod                     
7018e611  EDMA_channelToParamMap               
7018e641  gateway_ringbuf_core1_receive        
7018e671  ClockP_isActive                      
7018e691  ClockP_usecToTicks                   
7018e6f1  ClockP_Params_init                   
7018e711  EDMA_getEventStatusHigh              
7018e731  MCAN_setOpMode                       
7018e751  SOC_getSelfCpuClk                    
7018e771  SOC_moduleClockEnable                
7018e791  TimerP_isr0                          
7018e7d1  UART_lld_Transaction_deInit          
7018e7f1  EDMA_getEventStatus                  
7018e86c  TI_memcpy_small                      
7018e891  MCAN_clearIntrStatus                 
7018e8b1  MCAN_getOpMode                       
7018e911  ClockP_ticksToUsec                   
7018e931  EDMA_isInterruptEnabled              
7018e971  IpcNotify_trigInterrupt              
7018e991  SemaphoreP_Params_init               
7018e9b1  TimerP_getReloadCountPriv            
7018ea11  UART_putChar                         
7018ea28  TI_memset_small                      
7018ea41  IpcNotify_sendSync                   
7018ea61  MCAN_getIntrStatus                   
7018ea81  TimerP_startPriv                     
7018eaa1  TimerP_stopPriv                      
7018eb61  TimerP_clearOverflowIntPriv          
7018eb81  TimerP_setup                         
7018eba1  putchar_                             
7018ebc1  Pinmux_init                          
7018ebe1  gateway_check_emergency_stop         
7018ec21  imu_uart_is_initialized              
7018ec41  yis320_get_timestamp_ms              
7018eca1  ClockP_getTimerCount                 
7018ecb1  ClockP_timerClearOverflowInt         
7018ed31  TimerP_Params_init                   
7018ed41  TimerP_clearOverflowInt              
7018ed51  TimerP_getCount                      
7018ed61  TimerP_getReloadCount                
7018ed71  TimerP_start                         
7018ed91  gateway_notify_imu_ready             
7018eda1  gateway_notify_states_ready          
7018edb1  yis320_uart_configure                
7018edc1  Board_driversOpen                    
7018edd1  ClockP_getTicks                      
7018ede1  Drivers_open                         
7018edf1  PowerClock_init                      
7018ee71  Drivers_uartInit                     
7018eea1  SemaphoreP_destruct                  
7018eeb1  Board_driversClose                   
7018eec1  Board_init                           
7018eed1  Drivers_mcanOpen                     
7018eee1  IpcNotify_wait                       
7018eef1  TaskP_yield                          
7018f350  gCacheConfig                         
7018f358  gMpuConfig                           
7018f364  gMpuRegionConfig                     
7018f6c0  gADPLLJConfigTbl                     
70190efc  gPeripheralClkSrcInfoMap             
7019129c  gXTALInfo                            
701912e6  gCR5ClkSrcInfoMap                    
701912e8  gCacheL1dCacheLineSize               
701912ec  gCacheL1pCacheLineSize               
70191300  __BSS_START                          
70191e80  gHwiCtrl                             
7019268c  g_yis320_private_data                
70192a94  g_motor_lookup                       
701937b8  gIpcNotifyCtrl                       
70193a44  gTimerBaseAddr                       
70193a48  gClockCtrl                           
70193a68  virtToPhymap                         
70193a8c  gTimerHwiObj                         
70193a90  gUartHandle                          
70193a98  __BSS_END                            
70193a98  __stack                              
70197a98  __STACK_END                          
70197aa1  HwiP_enableInt                       
70197ae1  HwiP_disableInt                      
70197b41  HwiP_restoreInt                      
70197b71  HwiP_clearInt                        
70197bb1  HwiP_post                            
70197bf1  HwiP_Params_init                     
70197c21  HwiP_construct                       
70197e11  HwiP_destruct                        
70197e81  HwiP_init                            
70198031  HwiP_inISR                           
70198061  HwiP_setVimIrqPriMaskNonAtomic       
701980b1  HwiP_setVimIrqPriMaskAtomic          
70198151  HwiP_restoreVimIrqPriMask            
70198161  HwiP_irq_handler_c                   
70198301  HwiP_fiq_handler                     
70198461  HwiP_reserved_handler                
701984a1  HwiP_undefined_handler_c             
701984c1  HwiP_user_undefined_handler_c        
701984e1  HwiP_svc_handler                     
70198521  HwiP_prefetch_abort_handler_c        
701985c1  HwiP_user_prefetch_abort_handler_c   
70198601  HwiP_data_abort_handler_c            
701986c1  HwiP_user_data_abort_handler_c       
701986fc  HwiP_irq_handler                     
70198770  HwiP_data_abort_handler              
701987b4  HwiP_prefetch_abort_handler          
70198800  HwiP_undefined_handler               
70198830  GET_DFSR                             
70198838  GET_ADFSR                            
70198840  GET_DFAR                             
70198848  GET_IFSR                             
70198850  GET_AIFSR                            
70198858  GET_IFAR                             
70198860  GET_SPSR                             
70198878  HwiP_disable                         
70198888  HwiP_disableFIQ                      
70198898  HwiP_enable                          
701988a8  HwiP_enableFIQ                       
701988b8  HwiP_restore                         
701988c0  HwiP_enableVIC                       
701988d0  HwiP_disableVIC                      
701988e0  HwiP_getCPSR                         
701988f0  CacheP_disableL1d                    
70198918  CacheP_disableL1p                    
70198930  CacheP_enableL1d                     
70198948  CacheP_enableL1p                     
70198960  CacheP_invL1d                        
70198998  CacheP_invL1p                        
701989d4  CacheP_invL1dAll                     
701989dc  CacheP_invL1pAll                     
701989e4  CacheP_wb                            
70198a20  CacheP_wbInv                         
70198a5c  CacheP_wbAll                         
70198b04  CacheP_wbInvAll                      
70198b1c  CacheP_wbInvAllAsm                   
70198bbc  CacheP_getEnabled                    
70198bf4  CacheP_getCacheLevelInfo             
70198c00  CacheP_configForceWrThru             
70198c20  CacheP_setDLFO                       
70198c31  CacheP_init                          
70198cc1  CacheP_disable                       
70198d11  CacheP_enable                        
70198d51  CacheP_inv                           
70198d91  MpuP_getAttrs                        
70198df1  MpuP_RegionAttrs_init                
70198e21  MpuP_setRegion                       
70198eb1  MpuP_isEnable                        
70198ec1  MpuP_disable                         
70198f01  MpuP_enable                          
70198f51  MpuP_init                            
70198ff1  MpuP_isUserAuthorizedToAccessMemory  
701990d0  MpuP_disableAsm                      
701990e8  MpuP_disableBRAsm                    
701990f8  MpuP_enableAsm                       
70199110  MpuP_enableBRAsm                     
70199120  MpuP_isEnableAsm                     
70199134  MpuP_setRegionAsm                    
70199150  _c_int00_sbl                         
70199174  _c_int00                             
701992a1  _DebugP_assertNoLog                  
701992d1  _system_pre_init                     
70199301  __mpu_init                           
70199310  abort                                
70199318  gEdmaConfig                          
70199318  gUartDmaHandle                       
70199608  gIpcNotifyMailboxConfig              
701997e0  gSocModulesClockFrequency            
70199858  gUartParams                          
701998b0  gSocModules                          
701998f0  gClockConfig                         
70199908  gIpcNotifyInterruptConfig_r5fss1_1   
70199934  gIpcNotifyCoreIntrBitPos             
70199954  gAddrTranslateConfig                 
70199968  gUartConfig                          
7019997c  gDebugLogZone                        
70199988  gEdmaConfigNum                       
7019998c  gHwiConfig                           
70199990  gIpcNotifyInterruptConfigNum_r5fss1_1
70199994  gUartConfigNum                       
70199998  gUartDmaChConfig                     
701999e4  isMapAvailable                       
701999f0  __IRQ_STACK_START                    
70199af0  __FIQ_STACK_START                    
70199af0  __IRQ_STACK_END                      
70199bf0  __FIQ_STACK_END                      
70199bf0  __SVC_STACK_START                    
7019abf0  __ABORT_STACK_START                  
7019abf0  __SVC_STACK_END                      
7019acf0  __ABORT_STACK_END                    
7019acf0  __UNDEFINED_STACK_START              
7019adf0  __UNDEFINED_STACK_END                
70200000  gGatewaySharedMem                    
70206ecc  dbg_can_rx_count                     
70206ed0  dbg_can_tx_count                     
70206ed4  dbg_can_isr_rx_entry_count           
70206ed8  dbg_can_isr_fifo_read_count          
70206edc  dbg_can_isr_callback_count           
70206ee0  g_first_intr_info                    
70206f60  dbg_ipc_send_count                   
70206f64  dbg_ipc_register_count               
70206f68  dbg_imu_uart_isr_count               
70206f6c  dbg_imu_rx_byte_count                
70206f70  dbg_imu_frame_count                  
70208000  gDebugShmLog                         
ffffffff  __TI_pprof_out_hndl                  
ffffffff  __TI_prof_data_size                  
ffffffff  __TI_prof_data_start                 
ffffffff  __binit__                            
ffffffff  binit                                
UNDEFED   __TI_CINIT_Base                      
UNDEFED   __TI_CINIT_Limit                     
UNDEFED   __TI_Handler_Table_Base              
UNDEFED   __TI_Handler_Table_Limit             
UNDEFED   _system_post_cinit                   

[419 symbols]
