******************************************************************************
            TI ARM Clang Linker PC v4.0.4                      
******************************************************************************
>> Linked Wed Mar 25 15:03:28 2026

OUTPUT FILE NAME:   <ccu_ti_multi_core_realtime.out>
ENTRY POINT SYMBOL: "_vectors"  address: 00000000


MEMORY CONFIGURATION

         name            origin    length      used     unused   attr    fill
----------------------  --------  ---------  --------  --------  ----  --------
  R5F_VECS              00000000   00000040  00000040  00000000  RWIX
  R5F_TCMA              00000040   00007fc0  00000000  00007fc0  RWIX
  R5F_TCMB              00080000   00008000  00000000  00008000  RWIX
  MAILBOX_HSM           44000000   000003ce  00000000  000003ce  RWIX
  MAILBOX_R5F           44000400   000003ce  00000000  000003ce  RWIX
  FLASH                 60180000   00080000  00000000  00080000  RWIX
  OCRAM                 70100000   00040000  00014c18  0002b3e8  RWIX
  USER_SHM_MEM          701d0000   00004000  000001c0  00003e40  RWIX
  LOG_SHM_MEM           701d4000   00004000  00002000  00002000  RWIX
  RTOS_NORTOS_IPC_SHM_M 72000000   00003e80  00000000  00003e80  RWIX


SEGMENT ALLOCATION MAP

run origin  load origin   length   init length attrs members
----------  ----------- ---------- ----------- ----- -------
00000000    00000000    00000040   00000040    r-x
  00000000    00000000    00000040   00000040    r-x .vectors
70100000    70100000    0000d0b0   0000d0b0    r-x
  70100000    70100000    0000b990   0000b990    r-x .text
  7010b990    7010b990    00001720   00001720    r-- .rodata
7010d0b0    7010d0b0    00004c38   00000000    rw-
  7010d0b0    7010d0b0    00000c38   00000000    rw- .bss
  7010dce8    7010dce8    00004000   00000000    rw- .stack
70111cf0    70111cf0    00001878   00001878    r-x
  70111cf0    70111cf0    00000e50   00000e50    r-x .text.hwi
  70112b40    70112b40    000004a0   000004a0    r-x .text.cache
  70112fe0    70112fe0    000003c0   000003c0    r-x .text.mpu
  701133a0    701133a0    000001c0   000001c0    r-x .text.boot
  70113560    70113560    00000008   00000008    r-x .text:abort
70113568    70113568    000016b8   000002b8    rw-
  70113568    70113568    000002b8   000002b8    rw- .data
  70113820    70113820    00000100   00000000    rw- .irqstack
  70113920    70113920    00000100   00000000    rw- .fiqstack
  70113a20    70113a20    00001000   00000000    rw- .svcstack
  70114a20    70114a20    00000100   00000000    rw- .abortstack
  70114b20    70114b20    00000100   00000000    rw- .undefinedstack


SECTION ALLOCATION MAP

 output                                  attributes/
section   page    origin      length       input sections
--------  ----  ----------  ----------   ----------------
.vectors   0    00000000    00000040     
                  00000000    00000040     nortos.am263px.r5f.ti-arm-clang.debug.lib : HwiP_armv7r_vectors_nortos_asm.obj (.vectors)

.text      0    70100000    0000b990     
                  70100000    00000a34     nortos.am263px.r5f.ti-arm-clang.debug.lib : printf.obj (.text._vsnprintf)
                  70100a34    0000000c     libclang_rt.builtins.a : aeabi_memset.S.obj (.text.__aeabi_memclr)
                  70100a40    00000678     drivers.am263px.r5f.ti-arm-clang.nortos.debug.lib : soc_rcm.obj (.text.SOC_rcmGetClkSrcAndDivReg)
                  701010b8    00000008     libsysbm.a : hostexit.c.obj (.text.HOSTexit)
                  701010c0    00000638     drivers.am263px.r5f.ti-arm-clang.nortos.debug.lib : soc_rcm.obj (.text.SOC_rcmEnablePeripheralClock)
                  701016f8    00000004     libclang_rt.builtins.a : aeabi_div0.c.obj (.text.__aeabi_ldiv0)
                  701016fc    00000004                            : aeabi_memcpy.S.obj (.text.__aeabi_memcpy)
                  70101700    000005e2     nortos.am263px.r5f.ti-arm-clang.debug.lib : printf.obj (.text._ftoa)
                  70101ce2    00000002     --HOLE-- [fill = 0]
                  70101ce4    0000000c                                               : CpuId_armv7r_asm.obj (.text)
                  70101cf0    000004b0                                               : printf.obj (.text._etoa)
                  701021a0    00000400     drivers.am263px.r5f.ti-arm-clang.nortos.debug.lib : uart_v0.obj (.text.UART_open)
                  701025a0    000003dc                                                       : ipc_notify_v1.obj (.text.IpcNotify_init)
                  7010297c    00000004     --HOLE-- [fill = 0]
                  70102980    00000330     timer.o (.text.timer_test_main)
                  70102cb0    00000302     drivers.am263px.r5f.ti-arm-clang.nortos.debug.lib : soc.obj (.text.SOC_virtToPhy)
                  70102fb2    0000000e     --HOLE-- [fill = 0]
                  70102fc0    000002b6     main.o (.text.main_loop)
                  70103276    0000000a     --HOLE-- [fill = 0]
                  70103280    0000027e     drivers.am263px.r5f.ti-arm-clang.nortos.debug.lib : uart_dma_edma.obj (.text.UART_edmaChInit)
                  701034fe    00000002     --HOLE-- [fill = 0]
                  70103500    00000250                                                       : edma.obj (.text.Alloc_resource)
                  70103750    00000242                                                       : uart_v0_lld.obj (.text.UART_fifoConfig)
                  70103992    0000000e     --HOLE-- [fill = 0]
                  701039a0    0000023e     nortos.am263px.r5f.ti-arm-clang.debug.lib : printf.obj (.text._ntoa_format)
                  70103bde    00000002     --HOLE-- [fill = 0]
                  70103be0    00000226     drivers.am263px.r5f.ti-arm-clang.nortos.debug.lib : uart_dma_edma.obj (.text.UART_lld_dmaDeInit)
                  70103e06    0000000a     --HOLE-- [fill = 0]
                  70103e10    00000222                                                       : ipc_notify_v1.obj (.text.IpcNotify_isr)
                  70104032    0000000e     --HOLE-- [fill = 0]
                  70104040    000001d6     nortos.am263px.r5f.ti-arm-clang.debug.lib : TimerP_rti_priv.obj (.text.TimerP_setupPriv)
                  70104216    0000000a     --HOLE-- [fill = 0]
                  70104220    000001be     main.o (.text.core1_init)
                  701043de    00000002     --HOLE-- [fill = 0]
                  701043e0    000001aa     drivers.am263px.r5f.ti-arm-clang.nortos.debug.lib : uart_dma_edma.obj (.text.UART_lld_dmaWrite)
                  7010458a    00000006     --HOLE-- [fill = 0]
                  70104590    000001a8                                                       : uart_v0.obj (.text.UART_close)
                  70104738    00000008     --HOLE-- [fill = 0]
                  70104740    00000198                                                       : uart_v0_lld.obj (.text.UART_lld_controllerIsr)
                  701048d8    00000008     --HOLE-- [fill = 0]
                  701048e0    00000186                                                       : mcan.obj (.text.MCAN_readMsg)
                  70104a66    0000000a     --HOLE-- [fill = 0]
                  70104a70    0000017e     can_interface.o (.text.can_rx_isr)
                  70104bee    00000002     --HOLE-- [fill = 0]
                  70104bf0    0000017a     main.o (.text.ipc_notify_callback_fxn)
                  70104d6a    00000006     --HOLE-- [fill = 0]
                  70104d70    00000164     gateway_shared.o (.text.gateway_core1_ipc_callback)
                  70104ed4    0000000c     --HOLE-- [fill = 0]
                  70104ee0    00000162     drivers.am263px.r5f.ti-arm-clang.nortos.debug.lib : edma.obj (.text.EDMA_unregisterIntr)
                  70105042    0000000e     --HOLE-- [fill = 0]
                  70105050    00000158                                                       : soc.obj (.text.SOC_controlModuleUnlockMMR)
                  701051a8    00000008     --HOLE-- [fill = 0]
                  701051b0    00000152                                                       : uart_v0_lld.obj (.text.UART_lld_initDma)
                  70105302    0000000e     --HOLE-- [fill = 0]
                  70105310    00000150     nortos.am263px.r5f.ti-arm-clang.debug.lib : DebugP_shmLogWriter.obj (.text.DebugP_shmLogWriterPutChar)
                  70105460    0000013a     drivers.am263px.r5f.ti-arm-clang.nortos.debug.lib : edma.obj (.text.EDMA_isDmaChannelAllocated)
                  7010559a    00000006     --HOLE-- [fill = 0]
                  701055a0    00000138                                                       : mcan.obj (.text.MCAN_readMsgRam)
                  701056d8    00000008     --HOLE-- [fill = 0]
                  701056e0    00000138     nortos.am263px.r5f.ti-arm-clang.debug.lib : printf.obj (.text._ntoa_long_long)
                  70105818    00000008     --HOLE-- [fill = 0]
                  70105820    00000136                                               : ClockP_nortos_r5.obj (.text.ClockP_init)
                  70105956    0000000a     --HOLE-- [fill = 0]
                  70105960    00000136     drivers.am263px.r5f.ti-arm-clang.nortos.debug.lib : uart_v0_lld.obj (.text.UART_procLineStatusErr)
                  70105a96    0000000a     --HOLE-- [fill = 0]
                  70105aa0    00000134                                                       : edma.obj (.text.EDMA_registerIntr)
                  70105bd4    0000000c     --HOLE-- [fill = 0]
                  70105be0    0000012c                                                       : uart_v0_lld.obj (.text.UART_lld_init)
                  70105d0c    00000004     --HOLE-- [fill = 0]
                  70105d10    00000126                                                       : soc.obj (.text.SOC_controlModuleLockMMR)
                  70105e36    0000000a     --HOLE-- [fill = 0]
                  70105e40    00000120                                                       : soc_rcm.obj (.text.SOC_rcmGetPeripheralClockFrequency)
                  70105f60    0000011c     nortos.am263px.r5f.ti-arm-clang.debug.lib : DebugP_shmLogWriter.obj (.text.DebugP_shmLogWriterPutLine)
                  7010607c    00000004     --HOLE-- [fill = 0]
                  70106080    0000011c     drivers.am263px.r5f.ti-arm-clang.nortos.debug.lib : uart_dma_edma.obj (.text.UART_lld_dmaRead)
                  7010619c    00000118     libclang_rt.builtins.a : udivmoddi4.S.obj (.text)
                  701062b4    0000000c     --HOLE-- [fill = 0]
                  701062c0    00000116     drivers.am263px.r5f.ti-arm-clang.nortos.debug.lib : edma.obj (.text.EDMA_isTccAllocated)
                  701063d6    0000000a     --HOLE-- [fill = 0]
                  701063e0    00000116                                                       : uart_v0_lld.obj (.text.UART_divisorLatchWrite)
                  701064f6    0000000a     --HOLE-- [fill = 0]
                  70106500    00000114     nortos.am263px.r5f.ti-arm-clang.debug.lib : printf.obj (.text._ntoa_long)
                  70106614    0000000c     --HOLE-- [fill = 0]
                  70106620    0000010e     drivers.am263px.r5f.ti-arm-clang.nortos.debug.lib : soc_rcm.obj (.text.SOC_rcmADPLLJGetFOut)
                  7010672e    00000002     --HOLE-- [fill = 0]
                  70106730    0000010a                                                       : ipc_notify_v1.obj (.text.IpcNotify_sendMsg)
                  7010683a    00000006     --HOLE-- [fill = 0]
                  70106840    00000104                                                       : uart_v0_lld.obj (.text.UART_configInstance)
                  70106944    0000000c     --HOLE-- [fill = 0]
                  70106950    00000102     nortos.am263px.r5f.ti-arm-clang.debug.lib : SemaphoreP_nortos.obj (.text.SemaphoreP_pend)
                  70106a52    0000000e     --HOLE-- [fill = 0]
                  70106a60    000000f0     can_interface.o (.text.CAN_StartRxInterrupts)
                  70106b50    000000e6     drivers.am263px.r5f.ti-arm-clang.nortos.debug.lib : soc_rcm.obj (.text.SOC_rcmGetCoreFout)
                  70106c36    0000000a     --HOLE-- [fill = 0]
                  70106c40    000000e6                                                       : soc_rcm.obj (.text.SOC_rcmGetPerFout)
                  70106d26    0000000a     --HOLE-- [fill = 0]
                  70106d30    000000e4                                                       : edma.obj (.text.EDMA_freeChannelRegion)
                  70106e14    0000000c     --HOLE-- [fill = 0]
                  70106e20    000000e2                                                       : edma.obj (.text.EDMA_freeParam)
                  70106f02    0000000e     --HOLE-- [fill = 0]
                  70106f10    000000e0                                                       : edma.obj (.text.EDMA_freeDmaChannel)
                  70106ff0    000000e0                                                       : edma.obj (.text.EDMA_freeTcc)
                  701070d0    000000de                                                       : uart_v0_lld.obj (.text.UART_intrEnable)
                  701071ae    00000002     --HOLE-- [fill = 0]
                  701071b0    000000da                                                       : uart_v0_lld.obj (.text.UART_intrDisable)
                  7010728a    00000006     --HOLE-- [fill = 0]
                  70107290    000000d0     nortos.am263px.r5f.ti-arm-clang.debug.lib : AddrTranslateP_32bit.obj (.text.AddrTranslateP_getLocalAddr)
                  70107360    000000ce     drivers.am263px.r5f.ti-arm-clang.nortos.debug.lib : edma.obj (.text.EDMA_disableChInShadowRegRegion)
                  7010742e    00000002     --HOLE-- [fill = 0]
                  70107430    000000cc                                                       : edma.obj (.text.EDMA_enableChInShadowRegRegion)
                  701074fc    00000004     --HOLE-- [fill = 0]
                  70107500    000000c4                                                       : edma.obj (.text.EDMA_mapChToEvtQ)
                  701075c4    0000000c     --HOLE-- [fill = 0]
                  701075d0    000000c0                                                       : edma.obj (.text.EDMA_configureChannelRegion)
                  70107690    000000c0                                                       : soc_rcm.obj (.text.SOC_rcmGetPerHSDivOut)
                  70107750    000000c0                                                       : uart_v0.obj (.text.UART_flushTxFifo)
                  70107810    000000c0     nortos.am263px.r5f.ti-arm-clang.debug.lib : printf.obj (.text._out_rev)
                  701078d0    000000be                                               : ClockP_nortos.obj (.text.ClockP_timerTickIsr)
                  7010798e    00000002     --HOLE-- [fill = 0]
                  70107990    000000be     ti_dpl_config.o (.text.TimerP_init)
                  70107a4e    00000002     --HOLE-- [fill = 0]
                  70107a50    000000ba     nortos.am263px.r5f.ti-arm-clang.debug.lib : ClockP_nortos.obj (.text.ClockP_stop)
                  70107b0a    00000006     --HOLE-- [fill = 0]
                  70107b10    000000ba     drivers.am263px.r5f.ti-arm-clang.nortos.debug.lib : ipc_notify_v1.obj (.text.IpcNotify_waitSync)
                  70107bca    00000006     --HOLE-- [fill = 0]
                  70107bd0    000000ba     nortos.am263px.r5f.ti-arm-clang.debug.lib : PmuP_armv7r.obj (.text.pmu)
                  70107c8a    00000006     --HOLE-- [fill = 0]
                  70107c90    000000b0     drivers.am263px.r5f.ti-arm-clang.nortos.debug.lib : soc_rcm.obj (.text.SOC_rcmSetPeripheralClock)
                  70107d40    000000b0                                                       : uart_v0.obj (.text.UART_init)
                  70107df0    000000ae                                                       : mcan.obj (.text.MCAN_getOffsetAddr)
                  70107e9e    00000002     --HOLE-- [fill = 0]
                  70107ea0    000000ac     gateway_shared.o (.text.gateway_core1_wait_for_ready)
                  70107f4c    00000004     --HOLE-- [fill = 0]
                  70107f50    000000a8     nortos.am263px.r5f.ti-arm-clang.debug.lib : ClockP_nortos.obj (.text.ClockP_addToList)
                  70107ff8    00000008     --HOLE-- [fill = 0]
                  70108000    000000a8                                               : ClockP_nortos.obj (.text.ClockP_destruct)
                  701080a8    00000008     --HOLE-- [fill = 0]
                  701080b0    000000a8     ti_drivers_open_close.o (.text.Drivers_uartOpen)
                  70108158    00000008     --HOLE-- [fill = 0]
                  70108160    000000a0     drivers.am263px.r5f.ti-arm-clang.nortos.debug.lib : soc_rcm.obj (.text.SOC_rcmGetCoreHSDivOut)
                  70108200    00000098                                                       : ipc_notify_v1.obj (.text.IpcNotify_registerClient)
                  70108298    00000008     --HOLE-- [fill = 0]
                  701082a0    00000096                                                       : uart_v0_lld.obj (.text.UART_subConfigTCRTLRModeEn)
                  70108336    0000000a     --HOLE-- [fill = 0]
                  70108340    00000092     nortos.am263px.r5f.ti-arm-clang.debug.lib : ClockP_nortos.obj (.text.ClockP_getTimeUsec)
                  701083d2    0000000e     --HOLE-- [fill = 0]
                  701083e0    00000092     drivers.am263px.r5f.ti-arm-clang.nortos.debug.lib : edma.obj (.text.EDMA_unmapChToEvtQ)
                  70108472    0000000e     --HOLE-- [fill = 0]
                  70108480    0000008c                                                       : edma.obj (.text.EDMA_disableTransferRegion)
                  7010850c    00000004     --HOLE-- [fill = 0]
                  70108510    0000008c                                                       : edma.obj (.text.EDMA_enableTransferRegion)
                  7010859c    00000004     --HOLE-- [fill = 0]
                  701085a0    00000088                                                       : uart_dma_edma.obj (.text.UART_edmaIsrRx)
                  70108628    00000008     --HOLE-- [fill = 0]
                  70108630    00000088                                                       : uart_dma_edma.obj (.text.UART_edmaIsrTx)
                  701086b8    00000008     --HOLE-- [fill = 0]
                  701086c0    00000088     gateway_shared.o (.text.gateway_write_test_data)
                  70108748    00000008     --HOLE-- [fill = 0]
                  70108750    00000086     drivers.am263px.r5f.ti-arm-clang.nortos.debug.lib : uart_v0_lld.obj (.text.UART_lld_flushTxFifo)
                  701087d6    0000000a     --HOLE-- [fill = 0]
                  701087e0    00000086                                                       : uart_v0_lld.obj (.text.UART_tcrTlrBitValRestore)
                  70108866    0000000a     --HOLE-- [fill = 0]
                  70108870    00000084     dispatcher_timer.o (.text.disp_timer_isr_callback)
                  701088f4    0000000c     --HOLE-- [fill = 0]
                  70108900    00000082     drivers.am263px.r5f.ti-arm-clang.nortos.debug.lib : edma.obj (.text.EDMA_allocDmaChannel)
                  70108982    0000000e     --HOLE-- [fill = 0]
                  70108990    00000082                                                       : edma.obj (.text.EDMA_allocParam)
                  70108a12    0000000e     --HOLE-- [fill = 0]
                  70108a20    00000082                                                       : edma.obj (.text.EDMA_allocTcc)
                  70108aa2    0000000e     --HOLE-- [fill = 0]
                  70108ab0    00000082                                                       : edma.obj (.text.EDMA_disableTccInShadowRegRegion)
                  70108b32    0000000e     --HOLE-- [fill = 0]
                  70108b40    00000082                                                       : edma.obj (.text.EDMA_enableTccInShadowRegRegion)
                  70108bc2    0000000e     --HOLE-- [fill = 0]
                  70108bd0    00000082                                                       : ipc_notify_v1.obj (.text.IpcNotify_syncAll)
                  70108c52    0000000e     --HOLE-- [fill = 0]
                  70108c60    00000080                                                       : uart_v0_lld.obj (.text.UART_moduleReset)
                  70108ce0    0000007e     ti_drivers_config.o (.text.System_init)
                  70108d5e    00000002     --HOLE-- [fill = 0]
                  70108d60    0000007e     drivers.am263px.r5f.ti-arm-clang.nortos.debug.lib : uart_v0_lld.obj (.text.UART_readData)
                  70108dde    00000002     --HOLE-- [fill = 0]
                  70108de0    0000007e     gateway_shared.o (.text.gateway_read_test_data)
                  70108e5e    00000002     --HOLE-- [fill = 0]
                  70108e60    0000007c     nortos.am263px.r5f.ti-arm-clang.debug.lib : DebugP_log.obj (.text._DebugP_assert)
                  70108edc    00000004     --HOLE-- [fill = 0]
                  70108ee0    0000007a     drivers.am263px.r5f.ti-arm-clang.nortos.debug.lib : ipc_notify_v1.obj (.text.IpcNotify_mailboxWrite)
                  70108f5a    00000006     --HOLE-- [fill = 0]
                  70108f60    0000007a                                                       : uart_v0.obj (.text.UART_Params_init)
                  70108fda    00000006     --HOLE-- [fill = 0]
                  70108fe0    00000078                                                       : edma.obj (.text.EDMA_linkChannel)
                  70109058    00000008     --HOLE-- [fill = 0]
                  70109060    00000074                                                       : uart_v0_lld.obj (.text.UART_IsBaseAddrValid)
                  701090d4    0000000c     --HOLE-- [fill = 0]
                  701090e0    00000072     nortos.am263px.r5f.ti-arm-clang.debug.lib : ClockP_nortos.obj (.text.ClockP_usleep)
                  70109152    0000000e     --HOLE-- [fill = 0]
                  70109160    00000072     drivers.am263px.r5f.ti-arm-clang.nortos.debug.lib : edma.obj (.text.EDMA_clrMissEvtRegion)
                  701091d2    0000000e     --HOLE-- [fill = 0]
                  701091e0    00000072                                                       : ipc_notify_v1.obj (.text.IpcNotify_makeMsg)
                  70109252    0000000e     --HOLE-- [fill = 0]
                  70109260    0000006a                                                       : ipc_notify_v1.obj (.text.IpcNotify_mailboxReadSwQ)
                  701092ca    00000006     --HOLE-- [fill = 0]
                  701092d0    00000068                                                       : edma.obj (.text.EDMA_getBaseAddr)
                  70109338    00000008     --HOLE-- [fill = 0]
                  70109340    00000068                                                       : uart_v0_lld.obj (.text.UART_divisorValCompute)
                  701093a8    00000008     --HOLE-- [fill = 0]
                  701093b0    00000064                                                       : soc_rcm.obj (.text.SOC_rcmGetR5Clock)
                  70109414    0000000c     --HOLE-- [fill = 0]
                  70109420    00000064                                                       : soc_rcm.obj (.text.SOC_rcmIsR5FInLockStepMode)
                  70109484    0000000c     --HOLE-- [fill = 0]
                  70109490    00000064                                                       : uart_v0_lld.obj (.text.UART_fifoRegisterWrite)
                  701094f4    0000000c     --HOLE-- [fill = 0]
                  70109500    00000064                                                       : uart_v0_lld.obj (.text.UART_lld_deInitDma)
                  70109564    0000000c     --HOLE-- [fill = 0]
                  70109570    00000062                                                       : soc_rcm.obj (.text.SOC_rcmInsert16)
                  701095d2    0000000e     --HOLE-- [fill = 0]
                  701095e0    00000062     nortos.am263px.r5f.ti-arm-clang.debug.lib : SemaphoreP_nortos.obj (.text.SemaphoreP_post)
                  70109642    0000000e     --HOLE-- [fill = 0]
                  70109650    00000060     drivers.am263px.r5f.ti-arm-clang.nortos.debug.lib : uart_v0_lld.obj (.text.UART_getChar)
                  701096b0    00000060                                                       : uart_v0_lld.obj (.text.UART_writeData)
                  70109710    00000060     dispatcher_timer.o (.text.disp_timer_start)
                  70109770    0000005c     ti_power_clock_config.o (.text.Module_clockSetFrequency)
                  701097cc    00000004     --HOLE-- [fill = 0]
                  701097d0    0000005c     drivers.am263px.r5f.ti-arm-clang.nortos.debug.lib : uart_v0_lld.obj (.text.UART_lld_deInit)
                  7010982c    00000004     --HOLE-- [fill = 0]
                  70109830    0000005c     gateway_shared.o (.text.gateway_notify_test_data_ready)
                  7010988c    00000004     --HOLE-- [fill = 0]
                  70109890    0000005c     main.o (.text.main)
                  701098ec    00000004     --HOLE-- [fill = 0]
                  701098f0    0000005a     drivers.am263px.r5f.ti-arm-clang.nortos.debug.lib : uart_v0_lld.obj (.text.UART_regConfigModeEnable)
                  7010994a    00000006     --HOLE-- [fill = 0]
                  70109950    0000005a     dispatcher_timer.o (.text.disp_timer_init)
                  701099aa    00000006     --HOLE-- [fill = 0]
                  701099b0    00000058     ti_drivers_config.o (.text.IpcNotify_allocSwQueue)
                  70109a08    00000008     --HOLE-- [fill = 0]
                  70109a10    00000058     drivers.am263px.r5f.ti-arm-clang.nortos.debug.lib : soc_rcm.obj (.text.SOC_rcmGetModuleClkDivVal)
                  70109a68    00000008     --HOLE-- [fill = 0]
                  70109a70    00000056                                                       : uart_v0.obj (.text.UART_lld_readCompleteCallback)
                  70109ac6    0000000a     --HOLE-- [fill = 0]
                  70109ad0    00000056                                                       : uart_v0.obj (.text.UART_lld_writeCompleteCallback)
                  70109b26    0000000a     --HOLE-- [fill = 0]
                  70109b30    00000054     ti_dpl_config.o (.text.Dpl_init)
                  70109b84    0000000c     --HOLE-- [fill = 0]
                  70109b90    00000054     drivers.am263px.r5f.ti-arm-clang.nortos.debug.lib : edma.obj (.text.EDMA_setPaRAM)
                  70109be4    0000000c     --HOLE-- [fill = 0]
                  70109bf0    00000054                                                       : uart_v0_lld.obj (.text.UART_OperModeValid)
                  70109c44    00000054     libclang_rt.builtins.a : floatundisf.S.obj (.text.__floatundisf)
                  70109c98    00000054     libc.a : autoinit.c.obj (.text:__TI_auto_init_nobinit_nopinit)
                  70109cec    00000004     --HOLE-- [fill = 0]
                  70109cf0    00000050     ti_drivers_open_close.o (.text.Drivers_uartClose)
                  70109d40    00000050     drivers.am263px.r5f.ti-arm-clang.nortos.debug.lib : pinmux.obj (.text.Pinmux_config)
                  70109d90    00000050                                                       : uart_v0_lld.obj (.text.UART_checkCharsAvailInFifo)
                  70109de0    0000004e     nortos.am263px.r5f.ti-arm-clang.debug.lib : DebugP_shmLogWriter.obj (.text.DebugP_shmLogWriterInit)
                  70109e2e    00000002     --HOLE-- [fill = 0]
                  70109e30    0000004e     drivers.am263px.r5f.ti-arm-clang.nortos.debug.lib : edma.obj (.text.EDMA_clrEvtRegion)
                  70109e7e    00000002     --HOLE-- [fill = 0]
                  70109e80    0000004e                                                       : edma.obj (.text.EDMA_disableDmaEvtRegion)
                  70109ece    00000002     --HOLE-- [fill = 0]
                  70109ed0    0000004e                                                       : edma.obj (.text.EDMA_disableEvtIntrRegion)
                  70109f1e    00000002     --HOLE-- [fill = 0]
                  70109f20    0000004e                                                       : edma.obj (.text.EDMA_enableDmaEvtRegion)
                  70109f6e    00000002     --HOLE-- [fill = 0]
                  70109f70    0000004e                                                       : edma.obj (.text.EDMA_enableEvtIntrRegion)
                  70109fbe    00000002     --HOLE-- [fill = 0]
                  70109fc0    0000004e                                                       : edma.obj (.text.EDMA_setEvtRegion)
                  7010a00e    00000002     --HOLE-- [fill = 0]
                  7010a010    0000004c     nortos.am263px.r5f.ti-arm-clang.debug.lib : ClockP_nortos.obj (.text.ClockP_construct)
                  7010a05c    00000004     --HOLE-- [fill = 0]
                  7010a060    0000004c     drivers.am263px.r5f.ti-arm-clang.nortos.debug.lib : edma.obj (.text.EDMA_ccPaRAMEntry_init)
                  7010a0ac    00000004     --HOLE-- [fill = 0]
                  7010a0b0    0000004c                                                       : edma.obj (.text.EDMA_mapQdmaChToPaRAM)
                  7010a0fc    00000004     --HOLE-- [fill = 0]
                  7010a100    0000004c                                                       : edma.obj (.text.EDMA_readEventStatusRegion)
                  7010a14c    00000004     --HOLE-- [fill = 0]
                  7010a150    0000004c                                                       : ipc_notify_v1.obj (.text.IpcNotify_unregisterClient)
                  7010a19c    00000004     --HOLE-- [fill = 0]
                  7010a1a0    0000004c     ti_power_clock_config.o (.text.Module_clockEnable)
                  7010a1ec    00000004     --HOLE-- [fill = 0]
                  7010a1f0    0000004a     drivers.am263px.r5f.ti-arm-clang.nortos.debug.lib : ipc_notify_v1.obj (.text.IpcNotify_Params_init)
                  7010a23a    00000006     --HOLE-- [fill = 0]
                  7010a240    0000004a                                                       : soc_rcm.obj (.text.SOC_rcmGetCR5SysclkInFrequency)
                  7010a28a    00000006     --HOLE-- [fill = 0]
                  7010a290    0000004a                                                       : uart_v0_lld.obj (.text.UART_getIntrIdentityStatus)
                  7010a2da    00000006     --HOLE-- [fill = 0]
                  7010a2e0    0000004a                                                       : uart_v0_lld.obj (.text.UART_lineCharConfig)
                  7010a32a    00000006     --HOLE-- [fill = 0]
                  7010a330    00000048                                                       : uart_v0_lld.obj (.text.UART_resetModule)
                  7010a378    00000008     --HOLE-- [fill = 0]
                  7010a380    00000046                                                       : uart_v0_lld.obj (.text.UART_i2310WA)
                  7010a3c6    0000000a     --HOLE-- [fill = 0]
                  7010a3d0    00000046                                                       : uart_v0_lld.obj (.text.UART_readLineStatus)
                  7010a416    0000000a     --HOLE-- [fill = 0]
                  7010a420    00000044                                                       : ipc_notify_v1.obj (.text.IpcNotify_getWriteMailbox)
                  7010a464    0000000c     --HOLE-- [fill = 0]
                  7010a470    00000044                                                       : soc_rcm.obj (.text.SOC_rcmExtract8)
                  7010a4b4    0000000c     --HOLE-- [fill = 0]
                  7010a4c0    00000044                                                       : soc_rcm.obj (.text.SOC_rcmMake16)
                  7010a504    0000000c     --HOLE-- [fill = 0]
                  7010a510    00000044     nortos.am263px.r5f.ti-arm-clang.debug.lib : SemaphoreP_nortos.obj (.text.SemaphoreP_construct)
                  7010a554    0000000c     --HOLE-- [fill = 0]
                  7010a560    00000044                                               : DebugP_nortos.obj (.text._DebugP_logZone)
                  7010a5a4    0000000c     --HOLE-- [fill = 0]
                  7010a5b0    00000044                                               : printf.obj (.text._strnlen_s)
                  7010a5f4    0000000c     --HOLE-- [fill = 0]
                  7010a600    00000044     gateway_shared.o (.text.gateway_notify_states_ready)
                  7010a644    0000000c     --HOLE-- [fill = 0]
                  7010a650    00000044     main.o (.text.timer_isr)
                  7010a694    0000000c     --HOLE-- [fill = 0]
                  7010a6a0    00000042     nortos.am263px.r5f.ti-arm-clang.debug.lib : ClockP_nortos.obj (.text.ClockP_start)
                  7010a6e2    0000000e     --HOLE-- [fill = 0]
                  7010a6f0    00000042     drivers.am263px.r5f.ti-arm-clang.nortos.debug.lib : uart_v0.obj (.text.UART_checkOpenParams)
                  7010a732    0000000e     --HOLE-- [fill = 0]
                  7010a740    0000003e                                                       : pinmux.obj (.text.Pinmux_unlockMMR)
                  7010a77e    00000002     --HOLE-- [fill = 0]
                  7010a780    0000003e                                                       : uart_v0_lld.obj (.text.UART_IsHWFlowCtrlValid)
                  7010a7be    00000002     --HOLE-- [fill = 0]
                  7010a7c0    0000003e                                                       : uart_v0_lld.obj (.text.UART_spaceAvail)
                  7010a7fe    00000002     --HOLE-- [fill = 0]
                  7010a800    0000003e     gateway_shared.o (.text.gateway_core1_init)
                  7010a83e    00000002     --HOLE-- [fill = 0]
                  7010a840    0000003e     gateway_shared.o (.text.gateway_update_heartbeat)
                  7010a87e    00000002     --HOLE-- [fill = 0]
                  7010a880    0000003e     main.o (.text.init_1000hz_timer)
                  7010a8be    00000002     --HOLE-- [fill = 0]
                  7010a8c0    0000003c     drivers.am263px.r5f.ti-arm-clang.nortos.debug.lib : uart_v0_lld.obj (.text.UART_IsParityTypeValid)
                  7010a8fc    00000004     --HOLE-- [fill = 0]
                  7010a900    0000003c                                                       : uart_v0_lld.obj (.text.UART_IsTxRxFifoEmpty)
                  7010a93c    00000004     --HOLE-- [fill = 0]
                  7010a940    0000003c                                                       : uart_v0_lld.obj (.text.UART_enhanFuncEnable)
                  7010a97c    00000004     --HOLE-- [fill = 0]
                  7010a980    0000003a                                                       : soc.obj (.text.SOC_moduleSetClockFrequency)
                  7010a9ba    00000006     --HOLE-- [fill = 0]
                  7010a9c0    0000003a     nortos.am263px.r5f.ti-arm-clang.debug.lib : printf.obj (.text._atoi)
                  7010a9fa    00000006     --HOLE-- [fill = 0]
                  7010aa00    0000003a                                               : printf.obj (.text.snprintf_)
                  7010aa3a    00000006     --HOLE-- [fill = 0]
                  7010aa40    00000038     drivers.am263px.r5f.ti-arm-clang.nortos.debug.lib : soc.obj (.text.SOC_getCoreName)
                  7010aa78    00000038     nortos.am263px.r5f.ti-arm-clang.debug.lib : PmuP_armv7r_asm.obj (.text.pmu)
                  7010aab0    00000036     drivers.am263px.r5f.ti-arm-clang.nortos.debug.lib : edma.obj (.text.EDMA_getRegionId)
                  7010aae6    0000000a     --HOLE-- [fill = 0]
                  7010aaf0    00000036                                                       : ipc_notify_v1.obj (.text.IpcNotify_syncCallback)
                  7010ab26    0000000a     --HOLE-- [fill = 0]
                  7010ab30    00000034                                                       : mcan.obj (.text.MCAN_calcCfgAddr)
                  7010ab64    0000000c     --HOLE-- [fill = 0]
                  7010ab70    00000034                                                       : pinmux.obj (.text.Pinmux_lockMMR)
                  7010aba4    0000000c     --HOLE-- [fill = 0]
                  7010abb0    00000034     nortos.am263px.r5f.ti-arm-clang.debug.lib : TimerP_rti_priv.obj (.text.TimerP_Params_initPriv)
                  7010abe4    0000000c     --HOLE-- [fill = 0]
                  7010abf0    00000034     drivers.am263px.r5f.ti-arm-clang.nortos.debug.lib : uart_v0_lld.obj (.text.UART_IsDataLengthValid)
                  7010ac24    0000000c     --HOLE-- [fill = 0]
                  7010ac30    00000032                                                       : uart_v0_lld.obj (.text.HW_WR_FIELD32_RAW)
                  7010ac62    0000000e     --HOLE-- [fill = 0]
                  7010ac70    00000032                                                       : ipc_notify_v1.obj (.text.IpcNotify_mailboxIsPendingIntr)
                  7010aca2    0000000e     --HOLE-- [fill = 0]
                  7010acb0    00000032     nortos.am263px.r5f.ti-arm-clang.debug.lib : TimerP_rti_priv.obj (.text.TimerP_getCountPriv)
                  7010ace2    0000000e     --HOLE-- [fill = 0]
                  7010acf0    00000032     drivers.am263px.r5f.ti-arm-clang.nortos.debug.lib : uart_v0_lld.obj (.text.UART_enhanFuncBitValRestore)
                  7010ad22    0000000e     --HOLE-- [fill = 0]
                  7010ad30    00000032                                                       : uart_v0_lld.obj (.text.UART_hardwareFlowCtrlOptSet)
                  7010ad62    0000000e     --HOLE-- [fill = 0]
                  7010ad70    00000030                                                       : ipc_notify_v1.obj (.text.IpcNotify_getReadSwQ)
                  7010ada0    00000030                                                       : uart_v0_lld.obj (.text.UART_flowCtrlTrigLvlConfig)
                  7010add0    0000002e                                                       : uart_dma_edma.obj (.text.UART_lld_dmaInit)
                  7010adfe    00000002     --HOLE-- [fill = 0]
                  7010ae00    0000002e     nortos.am263px.r5f.ti-arm-clang.debug.lib : printf.obj (.text._is_digit)
                  7010ae2e    00000002     --HOLE-- [fill = 0]
                  7010ae30    0000002c                                               : DebugP_log.obj (.text.DebugP_logZoneEnable)
                  7010ae5c    00000004     --HOLE-- [fill = 0]
                  7010ae60    0000002c     drivers.am263px.r5f.ti-arm-clang.nortos.debug.lib : ipc_notify_v1.obj (.text.IpcNotify_getReadMailbox)
                  7010ae8c    00000004     --HOLE-- [fill = 0]
                  7010ae90    0000002c                                                       : mcan.obj (.text.MCAN_clearNewDataStatus)
                  7010aebc    00000004     --HOLE-- [fill = 0]
                  7010aec0    0000002c                                                       : mcan.obj (.text.MCAN_getNewDataStatus)
                  7010aeec    00000004     --HOLE-- [fill = 0]
                  7010aef0    0000002c     nortos.am263px.r5f.ti-arm-clang.debug.lib : SemaphoreP_nortos.obj (.text.SemaphoreP_constructBinary)
                  7010af1c    00000004     --HOLE-- [fill = 0]
                  7010af20    0000002a                                               : ClockP_nortos.obj (.text.ClockP_sleepTicks)
                  7010af4a    00000006     --HOLE-- [fill = 0]
                  7010af50    0000002a     drivers.am263px.r5f.ti-arm-clang.nortos.debug.lib : uart_v0_lld.obj (.text.UART_intr2Disable)
                  7010af7a    00000006     --HOLE-- [fill = 0]
                  7010af80    0000002a                                                       : uart_v0_lld.obj (.text.UART_operatingModeSelect)
                  7010afaa    00000006     --HOLE-- [fill = 0]
                  7010afb0    00000028     nortos.am263px.r5f.ti-arm-clang.debug.lib : CpuId_armv7r.obj (.text.CSL_armR5GetCpuID)
                  7010afd8    00000008     --HOLE-- [fill = 0]
                  7010afe0    00000028                                               : printf.obj (.text.vprintf_)
                  7010b008    00000008     --HOLE-- [fill = 0]
                  7010b010    00000026     drivers.am263px.r5f.ti-arm-clang.nortos.debug.lib : edma.obj (.text.EDMA_disableQdmaEvtRegion)
                  7010b036    0000000a     --HOLE-- [fill = 0]
                  7010b040    00000026                                                       : edma.obj (.text.EDMA_enableQdmaEvtRegion)
                  7010b066    0000000a     --HOLE-- [fill = 0]
                  7010b070    00000026                                                       : edma.obj (.text.EDMA_validateIntrObject)
                  7010b096    0000000a     --HOLE-- [fill = 0]
                  7010b0a0    00000026     nortos.am263px.r5f.ti-arm-clang.debug.lib : printf.obj (.text._out_buffer)
                  7010b0c6    0000000a     --HOLE-- [fill = 0]
                  7010b0d0    00000024     ti_drivers_config.o (.text.IpcNotify_getConfig)
                  7010b0f4    0000000c     --HOLE-- [fill = 0]
                  7010b100    00000024     nortos.am263px.r5f.ti-arm-clang.debug.lib : SemaphoreP_nortos.obj (.text.SemaphoreP_constructMutex)
                  7010b124    0000000c     --HOLE-- [fill = 0]
                  7010b130    00000024     drivers.am263px.r5f.ti-arm-clang.nortos.debug.lib : uart_v0_lld.obj (.text.UART_IsRxTrigLvlValid)
                  7010b154    0000000c     --HOLE-- [fill = 0]
                  7010b160    00000024                                                       : uart_v0_lld.obj (.text.UART_IsStopBitsValid)
                  7010b184    0000000c     --HOLE-- [fill = 0]
                  7010b190    00000024                                                       : uart_v0_lld.obj (.text.UART_IsTxTrigLvlValid)
                  7010b1b4    00000024     libclang_rt.builtins.a : aeabi_uldivmod.S.obj (.text.__aeabi_uldivmod)
                  7010b1d8    00000008     --HOLE-- [fill = 0]
                  7010b1e0    00000024     nortos.am263px.r5f.ti-arm-clang.debug.lib : printf.obj (.text._out_char)
                  7010b204    0000000c     --HOLE-- [fill = 0]
                  7010b210    00000022     drivers.am263px.r5f.ti-arm-clang.nortos.debug.lib : edma.obj (.text.EDMA_channelToParamMap)
                  7010b232    0000000e     --HOLE-- [fill = 0]
                  7010b240    00000020     nortos.am263px.r5f.ti-arm-clang.debug.lib : ClockP_nortos.obj (.text.ClockP_isActive)
                  7010b260    00000020                                               : ClockP_nortos.obj (.text.ClockP_usecToTicks)
                  7010b280    00000020     drivers.am263px.r5f.ti-arm-clang.nortos.debug.lib : mcan.obj (.text.HW_RD_FIELD32_RAW)
                  7010b2a0    00000020                                                       : uart_v0_lld.obj (.text.HW_RD_FIELD32_RAW)
                  7010b2c0    0000001e     nortos.am263px.r5f.ti-arm-clang.debug.lib : ClockP_nortos.obj (.text.ClockP_Params_init)
                  7010b2de    00000002     --HOLE-- [fill = 0]
                  7010b2e0    0000001e     drivers.am263px.r5f.ti-arm-clang.nortos.debug.lib : edma.obj (.text.EDMA_getEventStatusHigh)
                  7010b2fe    00000002     --HOLE-- [fill = 0]
                  7010b300    0000001e                                                       : soc.obj (.text.SOC_getSelfCpuClk)
                  7010b31e    00000002     --HOLE-- [fill = 0]
                  7010b320    0000001e                                                       : soc.obj (.text.SOC_moduleClockEnable)
                  7010b33e    00000002     --HOLE-- [fill = 0]
                  7010b340    0000001e     ti_dpl_config.o (.text.TimerP_isr0)
                  7010b35e    00000002     --HOLE-- [fill = 0]
                  7010b360    0000001e     drivers.am263px.r5f.ti-arm-clang.nortos.debug.lib : uart_v0_lld.obj (.text.UART_breakCtl)
                  7010b37e    00000002     --HOLE-- [fill = 0]
                  7010b380    0000001e                                                       : uart_v0_lld.obj (.text.UART_lld_Transaction_deInit)
                  7010b39e    00000002     --HOLE-- [fill = 0]
                  7010b3a0    0000001c                                                       : edma.obj (.text.EDMA_getEventStatus)
                  7010b3bc    00000004     --HOLE-- [fill = 0]
                  7010b3c0    0000001c                                                       : uart_v0_lld.obj (.text.UART_IsParameter)
                  7010b3dc    00000004     --HOLE-- [fill = 0]
                  7010b3e0    0000001c     timer.o (.text.timerISR)
                  7010b3fc    0000001c     libc.a : memcpy32.S.obj (.text:TI_memcpy_small)
                  7010b418    00000008     --HOLE-- [fill = 0]
                  7010b420    0000001a     drivers.am263px.r5f.ti-arm-clang.nortos.debug.lib : mcan.obj (.text.MCAN_clearIntrStatus)
                  7010b43a    00000006     --HOLE-- [fill = 0]
                  7010b440    0000001a                                                       : uart_v0_lld.obj (.text.UART_fifoCharGet)
                  7010b45a    00000006     --HOLE-- [fill = 0]
                  7010b460    0000001a                                                       : uart_v0_lld.obj (.text.UART_timeGuardConfig)
                  7010b47a    00000006     --HOLE-- [fill = 0]
                  7010b480    00000018     nortos.am263px.r5f.ti-arm-clang.debug.lib : ClockP_nortos.obj (.text.ClockP_ticksToUsec)
                  7010b498    00000008     --HOLE-- [fill = 0]
                  7010b4a0    00000018     drivers.am263px.r5f.ti-arm-clang.nortos.debug.lib : edma.obj (.text.EDMA_isInterruptEnabled)
                  7010b4b8    00000008     --HOLE-- [fill = 0]
                  7010b4c0    00000018                                                       : ipc_notify_v1.obj (.text.IpcNotify_mailboxClearAllInt)
                  7010b4d8    00000008     --HOLE-- [fill = 0]
                  7010b4e0    00000018                                                       : ipc_notify_v1_cfg.obj (.text.IpcNotify_trigInterrupt)
                  7010b4f8    00000008     --HOLE-- [fill = 0]
                  7010b500    00000018     nortos.am263px.r5f.ti-arm-clang.debug.lib : SemaphoreP_nortos.obj (.text.SemaphoreP_Params_init)
                  7010b518    00000008     --HOLE-- [fill = 0]
                  7010b520    00000018                                               : TimerP_rti_priv.obj (.text.TimerP_getReloadCountPriv)
                  7010b538    00000008     --HOLE-- [fill = 0]
                  7010b540    00000018     drivers.am263px.r5f.ti-arm-clang.nortos.debug.lib : uart_v0_lld.obj (.text.UART_divisorLatchDisable)
                  7010b558    00000008     --HOLE-- [fill = 0]
                  7010b560    00000018                                                       : uart_v0_lld.obj (.text.UART_modemControlReset)
                  7010b578    00000008     --HOLE-- [fill = 0]
                  7010b580    00000018                                                       : uart_v0_lld.obj (.text.UART_putChar)
                  7010b598    00000018     libc.a : memset32.S.obj (.text:TI_memset_small)
                  7010b5b0    00000016     drivers.am263px.r5f.ti-arm-clang.nortos.debug.lib : ipc_notify_v1.obj (.text.IpcNotify_sendSync)
                  7010b5c6    0000000a     --HOLE-- [fill = 0]
                  7010b5d0    00000016                                                       : mcan.obj (.text.MCAN_getIntrStatus)
                  7010b5e6    0000000a     --HOLE-- [fill = 0]
                  7010b5f0    00000016     nortos.am263px.r5f.ti-arm-clang.debug.lib : TimerP_rti_priv.obj (.text.TimerP_startPriv)
                  7010b606    0000000a     --HOLE-- [fill = 0]
                  7010b610    00000016                                               : TimerP_rti_priv.obj (.text.TimerP_stopPriv)
                  7010b626    0000000a     --HOLE-- [fill = 0]
                  7010b630    00000016     drivers.am263px.r5f.ti-arm-clang.nortos.debug.lib : uart_v0_lld.obj (.text.UART_divideRoundCloset)
                  7010b646    0000000a     --HOLE-- [fill = 0]
                  7010b650    00000016                                                       : uart_v0_lld.obj (.text.UART_regConfModeRestore)
                  7010b666    0000000a     --HOLE-- [fill = 0]
                  7010b670    00000014                                                       : edma.obj (.text.HW_WR_REG16_RAW)
                  7010b684    0000000c     --HOLE-- [fill = 0]
                  7010b690    00000014                                                       : ipc_notify_v1.obj (.text.IpcNotify_mailboxClearPendingIntr)
                  7010b6a4    0000000c     --HOLE-- [fill = 0]
                  7010b6b0    00000014                                                       : soc_rcm.obj (.text.SOC_rcmGetModuleClkDivFromRegVal)
                  7010b6c4    0000000c     --HOLE-- [fill = 0]
                  7010b6d0    00000014     nortos.am263px.r5f.ti-arm-clang.debug.lib : TimerP_rti_priv.obj (.text.TimerP_clearOverflowIntPriv)
                  7010b6e4    0000000c     --HOLE-- [fill = 0]
                  7010b6f0    00000014                                               : TimerP_rti_nortos.obj (.text.TimerP_setup)
                  7010b704    0000000c     --HOLE-- [fill = 0]
                  7010b710    00000014     ti_dpl_config.o (.text.putchar_)
                  7010b724    0000000c     --HOLE-- [fill = 0]
                  7010b730    00000012     ti_pinmux_config.o (.text.Pinmux_init)
                  7010b742    0000000e     --HOLE-- [fill = 0]
                  7010b750    00000010     drivers.am263px.r5f.ti-arm-clang.nortos.debug.lib : pinmux.obj (.text.CSL_REG32_WR_RAW)
                  7010b760    00000010                                                       : soc.obj (.text.CSL_REG32_WR_RAW)
                  7010b770    00000010     nortos.am263px.r5f.ti-arm-clang.debug.lib : ClockP_nortos_r5.obj (.text.ClockP_getTimerCount)
                  7010b780    00000010                                               : ClockP_nortos_r5.obj (.text.ClockP_timerClearOverflowInt)
                  7010b790    00000010     drivers.am263px.r5f.ti-arm-clang.nortos.debug.lib : edma.obj (.text.HW_RD_REG32_RAW)
                  7010b7a0    00000010                                                       : mcan.obj (.text.HW_RD_REG32_RAW)
                  7010b7b0    00000010                                                       : uart_v0_lld.obj (.text.HW_RD_REG32_RAW)
                  7010b7c0    00000010                                                       : edma.obj (.text.HW_WR_REG32_RAW)
                  7010b7d0    00000010                                                       : mcan.obj (.text.HW_WR_REG32_RAW)
                  7010b7e0    00000010                                                       : uart_v0_lld.obj (.text.HW_WR_REG32_RAW)
                  7010b7f0    00000010                                                       : ipc_notify_v1.obj (.text.IpcNotify_mailboxGetPendingIntr)
                  7010b800    00000010     nortos.am263px.r5f.ti-arm-clang.debug.lib : TimerP_rti_nortos.obj (.text.TimerP_Params_init)
                  7010b810    00000010                                               : TimerP_rti_nortos.obj (.text.TimerP_clearOverflowInt)
                  7010b820    00000010                                               : TimerP_rti_nortos.obj (.text.TimerP_getCount)
                  7010b830    00000010                                               : TimerP_rti_nortos.obj (.text.TimerP_getReloadCount)
                  7010b840    00000010                                               : TimerP_rti_nortos.obj (.text.TimerP_start)
                  7010b850    00000010                                               : TimerP_rti_nortos.obj (.text.TimerP_stop)
                  7010b860    00000010                                               : printf.obj (.text._out_null)
                  7010b870    0000000c     ti_board_open_close.o (.text.Board_driversOpen)
                  7010b87c    00000004     --HOLE-- [fill = 0]
                  7010b880    0000000c     nortos.am263px.r5f.ti-arm-clang.debug.lib : ClockP_nortos.obj (.text.ClockP_getTicks)
                  7010b88c    00000004     --HOLE-- [fill = 0]
                  7010b890    0000000c     ti_power_clock_config.o (.text.PowerClock_init)
                  7010b89c    00000004     --HOLE-- [fill = 0]
                  7010b8a0    0000000a     nortos.am263px.r5f.ti-arm-clang.debug.lib : HwiP_armv7r_vim.obj (.text.Hwip_dataAndInstructionBarrier)
                  7010b8aa    00000006     --HOLE-- [fill = 0]
                  7010b8b0    0000000a     drivers.am263px.r5f.ti-arm-clang.nortos.debug.lib : ipc_notify_v1.obj (.text.IpcNotify_dataAndInstructionBarrier)
                  7010b8ba    00000006     --HOLE-- [fill = 0]
                  7010b8c0    0000000a                                                       : soc_rcm.obj (.text.SOC_rcmGetBaseAddressMSSRCM)
                  7010b8ca    00000006     --HOLE-- [fill = 0]
                  7010b8d0    0000000a                                                       : uart_dma_edma.obj (.text.UART_edmaDoNothing)
                  7010b8da    00000006     --HOLE-- [fill = 0]
                  7010b8e0    0000000a     gateway_shared.o (.text.gateway_memory_barrier)
                  7010b8ea    00000006     --HOLE-- [fill = 0]
                  7010b8f0    00000008     ti_drivers_open_close.o (.text.Drivers_close)
                  7010b8f8    00000008     --HOLE-- [fill = 0]
                  7010b900    00000008     ti_drivers_open_close.o (.text.Drivers_open)
                  7010b908    00000008     --HOLE-- [fill = 0]
                  7010b910    00000008     ti_drivers_config.o (.text.Drivers_uartInit)
                  7010b918    00000008     --HOLE-- [fill = 0]
                  7010b920    00000008     drivers.am263px.r5f.ti-arm-clang.nortos.debug.lib : soc_rcm.obj (.text.SOC_rcmGetBaseAddressMSSCTRL)
                  7010b928    00000008     --HOLE-- [fill = 0]
                  7010b930    00000008                                                       : soc_rcm.obj (.text.SOC_rcmGetBaseAddressTOPRCM)
                  7010b938    00000008     --HOLE-- [fill = 0]
                  7010b940    00000008     nortos.am263px.r5f.ti-arm-clang.debug.lib : SemaphoreP_nortos.obj (.text.SemaphoreP_destruct)
                  7010b948    00000008     --HOLE-- [fill = 0]
                  7010b950    00000002     ti_board_open_close.o (.text.Board_driversClose)
                  7010b952    0000000e     --HOLE-- [fill = 0]
                  7010b960    00000002     ti_board_config.o (.text.Board_init)
                  7010b962    0000000e     --HOLE-- [fill = 0]
                  7010b970    00000002     drivers.am263px.r5f.ti-arm-clang.nortos.debug.lib : ipc_notify_v1_cfg.obj (.text.IpcNotify_wait)
                  7010b972    0000000e     --HOLE-- [fill = 0]
                  7010b980    00000002     nortos.am263px.r5f.ti-arm-clang.debug.lib : TaskP_nortos.obj (.text.TaskP_yield)
                  7010b982    0000000e     --HOLE-- [fill = 0]

.rodata    0    7010b990    00001720     
                  7010b990    00000084     ti_dpl_config.o (.rodata.cfg)
                  7010ba14    00000056     timer.o (.rodata.str1.11065275571764353979.1)
                  7010ba6a    00000006     drivers.am263px.r5f.ti-arm-clang.nortos.debug.lib : soc_rcm.obj (.rodata.str1.12246138248821672736.1)
                  7010ba70    00000050     nortos.am263px.r5f.ti-arm-clang.debug.lib : printf.obj (.rodata._ftoa.pow10)
                  7010bac0    0000004e     main.o (.rodata.str1.17045314124001216156.1)
                  7010bb0e    0000004a     main.o (.rodata.str1.16302215771116645891.1)
                  7010bb58    00000048     drivers.am263px.r5f.ti-arm-clang.nortos.debug.lib : soc_rcm.obj (.rodata.gADPLLJConfigTbl)
                  7010bba0    00000044     gateway_shared.o (.rodata.str1.8694082244888993162.1)
                  7010bbe4    00000041     main.o (.rodata.str1.8320541211001259012.1)
                  7010bc25    00000003     main.o (.rodata.str1.17100691992556644108.1)
                  7010bc28    00000040     main.o (.rodata..L__const.main_loop.test_pattern)
                  7010bc68    00000040     drivers.am263px.r5f.ti-arm-clang.nortos.debug.lib : mcan.obj (.rodata.gDataSize)
                  7010bca8    00000040                                                       : ipc_notify_v1.obj (.rodata.str1.10118846006578224169.1)
                  7010bce8    00000040     gateway_shared.o (.rodata.str1.1309647279537151951.1)
                  7010bd28    0000003d     nortos.am263px.r5f.ti-arm-clang.debug.lib : TimerP_rti_priv.obj (.rodata.str1.11388379688747141303.1)
                  7010bd65    0000003d     main.o (.rodata.str1.8108965883388295311.1)
                  7010bda2    0000003c     main.o (.rodata.str1.13030671760666898970.1)
                  7010bdde    0000003c     main.o (.rodata.str1.16265332423659789559.1)
                  7010be1a    0000003b     main.o (.rodata.str1.5043408953494467246.1)
                  7010be55    0000003b     main.o (.rodata.str1.6891813955777630061.1)
                  7010be90    0000003a     main.o (.rodata.str1.39260288392874984.1)
                  7010beca    0000003a     gateway_shared.o (.rodata.str1.6238718661883364096.1)
                  7010bf04    00000039     gateway_shared.o (.rodata.str1.11051107022181534624.1)
                  7010bf3d    00000039     can_interface.o (.rodata.str1.17339864536769639315.1)
                  7010bf76    00000039     gateway_shared.o (.rodata.str1.8195260966165303577.1)
                  7010bfaf    00000037     gateway_shared.o (.rodata.str1.5629998949668554045.1)
                  7010bfe6    00000037     main.o (.rodata.str1.6554448696319176064.1)
                  7010c01d    00000035     main.o (.rodata.str1.7702501944640899365.1)
                  7010c052    00000035     ti_drivers_open_close.o (.rodata.str1.871795152488895636.1)
                  7010c087    00000034     main.o (.rodata.str1.14112174005742061988.1)
                  7010c0bb    00000034     gateway_shared.o (.rodata.str1.9859227269409816370.1)
                  7010c0ef    00000033     can_interface.o (.rodata.str1.10186677634541030339.1)
                  7010c122    00000032     main.o (.rodata.str1.8076846746581808073.1)
                  7010c154    00000031     main.o (.rodata.str1.11870794119293528247.1)
                  7010c185    00000030     main.o (.rodata.str1.11321157723316767883.1)
                  7010c1b5    00000030     main.o (.rodata.str1.8154729771448623357.1)
                  7010c1e5    0000002f     gateway_shared.o (.rodata.str1.12080221302489731862.1)
                  7010c214    0000002f     main.o (.rodata.str1.15996357275703397564.1)
                  7010c243    0000002f     gateway_shared.o (.rodata.str1.3129942817937968154.1)
                  7010c272    0000002f     main.o (.rodata.str1.8096991282711418442.1)
                  7010c2a1    0000002f     drivers.am263px.r5f.ti-arm-clang.nortos.debug.lib : ipc_notify_v1.obj (.rodata.str1.9418228565027791152.1)
                  7010c2d0    0000002e     main.o (.rodata.str1.2123964117280943167.1)
                  7010c2fe    0000002d     main.o (.rodata.str1.10313062130652730376.1)
                  7010c32b    0000002d     main.o (.rodata.str1.14079361385603432444.1)
                  7010c358    0000002d     dispatcher_timer.o (.rodata.str1.16909784401037802760.1)
                  7010c385    0000002d     can_interface.o (.rodata.str1.17855712168153945246.1)
                  7010c3b2    0000002d     timer.o (.rodata.str1.4825335438893677182.1)
                  7010c3df    0000002d     timer.o (.rodata.str1.9776783471828401229.1)
                  7010c40c    0000002c     gateway_shared.o (.rodata.str1.7167262159681625771.1)
                  7010c438    0000002c     main.o (.rodata.str1.9059077390166914652.1)
                  7010c464    0000002b     main.o (.rodata.str1.18227636981041470289.1)
                  7010c48f    0000002b     timer.o (.rodata.str1.2595077267241533047.1)
                  7010c4ba    0000002a     timer.o (.rodata.str1.14592564388859657302.1)
                  7010c4e4    0000002a     gateway_shared.o (.rodata.str1.17046880449980016103.1)
                  7010c50e    0000002a     nortos.am263px.r5f.ti-arm-clang.debug.lib : DebugP_log.obj (.rodata.str1.227947788441500939.1)
                  7010c538    0000002a     dispatcher_timer.o (.rodata.str1.8393228718863617781.1)
                  7010c562    00000029     main.o (.rodata.str1.14402440632258215044.1)
                  7010c58b    00000029     main.o (.rodata.str1.18092426736022315238.1)
                  7010c5b4    00000028     dispatcher_timer.o (.rodata.str1.13215161723794722244.1)
                  7010c5dc    00000028     main.o (.rodata.str1.15159059442110792349.1)
                  7010c604    00000027     nortos.am263px.r5f.ti-arm-clang.debug.lib : ClockP_nortos_r5.obj (.rodata.str1.12743090444791882666.1)
                  7010c62b    00000027     main.o (.rodata.str1.7996925722583989644.1)
                  7010c652    00000026     gateway_shared.o (.rodata.str1.5327546541240122901.1)
                  7010c678    00000026     gateway_shared.o (.rodata.str1.5761821093615868877.1)
                  7010c69e    00000025     main.o (.rodata.str1.2563708670032483588.1)
                  7010c6c3    00000024     main.o (.rodata.str1.14466178792657420020.1)
                  7010c6e7    00000024     can_interface.o (.rodata.str1.14695538922052102695.1)
                  7010c70b    00000024     can_interface.o (.rodata.str1.17857559882412085052.1)
                  7010c72f    00000023     timer.o (.rodata.str1.11625592957738929956.1)
                  7010c752    00000023     drivers.am263px.r5f.ti-arm-clang.nortos.debug.lib : soc_rcm.obj (.rodata.str1.2078190104202520215.1)
                  7010c775    00000023     main.o (.rodata.str1.2846389346932560359.1)
                  7010c798    00000023     nortos.am263px.r5f.ti-arm-clang.debug.lib : ClockP_nortos_r5.obj (.rodata.str1.7689125538912326484.1)
                  7010c7bb    00000022     drivers.am263px.r5f.ti-arm-clang.nortos.debug.lib : edma.obj (.rodata.str1.12976018205622752890.1)
                  7010c7dd    00000021     timer.o (.rodata.str1.11388516001008441053.1)
                  7010c7fe    00000021     nortos.am263px.r5f.ti-arm-clang.debug.lib : ClockP_nortos_r5.obj (.rodata.str1.8559540482768925367.1)
                  7010c81f    00000001     --HOLE-- [fill = 0]
                  7010c820    00000020     drivers.am263px.r5f.ti-arm-clang.nortos.debug.lib : mcan.obj (.rodata.gMsgObjSize)
                  7010c840    00000020     can_interface.o (.rodata.g_mcan_base_addr)
                  7010c860    00000020     can_interface.o (.rodata.g_mcan_intr_num)
                  7010c880    00000020     drivers.am263px.r5f.ti-arm-clang.nortos.debug.lib : uart_v0.obj (.rodata.str1.16594507886308206351.1)
                  7010c8a0    00000020                                                       : ipc_notify_v1.obj (.rodata.str1.2046905611612007019.1)
                  7010c8c0    0000001f     timer.o (.rodata.str1.17138248890061536290.1)
                  7010c8df    0000001f     nortos.am263px.r5f.ti-arm-clang.debug.lib : ClockP_nortos_r5.obj (.rodata.str1.2746619892315392655.1)
                  7010c8fe    0000001f     dispatcher_timer.o (.rodata.str1.5724006426700065890.1)
                  7010c91d    0000001e     drivers.am263px.r5f.ti-arm-clang.nortos.debug.lib : ipc_notify_v1.obj (.rodata.str1.16593710740832512674.1)
                  7010c93b    0000001e     timer.o (.rodata.str1.17468340562980736309.1)
                  7010c959    0000001e     drivers.am263px.r5f.ti-arm-clang.nortos.debug.lib : ipc_notify_v1.obj (.rodata.str1.9050127465416171240.1)
                  7010c977    0000001d     nortos.am263px.r5f.ti-arm-clang.debug.lib : TimerP_rti_priv.obj (.rodata.str1.1727973701797049581.1)
                  7010c994    0000001d                                               : TimerP_rti_priv.obj (.rodata.str1.4425773406285945039.1)
                  7010c9b1    0000001d     drivers.am263px.r5f.ti-arm-clang.nortos.debug.lib : uart_v0.obj (.rodata.str1.4697665093340446018.1)
                  7010c9ce    0000001d     nortos.am263px.r5f.ti-arm-clang.debug.lib : TimerP_rti_priv.obj (.rodata.str1.7297095892955669843.1)
                  7010c9eb    0000001c     timer.o (.rodata.str1.3941945720110854977.1)
                  7010ca07    0000001b     timer.o (.rodata.str1.16368327707447699272.1)
                  7010ca22    0000001b     drivers.am263px.r5f.ti-arm-clang.nortos.debug.lib : edma.obj (.rodata.str1.16672221102796607080.1)
                  7010ca3d    0000001b     timer.o (.rodata.str1.2729451262212274059.1)
                  7010ca58    0000001b     timer.o (.rodata.str1.7281718990602344857.1)
                  7010ca73    0000001b     ti_drivers_config.o (.rodata.str1.7767457247551078139.1)
                  7010ca8e    0000001a     drivers.am263px.r5f.ti-arm-clang.nortos.debug.lib : soc_rcm.obj (.rodata.str1.16907879152045164286.1)
                  7010caa8    0000001a     main.o (.rodata.str1.2763581881760962609.1)
                  7010cac2    0000001a     main.o (.rodata.str1.288608917962107522.1)
                  7010cadc    0000001a     nortos.am263px.r5f.ti-arm-clang.debug.lib : ClockP_nortos_r5.obj (.rodata.str1.3810757863367538396.1)
                  7010caf6    00000019     drivers.am263px.r5f.ti-arm-clang.nortos.debug.lib : ipc_notify_v1.obj (.rodata.str1.12253177398743541182.1)
                  7010cb0f    00000019     timer.o (.rodata.str1.12486863182278299252.1)
                  7010cb28    00000019     nortos.am263px.r5f.ti-arm-clang.debug.lib : TimerP_rti_priv.obj (.rodata.str1.5494506574634759136.1)
                  7010cb41    00000019     main.o (.rodata.str1.7784929982665794503.1)
                  7010cb5a    00000018     drivers.am263px.r5f.ti-arm-clang.nortos.debug.lib : soc_rcm.obj (.rodata.gControlssPllClkSrcValMap)
                  7010cb72    00000018                                                       : soc_rcm.obj (.rodata.gCptsClkSrcValMap)
                  7010cb8a    00000018                                                       : soc_rcm.obj (.rodata.gI2cClkSrcValMap)
                  7010cba2    00000018                                                       : soc_rcm.obj (.rodata.gIcssmUartClkSrcValMap)
                  7010cbba    00000018                                                       : soc_rcm.obj (.rodata.gLinUartClkSrcValMap)
                  7010cbd2    00000018                                                       : soc_rcm.obj (.rodata.gMcSpiClkSrcValMap)
                  7010cbea    00000018                                                       : soc_rcm.obj (.rodata.gMcanClkSrcValMap)
                  7010cc02    00000018                                                       : soc_rcm.obj (.rodata.gMmcClkSrcValMap)
                  7010cc1a    00000018                                                       : soc_rcm.obj (.rodata.gOspiClkSrcValMap)
                  7010cc32    00000018                                                       : soc_rcm.obj (.rodata.gPeripheralClkSrcInfoMap)
                  7010cc4a    00000018                                                       : soc_rcm.obj (.rodata.gRtiClkSrcValMap)
                  7010cc62    00000018                                                       : soc_rcm.obj (.rodata.gWdtClkSrcValMap)
                  7010cc7a    00000018                                                       : uart_v0.obj (.rodata.str1.16507871919775359273.1)
                  7010cc92    00000018     ti_drivers_config.o (.rodata.str1.2211846465855763212.1)
                  7010ccaa    00000017     drivers.am263px.r5f.ti-arm-clang.nortos.debug.lib : soc_rcm.obj (.rodata.str1.1263028196474875090.1)
                  7010ccc1    00000017     timer.o (.rodata.str1.13913013338197420287.1)
                  7010ccd8    00000016     drivers.am263px.r5f.ti-arm-clang.nortos.debug.lib : soc_rcm.obj (.rodata.str1.15837709475095375462.1)
                  7010ccee    00000016                                                       : soc_rcm.obj (.rodata.str1.18101715471844446405.1)
                  7010cd04    00000016                                                       : soc_rcm.obj (.rodata.str1.503491203257075565.1)
                  7010cd1a    00000015     timer.o (.rodata.str1.14729613912850753266.1)
                  7010cd2f    00000015     drivers.am263px.r5f.ti-arm-clang.nortos.debug.lib : ipc_notify_v1.obj (.rodata.str1.2749849238461102323.1)
                  7010cd44    00000015                                                       : edma.obj (.rodata.str1.9771253703579349310.1)
                  7010cd59    00000014     main.o (.rodata.str1.1311392489248731986.1)
                  7010cd6d    00000014     drivers.am263px.r5f.ti-arm-clang.nortos.debug.lib : edma.obj (.rodata.str1.14977302951450442404.1)
                  7010cd81    00000014                                                       : edma.obj (.rodata.str1.16586217098785273673.1)
                  7010cd95    00000014                                                       : ipc_notify_v1.obj (.rodata.str1.17722115868992979254.1)
                  7010cda9    00000014                                                       : ipc_notify_v1.obj (.rodata.str1.5235938544388580736.1)
                  7010cdbd    00000014                                                       : edma.obj (.rodata.str1.6479261940699871955.1)
                  7010cdd1    00000013     nortos.am263px.r5f.ti-arm-clang.debug.lib : DebugP_shmLogWriter.obj (.rodata.str1.14017905436770086454.1)
                  7010cde4    00000013     drivers.am263px.r5f.ti-arm-clang.nortos.debug.lib : soc_rcm.obj (.rodata.str1.1513614241493853460.1)
                  7010cdf7    00000013     main.o (.rodata.str1.16631870348416990953.1)
                  7010ce0a    00000013     main.o (.rodata.str1.17376258722486336754.1)
                  7010ce1d    00000013     main.o (.rodata.str1.3530083166107438000.1)
                  7010ce30    00000013     drivers.am263px.r5f.ti-arm-clang.nortos.debug.lib : uart_v0.obj (.rodata.str1.8511823138002593779.1)
                  7010ce43    00000012                                                       : uart_v0.obj (.rodata.str1.10085477686273322470.1)
                  7010ce55    00000012                                                       : uart_v0.obj (.rodata.str1.1906408950570946892.1)
                  7010ce67    00000012                                                       : ipc_notify_v1.obj (.rodata.str1.4922609433019995091.1)
                  7010ce79    00000012                                                       : soc_rcm.obj (.rodata.str1.6089483996110695684.1)
                  7010ce8b    00000012                                                       : edma.obj (.rodata.str1.8988798825313313125.1)
                  7010ce9d    00000011     main.o (.rodata.str1.11702106008850790973.1)
                  7010ceae    00000011     main.o (.rodata.str1.13288086030101331538.1)
                  7010cebf    00000011     drivers.am263px.r5f.ti-arm-clang.nortos.debug.lib : edma.obj (.rodata.str1.13359792024450833872.1)
                  7010ced0    00000011                                                       : uart_v0.obj (.rodata.str1.18277465892467933209.1)
                  7010cee1    00000011     ti_drivers_open_close.o (.rodata.str1.6292539624901818759.1)
                  7010cef2    00000011     nortos.am263px.r5f.ti-arm-clang.debug.lib : TimerP_rti_priv.obj (.rodata.str1.7786169893402823657.1)
                  7010cf03    00000011     drivers.am263px.r5f.ti-arm-clang.nortos.debug.lib : ipc_notify_v1.obj (.rodata.str1.9036292169629118271.1)
                  7010cf14    00000010                                                       : edma.obj (.rodata.str1.16687974986316968853.1)
                  7010cf24    0000000f                                                       : edma.obj (.rodata.str1.12381575634899622488.1)
                  7010cf33    0000000f                                                       : edma.obj (.rodata.str1.15707078201242323249.1)
                  7010cf42    0000000f                                                       : edma.obj (.rodata.str1.2781376525681532154.1)
                  7010cf51    0000000f                                                       : ipc_notify_v1.obj (.rodata.str1.4769539187903082080.1)
                  7010cf60    0000000f                                                       : edma.obj (.rodata.str1.4907917467944964367.1)
                  7010cf6f    0000000e     main.o (.rodata.str1.10635229749459437609.1)
                  7010cf7d    0000000e     drivers.am263px.r5f.ti-arm-clang.nortos.debug.lib : edma.obj (.rodata.str1.1669868279207928169.1)
                  7010cf8b    0000000e                                                       : edma.obj (.rodata.str1.6128441279204879358.1)
                  7010cf99    0000000e                                                       : edma.obj (.rodata.str1.6928588723460450634.1)
                  7010cfa7    0000000d                                                       : edma.obj (.rodata.str1.14657363906792235350.1)
                  7010cfb4    0000000d     nortos.am263px.r5f.ti-arm-clang.debug.lib : TimerP_rti_priv.obj (.rodata.str1.15140844044942405278.1)
                  7010cfc1    0000000c                                               : ClockP_nortos_r5.obj (.rodata.str1.13463193513887205357.1)
                  7010cfcd    0000000c     ti_drivers_config.o (.rodata.str1.3145245972279493797.1)
                  7010cfd9    0000000c     drivers.am263px.r5f.ti-arm-clang.nortos.debug.lib : edma.obj (.rodata.str1.8587431144907355806.1)
                  7010cfe5    0000000b                                                       : uart_v0.obj (.rodata.str1.1151567497034493012.1)
                  7010cff0    0000000b     main.o (.rodata.str1.17279024933005395956.1)
                  7010cffb    0000000b     can_interface.o (.rodata.str1.9513145012316062387.1)
                  7010d006    0000000a     main.o (.rodata.str1.12180500075719773345.1)
                  7010d010    0000000a     drivers.am263px.r5f.ti-arm-clang.nortos.debug.lib : soc_rcm.obj (.rodata.str1.3349473071634452315.1)
                  7010d01a    0000000a                                                       : uart_v0.obj (.rodata.str1.7892831408302009747.1)
                  7010d024    0000000a                                                       : uart_v0.obj (.rodata.str1.8477608605346433529.1)
                  7010d02e    0000000a                                                       : ipc_notify_v1.obj (.rodata.str1.8751964444192423158.1)
                  7010d038    00000008                                                       : mcan.obj (.rodata.gMcanOffsetAddr)
                  7010d040    00000008                                                       : soc_rcm.obj (.rodata.gXTALInfo)
                  7010d048    00000008     nortos.am263px.r5f.ti-arm-clang.debug.lib : DebugP_shmLogWriter.obj (.rodata.str1.11364348920754194803.1)
                  7010d050    00000008     main.o (.rodata.str1.13782249893155712474.1)
                  7010d058    00000008     drivers.am263px.r5f.ti-arm-clang.nortos.debug.lib : soc.obj (.rodata.str1.14910504016491482532.1)
                  7010d060    00000007                                                       : soc.obj (.rodata.str1.12179086363571468349.1)
                  7010d067    00000007                                                       : soc.obj (.rodata.str1.12254199422641571827.1)
                  7010d06e    00000007                                                       : soc.obj (.rodata.str1.15593236263752157262.1)
                  7010d075    00000007                                                       : soc.obj (.rodata.str1.17262473269405332311.1)
                  7010d07c    00000007                                                       : soc.obj (.rodata.str1.17795343983633703126.1)
                  7010d083    00000006     gateway_shared.o (.rodata.str1.15257554646438059100.1)
                  7010d089    00000005     nortos.am263px.r5f.ti-arm-clang.debug.lib : printf.obj (.rodata.str1.8544352122861784523.1)
                  7010d08e    00000005                                               : printf.obj (.rodata.str1.8812429412984920041.1)
                  7010d093    00000001     --HOLE-- [fill = 0]
                  7010d094    00000004                                               : CacheP_armv7r.obj (.rodata.gCacheL1dCacheLineSize)
                  7010d098    00000004                                               : CacheP_armv7r.obj (.rodata.gCacheL1pCacheLineSize)
                  7010d09c    00000004                                               : printf.obj (.rodata.str1.13278797451342649413.1)
                  7010d0a0    00000004                                               : printf.obj (.rodata.str1.17155598869870286803.1)
                  7010d0a4    00000004     gateway_shared.o (.rodata.str1.9212167202343599910.1)
                  7010d0a8    00000002     drivers.am263px.r5f.ti-arm-clang.nortos.debug.lib : soc_rcm.obj (.rodata.gCR5ClkSrcInfoMap)
                  7010d0aa    00000006     --HOLE-- [fill = 0]

.bss       0    7010d0b0    00000c38     UNINITIALIZED
                  7010d0b0    0000080c     (.common:gHwiCtrl)
                  7010d8bc    00000004     nortos.am263px.r5f.ti-arm-clang.debug.lib : HwiP_armv7r_vim.obj (.bss.gdummy)
                  7010d8c0    000001b0     ti_drivers_config.o (.bss.gUartObjects)
                  7010da70    000000b8     (.common:gIpcNotifyCtrl)
                  7010db28    00000080     can_interface.o (.bss.g_can_stats)
                  7010dba8    0000007a     nortos.am263px.r5f.ti-arm-clang.debug.lib : DebugP_shmLogWriter.obj (.bss.DebugP_shmLogWriterPutChar.lineBuf)
                  7010dc22    00000002     --HOLE--
                  7010dc24    00000068     can_interface.o (.bss.g_rx_buffer)
                  7010dc8c    00000020     can_interface.o (.bss.g_mcan_hwi_objects)
                  7010dcac    00000004     (.common:gTimerBaseAddr)
                  7010dcb0    00000020     (.common:gClockCtrl)
                  7010dcd0    00000010     (.common:virtToPhymap)
[...]
701137e0  gHwiConfig                           
7010d0b0  gHwiCtrl                             
70113780  gIpcNotifyCoreIntrBitPos             
7010da70  gIpcNotifyCtrl                       
701137e4  gIpcNotifyInterruptConfigNum_r5fss0_1
70113710  gIpcNotifyInterruptConfig_r5fss0_1   
70113568  gIpcNotifyMailboxConfig              
701137e8  gMeasuredFreqHz                      
7010b998  gMpuConfig                           
7010b9a4  gMpuRegionConfig                     
7010cc32  gPeripheralClkSrcInfoMap             
701137ec  gPrevCounter                         
701137a0  gPrevLogTimeUsec                     
701137a8  gSocModules                          
70113740  gSocModulesClockFrequency            
7010dcac  gTimerBaseAddr                       
7010dce0  gTimerHwiObj                         
701137f0  gTimerIsrCounter                     
70113815  gTimerIsrFlag                        
701137b8  gUartConfig                          
701137f4  gUartConfigNum                       
701137f8  gUartDmaChConfig                     
70113568  gUartDmaHandle                       
7010dce4  gUartHandle                          
70113668  gUartParams                          
7010d040  gXTALInfo                            
701137fc  g_disp_timer_isr_count               
7010a801  gateway_core1_init                   
70104d71  gateway_core1_ipc_callback           
70107ea1  gateway_core1_wait_for_ready         
7010a601  gateway_notify_states_ready          
70109831  gateway_notify_test_data_ready       
70108de1  gateway_read_test_data               
7010a841  gateway_update_heartbeat             
701086c1  gateway_write_test_data              
7011381c  isMapAvailable                       
70109891  main                                 
7010b711  putchar_                             
7010aa01  snprintf_                            
7010b3e1  timerISR                             
70102981  timer_test_main                      
7010dcd0  virtToPhymap                         
7010afe1  vprintf_                             


GLOBAL SYMBOLS: SORTED BY Symbol Address 

address   name                                 
-------   ----                                 
00000000  __TI_ATRegion0_region_sz             
00000000  __TI_ATRegion0_src_addr              
00000000  __TI_ATRegion0_trg_addr              
00000000  __TI_ATRegion1_region_sz             
00000000  __TI_ATRegion1_src_addr              
00000000  __TI_ATRegion1_trg_addr              
00000000  __TI_ATRegion2_region_sz             
00000000  __TI_ATRegion2_src_addr              
00000000  __TI_ATRegion2_trg_addr              
00000000  __TI_static_base__                   
00000000  _vectors                             
00000100  __ABORT_STACK_SIZE                   
00000100  __FIQ_STACK_SIZE                     
00000100  __IRQ_STACK_SIZE                     
00000100  __UNDEFINED_STACK_SIZE               
00001000  __SVC_STACK_SIZE                     
00004000  __STACK_SIZE                         
70100a34  __aeabi_memclr                       
70100a34  __aeabi_memclr4                      
70100a34  __aeabi_memclr8                      
701010b8  C$$EXIT                              
701010b8  HOSTexit                             
701010c1  SOC_rcmEnablePeripheralClock         
701016f8  __aeabi_ldiv0                        
701016fc  __aeabi_memcpy                       
701016fc  __aeabi_memcpy4                      
701016fc  __aeabi_memcpy8                      
70101ce4  CSL_armR5ReadMpidrReg                
701021a1  UART_open                            
701025a1  IpcNotify_init                       
70102981  timer_test_main                      
70102cb1  SOC_virtToPhy                        
70103be1  UART_lld_dmaDeInit                   
70103e11  IpcNotify_isr                        
70104041  TimerP_setupPriv                     
701043e1  UART_lld_dmaWrite                    
70104591  UART_close                           
70104741  UART_lld_controllerIsr               
70104d71  gateway_core1_ipc_callback           
70104ee1  EDMA_unregisterIntr                  
70105051  SOC_controlModuleUnlockMMR           
701051b1  UART_lld_initDma                     
70105311  DebugP_shmLogWriterPutChar           
701055a1  MCAN_readMsgRam                      
70105821  ClockP_init                          
70105961  UART_procLineStatusErr               
70105aa1  EDMA_registerIntr                    
70105be1  UART_lld_init                        
70105d11  SOC_controlModuleLockMMR             
70105e41  SOC_rcmGetPeripheralClockFrequency   
70105f61  DebugP_shmLogWriterPutLine           
70106081  UART_lld_dmaRead                     
7010619c  __udivmoddi4                         
70106731  IpcNotify_sendMsg                    
70106951  SemaphoreP_pend                      
70106a61  CAN_StartRxInterrupts                
70106d31  EDMA_freeChannelRegion               
70106e21  EDMA_freeParam                       
70106f11  EDMA_freeDmaChannel                  
70106ff1  EDMA_freeTcc                         
701070d1  UART_intrEnable                      
701071b1  UART_intrDisable                     
70107291  AddrTranslateP_getLocalAddr          
70107361  EDMA_disableChInShadowRegRegion      
70107431  EDMA_enableChInShadowRegRegion       
70107501  EDMA_mapChToEvtQ                     
701075d1  EDMA_configureChannelRegion          
70107751  UART_flushTxFifo                     
701078d1  ClockP_timerTickIsr                  
70107991  TimerP_init                          
70107a51  ClockP_stop                          
70107b11  IpcNotify_waitSync                   
70107bd1  CycleCounterP_init                   
70107bf1  CycleCounterP_reset                  
70107c41  CycleCounterP_nsToTicks              
70107c81  CycleCounterP_enableUserAccess       
70107c91  SOC_rcmSetPeripheralClock            
70107d41  UART_init                            
70107ea1  gateway_core1_wait_for_ready         
70108001  ClockP_destruct                      
701080b1  Drivers_uartOpen                     
70108201  IpcNotify_registerClient             
70108341  ClockP_getTimeUsec                   
701083e1  EDMA_unmapChToEvtQ                   
70108481  EDMA_disableTransferRegion           
70108511  EDMA_enableTransferRegion            
701086c1  gateway_write_test_data              
70108751  UART_lld_flushTxFifo                 
70108871  disp_timer_isr_callback              
70108901  EDMA_allocDmaChannel                 
70108991  EDMA_allocParam                      
70108a21  EDMA_allocTcc                        
70108bd1  IpcNotify_syncAll                    
70108ce1  System_init                          
70108de1  gateway_read_test_data               
70108e61  _DebugP_assert                       
70108f61  UART_Params_init                     
70108fe1  EDMA_linkChannel                     
701090e1  ClockP_usleep                        
70109161  EDMA_clrMissEvtRegion                
701092d1  EDMA_getBaseAddr                     
701093b1  SOC_rcmGetR5Clock                    
70109421  SOC_rcmIsR5FInLockStepMode           
70109501  UART_lld_deInitDma                   
701095e1  SemaphoreP_post                      
70109651  UART_getChar                         
70109711  disp_timer_start                     
70109771  Module_clockSetFrequency             
701097d1  UART_lld_deInit                      
70109831  gateway_notify_test_data_ready       
70109891  main                                 
70109951  disp_timer_init                      
701099b1  IpcNotify_allocSwQueue               
70109b31  Dpl_init                             
70109b91  EDMA_setPaRAM                        
70109c44  __aeabi_ul2f                         
70109c44  __floatundisf                        
70109c98  __TI_auto_init_nobinit_nopinit       
70109cf1  Drivers_uartClose                    
70109d41  Pinmux_config                        
70109d91  UART_checkCharsAvailInFifo           
70109de1  DebugP_shmLogWriterInit              
70109e31  EDMA_clrEvtRegion                    
70109e81  EDMA_disableDmaEvtRegion             
70109ed1  EDMA_disableEvtIntrRegion            
70109f21  EDMA_enableDmaEvtRegion              
70109f71  EDMA_enableEvtIntrRegion             
70109fc1  EDMA_setEvtRegion                    
7010a011  ClockP_construct                     
7010a061  EDMA_ccPaRAMEntry_init               
7010a0b1  EDMA_mapQdmaChToPaRAM                
7010a101  EDMA_readEventStatusRegion           
7010a151  IpcNotify_unregisterClient           
7010a1a1  Module_clockEnable                   
7010a1f1  IpcNotify_Params_init                
7010a291  UART_getIntrIdentityStatus           
7010a3d1  UART_readLineStatus                  
7010a511  SemaphoreP_construct                 
7010a561  _DebugP_logZone                      
7010a601  gateway_notify_states_ready          
7010a6a1  ClockP_start                         
7010a7c1  UART_spaceAvail                      
7010a801  gateway_core1_init                   
7010a841  gateway_update_heartbeat             
7010a901  UART_IsTxRxFifoEmpty                 
7010a981  SOC_moduleSetClockFrequency          
7010aa01  snprintf_                            
7010aa41  SOC_getCoreName                      
7010aa78  CycleCounterP_getCount32             
7010aa80  PmuP_setup                           
7010aa88  PmuP_enableCounters                  
7010aa90  PmuP_disableCounters                 
7010aa98  PmuP_getOverflowStatus               
7010aaa0  PmuP_clearOverflowStatus             
7010aaa8  PmuP_setUserEnable                   
7010aab1  EDMA_getRegionId                     
7010aaf1  IpcNotify_syncCallback               
7010ab31  MCAN_calcCfgAddr                     
7010abb1  TimerP_Params_initPriv               
7010acb1  TimerP_getCountPriv                  
7010add1  UART_lld_dmaInit                     
7010ae31  DebugP_logZoneEnable                 
7010ae91  MCAN_clearNewDataStatus              
7010aec1  MCAN_getNewDataStatus                
7010aef1  SemaphoreP_constructBinary           
7010af51  UART_intr2Disable                    
7010af81  UART_operatingModeSelect             
7010afb1  CSL_armR5GetCpuID                    
7010afe1  vprintf_                             
7010b011  EDMA_disableQdmaEvtRegion            
7010b041  EDMA_enableQdmaEvtRegion             
7010b0d1  IpcNotify_getConfig                  
7010b101  SemaphoreP_constructMutex            
7010b1b4  __aeabi_uldivmod                     
7010b211  EDMA_channelToParamMap               
7010b241  ClockP_isActive                      
7010b261  ClockP_usecToTicks                   
7010b2c1  ClockP_Params_init                   
7010b2e1  EDMA_getEventStatusHigh              
7010b301  SOC_getSelfCpuClk                    
7010b321  SOC_moduleClockEnable                
7010b341  TimerP_isr0                          
7010b381  UART_lld_Transaction_deInit          
7010b3a1  EDMA_getEventStatus                  
7010b3e1  timerISR                             
7010b3fc  TI_memcpy_small                      
7010b421  MCAN_clearIntrStatus                 
7010b481  ClockP_ticksToUsec                   
7010b4a1  EDMA_isInterruptEnabled              
7010b4e1  IpcNotify_trigInterrupt              
7010b501  SemaphoreP_Params_init               
7010b521  TimerP_getReloadCountPriv            
7010b581  UART_putChar                         
7010b598  TI_memset_small                      
7010b5b1  IpcNotify_sendSync                   
7010b5d1  MCAN_getIntrStatus                   
7010b5f1  TimerP_startPriv                     
7010b611  TimerP_stopPriv                      
7010b6d1  TimerP_clearOverflowIntPriv          
7010b6f1  TimerP_setup                         
7010b711  putchar_                             
7010b731  Pinmux_init                          
7010b771  ClockP_getTimerCount                 
7010b781  ClockP_timerClearOverflowInt         
7010b801  TimerP_Params_init                   
7010b811  TimerP_clearOverflowInt              
7010b821  TimerP_getCount                      
7010b831  TimerP_getReloadCount                
7010b841  TimerP_start                         
7010b851  TimerP_stop                          
7010b871  Board_driversOpen                    
7010b881  ClockP_getTicks                      
7010b891  PowerClock_init                      
7010b8f1  Drivers_close                        
7010b901  Drivers_open                         
7010b911  Drivers_uartInit                     
7010b941  SemaphoreP_destruct                  
7010b951  Board_driversClose                   
7010b961  Board_init                           
7010b971  IpcNotify_wait                       
7010b981  TaskP_yield                          
7010b990  gCacheConfig                         
7010b998  gMpuConfig                           
7010b9a4  gMpuRegionConfig                     
7010bb58  gADPLLJConfigTbl                     
7010cc32  gPeripheralClkSrcInfoMap             
7010d040  gXTALInfo                            
7010d094  gCacheL1dCacheLineSize               
7010d098  gCacheL1pCacheLineSize               
7010d0a8  gCR5ClkSrcInfoMap                    
7010d0b0  __BSS_START                          
7010d0b0  gHwiCtrl                             
7010da70  gIpcNotifyCtrl                       
7010dcac  gTimerBaseAddr                       
7010dcb0  gClockCtrl                           
7010dcd0  virtToPhymap                         
7010dce0  gTimerHwiObj                         
7010dce4  gUartHandle                          
7010dce8  __BSS_END                            
7010dce8  __stack                              
70111ce8  __STACK_END                          
70111cf1  HwiP_enableInt                       
70111d31  HwiP_disableInt                      
70111d91  HwiP_restoreInt                      
70111dc1  HwiP_clearInt                        
70111e01  HwiP_post                            
70111e41  HwiP_Params_init                     
70111e71  HwiP_construct                       
70112061  HwiP_destruct                        
701120d1  HwiP_init                            
70112281  HwiP_inISR                           
701122b1  HwiP_setVimIrqPriMaskNonAtomic       
70112301  HwiP_setVimIrqPriMaskAtomic          
701123a1  HwiP_restoreVimIrqPriMask            
701123b1  HwiP_irq_handler_c                   
70112551  HwiP_fiq_handler                     
701126b1  HwiP_reserved_handler                
701126f1  HwiP_undefined_handler_c             
70112711  HwiP_user_undefined_handler_c        
70112731  HwiP_svc_handler                     
70112771  HwiP_prefetch_abort_handler_c        
70112811  HwiP_user_prefetch_abort_handler_c   
70112851  HwiP_data_abort_handler_c            
70112911  HwiP_user_data_abort_handler_c       
7011294c  HwiP_irq_handler                     
701129c0  HwiP_data_abort_handler              
70112a04  HwiP_prefetch_abort_handler          
70112a50  HwiP_undefined_handler               
70112a80  GET_DFSR                             
70112a88  GET_ADFSR                            
70112a90  GET_DFAR                             
70112a98  GET_IFSR                             
70112aa0  GET_AIFSR                            
70112aa8  GET_IFAR                             
70112ab0  GET_SPSR                             
70112ac8  HwiP_disable                         
70112ad8  HwiP_disableFIQ                      
70112ae8  HwiP_enable                          
70112af8  HwiP_enableFIQ                       
70112b08  HwiP_restore                         
70112b10  HwiP_enableVIC                       
70112b20  HwiP_disableVIC                      
70112b30  HwiP_getCPSR                         
70112b40  CacheP_disableL1d                    
70112b68  CacheP_disableL1p                    
70112b80  CacheP_enableL1d                     
70112b98  CacheP_enableL1p                     
70112bb0  CacheP_invL1d                        
70112be8  CacheP_invL1p                        
70112c24  CacheP_invL1dAll                     
70112c2c  CacheP_invL1pAll                     
70112c34  CacheP_wb                            
70112c70  CacheP_wbInv                         
70112cac  CacheP_wbAll                         
70112d54  CacheP_wbInvAll                      
70112d6c  CacheP_wbInvAllAsm                   
70112e0c  CacheP_getEnabled                    
70112e44  CacheP_getCacheLevelInfo             
70112e50  CacheP_configForceWrThru             
70112e70  CacheP_setDLFO                       
70112e81  CacheP_init                          
70112f11  CacheP_disable                       
70112f61  CacheP_enable                        
70112fa1  CacheP_inv                           
70112fe1  MpuP_getAttrs                        
70113041  MpuP_RegionAttrs_init                
70113071  MpuP_setRegion                       
70113101  MpuP_isEnable                        
70113111  MpuP_disable                         
70113151  MpuP_enable                          
701131a1  MpuP_init                            
70113241  MpuP_isUserAuthorizedToAccessMemory  
70113320  MpuP_disableAsm                      
70113338  MpuP_disableBRAsm                    
70113348  MpuP_enableAsm                       
70113360  MpuP_enableBRAsm                     
70113370  MpuP_isEnableAsm                     
70113384  MpuP_setRegionAsm                    
701133a0  _c_int00_sbl                         
701133c4  _c_int00                             
701134f1  _DebugP_assertNoLog                  
70113521  _system_pre_init                     
70113551  __mpu_init                           
70113560  abort                                
70113568  gEdmaConfig                          
70113568  gIpcNotifyMailboxConfig              
70113568  gUartDmaHandle                       
70113668  gUartParams                          
701136f8  gClockConfig                         
70113710  gIpcNotifyInterruptConfig_r5fss0_1   
70113740  gSocModulesClockFrequency            
70113780  gIpcNotifyCoreIntrBitPos             
70113790  gAddrTranslateConfig                 
701137a0  gPrevLogTimeUsec                     
701137a8  gSocModules                          
701137b8  gUartConfig                          
701137d0  gDebugLogZone                        
701137dc  gEdmaConfigNum                       
701137e0  gHwiConfig                           
701137e4  gIpcNotifyInterruptConfigNum_r5fss0_1
701137e8  gMeasuredFreqHz                      
701137ec  gPrevCounter                         
701137f0  gTimerIsrCounter                     
701137f4  gUartConfigNum                       
701137f8  gUartDmaChConfig                     
701137fc  g_disp_timer_isr_count               
70113815  gTimerIsrFlag                        
7011381c  isMapAvailable                       
70113820  __IRQ_STACK_START                    
70113920  __FIQ_STACK_START                    
70113920  __IRQ_STACK_END                      
70113a20  __FIQ_STACK_END                      
70113a20  __SVC_STACK_START                    
70114a20  __ABORT_STACK_START                  
70114a20  __SVC_STACK_END                      
70114b20  __ABORT_STACK_END                    
70114b20  __UNDEFINED_STACK_START              
70114c20  __UNDEFINED_STACK_END                
701d0000  gGatewaySharedMem                    
701d4000  gDebugShmLog                         
ffffffff  __TI_pprof_out_hndl                  
ffffffff  __TI_prof_data_size                  
ffffffff  __TI_prof_data_start                 
ffffffff  __binit__                            
ffffffff  binit                                
UNDEFED   __TI_CINIT_Base                      
UNDEFED   __TI_CINIT_Limit                     
UNDEFED   __TI_Handler_Table_Base              
UNDEFED   __TI_Handler_Table_Limit             
UNDEFED   _system_post_cinit                   

[370 symbols]
