******************************************************************************
            TI ARM Clang Linker PC v4.0.4                      
******************************************************************************
>> Linked Tue Mar 24 21:29:43 2026

OUTPUT FILE NAME:   <ccu_ti_multi_core_realtime.out>
ENTRY POINT SYMBOL: "_vectors"  address: 00000000


MEMORY CONFIGURATION

         name            origin    length      used     unused   attr    fill
----------------------  --------  ---------  --------  --------  ----  --------
  R5F_VECS              00000000   00000040  00000040  00000000  RWIX
  R5F_TCMA              00000040   00007fc0  00000000  00007fc0  RWIX
  R5F_TCMB              00080000   00008000  00000000  00008000  RWIX
  MAILBOX_HSM           44000000   000003ce  00000000  000003ce  RWIX
  MAILBOX_R5F           44000400   000003ce  00000000  000003ce  RWIX
  FLASH                 60180000   00080000  00000000  00080000  RWIX
  OCRAM                 70080000   00040000  00014c18  0002b3e8  RWIX
  USER_SHM_MEM          701d0000   00004000  000001c0  00003e40  RWIX
  LOG_SHM_MEM           701d4000   00004000  00002000  00002000  RWIX
  RTOS_NORTOS_IPC_SHM_M 72000000   00003e80  00000000  00003e80  RWIX


SEGMENT ALLOCATION MAP

run origin  load origin   length   init length attrs members
----------  ----------- ---------- ----------- ----- -------
00000000    00000000    00000040   00000040    r-x
  00000000    00000000    00000040   00000040    r-x .vectors
70080000    70080000    0000d0b0   0000d0b0    r-x
  70080000    70080000    0000b990   0000b990    r-x .text
  7008b990    7008b990    00001720   00001720    r-- .rodata
7008d0b0    7008d0b0    00004c38   00000000    rw-
  7008d0b0    7008d0b0    00000c38   00000000    rw- .bss
  7008dce8    7008dce8    00004000   00000000    rw- .stack
70091cf0    70091cf0    00001878   00001878    r-x
  70091cf0    70091cf0    00000e50   00000e50    r-x .text.hwi
  70092b40    70092b40    000004a0   000004a0    r-x .text.cache
  70092fe0    70092fe0    000003c0   000003c0    r-x .text.mpu
  700933a0    700933a0    000001c0   000001c0    r-x .text.boot
  70093560    70093560    00000008   00000008    r-x .text:abort
70093568    70093568    000016b8   000002b8    rw-
  70093568    70093568    000002b8   000002b8    rw- .data
  70093820    70093820    00000100   00000000    rw- .irqstack
  70093920    70093920    00000100   00000000    rw- .fiqstack
  70093a20    70093a20    00001000   00000000    rw- .svcstack
  70094a20    70094a20    00000100   00000000    rw- .abortstack
  70094b20    70094b20    00000100   00000000    rw- .undefinedstack


SECTION ALLOCATION MAP

 output                                  attributes/
section   page    origin      length       input sections
--------  ----  ----------  ----------   ----------------
.vectors   0    00000000    00000040     
                  00000000    00000040     nortos.am263px.r5f.ti-arm-clang.debug.lib : HwiP_armv7r_vectors_nortos_asm.obj (.vectors)

.text      0    70080000    0000b990     
                  70080000    00000a34     nortos.am263px.r5f.ti-arm-clang.debug.lib : printf.obj (.text._vsnprintf)
                  70080a34    0000000c     libclang_rt.builtins.a : aeabi_memset.S.obj (.text.__aeabi_memclr)
                  70080a40    00000678     drivers.am263px.r5f.ti-arm-clang.nortos.debug.lib : soc_rcm.obj (.text.SOC_rcmGetClkSrcAndDivReg)
                  700810b8    00000008     libsysbm.a : hostexit.c.obj (.text.HOSTexit)
                  700810c0    00000638     drivers.am263px.r5f.ti-arm-clang.nortos.debug.lib : soc_rcm.obj (.text.SOC_rcmEnablePeripheralClock)
                  700816f8    00000004     libclang_rt.builtins.a : aeabi_div0.c.obj (.text.__aeabi_ldiv0)
                  700816fc    00000004                            : aeabi_memcpy.S.obj (.text.__aeabi_memcpy)
                  70081700    000005e2     nortos.am263px.r5f.ti-arm-clang.debug.lib : printf.obj (.text._ftoa)
                  70081ce2    00000002     --HOLE-- [fill = 0]
                  70081ce4    0000000c                                               : CpuId_armv7r_asm.obj (.text)
                  70081cf0    000004b0                                               : printf.obj (.text._etoa)
                  700821a0    00000400     drivers.am263px.r5f.ti-arm-clang.nortos.debug.lib : uart_v0.obj (.text.UART_open)
                  700825a0    000003dc                                                       : ipc_notify_v1.obj (.text.IpcNotify_init)
                  7008297c    00000004     --HOLE-- [fill = 0]
                  70082980    00000330     timer.o (.text.timer_test_main)
                  70082cb0    00000302     drivers.am263px.r5f.ti-arm-clang.nortos.debug.lib : soc.obj (.text.SOC_virtToPhy)
                  70082fb2    0000000e     --HOLE-- [fill = 0]
                  70082fc0    000002b6     main.o (.text.main_loop)
                  70083276    0000000a     --HOLE-- [fill = 0]
                  70083280    0000027e     drivers.am263px.r5f.ti-arm-clang.nortos.debug.lib : uart_dma_edma.obj (.text.UART_edmaChInit)
                  700834fe    00000002     --HOLE-- [fill = 0]
                  70083500    00000250                                                       : edma.obj (.text.Alloc_resource)
                  70083750    00000242                                                       : uart_v0_lld.obj (.text.UART_fifoConfig)
                  70083992    0000000e     --HOLE-- [fill = 0]
                  700839a0    0000023e     nortos.am263px.r5f.ti-arm-clang.debug.lib : printf.obj (.text._ntoa_format)
                  70083bde    00000002     --HOLE-- [fill = 0]
                  70083be0    00000226     drivers.am263px.r5f.ti-arm-clang.nortos.debug.lib : uart_dma_edma.obj (.text.UART_lld_dmaDeInit)
                  70083e06    0000000a     --HOLE-- [fill = 0]
                  70083e10    00000222                                                       : ipc_notify_v1.obj (.text.IpcNotify_isr)
                  70084032    0000000e     --HOLE-- [fill = 0]
                  70084040    000001d6     nortos.am263px.r5f.ti-arm-clang.debug.lib : TimerP_rti_priv.obj (.text.TimerP_setupPriv)
                  70084216    0000000a     --HOLE-- [fill = 0]
                  70084220    000001be     main.o (.text.core1_init)
                  700843de    00000002     --HOLE-- [fill = 0]
                  700843e0    000001aa     drivers.am263px.r5f.ti-arm-clang.nortos.debug.lib : uart_dma_edma.obj (.text.UART_lld_dmaWrite)
                  7008458a    00000006     --HOLE-- [fill = 0]
                  70084590    000001a8                                                       : uart_v0.obj (.text.UART_close)
                  70084738    00000008     --HOLE-- [fill = 0]
                  70084740    00000198                                                       : uart_v0_lld.obj (.text.UART_lld_controllerIsr)
                  700848d8    00000008     --HOLE-- [fill = 0]
                  700848e0    00000186                                                       : mcan.obj (.text.MCAN_readMsg)
                  70084a66    0000000a     --HOLE-- [fill = 0]
                  70084a70    0000017e     can_interface.o (.text.can_rx_isr)
                  70084bee    00000002     --HOLE-- [fill = 0]
                  70084bf0    0000017a     main.o (.text.ipc_notify_callback_fxn)
                  70084d6a    00000006     --HOLE-- [fill = 0]
                  70084d70    00000164     gateway_shared.o (.text.gateway_core1_ipc_callback)
                  70084ed4    0000000c     --HOLE-- [fill = 0]
                  70084ee0    00000162     drivers.am263px.r5f.ti-arm-clang.nortos.debug.lib : edma.obj (.text.EDMA_unregisterIntr)
                  70085042    0000000e     --HOLE-- [fill = 0]
                  70085050    00000158                                                       : soc.obj (.text.SOC_controlModuleUnlockMMR)
                  700851a8    00000008     --HOLE-- [fill = 0]
                  700851b0    00000152                                                       : uart_v0_lld.obj (.text.UART_lld_initDma)
                  70085302    0000000e     --HOLE-- [fill = 0]
                  70085310    00000150     nortos.am263px.r5f.ti-arm-clang.debug.lib : DebugP_shmLogWriter.obj (.text.DebugP_shmLogWriterPutChar)
                  70085460    0000013a     drivers.am263px.r5f.ti-arm-clang.nortos.debug.lib : edma.obj (.text.EDMA_isDmaChannelAllocated)
                  7008559a    00000006     --HOLE-- [fill = 0]
                  700855a0    00000138                                                       : mcan.obj (.text.MCAN_readMsgRam)
                  700856d8    00000008     --HOLE-- [fill = 0]
                  700856e0    00000138     nortos.am263px.r5f.ti-arm-clang.debug.lib : printf.obj (.text._ntoa_long_long)
                  70085818    00000008     --HOLE-- [fill = 0]
                  70085820    00000136                                               : ClockP_nortos_r5.obj (.text.ClockP_init)
                  70085956    0000000a     --HOLE-- [fill = 0]
                  70085960    00000136     drivers.am263px.r5f.ti-arm-clang.nortos.debug.lib : uart_v0_lld.obj (.text.UART_procLineStatusErr)
                  70085a96    0000000a     --HOLE-- [fill = 0]
                  70085aa0    00000134                                                       : edma.obj (.text.EDMA_registerIntr)
                  70085bd4    0000000c     --HOLE-- [fill = 0]
                  70085be0    0000012c                                                       : uart_v0_lld.obj (.text.UART_lld_init)
                  70085d0c    00000004     --HOLE-- [fill = 0]
                  70085d10    00000126                                                       : soc.obj (.text.SOC_controlModuleLockMMR)
                  70085e36    0000000a     --HOLE-- [fill = 0]
                  70085e40    00000120                                                       : soc_rcm.obj (.text.SOC_rcmGetPeripheralClockFrequency)
                  70085f60    0000011c     nortos.am263px.r5f.ti-arm-clang.debug.lib : DebugP_shmLogWriter.obj (.text.DebugP_shmLogWriterPutLine)
                  7008607c    00000004     --HOLE-- [fill = 0]
                  70086080    0000011c     drivers.am263px.r5f.ti-arm-clang.nortos.debug.lib : uart_dma_edma.obj (.text.UART_lld_dmaRead)
                  7008619c    00000118     libclang_rt.builtins.a : udivmoddi4.S.obj (.text)
                  700862b4    0000000c     --HOLE-- [fill = 0]
                  700862c0    00000116     drivers.am263px.r5f.ti-arm-clang.nortos.debug.lib : edma.obj (.text.EDMA_isTccAllocated)
                  700863d6    0000000a     --HOLE-- [fill = 0]
                  700863e0    00000116                                                       : uart_v0_lld.obj (.text.UART_divisorLatchWrite)
                  700864f6    0000000a     --HOLE-- [fill = 0]
                  70086500    00000114     nortos.am263px.r5f.ti-arm-clang.debug.lib : printf.obj (.text._ntoa_long)
                  70086614    0000000c     --HOLE-- [fill = 0]
                  70086620    0000010e     drivers.am263px.r5f.ti-arm-clang.nortos.debug.lib : soc_rcm.obj (.text.SOC_rcmADPLLJGetFOut)
                  7008672e    00000002     --HOLE-- [fill = 0]
                  70086730    0000010a                                                       : ipc_notify_v1.obj (.text.IpcNotify_sendMsg)
                  7008683a    00000006     --HOLE-- [fill = 0]
                  70086840    00000104                                                       : uart_v0_lld.obj (.text.UART_configInstance)
                  70086944    0000000c     --HOLE-- [fill = 0]
                  70086950    00000102     nortos.am263px.r5f.ti-arm-clang.debug.lib : SemaphoreP_nortos.obj (.text.SemaphoreP_pend)
                  70086a52    0000000e     --HOLE-- [fill = 0]
                  70086a60    000000f0     can_interface.o (.text.CAN_StartRxInterrupts)
                  70086b50    000000e6     drivers.am263px.r5f.ti-arm-clang.nortos.debug.lib : soc_rcm.obj (.text.SOC_rcmGetCoreFout)
                  70086c36    0000000a     --HOLE-- [fill = 0]
                  70086c40    000000e6                                                       : soc_rcm.obj (.text.SOC_rcmGetPerFout)
                  70086d26    0000000a     --HOLE-- [fill = 0]
                  70086d30    000000e4                                                       : edma.obj (.text.EDMA_freeChannelRegion)
                  70086e14    0000000c     --HOLE-- [fill = 0]
                  70086e20    000000e2                                                       : edma.obj (.text.EDMA_freeParam)
                  70086f02    0000000e     --HOLE-- [fill = 0]
                  70086f10    000000e0                                                       : edma.obj (.text.EDMA_freeDmaChannel)
                  70086ff0    000000e0                                                       : edma.obj (.text.EDMA_freeTcc)
                  700870d0    000000de                                                       : uart_v0_lld.obj (.text.UART_intrEnable)
                  700871ae    00000002     --HOLE-- [fill = 0]
                  700871b0    000000da                                                       : uart_v0_lld.obj (.text.UART_intrDisable)
                  7008728a    00000006     --HOLE-- [fill = 0]
                  70087290    000000d0     nortos.am263px.r5f.ti-arm-clang.debug.lib : AddrTranslateP_32bit.obj (.text.AddrTranslateP_getLocalAddr)
                  70087360    000000ce     drivers.am263px.r5f.ti-arm-clang.nortos.debug.lib : edma.obj (.text.EDMA_disableChInShadowRegRegion)
                  7008742e    00000002     --HOLE-- [fill = 0]
                  70087430    000000cc                                                       : edma.obj (.text.EDMA_enableChInShadowRegRegion)
                  700874fc    00000004     --HOLE-- [fill = 0]
                  70087500    000000c4                                                       : edma.obj (.text.EDMA_mapChToEvtQ)
                  700875c4    0000000c     --HOLE-- [fill = 0]
                  700875d0    000000c0                                                       : edma.obj (.text.EDMA_configureChannelRegion)
                  70087690    000000c0                                                       : soc_rcm.obj (.text.SOC_rcmGetPerHSDivOut)
                  70087750    000000c0                                                       : uart_v0.obj (.text.UART_flushTxFifo)
                  70087810    000000c0     nortos.am263px.r5f.ti-arm-clang.debug.lib : printf.obj (.text._out_rev)
                  700878d0    000000be                                               : ClockP_nortos.obj (.text.ClockP_timerTickIsr)
                  7008798e    00000002     --HOLE-- [fill = 0]
                  70087990    000000be     ti_dpl_config.o (.text.TimerP_init)
                  70087a4e    00000002     --HOLE-- [fill = 0]
                  70087a50    000000ba     nortos.am263px.r5f.ti-arm-clang.debug.lib : ClockP_nortos.obj (.text.ClockP_stop)
                  70087b0a    00000006     --HOLE-- [fill = 0]
                  70087b10    000000ba     drivers.am263px.r5f.ti-arm-clang.nortos.debug.lib : ipc_notify_v1.obj (.text.IpcNotify_waitSync)
                  70087bca    00000006     --HOLE-- [fill = 0]
                  70087bd0    000000ba     nortos.am263px.r5f.ti-arm-clang.debug.lib : PmuP_armv7r.obj (.text.pmu)
                  70087c8a    00000006     --HOLE-- [fill = 0]
                  70087c90    000000b0     drivers.am263px.r5f.ti-arm-clang.nortos.debug.lib : soc_rcm.obj (.text.SOC_rcmSetPeripheralClock)
                  70087d40    000000b0                                                       : uart_v0.obj (.text.UART_init)
                  70087df0    000000ae                                                       : mcan.obj (.text.MCAN_getOffsetAddr)
                  70087e9e    00000002     --HOLE-- [fill = 0]
                  70087ea0    000000ac     gateway_shared.o (.text.gateway_core1_wait_for_ready)
                  70087f4c    00000004     --HOLE-- [fill = 0]
                  70087f50    000000a8     nortos.am263px.r5f.ti-arm-clang.debug.lib : ClockP_nortos.obj (.text.ClockP_addToList)
                  70087ff8    00000008     --HOLE-- [fill = 0]
                  70088000    000000a8                                               : ClockP_nortos.obj (.text.ClockP_destruct)
                  700880a8    00000008     --HOLE-- [fill = 0]
                  700880b0    000000a8     ti_drivers_open_close.o (.text.Drivers_uartOpen)
                  70088158    00000008     --HOLE-- [fill = 0]
                  70088160    000000a0     drivers.am263px.r5f.ti-arm-clang.nortos.debug.lib : soc_rcm.obj (.text.SOC_rcmGetCoreHSDivOut)
                  70088200    00000098                                                       : ipc_notify_v1.obj (.text.IpcNotify_registerClient)
                  70088298    00000008     --HOLE-- [fill = 0]
                  700882a0    00000096                                                       : uart_v0_lld.obj (.text.UART_subConfigTCRTLRModeEn)
                  70088336    0000000a     --HOLE-- [fill = 0]
                  70088340    00000092     nortos.am263px.r5f.ti-arm-clang.debug.lib : ClockP_nortos.obj (.text.ClockP_getTimeUsec)
                  700883d2    0000000e     --HOLE-- [fill = 0]
                  700883e0    00000092     drivers.am263px.r5f.ti-arm-clang.nortos.debug.lib : edma.obj (.text.EDMA_unmapChToEvtQ)
                  70088472    0000000e     --HOLE-- [fill = 0]
                  70088480    0000008c                                                       : edma.obj (.text.EDMA_disableTransferRegion)
                  7008850c    00000004     --HOLE-- [fill = 0]
                  70088510    0000008c                                                       : edma.obj (.text.EDMA_enableTransferRegion)
                  7008859c    00000004     --HOLE-- [fill = 0]
                  700885a0    00000088                                                       : uart_dma_edma.obj (.text.UART_edmaIsrRx)
                  70088628    00000008     --HOLE-- [fill = 0]
                  70088630    00000088                                                       : uart_dma_edma.obj (.text.UART_edmaIsrTx)
                  700886b8    00000008     --HOLE-- [fill = 0]
                  700886c0    00000088     gateway_shared.o (.text.gateway_write_test_data)
                  70088748    00000008     --HOLE-- [fill = 0]
                  70088750    00000086     drivers.am263px.r5f.ti-arm-clang.nortos.debug.lib : uart_v0_lld.obj (.text.UART_lld_flushTxFifo)
                  700887d6    0000000a     --HOLE-- [fill = 0]
                  700887e0    00000086                                                       : uart_v0_lld.obj (.text.UART_tcrTlrBitValRestore)
                  70088866    0000000a     --HOLE-- [fill = 0]
                  70088870    00000084     dispatcher_timer.o (.text.disp_timer_isr_callback)
                  700888f4    0000000c     --HOLE-- [fill = 0]
                  70088900    00000082     drivers.am263px.r5f.ti-arm-clang.nortos.debug.lib : edma.obj (.text.EDMA_allocDmaChannel)
                  70088982    0000000e     --HOLE-- [fill = 0]
                  70088990    00000082                                                       : edma.obj (.text.EDMA_allocParam)
                  70088a12    0000000e     --HOLE-- [fill = 0]
                  70088a20    00000082                                                       : edma.obj (.text.EDMA_allocTcc)
                  70088aa2    0000000e     --HOLE-- [fill = 0]
                  70088ab0    00000082                                                       : edma.obj (.text.EDMA_disableTccInShadowRegRegion)
                  70088b32    0000000e     --HOLE-- [fill = 0]
                  70088b40    00000082                                                       : edma.obj (.text.EDMA_enableTccInShadowRegRegion)
                  70088bc2    0000000e     --HOLE-- [fill = 0]
                  70088bd0    00000082                                                       : ipc_notify_v1.obj (.text.IpcNotify_syncAll)
                  70088c52    0000000e     --HOLE-- [fill = 0]
                  70088c60    00000080                                                       : uart_v0_lld.obj (.text.UART_moduleReset)
                  70088ce0    0000007e     ti_drivers_config.o (.text.System_init)
                  70088d5e    00000002     --HOLE-- [fill = 0]
                  70088d60    0000007e     drivers.am263px.r5f.ti-arm-clang.nortos.debug.lib : uart_v0_lld.obj (.text.UART_readData)
                  70088dde    00000002     --HOLE-- [fill = 0]
                  70088de0    0000007e     gateway_shared.o (.text.gateway_read_test_data)
                  70088e5e    00000002     --HOLE-- [fill = 0]
                  70088e60    0000007c     nortos.am263px.r5f.ti-arm-clang.debug.lib : DebugP_log.obj (.text._DebugP_assert)
                  70088edc    00000004     --HOLE-- [fill = 0]
                  70088ee0    0000007a     drivers.am263px.r5f.ti-arm-clang.nortos.debug.lib : ipc_notify_v1.obj (.text.IpcNotify_mailboxWrite)
                  70088f5a    00000006     --HOLE-- [fill = 0]
                  70088f60    0000007a                                                       : uart_v0.obj (.text.UART_Params_init)
                  70088fda    00000006     --HOLE-- [fill = 0]
                  70088fe0    00000078                                                       : edma.obj (.text.EDMA_linkChannel)
                  70089058    00000008     --HOLE-- [fill = 0]
                  70089060    00000074                                                       : uart_v0_lld.obj (.text.UART_IsBaseAddrValid)
                  700890d4    0000000c     --HOLE-- [fill = 0]
                  700890e0    00000072     nortos.am263px.r5f.ti-arm-clang.debug.lib : ClockP_nortos.obj (.text.ClockP_usleep)
                  70089152    0000000e     --HOLE-- [fill = 0]
                  70089160    00000072     drivers.am263px.r5f.ti-arm-clang.nortos.debug.lib : edma.obj (.text.EDMA_clrMissEvtRegion)
                  700891d2    0000000e     --HOLE-- [fill = 0]
                  700891e0    00000072                                                       : ipc_notify_v1.obj (.text.IpcNotify_makeMsg)
                  70089252    0000000e     --HOLE-- [fill = 0]
                  70089260    0000006a                                                       : ipc_notify_v1.obj (.text.IpcNotify_mailboxReadSwQ)
                  700892ca    00000006     --HOLE-- [fill = 0]
                  700892d0    00000068                                                       : edma.obj (.text.EDMA_getBaseAddr)
                  70089338    00000008     --HOLE-- [fill = 0]
                  70089340    00000068                                                       : uart_v0_lld.obj (.text.UART_divisorValCompute)
                  700893a8    00000008     --HOLE-- [fill = 0]
                  700893b0    00000064                                                       : soc_rcm.obj (.text.SOC_rcmGetR5Clock)
                  70089414    0000000c     --HOLE-- [fill = 0]
                  70089420    00000064                                                       : soc_rcm.obj (.text.SOC_rcmIsR5FInLockStepMode)
                  70089484    0000000c     --HOLE-- [fill = 0]
                  70089490    00000064                                                       : uart_v0_lld.obj (.text.UART_fifoRegisterWrite)
                  700894f4    0000000c     --HOLE-- [fill = 0]
                  70089500    00000064                                                       : uart_v0_lld.obj (.text.UART_lld_deInitDma)
                  70089564    0000000c     --HOLE-- [fill = 0]
                  70089570    00000062                                                       : soc_rcm.obj (.text.SOC_rcmInsert16)
                  700895d2    0000000e     --HOLE-- [fill = 0]
                  700895e0    00000062     nortos.am263px.r5f.ti-arm-clang.debug.lib : SemaphoreP_nortos.obj (.text.SemaphoreP_post)
                  70089642    0000000e     --HOLE-- [fill = 0]
                  70089650    00000060     drivers.am263px.r5f.ti-arm-clang.nortos.debug.lib : uart_v0_lld.obj (.text.UART_getChar)
                  700896b0    00000060                                                       : uart_v0_lld.obj (.text.UART_writeData)
                  70089710    00000060     dispatcher_timer.o (.text.disp_timer_start)
                  70089770    0000005c     ti_power_clock_config.o (.text.Module_clockSetFrequency)
                  700897cc    00000004     --HOLE-- [fill = 0]
                  700897d0    0000005c     drivers.am263px.r5f.ti-arm-clang.nortos.debug.lib : uart_v0_lld.obj (.text.UART_lld_deInit)
                  7008982c    00000004     --HOLE-- [fill = 0]
                  70089830    0000005c     gateway_shared.o (.text.gateway_notify_test_data_ready)
                  7008988c    00000004     --HOLE-- [fill = 0]
                  70089890    0000005c     main.o (.text.main)
                  700898ec    00000004     --HOLE-- [fill = 0]
                  700898f0    0000005a     drivers.am263px.r5f.ti-arm-clang.nortos.debug.lib : uart_v0_lld.obj (.text.UART_regConfigModeEnable)
                  7008994a    00000006     --HOLE-- [fill = 0]
                  70089950    0000005a     dispatcher_timer.o (.text.disp_timer_init)
                  700899aa    00000006     --HOLE-- [fill = 0]
                  700899b0    00000058     ti_drivers_config.o (.text.IpcNotify_allocSwQueue)
                  70089a08    00000008     --HOLE-- [fill = 0]
                  70089a10    00000058     drivers.am263px.r5f.ti-arm-clang.nortos.debug.lib : soc_rcm.obj (.text.SOC_rcmGetModuleClkDivVal)
                  70089a68    00000008     --HOLE-- [fill = 0]
                  70089a70    00000056                                                       : uart_v0.obj (.text.UART_lld_readCompleteCallback)
                  70089ac6    0000000a     --HOLE-- [fill = 0]
                  70089ad0    00000056                                                       : uart_v0.obj (.text.UART_lld_writeCompleteCallback)
                  70089b26    0000000a     --HOLE-- [fill = 0]
                  70089b30    00000054     ti_dpl_config.o (.text.Dpl_init)
                  70089b84    0000000c     --HOLE-- [fill = 0]
                  70089b90    00000054     drivers.am263px.r5f.ti-arm-clang.nortos.debug.lib : edma.obj (.text.EDMA_setPaRAM)
                  70089be4    0000000c     --HOLE-- [fill = 0]
                  70089bf0    00000054                                                       : uart_v0_lld.obj (.text.UART_OperModeValid)
                  70089c44    00000054     libclang_rt.builtins.a : floatundisf.S.obj (.text.__floatundisf)
                  70089c98    00000054     libc.a : autoinit.c.obj (.text:__TI_auto_init_nobinit_nopinit)
                  70089cec    00000004     --HOLE-- [fill = 0]
                  70089cf0    00000050     ti_drivers_open_close.o (.text.Drivers_uartClose)
                  70089d40    00000050     drivers.am263px.r5f.ti-arm-clang.nortos.debug.lib : pinmux.obj (.text.Pinmux_config)
                  70089d90    00000050                                                       : uart_v0_lld.obj (.text.UART_checkCharsAvailInFifo)
                  70089de0    0000004e     nortos.am263px.r5f.ti-arm-clang.debug.lib : DebugP_shmLogWriter.obj (.text.DebugP_shmLogWriterInit)
                  70089e2e    00000002     --HOLE-- [fill = 0]
                  70089e30    0000004e     drivers.am263px.r5f.ti-arm-clang.nortos.debug.lib : edma.obj (.text.EDMA_clrEvtRegion)
                  70089e7e    00000002     --HOLE-- [fill = 0]
                  70089e80    0000004e                                                       : edma.obj (.text.EDMA_disableDmaEvtRegion)
                  70089ece    00000002     --HOLE-- [fill = 0]
                  70089ed0    0000004e                                                       : edma.obj (.text.EDMA_disableEvtIntrRegion)
                  70089f1e    00000002     --HOLE-- [fill = 0]
                  70089f20    0000004e                                                       : edma.obj (.text.EDMA_enableDmaEvtRegion)
                  70089f6e    00000002     --HOLE-- [fill = 0]
                  70089f70    0000004e                                                       : edma.obj (.text.EDMA_enableEvtIntrRegion)
                  70089fbe    00000002     --HOLE-- [fill = 0]
                  70089fc0    0000004e                                                       : edma.obj (.text.EDMA_setEvtRegion)
                  7008a00e    00000002     --HOLE-- [fill = 0]
                  7008a010    0000004c     nortos.am263px.r5f.ti-arm-clang.debug.lib : ClockP_nortos.obj (.text.ClockP_construct)
                  7008a05c    00000004     --HOLE-- [fill = 0]
                  7008a060    0000004c     drivers.am263px.r5f.ti-arm-clang.nortos.debug.lib : edma.obj (.text.EDMA_ccPaRAMEntry_init)
                  7008a0ac    00000004     --HOLE-- [fill = 0]
                  7008a0b0    0000004c                                                       : edma.obj (.text.EDMA_mapQdmaChToPaRAM)
                  7008a0fc    00000004     --HOLE-- [fill = 0]
                  7008a100    0000004c                                                       : edma.obj (.text.EDMA_readEventStatusRegion)
                  7008a14c    00000004     --HOLE-- [fill = 0]
                  7008a150    0000004c                                                       : ipc_notify_v1.obj (.text.IpcNotify_unregisterClient)
                  7008a19c    00000004     --HOLE-- [fill = 0]
                  7008a1a0    0000004c     ti_power_clock_config.o (.text.Module_clockEnable)
                  7008a1ec    00000004     --HOLE-- [fill = 0]
                  7008a1f0    0000004a     drivers.am263px.r5f.ti-arm-clang.nortos.debug.lib : ipc_notify_v1.obj (.text.IpcNotify_Params_init)
                  7008a23a    00000006     --HOLE-- [fill = 0]
                  7008a240    0000004a                                                       : soc_rcm.obj (.text.SOC_rcmGetCR5SysclkInFrequency)
                  7008a28a    00000006     --HOLE-- [fill = 0]
                  7008a290    0000004a                                                       : uart_v0_lld.obj (.text.UART_getIntrIdentityStatus)
                  7008a2da    00000006     --HOLE-- [fill = 0]
                  7008a2e0    0000004a                                                       : uart_v0_lld.obj (.text.UART_lineCharConfig)
                  7008a32a    00000006     --HOLE-- [fill = 0]
                  7008a330    00000048                                                       : uart_v0_lld.obj (.text.UART_resetModule)
                  7008a378    00000008     --HOLE-- [fill = 0]
                  7008a380    00000046                                                       : uart_v0_lld.obj (.text.UART_i2310WA)
                  7008a3c6    0000000a     --HOLE-- [fill = 0]
                  7008a3d0    00000046                                                       : uart_v0_lld.obj (.text.UART_readLineStatus)
                  7008a416    0000000a     --HOLE-- [fill = 0]
                  7008a420    00000044                                                       : ipc_notify_v1.obj (.text.IpcNotify_getWriteMailbox)
                  7008a464    0000000c     --HOLE-- [fill = 0]
                  7008a470    00000044                                                       : soc_rcm.obj (.text.SOC_rcmExtract8)
                  7008a4b4    0000000c     --HOLE-- [fill = 0]
                  7008a4c0    00000044                                                       : soc_rcm.obj (.text.SOC_rcmMake16)
                  7008a504    0000000c     --HOLE-- [fill = 0]
                  7008a510    00000044     nortos.am263px.r5f.ti-arm-clang.debug.lib : SemaphoreP_nortos.obj (.text.SemaphoreP_construct)
                  7008a554    0000000c     --HOLE-- [fill = 0]
                  7008a560    00000044                                               : DebugP_nortos.obj (.text._DebugP_logZone)
                  7008a5a4    0000000c     --HOLE-- [fill = 0]
                  7008a5b0    00000044                                               : printf.obj (.text._strnlen_s)
                  7008a5f4    0000000c     --HOLE-- [fill = 0]
                  7008a600    00000044     gateway_shared.o (.text.gateway_notify_states_ready)
                  7008a644    0000000c     --HOLE-- [fill = 0]
                  7008a650    00000044     main.o (.text.timer_isr)
                  7008a694    0000000c     --HOLE-- [fill = 0]
                  7008a6a0    00000042     nortos.am263px.r5f.ti-arm-clang.debug.lib : ClockP_nortos.obj (.text.ClockP_start)
                  7008a6e2    0000000e     --HOLE-- [fill = 0]
                  7008a6f0    00000042     drivers.am263px.r5f.ti-arm-clang.nortos.debug.lib : uart_v0.obj (.text.UART_checkOpenParams)
                  7008a732    0000000e     --HOLE-- [fill = 0]
                  7008a740    0000003e                                                       : pinmux.obj (.text.Pinmux_unlockMMR)
                  7008a77e    00000002     --HOLE-- [fill = 0]
                  7008a780    0000003e                                                       : uart_v0_lld.obj (.text.UART_IsHWFlowCtrlValid)
                  7008a7be    00000002     --HOLE-- [fill = 0]
                  7008a7c0    0000003e                                                       : uart_v0_lld.obj (.text.UART_spaceAvail)
                  7008a7fe    00000002     --HOLE-- [fill = 0]
                  7008a800    0000003e     gateway_shared.o (.text.gateway_core1_init)
                  7008a83e    00000002     --HOLE-- [fill = 0]
                  7008a840    0000003e     gateway_shared.o (.text.gateway_update_heartbeat)
                  7008a87e    00000002     --HOLE-- [fill = 0]
                  7008a880    0000003e     main.o (.text.init_1000hz_timer)
                  7008a8be    00000002     --HOLE-- [fill = 0]
                  7008a8c0    0000003c     drivers.am263px.r5f.ti-arm-clang.nortos.debug.lib : uart_v0_lld.obj (.text.UART_IsParityTypeValid)
                  7008a8fc    00000004     --HOLE-- [fill = 0]
                  7008a900    0000003c                                                       : uart_v0_lld.obj (.text.UART_IsTxRxFifoEmpty)
                  7008a93c    00000004     --HOLE-- [fill = 0]
                  7008a940    0000003c                                                       : uart_v0_lld.obj (.text.UART_enhanFuncEnable)
                  7008a97c    00000004     --HOLE-- [fill = 0]
                  7008a980    0000003a                                                       : soc.obj (.text.SOC_moduleSetClockFrequency)
                  7008a9ba    00000006     --HOLE-- [fill = 0]
                  7008a9c0    0000003a     nortos.am263px.r5f.ti-arm-clang.debug.lib : printf.obj (.text._atoi)
                  7008a9fa    00000006     --HOLE-- [fill = 0]
                  7008aa00    0000003a                                               : printf.obj (.text.snprintf_)
                  7008aa3a    00000006     --HOLE-- [fill = 0]
                  7008aa40    00000038     drivers.am263px.r5f.ti-arm-clang.nortos.debug.lib : soc.obj (.text.SOC_getCoreName)
                  7008aa78    00000038     nortos.am263px.r5f.ti-arm-clang.debug.lib : PmuP_armv7r_asm.obj (.text.pmu)
                  7008aab0    00000036     drivers.am263px.r5f.ti-arm-clang.nortos.debug.lib : edma.obj (.text.EDMA_getRegionId)
                  7008aae6    0000000a     --HOLE-- [fill = 0]
                  7008aaf0    00000036                                                       : ipc_notify_v1.obj (.text.IpcNotify_syncCallback)
                  7008ab26    0000000a     --HOLE-- [fill = 0]
                  7008ab30    00000034                                                       : mcan.obj (.text.MCAN_calcCfgAddr)
                  7008ab64    0000000c     --HOLE-- [fill = 0]
                  7008ab70    00000034                                                       : pinmux.obj (.text.Pinmux_lockMMR)
                  7008aba4    0000000c     --HOLE-- [fill = 0]
                  7008abb0    00000034     nortos.am263px.r5f.ti-arm-clang.debug.lib : TimerP_rti_priv.obj (.text.TimerP_Params_initPriv)
                  7008abe4    0000000c     --HOLE-- [fill = 0]
                  7008abf0    00000034     drivers.am263px.r5f.ti-arm-clang.nortos.debug.lib : uart_v0_lld.obj (.text.UART_IsDataLengthValid)
                  7008ac24    0000000c     --HOLE-- [fill = 0]
                  7008ac30    00000032                                                       : uart_v0_lld.obj (.text.HW_WR_FIELD32_RAW)
                  7008ac62    0000000e     --HOLE-- [fill = 0]
                  7008ac70    00000032                                                       : ipc_notify_v1.obj (.text.IpcNotify_mailboxIsPendingIntr)
                  7008aca2    0000000e     --HOLE-- [fill = 0]
                  7008acb0    00000032     nortos.am263px.r5f.ti-arm-clang.debug.lib : TimerP_rti_priv.obj (.text.TimerP_getCountPriv)
                  7008ace2    0000000e     --HOLE-- [fill = 0]
                  7008acf0    00000032     drivers.am263px.r5f.ti-arm-clang.nortos.debug.lib : uart_v0_lld.obj (.text.UART_enhanFuncBitValRestore)
                  7008ad22    0000000e     --HOLE-- [fill = 0]
                  7008ad30    00000032                                                       : uart_v0_lld.obj (.text.UART_hardwareFlowCtrlOptSet)
                  7008ad62    0000000e     --HOLE-- [fill = 0]
                  7008ad70    00000030                                                       : ipc_notify_v1.obj (.text.IpcNotify_getReadSwQ)
                  7008ada0    00000030                                                       : uart_v0_lld.obj (.text.UART_flowCtrlTrigLvlConfig)
                  7008add0    0000002e                                                       : uart_dma_edma.obj (.text.UART_lld_dmaInit)
                  7008adfe    00000002     --HOLE-- [fill = 0]
                  7008ae00    0000002e     nortos.am263px.r5f.ti-arm-clang.debug.lib : printf.obj (.text._is_digit)
                  7008ae2e    00000002     --HOLE-- [fill = 0]
                  7008ae30    0000002c                                               : DebugP_log.obj (.text.DebugP_logZoneEnable)
                  7008ae5c    00000004     --HOLE-- [fill = 0]
                  7008ae60    0000002c     drivers.am263px.r5f.ti-arm-clang.nortos.debug.lib : ipc_notify_v1.obj (.text.IpcNotify_getReadMailbox)
                  7008ae8c    00000004     --HOLE-- [fill = 0]
                  7008ae90    0000002c                                                       : mcan.obj (.text.MCAN_clearNewDataStatus)
                  7008aebc    00000004     --HOLE-- [fill = 0]
                  7008aec0    0000002c                                                       : mcan.obj (.text.MCAN_getNewDataStatus)
                  7008aeec    00000004     --HOLE-- [fill = 0]
                  7008aef0    0000002c     nortos.am263px.r5f.ti-arm-clang.debug.lib : SemaphoreP_nortos.obj (.text.SemaphoreP_constructBinary)
                  7008af1c    00000004     --HOLE-- [fill = 0]
                  7008af20    0000002a                                               : ClockP_nortos.obj (.text.ClockP_sleepTicks)
                  7008af4a    00000006     --HOLE-- [fill = 0]
                  7008af50    0000002a     drivers.am263px.r5f.ti-arm-clang.nortos.debug.lib : uart_v0_lld.obj (.text.UART_intr2Disable)
                  7008af7a    00000006     --HOLE-- [fill = 0]
                  7008af80    0000002a                                                       : uart_v0_lld.obj (.text.UART_operatingModeSelect)
                  7008afaa    00000006     --HOLE-- [fill = 0]
                  7008afb0    00000028     nortos.am263px.r5f.ti-arm-clang.debug.lib : CpuId_armv7r.obj (.text.CSL_armR5GetCpuID)
                  7008afd8    00000008     --HOLE-- [fill = 0]
                  7008afe0    00000028                                               : printf.obj (.text.vprintf_)
                  7008b008    00000008     --HOLE-- [fill = 0]
                  7008b010    00000026     drivers.am263px.r5f.ti-arm-clang.nortos.debug.lib : edma.obj (.text.EDMA_disableQdmaEvtRegion)
                  7008b036    0000000a     --HOLE-- [fill = 0]
                  7008b040    00000026                                                       : edma.obj (.text.EDMA_enableQdmaEvtRegion)
                  7008b066    0000000a     --HOLE-- [fill = 0]
                  7008b070    00000026                                                       : edma.obj (.text.EDMA_validateIntrObject)
                  7008b096    0000000a     --HOLE-- [fill = 0]
                  7008b0a0    00000026     nortos.am263px.r5f.ti-arm-clang.debug.lib : printf.obj (.text._out_buffer)
                  7008b0c6    0000000a     --HOLE-- [fill = 0]
                  7008b0d0    00000024     ti_drivers_config.o (.text.IpcNotify_getConfig)
                  7008b0f4    0000000c     --HOLE-- [fill = 0]
                  7008b100    00000024     nortos.am263px.r5f.ti-arm-clang.debug.lib : SemaphoreP_nortos.obj (.text.SemaphoreP_constructMutex)
                  7008b124    0000000c     --HOLE-- [fill = 0]
                  7008b130    00000024     drivers.am263px.r5f.ti-arm-clang.nortos.debug.lib : uart_v0_lld.obj (.text.UART_IsRxTrigLvlValid)
                  7008b154    0000000c     --HOLE-- [fill = 0]
                  7008b160    00000024                                                       : uart_v0_lld.obj (.text.UART_IsStopBitsValid)
                  7008b184    0000000c     --HOLE-- [fill = 0]
                  7008b190    00000024                                                       : uart_v0_lld.obj (.text.UART_IsTxTrigLvlValid)
                  7008b1b4    00000024     libclang_rt.builtins.a : aeabi_uldivmod.S.obj (.text.__aeabi_uldivmod)
                  7008b1d8    00000008     --HOLE-- [fill = 0]
                  7008b1e0    00000024     nortos.am263px.r5f.ti-arm-clang.debug.lib : printf.obj (.text._out_char)
                  7008b204    0000000c     --HOLE-- [fill = 0]
                  7008b210    00000022     drivers.am263px.r5f.ti-arm-clang.nortos.debug.lib : edma.obj (.text.EDMA_channelToParamMap)
                  7008b232    0000000e     --HOLE-- [fill = 0]
                  7008b240    00000020     nortos.am263px.r5f.ti-arm-clang.debug.lib : ClockP_nortos.obj (.text.ClockP_isActive)
                  7008b260    00000020                                               : ClockP_nortos.obj (.text.ClockP_usecToTicks)
                  7008b280    00000020     drivers.am263px.r5f.ti-arm-clang.nortos.debug.lib : mcan.obj (.text.HW_RD_FIELD32_RAW)
                  7008b2a0    00000020                                                       : uart_v0_lld.obj (.text.HW_RD_FIELD32_RAW)
                  7008b2c0    0000001e     nortos.am263px.r5f.ti-arm-clang.debug.lib : ClockP_nortos.obj (.text.ClockP_Params_init)
                  7008b2de    00000002     --HOLE-- [fill = 0]
                  7008b2e0    0000001e     drivers.am263px.r5f.ti-arm-clang.nortos.debug.lib : edma.obj (.text.EDMA_getEventStatusHigh)
                  7008b2fe    00000002     --HOLE-- [fill = 0]
                  7008b300    0000001e                                                       : soc.obj (.text.SOC_getSelfCpuClk)
                  7008b31e    00000002     --HOLE-- [fill = 0]
                  7008b320    0000001e                                                       : soc.obj (.text.SOC_moduleClockEnable)
                  7008b33e    00000002     --HOLE-- [fill = 0]
                  7008b340    0000001e     ti_dpl_config.o (.text.TimerP_isr0)
                  7008b35e    00000002     --HOLE-- [fill = 0]
                  7008b360    0000001e     drivers.am263px.r5f.ti-arm-clang.nortos.debug.lib : uart_v0_lld.obj (.text.UART_breakCtl)
                  7008b37e    00000002     --HOLE-- [fill = 0]
                  7008b380    0000001e                                                       : uart_v0_lld.obj (.text.UART_lld_Transaction_deInit)
                  7008b39e    00000002     --HOLE-- [fill = 0]
                  7008b3a0    0000001c                                                       : edma.obj (.text.EDMA_getEventStatus)
                  7008b3bc    00000004     --HOLE-- [fill = 0]
                  7008b3c0    0000001c                                                       : uart_v0_lld.obj (.text.UART_IsParameter)
                  7008b3dc    00000004     --HOLE-- [fill = 0]
                  7008b3e0    0000001c     timer.o (.text.timerISR)
                  7008b3fc    0000001c     libc.a : memcpy32.S.obj (.text:TI_memcpy_small)
                  7008b418    00000008     --HOLE-- [fill = 0]
                  7008b420    0000001a     drivers.am263px.r5f.ti-arm-clang.nortos.debug.lib : mcan.obj (.text.MCAN_clearIntrStatus)
                  7008b43a    00000006     --HOLE-- [fill = 0]
                  7008b440    0000001a                                                       : uart_v0_lld.obj (.text.UART_fifoCharGet)
                  7008b45a    00000006     --HOLE-- [fill = 0]
                  7008b460    0000001a                                                       : uart_v0_lld.obj (.text.UART_timeGuardConfig)
                  7008b47a    00000006     --HOLE-- [fill = 0]
                  7008b480    00000018     nortos.am263px.r5f.ti-arm-clang.debug.lib : ClockP_nortos.obj (.text.ClockP_ticksToUsec)
                  7008b498    00000008     --HOLE-- [fill = 0]
                  7008b4a0    00000018     drivers.am263px.r5f.ti-arm-clang.nortos.debug.lib : edma.obj (.text.EDMA_isInterruptEnabled)
                  7008b4b8    00000008     --HOLE-- [fill = 0]
                  7008b4c0    00000018                                                       : ipc_notify_v1.obj (.text.IpcNotify_mailboxClearAllInt)
                  7008b4d8    00000008     --HOLE-- [fill = 0]
                  7008b4e0    00000018                                                       : ipc_notify_v1_cfg.obj (.text.IpcNotify_trigInterrupt)
                  7008b4f8    00000008     --HOLE-- [fill = 0]
                  7008b500    00000018     nortos.am263px.r5f.ti-arm-clang.debug.lib : SemaphoreP_nortos.obj (.text.SemaphoreP_Params_init)
                  7008b518    00000008     --HOLE-- [fill = 0]
                  7008b520    00000018                                               : TimerP_rti_priv.obj (.text.TimerP_getReloadCountPriv)
                  7008b538    00000008     --HOLE-- [fill = 0]
                  7008b540    00000018     drivers.am263px.r5f.ti-arm-clang.nortos.debug.lib : uart_v0_lld.obj (.text.UART_divisorLatchDisable)
                  7008b558    00000008     --HOLE-- [fill = 0]
                  7008b560    00000018                                                       : uart_v0_lld.obj (.text.UART_modemControlReset)
                  7008b578    00000008     --HOLE-- [fill = 0]
                  7008b580    00000018                                                       : uart_v0_lld.obj (.text.UART_putChar)
                  7008b598    00000018     libc.a : memset32.S.obj (.text:TI_memset_small)
                  7008b5b0    00000016     drivers.am263px.r5f.ti-arm-clang.nortos.debug.lib : ipc_notify_v1.obj (.text.IpcNotify_sendSync)
                  7008b5c6    0000000a     --HOLE-- [fill = 0]
                  7008b5d0    00000016                                                       : mcan.obj (.text.MCAN_getIntrStatus)
                  7008b5e6    0000000a     --HOLE-- [fill = 0]
                  7008b5f0    00000016     nortos.am263px.r5f.ti-arm-clang.debug.lib : TimerP_rti_priv.obj (.text.TimerP_startPriv)
                  7008b606    0000000a     --HOLE-- [fill = 0]
                  7008b610    00000016                                               : TimerP_rti_priv.obj (.text.TimerP_stopPriv)
                  7008b626    0000000a     --HOLE-- [fill = 0]
                  7008b630    00000016     drivers.am263px.r5f.ti-arm-clang.nortos.debug.lib : uart_v0_lld.obj (.text.UART_divideRoundCloset)
                  7008b646    0000000a     --HOLE-- [fill = 0]
                  7008b650    00000016                                                       : uart_v0_lld.obj (.text.UART_regConfModeRestore)
                  7008b666    0000000a     --HOLE-- [fill = 0]
                  7008b670    00000014                                                       : edma.obj (.text.HW_WR_REG16_RAW)
                  7008b684    0000000c     --HOLE-- [fill = 0]
                  7008b690    00000014                                                       : ipc_notify_v1.obj (.text.IpcNotify_mailboxClearPendingIntr)
                  7008b6a4    0000000c     --HOLE-- [fill = 0]
                  7008b6b0    00000014                                                       : soc_rcm.obj (.text.SOC_rcmGetModuleClkDivFromRegVal)
                  7008b6c4    0000000c     --HOLE-- [fill = 0]
                  7008b6d0    00000014     nortos.am263px.r5f.ti-arm-clang.debug.lib : TimerP_rti_priv.obj (.text.TimerP_clearOverflowIntPriv)
                  7008b6e4    0000000c     --HOLE-- [fill = 0]
                  7008b6f0    00000014                                               : TimerP_rti_nortos.obj (.text.TimerP_setup)
                  7008b704    0000000c     --HOLE-- [fill = 0]
                  7008b710    00000014     ti_dpl_config.o (.text.putchar_)
                  7008b724    0000000c     --HOLE-- [fill = 0]
                  7008b730    00000012     ti_pinmux_config.o (.text.Pinmux_init)
                  7008b742    0000000e     --HOLE-- [fill = 0]
                  7008b750    00000010     drivers.am263px.r5f.ti-arm-clang.nortos.debug.lib : pinmux.obj (.text.CSL_REG32_WR_RAW)
                  7008b760    00000010                                                       : soc.obj (.text.CSL_REG32_WR_RAW)
                  7008b770    00000010     nortos.am263px.r5f.ti-arm-clang.debug.lib : ClockP_nortos_r5.obj (.text.ClockP_getTimerCount)
                  7008b780    00000010                                               : ClockP_nortos_r5.obj (.text.ClockP_timerClearOverflowInt)
                  7008b790    00000010     drivers.am263px.r5f.ti-arm-clang.nortos.debug.lib : edma.obj (.text.HW_RD_REG32_RAW)
                  7008b7a0    00000010                                                       : mcan.obj (.text.HW_RD_REG32_RAW)
                  7008b7b0    00000010                                                       : uart_v0_lld.obj (.text.HW_RD_REG32_RAW)
                  7008b7c0    00000010                                                       : edma.obj (.text.HW_WR_REG32_RAW)
                  7008b7d0    00000010                                                       : mcan.obj (.text.HW_WR_REG32_RAW)
                  7008b7e0    00000010                                                       : uart_v0_lld.obj (.text.HW_WR_REG32_RAW)
                  7008b7f0    00000010                                                       : ipc_notify_v1.obj (.text.IpcNotify_mailboxGetPendingIntr)
                  7008b800    00000010     nortos.am263px.r5f.ti-arm-clang.debug.lib : TimerP_rti_nortos.obj (.text.TimerP_Params_init)
                  7008b810    00000010                                               : TimerP_rti_nortos.obj (.text.TimerP_clearOverflowInt)
                  7008b820    00000010                                               : TimerP_rti_nortos.obj (.text.TimerP_getCount)
                  7008b830    00000010                                               : TimerP_rti_nortos.obj (.text.TimerP_getReloadCount)
                  7008b840    00000010                                               : TimerP_rti_nortos.obj (.text.TimerP_start)
                  7008b850    00000010                                               : TimerP_rti_nortos.obj (.text.TimerP_stop)
                  7008b860    00000010                                               : printf.obj (.text._out_null)
                  7008b870    0000000c     ti_board_open_close.o (.text.Board_driversOpen)
                  7008b87c    00000004     --HOLE-- [fill = 0]
                  7008b880    0000000c     nortos.am263px.r5f.ti-arm-clang.debug.lib : ClockP_nortos.obj (.text.ClockP_getTicks)
                  7008b88c    00000004     --HOLE-- [fill = 0]
                  7008b890    0000000c     ti_power_clock_config.o (.text.PowerClock_init)
                  7008b89c    00000004     --HOLE-- [fill = 0]
                  7008b8a0    0000000a     nortos.am263px.r5f.ti-arm-clang.debug.lib : HwiP_armv7r_vim.obj (.text.Hwip_dataAndInstructionBarrier)
                  7008b8aa    00000006     --HOLE-- [fill = 0]
                  7008b8b0    0000000a     drivers.am263px.r5f.ti-arm-clang.nortos.debug.lib : ipc_notify_v1.obj (.text.IpcNotify_dataAndInstructionBarrier)
                  7008b8ba    00000006     --HOLE-- [fill = 0]
                  7008b8c0    0000000a                                                       : soc_rcm.obj (.text.SOC_rcmGetBaseAddressMSSRCM)
                  7008b8ca    00000006     --HOLE-- [fill = 0]
                  7008b8d0    0000000a                                                       : uart_dma_edma.obj (.text.UART_edmaDoNothing)
                  7008b8da    00000006     --HOLE-- [fill = 0]
                  7008b8e0    0000000a     gateway_shared.o (.text.gateway_memory_barrier)
                  7008b8ea    00000006     --HOLE-- [fill = 0]
                  7008b8f0    00000008     ti_drivers_open_close.o (.text.Drivers_close)
                  7008b8f8    00000008     --HOLE-- [fill = 0]
                  7008b900    00000008     ti_drivers_open_close.o (.text.Drivers_open)
                  7008b908    00000008     --HOLE-- [fill = 0]
                  7008b910    00000008     ti_drivers_config.o (.text.Drivers_uartInit)
                  7008b918    00000008     --HOLE-- [fill = 0]
                  7008b920    00000008     drivers.am263px.r5f.ti-arm-clang.nortos.debug.lib : soc_rcm.obj (.text.SOC_rcmGetBaseAddressMSSCTRL)
                  7008b928    00000008     --HOLE-- [fill = 0]
                  7008b930    00000008                                                       : soc_rcm.obj (.text.SOC_rcmGetBaseAddressTOPRCM)
                  7008b938    00000008     --HOLE-- [fill = 0]
                  7008b940    00000008     nortos.am263px.r5f.ti-arm-clang.debug.lib : SemaphoreP_nortos.obj (.text.SemaphoreP_destruct)
                  7008b948    00000008     --HOLE-- [fill = 0]
                  7008b950    00000002     ti_board_open_close.o (.text.Board_driversClose)
                  7008b952    0000000e     --HOLE-- [fill = 0]
                  7008b960    00000002     ti_board_config.o (.text.Board_init)
                  7008b962    0000000e     --HOLE-- [fill = 0]
                  7008b970    00000002     drivers.am263px.r5f.ti-arm-clang.nortos.debug.lib : ipc_notify_v1_cfg.obj (.text.IpcNotify_wait)
                  7008b972    0000000e     --HOLE-- [fill = 0]
                  7008b980    00000002     nortos.am263px.r5f.ti-arm-clang.debug.lib : TaskP_nortos.obj (.text.TaskP_yield)
                  7008b982    0000000e     --HOLE-- [fill = 0]

.rodata    0    7008b990    00001720     
                  7008b990    00000084     ti_dpl_config.o (.rodata.cfg)
                  7008ba14    00000056     timer.o (.rodata.str1.11065275571764353979.1)
                  7008ba6a    00000006     drivers.am263px.r5f.ti-arm-clang.nortos.debug.lib : soc_rcm.obj (.rodata.str1.12246138248821672736.1)
                  7008ba70    00000050     nortos.am263px.r5f.ti-arm-clang.debug.lib : printf.obj (.rodata._ftoa.pow10)
                  7008bac0    0000004e     main.o (.rodata.str1.17045314124001216156.1)
                  7008bb0e    0000004a     main.o (.rodata.str1.16302215771116645891.1)
                  7008bb58    00000048     drivers.am263px.r5f.ti-arm-clang.nortos.debug.lib : soc_rcm.obj (.rodata.gADPLLJConfigTbl)
                  7008bba0    00000044     gateway_shared.o (.rodata.str1.8694082244888993162.1)
                  7008bbe4    00000041     main.o (.rodata.str1.8320541211001259012.1)
                  7008bc25    00000003     main.o (.rodata.str1.17100691992556644108.1)
                  7008bc28    00000040     main.o (.rodata..L__const.main_loop.test_pattern)
                  7008bc68    00000040     drivers.am263px.r5f.ti-arm-clang.nortos.debug.lib : mcan.obj (.rodata.gDataSize)
                  7008bca8    00000040                                                       : ipc_notify_v1.obj (.rodata.str1.10118846006578224169.1)
                  7008bce8    00000040     gateway_shared.o (.rodata.str1.1309647279537151951.1)
                  7008bd28    0000003d     nortos.am263px.r5f.ti-arm-clang.debug.lib : TimerP_rti_priv.obj (.rodata.str1.11388379688747141303.1)
                  7008bd65    0000003d     main.o (.rodata.str1.8108965883388295311.1)
                  7008bda2    0000003c     main.o (.rodata.str1.13030671760666898970.1)
                  7008bdde    0000003c     main.o (.rodata.str1.16265332423659789559.1)
                  7008be1a    0000003b     main.o (.rodata.str1.5043408953494467246.1)
                  7008be55    0000003b     main.o (.rodata.str1.6891813955777630061.1)
                  7008be90    0000003a     main.o (.rodata.str1.39260288392874984.1)
                  7008beca    0000003a     gateway_shared.o (.rodata.str1.6238718661883364096.1)
                  7008bf04    00000039     gateway_shared.o (.rodata.str1.11051107022181534624.1)
                  7008bf3d    00000039     can_interface.o (.rodata.str1.17339864536769639315.1)
                  7008bf76    00000039     gateway_shared.o (.rodata.str1.8195260966165303577.1)
                  7008bfaf    00000037     gateway_shared.o (.rodata.str1.5629998949668554045.1)
                  7008bfe6    00000037     main.o (.rodata.str1.6554448696319176064.1)
                  7008c01d    00000035     main.o (.rodata.str1.7702501944640899365.1)
                  7008c052    00000035     ti_drivers_open_close.o (.rodata.str1.871795152488895636.1)
                  7008c087    00000034     main.o (.rodata.str1.14112174005742061988.1)
                  7008c0bb    00000034     gateway_shared.o (.rodata.str1.9859227269409816370.1)
                  7008c0ef    00000033     can_interface.o (.rodata.str1.10186677634541030339.1)
                  7008c122    00000032     main.o (.rodata.str1.8076846746581808073.1)
                  7008c154    00000031     main.o (.rodata.str1.11870794119293528247.1)
                  7008c185    00000030     main.o (.rodata.str1.11321157723316767883.1)
                  7008c1b5    00000030     main.o (.rodata.str1.8154729771448623357.1)
                  7008c1e5    0000002f     gateway_shared.o (.rodata.str1.12080221302489731862.1)
                  7008c214    0000002f     main.o (.rodata.str1.15996357275703397564.1)
                  7008c243    0000002f     gateway_shared.o (.rodata.str1.3129942817937968154.1)
                  7008c272    0000002f     main.o (.rodata.str1.8096991282711418442.1)
                  7008c2a1    0000002f     drivers.am263px.r5f.ti-arm-clang.nortos.debug.lib : ipc_notify_v1.obj (.rodata.str1.9418228565027791152.1)
                  7008c2d0    0000002e     main.o (.rodata.str1.2123964117280943167.1)
                  7008c2fe    0000002d     main.o (.rodata.str1.10313062130652730376.1)
                  7008c32b    0000002d     main.o (.rodata.str1.14079361385603432444.1)
                  7008c358    0000002d     dispatcher_timer.o (.rodata.str1.16909784401037802760.1)
                  7008c385    0000002d     can_interface.o (.rodata.str1.17855712168153945246.1)
                  7008c3b2    0000002d     timer.o (.rodata.str1.4825335438893677182.1)
                  7008c3df    0000002d     timer.o (.rodata.str1.9776783471828401229.1)
                  7008c40c    0000002c     gateway_shared.o (.rodata.str1.7167262159681625771.1)
                  7008c438    0000002c     main.o (.rodata.str1.9059077390166914652.1)
                  7008c464    0000002b     main.o (.rodata.str1.18227636981041470289.1)
                  7008c48f    0000002b     timer.o (.rodata.str1.2595077267241533047.1)
                  7008c4ba    0000002a     timer.o (.rodata.str1.14592564388859657302.1)
                  7008c4e4    0000002a     gateway_shared.o (.rodata.str1.17046880449980016103.1)
                  7008c50e    0000002a     nortos.am263px.r5f.ti-arm-clang.debug.lib : DebugP_log.obj (.rodata.str1.227947788441500939.1)
                  7008c538    0000002a     dispatcher_timer.o (.rodata.str1.8393228718863617781.1)
                  7008c562    00000029     main.o (.rodata.str1.14402440632258215044.1)
                  7008c58b    00000029     main.o (.rodata.str1.18092426736022315238.1)
                  7008c5b4    00000028     dispatcher_timer.o (.rodata.str1.13215161723794722244.1)
                  7008c5dc    00000028     main.o (.rodata.str1.15159059442110792349.1)
                  7008c604    00000027     nortos.am263px.r5f.ti-arm-clang.debug.lib : ClockP_nortos_r5.obj (.rodata.str1.12743090444791882666.1)
                  7008c62b    00000027     main.o (.rodata.str1.7996925722583989644.1)
                  7008c652    00000026     gateway_shared.o (.rodata.str1.5327546541240122901.1)
                  7008c678    00000026     gateway_shared.o (.rodata.str1.5761821093615868877.1)
                  7008c69e    00000025     main.o (.rodata.str1.2563708670032483588.1)
                  7008c6c3    00000024     main.o (.rodata.str1.14466178792657420020.1)
                  7008c6e7    00000024     can_interface.o (.rodata.str1.14695538922052102695.1)
                  7008c70b    00000024     can_interface.o (.rodata.str1.17857559882412085052.1)
                  7008c72f    00000023     timer.o (.rodata.str1.11625592957738929956.1)
                  7008c752    00000023     drivers.am263px.r5f.ti-arm-clang.nortos.debug.lib : soc_rcm.obj (.rodata.str1.2078190104202520215.1)
                  7008c775    00000023     main.o (.rodata.str1.2846389346932560359.1)
                  7008c798    00000023     nortos.am263px.r5f.ti-arm-clang.debug.lib : ClockP_nortos_r5.obj (.rodata.str1.7689125538912326484.1)
                  7008c7bb    00000022     drivers.am263px.r5f.ti-arm-clang.nortos.debug.lib : edma.obj (.rodata.str1.12976018205622752890.1)
                  7008c7dd    00000021     timer.o (.rodata.str1.11388516001008441053.1)
                  7008c7fe    00000021     nortos.am263px.r5f.ti-arm-clang.debug.lib : ClockP_nortos_r5.obj (.rodata.str1.8559540482768925367.1)
                  7008c81f    00000001     --HOLE-- [fill = 0]
                  7008c820    00000020     drivers.am263px.r5f.ti-arm-clang.nortos.debug.lib : mcan.obj (.rodata.gMsgObjSize)
                  7008c840    00000020     can_interface.o (.rodata.g_mcan_base_addr)
                  7008c860    00000020     can_interface.o (.rodata.g_mcan_intr_num)
                  7008c880    00000020     drivers.am263px.r5f.ti-arm-clang.nortos.debug.lib : uart_v0.obj (.rodata.str1.16594507886308206351.1)
                  7008c8a0    00000020                                                       : ipc_notify_v1.obj (.rodata.str1.2046905611612007019.1)
                  7008c8c0    0000001f     timer.o (.rodata.str1.17138248890061536290.1)
                  7008c8df    0000001f     nortos.am263px.r5f.ti-arm-clang.debug.lib : ClockP_nortos_r5.obj (.rodata.str1.2746619892315392655.1)
                  7008c8fe    0000001f     dispatcher_timer.o (.rodata.str1.5724006426700065890.1)
                  7008c91d    0000001e     drivers.am263px.r5f.ti-arm-clang.nortos.debug.lib : ipc_notify_v1.obj (.rodata.str1.16593710740832512674.1)
                  7008c93b    0000001e     timer.o (.rodata.str1.17468340562980736309.1)
                  7008c959    0000001e     drivers.am263px.r5f.ti-arm-clang.nortos.debug.lib : ipc_notify_v1.obj (.rodata.str1.9050127465416171240.1)
                  7008c977    0000001d     nortos.am263px.r5f.ti-arm-clang.debug.lib : TimerP_rti_priv.obj (.rodata.str1.1727973701797049581.1)
                  7008c994    0000001d                                               : TimerP_rti_priv.obj (.rodata.str1.4425773406285945039.1)
                  7008c9b1    0000001d     drivers.am263px.r5f.ti-arm-clang.nortos.debug.lib : uart_v0.obj (.rodata.str1.4697665093340446018.1)
                  7008c9ce    0000001d     nortos.am263px.r5f.ti-arm-clang.debug.lib : TimerP_rti_priv.obj (.rodata.str1.7297095892955669843.1)
                  7008c9eb    0000001c     timer.o (.rodata.str1.3941945720110854977.1)
                  7008ca07    0000001b     timer.o (.rodata.str1.16368327707447699272.1)
                  7008ca22    0000001b     drivers.am263px.r5f.ti-arm-clang.nortos.debug.lib : edma.obj (.rodata.str1.16672221102796607080.1)
                  7008ca3d    0000001b     timer.o (.rodata.str1.2729451262212274059.1)
                  7008ca58    0000001b     timer.o (.rodata.str1.7281718990602344857.1)
                  7008ca73    0000001b     ti_drivers_config.o (.rodata.str1.7767457247551078139.1)
                  7008ca8e    0000001a     drivers.am263px.r5f.ti-arm-clang.nortos.debug.lib : soc_rcm.obj (.rodata.str1.16907879152045164286.1)
                  7008caa8    0000001a     main.o (.rodata.str1.2763581881760962609.1)
                  7008cac2    0000001a     main.o (.rodata.str1.288608917962107522.1)
                  7008cadc    0000001a     nortos.am263px.r5f.ti-arm-clang.debug.lib : ClockP_nortos_r5.obj (.rodata.str1.3810757863367538396.1)
                  7008caf6    00000019     drivers.am263px.r5f.ti-arm-clang.nortos.debug.lib : ipc_notify_v1.obj (.rodata.str1.12253177398743541182.1)
                  7008cb0f    00000019     timer.o (.rodata.str1.12486863182278299252.1)
                  7008cb28    00000019     nortos.am263px.r5f.ti-arm-clang.debug.lib : TimerP_rti_priv.obj (.rodata.str1.5494506574634759136.1)
                  7008cb41    00000019     main.o (.rodata.str1.7784929982665794503.1)
                  7008cb5a    00000018     drivers.am263px.r5f.ti-arm-clang.nortos.debug.lib : soc_rcm.obj (.rodata.gControlssPllClkSrcValMap)
                  7008cb72    00000018                                                       : soc_rcm.obj (.rodata.gCptsClkSrcValMap)
                  7008cb8a    00000018                                                       : soc_rcm.obj (.rodata.gI2cClkSrcValMap)
                  7008cba2    00000018                                                       : soc_rcm.obj (.rodata.gIcssmUartClkSrcValMap)
                  7008cbba    00000018                                                       : soc_rcm.obj (.rodata.gLinUartClkSrcValMap)
                  7008cbd2    00000018                                                       : soc_rcm.obj (.rodata.gMcSpiClkSrcValMap)
                  7008cbea    00000018                                                       : soc_rcm.obj (.rodata.gMcanClkSrcValMap)
                  7008cc02    00000018                                                       : soc_rcm.obj (.rodata.gMmcClkSrcValMap)
                  7008cc1a    00000018                                                       : soc_rcm.obj (.rodata.gOspiClkSrcValMap)
                  7008cc32    00000018                                                       : soc_rcm.obj (.rodata.gPeripheralClkSrcInfoMap)
                  7008cc4a    00000018                                                       : soc_rcm.obj (.rodata.gRtiClkSrcValMap)
                  7008cc62    00000018                                                       : soc_rcm.obj (.rodata.gWdtClkSrcValMap)
                  7008cc7a    00000018                                                       : uart_v0.obj (.rodata.str1.16507871919775359273.1)
                  7008cc92    00000018     ti_drivers_config.o (.rodata.str1.2211846465855763212.1)
                  7008ccaa    00000017     drivers.am263px.r5f.ti-arm-clang.nortos.debug.lib : soc_rcm.obj (.rodata.str1.1263028196474875090.1)
                  7008ccc1    00000017     timer.o (.rodata.str1.13913013338197420287.1)
                  7008ccd8    00000016     drivers.am263px.r5f.ti-arm-clang.nortos.debug.lib : soc_rcm.obj (.rodata.str1.15837709475095375462.1)
                  7008ccee    00000016                                                       : soc_rcm.obj (.rodata.str1.18101715471844446405.1)
                  7008cd04    00000016                                                       : soc_rcm.obj (.rodata.str1.503491203257075565.1)
                  7008cd1a    00000015     timer.o (.rodata.str1.14729613912850753266.1)
                  7008cd2f    00000015     drivers.am263px.r5f.ti-arm-clang.nortos.debug.lib : ipc_notify_v1.obj (.rodata.str1.2749849238461102323.1)
                  7008cd44    00000015                                                       : edma.obj (.rodata.str1.9771253703579349310.1)
                  7008cd59    00000014     main.o (.rodata.str1.1311392489248731986.1)
                  7008cd6d    00000014     drivers.am263px.r5f.ti-arm-clang.nortos.debug.lib : edma.obj (.rodata.str1.14977302951450442404.1)
                  7008cd81    00000014                                                       : edma.obj (.rodata.str1.16586217098785273673.1)
                  7008cd95    00000014                                                       : ipc_notify_v1.obj (.rodata.str1.17722115868992979254.1)
                  7008cda9    00000014                                                       : ipc_notify_v1.obj (.rodata.str1.5235938544388580736.1)
                  7008cdbd    00000014                                                       : edma.obj (.rodata.str1.6479261940699871955.1)
                  7008cdd1    00000013     nortos.am263px.r5f.ti-arm-clang.debug.lib : DebugP_shmLogWriter.obj (.rodata.str1.14017905436770086454.1)
                  7008cde4    00000013     drivers.am263px.r5f.ti-arm-clang.nortos.debug.lib : soc_rcm.obj (.rodata.str1.1513614241493853460.1)
                  7008cdf7    00000013     main.o (.rodata.str1.16631870348416990953.1)
                  7008ce0a    00000013     main.o (.rodata.str1.17376258722486336754.1)
                  7008ce1d    00000013     main.o (.rodata.str1.3530083166107438000.1)
                  7008ce30    00000013     drivers.am263px.r5f.ti-arm-clang.nortos.debug.lib : uart_v0.obj (.rodata.str1.8511823138002593779.1)
                  7008ce43    00000012                                                       : uart_v0.obj (.rodata.str1.10085477686273322470.1)
                  7008ce55    00000012                                                       : uart_v0.obj (.rodata.str1.1906408950570946892.1)
                  7008ce67    00000012                                                       : ipc_notify_v1.obj (.rodata.str1.4922609433019995091.1)
                  7008ce79    00000012                                                       : soc_rcm.obj (.rodata.str1.6089483996110695684.1)
                  7008ce8b    00000012                                                       : edma.obj (.rodata.str1.8988798825313313125.1)
                  7008ce9d    00000011     main.o (.rodata.str1.11702106008850790973.1)
                  7008ceae    00000011     main.o (.rodata.str1.13288086030101331538.1)
                  7008cebf    00000011     drivers.am263px.r5f.ti-arm-clang.nortos.debug.lib : edma.obj (.rodata.str1.13359792024450833872.1)
                  7008ced0    00000011                                                       : uart_v0.obj (.rodata.str1.18277465892467933209.1)
                  7008cee1    00000011     ti_drivers_open_close.o (.rodata.str1.6292539624901818759.1)
                  7008cef2    00000011     nortos.am263px.r5f.ti-arm-clang.debug.lib : TimerP_rti_priv.obj (.rodata.str1.7786169893402823657.1)
                  7008cf03    00000011     drivers.am263px.r5f.ti-arm-clang.nortos.debug.lib : ipc_notify_v1.obj (.rodata.str1.9036292169629118271.1)
                  7008cf14    00000010                                                       : edma.obj (.rodata.str1.16687974986316968853.1)
                  7008cf24    0000000f                                                       : edma.obj (.rodata.str1.12381575634899622488.1)
                  7008cf33    0000000f                                                       : edma.obj (.rodata.str1.15707078201242323249.1)
                  7008cf42    0000000f                                                       : edma.obj (.rodata.str1.2781376525681532154.1)
                  7008cf51    0000000f                                                       : ipc_notify_v1.obj (.rodata.str1.4769539187903082080.1)
                  7008cf60    0000000f                                                       : edma.obj (.rodata.str1.4907917467944964367.1)
                  7008cf6f    0000000e     main.o (.rodata.str1.10635229749459437609.1)
                  7008cf7d    0000000e     drivers.am263px.r5f.ti-arm-clang.nortos.debug.lib : edma.obj (.rodata.str1.1669868279207928169.1)
                  7008cf8b    0000000e                                                       : edma.obj (.rodata.str1.6128441279204879358.1)
                  7008cf99    0000000e                                                       : edma.obj (.rodata.str1.6928588723460450634.1)
                  7008cfa7    0000000d                                                       : edma.obj (.rodata.str1.14657363906792235350.1)
                  7008cfb4    0000000d     nortos.am263px.r5f.ti-arm-clang.debug.lib : TimerP_rti_priv.obj (.rodata.str1.15140844044942405278.1)
                  7008cfc1    0000000c                                               : ClockP_nortos_r5.obj (.rodata.str1.13463193513887205357.1)
                  7008cfcd    0000000c     ti_drivers_config.o (.rodata.str1.3145245972279493797.1)
                  7008cfd9    0000000c     drivers.am263px.r5f.ti-arm-clang.nortos.debug.lib : edma.obj (.rodata.str1.8587431144907355806.1)
                  7008cfe5    0000000b                                                       : uart_v0.obj (.rodata.str1.1151567497034493012.1)
                  7008cff0    0000000b     main.o (.rodata.str1.17279024933005395956.1)
                  7008cffb    0000000b     can_interface.o (.rodata.str1.9513145012316062387.1)
                  7008d006    0000000a     main.o (.rodata.str1.12180500075719773345.1)
                  7008d010    0000000a     drivers.am263px.r5f.ti-arm-clang.nortos.debug.lib : soc_rcm.obj (.rodata.str1.3349473071634452315.1)
                  7008d01a    0000000a                                                       : uart_v0.obj (.rodata.str1.7892831408302009747.1)
                  7008d024    0000000a                                                       : uart_v0.obj (.rodata.str1.8477608605346433529.1)
                  7008d02e    0000000a                                                       : ipc_notify_v1.obj (.rodata.str1.8751964444192423158.1)
                  7008d038    00000008                                                       : mcan.obj (.rodata.gMcanOffsetAddr)
                  7008d040    00000008                                                       : soc_rcm.obj (.rodata.gXTALInfo)
                  7008d048    00000008     nortos.am263px.r5f.ti-arm-clang.debug.lib : DebugP_shmLogWriter.obj (.rodata.str1.11364348920754194803.1)
                  7008d050    00000008     main.o (.rodata.str1.13782249893155712474.1)
                  7008d058    00000008     drivers.am263px.r5f.ti-arm-clang.nortos.debug.lib : soc.obj (.rodata.str1.14910504016491482532.1)
                  7008d060    00000007                                                       : soc.obj (.rodata.str1.12179086363571468349.1)
                  7008d067    00000007                                                       : soc.obj (.rodata.str1.12254199422641571827.1)
                  7008d06e    00000007                                                       : soc.obj (.rodata.str1.15593236263752157262.1)
                  7008d075    00000007                                                       : soc.obj (.rodata.str1.17262473269405332311.1)
                  7008d07c    00000007                                                       : soc.obj (.rodata.str1.17795343983633703126.1)
                  7008d083    00000006     gateway_shared.o (.rodata.str1.15257554646438059100.1)
                  7008d089    00000005     nortos.am263px.r5f.ti-arm-clang.debug.lib : printf.obj (.rodata.str1.8544352122861784523.1)
                  7008d08e    00000005                                               : printf.obj (.rodata.str1.8812429412984920041.1)
                  7008d093    00000001     --HOLE-- [fill = 0]
                  7008d094    00000004                                               : CacheP_armv7r.obj (.rodata.gCacheL1dCacheLineSize)
                  7008d098    00000004                                               : CacheP_armv7r.obj (.rodata.gCacheL1pCacheLineSize)
                  7008d09c    00000004                                               : printf.obj (.rodata.str1.13278797451342649413.1)
                  7008d0a0    00000004                                               : printf.obj (.rodata.str1.17155598869870286803.1)
                  7008d0a4    00000004     gateway_shared.o (.rodata.str1.9212167202343599910.1)
                  7008d0a8    00000002     drivers.am263px.r5f.ti-arm-clang.nortos.debug.lib : soc_rcm.obj (.rodata.gCR5ClkSrcInfoMap)
                  7008d0aa    00000006     --HOLE-- [fill = 0]

.bss       0    7008d0b0    00000c38     UNINITIALIZED
                  7008d0b0    0000080c     (.common:gHwiCtrl)
                  7008d8bc    00000004     nortos.am263px.r5f.ti-arm-clang.debug.lib : HwiP_armv7r_vim.obj (.bss.gdummy)
                  7008d8c0    000001b0     ti_drivers_config.o (.bss.gUartObjects)
                  7008da70    000000b8     (.common:gIpcNotifyCtrl)
                  7008db28    00000080     can_interface.o (.bss.g_can_stats)
                  7008dba8    0000007a     nortos.am263px.r5f.ti-arm-clang.debug.lib : DebugP_shmLogWriter.obj (.bss.DebugP_shmLogWriterPutChar.lineBuf)
                  7008dc22    00000002     --HOLE--
                  7008dc24    00000068     can_interface.o (.bss.g_rx_buffer)
                  7008dc8c    00000020     can_interface.o (.bss.g_mcan_hwi_objects)
                  7008dcac    00000004     (.common:gTimerBaseAddr)
                  7008dcb0    00000020     (.common:gClockCtrl)
                  7008dcd0    00000010     (.common:virtToPhymap)
[...]
700937e0  gHwiConfig                           
7008d0b0  gHwiCtrl                             
70093780  gIpcNotifyCoreIntrBitPos             
7008da70  gIpcNotifyCtrl                       
700937e4  gIpcNotifyInterruptConfigNum_r5fss0_1
70093710  gIpcNotifyInterruptConfig_r5fss0_1   
70093568  gIpcNotifyMailboxConfig              
700937e8  gMeasuredFreqHz                      
7008b998  gMpuConfig                           
7008b9a4  gMpuRegionConfig                     
7008cc32  gPeripheralClkSrcInfoMap             
700937ec  gPrevCounter                         
700937a0  gPrevLogTimeUsec                     
700937a8  gSocModules                          
70093740  gSocModulesClockFrequency            
7008dcac  gTimerBaseAddr                       
7008dce0  gTimerHwiObj                         
700937f0  gTimerIsrCounter                     
70093815  gTimerIsrFlag                        
700937b8  gUartConfig                          
700937f4  gUartConfigNum                       
700937f8  gUartDmaChConfig                     
70093568  gUartDmaHandle                       
7008dce4  gUartHandle                          
70093668  gUartParams                          
7008d040  gXTALInfo                            
700937fc  g_disp_timer_isr_count               
7008a801  gateway_core1_init                   
70084d71  gateway_core1_ipc_callback           
70087ea1  gateway_core1_wait_for_ready         
7008a601  gateway_notify_states_ready          
70089831  gateway_notify_test_data_ready       
70088de1  gateway_read_test_data               
7008a841  gateway_update_heartbeat             
700886c1  gateway_write_test_data              
7009381c  isMapAvailable                       
70089891  main                                 
7008b711  putchar_                             
7008aa01  snprintf_                            
7008b3e1  timerISR                             
70082981  timer_test_main                      
7008dcd0  virtToPhymap                         
7008afe1  vprintf_                             


GLOBAL SYMBOLS: SORTED BY Symbol Address 

address   name                                 
-------   ----                                 
00000000  __TI_ATRegion0_region_sz             
00000000  __TI_ATRegion0_src_addr              
00000000  __TI_ATRegion0_trg_addr              
00000000  __TI_ATRegion1_region_sz             
00000000  __TI_ATRegion1_src_addr              
00000000  __TI_ATRegion1_trg_addr              
00000000  __TI_ATRegion2_region_sz             
00000000  __TI_ATRegion2_src_addr              
00000000  __TI_ATRegion2_trg_addr              
00000000  __TI_static_base__                   
00000000  _vectors                             
00000100  __ABORT_STACK_SIZE                   
00000100  __FIQ_STACK_SIZE                     
00000100  __IRQ_STACK_SIZE                     
00000100  __UNDEFINED_STACK_SIZE               
00001000  __SVC_STACK_SIZE                     
00004000  __STACK_SIZE                         
70080a34  __aeabi_memclr                       
70080a34  __aeabi_memclr4                      
70080a34  __aeabi_memclr8                      
700810b8  C$$EXIT                              
700810b8  HOSTexit                             
700810c1  SOC_rcmEnablePeripheralClock         
700816f8  __aeabi_ldiv0                        
700816fc  __aeabi_memcpy                       
700816fc  __aeabi_memcpy4                      
700816fc  __aeabi_memcpy8                      
70081ce4  CSL_armR5ReadMpidrReg                
700821a1  UART_open                            
700825a1  IpcNotify_init                       
70082981  timer_test_main                      
70082cb1  SOC_virtToPhy                        
70083be1  UART_lld_dmaDeInit                   
70083e11  IpcNotify_isr                        
70084041  TimerP_setupPriv                     
700843e1  UART_lld_dmaWrite                    
70084591  UART_close                           
70084741  UART_lld_controllerIsr               
70084d71  gateway_core1_ipc_callback           
70084ee1  EDMA_unregisterIntr                  
70085051  SOC_controlModuleUnlockMMR           
700851b1  UART_lld_initDma                     
70085311  DebugP_shmLogWriterPutChar           
700855a1  MCAN_readMsgRam                      
70085821  ClockP_init                          
70085961  UART_procLineStatusErr               
70085aa1  EDMA_registerIntr                    
70085be1  UART_lld_init                        
70085d11  SOC_controlModuleLockMMR             
70085e41  SOC_rcmGetPeripheralClockFrequency   
70085f61  DebugP_shmLogWriterPutLine           
70086081  UART_lld_dmaRead                     
7008619c  __udivmoddi4                         
70086731  IpcNotify_sendMsg                    
70086951  SemaphoreP_pend                      
70086a61  CAN_StartRxInterrupts                
70086d31  EDMA_freeChannelRegion               
70086e21  EDMA_freeParam                       
70086f11  EDMA_freeDmaChannel                  
70086ff1  EDMA_freeTcc                         
700870d1  UART_intrEnable                      
700871b1  UART_intrDisable                     
70087291  AddrTranslateP_getLocalAddr          
70087361  EDMA_disableChInShadowRegRegion      
70087431  EDMA_enableChInShadowRegRegion       
70087501  EDMA_mapChToEvtQ                     
700875d1  EDMA_configureChannelRegion          
70087751  UART_flushTxFifo                     
700878d1  ClockP_timerTickIsr                  
70087991  TimerP_init                          
70087a51  ClockP_stop                          
70087b11  IpcNotify_waitSync                   
70087bd1  CycleCounterP_init                   
70087bf1  CycleCounterP_reset                  
70087c41  CycleCounterP_nsToTicks              
70087c81  CycleCounterP_enableUserAccess       
70087c91  SOC_rcmSetPeripheralClock            
70087d41  UART_init                            
70087ea1  gateway_core1_wait_for_ready         
70088001  ClockP_destruct                      
700880b1  Drivers_uartOpen                     
70088201  IpcNotify_registerClient             
70088341  ClockP_getTimeUsec                   
700883e1  EDMA_unmapChToEvtQ                   
70088481  EDMA_disableTransferRegion           
70088511  EDMA_enableTransferRegion            
700886c1  gateway_write_test_data              
70088751  UART_lld_flushTxFifo                 
70088871  disp_timer_isr_callback              
70088901  EDMA_allocDmaChannel                 
70088991  EDMA_allocParam                      
70088a21  EDMA_allocTcc                        
70088bd1  IpcNotify_syncAll                    
70088ce1  System_init                          
70088de1  gateway_read_test_data               
70088e61  _DebugP_assert                       
70088f61  UART_Params_init                     
70088fe1  EDMA_linkChannel                     
700890e1  ClockP_usleep                        
70089161  EDMA_clrMissEvtRegion                
700892d1  EDMA_getBaseAddr                     
700893b1  SOC_rcmGetR5Clock                    
70089421  SOC_rcmIsR5FInLockStepMode           
70089501  UART_lld_deInitDma                   
700895e1  SemaphoreP_post                      
70089651  UART_getChar                         
70089711  disp_timer_start                     
70089771  Module_clockSetFrequency             
700897d1  UART_lld_deInit                      
70089831  gateway_notify_test_data_ready       
70089891  main                                 
70089951  disp_timer_init                      
700899b1  IpcNotify_allocSwQueue               
70089b31  Dpl_init                             
70089b91  EDMA_setPaRAM                        
70089c44  __aeabi_ul2f                         
70089c44  __floatundisf                        
70089c98  __TI_auto_init_nobinit_nopinit       
70089cf1  Drivers_uartClose                    
70089d41  Pinmux_config                        
70089d91  UART_checkCharsAvailInFifo           
70089de1  DebugP_shmLogWriterInit              
70089e31  EDMA_clrEvtRegion                    
70089e81  EDMA_disableDmaEvtRegion             
70089ed1  EDMA_disableEvtIntrRegion            
70089f21  EDMA_enableDmaEvtRegion              
70089f71  EDMA_enableEvtIntrRegion             
70089fc1  EDMA_setEvtRegion                    
7008a011  ClockP_construct                     
7008a061  EDMA_ccPaRAMEntry_init               
7008a0b1  EDMA_mapQdmaChToPaRAM                
7008a101  EDMA_readEventStatusRegion           
7008a151  IpcNotify_unregisterClient           
7008a1a1  Module_clockEnable                   
7008a1f1  IpcNotify_Params_init                
7008a291  UART_getIntrIdentityStatus           
7008a3d1  UART_readLineStatus                  
7008a511  SemaphoreP_construct                 
7008a561  _DebugP_logZone                      
7008a601  gateway_notify_states_ready          
7008a6a1  ClockP_start                         
7008a7c1  UART_spaceAvail                      
7008a801  gateway_core1_init                   
7008a841  gateway_update_heartbeat             
7008a901  UART_IsTxRxFifoEmpty                 
7008a981  SOC_moduleSetClockFrequency          
7008aa01  snprintf_                            
7008aa41  SOC_getCoreName                      
7008aa78  CycleCounterP_getCount32             
7008aa80  PmuP_setup                           
7008aa88  PmuP_enableCounters                  
7008aa90  PmuP_disableCounters                 
7008aa98  PmuP_getOverflowStatus               
7008aaa0  PmuP_clearOverflowStatus             
7008aaa8  PmuP_setUserEnable                   
7008aab1  EDMA_getRegionId                     
7008aaf1  IpcNotify_syncCallback               
7008ab31  MCAN_calcCfgAddr                     
7008abb1  TimerP_Params_initPriv               
7008acb1  TimerP_getCountPriv                  
7008add1  UART_lld_dmaInit                     
7008ae31  DebugP_logZoneEnable                 
7008ae91  MCAN_clearNewDataStatus              
7008aec1  MCAN_getNewDataStatus                
7008aef1  SemaphoreP_constructBinary           
7008af51  UART_intr2Disable                    
7008af81  UART_operatingModeSelect             
7008afb1  CSL_armR5GetCpuID                    
7008afe1  vprintf_                             
7008b011  EDMA_disableQdmaEvtRegion            
7008b041  EDMA_enableQdmaEvtRegion             
7008b0d1  IpcNotify_getConfig                  
7008b101  SemaphoreP_constructMutex            
7008b1b4  __aeabi_uldivmod                     
7008b211  EDMA_channelToParamMap               
7008b241  ClockP_isActive                      
7008b261  ClockP_usecToTicks                   
7008b2c1  ClockP_Params_init                   
7008b2e1  EDMA_getEventStatusHigh              
7008b301  SOC_getSelfCpuClk                    
7008b321  SOC_moduleClockEnable                
7008b341  TimerP_isr0                          
7008b381  UART_lld_Transaction_deInit          
7008b3a1  EDMA_getEventStatus                  
7008b3e1  timerISR                             
7008b3fc  TI_memcpy_small                      
7008b421  MCAN_clearIntrStatus                 
7008b481  ClockP_ticksToUsec                   
7008b4a1  EDMA_isInterruptEnabled              
7008b4e1  IpcNotify_trigInterrupt              
7008b501  SemaphoreP_Params_init               
7008b521  TimerP_getReloadCountPriv            
7008b581  UART_putChar                         
7008b598  TI_memset_small                      
7008b5b1  IpcNotify_sendSync                   
7008b5d1  MCAN_getIntrStatus                   
7008b5f1  TimerP_startPriv                     
7008b611  TimerP_stopPriv                      
7008b6d1  TimerP_clearOverflowIntPriv          
7008b6f1  TimerP_setup                         
7008b711  putchar_                             
7008b731  Pinmux_init                          
7008b771  ClockP_getTimerCount                 
7008b781  ClockP_timerClearOverflowInt         
7008b801  TimerP_Params_init                   
7008b811  TimerP_clearOverflowInt              
7008b821  TimerP_getCount                      
7008b831  TimerP_getReloadCount                
7008b841  TimerP_start                         
7008b851  TimerP_stop                          
7008b871  Board_driversOpen                    
7008b881  ClockP_getTicks                      
7008b891  PowerClock_init                      
7008b8f1  Drivers_close                        
7008b901  Drivers_open                         
7008b911  Drivers_uartInit                     
7008b941  SemaphoreP_destruct                  
7008b951  Board_driversClose                   
7008b961  Board_init                           
7008b971  IpcNotify_wait                       
7008b981  TaskP_yield                          
7008b990  gCacheConfig                         
7008b998  gMpuConfig                           
7008b9a4  gMpuRegionConfig                     
7008bb58  gADPLLJConfigTbl                     
7008cc32  gPeripheralClkSrcInfoMap             
7008d040  gXTALInfo                            
7008d094  gCacheL1dCacheLineSize               
7008d098  gCacheL1pCacheLineSize               
7008d0a8  gCR5ClkSrcInfoMap                    
7008d0b0  __BSS_START                          
7008d0b0  gHwiCtrl                             
7008da70  gIpcNotifyCtrl                       
7008dcac  gTimerBaseAddr                       
7008dcb0  gClockCtrl                           
7008dcd0  virtToPhymap                         
7008dce0  gTimerHwiObj                         
7008dce4  gUartHandle                          
7008dce8  __BSS_END                            
7008dce8  __stack                              
70091ce8  __STACK_END                          
70091cf1  HwiP_enableInt                       
70091d31  HwiP_disableInt                      
70091d91  HwiP_restoreInt                      
70091dc1  HwiP_clearInt                        
70091e01  HwiP_post                            
70091e41  HwiP_Params_init                     
70091e71  HwiP_construct                       
70092061  HwiP_destruct                        
700920d1  HwiP_init                            
70092281  HwiP_inISR                           
700922b1  HwiP_setVimIrqPriMaskNonAtomic       
70092301  HwiP_setVimIrqPriMaskAtomic          
700923a1  HwiP_restoreVimIrqPriMask            
700923b1  HwiP_irq_handler_c                   
70092551  HwiP_fiq_handler                     
700926b1  HwiP_reserved_handler                
700926f1  HwiP_undefined_handler_c             
70092711  HwiP_user_undefined_handler_c        
70092731  HwiP_svc_handler                     
70092771  HwiP_prefetch_abort_handler_c        
70092811  HwiP_user_prefetch_abort_handler_c   
70092851  HwiP_data_abort_handler_c            
70092911  HwiP_user_data_abort_handler_c       
7009294c  HwiP_irq_handler                     
700929c0  HwiP_data_abort_handler              
70092a04  HwiP_prefetch_abort_handler          
70092a50  HwiP_undefined_handler               
70092a80  GET_DFSR                             
70092a88  GET_ADFSR                            
70092a90  GET_DFAR                             
70092a98  GET_IFSR                             
70092aa0  GET_AIFSR                            
70092aa8  GET_IFAR                             
70092ab0  GET_SPSR                             
70092ac8  HwiP_disable                         
70092ad8  HwiP_disableFIQ                      
70092ae8  HwiP_enable                          
70092af8  HwiP_enableFIQ                       
70092b08  HwiP_restore                         
70092b10  HwiP_enableVIC                       
70092b20  HwiP_disableVIC                      
70092b30  HwiP_getCPSR                         
70092b40  CacheP_disableL1d                    
70092b68  CacheP_disableL1p                    
70092b80  CacheP_enableL1d                     
70092b98  CacheP_enableL1p                     
70092bb0  CacheP_invL1d                        
70092be8  CacheP_invL1p                        
70092c24  CacheP_invL1dAll                     
70092c2c  CacheP_invL1pAll                     
70092c34  CacheP_wb                            
70092c70  CacheP_wbInv                         
70092cac  CacheP_wbAll                         
70092d54  CacheP_wbInvAll                      
70092d6c  CacheP_wbInvAllAsm                   
70092e0c  CacheP_getEnabled                    
70092e44  CacheP_getCacheLevelInfo             
70092e50  CacheP_configForceWrThru             
70092e70  CacheP_setDLFO                       
70092e81  CacheP_init                          
70092f11  CacheP_disable                       
70092f61  CacheP_enable                        
70092fa1  CacheP_inv                           
70092fe1  MpuP_getAttrs                        
70093041  MpuP_RegionAttrs_init                
70093071  MpuP_setRegion                       
70093101  MpuP_isEnable                        
70093111  MpuP_disable                         
70093151  MpuP_enable                          
700931a1  MpuP_init                            
70093241  MpuP_isUserAuthorizedToAccessMemory  
70093320  MpuP_disableAsm                      
70093338  MpuP_disableBRAsm                    
70093348  MpuP_enableAsm                       
70093360  MpuP_enableBRAsm                     
70093370  MpuP_isEnableAsm                     
70093384  MpuP_setRegionAsm                    
700933a0  _c_int00_sbl                         
700933c4  _c_int00                             
700934f1  _DebugP_assertNoLog                  
70093521  _system_pre_init                     
70093551  __mpu_init                           
70093560  abort                                
70093568  gEdmaConfig                          
70093568  gIpcNotifyMailboxConfig              
70093568  gUartDmaHandle                       
70093668  gUartParams                          
700936f8  gClockConfig                         
70093710  gIpcNotifyInterruptConfig_r5fss0_1   
70093740  gSocModulesClockFrequency            
70093780  gIpcNotifyCoreIntrBitPos             
70093790  gAddrTranslateConfig                 
700937a0  gPrevLogTimeUsec                     
700937a8  gSocModules                          
700937b8  gUartConfig                          
700937d0  gDebugLogZone                        
700937dc  gEdmaConfigNum                       
700937e0  gHwiConfig                           
700937e4  gIpcNotifyInterruptConfigNum_r5fss0_1
700937e8  gMeasuredFreqHz                      
700937ec  gPrevCounter                         
700937f0  gTimerIsrCounter                     
700937f4  gUartConfigNum                       
700937f8  gUartDmaChConfig                     
700937fc  g_disp_timer_isr_count               
70093815  gTimerIsrFlag                        
7009381c  isMapAvailable                       
70093820  __IRQ_STACK_START                    
70093920  __FIQ_STACK_START                    
70093920  __IRQ_STACK_END                      
70093a20  __FIQ_STACK_END                      
70093a20  __SVC_STACK_START                    
70094a20  __ABORT_STACK_START                  
70094a20  __SVC_STACK_END                      
70094b20  __ABORT_STACK_END                    
70094b20  __UNDEFINED_STACK_START              
70094c20  __UNDEFINED_STACK_END                
701d0000  gGatewaySharedMem                    
701d4000  gDebugShmLog                         
ffffffff  __TI_pprof_out_hndl                  
ffffffff  __TI_prof_data_size                  
ffffffff  __TI_prof_data_start                 
ffffffff  __binit__                            
ffffffff  binit                                
UNDEFED   __TI_CINIT_Base                      
UNDEFED   __TI_CINIT_Limit                     
UNDEFED   __TI_Handler_Table_Base              
UNDEFED   __TI_Handler_Table_Limit             
UNDEFED   _system_post_cinit                   

[370 symbols]
