******************************************************************************
            TI ARM Clang Linker PC v4.0.4                      
******************************************************************************
>> Linked Tue Apr  7 10:29:58 2026

OUTPUT FILE NAME:   <ccu_ti_multi_core_realtime.out>
ENTRY POINT SYMBOL: "_vectors"  address: 00000000


MEMORY CONFIGURATION

         name            origin    length      used     unused   attr    fill
----------------------  --------  ---------  --------  --------  ----  --------
  R5F_VECS              00000000   00000040  00000040  00000000  RWIX
  R5F_TCMA              00000040   00007fc0  00000000  00007fc0  RWIX
  R5F_TCMB              00080000   00008000  00000000  00008000  RWIX
  MAILBOX_HSM           44000000   000003ce  00000000  000003ce  RWIX
  MAILBOX_R5F           44000400   000003ce  00000000  000003ce  RWIX
  FLASH                 60180000   00080000  00000000  00080000  RWIX
  OCRAM                 70180000   00080000  0001aac0  00065540  RWIX
  USER_SHM_MEM          70200000   00008000  00004e30  000031d0  RWIX
  LOG_SHM_MEM           70208000   00004000  00002000  00002000  RWIX
  RTOS_NORTOS_IPC_SHM_M 72000000   00003e80  00000000  00003e80  RWIX


SEGMENT ALLOCATION MAP

run origin  load origin   length   init length attrs members
----------  ----------- ---------- ----------- ----- -------
00000000    00000000    00000040   00000040    r-x
  00000000    00000000    00000040   00000040    r-x .vectors
70180000    70180000    000110b8   000110b8    r-x
  70180000    70180000    0000ec70   0000ec70    r-x .text
  7018ec70    7018ec70    00002448   00002448    r-- .rodata
701910b8    701910b8    00006888   00000000    rw-
  701910b8    701910b8    00002888   00000000    rw- .bss
  70193940    70193940    00004000   00000000    rw- .stack
70197940    70197940    00001878   00001878    r-x
  70197940    70197940    00000e50   00000e50    r-x .text.hwi
  70198790    70198790    000004a0   000004a0    r-x .text.cache
  70198c30    70198c30    000003c0   000003c0    r-x .text.mpu
  70198ff0    70198ff0    000001c0   000001c0    r-x .text.boot
  701991b0    701991b0    00000008   00000008    r-x .text:abort
701991b8    701991b8    00001908   00000508    rw-
  701991b8    701991b8    00000508   00000508    rw- .data
  701996c0    701996c0    00000100   00000000    rw- .irqstack
  701997c0    701997c0    00000100   00000000    rw- .fiqstack
  701998c0    701998c0    00001000   00000000    rw- .svcstack
  7019a8c0    7019a8c0    00000100   00000000    rw- .abortstack
  7019a9c0    7019a9c0    00000100   00000000    rw- .undefinedstack


SECTION ALLOCATION MAP

 output                                  attributes/
section   page    origin      length       input sections
--------  ----  ----------  ----------   ----------------
.vectors   0    00000000    00000040     
                  00000000    00000040     nortos.am263px.r5f.ti-arm-clang.debug.lib : HwiP_armv7r_vectors_nortos_asm.obj (.vectors)

.text      0    70180000    0000ec70     
                  70180000    00000a34     nortos.am263px.r5f.ti-arm-clang.debug.lib : printf.obj (.text._vsnprintf)
                  70180a34    0000000c     libclang_rt.builtins.a : aeabi_memset.S.obj (.text.__aeabi_memclr)
                  70180a40    00000678     drivers.am263px.r5f.ti-arm-clang.nortos.debug.lib : soc_rcm.obj (.text.SOC_rcmGetClkSrcAndDivReg)
                  701810b8    00000008     libsysbm.a : hostexit.c.obj (.text.HOSTexit)
                  701810c0    00000638     drivers.am263px.r5f.ti-arm-clang.nortos.debug.lib : soc_rcm.obj (.text.SOC_rcmEnablePeripheralClock)
                  701816f8    00000004     libclang_rt.builtins.a : aeabi_div0.c.obj (.text.__aeabi_ldiv0)
                  701816fc    00000004                            : aeabi_memcpy.S.obj (.text.__aeabi_memcpy)
                  70181700    000005e2     nortos.am263px.r5f.ti-arm-clang.debug.lib : printf.obj (.text._ftoa)
                  70181ce2    00000002     --HOLE-- [fill = 0]
                  70181ce4    0000000c                                               : CpuId_armv7r_asm.obj (.text)
                  70181cf0    00000522     main.o (.text.transmit_can_frames)
                  70182212    00000002     --HOLE-- [fill = 0]
                  70182214    00000004     libclang_rt.builtins.a : aeabi_memmove.S.obj (.text.__aeabi_memmove)
                  70182218    00000008     --HOLE-- [fill = 0]
                  70182220    000004b0     nortos.am263px.r5f.ti-arm-clang.debug.lib : printf.obj (.text._etoa)
                  701826d0    00000402     yis320_protocol.o (.text.vtable_process_rx_data)
                  70182ad2    0000000e     --HOLE-- [fill = 0]
                  70182ae0    00000400     drivers.am263px.r5f.ti-arm-clang.nortos.debug.lib : uart_v0.obj (.text.UART_open)
                  70182ee0    000003dc                                                       : ipc_notify_v1.obj (.text.IpcNotify_init)
                  701832bc    00000004     --HOLE-- [fill = 0]
                  701832c0    000003bc     main.o (.text.main_loop)
                  7018367c    00000004     --HOLE-- [fill = 0]
                  70183680    000003b0     main.o (.text.core1_init)
                  70183a30    0000031a     can_interface.o (.text.init_single_mcan)
                  70183d4a    00000006     --HOLE-- [fill = 0]
                  70183d50    00000302     drivers.am263px.r5f.ti-arm-clang.nortos.debug.lib : soc.obj (.text.SOC_virtToPhy)
                  70184052    0000000e     --HOLE-- [fill = 0]
                  70184060    000002f4     motor_mapping.o (.text.motor_mapping_init_core1)
                  70184354    0000000c     --HOLE-- [fill = 0]
                  70184360    000002a8     drivers.am263px.r5f.ti-arm-clang.nortos.debug.lib : mcan.obj (.text.MCAN_msgRAMConfig)
                  70184608    00000008     --HOLE-- [fill = 0]
                  70184610    0000027e                                                       : uart_dma_edma.obj (.text.UART_edmaChInit)
                  7018488e    00000002     --HOLE-- [fill = 0]
                  70184890    00000250                                                       : edma.obj (.text.Alloc_resource)
                  70184ae0    00000242                                                       : uart_v0_lld.obj (.text.UART_fifoConfig)
                  70184d22    0000000e     --HOLE-- [fill = 0]
                  70184d30    0000023e     nortos.am263px.r5f.ti-arm-clang.debug.lib : printf.obj (.text._ntoa_format)
                  70184f6e    00000002     --HOLE-- [fill = 0]
                  70184f70    00000226     drivers.am263px.r5f.ti-arm-clang.nortos.debug.lib : uart_dma_edma.obj (.text.UART_lld_dmaDeInit)
                  70185196    0000000a     --HOLE-- [fill = 0]
                  701851a0    00000222                                                       : ipc_notify_v1.obj (.text.IpcNotify_isr)
                  701853c2    0000000e     --HOLE-- [fill = 0]
                  701853d0    00000220     can_interface.o (.text.CAN_TransmitBatch)
                  701855f0    000001d6     nortos.am263px.r5f.ti-arm-clang.debug.lib : TimerP_rti_priv.obj (.text.TimerP_setupPriv)
                  701857c6    0000000a     --HOLE-- [fill = 0]
                  701857d0    000001aa     drivers.am263px.r5f.ti-arm-clang.nortos.debug.lib : uart_dma_edma.obj (.text.UART_lld_dmaWrite)
                  7018597a    00000006     --HOLE-- [fill = 0]
                  70185980    000001aa     can_interface.o (.text.can_rx_isr)
                  70185b2a    00000006     --HOLE-- [fill = 0]
                  70185b30    000001a8     drivers.am263px.r5f.ti-arm-clang.nortos.debug.lib : uart_v0.obj (.text.UART_close)
                  70185cd8    00000008     --HOLE-- [fill = 0]
                  70185ce0    000001a4     main.o (.text.process_can_rx)
                  70185e84    0000000c     --HOLE-- [fill = 0]
                  70185e90    00000198     drivers.am263px.r5f.ti-arm-clang.nortos.debug.lib : uart_v0_lld.obj (.text.UART_lld_controllerIsr)
                  70186028    00000008     --HOLE-- [fill = 0]
                  70186030    00000188     can_interface.o (.text.CAN_StartRxInterrupts)
                  701861b8    00000008     --HOLE-- [fill = 0]
                  701861c0    00000186     drivers.am263px.r5f.ti-arm-clang.nortos.debug.lib : mcan.obj (.text.MCAN_readMsg)
                  70186346    0000000a     --HOLE-- [fill = 0]
                  70186350    00000184                                                       : mcan.obj (.text.MCAN_calcMsgRamParamsStartAddr)
                  701864d4    0000000c     --HOLE-- [fill = 0]
                  701864e0    00000162                                                       : edma.obj (.text.EDMA_unregisterIntr)
                  70186642    0000000e     --HOLE-- [fill = 0]
                  70186650    00000158                                                       : soc.obj (.text.SOC_controlModuleUnlockMMR)
                  701867a8    00000008     --HOLE-- [fill = 0]
                  701867b0    00000152                                                       : uart_v0_lld.obj (.text.UART_lld_initDma)
                  70186902    0000000e     --HOLE-- [fill = 0]
                  70186910    00000150     nortos.am263px.r5f.ti-arm-clang.debug.lib : DebugP_shmLogWriter.obj (.text.DebugP_shmLogWriterPutChar)
                  70186a60    00000150     drivers.am263px.r5f.ti-arm-clang.nortos.debug.lib : mcan.obj (.text.MCAN_writeMsg)
                  70186bb0    0000014e     yis320_protocol.o (.text.parse_imu_frame)
                  70186cfe    00000002     --HOLE-- [fill = 0]
                  70186d00    0000014c     drivers.am263px.r5f.ti-arm-clang.nortos.debug.lib : mcan.obj (.text.MCAN_setBitTime)
                  70186e4c    00000004     --HOLE-- [fill = 0]
                  70186e50    00000142     imu_interface_isr.o (.text.imu_uart_isr_init)
                  70186f92    0000000e     --HOLE-- [fill = 0]
                  70186fa0    00000140     can_interface.o (.text.CAN_Init)
                  701870e0    0000013a     drivers.am263px.r5f.ti-arm-clang.nortos.debug.lib : edma.obj (.text.EDMA_isDmaChannelAllocated)
                  7018721a    00000006     --HOLE-- [fill = 0]
                  70187220    00000138                                                       : mcan.obj (.text.MCAN_readMsgRam)
                  70187358    00000008     --HOLE-- [fill = 0]
                  70187360    00000138     nortos.am263px.r5f.ti-arm-clang.debug.lib : printf.obj (.text._ntoa_long_long)
                  70187498    00000008     --HOLE-- [fill = 0]
                  701874a0    00000136                                               : ClockP_nortos_r5.obj (.text.ClockP_init)
                  701875d6    0000000a     --HOLE-- [fill = 0]
                  701875e0    00000136     drivers.am263px.r5f.ti-arm-clang.nortos.debug.lib : uart_v0_lld.obj (.text.UART_procLineStatusErr)
                  70187716    0000000a     --HOLE-- [fill = 0]
                  70187720    00000134                                                       : edma.obj (.text.EDMA_registerIntr)
                  70187854    0000000c     --HOLE-- [fill = 0]
                  70187860    00000134                                                       : mcan.obj (.text.MCAN_init)
                  70187994    0000000c     --HOLE-- [fill = 0]
                  701879a0    0000012c                                                       : uart_v0_lld.obj (.text.UART_lld_init)
                  70187acc    00000004     --HOLE-- [fill = 0]
                  70187ad0    0000012a                                                       : mcan.obj (.text.MCAN_config)
                  70187bfa    00000006     --HOLE-- [fill = 0]
                  70187c00    00000126                                                       : soc.obj (.text.SOC_controlModuleLockMMR)
                  70187d26    0000000a     --HOLE-- [fill = 0]
                  70187d30    00000120                                                       : soc_rcm.obj (.text.SOC_rcmGetPeripheralClockFrequency)
                  70187e50    00000120     can_interface.o (.text.init_can_stb_gpios)
                  70187f70    0000011c     nortos.am263px.r5f.ti-arm-clang.debug.lib : DebugP_shmLogWriter.obj (.text.DebugP_shmLogWriterPutLine)
                  7018808c    00000004     --HOLE-- [fill = 0]
                  70188090    0000011c     drivers.am263px.r5f.ti-arm-clang.nortos.debug.lib : uart_dma_edma.obj (.text.UART_lld_dmaRead)
                  701881ac    00000118     libclang_rt.builtins.a : udivmoddi4.S.obj (.text)
                  701882c4    0000000c     --HOLE-- [fill = 0]
                  701882d0    00000116     drivers.am263px.r5f.ti-arm-clang.nortos.debug.lib : edma.obj (.text.EDMA_isTccAllocated)
                  701883e6    0000000a     --HOLE-- [fill = 0]
                  701883f0    00000116                                                       : uart_v0_lld.obj (.text.UART_divisorLatchWrite)
                  70188506    0000000a     --HOLE-- [fill = 0]
                  70188510    00000114     nortos.am263px.r5f.ti-arm-clang.debug.lib : printf.obj (.text._ntoa_long)
                  70188624    0000000c     --HOLE-- [fill = 0]
                  70188630    0000010e     drivers.am263px.r5f.ti-arm-clang.nortos.debug.lib : soc_rcm.obj (.text.SOC_rcmADPLLJGetFOut)
                  7018873e    00000002     --HOLE-- [fill = 0]
                  70188740    0000010a                                                       : ipc_notify_v1.obj (.text.IpcNotify_sendMsg)
                  7018884a    00000006     --HOLE-- [fill = 0]
                  70188850    00000104                                                       : uart_v0_lld.obj (.text.UART_configInstance)
                  70188954    0000000c     --HOLE-- [fill = 0]
                  70188960    00000102     ti_drivers_config.o (.text.GPIO_init)
                  70188a62    0000000e     --HOLE-- [fill = 0]
                  70188a70    00000102     nortos.am263px.r5f.ti-arm-clang.debug.lib : SemaphoreP_nortos.obj (.text.SemaphoreP_pend)
                  70188b72    0000000e     --HOLE-- [fill = 0]
                  70188b80    00000102     gateway_shared.o (.text.gateway_ringbuf_read)
                  70188c82    0000000e     --HOLE-- [fill = 0]
                  70188c90    000000ec     gateway_shared.o (.text.gateway_write_motor_config)
                  70188d7c    00000004     --HOLE-- [fill = 0]
                  70188d80    000000ec     main.o (.text.process_motor_commands)
                  70188e6c    00000004     --HOLE-- [fill = 0]
                  70188e70    000000e6     drivers.am263px.r5f.ti-arm-clang.nortos.debug.lib : soc_rcm.obj (.text.SOC_rcmGetCoreFout)
                  70188f56    0000000a     --HOLE-- [fill = 0]
                  70188f60    000000e6                                                       : soc_rcm.obj (.text.SOC_rcmGetPerFout)
                  70189046    0000000a     --HOLE-- [fill = 0]
                  70189050    000000e4                                                       : edma.obj (.text.EDMA_freeChannelRegion)
                  70189134    0000000c     --HOLE-- [fill = 0]
                  70189140    000000e2                                                       : edma.obj (.text.EDMA_freeParam)
                  70189222    0000000e     --HOLE-- [fill = 0]
                  70189230    000000e0                                                       : edma.obj (.text.EDMA_freeDmaChannel)
                  70189310    000000e0                                                       : edma.obj (.text.EDMA_freeTcc)
                  701893f0    000000de                                                       : uart_v0_lld.obj (.text.UART_intrEnable)
                  701894ce    00000002     --HOLE-- [fill = 0]
                  701894d0    000000da                                                       : uart_v0_lld.obj (.text.UART_intrDisable)
                  701895aa    00000006     --HOLE-- [fill = 0]
                  701895b0    000000d0     nortos.am263px.r5f.ti-arm-clang.debug.lib : AddrTranslateP_32bit.obj (.text.AddrTranslateP_getLocalAddr)
                  70189680    000000ce     drivers.am263px.r5f.ti-arm-clang.nortos.debug.lib : edma.obj (.text.EDMA_disableChInShadowRegRegion)
                  7018974e    00000002     --HOLE-- [fill = 0]
                  70189750    000000cc                                                       : edma.obj (.text.EDMA_enableChInShadowRegRegion)
                  7018981c    00000004     --HOLE-- [fill = 0]
                  70189820    000000c4                                                       : edma.obj (.text.EDMA_mapChToEvtQ)
                  701898e4    0000000c     --HOLE-- [fill = 0]
                  701898f0    000000c0                                                       : edma.obj (.text.EDMA_configureChannelRegion)
                  701899b0    000000c0                                                       : soc_rcm.obj (.text.SOC_rcmGetPerHSDivOut)
                  70189a70    000000c0                                                       : uart_v0.obj (.text.UART_flushTxFifo)
                  70189b30    000000c0     nortos.am263px.r5f.ti-arm-clang.debug.lib : printf.obj (.text._out_rev)
                  70189bf0    000000be                                               : ClockP_nortos.obj (.text.ClockP_timerTickIsr)
                  70189cae    00000002     --HOLE-- [fill = 0]
                  70189cb0    000000be     ti_dpl_config.o (.text.TimerP_init)
                  70189d6e    00000002     --HOLE-- [fill = 0]
                  70189d70    000000ba     nortos.am263px.r5f.ti-arm-clang.debug.lib : ClockP_nortos.obj (.text.ClockP_stop)
                  70189e2a    00000006     --HOLE-- [fill = 0]
                  70189e30    000000ba     drivers.am263px.r5f.ti-arm-clang.nortos.debug.lib : ipc_notify_v1.obj (.text.IpcNotify_waitSync)
                  70189eea    00000006     --HOLE-- [fill = 0]
                  70189ef0    000000ba     gateway_shared.o (.text.gateway_write_motor_states)
                  70189faa    00000006     --HOLE-- [fill = 0]
                  70189fb0    000000ba     nortos.am263px.r5f.ti-arm-clang.debug.lib : PmuP_armv7r.obj (.text.pmu)
                  7018a06a    00000006     --HOLE-- [fill = 0]
                  7018a070    000000b0     drivers.am263px.r5f.ti-arm-clang.nortos.debug.lib : mcan.obj (.text.MCAN_writeMsgRam)
                  7018a120    000000b0                                                       : soc_rcm.obj (.text.SOC_rcmSetPeripheralClock)
                  7018a1d0    000000b0                                                       : uart_v0.obj (.text.UART_init)
                  7018a280    000000b0     imu_interface_isr.o (.text.imu_uart_isr)
                  7018a330    000000ae     drivers.am263px.r5f.ti-arm-clang.nortos.debug.lib : mcan.obj (.text.MCAN_getOffsetAddr)
                  7018a3de    00000002     --HOLE-- [fill = 0]
                  7018a3e0    000000ac     gateway_shared.o (.text.gateway_core1_wait_for_ready)
                  7018a48c    00000004     --HOLE-- [fill = 0]
                  7018a490    000000a8     nortos.am263px.r5f.ti-arm-clang.debug.lib : ClockP_nortos.obj (.text.ClockP_addToList)
                  7018a538    00000008     --HOLE-- [fill = 0]
                  7018a540    000000a8                                               : ClockP_nortos.obj (.text.ClockP_destruct)
                  7018a5e8    00000008     --HOLE-- [fill = 0]
                  7018a5f0    000000a8     ti_drivers_open_close.o (.text.Drivers_uartOpen)
                  7018a698    00000008     --HOLE-- [fill = 0]
                  7018a6a0    000000a0     drivers.am263px.r5f.ti-arm-clang.nortos.debug.lib : soc_rcm.obj (.text.SOC_rcmGetCoreHSDivOut)
                  7018a740    0000009e     gateway_shared.o (.text.gateway_core1_ipc_callback)
                  7018a7de    00000002     --HOLE-- [fill = 0]
                  7018a7e0    0000009e     main.o (.text.ipc_notify_callback_fxn)
                  7018a87e    00000002     --HOLE-- [fill = 0]
                  7018a880    0000009e     yis320_protocol.o (.text.validate_checksum)
                  7018a91e    00000002     --HOLE-- [fill = 0]
                  7018a920    0000009a     imu_interface_isr.o (.text.imu_uart_read)
                  7018a9ba    00000006     --HOLE-- [fill = 0]
                  7018a9c0    00000098     drivers.am263px.r5f.ti-arm-clang.nortos.debug.lib : ipc_notify_v1.obj (.text.IpcNotify_registerClient)
                  7018aa58    00000008     --HOLE-- [fill = 0]
                  7018aa60    00000096                                                       : uart_v0_lld.obj (.text.UART_subConfigTCRTLRModeEn)
                  7018aaf6    0000000a     --HOLE-- [fill = 0]
                  7018ab00    00000092     nortos.am263px.r5f.ti-arm-clang.debug.lib : ClockP_nortos.obj (.text.ClockP_getTimeUsec)
                  7018ab92    0000000e     --HOLE-- [fill = 0]
                  7018aba0    00000092     drivers.am263px.r5f.ti-arm-clang.nortos.debug.lib : edma.obj (.text.EDMA_unmapChToEvtQ)
                  7018ac32    0000000e     --HOLE-- [fill = 0]
                  7018ac40    00000092     motor_mapping.o (.text.float_to_uint)
                  7018acd2    0000000e     --HOLE-- [fill = 0]
                  7018ace0    00000092     yis320_protocol.o (.text.yis320_convert_to_ipc)
                  7018ad72    0000000e     --HOLE-- [fill = 0]
                  7018ad80    0000008c     drivers.am263px.r5f.ti-arm-clang.nortos.debug.lib : edma.obj (.text.EDMA_disableTransferRegion)
                  7018ae0c    00000004     --HOLE-- [fill = 0]
                  7018ae10    0000008c                                                       : edma.obj (.text.EDMA_enableTransferRegion)
                  7018ae9c    00000004     --HOLE-- [fill = 0]
                  7018aea0    00000088                                                       : uart_dma_edma.obj (.text.UART_edmaIsrRx)
                  7018af28    00000008     --HOLE-- [fill = 0]
                  7018af30    00000088                                                       : uart_dma_edma.obj (.text.UART_edmaIsrTx)
                  7018afb8    00000008     --HOLE-- [fill = 0]
                  7018afc0    00000086                                                       : uart_v0_lld.obj (.text.UART_lld_flushTxFifo)
                  7018b046    0000000a     --HOLE-- [fill = 0]
                  7018b050    00000086                                                       : uart_v0_lld.obj (.text.UART_tcrTlrBitValRestore)
                  7018b0d6    0000000a     --HOLE-- [fill = 0]
                  7018b0e0    00000082                                                       : edma.obj (.text.EDMA_allocDmaChannel)
                  7018b162    0000000e     --HOLE-- [fill = 0]
                  7018b170    00000082                                                       : edma.obj (.text.EDMA_allocParam)
                  7018b1f2    0000000e     --HOLE-- [fill = 0]
                  7018b200    00000082                                                       : edma.obj (.text.EDMA_allocTcc)
                  7018b282    0000000e     --HOLE-- [fill = 0]
                  7018b290    00000082                                                       : edma.obj (.text.EDMA_disableTccInShadowRegRegion)
                  7018b312    0000000e     --HOLE-- [fill = 0]
                  7018b320    00000082                                                       : edma.obj (.text.EDMA_enableTccInShadowRegRegion)
                  7018b3a2    0000000e     --HOLE-- [fill = 0]
                  7018b3b0    00000082                                                       : ipc_notify_v1.obj (.text.IpcNotify_syncAll)
                  7018b432    0000000e     --HOLE-- [fill = 0]
                  7018b440    00000082     imu_protocol_handler.o (.text.imu_protocol_manager_init)
                  7018b4c2    0000000e     --HOLE-- [fill = 0]
                  7018b4d0    00000080     drivers.am263px.r5f.ti-arm-clang.nortos.debug.lib : mcan.obj (.text.MCAN_addStdMsgIDFilter)
                  7018b550    00000080                                                       : uart_v0_lld.obj (.text.UART_moduleReset)
                  7018b5d0    0000007e     ti_drivers_config.o (.text.System_init)
                  7018b64e    00000002     --HOLE-- [fill = 0]
                  7018b650    0000007e     drivers.am263px.r5f.ti-arm-clang.nortos.debug.lib : uart_v0_lld.obj (.text.UART_readData)
                  7018b6ce    00000002     --HOLE-- [fill = 0]
                  7018b6d0    0000007c     nortos.am263px.r5f.ti-arm-clang.debug.lib : DebugP_log.obj (.text._DebugP_assert)
                  7018b74c    00000004     --HOLE-- [fill = 0]
                  7018b750    0000007c     gateway_shared.o (.text.gateway_ringbuf_core1_init)
                  7018b7cc    00000004     --HOLE-- [fill = 0]
                  7018b7d0    0000007a     drivers.am263px.r5f.ti-arm-clang.nortos.debug.lib : ipc_notify_v1.obj (.text.IpcNotify_mailboxWrite)
                  7018b84a    00000006     --HOLE-- [fill = 0]
                  7018b850    0000007a                                                       : uart_v0.obj (.text.UART_Params_init)
                  7018b8ca    00000006     --HOLE-- [fill = 0]
                  7018b8d0    0000007a     gateway_shared.o (.text.gateway_write_imu_state)
                  7018b94a    00000006     --HOLE-- [fill = 0]
                  7018b950    00000078     drivers.am263px.r5f.ti-arm-clang.nortos.debug.lib : edma.obj (.text.EDMA_linkChannel)
                  7018b9c8    00000008     --HOLE-- [fill = 0]
                  7018b9d0    00000074                                                       : uart_v0_lld.obj (.text.UART_IsBaseAddrValid)
                  7018ba44    0000000c     --HOLE-- [fill = 0]
                  7018ba50    00000072     nortos.am263px.r5f.ti-arm-clang.debug.lib : ClockP_nortos.obj (.text.ClockP_usleep)
                  7018bac2    0000000e     --HOLE-- [fill = 0]
                  7018bad0    00000072     drivers.am263px.r5f.ti-arm-clang.nortos.debug.lib : edma.obj (.text.EDMA_clrMissEvtRegion)
                  7018bb42    0000000e     --HOLE-- [fill = 0]
                  7018bb50    00000072                                                       : ipc_notify_v1.obj (.text.IpcNotify_makeMsg)
                  7018bbc2    0000000e     --HOLE-- [fill = 0]
                  7018bbd0    0000006e     yis320_protocol.o (.text.find_frame_header_limited)
                  7018bc3e    00000002     --HOLE-- [fill = 0]
                  7018bc40    0000006a     drivers.am263px.r5f.ti-arm-clang.nortos.debug.lib : ipc_notify_v1.obj (.text.IpcNotify_mailboxReadSwQ)
                  7018bcaa    00000006     --HOLE-- [fill = 0]
                  7018bcb0    00000068                                                       : edma.obj (.text.EDMA_getBaseAddr)
                  7018bd18    00000008     --HOLE-- [fill = 0]
                  7018bd20    00000068                                                       : uart_v0_lld.obj (.text.UART_divisorValCompute)
                  7018bd88    00000008     --HOLE-- [fill = 0]
                  7018bd90    00000068     imu_protocol_handler.o (.text.imu_protocol_get_state)
                  7018bdf8    00000008     --HOLE-- [fill = 0]
                  7018be00    00000064     drivers.am263px.r5f.ti-arm-clang.nortos.debug.lib : soc_rcm.obj (.text.SOC_rcmGetR5Clock)
                  7018be64    0000000c     --HOLE-- [fill = 0]
                  7018be70    00000064                                                       : soc_rcm.obj (.text.SOC_rcmIsR5FInLockStepMode)
                  7018bed4    0000000c     --HOLE-- [fill = 0]
                  7018bee0    00000064                                                       : uart_v0_lld.obj (.text.UART_fifoRegisterWrite)
                  7018bf44    0000000c     --HOLE-- [fill = 0]
                  7018bf50    00000064                                                       : uart_v0_lld.obj (.text.UART_lld_deInitDma)
                  7018bfb4    0000000c     --HOLE-- [fill = 0]
                  7018bfc0    00000064     imu_protocol_handler.o (.text.imu_protocol_process_uart_rx)
                  7018c024    0000000c     --HOLE-- [fill = 0]
                  7018c030    00000062     drivers.am263px.r5f.ti-arm-clang.nortos.debug.lib : mcan.obj (.text.MCAN_enableIntr)
                  7018c092    0000000e     --HOLE-- [fill = 0]
                  7018c0a0    00000062                                                       : mcan.obj (.text.MCAN_initTxBufElement)
                  7018c102    0000000e     --HOLE-- [fill = 0]
                  7018c110    00000062                                                       : soc_rcm.obj (.text.SOC_rcmInsert16)
                  7018c172    0000000e     --HOLE-- [fill = 0]
                  7018c180    00000062     nortos.am263px.r5f.ti-arm-clang.debug.lib : SemaphoreP_nortos.obj (.text.SemaphoreP_post)
                  7018c1e2    0000000e     --HOLE-- [fill = 0]
                  7018c1f0    00000060     drivers.am263px.r5f.ti-arm-clang.nortos.debug.lib : mcan.obj (.text.MCAN_selectIntrLine)
                  7018c250    00000060                                                       : uart_v0_lld.obj (.text.UART_getChar)
                  7018c2b0    00000060                                                       : uart_v0_lld.obj (.text.UART_writeData)
                  7018c310    0000005e     yis320_protocol.o (.text.yis320_protocol_handler_init)
                  7018c36e    00000002     --HOLE-- [fill = 0]
                  7018c370    0000005c     ti_power_clock_config.o (.text.Module_clockSetFrequency)
                  7018c3cc    00000004     --HOLE-- [fill = 0]
                  7018c3d0    0000005c     drivers.am263px.r5f.ti-arm-clang.nortos.debug.lib : uart_v0_lld.obj (.text.UART_lld_deInit)
                  7018c42c    00000004     --HOLE-- [fill = 0]
                  7018c430    0000005a                                                       : uart_v0_lld.obj (.text.UART_regConfigModeEnable)
                  7018c48a    00000006     --HOLE-- [fill = 0]
                  7018c490    00000058                                                       : soc_rcm.obj (.text.SOC_rcmGetModuleClkDivVal)
                  7018c4e8    00000008     --HOLE-- [fill = 0]
                  7018c4f0    00000058     yis320_protocol.o (.text.parse_angular_velocity)
                  7018c548    00000008     --HOLE-- [fill = 0]
                  7018c550    00000058     yis320_protocol.o (.text.parse_euler_angles)
                  7018c5a8    00000008     --HOLE-- [fill = 0]
                  7018c5b0    00000056     drivers.am263px.r5f.ti-arm-clang.nortos.debug.lib : uart_v0.obj (.text.UART_lld_readCompleteCallback)
                  7018c606    0000000a     --HOLE-- [fill = 0]
                  7018c610    00000056                                                       : uart_v0.obj (.text.UART_lld_writeCompleteCallback)
                  7018c666    0000000a     --HOLE-- [fill = 0]
                  7018c670    00000056     motor_mapping.o (.text.uint16_to_float)
                  7018c6c6    0000000a     --HOLE-- [fill = 0]
                  7018c6d0    00000056     yis320_protocol.o (.text.vtable_initialize)
                  7018c726    0000000a     --HOLE-- [fill = 0]
                  7018c730    00000054     ti_dpl_config.o (.text.Dpl_init)
                  7018c784    0000000c     --HOLE-- [fill = 0]
                  7018c790    00000054     drivers.am263px.r5f.ti-arm-clang.nortos.debug.lib : edma.obj (.text.EDMA_setPaRAM)
                  7018c7e4    0000000c     --HOLE-- [fill = 0]
                  7018c7f0    00000054                                                       : uart_v0_lld.obj (.text.UART_OperModeValid)
                  7018c844    0000000c     --HOLE-- [fill = 0]
                  7018c850    00000054     main.o (.text.main)
                  7018c8a4    00000054     libc.a : autoinit.c.obj (.text:__TI_auto_init_nobinit_nopinit)
                  7018c8f8    00000008     --HOLE-- [fill = 0]
                  7018c900    00000050     ti_drivers_open_close.o (.text.Drivers_uartClose)
                  7018c950    00000050     drivers.am263px.r5f.ti-arm-clang.nortos.debug.lib : pinmux.obj (.text.Pinmux_config)
                  7018c9a0    00000050                                                       : uart_v0_lld.obj (.text.UART_checkCharsAvailInFifo)
                  7018c9f0    0000004e     nortos.am263px.r5f.ti-arm-clang.debug.lib : DebugP_shmLogWriter.obj (.text.DebugP_shmLogWriterInit)
                  7018ca3e    00000002     --HOLE-- [fill = 0]
                  7018ca40    0000004e     drivers.am263px.r5f.ti-arm-clang.nortos.debug.lib : edma.obj (.text.EDMA_clrEvtRegion)
                  7018ca8e    00000002     --HOLE-- [fill = 0]
                  7018ca90    0000004e                                                       : edma.obj (.text.EDMA_disableDmaEvtRegion)
                  7018cade    00000002     --HOLE-- [fill = 0]
                  7018cae0    0000004e                                                       : edma.obj (.text.EDMA_disableEvtIntrRegion)
                  7018cb2e    00000002     --HOLE-- [fill = 0]
                  7018cb30    0000004e                                                       : edma.obj (.text.EDMA_enableDmaEvtRegion)
                  7018cb7e    00000002     --HOLE-- [fill = 0]
                  7018cb80    0000004e                                                       : edma.obj (.text.EDMA_enableEvtIntrRegion)
                  7018cbce    00000002     --HOLE-- [fill = 0]
                  7018cbd0    0000004e                                                       : edma.obj (.text.EDMA_setEvtRegion)
                  7018cc1e    00000002     --HOLE-- [fill = 0]
                  7018cc20    0000004e                                                       : gpio.obj (.text.GPIO_setDirMode)
                  7018cc6e    00000002     --HOLE-- [fill = 0]
                  7018cc70    0000004e                                                       : mcan.obj (.text.MCAN_enableIntrLine)
                  7018ccbe    00000002     --HOLE-- [fill = 0]
                  7018ccc0    0000004c     nortos.am263px.r5f.ti-arm-clang.debug.lib : ClockP_nortos.obj (.text.ClockP_construct)
                  7018cd0c    00000004     --HOLE-- [fill = 0]
                  7018cd10    0000004c     drivers.am263px.r5f.ti-arm-clang.nortos.debug.lib : edma.obj (.text.EDMA_ccPaRAMEntry_init)
                  7018cd5c    00000004     --HOLE-- [fill = 0]
                  7018cd60    0000004c                                                       : edma.obj (.text.EDMA_mapQdmaChToPaRAM)
                  7018cdac    00000004     --HOLE-- [fill = 0]
                  7018cdb0    0000004c                                                       : edma.obj (.text.EDMA_readEventStatusRegion)
                  7018cdfc    00000004     --HOLE-- [fill = 0]
                  7018ce00    0000004c                                                       : ipc_notify_v1.obj (.text.IpcNotify_unregisterClient)
                  7018ce4c    00000004     --HOLE-- [fill = 0]
                  7018ce50    0000004c     ti_power_clock_config.o (.text.Module_clockEnable)
                  7018ce9c    00000004     --HOLE-- [fill = 0]
                  7018cea0    0000004c     gateway_shared.o (.text.gateway_update_stat)
                  7018ceec    0000004c     libc.a : memmov.c.obj (.text.memmove)
                  7018cf38    00000008     --HOLE-- [fill = 0]
                  7018cf40    0000004c     yis320_protocol.o (.text.parse_quaternion)
                  7018cf8c    00000004     --HOLE-- [fill = 0]
                  7018cf90    0000004c     main.o (.text.timerISR)
                  7018cfdc    00000004     --HOLE-- [fill = 0]
                  7018cfe0    0000004a     drivers.am263px.r5f.ti-arm-clang.nortos.debug.lib : ipc_notify_v1.obj (.text.IpcNotify_Params_init)
                  7018d02a    00000006     --HOLE-- [fill = 0]
                  7018d030    0000004a                                                       : soc_rcm.obj (.text.SOC_rcmGetCR5SysclkInFrequency)
                  7018d07a    00000006     --HOLE-- [fill = 0]
                  7018d080    0000004a                                                       : uart_v0_lld.obj (.text.UART_getIntrIdentityStatus)
                  7018d0ca    00000006     --HOLE-- [fill = 0]
                  7018d0d0    0000004a                                                       : uart_v0_lld.obj (.text.UART_lineCharConfig)
                  7018d11a    00000006     --HOLE-- [fill = 0]
                  7018d120    0000004a     main.o (.text.motor_get_index)
                  7018d16a    00000006     --HOLE-- [fill = 0]
                  7018d170    00000048     can_interface.o (.text.CAN_RegisterRxCallback)
                  7018d1b8    00000008     --HOLE-- [fill = 0]
                  7018d1c0    00000048     drivers.am263px.r5f.ti-arm-clang.nortos.debug.lib : uart_v0_lld.obj (.text.UART_resetModule)
                  7018d208    00000008     --HOLE-- [fill = 0]
                  7018d210    00000046                                                       : uart_v0_lld.obj (.text.UART_i2310WA)
                  7018d256    0000000a     --HOLE-- [fill = 0]
                  7018d260    00000046                                                       : uart_v0_lld.obj (.text.UART_readLineStatus)
                  7018d2a6    0000000a     --HOLE-- [fill = 0]
                  7018d2b0    00000046     imu_protocol_handler.o (.text.imu_protocol_handler_init)
                  7018d2f6    0000000a     --HOLE-- [fill = 0]
                  7018d300    00000044     drivers.am263px.r5f.ti-arm-clang.nortos.debug.lib : ipc_notify_v1.obj (.text.IpcNotify_getWriteMailbox)
                  7018d344    0000000c     --HOLE-- [fill = 0]
                  7018d350    00000044                                                       : soc_rcm.obj (.text.SOC_rcmExtract8)
                  7018d394    0000000c     --HOLE-- [fill = 0]
                  7018d3a0    00000044                                                       : soc_rcm.obj (.text.SOC_rcmMake16)
                  7018d3e4    0000000c     --HOLE-- [fill = 0]
                  7018d3f0    00000044     nortos.am263px.r5f.ti-arm-clang.debug.lib : SemaphoreP_nortos.obj (.text.SemaphoreP_construct)
                  7018d434    0000000c     --HOLE-- [fill = 0]
                  7018d440    00000044                                               : DebugP_nortos.obj (.text._DebugP_logZone)
                  7018d484    0000000c     --HOLE-- [fill = 0]
                  7018d490    00000044                                               : printf.obj (.text._strnlen_s)
                  7018d4d4    0000000c     --HOLE-- [fill = 0]
                  7018d4e0    00000042                                               : ClockP_nortos.obj (.text.ClockP_start)
                  7018d522    0000000e     --HOLE-- [fill = 0]
                  7018d530    00000042     drivers.am263px.r5f.ti-arm-clang.nortos.debug.lib : uart_v0.obj (.text.UART_checkOpenParams)
                  7018d572    0000000e     --HOLE-- [fill = 0]
                  7018d580    00000040     imu_protocol_handler.o (.text.imu_protocol_update_state)
                  7018d5c0    0000003e     drivers.am263px.r5f.ti-arm-clang.nortos.debug.lib : pinmux.obj (.text.Pinmux_unlockMMR)
                  7018d5fe    00000002     --HOLE-- [fill = 0]
                  7018d600    0000003e                                                       : uart_v0_lld.obj (.text.UART_IsHWFlowCtrlValid)
                  7018d63e    00000002     --HOLE-- [fill = 0]
                  7018d640    0000003e                                                       : uart_v0_lld.obj (.text.UART_spaceAvail)
                  7018d67e    00000002     --HOLE-- [fill = 0]
                  7018d680    0000003e     gateway_shared.o (.text.gateway_core1_init)
                  7018d6be    00000002     --HOLE-- [fill = 0]
                  7018d6c0    0000003e     gateway_shared.o (.text.gateway_update_heartbeat)
                  7018d6fe    00000002     --HOLE-- [fill = 0]
                  7018d700    0000003c     drivers.am263px.r5f.ti-arm-clang.nortos.debug.lib : uart_v0_lld.obj (.text.UART_IsParityTypeValid)
                  7018d73c    00000004     --HOLE-- [fill = 0]
                  7018d740    0000003c                                                       : uart_v0_lld.obj (.text.UART_IsTxRxFifoEmpty)
                  7018d77c    00000004     --HOLE-- [fill = 0]
                  7018d780    0000003c                                                       : uart_v0_lld.obj (.text.UART_enhanFuncEnable)
                  7018d7bc    00000004     --HOLE-- [fill = 0]
                  7018d7c0    0000003a                                                       : mcan.obj (.text.MCAN_txBufAddReq)
                  7018d7fa    00000006     --HOLE-- [fill = 0]
                  7018d800    0000003a                                                       : soc.obj (.text.SOC_moduleSetClockFrequency)
                  7018d83a    00000006     --HOLE-- [fill = 0]
                  7018d840    0000003a     nortos.am263px.r5f.ti-arm-clang.debug.lib : printf.obj (.text._atoi)
                  7018d87a    00000006     --HOLE-- [fill = 0]
                  7018d880    0000003a     main.o (.text.init_1000hz_timer)
                  7018d8ba    00000006     --HOLE-- [fill = 0]
                  7018d8c0    0000003a     nortos.am263px.r5f.ti-arm-clang.debug.lib : printf.obj (.text.snprintf_)
                  7018d8fa    00000006     --HOLE-- [fill = 0]
                  7018d900    00000038     drivers.am263px.r5f.ti-arm-clang.nortos.debug.lib : soc.obj (.text.SOC_getCoreName)
                  7018d938    00000038     nortos.am263px.r5f.ti-arm-clang.debug.lib : PmuP_armv7r_asm.obj (.text.pmu)
                  7018d970    00000038     yis320_protocol.o (.text.vtable_is_connected)
                  7018d9a8    00000008     --HOLE-- [fill = 0]
                  7018d9b0    00000036     drivers.am263px.r5f.ti-arm-clang.nortos.debug.lib : edma.obj (.text.EDMA_getRegionId)
                  7018d9e6    0000000a     --HOLE-- [fill = 0]
                  7018d9f0    00000036     can_interface.o (.text.GPIO_pinWriteLow)
                  7018da26    0000000a     --HOLE-- [fill = 0]
                  7018da30    00000036     ti_drivers_config.o (.text.GPIO_pinWriteLow)
                  7018da66    0000000a     --HOLE-- [fill = 0]
                  7018da70    00000036     drivers.am263px.r5f.ti-arm-clang.nortos.debug.lib : ipc_notify_v1.obj (.text.IpcNotify_syncCallback)
                  7018daa6    0000000a     --HOLE-- [fill = 0]
                  7018dab0    00000034                                                       : mcan.obj (.text.MCAN_SsAddr)
                  7018dae4    0000000c     --HOLE-- [fill = 0]
                  7018daf0    00000034                                                       : mcan.obj (.text.MCAN_calcCfgAddr)
                  7018db24    0000000c     --HOLE-- [fill = 0]
                  7018db30    00000034                                                       : pinmux.obj (.text.Pinmux_lockMMR)
                  7018db64    0000000c     --HOLE-- [fill = 0]
                  7018db70    00000034     nortos.am263px.r5f.ti-arm-clang.debug.lib : TimerP_rti_priv.obj (.text.TimerP_Params_initPriv)
                  7018dba4    0000000c     --HOLE-- [fill = 0]
                  7018dbb0    00000034     drivers.am263px.r5f.ti-arm-clang.nortos.debug.lib : uart_v0_lld.obj (.text.UART_IsDataLengthValid)
                  7018dbe4    0000000c     --HOLE-- [fill = 0]
                  7018dbf0    00000034     motor_mapping.o (.text.motor_get_config)
                  7018dc24    0000000c     --HOLE-- [fill = 0]
                  7018dc30    00000032     drivers.am263px.r5f.ti-arm-clang.nortos.debug.lib : mcan.obj (.text.HW_WR_FIELD32_RAW)
                  7018dc62    0000000e     --HOLE-- [fill = 0]
                  7018dc70    00000032                                                       : uart_v0_lld.obj (.text.HW_WR_FIELD32_RAW)
                  7018dca2    0000000e     --HOLE-- [fill = 0]
                  7018dcb0    00000032                                                       : ipc_notify_v1.obj (.text.IpcNotify_mailboxIsPendingIntr)
                  7018dce2    0000000e     --HOLE-- [fill = 0]
                  7018dcf0    00000032                                                       : mcan.obj (.text.MCAN_isMemInitDone)
                  7018dd22    0000000e     --HOLE-- [fill = 0]
                  7018dd30    00000032     nortos.am263px.r5f.ti-arm-clang.debug.lib : TimerP_rti_priv.obj (.text.TimerP_getCountPriv)
                  7018dd62    0000000e     --HOLE-- [fill = 0]
                  7018dd70    00000032     drivers.am263px.r5f.ti-arm-clang.nortos.debug.lib : uart_v0_lld.obj (.text.UART_enhanFuncBitValRestore)
                  7018dda2    0000000e     --HOLE-- [fill = 0]
                  7018ddb0    00000032                                                       : uart_v0_lld.obj (.text.UART_hardwareFlowCtrlOptSet)
                  7018dde2    0000000e     --HOLE-- [fill = 0]
                  7018ddf0    00000030                                                       : ipc_notify_v1.obj (.text.IpcNotify_getReadSwQ)
                  7018de20    00000030                                                       : uart_v0_lld.obj (.text.UART_flowCtrlTrigLvlConfig)
                  7018de50    00000030     gateway_shared.o (.text.gateway_signal_motor_config_ready)
                  7018de80    0000002e     drivers.am263px.r5f.ti-arm-clang.nortos.debug.lib : uart_dma_edma.obj (.text.UART_lld_dmaInit)
                  7018deae    00000002     --HOLE-- [fill = 0]
                  7018deb0    0000002e     nortos.am263px.r5f.ti-arm-clang.debug.lib : printf.obj (.text._is_digit)
                  7018dede    00000002     --HOLE-- [fill = 0]
                  7018dee0    0000002c                                               : DebugP_log.obj (.text.DebugP_logZoneEnable)
                  7018df0c    00000004     --HOLE-- [fill = 0]
                  7018df10    0000002c     drivers.am263px.r5f.ti-arm-clang.nortos.debug.lib : ipc_notify_v1.obj (.text.IpcNotify_getReadMailbox)
                  7018df3c    00000004     --HOLE-- [fill = 0]
                  7018df40    0000002c                                                       : mcan.obj (.text.MCAN_clearNewDataStatus)
                  7018df6c    00000004     --HOLE-- [fill = 0]
                  7018df70    0000002c                                                       : mcan.obj (.text.MCAN_getNewDataStatus)
                  7018df9c    00000004     --HOLE-- [fill = 0]
                  7018dfa0    0000002c     nortos.am263px.r5f.ti-arm-clang.debug.lib : SemaphoreP_nortos.obj (.text.SemaphoreP_constructBinary)
                  7018dfcc    00000004     --HOLE-- [fill = 0]
                  7018dfd0    0000002c     yis320_protocol.o (.text.vtable_deinit)
                  7018dffc    00000004     --HOLE-- [fill = 0]
                  7018e000    0000002a     nortos.am263px.r5f.ti-arm-clang.debug.lib : ClockP_nortos.obj (.text.ClockP_sleepTicks)
                  7018e02a    00000006     --HOLE-- [fill = 0]
                  7018e030    0000002a     drivers.am263px.r5f.ti-arm-clang.nortos.debug.lib : uart_v0_lld.obj (.text.UART_intr2Disable)
                  7018e05a    00000006     --HOLE-- [fill = 0]
                  7018e060    0000002a                                                       : uart_v0_lld.obj (.text.UART_operatingModeSelect)
                  7018e08a    00000006     --HOLE-- [fill = 0]
                  7018e090    0000002a     imu_protocol_handler.o (.text.imu_process_rx_data)
                  7018e0ba    00000006     --HOLE-- [fill = 0]
                  7018e0c0    00000028     nortos.am263px.r5f.ti-arm-clang.debug.lib : CpuId_armv7r.obj (.text.CSL_armR5GetCpuID)
                  7018e0e8    00000008     --HOLE-- [fill = 0]
                  7018e0f0    00000028                                               : printf.obj (.text.vprintf_)
                  7018e118    00000008     --HOLE-- [fill = 0]
                  7018e120    00000026     drivers.am263px.r5f.ti-arm-clang.nortos.debug.lib : edma.obj (.text.EDMA_disableQdmaEvtRegion)
                  7018e146    0000000a     --HOLE-- [fill = 0]
                  7018e150    00000026                                                       : edma.obj (.text.EDMA_enableQdmaEvtRegion)
                  7018e176    0000000a     --HOLE-- [fill = 0]
                  7018e180    00000026                                                       : edma.obj (.text.EDMA_validateIntrObject)
                  7018e1a6    0000000a     --HOLE-- [fill = 0]
                  7018e1b0    00000026     ti_drivers_config.o (.text.IpcNotify_allocSwQueue)
                  7018e1d6    0000000a     --HOLE-- [fill = 0]
                  7018e1e0    00000026     nortos.am263px.r5f.ti-arm-clang.debug.lib : printf.obj (.text._out_buffer)
                  7018e206    0000000a     --HOLE-- [fill = 0]
                  7018e210    00000024     ti_drivers_config.o (.text.IpcNotify_getConfig)
                  7018e234    0000000c     --HOLE-- [fill = 0]
                  7018e240    00000024     nortos.am263px.r5f.ti-arm-clang.debug.lib : SemaphoreP_nortos.obj (.text.SemaphoreP_constructMutex)
                  7018e264    0000000c     --HOLE-- [fill = 0]
                  7018e270    00000024     drivers.am263px.r5f.ti-arm-clang.nortos.debug.lib : uart_v0_lld.obj (.text.UART_IsRxTrigLvlValid)
                  7018e294    0000000c     --HOLE-- [fill = 0]
                  7018e2a0    00000024                                                       : uart_v0_lld.obj (.text.UART_IsStopBitsValid)
                  7018e2c4    0000000c     --HOLE-- [fill = 0]
                  7018e2d0    00000024                                                       : uart_v0_lld.obj (.text.UART_IsTxTrigLvlValid)
                  7018e2f4    0000000c     --HOLE-- [fill = 0]
                  7018e300    00000024                                                       : uart_v0.obj (.text.UART_getBaseAddr)
                  7018e324    00000024     libclang_rt.builtins.a : aeabi_uldivmod.S.obj (.text.__aeabi_uldivmod)
                  7018e348    00000008     --HOLE-- [fill = 0]
                  7018e350    00000024     nortos.am263px.r5f.ti-arm-clang.debug.lib : printf.obj (.text._out_char)
                  7018e374    0000000c     --HOLE-- [fill = 0]
                  7018e380    00000022     drivers.am263px.r5f.ti-arm-clang.nortos.debug.lib : edma.obj (.text.EDMA_channelToParamMap)
                  7018e3a2    0000000e     --HOLE-- [fill = 0]
                  7018e3b0    00000022     gateway_shared.o (.text.gateway_ringbuf_core1_receive)
                  7018e3d2    0000000e     --HOLE-- [fill = 0]
                  7018e3e0    00000020     nortos.am263px.r5f.ti-arm-clang.debug.lib : ClockP_nortos.obj (.text.ClockP_isActive)
                  7018e400    00000020                                               : ClockP_nortos.obj (.text.ClockP_usecToTicks)
                  7018e420    00000020     drivers.am263px.r5f.ti-arm-clang.nortos.debug.lib : mcan.obj (.text.HW_RD_FIELD32_RAW)
                  7018e440    00000020                                                       : uart_v0_lld.obj (.text.HW_RD_FIELD32_RAW)
                  7018e460    0000001e     nortos.am263px.r5f.ti-arm-clang.debug.lib : ClockP_nortos.obj (.text.ClockP_Params_init)
                  7018e47e    00000002     --HOLE-- [fill = 0]
                  7018e480    0000001e     drivers.am263px.r5f.ti-arm-clang.nortos.debug.lib : edma.obj (.text.EDMA_getEventStatusHigh)
                  7018e49e    00000002     --HOLE-- [fill = 0]
                  7018e4a0    0000001e                                                       : mcan.obj (.text.MCAN_setOpMode)
                  7018e4be    00000002     --HOLE-- [fill = 0]
                  7018e4c0    0000001e                                                       : soc.obj (.text.SOC_getSelfCpuClk)
                  7018e4de    00000002     --HOLE-- [fill = 0]
                  7018e4e0    0000001e                                                       : soc.obj (.text.SOC_moduleClockEnable)
                  7018e4fe    00000002     --HOLE-- [fill = 0]
                  7018e500    0000001e     ti_dpl_config.o (.text.TimerP_isr0)
                  7018e51e    00000002     --HOLE-- [fill = 0]
                  7018e520    0000001e     drivers.am263px.r5f.ti-arm-clang.nortos.debug.lib : uart_v0_lld.obj (.text.UART_breakCtl)
                  7018e53e    00000002     --HOLE-- [fill = 0]
                  7018e540    0000001e                                                       : uart_v0_lld.obj (.text.UART_lld_Transaction_deInit)
                  7018e55e    00000002     --HOLE-- [fill = 0]
                  7018e560    0000001c                                                       : edma.obj (.text.EDMA_getEventStatus)
                  7018e57c    00000004     --HOLE-- [fill = 0]
                  7018e580    0000001c                                                       : mcan.obj (.text.MCAN_writeProtectedRegAccessLock)
                  7018e59c    00000004     --HOLE-- [fill = 0]
                  7018e5a0    0000001c                                                       : mcan.obj (.text.MCAN_writeProtectedRegAccessUnlock)
                  7018e5bc    00000004     --HOLE-- [fill = 0]
                  7018e5c0    0000001c                                                       : uart_v0_lld.obj (.text.UART_IsParameter)
                  7018e5dc    0000001c     libc.a : memcpy32.S.obj (.text:TI_memcpy_small)
                  7018e5f8    00000008     --HOLE-- [fill = 0]
                  7018e600    0000001a     drivers.am263px.r5f.ti-arm-clang.nortos.debug.lib : mcan.obj (.text.MCAN_clearIntrStatus)
                  7018e61a    00000006     --HOLE-- [fill = 0]
                  7018e620    0000001a                                                       : mcan.obj (.text.MCAN_getOpMode)
                  7018e63a    00000006     --HOLE-- [fill = 0]
                  7018e640    0000001a                                                       : uart_v0_lld.obj (.text.UART_fifoCharGet)
                  7018e65a    00000006     --HOLE-- [fill = 0]
                  7018e660    0000001a                                                       : uart_v0_lld.obj (.text.UART_timeGuardConfig)
                  7018e67a    00000006     --HOLE-- [fill = 0]
                  7018e680    00000018     nortos.am263px.r5f.ti-arm-clang.debug.lib : ClockP_nortos.obj (.text.ClockP_ticksToUsec)
                  7018e698    00000008     --HOLE-- [fill = 0]
                  7018e6a0    00000018     drivers.am263px.r5f.ti-arm-clang.nortos.debug.lib : edma.obj (.text.EDMA_isInterruptEnabled)
                  7018e6b8    00000008     --HOLE-- [fill = 0]
                  7018e6c0    00000018                                                       : ipc_notify_v1.obj (.text.IpcNotify_mailboxClearAllInt)
                  7018e6d8    00000008     --HOLE-- [fill = 0]
                  7018e6e0    00000018                                                       : ipc_notify_v1_cfg.obj (.text.IpcNotify_trigInterrupt)
                  7018e6f8    00000008     --HOLE-- [fill = 0]
                  7018e700    00000018     nortos.am263px.r5f.ti-arm-clang.debug.lib : SemaphoreP_nortos.obj (.text.SemaphoreP_Params_init)
                  7018e718    00000008     --HOLE-- [fill = 0]
                  7018e720    00000018                                               : TimerP_rti_priv.obj (.text.TimerP_getReloadCountPriv)
                  7018e738    00000008     --HOLE-- [fill = 0]
                  7018e740    00000018     drivers.am263px.r5f.ti-arm-clang.nortos.debug.lib : uart_v0_lld.obj (.text.UART_divisorLatchDisable)
                  7018e758    00000008     --HOLE-- [fill = 0]
                  7018e760    00000018                                                       : uart_v0_lld.obj (.text.UART_modemControlReset)
                  7018e778    00000008     --HOLE-- [fill = 0]
                  7018e780    00000018                                                       : uart_v0_lld.obj (.text.UART_putChar)
                  7018e798    00000018     libc.a : memset32.S.obj (.text:TI_memset_small)
                  7018e7b0    00000016     drivers.am263px.r5f.ti-arm-clang.nortos.debug.lib : ipc_notify_v1.obj (.text.IpcNotify_sendSync)
                  7018e7c6    0000000a     --HOLE-- [fill = 0]
                  7018e7d0    00000016                                                       : mcan.obj (.text.MCAN_getIntrStatus)
                  7018e7e6    0000000a     --HOLE-- [fill = 0]
                  7018e7f0    00000016     nortos.am263px.r5f.ti-arm-clang.debug.lib : TimerP_rti_priv.obj (.text.TimerP_startPriv)
                  7018e806    0000000a     --HOLE-- [fill = 0]
                  7018e810    00000016                                               : TimerP_rti_priv.obj (.text.TimerP_stopPriv)
                  7018e826    0000000a     --HOLE-- [fill = 0]
                  7018e830    00000016     drivers.am263px.r5f.ti-arm-clang.nortos.debug.lib : uart_v0_lld.obj (.text.UART_divideRoundCloset)
                  7018e846    0000000a     --HOLE-- [fill = 0]
                  7018e850    00000016                                                       : uart_v0_lld.obj (.text.UART_regConfModeRestore)
                  7018e866    0000000a     --HOLE-- [fill = 0]
                  7018e870    00000014                                                       : edma.obj (.text.HW_WR_REG16_RAW)
                  7018e884    0000000c     --HOLE-- [fill = 0]
                  7018e890    00000014                                                       : ipc_notify_v1.obj (.text.IpcNotify_mailboxClearPendingIntr)
                  7018e8a4    0000000c     --HOLE-- [fill = 0]
                  7018e8b0    00000014                                                       : soc_rcm.obj (.text.SOC_rcmGetModuleClkDivFromRegVal)
                  7018e8c4    0000000c     --HOLE-- [fill = 0]
                  7018e8d0    00000014     nortos.am263px.r5f.ti-arm-clang.debug.lib : TimerP_rti_priv.obj (.text.TimerP_clearOverflowIntPriv)
                  7018e8e4    0000000c     --HOLE-- [fill = 0]
                  7018e8f0    00000014                                               : TimerP_rti_nortos.obj (.text.TimerP_setup)
                  7018e904    0000000c     --HOLE-- [fill = 0]
                  7018e910    00000014     ti_dpl_config.o (.text.putchar_)
                  7018e924    0000000c     --HOLE-- [fill = 0]
                  7018e930    00000012     ti_pinmux_config.o (.text.Pinmux_init)
                  7018e942    0000000e     --HOLE-- [fill = 0]
                  7018e950    00000012     gateway_shared.o (.text.gateway_check_emergency_stop)
                  7018e962    0000000e     --HOLE-- [fill = 0]
                  7018e970    00000012     imu_protocol_handler.o (.text.imu_initialize)
                  7018e982    0000000e     --HOLE-- [fill = 0]
                  7018e990    00000012     imu_interface_isr.o (.text.imu_uart_is_initialized)
                  7018e9a2    0000000e     --HOLE-- [fill = 0]
                  7018e9b0    00000012     yis320_protocol.o (.text.yis320_get_timestamp_ms)
                  7018e9c2    0000000e     --HOLE-- [fill = 0]
                  7018e9d0    00000010     can_interface.o (.text.CSL_REG32_WR_RAW)
                  7018e9e0    00000010     drivers.am263px.r5f.ti-arm-clang.nortos.debug.lib : pinmux.obj (.text.CSL_REG32_WR_RAW)
                  7018e9f0    00000010                                                       : soc.obj (.text.CSL_REG32_WR_RAW)
                  7018ea00    00000010     ti_drivers_config.o (.text.CSL_REG32_WR_RAW)
                  7018ea10    00000010     nortos.am263px.r5f.ti-arm-clang.debug.lib : ClockP_nortos_r5.obj (.text.ClockP_getTimerCount)
                  7018ea20    00000010                                               : ClockP_nortos_r5.obj (.text.ClockP_timerClearOverflowInt)
                  7018ea30    00000010     drivers.am263px.r5f.ti-arm-clang.nortos.debug.lib : edma.obj (.text.HW_RD_REG32_RAW)
                  7018ea40    00000010                                                       : mcan.obj (.text.HW_RD_REG32_RAW)
                  7018ea50    00000010                                                       : uart_v0_lld.obj (.text.HW_RD_REG32_RAW)
                  7018ea60    00000010                                                       : edma.obj (.text.HW_WR_REG32_RAW)
                  7018ea70    00000010                                                       : mcan.obj (.text.HW_WR_REG32_RAW)
                  7018ea80    00000010                                                       : uart_v0_lld.obj (.text.HW_WR_REG32_RAW)
                  7018ea90    00000010                                                       : ipc_notify_v1.obj (.text.IpcNotify_mailboxGetPendingIntr)
                  7018eaa0    00000010     nortos.am263px.r5f.ti-arm-clang.debug.lib : TimerP_rti_nortos.obj (.text.TimerP_Params_init)
                  7018eab0    00000010                                               : TimerP_rti_nortos.obj (.text.TimerP_clearOverflowInt)
                  7018eac0    00000010                                               : TimerP_rti_nortos.obj (.text.TimerP_getCount)
                  7018ead0    00000010                                               : TimerP_rti_nortos.obj (.text.TimerP_getReloadCount)
                  7018eae0    00000010                                               : TimerP_rti_nortos.obj (.text.TimerP_start)
                  7018eaf0    00000010                                               : printf.obj (.text._out_null)
                  7018eb00    00000010     gateway_shared.o (.text.gateway_notify_imu_ready)
                  7018eb10    00000010     gateway_shared.o (.text.gateway_notify_states_ready)
                  7018eb20    0000000e     yis320_protocol.o (.text.yis320_uart_configure)
                  7018eb2e    00000002     --HOLE-- [fill = 0]
                  7018eb30    0000000c     ti_board_open_close.o (.text.Board_driversOpen)
                  7018eb3c    00000004     --HOLE-- [fill = 0]
                  7018eb40    0000000c     nortos.am263px.r5f.ti-arm-clang.debug.lib : ClockP_nortos.obj (.text.ClockP_getTicks)
                  7018eb4c    00000004     --HOLE-- [fill = 0]
                  7018eb50    0000000c     ti_drivers_open_close.o (.text.Drivers_open)
                  7018eb5c    00000004     --HOLE-- [fill = 0]
                  7018eb60    0000000c     ti_power_clock_config.o (.text.PowerClock_init)
                  7018eb6c    00000004     --HOLE-- [fill = 0]
                  7018eb70    0000000c     yis320_protocol.o (.text.vtable_read_data)
                  7018eb7c    00000004     --HOLE-- [fill = 0]
                  7018eb80    0000000a     nortos.am263px.r5f.ti-arm-clang.debug.lib : HwiP_armv7r_vim.obj (.text.Hwip_dataAndInstructionBarrier)
                  7018eb8a    00000006     --HOLE-- [fill = 0]
                  7018eb90    0000000a     drivers.am263px.r5f.ti-arm-clang.nortos.debug.lib : ipc_notify_v1.obj (.text.IpcNotify_dataAndInstructionBarrier)
                  7018eb9a    00000006     --HOLE-- [fill = 0]
                  7018eba0    0000000a                                                       : soc_rcm.obj (.text.SOC_rcmGetBaseAddressMSSRCM)
                  7018ebaa    00000006     --HOLE-- [fill = 0]
                  7018ebb0    0000000a                                                       : uart_dma_edma.obj (.text.UART_edmaDoNothing)
                  7018ebba    00000006     --HOLE-- [fill = 0]
                  7018ebc0    0000000a     gateway_shared.o (.text.gateway_memory_barrier)
                  7018ebca    00000006     --HOLE-- [fill = 0]
                  7018ebd0    0000000a     gateway_shared.o (.text.ringbuf_get_ptr)
                  7018ebda    00000006     --HOLE-- [fill = 0]
                  7018ebe0    00000008     ti_drivers_config.o (.text.Drivers_uartInit)
                  7018ebe8    00000008     --HOLE-- [fill = 0]
                  7018ebf0    00000008     drivers.am263px.r5f.ti-arm-clang.nortos.debug.lib : soc_rcm.obj (.text.SOC_rcmGetBaseAddressMSSCTRL)
                  7018ebf8    00000008     --HOLE-- [fill = 0]
                  7018ec00    00000008                                                       : soc_rcm.obj (.text.SOC_rcmGetBaseAddressTOPRCM)
                  7018ec08    00000008     --HOLE-- [fill = 0]
                  7018ec10    00000008     nortos.am263px.r5f.ti-arm-clang.debug.lib : SemaphoreP_nortos.obj (.text.SemaphoreP_destruct)
                  7018ec18    00000008     --HOLE-- [fill = 0]
                  7018ec20    00000002     ti_board_open_close.o (.text.Board_driversClose)
                  7018ec22    0000000e     --HOLE-- [fill = 0]
                  7018ec30    00000002     ti_board_config.o (.text.Board_init)
                  7018ec32    0000000e     --HOLE-- [fill = 0]
                  7018ec40    00000002     ti_drivers_open_close.o (.text.Drivers_mcanOpen)
                  7018ec42    0000000e     --HOLE-- [fill = 0]
                  7018ec50    00000002     drivers.am263px.r5f.ti-arm-clang.nortos.debug.lib : ipc_notify_v1_cfg.obj (.text.IpcNotify_wait)
                  7018ec52    0000000e     --HOLE-- [fill = 0]
                  7018ec60    00000002     nortos.am263px.r5f.ti-arm-clang.debug.lib : TaskP_nortos.obj (.text.TaskP_yield)
                  7018ec62    0000000e     --HOLE-- [fill = 0]

.rodata    0    7018ec70    00002448     
                  7018ec70    00000450     motor_mapping.o (.rodata.motor_config_table)
                  7018f0c0    00000084     ti_dpl_config.o (.rodata.cfg)
                  7018f144    0000005e     main.o (.rodata.str1.15996357275703397564.1)
                  7018f1a2    00000006     drivers.am263px.r5f.ti-arm-clang.nortos.debug.lib : soc_rcm.obj (.rodata.str1.12246138248821672736.1)
                  7018f1a8    00000050     nortos.am263px.r5f.ti-arm-clang.debug.lib : printf.obj (.rodata._ftoa.pow10)
                  7018f1f8    0000004d     gateway_shared.o (.rodata.str1.3223734256326991069.1)
                  7018f245    0000004c     main.o (.rodata.str1.10224226614597680209.1)
                  7018f291    0000004c     main.o (.rodata.str1.11121730273200050387.1)
                  7018f2dd    0000004a     main.o (.rodata.str1.10720410773482754683.1)
                  7018f327    00000049     can_interface.o (.rodata.str1.2401924719955226879.1)
                  7018f370    00000048     drivers.am263px.r5f.ti-arm-clang.nortos.debug.lib : soc_rcm.obj (.rodata.gADPLLJConfigTbl)
                  7018f3b8    00000048     main.o (.rodata.str1.4787932902692149498.1)
                  7018f400    00000045     can_interface.o (.rodata.str1.17857559882412085052.1)
                  7018f445    00000045     main.o (.rodata.str1.2563708670032483588.1)
                  7018f48a    00000043     main.o (.rodata.str1.10313062130652730376.1)
                  7018f4cd    00000042     main.o (.rodata.str1.11321157723316767883.1)
                  7018f50f    00000042     main.o (.rodata.str1.11702106008850790973.1)
                  7018f551    00000041     main.o (.rodata.str1.16265332423659789559.1)
                  7018f592    00000002     drivers.am263px.r5f.ti-arm-clang.nortos.debug.lib : soc_rcm.obj (.rodata.gCR5ClkSrcInfoMap)
                  7018f594    00000040                                                       : mcan.obj (.rodata.gDataSize)
                  7018f5d4    00000040                                                       : ipc_notify_v1.obj (.rodata.str1.10118846006578224169.1)
                  7018f614    00000040     main.o (.rodata.str1.13030671760666898970.1)
                  7018f654    00000040     gateway_shared.o (.rodata.str1.1309647279537151951.1)
                  7018f694    0000003f     main.o (.rodata.str1.16302215771116645891.1)
                  7018f6d3    0000003e     imu_interface_isr.o (.rodata.str1.2252785669688110604.1)
                  7018f711    0000003d     nortos.am263px.r5f.ti-arm-clang.debug.lib : TimerP_rti_priv.obj (.rodata.str1.11388379688747141303.1)
                  7018f74e    0000003d     main.o (.rodata.str1.13782249893155712474.1)
                  7018f78b    0000003d     main.o (.rodata.str1.3292798375424520613.1)
                  7018f7c8    0000003c     main.o (.rodata.str1.8108965883388295311.1)
                  7018f804    0000003b     can_interface.o (.rodata.str1.13886886582160776261.1)
                  7018f83f    00000039     can_interface.o (.rodata.str1.13942422985958650841.1)
                  7018f878    00000039     can_interface.o (.rodata.str1.15906871730334742222.1)
                  7018f8b1    00000039     can_interface.o (.rodata.str1.16770118065840302171.1)
                  7018f8ea    00000038     gateway_shared.o (.rodata.str1.8694082244888993162.1)
                  7018f922    00000038     imu_interface_isr.o (.rodata.str1.9168798226845388136.1)
                  7018f95a    00000037     gateway_shared.o (.rodata.str1.10638658715010209595.1)
                  7018f991    00000037     can_interface.o (.rodata.str1.17102373369105828453.1)
                  7018f9c8    00000037     main.o (.rodata.str1.3530083166107438000.1)
                  7018f9ff    00000037     gateway_shared.o (.rodata.str1.5629998949668554045.1)
                  7018fa36    00000036     can_interface.o (.rodata.str1.10186677634541030339.1)
                  7018fa6c    00000036     imu_interface_isr.o (.rodata.str1.13916086747295221358.1)
                  7018faa2    00000036     can_interface.o (.rodata.str1.15146467347084621569.1)
                  7018fad8    00000035     can_interface.o (.rodata.str1.11434220007320834734.1)
                  7018fb0d    00000035     main.o (.rodata.str1.16631870348416990953.1)
                  7018fb42    00000035     can_interface.o (.rodata.str1.6692020027550076815.1)
                  7018fb77    00000035     ti_drivers_open_close.o (.rodata.str1.871795152488895636.1)
                  7018fbac    00000035     main.o (.rodata.str1.9059077390166914652.1)
                  7018fbe1    00000034     main.o (.rodata.str1.10865113624938808685.1)
                  7018fc15    00000034     main.o (.rodata.str1.13288086030101331538.1)
                  7018fc49    00000034     main.o (.rodata.str1.14112174005742061988.1)
                  7018fc7d    00000034     main.o (.rodata.str1.17376258722486336754.1)
                  7018fcb1    00000034     main.o (.rodata.str1.18092426736022315238.1)
                  7018fce5    00000034     main.o (.rodata.str1.6891813955777630061.1)
                  7018fd19    00000033     can_interface.o (.rodata.str1.13538652865395202372.1)
                  7018fd4c    00000033     main.o (.rodata.str1.14032527501195285070.1)
                  7018fd7f    00000033     main.o (.rodata.str1.14712910685067215323.1)
                  7018fdb2    00000033     can_interface.o (.rodata.str1.2569929632086669665.1)
                  7018fde5    00000033     main.o (.rodata.str1.2624144126699937905.1)
                  7018fe18    00000033     main.o (.rodata.str1.403738606202455663.1)
                  7018fe4b    00000032     can_interface.o (.rodata.str1.2296911319530636772.1)
                  7018fe7d    00000031     can_interface.o (.rodata.str1.4211222669969280216.1)
                  7018feae    00000031     gateway_shared.o (.rodata.str1.6121471336334202706.1)
                  7018fedf    00000031     motor_mapping.o (.rodata.str1.8787205977826144616.1)
                  7018ff10    00000030     can_interface.o (.rodata.str1.10130696897761414469.1)
                  7018ff40    00000030     can_interface.o (.rodata.str1.2167712102046818855.1)
                  7018ff70    00000030     imu_interface_isr.o (.rodata.str1.4417852805959727765.1)
                  7018ffa0    00000030     main.o (.rodata.str1.8154729771448623357.1)
                  7018ffd0    00000030     main.o (.rodata.str1.8428454045432808059.1)
                  70190000    0000002f     main.o (.rodata.str1.11870794119293528247.1)
                  7019002f    0000002f     can_interface.o (.rodata.str1.15094798983471906066.1)
                  7019005e    0000002f     gateway_shared.o (.rodata.str1.3129942817937968154.1)
                  7019008d    0000002f     main.o (.rodata.str1.6554448696319176064.1)
                  701900bc    0000002f     drivers.am263px.r5f.ti-arm-clang.nortos.debug.lib : ipc_notify_v1.obj (.rodata.str1.9418228565027791152.1)
                  701900eb    0000002e     can_interface.o (.rodata.str1.11024350005305706282.1)
                  70190119    0000002e     gateway_shared.o (.rodata.str1.11051107022181534624.1)
                  70190147    0000002e     main.o (.rodata.str1.14079361385603432444.1)
                  70190175    0000002e     main.o (.rodata.str1.625103348304617710.1)
                  701901a3    0000002e     main.o (.rodata.str1.7996925722583989644.1)
                  701901d1    0000002e     gateway_shared.o (.rodata.str1.9859227269409816370.1)
                  701901ff    0000002d     main.o (.rodata.str1.14466178792657420020.1)
                  7019022c    0000002d     can_interface.o (.rodata.str1.150960857071891705.1)
                  70190259    0000002d     main.o (.rodata.str1.2597068879322958637.1)
                  70190286    0000002d     main.o (.rodata.str1.5043408953494467246.1)
                  701902b3    0000002d     can_interface.o (.rodata.str1.6401568125276999251.1)
                  701902e0    0000002d     can_interface.o (.rodata.str1.6531933829109918715.1)
                  7019030d    0000002c     can_interface.o (.rodata.str1.14845445665763636722.1)
                  70190339    0000002c     main.o (.rodata.str1.2763581881760962609.1)
                  70190365    0000002c     gateway_shared.o (.rodata.str1.7167262159681625771.1)
                  70190391    0000002b     main.o (.rodata.str1.18227636981041470289.1)
                  701903bc    0000002b     can_interface.o (.rodata.str1.3858671167962548137.1)
                  701903e7    0000002b     can_interface.o (.rodata.str1.5571669369711139161.1)
                  70190412    0000002a     can_interface.o (.rodata.str1.17855712168153945246.1)
                  7019043c    0000002a     nortos.am263px.r5f.ti-arm-clang.debug.lib : DebugP_log.obj (.rodata.str1.227947788441500939.1)
                  70190466    0000002a     main.o (.rodata.str1.2846389346932560359.1)
                  70190490    0000002a     main.o (.rodata.str1.8096991282711418442.1)
                  701904ba    00000029     main.o (.rodata.str1.11777244287787065045.1)
                  701904e3    00000029     imu_interface_isr.o (.rodata.str1.15503275091179387347.1)
                  7019050c    00000029     can_interface.o (.rodata.str1.357542981605220142.1)
                  70190535    00000029     main.o (.rodata.str1.39260288392874984.1)
                  7019055e    00000029     can_interface.o (.rodata.str1.6910353934698693424.1)
                  70190587    00000029     can_interface.o (.rodata.str1.7679921882182829519.1)
                  701905b0    00000029     main.o (.rodata.str1.8076846746581808073.1)
                  701905d9    00000028     main.o (.rodata.str1.11822182024223342093.1)
                  70190601    00000028     main.o (.rodata.str1.1311392489248731986.1)
                  70190629    00000028     main.o (.rodata.str1.15159059442110792349.1)
                  70190651    00000027     nortos.am263px.r5f.ti-arm-clang.debug.lib : ClockP_nortos_r5.obj (.rodata.str1.12743090444791882666.1)
                  70190678    00000027     main.o (.rodata.str1.17045314124001216156.1)
                  7019069f    00000027     main.o (.rodata.str1.7784929982665794503.1)
                  701906c6    00000026     can_interface.o (.rodata.str1.14406550278730177052.1)
                  701906ec    00000026     gateway_shared.o (.rodata.str1.17046880449980016103.1)
                  70190712    00000026     gateway_shared.o (.rodata.str1.5761821093615868877.1)
                  70190738    00000026     can_interface.o (.rodata.str1.6806839034663112933.1)
                  7019075e    00000025     main.o (.rodata.str1.10635229749459437609.1)
                  70190783    00000025     main.o (.rodata.str1.2123964117280943167.1)
                  701907a8    00000024     can_interface.o (.rodata.str1.14428574951410983152.1)
                  701907cc    00000024     can_interface.o (.rodata.str1.17339864536769639315.1)
                  701907f0    00000024     main.o (.rodata.str1.5630281060179367396.1)
                  70190814    00000024     imu_interface_isr.o (.rodata.str1.6306445455767916371.1)
                  70190838    00000024     main.o (.rodata.str1.7702501944640899365.1)
                  7019085c    00000023     drivers.am263px.r5f.ti-arm-clang.nortos.debug.lib : soc_rcm.obj (.rodata.str1.2078190104202520215.1)
                  7019087f    00000023     nortos.am263px.r5f.ti-arm-clang.debug.lib : ClockP_nortos_r5.obj (.rodata.str1.7689125538912326484.1)
                  701908a2    00000022     drivers.am263px.r5f.ti-arm-clang.nortos.debug.lib : edma.obj (.rodata.str1.12976018205622752890.1)
                  701908c4    00000021     can_interface.o (.rodata.str1.12573338884863454617.1)
                  701908e5    00000021     nortos.am263px.r5f.ti-arm-clang.debug.lib : ClockP_nortos_r5.obj (.rodata.str1.8559540482768925367.1)
                  70190906    00000002     --HOLE-- [fill = 0]
                  70190908    00000020     drivers.am263px.r5f.ti-arm-clang.nortos.debug.lib : mcan.obj (.rodata.gMsgObjSize)
                  70190928    00000020     can_interface.o (.rodata.g_mcan_base_addr)
                  70190948    00000020     can_interface.o (.rodata.g_mcan_intr_num)
                  70190968    00000020     main.o (.rodata.str1.14402440632258215044.1)
                  70190988    00000020     drivers.am263px.r5f.ti-arm-clang.nortos.debug.lib : uart_v0.obj (.rodata.str1.16594507886308206351.1)
                  701909a8    00000020                                                       : ipc_notify_v1.obj (.rodata.str1.2046905611612007019.1)
                  701909c8    0000001f     can_interface.o (.rodata.str1.14695538922052102695.1)
[...]

address   name                                 
-------   ----                                 
00000000  __TI_ATRegion0_region_sz             
00000000  __TI_ATRegion0_src_addr              
00000000  __TI_ATRegion0_trg_addr              
00000000  __TI_ATRegion1_region_sz             
00000000  __TI_ATRegion1_src_addr              
00000000  __TI_ATRegion1_trg_addr              
00000000  __TI_ATRegion2_region_sz             
00000000  __TI_ATRegion2_src_addr              
00000000  __TI_ATRegion2_trg_addr              
00000000  __TI_static_base__                   
00000000  _vectors                             
00000100  __ABORT_STACK_SIZE                   
00000100  __FIQ_STACK_SIZE                     
00000100  __IRQ_STACK_SIZE                     
00000100  __UNDEFINED_STACK_SIZE               
00001000  __SVC_STACK_SIZE                     
00004000  __STACK_SIZE                         
70180a34  __aeabi_memclr                       
70180a34  __aeabi_memclr4                      
70180a34  __aeabi_memclr8                      
701810b8  C$$EXIT                              
701810b8  HOSTexit                             
701810c1  SOC_rcmEnablePeripheralClock         
701816f8  __aeabi_ldiv0                        
701816fc  __aeabi_memcpy                       
701816fc  __aeabi_memcpy4                      
701816fc  __aeabi_memcpy8                      
70181ce4  CSL_armR5ReadMpidrReg                
70182214  __aeabi_memmove                      
70182214  __aeabi_memmove4                     
70182214  __aeabi_memmove8                     
70182ae1  UART_open                            
70182ee1  IpcNotify_init                       
70183d51  SOC_virtToPhy                        
70184061  motor_mapping_init_core1             
70184361  MCAN_msgRAMConfig                    
70184f71  UART_lld_dmaDeInit                   
701851a1  IpcNotify_isr                        
701853d1  CAN_TransmitBatch                    
701855f1  TimerP_setupPriv                     
701857d1  UART_lld_dmaWrite                    
70185b31  UART_close                           
70185e91  UART_lld_controllerIsr               
70186031  CAN_StartRxInterrupts                
70186351  MCAN_calcMsgRamParamsStartAddr       
701864e1  EDMA_unregisterIntr                  
70186651  SOC_controlModuleUnlockMMR           
701867b1  UART_lld_initDma                     
70186911  DebugP_shmLogWriterPutChar           
70186d01  MCAN_setBitTime                      
70186e51  imu_uart_isr_init                    
70186fa1  CAN_Init                             
70187221  MCAN_readMsgRam                      
701874a1  ClockP_init                          
701875e1  UART_procLineStatusErr               
70187721  EDMA_registerIntr                    
70187861  MCAN_init                            
701879a1  UART_lld_init                        
70187ad1  MCAN_config                          
70187c01  SOC_controlModuleLockMMR             
70187d31  SOC_rcmGetPeripheralClockFrequency   
70187f71  DebugP_shmLogWriterPutLine           
70188091  UART_lld_dmaRead                     
701881ac  __udivmoddi4                         
70188741  IpcNotify_sendMsg                    
70188961  GPIO_init                            
70188a71  SemaphoreP_pend                      
70188b81  gateway_ringbuf_read                 
70188c91  gateway_write_motor_config           
70189051  EDMA_freeChannelRegion               
70189141  EDMA_freeParam                       
70189231  EDMA_freeDmaChannel                  
70189311  EDMA_freeTcc                         
701893f1  UART_intrEnable                      
701894d1  UART_intrDisable                     
701895b1  AddrTranslateP_getLocalAddr          
70189681  EDMA_disableChInShadowRegRegion      
70189751  EDMA_enableChInShadowRegRegion       
70189821  EDMA_mapChToEvtQ                     
701898f1  EDMA_configureChannelRegion          
70189a71  UART_flushTxFifo                     
70189bf1  ClockP_timerTickIsr                  
70189cb1  TimerP_init                          
70189d71  ClockP_stop                          
70189e31  IpcNotify_waitSync                   
70189ef1  gateway_write_motor_states           
70189fb1  CycleCounterP_init                   
70189fd1  CycleCounterP_reset                  
7018a021  CycleCounterP_nsToTicks              
7018a061  CycleCounterP_enableUserAccess       
7018a071  MCAN_writeMsgRam                     
7018a121  SOC_rcmSetPeripheralClock            
7018a1d1  UART_init                            
7018a3e1  gateway_core1_wait_for_ready         
7018a541  ClockP_destruct                      
7018a5f1  Drivers_uartOpen                     
7018a741  gateway_core1_ipc_callback           
7018a921  imu_uart_read                        
7018a9c1  IpcNotify_registerClient             
7018ab01  ClockP_getTimeUsec                   
7018aba1  EDMA_unmapChToEvtQ                   
7018ac41  float_to_uint                        
7018ace1  yis320_convert_to_ipc                
7018ad81  EDMA_disableTransferRegion           
7018ae11  EDMA_enableTransferRegion            
7018afc1  UART_lld_flushTxFifo                 
7018b0e1  EDMA_allocDmaChannel                 
7018b171  EDMA_allocParam                      
7018b201  EDMA_allocTcc                        
7018b3b1  IpcNotify_syncAll                    
7018b441  imu_protocol_manager_init            
7018b4d1  MCAN_addStdMsgIDFilter               
7018b5d1  System_init                          
7018b6d1  _DebugP_assert                       
7018b751  gateway_ringbuf_core1_init           
7018b851  UART_Params_init                     
7018b8d1  gateway_write_imu_state              
7018b951  EDMA_linkChannel                     
7018ba51  ClockP_usleep                        
7018bad1  EDMA_clrMissEvtRegion                
7018bcb1  EDMA_getBaseAddr                     
7018bd91  imu_protocol_get_state               
7018be01  SOC_rcmGetR5Clock                    
7018be71  SOC_rcmIsR5FInLockStepMode           
7018bf51  UART_lld_deInitDma                   
7018bfc1  imu_protocol_process_uart_rx         
7018c031  MCAN_enableIntr                      
7018c0a1  MCAN_initTxBufElement                
7018c181  SemaphoreP_post                      
7018c1f1  MCAN_selectIntrLine                  
7018c251  UART_getChar                         
7018c311  yis320_protocol_handler_init         
7018c371  Module_clockSetFrequency             
7018c3d1  UART_lld_deInit                      
7018c671  uint16_to_float                      
7018c731  Dpl_init                             
7018c791  EDMA_setPaRAM                        
7018c851  main                                 
7018c8a4  __TI_auto_init_nobinit_nopinit       
7018c901  Drivers_uartClose                    
7018c951  Pinmux_config                        
7018c9a1  UART_checkCharsAvailInFifo           
7018c9f1  DebugP_shmLogWriterInit              
7018ca41  EDMA_clrEvtRegion                    
7018ca91  EDMA_disableDmaEvtRegion             
7018cae1  EDMA_disableEvtIntrRegion            
7018cb31  EDMA_enableDmaEvtRegion              
7018cb81  EDMA_enableEvtIntrRegion             
7018cbd1  EDMA_setEvtRegion                    
7018cc21  GPIO_setDirMode                      
7018cc71  MCAN_enableIntrLine                  
7018ccc1  ClockP_construct                     
7018cd11  EDMA_ccPaRAMEntry_init               
7018cd61  EDMA_mapQdmaChToPaRAM                
7018cdb1  EDMA_readEventStatusRegion           
7018ce01  IpcNotify_unregisterClient           
7018ce51  Module_clockEnable                   
7018cea1  gateway_update_stat                  
7018ceec  memmove                              
7018cf91  timerISR                             
7018cfe1  IpcNotify_Params_init                
7018d081  UART_getIntrIdentityStatus           
7018d171  CAN_RegisterRxCallback               
7018d261  UART_readLineStatus                  
7018d2b1  imu_protocol_handler_init            
7018d3f1  SemaphoreP_construct                 
7018d441  _DebugP_logZone                      
7018d4e1  ClockP_start                         
7018d581  imu_protocol_update_state            
7018d641  UART_spaceAvail                      
7018d681  gateway_core1_init                   
7018d6c1  gateway_update_heartbeat             
7018d741  UART_IsTxRxFifoEmpty                 
7018d7c1  MCAN_txBufAddReq                     
7018d801  SOC_moduleSetClockFrequency          
7018d8c1  snprintf_                            
7018d901  SOC_getCoreName                      
7018d938  CycleCounterP_getCount32             
7018d940  PmuP_setup                           
7018d948  PmuP_enableCounters                  
7018d950  PmuP_disableCounters                 
7018d958  PmuP_getOverflowStatus               
7018d960  PmuP_clearOverflowStatus             
7018d968  PmuP_setUserEnable                   
7018d9b1  EDMA_getRegionId                     
7018da71  IpcNotify_syncCallback               
7018daf1  MCAN_calcCfgAddr                     
7018db71  TimerP_Params_initPriv               
7018dbf1  motor_get_config                     
7018dcf1  MCAN_isMemInitDone                   
7018dd31  TimerP_getCountPriv                  
7018de51  gateway_signal_motor_config_ready    
7018de81  UART_lld_dmaInit                     
7018dee1  DebugP_logZoneEnable                 
7018df41  MCAN_clearNewDataStatus              
7018df71  MCAN_getNewDataStatus                
7018dfa1  SemaphoreP_constructBinary           
7018e031  UART_intr2Disable                    
7018e061  UART_operatingModeSelect             
7018e0c1  CSL_armR5GetCpuID                    
7018e0f1  vprintf_                             
7018e121  EDMA_disableQdmaEvtRegion            
7018e151  EDMA_enableQdmaEvtRegion             
7018e1b1  IpcNotify_allocSwQueue               
7018e211  IpcNotify_getConfig                  
7018e241  SemaphoreP_constructMutex            
7018e301  UART_getBaseAddr                     
7018e324  __aeabi_uldivmod                     
7018e381  EDMA_channelToParamMap               
7018e3b1  gateway_ringbuf_core1_receive        
7018e3e1  ClockP_isActive                      
7018e401  ClockP_usecToTicks                   
7018e461  ClockP_Params_init                   
7018e481  EDMA_getEventStatusHigh              
7018e4a1  MCAN_setOpMode                       
7018e4c1  SOC_getSelfCpuClk                    
7018e4e1  SOC_moduleClockEnable                
7018e501  TimerP_isr0                          
7018e541  UART_lld_Transaction_deInit          
7018e561  EDMA_getEventStatus                  
7018e5dc  TI_memcpy_small                      
7018e601  MCAN_clearIntrStatus                 
7018e621  MCAN_getOpMode                       
7018e681  ClockP_ticksToUsec                   
7018e6a1  EDMA_isInterruptEnabled              
7018e6e1  IpcNotify_trigInterrupt              
7018e701  SemaphoreP_Params_init               
7018e721  TimerP_getReloadCountPriv            
7018e781  UART_putChar                         
7018e798  TI_memset_small                      
7018e7b1  IpcNotify_sendSync                   
7018e7d1  MCAN_getIntrStatus                   
7018e7f1  TimerP_startPriv                     
7018e811  TimerP_stopPriv                      
7018e8d1  TimerP_clearOverflowIntPriv          
7018e8f1  TimerP_setup                         
7018e911  putchar_                             
7018e931  Pinmux_init                          
7018e951  gateway_check_emergency_stop         
7018e991  imu_uart_is_initialized              
7018e9b1  yis320_get_timestamp_ms              
7018ea11  ClockP_getTimerCount                 
7018ea21  ClockP_timerClearOverflowInt         
7018eaa1  TimerP_Params_init                   
7018eab1  TimerP_clearOverflowInt              
7018eac1  TimerP_getCount                      
7018ead1  TimerP_getReloadCount                
7018eae1  TimerP_start                         
7018eb01  gateway_notify_imu_ready             
7018eb11  gateway_notify_states_ready          
7018eb21  yis320_uart_configure                
7018eb31  Board_driversOpen                    
7018eb41  ClockP_getTicks                      
7018eb51  Drivers_open                         
7018eb61  PowerClock_init                      
7018ebe1  Drivers_uartInit                     
7018ec11  SemaphoreP_destruct                  
7018ec21  Board_driversClose                   
7018ec31  Board_init                           
7018ec41  Drivers_mcanOpen                     
7018ec51  IpcNotify_wait                       
7018ec61  TaskP_yield                          
7018f0c0  gCacheConfig                         
7018f0c8  gMpuConfig                           
7018f0d4  gMpuRegionConfig                     
7018f370  gADPLLJConfigTbl                     
7018f592  gCR5ClkSrcInfoMap                    
70190cb4  gPeripheralClkSrcInfoMap             
70191054  gXTALInfo                            
701910a0  gCacheL1dCacheLineSize               
701910a4  gCacheL1pCacheLineSize               
701910b8  __BSS_START                          
70191c38  gHwiCtrl                             
70192444  g_yis320_private_data                
7019284c  g_motor_lookup                       
70193684  gIpcNotifyCtrl                       
701938f0  gClockCtrl                           
70193910  virtToPhymap                         
70193934  gTimerBaseAddr                       
70193938  gTimerHwiObj                         
7019393c  gUartHandle                          
70193940  __BSS_END                            
70193940  __stack                              
70197940  __STACK_END                          
70197941  HwiP_enableInt                       
70197981  HwiP_disableInt                      
701979e1  HwiP_restoreInt                      
70197a11  HwiP_clearInt                        
70197a51  HwiP_post                            
70197a91  HwiP_Params_init                     
70197ac1  HwiP_construct                       
70197cb1  HwiP_destruct                        
70197d21  HwiP_init                            
70197ed1  HwiP_inISR                           
70197f01  HwiP_setVimIrqPriMaskNonAtomic       
70197f51  HwiP_setVimIrqPriMaskAtomic          
70197ff1  HwiP_restoreVimIrqPriMask            
70198001  HwiP_irq_handler_c                   
701981a1  HwiP_fiq_handler                     
70198301  HwiP_reserved_handler                
70198341  HwiP_undefined_handler_c             
70198361  HwiP_user_undefined_handler_c        
70198381  HwiP_svc_handler                     
701983c1  HwiP_prefetch_abort_handler_c        
70198461  HwiP_user_prefetch_abort_handler_c   
701984a1  HwiP_data_abort_handler_c            
70198561  HwiP_user_data_abort_handler_c       
7019859c  HwiP_irq_handler                     
70198610  HwiP_data_abort_handler              
70198654  HwiP_prefetch_abort_handler          
701986a0  HwiP_undefined_handler               
701986d0  GET_DFSR                             
701986d8  GET_ADFSR                            
701986e0  GET_DFAR                             
701986e8  GET_IFSR                             
701986f0  GET_AIFSR                            
701986f8  GET_IFAR                             
70198700  GET_SPSR                             
70198718  HwiP_disable                         
70198728  HwiP_disableFIQ                      
70198738  HwiP_enable                          
70198748  HwiP_enableFIQ                       
70198758  HwiP_restore                         
70198760  HwiP_enableVIC                       
70198770  HwiP_disableVIC                      
70198780  HwiP_getCPSR                         
70198790  CacheP_disableL1d                    
701987b8  CacheP_disableL1p                    
701987d0  CacheP_enableL1d                     
701987e8  CacheP_enableL1p                     
70198800  CacheP_invL1d                        
70198838  CacheP_invL1p                        
70198874  CacheP_invL1dAll                     
7019887c  CacheP_invL1pAll                     
70198884  CacheP_wb                            
701988c0  CacheP_wbInv                         
701988fc  CacheP_wbAll                         
701989a4  CacheP_wbInvAll                      
701989bc  CacheP_wbInvAllAsm                   
70198a5c  CacheP_getEnabled                    
70198a94  CacheP_getCacheLevelInfo             
70198aa0  CacheP_configForceWrThru             
70198ac0  CacheP_setDLFO                       
70198ad1  CacheP_init                          
70198b61  CacheP_disable                       
70198bb1  CacheP_enable                        
70198bf1  CacheP_inv                           
70198c31  MpuP_getAttrs                        
70198c91  MpuP_RegionAttrs_init                
70198cc1  MpuP_setRegion                       
70198d51  MpuP_isEnable                        
70198d61  MpuP_disable                         
70198da1  MpuP_enable                          
70198df1  MpuP_init                            
70198e91  MpuP_isUserAuthorizedToAccessMemory  
70198f70  MpuP_disableAsm                      
70198f88  MpuP_disableBRAsm                    
70198f98  MpuP_enableAsm                       
70198fb0  MpuP_enableBRAsm                     
70198fc0  MpuP_isEnableAsm                     
70198fd4  MpuP_setRegionAsm                    
70198ff0  _c_int00_sbl                         
70199014  _c_int00                             
70199141  _DebugP_assertNoLog                  
70199171  _system_pre_init                     
701991a1  __mpu_init                           
701991b0  abort                                
701991b8  gEdmaConfig                          
701991b8  gUartDmaHandle                       
701992dc  gIpcNotifyMailboxConfig              
701994b4  gSocModulesClockFrequency            
7019952c  gUartParams                          
70199584  gSocModules                          
701995c4  gClockConfig                         
701995dc  gIpcNotifyInterruptConfig_r5fss1_1   
70199608  gIpcNotifyCoreIntrBitPos             
70199628  gAddrTranslateConfig                 
7019963c  gUartConfig                          
70199650  gDebugLogZone                        
7019965c  gEdmaConfigNum                       
70199660  gHwiConfig                           
70199664  gIpcNotifyInterruptConfigNum_r5fss1_1
70199668  gUartConfigNum                       
7019966c  gUartDmaChConfig                     
701996b8  isMapAvailable                       
701996c0  __IRQ_STACK_START                    
701997c0  __FIQ_STACK_START                    
701997c0  __IRQ_STACK_END                      
701998c0  __FIQ_STACK_END                      
701998c0  __SVC_STACK_START                    
7019a8c0  __ABORT_STACK_START                  
7019a8c0  __SVC_STACK_END                      
7019a9c0  __ABORT_STACK_END                    
7019a9c0  __UNDEFINED_STACK_START              
7019aac0  __UNDEFINED_STACK_END                
70200000  gGatewaySharedMem                    
70204e14  dbg_ipc_send_count                   
70204e18  dbg_ipc_register_count               
70204e1c  dbg_imu_uart_isr_count               
70204e20  dbg_imu_rx_byte_count                
70204e24  dbg_imu_frame_count                  
70204e28  dbg_can_rx_count                     
70204e2c  dbg_can_tx_count                     
70208000  gDebugShmLog                         
ffffffff  __TI_pprof_out_hndl                  
ffffffff  __TI_prof_data_size                  
ffffffff  __TI_prof_data_start                 
ffffffff  __binit__                            
ffffffff  binit                                
UNDEFED   __TI_CINIT_Base                      
UNDEFED   __TI_CINIT_Limit                     
UNDEFED   __TI_Handler_Table_Base              
UNDEFED   __TI_Handler_Table_Limit             
UNDEFED   _system_post_cinit                   

[414 symbols]
