******************************************************************************
            TI ARM Clang Linker PC v4.0.4                      
******************************************************************************
>> Linked Thu Mar 26 20:17:07 2026

OUTPUT FILE NAME:   <ccu_ti_multi_core_realtime.out>
ENTRY POINT SYMBOL: "_vectors"  address: 00000000


MEMORY CONFIGURATION

         name            origin    length      used     unused   attr    fill
----------------------  --------  ---------  --------  --------  ----  --------
  R5F_VECS              00000000   00000040  00000040  00000000  RWIX
  R5F_TCMA              00000040   00007fc0  00000000  00007fc0  RWIX
  R5F_TCMB              00080000   00008000  00000000  00008000  RWIX
  MAILBOX_HSM           44000000   000003ce  00000000  000003ce  RWIX
  MAILBOX_R5F           44000400   000003ce  00000000  000003ce  RWIX
  FLASH                 60180000   00080000  00000000  00080000  RWIX
  OCRAM                 70100000   00080000  00014770  0006b890  RWIX
  USER_SHM_MEM          70200000   00008000  000042e4  00003d1c  RWIX
  LOG_SHM_MEM           70208000   00004000  00002000  00002000  RWIX
  RTOS_NORTOS_IPC_SHM_M 72000000   00003e80  00000000  00003e80  RWIX


SEGMENT ALLOCATION MAP

run origin  load origin   length   init length attrs members
----------  ----------- ---------- ----------- ----- -------
00000000    00000000    00000040   00000040    r-x
  00000000    00000000    00000040   00000040    r-x .vectors
70100000    70100000    0000cc08   0000cc08    r-x
  70100000    70100000    0000b7a0   0000b7a0    r-x .text
  7010b7a0    7010b7a0    00001468   00001468    r-- .rodata
7010cc08    7010cc08    00004c38   00000000    rw-
  7010cc08    7010cc08    00000c38   00000000    rw- .bss
  7010d840    7010d840    00004000   00000000    rw- .stack
70111840    70111840    00001878   00001878    r-x
  70111840    70111840    00000e50   00000e50    r-x .text.hwi
  70112690    70112690    000004a0   000004a0    r-x .text.cache
  70112b30    70112b30    000003c0   000003c0    r-x .text.mpu
  70112ef0    70112ef0    000001c0   000001c0    r-x .text.boot
  701130b0    701130b0    00000008   00000008    r-x .text:abort
701130b8    701130b8    000016b8   000002b8    rw-
  701130b8    701130b8    000002b8   000002b8    rw- .data
  70113370    70113370    00000100   00000000    rw- .irqstack
  70113470    70113470    00000100   00000000    rw- .fiqstack
  70113570    70113570    00001000   00000000    rw- .svcstack
  70114570    70114570    00000100   00000000    rw- .abortstack
  70114670    70114670    00000100   00000000    rw- .undefinedstack


SECTION ALLOCATION MAP

 output                                  attributes/
section   page    origin      length       input sections
--------  ----  ----------  ----------   ----------------
.vectors   0    00000000    00000040     
                  00000000    00000040     nortos.am263px.r5f.ti-arm-clang.debug.lib : HwiP_armv7r_vectors_nortos_asm.obj (.vectors)

.text      0    70100000    0000b7a0     
                  70100000    00000a34     nortos.am263px.r5f.ti-arm-clang.debug.lib : printf.obj (.text._vsnprintf)
                  70100a34    0000000c     libclang_rt.builtins.a : aeabi_memset.S.obj (.text.__aeabi_memclr)
                  70100a40    00000678     drivers.am263px.r5f.ti-arm-clang.nortos.debug.lib : soc_rcm.obj (.text.SOC_rcmGetClkSrcAndDivReg)
                  701010b8    00000008     libsysbm.a : hostexit.c.obj (.text.HOSTexit)
                  701010c0    00000638     drivers.am263px.r5f.ti-arm-clang.nortos.debug.lib : soc_rcm.obj (.text.SOC_rcmEnablePeripheralClock)
                  701016f8    00000004     libclang_rt.builtins.a : aeabi_div0.c.obj (.text.__aeabi_ldiv0)
                  701016fc    00000004                            : aeabi_memcpy.S.obj (.text.__aeabi_memcpy)
                  70101700    000005e2     nortos.am263px.r5f.ti-arm-clang.debug.lib : printf.obj (.text._ftoa)
                  70101ce2    00000002     --HOLE-- [fill = 0]
                  70101ce4    0000000c                                               : CpuId_armv7r_asm.obj (.text)
                  70101cf0    000004b0                                               : printf.obj (.text._etoa)
                  701021a0    00000400     drivers.am263px.r5f.ti-arm-clang.nortos.debug.lib : uart_v0.obj (.text.UART_open)
                  701025a0    000003dc                                                       : ipc_notify_v1.obj (.text.IpcNotify_init)
                  7010297c    00000004     --HOLE-- [fill = 0]
                  70102980    00000302                                                       : soc.obj (.text.SOC_virtToPhy)
                  70102c82    0000000e     --HOLE-- [fill = 0]
                  70102c90    000002ec     main.o (.text.main_loop)
                  70102f7c    00000004     --HOLE-- [fill = 0]
                  70102f80    0000027e     drivers.am263px.r5f.ti-arm-clang.nortos.debug.lib : uart_dma_edma.obj (.text.UART_edmaChInit)
                  701031fe    00000002     --HOLE-- [fill = 0]
                  70103200    00000250                                                       : edma.obj (.text.Alloc_resource)
                  70103450    00000242                                                       : uart_v0_lld.obj (.text.UART_fifoConfig)
                  70103692    0000000e     --HOLE-- [fill = 0]
                  701036a0    0000023e     nortos.am263px.r5f.ti-arm-clang.debug.lib : printf.obj (.text._ntoa_format)
                  701038de    00000002     --HOLE-- [fill = 0]
                  701038e0    00000226     drivers.am263px.r5f.ti-arm-clang.nortos.debug.lib : uart_dma_edma.obj (.text.UART_lld_dmaDeInit)
                  70103b06    0000000a     --HOLE-- [fill = 0]
                  70103b10    00000222                                                       : ipc_notify_v1.obj (.text.IpcNotify_isr)
                  70103d32    0000000e     --HOLE-- [fill = 0]
                  70103d40    000001e8     main.o (.text.core1_init)
                  70103f28    00000008     --HOLE-- [fill = 0]
                  70103f30    000001d6     nortos.am263px.r5f.ti-arm-clang.debug.lib : TimerP_rti_priv.obj (.text.TimerP_setupPriv)
                  70104106    0000000a     --HOLE-- [fill = 0]
                  70104110    000001aa     drivers.am263px.r5f.ti-arm-clang.nortos.debug.lib : uart_dma_edma.obj (.text.UART_lld_dmaWrite)
                  701042ba    00000006     --HOLE-- [fill = 0]
                  701042c0    000001a8                                                       : uart_v0.obj (.text.UART_close)
                  70104468    00000008     --HOLE-- [fill = 0]
                  70104470    00000198                                                       : uart_v0_lld.obj (.text.UART_lld_controllerIsr)
                  70104608    00000008     --HOLE-- [fill = 0]
                  70104610    00000186                                                       : mcan.obj (.text.MCAN_readMsg)
                  70104796    0000000a     --HOLE-- [fill = 0]
                  701047a0    0000017e     can_interface.o (.text.can_rx_isr)
                  7010491e    00000002     --HOLE-- [fill = 0]
                  70104920    00000162     drivers.am263px.r5f.ti-arm-clang.nortos.debug.lib : edma.obj (.text.EDMA_unregisterIntr)
                  70104a82    0000000e     --HOLE-- [fill = 0]
                  70104a90    00000158                                                       : soc.obj (.text.SOC_controlModuleUnlockMMR)
                  70104be8    00000008     --HOLE-- [fill = 0]
                  70104bf0    00000152                                                       : uart_v0_lld.obj (.text.UART_lld_initDma)
                  70104d42    0000000e     --HOLE-- [fill = 0]
                  70104d50    00000150     nortos.am263px.r5f.ti-arm-clang.debug.lib : DebugP_shmLogWriter.obj (.text.DebugP_shmLogWriterPutChar)
                  70104ea0    0000013a     drivers.am263px.r5f.ti-arm-clang.nortos.debug.lib : edma.obj (.text.EDMA_isDmaChannelAllocated)
                  70104fda    00000006     --HOLE-- [fill = 0]
                  70104fe0    0000013a     main.o (.text.ipc_notify_callback_fxn)
                  7010511a    00000006     --HOLE-- [fill = 0]
                  70105120    00000138     drivers.am263px.r5f.ti-arm-clang.nortos.debug.lib : mcan.obj (.text.MCAN_readMsgRam)
                  70105258    00000008     --HOLE-- [fill = 0]
                  70105260    00000138     nortos.am263px.r5f.ti-arm-clang.debug.lib : printf.obj (.text._ntoa_long_long)
                  70105398    00000008     --HOLE-- [fill = 0]
                  701053a0    00000136                                               : ClockP_nortos_r5.obj (.text.ClockP_init)
                  701054d6    0000000a     --HOLE-- [fill = 0]
                  701054e0    00000136     drivers.am263px.r5f.ti-arm-clang.nortos.debug.lib : uart_v0_lld.obj (.text.UART_procLineStatusErr)
                  70105616    0000000a     --HOLE-- [fill = 0]
                  70105620    00000134                                                       : edma.obj (.text.EDMA_registerIntr)
                  70105754    0000000c     --HOLE-- [fill = 0]
                  70105760    0000012c                                                       : uart_v0_lld.obj (.text.UART_lld_init)
                  7010588c    00000004     --HOLE-- [fill = 0]
                  70105890    00000126                                                       : soc.obj (.text.SOC_controlModuleLockMMR)
                  701059b6    0000000a     --HOLE-- [fill = 0]
                  701059c0    00000120                                                       : soc_rcm.obj (.text.SOC_rcmGetPeripheralClockFrequency)
                  70105ae0    0000011c     nortos.am263px.r5f.ti-arm-clang.debug.lib : DebugP_shmLogWriter.obj (.text.DebugP_shmLogWriterPutLine)
                  70105bfc    00000004     --HOLE-- [fill = 0]
                  70105c00    0000011c     drivers.am263px.r5f.ti-arm-clang.nortos.debug.lib : uart_dma_edma.obj (.text.UART_lld_dmaRead)
                  70105d1c    00000118     libclang_rt.builtins.a : udivmoddi4.S.obj (.text)
                  70105e34    0000000c     --HOLE-- [fill = 0]
                  70105e40    00000116     drivers.am263px.r5f.ti-arm-clang.nortos.debug.lib : edma.obj (.text.EDMA_isTccAllocated)
                  70105f56    0000000a     --HOLE-- [fill = 0]
                  70105f60    00000116                                                       : uart_v0_lld.obj (.text.UART_divisorLatchWrite)
                  70106076    0000000a     --HOLE-- [fill = 0]
                  70106080    00000114     nortos.am263px.r5f.ti-arm-clang.debug.lib : printf.obj (.text._ntoa_long)
                  70106194    0000000c     --HOLE-- [fill = 0]
                  701061a0    0000010e     drivers.am263px.r5f.ti-arm-clang.nortos.debug.lib : soc_rcm.obj (.text.SOC_rcmADPLLJGetFOut)
                  701062ae    00000002     --HOLE-- [fill = 0]
                  701062b0    0000010a                                                       : ipc_notify_v1.obj (.text.IpcNotify_sendMsg)
                  701063ba    00000006     --HOLE-- [fill = 0]
                  701063c0    00000104                                                       : uart_v0_lld.obj (.text.UART_configInstance)
                  701064c4    0000000c     --HOLE-- [fill = 0]
                  701064d0    00000104     gateway_shared.o (.text.gateway_ringbuf_write)
                  701065d4    0000000c     --HOLE-- [fill = 0]
                  701065e0    00000102     nortos.am263px.r5f.ti-arm-clang.debug.lib : SemaphoreP_nortos.obj (.text.SemaphoreP_pend)
                  701066e2    0000000e     --HOLE-- [fill = 0]
                  701066f0    00000102     gateway_shared.o (.text.gateway_ringbuf_read)
                  701067f2    0000000e     --HOLE-- [fill = 0]
                  70106800    000000f0     can_interface.o (.text.CAN_StartRxInterrupts)
                  701068f0    000000e6     drivers.am263px.r5f.ti-arm-clang.nortos.debug.lib : soc_rcm.obj (.text.SOC_rcmGetCoreFout)
                  701069d6    0000000a     --HOLE-- [fill = 0]
                  701069e0    000000e6                                                       : soc_rcm.obj (.text.SOC_rcmGetPerFout)
                  70106ac6    0000000a     --HOLE-- [fill = 0]
                  70106ad0    000000e4                                                       : edma.obj (.text.EDMA_freeChannelRegion)
                  70106bb4    0000000c     --HOLE-- [fill = 0]
                  70106bc0    000000e2                                                       : edma.obj (.text.EDMA_freeParam)
                  70106ca2    0000000e     --HOLE-- [fill = 0]
                  70106cb0    000000e0                                                       : edma.obj (.text.EDMA_freeDmaChannel)
                  70106d90    000000e0                                                       : edma.obj (.text.EDMA_freeTcc)
                  70106e70    000000de                                                       : uart_v0_lld.obj (.text.UART_intrEnable)
                  70106f4e    00000002     --HOLE-- [fill = 0]
                  70106f50    000000da                                                       : uart_v0_lld.obj (.text.UART_intrDisable)
                  7010702a    00000006     --HOLE-- [fill = 0]
                  70107030    000000d0     nortos.am263px.r5f.ti-arm-clang.debug.lib : AddrTranslateP_32bit.obj (.text.AddrTranslateP_getLocalAddr)
                  70107100    000000ce     drivers.am263px.r5f.ti-arm-clang.nortos.debug.lib : edma.obj (.text.EDMA_disableChInShadowRegRegion)
                  701071ce    00000002     --HOLE-- [fill = 0]
                  701071d0    000000cc                                                       : edma.obj (.text.EDMA_enableChInShadowRegRegion)
                  7010729c    00000004     --HOLE-- [fill = 0]
                  701072a0    000000c4                                                       : edma.obj (.text.EDMA_mapChToEvtQ)
                  70107364    0000000c     --HOLE-- [fill = 0]
                  70107370    000000c0                                                       : edma.obj (.text.EDMA_configureChannelRegion)
                  70107430    000000c0                                                       : soc_rcm.obj (.text.SOC_rcmGetPerHSDivOut)
                  701074f0    000000c0                                                       : uart_v0.obj (.text.UART_flushTxFifo)
                  701075b0    000000c0     nortos.am263px.r5f.ti-arm-clang.debug.lib : printf.obj (.text._out_rev)
                  70107670    000000be                                               : ClockP_nortos.obj (.text.ClockP_timerTickIsr)
                  7010772e    00000002     --HOLE-- [fill = 0]
                  70107730    000000be     ti_dpl_config.o (.text.TimerP_init)
                  701077ee    00000002     --HOLE-- [fill = 0]
                  701077f0    000000ba     nortos.am263px.r5f.ti-arm-clang.debug.lib : ClockP_nortos.obj (.text.ClockP_stop)
                  701078aa    00000006     --HOLE-- [fill = 0]
                  701078b0    000000ba     drivers.am263px.r5f.ti-arm-clang.nortos.debug.lib : ipc_notify_v1.obj (.text.IpcNotify_waitSync)
                  7010796a    00000006     --HOLE-- [fill = 0]
                  70107970    000000ba     nortos.am263px.r5f.ti-arm-clang.debug.lib : PmuP_armv7r.obj (.text.pmu)
                  70107a2a    00000006     --HOLE-- [fill = 0]
                  70107a30    000000b0     drivers.am263px.r5f.ti-arm-clang.nortos.debug.lib : soc_rcm.obj (.text.SOC_rcmSetPeripheralClock)
                  70107ae0    000000b0                                                       : uart_v0.obj (.text.UART_init)
                  70107b90    000000ae                                                       : mcan.obj (.text.MCAN_getOffsetAddr)
                  70107c3e    00000002     --HOLE-- [fill = 0]
                  70107c40    000000ac     gateway_shared.o (.text.gateway_core1_wait_for_ready)
                  70107cec    00000004     --HOLE-- [fill = 0]
                  70107cf0    000000a8     nortos.am263px.r5f.ti-arm-clang.debug.lib : ClockP_nortos.obj (.text.ClockP_addToList)
                  70107d98    00000008     --HOLE-- [fill = 0]
                  70107da0    000000a8                                               : ClockP_nortos.obj (.text.ClockP_destruct)
                  70107e48    00000008     --HOLE-- [fill = 0]
                  70107e50    000000a8     ti_drivers_open_close.o (.text.Drivers_uartOpen)
                  70107ef8    00000008     --HOLE-- [fill = 0]
                  70107f00    000000a0     drivers.am263px.r5f.ti-arm-clang.nortos.debug.lib : soc_rcm.obj (.text.SOC_rcmGetCoreHSDivOut)
                  70107fa0    00000098                                                       : ipc_notify_v1.obj (.text.IpcNotify_registerClient)
                  70108038    00000008     --HOLE-- [fill = 0]
                  70108040    00000096                                                       : uart_v0_lld.obj (.text.UART_subConfigTCRTLRModeEn)
                  701080d6    0000000a     --HOLE-- [fill = 0]
                  701080e0    00000092     nortos.am263px.r5f.ti-arm-clang.debug.lib : ClockP_nortos.obj (.text.ClockP_getTimeUsec)
                  70108172    0000000e     --HOLE-- [fill = 0]
                  70108180    00000092     drivers.am263px.r5f.ti-arm-clang.nortos.debug.lib : edma.obj (.text.EDMA_unmapChToEvtQ)
                  70108212    0000000e     --HOLE-- [fill = 0]
                  70108220    0000008e     gateway_shared.o (.text.gateway_core1_ipc_callback)
                  701082ae    00000002     --HOLE-- [fill = 0]
                  701082b0    0000008c     drivers.am263px.r5f.ti-arm-clang.nortos.debug.lib : edma.obj (.text.EDMA_disableTransferRegion)
                  7010833c    00000004     --HOLE-- [fill = 0]
                  70108340    0000008c                                                       : edma.obj (.text.EDMA_enableTransferRegion)
                  701083cc    00000004     --HOLE-- [fill = 0]
                  701083d0    00000088                                                       : uart_dma_edma.obj (.text.UART_edmaIsrRx)
                  70108458    00000008     --HOLE-- [fill = 0]
                  70108460    00000088                                                       : uart_dma_edma.obj (.text.UART_edmaIsrTx)
                  701084e8    00000008     --HOLE-- [fill = 0]
                  701084f0    00000086                                                       : uart_v0_lld.obj (.text.UART_lld_flushTxFifo)
                  70108576    0000000a     --HOLE-- [fill = 0]
                  70108580    00000086                                                       : uart_v0_lld.obj (.text.UART_tcrTlrBitValRestore)
                  70108606    0000000a     --HOLE-- [fill = 0]
                  70108610    00000084     dispatcher_timer.o (.text.disp_timer_isr_callback)
                  70108694    0000000c     --HOLE-- [fill = 0]
                  701086a0    00000082     drivers.am263px.r5f.ti-arm-clang.nortos.debug.lib : edma.obj (.text.EDMA_allocDmaChannel)
                  70108722    0000000e     --HOLE-- [fill = 0]
                  70108730    00000082                                                       : edma.obj (.text.EDMA_allocParam)
                  701087b2    0000000e     --HOLE-- [fill = 0]
                  701087c0    00000082                                                       : edma.obj (.text.EDMA_allocTcc)
                  70108842    0000000e     --HOLE-- [fill = 0]
                  70108850    00000082                                                       : edma.obj (.text.EDMA_disableTccInShadowRegRegion)
                  701088d2    0000000e     --HOLE-- [fill = 0]
                  701088e0    00000082                                                       : edma.obj (.text.EDMA_enableTccInShadowRegRegion)
                  70108962    0000000e     --HOLE-- [fill = 0]
                  70108970    00000082                                                       : ipc_notify_v1.obj (.text.IpcNotify_syncAll)
                  701089f2    0000000e     --HOLE-- [fill = 0]
                  70108a00    00000080                                                       : uart_v0_lld.obj (.text.UART_moduleReset)
                  70108a80    0000007e                                                       : uart_v0_lld.obj (.text.UART_readData)
                  70108afe    00000002     --HOLE-- [fill = 0]
                  70108b00    0000007c     nortos.am263px.r5f.ti-arm-clang.debug.lib : DebugP_log.obj (.text._DebugP_assert)
                  70108b7c    00000004     --HOLE-- [fill = 0]
                  70108b80    0000007c     gateway_shared.o (.text.gateway_ringbuf_core1_init)
                  70108bfc    00000004     --HOLE-- [fill = 0]
                  70108c00    0000007a     drivers.am263px.r5f.ti-arm-clang.nortos.debug.lib : ipc_notify_v1.obj (.text.IpcNotify_mailboxWrite)
                  70108c7a    00000006     --HOLE-- [fill = 0]
                  70108c80    0000007a     ti_drivers_config.o (.text.System_init)
                  70108cfa    00000006     --HOLE-- [fill = 0]
                  70108d00    0000007a     drivers.am263px.r5f.ti-arm-clang.nortos.debug.lib : uart_v0.obj (.text.UART_Params_init)
                  70108d7a    00000006     --HOLE-- [fill = 0]
                  70108d80    00000078                                                       : edma.obj (.text.EDMA_linkChannel)
                  70108df8    00000008     --HOLE-- [fill = 0]
                  70108e00    00000074                                                       : uart_v0_lld.obj (.text.UART_IsBaseAddrValid)
                  70108e74    0000000c     --HOLE-- [fill = 0]
                  70108e80    00000072     nortos.am263px.r5f.ti-arm-clang.debug.lib : ClockP_nortos.obj (.text.ClockP_usleep)
                  70108ef2    0000000e     --HOLE-- [fill = 0]
                  70108f00    00000072     drivers.am263px.r5f.ti-arm-clang.nortos.debug.lib : edma.obj (.text.EDMA_clrMissEvtRegion)
                  70108f72    0000000e     --HOLE-- [fill = 0]
                  70108f80    00000072                                                       : ipc_notify_v1.obj (.text.IpcNotify_makeMsg)
                  70108ff2    0000000e     --HOLE-- [fill = 0]
                  70109000    0000006c     gateway_shared.o (.text.gateway_ringbuf_read_test_core1)
                  7010906c    00000004     --HOLE-- [fill = 0]
                  70109070    0000006a     drivers.am263px.r5f.ti-arm-clang.nortos.debug.lib : ipc_notify_v1.obj (.text.IpcNotify_mailboxReadSwQ)
                  701090da    00000006     --HOLE-- [fill = 0]
                  701090e0    00000068                                                       : edma.obj (.text.EDMA_getBaseAddr)
                  70109148    00000008     --HOLE-- [fill = 0]
                  70109150    00000068                                                       : uart_v0_lld.obj (.text.UART_divisorValCompute)
                  701091b8    00000008     --HOLE-- [fill = 0]
                  701091c0    00000064                                                       : soc_rcm.obj (.text.SOC_rcmGetR5Clock)
                  70109224    0000000c     --HOLE-- [fill = 0]
                  70109230    00000064                                                       : soc_rcm.obj (.text.SOC_rcmIsR5FInLockStepMode)
                  70109294    0000000c     --HOLE-- [fill = 0]
                  701092a0    00000064                                                       : uart_v0_lld.obj (.text.UART_fifoRegisterWrite)
                  70109304    0000000c     --HOLE-- [fill = 0]
                  70109310    00000064                                                       : uart_v0_lld.obj (.text.UART_lld_deInitDma)
                  70109374    0000000c     --HOLE-- [fill = 0]
                  70109380    00000062                                                       : soc_rcm.obj (.text.SOC_rcmInsert16)
                  701093e2    0000000e     --HOLE-- [fill = 0]
                  701093f0    00000062     nortos.am263px.r5f.ti-arm-clang.debug.lib : SemaphoreP_nortos.obj (.text.SemaphoreP_post)
                  70109452    0000000e     --HOLE-- [fill = 0]
                  70109460    00000060     drivers.am263px.r5f.ti-arm-clang.nortos.debug.lib : uart_v0_lld.obj (.text.UART_getChar)
                  701094c0    00000060                                                       : uart_v0_lld.obj (.text.UART_writeData)
                  70109520    00000060     dispatcher_timer.o (.text.disp_timer_start)
                  70109580    0000005c     ti_power_clock_config.o (.text.Module_clockSetFrequency)
                  701095dc    00000004     --HOLE-- [fill = 0]
                  701095e0    0000005c     drivers.am263px.r5f.ti-arm-clang.nortos.debug.lib : uart_v0_lld.obj (.text.UART_lld_deInit)
                  7010963c    00000004     --HOLE-- [fill = 0]
                  70109640    0000005a                                                       : uart_v0_lld.obj (.text.UART_regConfigModeEnable)
                  7010969a    00000006     --HOLE-- [fill = 0]
                  701096a0    0000005a     dispatcher_timer.o (.text.disp_timer_init)
                  701096fa    00000006     --HOLE-- [fill = 0]
                  70109700    00000058     drivers.am263px.r5f.ti-arm-clang.nortos.debug.lib : soc_rcm.obj (.text.SOC_rcmGetModuleClkDivVal)
                  70109758    00000008     --HOLE-- [fill = 0]
                  70109760    00000058     gateway_shared.o (.text.gateway_ringbuf_write_test_core1)
                  701097b8    00000008     --HOLE-- [fill = 0]
                  701097c0    00000056     drivers.am263px.r5f.ti-arm-clang.nortos.debug.lib : uart_v0.obj (.text.UART_lld_readCompleteCallback)
                  70109816    0000000a     --HOLE-- [fill = 0]
                  70109820    00000056                                                       : uart_v0.obj (.text.UART_lld_writeCompleteCallback)
                  70109876    0000000a     --HOLE-- [fill = 0]
                  70109880    00000054     ti_dpl_config.o (.text.Dpl_init)
                  701098d4    0000000c     --HOLE-- [fill = 0]
                  701098e0    00000054     drivers.am263px.r5f.ti-arm-clang.nortos.debug.lib : edma.obj (.text.EDMA_setPaRAM)
                  70109934    0000000c     --HOLE-- [fill = 0]
                  70109940    00000054                                                       : uart_v0_lld.obj (.text.UART_OperModeValid)
                  70109994    0000000c     --HOLE-- [fill = 0]
                  701099a0    00000054     main.o (.text.main)
                  701099f4    00000054     libc.a : autoinit.c.obj (.text:__TI_auto_init_nobinit_nopinit)
                  70109a48    00000008     --HOLE-- [fill = 0]
                  70109a50    00000050     ti_drivers_open_close.o (.text.Drivers_uartClose)
                  70109aa0    00000050     drivers.am263px.r5f.ti-arm-clang.nortos.debug.lib : pinmux.obj (.text.Pinmux_config)
                  70109af0    00000050                                                       : uart_v0_lld.obj (.text.UART_checkCharsAvailInFifo)
                  70109b40    0000004e     nortos.am263px.r5f.ti-arm-clang.debug.lib : DebugP_shmLogWriter.obj (.text.DebugP_shmLogWriterInit)
                  70109b8e    00000002     --HOLE-- [fill = 0]
                  70109b90    0000004e     drivers.am263px.r5f.ti-arm-clang.nortos.debug.lib : edma.obj (.text.EDMA_clrEvtRegion)
                  70109bde    00000002     --HOLE-- [fill = 0]
                  70109be0    0000004e                                                       : edma.obj (.text.EDMA_disableDmaEvtRegion)
                  70109c2e    00000002     --HOLE-- [fill = 0]
                  70109c30    0000004e                                                       : edma.obj (.text.EDMA_disableEvtIntrRegion)
                  70109c7e    00000002     --HOLE-- [fill = 0]
                  70109c80    0000004e                                                       : edma.obj (.text.EDMA_enableDmaEvtRegion)
                  70109cce    00000002     --HOLE-- [fill = 0]
                  70109cd0    0000004e                                                       : edma.obj (.text.EDMA_enableEvtIntrRegion)
                  70109d1e    00000002     --HOLE-- [fill = 0]
                  70109d20    0000004e                                                       : edma.obj (.text.EDMA_setEvtRegion)
                  70109d6e    00000002     --HOLE-- [fill = 0]
                  70109d70    0000004c     nortos.am263px.r5f.ti-arm-clang.debug.lib : ClockP_nortos.obj (.text.ClockP_construct)
                  70109dbc    00000004     --HOLE-- [fill = 0]
                  70109dc0    0000004c     drivers.am263px.r5f.ti-arm-clang.nortos.debug.lib : edma.obj (.text.EDMA_ccPaRAMEntry_init)
                  70109e0c    00000004     --HOLE-- [fill = 0]
                  70109e10    0000004c                                                       : edma.obj (.text.EDMA_mapQdmaChToPaRAM)
                  70109e5c    00000004     --HOLE-- [fill = 0]
                  70109e60    0000004c                                                       : edma.obj (.text.EDMA_readEventStatusRegion)
                  70109eac    00000004     --HOLE-- [fill = 0]
                  70109eb0    0000004c                                                       : ipc_notify_v1.obj (.text.IpcNotify_unregisterClient)
                  70109efc    00000004     --HOLE-- [fill = 0]
                  70109f00    0000004c     ti_power_clock_config.o (.text.Module_clockEnable)
                  70109f4c    00000004     --HOLE-- [fill = 0]
                  70109f50    0000004a     drivers.am263px.r5f.ti-arm-clang.nortos.debug.lib : ipc_notify_v1.obj (.text.IpcNotify_Params_init)
                  70109f9a    00000006     --HOLE-- [fill = 0]
                  70109fa0    0000004a                                                       : soc_rcm.obj (.text.SOC_rcmGetCR5SysclkInFrequency)
                  70109fea    00000006     --HOLE-- [fill = 0]
                  70109ff0    0000004a                                                       : uart_v0_lld.obj (.text.UART_getIntrIdentityStatus)
                  7010a03a    00000006     --HOLE-- [fill = 0]
                  7010a040    0000004a                                                       : uart_v0_lld.obj (.text.UART_lineCharConfig)
                  7010a08a    00000006     --HOLE-- [fill = 0]
                  7010a090    00000048                                                       : uart_v0_lld.obj (.text.UART_resetModule)
                  7010a0d8    00000008     --HOLE-- [fill = 0]
                  7010a0e0    00000046                                                       : uart_v0_lld.obj (.text.UART_i2310WA)
                  7010a126    0000000a     --HOLE-- [fill = 0]
                  7010a130    00000046                                                       : uart_v0_lld.obj (.text.UART_readLineStatus)
                  7010a176    0000000a     --HOLE-- [fill = 0]
                  7010a180    00000044                                                       : ipc_notify_v1.obj (.text.IpcNotify_getWriteMailbox)
                  7010a1c4    0000000c     --HOLE-- [fill = 0]
                  7010a1d0    00000044                                                       : soc_rcm.obj (.text.SOC_rcmExtract8)
                  7010a214    0000000c     --HOLE-- [fill = 0]
                  7010a220    00000044                                                       : soc_rcm.obj (.text.SOC_rcmMake16)
                  7010a264    0000000c     --HOLE-- [fill = 0]
                  7010a270    00000044     nortos.am263px.r5f.ti-arm-clang.debug.lib : SemaphoreP_nortos.obj (.text.SemaphoreP_construct)
                  7010a2b4    0000000c     --HOLE-- [fill = 0]
                  7010a2c0    00000044                                               : DebugP_nortos.obj (.text._DebugP_logZone)
                  7010a304    0000000c     --HOLE-- [fill = 0]
                  7010a310    00000044                                               : printf.obj (.text._strnlen_s)
                  7010a354    0000000c     --HOLE-- [fill = 0]
                  7010a360    00000044     main.o (.text.timer_isr)
                  7010a3a4    0000000c     --HOLE-- [fill = 0]
                  7010a3b0    00000042     nortos.am263px.r5f.ti-arm-clang.debug.lib : ClockP_nortos.obj (.text.ClockP_start)
                  7010a3f2    0000000e     --HOLE-- [fill = 0]
                  7010a400    00000042     ti_drivers_config.o (.text.IpcNotify_allocSwQueue)
                  7010a442    0000000e     --HOLE-- [fill = 0]
                  7010a450    00000042     drivers.am263px.r5f.ti-arm-clang.nortos.debug.lib : uart_v0.obj (.text.UART_checkOpenParams)
                  7010a492    0000000e     --HOLE-- [fill = 0]
                  7010a4a0    0000003e                                                       : pinmux.obj (.text.Pinmux_unlockMMR)
                  7010a4de    00000002     --HOLE-- [fill = 0]
                  7010a4e0    0000003e                                                       : uart_v0_lld.obj (.text.UART_IsHWFlowCtrlValid)
                  7010a51e    00000002     --HOLE-- [fill = 0]
                  7010a520    0000003e                                                       : uart_v0_lld.obj (.text.UART_spaceAvail)
                  7010a55e    00000002     --HOLE-- [fill = 0]
                  7010a560    0000003e     gateway_shared.o (.text.gateway_core1_init)
                  7010a59e    00000002     --HOLE-- [fill = 0]
                  7010a5a0    0000003e     gateway_shared.o (.text.gateway_update_heartbeat)
                  7010a5de    00000002     --HOLE-- [fill = 0]
                  7010a5e0    0000003e     main.o (.text.init_1000hz_timer)
                  7010a61e    00000002     --HOLE-- [fill = 0]
                  7010a620    0000003c     drivers.am263px.r5f.ti-arm-clang.nortos.debug.lib : uart_v0_lld.obj (.text.UART_IsParityTypeValid)
                  7010a65c    00000004     --HOLE-- [fill = 0]
                  7010a660    0000003c                                                       : uart_v0_lld.obj (.text.UART_IsTxRxFifoEmpty)
                  7010a69c    00000004     --HOLE-- [fill = 0]
                  7010a6a0    0000003c                                                       : uart_v0_lld.obj (.text.UART_enhanFuncEnable)
                  7010a6dc    00000004     --HOLE-- [fill = 0]
                  7010a6e0    0000003c     gateway_shared.o (.text.test_calc_checksum)
                  7010a71c    00000004     --HOLE-- [fill = 0]
                  7010a720    0000003a     drivers.am263px.r5f.ti-arm-clang.nortos.debug.lib : soc.obj (.text.SOC_moduleSetClockFrequency)
                  7010a75a    00000006     --HOLE-- [fill = 0]
                  7010a760    0000003a     nortos.am263px.r5f.ti-arm-clang.debug.lib : printf.obj (.text._atoi)
                  7010a79a    00000006     --HOLE-- [fill = 0]
                  7010a7a0    0000003a                                               : printf.obj (.text.snprintf_)
                  7010a7da    00000006     --HOLE-- [fill = 0]
                  7010a7e0    00000038     drivers.am263px.r5f.ti-arm-clang.nortos.debug.lib : soc.obj (.text.SOC_getCoreName)
                  7010a818    00000038     nortos.am263px.r5f.ti-arm-clang.debug.lib : PmuP_armv7r_asm.obj (.text.pmu)
                  7010a850    00000036     drivers.am263px.r5f.ti-arm-clang.nortos.debug.lib : edma.obj (.text.EDMA_getRegionId)
                  7010a886    0000000a     --HOLE-- [fill = 0]
                  7010a890    00000036                                                       : ipc_notify_v1.obj (.text.IpcNotify_syncCallback)
                  7010a8c6    0000000a     --HOLE-- [fill = 0]
                  7010a8d0    00000034                                                       : mcan.obj (.text.MCAN_calcCfgAddr)
                  7010a904    0000000c     --HOLE-- [fill = 0]
                  7010a910    00000034                                                       : pinmux.obj (.text.Pinmux_lockMMR)
                  7010a944    0000000c     --HOLE-- [fill = 0]
                  7010a950    00000034     nortos.am263px.r5f.ti-arm-clang.debug.lib : TimerP_rti_priv.obj (.text.TimerP_Params_initPriv)
                  7010a984    0000000c     --HOLE-- [fill = 0]
                  7010a990    00000034     drivers.am263px.r5f.ti-arm-clang.nortos.debug.lib : uart_v0_lld.obj (.text.UART_IsDataLengthValid)
                  7010a9c4    0000000c     --HOLE-- [fill = 0]
                  7010a9d0    00000032                                                       : uart_v0_lld.obj (.text.HW_WR_FIELD32_RAW)
                  7010aa02    0000000e     --HOLE-- [fill = 0]
                  7010aa10    00000032                                                       : ipc_notify_v1.obj (.text.IpcNotify_mailboxIsPendingIntr)
                  7010aa42    0000000e     --HOLE-- [fill = 0]
                  7010aa50    00000032     nortos.am263px.r5f.ti-arm-clang.debug.lib : TimerP_rti_priv.obj (.text.TimerP_getCountPriv)
                  7010aa82    0000000e     --HOLE-- [fill = 0]
                  7010aa90    00000032     drivers.am263px.r5f.ti-arm-clang.nortos.debug.lib : uart_v0_lld.obj (.text.UART_enhanFuncBitValRestore)
                  7010aac2    0000000e     --HOLE-- [fill = 0]
                  7010aad0    00000032                                                       : uart_v0_lld.obj (.text.UART_hardwareFlowCtrlOptSet)
                  7010ab02    0000000e     --HOLE-- [fill = 0]
                  7010ab10    00000030                                                       : ipc_notify_v1.obj (.text.IpcNotify_getReadSwQ)
                  7010ab40    00000030                                                       : uart_v0_lld.obj (.text.UART_flowCtrlTrigLvlConfig)
                  7010ab70    0000002e                                                       : uart_dma_edma.obj (.text.UART_lld_dmaInit)
                  7010ab9e    00000002     --HOLE-- [fill = 0]
                  7010aba0    0000002e     nortos.am263px.r5f.ti-arm-clang.debug.lib : printf.obj (.text._is_digit)
                  7010abce    00000002     --HOLE-- [fill = 0]
                  7010abd0    0000002c                                               : DebugP_log.obj (.text.DebugP_logZoneEnable)
                  7010abfc    00000004     --HOLE-- [fill = 0]
                  7010ac00    0000002c     drivers.am263px.r5f.ti-arm-clang.nortos.debug.lib : ipc_notify_v1.obj (.text.IpcNotify_getReadMailbox)
                  7010ac2c    00000004     --HOLE-- [fill = 0]
                  7010ac30    0000002c                                                       : mcan.obj (.text.MCAN_clearNewDataStatus)
                  7010ac5c    00000004     --HOLE-- [fill = 0]
                  7010ac60    0000002c                                                       : mcan.obj (.text.MCAN_getNewDataStatus)
                  7010ac8c    00000004     --HOLE-- [fill = 0]
                  7010ac90    0000002c     nortos.am263px.r5f.ti-arm-clang.debug.lib : SemaphoreP_nortos.obj (.text.SemaphoreP_constructBinary)
                  7010acbc    00000004     --HOLE-- [fill = 0]
                  7010acc0    0000002a                                               : ClockP_nortos.obj (.text.ClockP_sleepTicks)
                  7010acea    00000006     --HOLE-- [fill = 0]
                  7010acf0    0000002a     drivers.am263px.r5f.ti-arm-clang.nortos.debug.lib : uart_v0_lld.obj (.text.UART_intr2Disable)
                  7010ad1a    00000006     --HOLE-- [fill = 0]
                  7010ad20    0000002a                                                       : uart_v0_lld.obj (.text.UART_operatingModeSelect)
                  7010ad4a    00000006     --HOLE-- [fill = 0]
                  7010ad50    00000028     nortos.am263px.r5f.ti-arm-clang.debug.lib : CpuId_armv7r.obj (.text.CSL_armR5GetCpuID)
                  7010ad78    00000008     --HOLE-- [fill = 0]
                  7010ad80    00000028                                               : printf.obj (.text.vprintf_)
                  7010ada8    00000008     --HOLE-- [fill = 0]
                  7010adb0    00000026     drivers.am263px.r5f.ti-arm-clang.nortos.debug.lib : edma.obj (.text.EDMA_disableQdmaEvtRegion)
                  7010add6    0000000a     --HOLE-- [fill = 0]
                  7010ade0    00000026                                                       : edma.obj (.text.EDMA_enableQdmaEvtRegion)
                  7010ae06    0000000a     --HOLE-- [fill = 0]
                  7010ae10    00000026                                                       : edma.obj (.text.EDMA_validateIntrObject)
                  7010ae36    0000000a     --HOLE-- [fill = 0]
                  7010ae40    00000026     nortos.am263px.r5f.ti-arm-clang.debug.lib : printf.obj (.text._out_buffer)
                  7010ae66    0000000a     --HOLE-- [fill = 0]
                  7010ae70    00000024     ti_drivers_config.o (.text.IpcNotify_getConfig)
                  7010ae94    0000000c     --HOLE-- [fill = 0]
                  7010aea0    00000024     nortos.am263px.r5f.ti-arm-clang.debug.lib : SemaphoreP_nortos.obj (.text.SemaphoreP_constructMutex)
                  7010aec4    0000000c     --HOLE-- [fill = 0]
                  7010aed0    00000024     drivers.am263px.r5f.ti-arm-clang.nortos.debug.lib : uart_v0_lld.obj (.text.UART_IsRxTrigLvlValid)
                  7010aef4    0000000c     --HOLE-- [fill = 0]
                  7010af00    00000024                                                       : uart_v0_lld.obj (.text.UART_IsStopBitsValid)
                  7010af24    0000000c     --HOLE-- [fill = 0]
                  7010af30    00000024                                                       : uart_v0_lld.obj (.text.UART_IsTxTrigLvlValid)
                  7010af54    00000024     libclang_rt.builtins.a : aeabi_uldivmod.S.obj (.text.__aeabi_uldivmod)
                  7010af78    00000008     --HOLE-- [fill = 0]
                  7010af80    00000024     nortos.am263px.r5f.ti-arm-clang.debug.lib : printf.obj (.text._out_char)
                  7010afa4    0000000c     --HOLE-- [fill = 0]
                  7010afb0    00000024     gateway_shared.o (.text.gateway_ringbuf_core1_send)
                  7010afd4    0000000c     --HOLE-- [fill = 0]
                  7010afe0    00000022     drivers.am263px.r5f.ti-arm-clang.nortos.debug.lib : edma.obj (.text.EDMA_channelToParamMap)
                  7010b002    0000000e     --HOLE-- [fill = 0]
                  7010b010    00000022     gateway_shared.o (.text.gateway_ringbuf_core1_receive)
                  7010b032    0000000e     --HOLE-- [fill = 0]
                  7010b040    00000020     nortos.am263px.r5f.ti-arm-clang.debug.lib : ClockP_nortos.obj (.text.ClockP_isActive)
                  7010b060    00000020                                               : ClockP_nortos.obj (.text.ClockP_usecToTicks)
                  7010b080    00000020     drivers.am263px.r5f.ti-arm-clang.nortos.debug.lib : mcan.obj (.text.HW_RD_FIELD32_RAW)
                  7010b0a0    00000020                                                       : uart_v0_lld.obj (.text.HW_RD_FIELD32_RAW)
                  7010b0c0    0000001e     nortos.am263px.r5f.ti-arm-clang.debug.lib : ClockP_nortos.obj (.text.ClockP_Params_init)
                  7010b0de    00000002     --HOLE-- [fill = 0]
                  7010b0e0    0000001e     drivers.am263px.r5f.ti-arm-clang.nortos.debug.lib : edma.obj (.text.EDMA_getEventStatusHigh)
                  7010b0fe    00000002     --HOLE-- [fill = 0]
                  7010b100    0000001e                                                       : soc.obj (.text.SOC_getSelfCpuClk)
                  7010b11e    00000002     --HOLE-- [fill = 0]
                  7010b120    0000001e                                                       : soc.obj (.text.SOC_moduleClockEnable)
                  7010b13e    00000002     --HOLE-- [fill = 0]
                  7010b140    0000001e     ti_dpl_config.o (.text.TimerP_isr0)
                  7010b15e    00000002     --HOLE-- [fill = 0]
                  7010b160    0000001e     drivers.am263px.r5f.ti-arm-clang.nortos.debug.lib : uart_v0_lld.obj (.text.UART_breakCtl)
                  7010b17e    00000002     --HOLE-- [fill = 0]
                  7010b180    0000001e                                                       : uart_v0_lld.obj (.text.UART_lld_Transaction_deInit)
                  7010b19e    00000002     --HOLE-- [fill = 0]
                  7010b1a0    0000001c                                                       : edma.obj (.text.EDMA_getEventStatus)
                  7010b1bc    00000004     --HOLE-- [fill = 0]
                  7010b1c0    0000001c                                                       : uart_v0_lld.obj (.text.UART_IsParameter)
                  7010b1dc    00000004     --HOLE-- [fill = 0]
                  7010b1e0    0000001c     timer.o (.text.timerISR)
                  7010b1fc    0000001c     libc.a : memcpy32.S.obj (.text:TI_memcpy_small)
                  7010b218    00000008     --HOLE-- [fill = 0]
                  7010b220    0000001a     drivers.am263px.r5f.ti-arm-clang.nortos.debug.lib : mcan.obj (.text.MCAN_clearIntrStatus)
                  7010b23a    00000006     --HOLE-- [fill = 0]
                  7010b240    0000001a                                                       : uart_v0_lld.obj (.text.UART_fifoCharGet)
                  7010b25a    00000006     --HOLE-- [fill = 0]
                  7010b260    0000001a                                                       : uart_v0_lld.obj (.text.UART_timeGuardConfig)
                  7010b27a    00000006     --HOLE-- [fill = 0]
                  7010b280    00000018     nortos.am263px.r5f.ti-arm-clang.debug.lib : ClockP_nortos.obj (.text.ClockP_ticksToUsec)
                  7010b298    00000008     --HOLE-- [fill = 0]
                  7010b2a0    00000018     drivers.am263px.r5f.ti-arm-clang.nortos.debug.lib : edma.obj (.text.EDMA_isInterruptEnabled)
                  7010b2b8    00000008     --HOLE-- [fill = 0]
                  7010b2c0    00000018                                                       : ipc_notify_v1.obj (.text.IpcNotify_mailboxClearAllInt)
                  7010b2d8    00000008     --HOLE-- [fill = 0]
                  7010b2e0    00000018                                                       : ipc_notify_v1_cfg.obj (.text.IpcNotify_trigInterrupt)
                  7010b2f8    00000008     --HOLE-- [fill = 0]
                  7010b300    00000018     nortos.am263px.r5f.ti-arm-clang.debug.lib : SemaphoreP_nortos.obj (.text.SemaphoreP_Params_init)
                  7010b318    00000008     --HOLE-- [fill = 0]
                  7010b320    00000018                                               : TimerP_rti_priv.obj (.text.TimerP_getReloadCountPriv)
                  7010b338    00000008     --HOLE-- [fill = 0]
                  7010b340    00000018     drivers.am263px.r5f.ti-arm-clang.nortos.debug.lib : uart_v0_lld.obj (.text.UART_divisorLatchDisable)
                  7010b358    00000008     --HOLE-- [fill = 0]
                  7010b360    00000018                                                       : uart_v0_lld.obj (.text.UART_modemControlReset)
                  7010b378    00000008     --HOLE-- [fill = 0]
                  7010b380    00000018                                                       : uart_v0_lld.obj (.text.UART_putChar)
                  7010b398    00000018     libc.a : memset32.S.obj (.text:TI_memset_small)
                  7010b3b0    00000016     drivers.am263px.r5f.ti-arm-clang.nortos.debug.lib : ipc_notify_v1.obj (.text.IpcNotify_sendSync)
                  7010b3c6    0000000a     --HOLE-- [fill = 0]
                  7010b3d0    00000016                                                       : mcan.obj (.text.MCAN_getIntrStatus)
                  7010b3e6    0000000a     --HOLE-- [fill = 0]
                  7010b3f0    00000016     nortos.am263px.r5f.ti-arm-clang.debug.lib : TimerP_rti_priv.obj (.text.TimerP_startPriv)
                  7010b406    0000000a     --HOLE-- [fill = 0]
                  7010b410    00000016                                               : TimerP_rti_priv.obj (.text.TimerP_stopPriv)
                  7010b426    0000000a     --HOLE-- [fill = 0]
                  7010b430    00000016     drivers.am263px.r5f.ti-arm-clang.nortos.debug.lib : uart_v0_lld.obj (.text.UART_divideRoundCloset)
                  7010b446    0000000a     --HOLE-- [fill = 0]
                  7010b450    00000016                                                       : uart_v0_lld.obj (.text.UART_regConfModeRestore)
                  7010b466    0000000a     --HOLE-- [fill = 0]
                  7010b470    00000014                                                       : edma.obj (.text.HW_WR_REG16_RAW)
                  7010b484    0000000c     --HOLE-- [fill = 0]
                  7010b490    00000014                                                       : ipc_notify_v1.obj (.text.IpcNotify_mailboxClearPendingIntr)
                  7010b4a4    0000000c     --HOLE-- [fill = 0]
                  7010b4b0    00000014                                                       : soc_rcm.obj (.text.SOC_rcmGetModuleClkDivFromRegVal)
                  7010b4c4    0000000c     --HOLE-- [fill = 0]
                  7010b4d0    00000014     nortos.am263px.r5f.ti-arm-clang.debug.lib : TimerP_rti_priv.obj (.text.TimerP_clearOverflowIntPriv)
                  7010b4e4    0000000c     --HOLE-- [fill = 0]
                  7010b4f0    00000014                                               : TimerP_rti_nortos.obj (.text.TimerP_setup)
                  7010b504    0000000c     --HOLE-- [fill = 0]
                  7010b510    00000014     ti_dpl_config.o (.text.putchar_)
                  7010b524    0000000c     --HOLE-- [fill = 0]
                  7010b530    00000012     ti_pinmux_config.o (.text.Pinmux_init)
                  7010b542    0000000e     --HOLE-- [fill = 0]
                  7010b550    00000010     drivers.am263px.r5f.ti-arm-clang.nortos.debug.lib : pinmux.obj (.text.CSL_REG32_WR_RAW)
                  7010b560    00000010                                                       : soc.obj (.text.CSL_REG32_WR_RAW)
                  7010b570    00000010     nortos.am263px.r5f.ti-arm-clang.debug.lib : ClockP_nortos_r5.obj (.text.ClockP_getTimerCount)
                  7010b580    00000010                                               : ClockP_nortos_r5.obj (.text.ClockP_timerClearOverflowInt)
                  7010b590    00000010     drivers.am263px.r5f.ti-arm-clang.nortos.debug.lib : edma.obj (.text.HW_RD_REG32_RAW)
                  7010b5a0    00000010                                                       : mcan.obj (.text.HW_RD_REG32_RAW)
                  7010b5b0    00000010                                                       : uart_v0_lld.obj (.text.HW_RD_REG32_RAW)
                  7010b5c0    00000010                                                       : edma.obj (.text.HW_WR_REG32_RAW)
                  7010b5d0    00000010                                                       : mcan.obj (.text.HW_WR_REG32_RAW)
                  7010b5e0    00000010                                                       : uart_v0_lld.obj (.text.HW_WR_REG32_RAW)
                  7010b5f0    00000010                                                       : ipc_notify_v1.obj (.text.IpcNotify_mailboxGetPendingIntr)
                  7010b600    00000010     nortos.am263px.r5f.ti-arm-clang.debug.lib : TimerP_rti_nortos.obj (.text.TimerP_Params_init)
                  7010b610    00000010                                               : TimerP_rti_nortos.obj (.text.TimerP_clearOverflowInt)
                  7010b620    00000010                                               : TimerP_rti_nortos.obj (.text.TimerP_getCount)
                  7010b630    00000010                                               : TimerP_rti_nortos.obj (.text.TimerP_getReloadCount)
                  7010b640    00000010                                               : TimerP_rti_nortos.obj (.text.TimerP_start)
                  7010b650    00000010                                               : printf.obj (.text._out_null)
                  7010b660    00000010     gateway_shared.o (.text.gateway_notify_states_ready)
                  7010b670    00000010     gateway_shared.o (.text.gateway_ringbuf_core1_notify)
                  7010b680    0000000c     ti_board_open_close.o (.text.Board_driversOpen)
                  7010b68c    00000004     --HOLE-- [fill = 0]
                  7010b690    0000000c     nortos.am263px.r5f.ti-arm-clang.debug.lib : ClockP_nortos.obj (.text.ClockP_getTicks)
                  7010b69c    00000004     --HOLE-- [fill = 0]
                  7010b6a0    0000000c     ti_power_clock_config.o (.text.PowerClock_init)
                  7010b6ac    00000004     --HOLE-- [fill = 0]
                  7010b6b0    0000000a     nortos.am263px.r5f.ti-arm-clang.debug.lib : HwiP_armv7r_vim.obj (.text.Hwip_dataAndInstructionBarrier)
                  7010b6ba    00000006     --HOLE-- [fill = 0]
                  7010b6c0    0000000a     drivers.am263px.r5f.ti-arm-clang.nortos.debug.lib : ipc_notify_v1.obj (.text.IpcNotify_dataAndInstructionBarrier)
                  7010b6ca    00000006     --HOLE-- [fill = 0]
                  7010b6d0    0000000a                                                       : soc_rcm.obj (.text.SOC_rcmGetBaseAddressMSSRCM)
                  7010b6da    00000006     --HOLE-- [fill = 0]
                  7010b6e0    0000000a                                                       : uart_dma_edma.obj (.text.UART_edmaDoNothing)
                  7010b6ea    00000006     --HOLE-- [fill = 0]
                  7010b6f0    0000000a     gateway_shared.o (.text.gateway_memory_barrier)
                  7010b6fa    00000006     --HOLE-- [fill = 0]
                  7010b700    0000000a     gateway_shared.o (.text.ringbuf_get_ptr)
                  7010b70a    00000006     --HOLE-- [fill = 0]
                  7010b710    00000008     ti_drivers_open_close.o (.text.Drivers_open)
                  7010b718    00000008     --HOLE-- [fill = 0]
                  7010b720    00000008     ti_drivers_config.o (.text.Drivers_uartInit)
                  7010b728    00000008     --HOLE-- [fill = 0]
                  7010b730    00000008     drivers.am263px.r5f.ti-arm-clang.nortos.debug.lib : soc_rcm.obj (.text.SOC_rcmGetBaseAddressMSSCTRL)
                  7010b738    00000008     --HOLE-- [fill = 0]
                  7010b740    00000008                                                       : soc_rcm.obj (.text.SOC_rcmGetBaseAddressTOPRCM)
                  7010b748    00000008     --HOLE-- [fill = 0]
                  7010b750    00000008     nortos.am263px.r5f.ti-arm-clang.debug.lib : SemaphoreP_nortos.obj (.text.SemaphoreP_destruct)
                  7010b758    00000008     --HOLE-- [fill = 0]
                  7010b760    00000002     ti_board_open_close.o (.text.Board_driversClose)
                  7010b762    0000000e     --HOLE-- [fill = 0]
                  7010b770    00000002     ti_board_config.o (.text.Board_init)
                  7010b772    0000000e     --HOLE-- [fill = 0]
                  7010b780    00000002     drivers.am263px.r5f.ti-arm-clang.nortos.debug.lib : ipc_notify_v1_cfg.obj (.text.IpcNotify_wait)
                  7010b782    0000000e     --HOLE-- [fill = 0]
                  7010b790    00000002     nortos.am263px.r5f.ti-arm-clang.debug.lib : TaskP_nortos.obj (.text.TaskP_yield)
                  7010b792    0000000e     --HOLE-- [fill = 0]

.rodata    0    7010b7a0    00001468     
                  7010b7a0    00000084     ti_dpl_config.o (.rodata.cfg)
                  7010b824    00000004     nortos.am263px.r5f.ti-arm-clang.debug.lib : CacheP_armv7r.obj (.rodata.gCacheL1dCacheLineSize)
                  7010b828    00000050                                               : printf.obj (.rodata._ftoa.pow10)
                  7010b878    0000004a     main.o (.rodata.str1.7784929982665794503.1)
                  7010b8c2    0000004a     main.o (.rodata.str1.8320541211001259012.1)
                  7010b90c    00000048     drivers.am263px.r5f.ti-arm-clang.nortos.debug.lib : soc_rcm.obj (.rodata.gADPLLJConfigTbl)
                  7010b954    00000046     main.o (.rodata.str1.17045314124001216156.1)
                  7010b99a    00000043     main.o (.rodata.str1.39260288392874984.1)
                  7010b9dd    00000043     main.o (.rodata.str1.8108965883388295311.1)
                  7010ba20    00000040     drivers.am263px.r5f.ti-arm-clang.nortos.debug.lib : mcan.obj (.rodata.gDataSize)
                  7010ba60    00000040                                                       : ipc_notify_v1.obj (.rodata.str1.10118846006578224169.1)
                  7010baa0    00000040     gateway_shared.o (.rodata.str1.1309647279537151951.1)
                  7010bae0    0000003e     main.o (.rodata.str1.403738606202455663.1)
                  7010bb1e    0000003d     nortos.am263px.r5f.ti-arm-clang.debug.lib : TimerP_rti_priv.obj (.rodata.str1.11388379688747141303.1)
                  7010bb5b    0000003d     main.o (.rodata.str1.8076846746581808073.1)
                  7010bb98    0000003c     main.o (.rodata.str1.16265332423659789559.1)
                  7010bbd4    0000003b     main.o (.rodata.str1.5043408953494467246.1)
                  7010bc0f    0000003b     gateway_shared.o (.rodata.str1.9859227269409816370.1)
                  7010bc4a    00000039     can_interface.o (.rodata.str1.17339864536769639315.1)
                  7010bc83    00000039     main.o (.rodata.str1.6554448696319176064.1)
                  7010bcbc    00000038     main.o (.rodata.str1.13030671760666898970.1)
                  7010bcf4    00000037     gateway_shared.o (.rodata.str1.5629998949668554045.1)
                  7010bd2b    00000035     main.o (.rodata.str1.7702501944640899365.1)
                  7010bd60    00000035     ti_drivers_open_close.o (.rodata.str1.871795152488895636.1)
                  7010bd95    00000034     main.o (.rodata.str1.14112174005742061988.1)
                  7010bdc9    00000033     can_interface.o (.rodata.str1.10186677634541030339.1)
                  7010bdfc    00000032     main.o (.rodata.str1.2763581881760962609.1)
                  7010be2e    00000031     main.o (.rodata.str1.14079361385603432444.1)
                  7010be5f    00000031     gateway_shared.o (.rodata.str1.15257554646438059100.1)
                  7010be90    00000030     main.o (.rodata.str1.11321157723316767883.1)
                  7010bec0    00000030     main.o (.rodata.str1.16302215771116645891.1)
                  7010bef0    00000030     main.o (.rodata.str1.8154729771448623357.1)
                  7010bf20    0000002f     main.o (.rodata.str1.15996357275703397564.1)
                  7010bf4f    0000002f     gateway_shared.o (.rodata.str1.3129942817937968154.1)
                  7010bf7e    0000002f     main.o (.rodata.str1.8096991282711418442.1)
                  7010bfad    0000002f     drivers.am263px.r5f.ti-arm-clang.nortos.debug.lib : ipc_notify_v1.obj (.rodata.str1.9418228565027791152.1)
                  7010bfdc    0000002e     main.o (.rodata.str1.2123964117280943167.1)
                  7010c00a    0000002e     gateway_shared.o (.rodata.str1.5327546541240122901.1)
                  7010c038    0000002e     gateway_shared.o (.rodata.str1.6121471336334202706.1)
                  7010c066    0000002d     main.o (.rodata.str1.10313062130652730376.1)
                  7010c093    0000002d     main.o (.rodata.str1.13782249893155712474.1)
                  7010c0c0    0000002d     dispatcher_timer.o (.rodata.str1.16909784401037802760.1)
                  7010c0ed    0000002d     can_interface.o (.rodata.str1.17855712168153945246.1)
                  7010c11a    0000002c     gateway_shared.o (.rodata.str1.7167262159681625771.1)
                  7010c146    0000002c     main.o (.rodata.str1.9059077390166914652.1)
                  7010c172    0000002b     main.o (.rodata.str1.18227636981041470289.1)
                  7010c19d    0000002a     main.o (.rodata.str1.11870794119293528247.1)
                  7010c1c7    0000002a     nortos.am263px.r5f.ti-arm-clang.debug.lib : DebugP_log.obj (.rodata.str1.227947788441500939.1)
                  7010c1f1    0000002a     main.o (.rodata.str1.2846389346932560359.1)
                  7010c21b    0000002a     dispatcher_timer.o (.rodata.str1.8393228718863617781.1)
                  7010c245    00000029     main.o (.rodata.str1.14402440632258215044.1)
                  7010c26e    00000029     main.o (.rodata.str1.18092426736022315238.1)
                  7010c297    00000028     dispatcher_timer.o (.rodata.str1.13215161723794722244.1)
                  7010c2bf    00000028     main.o (.rodata.str1.15159059442110792349.1)
                  7010c2e7    00000027     nortos.am263px.r5f.ti-arm-clang.debug.lib : ClockP_nortos_r5.obj (.rodata.str1.12743090444791882666.1)
                  7010c30e    00000027     main.o (.rodata.str1.7996925722583989644.1)
                  7010c335    00000026     gateway_shared.o (.rodata.str1.5761821093615868877.1)
                  7010c35b    00000026     gateway_shared.o (.rodata.str1.8694082244888993162.1)
                  7010c381    00000025     main.o (.rodata.str1.2563708670032483588.1)
                  7010c3a6    00000024     main.o (.rodata.str1.14466178792657420020.1)
                  7010c3ca    00000024     can_interface.o (.rodata.str1.14695538922052102695.1)
                  7010c3ee    00000024     can_interface.o (.rodata.str1.17857559882412085052.1)
                  7010c412    00000023     drivers.am263px.r5f.ti-arm-clang.nortos.debug.lib : soc_rcm.obj (.rodata.str1.2078190104202520215.1)
                  7010c435    00000023     nortos.am263px.r5f.ti-arm-clang.debug.lib : ClockP_nortos_r5.obj (.rodata.str1.7689125538912326484.1)
                  7010c458    00000022     drivers.am263px.r5f.ti-arm-clang.nortos.debug.lib : edma.obj (.rodata.str1.12976018205622752890.1)
                  7010c47a    00000021     nortos.am263px.r5f.ti-arm-clang.debug.lib : ClockP_nortos_r5.obj (.rodata.str1.8559540482768925367.1)
                  7010c49b    00000001     --HOLE-- [fill = 0]
                  7010c49c    00000020     drivers.am263px.r5f.ti-arm-clang.nortos.debug.lib : mcan.obj (.rodata.gMsgObjSize)
                  7010c4bc    00000020     can_interface.o (.rodata.g_mcan_base_addr)
                  7010c4dc    00000020     can_interface.o (.rodata.g_mcan_intr_num)
                  7010c4fc    00000020     drivers.am263px.r5f.ti-arm-clang.nortos.debug.lib : uart_v0.obj (.rodata.str1.16594507886308206351.1)
                  7010c51c    00000020                                                       : ipc_notify_v1.obj (.rodata.str1.2046905611612007019.1)
                  7010c53c    0000001f     nortos.am263px.r5f.ti-arm-clang.debug.lib : ClockP_nortos_r5.obj (.rodata.str1.2746619892315392655.1)
                  7010c55b    0000001f     dispatcher_timer.o (.rodata.str1.5724006426700065890.1)
                  7010c57a    0000001e     drivers.am263px.r5f.ti-arm-clang.nortos.debug.lib : ipc_notify_v1.obj (.rodata.str1.16593710740832512674.1)
                  7010c598    0000001e                                                       : ipc_notify_v1.obj (.rodata.str1.9050127465416171240.1)
                  7010c5b6    0000001d     nortos.am263px.r5f.ti-arm-clang.debug.lib : TimerP_rti_priv.obj (.rodata.str1.1727973701797049581.1)
                  7010c5d3    0000001d                                               : TimerP_rti_priv.obj (.rodata.str1.4425773406285945039.1)
                  7010c5f0    0000001d     drivers.am263px.r5f.ti-arm-clang.nortos.debug.lib : uart_v0.obj (.rodata.str1.4697665093340446018.1)
                  7010c60d    0000001d     nortos.am263px.r5f.ti-arm-clang.debug.lib : TimerP_rti_priv.obj (.rodata.str1.7297095892955669843.1)
                  7010c62a    0000001b     drivers.am263px.r5f.ti-arm-clang.nortos.debug.lib : edma.obj (.rodata.str1.16672221102796607080.1)
                  7010c645    0000001b     ti_drivers_config.o (.rodata.str1.7767457247551078139.1)
                  7010c660    0000001a     drivers.am263px.r5f.ti-arm-clang.nortos.debug.lib : soc_rcm.obj (.rodata.str1.16907879152045164286.1)
                  7010c67a    0000001a     main.o (.rodata.str1.288608917962107522.1)
                  7010c694    0000001a     nortos.am263px.r5f.ti-arm-clang.debug.lib : ClockP_nortos_r5.obj (.rodata.str1.3810757863367538396.1)
                  7010c6ae    0000001a     main.o (.rodata.str1.6891813955777630061.1)
                  7010c6c8    00000019     drivers.am263px.r5f.ti-arm-clang.nortos.debug.lib : ipc_notify_v1.obj (.rodata.str1.12253177398743541182.1)
                  7010c6e1    00000019     nortos.am263px.r5f.ti-arm-clang.debug.lib : TimerP_rti_priv.obj (.rodata.str1.5494506574634759136.1)
                  7010c6fa    00000018     drivers.am263px.r5f.ti-arm-clang.nortos.debug.lib : soc_rcm.obj (.rodata.gControlssPllClkSrcValMap)
                  7010c712    00000018                                                       : soc_rcm.obj (.rodata.gCptsClkSrcValMap)
                  7010c72a    00000018                                                       : soc_rcm.obj (.rodata.gI2cClkSrcValMap)
                  7010c742    00000018                                                       : soc_rcm.obj (.rodata.gIcssmUartClkSrcValMap)
                  7010c75a    00000018                                                       : soc_rcm.obj (.rodata.gLinUartClkSrcValMap)
                  7010c772    00000018                                                       : soc_rcm.obj (.rodata.gMcSpiClkSrcValMap)
                  7010c78a    00000018                                                       : soc_rcm.obj (.rodata.gMcanClkSrcValMap)
                  7010c7a2    00000018                                                       : soc_rcm.obj (.rodata.gMmcClkSrcValMap)
                  7010c7ba    00000018                                                       : soc_rcm.obj (.rodata.gOspiClkSrcValMap)
                  7010c7d2    00000018                                                       : soc_rcm.obj (.rodata.gPeripheralClkSrcInfoMap)
                  7010c7ea    00000018                                                       : soc_rcm.obj (.rodata.gRtiClkSrcValMap)
                  7010c802    00000018                                                       : soc_rcm.obj (.rodata.gWdtClkSrcValMap)
                  7010c81a    00000018                                                       : uart_v0.obj (.rodata.str1.16507871919775359273.1)
                  7010c832    00000018     ti_drivers_config.o (.rodata.str1.2211846465855763212.1)
                  7010c84a    00000017     drivers.am263px.r5f.ti-arm-clang.nortos.debug.lib : soc_rcm.obj (.rodata.str1.1263028196474875090.1)
                  7010c861    00000016                                                       : soc_rcm.obj (.rodata.str1.15837709475095375462.1)
                  7010c877    00000016                                                       : soc_rcm.obj (.rodata.str1.18101715471844446405.1)
                  7010c88d    00000016                                                       : soc_rcm.obj (.rodata.str1.503491203257075565.1)
                  7010c8a3    00000015                                                       : ipc_notify_v1.obj (.rodata.str1.2749849238461102323.1)
                  7010c8b8    00000015                                                       : edma.obj (.rodata.str1.9771253703579349310.1)
                  7010c8cd    00000014                                                       : edma.obj (.rodata.str1.14977302951450442404.1)
                  7010c8e1    00000014                                                       : edma.obj (.rodata.str1.16586217098785273673.1)
                  7010c8f5    00000014                                                       : ipc_notify_v1.obj (.rodata.str1.17722115868992979254.1)
                  7010c909    00000014                                                       : ipc_notify_v1.obj (.rodata.str1.5235938544388580736.1)
                  7010c91d    00000014                                                       : edma.obj (.rodata.str1.6479261940699871955.1)
                  7010c931    00000013     main.o (.rodata.str1.1311392489248731986.1)
                  7010c944    00000013     main.o (.rodata.str1.13288086030101331538.1)
                  7010c957    00000013     nortos.am263px.r5f.ti-arm-clang.debug.lib : DebugP_shmLogWriter.obj (.rodata.str1.14017905436770086454.1)
                  7010c96a    00000013     drivers.am263px.r5f.ti-arm-clang.nortos.debug.lib : soc_rcm.obj (.rodata.str1.1513614241493853460.1)
                  7010c97d    00000013     main.o (.rodata.str1.16631870348416990953.1)
                  7010c990    00000013     drivers.am263px.r5f.ti-arm-clang.nortos.debug.lib : uart_v0.obj (.rodata.str1.8511823138002593779.1)
                  7010c9a3    00000012                                                       : uart_v0.obj (.rodata.str1.10085477686273322470.1)
                  7010c9b5    00000012                                                       : uart_v0.obj (.rodata.str1.1906408950570946892.1)
                  7010c9c7    00000012                                                       : ipc_notify_v1.obj (.rodata.str1.4922609433019995091.1)
                  7010c9d9    00000012                                                       : soc_rcm.obj (.rodata.str1.6089483996110695684.1)
                  7010c9eb    00000012                                                       : edma.obj (.rodata.str1.8988798825313313125.1)
                  7010c9fd    00000011     main.o (.rodata.str1.10635229749459437609.1)
                  7010ca0e    00000011     main.o (.rodata.str1.11702106008850790973.1)
                  7010ca1f    00000011     drivers.am263px.r5f.ti-arm-clang.nortos.debug.lib : edma.obj (.rodata.str1.13359792024450833872.1)
                  7010ca30    00000011                                                       : uart_v0.obj (.rodata.str1.18277465892467933209.1)
                  7010ca41    00000011     ti_drivers_open_close.o (.rodata.str1.6292539624901818759.1)
                  7010ca52    00000011     nortos.am263px.r5f.ti-arm-clang.debug.lib : TimerP_rti_priv.obj (.rodata.str1.7786169893402823657.1)
                  7010ca63    00000011     drivers.am263px.r5f.ti-arm-clang.nortos.debug.lib : ipc_notify_v1.obj (.rodata.str1.9036292169629118271.1)
                  7010ca74    00000010                                                       : edma.obj (.rodata.str1.16687974986316968853.1)
                  7010ca84    0000000f                                                       : edma.obj (.rodata.str1.12381575634899622488.1)
                  7010ca93    0000000f                                                       : edma.obj (.rodata.str1.15707078201242323249.1)
                  7010caa2    0000000f                                                       : edma.obj (.rodata.str1.2781376525681532154.1)
                  7010cab1    0000000f                                                       : ipc_notify_v1.obj (.rodata.str1.4769539187903082080.1)
                  7010cac0    0000000f                                                       : edma.obj (.rodata.str1.4907917467944964367.1)
                  7010cacf    0000000e                                                       : edma.obj (.rodata.str1.1669868279207928169.1)
                  7010cadd    0000000e     main.o (.rodata.str1.3530083166107438000.1)
                  7010caeb    0000000e     drivers.am263px.r5f.ti-arm-clang.nortos.debug.lib : edma.obj (.rodata.str1.6128441279204879358.1)
                  7010caf9    0000000e                                                       : edma.obj (.rodata.str1.6928588723460450634.1)
                  7010cb07    0000000d                                                       : edma.obj (.rodata.str1.14657363906792235350.1)
                  7010cb14    0000000d     nortos.am263px.r5f.ti-arm-clang.debug.lib : TimerP_rti_priv.obj (.rodata.str1.15140844044942405278.1)
                  7010cb21    0000000c                                               : ClockP_nortos_r5.obj (.rodata.str1.13463193513887205357.1)
                  7010cb2d    0000000c     ti_drivers_config.o (.rodata.str1.3145245972279493797.1)
                  7010cb39    0000000c     drivers.am263px.r5f.ti-arm-clang.nortos.debug.lib : edma.obj (.rodata.str1.8587431144907355806.1)
                  7010cb45    0000000b                                                       : uart_v0.obj (.rodata.str1.1151567497034493012.1)
                  7010cb50    0000000b     main.o (.rodata.str1.17279024933005395956.1)
                  7010cb5b    0000000b     can_interface.o (.rodata.str1.9513145012316062387.1)
                  7010cb66    0000000a     main.o (.rodata.str1.12180500075719773345.1)
                  7010cb70    0000000a     drivers.am263px.r5f.ti-arm-clang.nortos.debug.lib : soc_rcm.obj (.rodata.str1.3349473071634452315.1)
                  7010cb7a    0000000a                                                       : uart_v0.obj (.rodata.str1.7892831408302009747.1)
                  7010cb84    0000000a                                                       : uart_v0.obj (.rodata.str1.8477608605346433529.1)
                  7010cb8e    0000000a                                                       : ipc_notify_v1.obj (.rodata.str1.8751964444192423158.1)
                  7010cb98    00000008                                                       : mcan.obj (.rodata.gMcanOffsetAddr)
                  7010cba0    00000008                                                       : soc_rcm.obj (.rodata.gXTALInfo)
                  7010cba8    00000008     nortos.am263px.r5f.ti-arm-clang.debug.lib : DebugP_shmLogWriter.obj (.rodata.str1.11364348920754194803.1)
                  7010cbb0    00000008     drivers.am263px.r5f.ti-arm-clang.nortos.debug.lib : soc.obj (.rodata.str1.14910504016491482532.1)
                  7010cbb8    00000008     main.o (.rodata.str1.17376258722486336754.1)
                  7010cbc0    00000007     drivers.am263px.r5f.ti-arm-clang.nortos.debug.lib : soc.obj (.rodata.str1.12179086363571468349.1)
                  7010cbc7    00000007                                                       : soc.obj (.rodata.str1.12254199422641571827.1)
                  7010cbce    00000007                                                       : soc.obj (.rodata.str1.15593236263752157262.1)
                  7010cbd5    00000007                                                       : soc.obj (.rodata.str1.17262473269405332311.1)
                  7010cbdc    00000007                                                       : soc.obj (.rodata.str1.17795343983633703126.1)
                  7010cbe3    00000006                                                       : soc_rcm.obj (.rodata.str1.12246138248821672736.1)
                  7010cbe9    00000005     nortos.am263px.r5f.ti-arm-clang.debug.lib : printf.obj (.rodata.str1.8544352122861784523.1)
                  7010cbee    00000005                                               : printf.obj (.rodata.str1.8812429412984920041.1)
                  7010cbf3    00000001     --HOLE-- [fill = 0]
                  7010cbf4    00000004                                               : CacheP_armv7r.obj (.rodata.gCacheL1pCacheLineSize)
                  7010cbf8    00000004                                               : printf.obj (.rodata.str1.13278797451342649413.1)
                  7010cbfc    00000004                                               : printf.obj (.rodata.str1.17155598869870286803.1)
                  7010cc00    00000003     main.o (.rodata.str1.17100691992556644108.1)
                  7010cc03    00000002     drivers.am263px.r5f.ti-arm-clang.nortos.debug.lib : soc_rcm.obj (.rodata.gCR5ClkSrcInfoMap)
                  7010cc05    00000003     --HOLE-- [fill = 0]

.bss       0    7010cc08    00000c38     UNINITIALIZED
                  7010cc08    0000080c     (.common:gHwiCtrl)
                  7010d414    00000004     nortos.am263px.r5f.ti-arm-clang.debug.lib : HwiP_armv7r_vim.obj (.bss.gdummy)
                  7010d418    000001b0     ti_drivers_config.o (.bss.gUartObjects)
                  7010d5c8    000000b8     (.common:gIpcNotifyCtrl)
                  7010d680    00000080     can_interface.o (.bss.g_can_stats)
                  7010d700    0000007a     nortos.am263px.r5f.ti-arm-clang.debug.lib : DebugP_shmLogWriter.obj (.bss.DebugP_shmLogWriterPutChar.lineBuf)
                  7010d77a    00000002     --HOLE--
                  7010d77c    00000068     can_interface.o (.bss.g_rx_buffer)
                  7010d7e4    00000020     can_interface.o (.bss.g_mcan_hwi_objects)
                  7010d804    00000004     (.common:gTimerBaseAddr)
                  7010d808    00000020     (.common:gClockCtrl)
                  7010d828    00000010     (.common:virtToPhymap)
                  7010d838    00000004     (.common:gTimerHwiObj)
                  7010d83c    00000004     (.common:gUartHandle)

.sysmem    0    7010d840    00000000     UNINITIALIZED

.stack     0    7010d840    00004000     UNINITIALIZED
                  7010d840    00000004     nortos.am263px.r5f.ti-arm-clang.debug.lib : boot_armv7r_asm.obj (.stack)
                  7010d844    00003ffc     --HOLE--

.text.hwi 
*          0    70111840    00000e50     
                  70111840    000006c0     nortos.am263px.r5f.ti-arm-clang.debug.lib : HwiP_armv7r_vim.obj (.text.hwi)
                  70111f00    0000059a                                               : HwiP_armv7r_handlers_nortos.obj (.text.hwi)
                  7011249a    00000002     --HOLE-- [fill = 0]
                  7011249c    0000017c                                               : HwiP_armv7r_handlers_nortos_asm.obj (.text.hwi)
                  70112618    00000070                                               : HwiP_armv7r_asm.obj (.text.hwi)
                  70112688    00000008     --HOLE-- [fill = 0]

.text.cache 
*          0    70112690    000004a0     
                  70112690    00000340     nortos.am263px.r5f.ti-arm-clang.debug.lib : CacheP_armv7r_asm.obj (.text.cache)
                  701129d0    00000158                                               : CacheP_armv7r.obj (.text.cache)
[...]
70113330  gEdmaConfigNum                       
70200000  gGatewaySharedMem                    
70113334  gHwiConfig                           
7010cc08  gHwiCtrl                             
701132dc  gIpcNotifyCoreIntrBitPos             
7010d5c8  gIpcNotifyCtrl                       
70113338  gIpcNotifyInterruptConfigNum_r5fss1_1
7011326c  gIpcNotifyInterruptConfig_r5fss1_1   
701130b8  gIpcNotifyMailboxConfig              
7010b7a8  gMpuConfig                           
7010b7b4  gMpuRegionConfig                     
7010c7d2  gPeripheralClkSrcInfoMap             
701132f8  gSocModules                          
7011329c  gSocModulesClockFrequency            
7010d804  gTimerBaseAddr                       
7010d838  gTimerHwiObj                         
7011333c  gTimerIsrCounter                     
70113365  gTimerIsrFlag                        
70113308  gUartConfig                          
70113340  gUartConfigNum                       
70113344  gUartDmaChConfig                     
701130b8  gUartDmaHandle                       
7010d83c  gUartHandle                          
701131b8  gUartParams                          
7010cba0  gXTALInfo                            
70113348  g_disp_timer_isr_count               
7010a561  gateway_core1_init                   
70108221  gateway_core1_ipc_callback           
70107c41  gateway_core1_wait_for_ready         
7010b661  gateway_notify_states_ready          
70108b81  gateway_ringbuf_core1_init           
7010b671  gateway_ringbuf_core1_notify         
7010b011  gateway_ringbuf_core1_receive        
7010afb1  gateway_ringbuf_core1_send           
701066f1  gateway_ringbuf_read                 
70109001  gateway_ringbuf_read_test_core1      
701064d1  gateway_ringbuf_write                
70109761  gateway_ringbuf_write_test_core1     
7010a5a1  gateway_update_heartbeat             
7011336c  isMapAvailable                       
701099a1  main                                 
7010b511  putchar_                             
7010a7a1  snprintf_                            
7010b1e1  timerISR                             
7010d828  virtToPhymap                         
7010ad81  vprintf_                             


GLOBAL SYMBOLS: SORTED BY Symbol Address 

address   name                                 
-------   ----                                 
00000000  __TI_ATRegion0_region_sz             
00000000  __TI_ATRegion0_src_addr              
00000000  __TI_ATRegion0_trg_addr              
00000000  __TI_ATRegion1_region_sz             
00000000  __TI_ATRegion1_src_addr              
00000000  __TI_ATRegion1_trg_addr              
00000000  __TI_ATRegion2_region_sz             
00000000  __TI_ATRegion2_src_addr              
00000000  __TI_ATRegion2_trg_addr              
00000000  __TI_static_base__                   
00000000  _vectors                             
00000100  __ABORT_STACK_SIZE                   
00000100  __FIQ_STACK_SIZE                     
00000100  __IRQ_STACK_SIZE                     
00000100  __UNDEFINED_STACK_SIZE               
00001000  __SVC_STACK_SIZE                     
00004000  __STACK_SIZE                         
70100a34  __aeabi_memclr                       
70100a34  __aeabi_memclr4                      
70100a34  __aeabi_memclr8                      
701010b8  C$$EXIT                              
701010b8  HOSTexit                             
701010c1  SOC_rcmEnablePeripheralClock         
701016f8  __aeabi_ldiv0                        
701016fc  __aeabi_memcpy                       
701016fc  __aeabi_memcpy4                      
701016fc  __aeabi_memcpy8                      
70101ce4  CSL_armR5ReadMpidrReg                
701021a1  UART_open                            
701025a1  IpcNotify_init                       
70102981  SOC_virtToPhy                        
701038e1  UART_lld_dmaDeInit                   
70103b11  IpcNotify_isr                        
70103f31  TimerP_setupPriv                     
70104111  UART_lld_dmaWrite                    
701042c1  UART_close                           
70104471  UART_lld_controllerIsr               
70104921  EDMA_unregisterIntr                  
70104a91  SOC_controlModuleUnlockMMR           
70104bf1  UART_lld_initDma                     
70104d51  DebugP_shmLogWriterPutChar           
70105121  MCAN_readMsgRam                      
701053a1  ClockP_init                          
701054e1  UART_procLineStatusErr               
70105621  EDMA_registerIntr                    
70105761  UART_lld_init                        
70105891  SOC_controlModuleLockMMR             
701059c1  SOC_rcmGetPeripheralClockFrequency   
70105ae1  DebugP_shmLogWriterPutLine           
70105c01  UART_lld_dmaRead                     
70105d1c  __udivmoddi4                         
701062b1  IpcNotify_sendMsg                    
701064d1  gateway_ringbuf_write                
701065e1  SemaphoreP_pend                      
701066f1  gateway_ringbuf_read                 
70106801  CAN_StartRxInterrupts                
70106ad1  EDMA_freeChannelRegion               
70106bc1  EDMA_freeParam                       
70106cb1  EDMA_freeDmaChannel                  
70106d91  EDMA_freeTcc                         
70106e71  UART_intrEnable                      
70106f51  UART_intrDisable                     
70107031  AddrTranslateP_getLocalAddr          
70107101  EDMA_disableChInShadowRegRegion      
701071d1  EDMA_enableChInShadowRegRegion       
701072a1  EDMA_mapChToEvtQ                     
70107371  EDMA_configureChannelRegion          
701074f1  UART_flushTxFifo                     
70107671  ClockP_timerTickIsr                  
70107731  TimerP_init                          
701077f1  ClockP_stop                          
701078b1  IpcNotify_waitSync                   
70107971  CycleCounterP_init                   
70107991  CycleCounterP_reset                  
701079e1  CycleCounterP_nsToTicks              
70107a21  CycleCounterP_enableUserAccess       
70107a31  SOC_rcmSetPeripheralClock            
70107ae1  UART_init                            
70107c41  gateway_core1_wait_for_ready         
70107da1  ClockP_destruct                      
70107e51  Drivers_uartOpen                     
70107fa1  IpcNotify_registerClient             
701080e1  ClockP_getTimeUsec                   
70108181  EDMA_unmapChToEvtQ                   
70108221  gateway_core1_ipc_callback           
701082b1  EDMA_disableTransferRegion           
70108341  EDMA_enableTransferRegion            
701084f1  UART_lld_flushTxFifo                 
70108611  disp_timer_isr_callback              
701086a1  EDMA_allocDmaChannel                 
70108731  EDMA_allocParam                      
701087c1  EDMA_allocTcc                        
70108971  IpcNotify_syncAll                    
70108b01  _DebugP_assert                       
70108b81  gateway_ringbuf_core1_init           
70108c81  System_init                          
70108d01  UART_Params_init                     
70108d81  EDMA_linkChannel                     
70108e81  ClockP_usleep                        
70108f01  EDMA_clrMissEvtRegion                
70109001  gateway_ringbuf_read_test_core1      
701090e1  EDMA_getBaseAddr                     
701091c1  SOC_rcmGetR5Clock                    
70109231  SOC_rcmIsR5FInLockStepMode           
70109311  UART_lld_deInitDma                   
701093f1  SemaphoreP_post                      
70109461  UART_getChar                         
70109521  disp_timer_start                     
70109581  Module_clockSetFrequency             
701095e1  UART_lld_deInit                      
701096a1  disp_timer_init                      
70109761  gateway_ringbuf_write_test_core1     
70109881  Dpl_init                             
701098e1  EDMA_setPaRAM                        
701099a1  main                                 
701099f4  __TI_auto_init_nobinit_nopinit       
70109a51  Drivers_uartClose                    
70109aa1  Pinmux_config                        
70109af1  UART_checkCharsAvailInFifo           
70109b41  DebugP_shmLogWriterInit              
70109b91  EDMA_clrEvtRegion                    
70109be1  EDMA_disableDmaEvtRegion             
70109c31  EDMA_disableEvtIntrRegion            
70109c81  EDMA_enableDmaEvtRegion              
70109cd1  EDMA_enableEvtIntrRegion             
70109d21  EDMA_setEvtRegion                    
70109d71  ClockP_construct                     
70109dc1  EDMA_ccPaRAMEntry_init               
70109e11  EDMA_mapQdmaChToPaRAM                
70109e61  EDMA_readEventStatusRegion           
70109eb1  IpcNotify_unregisterClient           
70109f01  Module_clockEnable                   
70109f51  IpcNotify_Params_init                
70109ff1  UART_getIntrIdentityStatus           
7010a131  UART_readLineStatus                  
7010a271  SemaphoreP_construct                 
7010a2c1  _DebugP_logZone                      
7010a3b1  ClockP_start                         
7010a401  IpcNotify_allocSwQueue               
7010a521  UART_spaceAvail                      
7010a561  gateway_core1_init                   
7010a5a1  gateway_update_heartbeat             
7010a661  UART_IsTxRxFifoEmpty                 
7010a721  SOC_moduleSetClockFrequency          
7010a7a1  snprintf_                            
7010a7e1  SOC_getCoreName                      
7010a818  CycleCounterP_getCount32             
7010a820  PmuP_setup                           
7010a828  PmuP_enableCounters                  
7010a830  PmuP_disableCounters                 
7010a838  PmuP_getOverflowStatus               
7010a840  PmuP_clearOverflowStatus             
7010a848  PmuP_setUserEnable                   
7010a851  EDMA_getRegionId                     
7010a891  IpcNotify_syncCallback               
7010a8d1  MCAN_calcCfgAddr                     
7010a951  TimerP_Params_initPriv               
7010aa51  TimerP_getCountPriv                  
7010ab71  UART_lld_dmaInit                     
7010abd1  DebugP_logZoneEnable                 
7010ac31  MCAN_clearNewDataStatus              
7010ac61  MCAN_getNewDataStatus                
7010ac91  SemaphoreP_constructBinary           
7010acf1  UART_intr2Disable                    
7010ad21  UART_operatingModeSelect             
7010ad51  CSL_armR5GetCpuID                    
7010ad81  vprintf_                             
7010adb1  EDMA_disableQdmaEvtRegion            
7010ade1  EDMA_enableQdmaEvtRegion             
7010ae71  IpcNotify_getConfig                  
7010aea1  SemaphoreP_constructMutex            
7010af54  __aeabi_uldivmod                     
7010afb1  gateway_ringbuf_core1_send           
7010afe1  EDMA_channelToParamMap               
7010b011  gateway_ringbuf_core1_receive        
7010b041  ClockP_isActive                      
7010b061  ClockP_usecToTicks                   
7010b0c1  ClockP_Params_init                   
7010b0e1  EDMA_getEventStatusHigh              
7010b101  SOC_getSelfCpuClk                    
7010b121  SOC_moduleClockEnable                
7010b141  TimerP_isr0                          
7010b181  UART_lld_Transaction_deInit          
7010b1a1  EDMA_getEventStatus                  
7010b1e1  timerISR                             
7010b1fc  TI_memcpy_small                      
7010b221  MCAN_clearIntrStatus                 
7010b281  ClockP_ticksToUsec                   
7010b2a1  EDMA_isInterruptEnabled              
7010b2e1  IpcNotify_trigInterrupt              
7010b301  SemaphoreP_Params_init               
7010b321  TimerP_getReloadCountPriv            
7010b381  UART_putChar                         
7010b398  TI_memset_small                      
7010b3b1  IpcNotify_sendSync                   
7010b3d1  MCAN_getIntrStatus                   
7010b3f1  TimerP_startPriv                     
7010b411  TimerP_stopPriv                      
7010b4d1  TimerP_clearOverflowIntPriv          
7010b4f1  TimerP_setup                         
7010b511  putchar_                             
7010b531  Pinmux_init                          
7010b571  ClockP_getTimerCount                 
7010b581  ClockP_timerClearOverflowInt         
7010b601  TimerP_Params_init                   
7010b611  TimerP_clearOverflowInt              
7010b621  TimerP_getCount                      
7010b631  TimerP_getReloadCount                
7010b641  TimerP_start                         
7010b661  gateway_notify_states_ready          
7010b671  gateway_ringbuf_core1_notify         
7010b681  Board_driversOpen                    
7010b691  ClockP_getTicks                      
7010b6a1  PowerClock_init                      
7010b711  Drivers_open                         
7010b721  Drivers_uartInit                     
7010b751  SemaphoreP_destruct                  
7010b761  Board_driversClose                   
7010b771  Board_init                           
7010b781  IpcNotify_wait                       
7010b791  TaskP_yield                          
7010b7a0  gCacheConfig                         
7010b7a8  gMpuConfig                           
7010b7b4  gMpuRegionConfig                     
7010b824  gCacheL1dCacheLineSize               
7010b90c  gADPLLJConfigTbl                     
7010c7d2  gPeripheralClkSrcInfoMap             
7010cba0  gXTALInfo                            
7010cbf4  gCacheL1pCacheLineSize               
7010cc03  gCR5ClkSrcInfoMap                    
7010cc08  __BSS_START                          
7010cc08  gHwiCtrl                             
7010d5c8  gIpcNotifyCtrl                       
7010d804  gTimerBaseAddr                       
7010d808  gClockCtrl                           
7010d828  virtToPhymap                         
7010d838  gTimerHwiObj                         
7010d83c  gUartHandle                          
7010d840  __BSS_END                            
7010d840  __stack                              
70111840  __STACK_END                          
70111841  HwiP_enableInt                       
70111881  HwiP_disableInt                      
701118e1  HwiP_restoreInt                      
70111911  HwiP_clearInt                        
70111951  HwiP_post                            
70111991  HwiP_Params_init                     
701119c1  HwiP_construct                       
70111bb1  HwiP_destruct                        
70111c21  HwiP_init                            
70111dd1  HwiP_inISR                           
70111e01  HwiP_setVimIrqPriMaskNonAtomic       
70111e51  HwiP_setVimIrqPriMaskAtomic          
70111ef1  HwiP_restoreVimIrqPriMask            
70111f01  HwiP_irq_handler_c                   
701120a1  HwiP_fiq_handler                     
70112201  HwiP_reserved_handler                
70112241  HwiP_undefined_handler_c             
70112261  HwiP_user_undefined_handler_c        
70112281  HwiP_svc_handler                     
701122c1  HwiP_prefetch_abort_handler_c        
70112361  HwiP_user_prefetch_abort_handler_c   
701123a1  HwiP_data_abort_handler_c            
70112461  HwiP_user_data_abort_handler_c       
7011249c  HwiP_irq_handler                     
70112510  HwiP_data_abort_handler              
70112554  HwiP_prefetch_abort_handler          
701125a0  HwiP_undefined_handler               
701125d0  GET_DFSR                             
701125d8  GET_ADFSR                            
701125e0  GET_DFAR                             
701125e8  GET_IFSR                             
701125f0  GET_AIFSR                            
701125f8  GET_IFAR                             
70112600  GET_SPSR                             
70112618  HwiP_disable                         
70112628  HwiP_disableFIQ                      
70112638  HwiP_enable                          
70112648  HwiP_enableFIQ                       
70112658  HwiP_restore                         
70112660  HwiP_enableVIC                       
70112670  HwiP_disableVIC                      
70112680  HwiP_getCPSR                         
70112690  CacheP_disableL1d                    
701126b8  CacheP_disableL1p                    
701126d0  CacheP_enableL1d                     
701126e8  CacheP_enableL1p                     
70112700  CacheP_invL1d                        
70112738  CacheP_invL1p                        
70112774  CacheP_invL1dAll                     
7011277c  CacheP_invL1pAll                     
70112784  CacheP_wb                            
701127c0  CacheP_wbInv                         
701127fc  CacheP_wbAll                         
701128a4  CacheP_wbInvAll                      
701128bc  CacheP_wbInvAllAsm                   
7011295c  CacheP_getEnabled                    
70112994  CacheP_getCacheLevelInfo             
701129a0  CacheP_configForceWrThru             
701129c0  CacheP_setDLFO                       
701129d1  CacheP_init                          
70112a61  CacheP_disable                       
70112ab1  CacheP_enable                        
70112af1  CacheP_inv                           
70112b31  MpuP_getAttrs                        
70112b91  MpuP_RegionAttrs_init                
70112bc1  MpuP_setRegion                       
70112c51  MpuP_isEnable                        
70112c61  MpuP_disable                         
70112ca1  MpuP_enable                          
70112cf1  MpuP_init                            
70112d91  MpuP_isUserAuthorizedToAccessMemory  
70112e70  MpuP_disableAsm                      
70112e88  MpuP_disableBRAsm                    
70112e98  MpuP_enableAsm                       
70112eb0  MpuP_enableBRAsm                     
70112ec0  MpuP_isEnableAsm                     
70112ed4  MpuP_setRegionAsm                    
70112ef0  _c_int00_sbl                         
70112f14  _c_int00                             
70113041  _DebugP_assertNoLog                  
70113071  _system_pre_init                     
701130a1  __mpu_init                           
701130b0  abort                                
701130b8  gEdmaConfig                          
701130b8  gIpcNotifyMailboxConfig              
701130b8  gUartDmaHandle                       
701131b8  gUartParams                          
70113254  gClockConfig                         
7011326c  gIpcNotifyInterruptConfig_r5fss1_1   
7011329c  gSocModulesClockFrequency            
701132dc  gIpcNotifyCoreIntrBitPos             
701132ec  gAddrTranslateConfig                 
701132f8  gSocModules                          
70113308  gUartConfig                          
70113324  gDebugLogZone                        
70113330  gEdmaConfigNum                       
70113334  gHwiConfig                           
70113338  gIpcNotifyInterruptConfigNum_r5fss1_1
7011333c  gTimerIsrCounter                     
70113340  gUartConfigNum                       
70113344  gUartDmaChConfig                     
70113348  g_disp_timer_isr_count               
70113365  gTimerIsrFlag                        
7011336c  isMapAvailable                       
70113370  __IRQ_STACK_START                    
70113470  __FIQ_STACK_START                    
70113470  __IRQ_STACK_END                      
70113570  __FIQ_STACK_END                      
70113570  __SVC_STACK_START                    
70114570  __ABORT_STACK_START                  
70114570  __SVC_STACK_END                      
70114670  __ABORT_STACK_END                    
70114670  __UNDEFINED_STACK_START              
70114770  __UNDEFINED_STACK_END                
70200000  gGatewaySharedMem                    
70208000  gDebugShmLog                         
ffffffff  __TI_pprof_out_hndl                  
ffffffff  __TI_prof_data_size                  
ffffffff  __TI_prof_data_start                 
ffffffff  __binit__                            
ffffffff  binit                                
UNDEFED   __TI_CINIT_Base                      
UNDEFED   __TI_CINIT_Limit                     
UNDEFED   __TI_Handler_Table_Base              
UNDEFED   __TI_Handler_Table_Limit             
UNDEFED   _system_post_cinit                   

[367 symbols]
