******************************************************************************
            TI ARM Clang Linker PC v4.0.4                      
******************************************************************************
>> Linked Sat Mar 28 16:08:26 2026

OUTPUT FILE NAME:   <ccu_ti_multi_core_realtime.out>
ENTRY POINT SYMBOL: "_vectors"  address: 00000000


MEMORY CONFIGURATION

         name            origin    length      used     unused   attr    fill
----------------------  --------  ---------  --------  --------  ----  --------
  R5F_VECS              00000000   00000040  00000040  00000000  RWIX
  R5F_TCMA              00000040   00007fc0  00000000  00007fc0  RWIX
  R5F_TCMB              00080000   00008000  00000000  00008000  RWIX
  MAILBOX_HSM           44000000   000003ce  00000000  000003ce  RWIX
  MAILBOX_R5F           44000400   000003ce  00000000  000003ce  RWIX
  FLASH                 60180000   00080000  00000000  00080000  RWIX
  OCRAM                 70100000   00040000  000196d8  00026928  RWIX
  USER_SHM_MEM          70200000   00008000  00004d30  000032d0  RWIX
  LOG_SHM_MEM           70208000   00004000  00002000  00002000  RWIX
  RTOS_NORTOS_IPC_SHM_M 72000000   00003e80  00000000  00003e80  RWIX


SEGMENT ALLOCATION MAP

run origin  load origin   length   init length attrs members
----------  ----------- ---------- ----------- ----- -------
00000000    00000000    00000040   00000040    r-x
  00000000    00000000    00000040   00000040    r-x .vectors
70100000    70100000    0000ff90   0000ff90    r-x
  70100000    70100000    0000e490   0000e490    r-x .text
  7010e490    7010e490    00001b00   00001b00    r-- .rodata
7010ff90    7010ff90    00006580   00000000    rw-
  7010ff90    7010ff90    00002580   00000000    rw- .bss
  70112510    70112510    00004000   00000000    rw- .stack
70116510    70116510    00001878   00001878    r-x
  70116510    70116510    00000e50   00000e50    r-x .text.hwi
  70117360    70117360    000004a0   000004a0    r-x .text.cache
  70117800    70117800    000003c0   000003c0    r-x .text.mpu
  70117bc0    70117bc0    000001c0   000001c0    r-x .text.boot
  70117d80    70117d80    00000008   00000008    r-x .text:abort
70117d88    70117d88    00001950   00000550    rw-
  70117d88    70117d88    00000550   00000550    rw- .data
  701182d8    701182d8    00000100   00000000    rw- .irqstack
  701183d8    701183d8    00000100   00000000    rw- .fiqstack
  701184d8    701184d8    00001000   00000000    rw- .svcstack
  701194d8    701194d8    00000100   00000000    rw- .abortstack
  701195d8    701195d8    00000100   00000000    rw- .undefinedstack


SECTION ALLOCATION MAP

 output                                  attributes/
section   page    origin      length       input sections
--------  ----  ----------  ----------   ----------------
.vectors   0    00000000    00000040     
                  00000000    00000040     nortos.am263px.r5f.ti-arm-clang.debug.lib : HwiP_armv7r_vectors_nortos_asm.obj (.vectors)

.text      0    70100000    0000e490     
                  70100000    00000a34     nortos.am263px.r5f.ti-arm-clang.debug.lib : printf.obj (.text._vsnprintf)
                  70100a34    0000000c     libclang_rt.builtins.a : aeabi_memset.S.obj (.text.__aeabi_memclr)
                  70100a40    00000678     drivers.am263px.r5f.ti-arm-clang.nortos.debug.lib : soc_rcm.obj (.text.SOC_rcmGetClkSrcAndDivReg)
                  701010b8    00000008     libsysbm.a : hostexit.c.obj (.text.HOSTexit)
                  701010c0    00000638     drivers.am263px.r5f.ti-arm-clang.nortos.debug.lib : soc_rcm.obj (.text.SOC_rcmEnablePeripheralClock)
                  701016f8    00000004     libclang_rt.builtins.a : aeabi_div0.c.obj (.text.__aeabi_ldiv0)
                  701016fc    00000004                            : aeabi_memcpy.S.obj (.text.__aeabi_memcpy)
                  70101700    000005e2     nortos.am263px.r5f.ti-arm-clang.debug.lib : printf.obj (.text._ftoa)
                  70101ce2    00000002     --HOLE-- [fill = 0]
                  70101ce4    0000000c                                               : CpuId_armv7r_asm.obj (.text)
                  70101cf0    000004b0                                               : printf.obj (.text._etoa)
                  701021a0    00000400     drivers.am263px.r5f.ti-arm-clang.nortos.debug.lib : uart_v0.obj (.text.UART_open)
                  701025a0    000003fc     yis320_protocol.o (.text.vtable_process_rx_data)
                  7010299c    00000004     libclang_rt.builtins.a : aeabi_memmove.S.obj (.text.__aeabi_memmove)
                  701029a0    000003dc     drivers.am263px.r5f.ti-arm-clang.nortos.debug.lib : ipc_notify_v1.obj (.text.IpcNotify_init)
                  70102d7c    00000004     --HOLE-- [fill = 0]
                  70102d80    00000334     imu_interface_isr.o (.text.imu_uart_isr)
                  701030b4    0000000c     --HOLE-- [fill = 0]
                  701030c0    00000302     drivers.am263px.r5f.ti-arm-clang.nortos.debug.lib : soc.obj (.text.SOC_virtToPhy)
                  701033c2    0000000e     --HOLE-- [fill = 0]
                  701033d0    000002f4     motor_mapping.o (.text.motor_mapping_init_core1)
                  701036c4    0000000c     --HOLE-- [fill = 0]
                  701036d0    000002a8     drivers.am263px.r5f.ti-arm-clang.nortos.debug.lib : mcan.obj (.text.MCAN_msgRAMConfig)
                  70103978    00000008     --HOLE-- [fill = 0]
                  70103980    0000027e                                                       : uart_dma_edma.obj (.text.UART_edmaChInit)
                  70103bfe    00000002     --HOLE-- [fill = 0]
                  70103c00    00000250                                                       : edma.obj (.text.Alloc_resource)
                  70103e50    00000248     main.o (.text.core1_init)
                  70104098    00000008     --HOLE-- [fill = 0]
                  701040a0    00000242     drivers.am263px.r5f.ti-arm-clang.nortos.debug.lib : uart_v0_lld.obj (.text.UART_fifoConfig)
                  701042e2    0000000e     --HOLE-- [fill = 0]
                  701042f0    0000023e     nortos.am263px.r5f.ti-arm-clang.debug.lib : printf.obj (.text._ntoa_format)
                  7010452e    00000002     --HOLE-- [fill = 0]
                  70104530    00000226     drivers.am263px.r5f.ti-arm-clang.nortos.debug.lib : uart_dma_edma.obj (.text.UART_lld_dmaDeInit)
                  70104756    0000000a     --HOLE-- [fill = 0]
                  70104760    00000222                                                       : ipc_notify_v1.obj (.text.IpcNotify_isr)
                  70104982    0000000e     --HOLE-- [fill = 0]
                  70104990    00000220     can_interface.o (.text.init_single_mcan)
                  70104bb0    000001fe     can_interface.o (.text.CAN_TransmitBatch)
                  70104dae    00000002     --HOLE-- [fill = 0]
                  70104db0    000001d6     nortos.am263px.r5f.ti-arm-clang.debug.lib : TimerP_rti_priv.obj (.text.TimerP_setupPriv)
                  70104f86    0000000a     --HOLE-- [fill = 0]
                  70104f90    000001aa     drivers.am263px.r5f.ti-arm-clang.nortos.debug.lib : uart_dma_edma.obj (.text.UART_lld_dmaWrite)
                  7010513a    00000006     --HOLE-- [fill = 0]
                  70105140    000001a8                                                       : uart_v0.obj (.text.UART_close)
                  701052e8    00000008     --HOLE-- [fill = 0]
                  701052f0    00000198                                                       : uart_v0_lld.obj (.text.UART_lld_controllerIsr)
                  70105488    00000008     --HOLE-- [fill = 0]
                  70105490    0000018a     imu_interface_isr.o (.text.imu_uart_isr_init)
                  7010561a    00000006     --HOLE-- [fill = 0]
                  70105620    00000186     drivers.am263px.r5f.ti-arm-clang.nortos.debug.lib : mcan.obj (.text.MCAN_readMsg)
                  701057a6    0000000a     --HOLE-- [fill = 0]
                  701057b0    00000184                                                       : mcan.obj (.text.MCAN_calcMsgRamParamsStartAddr)
                  70105934    0000000c     --HOLE-- [fill = 0]
                  70105940    0000017e     can_interface.o (.text.can_rx_isr)
                  70105abe    00000002     --HOLE-- [fill = 0]
                  70105ac0    00000176     main.o (.text.transmit_can_frames)
                  70105c36    0000000a     --HOLE-- [fill = 0]
                  70105c40    00000162     drivers.am263px.r5f.ti-arm-clang.nortos.debug.lib : edma.obj (.text.EDMA_unregisterIntr)
                  70105da2    0000000e     --HOLE-- [fill = 0]
                  70105db0    00000158                                                       : soc.obj (.text.SOC_controlModuleUnlockMMR)
                  70105f08    00000008     --HOLE-- [fill = 0]
                  70105f10    00000152                                                       : uart_v0_lld.obj (.text.UART_lld_initDma)
                  70106062    0000000e     --HOLE-- [fill = 0]
                  70106070    00000150     nortos.am263px.r5f.ti-arm-clang.debug.lib : DebugP_shmLogWriter.obj (.text.DebugP_shmLogWriterPutChar)
                  701061c0    00000150     drivers.am263px.r5f.ti-arm-clang.nortos.debug.lib : mcan.obj (.text.MCAN_writeMsg)
                  70106310    00000150     imu_interface_isr.o (.text.parse_yis320_frame)
                  70106460    0000014e     yis320_protocol.o (.text.parse_imu_frame)
                  701065ae    00000002     --HOLE-- [fill = 0]
                  701065b0    0000014c     drivers.am263px.r5f.ti-arm-clang.nortos.debug.lib : mcan.obj (.text.MCAN_setBitTime)
                  701066fc    00000004     --HOLE-- [fill = 0]
                  70106700    00000140     can_interface.o (.text.CAN_Init)
                  70106840    0000013a     drivers.am263px.r5f.ti-arm-clang.nortos.debug.lib : edma.obj (.text.EDMA_isDmaChannelAllocated)
                  7010697a    00000006     --HOLE-- [fill = 0]
                  70106980    00000138                                                       : mcan.obj (.text.MCAN_readMsgRam)
                  70106ab8    00000008     --HOLE-- [fill = 0]
                  70106ac0    00000138     nortos.am263px.r5f.ti-arm-clang.debug.lib : printf.obj (.text._ntoa_long_long)
                  70106bf8    00000008     --HOLE-- [fill = 0]
                  70106c00    00000136                                               : ClockP_nortos_r5.obj (.text.ClockP_init)
                  70106d36    0000000a     --HOLE-- [fill = 0]
                  70106d40    00000136     drivers.am263px.r5f.ti-arm-clang.nortos.debug.lib : uart_v0_lld.obj (.text.UART_procLineStatusErr)
                  70106e76    0000000a     --HOLE-- [fill = 0]
                  70106e80    00000134                                                       : edma.obj (.text.EDMA_registerIntr)
                  70106fb4    0000000c     --HOLE-- [fill = 0]
                  70106fc0    00000134                                                       : mcan.obj (.text.MCAN_init)
                  701070f4    0000000c     --HOLE-- [fill = 0]
                  70107100    0000012c                                                       : uart_v0_lld.obj (.text.UART_lld_init)
                  7010722c    00000004     --HOLE-- [fill = 0]
                  70107230    0000012a                                                       : mcan.obj (.text.MCAN_config)
                  7010735a    00000006     --HOLE-- [fill = 0]
                  70107360    00000126                                                       : soc.obj (.text.SOC_controlModuleLockMMR)
                  70107486    0000000a     --HOLE-- [fill = 0]
                  70107490    00000120                                                       : soc_rcm.obj (.text.SOC_rcmGetPeripheralClockFrequency)
                  701075b0    00000120     can_interface.o (.text.init_can_stb_gpios)
                  701076d0    0000011c     nortos.am263px.r5f.ti-arm-clang.debug.lib : DebugP_shmLogWriter.obj (.text.DebugP_shmLogWriterPutLine)
                  701077ec    00000004     --HOLE-- [fill = 0]
                  701077f0    0000011c     drivers.am263px.r5f.ti-arm-clang.nortos.debug.lib : uart_dma_edma.obj (.text.UART_lld_dmaRead)
                  7010790c    00000118     libclang_rt.builtins.a : udivmoddi4.S.obj (.text)
                  70107a24    0000000c     --HOLE-- [fill = 0]
                  70107a30    00000116     drivers.am263px.r5f.ti-arm-clang.nortos.debug.lib : edma.obj (.text.EDMA_isTccAllocated)
                  70107b46    0000000a     --HOLE-- [fill = 0]
                  70107b50    00000116                                                       : uart_v0_lld.obj (.text.UART_divisorLatchWrite)
                  70107c66    0000000a     --HOLE-- [fill = 0]
                  70107c70    00000114     nortos.am263px.r5f.ti-arm-clang.debug.lib : printf.obj (.text._ntoa_long)
                  70107d84    0000000c     --HOLE-- [fill = 0]
                  70107d90    0000010e     drivers.am263px.r5f.ti-arm-clang.nortos.debug.lib : soc_rcm.obj (.text.SOC_rcmADPLLJGetFOut)
                  70107e9e    00000002     --HOLE-- [fill = 0]
                  70107ea0    0000010a                                                       : ipc_notify_v1.obj (.text.IpcNotify_sendMsg)
                  70107faa    00000006     --HOLE-- [fill = 0]
                  70107fb0    00000104                                                       : uart_v0_lld.obj (.text.UART_configInstance)
                  701080b4    0000000c     --HOLE-- [fill = 0]
                  701080c0    00000102     ti_drivers_config.o (.text.GPIO_init)
                  701081c2    0000000e     --HOLE-- [fill = 0]
                  701081d0    00000102     nortos.am263px.r5f.ti-arm-clang.debug.lib : SemaphoreP_nortos.obj (.text.SemaphoreP_pend)
                  701082d2    0000000e     --HOLE-- [fill = 0]
                  701082e0    00000102     gateway_shared.o (.text.gateway_ringbuf_read)
                  701083e2    0000000e     --HOLE-- [fill = 0]
                  701083f0    000000f6     main.o (.text.process_can_rx)
                  701084e6    0000000a     --HOLE-- [fill = 0]
                  701084f0    000000f0     can_interface.o (.text.CAN_StartRxInterrupts)
                  701085e0    000000ec     gateway_shared.o (.text.gateway_write_motor_config)
                  701086cc    00000004     --HOLE-- [fill = 0]
                  701086d0    000000e6     drivers.am263px.r5f.ti-arm-clang.nortos.debug.lib : soc_rcm.obj (.text.SOC_rcmGetCoreFout)
                  701087b6    0000000a     --HOLE-- [fill = 0]
                  701087c0    000000e6                                                       : soc_rcm.obj (.text.SOC_rcmGetPerFout)
                  701088a6    0000000a     --HOLE-- [fill = 0]
                  701088b0    000000e4                                                       : edma.obj (.text.EDMA_freeChannelRegion)
                  70108994    0000000c     --HOLE-- [fill = 0]
                  701089a0    000000e2                                                       : edma.obj (.text.EDMA_freeParam)
                  70108a82    0000000e     --HOLE-- [fill = 0]
                  70108a90    000000e0                                                       : edma.obj (.text.EDMA_freeDmaChannel)
                  70108b70    000000e0                                                       : edma.obj (.text.EDMA_freeTcc)
                  70108c50    000000de                                                       : uart_v0_lld.obj (.text.UART_intrEnable)
                  70108d2e    00000002     --HOLE-- [fill = 0]
                  70108d30    000000da                                                       : uart_v0_lld.obj (.text.UART_intrDisable)
                  70108e0a    00000006     --HOLE-- [fill = 0]
                  70108e10    000000d0     nortos.am263px.r5f.ti-arm-clang.debug.lib : AddrTranslateP_32bit.obj (.text.AddrTranslateP_getLocalAddr)
                  70108ee0    000000d0     main.o (.text.main_loop)
                  70108fb0    000000d0     imu_interface_isr.o (.text.update_imu_state_atomic)
                  70109080    000000ce     drivers.am263px.r5f.ti-arm-clang.nortos.debug.lib : edma.obj (.text.EDMA_disableChInShadowRegRegion)
                  7010914e    00000002     --HOLE-- [fill = 0]
                  70109150    000000cc                                                       : edma.obj (.text.EDMA_enableChInShadowRegRegion)
                  7010921c    00000004     --HOLE-- [fill = 0]
                  70109220    000000c4                                                       : edma.obj (.text.EDMA_mapChToEvtQ)
                  701092e4    0000000c     --HOLE-- [fill = 0]
                  701092f0    000000c0                                                       : edma.obj (.text.EDMA_configureChannelRegion)
                  701093b0    000000c0                                                       : soc_rcm.obj (.text.SOC_rcmGetPerHSDivOut)
                  70109470    000000c0                                                       : uart_v0.obj (.text.UART_flushTxFifo)
                  70109530    000000c0     nortos.am263px.r5f.ti-arm-clang.debug.lib : printf.obj (.text._out_rev)
                  701095f0    000000be                                               : ClockP_nortos.obj (.text.ClockP_timerTickIsr)
                  701096ae    00000002     --HOLE-- [fill = 0]
                  701096b0    000000be     ti_dpl_config.o (.text.TimerP_init)
                  7010976e    00000002     --HOLE-- [fill = 0]
                  70109770    000000ba     nortos.am263px.r5f.ti-arm-clang.debug.lib : ClockP_nortos.obj (.text.ClockP_stop)
                  7010982a    00000006     --HOLE-- [fill = 0]
                  70109830    000000ba     drivers.am263px.r5f.ti-arm-clang.nortos.debug.lib : ipc_notify_v1.obj (.text.IpcNotify_waitSync)
                  701098ea    00000006     --HOLE-- [fill = 0]
                  701098f0    000000ba     gateway_shared.o (.text.gateway_write_motor_states)
                  701099aa    00000006     --HOLE-- [fill = 0]
                  701099b0    000000ba     nortos.am263px.r5f.ti-arm-clang.debug.lib : PmuP_armv7r.obj (.text.pmu)
                  70109a6a    00000006     --HOLE-- [fill = 0]
                  70109a70    000000b0     drivers.am263px.r5f.ti-arm-clang.nortos.debug.lib : mcan.obj (.text.MCAN_writeMsgRam)
                  70109b20    000000b0                                                       : soc_rcm.obj (.text.SOC_rcmSetPeripheralClock)
                  70109bd0    000000b0                                                       : uart_v0.obj (.text.UART_init)
                  70109c80    000000ae                                                       : mcan.obj (.text.MCAN_getOffsetAddr)
                  70109d2e    00000002     --HOLE-- [fill = 0]
                  70109d30    000000ac     gateway_shared.o (.text.gateway_core1_wait_for_ready)
                  70109ddc    00000004     --HOLE-- [fill = 0]
                  70109de0    000000a8     nortos.am263px.r5f.ti-arm-clang.debug.lib : ClockP_nortos.obj (.text.ClockP_addToList)
                  70109e88    00000008     --HOLE-- [fill = 0]
                  70109e90    000000a8                                               : ClockP_nortos.obj (.text.ClockP_destruct)
                  70109f38    00000008     --HOLE-- [fill = 0]
                  70109f40    000000a8     ti_drivers_open_close.o (.text.Drivers_uartOpen)
                  70109fe8    00000008     --HOLE-- [fill = 0]
                  70109ff0    000000a6     imu_interface_isr.o (.text.validate_yis320_checksum)
                  7010a096    0000000a     --HOLE-- [fill = 0]
                  7010a0a0    000000a0     drivers.am263px.r5f.ti-arm-clang.nortos.debug.lib : soc_rcm.obj (.text.SOC_rcmGetCoreHSDivOut)
                  7010a140    0000009e     gateway_shared.o (.text.gateway_core1_ipc_callback)
                  7010a1de    00000002     --HOLE-- [fill = 0]
                  7010a1e0    0000009e     yis320_protocol.o (.text.validate_checksum)
                  7010a27e    00000002     --HOLE-- [fill = 0]
                  7010a280    00000098     drivers.am263px.r5f.ti-arm-clang.nortos.debug.lib : ipc_notify_v1.obj (.text.IpcNotify_registerClient)
                  7010a318    00000008     --HOLE-- [fill = 0]
                  7010a320    00000096                                                       : uart_v0_lld.obj (.text.UART_subConfigTCRTLRModeEn)
                  7010a3b6    0000000a     --HOLE-- [fill = 0]
                  7010a3c0    00000092     nortos.am263px.r5f.ti-arm-clang.debug.lib : ClockP_nortos.obj (.text.ClockP_getTimeUsec)
                  7010a452    0000000e     --HOLE-- [fill = 0]
                  7010a460    00000092     drivers.am263px.r5f.ti-arm-clang.nortos.debug.lib : edma.obj (.text.EDMA_unmapChToEvtQ)
                  7010a4f2    0000000e     --HOLE-- [fill = 0]
                  7010a500    00000092     yis320_protocol.o (.text.yis320_convert_to_ipc)
                  7010a592    0000000e     --HOLE-- [fill = 0]
                  7010a5a0    0000008c     drivers.am263px.r5f.ti-arm-clang.nortos.debug.lib : edma.obj (.text.EDMA_disableTransferRegion)
                  7010a62c    00000004     --HOLE-- [fill = 0]
                  7010a630    0000008c                                                       : edma.obj (.text.EDMA_enableTransferRegion)
                  7010a6bc    00000004     --HOLE-- [fill = 0]
                  7010a6c0    00000088                                                       : uart_dma_edma.obj (.text.UART_edmaIsrRx)
                  7010a748    00000008     --HOLE-- [fill = 0]
                  7010a750    00000088                                                       : uart_dma_edma.obj (.text.UART_edmaIsrTx)
                  7010a7d8    00000008     --HOLE-- [fill = 0]
                  7010a7e0    00000086                                                       : uart_v0_lld.obj (.text.UART_lld_flushTxFifo)
                  7010a866    0000000a     --HOLE-- [fill = 0]
                  7010a870    00000086                                                       : uart_v0_lld.obj (.text.UART_tcrTlrBitValRestore)
                  7010a8f6    0000000a     --HOLE-- [fill = 0]
                  7010a900    00000082                                                       : edma.obj (.text.EDMA_allocDmaChannel)
                  7010a982    0000000e     --HOLE-- [fill = 0]
                  7010a990    00000082                                                       : edma.obj (.text.EDMA_allocParam)
                  7010aa12    0000000e     --HOLE-- [fill = 0]
                  7010aa20    00000082                                                       : edma.obj (.text.EDMA_allocTcc)
                  7010aaa2    0000000e     --HOLE-- [fill = 0]
                  7010aab0    00000082                                                       : edma.obj (.text.EDMA_disableTccInShadowRegRegion)
                  7010ab32    0000000e     --HOLE-- [fill = 0]
                  7010ab40    00000082                                                       : edma.obj (.text.EDMA_enableTccInShadowRegRegion)
                  7010abc2    0000000e     --HOLE-- [fill = 0]
                  7010abd0    00000082                                                       : ipc_notify_v1.obj (.text.IpcNotify_syncAll)
                  7010ac52    0000000e     --HOLE-- [fill = 0]
                  7010ac60    00000082     imu_protocol_handler.o (.text.imu_protocol_manager_init)
                  7010ace2    0000000e     --HOLE-- [fill = 0]
                  7010acf0    00000080     drivers.am263px.r5f.ti-arm-clang.nortos.debug.lib : mcan.obj (.text.MCAN_addStdMsgIDFilter)
                  7010ad70    00000080                                                       : uart_v0_lld.obj (.text.UART_moduleReset)
                  7010adf0    0000007e     ti_drivers_config.o (.text.System_init)
                  7010ae6e    00000002     --HOLE-- [fill = 0]
                  7010ae70    0000007e     drivers.am263px.r5f.ti-arm-clang.nortos.debug.lib : uart_v0_lld.obj (.text.UART_readData)
                  7010aeee    00000002     --HOLE-- [fill = 0]
                  7010aef0    0000007c     nortos.am263px.r5f.ti-arm-clang.debug.lib : DebugP_log.obj (.text._DebugP_assert)
                  7010af6c    00000004     --HOLE-- [fill = 0]
                  7010af70    0000007c     gateway_shared.o (.text.gateway_ringbuf_core1_init)
                  7010afec    00000004     --HOLE-- [fill = 0]
                  7010aff0    0000007a     drivers.am263px.r5f.ti-arm-clang.nortos.debug.lib : ipc_notify_v1.obj (.text.IpcNotify_mailboxWrite)
                  7010b06a    00000006     --HOLE-- [fill = 0]
                  7010b070    0000007a                                                       : uart_v0.obj (.text.UART_Params_init)
                  7010b0ea    00000006     --HOLE-- [fill = 0]
                  7010b0f0    00000078                                                       : edma.obj (.text.EDMA_linkChannel)
                  7010b168    00000008     --HOLE-- [fill = 0]
                  7010b170    00000074                                                       : uart_v0_lld.obj (.text.UART_IsBaseAddrValid)
                  7010b1e4    0000000c     --HOLE-- [fill = 0]
                  7010b1f0    00000074     imu_interface_isr.o (.text.parse_euler_angles)
                  7010b264    0000000c     --HOLE-- [fill = 0]
                  7010b270    00000074     imu_interface_isr.o (.text.parse_gyroscope)
                  7010b2e4    0000000c     --HOLE-- [fill = 0]
                  7010b2f0    00000072     nortos.am263px.r5f.ti-arm-clang.debug.lib : ClockP_nortos.obj (.text.ClockP_usleep)
                  7010b362    0000000e     --HOLE-- [fill = 0]
                  7010b370    00000072     drivers.am263px.r5f.ti-arm-clang.nortos.debug.lib : edma.obj (.text.EDMA_clrMissEvtRegion)
                  7010b3e2    0000000e     --HOLE-- [fill = 0]
                  7010b3f0    00000072                                                       : ipc_notify_v1.obj (.text.IpcNotify_makeMsg)
                  7010b462    0000000e     --HOLE-- [fill = 0]
                  7010b470    0000006e     yis320_protocol.o (.text.find_frame_header_limited)
                  7010b4de    00000002     --HOLE-- [fill = 0]
                  7010b4e0    0000006a     drivers.am263px.r5f.ti-arm-clang.nortos.debug.lib : ipc_notify_v1.obj (.text.IpcNotify_mailboxReadSwQ)
                  7010b54a    00000006     --HOLE-- [fill = 0]
                  7010b550    00000068                                                       : edma.obj (.text.EDMA_getBaseAddr)
                  7010b5b8    00000008     --HOLE-- [fill = 0]
                  7010b5c0    00000068                                                       : uart_v0_lld.obj (.text.UART_divisorValCompute)
                  7010b628    00000008     --HOLE-- [fill = 0]
                  7010b630    00000064                                                       : soc_rcm.obj (.text.SOC_rcmGetR5Clock)
                  7010b694    0000000c     --HOLE-- [fill = 0]
                  7010b6a0    00000064                                                       : soc_rcm.obj (.text.SOC_rcmIsR5FInLockStepMode)
                  7010b704    0000000c     --HOLE-- [fill = 0]
                  7010b710    00000064                                                       : uart_v0_lld.obj (.text.UART_fifoRegisterWrite)
                  7010b774    0000000c     --HOLE-- [fill = 0]
                  7010b780    00000064                                                       : uart_v0_lld.obj (.text.UART_lld_deInitDma)
                  7010b7e4    0000000c     --HOLE-- [fill = 0]
                  7010b7f0    00000062                                                       : mcan.obj (.text.MCAN_enableIntr)
                  7010b852    0000000e     --HOLE-- [fill = 0]
                  7010b860    00000062                                                       : mcan.obj (.text.MCAN_initTxBufElement)
                  7010b8c2    0000000e     --HOLE-- [fill = 0]
                  7010b8d0    00000062                                                       : soc_rcm.obj (.text.SOC_rcmInsert16)
                  7010b932    0000000e     --HOLE-- [fill = 0]
                  7010b940    00000062     nortos.am263px.r5f.ti-arm-clang.debug.lib : SemaphoreP_nortos.obj (.text.SemaphoreP_post)
                  7010b9a2    0000000e     --HOLE-- [fill = 0]
                  7010b9b0    00000060     drivers.am263px.r5f.ti-arm-clang.nortos.debug.lib : mcan.obj (.text.MCAN_selectIntrLine)
                  7010ba10    00000060                                                       : uart_v0_lld.obj (.text.UART_getChar)
                  7010ba70    00000060                                                       : uart_v0_lld.obj (.text.UART_writeData)
                  7010bad0    0000005e     yis320_protocol.o (.text.yis320_protocol_handler_init)
                  7010bb2e    00000002     --HOLE-- [fill = 0]
                  7010bb30    0000005c     ti_power_clock_config.o (.text.Module_clockSetFrequency)
                  7010bb8c    00000004     --HOLE-- [fill = 0]
                  7010bb90    0000005c     drivers.am263px.r5f.ti-arm-clang.nortos.debug.lib : uart_v0_lld.obj (.text.UART_lld_deInit)
                  7010bbec    00000004     --HOLE-- [fill = 0]
                  7010bbf0    0000005c     imu_interface_isr.o (.text.parse_quaternion)
                  7010bc4c    00000004     --HOLE-- [fill = 0]
                  7010bc50    0000005a     drivers.am263px.r5f.ti-arm-clang.nortos.debug.lib : uart_v0_lld.obj (.text.UART_regConfigModeEnable)
                  7010bcaa    00000006     --HOLE-- [fill = 0]
                  7010bcb0    00000058                                                       : soc_rcm.obj (.text.SOC_rcmGetModuleClkDivVal)
                  7010bd08    00000008     --HOLE-- [fill = 0]
                  7010bd10    00000058     yis320_protocol.o (.text.parse_angular_velocity)
                  7010bd68    00000008     --HOLE-- [fill = 0]
                  7010bd70    00000058     yis320_protocol.o (.text.parse_euler_angles)
                  7010bdc8    00000008     --HOLE-- [fill = 0]
                  7010bdd0    00000056     drivers.am263px.r5f.ti-arm-clang.nortos.debug.lib : uart_v0.obj (.text.UART_lld_readCompleteCallback)
                  7010be26    0000000a     --HOLE-- [fill = 0]
                  7010be30    00000056                                                       : uart_v0.obj (.text.UART_lld_writeCompleteCallback)
                  7010be86    0000000a     --HOLE-- [fill = 0]
                  7010be90    00000056     gateway_shared.o (.text.gateway_write_imu_state)
                  7010bee6    0000000a     --HOLE-- [fill = 0]
                  7010bef0    00000056     yis320_protocol.o (.text.vtable_initialize)
                  7010bf46    0000000a     --HOLE-- [fill = 0]
                  7010bf50    00000054     ti_dpl_config.o (.text.Dpl_init)
                  7010bfa4    0000000c     --HOLE-- [fill = 0]
                  7010bfb0    00000054     drivers.am263px.r5f.ti-arm-clang.nortos.debug.lib : edma.obj (.text.EDMA_setPaRAM)
                  7010c004    0000000c     --HOLE-- [fill = 0]
                  7010c010    00000054                                                       : uart_v0_lld.obj (.text.UART_OperModeValid)
                  7010c064    0000000c     --HOLE-- [fill = 0]
                  7010c070    00000054     main.o (.text.main)
                  7010c0c4    00000054     libc.a : autoinit.c.obj (.text:__TI_auto_init_nobinit_nopinit)
                  7010c118    00000008     --HOLE-- [fill = 0]
                  7010c120    00000050     ti_drivers_open_close.o (.text.Drivers_uartClose)
                  7010c170    00000050     drivers.am263px.r5f.ti-arm-clang.nortos.debug.lib : pinmux.obj (.text.Pinmux_config)
                  7010c1c0    00000050                                                       : uart_v0_lld.obj (.text.UART_checkCharsAvailInFifo)
                  7010c210    0000004e     nortos.am263px.r5f.ti-arm-clang.debug.lib : DebugP_shmLogWriter.obj (.text.DebugP_shmLogWriterInit)
                  7010c25e    00000002     --HOLE-- [fill = 0]
                  7010c260    0000004e     drivers.am263px.r5f.ti-arm-clang.nortos.debug.lib : edma.obj (.text.EDMA_clrEvtRegion)
                  7010c2ae    00000002     --HOLE-- [fill = 0]
                  7010c2b0    0000004e                                                       : edma.obj (.text.EDMA_disableDmaEvtRegion)
                  7010c2fe    00000002     --HOLE-- [fill = 0]
                  7010c300    0000004e                                                       : edma.obj (.text.EDMA_disableEvtIntrRegion)
                  7010c34e    00000002     --HOLE-- [fill = 0]
                  7010c350    0000004e                                                       : edma.obj (.text.EDMA_enableDmaEvtRegion)
                  7010c39e    00000002     --HOLE-- [fill = 0]
                  7010c3a0    0000004e                                                       : edma.obj (.text.EDMA_enableEvtIntrRegion)
                  7010c3ee    00000002     --HOLE-- [fill = 0]
                  7010c3f0    0000004e                                                       : edma.obj (.text.EDMA_setEvtRegion)
                  7010c43e    00000002     --HOLE-- [fill = 0]
                  7010c440    0000004e                                                       : gpio.obj (.text.GPIO_setDirMode)
                  7010c48e    00000002     --HOLE-- [fill = 0]
                  7010c490    0000004e                                                       : mcan.obj (.text.MCAN_enableIntrLine)
                  7010c4de    00000002     --HOLE-- [fill = 0]
                  7010c4e0    0000004c     nortos.am263px.r5f.ti-arm-clang.debug.lib : ClockP_nortos.obj (.text.ClockP_construct)
                  7010c52c    00000004     --HOLE-- [fill = 0]
                  7010c530    0000004c     drivers.am263px.r5f.ti-arm-clang.nortos.debug.lib : edma.obj (.text.EDMA_ccPaRAMEntry_init)
                  7010c57c    00000004     --HOLE-- [fill = 0]
                  7010c580    0000004c                                                       : edma.obj (.text.EDMA_mapQdmaChToPaRAM)
                  7010c5cc    00000004     --HOLE-- [fill = 0]
                  7010c5d0    0000004c                                                       : edma.obj (.text.EDMA_readEventStatusRegion)
                  7010c61c    00000004     --HOLE-- [fill = 0]
                  7010c620    0000004c                                                       : ipc_notify_v1.obj (.text.IpcNotify_unregisterClient)
                  7010c66c    00000004     --HOLE-- [fill = 0]
                  7010c670    0000004c     ti_power_clock_config.o (.text.Module_clockEnable)
                  7010c6bc    00000004     --HOLE-- [fill = 0]
                  7010c6c0    0000004c     gateway_shared.o (.text.gateway_update_stat)
                  7010c70c    00000004     --HOLE-- [fill = 0]
                  7010c710    0000004c     main.o (.text.ipc_notify_callback_fxn)
                  7010c75c    0000004c     libc.a : memmov.c.obj (.text.memmove)
                  7010c7a8    00000008     --HOLE-- [fill = 0]
                  7010c7b0    0000004c     yis320_protocol.o (.text.parse_quaternion)
                  7010c7fc    00000004     --HOLE-- [fill = 0]
                  7010c800    0000004a     drivers.am263px.r5f.ti-arm-clang.nortos.debug.lib : ipc_notify_v1.obj (.text.IpcNotify_Params_init)
                  7010c84a    00000006     --HOLE-- [fill = 0]
                  7010c850    0000004a                                                       : soc_rcm.obj (.text.SOC_rcmGetCR5SysclkInFrequency)
                  7010c89a    00000006     --HOLE-- [fill = 0]
                  7010c8a0    0000004a                                                       : uart_v0_lld.obj (.text.UART_getIntrIdentityStatus)
                  7010c8ea    00000006     --HOLE-- [fill = 0]
                  7010c8f0    0000004a                                                       : uart_v0_lld.obj (.text.UART_lineCharConfig)
                  7010c93a    00000006     --HOLE-- [fill = 0]
                  7010c940    0000004a     main.o (.text.motor_get_index)
                  7010c98a    00000006     --HOLE-- [fill = 0]
                  7010c990    00000048     drivers.am263px.r5f.ti-arm-clang.nortos.debug.lib : uart_v0_lld.obj (.text.UART_resetModule)
                  7010c9d8    00000008     --HOLE-- [fill = 0]
                  7010c9e0    00000046                                                       : uart_v0_lld.obj (.text.UART_i2310WA)
                  7010ca26    0000000a     --HOLE-- [fill = 0]
                  7010ca30    00000046                                                       : uart_v0_lld.obj (.text.UART_readLineStatus)
                  7010ca76    0000000a     --HOLE-- [fill = 0]
                  7010ca80    00000046     imu_protocol_handler.o (.text.imu_protocol_handler_init)
                  7010cac6    0000000a     --HOLE-- [fill = 0]
                  7010cad0    00000044     drivers.am263px.r5f.ti-arm-clang.nortos.debug.lib : ipc_notify_v1.obj (.text.IpcNotify_getWriteMailbox)
                  7010cb14    0000000c     --HOLE-- [fill = 0]
                  7010cb20    00000044                                                       : soc_rcm.obj (.text.SOC_rcmExtract8)
                  7010cb64    0000000c     --HOLE-- [fill = 0]
                  7010cb70    00000044                                                       : soc_rcm.obj (.text.SOC_rcmMake16)
                  7010cbb4    0000000c     --HOLE-- [fill = 0]
                  7010cbc0    00000044     nortos.am263px.r5f.ti-arm-clang.debug.lib : SemaphoreP_nortos.obj (.text.SemaphoreP_construct)
                  7010cc04    0000000c     --HOLE-- [fill = 0]
                  7010cc10    00000044                                               : DebugP_nortos.obj (.text._DebugP_logZone)
                  7010cc54    0000000c     --HOLE-- [fill = 0]
                  7010cc60    00000044                                               : printf.obj (.text._strnlen_s)
                  7010cca4    0000000c     --HOLE-- [fill = 0]
                  7010ccb0    00000044     main.o (.text.process_motor_commands)
                  7010ccf4    0000000c     --HOLE-- [fill = 0]
                  7010cd00    00000042     nortos.am263px.r5f.ti-arm-clang.debug.lib : ClockP_nortos.obj (.text.ClockP_start)
                  7010cd42    0000000e     --HOLE-- [fill = 0]
                  7010cd50    00000042     drivers.am263px.r5f.ti-arm-clang.nortos.debug.lib : uart_v0.obj (.text.UART_checkOpenParams)
                  7010cd92    0000000e     --HOLE-- [fill = 0]
                  7010cda0    0000003e                                                       : pinmux.obj (.text.Pinmux_unlockMMR)
                  7010cdde    00000002     --HOLE-- [fill = 0]
                  7010cde0    0000003e                                                       : uart_v0_lld.obj (.text.UART_IsHWFlowCtrlValid)
                  7010ce1e    00000002     --HOLE-- [fill = 0]
                  7010ce20    0000003e                                                       : uart_v0_lld.obj (.text.UART_spaceAvail)
                  7010ce5e    00000002     --HOLE-- [fill = 0]
                  7010ce60    0000003e     gateway_shared.o (.text.gateway_core1_init)
                  7010ce9e    00000002     --HOLE-- [fill = 0]
                  7010cea0    0000003e     gateway_shared.o (.text.gateway_update_heartbeat)
                  7010cede    00000002     --HOLE-- [fill = 0]
                  7010cee0    0000003e     main.o (.text.timerISR)
                  7010cf1e    00000002     --HOLE-- [fill = 0]
                  7010cf20    0000003c     drivers.am263px.r5f.ti-arm-clang.nortos.debug.lib : uart_v0_lld.obj (.text.UART_IsParityTypeValid)
                  7010cf5c    00000004     --HOLE-- [fill = 0]
                  7010cf60    0000003c                                                       : uart_v0_lld.obj (.text.UART_IsTxRxFifoEmpty)
                  7010cf9c    00000004     --HOLE-- [fill = 0]
                  7010cfa0    0000003c                                                       : uart_v0_lld.obj (.text.UART_enhanFuncEnable)
                  7010cfdc    00000004     --HOLE-- [fill = 0]
                  7010cfe0    0000003a     can_interface.o (.text.CAN_RegisterRxCallback)
                  7010d01a    00000006     --HOLE-- [fill = 0]
                  7010d020    0000003a     drivers.am263px.r5f.ti-arm-clang.nortos.debug.lib : mcan.obj (.text.MCAN_txBufAddReq)
                  7010d05a    00000006     --HOLE-- [fill = 0]
                  7010d060    0000003a                                                       : soc.obj (.text.SOC_moduleSetClockFrequency)
                  7010d09a    00000006     --HOLE-- [fill = 0]
                  7010d0a0    0000003a     nortos.am263px.r5f.ti-arm-clang.debug.lib : printf.obj (.text._atoi)
                  7010d0da    00000006     --HOLE-- [fill = 0]
                  7010d0e0    0000003a     main.o (.text.init_1000hz_timer)
                  7010d11a    00000006     --HOLE-- [fill = 0]
                  7010d120    0000003a     nortos.am263px.r5f.ti-arm-clang.debug.lib : printf.obj (.text.snprintf_)
                  7010d15a    00000006     --HOLE-- [fill = 0]
                  7010d160    00000038     drivers.am263px.r5f.ti-arm-clang.nortos.debug.lib : soc.obj (.text.SOC_getCoreName)
                  7010d198    00000038     nortos.am263px.r5f.ti-arm-clang.debug.lib : PmuP_armv7r_asm.obj (.text.pmu)
                  7010d1d0    00000038     yis320_protocol.o (.text.vtable_is_connected)
                  7010d208    00000008     --HOLE-- [fill = 0]
                  7010d210    00000036     drivers.am263px.r5f.ti-arm-clang.nortos.debug.lib : edma.obj (.text.EDMA_getRegionId)
                  7010d246    0000000a     --HOLE-- [fill = 0]
                  7010d250    00000036     can_interface.o (.text.GPIO_pinWriteLow)
                  7010d286    0000000a     --HOLE-- [fill = 0]
                  7010d290    00000036     ti_drivers_config.o (.text.GPIO_pinWriteLow)
                  7010d2c6    0000000a     --HOLE-- [fill = 0]
                  7010d2d0    00000036     drivers.am263px.r5f.ti-arm-clang.nortos.debug.lib : ipc_notify_v1.obj (.text.IpcNotify_syncCallback)
                  7010d306    0000000a     --HOLE-- [fill = 0]
                  7010d310    00000034                                                       : mcan.obj (.text.MCAN_SsAddr)
                  7010d344    0000000c     --HOLE-- [fill = 0]
                  7010d350    00000034                                                       : mcan.obj (.text.MCAN_calcCfgAddr)
                  7010d384    0000000c     --HOLE-- [fill = 0]
                  7010d390    00000034                                                       : pinmux.obj (.text.Pinmux_lockMMR)
                  7010d3c4    0000000c     --HOLE-- [fill = 0]
                  7010d3d0    00000034     nortos.am263px.r5f.ti-arm-clang.debug.lib : TimerP_rti_priv.obj (.text.TimerP_Params_initPriv)
                  7010d404    0000000c     --HOLE-- [fill = 0]
                  7010d410    00000034     drivers.am263px.r5f.ti-arm-clang.nortos.debug.lib : uart_v0_lld.obj (.text.UART_IsDataLengthValid)
                  7010d444    0000000c     --HOLE-- [fill = 0]
                  7010d450    00000034     motor_mapping.o (.text.motor_get_config)
                  7010d484    0000000c     --HOLE-- [fill = 0]
                  7010d490    00000032     drivers.am263px.r5f.ti-arm-clang.nortos.debug.lib : mcan.obj (.text.HW_WR_FIELD32_RAW)
                  7010d4c2    0000000e     --HOLE-- [fill = 0]
                  7010d4d0    00000032                                                       : uart_v0_lld.obj (.text.HW_WR_FIELD32_RAW)
                  7010d502    0000000e     --HOLE-- [fill = 0]
                  7010d510    00000032                                                       : ipc_notify_v1.obj (.text.IpcNotify_mailboxIsPendingIntr)
                  7010d542    0000000e     --HOLE-- [fill = 0]
                  7010d550    00000032                                                       : mcan.obj (.text.MCAN_isMemInitDone)
                  7010d582    0000000e     --HOLE-- [fill = 0]
                  7010d590    00000032     nortos.am263px.r5f.ti-arm-clang.debug.lib : TimerP_rti_priv.obj (.text.TimerP_getCountPriv)
                  7010d5c2    0000000e     --HOLE-- [fill = 0]
                  7010d5d0    00000032     drivers.am263px.r5f.ti-arm-clang.nortos.debug.lib : uart_v0_lld.obj (.text.UART_enhanFuncBitValRestore)
                  7010d602    0000000e     --HOLE-- [fill = 0]
                  7010d610    00000032                                                       : uart_v0_lld.obj (.text.UART_hardwareFlowCtrlOptSet)
                  7010d642    0000000e     --HOLE-- [fill = 0]
                  7010d650    00000030                                                       : ipc_notify_v1.obj (.text.IpcNotify_getReadSwQ)
                  7010d680    00000030                                                       : uart_v0_lld.obj (.text.UART_flowCtrlTrigLvlConfig)
                  7010d6b0    00000030     gateway_shared.o (.text.gateway_signal_motor_config_ready)
                  7010d6e0    0000002e     drivers.am263px.r5f.ti-arm-clang.nortos.debug.lib : uart_dma_edma.obj (.text.UART_lld_dmaInit)
                  7010d70e    00000002     --HOLE-- [fill = 0]
                  7010d710    0000002e     nortos.am263px.r5f.ti-arm-clang.debug.lib : printf.obj (.text._is_digit)
                  7010d73e    00000002     --HOLE-- [fill = 0]
                  7010d740    0000002c                                               : DebugP_log.obj (.text.DebugP_logZoneEnable)
                  7010d76c    00000004     --HOLE-- [fill = 0]
                  7010d770    0000002c     drivers.am263px.r5f.ti-arm-clang.nortos.debug.lib : ipc_notify_v1.obj (.text.IpcNotify_getReadMailbox)
                  7010d79c    00000004     --HOLE-- [fill = 0]
                  7010d7a0    0000002c                                                       : mcan.obj (.text.MCAN_clearNewDataStatus)
                  7010d7cc    00000004     --HOLE-- [fill = 0]
                  7010d7d0    0000002c                                                       : mcan.obj (.text.MCAN_getNewDataStatus)
                  7010d7fc    00000004     --HOLE-- [fill = 0]
                  7010d800    0000002c     nortos.am263px.r5f.ti-arm-clang.debug.lib : SemaphoreP_nortos.obj (.text.SemaphoreP_constructBinary)
                  7010d82c    00000004     --HOLE-- [fill = 0]
                  7010d830    0000002c     yis320_protocol.o (.text.vtable_deinit)
                  7010d85c    00000004     --HOLE-- [fill = 0]
                  7010d860    0000002a     nortos.am263px.r5f.ti-arm-clang.debug.lib : ClockP_nortos.obj (.text.ClockP_sleepTicks)
                  7010d88a    00000006     --HOLE-- [fill = 0]
                  7010d890    0000002a     drivers.am263px.r5f.ti-arm-clang.nortos.debug.lib : uart_v0_lld.obj (.text.UART_intr2Disable)
                  7010d8ba    00000006     --HOLE-- [fill = 0]
                  7010d8c0    0000002a                                                       : uart_v0_lld.obj (.text.UART_operatingModeSelect)
                  7010d8ea    00000006     --HOLE-- [fill = 0]
                  7010d8f0    00000028     nortos.am263px.r5f.ti-arm-clang.debug.lib : CpuId_armv7r.obj (.text.CSL_armR5GetCpuID)
                  7010d918    00000008     --HOLE-- [fill = 0]
                  7010d920    00000028                                               : printf.obj (.text.vprintf_)
                  7010d948    00000008     --HOLE-- [fill = 0]
                  7010d950    00000026     drivers.am263px.r5f.ti-arm-clang.nortos.debug.lib : edma.obj (.text.EDMA_disableQdmaEvtRegion)
                  7010d976    0000000a     --HOLE-- [fill = 0]
                  7010d980    00000026                                                       : edma.obj (.text.EDMA_enableQdmaEvtRegion)
                  7010d9a6    0000000a     --HOLE-- [fill = 0]
                  7010d9b0    00000026                                                       : edma.obj (.text.EDMA_validateIntrObject)
                  7010d9d6    0000000a     --HOLE-- [fill = 0]
                  7010d9e0    00000026     ti_drivers_config.o (.text.IpcNotify_allocSwQueue)
                  7010da06    0000000a     --HOLE-- [fill = 0]
                  7010da10    00000026     nortos.am263px.r5f.ti-arm-clang.debug.lib : printf.obj (.text._out_buffer)
                  7010da36    0000000a     --HOLE-- [fill = 0]
                  7010da40    00000024     ti_drivers_config.o (.text.IpcNotify_getConfig)
                  7010da64    0000000c     --HOLE-- [fill = 0]
                  7010da70    00000024     nortos.am263px.r5f.ti-arm-clang.debug.lib : SemaphoreP_nortos.obj (.text.SemaphoreP_constructMutex)
                  7010da94    0000000c     --HOLE-- [fill = 0]
                  7010daa0    00000024     drivers.am263px.r5f.ti-arm-clang.nortos.debug.lib : uart_v0_lld.obj (.text.UART_IsRxTrigLvlValid)
                  7010dac4    0000000c     --HOLE-- [fill = 0]
                  7010dad0    00000024                                                       : uart_v0_lld.obj (.text.UART_IsStopBitsValid)
                  7010daf4    0000000c     --HOLE-- [fill = 0]
                  7010db00    00000024                                                       : uart_v0_lld.obj (.text.UART_IsTxTrigLvlValid)
                  7010db24    0000000c     --HOLE-- [fill = 0]
                  7010db30    00000024                                                       : uart_v0.obj (.text.UART_getBaseAddr)
                  7010db54    00000024     libclang_rt.builtins.a : aeabi_uldivmod.S.obj (.text.__aeabi_uldivmod)
                  7010db78    00000008     --HOLE-- [fill = 0]
                  7010db80    00000024     nortos.am263px.r5f.ti-arm-clang.debug.lib : printf.obj (.text._out_char)
                  7010dba4    0000000c     --HOLE-- [fill = 0]
                  7010dbb0    00000022     drivers.am263px.r5f.ti-arm-clang.nortos.debug.lib : edma.obj (.text.EDMA_channelToParamMap)
                  7010dbd2    0000000e     --HOLE-- [fill = 0]
                  7010dbe0    00000022     gateway_shared.o (.text.gateway_ringbuf_core1_receive)
                  7010dc02    0000000e     --HOLE-- [fill = 0]
                  7010dc10    00000020     nortos.am263px.r5f.ti-arm-clang.debug.lib : ClockP_nortos.obj (.text.ClockP_isActive)
                  7010dc30    00000020                                               : ClockP_nortos.obj (.text.ClockP_usecToTicks)
                  7010dc50    00000020     drivers.am263px.r5f.ti-arm-clang.nortos.debug.lib : mcan.obj (.text.HW_RD_FIELD32_RAW)
                  7010dc70    00000020                                                       : uart_v0_lld.obj (.text.HW_RD_FIELD32_RAW)
                  7010dc90    00000020     imu_interface_isr.o (.text.reset_parser)
                  7010dcb0    0000001e     nortos.am263px.r5f.ti-arm-clang.debug.lib : ClockP_nortos.obj (.text.ClockP_Params_init)
                  7010dcce    00000002     --HOLE-- [fill = 0]
                  7010dcd0    0000001e     drivers.am263px.r5f.ti-arm-clang.nortos.debug.lib : edma.obj (.text.EDMA_getEventStatusHigh)
                  7010dcee    00000002     --HOLE-- [fill = 0]
                  7010dcf0    0000001e                                                       : mcan.obj (.text.MCAN_setOpMode)
                  7010dd0e    00000002     --HOLE-- [fill = 0]
                  7010dd10    0000001e                                                       : soc.obj (.text.SOC_getSelfCpuClk)
                  7010dd2e    00000002     --HOLE-- [fill = 0]
                  7010dd30    0000001e                                                       : soc.obj (.text.SOC_moduleClockEnable)
                  7010dd4e    00000002     --HOLE-- [fill = 0]
                  7010dd50    0000001e     ti_dpl_config.o (.text.TimerP_isr0)
                  7010dd6e    00000002     --HOLE-- [fill = 0]
                  7010dd70    0000001e     drivers.am263px.r5f.ti-arm-clang.nortos.debug.lib : uart_v0_lld.obj (.text.UART_breakCtl)
                  7010dd8e    00000002     --HOLE-- [fill = 0]
                  7010dd90    0000001e                                                       : uart_v0_lld.obj (.text.UART_lld_Transaction_deInit)
                  7010ddae    00000002     --HOLE-- [fill = 0]
                  7010ddb0    0000001c                                                       : edma.obj (.text.EDMA_getEventStatus)
                  7010ddcc    00000004     --HOLE-- [fill = 0]
                  7010ddd0    0000001c                                                       : mcan.obj (.text.MCAN_writeProtectedRegAccessLock)
                  7010ddec    00000004     --HOLE-- [fill = 0]
                  7010ddf0    0000001c                                                       : mcan.obj (.text.MCAN_writeProtectedRegAccessUnlock)
                  7010de0c    00000004     --HOLE-- [fill = 0]
                  7010de10    0000001c                                                       : uart_v0_lld.obj (.text.UART_IsParameter)
                  7010de2c    0000001c     libc.a : memcpy32.S.obj (.text:TI_memcpy_small)
                  7010de48    00000008     --HOLE-- [fill = 0]
                  7010de50    0000001a     drivers.am263px.r5f.ti-arm-clang.nortos.debug.lib : mcan.obj (.text.MCAN_clearIntrStatus)
                  7010de6a    00000006     --HOLE-- [fill = 0]
                  7010de70    0000001a                                                       : mcan.obj (.text.MCAN_getOpMode)
                  7010de8a    00000006     --HOLE-- [fill = 0]
                  7010de90    0000001a                                                       : uart_v0_lld.obj (.text.UART_fifoCharGet)
                  7010deaa    00000006     --HOLE-- [fill = 0]
                  7010deb0    0000001a                                                       : uart_v0_lld.obj (.text.UART_timeGuardConfig)
                  7010deca    00000006     --HOLE-- [fill = 0]
                  7010ded0    00000018     nortos.am263px.r5f.ti-arm-clang.debug.lib : ClockP_nortos.obj (.text.ClockP_ticksToUsec)
                  7010dee8    00000008     --HOLE-- [fill = 0]
                  7010def0    00000018     drivers.am263px.r5f.ti-arm-clang.nortos.debug.lib : edma.obj (.text.EDMA_isInterruptEnabled)
                  7010df08    00000008     --HOLE-- [fill = 0]
                  7010df10    00000018                                                       : ipc_notify_v1.obj (.text.IpcNotify_mailboxClearAllInt)
                  7010df28    00000008     --HOLE-- [fill = 0]
                  7010df30    00000018                                                       : ipc_notify_v1_cfg.obj (.text.IpcNotify_trigInterrupt)
                  7010df48    00000008     --HOLE-- [fill = 0]
                  7010df50    00000018     nortos.am263px.r5f.ti-arm-clang.debug.lib : SemaphoreP_nortos.obj (.text.SemaphoreP_Params_init)
                  7010df68    00000008     --HOLE-- [fill = 0]
                  7010df70    00000018                                               : TimerP_rti_priv.obj (.text.TimerP_getReloadCountPriv)
                  7010df88    00000008     --HOLE-- [fill = 0]
                  7010df90    00000018     drivers.am263px.r5f.ti-arm-clang.nortos.debug.lib : uart_v0_lld.obj (.text.UART_divisorLatchDisable)
                  7010dfa8    00000008     --HOLE-- [fill = 0]
                  7010dfb0    00000018                                                       : uart_v0_lld.obj (.text.UART_modemControlReset)
                  7010dfc8    00000008     --HOLE-- [fill = 0]
                  7010dfd0    00000018                                                       : uart_v0_lld.obj (.text.UART_putChar)
                  7010dfe8    00000018     libc.a : memset32.S.obj (.text:TI_memset_small)
                  7010e000    00000016     drivers.am263px.r5f.ti-arm-clang.nortos.debug.lib : ipc_notify_v1.obj (.text.IpcNotify_sendSync)
                  7010e016    0000000a     --HOLE-- [fill = 0]
                  7010e020    00000016                                                       : mcan.obj (.text.MCAN_getIntrStatus)
                  7010e036    0000000a     --HOLE-- [fill = 0]
                  7010e040    00000016     nortos.am263px.r5f.ti-arm-clang.debug.lib : TimerP_rti_priv.obj (.text.TimerP_startPriv)
                  7010e056    0000000a     --HOLE-- [fill = 0]
                  7010e060    00000016                                               : TimerP_rti_priv.obj (.text.TimerP_stopPriv)
                  7010e076    0000000a     --HOLE-- [fill = 0]
                  7010e080    00000016     drivers.am263px.r5f.ti-arm-clang.nortos.debug.lib : uart_v0_lld.obj (.text.UART_divideRoundCloset)
                  7010e096    0000000a     --HOLE-- [fill = 0]
                  7010e0a0    00000016                                                       : uart_v0_lld.obj (.text.UART_regConfModeRestore)
                  7010e0b6    0000000a     --HOLE-- [fill = 0]
                  7010e0c0    00000014                                                       : edma.obj (.text.HW_WR_REG16_RAW)
                  7010e0d4    0000000c     --HOLE-- [fill = 0]
                  7010e0e0    00000014                                                       : ipc_notify_v1.obj (.text.IpcNotify_mailboxClearPendingIntr)
                  7010e0f4    0000000c     --HOLE-- [fill = 0]
                  7010e100    00000014                                                       : soc_rcm.obj (.text.SOC_rcmGetModuleClkDivFromRegVal)
                  7010e114    0000000c     --HOLE-- [fill = 0]
                  7010e120    00000014     nortos.am263px.r5f.ti-arm-clang.debug.lib : TimerP_rti_priv.obj (.text.TimerP_clearOverflowIntPriv)
                  7010e134    0000000c     --HOLE-- [fill = 0]
                  7010e140    00000014                                               : TimerP_rti_nortos.obj (.text.TimerP_setup)
                  7010e154    0000000c     --HOLE-- [fill = 0]
                  7010e160    00000014     ti_dpl_config.o (.text.putchar_)
                  7010e174    0000000c     --HOLE-- [fill = 0]
                  7010e180    00000012     ti_pinmux_config.o (.text.Pinmux_init)
                  7010e192    0000000e     --HOLE-- [fill = 0]
                  7010e1a0    00000012     imu_protocol_handler.o (.text.imu_initialize)
                  7010e1b2    0000000e     --HOLE-- [fill = 0]
                  7010e1c0    00000012     yis320_protocol.o (.text.yis320_get_timestamp_ms)
                  7010e1d2    0000000e     --HOLE-- [fill = 0]
                  7010e1e0    00000010     can_interface.o (.text.CSL_REG32_WR_RAW)
                  7010e1f0    00000010     drivers.am263px.r5f.ti-arm-clang.nortos.debug.lib : pinmux.obj (.text.CSL_REG32_WR_RAW)
                  7010e200    00000010                                                       : soc.obj (.text.CSL_REG32_WR_RAW)
                  7010e210    00000010     ti_drivers_config.o (.text.CSL_REG32_WR_RAW)
                  7010e220    00000010     nortos.am263px.r5f.ti-arm-clang.debug.lib : ClockP_nortos_r5.obj (.text.ClockP_getTimerCount)
                  7010e230    00000010                                               : ClockP_nortos_r5.obj (.text.ClockP_timerClearOverflowInt)
                  7010e240    00000010     drivers.am263px.r5f.ti-arm-clang.nortos.debug.lib : edma.obj (.text.HW_RD_REG32_RAW)
                  7010e250    00000010                                                       : mcan.obj (.text.HW_RD_REG32_RAW)
                  7010e260    00000010                                                       : uart_v0_lld.obj (.text.HW_RD_REG32_RAW)
                  7010e270    00000010                                                       : edma.obj (.text.HW_WR_REG32_RAW)
                  7010e280    00000010                                                       : mcan.obj (.text.HW_WR_REG32_RAW)
                  7010e290    00000010                                                       : uart_v0_lld.obj (.text.HW_WR_REG32_RAW)
                  7010e2a0    00000010                                                       : ipc_notify_v1.obj (.text.IpcNotify_mailboxGetPendingIntr)
                  7010e2b0    00000010     nortos.am263px.r5f.ti-arm-clang.debug.lib : TimerP_rti_nortos.obj (.text.TimerP_Params_init)
                  7010e2c0    00000010                                               : TimerP_rti_nortos.obj (.text.TimerP_clearOverflowInt)
                  7010e2d0    00000010                                               : TimerP_rti_nortos.obj (.text.TimerP_getCount)
                  7010e2e0    00000010                                               : TimerP_rti_nortos.obj (.text.TimerP_getReloadCount)
                  7010e2f0    00000010                                               : TimerP_rti_nortos.obj (.text.TimerP_start)
                  7010e300    00000010                                               : printf.obj (.text._out_null)
                  7010e310    00000010     gateway_shared.o (.text.gateway_notify_imu_ready)
                  7010e320    00000010     gateway_shared.o (.text.gateway_notify_states_ready)
                  7010e330    0000000e     yis320_protocol.o (.text.yis320_uart_configure)
                  7010e33e    00000002     --HOLE-- [fill = 0]
                  7010e340    0000000c     ti_board_open_close.o (.text.Board_driversOpen)
                  7010e34c    00000004     --HOLE-- [fill = 0]
                  7010e350    0000000c     nortos.am263px.r5f.ti-arm-clang.debug.lib : ClockP_nortos.obj (.text.ClockP_getTicks)
                  7010e35c    00000004     --HOLE-- [fill = 0]
                  7010e360    0000000c     ti_drivers_open_close.o (.text.Drivers_open)
                  7010e36c    00000004     --HOLE-- [fill = 0]
                  7010e370    0000000c     ti_power_clock_config.o (.text.PowerClock_init)
                  7010e37c    00000004     --HOLE-- [fill = 0]
                  7010e380    0000000c     imu_interface_isr.o (.text.parse_int32_le)
                  7010e38c    00000004     --HOLE-- [fill = 0]
                  7010e390    0000000c     yis320_protocol.o (.text.vtable_read_data)
                  7010e39c    00000004     --HOLE-- [fill = 0]
                  7010e3a0    0000000a     nortos.am263px.r5f.ti-arm-clang.debug.lib : HwiP_armv7r_vim.obj (.text.Hwip_dataAndInstructionBarrier)
                  7010e3aa    00000006     --HOLE-- [fill = 0]
                  7010e3b0    0000000a     drivers.am263px.r5f.ti-arm-clang.nortos.debug.lib : ipc_notify_v1.obj (.text.IpcNotify_dataAndInstructionBarrier)
                  7010e3ba    00000006     --HOLE-- [fill = 0]
                  7010e3c0    0000000a                                                       : soc_rcm.obj (.text.SOC_rcmGetBaseAddressMSSRCM)
                  7010e3ca    00000006     --HOLE-- [fill = 0]
                  7010e3d0    0000000a                                                       : uart_dma_edma.obj (.text.UART_edmaDoNothing)
                  7010e3da    00000006     --HOLE-- [fill = 0]
                  7010e3e0    0000000a     gateway_shared.o (.text.gateway_memory_barrier)
                  7010e3ea    00000006     --HOLE-- [fill = 0]
                  7010e3f0    0000000a     gateway_shared.o (.text.ringbuf_get_ptr)
                  7010e3fa    00000006     --HOLE-- [fill = 0]
                  7010e400    00000008     ti_drivers_config.o (.text.Drivers_uartInit)
                  7010e408    00000008     --HOLE-- [fill = 0]
                  7010e410    00000008     drivers.am263px.r5f.ti-arm-clang.nortos.debug.lib : soc_rcm.obj (.text.SOC_rcmGetBaseAddressMSSCTRL)
                  7010e418    00000008     --HOLE-- [fill = 0]
                  7010e420    00000008                                                       : soc_rcm.obj (.text.SOC_rcmGetBaseAddressTOPRCM)
                  7010e428    00000008     --HOLE-- [fill = 0]
                  7010e430    00000008     nortos.am263px.r5f.ti-arm-clang.debug.lib : SemaphoreP_nortos.obj (.text.SemaphoreP_destruct)
                  7010e438    00000008     --HOLE-- [fill = 0]
                  7010e440    00000002     ti_board_open_close.o (.text.Board_driversClose)
                  7010e442    0000000e     --HOLE-- [fill = 0]
                  7010e450    00000002     ti_board_config.o (.text.Board_init)
                  7010e452    0000000e     --HOLE-- [fill = 0]
                  7010e460    00000002     ti_drivers_open_close.o (.text.Drivers_mcanOpen)
                  7010e462    0000000e     --HOLE-- [fill = 0]
                  7010e470    00000002     drivers.am263px.r5f.ti-arm-clang.nortos.debug.lib : ipc_notify_v1_cfg.obj (.text.IpcNotify_wait)
                  7010e472    0000000e     --HOLE-- [fill = 0]
                  7010e480    00000002     nortos.am263px.r5f.ti-arm-clang.debug.lib : TaskP_nortos.obj (.text.TaskP_yield)
                  7010e482    0000000e     --HOLE-- [fill = 0]

.rodata    0    7010e490    00001b00     
                  7010e490    00000450     motor_mapping.o (.rodata.motor_config_table)
                  7010e8e0    00000084     ti_dpl_config.o (.rodata.cfg)
                  7010e964    00000004     nortos.am263px.r5f.ti-arm-clang.debug.lib : CacheP_armv7r.obj (.rodata.gCacheL1dCacheLineSize)
                  7010e968    00000050                                               : printf.obj (.rodata._ftoa.pow10)
                  7010e9b8    0000004d     gateway_shared.o (.rodata.str1.3223734256326991069.1)
                  7010ea05    00000003     can_interface.o (.rodata.str1.15257894921296593044.1)
                  7010ea08    00000048     drivers.am263px.r5f.ti-arm-clang.nortos.debug.lib : soc_rcm.obj (.rodata.gADPLLJConfigTbl)
                  7010ea50    00000043     main.o (.rodata.str1.14079361385603432444.1)
                  7010ea93    00000001     --HOLE-- [fill = 0]
                  7010ea94    00000040     drivers.am263px.r5f.ti-arm-clang.nortos.debug.lib : mcan.obj (.rodata.gDataSize)
                  7010ead4    00000040                                                       : ipc_notify_v1.obj (.rodata.str1.10118846006578224169.1)
                  7010eb14    00000040     gateway_shared.o (.rodata.str1.1309647279537151951.1)
                  7010eb54    0000003f     imu_interface_isr.o (.rodata.str1.5126834218174521685.1)
                  7010eb93    0000003d     main.o (.rodata.str1.10313062130652730376.1)
                  7010ebd0    0000003d     nortos.am263px.r5f.ti-arm-clang.debug.lib : TimerP_rti_priv.obj (.rodata.str1.11388379688747141303.1)
                  7010ec0d    0000003c     main.o (.rodata.str1.2123964117280943167.1)
                  7010ec49    0000003b     can_interface.o (.rodata.str1.14428574951410983152.1)
                  7010ec84    0000003b     imu_interface_isr.o (.rodata.str1.6306445455767916371.1)
                  7010ecbf    00000039     can_interface.o (.rodata.str1.17339864536769639315.1)
                  7010ecf8    00000039     can_interface.o (.rodata.str1.6401568125276999251.1)
                  7010ed31    00000039     can_interface.o (.rodata.str1.6806839034663112933.1)
                  7010ed6a    00000038     gateway_shared.o (.rodata.str1.8694082244888993162.1)
                  7010eda2    00000037     gateway_shared.o (.rodata.str1.10638658715010209595.1)
                  7010edd9    00000037     gateway_shared.o (.rodata.str1.5629998949668554045.1)
                  7010ee10    00000036     can_interface.o (.rodata.str1.2167712102046818855.1)
                  7010ee46    00000035     can_interface.o (.rodata.str1.13942422985958650841.1)
                  7010ee7b    00000035     main.o (.rodata.str1.14402440632258215044.1)
                  7010eeb0    00000035     imu_interface_isr.o (.rodata.str1.15503275091179387347.1)
                  7010eee5    00000035     main.o (.rodata.str1.16631870348416990953.1)
                  7010ef1a    00000035     imu_interface_isr.o (.rodata.str1.2252785669688110604.1)
                  7010ef4f    00000035     can_interface.o (.rodata.str1.6692020027550076815.1)
                  7010ef84    00000035     ti_drivers_open_close.o (.rodata.str1.871795152488895636.1)
                  7010efb9    00000034     main.o (.rodata.str1.14112174005742061988.1)
                  7010efed    00000033     can_interface.o (.rodata.str1.10130696897761414469.1)
                  7010f020    00000033     can_interface.o (.rodata.str1.10186677634541030339.1)
                  7010f053    00000031     gateway_shared.o (.rodata.str1.6121471336334202706.1)
                  7010f084    00000031     motor_mapping.o (.rodata.str1.8787205977826144616.1)
                  7010f0b5    00000030     main.o (.rodata.str1.8154729771448623357.1)
                  7010f0e5    00000030     imu_interface_isr.o (.rodata.str1.9168798226845388136.1)
                  7010f115    0000002f     main.o (.rodata.str1.1311392489248731986.1)
                  7010f144    0000002f     main.o (.rodata.str1.16302215771116645891.1)
                  7010f173    0000002f     gateway_shared.o (.rodata.str1.3129942817937968154.1)
                  7010f1a2    0000002f     main.o (.rodata.str1.9059077390166914652.1)
                  7010f1d1    0000002f     drivers.am263px.r5f.ti-arm-clang.nortos.debug.lib : ipc_notify_v1.obj (.rodata.str1.9418228565027791152.1)
                  7010f200    0000002e     can_interface.o (.rodata.str1.11024350005305706282.1)
                  7010f22e    0000002e     gateway_shared.o (.rodata.str1.11051107022181534624.1)
                  7010f25c    0000002e     main.o (.rodata.str1.11870794119293528247.1)
                  7010f28a    0000002e     gateway_shared.o (.rodata.str1.9859227269409816370.1)
                  7010f2b8    0000002d     main.o (.rodata.str1.10635229749459437609.1)
                  7010f2e5    0000002d     main.o (.rodata.str1.13288086030101331538.1)
                  7010f312    0000002d     main.o (.rodata.str1.13782249893155712474.1)
                  7010f33f    0000002d     can_interface.o (.rodata.str1.15094798983471906066.1)
                  7010f36c    0000002d     can_interface.o (.rodata.str1.150960857071891705.1)
                  7010f399    0000002d     can_interface.o (.rodata.str1.17855712168153945246.1)
                  7010f3c6    0000002c     imu_interface_isr.o (.rodata.str1.13916086747295221358.1)
                  7010f3f2    0000002c     gateway_shared.o (.rodata.str1.7167262159681625771.1)
                  7010f41e    0000002c     main.o (.rodata.str1.8076846746581808073.1)
                  7010f44a    0000002b     imu_interface_isr.o (.rodata.str1.12147274931821300989.1)
                  7010f475    0000002b     main.o (.rodata.str1.18227636981041470289.1)
                  7010f4a0    0000002b     can_interface.o (.rodata.str1.3858671167962548137.1)
                  7010f4cb    0000002a     nortos.am263px.r5f.ti-arm-clang.debug.lib : DebugP_log.obj (.rodata.str1.227947788441500939.1)
                  7010f4f5    0000002a     main.o (.rodata.str1.2763581881760962609.1)
                  7010f51f    0000002a     main.o (.rodata.str1.2846389346932560359.1)
                  7010f549    00000029     can_interface.o (.rodata.str1.357542981605220142.1)
                  7010f572    00000029     can_interface.o (.rodata.str1.7679921882182829519.1)
                  7010f59b    00000029     main.o (.rodata.str1.7784929982665794503.1)
                  7010f5c4    00000029     main.o (.rodata.str1.8108965883388295311.1)
                  7010f5ed    00000028     main.o (.rodata.str1.15159059442110792349.1)
                  7010f615    00000027     nortos.am263px.r5f.ti-arm-clang.debug.lib : ClockP_nortos_r5.obj (.rodata.str1.12743090444791882666.1)
                  7010f63c    00000027     main.o (.rodata.str1.3530083166107438000.1)
                  7010f663    00000026     gateway_shared.o (.rodata.str1.17046880449980016103.1)
                  7010f689    00000026     gateway_shared.o (.rodata.str1.5761821093615868877.1)
                  7010f6af    00000026     can_interface.o (.rodata.str1.6910353934698693424.1)
                  7010f6d5    00000025     main.o (.rodata.str1.15996357275703397564.1)
                  7010f6fa    00000024     can_interface.o (.rodata.str1.14695538922052102695.1)
                  7010f71e    00000024     can_interface.o (.rodata.str1.17857559882412085052.1)
                  7010f742    00000024     main.o (.rodata.str1.6891813955777630061.1)
                  7010f766    00000024     main.o (.rodata.str1.7702501944640899365.1)
                  7010f78a    00000023     drivers.am263px.r5f.ti-arm-clang.nortos.debug.lib : soc_rcm.obj (.rodata.str1.2078190104202520215.1)
                  7010f7ad    00000023     nortos.am263px.r5f.ti-arm-clang.debug.lib : ClockP_nortos_r5.obj (.rodata.str1.7689125538912326484.1)
                  7010f7d0    00000022     drivers.am263px.r5f.ti-arm-clang.nortos.debug.lib : edma.obj (.rodata.str1.12976018205622752890.1)
                  7010f7f2    00000021     nortos.am263px.r5f.ti-arm-clang.debug.lib : ClockP_nortos_r5.obj (.rodata.str1.8559540482768925367.1)
                  7010f813    00000001     --HOLE-- [fill = 0]
                  7010f814    00000020     drivers.am263px.r5f.ti-arm-clang.nortos.debug.lib : mcan.obj (.rodata.gMsgObjSize)
                  7010f834    00000020     can_interface.o (.rodata.g_mcan_base_addr)
                  7010f854    00000020     can_interface.o (.rodata.g_mcan_intr_num)
                  7010f874    00000020     main.o (.rodata.str1.16265332423659789559.1)
                  7010f894    00000020     drivers.am263px.r5f.ti-arm-clang.nortos.debug.lib : uart_v0.obj (.rodata.str1.16594507886308206351.1)
                  7010f8b4    00000020                                                       : ipc_notify_v1.obj (.rodata.str1.2046905611612007019.1)
                  7010f8d4    0000001f     can_interface.o (.rodata.str1.12573338884863454617.1)
                  7010f8f3    0000001f     nortos.am263px.r5f.ti-arm-clang.debug.lib : ClockP_nortos_r5.obj (.rodata.str1.2746619892315392655.1)
                  7010f912    0000001f     imu_interface_isr.o (.rodata.str1.4417852805959727765.1)
                  7010f931    0000001e     drivers.am263px.r5f.ti-arm-clang.nortos.debug.lib : ipc_notify_v1.obj (.rodata.str1.16593710740832512674.1)
                  7010f94f    0000001e                                                       : ipc_notify_v1.obj (.rodata.str1.9050127465416171240.1)
                  7010f96d    0000001d     nortos.am263px.r5f.ti-arm-clang.debug.lib : TimerP_rti_priv.obj (.rodata.str1.1727973701797049581.1)
                  7010f98a    0000001d                                               : TimerP_rti_priv.obj (.rodata.str1.4425773406285945039.1)
                  7010f9a7    0000001d     drivers.am263px.r5f.ti-arm-clang.nortos.debug.lib : uart_v0.obj (.rodata.str1.4697665093340446018.1)
                  7010f9c4    0000001d     nortos.am263px.r5f.ti-arm-clang.debug.lib : TimerP_rti_priv.obj (.rodata.str1.7297095892955669843.1)
                  7010f9e1    0000001b     drivers.am263px.r5f.ti-arm-clang.nortos.debug.lib : edma.obj (.rodata.str1.16672221102796607080.1)
                  7010f9fc    0000001b     ti_drivers_config.o (.rodata.str1.7767457247551078139.1)
                  7010fa17    0000001a     main.o (.rodata.str1.11702106008850790973.1)
                  7010fa31    0000001a     drivers.am263px.r5f.ti-arm-clang.nortos.debug.lib : soc_rcm.obj (.rodata.str1.16907879152045164286.1)
                  7010fa4b    0000001a     main.o (.rodata.str1.17376258722486336754.1)
                  7010fa65    0000001a     main.o (.rodata.str1.288608917962107522.1)
                  7010fa7f    0000001a     nortos.am263px.r5f.ti-arm-clang.debug.lib : ClockP_nortos_r5.obj (.rodata.str1.3810757863367538396.1)
                  7010fa99    00000019     drivers.am263px.r5f.ti-arm-clang.nortos.debug.lib : ipc_notify_v1.obj (.rodata.str1.12253177398743541182.1)
                  7010fab2    00000019     nortos.am263px.r5f.ti-arm-clang.debug.lib : TimerP_rti_priv.obj (.rodata.str1.5494506574634759136.1)
                  7010facb    00000001     --HOLE-- [fill = 0]
                  7010facc    00000018     drivers.am263px.r5f.ti-arm-clang.nortos.debug.lib : soc_rcm.obj (.rodata.gControlssPllClkSrcValMap)
                  7010fae4    00000018                                                       : soc_rcm.obj (.rodata.gCptsClkSrcValMap)
                  7010fafc    00000018                                                       : soc_rcm.obj (.rodata.gI2cClkSrcValMap)
                  7010fb14    00000018                                                       : soc_rcm.obj (.rodata.gIcssmUartClkSrcValMap)
                  7010fb2c    00000018                                                       : soc_rcm.obj (.rodata.gLinUartClkSrcValMap)
                  7010fb44    00000018                                                       : soc_rcm.obj (.rodata.gMcSpiClkSrcValMap)
                  7010fb5c    00000018                                                       : soc_rcm.obj (.rodata.gMcanClkSrcValMap)
                  7010fb74    00000018                                                       : soc_rcm.obj (.rodata.gMmcClkSrcValMap)
                  7010fb8c    00000018                                                       : soc_rcm.obj (.rodata.gOspiClkSrcValMap)
                  7010fba4    00000018                                                       : soc_rcm.obj (.rodata.gPeripheralClkSrcInfoMap)
                  7010fbbc    00000018                                                       : soc_rcm.obj (.rodata.gRtiClkSrcValMap)
                  7010fbd4    00000018                                                       : soc_rcm.obj (.rodata.gWdtClkSrcValMap)
                  7010fbec    00000018                                                       : uart_v0.obj (.rodata.str1.16507871919775359273.1)
                  7010fc04    00000018     ti_drivers_config.o (.rodata.str1.2211846465855763212.1)
                  7010fc1c    00000017     drivers.am263px.r5f.ti-arm-clang.nortos.debug.lib : soc_rcm.obj (.rodata.str1.1263028196474875090.1)
[...]
701182d2  isMapAvailable                       
7010c071  main                                 
7010c75c  memmove                              
7010d451  motor_get_config                     
701033d1  motor_mapping_init_core1             
7010e161  putchar_                             
7010d121  snprintf_                            
7010cee1  timerISR                             
701124e0  virtToPhymap                         
7010d921  vprintf_                             
7010a501  yis320_convert_to_ipc                
7010e1c1  yis320_get_timestamp_ms              
7010bad1  yis320_protocol_handler_init         
7010e331  yis320_uart_configure                


GLOBAL SYMBOLS: SORTED BY Symbol Address 

address   name                                 
-------   ----                                 
00000000  __TI_ATRegion0_region_sz             
00000000  __TI_ATRegion0_src_addr              
00000000  __TI_ATRegion0_trg_addr              
00000000  __TI_ATRegion1_region_sz             
00000000  __TI_ATRegion1_src_addr              
00000000  __TI_ATRegion1_trg_addr              
00000000  __TI_ATRegion2_region_sz             
00000000  __TI_ATRegion2_src_addr              
00000000  __TI_ATRegion2_trg_addr              
00000000  __TI_static_base__                   
00000000  _vectors                             
00000100  __ABORT_STACK_SIZE                   
00000100  __FIQ_STACK_SIZE                     
00000100  __IRQ_STACK_SIZE                     
00000100  __UNDEFINED_STACK_SIZE               
00001000  __SVC_STACK_SIZE                     
00004000  __STACK_SIZE                         
70100a34  __aeabi_memclr                       
70100a34  __aeabi_memclr4                      
70100a34  __aeabi_memclr8                      
701010b8  C$$EXIT                              
701010b8  HOSTexit                             
701010c1  SOC_rcmEnablePeripheralClock         
701016f8  __aeabi_ldiv0                        
701016fc  __aeabi_memcpy                       
701016fc  __aeabi_memcpy4                      
701016fc  __aeabi_memcpy8                      
70101ce4  CSL_armR5ReadMpidrReg                
701021a1  UART_open                            
7010299c  __aeabi_memmove                      
7010299c  __aeabi_memmove4                     
7010299c  __aeabi_memmove8                     
701029a1  IpcNotify_init                       
701030c1  SOC_virtToPhy                        
701033d1  motor_mapping_init_core1             
701036d1  MCAN_msgRAMConfig                    
70104531  UART_lld_dmaDeInit                   
70104761  IpcNotify_isr                        
70104bb1  CAN_TransmitBatch                    
70104db1  TimerP_setupPriv                     
70104f91  UART_lld_dmaWrite                    
70105141  UART_close                           
701052f1  UART_lld_controllerIsr               
70105491  imu_uart_isr_init                    
701057b1  MCAN_calcMsgRamParamsStartAddr       
70105c41  EDMA_unregisterIntr                  
70105db1  SOC_controlModuleUnlockMMR           
70105f11  UART_lld_initDma                     
70106071  DebugP_shmLogWriterPutChar           
701065b1  MCAN_setBitTime                      
70106701  CAN_Init                             
70106981  MCAN_readMsgRam                      
70106c01  ClockP_init                          
70106d41  UART_procLineStatusErr               
70106e81  EDMA_registerIntr                    
70106fc1  MCAN_init                            
70107101  UART_lld_init                        
70107231  MCAN_config                          
70107361  SOC_controlModuleLockMMR             
70107491  SOC_rcmGetPeripheralClockFrequency   
701076d1  DebugP_shmLogWriterPutLine           
701077f1  UART_lld_dmaRead                     
7010790c  __udivmoddi4                         
70107ea1  IpcNotify_sendMsg                    
701080c1  GPIO_init                            
701081d1  SemaphoreP_pend                      
701082e1  gateway_ringbuf_read                 
701084f1  CAN_StartRxInterrupts                
701085e1  gateway_write_motor_config           
701088b1  EDMA_freeChannelRegion               
701089a1  EDMA_freeParam                       
70108a91  EDMA_freeDmaChannel                  
70108b71  EDMA_freeTcc                         
70108c51  UART_intrEnable                      
70108d31  UART_intrDisable                     
70108e11  AddrTranslateP_getLocalAddr          
70109081  EDMA_disableChInShadowRegRegion      
70109151  EDMA_enableChInShadowRegRegion       
70109221  EDMA_mapChToEvtQ                     
701092f1  EDMA_configureChannelRegion          
70109471  UART_flushTxFifo                     
701095f1  ClockP_timerTickIsr                  
701096b1  TimerP_init                          
70109771  ClockP_stop                          
70109831  IpcNotify_waitSync                   
701098f1  gateway_write_motor_states           
701099b1  CycleCounterP_init                   
701099d1  CycleCounterP_reset                  
70109a21  CycleCounterP_nsToTicks              
70109a61  CycleCounterP_enableUserAccess       
70109a71  MCAN_writeMsgRam                     
70109b21  SOC_rcmSetPeripheralClock            
70109bd1  UART_init                            
70109d31  gateway_core1_wait_for_ready         
70109e91  ClockP_destruct                      
70109f41  Drivers_uartOpen                     
7010a141  gateway_core1_ipc_callback           
7010a281  IpcNotify_registerClient             
7010a3c1  ClockP_getTimeUsec                   
7010a461  EDMA_unmapChToEvtQ                   
7010a501  yis320_convert_to_ipc                
7010a5a1  EDMA_disableTransferRegion           
7010a631  EDMA_enableTransferRegion            
7010a7e1  UART_lld_flushTxFifo                 
7010a901  EDMA_allocDmaChannel                 
7010a991  EDMA_allocParam                      
7010aa21  EDMA_allocTcc                        
7010abd1  IpcNotify_syncAll                    
7010ac61  imu_protocol_manager_init            
7010acf1  MCAN_addStdMsgIDFilter               
7010adf1  System_init                          
7010aef1  _DebugP_assert                       
7010af71  gateway_ringbuf_core1_init           
7010b071  UART_Params_init                     
7010b0f1  EDMA_linkChannel                     
7010b2f1  ClockP_usleep                        
7010b371  EDMA_clrMissEvtRegion                
7010b551  EDMA_getBaseAddr                     
7010b631  SOC_rcmGetR5Clock                    
7010b6a1  SOC_rcmIsR5FInLockStepMode           
7010b781  UART_lld_deInitDma                   
7010b7f1  MCAN_enableIntr                      
7010b861  MCAN_initTxBufElement                
7010b941  SemaphoreP_post                      
7010b9b1  MCAN_selectIntrLine                  
7010ba11  UART_getChar                         
7010bad1  yis320_protocol_handler_init         
7010bb31  Module_clockSetFrequency             
7010bb91  UART_lld_deInit                      
7010be91  gateway_write_imu_state              
7010bf51  Dpl_init                             
7010bfb1  EDMA_setPaRAM                        
7010c071  main                                 
7010c0c4  __TI_auto_init_nobinit_nopinit       
7010c121  Drivers_uartClose                    
7010c171  Pinmux_config                        
7010c1c1  UART_checkCharsAvailInFifo           
7010c211  DebugP_shmLogWriterInit              
7010c261  EDMA_clrEvtRegion                    
7010c2b1  EDMA_disableDmaEvtRegion             
7010c301  EDMA_disableEvtIntrRegion            
7010c351  EDMA_enableDmaEvtRegion              
7010c3a1  EDMA_enableEvtIntrRegion             
7010c3f1  EDMA_setEvtRegion                    
7010c441  GPIO_setDirMode                      
7010c491  MCAN_enableIntrLine                  
7010c4e1  ClockP_construct                     
7010c531  EDMA_ccPaRAMEntry_init               
7010c581  EDMA_mapQdmaChToPaRAM                
7010c5d1  EDMA_readEventStatusRegion           
7010c621  IpcNotify_unregisterClient           
7010c671  Module_clockEnable                   
7010c6c1  gateway_update_stat                  
7010c75c  memmove                              
7010c801  IpcNotify_Params_init                
7010c8a1  UART_getIntrIdentityStatus           
7010ca31  UART_readLineStatus                  
7010ca81  imu_protocol_handler_init            
7010cbc1  SemaphoreP_construct                 
7010cc11  _DebugP_logZone                      
7010cd01  ClockP_start                         
7010ce21  UART_spaceAvail                      
7010ce61  gateway_core1_init                   
7010cea1  gateway_update_heartbeat             
7010cee1  timerISR                             
7010cf61  UART_IsTxRxFifoEmpty                 
7010cfe1  CAN_RegisterRxCallback               
7010d021  MCAN_txBufAddReq                     
7010d061  SOC_moduleSetClockFrequency          
7010d121  snprintf_                            
7010d161  SOC_getCoreName                      
7010d198  CycleCounterP_getCount32             
7010d1a0  PmuP_setup                           
7010d1a8  PmuP_enableCounters                  
7010d1b0  PmuP_disableCounters                 
7010d1b8  PmuP_getOverflowStatus               
7010d1c0  PmuP_clearOverflowStatus             
7010d1c8  PmuP_setUserEnable                   
7010d211  EDMA_getRegionId                     
7010d2d1  IpcNotify_syncCallback               
7010d351  MCAN_calcCfgAddr                     
7010d3d1  TimerP_Params_initPriv               
7010d451  motor_get_config                     
7010d551  MCAN_isMemInitDone                   
7010d591  TimerP_getCountPriv                  
7010d6b1  gateway_signal_motor_config_ready    
7010d6e1  UART_lld_dmaInit                     
7010d741  DebugP_logZoneEnable                 
7010d7a1  MCAN_clearNewDataStatus              
7010d7d1  MCAN_getNewDataStatus                
7010d801  SemaphoreP_constructBinary           
7010d891  UART_intr2Disable                    
7010d8c1  UART_operatingModeSelect             
7010d8f1  CSL_armR5GetCpuID                    
7010d921  vprintf_                             
7010d951  EDMA_disableQdmaEvtRegion            
7010d981  EDMA_enableQdmaEvtRegion             
7010d9e1  IpcNotify_allocSwQueue               
7010da41  IpcNotify_getConfig                  
7010da71  SemaphoreP_constructMutex            
7010db31  UART_getBaseAddr                     
7010db54  __aeabi_uldivmod                     
7010dbb1  EDMA_channelToParamMap               
7010dbe1  gateway_ringbuf_core1_receive        
7010dc11  ClockP_isActive                      
7010dc31  ClockP_usecToTicks                   
7010dcb1  ClockP_Params_init                   
7010dcd1  EDMA_getEventStatusHigh              
7010dcf1  MCAN_setOpMode                       
7010dd11  SOC_getSelfCpuClk                    
7010dd31  SOC_moduleClockEnable                
7010dd51  TimerP_isr0                          
7010dd91  UART_lld_Transaction_deInit          
7010ddb1  EDMA_getEventStatus                  
7010de2c  TI_memcpy_small                      
7010de51  MCAN_clearIntrStatus                 
7010de71  MCAN_getOpMode                       
7010ded1  ClockP_ticksToUsec                   
7010def1  EDMA_isInterruptEnabled              
7010df31  IpcNotify_trigInterrupt              
7010df51  SemaphoreP_Params_init               
7010df71  TimerP_getReloadCountPriv            
7010dfd1  UART_putChar                         
7010dfe8  TI_memset_small                      
7010e001  IpcNotify_sendSync                   
7010e021  MCAN_getIntrStatus                   
7010e041  TimerP_startPriv                     
7010e061  TimerP_stopPriv                      
7010e121  TimerP_clearOverflowIntPriv          
7010e141  TimerP_setup                         
7010e161  putchar_                             
7010e181  Pinmux_init                          
7010e1c1  yis320_get_timestamp_ms              
7010e221  ClockP_getTimerCount                 
7010e231  ClockP_timerClearOverflowInt         
7010e2b1  TimerP_Params_init                   
7010e2c1  TimerP_clearOverflowInt              
7010e2d1  TimerP_getCount                      
7010e2e1  TimerP_getReloadCount                
7010e2f1  TimerP_start                         
7010e311  gateway_notify_imu_ready             
7010e321  gateway_notify_states_ready          
7010e331  yis320_uart_configure                
7010e341  Board_driversOpen                    
7010e351  ClockP_getTicks                      
7010e361  Drivers_open                         
7010e371  PowerClock_init                      
7010e401  Drivers_uartInit                     
7010e431  SemaphoreP_destruct                  
7010e441  Board_driversClose                   
7010e451  Board_init                           
7010e461  Drivers_mcanOpen                     
7010e471  IpcNotify_wait                       
7010e481  TaskP_yield                          
7010e8e0  gCacheConfig                         
7010e8e8  gMpuConfig                           
7010e8f4  gMpuRegionConfig                     
7010e964  gCacheL1dCacheLineSize               
7010ea08  gADPLLJConfigTbl                     
7010fba4  gPeripheralClkSrcInfoMap             
7010ff30  gXTALInfo                            
7010ff7c  gCacheL1pCacheLineSize               
7010ff8b  gCR5ClkSrcInfoMap                    
7010ff90  __BSS_START                          
70110b10  gHwiCtrl                             
7011131c  g_yis320_private_data                
70111724  g_motor_lookup                       
70112250  gIpcNotifyCtrl                       
701124c0  gClockCtrl                           
701124e0  virtToPhymap                         
70112504  gTimerBaseAddr                       
70112508  gTimerHwiObj                         
7011250c  gUartHandle                          
70112510  __BSS_END                            
70112510  __stack                              
70116510  __STACK_END                          
70116511  HwiP_enableInt                       
70116551  HwiP_disableInt                      
701165b1  HwiP_restoreInt                      
701165e1  HwiP_clearInt                        
70116621  HwiP_post                            
70116661  HwiP_Params_init                     
70116691  HwiP_construct                       
70116881  HwiP_destruct                        
701168f1  HwiP_init                            
70116aa1  HwiP_inISR                           
70116ad1  HwiP_setVimIrqPriMaskNonAtomic       
70116b21  HwiP_setVimIrqPriMaskAtomic          
70116bc1  HwiP_restoreVimIrqPriMask            
70116bd1  HwiP_irq_handler_c                   
70116d71  HwiP_fiq_handler                     
70116ed1  HwiP_reserved_handler                
70116f11  HwiP_undefined_handler_c             
70116f31  HwiP_user_undefined_handler_c        
70116f51  HwiP_svc_handler                     
70116f91  HwiP_prefetch_abort_handler_c        
70117031  HwiP_user_prefetch_abort_handler_c   
70117071  HwiP_data_abort_handler_c            
70117131  HwiP_user_data_abort_handler_c       
7011716c  HwiP_irq_handler                     
701171e0  HwiP_data_abort_handler              
70117224  HwiP_prefetch_abort_handler          
70117270  HwiP_undefined_handler               
701172a0  GET_DFSR                             
701172a8  GET_ADFSR                            
701172b0  GET_DFAR                             
701172b8  GET_IFSR                             
701172c0  GET_AIFSR                            
701172c8  GET_IFAR                             
701172d0  GET_SPSR                             
701172e8  HwiP_disable                         
701172f8  HwiP_disableFIQ                      
70117308  HwiP_enable                          
70117318  HwiP_enableFIQ                       
70117328  HwiP_restore                         
70117330  HwiP_enableVIC                       
70117340  HwiP_disableVIC                      
70117350  HwiP_getCPSR                         
70117360  CacheP_disableL1d                    
70117388  CacheP_disableL1p                    
701173a0  CacheP_enableL1d                     
701173b8  CacheP_enableL1p                     
701173d0  CacheP_invL1d                        
70117408  CacheP_invL1p                        
70117444  CacheP_invL1dAll                     
7011744c  CacheP_invL1pAll                     
70117454  CacheP_wb                            
70117490  CacheP_wbInv                         
701174cc  CacheP_wbAll                         
70117574  CacheP_wbInvAll                      
7011758c  CacheP_wbInvAllAsm                   
7011762c  CacheP_getEnabled                    
70117664  CacheP_getCacheLevelInfo             
70117670  CacheP_configForceWrThru             
70117690  CacheP_setDLFO                       
701176a1  CacheP_init                          
70117731  CacheP_disable                       
70117781  CacheP_enable                        
701177c1  CacheP_inv                           
70117801  MpuP_getAttrs                        
70117861  MpuP_RegionAttrs_init                
70117891  MpuP_setRegion                       
70117921  MpuP_isEnable                        
70117931  MpuP_disable                         
70117971  MpuP_enable                          
701179c1  MpuP_init                            
70117a61  MpuP_isUserAuthorizedToAccessMemory  
70117b40  MpuP_disableAsm                      
70117b58  MpuP_disableBRAsm                    
70117b68  MpuP_enableAsm                       
70117b80  MpuP_enableBRAsm                     
70117b90  MpuP_isEnableAsm                     
70117ba4  MpuP_setRegionAsm                    
70117bc0  _c_int00_sbl                         
70117be4  _c_int00                             
70117d11  _DebugP_assertNoLog                  
70117d41  _system_pre_init                     
70117d71  __mpu_init                           
70117d80  abort                                
70117d88  gEdmaConfig                          
70117d88  gUartDmaHandle                       
70117e9c  gIpcNotifyMailboxConfig              
70118074  gSocModulesClockFrequency            
701180ec  gUartParams                          
70118174  gSocModules                          
701181e0  gClockConfig                         
701181f8  gIpcNotifyInterruptConfig_r5fss1_1   
70118224  gIpcNotifyCoreIntrBitPos             
70118254  gAddrTranslateConfig                 
70118268  gUartConfig                          
70118280  gDebugLogZone                        
7011828c  gEdmaConfigNum                       
70118290  gHwiConfig                           
70118294  gIpcNotifyInterruptConfigNum_r5fss1_1
70118298  gUartConfigNum                       
7011829c  gUartDmaChConfig                     
701182d2  isMapAvailable                       
701182d8  __IRQ_STACK_START                    
701183d8  __FIQ_STACK_START                    
701183d8  __IRQ_STACK_END                      
701184d8  __FIQ_STACK_END                      
701184d8  __SVC_STACK_START                    
701194d8  __ABORT_STACK_START                  
701194d8  __SVC_STACK_END                      
701195d8  __ABORT_STACK_END                    
701195d8  __UNDEFINED_STACK_START              
701196d8  __UNDEFINED_STACK_END                
70200000  gGatewaySharedMem                    
70208000  gDebugShmLog                         
ffffffff  __TI_pprof_out_hndl                  
ffffffff  __TI_prof_data_size                  
ffffffff  __TI_prof_data_start                 
ffffffff  __binit__                            
ffffffff  binit                                
UNDEFED   __TI_CINIT_Base                      
UNDEFED   __TI_CINIT_Limit                     
UNDEFED   __TI_Handler_Table_Base              
UNDEFED   __TI_Handler_Table_Limit             
UNDEFED   _system_post_cinit                   

[399 symbols]
