******************************************************************************
            TI ARM Clang Linker PC v4.0.4                      
******************************************************************************
>> Linked Sun Mar 29 17:20:58 2026

OUTPUT FILE NAME:   <ccu_ti_multi_core_realtime.out>
ENTRY POINT SYMBOL: "_vectors"  address: 00000000


MEMORY CONFIGURATION

         name            origin    length      used     unused   attr    fill
----------------------  --------  ---------  --------  --------  ----  --------
  R5F_VECS              00000000   00000040  00000040  00000000  RWIX
  R5F_TCMA              00000040   00007fc0  00000000  00007fc0  RWIX
  R5F_TCMB              00080000   00008000  00000000  00008000  RWIX
  MAILBOX_HSM           44000000   000003ce  00000000  000003ce  RWIX
  MAILBOX_R5F           44000400   000003ce  00000000  000003ce  RWIX
  FLASH                 60180000   00080000  00000000  00080000  RWIX
  OCRAM                 70100000   00040000  00019390  00026c70  RWIX
  USER_SHM_MEM          70200000   00008000  00004d30  000032d0  RWIX
  LOG_SHM_MEM           70208000   00004000  00002000  00002000  RWIX
  RTOS_NORTOS_IPC_SHM_M 72000000   00003e80  00000000  00003e80  RWIX


SEGMENT ALLOCATION MAP

run origin  load origin   length   init length attrs members
----------  ----------- ---------- ----------- ----- -------
00000000    00000000    00000040   00000040    r-x
  00000000    00000000    00000040   00000040    r-x .vectors
70100000    70100000    00010018   00010018    r-x
  70100000    70100000    0000e4b0   0000e4b0    r-x .text
  7010e4b0    7010e4b0    00001b68   00001b68    r-- .rodata
70110018    70110018    000061b0   00000000    rw-
  70110018    70110018    000021b0   00000000    rw- .bss
  701121c8    701121c8    00004000   00000000    rw- .stack
701161d0    701161d0    00001878   00001878    r-x
  701161d0    701161d0    00000e50   00000e50    r-x .text.hwi
  70117020    70117020    000004a0   000004a0    r-x .text.cache
  701174c0    701174c0    000003c0   000003c0    r-x .text.mpu
  70117880    70117880    000001c0   000001c0    r-x .text.boot
  70117a40    70117a40    00000008   00000008    r-x .text:abort
70117a48    70117a48    00001950   00000550    rw-
  70117a48    70117a48    00000550   00000550    rw- .data
  70117f98    70117f98    00000100   00000000    rw- .irqstack
  70118098    70118098    00000100   00000000    rw- .fiqstack
  70118198    70118198    00001000   00000000    rw- .svcstack
  70119198    70119198    00000100   00000000    rw- .abortstack
  70119298    70119298    00000100   00000000    rw- .undefinedstack


SECTION ALLOCATION MAP

 output                                  attributes/
section   page    origin      length       input sections
--------  ----  ----------  ----------   ----------------
.vectors   0    00000000    00000040     
                  00000000    00000040     nortos.am263px.r5f.ti-arm-clang.debug.lib : HwiP_armv7r_vectors_nortos_asm.obj (.vectors)

.text      0    70100000    0000e4b0     
                  70100000    00000a34     nortos.am263px.r5f.ti-arm-clang.debug.lib : printf.obj (.text._vsnprintf)
                  70100a34    0000000c     libclang_rt.builtins.a : aeabi_memset.S.obj (.text.__aeabi_memclr)
                  70100a40    00000678     drivers.am263px.r5f.ti-arm-clang.nortos.debug.lib : soc_rcm.obj (.text.SOC_rcmGetClkSrcAndDivReg)
                  701010b8    00000008     libsysbm.a : hostexit.c.obj (.text.HOSTexit)
                  701010c0    00000638     drivers.am263px.r5f.ti-arm-clang.nortos.debug.lib : soc_rcm.obj (.text.SOC_rcmEnablePeripheralClock)
                  701016f8    00000004     libclang_rt.builtins.a : aeabi_div0.c.obj (.text.__aeabi_ldiv0)
                  701016fc    00000004                            : aeabi_memcpy.S.obj (.text.__aeabi_memcpy)
                  70101700    000005e2     nortos.am263px.r5f.ti-arm-clang.debug.lib : printf.obj (.text._ftoa)
                  70101ce2    00000002     --HOLE-- [fill = 0]
                  70101ce4    0000000c                                               : CpuId_armv7r_asm.obj (.text)
                  70101cf0    000004b0                                               : printf.obj (.text._etoa)
                  701021a0    00000400     drivers.am263px.r5f.ti-arm-clang.nortos.debug.lib : uart_v0.obj (.text.UART_open)
                  701025a0    000003fc     yis320_protocol.o (.text.vtable_process_rx_data)
                  7010299c    00000004     libclang_rt.builtins.a : aeabi_memmove.S.obj (.text.__aeabi_memmove)
                  701029a0    000003dc     drivers.am263px.r5f.ti-arm-clang.nortos.debug.lib : ipc_notify_v1.obj (.text.IpcNotify_init)
                  70102d7c    00000004     --HOLE-- [fill = 0]
                  70102d80    00000334     imu_interface_isr.o (.text.imu_uart_isr)
                  701030b4    0000000c     --HOLE-- [fill = 0]
                  701030c0    00000302     drivers.am263px.r5f.ti-arm-clang.nortos.debug.lib : soc.obj (.text.SOC_virtToPhy)
                  701033c2    0000000e     --HOLE-- [fill = 0]
                  701033d0    000002f4     motor_mapping.o (.text.motor_mapping_init_core1)
                  701036c4    0000000c     --HOLE-- [fill = 0]
                  701036d0    000002a8     drivers.am263px.r5f.ti-arm-clang.nortos.debug.lib : mcan.obj (.text.MCAN_msgRAMConfig)
                  70103978    00000008     --HOLE-- [fill = 0]
                  70103980    0000027e                                                       : uart_dma_edma.obj (.text.UART_edmaChInit)
                  70103bfe    00000002     --HOLE-- [fill = 0]
                  70103c00    00000266     can_interface.o (.text.init_single_mcan)
                  70103e66    0000000a     --HOLE-- [fill = 0]
                  70103e70    00000250     drivers.am263px.r5f.ti-arm-clang.nortos.debug.lib : edma.obj (.text.Alloc_resource)
                  701040c0    00000248     main.o (.text.core1_init)
                  70104308    00000008     --HOLE-- [fill = 0]
                  70104310    00000242     drivers.am263px.r5f.ti-arm-clang.nortos.debug.lib : uart_v0_lld.obj (.text.UART_fifoConfig)
                  70104552    0000000e     --HOLE-- [fill = 0]
                  70104560    0000023e     nortos.am263px.r5f.ti-arm-clang.debug.lib : printf.obj (.text._ntoa_format)
                  7010479e    00000002     --HOLE-- [fill = 0]
                  701047a0    00000226     drivers.am263px.r5f.ti-arm-clang.nortos.debug.lib : uart_dma_edma.obj (.text.UART_lld_dmaDeInit)
                  701049c6    0000000a     --HOLE-- [fill = 0]
                  701049d0    00000222                                                       : ipc_notify_v1.obj (.text.IpcNotify_isr)
                  70104bf2    0000000e     --HOLE-- [fill = 0]
                  70104c00    000001fe     can_interface.o (.text.CAN_TransmitBatch)
                  70104dfe    00000002     --HOLE-- [fill = 0]
                  70104e00    000001d6     nortos.am263px.r5f.ti-arm-clang.debug.lib : TimerP_rti_priv.obj (.text.TimerP_setupPriv)
                  70104fd6    0000000a     --HOLE-- [fill = 0]
                  70104fe0    000001aa     drivers.am263px.r5f.ti-arm-clang.nortos.debug.lib : uart_dma_edma.obj (.text.UART_lld_dmaWrite)
                  7010518a    00000006     --HOLE-- [fill = 0]
                  70105190    000001a8                                                       : uart_v0.obj (.text.UART_close)
                  70105338    00000008     --HOLE-- [fill = 0]
                  70105340    00000198                                                       : uart_v0_lld.obj (.text.UART_lld_controllerIsr)
                  701054d8    00000008     --HOLE-- [fill = 0]
                  701054e0    0000018a     imu_interface_isr.o (.text.imu_uart_isr_init)
                  7010566a    00000006     --HOLE-- [fill = 0]
                  70105670    00000186     drivers.am263px.r5f.ti-arm-clang.nortos.debug.lib : mcan.obj (.text.MCAN_readMsg)
                  701057f6    0000000a     --HOLE-- [fill = 0]
                  70105800    00000184                                                       : mcan.obj (.text.MCAN_calcMsgRamParamsStartAddr)
                  70105984    0000000c     --HOLE-- [fill = 0]
                  70105990    0000017e     can_interface.o (.text.can_rx_isr)
                  70105b0e    00000002     --HOLE-- [fill = 0]
                  70105b10    00000174     main.o (.text.transmit_can_frames)
                  70105c84    0000000c     --HOLE-- [fill = 0]
                  70105c90    00000162     drivers.am263px.r5f.ti-arm-clang.nortos.debug.lib : edma.obj (.text.EDMA_unregisterIntr)
                  70105df2    0000000e     --HOLE-- [fill = 0]
                  70105e00    00000158                                                       : soc.obj (.text.SOC_controlModuleUnlockMMR)
                  70105f58    00000008     --HOLE-- [fill = 0]
                  70105f60    00000152                                                       : uart_v0_lld.obj (.text.UART_lld_initDma)
                  701060b2    0000000e     --HOLE-- [fill = 0]
                  701060c0    00000150     nortos.am263px.r5f.ti-arm-clang.debug.lib : DebugP_shmLogWriter.obj (.text.DebugP_shmLogWriterPutChar)
                  70106210    00000150     drivers.am263px.r5f.ti-arm-clang.nortos.debug.lib : mcan.obj (.text.MCAN_writeMsg)
                  70106360    00000150     imu_interface_isr.o (.text.parse_yis320_frame)
                  701064b0    0000014e     yis320_protocol.o (.text.parse_imu_frame)
                  701065fe    00000002     --HOLE-- [fill = 0]
                  70106600    0000014c     drivers.am263px.r5f.ti-arm-clang.nortos.debug.lib : mcan.obj (.text.MCAN_setBitTime)
                  7010674c    00000004     --HOLE-- [fill = 0]
                  70106750    00000140     can_interface.o (.text.CAN_Init)
                  70106890    0000013a     drivers.am263px.r5f.ti-arm-clang.nortos.debug.lib : edma.obj (.text.EDMA_isDmaChannelAllocated)
                  701069ca    00000006     --HOLE-- [fill = 0]
                  701069d0    00000138                                                       : mcan.obj (.text.MCAN_readMsgRam)
                  70106b08    00000008     --HOLE-- [fill = 0]
                  70106b10    00000138     nortos.am263px.r5f.ti-arm-clang.debug.lib : printf.obj (.text._ntoa_long_long)
                  70106c48    00000008     --HOLE-- [fill = 0]
                  70106c50    00000136                                               : ClockP_nortos_r5.obj (.text.ClockP_init)
                  70106d86    0000000a     --HOLE-- [fill = 0]
                  70106d90    00000136     drivers.am263px.r5f.ti-arm-clang.nortos.debug.lib : uart_v0_lld.obj (.text.UART_procLineStatusErr)
                  70106ec6    0000000a     --HOLE-- [fill = 0]
                  70106ed0    00000134                                                       : edma.obj (.text.EDMA_registerIntr)
                  70107004    0000000c     --HOLE-- [fill = 0]
                  70107010    00000134                                                       : mcan.obj (.text.MCAN_init)
                  70107144    0000000c     --HOLE-- [fill = 0]
                  70107150    0000012c                                                       : uart_v0_lld.obj (.text.UART_lld_init)
                  7010727c    00000004     --HOLE-- [fill = 0]
                  70107280    0000012a                                                       : mcan.obj (.text.MCAN_config)
                  701073aa    00000006     --HOLE-- [fill = 0]
                  701073b0    00000126                                                       : soc.obj (.text.SOC_controlModuleLockMMR)
                  701074d6    0000000a     --HOLE-- [fill = 0]
                  701074e0    00000120                                                       : soc_rcm.obj (.text.SOC_rcmGetPeripheralClockFrequency)
                  70107600    00000120     can_interface.o (.text.init_can_stb_gpios)
                  70107720    0000011c     nortos.am263px.r5f.ti-arm-clang.debug.lib : DebugP_shmLogWriter.obj (.text.DebugP_shmLogWriterPutLine)
                  7010783c    00000004     --HOLE-- [fill = 0]
                  70107840    0000011c     drivers.am263px.r5f.ti-arm-clang.nortos.debug.lib : uart_dma_edma.obj (.text.UART_lld_dmaRead)
                  7010795c    00000118     libclang_rt.builtins.a : udivmoddi4.S.obj (.text)
                  70107a74    0000000c     --HOLE-- [fill = 0]
                  70107a80    00000116     drivers.am263px.r5f.ti-arm-clang.nortos.debug.lib : edma.obj (.text.EDMA_isTccAllocated)
                  70107b96    0000000a     --HOLE-- [fill = 0]
                  70107ba0    00000116                                                       : uart_v0_lld.obj (.text.UART_divisorLatchWrite)
                  70107cb6    0000000a     --HOLE-- [fill = 0]
                  70107cc0    00000114     nortos.am263px.r5f.ti-arm-clang.debug.lib : printf.obj (.text._ntoa_long)
                  70107dd4    0000000c     --HOLE-- [fill = 0]
                  70107de0    0000010e     drivers.am263px.r5f.ti-arm-clang.nortos.debug.lib : soc_rcm.obj (.text.SOC_rcmADPLLJGetFOut)
                  70107eee    00000002     --HOLE-- [fill = 0]
                  70107ef0    0000010a                                                       : ipc_notify_v1.obj (.text.IpcNotify_sendMsg)
                  70107ffa    00000006     --HOLE-- [fill = 0]
                  70108000    00000104                                                       : uart_v0_lld.obj (.text.UART_configInstance)
                  70108104    0000000c     --HOLE-- [fill = 0]
                  70108110    00000102     ti_drivers_config.o (.text.GPIO_init)
                  70108212    0000000e     --HOLE-- [fill = 0]
                  70108220    00000102     nortos.am263px.r5f.ti-arm-clang.debug.lib : SemaphoreP_nortos.obj (.text.SemaphoreP_pend)
                  70108322    0000000e     --HOLE-- [fill = 0]
                  70108330    00000102     gateway_shared.o (.text.gateway_ringbuf_read)
                  70108432    0000000e     --HOLE-- [fill = 0]
                  70108440    000000f6     main.o (.text.process_can_rx)
                  70108536    0000000a     --HOLE-- [fill = 0]
                  70108540    000000f0     can_interface.o (.text.CAN_StartRxInterrupts)
                  70108630    000000ec     gateway_shared.o (.text.gateway_write_motor_config)
                  7010871c    00000004     --HOLE-- [fill = 0]
                  70108720    000000e6     drivers.am263px.r5f.ti-arm-clang.nortos.debug.lib : soc_rcm.obj (.text.SOC_rcmGetCoreFout)
                  70108806    0000000a     --HOLE-- [fill = 0]
                  70108810    000000e6                                                       : soc_rcm.obj (.text.SOC_rcmGetPerFout)
                  701088f6    0000000a     --HOLE-- [fill = 0]
                  70108900    000000e4                                                       : edma.obj (.text.EDMA_freeChannelRegion)
                  701089e4    0000000c     --HOLE-- [fill = 0]
                  701089f0    000000e2                                                       : edma.obj (.text.EDMA_freeParam)
                  70108ad2    0000000e     --HOLE-- [fill = 0]
                  70108ae0    000000e0                                                       : edma.obj (.text.EDMA_freeDmaChannel)
                  70108bc0    000000e0                                                       : edma.obj (.text.EDMA_freeTcc)
                  70108ca0    000000de                                                       : uart_v0_lld.obj (.text.UART_intrEnable)
                  70108d7e    00000002     --HOLE-- [fill = 0]
                  70108d80    000000da                                                       : uart_v0_lld.obj (.text.UART_intrDisable)
                  70108e5a    00000006     --HOLE-- [fill = 0]
                  70108e60    000000d0     nortos.am263px.r5f.ti-arm-clang.debug.lib : AddrTranslateP_32bit.obj (.text.AddrTranslateP_getLocalAddr)
                  70108f30    000000d0     main.o (.text.main_loop)
                  70109000    000000d0     imu_interface_isr.o (.text.update_imu_state_atomic)
                  701090d0    000000ce     drivers.am263px.r5f.ti-arm-clang.nortos.debug.lib : edma.obj (.text.EDMA_disableChInShadowRegRegion)
                  7010919e    00000002     --HOLE-- [fill = 0]
                  701091a0    000000cc                                                       : edma.obj (.text.EDMA_enableChInShadowRegRegion)
                  7010926c    00000004     --HOLE-- [fill = 0]
                  70109270    000000c4                                                       : edma.obj (.text.EDMA_mapChToEvtQ)
                  70109334    0000000c     --HOLE-- [fill = 0]
                  70109340    000000c0                                                       : edma.obj (.text.EDMA_configureChannelRegion)
                  70109400    000000c0                                                       : soc_rcm.obj (.text.SOC_rcmGetPerHSDivOut)
                  701094c0    000000c0                                                       : uart_v0.obj (.text.UART_flushTxFifo)
                  70109580    000000c0     nortos.am263px.r5f.ti-arm-clang.debug.lib : printf.obj (.text._out_rev)
                  70109640    000000be                                               : ClockP_nortos.obj (.text.ClockP_timerTickIsr)
                  701096fe    00000002     --HOLE-- [fill = 0]
                  70109700    000000be     ti_dpl_config.o (.text.TimerP_init)
                  701097be    00000002     --HOLE-- [fill = 0]
                  701097c0    000000ba     nortos.am263px.r5f.ti-arm-clang.debug.lib : ClockP_nortos.obj (.text.ClockP_stop)
                  7010987a    00000006     --HOLE-- [fill = 0]
                  70109880    000000ba     drivers.am263px.r5f.ti-arm-clang.nortos.debug.lib : ipc_notify_v1.obj (.text.IpcNotify_waitSync)
                  7010993a    00000006     --HOLE-- [fill = 0]
                  70109940    000000ba     gateway_shared.o (.text.gateway_write_motor_states)
                  701099fa    00000006     --HOLE-- [fill = 0]
                  70109a00    000000ba     nortos.am263px.r5f.ti-arm-clang.debug.lib : PmuP_armv7r.obj (.text.pmu)
                  70109aba    00000006     --HOLE-- [fill = 0]
                  70109ac0    000000b0     drivers.am263px.r5f.ti-arm-clang.nortos.debug.lib : mcan.obj (.text.MCAN_writeMsgRam)
                  70109b70    000000b0                                                       : soc_rcm.obj (.text.SOC_rcmSetPeripheralClock)
                  70109c20    000000b0                                                       : uart_v0.obj (.text.UART_init)
                  70109cd0    000000ae                                                       : mcan.obj (.text.MCAN_getOffsetAddr)
                  70109d7e    00000002     --HOLE-- [fill = 0]
                  70109d80    000000ac     gateway_shared.o (.text.gateway_core1_wait_for_ready)
                  70109e2c    00000004     --HOLE-- [fill = 0]
                  70109e30    000000a8     nortos.am263px.r5f.ti-arm-clang.debug.lib : ClockP_nortos.obj (.text.ClockP_addToList)
                  70109ed8    00000008     --HOLE-- [fill = 0]
                  70109ee0    000000a8                                               : ClockP_nortos.obj (.text.ClockP_destruct)
                  70109f88    00000008     --HOLE-- [fill = 0]
                  70109f90    000000a8     ti_drivers_open_close.o (.text.Drivers_uartOpen)
                  7010a038    00000008     --HOLE-- [fill = 0]
                  7010a040    000000a6     imu_interface_isr.o (.text.validate_yis320_checksum)
                  7010a0e6    0000000a     --HOLE-- [fill = 0]
                  7010a0f0    000000a0     drivers.am263px.r5f.ti-arm-clang.nortos.debug.lib : soc_rcm.obj (.text.SOC_rcmGetCoreHSDivOut)
                  7010a190    0000009e     gateway_shared.o (.text.gateway_core1_ipc_callback)
                  7010a22e    00000002     --HOLE-- [fill = 0]
                  7010a230    0000009e     yis320_protocol.o (.text.validate_checksum)
                  7010a2ce    00000002     --HOLE-- [fill = 0]
                  7010a2d0    00000098     drivers.am263px.r5f.ti-arm-clang.nortos.debug.lib : ipc_notify_v1.obj (.text.IpcNotify_registerClient)
                  7010a368    00000008     --HOLE-- [fill = 0]
                  7010a370    00000096                                                       : uart_v0_lld.obj (.text.UART_subConfigTCRTLRModeEn)
                  7010a406    0000000a     --HOLE-- [fill = 0]
                  7010a410    00000092     nortos.am263px.r5f.ti-arm-clang.debug.lib : ClockP_nortos.obj (.text.ClockP_getTimeUsec)
                  7010a4a2    0000000e     --HOLE-- [fill = 0]
                  7010a4b0    00000092     drivers.am263px.r5f.ti-arm-clang.nortos.debug.lib : edma.obj (.text.EDMA_unmapChToEvtQ)
                  7010a542    0000000e     --HOLE-- [fill = 0]
                  7010a550    00000092     yis320_protocol.o (.text.yis320_convert_to_ipc)
                  7010a5e2    0000000e     --HOLE-- [fill = 0]
                  7010a5f0    0000008c     drivers.am263px.r5f.ti-arm-clang.nortos.debug.lib : edma.obj (.text.EDMA_disableTransferRegion)
                  7010a67c    00000004     --HOLE-- [fill = 0]
                  7010a680    0000008c                                                       : edma.obj (.text.EDMA_enableTransferRegion)
                  7010a70c    00000004     --HOLE-- [fill = 0]
                  7010a710    00000088                                                       : uart_dma_edma.obj (.text.UART_edmaIsrRx)
                  7010a798    00000008     --HOLE-- [fill = 0]
                  7010a7a0    00000088                                                       : uart_dma_edma.obj (.text.UART_edmaIsrTx)
                  7010a828    00000008     --HOLE-- [fill = 0]
                  7010a830    00000086                                                       : uart_v0_lld.obj (.text.UART_lld_flushTxFifo)
                  7010a8b6    0000000a     --HOLE-- [fill = 0]
                  7010a8c0    00000086                                                       : uart_v0_lld.obj (.text.UART_tcrTlrBitValRestore)
                  7010a946    0000000a     --HOLE-- [fill = 0]
                  7010a950    00000082                                                       : edma.obj (.text.EDMA_allocDmaChannel)
                  7010a9d2    0000000e     --HOLE-- [fill = 0]
                  7010a9e0    00000082                                                       : edma.obj (.text.EDMA_allocParam)
                  7010aa62    0000000e     --HOLE-- [fill = 0]
                  7010aa70    00000082                                                       : edma.obj (.text.EDMA_allocTcc)
                  7010aaf2    0000000e     --HOLE-- [fill = 0]
                  7010ab00    00000082                                                       : edma.obj (.text.EDMA_disableTccInShadowRegRegion)
                  7010ab82    0000000e     --HOLE-- [fill = 0]
                  7010ab90    00000082                                                       : edma.obj (.text.EDMA_enableTccInShadowRegRegion)
                  7010ac12    0000000e     --HOLE-- [fill = 0]
                  7010ac20    00000082                                                       : ipc_notify_v1.obj (.text.IpcNotify_syncAll)
                  7010aca2    0000000e     --HOLE-- [fill = 0]
                  7010acb0    00000082     imu_protocol_handler.o (.text.imu_protocol_manager_init)
                  7010ad32    0000000e     --HOLE-- [fill = 0]
                  7010ad40    00000080     drivers.am263px.r5f.ti-arm-clang.nortos.debug.lib : mcan.obj (.text.MCAN_addStdMsgIDFilter)
                  7010adc0    00000080                                                       : uart_v0_lld.obj (.text.UART_moduleReset)
                  7010ae40    0000007e     ti_drivers_config.o (.text.System_init)
                  7010aebe    00000002     --HOLE-- [fill = 0]
                  7010aec0    0000007e     drivers.am263px.r5f.ti-arm-clang.nortos.debug.lib : uart_v0_lld.obj (.text.UART_readData)
                  7010af3e    00000002     --HOLE-- [fill = 0]
                  7010af40    0000007c     nortos.am263px.r5f.ti-arm-clang.debug.lib : DebugP_log.obj (.text._DebugP_assert)
                  7010afbc    00000004     --HOLE-- [fill = 0]
                  7010afc0    0000007c     gateway_shared.o (.text.gateway_ringbuf_core1_init)
                  7010b03c    00000004     --HOLE-- [fill = 0]
                  7010b040    0000007a     drivers.am263px.r5f.ti-arm-clang.nortos.debug.lib : ipc_notify_v1.obj (.text.IpcNotify_mailboxWrite)
                  7010b0ba    00000006     --HOLE-- [fill = 0]
                  7010b0c0    0000007a                                                       : uart_v0.obj (.text.UART_Params_init)
                  7010b13a    00000006     --HOLE-- [fill = 0]
                  7010b140    00000078                                                       : edma.obj (.text.EDMA_linkChannel)
                  7010b1b8    00000008     --HOLE-- [fill = 0]
                  7010b1c0    00000074                                                       : uart_v0_lld.obj (.text.UART_IsBaseAddrValid)
                  7010b234    0000000c     --HOLE-- [fill = 0]
                  7010b240    00000074     imu_interface_isr.o (.text.parse_euler_angles)
                  7010b2b4    0000000c     --HOLE-- [fill = 0]
                  7010b2c0    00000074     imu_interface_isr.o (.text.parse_gyroscope)
                  7010b334    0000000c     --HOLE-- [fill = 0]
                  7010b340    00000072     nortos.am263px.r5f.ti-arm-clang.debug.lib : ClockP_nortos.obj (.text.ClockP_usleep)
                  7010b3b2    0000000e     --HOLE-- [fill = 0]
                  7010b3c0    00000072     drivers.am263px.r5f.ti-arm-clang.nortos.debug.lib : edma.obj (.text.EDMA_clrMissEvtRegion)
                  7010b432    0000000e     --HOLE-- [fill = 0]
                  7010b440    00000072                                                       : ipc_notify_v1.obj (.text.IpcNotify_makeMsg)
                  7010b4b2    0000000e     --HOLE-- [fill = 0]
                  7010b4c0    0000006e     yis320_protocol.o (.text.find_frame_header_limited)
                  7010b52e    00000002     --HOLE-- [fill = 0]
                  7010b530    0000006a     drivers.am263px.r5f.ti-arm-clang.nortos.debug.lib : ipc_notify_v1.obj (.text.IpcNotify_mailboxReadSwQ)
                  7010b59a    00000006     --HOLE-- [fill = 0]
                  7010b5a0    00000068                                                       : edma.obj (.text.EDMA_getBaseAddr)
                  7010b608    00000008     --HOLE-- [fill = 0]
                  7010b610    00000068                                                       : uart_v0_lld.obj (.text.UART_divisorValCompute)
                  7010b678    00000008     --HOLE-- [fill = 0]
                  7010b680    00000064                                                       : soc_rcm.obj (.text.SOC_rcmGetR5Clock)
                  7010b6e4    0000000c     --HOLE-- [fill = 0]
                  7010b6f0    00000064                                                       : soc_rcm.obj (.text.SOC_rcmIsR5FInLockStepMode)
                  7010b754    0000000c     --HOLE-- [fill = 0]
                  7010b760    00000064                                                       : uart_v0_lld.obj (.text.UART_fifoRegisterWrite)
                  7010b7c4    0000000c     --HOLE-- [fill = 0]
                  7010b7d0    00000064                                                       : uart_v0_lld.obj (.text.UART_lld_deInitDma)
                  7010b834    0000000c     --HOLE-- [fill = 0]
                  7010b840    00000062                                                       : mcan.obj (.text.MCAN_enableIntr)
                  7010b8a2    0000000e     --HOLE-- [fill = 0]
                  7010b8b0    00000062                                                       : mcan.obj (.text.MCAN_initTxBufElement)
                  7010b912    0000000e     --HOLE-- [fill = 0]
                  7010b920    00000062                                                       : soc_rcm.obj (.text.SOC_rcmInsert16)
                  7010b982    0000000e     --HOLE-- [fill = 0]
                  7010b990    00000062     nortos.am263px.r5f.ti-arm-clang.debug.lib : SemaphoreP_nortos.obj (.text.SemaphoreP_post)
                  7010b9f2    0000000e     --HOLE-- [fill = 0]
                  7010ba00    00000060     drivers.am263px.r5f.ti-arm-clang.nortos.debug.lib : mcan.obj (.text.MCAN_selectIntrLine)
                  7010ba60    00000060                                                       : uart_v0_lld.obj (.text.UART_getChar)
                  7010bac0    00000060                                                       : uart_v0_lld.obj (.text.UART_writeData)
                  7010bb20    0000005e     yis320_protocol.o (.text.yis320_protocol_handler_init)
                  7010bb7e    00000002     --HOLE-- [fill = 0]
                  7010bb80    0000005c     ti_power_clock_config.o (.text.Module_clockSetFrequency)
                  7010bbdc    00000004     --HOLE-- [fill = 0]
                  7010bbe0    0000005c     drivers.am263px.r5f.ti-arm-clang.nortos.debug.lib : uart_v0_lld.obj (.text.UART_lld_deInit)
                  7010bc3c    00000004     --HOLE-- [fill = 0]
                  7010bc40    0000005c     imu_interface_isr.o (.text.parse_quaternion)
                  7010bc9c    00000004     --HOLE-- [fill = 0]
                  7010bca0    0000005a     drivers.am263px.r5f.ti-arm-clang.nortos.debug.lib : uart_v0_lld.obj (.text.UART_regConfigModeEnable)
                  7010bcfa    00000006     --HOLE-- [fill = 0]
                  7010bd00    00000058                                                       : soc_rcm.obj (.text.SOC_rcmGetModuleClkDivVal)
                  7010bd58    00000008     --HOLE-- [fill = 0]
                  7010bd60    00000058     yis320_protocol.o (.text.parse_angular_velocity)
                  7010bdb8    00000008     --HOLE-- [fill = 0]
                  7010bdc0    00000058     yis320_protocol.o (.text.parse_euler_angles)
                  7010be18    00000008     --HOLE-- [fill = 0]
                  7010be20    00000056     drivers.am263px.r5f.ti-arm-clang.nortos.debug.lib : uart_v0.obj (.text.UART_lld_readCompleteCallback)
                  7010be76    0000000a     --HOLE-- [fill = 0]
                  7010be80    00000056                                                       : uart_v0.obj (.text.UART_lld_writeCompleteCallback)
                  7010bed6    0000000a     --HOLE-- [fill = 0]
                  7010bee0    00000056     gateway_shared.o (.text.gateway_write_imu_state)
                  7010bf36    0000000a     --HOLE-- [fill = 0]
                  7010bf40    00000056     yis320_protocol.o (.text.vtable_initialize)
                  7010bf96    0000000a     --HOLE-- [fill = 0]
                  7010bfa0    00000054     ti_dpl_config.o (.text.Dpl_init)
                  7010bff4    0000000c     --HOLE-- [fill = 0]
                  7010c000    00000054     drivers.am263px.r5f.ti-arm-clang.nortos.debug.lib : edma.obj (.text.EDMA_setPaRAM)
                  7010c054    0000000c     --HOLE-- [fill = 0]
                  7010c060    00000054                                                       : uart_v0_lld.obj (.text.UART_OperModeValid)
                  7010c0b4    0000000c     --HOLE-- [fill = 0]
                  7010c0c0    00000054     main.o (.text.main)
                  7010c114    00000054     libc.a : autoinit.c.obj (.text:__TI_auto_init_nobinit_nopinit)
                  7010c168    00000008     --HOLE-- [fill = 0]
                  7010c170    00000050     ti_drivers_open_close.o (.text.Drivers_uartClose)
                  7010c1c0    00000050     drivers.am263px.r5f.ti-arm-clang.nortos.debug.lib : pinmux.obj (.text.Pinmux_config)
                  7010c210    00000050                                                       : uart_v0_lld.obj (.text.UART_checkCharsAvailInFifo)
                  7010c260    0000004e     nortos.am263px.r5f.ti-arm-clang.debug.lib : DebugP_shmLogWriter.obj (.text.DebugP_shmLogWriterInit)
                  7010c2ae    00000002     --HOLE-- [fill = 0]
                  7010c2b0    0000004e     drivers.am263px.r5f.ti-arm-clang.nortos.debug.lib : edma.obj (.text.EDMA_clrEvtRegion)
                  7010c2fe    00000002     --HOLE-- [fill = 0]
                  7010c300    0000004e                                                       : edma.obj (.text.EDMA_disableDmaEvtRegion)
                  7010c34e    00000002     --HOLE-- [fill = 0]
                  7010c350    0000004e                                                       : edma.obj (.text.EDMA_disableEvtIntrRegion)
                  7010c39e    00000002     --HOLE-- [fill = 0]
                  7010c3a0    0000004e                                                       : edma.obj (.text.EDMA_enableDmaEvtRegion)
                  7010c3ee    00000002     --HOLE-- [fill = 0]
                  7010c3f0    0000004e                                                       : edma.obj (.text.EDMA_enableEvtIntrRegion)
                  7010c43e    00000002     --HOLE-- [fill = 0]
                  7010c440    0000004e                                                       : edma.obj (.text.EDMA_setEvtRegion)
                  7010c48e    00000002     --HOLE-- [fill = 0]
                  7010c490    0000004e                                                       : gpio.obj (.text.GPIO_setDirMode)
                  7010c4de    00000002     --HOLE-- [fill = 0]
                  7010c4e0    0000004e                                                       : mcan.obj (.text.MCAN_enableIntrLine)
                  7010c52e    00000002     --HOLE-- [fill = 0]
                  7010c530    0000004c     nortos.am263px.r5f.ti-arm-clang.debug.lib : ClockP_nortos.obj (.text.ClockP_construct)
                  7010c57c    00000004     --HOLE-- [fill = 0]
                  7010c580    0000004c     drivers.am263px.r5f.ti-arm-clang.nortos.debug.lib : edma.obj (.text.EDMA_ccPaRAMEntry_init)
                  7010c5cc    00000004     --HOLE-- [fill = 0]
                  7010c5d0    0000004c                                                       : edma.obj (.text.EDMA_mapQdmaChToPaRAM)
                  7010c61c    00000004     --HOLE-- [fill = 0]
                  7010c620    0000004c                                                       : edma.obj (.text.EDMA_readEventStatusRegion)
                  7010c66c    00000004     --HOLE-- [fill = 0]
                  7010c670    0000004c                                                       : ipc_notify_v1.obj (.text.IpcNotify_unregisterClient)
                  7010c6bc    00000004     --HOLE-- [fill = 0]
                  7010c6c0    0000004c     ti_power_clock_config.o (.text.Module_clockEnable)
                  7010c70c    00000004     --HOLE-- [fill = 0]
                  7010c710    0000004c     gateway_shared.o (.text.gateway_update_stat)
                  7010c75c    00000004     --HOLE-- [fill = 0]
                  7010c760    0000004c     main.o (.text.ipc_notify_callback_fxn)
                  7010c7ac    0000004c     libc.a : memmov.c.obj (.text.memmove)
                  7010c7f8    00000008     --HOLE-- [fill = 0]
                  7010c800    0000004c     yis320_protocol.o (.text.parse_quaternion)
                  7010c84c    00000004     --HOLE-- [fill = 0]
                  7010c850    0000004a     drivers.am263px.r5f.ti-arm-clang.nortos.debug.lib : ipc_notify_v1.obj (.text.IpcNotify_Params_init)
                  7010c89a    00000006     --HOLE-- [fill = 0]
                  7010c8a0    0000004a                                                       : soc_rcm.obj (.text.SOC_rcmGetCR5SysclkInFrequency)
                  7010c8ea    00000006     --HOLE-- [fill = 0]
                  7010c8f0    0000004a                                                       : uart_v0_lld.obj (.text.UART_getIntrIdentityStatus)
                  7010c93a    00000006     --HOLE-- [fill = 0]
                  7010c940    0000004a                                                       : uart_v0_lld.obj (.text.UART_lineCharConfig)
                  7010c98a    00000006     --HOLE-- [fill = 0]
                  7010c990    0000004a     main.o (.text.motor_get_index)
                  7010c9da    00000006     --HOLE-- [fill = 0]
                  7010c9e0    00000048     can_interface.o (.text.CAN_RegisterRxCallback)
                  7010ca28    00000008     --HOLE-- [fill = 0]
                  7010ca30    00000048     drivers.am263px.r5f.ti-arm-clang.nortos.debug.lib : uart_v0_lld.obj (.text.UART_resetModule)
                  7010ca78    00000008     --HOLE-- [fill = 0]
                  7010ca80    00000046                                                       : uart_v0_lld.obj (.text.UART_i2310WA)
                  7010cac6    0000000a     --HOLE-- [fill = 0]
                  7010cad0    00000046                                                       : uart_v0_lld.obj (.text.UART_readLineStatus)
                  7010cb16    0000000a     --HOLE-- [fill = 0]
                  7010cb20    00000046     imu_protocol_handler.o (.text.imu_protocol_handler_init)
                  7010cb66    0000000a     --HOLE-- [fill = 0]
                  7010cb70    00000044     drivers.am263px.r5f.ti-arm-clang.nortos.debug.lib : ipc_notify_v1.obj (.text.IpcNotify_getWriteMailbox)
                  7010cbb4    0000000c     --HOLE-- [fill = 0]
                  7010cbc0    00000044                                                       : soc_rcm.obj (.text.SOC_rcmExtract8)
                  7010cc04    0000000c     --HOLE-- [fill = 0]
                  7010cc10    00000044                                                       : soc_rcm.obj (.text.SOC_rcmMake16)
                  7010cc54    0000000c     --HOLE-- [fill = 0]
                  7010cc60    00000044     nortos.am263px.r5f.ti-arm-clang.debug.lib : SemaphoreP_nortos.obj (.text.SemaphoreP_construct)
                  7010cca4    0000000c     --HOLE-- [fill = 0]
                  7010ccb0    00000044                                               : DebugP_nortos.obj (.text._DebugP_logZone)
                  7010ccf4    0000000c     --HOLE-- [fill = 0]
                  7010cd00    00000044                                               : printf.obj (.text._strnlen_s)
                  7010cd44    0000000c     --HOLE-- [fill = 0]
                  7010cd50    00000044     main.o (.text.process_motor_commands)
                  7010cd94    0000000c     --HOLE-- [fill = 0]
                  7010cda0    00000042     nortos.am263px.r5f.ti-arm-clang.debug.lib : ClockP_nortos.obj (.text.ClockP_start)
                  7010cde2    0000000e     --HOLE-- [fill = 0]
                  7010cdf0    00000042     drivers.am263px.r5f.ti-arm-clang.nortos.debug.lib : uart_v0.obj (.text.UART_checkOpenParams)
                  7010ce32    0000000e     --HOLE-- [fill = 0]
                  7010ce40    0000003e                                                       : pinmux.obj (.text.Pinmux_unlockMMR)
                  7010ce7e    00000002     --HOLE-- [fill = 0]
                  7010ce80    0000003e                                                       : uart_v0_lld.obj (.text.UART_IsHWFlowCtrlValid)
                  7010cebe    00000002     --HOLE-- [fill = 0]
                  7010cec0    0000003e                                                       : uart_v0_lld.obj (.text.UART_spaceAvail)
                  7010cefe    00000002     --HOLE-- [fill = 0]
                  7010cf00    0000003e     gateway_shared.o (.text.gateway_core1_init)
                  7010cf3e    00000002     --HOLE-- [fill = 0]
                  7010cf40    0000003e     gateway_shared.o (.text.gateway_update_heartbeat)
                  7010cf7e    00000002     --HOLE-- [fill = 0]
                  7010cf80    0000003e     main.o (.text.timerISR)
                  7010cfbe    00000002     --HOLE-- [fill = 0]
                  7010cfc0    0000003c     drivers.am263px.r5f.ti-arm-clang.nortos.debug.lib : uart_v0_lld.obj (.text.UART_IsParityTypeValid)
                  7010cffc    00000004     --HOLE-- [fill = 0]
                  7010d000    0000003c                                                       : uart_v0_lld.obj (.text.UART_IsTxRxFifoEmpty)
                  7010d03c    00000004     --HOLE-- [fill = 0]
                  7010d040    0000003c                                                       : uart_v0_lld.obj (.text.UART_enhanFuncEnable)
                  7010d07c    00000004     --HOLE-- [fill = 0]
                  7010d080    0000003a                                                       : mcan.obj (.text.MCAN_txBufAddReq)
                  7010d0ba    00000006     --HOLE-- [fill = 0]
                  7010d0c0    0000003a                                                       : soc.obj (.text.SOC_moduleSetClockFrequency)
                  7010d0fa    00000006     --HOLE-- [fill = 0]
                  7010d100    0000003a     nortos.am263px.r5f.ti-arm-clang.debug.lib : printf.obj (.text._atoi)
                  7010d13a    00000006     --HOLE-- [fill = 0]
                  7010d140    0000003a     main.o (.text.init_1000hz_timer)
                  7010d17a    00000006     --HOLE-- [fill = 0]
                  7010d180    0000003a     nortos.am263px.r5f.ti-arm-clang.debug.lib : printf.obj (.text.snprintf_)
                  7010d1ba    00000006     --HOLE-- [fill = 0]
                  7010d1c0    00000038     drivers.am263px.r5f.ti-arm-clang.nortos.debug.lib : soc.obj (.text.SOC_getCoreName)
                  7010d1f8    00000038     nortos.am263px.r5f.ti-arm-clang.debug.lib : PmuP_armv7r_asm.obj (.text.pmu)
                  7010d230    00000038     yis320_protocol.o (.text.vtable_is_connected)
                  7010d268    00000008     --HOLE-- [fill = 0]
                  7010d270    00000036     drivers.am263px.r5f.ti-arm-clang.nortos.debug.lib : edma.obj (.text.EDMA_getRegionId)
                  7010d2a6    0000000a     --HOLE-- [fill = 0]
                  7010d2b0    00000036     can_interface.o (.text.GPIO_pinWriteLow)
                  7010d2e6    0000000a     --HOLE-- [fill = 0]
                  7010d2f0    00000036     ti_drivers_config.o (.text.GPIO_pinWriteLow)
                  7010d326    0000000a     --HOLE-- [fill = 0]
                  7010d330    00000036     drivers.am263px.r5f.ti-arm-clang.nortos.debug.lib : ipc_notify_v1.obj (.text.IpcNotify_syncCallback)
                  7010d366    0000000a     --HOLE-- [fill = 0]
                  7010d370    00000034                                                       : mcan.obj (.text.MCAN_SsAddr)
                  7010d3a4    0000000c     --HOLE-- [fill = 0]
                  7010d3b0    00000034                                                       : mcan.obj (.text.MCAN_calcCfgAddr)
                  7010d3e4    0000000c     --HOLE-- [fill = 0]
                  7010d3f0    00000034                                                       : pinmux.obj (.text.Pinmux_lockMMR)
                  7010d424    0000000c     --HOLE-- [fill = 0]
                  7010d430    00000034     nortos.am263px.r5f.ti-arm-clang.debug.lib : TimerP_rti_priv.obj (.text.TimerP_Params_initPriv)
                  7010d464    0000000c     --HOLE-- [fill = 0]
                  7010d470    00000034     drivers.am263px.r5f.ti-arm-clang.nortos.debug.lib : uart_v0_lld.obj (.text.UART_IsDataLengthValid)
                  7010d4a4    0000000c     --HOLE-- [fill = 0]
                  7010d4b0    00000034     motor_mapping.o (.text.motor_get_config)
                  7010d4e4    0000000c     --HOLE-- [fill = 0]
                  7010d4f0    00000032     drivers.am263px.r5f.ti-arm-clang.nortos.debug.lib : mcan.obj (.text.HW_WR_FIELD32_RAW)
                  7010d522    0000000e     --HOLE-- [fill = 0]
                  7010d530    00000032                                                       : uart_v0_lld.obj (.text.HW_WR_FIELD32_RAW)
                  7010d562    0000000e     --HOLE-- [fill = 0]
                  7010d570    00000032                                                       : ipc_notify_v1.obj (.text.IpcNotify_mailboxIsPendingIntr)
                  7010d5a2    0000000e     --HOLE-- [fill = 0]
                  7010d5b0    00000032     nortos.am263px.r5f.ti-arm-clang.debug.lib : TimerP_rti_priv.obj (.text.TimerP_getCountPriv)
                  7010d5e2    0000000e     --HOLE-- [fill = 0]
                  7010d5f0    00000032     drivers.am263px.r5f.ti-arm-clang.nortos.debug.lib : uart_v0_lld.obj (.text.UART_enhanFuncBitValRestore)
                  7010d622    0000000e     --HOLE-- [fill = 0]
                  7010d630    00000032                                                       : uart_v0_lld.obj (.text.UART_hardwareFlowCtrlOptSet)
                  7010d662    0000000e     --HOLE-- [fill = 0]
                  7010d670    00000030                                                       : ipc_notify_v1.obj (.text.IpcNotify_getReadSwQ)
                  7010d6a0    00000030                                                       : uart_v0_lld.obj (.text.UART_flowCtrlTrigLvlConfig)
                  7010d6d0    00000030     gateway_shared.o (.text.gateway_signal_motor_config_ready)
                  7010d700    0000002e     drivers.am263px.r5f.ti-arm-clang.nortos.debug.lib : uart_dma_edma.obj (.text.UART_lld_dmaInit)
                  7010d72e    00000002     --HOLE-- [fill = 0]
                  7010d730    0000002e     nortos.am263px.r5f.ti-arm-clang.debug.lib : printf.obj (.text._is_digit)
                  7010d75e    00000002     --HOLE-- [fill = 0]
                  7010d760    0000002c                                               : DebugP_log.obj (.text.DebugP_logZoneEnable)
                  7010d78c    00000004     --HOLE-- [fill = 0]
                  7010d790    0000002c     drivers.am263px.r5f.ti-arm-clang.nortos.debug.lib : ipc_notify_v1.obj (.text.IpcNotify_getReadMailbox)
                  7010d7bc    00000004     --HOLE-- [fill = 0]
                  7010d7c0    0000002c                                                       : mcan.obj (.text.MCAN_clearNewDataStatus)
                  7010d7ec    00000004     --HOLE-- [fill = 0]
                  7010d7f0    0000002c                                                       : mcan.obj (.text.MCAN_getNewDataStatus)
                  7010d81c    00000004     --HOLE-- [fill = 0]
                  7010d820    0000002c     nortos.am263px.r5f.ti-arm-clang.debug.lib : SemaphoreP_nortos.obj (.text.SemaphoreP_constructBinary)
                  7010d84c    00000004     --HOLE-- [fill = 0]
                  7010d850    0000002c     yis320_protocol.o (.text.vtable_deinit)
                  7010d87c    00000004     --HOLE-- [fill = 0]
                  7010d880    0000002a     nortos.am263px.r5f.ti-arm-clang.debug.lib : ClockP_nortos.obj (.text.ClockP_sleepTicks)
                  7010d8aa    00000006     --HOLE-- [fill = 0]
                  7010d8b0    0000002a     drivers.am263px.r5f.ti-arm-clang.nortos.debug.lib : uart_v0_lld.obj (.text.UART_intr2Disable)
                  7010d8da    00000006     --HOLE-- [fill = 0]
                  7010d8e0    0000002a                                                       : uart_v0_lld.obj (.text.UART_operatingModeSelect)
                  7010d90a    00000006     --HOLE-- [fill = 0]
                  7010d910    00000028     nortos.am263px.r5f.ti-arm-clang.debug.lib : CpuId_armv7r.obj (.text.CSL_armR5GetCpuID)
                  7010d938    00000008     --HOLE-- [fill = 0]
                  7010d940    00000028                                               : printf.obj (.text.vprintf_)
                  7010d968    00000008     --HOLE-- [fill = 0]
                  7010d970    00000026     drivers.am263px.r5f.ti-arm-clang.nortos.debug.lib : edma.obj (.text.EDMA_disableQdmaEvtRegion)
                  7010d996    0000000a     --HOLE-- [fill = 0]
                  7010d9a0    00000026                                                       : edma.obj (.text.EDMA_enableQdmaEvtRegion)
                  7010d9c6    0000000a     --HOLE-- [fill = 0]
                  7010d9d0    00000026                                                       : edma.obj (.text.EDMA_validateIntrObject)
                  7010d9f6    0000000a     --HOLE-- [fill = 0]
                  7010da00    00000026     ti_drivers_config.o (.text.IpcNotify_allocSwQueue)
                  7010da26    0000000a     --HOLE-- [fill = 0]
                  7010da30    00000026     nortos.am263px.r5f.ti-arm-clang.debug.lib : printf.obj (.text._out_buffer)
                  7010da56    0000000a     --HOLE-- [fill = 0]
                  7010da60    00000024     ti_drivers_config.o (.text.IpcNotify_getConfig)
                  7010da84    0000000c     --HOLE-- [fill = 0]
                  7010da90    00000024     nortos.am263px.r5f.ti-arm-clang.debug.lib : SemaphoreP_nortos.obj (.text.SemaphoreP_constructMutex)
                  7010dab4    0000000c     --HOLE-- [fill = 0]
                  7010dac0    00000024     drivers.am263px.r5f.ti-arm-clang.nortos.debug.lib : uart_v0_lld.obj (.text.UART_IsRxTrigLvlValid)
                  7010dae4    0000000c     --HOLE-- [fill = 0]
                  7010daf0    00000024                                                       : uart_v0_lld.obj (.text.UART_IsStopBitsValid)
                  7010db14    0000000c     --HOLE-- [fill = 0]
                  7010db20    00000024                                                       : uart_v0_lld.obj (.text.UART_IsTxTrigLvlValid)
                  7010db44    0000000c     --HOLE-- [fill = 0]
                  7010db50    00000024                                                       : uart_v0.obj (.text.UART_getBaseAddr)
                  7010db74    00000024     libclang_rt.builtins.a : aeabi_uldivmod.S.obj (.text.__aeabi_uldivmod)
                  7010db98    00000008     --HOLE-- [fill = 0]
                  7010dba0    00000024     nortos.am263px.r5f.ti-arm-clang.debug.lib : printf.obj (.text._out_char)
                  7010dbc4    0000000c     --HOLE-- [fill = 0]
                  7010dbd0    00000022     drivers.am263px.r5f.ti-arm-clang.nortos.debug.lib : edma.obj (.text.EDMA_channelToParamMap)
                  7010dbf2    0000000e     --HOLE-- [fill = 0]
                  7010dc00    00000022     gateway_shared.o (.text.gateway_ringbuf_core1_receive)
                  7010dc22    0000000e     --HOLE-- [fill = 0]
                  7010dc30    00000020     nortos.am263px.r5f.ti-arm-clang.debug.lib : ClockP_nortos.obj (.text.ClockP_isActive)
                  7010dc50    00000020                                               : ClockP_nortos.obj (.text.ClockP_usecToTicks)
                  7010dc70    00000020     drivers.am263px.r5f.ti-arm-clang.nortos.debug.lib : mcan.obj (.text.HW_RD_FIELD32_RAW)
                  7010dc90    00000020                                                       : uart_v0_lld.obj (.text.HW_RD_FIELD32_RAW)
                  7010dcb0    00000020     imu_interface_isr.o (.text.reset_parser)
                  7010dcd0    0000001e     nortos.am263px.r5f.ti-arm-clang.debug.lib : ClockP_nortos.obj (.text.ClockP_Params_init)
                  7010dcee    00000002     --HOLE-- [fill = 0]
                  7010dcf0    0000001e     drivers.am263px.r5f.ti-arm-clang.nortos.debug.lib : edma.obj (.text.EDMA_getEventStatusHigh)
                  7010dd0e    00000002     --HOLE-- [fill = 0]
                  7010dd10    0000001e                                                       : mcan.obj (.text.MCAN_setOpMode)
                  7010dd2e    00000002     --HOLE-- [fill = 0]
                  7010dd30    0000001e                                                       : soc.obj (.text.SOC_getSelfCpuClk)
                  7010dd4e    00000002     --HOLE-- [fill = 0]
                  7010dd50    0000001e                                                       : soc.obj (.text.SOC_moduleClockEnable)
                  7010dd6e    00000002     --HOLE-- [fill = 0]
                  7010dd70    0000001e     ti_dpl_config.o (.text.TimerP_isr0)
                  7010dd8e    00000002     --HOLE-- [fill = 0]
                  7010dd90    0000001e     drivers.am263px.r5f.ti-arm-clang.nortos.debug.lib : uart_v0_lld.obj (.text.UART_breakCtl)
                  7010ddae    00000002     --HOLE-- [fill = 0]
                  7010ddb0    0000001e                                                       : uart_v0_lld.obj (.text.UART_lld_Transaction_deInit)
                  7010ddce    00000002     --HOLE-- [fill = 0]
                  7010ddd0    0000001c                                                       : edma.obj (.text.EDMA_getEventStatus)
                  7010ddec    00000004     --HOLE-- [fill = 0]
                  7010ddf0    0000001c                                                       : mcan.obj (.text.MCAN_writeProtectedRegAccessLock)
                  7010de0c    00000004     --HOLE-- [fill = 0]
                  7010de10    0000001c                                                       : mcan.obj (.text.MCAN_writeProtectedRegAccessUnlock)
                  7010de2c    00000004     --HOLE-- [fill = 0]
                  7010de30    0000001c                                                       : uart_v0_lld.obj (.text.UART_IsParameter)
                  7010de4c    0000001c     libc.a : memcpy32.S.obj (.text:TI_memcpy_small)
                  7010de68    00000008     --HOLE-- [fill = 0]
                  7010de70    0000001a     drivers.am263px.r5f.ti-arm-clang.nortos.debug.lib : mcan.obj (.text.MCAN_clearIntrStatus)
                  7010de8a    00000006     --HOLE-- [fill = 0]
                  7010de90    0000001a                                                       : mcan.obj (.text.MCAN_getOpMode)
                  7010deaa    00000006     --HOLE-- [fill = 0]
                  7010deb0    0000001a                                                       : uart_v0_lld.obj (.text.UART_fifoCharGet)
                  7010deca    00000006     --HOLE-- [fill = 0]
                  7010ded0    0000001a                                                       : uart_v0_lld.obj (.text.UART_timeGuardConfig)
                  7010deea    00000006     --HOLE-- [fill = 0]
                  7010def0    00000018     nortos.am263px.r5f.ti-arm-clang.debug.lib : ClockP_nortos.obj (.text.ClockP_ticksToUsec)
                  7010df08    00000008     --HOLE-- [fill = 0]
                  7010df10    00000018     drivers.am263px.r5f.ti-arm-clang.nortos.debug.lib : edma.obj (.text.EDMA_isInterruptEnabled)
                  7010df28    00000008     --HOLE-- [fill = 0]
                  7010df30    00000018                                                       : ipc_notify_v1.obj (.text.IpcNotify_mailboxClearAllInt)
                  7010df48    00000008     --HOLE-- [fill = 0]
                  7010df50    00000018                                                       : ipc_notify_v1_cfg.obj (.text.IpcNotify_trigInterrupt)
                  7010df68    00000008     --HOLE-- [fill = 0]
                  7010df70    00000018     nortos.am263px.r5f.ti-arm-clang.debug.lib : SemaphoreP_nortos.obj (.text.SemaphoreP_Params_init)
                  7010df88    00000008     --HOLE-- [fill = 0]
                  7010df90    00000018                                               : TimerP_rti_priv.obj (.text.TimerP_getReloadCountPriv)
                  7010dfa8    00000008     --HOLE-- [fill = 0]
                  7010dfb0    00000018     drivers.am263px.r5f.ti-arm-clang.nortos.debug.lib : uart_v0_lld.obj (.text.UART_divisorLatchDisable)
                  7010dfc8    00000008     --HOLE-- [fill = 0]
                  7010dfd0    00000018                                                       : uart_v0_lld.obj (.text.UART_modemControlReset)
                  7010dfe8    00000008     --HOLE-- [fill = 0]
                  7010dff0    00000018                                                       : uart_v0_lld.obj (.text.UART_putChar)
                  7010e008    00000018     libc.a : memset32.S.obj (.text:TI_memset_small)
                  7010e020    00000016     drivers.am263px.r5f.ti-arm-clang.nortos.debug.lib : ipc_notify_v1.obj (.text.IpcNotify_sendSync)
                  7010e036    0000000a     --HOLE-- [fill = 0]
                  7010e040    00000016                                                       : mcan.obj (.text.MCAN_getIntrStatus)
                  7010e056    0000000a     --HOLE-- [fill = 0]
                  7010e060    00000016     nortos.am263px.r5f.ti-arm-clang.debug.lib : TimerP_rti_priv.obj (.text.TimerP_startPriv)
                  7010e076    0000000a     --HOLE-- [fill = 0]
                  7010e080    00000016                                               : TimerP_rti_priv.obj (.text.TimerP_stopPriv)
                  7010e096    0000000a     --HOLE-- [fill = 0]
                  7010e0a0    00000016     drivers.am263px.r5f.ti-arm-clang.nortos.debug.lib : uart_v0_lld.obj (.text.UART_divideRoundCloset)
                  7010e0b6    0000000a     --HOLE-- [fill = 0]
                  7010e0c0    00000016                                                       : uart_v0_lld.obj (.text.UART_regConfModeRestore)
                  7010e0d6    0000000a     --HOLE-- [fill = 0]
                  7010e0e0    00000014                                                       : edma.obj (.text.HW_WR_REG16_RAW)
                  7010e0f4    0000000c     --HOLE-- [fill = 0]
                  7010e100    00000014                                                       : ipc_notify_v1.obj (.text.IpcNotify_mailboxClearPendingIntr)
                  7010e114    0000000c     --HOLE-- [fill = 0]
                  7010e120    00000014                                                       : soc_rcm.obj (.text.SOC_rcmGetModuleClkDivFromRegVal)
                  7010e134    0000000c     --HOLE-- [fill = 0]
                  7010e140    00000014     nortos.am263px.r5f.ti-arm-clang.debug.lib : TimerP_rti_priv.obj (.text.TimerP_clearOverflowIntPriv)
                  7010e154    0000000c     --HOLE-- [fill = 0]
                  7010e160    00000014                                               : TimerP_rti_nortos.obj (.text.TimerP_setup)
                  7010e174    0000000c     --HOLE-- [fill = 0]
                  7010e180    00000014     ti_dpl_config.o (.text.putchar_)
                  7010e194    0000000c     --HOLE-- [fill = 0]
                  7010e1a0    00000012     ti_pinmux_config.o (.text.Pinmux_init)
                  7010e1b2    0000000e     --HOLE-- [fill = 0]
                  7010e1c0    00000012     imu_protocol_handler.o (.text.imu_initialize)
                  7010e1d2    0000000e     --HOLE-- [fill = 0]
                  7010e1e0    00000012     yis320_protocol.o (.text.yis320_get_timestamp_ms)
                  7010e1f2    0000000e     --HOLE-- [fill = 0]
                  7010e200    00000010     can_interface.o (.text.CSL_REG32_WR_RAW)
                  7010e210    00000010     drivers.am263px.r5f.ti-arm-clang.nortos.debug.lib : pinmux.obj (.text.CSL_REG32_WR_RAW)
                  7010e220    00000010                                                       : soc.obj (.text.CSL_REG32_WR_RAW)
                  7010e230    00000010     ti_drivers_config.o (.text.CSL_REG32_WR_RAW)
                  7010e240    00000010     nortos.am263px.r5f.ti-arm-clang.debug.lib : ClockP_nortos_r5.obj (.text.ClockP_getTimerCount)
                  7010e250    00000010                                               : ClockP_nortos_r5.obj (.text.ClockP_timerClearOverflowInt)
                  7010e260    00000010     drivers.am263px.r5f.ti-arm-clang.nortos.debug.lib : edma.obj (.text.HW_RD_REG32_RAW)
                  7010e270    00000010                                                       : mcan.obj (.text.HW_RD_REG32_RAW)
                  7010e280    00000010                                                       : uart_v0_lld.obj (.text.HW_RD_REG32_RAW)
                  7010e290    00000010                                                       : edma.obj (.text.HW_WR_REG32_RAW)
                  7010e2a0    00000010                                                       : mcan.obj (.text.HW_WR_REG32_RAW)
                  7010e2b0    00000010                                                       : uart_v0_lld.obj (.text.HW_WR_REG32_RAW)
                  7010e2c0    00000010                                                       : ipc_notify_v1.obj (.text.IpcNotify_mailboxGetPendingIntr)
                  7010e2d0    00000010     nortos.am263px.r5f.ti-arm-clang.debug.lib : TimerP_rti_nortos.obj (.text.TimerP_Params_init)
                  7010e2e0    00000010                                               : TimerP_rti_nortos.obj (.text.TimerP_clearOverflowInt)
                  7010e2f0    00000010                                               : TimerP_rti_nortos.obj (.text.TimerP_getCount)
                  7010e300    00000010                                               : TimerP_rti_nortos.obj (.text.TimerP_getReloadCount)
                  7010e310    00000010                                               : TimerP_rti_nortos.obj (.text.TimerP_start)
                  7010e320    00000010                                               : printf.obj (.text._out_null)
                  7010e330    00000010     gateway_shared.o (.text.gateway_notify_imu_ready)
                  7010e340    00000010     gateway_shared.o (.text.gateway_notify_states_ready)
                  7010e350    0000000e     yis320_protocol.o (.text.yis320_uart_configure)
                  7010e35e    00000002     --HOLE-- [fill = 0]
                  7010e360    0000000c     ti_board_open_close.o (.text.Board_driversOpen)
                  7010e36c    00000004     --HOLE-- [fill = 0]
                  7010e370    0000000c     nortos.am263px.r5f.ti-arm-clang.debug.lib : ClockP_nortos.obj (.text.ClockP_getTicks)
                  7010e37c    00000004     --HOLE-- [fill = 0]
                  7010e380    0000000c     ti_drivers_open_close.o (.text.Drivers_open)
                  7010e38c    00000004     --HOLE-- [fill = 0]
                  7010e390    0000000c     ti_power_clock_config.o (.text.PowerClock_init)
                  7010e39c    00000004     --HOLE-- [fill = 0]
                  7010e3a0    0000000c     imu_interface_isr.o (.text.parse_int32_le)
                  7010e3ac    00000004     --HOLE-- [fill = 0]
                  7010e3b0    0000000c     yis320_protocol.o (.text.vtable_read_data)
                  7010e3bc    00000004     --HOLE-- [fill = 0]
                  7010e3c0    0000000a     nortos.am263px.r5f.ti-arm-clang.debug.lib : HwiP_armv7r_vim.obj (.text.Hwip_dataAndInstructionBarrier)
                  7010e3ca    00000006     --HOLE-- [fill = 0]
                  7010e3d0    0000000a     drivers.am263px.r5f.ti-arm-clang.nortos.debug.lib : ipc_notify_v1.obj (.text.IpcNotify_dataAndInstructionBarrier)
                  7010e3da    00000006     --HOLE-- [fill = 0]
                  7010e3e0    0000000a                                                       : soc_rcm.obj (.text.SOC_rcmGetBaseAddressMSSRCM)
                  7010e3ea    00000006     --HOLE-- [fill = 0]
                  7010e3f0    0000000a                                                       : uart_dma_edma.obj (.text.UART_edmaDoNothing)
                  7010e3fa    00000006     --HOLE-- [fill = 0]
                  7010e400    0000000a     gateway_shared.o (.text.gateway_memory_barrier)
                  7010e40a    00000006     --HOLE-- [fill = 0]
                  7010e410    0000000a     gateway_shared.o (.text.ringbuf_get_ptr)
                  7010e41a    00000006     --HOLE-- [fill = 0]
                  7010e420    00000008     ti_drivers_config.o (.text.Drivers_uartInit)
                  7010e428    00000008     --HOLE-- [fill = 0]
                  7010e430    00000008     drivers.am263px.r5f.ti-arm-clang.nortos.debug.lib : soc_rcm.obj (.text.SOC_rcmGetBaseAddressMSSCTRL)
                  7010e438    00000008     --HOLE-- [fill = 0]
                  7010e440    00000008                                                       : soc_rcm.obj (.text.SOC_rcmGetBaseAddressTOPRCM)
                  7010e448    00000008     --HOLE-- [fill = 0]
                  7010e450    00000008     nortos.am263px.r5f.ti-arm-clang.debug.lib : SemaphoreP_nortos.obj (.text.SemaphoreP_destruct)
                  7010e458    00000008     --HOLE-- [fill = 0]
                  7010e460    00000002     ti_board_open_close.o (.text.Board_driversClose)
                  7010e462    0000000e     --HOLE-- [fill = 0]
                  7010e470    00000002     ti_board_config.o (.text.Board_init)
                  7010e472    0000000e     --HOLE-- [fill = 0]
                  7010e480    00000002     ti_drivers_open_close.o (.text.Drivers_mcanOpen)
                  7010e482    0000000e     --HOLE-- [fill = 0]
                  7010e490    00000002     drivers.am263px.r5f.ti-arm-clang.nortos.debug.lib : ipc_notify_v1_cfg.obj (.text.IpcNotify_wait)
                  7010e492    0000000e     --HOLE-- [fill = 0]
                  7010e4a0    00000002     nortos.am263px.r5f.ti-arm-clang.debug.lib : TaskP_nortos.obj (.text.TaskP_yield)
                  7010e4a2    0000000e     --HOLE-- [fill = 0]

.rodata    0    7010e4b0    00001b68     
                  7010e4b0    00000450     motor_mapping.o (.rodata.motor_config_table)
                  7010e900    00000084     ti_dpl_config.o (.rodata.cfg)
                  7010e984    00000004     nortos.am263px.r5f.ti-arm-clang.debug.lib : CacheP_armv7r.obj (.rodata.gCacheL1dCacheLineSize)
                  7010e988    00000050                                               : printf.obj (.rodata._ftoa.pow10)
                  7010e9d8    0000004d     gateway_shared.o (.rodata.str1.3223734256326991069.1)
                  7010ea25    00000003     can_interface.o (.rodata.str1.15257894921296593044.1)
                  7010ea28    00000048     drivers.am263px.r5f.ti-arm-clang.nortos.debug.lib : soc_rcm.obj (.rodata.gADPLLJConfigTbl)
                  7010ea70    00000043     main.o (.rodata.str1.14079361385603432444.1)
                  7010eab3    00000001     --HOLE-- [fill = 0]
                  7010eab4    00000040     drivers.am263px.r5f.ti-arm-clang.nortos.debug.lib : mcan.obj (.rodata.gDataSize)
                  7010eaf4    00000040                                                       : ipc_notify_v1.obj (.rodata.str1.10118846006578224169.1)
                  7010eb34    00000040     gateway_shared.o (.rodata.str1.1309647279537151951.1)
                  7010eb74    0000003f     imu_interface_isr.o (.rodata.str1.5126834218174521685.1)
                  7010ebb3    0000003d     main.o (.rodata.str1.10313062130652730376.1)
                  7010ebf0    0000003d     nortos.am263px.r5f.ti-arm-clang.debug.lib : TimerP_rti_priv.obj (.rodata.str1.11388379688747141303.1)
                  7010ec2d    0000003c     main.o (.rodata.str1.2123964117280943167.1)
                  7010ec69    0000003b     can_interface.o (.rodata.str1.10186677634541030339.1)
                  7010eca4    0000003b     can_interface.o (.rodata.str1.13942422985958650841.1)
                  7010ecdf    0000003b     imu_interface_isr.o (.rodata.str1.6306445455767916371.1)
                  7010ed1a    00000039     can_interface.o (.rodata.str1.17855712168153945246.1)
                  7010ed53    00000039     can_interface.o (.rodata.str1.6531933829109918715.1)
                  7010ed8c    00000039     can_interface.o (.rodata.str1.6806839034663112933.1)
                  7010edc5    00000038     gateway_shared.o (.rodata.str1.8694082244888993162.1)
                  7010edfd    00000037     gateway_shared.o (.rodata.str1.10638658715010209595.1)
                  7010ee34    00000037     gateway_shared.o (.rodata.str1.5629998949668554045.1)
                  7010ee6b    00000036     can_interface.o (.rodata.str1.15094798983471906066.1)
                  7010eea1    00000035     main.o (.rodata.str1.14402440632258215044.1)
                  7010eed6    00000035     can_interface.o (.rodata.str1.14428574951410983152.1)
                  7010ef0b    00000035     imu_interface_isr.o (.rodata.str1.15503275091179387347.1)
                  7010ef40    00000035     main.o (.rodata.str1.16631870348416990953.1)
                  7010ef75    00000035     imu_interface_isr.o (.rodata.str1.2252785669688110604.1)
                  7010efaa    00000035     can_interface.o (.rodata.str1.6692020027550076815.1)
                  7010efdf    00000035     ti_drivers_open_close.o (.rodata.str1.871795152488895636.1)
                  7010f014    00000034     main.o (.rodata.str1.14112174005742061988.1)
                  7010f048    00000033     can_interface.o (.rodata.str1.14845445665763636722.1)
                  7010f07b    00000033     can_interface.o (.rodata.str1.6401568125276999251.1)
                  7010f0ae    00000031     gateway_shared.o (.rodata.str1.6121471336334202706.1)
                  7010f0df    00000031     motor_mapping.o (.rodata.str1.8787205977826144616.1)
                  7010f110    00000030     main.o (.rodata.str1.8154729771448623357.1)
                  7010f140    00000030     imu_interface_isr.o (.rodata.str1.9168798226845388136.1)
                  7010f170    0000002f     main.o (.rodata.str1.1311392489248731986.1)
                  7010f19f    0000002f     main.o (.rodata.str1.16302215771116645891.1)
                  7010f1ce    0000002f     gateway_shared.o (.rodata.str1.3129942817937968154.1)
                  7010f1fd    0000002f     main.o (.rodata.str1.9059077390166914652.1)
                  7010f22c    0000002f     drivers.am263px.r5f.ti-arm-clang.nortos.debug.lib : ipc_notify_v1.obj (.rodata.str1.9418228565027791152.1)
                  7010f25b    0000002e     can_interface.o (.rodata.str1.11024350005305706282.1)
                  7010f289    0000002e     gateway_shared.o (.rodata.str1.11051107022181534624.1)
                  7010f2b7    0000002e     main.o (.rodata.str1.11870794119293528247.1)
                  7010f2e5    0000002e     gateway_shared.o (.rodata.str1.9859227269409816370.1)
                  7010f313    0000002d     can_interface.o (.rodata.str1.10130696897761414469.1)
                  7010f340    0000002d     main.o (.rodata.str1.10635229749459437609.1)
                  7010f36d    0000002d     main.o (.rodata.str1.13288086030101331538.1)
                  7010f39a    0000002d     main.o (.rodata.str1.13782249893155712474.1)
                  7010f3c7    0000002d     can_interface.o (.rodata.str1.150960857071891705.1)
                  7010f3f4    0000002d     can_interface.o (.rodata.str1.17857559882412085052.1)
                  7010f421    0000002c     imu_interface_isr.o (.rodata.str1.13916086747295221358.1)
                  7010f44d    0000002c     gateway_shared.o (.rodata.str1.7167262159681625771.1)
                  7010f479    0000002c     main.o (.rodata.str1.8076846746581808073.1)
                  7010f4a5    0000002b     imu_interface_isr.o (.rodata.str1.12147274931821300989.1)
                  7010f4d0    0000002b     main.o (.rodata.str1.18227636981041470289.1)
                  7010f4fb    0000002b     can_interface.o (.rodata.str1.3858671167962548137.1)
                  7010f526    0000002a     nortos.am263px.r5f.ti-arm-clang.debug.lib : DebugP_log.obj (.rodata.str1.227947788441500939.1)
                  7010f550    0000002a     main.o (.rodata.str1.2763581881760962609.1)
                  7010f57a    0000002a     main.o (.rodata.str1.2846389346932560359.1)
                  7010f5a4    00000029     can_interface.o (.rodata.str1.357542981605220142.1)
                  7010f5cd    00000029     can_interface.o (.rodata.str1.7679921882182829519.1)
                  7010f5f6    00000029     main.o (.rodata.str1.7784929982665794503.1)
                  7010f61f    00000029     main.o (.rodata.str1.8108965883388295311.1)
                  7010f648    00000028     main.o (.rodata.str1.15159059442110792349.1)
                  7010f670    00000027     nortos.am263px.r5f.ti-arm-clang.debug.lib : ClockP_nortos_r5.obj (.rodata.str1.12743090444791882666.1)
                  7010f697    00000027     main.o (.rodata.str1.3530083166107438000.1)
                  7010f6be    00000026     gateway_shared.o (.rodata.str1.17046880449980016103.1)
                  7010f6e4    00000026     can_interface.o (.rodata.str1.2167712102046818855.1)
                  7010f70a    00000026     gateway_shared.o (.rodata.str1.5761821093615868877.1)
                  7010f730    00000025     main.o (.rodata.str1.15996357275703397564.1)
                  7010f755    00000024     can_interface.o (.rodata.str1.17339864536769639315.1)
                  7010f779    00000024     can_interface.o (.rodata.str1.4211222669969280216.1)
                  7010f79d    00000024     main.o (.rodata.str1.6891813955777630061.1)
                  7010f7c1    00000024     main.o (.rodata.str1.7702501944640899365.1)
                  7010f7e5    00000023     drivers.am263px.r5f.ti-arm-clang.nortos.debug.lib : soc_rcm.obj (.rodata.str1.2078190104202520215.1)
                  7010f808    00000023     nortos.am263px.r5f.ti-arm-clang.debug.lib : ClockP_nortos_r5.obj (.rodata.str1.7689125538912326484.1)
                  7010f82b    00000022     drivers.am263px.r5f.ti-arm-clang.nortos.debug.lib : edma.obj (.rodata.str1.12976018205622752890.1)
                  7010f84d    00000021     can_interface.o (.rodata.str1.12573338884863454617.1)
                  7010f86e    00000021     nortos.am263px.r5f.ti-arm-clang.debug.lib : ClockP_nortos_r5.obj (.rodata.str1.8559540482768925367.1)
                  7010f88f    00000001     --HOLE-- [fill = 0]
                  7010f890    00000020     drivers.am263px.r5f.ti-arm-clang.nortos.debug.lib : mcan.obj (.rodata.gMsgObjSize)
                  7010f8b0    00000020     main.o (.rodata.str1.16265332423659789559.1)
                  7010f8d0    00000020     drivers.am263px.r5f.ti-arm-clang.nortos.debug.lib : uart_v0.obj (.rodata.str1.16594507886308206351.1)
                  7010f8f0    00000020                                                       : ipc_notify_v1.obj (.rodata.str1.2046905611612007019.1)
                  7010f910    0000001f     can_interface.o (.rodata.str1.14695538922052102695.1)
                  7010f92f    0000001f     nortos.am263px.r5f.ti-arm-clang.debug.lib : ClockP_nortos_r5.obj (.rodata.str1.2746619892315392655.1)
                  7010f94e    0000001f     imu_interface_isr.o (.rodata.str1.4417852805959727765.1)
                  7010f96d    0000001e     drivers.am263px.r5f.ti-arm-clang.nortos.debug.lib : ipc_notify_v1.obj (.rodata.str1.16593710740832512674.1)
                  7010f98b    0000001e                                                       : ipc_notify_v1.obj (.rodata.str1.9050127465416171240.1)
                  7010f9a9    0000001d     nortos.am263px.r5f.ti-arm-clang.debug.lib : TimerP_rti_priv.obj (.rodata.str1.1727973701797049581.1)
                  7010f9c6    0000001d                                               : TimerP_rti_priv.obj (.rodata.str1.4425773406285945039.1)
                  7010f9e3    0000001d     drivers.am263px.r5f.ti-arm-clang.nortos.debug.lib : uart_v0.obj (.rodata.str1.4697665093340446018.1)
                  7010fa00    0000001d     nortos.am263px.r5f.ti-arm-clang.debug.lib : TimerP_rti_priv.obj (.rodata.str1.7297095892955669843.1)
                  7010fa1d    0000001b     drivers.am263px.r5f.ti-arm-clang.nortos.debug.lib : edma.obj (.rodata.str1.16672221102796607080.1)
                  7010fa38    0000001b     ti_drivers_config.o (.rodata.str1.7767457247551078139.1)
                  7010fa53    0000001a     main.o (.rodata.str1.11702106008850790973.1)
                  7010fa6d    0000001a     drivers.am263px.r5f.ti-arm-clang.nortos.debug.lib : soc_rcm.obj (.rodata.str1.16907879152045164286.1)
                  7010fa87    0000001a     main.o (.rodata.str1.17376258722486336754.1)
                  7010faa1    0000001a     main.o (.rodata.str1.288608917962107522.1)
                  7010fabb    0000001a     nortos.am263px.r5f.ti-arm-clang.debug.lib : ClockP_nortos_r5.obj (.rodata.str1.3810757863367538396.1)
                  7010fad5    00000019     drivers.am263px.r5f.ti-arm-clang.nortos.debug.lib : ipc_notify_v1.obj (.rodata.str1.12253177398743541182.1)
                  7010faee    00000019     nortos.am263px.r5f.ti-arm-clang.debug.lib : TimerP_rti_priv.obj (.rodata.str1.5494506574634759136.1)
                  7010fb07    00000001     --HOLE-- [fill = 0]
                  7010fb08    00000018     drivers.am263px.r5f.ti-arm-clang.nortos.debug.lib : soc_rcm.obj (.rodata.gControlssPllClkSrcValMap)
                  7010fb20    00000018                                                       : soc_rcm.obj (.rodata.gCptsClkSrcValMap)
                  7010fb38    00000018                                                       : soc_rcm.obj (.rodata.gI2cClkSrcValMap)
                  7010fb50    00000018                                                       : soc_rcm.obj (.rodata.gIcssmUartClkSrcValMap)
                  7010fb68    00000018                                                       : soc_rcm.obj (.rodata.gLinUartClkSrcValMap)
                  7010fb80    00000018                                                       : soc_rcm.obj (.rodata.gMcSpiClkSrcValMap)
                  7010fb98    00000018                                                       : soc_rcm.obj (.rodata.gMcanClkSrcValMap)
                  7010fbb0    00000018                                                       : soc_rcm.obj (.rodata.gMmcClkSrcValMap)
                  7010fbc8    00000018                                                       : soc_rcm.obj (.rodata.gOspiClkSrcValMap)
                  7010fbe0    00000018                                                       : soc_rcm.obj (.rodata.gPeripheralClkSrcInfoMap)
                  7010fbf8    00000018                                                       : soc_rcm.obj (.rodata.gRtiClkSrcValMap)
                  7010fc10    00000018                                                       : soc_rcm.obj (.rodata.gWdtClkSrcValMap)
                  7010fc28    00000018     can_interface.o (.rodata.g_mcan_base_addr)
                  7010fc40    00000018     can_interface.o (.rodata.g_mcan_intr_num)
                  7010fc58    00000018     can_interface.o (.rodata.g_mcan_rcm_id)
                  7010fc70    00000018     drivers.am263px.r5f.ti-arm-clang.nortos.debug.lib : uart_v0.obj (.rodata.str1.16507871919775359273.1)
                  7010fc88    00000018     ti_drivers_config.o (.rodata.str1.2211846465855763212.1)
[...]
701054e1  imu_uart_isr_init                    
70117f92  isMapAvailable                       
7010c0c1  main                                 
7010c7ac  memmove                              
7010d4b1  motor_get_config                     
701033d1  motor_mapping_init_core1             
7010e181  putchar_                             
7010d181  snprintf_                            
7010cf81  timerISR                             
70112198  virtToPhymap                         
7010d941  vprintf_                             
7010a551  yis320_convert_to_ipc                
7010e1e1  yis320_get_timestamp_ms              
7010bb21  yis320_protocol_handler_init         
7010e351  yis320_uart_configure                


GLOBAL SYMBOLS: SORTED BY Symbol Address 

address   name                                 
-------   ----                                 
00000000  __TI_ATRegion0_region_sz             
00000000  __TI_ATRegion0_src_addr              
00000000  __TI_ATRegion0_trg_addr              
00000000  __TI_ATRegion1_region_sz             
00000000  __TI_ATRegion1_src_addr              
00000000  __TI_ATRegion1_trg_addr              
00000000  __TI_ATRegion2_region_sz             
00000000  __TI_ATRegion2_src_addr              
00000000  __TI_ATRegion2_trg_addr              
00000000  __TI_static_base__                   
00000000  _vectors                             
00000100  __ABORT_STACK_SIZE                   
00000100  __FIQ_STACK_SIZE                     
00000100  __IRQ_STACK_SIZE                     
00000100  __UNDEFINED_STACK_SIZE               
00001000  __SVC_STACK_SIZE                     
00004000  __STACK_SIZE                         
70100a34  __aeabi_memclr                       
70100a34  __aeabi_memclr4                      
70100a34  __aeabi_memclr8                      
701010b8  C$$EXIT                              
701010b8  HOSTexit                             
701010c1  SOC_rcmEnablePeripheralClock         
701016f8  __aeabi_ldiv0                        
701016fc  __aeabi_memcpy                       
701016fc  __aeabi_memcpy4                      
701016fc  __aeabi_memcpy8                      
70101ce4  CSL_armR5ReadMpidrReg                
701021a1  UART_open                            
7010299c  __aeabi_memmove                      
7010299c  __aeabi_memmove4                     
7010299c  __aeabi_memmove8                     
701029a1  IpcNotify_init                       
701030c1  SOC_virtToPhy                        
701033d1  motor_mapping_init_core1             
701036d1  MCAN_msgRAMConfig                    
701047a1  UART_lld_dmaDeInit                   
701049d1  IpcNotify_isr                        
70104c01  CAN_TransmitBatch                    
70104e01  TimerP_setupPriv                     
70104fe1  UART_lld_dmaWrite                    
70105191  UART_close                           
70105341  UART_lld_controllerIsr               
701054e1  imu_uart_isr_init                    
70105801  MCAN_calcMsgRamParamsStartAddr       
70105c91  EDMA_unregisterIntr                  
70105e01  SOC_controlModuleUnlockMMR           
70105f61  UART_lld_initDma                     
701060c1  DebugP_shmLogWriterPutChar           
70106601  MCAN_setBitTime                      
70106751  CAN_Init                             
701069d1  MCAN_readMsgRam                      
70106c51  ClockP_init                          
70106d91  UART_procLineStatusErr               
70106ed1  EDMA_registerIntr                    
70107011  MCAN_init                            
70107151  UART_lld_init                        
70107281  MCAN_config                          
701073b1  SOC_controlModuleLockMMR             
701074e1  SOC_rcmGetPeripheralClockFrequency   
70107721  DebugP_shmLogWriterPutLine           
70107841  UART_lld_dmaRead                     
7010795c  __udivmoddi4                         
70107ef1  IpcNotify_sendMsg                    
70108111  GPIO_init                            
70108221  SemaphoreP_pend                      
70108331  gateway_ringbuf_read                 
70108541  CAN_StartRxInterrupts                
70108631  gateway_write_motor_config           
70108901  EDMA_freeChannelRegion               
701089f1  EDMA_freeParam                       
70108ae1  EDMA_freeDmaChannel                  
70108bc1  EDMA_freeTcc                         
70108ca1  UART_intrEnable                      
70108d81  UART_intrDisable                     
70108e61  AddrTranslateP_getLocalAddr          
701090d1  EDMA_disableChInShadowRegRegion      
701091a1  EDMA_enableChInShadowRegRegion       
70109271  EDMA_mapChToEvtQ                     
70109341  EDMA_configureChannelRegion          
701094c1  UART_flushTxFifo                     
70109641  ClockP_timerTickIsr                  
70109701  TimerP_init                          
701097c1  ClockP_stop                          
70109881  IpcNotify_waitSync                   
70109941  gateway_write_motor_states           
70109a01  CycleCounterP_init                   
70109a21  CycleCounterP_reset                  
70109a71  CycleCounterP_nsToTicks              
70109ab1  CycleCounterP_enableUserAccess       
70109ac1  MCAN_writeMsgRam                     
70109b71  SOC_rcmSetPeripheralClock            
70109c21  UART_init                            
70109d81  gateway_core1_wait_for_ready         
70109ee1  ClockP_destruct                      
70109f91  Drivers_uartOpen                     
7010a191  gateway_core1_ipc_callback           
7010a2d1  IpcNotify_registerClient             
7010a411  ClockP_getTimeUsec                   
7010a4b1  EDMA_unmapChToEvtQ                   
7010a551  yis320_convert_to_ipc                
7010a5f1  EDMA_disableTransferRegion           
7010a681  EDMA_enableTransferRegion            
7010a831  UART_lld_flushTxFifo                 
7010a951  EDMA_allocDmaChannel                 
7010a9e1  EDMA_allocParam                      
7010aa71  EDMA_allocTcc                        
7010ac21  IpcNotify_syncAll                    
7010acb1  imu_protocol_manager_init            
7010ad41  MCAN_addStdMsgIDFilter               
7010ae41  System_init                          
7010af41  _DebugP_assert                       
7010afc1  gateway_ringbuf_core1_init           
7010b0c1  UART_Params_init                     
7010b141  EDMA_linkChannel                     
7010b341  ClockP_usleep                        
7010b3c1  EDMA_clrMissEvtRegion                
7010b5a1  EDMA_getBaseAddr                     
7010b681  SOC_rcmGetR5Clock                    
7010b6f1  SOC_rcmIsR5FInLockStepMode           
7010b7d1  UART_lld_deInitDma                   
7010b841  MCAN_enableIntr                      
7010b8b1  MCAN_initTxBufElement                
7010b991  SemaphoreP_post                      
7010ba01  MCAN_selectIntrLine                  
7010ba61  UART_getChar                         
7010bb21  yis320_protocol_handler_init         
7010bb81  Module_clockSetFrequency             
7010bbe1  UART_lld_deInit                      
7010bee1  gateway_write_imu_state              
7010bfa1  Dpl_init                             
7010c001  EDMA_setPaRAM                        
7010c0c1  main                                 
7010c114  __TI_auto_init_nobinit_nopinit       
7010c171  Drivers_uartClose                    
7010c1c1  Pinmux_config                        
7010c211  UART_checkCharsAvailInFifo           
7010c261  DebugP_shmLogWriterInit              
7010c2b1  EDMA_clrEvtRegion                    
7010c301  EDMA_disableDmaEvtRegion             
7010c351  EDMA_disableEvtIntrRegion            
7010c3a1  EDMA_enableDmaEvtRegion              
7010c3f1  EDMA_enableEvtIntrRegion             
7010c441  EDMA_setEvtRegion                    
7010c491  GPIO_setDirMode                      
7010c4e1  MCAN_enableIntrLine                  
7010c531  ClockP_construct                     
7010c581  EDMA_ccPaRAMEntry_init               
7010c5d1  EDMA_mapQdmaChToPaRAM                
7010c621  EDMA_readEventStatusRegion           
7010c671  IpcNotify_unregisterClient           
7010c6c1  Module_clockEnable                   
7010c711  gateway_update_stat                  
7010c7ac  memmove                              
7010c851  IpcNotify_Params_init                
7010c8f1  UART_getIntrIdentityStatus           
7010c9e1  CAN_RegisterRxCallback               
7010cad1  UART_readLineStatus                  
7010cb21  imu_protocol_handler_init            
7010cc61  SemaphoreP_construct                 
7010ccb1  _DebugP_logZone                      
7010cda1  ClockP_start                         
7010cec1  UART_spaceAvail                      
7010cf01  gateway_core1_init                   
7010cf41  gateway_update_heartbeat             
7010cf81  timerISR                             
7010d001  UART_IsTxRxFifoEmpty                 
7010d081  MCAN_txBufAddReq                     
7010d0c1  SOC_moduleSetClockFrequency          
7010d181  snprintf_                            
7010d1c1  SOC_getCoreName                      
7010d1f8  CycleCounterP_getCount32             
7010d200  PmuP_setup                           
7010d208  PmuP_enableCounters                  
7010d210  PmuP_disableCounters                 
7010d218  PmuP_getOverflowStatus               
7010d220  PmuP_clearOverflowStatus             
7010d228  PmuP_setUserEnable                   
7010d271  EDMA_getRegionId                     
7010d331  IpcNotify_syncCallback               
7010d3b1  MCAN_calcCfgAddr                     
7010d431  TimerP_Params_initPriv               
7010d4b1  motor_get_config                     
7010d5b1  TimerP_getCountPriv                  
7010d6d1  gateway_signal_motor_config_ready    
7010d701  UART_lld_dmaInit                     
7010d761  DebugP_logZoneEnable                 
7010d7c1  MCAN_clearNewDataStatus              
7010d7f1  MCAN_getNewDataStatus                
7010d821  SemaphoreP_constructBinary           
7010d8b1  UART_intr2Disable                    
7010d8e1  UART_operatingModeSelect             
7010d911  CSL_armR5GetCpuID                    
7010d941  vprintf_                             
7010d971  EDMA_disableQdmaEvtRegion            
7010d9a1  EDMA_enableQdmaEvtRegion             
7010da01  IpcNotify_allocSwQueue               
7010da61  IpcNotify_getConfig                  
7010da91  SemaphoreP_constructMutex            
7010db51  UART_getBaseAddr                     
7010db74  __aeabi_uldivmod                     
7010dbd1  EDMA_channelToParamMap               
7010dc01  gateway_ringbuf_core1_receive        
7010dc31  ClockP_isActive                      
7010dc51  ClockP_usecToTicks                   
7010dcd1  ClockP_Params_init                   
7010dcf1  EDMA_getEventStatusHigh              
7010dd11  MCAN_setOpMode                       
7010dd31  SOC_getSelfCpuClk                    
7010dd51  SOC_moduleClockEnable                
7010dd71  TimerP_isr0                          
7010ddb1  UART_lld_Transaction_deInit          
7010ddd1  EDMA_getEventStatus                  
7010de4c  TI_memcpy_small                      
7010de71  MCAN_clearIntrStatus                 
7010de91  MCAN_getOpMode                       
7010def1  ClockP_ticksToUsec                   
7010df11  EDMA_isInterruptEnabled              
7010df51  IpcNotify_trigInterrupt              
7010df71  SemaphoreP_Params_init               
7010df91  TimerP_getReloadCountPriv            
7010dff1  UART_putChar                         
7010e008  TI_memset_small                      
7010e021  IpcNotify_sendSync                   
7010e041  MCAN_getIntrStatus                   
7010e061  TimerP_startPriv                     
7010e081  TimerP_stopPriv                      
7010e141  TimerP_clearOverflowIntPriv          
7010e161  TimerP_setup                         
7010e181  putchar_                             
7010e1a1  Pinmux_init                          
7010e1e1  yis320_get_timestamp_ms              
7010e241  ClockP_getTimerCount                 
7010e251  ClockP_timerClearOverflowInt         
7010e2d1  TimerP_Params_init                   
7010e2e1  TimerP_clearOverflowInt              
7010e2f1  TimerP_getCount                      
7010e301  TimerP_getReloadCount                
7010e311  TimerP_start                         
7010e331  gateway_notify_imu_ready             
7010e341  gateway_notify_states_ready          
7010e351  yis320_uart_configure                
7010e361  Board_driversOpen                    
7010e371  ClockP_getTicks                      
7010e381  Drivers_open                         
7010e391  PowerClock_init                      
7010e421  Drivers_uartInit                     
7010e451  SemaphoreP_destruct                  
7010e461  Board_driversClose                   
7010e471  Board_init                           
7010e481  Drivers_mcanOpen                     
7010e491  IpcNotify_wait                       
7010e4a1  TaskP_yield                          
7010e900  gCacheConfig                         
7010e908  gMpuConfig                           
7010e914  gMpuRegionConfig                     
7010e984  gCacheL1dCacheLineSize               
7010ea28  gADPLLJConfigTbl                     
7010fbe0  gPeripheralClkSrcInfoMap             
7010ffb4  gXTALInfo                            
70110000  gCacheL1pCacheLineSize               
7011000f  gCR5ClkSrcInfoMap                    
70110018  __BSS_START                          
701108b8  gHwiCtrl                             
701110c4  g_yis320_private_data                
701114cc  g_motor_lookup                       
70111f30  gIpcNotifyCtrl                       
70112160  gClockCtrl                           
70112198  virtToPhymap                         
701121bc  gTimerBaseAddr                       
701121c0  gTimerHwiObj                         
701121c4  gUartHandle                          
701121c8  __BSS_END                            
701121c8  __stack                              
701161c8  __STACK_END                          
701161d1  HwiP_enableInt                       
70116211  HwiP_disableInt                      
70116271  HwiP_restoreInt                      
701162a1  HwiP_clearInt                        
701162e1  HwiP_post                            
70116321  HwiP_Params_init                     
70116351  HwiP_construct                       
70116541  HwiP_destruct                        
701165b1  HwiP_init                            
70116761  HwiP_inISR                           
70116791  HwiP_setVimIrqPriMaskNonAtomic       
701167e1  HwiP_setVimIrqPriMaskAtomic          
70116881  HwiP_restoreVimIrqPriMask            
70116891  HwiP_irq_handler_c                   
70116a31  HwiP_fiq_handler                     
70116b91  HwiP_reserved_handler                
70116bd1  HwiP_undefined_handler_c             
70116bf1  HwiP_user_undefined_handler_c        
70116c11  HwiP_svc_handler                     
70116c51  HwiP_prefetch_abort_handler_c        
70116cf1  HwiP_user_prefetch_abort_handler_c   
70116d31  HwiP_data_abort_handler_c            
70116df1  HwiP_user_data_abort_handler_c       
70116e2c  HwiP_irq_handler                     
70116ea0  HwiP_data_abort_handler              
70116ee4  HwiP_prefetch_abort_handler          
70116f30  HwiP_undefined_handler               
70116f60  GET_DFSR                             
70116f68  GET_ADFSR                            
70116f70  GET_DFAR                             
70116f78  GET_IFSR                             
70116f80  GET_AIFSR                            
70116f88  GET_IFAR                             
70116f90  GET_SPSR                             
70116fa8  HwiP_disable                         
70116fb8  HwiP_disableFIQ                      
70116fc8  HwiP_enable                          
70116fd8  HwiP_enableFIQ                       
70116fe8  HwiP_restore                         
70116ff0  HwiP_enableVIC                       
70117000  HwiP_disableVIC                      
70117010  HwiP_getCPSR                         
70117020  CacheP_disableL1d                    
70117048  CacheP_disableL1p                    
70117060  CacheP_enableL1d                     
70117078  CacheP_enableL1p                     
70117090  CacheP_invL1d                        
701170c8  CacheP_invL1p                        
70117104  CacheP_invL1dAll                     
7011710c  CacheP_invL1pAll                     
70117114  CacheP_wb                            
70117150  CacheP_wbInv                         
7011718c  CacheP_wbAll                         
70117234  CacheP_wbInvAll                      
7011724c  CacheP_wbInvAllAsm                   
701172ec  CacheP_getEnabled                    
70117324  CacheP_getCacheLevelInfo             
70117330  CacheP_configForceWrThru             
70117350  CacheP_setDLFO                       
70117361  CacheP_init                          
701173f1  CacheP_disable                       
70117441  CacheP_enable                        
70117481  CacheP_inv                           
701174c1  MpuP_getAttrs                        
70117521  MpuP_RegionAttrs_init                
70117551  MpuP_setRegion                       
701175e1  MpuP_isEnable                        
701175f1  MpuP_disable                         
70117631  MpuP_enable                          
70117681  MpuP_init                            
70117721  MpuP_isUserAuthorizedToAccessMemory  
70117800  MpuP_disableAsm                      
70117818  MpuP_disableBRAsm                    
70117828  MpuP_enableAsm                       
70117840  MpuP_enableBRAsm                     
70117850  MpuP_isEnableAsm                     
70117864  MpuP_setRegionAsm                    
70117880  _c_int00_sbl                         
701178a4  _c_int00                             
701179d1  _DebugP_assertNoLog                  
70117a01  _system_pre_init                     
70117a31  __mpu_init                           
70117a40  abort                                
70117a48  gEdmaConfig                          
70117a48  gUartDmaHandle                       
70117b5c  gIpcNotifyMailboxConfig              
70117d34  gSocModulesClockFrequency            
70117dac  gUartParams                          
70117e34  gSocModules                          
70117ea0  gClockConfig                         
70117eb8  gIpcNotifyInterruptConfig_r5fss1_1   
70117ee4  gIpcNotifyCoreIntrBitPos             
70117f14  gAddrTranslateConfig                 
70117f28  gUartConfig                          
70117f40  gDebugLogZone                        
70117f4c  gEdmaConfigNum                       
70117f50  gHwiConfig                           
70117f54  gIpcNotifyInterruptConfigNum_r5fss1_1
70117f58  gUartConfigNum                       
70117f5c  gUartDmaChConfig                     
70117f92  isMapAvailable                       
70117f98  __IRQ_STACK_START                    
70118098  __FIQ_STACK_START                    
70118098  __IRQ_STACK_END                      
70118198  __FIQ_STACK_END                      
70118198  __SVC_STACK_START                    
70119198  __ABORT_STACK_START                  
70119198  __SVC_STACK_END                      
70119298  __ABORT_STACK_END                    
70119298  __UNDEFINED_STACK_START              
70119398  __UNDEFINED_STACK_END                
70200000  gGatewaySharedMem                    
70208000  gDebugShmLog                         
ffffffff  __TI_pprof_out_hndl                  
ffffffff  __TI_prof_data_size                  
ffffffff  __TI_prof_data_start                 
ffffffff  __binit__                            
ffffffff  binit                                
UNDEFED   __TI_CINIT_Base                      
UNDEFED   __TI_CINIT_Limit                     
UNDEFED   __TI_Handler_Table_Base              
UNDEFED   __TI_Handler_Table_Limit             
UNDEFED   _system_post_cinit                   

[398 symbols]
