******************************************************************************
            TI ARM Clang Linker PC v4.0.4                      
******************************************************************************
>> Linked Tue Mar 31 21:45:04 2026

OUTPUT FILE NAME:   <ccu_ti_multi_core_realtime.out>
ENTRY POINT SYMBOL: "_vectors"  address: 00000000


MEMORY CONFIGURATION

         name            origin    length      used     unused   attr    fill
----------------------  --------  ---------  --------  --------  ----  --------
  R5F_VECS              00000000   00000040  00000040  00000000  RWIX
  R5F_TCMA              00000040   00007fc0  00000000  00007fc0  RWIX
  R5F_TCMB              00080000   00008000  00000000  00008000  RWIX
  MAILBOX_HSM           44000000   000003ce  00000000  000003ce  RWIX
  MAILBOX_R5F           44000400   000003ce  00000000  000003ce  RWIX
  FLASH                 60180000   00080000  00000000  00080000  RWIX
  OCRAM                 70180000   00080000  0001a248  00065db8  RWIX
  USER_SHM_MEM          70200000   00008000  00004d4c  000032b4  RWIX
  LOG_SHM_MEM           70208000   00004000  00002000  00002000  RWIX
  RTOS_NORTOS_IPC_SHM_M 72000000   00003e80  00000000  00003e80  RWIX


SEGMENT ALLOCATION MAP

run origin  load origin   length   init length attrs members
----------  ----------- ---------- ----------- ----- -------
00000000    00000000    00000040   00000040    r-x
  00000000    00000000    00000040   00000040    r-x .vectors
70180000    70180000    00010a18   00010a18    r-x
  70180000    70180000    0000e610   0000e610    r-x .text
  7018e610    7018e610    00002408   00002408    r-- .rodata
70190a18    70190a18    000066c0   00000000    rw-
  70190a18    70190a18    000026c0   00000000    rw- .bss
  701930d8    701930d8    00004000   00000000    rw- .stack
701970e0    701970e0    00001878   00001878    r-x
  701970e0    701970e0    00000e50   00000e50    r-x .text.hwi
  70197f30    70197f30    000004a0   000004a0    r-x .text.cache
  701983d0    701983d0    000003c0   000003c0    r-x .text.mpu
  70198790    70198790    000001c0   000001c0    r-x .text.boot
  70198950    70198950    00000008   00000008    r-x .text:abort
70198958    70198958    000018f8   000004f8    rw-
  70198958    70198958    000004f8   000004f8    rw- .data
  70198e50    70198e50    00000100   00000000    rw- .irqstack
  70198f50    70198f50    00000100   00000000    rw- .fiqstack
  70199050    70199050    00001000   00000000    rw- .svcstack
  7019a050    7019a050    00000100   00000000    rw- .abortstack
  7019a150    7019a150    00000100   00000000    rw- .undefinedstack


SECTION ALLOCATION MAP

 output                                  attributes/
section   page    origin      length       input sections
--------  ----  ----------  ----------   ----------------
.vectors   0    00000000    00000040     
                  00000000    00000040     nortos.am263px.r5f.ti-arm-clang.debug.lib : HwiP_armv7r_vectors_nortos_asm.obj (.vectors)

.text      0    70180000    0000e610     
                  70180000    00000a34     nortos.am263px.r5f.ti-arm-clang.debug.lib : printf.obj (.text._vsnprintf)
                  70180a34    0000000c     libclang_rt.builtins.a : aeabi_memset.S.obj (.text.__aeabi_memclr)
                  70180a40    00000678     drivers.am263px.r5f.ti-arm-clang.nortos.debug.lib : soc_rcm.obj (.text.SOC_rcmGetClkSrcAndDivReg)
                  701810b8    00000008     libsysbm.a : hostexit.c.obj (.text.HOSTexit)
                  701810c0    00000638     drivers.am263px.r5f.ti-arm-clang.nortos.debug.lib : soc_rcm.obj (.text.SOC_rcmEnablePeripheralClock)
                  701816f8    00000004     libclang_rt.builtins.a : aeabi_div0.c.obj (.text.__aeabi_ldiv0)
                  701816fc    00000004                            : aeabi_memcpy.S.obj (.text.__aeabi_memcpy)
                  70181700    000005e2     nortos.am263px.r5f.ti-arm-clang.debug.lib : printf.obj (.text._ftoa)
                  70181ce2    00000002     --HOLE-- [fill = 0]
                  70181ce4    0000000c                                               : CpuId_armv7r_asm.obj (.text)
                  70181cf0    000004b0                                               : printf.obj (.text._etoa)
                  701821a0    00000400     drivers.am263px.r5f.ti-arm-clang.nortos.debug.lib : uart_v0.obj (.text.UART_open)
                  701825a0    000003fc     yis320_protocol.o (.text.vtable_process_rx_data)
                  7018299c    00000004     libclang_rt.builtins.a : aeabi_memmove.S.obj (.text.__aeabi_memmove)
                  701829a0    000003dc     drivers.am263px.r5f.ti-arm-clang.nortos.debug.lib : ipc_notify_v1.obj (.text.IpcNotify_init)
                  70182d7c    00000004     --HOLE-- [fill = 0]
                  70182d80    000003bc     main.o (.text.main_loop)
                  7018313c    00000004     --HOLE-- [fill = 0]
                  70183140    00000398     can_interface.o (.text.init_single_mcan)
                  701834d8    00000008     --HOLE-- [fill = 0]
                  701834e0    00000302     drivers.am263px.r5f.ti-arm-clang.nortos.debug.lib : soc.obj (.text.SOC_virtToPhy)
                  701837e2    0000000e     --HOLE-- [fill = 0]
                  701837f0    000002f4     main.o (.text.core1_init)
                  70183ae4    0000000c     --HOLE-- [fill = 0]
                  70183af0    000002f4     motor_mapping.o (.text.motor_mapping_init_core1)
                  70183de4    0000000c     --HOLE-- [fill = 0]
                  70183df0    000002a8     drivers.am263px.r5f.ti-arm-clang.nortos.debug.lib : mcan.obj (.text.MCAN_msgRAMConfig)
                  70184098    00000008     --HOLE-- [fill = 0]
                  701840a0    0000027e                                                       : uart_dma_edma.obj (.text.UART_edmaChInit)
                  7018431e    00000002     --HOLE-- [fill = 0]
                  70184320    00000250                                                       : edma.obj (.text.Alloc_resource)
                  70184570    00000242                                                       : uart_v0_lld.obj (.text.UART_fifoConfig)
                  701847b2    0000000e     --HOLE-- [fill = 0]
                  701847c0    0000023e     nortos.am263px.r5f.ti-arm-clang.debug.lib : printf.obj (.text._ntoa_format)
                  701849fe    00000002     --HOLE-- [fill = 0]
                  70184a00    00000226     drivers.am263px.r5f.ti-arm-clang.nortos.debug.lib : uart_dma_edma.obj (.text.UART_lld_dmaDeInit)
                  70184c26    0000000a     --HOLE-- [fill = 0]
                  70184c30    00000222                                                       : ipc_notify_v1.obj (.text.IpcNotify_isr)
                  70184e52    0000000e     --HOLE-- [fill = 0]
                  70184e60    00000206     can_interface.o (.text.CAN_TransmitBatch)
                  70185066    0000000a     --HOLE-- [fill = 0]
                  70185070    000001d6     nortos.am263px.r5f.ti-arm-clang.debug.lib : TimerP_rti_priv.obj (.text.TimerP_setupPriv)
                  70185246    0000000a     --HOLE-- [fill = 0]
                  70185250    000001aa     drivers.am263px.r5f.ti-arm-clang.nortos.debug.lib : uart_dma_edma.obj (.text.UART_lld_dmaWrite)
                  701853fa    00000006     --HOLE-- [fill = 0]
                  70185400    000001aa     can_interface.o (.text.can_rx_isr)
                  701855aa    00000006     --HOLE-- [fill = 0]
                  701855b0    000001a8     drivers.am263px.r5f.ti-arm-clang.nortos.debug.lib : uart_v0.obj (.text.UART_close)
                  70185758    00000008     --HOLE-- [fill = 0]
                  70185760    00000198                                                       : uart_v0_lld.obj (.text.UART_lld_controllerIsr)
                  701858f8    00000008     --HOLE-- [fill = 0]
                  70185900    00000188     can_interface.o (.text.CAN_StartRxInterrupts)
                  70185a88    00000008     --HOLE-- [fill = 0]
                  70185a90    00000186     drivers.am263px.r5f.ti-arm-clang.nortos.debug.lib : mcan.obj (.text.MCAN_readMsg)
                  70185c16    0000000a     --HOLE-- [fill = 0]
                  70185c20    00000184                                                       : mcan.obj (.text.MCAN_calcMsgRamParamsStartAddr)
                  70185da4    0000000c     --HOLE-- [fill = 0]
                  70185db0    00000176     main.o (.text.transmit_can_frames)
                  70185f26    0000000a     --HOLE-- [fill = 0]
                  70185f30    00000162     drivers.am263px.r5f.ti-arm-clang.nortos.debug.lib : edma.obj (.text.EDMA_unregisterIntr)
                  70186092    0000000e     --HOLE-- [fill = 0]
                  701860a0    00000158                                                       : soc.obj (.text.SOC_controlModuleUnlockMMR)
                  701861f8    00000008     --HOLE-- [fill = 0]
                  70186200    00000152                                                       : uart_v0_lld.obj (.text.UART_lld_initDma)
                  70186352    0000000e     --HOLE-- [fill = 0]
                  70186360    00000150     nortos.am263px.r5f.ti-arm-clang.debug.lib : DebugP_shmLogWriter.obj (.text.DebugP_shmLogWriterPutChar)
                  701864b0    00000150     drivers.am263px.r5f.ti-arm-clang.nortos.debug.lib : mcan.obj (.text.MCAN_writeMsg)
                  70186600    0000014e     yis320_protocol.o (.text.parse_imu_frame)
                  7018674e    00000002     --HOLE-- [fill = 0]
                  70186750    0000014c     drivers.am263px.r5f.ti-arm-clang.nortos.debug.lib : mcan.obj (.text.MCAN_setBitTime)
                  7018689c    00000004     --HOLE-- [fill = 0]
                  701868a0    00000142     imu_interface_isr.o (.text.imu_uart_isr_init)
                  701869e2    0000000e     --HOLE-- [fill = 0]
                  701869f0    00000140     can_interface.o (.text.CAN_Init)
                  70186b30    0000013a     drivers.am263px.r5f.ti-arm-clang.nortos.debug.lib : edma.obj (.text.EDMA_isDmaChannelAllocated)
                  70186c6a    00000006     --HOLE-- [fill = 0]
                  70186c70    00000138                                                       : mcan.obj (.text.MCAN_readMsgRam)
                  70186da8    00000008     --HOLE-- [fill = 0]
                  70186db0    00000138     nortos.am263px.r5f.ti-arm-clang.debug.lib : printf.obj (.text._ntoa_long_long)
                  70186ee8    00000008     --HOLE-- [fill = 0]
                  70186ef0    00000136                                               : ClockP_nortos_r5.obj (.text.ClockP_init)
                  70187026    0000000a     --HOLE-- [fill = 0]
                  70187030    00000136     drivers.am263px.r5f.ti-arm-clang.nortos.debug.lib : uart_v0_lld.obj (.text.UART_procLineStatusErr)
                  70187166    0000000a     --HOLE-- [fill = 0]
                  70187170    00000134                                                       : edma.obj (.text.EDMA_registerIntr)
                  701872a4    0000000c     --HOLE-- [fill = 0]
                  701872b0    00000134                                                       : mcan.obj (.text.MCAN_init)
                  701873e4    0000000c     --HOLE-- [fill = 0]
                  701873f0    0000012c                                                       : uart_v0_lld.obj (.text.UART_lld_init)
                  7018751c    00000004     --HOLE-- [fill = 0]
                  70187520    0000012a                                                       : mcan.obj (.text.MCAN_config)
                  7018764a    00000006     --HOLE-- [fill = 0]
                  70187650    00000126                                                       : soc.obj (.text.SOC_controlModuleLockMMR)
                  70187776    0000000a     --HOLE-- [fill = 0]
                  70187780    00000120                                                       : soc_rcm.obj (.text.SOC_rcmGetPeripheralClockFrequency)
                  701878a0    00000120     can_interface.o (.text.init_can_stb_gpios)
                  701879c0    0000011c     nortos.am263px.r5f.ti-arm-clang.debug.lib : DebugP_shmLogWriter.obj (.text.DebugP_shmLogWriterPutLine)
                  70187adc    00000004     --HOLE-- [fill = 0]
                  70187ae0    0000011c     drivers.am263px.r5f.ti-arm-clang.nortos.debug.lib : uart_dma_edma.obj (.text.UART_lld_dmaRead)
                  70187bfc    00000118     libclang_rt.builtins.a : udivmoddi4.S.obj (.text)
                  70187d14    0000000c     --HOLE-- [fill = 0]
                  70187d20    00000116     drivers.am263px.r5f.ti-arm-clang.nortos.debug.lib : edma.obj (.text.EDMA_isTccAllocated)
                  70187e36    0000000a     --HOLE-- [fill = 0]
                  70187e40    00000116                                                       : uart_v0_lld.obj (.text.UART_divisorLatchWrite)
                  70187f56    0000000a     --HOLE-- [fill = 0]
                  70187f60    00000114     nortos.am263px.r5f.ti-arm-clang.debug.lib : printf.obj (.text._ntoa_long)
                  70188074    0000000c     --HOLE-- [fill = 0]
                  70188080    0000010e     drivers.am263px.r5f.ti-arm-clang.nortos.debug.lib : soc_rcm.obj (.text.SOC_rcmADPLLJGetFOut)
                  7018818e    00000002     --HOLE-- [fill = 0]
                  70188190    0000010a                                                       : ipc_notify_v1.obj (.text.IpcNotify_sendMsg)
                  7018829a    00000006     --HOLE-- [fill = 0]
                  701882a0    00000104                                                       : uart_v0_lld.obj (.text.UART_configInstance)
                  701883a4    0000000c     --HOLE-- [fill = 0]
                  701883b0    00000102     ti_drivers_config.o (.text.GPIO_init)
                  701884b2    0000000e     --HOLE-- [fill = 0]
                  701884c0    00000102     nortos.am263px.r5f.ti-arm-clang.debug.lib : SemaphoreP_nortos.obj (.text.SemaphoreP_pend)
                  701885c2    0000000e     --HOLE-- [fill = 0]
                  701885d0    00000102     gateway_shared.o (.text.gateway_ringbuf_read)
                  701886d2    0000000e     --HOLE-- [fill = 0]
                  701886e0    000000f6     main.o (.text.process_can_rx)
                  701887d6    0000000a     --HOLE-- [fill = 0]
                  701887e0    000000ee     main.o (.text.process_motor_commands)
                  701888ce    00000002     --HOLE-- [fill = 0]
                  701888d0    000000ec     gateway_shared.o (.text.gateway_write_motor_config)
                  701889bc    00000004     --HOLE-- [fill = 0]
                  701889c0    000000e6     drivers.am263px.r5f.ti-arm-clang.nortos.debug.lib : soc_rcm.obj (.text.SOC_rcmGetCoreFout)
                  70188aa6    0000000a     --HOLE-- [fill = 0]
                  70188ab0    000000e6                                                       : soc_rcm.obj (.text.SOC_rcmGetPerFout)
                  70188b96    0000000a     --HOLE-- [fill = 0]
                  70188ba0    000000e4                                                       : edma.obj (.text.EDMA_freeChannelRegion)
                  70188c84    0000000c     --HOLE-- [fill = 0]
                  70188c90    000000e2                                                       : edma.obj (.text.EDMA_freeParam)
                  70188d72    0000000e     --HOLE-- [fill = 0]
                  70188d80    000000e0                                                       : edma.obj (.text.EDMA_freeDmaChannel)
                  70188e60    000000e0                                                       : edma.obj (.text.EDMA_freeTcc)
                  70188f40    000000de                                                       : uart_v0_lld.obj (.text.UART_intrEnable)
                  7018901e    00000002     --HOLE-- [fill = 0]
                  70189020    000000da                                                       : uart_v0_lld.obj (.text.UART_intrDisable)
                  701890fa    00000006     --HOLE-- [fill = 0]
                  70189100    000000d0     nortos.am263px.r5f.ti-arm-clang.debug.lib : AddrTranslateP_32bit.obj (.text.AddrTranslateP_getLocalAddr)
                  701891d0    000000ce     drivers.am263px.r5f.ti-arm-clang.nortos.debug.lib : edma.obj (.text.EDMA_disableChInShadowRegRegion)
                  7018929e    00000002     --HOLE-- [fill = 0]
                  701892a0    000000cc                                                       : edma.obj (.text.EDMA_enableChInShadowRegRegion)
                  7018936c    00000004     --HOLE-- [fill = 0]
                  70189370    000000c4                                                       : edma.obj (.text.EDMA_mapChToEvtQ)
                  70189434    0000000c     --HOLE-- [fill = 0]
                  70189440    000000c0                                                       : edma.obj (.text.EDMA_configureChannelRegion)
                  70189500    000000c0                                                       : soc_rcm.obj (.text.SOC_rcmGetPerHSDivOut)
                  701895c0    000000c0                                                       : uart_v0.obj (.text.UART_flushTxFifo)
                  70189680    000000c0     nortos.am263px.r5f.ti-arm-clang.debug.lib : printf.obj (.text._out_rev)
                  70189740    000000be                                               : ClockP_nortos.obj (.text.ClockP_timerTickIsr)
                  701897fe    00000002     --HOLE-- [fill = 0]
                  70189800    000000be     ti_dpl_config.o (.text.TimerP_init)
                  701898be    00000002     --HOLE-- [fill = 0]
                  701898c0    000000ba     nortos.am263px.r5f.ti-arm-clang.debug.lib : ClockP_nortos.obj (.text.ClockP_stop)
                  7018997a    00000006     --HOLE-- [fill = 0]
                  70189980    000000ba     drivers.am263px.r5f.ti-arm-clang.nortos.debug.lib : ipc_notify_v1.obj (.text.IpcNotify_waitSync)
                  70189a3a    00000006     --HOLE-- [fill = 0]
                  70189a40    000000ba     gateway_shared.o (.text.gateway_write_motor_states)
                  70189afa    00000006     --HOLE-- [fill = 0]
                  70189b00    000000ba     nortos.am263px.r5f.ti-arm-clang.debug.lib : PmuP_armv7r.obj (.text.pmu)
                  70189bba    00000006     --HOLE-- [fill = 0]
                  70189bc0    000000b0     drivers.am263px.r5f.ti-arm-clang.nortos.debug.lib : mcan.obj (.text.MCAN_writeMsgRam)
                  70189c70    000000b0                                                       : soc_rcm.obj (.text.SOC_rcmSetPeripheralClock)
                  70189d20    000000b0                                                       : uart_v0.obj (.text.UART_init)
                  70189dd0    000000b0     imu_interface_isr.o (.text.imu_uart_isr)
                  70189e80    000000ae     drivers.am263px.r5f.ti-arm-clang.nortos.debug.lib : mcan.obj (.text.MCAN_getOffsetAddr)
                  70189f2e    00000002     --HOLE-- [fill = 0]
                  70189f30    000000ac     gateway_shared.o (.text.gateway_core1_wait_for_ready)
                  70189fdc    00000004     --HOLE-- [fill = 0]
                  70189fe0    000000a8     nortos.am263px.r5f.ti-arm-clang.debug.lib : ClockP_nortos.obj (.text.ClockP_addToList)
                  7018a088    00000008     --HOLE-- [fill = 0]
                  7018a090    000000a8                                               : ClockP_nortos.obj (.text.ClockP_destruct)
                  7018a138    00000008     --HOLE-- [fill = 0]
                  7018a140    000000a8     ti_drivers_open_close.o (.text.Drivers_uartOpen)
                  7018a1e8    00000008     --HOLE-- [fill = 0]
                  7018a1f0    000000a0     drivers.am263px.r5f.ti-arm-clang.nortos.debug.lib : soc_rcm.obj (.text.SOC_rcmGetCoreHSDivOut)
                  7018a290    0000009e     gateway_shared.o (.text.gateway_core1_ipc_callback)
                  7018a32e    00000002     --HOLE-- [fill = 0]
                  7018a330    0000009e     main.o (.text.ipc_notify_callback_fxn)
                  7018a3ce    00000002     --HOLE-- [fill = 0]
                  7018a3d0    0000009e     yis320_protocol.o (.text.validate_checksum)
                  7018a46e    00000002     --HOLE-- [fill = 0]
                  7018a470    0000009a     imu_interface_isr.o (.text.imu_uart_read)
                  7018a50a    00000006     --HOLE-- [fill = 0]
                  7018a510    00000098     drivers.am263px.r5f.ti-arm-clang.nortos.debug.lib : ipc_notify_v1.obj (.text.IpcNotify_registerClient)
                  7018a5a8    00000008     --HOLE-- [fill = 0]
                  7018a5b0    00000096                                                       : uart_v0_lld.obj (.text.UART_subConfigTCRTLRModeEn)
                  7018a646    0000000a     --HOLE-- [fill = 0]
                  7018a650    00000092     nortos.am263px.r5f.ti-arm-clang.debug.lib : ClockP_nortos.obj (.text.ClockP_getTimeUsec)
                  7018a6e2    0000000e     --HOLE-- [fill = 0]
                  7018a6f0    00000092     drivers.am263px.r5f.ti-arm-clang.nortos.debug.lib : edma.obj (.text.EDMA_unmapChToEvtQ)
                  7018a782    0000000e     --HOLE-- [fill = 0]
                  7018a790    00000092     yis320_protocol.o (.text.yis320_convert_to_ipc)
                  7018a822    0000000e     --HOLE-- [fill = 0]
                  7018a830    0000008c     drivers.am263px.r5f.ti-arm-clang.nortos.debug.lib : edma.obj (.text.EDMA_disableTransferRegion)
                  7018a8bc    00000004     --HOLE-- [fill = 0]
                  7018a8c0    0000008c                                                       : edma.obj (.text.EDMA_enableTransferRegion)
                  7018a94c    00000004     --HOLE-- [fill = 0]
                  7018a950    00000088                                                       : uart_dma_edma.obj (.text.UART_edmaIsrRx)
                  7018a9d8    00000008     --HOLE-- [fill = 0]
                  7018a9e0    00000088                                                       : uart_dma_edma.obj (.text.UART_edmaIsrTx)
                  7018aa68    00000008     --HOLE-- [fill = 0]
                  7018aa70    00000086                                                       : uart_v0_lld.obj (.text.UART_lld_flushTxFifo)
                  7018aaf6    0000000a     --HOLE-- [fill = 0]
                  7018ab00    00000086                                                       : uart_v0_lld.obj (.text.UART_tcrTlrBitValRestore)
                  7018ab86    0000000a     --HOLE-- [fill = 0]
                  7018ab90    00000082                                                       : edma.obj (.text.EDMA_allocDmaChannel)
                  7018ac12    0000000e     --HOLE-- [fill = 0]
                  7018ac20    00000082                                                       : edma.obj (.text.EDMA_allocParam)
                  7018aca2    0000000e     --HOLE-- [fill = 0]
                  7018acb0    00000082                                                       : edma.obj (.text.EDMA_allocTcc)
                  7018ad32    0000000e     --HOLE-- [fill = 0]
                  7018ad40    00000082                                                       : edma.obj (.text.EDMA_disableTccInShadowRegRegion)
                  7018adc2    0000000e     --HOLE-- [fill = 0]
                  7018add0    00000082                                                       : edma.obj (.text.EDMA_enableTccInShadowRegRegion)
                  7018ae52    0000000e     --HOLE-- [fill = 0]
                  7018ae60    00000082                                                       : ipc_notify_v1.obj (.text.IpcNotify_syncAll)
                  7018aee2    0000000e     --HOLE-- [fill = 0]
                  7018aef0    00000082     imu_protocol_handler.o (.text.imu_protocol_manager_init)
                  7018af72    0000000e     --HOLE-- [fill = 0]
                  7018af80    00000080     drivers.am263px.r5f.ti-arm-clang.nortos.debug.lib : mcan.obj (.text.MCAN_addStdMsgIDFilter)
                  7018b000    00000080                                                       : uart_v0_lld.obj (.text.UART_moduleReset)
                  7018b080    0000007e     ti_drivers_config.o (.text.System_init)
                  7018b0fe    00000002     --HOLE-- [fill = 0]
                  7018b100    0000007e     drivers.am263px.r5f.ti-arm-clang.nortos.debug.lib : uart_v0_lld.obj (.text.UART_readData)
                  7018b17e    00000002     --HOLE-- [fill = 0]
                  7018b180    0000007c     nortos.am263px.r5f.ti-arm-clang.debug.lib : DebugP_log.obj (.text._DebugP_assert)
                  7018b1fc    00000004     --HOLE-- [fill = 0]
                  7018b200    0000007c     gateway_shared.o (.text.gateway_ringbuf_core1_init)
                  7018b27c    00000004     --HOLE-- [fill = 0]
                  7018b280    0000007a     drivers.am263px.r5f.ti-arm-clang.nortos.debug.lib : ipc_notify_v1.obj (.text.IpcNotify_mailboxWrite)
                  7018b2fa    00000006     --HOLE-- [fill = 0]
                  7018b300    0000007a                                                       : uart_v0.obj (.text.UART_Params_init)
                  7018b37a    00000006     --HOLE-- [fill = 0]
                  7018b380    00000078                                                       : edma.obj (.text.EDMA_linkChannel)
                  7018b3f8    00000008     --HOLE-- [fill = 0]
                  7018b400    00000074                                                       : uart_v0_lld.obj (.text.UART_IsBaseAddrValid)
                  7018b474    0000000c     --HOLE-- [fill = 0]
                  7018b480    00000072     nortos.am263px.r5f.ti-arm-clang.debug.lib : ClockP_nortos.obj (.text.ClockP_usleep)
                  7018b4f2    0000000e     --HOLE-- [fill = 0]
                  7018b500    00000072     drivers.am263px.r5f.ti-arm-clang.nortos.debug.lib : edma.obj (.text.EDMA_clrMissEvtRegion)
                  7018b572    0000000e     --HOLE-- [fill = 0]
                  7018b580    00000072                                                       : ipc_notify_v1.obj (.text.IpcNotify_makeMsg)
                  7018b5f2    0000000e     --HOLE-- [fill = 0]
                  7018b600    0000006e     yis320_protocol.o (.text.find_frame_header_limited)
                  7018b66e    00000002     --HOLE-- [fill = 0]
                  7018b670    0000006a     drivers.am263px.r5f.ti-arm-clang.nortos.debug.lib : ipc_notify_v1.obj (.text.IpcNotify_mailboxReadSwQ)
                  7018b6da    00000006     --HOLE-- [fill = 0]
                  7018b6e0    00000068                                                       : edma.obj (.text.EDMA_getBaseAddr)
                  7018b748    00000008     --HOLE-- [fill = 0]
                  7018b750    00000068                                                       : uart_v0_lld.obj (.text.UART_divisorValCompute)
                  7018b7b8    00000008     --HOLE-- [fill = 0]
                  7018b7c0    00000068     imu_protocol_handler.o (.text.imu_protocol_get_state)
                  7018b828    00000008     --HOLE-- [fill = 0]
                  7018b830    00000064     drivers.am263px.r5f.ti-arm-clang.nortos.debug.lib : soc_rcm.obj (.text.SOC_rcmGetR5Clock)
                  7018b894    0000000c     --HOLE-- [fill = 0]
                  7018b8a0    00000064                                                       : soc_rcm.obj (.text.SOC_rcmIsR5FInLockStepMode)
                  7018b904    0000000c     --HOLE-- [fill = 0]
                  7018b910    00000064                                                       : uart_v0_lld.obj (.text.UART_fifoRegisterWrite)
                  7018b974    0000000c     --HOLE-- [fill = 0]
                  7018b980    00000064                                                       : uart_v0_lld.obj (.text.UART_lld_deInitDma)
                  7018b9e4    0000000c     --HOLE-- [fill = 0]
                  7018b9f0    00000064     imu_protocol_handler.o (.text.imu_protocol_process_uart_rx)
                  7018ba54    0000000c     --HOLE-- [fill = 0]
                  7018ba60    00000062     drivers.am263px.r5f.ti-arm-clang.nortos.debug.lib : mcan.obj (.text.MCAN_enableIntr)
                  7018bac2    0000000e     --HOLE-- [fill = 0]
                  7018bad0    00000062                                                       : mcan.obj (.text.MCAN_initTxBufElement)
                  7018bb32    0000000e     --HOLE-- [fill = 0]
                  7018bb40    00000062                                                       : soc_rcm.obj (.text.SOC_rcmInsert16)
                  7018bba2    0000000e     --HOLE-- [fill = 0]
                  7018bbb0    00000062     nortos.am263px.r5f.ti-arm-clang.debug.lib : SemaphoreP_nortos.obj (.text.SemaphoreP_post)
                  7018bc12    0000000e     --HOLE-- [fill = 0]
                  7018bc20    00000060     drivers.am263px.r5f.ti-arm-clang.nortos.debug.lib : mcan.obj (.text.MCAN_selectIntrLine)
                  7018bc80    00000060                                                       : uart_v0_lld.obj (.text.UART_getChar)
                  7018bce0    00000060                                                       : uart_v0_lld.obj (.text.UART_writeData)
                  7018bd40    0000005e     yis320_protocol.o (.text.yis320_protocol_handler_init)
                  7018bd9e    00000002     --HOLE-- [fill = 0]
                  7018bda0    0000005c     ti_power_clock_config.o (.text.Module_clockSetFrequency)
                  7018bdfc    00000004     --HOLE-- [fill = 0]
                  7018be00    0000005c     drivers.am263px.r5f.ti-arm-clang.nortos.debug.lib : uart_v0_lld.obj (.text.UART_lld_deInit)
                  7018be5c    00000004     --HOLE-- [fill = 0]
                  7018be60    0000005a                                                       : uart_v0_lld.obj (.text.UART_regConfigModeEnable)
                  7018beba    00000006     --HOLE-- [fill = 0]
                  7018bec0    00000058                                                       : soc_rcm.obj (.text.SOC_rcmGetModuleClkDivVal)
                  7018bf18    00000008     --HOLE-- [fill = 0]
                  7018bf20    00000058     yis320_protocol.o (.text.parse_angular_velocity)
                  7018bf78    00000008     --HOLE-- [fill = 0]
                  7018bf80    00000058     yis320_protocol.o (.text.parse_euler_angles)
                  7018bfd8    00000008     --HOLE-- [fill = 0]
                  7018bfe0    00000056     drivers.am263px.r5f.ti-arm-clang.nortos.debug.lib : uart_v0.obj (.text.UART_lld_readCompleteCallback)
                  7018c036    0000000a     --HOLE-- [fill = 0]
                  7018c040    00000056                                                       : uart_v0.obj (.text.UART_lld_writeCompleteCallback)
                  7018c096    0000000a     --HOLE-- [fill = 0]
                  7018c0a0    00000056     gateway_shared.o (.text.gateway_write_imu_state)
                  7018c0f6    0000000a     --HOLE-- [fill = 0]
                  7018c100    00000056     yis320_protocol.o (.text.vtable_initialize)
                  7018c156    0000000a     --HOLE-- [fill = 0]
                  7018c160    00000054     ti_dpl_config.o (.text.Dpl_init)
                  7018c1b4    0000000c     --HOLE-- [fill = 0]
                  7018c1c0    00000054     drivers.am263px.r5f.ti-arm-clang.nortos.debug.lib : edma.obj (.text.EDMA_setPaRAM)
                  7018c214    0000000c     --HOLE-- [fill = 0]
                  7018c220    00000054                                                       : uart_v0_lld.obj (.text.UART_OperModeValid)
                  7018c274    0000000c     --HOLE-- [fill = 0]
                  7018c280    00000054     main.o (.text.main)
                  7018c2d4    00000054     libc.a : autoinit.c.obj (.text:__TI_auto_init_nobinit_nopinit)
                  7018c328    00000008     --HOLE-- [fill = 0]
                  7018c330    00000050     ti_drivers_open_close.o (.text.Drivers_uartClose)
                  7018c380    00000050     drivers.am263px.r5f.ti-arm-clang.nortos.debug.lib : pinmux.obj (.text.Pinmux_config)
                  7018c3d0    00000050                                                       : uart_v0_lld.obj (.text.UART_checkCharsAvailInFifo)
                  7018c420    0000004e     nortos.am263px.r5f.ti-arm-clang.debug.lib : DebugP_shmLogWriter.obj (.text.DebugP_shmLogWriterInit)
                  7018c46e    00000002     --HOLE-- [fill = 0]
                  7018c470    0000004e     drivers.am263px.r5f.ti-arm-clang.nortos.debug.lib : edma.obj (.text.EDMA_clrEvtRegion)
                  7018c4be    00000002     --HOLE-- [fill = 0]
                  7018c4c0    0000004e                                                       : edma.obj (.text.EDMA_disableDmaEvtRegion)
                  7018c50e    00000002     --HOLE-- [fill = 0]
                  7018c510    0000004e                                                       : edma.obj (.text.EDMA_disableEvtIntrRegion)
                  7018c55e    00000002     --HOLE-- [fill = 0]
                  7018c560    0000004e                                                       : edma.obj (.text.EDMA_enableDmaEvtRegion)
                  7018c5ae    00000002     --HOLE-- [fill = 0]
                  7018c5b0    0000004e                                                       : edma.obj (.text.EDMA_enableEvtIntrRegion)
                  7018c5fe    00000002     --HOLE-- [fill = 0]
                  7018c600    0000004e                                                       : edma.obj (.text.EDMA_setEvtRegion)
                  7018c64e    00000002     --HOLE-- [fill = 0]
                  7018c650    0000004e                                                       : gpio.obj (.text.GPIO_setDirMode)
                  7018c69e    00000002     --HOLE-- [fill = 0]
                  7018c6a0    0000004e                                                       : mcan.obj (.text.MCAN_enableIntrLine)
                  7018c6ee    00000002     --HOLE-- [fill = 0]
                  7018c6f0    0000004c     nortos.am263px.r5f.ti-arm-clang.debug.lib : ClockP_nortos.obj (.text.ClockP_construct)
                  7018c73c    00000004     --HOLE-- [fill = 0]
                  7018c740    0000004c     drivers.am263px.r5f.ti-arm-clang.nortos.debug.lib : edma.obj (.text.EDMA_ccPaRAMEntry_init)
                  7018c78c    00000004     --HOLE-- [fill = 0]
                  7018c790    0000004c                                                       : edma.obj (.text.EDMA_mapQdmaChToPaRAM)
                  7018c7dc    00000004     --HOLE-- [fill = 0]
                  7018c7e0    0000004c                                                       : edma.obj (.text.EDMA_readEventStatusRegion)
                  7018c82c    00000004     --HOLE-- [fill = 0]
                  7018c830    0000004c                                                       : ipc_notify_v1.obj (.text.IpcNotify_unregisterClient)
                  7018c87c    00000004     --HOLE-- [fill = 0]
                  7018c880    0000004c     ti_power_clock_config.o (.text.Module_clockEnable)
                  7018c8cc    00000004     --HOLE-- [fill = 0]
                  7018c8d0    0000004c     gateway_shared.o (.text.gateway_update_stat)
                  7018c91c    0000004c     libc.a : memmov.c.obj (.text.memmove)
                  7018c968    00000008     --HOLE-- [fill = 0]
                  7018c970    0000004c     yis320_protocol.o (.text.parse_quaternion)
                  7018c9bc    00000004     --HOLE-- [fill = 0]
                  7018c9c0    0000004c     main.o (.text.timerISR)
                  7018ca0c    00000004     --HOLE-- [fill = 0]
                  7018ca10    0000004a     drivers.am263px.r5f.ti-arm-clang.nortos.debug.lib : ipc_notify_v1.obj (.text.IpcNotify_Params_init)
                  7018ca5a    00000006     --HOLE-- [fill = 0]
                  7018ca60    0000004a                                                       : soc_rcm.obj (.text.SOC_rcmGetCR5SysclkInFrequency)
                  7018caaa    00000006     --HOLE-- [fill = 0]
                  7018cab0    0000004a                                                       : uart_v0_lld.obj (.text.UART_getIntrIdentityStatus)
                  7018cafa    00000006     --HOLE-- [fill = 0]
                  7018cb00    0000004a                                                       : uart_v0_lld.obj (.text.UART_lineCharConfig)
                  7018cb4a    00000006     --HOLE-- [fill = 0]
                  7018cb50    0000004a     main.o (.text.motor_get_index)
                  7018cb9a    00000006     --HOLE-- [fill = 0]
                  7018cba0    00000048     can_interface.o (.text.CAN_RegisterRxCallback)
                  7018cbe8    00000008     --HOLE-- [fill = 0]
                  7018cbf0    00000048     drivers.am263px.r5f.ti-arm-clang.nortos.debug.lib : uart_v0_lld.obj (.text.UART_resetModule)
                  7018cc38    00000008     --HOLE-- [fill = 0]
                  7018cc40    00000046                                                       : uart_v0_lld.obj (.text.UART_i2310WA)
                  7018cc86    0000000a     --HOLE-- [fill = 0]
                  7018cc90    00000046                                                       : uart_v0_lld.obj (.text.UART_readLineStatus)
                  7018ccd6    0000000a     --HOLE-- [fill = 0]
                  7018cce0    00000046     imu_protocol_handler.o (.text.imu_protocol_handler_init)
                  7018cd26    0000000a     --HOLE-- [fill = 0]
                  7018cd30    00000044     drivers.am263px.r5f.ti-arm-clang.nortos.debug.lib : ipc_notify_v1.obj (.text.IpcNotify_getWriteMailbox)
                  7018cd74    0000000c     --HOLE-- [fill = 0]
                  7018cd80    00000044                                                       : soc_rcm.obj (.text.SOC_rcmExtract8)
                  7018cdc4    0000000c     --HOLE-- [fill = 0]
                  7018cdd0    00000044                                                       : soc_rcm.obj (.text.SOC_rcmMake16)
                  7018ce14    0000000c     --HOLE-- [fill = 0]
                  7018ce20    00000044     nortos.am263px.r5f.ti-arm-clang.debug.lib : SemaphoreP_nortos.obj (.text.SemaphoreP_construct)
                  7018ce64    0000000c     --HOLE-- [fill = 0]
                  7018ce70    00000044                                               : DebugP_nortos.obj (.text._DebugP_logZone)
                  7018ceb4    0000000c     --HOLE-- [fill = 0]
                  7018cec0    00000044                                               : printf.obj (.text._strnlen_s)
                  7018cf04    0000000c     --HOLE-- [fill = 0]
                  7018cf10    00000042                                               : ClockP_nortos.obj (.text.ClockP_start)
                  7018cf52    0000000e     --HOLE-- [fill = 0]
                  7018cf60    00000042     drivers.am263px.r5f.ti-arm-clang.nortos.debug.lib : uart_v0.obj (.text.UART_checkOpenParams)
                  7018cfa2    0000000e     --HOLE-- [fill = 0]
                  7018cfb0    0000003e                                                       : pinmux.obj (.text.Pinmux_unlockMMR)
                  7018cfee    00000002     --HOLE-- [fill = 0]
                  7018cff0    0000003e                                                       : uart_v0_lld.obj (.text.UART_IsHWFlowCtrlValid)
                  7018d02e    00000002     --HOLE-- [fill = 0]
                  7018d030    0000003e                                                       : uart_v0_lld.obj (.text.UART_spaceAvail)
                  7018d06e    00000002     --HOLE-- [fill = 0]
                  7018d070    0000003e     gateway_shared.o (.text.gateway_core1_init)
                  7018d0ae    00000002     --HOLE-- [fill = 0]
                  7018d0b0    0000003e     gateway_shared.o (.text.gateway_update_heartbeat)
                  7018d0ee    00000002     --HOLE-- [fill = 0]
                  7018d0f0    0000003c     drivers.am263px.r5f.ti-arm-clang.nortos.debug.lib : uart_v0_lld.obj (.text.UART_IsParityTypeValid)
                  7018d12c    00000004     --HOLE-- [fill = 0]
                  7018d130    0000003c                                                       : uart_v0_lld.obj (.text.UART_IsTxRxFifoEmpty)
                  7018d16c    00000004     --HOLE-- [fill = 0]
                  7018d170    0000003c                                                       : uart_v0_lld.obj (.text.UART_enhanFuncEnable)
                  7018d1ac    00000004     --HOLE-- [fill = 0]
                  7018d1b0    0000003a                                                       : mcan.obj (.text.MCAN_txBufAddReq)
                  7018d1ea    00000006     --HOLE-- [fill = 0]
                  7018d1f0    0000003a                                                       : soc.obj (.text.SOC_moduleSetClockFrequency)
                  7018d22a    00000006     --HOLE-- [fill = 0]
                  7018d230    0000003a     nortos.am263px.r5f.ti-arm-clang.debug.lib : printf.obj (.text._atoi)
                  7018d26a    00000006     --HOLE-- [fill = 0]
                  7018d270    0000003a     main.o (.text.init_1000hz_timer)
                  7018d2aa    00000006     --HOLE-- [fill = 0]
                  7018d2b0    0000003a     nortos.am263px.r5f.ti-arm-clang.debug.lib : printf.obj (.text.snprintf_)
                  7018d2ea    00000006     --HOLE-- [fill = 0]
                  7018d2f0    00000038     drivers.am263px.r5f.ti-arm-clang.nortos.debug.lib : soc.obj (.text.SOC_getCoreName)
                  7018d328    00000038     nortos.am263px.r5f.ti-arm-clang.debug.lib : PmuP_armv7r_asm.obj (.text.pmu)
                  7018d360    00000038     yis320_protocol.o (.text.vtable_is_connected)
                  7018d398    00000008     --HOLE-- [fill = 0]
                  7018d3a0    00000036     drivers.am263px.r5f.ti-arm-clang.nortos.debug.lib : edma.obj (.text.EDMA_getRegionId)
                  7018d3d6    0000000a     --HOLE-- [fill = 0]
                  7018d3e0    00000036     can_interface.o (.text.GPIO_pinWriteLow)
                  7018d416    0000000a     --HOLE-- [fill = 0]
                  7018d420    00000036     ti_drivers_config.o (.text.GPIO_pinWriteLow)
                  7018d456    0000000a     --HOLE-- [fill = 0]
                  7018d460    00000036     drivers.am263px.r5f.ti-arm-clang.nortos.debug.lib : ipc_notify_v1.obj (.text.IpcNotify_syncCallback)
                  7018d496    0000000a     --HOLE-- [fill = 0]
                  7018d4a0    00000034                                                       : mcan.obj (.text.MCAN_SsAddr)
                  7018d4d4    0000000c     --HOLE-- [fill = 0]
                  7018d4e0    00000034                                                       : mcan.obj (.text.MCAN_calcCfgAddr)
                  7018d514    0000000c     --HOLE-- [fill = 0]
                  7018d520    00000034                                                       : pinmux.obj (.text.Pinmux_lockMMR)
                  7018d554    0000000c     --HOLE-- [fill = 0]
                  7018d560    00000034     nortos.am263px.r5f.ti-arm-clang.debug.lib : TimerP_rti_priv.obj (.text.TimerP_Params_initPriv)
                  7018d594    0000000c     --HOLE-- [fill = 0]
                  7018d5a0    00000034     drivers.am263px.r5f.ti-arm-clang.nortos.debug.lib : uart_v0_lld.obj (.text.UART_IsDataLengthValid)
                  7018d5d4    0000000c     --HOLE-- [fill = 0]
                  7018d5e0    00000034     motor_mapping.o (.text.motor_get_config)
                  7018d614    0000000c     --HOLE-- [fill = 0]
                  7018d620    00000032     drivers.am263px.r5f.ti-arm-clang.nortos.debug.lib : mcan.obj (.text.HW_WR_FIELD32_RAW)
                  7018d652    0000000e     --HOLE-- [fill = 0]
                  7018d660    00000032                                                       : uart_v0_lld.obj (.text.HW_WR_FIELD32_RAW)
                  7018d692    0000000e     --HOLE-- [fill = 0]
                  7018d6a0    00000032                                                       : ipc_notify_v1.obj (.text.IpcNotify_mailboxIsPendingIntr)
                  7018d6d2    0000000e     --HOLE-- [fill = 0]
                  7018d6e0    00000032     nortos.am263px.r5f.ti-arm-clang.debug.lib : TimerP_rti_priv.obj (.text.TimerP_getCountPriv)
                  7018d712    0000000e     --HOLE-- [fill = 0]
                  7018d720    00000032     drivers.am263px.r5f.ti-arm-clang.nortos.debug.lib : uart_v0_lld.obj (.text.UART_enhanFuncBitValRestore)
                  7018d752    0000000e     --HOLE-- [fill = 0]
                  7018d760    00000032                                                       : uart_v0_lld.obj (.text.UART_hardwareFlowCtrlOptSet)
                  7018d792    0000000e     --HOLE-- [fill = 0]
                  7018d7a0    00000030                                                       : ipc_notify_v1.obj (.text.IpcNotify_getReadSwQ)
                  7018d7d0    00000030                                                       : uart_v0_lld.obj (.text.UART_flowCtrlTrigLvlConfig)
                  7018d800    00000030     gateway_shared.o (.text.gateway_signal_motor_config_ready)
                  7018d830    0000002e     drivers.am263px.r5f.ti-arm-clang.nortos.debug.lib : uart_dma_edma.obj (.text.UART_lld_dmaInit)
                  7018d85e    00000002     --HOLE-- [fill = 0]
                  7018d860    0000002e     nortos.am263px.r5f.ti-arm-clang.debug.lib : printf.obj (.text._is_digit)
                  7018d88e    00000002     --HOLE-- [fill = 0]
                  7018d890    0000002c                                               : DebugP_log.obj (.text.DebugP_logZoneEnable)
                  7018d8bc    00000004     --HOLE-- [fill = 0]
                  7018d8c0    0000002c     drivers.am263px.r5f.ti-arm-clang.nortos.debug.lib : ipc_notify_v1.obj (.text.IpcNotify_getReadMailbox)
                  7018d8ec    00000004     --HOLE-- [fill = 0]
                  7018d8f0    0000002c                                                       : mcan.obj (.text.MCAN_clearNewDataStatus)
                  7018d91c    00000004     --HOLE-- [fill = 0]
                  7018d920    0000002c                                                       : mcan.obj (.text.MCAN_getNewDataStatus)
                  7018d94c    00000004     --HOLE-- [fill = 0]
                  7018d950    0000002c     nortos.am263px.r5f.ti-arm-clang.debug.lib : SemaphoreP_nortos.obj (.text.SemaphoreP_constructBinary)
                  7018d97c    00000004     --HOLE-- [fill = 0]
                  7018d980    0000002c     yis320_protocol.o (.text.vtable_deinit)
                  7018d9ac    00000004     --HOLE-- [fill = 0]
                  7018d9b0    0000002a     nortos.am263px.r5f.ti-arm-clang.debug.lib : ClockP_nortos.obj (.text.ClockP_sleepTicks)
                  7018d9da    00000006     --HOLE-- [fill = 0]
                  7018d9e0    0000002a     drivers.am263px.r5f.ti-arm-clang.nortos.debug.lib : uart_v0_lld.obj (.text.UART_intr2Disable)
                  7018da0a    00000006     --HOLE-- [fill = 0]
                  7018da10    0000002a                                                       : uart_v0_lld.obj (.text.UART_operatingModeSelect)
                  7018da3a    00000006     --HOLE-- [fill = 0]
                  7018da40    0000002a     imu_protocol_handler.o (.text.imu_process_rx_data)
                  7018da6a    00000006     --HOLE-- [fill = 0]
                  7018da70    00000028     nortos.am263px.r5f.ti-arm-clang.debug.lib : CpuId_armv7r.obj (.text.CSL_armR5GetCpuID)
                  7018da98    00000008     --HOLE-- [fill = 0]
                  7018daa0    00000028                                               : printf.obj (.text.vprintf_)
                  7018dac8    00000008     --HOLE-- [fill = 0]
                  7018dad0    00000026     drivers.am263px.r5f.ti-arm-clang.nortos.debug.lib : edma.obj (.text.EDMA_disableQdmaEvtRegion)
                  7018daf6    0000000a     --HOLE-- [fill = 0]
                  7018db00    00000026                                                       : edma.obj (.text.EDMA_enableQdmaEvtRegion)
                  7018db26    0000000a     --HOLE-- [fill = 0]
                  7018db30    00000026                                                       : edma.obj (.text.EDMA_validateIntrObject)
                  7018db56    0000000a     --HOLE-- [fill = 0]
                  7018db60    00000026     ti_drivers_config.o (.text.IpcNotify_allocSwQueue)
                  7018db86    0000000a     --HOLE-- [fill = 0]
                  7018db90    00000026     nortos.am263px.r5f.ti-arm-clang.debug.lib : printf.obj (.text._out_buffer)
                  7018dbb6    0000000a     --HOLE-- [fill = 0]
                  7018dbc0    00000024     ti_drivers_config.o (.text.IpcNotify_getConfig)
                  7018dbe4    0000000c     --HOLE-- [fill = 0]
                  7018dbf0    00000024     nortos.am263px.r5f.ti-arm-clang.debug.lib : SemaphoreP_nortos.obj (.text.SemaphoreP_constructMutex)
                  7018dc14    0000000c     --HOLE-- [fill = 0]
                  7018dc20    00000024     drivers.am263px.r5f.ti-arm-clang.nortos.debug.lib : uart_v0_lld.obj (.text.UART_IsRxTrigLvlValid)
                  7018dc44    0000000c     --HOLE-- [fill = 0]
                  7018dc50    00000024                                                       : uart_v0_lld.obj (.text.UART_IsStopBitsValid)
                  7018dc74    0000000c     --HOLE-- [fill = 0]
                  7018dc80    00000024                                                       : uart_v0_lld.obj (.text.UART_IsTxTrigLvlValid)
                  7018dca4    0000000c     --HOLE-- [fill = 0]
                  7018dcb0    00000024                                                       : uart_v0.obj (.text.UART_getBaseAddr)
                  7018dcd4    00000024     libclang_rt.builtins.a : aeabi_uldivmod.S.obj (.text.__aeabi_uldivmod)
                  7018dcf8    00000008     --HOLE-- [fill = 0]
                  7018dd00    00000024     nortos.am263px.r5f.ti-arm-clang.debug.lib : printf.obj (.text._out_char)
                  7018dd24    0000000c     --HOLE-- [fill = 0]
                  7018dd30    00000022     drivers.am263px.r5f.ti-arm-clang.nortos.debug.lib : edma.obj (.text.EDMA_channelToParamMap)
                  7018dd52    0000000e     --HOLE-- [fill = 0]
                  7018dd60    00000022     gateway_shared.o (.text.gateway_ringbuf_core1_receive)
                  7018dd82    0000000e     --HOLE-- [fill = 0]
                  7018dd90    00000020     nortos.am263px.r5f.ti-arm-clang.debug.lib : ClockP_nortos.obj (.text.ClockP_isActive)
                  7018ddb0    00000020                                               : ClockP_nortos.obj (.text.ClockP_usecToTicks)
                  7018ddd0    00000020     drivers.am263px.r5f.ti-arm-clang.nortos.debug.lib : mcan.obj (.text.HW_RD_FIELD32_RAW)
                  7018ddf0    00000020                                                       : uart_v0_lld.obj (.text.HW_RD_FIELD32_RAW)
                  7018de10    0000001e     nortos.am263px.r5f.ti-arm-clang.debug.lib : ClockP_nortos.obj (.text.ClockP_Params_init)
                  7018de2e    00000002     --HOLE-- [fill = 0]
                  7018de30    0000001e     drivers.am263px.r5f.ti-arm-clang.nortos.debug.lib : edma.obj (.text.EDMA_getEventStatusHigh)
                  7018de4e    00000002     --HOLE-- [fill = 0]
                  7018de50    0000001e                                                       : mcan.obj (.text.MCAN_setOpMode)
                  7018de6e    00000002     --HOLE-- [fill = 0]
                  7018de70    0000001e                                                       : soc.obj (.text.SOC_getSelfCpuClk)
                  7018de8e    00000002     --HOLE-- [fill = 0]
                  7018de90    0000001e                                                       : soc.obj (.text.SOC_moduleClockEnable)
                  7018deae    00000002     --HOLE-- [fill = 0]
                  7018deb0    0000001e     ti_dpl_config.o (.text.TimerP_isr0)
                  7018dece    00000002     --HOLE-- [fill = 0]
                  7018ded0    0000001e     drivers.am263px.r5f.ti-arm-clang.nortos.debug.lib : uart_v0_lld.obj (.text.UART_breakCtl)
                  7018deee    00000002     --HOLE-- [fill = 0]
                  7018def0    0000001e                                                       : uart_v0_lld.obj (.text.UART_lld_Transaction_deInit)
                  7018df0e    00000002     --HOLE-- [fill = 0]
                  7018df10    0000001c                                                       : edma.obj (.text.EDMA_getEventStatus)
                  7018df2c    00000004     --HOLE-- [fill = 0]
                  7018df30    0000001c                                                       : mcan.obj (.text.MCAN_writeProtectedRegAccessLock)
                  7018df4c    00000004     --HOLE-- [fill = 0]
                  7018df50    0000001c                                                       : mcan.obj (.text.MCAN_writeProtectedRegAccessUnlock)
                  7018df6c    00000004     --HOLE-- [fill = 0]
                  7018df70    0000001c                                                       : uart_v0_lld.obj (.text.UART_IsParameter)
                  7018df8c    0000001c     libc.a : memcpy32.S.obj (.text:TI_memcpy_small)
                  7018dfa8    00000008     --HOLE-- [fill = 0]
                  7018dfb0    0000001a     drivers.am263px.r5f.ti-arm-clang.nortos.debug.lib : mcan.obj (.text.MCAN_clearIntrStatus)
                  7018dfca    00000006     --HOLE-- [fill = 0]
                  7018dfd0    0000001a                                                       : mcan.obj (.text.MCAN_getOpMode)
                  7018dfea    00000006     --HOLE-- [fill = 0]
                  7018dff0    0000001a                                                       : uart_v0_lld.obj (.text.UART_fifoCharGet)
                  7018e00a    00000006     --HOLE-- [fill = 0]
                  7018e010    0000001a                                                       : uart_v0_lld.obj (.text.UART_timeGuardConfig)
                  7018e02a    00000006     --HOLE-- [fill = 0]
                  7018e030    00000018     nortos.am263px.r5f.ti-arm-clang.debug.lib : ClockP_nortos.obj (.text.ClockP_ticksToUsec)
                  7018e048    00000008     --HOLE-- [fill = 0]
                  7018e050    00000018     drivers.am263px.r5f.ti-arm-clang.nortos.debug.lib : edma.obj (.text.EDMA_isInterruptEnabled)
                  7018e068    00000008     --HOLE-- [fill = 0]
                  7018e070    00000018                                                       : ipc_notify_v1.obj (.text.IpcNotify_mailboxClearAllInt)
                  7018e088    00000008     --HOLE-- [fill = 0]
                  7018e090    00000018                                                       : ipc_notify_v1_cfg.obj (.text.IpcNotify_trigInterrupt)
                  7018e0a8    00000008     --HOLE-- [fill = 0]
                  7018e0b0    00000018     nortos.am263px.r5f.ti-arm-clang.debug.lib : SemaphoreP_nortos.obj (.text.SemaphoreP_Params_init)
                  7018e0c8    00000008     --HOLE-- [fill = 0]
                  7018e0d0    00000018                                               : TimerP_rti_priv.obj (.text.TimerP_getReloadCountPriv)
                  7018e0e8    00000008     --HOLE-- [fill = 0]
                  7018e0f0    00000018     drivers.am263px.r5f.ti-arm-clang.nortos.debug.lib : uart_v0_lld.obj (.text.UART_divisorLatchDisable)
                  7018e108    00000008     --HOLE-- [fill = 0]
                  7018e110    00000018                                                       : uart_v0_lld.obj (.text.UART_modemControlReset)
                  7018e128    00000008     --HOLE-- [fill = 0]
                  7018e130    00000018                                                       : uart_v0_lld.obj (.text.UART_putChar)
                  7018e148    00000018     libc.a : memset32.S.obj (.text:TI_memset_small)
                  7018e160    00000016     drivers.am263px.r5f.ti-arm-clang.nortos.debug.lib : ipc_notify_v1.obj (.text.IpcNotify_sendSync)
                  7018e176    0000000a     --HOLE-- [fill = 0]
                  7018e180    00000016                                                       : mcan.obj (.text.MCAN_getIntrStatus)
                  7018e196    0000000a     --HOLE-- [fill = 0]
                  7018e1a0    00000016     nortos.am263px.r5f.ti-arm-clang.debug.lib : TimerP_rti_priv.obj (.text.TimerP_startPriv)
                  7018e1b6    0000000a     --HOLE-- [fill = 0]
                  7018e1c0    00000016                                               : TimerP_rti_priv.obj (.text.TimerP_stopPriv)
                  7018e1d6    0000000a     --HOLE-- [fill = 0]
                  7018e1e0    00000016     drivers.am263px.r5f.ti-arm-clang.nortos.debug.lib : uart_v0_lld.obj (.text.UART_divideRoundCloset)
                  7018e1f6    0000000a     --HOLE-- [fill = 0]
                  7018e200    00000016                                                       : uart_v0_lld.obj (.text.UART_regConfModeRestore)
                  7018e216    0000000a     --HOLE-- [fill = 0]
                  7018e220    00000014                                                       : edma.obj (.text.HW_WR_REG16_RAW)
                  7018e234    0000000c     --HOLE-- [fill = 0]
                  7018e240    00000014                                                       : ipc_notify_v1.obj (.text.IpcNotify_mailboxClearPendingIntr)
                  7018e254    0000000c     --HOLE-- [fill = 0]
                  7018e260    00000014                                                       : soc_rcm.obj (.text.SOC_rcmGetModuleClkDivFromRegVal)
                  7018e274    0000000c     --HOLE-- [fill = 0]
                  7018e280    00000014     nortos.am263px.r5f.ti-arm-clang.debug.lib : TimerP_rti_priv.obj (.text.TimerP_clearOverflowIntPriv)
                  7018e294    0000000c     --HOLE-- [fill = 0]
                  7018e2a0    00000014                                               : TimerP_rti_nortos.obj (.text.TimerP_setup)
                  7018e2b4    0000000c     --HOLE-- [fill = 0]
                  7018e2c0    00000014     ti_dpl_config.o (.text.putchar_)
                  7018e2d4    0000000c     --HOLE-- [fill = 0]
                  7018e2e0    00000012     ti_pinmux_config.o (.text.Pinmux_init)
                  7018e2f2    0000000e     --HOLE-- [fill = 0]
                  7018e300    00000012     imu_protocol_handler.o (.text.imu_initialize)
                  7018e312    0000000e     --HOLE-- [fill = 0]
                  7018e320    00000012     imu_interface_isr.o (.text.imu_uart_is_initialized)
                  7018e332    0000000e     --HOLE-- [fill = 0]
                  7018e340    00000012     yis320_protocol.o (.text.yis320_get_timestamp_ms)
                  7018e352    0000000e     --HOLE-- [fill = 0]
                  7018e360    00000010     can_interface.o (.text.CSL_REG32_WR_RAW)
                  7018e370    00000010     drivers.am263px.r5f.ti-arm-clang.nortos.debug.lib : pinmux.obj (.text.CSL_REG32_WR_RAW)
                  7018e380    00000010                                                       : soc.obj (.text.CSL_REG32_WR_RAW)
                  7018e390    00000010     ti_drivers_config.o (.text.CSL_REG32_WR_RAW)
                  7018e3a0    00000010     nortos.am263px.r5f.ti-arm-clang.debug.lib : ClockP_nortos_r5.obj (.text.ClockP_getTimerCount)
                  7018e3b0    00000010                                               : ClockP_nortos_r5.obj (.text.ClockP_timerClearOverflowInt)
                  7018e3c0    00000010     drivers.am263px.r5f.ti-arm-clang.nortos.debug.lib : edma.obj (.text.HW_RD_REG32_RAW)
                  7018e3d0    00000010                                                       : mcan.obj (.text.HW_RD_REG32_RAW)
                  7018e3e0    00000010                                                       : uart_v0_lld.obj (.text.HW_RD_REG32_RAW)
                  7018e3f0    00000010                                                       : edma.obj (.text.HW_WR_REG32_RAW)
                  7018e400    00000010                                                       : mcan.obj (.text.HW_WR_REG32_RAW)
                  7018e410    00000010                                                       : uart_v0_lld.obj (.text.HW_WR_REG32_RAW)
                  7018e420    00000010                                                       : ipc_notify_v1.obj (.text.IpcNotify_mailboxGetPendingIntr)
                  7018e430    00000010     nortos.am263px.r5f.ti-arm-clang.debug.lib : TimerP_rti_nortos.obj (.text.TimerP_Params_init)
                  7018e440    00000010                                               : TimerP_rti_nortos.obj (.text.TimerP_clearOverflowInt)
                  7018e450    00000010                                               : TimerP_rti_nortos.obj (.text.TimerP_getCount)
                  7018e460    00000010                                               : TimerP_rti_nortos.obj (.text.TimerP_getReloadCount)
                  7018e470    00000010                                               : TimerP_rti_nortos.obj (.text.TimerP_start)
                  7018e480    00000010                                               : printf.obj (.text._out_null)
                  7018e490    00000010     gateway_shared.o (.text.gateway_notify_imu_ready)
                  7018e4a0    00000010     gateway_shared.o (.text.gateway_notify_states_ready)
                  7018e4b0    0000000e     yis320_protocol.o (.text.yis320_uart_configure)
                  7018e4be    00000002     --HOLE-- [fill = 0]
                  7018e4c0    0000000c     ti_board_open_close.o (.text.Board_driversOpen)
                  7018e4cc    00000004     --HOLE-- [fill = 0]
                  7018e4d0    0000000c     nortos.am263px.r5f.ti-arm-clang.debug.lib : ClockP_nortos.obj (.text.ClockP_getTicks)
                  7018e4dc    00000004     --HOLE-- [fill = 0]
                  7018e4e0    0000000c     ti_drivers_open_close.o (.text.Drivers_open)
                  7018e4ec    00000004     --HOLE-- [fill = 0]
                  7018e4f0    0000000c     ti_power_clock_config.o (.text.PowerClock_init)
                  7018e4fc    00000004     --HOLE-- [fill = 0]
                  7018e500    0000000c     yis320_protocol.o (.text.vtable_read_data)
                  7018e50c    00000004     --HOLE-- [fill = 0]
                  7018e510    0000000a     nortos.am263px.r5f.ti-arm-clang.debug.lib : HwiP_armv7r_vim.obj (.text.Hwip_dataAndInstructionBarrier)
                  7018e51a    00000006     --HOLE-- [fill = 0]
                  7018e520    0000000a     drivers.am263px.r5f.ti-arm-clang.nortos.debug.lib : ipc_notify_v1.obj (.text.IpcNotify_dataAndInstructionBarrier)
                  7018e52a    00000006     --HOLE-- [fill = 0]
                  7018e530    0000000a                                                       : soc_rcm.obj (.text.SOC_rcmGetBaseAddressMSSRCM)
                  7018e53a    00000006     --HOLE-- [fill = 0]
                  7018e540    0000000a                                                       : uart_dma_edma.obj (.text.UART_edmaDoNothing)
                  7018e54a    00000006     --HOLE-- [fill = 0]
                  7018e550    0000000a     gateway_shared.o (.text.gateway_memory_barrier)
                  7018e55a    00000006     --HOLE-- [fill = 0]
                  7018e560    0000000a     gateway_shared.o (.text.ringbuf_get_ptr)
                  7018e56a    00000006     --HOLE-- [fill = 0]
                  7018e570    00000008     ti_drivers_config.o (.text.Drivers_uartInit)
                  7018e578    00000008     --HOLE-- [fill = 0]
                  7018e580    00000008     drivers.am263px.r5f.ti-arm-clang.nortos.debug.lib : soc_rcm.obj (.text.SOC_rcmGetBaseAddressMSSCTRL)
                  7018e588    00000008     --HOLE-- [fill = 0]
                  7018e590    00000008                                                       : soc_rcm.obj (.text.SOC_rcmGetBaseAddressTOPRCM)
                  7018e598    00000008     --HOLE-- [fill = 0]
                  7018e5a0    00000008     nortos.am263px.r5f.ti-arm-clang.debug.lib : SemaphoreP_nortos.obj (.text.SemaphoreP_destruct)
                  7018e5a8    00000008     --HOLE-- [fill = 0]
                  7018e5b0    00000004     imu_interface_isr.o (.text.imu_uart_process_ipc_notification)
                  7018e5b4    0000000c     --HOLE-- [fill = 0]
                  7018e5c0    00000002     ti_board_open_close.o (.text.Board_driversClose)
                  7018e5c2    0000000e     --HOLE-- [fill = 0]
                  7018e5d0    00000002     ti_board_config.o (.text.Board_init)
                  7018e5d2    0000000e     --HOLE-- [fill = 0]
                  7018e5e0    00000002     ti_drivers_open_close.o (.text.Drivers_mcanOpen)
                  7018e5e2    0000000e     --HOLE-- [fill = 0]
                  7018e5f0    00000002     drivers.am263px.r5f.ti-arm-clang.nortos.debug.lib : ipc_notify_v1_cfg.obj (.text.IpcNotify_wait)
                  7018e5f2    0000000e     --HOLE-- [fill = 0]
                  7018e600    00000002     nortos.am263px.r5f.ti-arm-clang.debug.lib : TaskP_nortos.obj (.text.TaskP_yield)
                  7018e602    0000000e     --HOLE-- [fill = 0]

.rodata    0    7018e610    00002408     
                  7018e610    00000450     motor_mapping.o (.rodata.motor_config_table)
                  7018ea60    00000084     ti_dpl_config.o (.rodata.cfg)
                  7018eae4    00000004     nortos.am263px.r5f.ti-arm-clang.debug.lib : CacheP_armv7r.obj (.rodata.gCacheL1dCacheLineSize)
                  7018eae8    00000050                                               : printf.obj (.rodata._ftoa.pow10)
                  7018eb38    0000004d     gateway_shared.o (.rodata.str1.3223734256326991069.1)
                  7018eb85    0000004c     main.o (.rodata.str1.13030671760666898970.1)
                  7018ebd1    0000004c     main.o (.rodata.str1.17770841602246103764.1)
                  7018ec1d    0000004a     main.o (.rodata.str1.10224226614597680209.1)
                  7018ec67    00000049     can_interface.o (.rodata.str1.11434220007320834734.1)
                  7018ecb0    00000048     drivers.am263px.r5f.ti-arm-clang.nortos.debug.lib : soc_rcm.obj (.rodata.gADPLLJConfigTbl)
                  7018ecf8    00000048     main.o (.rodata.str1.2597068879322958637.1)
                  7018ed40    00000045     can_interface.o (.rodata.str1.17857559882412085052.1)
                  7018ed85    00000045     main.o (.rodata.str1.5043408953494467246.1)
                  7018edca    00000043     main.o (.rodata.str1.14079361385603432444.1)
                  7018ee0d    00000042     main.o (.rodata.str1.16631870348416990953.1)
                  7018ee4f    00000042     main.o (.rodata.str1.8320541211001259012.1)
                  7018ee91    00000003     can_interface.o (.rodata.str1.15257894921296593044.1)
                  7018ee94    00000040     drivers.am263px.r5f.ti-arm-clang.nortos.debug.lib : mcan.obj (.rodata.gDataSize)
                  7018eed4    00000040                                                       : ipc_notify_v1.obj (.rodata.str1.10118846006578224169.1)
                  7018ef14    00000040     gateway_shared.o (.rodata.str1.1309647279537151951.1)
                  7018ef54    00000040     main.o (.rodata.str1.6554448696319176064.1)
                  7018ef94    0000003f     main.o (.rodata.str1.1311392489248731986.1)
                  7018efd3    0000003e     imu_interface_isr.o (.rodata.str1.2252785669688110604.1)
                  7018f011    0000003d     main.o (.rodata.str1.10313062130652730376.1)
                  7018f04e    0000003d     main.o (.rodata.str1.11121730273200050387.1)
                  7018f08b    0000003d     nortos.am263px.r5f.ti-arm-clang.debug.lib : TimerP_rti_priv.obj (.rodata.str1.11388379688747141303.1)
                  7018f0c8    0000003c     main.o (.rodata.str1.2123964117280943167.1)
                  7018f104    0000003b     can_interface.o (.rodata.str1.5571669369711139161.1)
                  7018f13f    0000003b     can_interface.o (.rodata.str1.908759874261081554.1)
                  7018f17a    00000039     can_interface.o (.rodata.str1.13942422985958650841.1)
                  7018f1b3    00000039     can_interface.o (.rodata.str1.15002872967267125196.1)
                  7018f1ec    00000039     can_interface.o (.rodata.str1.1525376828482709340.1)
                  7018f225    00000038     can_interface.o (.rodata.str1.13538652865395202372.1)
                  7018f25d    00000038     gateway_shared.o (.rodata.str1.8694082244888993162.1)
                  7018f295    00000038     imu_interface_isr.o (.rodata.str1.9168798226845388136.1)
                  7018f2cd    00000037     gateway_shared.o (.rodata.str1.10638658715010209595.1)
                  7018f304    00000037     main.o (.rodata.str1.11702106008850790973.1)
                  7018f33b    00000037     can_interface.o (.rodata.str1.2296911319530636772.1)
                  7018f372    00000037     gateway_shared.o (.rodata.str1.5629998949668554045.1)
                  7018f3a9    00000036     can_interface.o (.rodata.str1.13796328800688497849.1)
                  7018f3df    00000036     imu_interface_isr.o (.rodata.str1.13916086747295221358.1)
                  7018f415    00000036     can_interface.o (.rodata.str1.6531933829109918715.1)
                  7018f44b    00000035     main.o (.rodata.str1.13782249893155712474.1)
                  7018f480    00000035     main.o (.rodata.str1.14402440632258215044.1)
                  7018f4b5    00000035     can_interface.o (.rodata.str1.16770118065840302171.1)
                  7018f4ea    00000035     can_interface.o (.rodata.str1.6692020027550076815.1)
                  7018f51f    00000035     ti_drivers_open_close.o (.rodata.str1.871795152488895636.1)
                  7018f554    00000034     main.o (.rodata.str1.11822182024223342093.1)
                  7018f588    00000034     main.o (.rodata.str1.14112174005742061988.1)
                  7018f5bc    00000034     main.o (.rodata.str1.17376258722486336754.1)
                  7018f5f0    00000034     main.o (.rodata.str1.2763581881760962609.1)
                  7018f624    00000034     main.o (.rodata.str1.6891813955777630061.1)
                  7018f658    00000034     main.o (.rodata.str1.7996925722583989644.1)
                  7018f68c    00000033     can_interface.o (.rodata.str1.15146467347084621569.1)
                  7018f6bf    00000033     can_interface.o (.rodata.str1.16025272084367396957.1)
                  7018f6f2    00000033     main.o (.rodata.str1.39260288392874984.1)
                  7018f725    00000033     main.o (.rodata.str1.403738606202455663.1)
                  7018f758    00000033     main.o (.rodata.str1.6976963560179378225.1)
                  7018f78b    00000032     can_interface.o (.rodata.str1.2569929632086669665.1)
                  7018f7bd    00000031     can_interface.o (.rodata.str1.4211222669969280216.1)
                  7018f7ee    00000031     gateway_shared.o (.rodata.str1.6121471336334202706.1)
                  7018f81f    00000031     motor_mapping.o (.rodata.str1.8787205977826144616.1)
                  7018f850    00000030     can_interface.o (.rodata.str1.10130696897761414469.1)
                  7018f880    00000030     main.o (.rodata.str1.10720410773482754683.1)
                  7018f8b0    00000030     can_interface.o (.rodata.str1.2167712102046818855.1)
                  7018f8e0    00000030     imu_interface_isr.o (.rodata.str1.4417852805959727765.1)
                  7018f910    00000030     main.o (.rodata.str1.8154729771448623357.1)
                  7018f940    0000002f     can_interface.o (.rodata.str1.15094798983471906066.1)
                  7018f96f    0000002f     main.o (.rodata.str1.2563708670032483588.1)
                  7018f99e    0000002f     gateway_shared.o (.rodata.str1.3129942817937968154.1)
                  7018f9cd    0000002f     main.o (.rodata.str1.9059077390166914652.1)
                  7018f9fc    0000002f     drivers.am263px.r5f.ti-arm-clang.nortos.debug.lib : ipc_notify_v1.obj (.rodata.str1.9418228565027791152.1)
                  7018fa2b    0000002e     can_interface.o (.rodata.str1.11024350005305706282.1)
                  7018fa59    0000002e     gateway_shared.o (.rodata.str1.11051107022181534624.1)
                  7018fa87    0000002e     main.o (.rodata.str1.11870794119293528247.1)
                  7018fab5    0000002e     main.o (.rodata.str1.7784929982665794503.1)
                  7018fae3    0000002e     gateway_shared.o (.rodata.str1.9859227269409816370.1)
                  7018fb11    0000002d     main.o (.rodata.str1.14466178792657420020.1)
                  7018fb3e    0000002d     can_interface.o (.rodata.str1.14845445665763636722.1)
                  7018fb6b    0000002d     can_interface.o (.rodata.str1.150960857071891705.1)
                  7018fb98    0000002d     can_interface.o (.rodata.str1.6401568125276999251.1)
                  7018fbc5    0000002d     main.o (.rodata.str1.8096991282711418442.1)
                  7018fbf2    0000002d     main.o (.rodata.str1.8428454045432808059.1)
                  7018fc1f    0000002c     can_interface.o (.rodata.str1.17102373369105828453.1)
                  7018fc4b    0000002c     can_interface.o (.rodata.str1.2401924719955226879.1)
                  7018fc77    0000002c     gateway_shared.o (.rodata.str1.7167262159681625771.1)
                  7018fca3    0000002c     main.o (.rodata.str1.8076846746581808073.1)
                  7018fccf    0000002b     can_interface.o (.rodata.str1.15906871730334742222.1)
                  7018fcfa    0000002b     main.o (.rodata.str1.18227636981041470289.1)
                  7018fd25    0000002b     can_interface.o (.rodata.str1.3858671167962548137.1)
                  7018fd50    0000002a     can_interface.o (.rodata.str1.14406550278730177052.1)
                  7018fd7a    0000002a     main.o (.rodata.str1.16302215771116645891.1)
                  7018fda4    0000002a     can_interface.o (.rodata.str1.17855712168153945246.1)
                  7018fdce    0000002a     nortos.am263px.r5f.ti-arm-clang.debug.lib : DebugP_log.obj (.rodata.str1.227947788441500939.1)
                  7018fdf8    0000002a     main.o (.rodata.str1.2846389346932560359.1)
                  7018fe22    00000029     imu_interface_isr.o (.rodata.str1.15503275091179387347.1)
                  7018fe4b    00000029     main.o (.rodata.str1.17045314124001216156.1)
                  7018fe74    00000029     can_interface.o (.rodata.str1.357542981605220142.1)
                  7018fe9d    00000029     main.o (.rodata.str1.4787932902692149498.1)
                  7018fec6    00000029     can_interface.o (.rodata.str1.6910353934698693424.1)
                  7018feef    00000029     can_interface.o (.rodata.str1.7679921882182829519.1)
                  7018ff18    00000029     main.o (.rodata.str1.8108965883388295311.1)
                  7018ff41    00000028     main.o (.rodata.str1.10635229749459437609.1)
                  7018ff69    00000028     main.o (.rodata.str1.15159059442110792349.1)
                  7018ff91    00000027     main.o (.rodata.str1.11321157723316767883.1)
                  7018ffb8    00000027     nortos.am263px.r5f.ti-arm-clang.debug.lib : ClockP_nortos_r5.obj (.rodata.str1.12743090444791882666.1)
                  7018ffdf    00000027     main.o (.rodata.str1.3530083166107438000.1)
                  70190006    00000026     can_interface.o (.rodata.str1.10186677634541030339.1)
                  7019002c    00000026     can_interface.o (.rodata.str1.13886886582160776261.1)
                  70190052    00000026     gateway_shared.o (.rodata.str1.17046880449980016103.1)
                  70190078    00000026     gateway_shared.o (.rodata.str1.5761821093615868877.1)
                  7019009e    00000025     main.o (.rodata.str1.13288086030101331538.1)
                  701900c3    00000025     main.o (.rodata.str1.15996357275703397564.1)
                  701900e8    00000024     can_interface.o (.rodata.str1.14428574951410983152.1)
                  7019010c    00000024     can_interface.o (.rodata.str1.17339864536769639315.1)
                  70190130    00000024     main.o (.rodata.str1.3292798375424520613.1)
                  70190154    00000024     imu_interface_isr.o (.rodata.str1.6306445455767916371.1)
                  70190178    00000024     main.o (.rodata.str1.7702501944640899365.1)
                  7019019c    00000023     drivers.am263px.r5f.ti-arm-clang.nortos.debug.lib : soc_rcm.obj (.rodata.str1.2078190104202520215.1)
                  701901bf    00000023     nortos.am263px.r5f.ti-arm-clang.debug.lib : ClockP_nortos_r5.obj (.rodata.str1.7689125538912326484.1)
                  701901e2    00000022     drivers.am263px.r5f.ti-arm-clang.nortos.debug.lib : edma.obj (.rodata.str1.12976018205622752890.1)
                  70190204    00000021     can_interface.o (.rodata.str1.12573338884863454617.1)
                  70190225    00000021     nortos.am263px.r5f.ti-arm-clang.debug.lib : ClockP_nortos_r5.obj (.rodata.str1.8559540482768925367.1)
                  70190246    00000002     drivers.am263px.r5f.ti-arm-clang.nortos.debug.lib : soc_rcm.obj (.rodata.gCR5ClkSrcInfoMap)
                  70190248    00000020                                                       : mcan.obj (.rodata.gMsgObjSize)
                  70190268    00000020     can_interface.o (.rodata.g_mcan_base_addr)
                  70190288    00000020     can_interface.o (.rodata.g_mcan_intr_num)
                  701902a8    00000020     can_interface.o (.rodata.g_mcan_rcm_id)
                  701902c8    00000020     main.o (.rodata.str1.16265332423659789559.1)
                  701902e8    00000020     drivers.am263px.r5f.ti-arm-clang.nortos.debug.lib : uart_v0.obj (.rodata.str1.16594507886308206351.1)
                  70190308    00000020                                                       : ipc_notify_v1.obj (.rodata.str1.2046905611612007019.1)
                  70190328    0000001f     can_interface.o (.rodata.str1.14695538922052102695.1)
                  70190347    0000001f     nortos.am263px.r5f.ti-arm-clang.debug.lib : ClockP_nortos_r5.obj (.rodata.str1.2746619892315392655.1)
                  70190366    0000001e     drivers.am263px.r5f.ti-arm-clang.nortos.debug.lib : ipc_notify_v1.obj (.rodata.str1.16593710740832512674.1)
                  70190384    0000001e     imu_interface_isr.o (.rodata.str1.5126834218174521685.1)
                  701903a2    0000001e     drivers.am263px.r5f.ti-arm-clang.nortos.debug.lib : ipc_notify_v1.obj (.rodata.str1.9050127465416171240.1)
[...]
7018e341  yis320_get_timestamp_ms              
7018bd41  yis320_protocol_handler_init         
7018e4b1  yis320_uart_configure                


GLOBAL SYMBOLS: SORTED BY Symbol Address 

address   name                                 
-------   ----                                 
00000000  __TI_ATRegion0_region_sz             
00000000  __TI_ATRegion0_src_addr              
00000000  __TI_ATRegion0_trg_addr              
00000000  __TI_ATRegion1_region_sz             
00000000  __TI_ATRegion1_src_addr              
00000000  __TI_ATRegion1_trg_addr              
00000000  __TI_ATRegion2_region_sz             
00000000  __TI_ATRegion2_src_addr              
00000000  __TI_ATRegion2_trg_addr              
00000000  __TI_static_base__                   
00000000  _vectors                             
00000100  __ABORT_STACK_SIZE                   
00000100  __FIQ_STACK_SIZE                     
00000100  __IRQ_STACK_SIZE                     
00000100  __UNDEFINED_STACK_SIZE               
00001000  __SVC_STACK_SIZE                     
00004000  __STACK_SIZE                         
70180a34  __aeabi_memclr                       
70180a34  __aeabi_memclr4                      
70180a34  __aeabi_memclr8                      
701810b8  C$$EXIT                              
701810b8  HOSTexit                             
701810c1  SOC_rcmEnablePeripheralClock         
701816f8  __aeabi_ldiv0                        
701816fc  __aeabi_memcpy                       
701816fc  __aeabi_memcpy4                      
701816fc  __aeabi_memcpy8                      
70181ce4  CSL_armR5ReadMpidrReg                
701821a1  UART_open                            
7018299c  __aeabi_memmove                      
7018299c  __aeabi_memmove4                     
7018299c  __aeabi_memmove8                     
701829a1  IpcNotify_init                       
701834e1  SOC_virtToPhy                        
70183af1  motor_mapping_init_core1             
70183df1  MCAN_msgRAMConfig                    
70184a01  UART_lld_dmaDeInit                   
70184c31  IpcNotify_isr                        
70184e61  CAN_TransmitBatch                    
70185071  TimerP_setupPriv                     
70185251  UART_lld_dmaWrite                    
701855b1  UART_close                           
70185761  UART_lld_controllerIsr               
70185901  CAN_StartRxInterrupts                
70185c21  MCAN_calcMsgRamParamsStartAddr       
70185f31  EDMA_unregisterIntr                  
701860a1  SOC_controlModuleUnlockMMR           
70186201  UART_lld_initDma                     
70186361  DebugP_shmLogWriterPutChar           
70186751  MCAN_setBitTime                      
701868a1  imu_uart_isr_init                    
701869f1  CAN_Init                             
70186c71  MCAN_readMsgRam                      
70186ef1  ClockP_init                          
70187031  UART_procLineStatusErr               
70187171  EDMA_registerIntr                    
701872b1  MCAN_init                            
701873f1  UART_lld_init                        
70187521  MCAN_config                          
70187651  SOC_controlModuleLockMMR             
70187781  SOC_rcmGetPeripheralClockFrequency   
701879c1  DebugP_shmLogWriterPutLine           
70187ae1  UART_lld_dmaRead                     
70187bfc  __udivmoddi4                         
70188191  IpcNotify_sendMsg                    
701883b1  GPIO_init                            
701884c1  SemaphoreP_pend                      
701885d1  gateway_ringbuf_read                 
701888d1  gateway_write_motor_config           
70188ba1  EDMA_freeChannelRegion               
70188c91  EDMA_freeParam                       
70188d81  EDMA_freeDmaChannel                  
70188e61  EDMA_freeTcc                         
70188f41  UART_intrEnable                      
70189021  UART_intrDisable                     
70189101  AddrTranslateP_getLocalAddr          
701891d1  EDMA_disableChInShadowRegRegion      
701892a1  EDMA_enableChInShadowRegRegion       
70189371  EDMA_mapChToEvtQ                     
70189441  EDMA_configureChannelRegion          
701895c1  UART_flushTxFifo                     
70189741  ClockP_timerTickIsr                  
70189801  TimerP_init                          
701898c1  ClockP_stop                          
70189981  IpcNotify_waitSync                   
70189a41  gateway_write_motor_states           
70189b01  CycleCounterP_init                   
70189b21  CycleCounterP_reset                  
70189b71  CycleCounterP_nsToTicks              
70189bb1  CycleCounterP_enableUserAccess       
70189bc1  MCAN_writeMsgRam                     
70189c71  SOC_rcmSetPeripheralClock            
70189d21  UART_init                            
70189f31  gateway_core1_wait_for_ready         
7018a091  ClockP_destruct                      
7018a141  Drivers_uartOpen                     
7018a291  gateway_core1_ipc_callback           
7018a471  imu_uart_read                        
7018a511  IpcNotify_registerClient             
7018a651  ClockP_getTimeUsec                   
7018a6f1  EDMA_unmapChToEvtQ                   
7018a791  yis320_convert_to_ipc                
7018a831  EDMA_disableTransferRegion           
7018a8c1  EDMA_enableTransferRegion            
7018aa71  UART_lld_flushTxFifo                 
7018ab91  EDMA_allocDmaChannel                 
7018ac21  EDMA_allocParam                      
7018acb1  EDMA_allocTcc                        
7018ae61  IpcNotify_syncAll                    
7018aef1  imu_protocol_manager_init            
7018af81  MCAN_addStdMsgIDFilter               
7018b081  System_init                          
7018b181  _DebugP_assert                       
7018b201  gateway_ringbuf_core1_init           
7018b301  UART_Params_init                     
7018b381  EDMA_linkChannel                     
7018b481  ClockP_usleep                        
7018b501  EDMA_clrMissEvtRegion                
7018b6e1  EDMA_getBaseAddr                     
7018b7c1  imu_protocol_get_state               
7018b831  SOC_rcmGetR5Clock                    
7018b8a1  SOC_rcmIsR5FInLockStepMode           
7018b981  UART_lld_deInitDma                   
7018b9f1  imu_protocol_process_uart_rx         
7018ba61  MCAN_enableIntr                      
7018bad1  MCAN_initTxBufElement                
7018bbb1  SemaphoreP_post                      
7018bc21  MCAN_selectIntrLine                  
7018bc81  UART_getChar                         
7018bd41  yis320_protocol_handler_init         
7018bda1  Module_clockSetFrequency             
7018be01  UART_lld_deInit                      
7018c0a1  gateway_write_imu_state              
7018c161  Dpl_init                             
7018c1c1  EDMA_setPaRAM                        
7018c281  main                                 
7018c2d4  __TI_auto_init_nobinit_nopinit       
7018c331  Drivers_uartClose                    
7018c381  Pinmux_config                        
7018c3d1  UART_checkCharsAvailInFifo           
7018c421  DebugP_shmLogWriterInit              
7018c471  EDMA_clrEvtRegion                    
7018c4c1  EDMA_disableDmaEvtRegion             
7018c511  EDMA_disableEvtIntrRegion            
7018c561  EDMA_enableDmaEvtRegion              
7018c5b1  EDMA_enableEvtIntrRegion             
7018c601  EDMA_setEvtRegion                    
7018c651  GPIO_setDirMode                      
7018c6a1  MCAN_enableIntrLine                  
7018c6f1  ClockP_construct                     
7018c741  EDMA_ccPaRAMEntry_init               
7018c791  EDMA_mapQdmaChToPaRAM                
7018c7e1  EDMA_readEventStatusRegion           
7018c831  IpcNotify_unregisterClient           
7018c881  Module_clockEnable                   
7018c8d1  gateway_update_stat                  
7018c91c  memmove                              
7018c9c1  timerISR                             
7018ca11  IpcNotify_Params_init                
7018cab1  UART_getIntrIdentityStatus           
7018cba1  CAN_RegisterRxCallback               
7018cc91  UART_readLineStatus                  
7018cce1  imu_protocol_handler_init            
7018ce21  SemaphoreP_construct                 
7018ce71  _DebugP_logZone                      
7018cf11  ClockP_start                         
7018d031  UART_spaceAvail                      
7018d071  gateway_core1_init                   
7018d0b1  gateway_update_heartbeat             
7018d131  UART_IsTxRxFifoEmpty                 
7018d1b1  MCAN_txBufAddReq                     
7018d1f1  SOC_moduleSetClockFrequency          
7018d2b1  snprintf_                            
7018d2f1  SOC_getCoreName                      
7018d328  CycleCounterP_getCount32             
7018d330  PmuP_setup                           
7018d338  PmuP_enableCounters                  
7018d340  PmuP_disableCounters                 
7018d348  PmuP_getOverflowStatus               
7018d350  PmuP_clearOverflowStatus             
7018d358  PmuP_setUserEnable                   
7018d3a1  EDMA_getRegionId                     
7018d461  IpcNotify_syncCallback               
7018d4e1  MCAN_calcCfgAddr                     
7018d561  TimerP_Params_initPriv               
7018d5e1  motor_get_config                     
7018d6e1  TimerP_getCountPriv                  
7018d801  gateway_signal_motor_config_ready    
7018d831  UART_lld_dmaInit                     
7018d891  DebugP_logZoneEnable                 
7018d8f1  MCAN_clearNewDataStatus              
7018d921  MCAN_getNewDataStatus                
7018d951  SemaphoreP_constructBinary           
7018d9e1  UART_intr2Disable                    
7018da11  UART_operatingModeSelect             
7018da71  CSL_armR5GetCpuID                    
7018daa1  vprintf_                             
7018dad1  EDMA_disableQdmaEvtRegion            
7018db01  EDMA_enableQdmaEvtRegion             
7018db61  IpcNotify_allocSwQueue               
7018dbc1  IpcNotify_getConfig                  
7018dbf1  SemaphoreP_constructMutex            
7018dcb1  UART_getBaseAddr                     
7018dcd4  __aeabi_uldivmod                     
7018dd31  EDMA_channelToParamMap               
7018dd61  gateway_ringbuf_core1_receive        
7018dd91  ClockP_isActive                      
7018ddb1  ClockP_usecToTicks                   
7018de11  ClockP_Params_init                   
7018de31  EDMA_getEventStatusHigh              
7018de51  MCAN_setOpMode                       
7018de71  SOC_getSelfCpuClk                    
7018de91  SOC_moduleClockEnable                
7018deb1  TimerP_isr0                          
7018def1  UART_lld_Transaction_deInit          
7018df11  EDMA_getEventStatus                  
7018df8c  TI_memcpy_small                      
7018dfb1  MCAN_clearIntrStatus                 
7018dfd1  MCAN_getOpMode                       
7018e031  ClockP_ticksToUsec                   
7018e051  EDMA_isInterruptEnabled              
7018e091  IpcNotify_trigInterrupt              
7018e0b1  SemaphoreP_Params_init               
7018e0d1  TimerP_getReloadCountPriv            
7018e131  UART_putChar                         
7018e148  TI_memset_small                      
7018e161  IpcNotify_sendSync                   
7018e181  MCAN_getIntrStatus                   
7018e1a1  TimerP_startPriv                     
7018e1c1  TimerP_stopPriv                      
7018e281  TimerP_clearOverflowIntPriv          
7018e2a1  TimerP_setup                         
7018e2c1  putchar_                             
7018e2e1  Pinmux_init                          
7018e321  imu_uart_is_initialized              
7018e341  yis320_get_timestamp_ms              
7018e3a1  ClockP_getTimerCount                 
7018e3b1  ClockP_timerClearOverflowInt         
7018e431  TimerP_Params_init                   
7018e441  TimerP_clearOverflowInt              
7018e451  TimerP_getCount                      
7018e461  TimerP_getReloadCount                
7018e471  TimerP_start                         
7018e491  gateway_notify_imu_ready             
7018e4a1  gateway_notify_states_ready          
7018e4b1  yis320_uart_configure                
7018e4c1  Board_driversOpen                    
7018e4d1  ClockP_getTicks                      
7018e4e1  Drivers_open                         
7018e4f1  PowerClock_init                      
7018e571  Drivers_uartInit                     
7018e5a1  SemaphoreP_destruct                  
7018e5b1  imu_uart_process_ipc_notification    
7018e5c1  Board_driversClose                   
7018e5d1  Board_init                           
7018e5e1  Drivers_mcanOpen                     
7018e5f1  IpcNotify_wait                       
7018e601  TaskP_yield                          
7018ea60  gCacheConfig                         
7018ea68  gMpuConfig                           
7018ea74  gMpuRegionConfig                     
7018eae4  gCacheL1dCacheLineSize               
7018ecb0  gADPLLJConfigTbl                     
70190246  gCR5ClkSrcInfoMap                    
70190614  gPeripheralClkSrcInfoMap             
701909b4  gXTALInfo                            
70190a08  gCacheL1pCacheLineSize               
70190a18  __BSS_START                          
70191598  gHwiCtrl                             
70191da4  g_yis320_private_data                
701921ac  g_motor_lookup                       
70192e18  gIpcNotifyCtrl                       
70193084  gTimerBaseAddr                       
70193088  gClockCtrl                           
701930a8  virtToPhymap                         
701930cc  gTimerHwiObj                         
701930d0  gUartHandle                          
701930d8  __BSS_END                            
701930d8  __stack                              
701970d8  __STACK_END                          
701970e1  HwiP_enableInt                       
70197121  HwiP_disableInt                      
70197181  HwiP_restoreInt                      
701971b1  HwiP_clearInt                        
701971f1  HwiP_post                            
70197231  HwiP_Params_init                     
70197261  HwiP_construct                       
70197451  HwiP_destruct                        
701974c1  HwiP_init                            
70197671  HwiP_inISR                           
701976a1  HwiP_setVimIrqPriMaskNonAtomic       
701976f1  HwiP_setVimIrqPriMaskAtomic          
70197791  HwiP_restoreVimIrqPriMask            
701977a1  HwiP_irq_handler_c                   
70197941  HwiP_fiq_handler                     
70197aa1  HwiP_reserved_handler                
70197ae1  HwiP_undefined_handler_c             
70197b01  HwiP_user_undefined_handler_c        
70197b21  HwiP_svc_handler                     
70197b61  HwiP_prefetch_abort_handler_c        
70197c01  HwiP_user_prefetch_abort_handler_c   
70197c41  HwiP_data_abort_handler_c            
70197d01  HwiP_user_data_abort_handler_c       
70197d3c  HwiP_irq_handler                     
70197db0  HwiP_data_abort_handler              
70197df4  HwiP_prefetch_abort_handler          
70197e40  HwiP_undefined_handler               
70197e70  GET_DFSR                             
70197e78  GET_ADFSR                            
70197e80  GET_DFAR                             
70197e88  GET_IFSR                             
70197e90  GET_AIFSR                            
70197e98  GET_IFAR                             
70197ea0  GET_SPSR                             
70197eb8  HwiP_disable                         
70197ec8  HwiP_disableFIQ                      
70197ed8  HwiP_enable                          
70197ee8  HwiP_enableFIQ                       
70197ef8  HwiP_restore                         
70197f00  HwiP_enableVIC                       
70197f10  HwiP_disableVIC                      
70197f20  HwiP_getCPSR                         
70197f30  CacheP_disableL1d                    
70197f58  CacheP_disableL1p                    
70197f70  CacheP_enableL1d                     
70197f88  CacheP_enableL1p                     
70197fa0  CacheP_invL1d                        
70197fd8  CacheP_invL1p                        
70198014  CacheP_invL1dAll                     
7019801c  CacheP_invL1pAll                     
70198024  CacheP_wb                            
70198060  CacheP_wbInv                         
7019809c  CacheP_wbAll                         
70198144  CacheP_wbInvAll                      
7019815c  CacheP_wbInvAllAsm                   
701981fc  CacheP_getEnabled                    
70198234  CacheP_getCacheLevelInfo             
70198240  CacheP_configForceWrThru             
70198260  CacheP_setDLFO                       
70198271  CacheP_init                          
70198301  CacheP_disable                       
70198351  CacheP_enable                        
70198391  CacheP_inv                           
701983d1  MpuP_getAttrs                        
70198431  MpuP_RegionAttrs_init                
70198461  MpuP_setRegion                       
701984f1  MpuP_isEnable                        
70198501  MpuP_disable                         
70198541  MpuP_enable                          
70198591  MpuP_init                            
70198631  MpuP_isUserAuthorizedToAccessMemory  
70198710  MpuP_disableAsm                      
70198728  MpuP_disableBRAsm                    
70198738  MpuP_enableAsm                       
70198750  MpuP_enableBRAsm                     
70198760  MpuP_isEnableAsm                     
70198774  MpuP_setRegionAsm                    
70198790  _c_int00_sbl                         
701987b4  _c_int00                             
701988e1  _DebugP_assertNoLog                  
70198911  _system_pre_init                     
70198941  __mpu_init                           
70198950  abort                                
70198958  gEdmaConfig                          
70198958  gUartDmaHandle                       
70198a7c  gIpcNotifyMailboxConfig              
70198c54  gSocModulesClockFrequency            
70198ccc  gUartParams                          
70198d24  gSocModules                          
70198d64  gClockConfig                         
70198d7c  gIpcNotifyInterruptConfig_r5fss1_1   
70198da8  gIpcNotifyCoreIntrBitPos             
70198dc8  gAddrTranslateConfig                 
70198ddc  gUartConfig                          
70198df0  gDebugLogZone                        
70198dfc  gEdmaConfigNum                       
70198e00  gHwiConfig                           
70198e04  gIpcNotifyInterruptConfigNum_r5fss1_1
70198e08  gUartConfigNum                       
70198e0c  gUartDmaChConfig                     
70198e4c  isMapAvailable                       
70198e50  __IRQ_STACK_START                    
70198f50  __FIQ_STACK_START                    
70198f50  __IRQ_STACK_END                      
70199050  __FIQ_STACK_END                      
70199050  __SVC_STACK_START                    
7019a050  __ABORT_STACK_START                  
7019a050  __SVC_STACK_END                      
7019a150  __ABORT_STACK_END                    
7019a150  __UNDEFINED_STACK_START              
7019a250  __UNDEFINED_STACK_END                
70200000  gGatewaySharedMem                    
70204d30  dbg_ipc_send_count                   
70204d34  dbg_ipc_register_count               
70204d38  dbg_imu_uart_isr_count               
70204d3c  dbg_imu_rx_byte_count                
70204d40  dbg_imu_frame_count                  
70204d44  dbg_can_rx_count                     
70204d48  dbg_can_tx_count                     
70208000  gDebugShmLog                         
ffffffff  __TI_pprof_out_hndl                  
ffffffff  __TI_prof_data_size                  
ffffffff  __TI_prof_data_start                 
ffffffff  __binit__                            
ffffffff  binit                                
UNDEFED   __TI_CINIT_Base                      
UNDEFED   __TI_CINIT_Limit                     
UNDEFED   __TI_Handler_Table_Base              
UNDEFED   __TI_Handler_Table_Limit             
UNDEFED   _system_post_cinit                   

[410 symbols]
