******************************************************************************
            TI ARM Clang Linker PC v4.0.4                      
******************************************************************************
>> Linked Tue Mar 31 21:22:25 2026

OUTPUT FILE NAME:   <ccu_ti_multi_core_realtime.out>
ENTRY POINT SYMBOL: "_vectors"  address: 00000000


MEMORY CONFIGURATION

         name            origin    length      used     unused   attr    fill
----------------------  --------  ---------  --------  --------  ----  --------
  R5F_VECS              00000000   00000040  00000040  00000000  RWIX
  R5F_TCMA              00000040   00007fc0  00000000  00007fc0  RWIX
  R5F_TCMB              00080000   00008000  00000000  00008000  RWIX
  MAILBOX_HSM           44000000   000003ce  00000000  000003ce  RWIX
  MAILBOX_R5F           44000400   000003ce  00000000  000003ce  RWIX
  FLASH                 60180000   00080000  00000000  00080000  RWIX
  OCRAM                 70180000   00080000  00019d08  000662f8  RWIX
  USER_SHM_MEM          70200000   00008000  00004d4c  000032b4  RWIX
  LOG_SHM_MEM           70208000   00004000  00002000  00002000  RWIX
  RTOS_NORTOS_IPC_SHM_M 72000000   00003e80  00000000  00003e80  RWIX


SEGMENT ALLOCATION MAP

run origin  load origin   length   init length attrs members
----------  ----------- ---------- ----------- ----- -------
00000000    00000000    00000040   00000040    r-x
  00000000    00000000    00000040   00000040    r-x .vectors
70180000    70180000    000104d8   000104d8    r-x
  70180000    70180000    0000e250   0000e250    r-x .text
  7018e250    7018e250    00002288   00002288    r-- .rodata
701904d8    701904d8    000066c0   00000000    rw-
  701904d8    701904d8    000026c0   00000000    rw- .bss
  70192b98    70192b98    00004000   00000000    rw- .stack
70196ba0    70196ba0    00001878   00001878    r-x
  70196ba0    70196ba0    00000e50   00000e50    r-x .text.hwi
  701979f0    701979f0    000004a0   000004a0    r-x .text.cache
  70197e90    70197e90    000003c0   000003c0    r-x .text.mpu
  70198250    70198250    000001c0   000001c0    r-x .text.boot
  70198410    70198410    00000008   00000008    r-x .text:abort
70198418    70198418    000018f8   000004f8    rw-
  70198418    70198418    000004f8   000004f8    rw- .data
  70198910    70198910    00000100   00000000    rw- .irqstack
  70198a10    70198a10    00000100   00000000    rw- .fiqstack
  70198b10    70198b10    00001000   00000000    rw- .svcstack
  70199b10    70199b10    00000100   00000000    rw- .abortstack
  70199c10    70199c10    00000100   00000000    rw- .undefinedstack


SECTION ALLOCATION MAP

 output                                  attributes/
section   page    origin      length       input sections
--------  ----  ----------  ----------   ----------------
.vectors   0    00000000    00000040     
                  00000000    00000040     nortos.am263px.r5f.ti-arm-clang.debug.lib : HwiP_armv7r_vectors_nortos_asm.obj (.vectors)

.text      0    70180000    0000e250     
                  70180000    00000a34     nortos.am263px.r5f.ti-arm-clang.debug.lib : printf.obj (.text._vsnprintf)
                  70180a34    0000000c     libclang_rt.builtins.a : aeabi_memset.S.obj (.text.__aeabi_memclr)
                  70180a40    00000678     drivers.am263px.r5f.ti-arm-clang.nortos.debug.lib : soc_rcm.obj (.text.SOC_rcmGetClkSrcAndDivReg)
                  701810b8    00000008     libsysbm.a : hostexit.c.obj (.text.HOSTexit)
                  701810c0    00000638     drivers.am263px.r5f.ti-arm-clang.nortos.debug.lib : soc_rcm.obj (.text.SOC_rcmEnablePeripheralClock)
                  701816f8    00000004     libclang_rt.builtins.a : aeabi_div0.c.obj (.text.__aeabi_ldiv0)
                  701816fc    00000004                            : aeabi_memcpy.S.obj (.text.__aeabi_memcpy)
                  70181700    000005e2     nortos.am263px.r5f.ti-arm-clang.debug.lib : printf.obj (.text._ftoa)
                  70181ce2    00000002     --HOLE-- [fill = 0]
                  70181ce4    0000000c                                               : CpuId_armv7r_asm.obj (.text)
                  70181cf0    000004b0                                               : printf.obj (.text._etoa)
                  701821a0    00000400     drivers.am263px.r5f.ti-arm-clang.nortos.debug.lib : uart_v0.obj (.text.UART_open)
                  701825a0    000003fc     yis320_protocol.o (.text.vtable_process_rx_data)
                  7018299c    00000004     libclang_rt.builtins.a : aeabi_memmove.S.obj (.text.__aeabi_memmove)
                  701829a0    000003dc     drivers.am263px.r5f.ti-arm-clang.nortos.debug.lib : ipc_notify_v1.obj (.text.IpcNotify_init)
                  70182d7c    00000004     --HOLE-- [fill = 0]
                  70182d80    00000398     can_interface.o (.text.init_single_mcan)
                  70183118    00000008     --HOLE-- [fill = 0]
                  70183120    00000302     drivers.am263px.r5f.ti-arm-clang.nortos.debug.lib : soc.obj (.text.SOC_virtToPhy)
                  70183422    0000000e     --HOLE-- [fill = 0]
                  70183430    000002f4     motor_mapping.o (.text.motor_mapping_init_core1)
                  70183724    0000000c     --HOLE-- [fill = 0]
                  70183730    000002d8     main.o (.text.core1_init)
                  70183a08    00000008     --HOLE-- [fill = 0]
                  70183a10    000002a8     drivers.am263px.r5f.ti-arm-clang.nortos.debug.lib : mcan.obj (.text.MCAN_msgRAMConfig)
                  70183cb8    00000008     --HOLE-- [fill = 0]
                  70183cc0    0000027e                                                       : uart_dma_edma.obj (.text.UART_edmaChInit)
                  70183f3e    00000002     --HOLE-- [fill = 0]
                  70183f40    00000250                                                       : edma.obj (.text.Alloc_resource)
                  70184190    00000242                                                       : uart_v0_lld.obj (.text.UART_fifoConfig)
                  701843d2    0000000e     --HOLE-- [fill = 0]
                  701843e0    0000023e     nortos.am263px.r5f.ti-arm-clang.debug.lib : printf.obj (.text._ntoa_format)
                  7018461e    00000002     --HOLE-- [fill = 0]
                  70184620    00000226     drivers.am263px.r5f.ti-arm-clang.nortos.debug.lib : uart_dma_edma.obj (.text.UART_lld_dmaDeInit)
                  70184846    0000000a     --HOLE-- [fill = 0]
                  70184850    00000222                                                       : ipc_notify_v1.obj (.text.IpcNotify_isr)
                  70184a72    0000000e     --HOLE-- [fill = 0]
                  70184a80    00000206     can_interface.o (.text.CAN_TransmitBatch)
                  70184c86    0000000a     --HOLE-- [fill = 0]
                  70184c90    000001e4     main.o (.text.main_loop)
                  70184e74    0000000c     --HOLE-- [fill = 0]
                  70184e80    000001d6     nortos.am263px.r5f.ti-arm-clang.debug.lib : TimerP_rti_priv.obj (.text.TimerP_setupPriv)
                  70185056    0000000a     --HOLE-- [fill = 0]
                  70185060    000001aa     drivers.am263px.r5f.ti-arm-clang.nortos.debug.lib : uart_dma_edma.obj (.text.UART_lld_dmaWrite)
                  7018520a    00000006     --HOLE-- [fill = 0]
                  70185210    000001aa     can_interface.o (.text.can_rx_isr)
                  701853ba    00000006     --HOLE-- [fill = 0]
                  701853c0    000001a8     drivers.am263px.r5f.ti-arm-clang.nortos.debug.lib : uart_v0.obj (.text.UART_close)
                  70185568    00000008     --HOLE-- [fill = 0]
                  70185570    00000198                                                       : uart_v0_lld.obj (.text.UART_lld_controllerIsr)
                  70185708    00000008     --HOLE-- [fill = 0]
                  70185710    00000188     can_interface.o (.text.CAN_StartRxInterrupts)
                  70185898    00000008     --HOLE-- [fill = 0]
                  701858a0    00000186     drivers.am263px.r5f.ti-arm-clang.nortos.debug.lib : mcan.obj (.text.MCAN_readMsg)
                  70185a26    0000000a     --HOLE-- [fill = 0]
                  70185a30    00000184                                                       : mcan.obj (.text.MCAN_calcMsgRamParamsStartAddr)
                  70185bb4    0000000c     --HOLE-- [fill = 0]
                  70185bc0    00000176     main.o (.text.transmit_can_frames)
                  70185d36    0000000a     --HOLE-- [fill = 0]
                  70185d40    00000162     drivers.am263px.r5f.ti-arm-clang.nortos.debug.lib : edma.obj (.text.EDMA_unregisterIntr)
                  70185ea2    0000000e     --HOLE-- [fill = 0]
                  70185eb0    00000158                                                       : soc.obj (.text.SOC_controlModuleUnlockMMR)
                  70186008    00000008     --HOLE-- [fill = 0]
                  70186010    00000152                                                       : uart_v0_lld.obj (.text.UART_lld_initDma)
                  70186162    0000000e     --HOLE-- [fill = 0]
                  70186170    00000150     nortos.am263px.r5f.ti-arm-clang.debug.lib : DebugP_shmLogWriter.obj (.text.DebugP_shmLogWriterPutChar)
                  701862c0    00000150     drivers.am263px.r5f.ti-arm-clang.nortos.debug.lib : mcan.obj (.text.MCAN_writeMsg)
                  70186410    0000014e     yis320_protocol.o (.text.parse_imu_frame)
                  7018655e    00000002     --HOLE-- [fill = 0]
                  70186560    0000014c     drivers.am263px.r5f.ti-arm-clang.nortos.debug.lib : mcan.obj (.text.MCAN_setBitTime)
                  701866ac    00000004     --HOLE-- [fill = 0]
                  701866b0    00000142     imu_interface_isr.o (.text.imu_uart_isr_init)
                  701867f2    0000000e     --HOLE-- [fill = 0]
                  70186800    00000140     can_interface.o (.text.CAN_Init)
                  70186940    0000013a     drivers.am263px.r5f.ti-arm-clang.nortos.debug.lib : edma.obj (.text.EDMA_isDmaChannelAllocated)
                  70186a7a    00000006     --HOLE-- [fill = 0]
                  70186a80    00000138                                                       : mcan.obj (.text.MCAN_readMsgRam)
                  70186bb8    00000008     --HOLE-- [fill = 0]
                  70186bc0    00000138     nortos.am263px.r5f.ti-arm-clang.debug.lib : printf.obj (.text._ntoa_long_long)
                  70186cf8    00000008     --HOLE-- [fill = 0]
                  70186d00    00000136                                               : ClockP_nortos_r5.obj (.text.ClockP_init)
                  70186e36    0000000a     --HOLE-- [fill = 0]
                  70186e40    00000136     drivers.am263px.r5f.ti-arm-clang.nortos.debug.lib : uart_v0_lld.obj (.text.UART_procLineStatusErr)
                  70186f76    0000000a     --HOLE-- [fill = 0]
                  70186f80    00000134                                                       : edma.obj (.text.EDMA_registerIntr)
                  701870b4    0000000c     --HOLE-- [fill = 0]
                  701870c0    00000134                                                       : mcan.obj (.text.MCAN_init)
                  701871f4    0000000c     --HOLE-- [fill = 0]
                  70187200    0000012c                                                       : uart_v0_lld.obj (.text.UART_lld_init)
                  7018732c    00000004     --HOLE-- [fill = 0]
                  70187330    0000012a                                                       : mcan.obj (.text.MCAN_config)
                  7018745a    00000006     --HOLE-- [fill = 0]
                  70187460    00000126                                                       : soc.obj (.text.SOC_controlModuleLockMMR)
                  70187586    0000000a     --HOLE-- [fill = 0]
                  70187590    00000120                                                       : soc_rcm.obj (.text.SOC_rcmGetPeripheralClockFrequency)
                  701876b0    00000120     can_interface.o (.text.init_can_stb_gpios)
                  701877d0    0000011c     nortos.am263px.r5f.ti-arm-clang.debug.lib : DebugP_shmLogWriter.obj (.text.DebugP_shmLogWriterPutLine)
                  701878ec    00000004     --HOLE-- [fill = 0]
                  701878f0    0000011c     drivers.am263px.r5f.ti-arm-clang.nortos.debug.lib : uart_dma_edma.obj (.text.UART_lld_dmaRead)
                  70187a0c    00000118     libclang_rt.builtins.a : udivmoddi4.S.obj (.text)
                  70187b24    0000000c     --HOLE-- [fill = 0]
                  70187b30    00000116     drivers.am263px.r5f.ti-arm-clang.nortos.debug.lib : edma.obj (.text.EDMA_isTccAllocated)
                  70187c46    0000000a     --HOLE-- [fill = 0]
                  70187c50    00000116                                                       : uart_v0_lld.obj (.text.UART_divisorLatchWrite)
                  70187d66    0000000a     --HOLE-- [fill = 0]
                  70187d70    00000114     nortos.am263px.r5f.ti-arm-clang.debug.lib : printf.obj (.text._ntoa_long)
                  70187e84    0000000c     --HOLE-- [fill = 0]
                  70187e90    0000010e     drivers.am263px.r5f.ti-arm-clang.nortos.debug.lib : soc_rcm.obj (.text.SOC_rcmADPLLJGetFOut)
                  70187f9e    00000002     --HOLE-- [fill = 0]
                  70187fa0    0000010a                                                       : ipc_notify_v1.obj (.text.IpcNotify_sendMsg)
                  701880aa    00000006     --HOLE-- [fill = 0]
                  701880b0    00000104                                                       : uart_v0_lld.obj (.text.UART_configInstance)
                  701881b4    0000000c     --HOLE-- [fill = 0]
                  701881c0    00000102     ti_drivers_config.o (.text.GPIO_init)
                  701882c2    0000000e     --HOLE-- [fill = 0]
                  701882d0    00000102     nortos.am263px.r5f.ti-arm-clang.debug.lib : SemaphoreP_nortos.obj (.text.SemaphoreP_pend)
                  701883d2    0000000e     --HOLE-- [fill = 0]
                  701883e0    00000102     gateway_shared.o (.text.gateway_ringbuf_read)
                  701884e2    0000000e     --HOLE-- [fill = 0]
                  701884f0    000000f6     main.o (.text.process_can_rx)
                  701885e6    0000000a     --HOLE-- [fill = 0]
                  701885f0    000000ee     main.o (.text.process_motor_commands)
                  701886de    00000002     --HOLE-- [fill = 0]
                  701886e0    000000ec     gateway_shared.o (.text.gateway_write_motor_config)
                  701887cc    00000004     --HOLE-- [fill = 0]
                  701887d0    000000e6     drivers.am263px.r5f.ti-arm-clang.nortos.debug.lib : soc_rcm.obj (.text.SOC_rcmGetCoreFout)
                  701888b6    0000000a     --HOLE-- [fill = 0]
                  701888c0    000000e6                                                       : soc_rcm.obj (.text.SOC_rcmGetPerFout)
                  701889a6    0000000a     --HOLE-- [fill = 0]
                  701889b0    000000e4                                                       : edma.obj (.text.EDMA_freeChannelRegion)
                  70188a94    0000000c     --HOLE-- [fill = 0]
                  70188aa0    000000e2                                                       : edma.obj (.text.EDMA_freeParam)
                  70188b82    0000000e     --HOLE-- [fill = 0]
                  70188b90    000000e0                                                       : edma.obj (.text.EDMA_freeDmaChannel)
                  70188c70    000000e0                                                       : edma.obj (.text.EDMA_freeTcc)
                  70188d50    000000de                                                       : uart_v0_lld.obj (.text.UART_intrEnable)
                  70188e2e    00000002     --HOLE-- [fill = 0]
                  70188e30    000000da                                                       : uart_v0_lld.obj (.text.UART_intrDisable)
                  70188f0a    00000006     --HOLE-- [fill = 0]
                  70188f10    000000d0     nortos.am263px.r5f.ti-arm-clang.debug.lib : AddrTranslateP_32bit.obj (.text.AddrTranslateP_getLocalAddr)
                  70188fe0    000000ce     drivers.am263px.r5f.ti-arm-clang.nortos.debug.lib : edma.obj (.text.EDMA_disableChInShadowRegRegion)
                  701890ae    00000002     --HOLE-- [fill = 0]
                  701890b0    000000cc                                                       : edma.obj (.text.EDMA_enableChInShadowRegRegion)
                  7018917c    00000004     --HOLE-- [fill = 0]
                  70189180    000000c4                                                       : edma.obj (.text.EDMA_mapChToEvtQ)
                  70189244    0000000c     --HOLE-- [fill = 0]
                  70189250    000000c0                                                       : edma.obj (.text.EDMA_configureChannelRegion)
                  70189310    000000c0                                                       : soc_rcm.obj (.text.SOC_rcmGetPerHSDivOut)
                  701893d0    000000c0                                                       : uart_v0.obj (.text.UART_flushTxFifo)
                  70189490    000000c0     nortos.am263px.r5f.ti-arm-clang.debug.lib : printf.obj (.text._out_rev)
                  70189550    000000be                                               : ClockP_nortos.obj (.text.ClockP_timerTickIsr)
                  7018960e    00000002     --HOLE-- [fill = 0]
                  70189610    000000be     ti_dpl_config.o (.text.TimerP_init)
                  701896ce    00000002     --HOLE-- [fill = 0]
                  701896d0    000000ba     nortos.am263px.r5f.ti-arm-clang.debug.lib : ClockP_nortos.obj (.text.ClockP_stop)
                  7018978a    00000006     --HOLE-- [fill = 0]
                  70189790    000000ba     drivers.am263px.r5f.ti-arm-clang.nortos.debug.lib : ipc_notify_v1.obj (.text.IpcNotify_waitSync)
                  7018984a    00000006     --HOLE-- [fill = 0]
                  70189850    000000ba     gateway_shared.o (.text.gateway_write_motor_states)
                  7018990a    00000006     --HOLE-- [fill = 0]
                  70189910    000000ba     nortos.am263px.r5f.ti-arm-clang.debug.lib : PmuP_armv7r.obj (.text.pmu)
                  701899ca    00000006     --HOLE-- [fill = 0]
                  701899d0    000000b0     drivers.am263px.r5f.ti-arm-clang.nortos.debug.lib : mcan.obj (.text.MCAN_writeMsgRam)
                  70189a80    000000b0                                                       : soc_rcm.obj (.text.SOC_rcmSetPeripheralClock)
                  70189b30    000000b0                                                       : uart_v0.obj (.text.UART_init)
                  70189be0    000000b0     imu_interface_isr.o (.text.imu_uart_isr)
                  70189c90    000000ae     drivers.am263px.r5f.ti-arm-clang.nortos.debug.lib : mcan.obj (.text.MCAN_getOffsetAddr)
                  70189d3e    00000002     --HOLE-- [fill = 0]
                  70189d40    000000ac     gateway_shared.o (.text.gateway_core1_wait_for_ready)
                  70189dec    00000004     --HOLE-- [fill = 0]
                  70189df0    000000a8     nortos.am263px.r5f.ti-arm-clang.debug.lib : ClockP_nortos.obj (.text.ClockP_addToList)
                  70189e98    00000008     --HOLE-- [fill = 0]
                  70189ea0    000000a8                                               : ClockP_nortos.obj (.text.ClockP_destruct)
                  70189f48    00000008     --HOLE-- [fill = 0]
                  70189f50    000000a8     ti_drivers_open_close.o (.text.Drivers_uartOpen)
                  70189ff8    00000008     --HOLE-- [fill = 0]
                  7018a000    000000a0     drivers.am263px.r5f.ti-arm-clang.nortos.debug.lib : soc_rcm.obj (.text.SOC_rcmGetCoreHSDivOut)
                  7018a0a0    0000009e     gateway_shared.o (.text.gateway_core1_ipc_callback)
                  7018a13e    00000002     --HOLE-- [fill = 0]
                  7018a140    0000009e     main.o (.text.ipc_notify_callback_fxn)
                  7018a1de    00000002     --HOLE-- [fill = 0]
                  7018a1e0    0000009e     yis320_protocol.o (.text.validate_checksum)
                  7018a27e    00000002     --HOLE-- [fill = 0]
                  7018a280    00000098     drivers.am263px.r5f.ti-arm-clang.nortos.debug.lib : ipc_notify_v1.obj (.text.IpcNotify_registerClient)
                  7018a318    00000008     --HOLE-- [fill = 0]
                  7018a320    00000096                                                       : uart_v0_lld.obj (.text.UART_subConfigTCRTLRModeEn)
                  7018a3b6    0000000a     --HOLE-- [fill = 0]
                  7018a3c0    00000092     nortos.am263px.r5f.ti-arm-clang.debug.lib : ClockP_nortos.obj (.text.ClockP_getTimeUsec)
                  7018a452    0000000e     --HOLE-- [fill = 0]
                  7018a460    00000092     drivers.am263px.r5f.ti-arm-clang.nortos.debug.lib : edma.obj (.text.EDMA_unmapChToEvtQ)
                  7018a4f2    0000000e     --HOLE-- [fill = 0]
                  7018a500    00000092     yis320_protocol.o (.text.yis320_convert_to_ipc)
                  7018a592    0000000e     --HOLE-- [fill = 0]
                  7018a5a0    0000008c     drivers.am263px.r5f.ti-arm-clang.nortos.debug.lib : edma.obj (.text.EDMA_disableTransferRegion)
                  7018a62c    00000004     --HOLE-- [fill = 0]
                  7018a630    0000008c                                                       : edma.obj (.text.EDMA_enableTransferRegion)
                  7018a6bc    00000004     --HOLE-- [fill = 0]
                  7018a6c0    00000088                                                       : uart_dma_edma.obj (.text.UART_edmaIsrRx)
                  7018a748    00000008     --HOLE-- [fill = 0]
                  7018a750    00000088                                                       : uart_dma_edma.obj (.text.UART_edmaIsrTx)
                  7018a7d8    00000008     --HOLE-- [fill = 0]
                  7018a7e0    00000086                                                       : uart_v0_lld.obj (.text.UART_lld_flushTxFifo)
                  7018a866    0000000a     --HOLE-- [fill = 0]
                  7018a870    00000086                                                       : uart_v0_lld.obj (.text.UART_tcrTlrBitValRestore)
                  7018a8f6    0000000a     --HOLE-- [fill = 0]
                  7018a900    00000082                                                       : edma.obj (.text.EDMA_allocDmaChannel)
                  7018a982    0000000e     --HOLE-- [fill = 0]
                  7018a990    00000082                                                       : edma.obj (.text.EDMA_allocParam)
                  7018aa12    0000000e     --HOLE-- [fill = 0]
                  7018aa20    00000082                                                       : edma.obj (.text.EDMA_allocTcc)
                  7018aaa2    0000000e     --HOLE-- [fill = 0]
                  7018aab0    00000082                                                       : edma.obj (.text.EDMA_disableTccInShadowRegRegion)
                  7018ab32    0000000e     --HOLE-- [fill = 0]
                  7018ab40    00000082                                                       : edma.obj (.text.EDMA_enableTccInShadowRegRegion)
                  7018abc2    0000000e     --HOLE-- [fill = 0]
                  7018abd0    00000082                                                       : ipc_notify_v1.obj (.text.IpcNotify_syncAll)
                  7018ac52    0000000e     --HOLE-- [fill = 0]
                  7018ac60    00000082     imu_protocol_handler.o (.text.imu_protocol_manager_init)
                  7018ace2    0000000e     --HOLE-- [fill = 0]
                  7018acf0    00000080     drivers.am263px.r5f.ti-arm-clang.nortos.debug.lib : mcan.obj (.text.MCAN_addStdMsgIDFilter)
                  7018ad70    00000080                                                       : uart_v0_lld.obj (.text.UART_moduleReset)
                  7018adf0    0000007e     ti_drivers_config.o (.text.System_init)
                  7018ae6e    00000002     --HOLE-- [fill = 0]
                  7018ae70    0000007e     drivers.am263px.r5f.ti-arm-clang.nortos.debug.lib : uart_v0_lld.obj (.text.UART_readData)
                  7018aeee    00000002     --HOLE-- [fill = 0]
                  7018aef0    0000007c     nortos.am263px.r5f.ti-arm-clang.debug.lib : DebugP_log.obj (.text._DebugP_assert)
                  7018af6c    00000004     --HOLE-- [fill = 0]
                  7018af70    0000007c     gateway_shared.o (.text.gateway_ringbuf_core1_init)
                  7018afec    00000004     --HOLE-- [fill = 0]
                  7018aff0    0000007a     drivers.am263px.r5f.ti-arm-clang.nortos.debug.lib : ipc_notify_v1.obj (.text.IpcNotify_mailboxWrite)
                  7018b06a    00000006     --HOLE-- [fill = 0]
                  7018b070    0000007a                                                       : uart_v0.obj (.text.UART_Params_init)
                  7018b0ea    00000006     --HOLE-- [fill = 0]
                  7018b0f0    00000078                                                       : edma.obj (.text.EDMA_linkChannel)
                  7018b168    00000008     --HOLE-- [fill = 0]
                  7018b170    00000074                                                       : uart_v0_lld.obj (.text.UART_IsBaseAddrValid)
                  7018b1e4    0000000c     --HOLE-- [fill = 0]
                  7018b1f0    00000072     nortos.am263px.r5f.ti-arm-clang.debug.lib : ClockP_nortos.obj (.text.ClockP_usleep)
                  7018b262    0000000e     --HOLE-- [fill = 0]
                  7018b270    00000072     drivers.am263px.r5f.ti-arm-clang.nortos.debug.lib : edma.obj (.text.EDMA_clrMissEvtRegion)
                  7018b2e2    0000000e     --HOLE-- [fill = 0]
                  7018b2f0    00000072                                                       : ipc_notify_v1.obj (.text.IpcNotify_makeMsg)
                  7018b362    0000000e     --HOLE-- [fill = 0]
                  7018b370    0000006e     yis320_protocol.o (.text.find_frame_header_limited)
                  7018b3de    00000002     --HOLE-- [fill = 0]
                  7018b3e0    0000006a     drivers.am263px.r5f.ti-arm-clang.nortos.debug.lib : ipc_notify_v1.obj (.text.IpcNotify_mailboxReadSwQ)
                  7018b44a    00000006     --HOLE-- [fill = 0]
                  7018b450    00000068                                                       : edma.obj (.text.EDMA_getBaseAddr)
                  7018b4b8    00000008     --HOLE-- [fill = 0]
                  7018b4c0    00000068                                                       : uart_v0_lld.obj (.text.UART_divisorValCompute)
                  7018b528    00000008     --HOLE-- [fill = 0]
                  7018b530    00000064                                                       : soc_rcm.obj (.text.SOC_rcmGetR5Clock)
                  7018b594    0000000c     --HOLE-- [fill = 0]
                  7018b5a0    00000064                                                       : soc_rcm.obj (.text.SOC_rcmIsR5FInLockStepMode)
                  7018b604    0000000c     --HOLE-- [fill = 0]
                  7018b610    00000064                                                       : uart_v0_lld.obj (.text.UART_fifoRegisterWrite)
                  7018b674    0000000c     --HOLE-- [fill = 0]
                  7018b680    00000064                                                       : uart_v0_lld.obj (.text.UART_lld_deInitDma)
                  7018b6e4    0000000c     --HOLE-- [fill = 0]
                  7018b6f0    00000062                                                       : mcan.obj (.text.MCAN_enableIntr)
                  7018b752    0000000e     --HOLE-- [fill = 0]
                  7018b760    00000062                                                       : mcan.obj (.text.MCAN_initTxBufElement)
                  7018b7c2    0000000e     --HOLE-- [fill = 0]
                  7018b7d0    00000062                                                       : soc_rcm.obj (.text.SOC_rcmInsert16)
                  7018b832    0000000e     --HOLE-- [fill = 0]
                  7018b840    00000062     nortos.am263px.r5f.ti-arm-clang.debug.lib : SemaphoreP_nortos.obj (.text.SemaphoreP_post)
                  7018b8a2    0000000e     --HOLE-- [fill = 0]
                  7018b8b0    00000060     drivers.am263px.r5f.ti-arm-clang.nortos.debug.lib : mcan.obj (.text.MCAN_selectIntrLine)
                  7018b910    00000060                                                       : uart_v0_lld.obj (.text.UART_getChar)
                  7018b970    00000060                                                       : uart_v0_lld.obj (.text.UART_writeData)
                  7018b9d0    0000005e     yis320_protocol.o (.text.yis320_protocol_handler_init)
                  7018ba2e    00000002     --HOLE-- [fill = 0]
                  7018ba30    0000005c     ti_power_clock_config.o (.text.Module_clockSetFrequency)
                  7018ba8c    00000004     --HOLE-- [fill = 0]
                  7018ba90    0000005c     drivers.am263px.r5f.ti-arm-clang.nortos.debug.lib : uart_v0_lld.obj (.text.UART_lld_deInit)
                  7018baec    00000004     --HOLE-- [fill = 0]
                  7018baf0    0000005a                                                       : uart_v0_lld.obj (.text.UART_regConfigModeEnable)
                  7018bb4a    00000006     --HOLE-- [fill = 0]
                  7018bb50    00000058                                                       : soc_rcm.obj (.text.SOC_rcmGetModuleClkDivVal)
                  7018bba8    00000008     --HOLE-- [fill = 0]
                  7018bbb0    00000058     yis320_protocol.o (.text.parse_angular_velocity)
                  7018bc08    00000008     --HOLE-- [fill = 0]
                  7018bc10    00000058     yis320_protocol.o (.text.parse_euler_angles)
                  7018bc68    00000008     --HOLE-- [fill = 0]
                  7018bc70    00000056     drivers.am263px.r5f.ti-arm-clang.nortos.debug.lib : uart_v0.obj (.text.UART_lld_readCompleteCallback)
                  7018bcc6    0000000a     --HOLE-- [fill = 0]
                  7018bcd0    00000056                                                       : uart_v0.obj (.text.UART_lld_writeCompleteCallback)
                  7018bd26    0000000a     --HOLE-- [fill = 0]
                  7018bd30    00000056     gateway_shared.o (.text.gateway_write_imu_state)
                  7018bd86    0000000a     --HOLE-- [fill = 0]
                  7018bd90    00000056     yis320_protocol.o (.text.vtable_initialize)
                  7018bde6    0000000a     --HOLE-- [fill = 0]
                  7018bdf0    00000054     ti_dpl_config.o (.text.Dpl_init)
                  7018be44    0000000c     --HOLE-- [fill = 0]
                  7018be50    00000054     drivers.am263px.r5f.ti-arm-clang.nortos.debug.lib : edma.obj (.text.EDMA_setPaRAM)
                  7018bea4    0000000c     --HOLE-- [fill = 0]
                  7018beb0    00000054                                                       : uart_v0_lld.obj (.text.UART_OperModeValid)
                  7018bf04    0000000c     --HOLE-- [fill = 0]
                  7018bf10    00000054     main.o (.text.main)
                  7018bf64    00000054     libc.a : autoinit.c.obj (.text:__TI_auto_init_nobinit_nopinit)
                  7018bfb8    00000008     --HOLE-- [fill = 0]
                  7018bfc0    00000050     ti_drivers_open_close.o (.text.Drivers_uartClose)
                  7018c010    00000050     drivers.am263px.r5f.ti-arm-clang.nortos.debug.lib : pinmux.obj (.text.Pinmux_config)
                  7018c060    00000050                                                       : uart_v0_lld.obj (.text.UART_checkCharsAvailInFifo)
                  7018c0b0    0000004e     nortos.am263px.r5f.ti-arm-clang.debug.lib : DebugP_shmLogWriter.obj (.text.DebugP_shmLogWriterInit)
                  7018c0fe    00000002     --HOLE-- [fill = 0]
                  7018c100    0000004e     drivers.am263px.r5f.ti-arm-clang.nortos.debug.lib : edma.obj (.text.EDMA_clrEvtRegion)
                  7018c14e    00000002     --HOLE-- [fill = 0]
                  7018c150    0000004e                                                       : edma.obj (.text.EDMA_disableDmaEvtRegion)
                  7018c19e    00000002     --HOLE-- [fill = 0]
                  7018c1a0    0000004e                                                       : edma.obj (.text.EDMA_disableEvtIntrRegion)
                  7018c1ee    00000002     --HOLE-- [fill = 0]
                  7018c1f0    0000004e                                                       : edma.obj (.text.EDMA_enableDmaEvtRegion)
                  7018c23e    00000002     --HOLE-- [fill = 0]
                  7018c240    0000004e                                                       : edma.obj (.text.EDMA_enableEvtIntrRegion)
                  7018c28e    00000002     --HOLE-- [fill = 0]
                  7018c290    0000004e                                                       : edma.obj (.text.EDMA_setEvtRegion)
                  7018c2de    00000002     --HOLE-- [fill = 0]
                  7018c2e0    0000004e                                                       : gpio.obj (.text.GPIO_setDirMode)
                  7018c32e    00000002     --HOLE-- [fill = 0]
                  7018c330    0000004e                                                       : mcan.obj (.text.MCAN_enableIntrLine)
                  7018c37e    00000002     --HOLE-- [fill = 0]
                  7018c380    0000004c     nortos.am263px.r5f.ti-arm-clang.debug.lib : ClockP_nortos.obj (.text.ClockP_construct)
                  7018c3cc    00000004     --HOLE-- [fill = 0]
                  7018c3d0    0000004c     drivers.am263px.r5f.ti-arm-clang.nortos.debug.lib : edma.obj (.text.EDMA_ccPaRAMEntry_init)
                  7018c41c    00000004     --HOLE-- [fill = 0]
                  7018c420    0000004c                                                       : edma.obj (.text.EDMA_mapQdmaChToPaRAM)
                  7018c46c    00000004     --HOLE-- [fill = 0]
                  7018c470    0000004c                                                       : edma.obj (.text.EDMA_readEventStatusRegion)
                  7018c4bc    00000004     --HOLE-- [fill = 0]
                  7018c4c0    0000004c                                                       : ipc_notify_v1.obj (.text.IpcNotify_unregisterClient)
                  7018c50c    00000004     --HOLE-- [fill = 0]
                  7018c510    0000004c     ti_power_clock_config.o (.text.Module_clockEnable)
                  7018c55c    00000004     --HOLE-- [fill = 0]
                  7018c560    0000004c     gateway_shared.o (.text.gateway_update_stat)
                  7018c5ac    0000004c     libc.a : memmov.c.obj (.text.memmove)
                  7018c5f8    00000008     --HOLE-- [fill = 0]
                  7018c600    0000004c     yis320_protocol.o (.text.parse_quaternion)
                  7018c64c    00000004     --HOLE-- [fill = 0]
                  7018c650    0000004c     main.o (.text.timerISR)
                  7018c69c    00000004     --HOLE-- [fill = 0]
                  7018c6a0    0000004a     drivers.am263px.r5f.ti-arm-clang.nortos.debug.lib : ipc_notify_v1.obj (.text.IpcNotify_Params_init)
                  7018c6ea    00000006     --HOLE-- [fill = 0]
                  7018c6f0    0000004a                                                       : soc_rcm.obj (.text.SOC_rcmGetCR5SysclkInFrequency)
                  7018c73a    00000006     --HOLE-- [fill = 0]
                  7018c740    0000004a                                                       : uart_v0_lld.obj (.text.UART_getIntrIdentityStatus)
                  7018c78a    00000006     --HOLE-- [fill = 0]
                  7018c790    0000004a                                                       : uart_v0_lld.obj (.text.UART_lineCharConfig)
                  7018c7da    00000006     --HOLE-- [fill = 0]
                  7018c7e0    0000004a     main.o (.text.motor_get_index)
                  7018c82a    00000006     --HOLE-- [fill = 0]
                  7018c830    00000048     can_interface.o (.text.CAN_RegisterRxCallback)
                  7018c878    00000008     --HOLE-- [fill = 0]
                  7018c880    00000048     drivers.am263px.r5f.ti-arm-clang.nortos.debug.lib : uart_v0_lld.obj (.text.UART_resetModule)
                  7018c8c8    00000008     --HOLE-- [fill = 0]
                  7018c8d0    00000046                                                       : uart_v0_lld.obj (.text.UART_i2310WA)
                  7018c916    0000000a     --HOLE-- [fill = 0]
                  7018c920    00000046                                                       : uart_v0_lld.obj (.text.UART_readLineStatus)
                  7018c966    0000000a     --HOLE-- [fill = 0]
                  7018c970    00000046     imu_protocol_handler.o (.text.imu_protocol_handler_init)
                  7018c9b6    0000000a     --HOLE-- [fill = 0]
                  7018c9c0    00000044     drivers.am263px.r5f.ti-arm-clang.nortos.debug.lib : ipc_notify_v1.obj (.text.IpcNotify_getWriteMailbox)
                  7018ca04    0000000c     --HOLE-- [fill = 0]
                  7018ca10    00000044                                                       : soc_rcm.obj (.text.SOC_rcmExtract8)
                  7018ca54    0000000c     --HOLE-- [fill = 0]
                  7018ca60    00000044                                                       : soc_rcm.obj (.text.SOC_rcmMake16)
                  7018caa4    0000000c     --HOLE-- [fill = 0]
                  7018cab0    00000044     nortos.am263px.r5f.ti-arm-clang.debug.lib : SemaphoreP_nortos.obj (.text.SemaphoreP_construct)
                  7018caf4    0000000c     --HOLE-- [fill = 0]
                  7018cb00    00000044                                               : DebugP_nortos.obj (.text._DebugP_logZone)
                  7018cb44    0000000c     --HOLE-- [fill = 0]
                  7018cb50    00000044                                               : printf.obj (.text._strnlen_s)
                  7018cb94    0000000c     --HOLE-- [fill = 0]
                  7018cba0    00000042                                               : ClockP_nortos.obj (.text.ClockP_start)
                  7018cbe2    0000000e     --HOLE-- [fill = 0]
                  7018cbf0    00000042     drivers.am263px.r5f.ti-arm-clang.nortos.debug.lib : uart_v0.obj (.text.UART_checkOpenParams)
                  7018cc32    0000000e     --HOLE-- [fill = 0]
                  7018cc40    0000003e                                                       : pinmux.obj (.text.Pinmux_unlockMMR)
                  7018cc7e    00000002     --HOLE-- [fill = 0]
                  7018cc80    0000003e                                                       : uart_v0_lld.obj (.text.UART_IsHWFlowCtrlValid)
                  7018ccbe    00000002     --HOLE-- [fill = 0]
                  7018ccc0    0000003e                                                       : uart_v0_lld.obj (.text.UART_spaceAvail)
                  7018ccfe    00000002     --HOLE-- [fill = 0]
                  7018cd00    0000003e     gateway_shared.o (.text.gateway_core1_init)
                  7018cd3e    00000002     --HOLE-- [fill = 0]
                  7018cd40    0000003e     gateway_shared.o (.text.gateway_update_heartbeat)
                  7018cd7e    00000002     --HOLE-- [fill = 0]
                  7018cd80    0000003c     drivers.am263px.r5f.ti-arm-clang.nortos.debug.lib : uart_v0_lld.obj (.text.UART_IsParityTypeValid)
                  7018cdbc    00000004     --HOLE-- [fill = 0]
                  7018cdc0    0000003c                                                       : uart_v0_lld.obj (.text.UART_IsTxRxFifoEmpty)
                  7018cdfc    00000004     --HOLE-- [fill = 0]
                  7018ce00    0000003c                                                       : uart_v0_lld.obj (.text.UART_enhanFuncEnable)
                  7018ce3c    00000004     --HOLE-- [fill = 0]
                  7018ce40    0000003a                                                       : mcan.obj (.text.MCAN_txBufAddReq)
                  7018ce7a    00000006     --HOLE-- [fill = 0]
                  7018ce80    0000003a                                                       : soc.obj (.text.SOC_moduleSetClockFrequency)
                  7018ceba    00000006     --HOLE-- [fill = 0]
                  7018cec0    0000003a     nortos.am263px.r5f.ti-arm-clang.debug.lib : printf.obj (.text._atoi)
                  7018cefa    00000006     --HOLE-- [fill = 0]
                  7018cf00    0000003a     main.o (.text.init_1000hz_timer)
                  7018cf3a    00000006     --HOLE-- [fill = 0]
                  7018cf40    0000003a     nortos.am263px.r5f.ti-arm-clang.debug.lib : printf.obj (.text.snprintf_)
                  7018cf7a    00000006     --HOLE-- [fill = 0]
                  7018cf80    00000038     drivers.am263px.r5f.ti-arm-clang.nortos.debug.lib : soc.obj (.text.SOC_getCoreName)
                  7018cfb8    00000038     nortos.am263px.r5f.ti-arm-clang.debug.lib : PmuP_armv7r_asm.obj (.text.pmu)
                  7018cff0    00000038     yis320_protocol.o (.text.vtable_is_connected)
                  7018d028    00000008     --HOLE-- [fill = 0]
                  7018d030    00000036     drivers.am263px.r5f.ti-arm-clang.nortos.debug.lib : edma.obj (.text.EDMA_getRegionId)
                  7018d066    0000000a     --HOLE-- [fill = 0]
                  7018d070    00000036     can_interface.o (.text.GPIO_pinWriteLow)
                  7018d0a6    0000000a     --HOLE-- [fill = 0]
                  7018d0b0    00000036     ti_drivers_config.o (.text.GPIO_pinWriteLow)
                  7018d0e6    0000000a     --HOLE-- [fill = 0]
                  7018d0f0    00000036     drivers.am263px.r5f.ti-arm-clang.nortos.debug.lib : ipc_notify_v1.obj (.text.IpcNotify_syncCallback)
                  7018d126    0000000a     --HOLE-- [fill = 0]
                  7018d130    00000034                                                       : mcan.obj (.text.MCAN_SsAddr)
                  7018d164    0000000c     --HOLE-- [fill = 0]
                  7018d170    00000034                                                       : mcan.obj (.text.MCAN_calcCfgAddr)
                  7018d1a4    0000000c     --HOLE-- [fill = 0]
                  7018d1b0    00000034                                                       : pinmux.obj (.text.Pinmux_lockMMR)
                  7018d1e4    0000000c     --HOLE-- [fill = 0]
                  7018d1f0    00000034     nortos.am263px.r5f.ti-arm-clang.debug.lib : TimerP_rti_priv.obj (.text.TimerP_Params_initPriv)
                  7018d224    0000000c     --HOLE-- [fill = 0]
                  7018d230    00000034     drivers.am263px.r5f.ti-arm-clang.nortos.debug.lib : uart_v0_lld.obj (.text.UART_IsDataLengthValid)
                  7018d264    0000000c     --HOLE-- [fill = 0]
                  7018d270    00000034     motor_mapping.o (.text.motor_get_config)
                  7018d2a4    0000000c     --HOLE-- [fill = 0]
                  7018d2b0    00000032     drivers.am263px.r5f.ti-arm-clang.nortos.debug.lib : mcan.obj (.text.HW_WR_FIELD32_RAW)
                  7018d2e2    0000000e     --HOLE-- [fill = 0]
                  7018d2f0    00000032                                                       : uart_v0_lld.obj (.text.HW_WR_FIELD32_RAW)
                  7018d322    0000000e     --HOLE-- [fill = 0]
                  7018d330    00000032                                                       : ipc_notify_v1.obj (.text.IpcNotify_mailboxIsPendingIntr)
                  7018d362    0000000e     --HOLE-- [fill = 0]
                  7018d370    00000032     nortos.am263px.r5f.ti-arm-clang.debug.lib : TimerP_rti_priv.obj (.text.TimerP_getCountPriv)
                  7018d3a2    0000000e     --HOLE-- [fill = 0]
                  7018d3b0    00000032     drivers.am263px.r5f.ti-arm-clang.nortos.debug.lib : uart_v0_lld.obj (.text.UART_enhanFuncBitValRestore)
                  7018d3e2    0000000e     --HOLE-- [fill = 0]
                  7018d3f0    00000032                                                       : uart_v0_lld.obj (.text.UART_hardwareFlowCtrlOptSet)
                  7018d422    0000000e     --HOLE-- [fill = 0]
                  7018d430    00000030                                                       : ipc_notify_v1.obj (.text.IpcNotify_getReadSwQ)
                  7018d460    00000030                                                       : uart_v0_lld.obj (.text.UART_flowCtrlTrigLvlConfig)
                  7018d490    00000030     gateway_shared.o (.text.gateway_signal_motor_config_ready)
                  7018d4c0    0000002e     drivers.am263px.r5f.ti-arm-clang.nortos.debug.lib : uart_dma_edma.obj (.text.UART_lld_dmaInit)
                  7018d4ee    00000002     --HOLE-- [fill = 0]
                  7018d4f0    0000002e     nortos.am263px.r5f.ti-arm-clang.debug.lib : printf.obj (.text._is_digit)
                  7018d51e    00000002     --HOLE-- [fill = 0]
                  7018d520    0000002c                                               : DebugP_log.obj (.text.DebugP_logZoneEnable)
                  7018d54c    00000004     --HOLE-- [fill = 0]
                  7018d550    0000002c     drivers.am263px.r5f.ti-arm-clang.nortos.debug.lib : ipc_notify_v1.obj (.text.IpcNotify_getReadMailbox)
                  7018d57c    00000004     --HOLE-- [fill = 0]
                  7018d580    0000002c                                                       : mcan.obj (.text.MCAN_clearNewDataStatus)
                  7018d5ac    00000004     --HOLE-- [fill = 0]
                  7018d5b0    0000002c                                                       : mcan.obj (.text.MCAN_getNewDataStatus)
                  7018d5dc    00000004     --HOLE-- [fill = 0]
                  7018d5e0    0000002c     nortos.am263px.r5f.ti-arm-clang.debug.lib : SemaphoreP_nortos.obj (.text.SemaphoreP_constructBinary)
                  7018d60c    00000004     --HOLE-- [fill = 0]
                  7018d610    0000002c     yis320_protocol.o (.text.vtable_deinit)
                  7018d63c    00000004     --HOLE-- [fill = 0]
                  7018d640    0000002a     nortos.am263px.r5f.ti-arm-clang.debug.lib : ClockP_nortos.obj (.text.ClockP_sleepTicks)
                  7018d66a    00000006     --HOLE-- [fill = 0]
                  7018d670    0000002a     drivers.am263px.r5f.ti-arm-clang.nortos.debug.lib : uart_v0_lld.obj (.text.UART_intr2Disable)
                  7018d69a    00000006     --HOLE-- [fill = 0]
                  7018d6a0    0000002a                                                       : uart_v0_lld.obj (.text.UART_operatingModeSelect)
                  7018d6ca    00000006     --HOLE-- [fill = 0]
                  7018d6d0    00000028     nortos.am263px.r5f.ti-arm-clang.debug.lib : CpuId_armv7r.obj (.text.CSL_armR5GetCpuID)
                  7018d6f8    00000008     --HOLE-- [fill = 0]
                  7018d700    00000028                                               : printf.obj (.text.vprintf_)
                  7018d728    00000008     --HOLE-- [fill = 0]
                  7018d730    00000026     drivers.am263px.r5f.ti-arm-clang.nortos.debug.lib : edma.obj (.text.EDMA_disableQdmaEvtRegion)
                  7018d756    0000000a     --HOLE-- [fill = 0]
                  7018d760    00000026                                                       : edma.obj (.text.EDMA_enableQdmaEvtRegion)
                  7018d786    0000000a     --HOLE-- [fill = 0]
                  7018d790    00000026                                                       : edma.obj (.text.EDMA_validateIntrObject)
                  7018d7b6    0000000a     --HOLE-- [fill = 0]
                  7018d7c0    00000026     ti_drivers_config.o (.text.IpcNotify_allocSwQueue)
                  7018d7e6    0000000a     --HOLE-- [fill = 0]
                  7018d7f0    00000026     nortos.am263px.r5f.ti-arm-clang.debug.lib : printf.obj (.text._out_buffer)
                  7018d816    0000000a     --HOLE-- [fill = 0]
                  7018d820    00000024     ti_drivers_config.o (.text.IpcNotify_getConfig)
                  7018d844    0000000c     --HOLE-- [fill = 0]
                  7018d850    00000024     nortos.am263px.r5f.ti-arm-clang.debug.lib : SemaphoreP_nortos.obj (.text.SemaphoreP_constructMutex)
                  7018d874    0000000c     --HOLE-- [fill = 0]
                  7018d880    00000024     drivers.am263px.r5f.ti-arm-clang.nortos.debug.lib : uart_v0_lld.obj (.text.UART_IsRxTrigLvlValid)
                  7018d8a4    0000000c     --HOLE-- [fill = 0]
                  7018d8b0    00000024                                                       : uart_v0_lld.obj (.text.UART_IsStopBitsValid)
                  7018d8d4    0000000c     --HOLE-- [fill = 0]
                  7018d8e0    00000024                                                       : uart_v0_lld.obj (.text.UART_IsTxTrigLvlValid)
                  7018d904    0000000c     --HOLE-- [fill = 0]
                  7018d910    00000024                                                       : uart_v0.obj (.text.UART_getBaseAddr)
                  7018d934    00000024     libclang_rt.builtins.a : aeabi_uldivmod.S.obj (.text.__aeabi_uldivmod)
                  7018d958    00000008     --HOLE-- [fill = 0]
                  7018d960    00000024     nortos.am263px.r5f.ti-arm-clang.debug.lib : printf.obj (.text._out_char)
                  7018d984    0000000c     --HOLE-- [fill = 0]
                  7018d990    00000022     drivers.am263px.r5f.ti-arm-clang.nortos.debug.lib : edma.obj (.text.EDMA_channelToParamMap)
                  7018d9b2    0000000e     --HOLE-- [fill = 0]
                  7018d9c0    00000022     gateway_shared.o (.text.gateway_ringbuf_core1_receive)
                  7018d9e2    0000000e     --HOLE-- [fill = 0]
                  7018d9f0    00000020     nortos.am263px.r5f.ti-arm-clang.debug.lib : ClockP_nortos.obj (.text.ClockP_isActive)
                  7018da10    00000020                                               : ClockP_nortos.obj (.text.ClockP_usecToTicks)
                  7018da30    00000020     drivers.am263px.r5f.ti-arm-clang.nortos.debug.lib : mcan.obj (.text.HW_RD_FIELD32_RAW)
                  7018da50    00000020                                                       : uart_v0_lld.obj (.text.HW_RD_FIELD32_RAW)
                  7018da70    0000001e     nortos.am263px.r5f.ti-arm-clang.debug.lib : ClockP_nortos.obj (.text.ClockP_Params_init)
                  7018da8e    00000002     --HOLE-- [fill = 0]
                  7018da90    0000001e     drivers.am263px.r5f.ti-arm-clang.nortos.debug.lib : edma.obj (.text.EDMA_getEventStatusHigh)
                  7018daae    00000002     --HOLE-- [fill = 0]
                  7018dab0    0000001e                                                       : mcan.obj (.text.MCAN_setOpMode)
                  7018dace    00000002     --HOLE-- [fill = 0]
                  7018dad0    0000001e                                                       : soc.obj (.text.SOC_getSelfCpuClk)
                  7018daee    00000002     --HOLE-- [fill = 0]
                  7018daf0    0000001e                                                       : soc.obj (.text.SOC_moduleClockEnable)
                  7018db0e    00000002     --HOLE-- [fill = 0]
                  7018db10    0000001e     ti_dpl_config.o (.text.TimerP_isr0)
                  7018db2e    00000002     --HOLE-- [fill = 0]
                  7018db30    0000001e     drivers.am263px.r5f.ti-arm-clang.nortos.debug.lib : uart_v0_lld.obj (.text.UART_breakCtl)
                  7018db4e    00000002     --HOLE-- [fill = 0]
                  7018db50    0000001e                                                       : uart_v0_lld.obj (.text.UART_lld_Transaction_deInit)
                  7018db6e    00000002     --HOLE-- [fill = 0]
                  7018db70    0000001c                                                       : edma.obj (.text.EDMA_getEventStatus)
                  7018db8c    00000004     --HOLE-- [fill = 0]
                  7018db90    0000001c                                                       : mcan.obj (.text.MCAN_writeProtectedRegAccessLock)
                  7018dbac    00000004     --HOLE-- [fill = 0]
                  7018dbb0    0000001c                                                       : mcan.obj (.text.MCAN_writeProtectedRegAccessUnlock)
                  7018dbcc    00000004     --HOLE-- [fill = 0]
                  7018dbd0    0000001c                                                       : uart_v0_lld.obj (.text.UART_IsParameter)
                  7018dbec    0000001c     libc.a : memcpy32.S.obj (.text:TI_memcpy_small)
                  7018dc08    00000008     --HOLE-- [fill = 0]
                  7018dc10    0000001a     drivers.am263px.r5f.ti-arm-clang.nortos.debug.lib : mcan.obj (.text.MCAN_clearIntrStatus)
                  7018dc2a    00000006     --HOLE-- [fill = 0]
                  7018dc30    0000001a                                                       : mcan.obj (.text.MCAN_getOpMode)
                  7018dc4a    00000006     --HOLE-- [fill = 0]
                  7018dc50    0000001a                                                       : uart_v0_lld.obj (.text.UART_fifoCharGet)
                  7018dc6a    00000006     --HOLE-- [fill = 0]
                  7018dc70    0000001a                                                       : uart_v0_lld.obj (.text.UART_timeGuardConfig)
                  7018dc8a    00000006     --HOLE-- [fill = 0]
                  7018dc90    00000018     nortos.am263px.r5f.ti-arm-clang.debug.lib : ClockP_nortos.obj (.text.ClockP_ticksToUsec)
                  7018dca8    00000008     --HOLE-- [fill = 0]
                  7018dcb0    00000018     drivers.am263px.r5f.ti-arm-clang.nortos.debug.lib : edma.obj (.text.EDMA_isInterruptEnabled)
                  7018dcc8    00000008     --HOLE-- [fill = 0]
                  7018dcd0    00000018                                                       : ipc_notify_v1.obj (.text.IpcNotify_mailboxClearAllInt)
                  7018dce8    00000008     --HOLE-- [fill = 0]
                  7018dcf0    00000018                                                       : ipc_notify_v1_cfg.obj (.text.IpcNotify_trigInterrupt)
                  7018dd08    00000008     --HOLE-- [fill = 0]
                  7018dd10    00000018     nortos.am263px.r5f.ti-arm-clang.debug.lib : SemaphoreP_nortos.obj (.text.SemaphoreP_Params_init)
                  7018dd28    00000008     --HOLE-- [fill = 0]
                  7018dd30    00000018                                               : TimerP_rti_priv.obj (.text.TimerP_getReloadCountPriv)
                  7018dd48    00000008     --HOLE-- [fill = 0]
                  7018dd50    00000018     drivers.am263px.r5f.ti-arm-clang.nortos.debug.lib : uart_v0_lld.obj (.text.UART_divisorLatchDisable)
                  7018dd68    00000008     --HOLE-- [fill = 0]
                  7018dd70    00000018                                                       : uart_v0_lld.obj (.text.UART_modemControlReset)
                  7018dd88    00000008     --HOLE-- [fill = 0]
                  7018dd90    00000018                                                       : uart_v0_lld.obj (.text.UART_putChar)
                  7018dda8    00000018     libc.a : memset32.S.obj (.text:TI_memset_small)
                  7018ddc0    00000016     drivers.am263px.r5f.ti-arm-clang.nortos.debug.lib : ipc_notify_v1.obj (.text.IpcNotify_sendSync)
                  7018ddd6    0000000a     --HOLE-- [fill = 0]
                  7018dde0    00000016                                                       : mcan.obj (.text.MCAN_getIntrStatus)
                  7018ddf6    0000000a     --HOLE-- [fill = 0]
                  7018de00    00000016     nortos.am263px.r5f.ti-arm-clang.debug.lib : TimerP_rti_priv.obj (.text.TimerP_startPriv)
                  7018de16    0000000a     --HOLE-- [fill = 0]
                  7018de20    00000016                                               : TimerP_rti_priv.obj (.text.TimerP_stopPriv)
                  7018de36    0000000a     --HOLE-- [fill = 0]
                  7018de40    00000016     drivers.am263px.r5f.ti-arm-clang.nortos.debug.lib : uart_v0_lld.obj (.text.UART_divideRoundCloset)
                  7018de56    0000000a     --HOLE-- [fill = 0]
                  7018de60    00000016                                                       : uart_v0_lld.obj (.text.UART_regConfModeRestore)
                  7018de76    0000000a     --HOLE-- [fill = 0]
                  7018de80    00000014                                                       : edma.obj (.text.HW_WR_REG16_RAW)
                  7018de94    0000000c     --HOLE-- [fill = 0]
                  7018dea0    00000014                                                       : ipc_notify_v1.obj (.text.IpcNotify_mailboxClearPendingIntr)
                  7018deb4    0000000c     --HOLE-- [fill = 0]
                  7018dec0    00000014                                                       : soc_rcm.obj (.text.SOC_rcmGetModuleClkDivFromRegVal)
                  7018ded4    0000000c     --HOLE-- [fill = 0]
                  7018dee0    00000014     nortos.am263px.r5f.ti-arm-clang.debug.lib : TimerP_rti_priv.obj (.text.TimerP_clearOverflowIntPriv)
                  7018def4    0000000c     --HOLE-- [fill = 0]
                  7018df00    00000014                                               : TimerP_rti_nortos.obj (.text.TimerP_setup)
                  7018df14    0000000c     --HOLE-- [fill = 0]
                  7018df20    00000014     ti_dpl_config.o (.text.putchar_)
                  7018df34    0000000c     --HOLE-- [fill = 0]
                  7018df40    00000012     ti_pinmux_config.o (.text.Pinmux_init)
                  7018df52    0000000e     --HOLE-- [fill = 0]
                  7018df60    00000012     imu_protocol_handler.o (.text.imu_initialize)
                  7018df72    0000000e     --HOLE-- [fill = 0]
                  7018df80    00000012     yis320_protocol.o (.text.yis320_get_timestamp_ms)
                  7018df92    0000000e     --HOLE-- [fill = 0]
                  7018dfa0    00000010     can_interface.o (.text.CSL_REG32_WR_RAW)
                  7018dfb0    00000010     drivers.am263px.r5f.ti-arm-clang.nortos.debug.lib : pinmux.obj (.text.CSL_REG32_WR_RAW)
                  7018dfc0    00000010                                                       : soc.obj (.text.CSL_REG32_WR_RAW)
                  7018dfd0    00000010     ti_drivers_config.o (.text.CSL_REG32_WR_RAW)
                  7018dfe0    00000010     nortos.am263px.r5f.ti-arm-clang.debug.lib : ClockP_nortos_r5.obj (.text.ClockP_getTimerCount)
                  7018dff0    00000010                                               : ClockP_nortos_r5.obj (.text.ClockP_timerClearOverflowInt)
                  7018e000    00000010     drivers.am263px.r5f.ti-arm-clang.nortos.debug.lib : edma.obj (.text.HW_RD_REG32_RAW)
                  7018e010    00000010                                                       : mcan.obj (.text.HW_RD_REG32_RAW)
                  7018e020    00000010                                                       : uart_v0_lld.obj (.text.HW_RD_REG32_RAW)
                  7018e030    00000010                                                       : edma.obj (.text.HW_WR_REG32_RAW)
                  7018e040    00000010                                                       : mcan.obj (.text.HW_WR_REG32_RAW)
                  7018e050    00000010                                                       : uart_v0_lld.obj (.text.HW_WR_REG32_RAW)
                  7018e060    00000010                                                       : ipc_notify_v1.obj (.text.IpcNotify_mailboxGetPendingIntr)
                  7018e070    00000010     nortos.am263px.r5f.ti-arm-clang.debug.lib : TimerP_rti_nortos.obj (.text.TimerP_Params_init)
                  7018e080    00000010                                               : TimerP_rti_nortos.obj (.text.TimerP_clearOverflowInt)
                  7018e090    00000010                                               : TimerP_rti_nortos.obj (.text.TimerP_getCount)
                  7018e0a0    00000010                                               : TimerP_rti_nortos.obj (.text.TimerP_getReloadCount)
                  7018e0b0    00000010                                               : TimerP_rti_nortos.obj (.text.TimerP_start)
                  7018e0c0    00000010                                               : printf.obj (.text._out_null)
                  7018e0d0    00000010     gateway_shared.o (.text.gateway_notify_imu_ready)
                  7018e0e0    00000010     gateway_shared.o (.text.gateway_notify_states_ready)
                  7018e0f0    0000000e     yis320_protocol.o (.text.yis320_uart_configure)
                  7018e0fe    00000002     --HOLE-- [fill = 0]
                  7018e100    0000000c     ti_board_open_close.o (.text.Board_driversOpen)
                  7018e10c    00000004     --HOLE-- [fill = 0]
                  7018e110    0000000c     nortos.am263px.r5f.ti-arm-clang.debug.lib : ClockP_nortos.obj (.text.ClockP_getTicks)
                  7018e11c    00000004     --HOLE-- [fill = 0]
                  7018e120    0000000c     ti_drivers_open_close.o (.text.Drivers_open)
                  7018e12c    00000004     --HOLE-- [fill = 0]
                  7018e130    0000000c     ti_power_clock_config.o (.text.PowerClock_init)
                  7018e13c    00000004     --HOLE-- [fill = 0]
                  7018e140    0000000c     yis320_protocol.o (.text.vtable_read_data)
                  7018e14c    00000004     --HOLE-- [fill = 0]
                  7018e150    0000000a     nortos.am263px.r5f.ti-arm-clang.debug.lib : HwiP_armv7r_vim.obj (.text.Hwip_dataAndInstructionBarrier)
                  7018e15a    00000006     --HOLE-- [fill = 0]
                  7018e160    0000000a     drivers.am263px.r5f.ti-arm-clang.nortos.debug.lib : ipc_notify_v1.obj (.text.IpcNotify_dataAndInstructionBarrier)
                  7018e16a    00000006     --HOLE-- [fill = 0]
                  7018e170    0000000a                                                       : soc_rcm.obj (.text.SOC_rcmGetBaseAddressMSSRCM)
                  7018e17a    00000006     --HOLE-- [fill = 0]
                  7018e180    0000000a                                                       : uart_dma_edma.obj (.text.UART_edmaDoNothing)
                  7018e18a    00000006     --HOLE-- [fill = 0]
                  7018e190    0000000a     gateway_shared.o (.text.gateway_memory_barrier)
                  7018e19a    00000006     --HOLE-- [fill = 0]
                  7018e1a0    0000000a     gateway_shared.o (.text.ringbuf_get_ptr)
                  7018e1aa    00000006     --HOLE-- [fill = 0]
                  7018e1b0    00000008     ti_drivers_config.o (.text.Drivers_uartInit)
                  7018e1b8    00000008     --HOLE-- [fill = 0]
                  7018e1c0    00000008     drivers.am263px.r5f.ti-arm-clang.nortos.debug.lib : soc_rcm.obj (.text.SOC_rcmGetBaseAddressMSSCTRL)
                  7018e1c8    00000008     --HOLE-- [fill = 0]
                  7018e1d0    00000008                                                       : soc_rcm.obj (.text.SOC_rcmGetBaseAddressTOPRCM)
                  7018e1d8    00000008     --HOLE-- [fill = 0]
                  7018e1e0    00000008     nortos.am263px.r5f.ti-arm-clang.debug.lib : SemaphoreP_nortos.obj (.text.SemaphoreP_destruct)
                  7018e1e8    00000008     --HOLE-- [fill = 0]
                  7018e1f0    00000004     imu_interface_isr.o (.text.imu_uart_process_ipc_notification)
                  7018e1f4    0000000c     --HOLE-- [fill = 0]
                  7018e200    00000002     ti_board_open_close.o (.text.Board_driversClose)
                  7018e202    0000000e     --HOLE-- [fill = 0]
                  7018e210    00000002     ti_board_config.o (.text.Board_init)
                  7018e212    0000000e     --HOLE-- [fill = 0]
                  7018e220    00000002     ti_drivers_open_close.o (.text.Drivers_mcanOpen)
                  7018e222    0000000e     --HOLE-- [fill = 0]
                  7018e230    00000002     drivers.am263px.r5f.ti-arm-clang.nortos.debug.lib : ipc_notify_v1_cfg.obj (.text.IpcNotify_wait)
                  7018e232    0000000e     --HOLE-- [fill = 0]
                  7018e240    00000002     nortos.am263px.r5f.ti-arm-clang.debug.lib : TaskP_nortos.obj (.text.TaskP_yield)
                  7018e242    0000000e     --HOLE-- [fill = 0]

.rodata    0    7018e250    00002288     
                  7018e250    00000450     motor_mapping.o (.rodata.motor_config_table)
                  7018e6a0    00000084     ti_dpl_config.o (.rodata.cfg)
                  7018e724    00000004     nortos.am263px.r5f.ti-arm-clang.debug.lib : CacheP_armv7r.obj (.rodata.gCacheL1dCacheLineSize)
                  7018e728    00000050                                               : printf.obj (.rodata._ftoa.pow10)
                  7018e778    0000004d     gateway_shared.o (.rodata.str1.3223734256326991069.1)
                  7018e7c5    0000004c     main.o (.rodata.str1.13030671760666898970.1)
                  7018e811    0000004c     main.o (.rodata.str1.6554448696319176064.1)
                  7018e85d    00000049     can_interface.o (.rodata.str1.11434220007320834734.1)
                  7018e8a6    00000002     drivers.am263px.r5f.ti-arm-clang.nortos.debug.lib : soc_rcm.obj (.rodata.gCR5ClkSrcInfoMap)
                  7018e8a8    00000048                                                       : soc_rcm.obj (.rodata.gADPLLJConfigTbl)
                  7018e8f0    00000048     main.o (.rodata.str1.10224226614597680209.1)
                  7018e938    00000045     main.o (.rodata.str1.14466178792657420020.1)
                  7018e97d    00000045     can_interface.o (.rodata.str1.17857559882412085052.1)
                  7018e9c2    00000043     main.o (.rodata.str1.14079361385603432444.1)
                  7018ea05    00000042     main.o (.rodata.str1.17376258722486336754.1)
                  7018ea47    00000042     main.o (.rodata.str1.18092426736022315238.1)
                  7018ea89    00000003     can_interface.o (.rodata.str1.15257894921296593044.1)
                  7018ea8c    00000040     drivers.am263px.r5f.ti-arm-clang.nortos.debug.lib : mcan.obj (.rodata.gDataSize)
                  7018eacc    00000040                                                       : ipc_notify_v1.obj (.rodata.str1.10118846006578224169.1)
                  7018eb0c    00000040     gateway_shared.o (.rodata.str1.1309647279537151951.1)
                  7018eb4c    00000040     main.o (.rodata.str1.2563708670032483588.1)
                  7018eb8c    0000003f     main.o (.rodata.str1.3530083166107438000.1)
                  7018ebcb    0000003e     imu_interface_isr.o (.rodata.str1.2252785669688110604.1)
                  7018ec09    0000003d     main.o (.rodata.str1.10313062130652730376.1)
                  7018ec46    0000003d     nortos.am263px.r5f.ti-arm-clang.debug.lib : TimerP_rti_priv.obj (.rodata.str1.11388379688747141303.1)
                  7018ec83    0000003d     main.o (.rodata.str1.11822182024223342093.1)
                  7018ecc0    0000003c     main.o (.rodata.str1.2123964117280943167.1)
                  7018ecfc    0000003b     can_interface.o (.rodata.str1.5571669369711139161.1)
                  7018ed37    0000003b     can_interface.o (.rodata.str1.908759874261081554.1)
                  7018ed72    00000039     can_interface.o (.rodata.str1.13942422985958650841.1)
                  7018edab    00000039     can_interface.o (.rodata.str1.15002872967267125196.1)
                  7018ede4    00000039     can_interface.o (.rodata.str1.1525376828482709340.1)
                  7018ee1d    00000038     can_interface.o (.rodata.str1.13538652865395202372.1)
                  7018ee55    00000038     gateway_shared.o (.rodata.str1.8694082244888993162.1)
                  7018ee8d    00000038     imu_interface_isr.o (.rodata.str1.9168798226845388136.1)
                  7018eec5    00000037     gateway_shared.o (.rodata.str1.10638658715010209595.1)
                  7018eefc    00000037     main.o (.rodata.str1.13288086030101331538.1)
                  7018ef33    00000037     can_interface.o (.rodata.str1.2296911319530636772.1)
                  7018ef6a    00000037     gateway_shared.o (.rodata.str1.5629998949668554045.1)
                  7018efa1    00000036     can_interface.o (.rodata.str1.13796328800688497849.1)
                  7018efd7    00000036     imu_interface_isr.o (.rodata.str1.13916086747295221358.1)
                  7018f00d    00000036     can_interface.o (.rodata.str1.6531933829109918715.1)
                  7018f043    00000035     main.o (.rodata.str1.14402440632258215044.1)
                  7018f078    00000035     can_interface.o (.rodata.str1.16770118065840302171.1)
                  7018f0ad    00000035     can_interface.o (.rodata.str1.6692020027550076815.1)
                  7018f0e2    00000035     main.o (.rodata.str1.6891813955777630061.1)
                  7018f117    00000035     ti_drivers_open_close.o (.rodata.str1.871795152488895636.1)
                  7018f14c    00000034     main.o (.rodata.str1.13782249893155712474.1)
                  7018f180    00000034     main.o (.rodata.str1.14112174005742061988.1)
                  7018f1b4    00000034     main.o (.rodata.str1.2763581881760962609.1)
                  7018f1e8    00000033     can_interface.o (.rodata.str1.15146467347084621569.1)
                  7018f21b    00000033     can_interface.o (.rodata.str1.16025272084367396957.1)
                  7018f24e    00000033     main.o (.rodata.str1.17045314124001216156.1)
                  7018f281    00000033     main.o (.rodata.str1.403738606202455663.1)
                  7018f2b4    00000032     can_interface.o (.rodata.str1.2569929632086669665.1)
                  7018f2e6    00000031     can_interface.o (.rodata.str1.4211222669969280216.1)
                  7018f317    00000031     gateway_shared.o (.rodata.str1.6121471336334202706.1)
                  7018f348    00000031     motor_mapping.o (.rodata.str1.8787205977826144616.1)
                  7018f379    00000030     can_interface.o (.rodata.str1.10130696897761414469.1)
                  7018f3a9    00000030     can_interface.o (.rodata.str1.2167712102046818855.1)
                  7018f3d9    00000030     imu_interface_isr.o (.rodata.str1.4417852805959727765.1)
                  7018f409    00000030     main.o (.rodata.str1.8154729771448623357.1)
                  7018f439    0000002f     can_interface.o (.rodata.str1.15094798983471906066.1)
                  7018f468    0000002f     gateway_shared.o (.rodata.str1.3129942817937968154.1)
                  7018f497    0000002f     main.o (.rodata.str1.39260288392874984.1)
                  7018f4c6    0000002f     main.o (.rodata.str1.5043408953494467246.1)
                  7018f4f5    0000002f     main.o (.rodata.str1.9059077390166914652.1)
                  7018f524    0000002f     drivers.am263px.r5f.ti-arm-clang.nortos.debug.lib : ipc_notify_v1.obj (.rodata.str1.9418228565027791152.1)
                  7018f553    0000002e     can_interface.o (.rodata.str1.11024350005305706282.1)
                  7018f581    0000002e     gateway_shared.o (.rodata.str1.11051107022181534624.1)
                  7018f5af    0000002e     main.o (.rodata.str1.11870794119293528247.1)
                  7018f5dd    0000002e     main.o (.rodata.str1.1311392489248731986.1)
                  7018f60b    0000002e     gateway_shared.o (.rodata.str1.9859227269409816370.1)
                  7018f639    0000002d     can_interface.o (.rodata.str1.14845445665763636722.1)
                  7018f666    0000002d     can_interface.o (.rodata.str1.150960857071891705.1)
                  7018f693    0000002d     main.o (.rodata.str1.16302215771116645891.1)
                  7018f6c0    0000002d     can_interface.o (.rodata.str1.6401568125276999251.1)
                  7018f6ed    0000002d     main.o (.rodata.str1.8096991282711418442.1)
                  7018f71a    0000002c     can_interface.o (.rodata.str1.17102373369105828453.1)
                  7018f746    0000002c     can_interface.o (.rodata.str1.2401924719955226879.1)
                  7018f772    0000002c     gateway_shared.o (.rodata.str1.7167262159681625771.1)
                  7018f79e    0000002c     main.o (.rodata.str1.8076846746581808073.1)
                  7018f7ca    0000002b     can_interface.o (.rodata.str1.15906871730334742222.1)
                  7018f7f5    0000002b     main.o (.rodata.str1.18227636981041470289.1)
                  7018f820    0000002b     can_interface.o (.rodata.str1.3858671167962548137.1)
                  7018f84b    0000002a     can_interface.o (.rodata.str1.14406550278730177052.1)
                  7018f875    0000002a     can_interface.o (.rodata.str1.17855712168153945246.1)
                  7018f89f    0000002a     nortos.am263px.r5f.ti-arm-clang.debug.lib : DebugP_log.obj (.rodata.str1.227947788441500939.1)
                  7018f8c9    0000002a     main.o (.rodata.str1.2846389346932560359.1)
                  7018f8f3    0000002a     main.o (.rodata.str1.7784929982665794503.1)
                  7018f91d    00000029     main.o (.rodata.str1.10720410773482754683.1)
                  7018f946    00000029     main.o (.rodata.str1.11321157723316767883.1)
                  7018f96f    00000029     imu_interface_isr.o (.rodata.str1.15503275091179387347.1)
                  7018f998    00000029     can_interface.o (.rodata.str1.357542981605220142.1)
                  7018f9c1    00000029     can_interface.o (.rodata.str1.6910353934698693424.1)
                  7018f9ea    00000029     can_interface.o (.rodata.str1.7679921882182829519.1)
                  7018fa13    00000029     main.o (.rodata.str1.8108965883388295311.1)
                  7018fa3c    00000028     main.o (.rodata.str1.11702106008850790973.1)
                  7018fa64    00000028     main.o (.rodata.str1.15159059442110792349.1)
                  7018fa8c    00000027     main.o (.rodata.str1.10635229749459437609.1)
                  7018fab3    00000027     nortos.am263px.r5f.ti-arm-clang.debug.lib : ClockP_nortos_r5.obj (.rodata.str1.12743090444791882666.1)
                  7018fada    00000027     main.o (.rodata.str1.8320541211001259012.1)
                  7018fb01    00000026     can_interface.o (.rodata.str1.10186677634541030339.1)
                  7018fb27    00000026     can_interface.o (.rodata.str1.13886886582160776261.1)
                  7018fb4d    00000026     gateway_shared.o (.rodata.str1.17046880449980016103.1)
                  7018fb73    00000026     gateway_shared.o (.rodata.str1.5761821093615868877.1)
                  7018fb99    00000025     main.o (.rodata.str1.15996357275703397564.1)
                  7018fbbe    00000025     main.o (.rodata.str1.16631870348416990953.1)
                  7018fbe3    00000024     main.o (.rodata.str1.10865113624938808685.1)
                  7018fc07    00000024     can_interface.o (.rodata.str1.14428574951410983152.1)
                  7018fc2b    00000024     can_interface.o (.rodata.str1.17339864536769639315.1)
                  7018fc4f    00000024     imu_interface_isr.o (.rodata.str1.6306445455767916371.1)
                  7018fc73    00000024     main.o (.rodata.str1.7702501944640899365.1)
                  7018fc97    00000023     drivers.am263px.r5f.ti-arm-clang.nortos.debug.lib : soc_rcm.obj (.rodata.str1.2078190104202520215.1)
                  7018fcba    00000023     nortos.am263px.r5f.ti-arm-clang.debug.lib : ClockP_nortos_r5.obj (.rodata.str1.7689125538912326484.1)
                  7018fcdd    00000022     drivers.am263px.r5f.ti-arm-clang.nortos.debug.lib : edma.obj (.rodata.str1.12976018205622752890.1)
                  7018fcff    00000021     can_interface.o (.rodata.str1.12573338884863454617.1)
                  7018fd20    00000021     nortos.am263px.r5f.ti-arm-clang.debug.lib : ClockP_nortos_r5.obj (.rodata.str1.8559540482768925367.1)
                  7018fd41    00000003     main.o (.rodata.str1.17100691992556644108.1)
                  7018fd44    00000020     drivers.am263px.r5f.ti-arm-clang.nortos.debug.lib : mcan.obj (.rodata.gMsgObjSize)
                  7018fd64    00000020     can_interface.o (.rodata.g_mcan_base_addr)
                  7018fd84    00000020     can_interface.o (.rodata.g_mcan_intr_num)
                  7018fda4    00000020     can_interface.o (.rodata.g_mcan_rcm_id)
                  7018fdc4    00000020     main.o (.rodata.str1.16265332423659789559.1)
                  7018fde4    00000020     drivers.am263px.r5f.ti-arm-clang.nortos.debug.lib : uart_v0.obj (.rodata.str1.16594507886308206351.1)
                  7018fe04    00000020                                                       : ipc_notify_v1.obj (.rodata.str1.2046905611612007019.1)
                  7018fe24    0000001f     can_interface.o (.rodata.str1.14695538922052102695.1)
                  7018fe43    0000001f     nortos.am263px.r5f.ti-arm-clang.debug.lib : ClockP_nortos_r5.obj (.rodata.str1.2746619892315392655.1)
                  7018fe62    0000001e     drivers.am263px.r5f.ti-arm-clang.nortos.debug.lib : ipc_notify_v1.obj (.rodata.str1.16593710740832512674.1)
                  7018fe80    0000001e     imu_interface_isr.o (.rodata.str1.5126834218174521685.1)
                  7018fe9e    0000001e     drivers.am263px.r5f.ti-arm-clang.nortos.debug.lib : ipc_notify_v1.obj (.rodata.str1.9050127465416171240.1)
                  7018febc    0000001d     nortos.am263px.r5f.ti-arm-clang.debug.lib : TimerP_rti_priv.obj (.rodata.str1.1727973701797049581.1)
                  7018fed9    0000001d                                               : TimerP_rti_priv.obj (.rodata.str1.4425773406285945039.1)
                  7018fef6    0000001d     drivers.am263px.r5f.ti-arm-clang.nortos.debug.lib : uart_v0.obj (.rodata.str1.4697665093340446018.1)
                  7018ff13    0000001d     nortos.am263px.r5f.ti-arm-clang.debug.lib : TimerP_rti_priv.obj (.rodata.str1.7297095892955669843.1)
                  7018ff30    0000001c     main.o (.rodata.str1.2624144126699937905.1)
                  7018ff4c    0000001b     drivers.am263px.r5f.ti-arm-clang.nortos.debug.lib : edma.obj (.rodata.str1.16672221102796607080.1)
                  7018ff67    0000001b     ti_drivers_config.o (.rodata.str1.7767457247551078139.1)
                  7018ff82    0000001a     drivers.am263px.r5f.ti-arm-clang.nortos.debug.lib : soc_rcm.obj (.rodata.str1.16907879152045164286.1)
                  7018ff9c    0000001a     main.o (.rodata.str1.288608917962107522.1)
[...]
7018c651  timerISR                             
70192b68  virtToPhymap                         
7018d701  vprintf_                             
7018a501  yis320_convert_to_ipc                
7018df81  yis320_get_timestamp_ms              
7018b9d1  yis320_protocol_handler_init         
7018e0f1  yis320_uart_configure                


GLOBAL SYMBOLS: SORTED BY Symbol Address 

address   name                                 
-------   ----                                 
00000000  __TI_ATRegion0_region_sz             
00000000  __TI_ATRegion0_src_addr              
00000000  __TI_ATRegion0_trg_addr              
00000000  __TI_ATRegion1_region_sz             
00000000  __TI_ATRegion1_src_addr              
00000000  __TI_ATRegion1_trg_addr              
00000000  __TI_ATRegion2_region_sz             
00000000  __TI_ATRegion2_src_addr              
00000000  __TI_ATRegion2_trg_addr              
00000000  __TI_static_base__                   
00000000  _vectors                             
00000100  __ABORT_STACK_SIZE                   
00000100  __FIQ_STACK_SIZE                     
00000100  __IRQ_STACK_SIZE                     
00000100  __UNDEFINED_STACK_SIZE               
00001000  __SVC_STACK_SIZE                     
00004000  __STACK_SIZE                         
70180a34  __aeabi_memclr                       
70180a34  __aeabi_memclr4                      
70180a34  __aeabi_memclr8                      
701810b8  C$$EXIT                              
701810b8  HOSTexit                             
701810c1  SOC_rcmEnablePeripheralClock         
701816f8  __aeabi_ldiv0                        
701816fc  __aeabi_memcpy                       
701816fc  __aeabi_memcpy4                      
701816fc  __aeabi_memcpy8                      
70181ce4  CSL_armR5ReadMpidrReg                
701821a1  UART_open                            
7018299c  __aeabi_memmove                      
7018299c  __aeabi_memmove4                     
7018299c  __aeabi_memmove8                     
701829a1  IpcNotify_init                       
70183121  SOC_virtToPhy                        
70183431  motor_mapping_init_core1             
70183a11  MCAN_msgRAMConfig                    
70184621  UART_lld_dmaDeInit                   
70184851  IpcNotify_isr                        
70184a81  CAN_TransmitBatch                    
70184e81  TimerP_setupPriv                     
70185061  UART_lld_dmaWrite                    
701853c1  UART_close                           
70185571  UART_lld_controllerIsr               
70185711  CAN_StartRxInterrupts                
70185a31  MCAN_calcMsgRamParamsStartAddr       
70185d41  EDMA_unregisterIntr                  
70185eb1  SOC_controlModuleUnlockMMR           
70186011  UART_lld_initDma                     
70186171  DebugP_shmLogWriterPutChar           
70186561  MCAN_setBitTime                      
701866b1  imu_uart_isr_init                    
70186801  CAN_Init                             
70186a81  MCAN_readMsgRam                      
70186d01  ClockP_init                          
70186e41  UART_procLineStatusErr               
70186f81  EDMA_registerIntr                    
701870c1  MCAN_init                            
70187201  UART_lld_init                        
70187331  MCAN_config                          
70187461  SOC_controlModuleLockMMR             
70187591  SOC_rcmGetPeripheralClockFrequency   
701877d1  DebugP_shmLogWriterPutLine           
701878f1  UART_lld_dmaRead                     
70187a0c  __udivmoddi4                         
70187fa1  IpcNotify_sendMsg                    
701881c1  GPIO_init                            
701882d1  SemaphoreP_pend                      
701883e1  gateway_ringbuf_read                 
701886e1  gateway_write_motor_config           
701889b1  EDMA_freeChannelRegion               
70188aa1  EDMA_freeParam                       
70188b91  EDMA_freeDmaChannel                  
70188c71  EDMA_freeTcc                         
70188d51  UART_intrEnable                      
70188e31  UART_intrDisable                     
70188f11  AddrTranslateP_getLocalAddr          
70188fe1  EDMA_disableChInShadowRegRegion      
701890b1  EDMA_enableChInShadowRegRegion       
70189181  EDMA_mapChToEvtQ                     
70189251  EDMA_configureChannelRegion          
701893d1  UART_flushTxFifo                     
70189551  ClockP_timerTickIsr                  
70189611  TimerP_init                          
701896d1  ClockP_stop                          
70189791  IpcNotify_waitSync                   
70189851  gateway_write_motor_states           
70189911  CycleCounterP_init                   
70189931  CycleCounterP_reset                  
70189981  CycleCounterP_nsToTicks              
701899c1  CycleCounterP_enableUserAccess       
701899d1  MCAN_writeMsgRam                     
70189a81  SOC_rcmSetPeripheralClock            
70189b31  UART_init                            
70189d41  gateway_core1_wait_for_ready         
70189ea1  ClockP_destruct                      
70189f51  Drivers_uartOpen                     
7018a0a1  gateway_core1_ipc_callback           
7018a281  IpcNotify_registerClient             
7018a3c1  ClockP_getTimeUsec                   
7018a461  EDMA_unmapChToEvtQ                   
7018a501  yis320_convert_to_ipc                
7018a5a1  EDMA_disableTransferRegion           
7018a631  EDMA_enableTransferRegion            
7018a7e1  UART_lld_flushTxFifo                 
7018a901  EDMA_allocDmaChannel                 
7018a991  EDMA_allocParam                      
7018aa21  EDMA_allocTcc                        
7018abd1  IpcNotify_syncAll                    
7018ac61  imu_protocol_manager_init            
7018acf1  MCAN_addStdMsgIDFilter               
7018adf1  System_init                          
7018aef1  _DebugP_assert                       
7018af71  gateway_ringbuf_core1_init           
7018b071  UART_Params_init                     
7018b0f1  EDMA_linkChannel                     
7018b1f1  ClockP_usleep                        
7018b271  EDMA_clrMissEvtRegion                
7018b451  EDMA_getBaseAddr                     
7018b531  SOC_rcmGetR5Clock                    
7018b5a1  SOC_rcmIsR5FInLockStepMode           
7018b681  UART_lld_deInitDma                   
7018b6f1  MCAN_enableIntr                      
7018b761  MCAN_initTxBufElement                
7018b841  SemaphoreP_post                      
7018b8b1  MCAN_selectIntrLine                  
7018b911  UART_getChar                         
7018b9d1  yis320_protocol_handler_init         
7018ba31  Module_clockSetFrequency             
7018ba91  UART_lld_deInit                      
7018bd31  gateway_write_imu_state              
7018bdf1  Dpl_init                             
7018be51  EDMA_setPaRAM                        
7018bf11  main                                 
7018bf64  __TI_auto_init_nobinit_nopinit       
7018bfc1  Drivers_uartClose                    
7018c011  Pinmux_config                        
7018c061  UART_checkCharsAvailInFifo           
7018c0b1  DebugP_shmLogWriterInit              
7018c101  EDMA_clrEvtRegion                    
7018c151  EDMA_disableDmaEvtRegion             
7018c1a1  EDMA_disableEvtIntrRegion            
7018c1f1  EDMA_enableDmaEvtRegion              
7018c241  EDMA_enableEvtIntrRegion             
7018c291  EDMA_setEvtRegion                    
7018c2e1  GPIO_setDirMode                      
7018c331  MCAN_enableIntrLine                  
7018c381  ClockP_construct                     
7018c3d1  EDMA_ccPaRAMEntry_init               
7018c421  EDMA_mapQdmaChToPaRAM                
7018c471  EDMA_readEventStatusRegion           
7018c4c1  IpcNotify_unregisterClient           
7018c511  Module_clockEnable                   
7018c561  gateway_update_stat                  
7018c5ac  memmove                              
7018c651  timerISR                             
7018c6a1  IpcNotify_Params_init                
7018c741  UART_getIntrIdentityStatus           
7018c831  CAN_RegisterRxCallback               
7018c921  UART_readLineStatus                  
7018c971  imu_protocol_handler_init            
7018cab1  SemaphoreP_construct                 
7018cb01  _DebugP_logZone                      
7018cba1  ClockP_start                         
7018ccc1  UART_spaceAvail                      
7018cd01  gateway_core1_init                   
7018cd41  gateway_update_heartbeat             
7018cdc1  UART_IsTxRxFifoEmpty                 
7018ce41  MCAN_txBufAddReq                     
7018ce81  SOC_moduleSetClockFrequency          
7018cf41  snprintf_                            
7018cf81  SOC_getCoreName                      
7018cfb8  CycleCounterP_getCount32             
7018cfc0  PmuP_setup                           
7018cfc8  PmuP_enableCounters                  
7018cfd0  PmuP_disableCounters                 
7018cfd8  PmuP_getOverflowStatus               
7018cfe0  PmuP_clearOverflowStatus             
7018cfe8  PmuP_setUserEnable                   
7018d031  EDMA_getRegionId                     
7018d0f1  IpcNotify_syncCallback               
7018d171  MCAN_calcCfgAddr                     
7018d1f1  TimerP_Params_initPriv               
7018d271  motor_get_config                     
7018d371  TimerP_getCountPriv                  
7018d491  gateway_signal_motor_config_ready    
7018d4c1  UART_lld_dmaInit                     
7018d521  DebugP_logZoneEnable                 
7018d581  MCAN_clearNewDataStatus              
7018d5b1  MCAN_getNewDataStatus                
7018d5e1  SemaphoreP_constructBinary           
7018d671  UART_intr2Disable                    
7018d6a1  UART_operatingModeSelect             
7018d6d1  CSL_armR5GetCpuID                    
7018d701  vprintf_                             
7018d731  EDMA_disableQdmaEvtRegion            
7018d761  EDMA_enableQdmaEvtRegion             
7018d7c1  IpcNotify_allocSwQueue               
7018d821  IpcNotify_getConfig                  
7018d851  SemaphoreP_constructMutex            
7018d911  UART_getBaseAddr                     
7018d934  __aeabi_uldivmod                     
7018d991  EDMA_channelToParamMap               
7018d9c1  gateway_ringbuf_core1_receive        
7018d9f1  ClockP_isActive                      
7018da11  ClockP_usecToTicks                   
7018da71  ClockP_Params_init                   
7018da91  EDMA_getEventStatusHigh              
7018dab1  MCAN_setOpMode                       
7018dad1  SOC_getSelfCpuClk                    
7018daf1  SOC_moduleClockEnable                
7018db11  TimerP_isr0                          
7018db51  UART_lld_Transaction_deInit          
7018db71  EDMA_getEventStatus                  
7018dbec  TI_memcpy_small                      
7018dc11  MCAN_clearIntrStatus                 
7018dc31  MCAN_getOpMode                       
7018dc91  ClockP_ticksToUsec                   
7018dcb1  EDMA_isInterruptEnabled              
7018dcf1  IpcNotify_trigInterrupt              
7018dd11  SemaphoreP_Params_init               
7018dd31  TimerP_getReloadCountPriv            
7018dd91  UART_putChar                         
7018dda8  TI_memset_small                      
7018ddc1  IpcNotify_sendSync                   
7018dde1  MCAN_getIntrStatus                   
7018de01  TimerP_startPriv                     
7018de21  TimerP_stopPriv                      
7018dee1  TimerP_clearOverflowIntPriv          
7018df01  TimerP_setup                         
7018df21  putchar_                             
7018df41  Pinmux_init                          
7018df81  yis320_get_timestamp_ms              
7018dfe1  ClockP_getTimerCount                 
7018dff1  ClockP_timerClearOverflowInt         
7018e071  TimerP_Params_init                   
7018e081  TimerP_clearOverflowInt              
7018e091  TimerP_getCount                      
7018e0a1  TimerP_getReloadCount                
7018e0b1  TimerP_start                         
7018e0d1  gateway_notify_imu_ready             
7018e0e1  gateway_notify_states_ready          
7018e0f1  yis320_uart_configure                
7018e101  Board_driversOpen                    
7018e111  ClockP_getTicks                      
7018e121  Drivers_open                         
7018e131  PowerClock_init                      
7018e1b1  Drivers_uartInit                     
7018e1e1  SemaphoreP_destruct                  
7018e1f1  imu_uart_process_ipc_notification    
7018e201  Board_driversClose                   
7018e211  Board_init                           
7018e221  Drivers_mcanOpen                     
7018e231  IpcNotify_wait                       
7018e241  TaskP_yield                          
7018e6a0  gCacheConfig                         
7018e6a8  gMpuConfig                           
7018e6b4  gMpuRegionConfig                     
7018e724  gCacheL1dCacheLineSize               
7018e8a6  gCR5ClkSrcInfoMap                    
7018e8a8  gADPLLJConfigTbl                     
701900f4  gPeripheralClkSrcInfoMap             
70190480  gXTALInfo                            
701904cc  gCacheL1pCacheLineSize               
701904d8  __BSS_START                          
70191058  gHwiCtrl                             
70191864  g_yis320_private_data                
70191c6c  g_motor_lookup                       
701928d8  gIpcNotifyCtrl                       
70192b44  gTimerBaseAddr                       
70192b48  gClockCtrl                           
70192b68  virtToPhymap                         
70192b8c  gTimerHwiObj                         
70192b90  gUartHandle                          
70192b98  __BSS_END                            
70192b98  __stack                              
70196b98  __STACK_END                          
70196ba1  HwiP_enableInt                       
70196be1  HwiP_disableInt                      
70196c41  HwiP_restoreInt                      
70196c71  HwiP_clearInt                        
70196cb1  HwiP_post                            
70196cf1  HwiP_Params_init                     
70196d21  HwiP_construct                       
70196f11  HwiP_destruct                        
70196f81  HwiP_init                            
70197131  HwiP_inISR                           
70197161  HwiP_setVimIrqPriMaskNonAtomic       
701971b1  HwiP_setVimIrqPriMaskAtomic          
70197251  HwiP_restoreVimIrqPriMask            
70197261  HwiP_irq_handler_c                   
70197401  HwiP_fiq_handler                     
70197561  HwiP_reserved_handler                
701975a1  HwiP_undefined_handler_c             
701975c1  HwiP_user_undefined_handler_c        
701975e1  HwiP_svc_handler                     
70197621  HwiP_prefetch_abort_handler_c        
701976c1  HwiP_user_prefetch_abort_handler_c   
70197701  HwiP_data_abort_handler_c            
701977c1  HwiP_user_data_abort_handler_c       
701977fc  HwiP_irq_handler                     
70197870  HwiP_data_abort_handler              
701978b4  HwiP_prefetch_abort_handler          
70197900  HwiP_undefined_handler               
70197930  GET_DFSR                             
70197938  GET_ADFSR                            
70197940  GET_DFAR                             
70197948  GET_IFSR                             
70197950  GET_AIFSR                            
70197958  GET_IFAR                             
70197960  GET_SPSR                             
70197978  HwiP_disable                         
70197988  HwiP_disableFIQ                      
70197998  HwiP_enable                          
701979a8  HwiP_enableFIQ                       
701979b8  HwiP_restore                         
701979c0  HwiP_enableVIC                       
701979d0  HwiP_disableVIC                      
701979e0  HwiP_getCPSR                         
701979f0  CacheP_disableL1d                    
70197a18  CacheP_disableL1p                    
70197a30  CacheP_enableL1d                     
70197a48  CacheP_enableL1p                     
70197a60  CacheP_invL1d                        
70197a98  CacheP_invL1p                        
70197ad4  CacheP_invL1dAll                     
70197adc  CacheP_invL1pAll                     
70197ae4  CacheP_wb                            
70197b20  CacheP_wbInv                         
70197b5c  CacheP_wbAll                         
70197c04  CacheP_wbInvAll                      
70197c1c  CacheP_wbInvAllAsm                   
70197cbc  CacheP_getEnabled                    
70197cf4  CacheP_getCacheLevelInfo             
70197d00  CacheP_configForceWrThru             
70197d20  CacheP_setDLFO                       
70197d31  CacheP_init                          
70197dc1  CacheP_disable                       
70197e11  CacheP_enable                        
70197e51  CacheP_inv                           
70197e91  MpuP_getAttrs                        
70197ef1  MpuP_RegionAttrs_init                
70197f21  MpuP_setRegion                       
70197fb1  MpuP_isEnable                        
70197fc1  MpuP_disable                         
70198001  MpuP_enable                          
70198051  MpuP_init                            
701980f1  MpuP_isUserAuthorizedToAccessMemory  
701981d0  MpuP_disableAsm                      
701981e8  MpuP_disableBRAsm                    
701981f8  MpuP_enableAsm                       
70198210  MpuP_enableBRAsm                     
70198220  MpuP_isEnableAsm                     
70198234  MpuP_setRegionAsm                    
70198250  _c_int00_sbl                         
70198274  _c_int00                             
701983a1  _DebugP_assertNoLog                  
701983d1  _system_pre_init                     
70198401  __mpu_init                           
70198410  abort                                
70198418  gEdmaConfig                          
70198418  gUartDmaHandle                       
7019853c  gIpcNotifyMailboxConfig              
70198714  gSocModulesClockFrequency            
7019878c  gUartParams                          
701987e4  gSocModules                          
70198824  gClockConfig                         
7019883c  gIpcNotifyInterruptConfig_r5fss1_1   
70198868  gIpcNotifyCoreIntrBitPos             
70198888  gAddrTranslateConfig                 
7019889c  gUartConfig                          
701988b0  gDebugLogZone                        
701988bc  gEdmaConfigNum                       
701988c0  gHwiConfig                           
701988c4  gIpcNotifyInterruptConfigNum_r5fss1_1
701988c8  gUartConfigNum                       
701988cc  gUartDmaChConfig                     
70198908  isMapAvailable                       
70198910  __IRQ_STACK_START                    
70198a10  __FIQ_STACK_START                    
70198a10  __IRQ_STACK_END                      
70198b10  __FIQ_STACK_END                      
70198b10  __SVC_STACK_START                    
70199b10  __ABORT_STACK_START                  
70199b10  __SVC_STACK_END                      
70199c10  __ABORT_STACK_END                    
70199c10  __UNDEFINED_STACK_START              
70199d10  __UNDEFINED_STACK_END                
70200000  gGatewaySharedMem                    
70204d30  dbg_ipc_send_count                   
70204d34  dbg_ipc_register_count               
70204d38  dbg_imu_uart_isr_count               
70204d3c  dbg_imu_rx_byte_count                
70204d40  dbg_imu_frame_count                  
70204d44  dbg_can_rx_count                     
70204d48  dbg_can_tx_count                     
70208000  gDebugShmLog                         
ffffffff  __TI_pprof_out_hndl                  
ffffffff  __TI_prof_data_size                  
ffffffff  __TI_prof_data_start                 
ffffffff  __binit__                            
ffffffff  binit                                
UNDEFED   __TI_CINIT_Base                      
UNDEFED   __TI_CINIT_Limit                     
UNDEFED   __TI_Handler_Table_Base              
UNDEFED   __TI_Handler_Table_Limit             
UNDEFED   _system_post_cinit                   

[406 symbols]
