******************************************************************************
            TI ARM Clang Linker PC v4.0.4                      
******************************************************************************
>> Linked Mon Mar 30 11:23:45 2026

OUTPUT FILE NAME:   <ccu_ti_multi_core_realtime.out>
ENTRY POINT SYMBOL: "_vectors"  address: 00000000


MEMORY CONFIGURATION

         name            origin    length      used     unused   attr    fill
----------------------  --------  ---------  --------  --------  ----  --------
  R5F_VECS              00000000   00000040  00000040  00000000  RWIX
  R5F_TCMA              00000040   00007fc0  00000000  00007fc0  RWIX
  R5F_TCMB              00080000   00008000  00000000  00008000  RWIX
  MAILBOX_HSM           44000000   000003ce  00000000  000003ce  RWIX
  MAILBOX_R5F           44000400   000003ce  00000000  000003ce  RWIX
  FLASH                 60180000   00080000  00000000  00080000  RWIX
  OCRAM                 70100000   00040000  00019ba0  00026460  RWIX
  USER_SHM_MEM          70200000   00008000  00004d40  000032c0  RWIX
  LOG_SHM_MEM           70208000   00004000  00002000  00002000  RWIX
  RTOS_NORTOS_IPC_SHM_M 72000000   00003e80  00000000  00003e80  RWIX


SEGMENT ALLOCATION MAP

run origin  load origin   length   init length attrs members
----------  ----------- ---------- ----------- ----- -------
00000000    00000000    00000040   00000040    r-x
  00000000    00000000    00000040   00000040    r-x .vectors
70100000    70100000    00010318   00010318    r-x
  70100000    70100000    0000e790   0000e790    r-x .text
  7010e790    7010e790    00001b88   00001b88    r-- .rodata
70110318    70110318    000066c0   00000000    rw-
  70110318    70110318    000026c0   00000000    rw- .bss
  701129d8    701129d8    00004000   00000000    rw- .stack
701169e0    701169e0    00001878   00001878    r-x
  701169e0    701169e0    00000e50   00000e50    r-x .text.hwi
  70117830    70117830    000004a0   000004a0    r-x .text.cache
  70117cd0    70117cd0    000003c0   000003c0    r-x .text.mpu
  70118090    70118090    000001c0   000001c0    r-x .text.boot
  70118250    70118250    00000008   00000008    r-x .text:abort
70118258    70118258    00001950   00000550    rw-
  70118258    70118258    00000550   00000550    rw- .data
  701187a8    701187a8    00000100   00000000    rw- .irqstack
  701188a8    701188a8    00000100   00000000    rw- .fiqstack
  701189a8    701189a8    00001000   00000000    rw- .svcstack
  701199a8    701199a8    00000100   00000000    rw- .abortstack
  70119aa8    70119aa8    00000100   00000000    rw- .undefinedstack


SECTION ALLOCATION MAP

 output                                  attributes/
section   page    origin      length       input sections
--------  ----  ----------  ----------   ----------------
.vectors   0    00000000    00000040     
                  00000000    00000040     nortos.am263px.r5f.ti-arm-clang.debug.lib : HwiP_armv7r_vectors_nortos_asm.obj (.vectors)

.text      0    70100000    0000e790     
                  70100000    00000a34     nortos.am263px.r5f.ti-arm-clang.debug.lib : printf.obj (.text._vsnprintf)
                  70100a34    0000000c     libclang_rt.builtins.a : aeabi_memset.S.obj (.text.__aeabi_memclr)
                  70100a40    00000678     drivers.am263px.r5f.ti-arm-clang.nortos.debug.lib : soc_rcm.obj (.text.SOC_rcmGetClkSrcAndDivReg)
                  701010b8    00000008     libsysbm.a : hostexit.c.obj (.text.HOSTexit)
                  701010c0    00000638     drivers.am263px.r5f.ti-arm-clang.nortos.debug.lib : soc_rcm.obj (.text.SOC_rcmEnablePeripheralClock)
                  701016f8    00000004     libclang_rt.builtins.a : aeabi_div0.c.obj (.text.__aeabi_ldiv0)
                  701016fc    00000004                            : aeabi_memcpy.S.obj (.text.__aeabi_memcpy)
                  70101700    000005e2     nortos.am263px.r5f.ti-arm-clang.debug.lib : printf.obj (.text._ftoa)
                  70101ce2    00000002     --HOLE-- [fill = 0]
                  70101ce4    0000000c                                               : CpuId_armv7r_asm.obj (.text)
                  70101cf0    000004b0                                               : printf.obj (.text._etoa)
                  701021a0    00000400     drivers.am263px.r5f.ti-arm-clang.nortos.debug.lib : uart_v0.obj (.text.UART_open)
                  701025a0    000003fc     yis320_protocol.o (.text.vtable_process_rx_data)
                  7010299c    00000004     libclang_rt.builtins.a : aeabi_memmove.S.obj (.text.__aeabi_memmove)
                  701029a0    000003dc     drivers.am263px.r5f.ti-arm-clang.nortos.debug.lib : ipc_notify_v1.obj (.text.IpcNotify_init)
                  70102d7c    00000004     --HOLE-- [fill = 0]
                  70102d80    00000384     imu_interface_isr.o (.text.imu_uart_isr)
                  70103104    0000000c     --HOLE-- [fill = 0]
                  70103110    00000302     drivers.am263px.r5f.ti-arm-clang.nortos.debug.lib : soc.obj (.text.SOC_virtToPhy)
                  70103412    0000000e     --HOLE-- [fill = 0]
                  70103420    000002f4     motor_mapping.o (.text.motor_mapping_init_core1)
                  70103714    0000000c     --HOLE-- [fill = 0]
                  70103720    000002a8     drivers.am263px.r5f.ti-arm-clang.nortos.debug.lib : mcan.obj (.text.MCAN_msgRAMConfig)
                  701039c8    00000008     --HOLE-- [fill = 0]
                  701039d0    0000027e                                                       : uart_dma_edma.obj (.text.UART_edmaChInit)
                  70103c4e    00000002     --HOLE-- [fill = 0]
                  70103c50    0000027c     main.o (.text.core1_init)
                  70103ecc    00000004     --HOLE-- [fill = 0]
                  70103ed0    00000266     can_interface.o (.text.init_single_mcan)
                  70104136    0000000a     --HOLE-- [fill = 0]
                  70104140    00000250     drivers.am263px.r5f.ti-arm-clang.nortos.debug.lib : edma.obj (.text.Alloc_resource)
                  70104390    00000242                                                       : uart_v0_lld.obj (.text.UART_fifoConfig)
                  701045d2    0000000e     --HOLE-- [fill = 0]
                  701045e0    0000023e     nortos.am263px.r5f.ti-arm-clang.debug.lib : printf.obj (.text._ntoa_format)
                  7010481e    00000002     --HOLE-- [fill = 0]
                  70104820    00000226     drivers.am263px.r5f.ti-arm-clang.nortos.debug.lib : uart_dma_edma.obj (.text.UART_lld_dmaDeInit)
                  70104a46    0000000a     --HOLE-- [fill = 0]
                  70104a50    00000222                                                       : ipc_notify_v1.obj (.text.IpcNotify_isr)
                  70104c72    0000000e     --HOLE-- [fill = 0]
                  70104c80    00000206     can_interface.o (.text.CAN_TransmitBatch)
                  70104e86    0000000a     --HOLE-- [fill = 0]
                  70104e90    000001d6     nortos.am263px.r5f.ti-arm-clang.debug.lib : TimerP_rti_priv.obj (.text.TimerP_setupPriv)
                  70105066    0000000a     --HOLE-- [fill = 0]
                  70105070    000001aa     drivers.am263px.r5f.ti-arm-clang.nortos.debug.lib : uart_dma_edma.obj (.text.UART_lld_dmaWrite)
                  7010521a    00000006     --HOLE-- [fill = 0]
                  70105220    000001aa     can_interface.o (.text.can_rx_isr)
                  701053ca    00000006     --HOLE-- [fill = 0]
                  701053d0    000001a8     drivers.am263px.r5f.ti-arm-clang.nortos.debug.lib : uart_v0.obj (.text.UART_close)
                  70105578    00000008     --HOLE-- [fill = 0]
                  70105580    00000198                                                       : uart_v0_lld.obj (.text.UART_lld_controllerIsr)
                  70105718    00000008     --HOLE-- [fill = 0]
                  70105720    0000018a     imu_interface_isr.o (.text.imu_uart_isr_init)
                  701058aa    00000006     --HOLE-- [fill = 0]
                  701058b0    00000186     drivers.am263px.r5f.ti-arm-clang.nortos.debug.lib : mcan.obj (.text.MCAN_readMsg)
                  70105a36    0000000a     --HOLE-- [fill = 0]
                  70105a40    00000184                                                       : mcan.obj (.text.MCAN_calcMsgRamParamsStartAddr)
                  70105bc4    0000000c     --HOLE-- [fill = 0]
                  70105bd0    00000176     main.o (.text.transmit_can_frames)
                  70105d46    0000000a     --HOLE-- [fill = 0]
                  70105d50    00000172     main.o (.text.main_loop)
                  70105ec2    0000000e     --HOLE-- [fill = 0]
                  70105ed0    00000162     drivers.am263px.r5f.ti-arm-clang.nortos.debug.lib : edma.obj (.text.EDMA_unregisterIntr)
                  70106032    0000000e     --HOLE-- [fill = 0]
                  70106040    00000158                                                       : soc.obj (.text.SOC_controlModuleUnlockMMR)
                  70106198    00000008     --HOLE-- [fill = 0]
                  701061a0    00000152                                                       : uart_v0_lld.obj (.text.UART_lld_initDma)
                  701062f2    0000000e     --HOLE-- [fill = 0]
                  70106300    00000150     nortos.am263px.r5f.ti-arm-clang.debug.lib : DebugP_shmLogWriter.obj (.text.DebugP_shmLogWriterPutChar)
                  70106450    00000150     drivers.am263px.r5f.ti-arm-clang.nortos.debug.lib : mcan.obj (.text.MCAN_writeMsg)
                  701065a0    00000150     imu_interface_isr.o (.text.parse_yis320_frame)
                  701066f0    0000014e     yis320_protocol.o (.text.parse_imu_frame)
                  7010683e    00000002     --HOLE-- [fill = 0]
                  70106840    0000014c     drivers.am263px.r5f.ti-arm-clang.nortos.debug.lib : mcan.obj (.text.MCAN_setBitTime)
                  7010698c    00000004     --HOLE-- [fill = 0]
                  70106990    00000140     can_interface.o (.text.CAN_Init)
                  70106ad0    0000013a     drivers.am263px.r5f.ti-arm-clang.nortos.debug.lib : edma.obj (.text.EDMA_isDmaChannelAllocated)
                  70106c0a    00000006     --HOLE-- [fill = 0]
                  70106c10    00000138                                                       : mcan.obj (.text.MCAN_readMsgRam)
                  70106d48    00000008     --HOLE-- [fill = 0]
                  70106d50    00000138     nortos.am263px.r5f.ti-arm-clang.debug.lib : printf.obj (.text._ntoa_long_long)
                  70106e88    00000008     --HOLE-- [fill = 0]
                  70106e90    00000136                                               : ClockP_nortos_r5.obj (.text.ClockP_init)
                  70106fc6    0000000a     --HOLE-- [fill = 0]
                  70106fd0    00000136     drivers.am263px.r5f.ti-arm-clang.nortos.debug.lib : uart_v0_lld.obj (.text.UART_procLineStatusErr)
                  70107106    0000000a     --HOLE-- [fill = 0]
                  70107110    00000134                                                       : edma.obj (.text.EDMA_registerIntr)
                  70107244    0000000c     --HOLE-- [fill = 0]
                  70107250    00000134                                                       : mcan.obj (.text.MCAN_init)
                  70107384    0000000c     --HOLE-- [fill = 0]
                  70107390    0000012c                                                       : uart_v0_lld.obj (.text.UART_lld_init)
                  701074bc    00000004     --HOLE-- [fill = 0]
                  701074c0    0000012a                                                       : mcan.obj (.text.MCAN_config)
                  701075ea    00000006     --HOLE-- [fill = 0]
                  701075f0    00000126                                                       : soc.obj (.text.SOC_controlModuleLockMMR)
                  70107716    0000000a     --HOLE-- [fill = 0]
                  70107720    00000120                                                       : soc_rcm.obj (.text.SOC_rcmGetPeripheralClockFrequency)
                  70107840    00000120     can_interface.o (.text.init_can_stb_gpios)
                  70107960    0000011c     nortos.am263px.r5f.ti-arm-clang.debug.lib : DebugP_shmLogWriter.obj (.text.DebugP_shmLogWriterPutLine)
                  70107a7c    00000004     --HOLE-- [fill = 0]
                  70107a80    0000011c     drivers.am263px.r5f.ti-arm-clang.nortos.debug.lib : uart_dma_edma.obj (.text.UART_lld_dmaRead)
                  70107b9c    00000118     libclang_rt.builtins.a : udivmoddi4.S.obj (.text)
                  70107cb4    0000000c     --HOLE-- [fill = 0]
                  70107cc0    00000116     drivers.am263px.r5f.ti-arm-clang.nortos.debug.lib : edma.obj (.text.EDMA_isTccAllocated)
                  70107dd6    0000000a     --HOLE-- [fill = 0]
                  70107de0    00000116                                                       : uart_v0_lld.obj (.text.UART_divisorLatchWrite)
                  70107ef6    0000000a     --HOLE-- [fill = 0]
                  70107f00    00000114     nortos.am263px.r5f.ti-arm-clang.debug.lib : printf.obj (.text._ntoa_long)
                  70108014    0000000c     --HOLE-- [fill = 0]
                  70108020    0000010e     drivers.am263px.r5f.ti-arm-clang.nortos.debug.lib : soc_rcm.obj (.text.SOC_rcmADPLLJGetFOut)
                  7010812e    00000002     --HOLE-- [fill = 0]
                  70108130    0000010a                                                       : ipc_notify_v1.obj (.text.IpcNotify_sendMsg)
                  7010823a    00000006     --HOLE-- [fill = 0]
                  70108240    00000104                                                       : uart_v0_lld.obj (.text.UART_configInstance)
                  70108344    0000000c     --HOLE-- [fill = 0]
                  70108350    00000102     ti_drivers_config.o (.text.GPIO_init)
                  70108452    0000000e     --HOLE-- [fill = 0]
                  70108460    00000102     nortos.am263px.r5f.ti-arm-clang.debug.lib : SemaphoreP_nortos.obj (.text.SemaphoreP_pend)
                  70108562    0000000e     --HOLE-- [fill = 0]
                  70108570    00000102     gateway_shared.o (.text.gateway_ringbuf_read)
                  70108672    0000000e     --HOLE-- [fill = 0]
                  70108680    000000f6     main.o (.text.process_can_rx)
                  70108776    0000000a     --HOLE-- [fill = 0]
                  70108780    000000f0     can_interface.o (.text.CAN_StartRxInterrupts)
                  70108870    000000ec     gateway_shared.o (.text.gateway_write_motor_config)
                  7010895c    00000004     --HOLE-- [fill = 0]
                  70108960    000000e6     drivers.am263px.r5f.ti-arm-clang.nortos.debug.lib : soc_rcm.obj (.text.SOC_rcmGetCoreFout)
                  70108a46    0000000a     --HOLE-- [fill = 0]
                  70108a50    000000e6                                                       : soc_rcm.obj (.text.SOC_rcmGetPerFout)
                  70108b36    0000000a     --HOLE-- [fill = 0]
                  70108b40    000000e4                                                       : edma.obj (.text.EDMA_freeChannelRegion)
                  70108c24    0000000c     --HOLE-- [fill = 0]
                  70108c30    000000e2                                                       : edma.obj (.text.EDMA_freeParam)
                  70108d12    0000000e     --HOLE-- [fill = 0]
                  70108d20    000000e0                                                       : edma.obj (.text.EDMA_freeDmaChannel)
                  70108e00    000000e0                                                       : edma.obj (.text.EDMA_freeTcc)
                  70108ee0    000000de                                                       : uart_v0_lld.obj (.text.UART_intrEnable)
                  70108fbe    00000002     --HOLE-- [fill = 0]
                  70108fc0    000000de     imu_interface_isr.o (.text.update_imu_state_atomic)
                  7010909e    00000002     --HOLE-- [fill = 0]
                  701090a0    000000da     drivers.am263px.r5f.ti-arm-clang.nortos.debug.lib : uart_v0_lld.obj (.text.UART_intrDisable)
                  7010917a    00000006     --HOLE-- [fill = 0]
                  70109180    000000d0     nortos.am263px.r5f.ti-arm-clang.debug.lib : AddrTranslateP_32bit.obj (.text.AddrTranslateP_getLocalAddr)
                  70109250    000000ce     drivers.am263px.r5f.ti-arm-clang.nortos.debug.lib : edma.obj (.text.EDMA_disableChInShadowRegRegion)
                  7010931e    00000002     --HOLE-- [fill = 0]
                  70109320    000000cc                                                       : edma.obj (.text.EDMA_enableChInShadowRegRegion)
                  701093ec    00000004     --HOLE-- [fill = 0]
                  701093f0    000000c4                                                       : edma.obj (.text.EDMA_mapChToEvtQ)
                  701094b4    0000000c     --HOLE-- [fill = 0]
                  701094c0    000000c0                                                       : edma.obj (.text.EDMA_configureChannelRegion)
                  70109580    000000c0                                                       : soc_rcm.obj (.text.SOC_rcmGetPerHSDivOut)
                  70109640    000000c0                                                       : uart_v0.obj (.text.UART_flushTxFifo)
                  70109700    000000c0     nortos.am263px.r5f.ti-arm-clang.debug.lib : printf.obj (.text._out_rev)
                  701097c0    000000be                                               : ClockP_nortos.obj (.text.ClockP_timerTickIsr)
                  7010987e    00000002     --HOLE-- [fill = 0]
                  70109880    000000be     ti_dpl_config.o (.text.TimerP_init)
                  7010993e    00000002     --HOLE-- [fill = 0]
                  70109940    000000ba     nortos.am263px.r5f.ti-arm-clang.debug.lib : ClockP_nortos.obj (.text.ClockP_stop)
                  701099fa    00000006     --HOLE-- [fill = 0]
                  70109a00    000000ba     drivers.am263px.r5f.ti-arm-clang.nortos.debug.lib : ipc_notify_v1.obj (.text.IpcNotify_waitSync)
                  70109aba    00000006     --HOLE-- [fill = 0]
                  70109ac0    000000ba     gateway_shared.o (.text.gateway_write_motor_states)
                  70109b7a    00000006     --HOLE-- [fill = 0]
                  70109b80    000000ba     nortos.am263px.r5f.ti-arm-clang.debug.lib : PmuP_armv7r.obj (.text.pmu)
                  70109c3a    00000006     --HOLE-- [fill = 0]
                  70109c40    000000b0     drivers.am263px.r5f.ti-arm-clang.nortos.debug.lib : mcan.obj (.text.MCAN_writeMsgRam)
                  70109cf0    000000b0                                                       : soc_rcm.obj (.text.SOC_rcmSetPeripheralClock)
                  70109da0    000000b0                                                       : uart_v0.obj (.text.UART_init)
                  70109e50    000000ae                                                       : mcan.obj (.text.MCAN_getOffsetAddr)
                  70109efe    00000002     --HOLE-- [fill = 0]
                  70109f00    000000ac     gateway_shared.o (.text.gateway_core1_wait_for_ready)
                  70109fac    00000004     --HOLE-- [fill = 0]
                  70109fb0    000000a8     nortos.am263px.r5f.ti-arm-clang.debug.lib : ClockP_nortos.obj (.text.ClockP_addToList)
                  7010a058    00000008     --HOLE-- [fill = 0]
                  7010a060    000000a8                                               : ClockP_nortos.obj (.text.ClockP_destruct)
                  7010a108    00000008     --HOLE-- [fill = 0]
                  7010a110    000000a8     ti_drivers_open_close.o (.text.Drivers_uartOpen)
                  7010a1b8    00000008     --HOLE-- [fill = 0]
                  7010a1c0    000000a6     imu_interface_isr.o (.text.validate_yis320_checksum)
                  7010a266    0000000a     --HOLE-- [fill = 0]
                  7010a270    000000a0     drivers.am263px.r5f.ti-arm-clang.nortos.debug.lib : soc_rcm.obj (.text.SOC_rcmGetCoreHSDivOut)
                  7010a310    0000009e     gateway_shared.o (.text.gateway_core1_ipc_callback)
                  7010a3ae    00000002     --HOLE-- [fill = 0]
                  7010a3b0    0000009e     yis320_protocol.o (.text.validate_checksum)
                  7010a44e    00000002     --HOLE-- [fill = 0]
                  7010a450    00000098     drivers.am263px.r5f.ti-arm-clang.nortos.debug.lib : ipc_notify_v1.obj (.text.IpcNotify_registerClient)
                  7010a4e8    00000008     --HOLE-- [fill = 0]
                  7010a4f0    00000096                                                       : uart_v0_lld.obj (.text.UART_subConfigTCRTLRModeEn)
                  7010a586    0000000a     --HOLE-- [fill = 0]
                  7010a590    00000092     nortos.am263px.r5f.ti-arm-clang.debug.lib : ClockP_nortos.obj (.text.ClockP_getTimeUsec)
                  7010a622    0000000e     --HOLE-- [fill = 0]
                  7010a630    00000092     drivers.am263px.r5f.ti-arm-clang.nortos.debug.lib : edma.obj (.text.EDMA_unmapChToEvtQ)
                  7010a6c2    0000000e     --HOLE-- [fill = 0]
                  7010a6d0    00000092     yis320_protocol.o (.text.yis320_convert_to_ipc)
                  7010a762    0000000e     --HOLE-- [fill = 0]
                  7010a770    0000008c     drivers.am263px.r5f.ti-arm-clang.nortos.debug.lib : edma.obj (.text.EDMA_disableTransferRegion)
                  7010a7fc    00000004     --HOLE-- [fill = 0]
                  7010a800    0000008c                                                       : edma.obj (.text.EDMA_enableTransferRegion)
                  7010a88c    00000004     --HOLE-- [fill = 0]
                  7010a890    00000088                                                       : uart_dma_edma.obj (.text.UART_edmaIsrRx)
                  7010a918    00000008     --HOLE-- [fill = 0]
                  7010a920    00000088                                                       : uart_dma_edma.obj (.text.UART_edmaIsrTx)
                  7010a9a8    00000008     --HOLE-- [fill = 0]
                  7010a9b0    00000086                                                       : uart_v0_lld.obj (.text.UART_lld_flushTxFifo)
                  7010aa36    0000000a     --HOLE-- [fill = 0]
                  7010aa40    00000086                                                       : uart_v0_lld.obj (.text.UART_tcrTlrBitValRestore)
                  7010aac6    0000000a     --HOLE-- [fill = 0]
                  7010aad0    00000082                                                       : edma.obj (.text.EDMA_allocDmaChannel)
                  7010ab52    0000000e     --HOLE-- [fill = 0]
                  7010ab60    00000082                                                       : edma.obj (.text.EDMA_allocParam)
                  7010abe2    0000000e     --HOLE-- [fill = 0]
                  7010abf0    00000082                                                       : edma.obj (.text.EDMA_allocTcc)
                  7010ac72    0000000e     --HOLE-- [fill = 0]
                  7010ac80    00000082                                                       : edma.obj (.text.EDMA_disableTccInShadowRegRegion)
                  7010ad02    0000000e     --HOLE-- [fill = 0]
                  7010ad10    00000082                                                       : edma.obj (.text.EDMA_enableTccInShadowRegRegion)
                  7010ad92    0000000e     --HOLE-- [fill = 0]
                  7010ada0    00000082                                                       : ipc_notify_v1.obj (.text.IpcNotify_syncAll)
                  7010ae22    0000000e     --HOLE-- [fill = 0]
                  7010ae30    00000082     imu_protocol_handler.o (.text.imu_protocol_manager_init)
                  7010aeb2    0000000e     --HOLE-- [fill = 0]
                  7010aec0    00000080     drivers.am263px.r5f.ti-arm-clang.nortos.debug.lib : mcan.obj (.text.MCAN_addStdMsgIDFilter)
                  7010af40    00000080                                                       : uart_v0_lld.obj (.text.UART_moduleReset)
                  7010afc0    0000007e     ti_drivers_config.o (.text.System_init)
                  7010b03e    00000002     --HOLE-- [fill = 0]
                  7010b040    0000007e     drivers.am263px.r5f.ti-arm-clang.nortos.debug.lib : uart_v0_lld.obj (.text.UART_readData)
                  7010b0be    00000002     --HOLE-- [fill = 0]
                  7010b0c0    0000007c     nortos.am263px.r5f.ti-arm-clang.debug.lib : DebugP_log.obj (.text._DebugP_assert)
                  7010b13c    00000004     --HOLE-- [fill = 0]
                  7010b140    0000007c     gateway_shared.o (.text.gateway_ringbuf_core1_init)
                  7010b1bc    00000004     --HOLE-- [fill = 0]
                  7010b1c0    0000007a     drivers.am263px.r5f.ti-arm-clang.nortos.debug.lib : ipc_notify_v1.obj (.text.IpcNotify_mailboxWrite)
                  7010b23a    00000006     --HOLE-- [fill = 0]
                  7010b240    0000007a                                                       : uart_v0.obj (.text.UART_Params_init)
                  7010b2ba    00000006     --HOLE-- [fill = 0]
                  7010b2c0    00000078                                                       : edma.obj (.text.EDMA_linkChannel)
                  7010b338    00000008     --HOLE-- [fill = 0]
                  7010b340    00000074                                                       : uart_v0_lld.obj (.text.UART_IsBaseAddrValid)
                  7010b3b4    0000000c     --HOLE-- [fill = 0]
                  7010b3c0    00000074     main.o (.text.ipc_notify_callback_fxn)
                  7010b434    0000000c     --HOLE-- [fill = 0]
                  7010b440    00000074     imu_interface_isr.o (.text.parse_euler_angles)
                  7010b4b4    0000000c     --HOLE-- [fill = 0]
                  7010b4c0    00000074     imu_interface_isr.o (.text.parse_gyroscope)
                  7010b534    0000000c     --HOLE-- [fill = 0]
                  7010b540    00000072     nortos.am263px.r5f.ti-arm-clang.debug.lib : ClockP_nortos.obj (.text.ClockP_usleep)
                  7010b5b2    0000000e     --HOLE-- [fill = 0]
                  7010b5c0    00000072     drivers.am263px.r5f.ti-arm-clang.nortos.debug.lib : edma.obj (.text.EDMA_clrMissEvtRegion)
                  7010b632    0000000e     --HOLE-- [fill = 0]
                  7010b640    00000072                                                       : ipc_notify_v1.obj (.text.IpcNotify_makeMsg)
                  7010b6b2    0000000e     --HOLE-- [fill = 0]
                  7010b6c0    0000006e     yis320_protocol.o (.text.find_frame_header_limited)
                  7010b72e    00000002     --HOLE-- [fill = 0]
                  7010b730    0000006a     drivers.am263px.r5f.ti-arm-clang.nortos.debug.lib : ipc_notify_v1.obj (.text.IpcNotify_mailboxReadSwQ)
                  7010b79a    00000006     --HOLE-- [fill = 0]
                  7010b7a0    00000068                                                       : edma.obj (.text.EDMA_getBaseAddr)
                  7010b808    00000008     --HOLE-- [fill = 0]
                  7010b810    00000068                                                       : uart_v0_lld.obj (.text.UART_divisorValCompute)
                  7010b878    00000008     --HOLE-- [fill = 0]
                  7010b880    00000064                                                       : soc_rcm.obj (.text.SOC_rcmGetR5Clock)
                  7010b8e4    0000000c     --HOLE-- [fill = 0]
                  7010b8f0    00000064                                                       : soc_rcm.obj (.text.SOC_rcmIsR5FInLockStepMode)
                  7010b954    0000000c     --HOLE-- [fill = 0]
                  7010b960    00000064                                                       : uart_v0_lld.obj (.text.UART_fifoRegisterWrite)
                  7010b9c4    0000000c     --HOLE-- [fill = 0]
                  7010b9d0    00000064                                                       : uart_v0_lld.obj (.text.UART_lld_deInitDma)
                  7010ba34    0000000c     --HOLE-- [fill = 0]
                  7010ba40    00000062                                                       : mcan.obj (.text.MCAN_enableIntr)
                  7010baa2    0000000e     --HOLE-- [fill = 0]
                  7010bab0    00000062                                                       : mcan.obj (.text.MCAN_initTxBufElement)
                  7010bb12    0000000e     --HOLE-- [fill = 0]
                  7010bb20    00000062                                                       : soc_rcm.obj (.text.SOC_rcmInsert16)
                  7010bb82    0000000e     --HOLE-- [fill = 0]
                  7010bb90    00000062     nortos.am263px.r5f.ti-arm-clang.debug.lib : SemaphoreP_nortos.obj (.text.SemaphoreP_post)
                  7010bbf2    0000000e     --HOLE-- [fill = 0]
                  7010bc00    00000062     main.o (.text.process_motor_commands)
                  7010bc62    0000000e     --HOLE-- [fill = 0]
                  7010bc70    00000060     drivers.am263px.r5f.ti-arm-clang.nortos.debug.lib : mcan.obj (.text.MCAN_selectIntrLine)
                  7010bcd0    00000060                                                       : uart_v0_lld.obj (.text.UART_getChar)
                  7010bd30    00000060                                                       : uart_v0_lld.obj (.text.UART_writeData)
                  7010bd90    0000005e     yis320_protocol.o (.text.yis320_protocol_handler_init)
                  7010bdee    00000002     --HOLE-- [fill = 0]
                  7010bdf0    0000005c     ti_power_clock_config.o (.text.Module_clockSetFrequency)
                  7010be4c    00000004     --HOLE-- [fill = 0]
                  7010be50    0000005c     drivers.am263px.r5f.ti-arm-clang.nortos.debug.lib : uart_v0_lld.obj (.text.UART_lld_deInit)
                  7010beac    00000004     --HOLE-- [fill = 0]
                  7010beb0    0000005c     imu_interface_isr.o (.text.parse_quaternion)
                  7010bf0c    00000004     --HOLE-- [fill = 0]
                  7010bf10    0000005a     drivers.am263px.r5f.ti-arm-clang.nortos.debug.lib : uart_v0_lld.obj (.text.UART_regConfigModeEnable)
                  7010bf6a    00000006     --HOLE-- [fill = 0]
                  7010bf70    00000058                                                       : soc_rcm.obj (.text.SOC_rcmGetModuleClkDivVal)
                  7010bfc8    00000008     --HOLE-- [fill = 0]
                  7010bfd0    00000058     yis320_protocol.o (.text.parse_angular_velocity)
                  7010c028    00000008     --HOLE-- [fill = 0]
                  7010c030    00000058     yis320_protocol.o (.text.parse_euler_angles)
                  7010c088    00000008     --HOLE-- [fill = 0]
                  7010c090    00000056     drivers.am263px.r5f.ti-arm-clang.nortos.debug.lib : uart_v0.obj (.text.UART_lld_readCompleteCallback)
                  7010c0e6    0000000a     --HOLE-- [fill = 0]
                  7010c0f0    00000056                                                       : uart_v0.obj (.text.UART_lld_writeCompleteCallback)
                  7010c146    0000000a     --HOLE-- [fill = 0]
                  7010c150    00000056     gateway_shared.o (.text.gateway_write_imu_state)
                  7010c1a6    0000000a     --HOLE-- [fill = 0]
                  7010c1b0    00000056     yis320_protocol.o (.text.vtable_initialize)
                  7010c206    0000000a     --HOLE-- [fill = 0]
                  7010c210    00000054     ti_dpl_config.o (.text.Dpl_init)
                  7010c264    0000000c     --HOLE-- [fill = 0]
                  7010c270    00000054     drivers.am263px.r5f.ti-arm-clang.nortos.debug.lib : edma.obj (.text.EDMA_setPaRAM)
                  7010c2c4    0000000c     --HOLE-- [fill = 0]
                  7010c2d0    00000054                                                       : uart_v0_lld.obj (.text.UART_OperModeValid)
                  7010c324    0000000c     --HOLE-- [fill = 0]
                  7010c330    00000054     main.o (.text.main)
                  7010c384    00000054     libc.a : autoinit.c.obj (.text:__TI_auto_init_nobinit_nopinit)
                  7010c3d8    00000008     --HOLE-- [fill = 0]
                  7010c3e0    00000050     ti_drivers_open_close.o (.text.Drivers_uartClose)
                  7010c430    00000050     drivers.am263px.r5f.ti-arm-clang.nortos.debug.lib : pinmux.obj (.text.Pinmux_config)
                  7010c480    00000050                                                       : uart_v0_lld.obj (.text.UART_checkCharsAvailInFifo)
                  7010c4d0    0000004e     nortos.am263px.r5f.ti-arm-clang.debug.lib : DebugP_shmLogWriter.obj (.text.DebugP_shmLogWriterInit)
                  7010c51e    00000002     --HOLE-- [fill = 0]
                  7010c520    0000004e     drivers.am263px.r5f.ti-arm-clang.nortos.debug.lib : edma.obj (.text.EDMA_clrEvtRegion)
                  7010c56e    00000002     --HOLE-- [fill = 0]
                  7010c570    0000004e                                                       : edma.obj (.text.EDMA_disableDmaEvtRegion)
                  7010c5be    00000002     --HOLE-- [fill = 0]
                  7010c5c0    0000004e                                                       : edma.obj (.text.EDMA_disableEvtIntrRegion)
                  7010c60e    00000002     --HOLE-- [fill = 0]
                  7010c610    0000004e                                                       : edma.obj (.text.EDMA_enableDmaEvtRegion)
                  7010c65e    00000002     --HOLE-- [fill = 0]
                  7010c660    0000004e                                                       : edma.obj (.text.EDMA_enableEvtIntrRegion)
                  7010c6ae    00000002     --HOLE-- [fill = 0]
                  7010c6b0    0000004e                                                       : edma.obj (.text.EDMA_setEvtRegion)
                  7010c6fe    00000002     --HOLE-- [fill = 0]
                  7010c700    0000004e                                                       : gpio.obj (.text.GPIO_setDirMode)
                  7010c74e    00000002     --HOLE-- [fill = 0]
                  7010c750    0000004e                                                       : mcan.obj (.text.MCAN_enableIntrLine)
                  7010c79e    00000002     --HOLE-- [fill = 0]
                  7010c7a0    0000004c     nortos.am263px.r5f.ti-arm-clang.debug.lib : ClockP_nortos.obj (.text.ClockP_construct)
                  7010c7ec    00000004     --HOLE-- [fill = 0]
                  7010c7f0    0000004c     drivers.am263px.r5f.ti-arm-clang.nortos.debug.lib : edma.obj (.text.EDMA_ccPaRAMEntry_init)
                  7010c83c    00000004     --HOLE-- [fill = 0]
                  7010c840    0000004c                                                       : edma.obj (.text.EDMA_mapQdmaChToPaRAM)
                  7010c88c    00000004     --HOLE-- [fill = 0]
                  7010c890    0000004c                                                       : edma.obj (.text.EDMA_readEventStatusRegion)
                  7010c8dc    00000004     --HOLE-- [fill = 0]
                  7010c8e0    0000004c                                                       : ipc_notify_v1.obj (.text.IpcNotify_unregisterClient)
                  7010c92c    00000004     --HOLE-- [fill = 0]
                  7010c930    0000004c     ti_power_clock_config.o (.text.Module_clockEnable)
                  7010c97c    00000004     --HOLE-- [fill = 0]
                  7010c980    0000004c     gateway_shared.o (.text.gateway_update_stat)
                  7010c9cc    0000004c     libc.a : memmov.c.obj (.text.memmove)
                  7010ca18    00000008     --HOLE-- [fill = 0]
                  7010ca20    0000004c     yis320_protocol.o (.text.parse_quaternion)
                  7010ca6c    00000004     --HOLE-- [fill = 0]
                  7010ca70    0000004a     drivers.am263px.r5f.ti-arm-clang.nortos.debug.lib : ipc_notify_v1.obj (.text.IpcNotify_Params_init)
                  7010caba    00000006     --HOLE-- [fill = 0]
                  7010cac0    0000004a                                                       : soc_rcm.obj (.text.SOC_rcmGetCR5SysclkInFrequency)
                  7010cb0a    00000006     --HOLE-- [fill = 0]
                  7010cb10    0000004a                                                       : uart_v0_lld.obj (.text.UART_getIntrIdentityStatus)
                  7010cb5a    00000006     --HOLE-- [fill = 0]
                  7010cb60    0000004a                                                       : uart_v0_lld.obj (.text.UART_lineCharConfig)
                  7010cbaa    00000006     --HOLE-- [fill = 0]
                  7010cbb0    0000004a     main.o (.text.motor_get_index)
                  7010cbfa    00000006     --HOLE-- [fill = 0]
                  7010cc00    00000048     can_interface.o (.text.CAN_RegisterRxCallback)
                  7010cc48    00000008     --HOLE-- [fill = 0]
                  7010cc50    00000048     drivers.am263px.r5f.ti-arm-clang.nortos.debug.lib : uart_v0_lld.obj (.text.UART_resetModule)
                  7010cc98    00000008     --HOLE-- [fill = 0]
                  7010cca0    00000046                                                       : uart_v0_lld.obj (.text.UART_i2310WA)
                  7010cce6    0000000a     --HOLE-- [fill = 0]
                  7010ccf0    00000046                                                       : uart_v0_lld.obj (.text.UART_readLineStatus)
                  7010cd36    0000000a     --HOLE-- [fill = 0]
                  7010cd40    00000046     imu_protocol_handler.o (.text.imu_protocol_handler_init)
                  7010cd86    0000000a     --HOLE-- [fill = 0]
                  7010cd90    00000044     drivers.am263px.r5f.ti-arm-clang.nortos.debug.lib : ipc_notify_v1.obj (.text.IpcNotify_getWriteMailbox)
                  7010cdd4    0000000c     --HOLE-- [fill = 0]
                  7010cde0    00000044                                                       : soc_rcm.obj (.text.SOC_rcmExtract8)
                  7010ce24    0000000c     --HOLE-- [fill = 0]
                  7010ce30    00000044                                                       : soc_rcm.obj (.text.SOC_rcmMake16)
                  7010ce74    0000000c     --HOLE-- [fill = 0]
                  7010ce80    00000044     nortos.am263px.r5f.ti-arm-clang.debug.lib : SemaphoreP_nortos.obj (.text.SemaphoreP_construct)
                  7010cec4    0000000c     --HOLE-- [fill = 0]
                  7010ced0    00000044                                               : DebugP_nortos.obj (.text._DebugP_logZone)
                  7010cf14    0000000c     --HOLE-- [fill = 0]
                  7010cf20    00000044                                               : printf.obj (.text._strnlen_s)
                  7010cf64    0000000c     --HOLE-- [fill = 0]
                  7010cf70    00000042                                               : ClockP_nortos.obj (.text.ClockP_start)
                  7010cfb2    0000000e     --HOLE-- [fill = 0]
                  7010cfc0    00000042     drivers.am263px.r5f.ti-arm-clang.nortos.debug.lib : uart_v0.obj (.text.UART_checkOpenParams)
                  7010d002    0000000e     --HOLE-- [fill = 0]
                  7010d010    00000040     imu_interface_isr.o (.text.imu_uart_process_ipc_notification)
                  7010d050    0000003e     drivers.am263px.r5f.ti-arm-clang.nortos.debug.lib : pinmux.obj (.text.Pinmux_unlockMMR)
                  7010d08e    00000002     --HOLE-- [fill = 0]
                  7010d090    0000003e                                                       : uart_v0_lld.obj (.text.UART_IsHWFlowCtrlValid)
                  7010d0ce    00000002     --HOLE-- [fill = 0]
                  7010d0d0    0000003e                                                       : uart_v0_lld.obj (.text.UART_spaceAvail)
                  7010d10e    00000002     --HOLE-- [fill = 0]
                  7010d110    0000003e     gateway_shared.o (.text.gateway_core1_init)
                  7010d14e    00000002     --HOLE-- [fill = 0]
                  7010d150    0000003e     gateway_shared.o (.text.gateway_update_heartbeat)
                  7010d18e    00000002     --HOLE-- [fill = 0]
                  7010d190    0000003e     main.o (.text.timerISR)
                  7010d1ce    00000002     --HOLE-- [fill = 0]
                  7010d1d0    0000003c     drivers.am263px.r5f.ti-arm-clang.nortos.debug.lib : uart_v0_lld.obj (.text.UART_IsParityTypeValid)
                  7010d20c    00000004     --HOLE-- [fill = 0]
                  7010d210    0000003c                                                       : uart_v0_lld.obj (.text.UART_IsTxRxFifoEmpty)
                  7010d24c    00000004     --HOLE-- [fill = 0]
                  7010d250    0000003c                                                       : uart_v0_lld.obj (.text.UART_enhanFuncEnable)
                  7010d28c    00000004     --HOLE-- [fill = 0]
                  7010d290    0000003a                                                       : mcan.obj (.text.MCAN_txBufAddReq)
                  7010d2ca    00000006     --HOLE-- [fill = 0]
                  7010d2d0    0000003a                                                       : soc.obj (.text.SOC_moduleSetClockFrequency)
                  7010d30a    00000006     --HOLE-- [fill = 0]
                  7010d310    0000003a     nortos.am263px.r5f.ti-arm-clang.debug.lib : printf.obj (.text._atoi)
                  7010d34a    00000006     --HOLE-- [fill = 0]
                  7010d350    0000003a     main.o (.text.init_1000hz_timer)
                  7010d38a    00000006     --HOLE-- [fill = 0]
                  7010d390    0000003a     nortos.am263px.r5f.ti-arm-clang.debug.lib : printf.obj (.text.snprintf_)
                  7010d3ca    00000006     --HOLE-- [fill = 0]
                  7010d3d0    00000038     drivers.am263px.r5f.ti-arm-clang.nortos.debug.lib : soc.obj (.text.SOC_getCoreName)
                  7010d408    00000038     nortos.am263px.r5f.ti-arm-clang.debug.lib : PmuP_armv7r_asm.obj (.text.pmu)
                  7010d440    00000038     yis320_protocol.o (.text.vtable_is_connected)
                  7010d478    00000008     --HOLE-- [fill = 0]
                  7010d480    00000036     drivers.am263px.r5f.ti-arm-clang.nortos.debug.lib : edma.obj (.text.EDMA_getRegionId)
                  7010d4b6    0000000a     --HOLE-- [fill = 0]
                  7010d4c0    00000036                                                       : gpio.obj (.text.GPIO_pinRead)
                  7010d4f6    0000000a     --HOLE-- [fill = 0]
                  7010d500    00000036     imu_interface_isr.o (.text.GPIO_pinWriteHigh)
                  7010d536    0000000a     --HOLE-- [fill = 0]
                  7010d540    00000036     can_interface.o (.text.GPIO_pinWriteLow)
                  7010d576    0000000a     --HOLE-- [fill = 0]
                  7010d580    00000036     imu_interface_isr.o (.text.GPIO_pinWriteLow)
                  7010d5b6    0000000a     --HOLE-- [fill = 0]
                  7010d5c0    00000036     ti_drivers_config.o (.text.GPIO_pinWriteLow)
                  7010d5f6    0000000a     --HOLE-- [fill = 0]
                  7010d600    00000036     drivers.am263px.r5f.ti-arm-clang.nortos.debug.lib : ipc_notify_v1.obj (.text.IpcNotify_syncCallback)
                  7010d636    0000000a     --HOLE-- [fill = 0]
                  7010d640    00000034                                                       : mcan.obj (.text.MCAN_SsAddr)
                  7010d674    0000000c     --HOLE-- [fill = 0]
                  7010d680    00000034                                                       : mcan.obj (.text.MCAN_calcCfgAddr)
                  7010d6b4    0000000c     --HOLE-- [fill = 0]
                  7010d6c0    00000034                                                       : pinmux.obj (.text.Pinmux_lockMMR)
                  7010d6f4    0000000c     --HOLE-- [fill = 0]
                  7010d700    00000034     nortos.am263px.r5f.ti-arm-clang.debug.lib : TimerP_rti_priv.obj (.text.TimerP_Params_initPriv)
                  7010d734    0000000c     --HOLE-- [fill = 0]
                  7010d740    00000034     drivers.am263px.r5f.ti-arm-clang.nortos.debug.lib : uart_v0_lld.obj (.text.UART_IsDataLengthValid)
                  7010d774    0000000c     --HOLE-- [fill = 0]
                  7010d780    00000034     motor_mapping.o (.text.motor_get_config)
                  7010d7b4    0000000c     --HOLE-- [fill = 0]
                  7010d7c0    00000032     drivers.am263px.r5f.ti-arm-clang.nortos.debug.lib : mcan.obj (.text.HW_WR_FIELD32_RAW)
                  7010d7f2    0000000e     --HOLE-- [fill = 0]
                  7010d800    00000032                                                       : uart_v0_lld.obj (.text.HW_WR_FIELD32_RAW)
                  7010d832    0000000e     --HOLE-- [fill = 0]
                  7010d840    00000032                                                       : ipc_notify_v1.obj (.text.IpcNotify_mailboxIsPendingIntr)
                  7010d872    0000000e     --HOLE-- [fill = 0]
                  7010d880    00000032     nortos.am263px.r5f.ti-arm-clang.debug.lib : TimerP_rti_priv.obj (.text.TimerP_getCountPriv)
                  7010d8b2    0000000e     --HOLE-- [fill = 0]
                  7010d8c0    00000032     drivers.am263px.r5f.ti-arm-clang.nortos.debug.lib : uart_v0_lld.obj (.text.UART_enhanFuncBitValRestore)
                  7010d8f2    0000000e     --HOLE-- [fill = 0]
                  7010d900    00000032                                                       : uart_v0_lld.obj (.text.UART_hardwareFlowCtrlOptSet)
                  7010d932    0000000e     --HOLE-- [fill = 0]
                  7010d940    00000030                                                       : ipc_notify_v1.obj (.text.IpcNotify_getReadSwQ)
                  7010d970    00000030                                                       : uart_v0_lld.obj (.text.UART_flowCtrlTrigLvlConfig)
                  7010d9a0    00000030     gateway_shared.o (.text.gateway_signal_motor_config_ready)
                  7010d9d0    0000002e     drivers.am263px.r5f.ti-arm-clang.nortos.debug.lib : uart_dma_edma.obj (.text.UART_lld_dmaInit)
                  7010d9fe    00000002     --HOLE-- [fill = 0]
                  7010da00    0000002e     nortos.am263px.r5f.ti-arm-clang.debug.lib : printf.obj (.text._is_digit)
                  7010da2e    00000002     --HOLE-- [fill = 0]
                  7010da30    0000002c                                               : DebugP_log.obj (.text.DebugP_logZoneEnable)
                  7010da5c    00000004     --HOLE-- [fill = 0]
                  7010da60    0000002c     drivers.am263px.r5f.ti-arm-clang.nortos.debug.lib : ipc_notify_v1.obj (.text.IpcNotify_getReadMailbox)
                  7010da8c    00000004     --HOLE-- [fill = 0]
                  7010da90    0000002c                                                       : mcan.obj (.text.MCAN_clearNewDataStatus)
                  7010dabc    00000004     --HOLE-- [fill = 0]
                  7010dac0    0000002c                                                       : mcan.obj (.text.MCAN_getNewDataStatus)
                  7010daec    00000004     --HOLE-- [fill = 0]
                  7010daf0    0000002c     nortos.am263px.r5f.ti-arm-clang.debug.lib : SemaphoreP_nortos.obj (.text.SemaphoreP_constructBinary)
                  7010db1c    00000004     --HOLE-- [fill = 0]
                  7010db20    0000002c     yis320_protocol.o (.text.vtable_deinit)
                  7010db4c    00000004     --HOLE-- [fill = 0]
                  7010db50    0000002a     nortos.am263px.r5f.ti-arm-clang.debug.lib : ClockP_nortos.obj (.text.ClockP_sleepTicks)
                  7010db7a    00000006     --HOLE-- [fill = 0]
                  7010db80    0000002a     drivers.am263px.r5f.ti-arm-clang.nortos.debug.lib : uart_v0_lld.obj (.text.UART_intr2Disable)
                  7010dbaa    00000006     --HOLE-- [fill = 0]
                  7010dbb0    0000002a                                                       : uart_v0_lld.obj (.text.UART_operatingModeSelect)
                  7010dbda    00000006     --HOLE-- [fill = 0]
                  7010dbe0    00000028     nortos.am263px.r5f.ti-arm-clang.debug.lib : CpuId_armv7r.obj (.text.CSL_armR5GetCpuID)
                  7010dc08    00000008     --HOLE-- [fill = 0]
                  7010dc10    00000028                                               : printf.obj (.text.vprintf_)
                  7010dc38    00000008     --HOLE-- [fill = 0]
                  7010dc40    00000026     drivers.am263px.r5f.ti-arm-clang.nortos.debug.lib : edma.obj (.text.EDMA_disableQdmaEvtRegion)
                  7010dc66    0000000a     --HOLE-- [fill = 0]
                  7010dc70    00000026                                                       : edma.obj (.text.EDMA_enableQdmaEvtRegion)
                  7010dc96    0000000a     --HOLE-- [fill = 0]
                  7010dca0    00000026                                                       : edma.obj (.text.EDMA_validateIntrObject)
                  7010dcc6    0000000a     --HOLE-- [fill = 0]
                  7010dcd0    00000026     ti_drivers_config.o (.text.IpcNotify_allocSwQueue)
                  7010dcf6    0000000a     --HOLE-- [fill = 0]
                  7010dd00    00000026     nortos.am263px.r5f.ti-arm-clang.debug.lib : printf.obj (.text._out_buffer)
                  7010dd26    0000000a     --HOLE-- [fill = 0]
                  7010dd30    00000024     ti_drivers_config.o (.text.IpcNotify_getConfig)
                  7010dd54    0000000c     --HOLE-- [fill = 0]
                  7010dd60    00000024     nortos.am263px.r5f.ti-arm-clang.debug.lib : SemaphoreP_nortos.obj (.text.SemaphoreP_constructMutex)
                  7010dd84    0000000c     --HOLE-- [fill = 0]
                  7010dd90    00000024     drivers.am263px.r5f.ti-arm-clang.nortos.debug.lib : uart_v0_lld.obj (.text.UART_IsRxTrigLvlValid)
                  7010ddb4    0000000c     --HOLE-- [fill = 0]
                  7010ddc0    00000024                                                       : uart_v0_lld.obj (.text.UART_IsStopBitsValid)
                  7010dde4    0000000c     --HOLE-- [fill = 0]
                  7010ddf0    00000024                                                       : uart_v0_lld.obj (.text.UART_IsTxTrigLvlValid)
                  7010de14    0000000c     --HOLE-- [fill = 0]
                  7010de20    00000024                                                       : uart_v0.obj (.text.UART_getBaseAddr)
                  7010de44    00000024     libclang_rt.builtins.a : aeabi_uldivmod.S.obj (.text.__aeabi_uldivmod)
                  7010de68    00000008     --HOLE-- [fill = 0]
                  7010de70    00000024     nortos.am263px.r5f.ti-arm-clang.debug.lib : printf.obj (.text._out_char)
                  7010de94    0000000c     --HOLE-- [fill = 0]
                  7010dea0    00000022     drivers.am263px.r5f.ti-arm-clang.nortos.debug.lib : edma.obj (.text.EDMA_channelToParamMap)
                  7010dec2    0000000e     --HOLE-- [fill = 0]
                  7010ded0    00000022     gateway_shared.o (.text.gateway_ringbuf_core1_receive)
                  7010def2    0000000e     --HOLE-- [fill = 0]
                  7010df00    00000020     nortos.am263px.r5f.ti-arm-clang.debug.lib : ClockP_nortos.obj (.text.ClockP_isActive)
                  7010df20    00000020                                               : ClockP_nortos.obj (.text.ClockP_usecToTicks)
                  7010df40    00000020     drivers.am263px.r5f.ti-arm-clang.nortos.debug.lib : mcan.obj (.text.HW_RD_FIELD32_RAW)
                  7010df60    00000020                                                       : uart_v0_lld.obj (.text.HW_RD_FIELD32_RAW)
                  7010df80    00000020     imu_interface_isr.o (.text.reset_parser)
                  7010dfa0    0000001e     nortos.am263px.r5f.ti-arm-clang.debug.lib : ClockP_nortos.obj (.text.ClockP_Params_init)
                  7010dfbe    00000002     --HOLE-- [fill = 0]
                  7010dfc0    0000001e     drivers.am263px.r5f.ti-arm-clang.nortos.debug.lib : edma.obj (.text.EDMA_getEventStatusHigh)
                  7010dfde    00000002     --HOLE-- [fill = 0]
                  7010dfe0    0000001e                                                       : mcan.obj (.text.MCAN_setOpMode)
                  7010dffe    00000002     --HOLE-- [fill = 0]
                  7010e000    0000001e                                                       : soc.obj (.text.SOC_getSelfCpuClk)
                  7010e01e    00000002     --HOLE-- [fill = 0]
                  7010e020    0000001e                                                       : soc.obj (.text.SOC_moduleClockEnable)
                  7010e03e    00000002     --HOLE-- [fill = 0]
                  7010e040    0000001e     ti_dpl_config.o (.text.TimerP_isr0)
                  7010e05e    00000002     --HOLE-- [fill = 0]
                  7010e060    0000001e     drivers.am263px.r5f.ti-arm-clang.nortos.debug.lib : uart_v0_lld.obj (.text.UART_breakCtl)
                  7010e07e    00000002     --HOLE-- [fill = 0]
                  7010e080    0000001e                                                       : uart_v0_lld.obj (.text.UART_lld_Transaction_deInit)
                  7010e09e    00000002     --HOLE-- [fill = 0]
                  7010e0a0    0000001c                                                       : edma.obj (.text.EDMA_getEventStatus)
                  7010e0bc    00000004     --HOLE-- [fill = 0]
                  7010e0c0    0000001c                                                       : mcan.obj (.text.MCAN_writeProtectedRegAccessLock)
                  7010e0dc    00000004     --HOLE-- [fill = 0]
                  7010e0e0    0000001c                                                       : mcan.obj (.text.MCAN_writeProtectedRegAccessUnlock)
                  7010e0fc    00000004     --HOLE-- [fill = 0]
                  7010e100    0000001c                                                       : uart_v0_lld.obj (.text.UART_IsParameter)
                  7010e11c    0000001c     libc.a : memcpy32.S.obj (.text:TI_memcpy_small)
                  7010e138    00000008     --HOLE-- [fill = 0]
                  7010e140    0000001a     drivers.am263px.r5f.ti-arm-clang.nortos.debug.lib : mcan.obj (.text.MCAN_clearIntrStatus)
                  7010e15a    00000006     --HOLE-- [fill = 0]
                  7010e160    0000001a                                                       : mcan.obj (.text.MCAN_getOpMode)
                  7010e17a    00000006     --HOLE-- [fill = 0]
                  7010e180    0000001a                                                       : uart_v0_lld.obj (.text.UART_fifoCharGet)
                  7010e19a    00000006     --HOLE-- [fill = 0]
                  7010e1a0    0000001a                                                       : uart_v0_lld.obj (.text.UART_timeGuardConfig)
                  7010e1ba    00000006     --HOLE-- [fill = 0]
                  7010e1c0    00000018     nortos.am263px.r5f.ti-arm-clang.debug.lib : ClockP_nortos.obj (.text.ClockP_ticksToUsec)
                  7010e1d8    00000008     --HOLE-- [fill = 0]
                  7010e1e0    00000018     drivers.am263px.r5f.ti-arm-clang.nortos.debug.lib : edma.obj (.text.EDMA_isInterruptEnabled)
                  7010e1f8    00000008     --HOLE-- [fill = 0]
                  7010e200    00000018                                                       : ipc_notify_v1.obj (.text.IpcNotify_mailboxClearAllInt)
                  7010e218    00000008     --HOLE-- [fill = 0]
                  7010e220    00000018                                                       : ipc_notify_v1_cfg.obj (.text.IpcNotify_trigInterrupt)
                  7010e238    00000008     --HOLE-- [fill = 0]
                  7010e240    00000018     nortos.am263px.r5f.ti-arm-clang.debug.lib : SemaphoreP_nortos.obj (.text.SemaphoreP_Params_init)
                  7010e258    00000008     --HOLE-- [fill = 0]
                  7010e260    00000018                                               : TimerP_rti_priv.obj (.text.TimerP_getReloadCountPriv)
                  7010e278    00000008     --HOLE-- [fill = 0]
                  7010e280    00000018     drivers.am263px.r5f.ti-arm-clang.nortos.debug.lib : uart_v0_lld.obj (.text.UART_divisorLatchDisable)
                  7010e298    00000008     --HOLE-- [fill = 0]
                  7010e2a0    00000018                                                       : uart_v0_lld.obj (.text.UART_modemControlReset)
                  7010e2b8    00000008     --HOLE-- [fill = 0]
                  7010e2c0    00000018                                                       : uart_v0_lld.obj (.text.UART_putChar)
                  7010e2d8    00000018     libc.a : memset32.S.obj (.text:TI_memset_small)
                  7010e2f0    00000016     drivers.am263px.r5f.ti-arm-clang.nortos.debug.lib : ipc_notify_v1.obj (.text.IpcNotify_sendSync)
                  7010e306    0000000a     --HOLE-- [fill = 0]
                  7010e310    00000016                                                       : mcan.obj (.text.MCAN_getIntrStatus)
                  7010e326    0000000a     --HOLE-- [fill = 0]
                  7010e330    00000016     nortos.am263px.r5f.ti-arm-clang.debug.lib : TimerP_rti_priv.obj (.text.TimerP_startPriv)
                  7010e346    0000000a     --HOLE-- [fill = 0]
                  7010e350    00000016                                               : TimerP_rti_priv.obj (.text.TimerP_stopPriv)
                  7010e366    0000000a     --HOLE-- [fill = 0]
                  7010e370    00000016     drivers.am263px.r5f.ti-arm-clang.nortos.debug.lib : uart_v0_lld.obj (.text.UART_divideRoundCloset)
                  7010e386    0000000a     --HOLE-- [fill = 0]
                  7010e390    00000016                                                       : uart_v0_lld.obj (.text.UART_regConfModeRestore)
                  7010e3a6    0000000a     --HOLE-- [fill = 0]
                  7010e3b0    00000014                                                       : edma.obj (.text.HW_WR_REG16_RAW)
                  7010e3c4    0000000c     --HOLE-- [fill = 0]
                  7010e3d0    00000014                                                       : ipc_notify_v1.obj (.text.IpcNotify_mailboxClearPendingIntr)
                  7010e3e4    0000000c     --HOLE-- [fill = 0]
                  7010e3f0    00000014                                                       : soc_rcm.obj (.text.SOC_rcmGetModuleClkDivFromRegVal)
                  7010e404    0000000c     --HOLE-- [fill = 0]
                  7010e410    00000014     nortos.am263px.r5f.ti-arm-clang.debug.lib : TimerP_rti_priv.obj (.text.TimerP_clearOverflowIntPriv)
                  7010e424    0000000c     --HOLE-- [fill = 0]
                  7010e430    00000014                                               : TimerP_rti_nortos.obj (.text.TimerP_setup)
                  7010e444    0000000c     --HOLE-- [fill = 0]
                  7010e450    00000014     ti_dpl_config.o (.text.putchar_)
                  7010e464    0000000c     --HOLE-- [fill = 0]
                  7010e470    00000012     ti_pinmux_config.o (.text.Pinmux_init)
                  7010e482    0000000e     --HOLE-- [fill = 0]
                  7010e490    00000012     imu_protocol_handler.o (.text.imu_initialize)
                  7010e4a2    0000000e     --HOLE-- [fill = 0]
                  7010e4b0    00000012     yis320_protocol.o (.text.yis320_get_timestamp_ms)
                  7010e4c2    0000000e     --HOLE-- [fill = 0]
                  7010e4d0    00000010     can_interface.o (.text.CSL_REG32_WR_RAW)
                  7010e4e0    00000010     drivers.am263px.r5f.ti-arm-clang.nortos.debug.lib : pinmux.obj (.text.CSL_REG32_WR_RAW)
                  7010e4f0    00000010                                                       : soc.obj (.text.CSL_REG32_WR_RAW)
                  7010e500    00000010     imu_interface_isr.o (.text.CSL_REG32_WR_RAW)
                  7010e510    00000010     ti_drivers_config.o (.text.CSL_REG32_WR_RAW)
                  7010e520    00000010     nortos.am263px.r5f.ti-arm-clang.debug.lib : ClockP_nortos_r5.obj (.text.ClockP_getTimerCount)
                  7010e530    00000010                                               : ClockP_nortos_r5.obj (.text.ClockP_timerClearOverflowInt)
                  7010e540    00000010     drivers.am263px.r5f.ti-arm-clang.nortos.debug.lib : edma.obj (.text.HW_RD_REG32_RAW)
                  7010e550    00000010                                                       : mcan.obj (.text.HW_RD_REG32_RAW)
                  7010e560    00000010                                                       : uart_v0_lld.obj (.text.HW_RD_REG32_RAW)
                  7010e570    00000010                                                       : edma.obj (.text.HW_WR_REG32_RAW)
                  7010e580    00000010                                                       : mcan.obj (.text.HW_WR_REG32_RAW)
                  7010e590    00000010                                                       : uart_v0_lld.obj (.text.HW_WR_REG32_RAW)
                  7010e5a0    00000010                                                       : ipc_notify_v1.obj (.text.IpcNotify_mailboxGetPendingIntr)
                  7010e5b0    00000010     nortos.am263px.r5f.ti-arm-clang.debug.lib : TimerP_rti_nortos.obj (.text.TimerP_Params_init)
                  7010e5c0    00000010                                               : TimerP_rti_nortos.obj (.text.TimerP_clearOverflowInt)
                  7010e5d0    00000010                                               : TimerP_rti_nortos.obj (.text.TimerP_getCount)
                  7010e5e0    00000010                                               : TimerP_rti_nortos.obj (.text.TimerP_getReloadCount)
                  7010e5f0    00000010                                               : TimerP_rti_nortos.obj (.text.TimerP_start)
                  7010e600    00000010                                               : printf.obj (.text._out_null)
                  7010e610    00000010     gateway_shared.o (.text.gateway_notify_imu_ready)
                  7010e620    00000010     gateway_shared.o (.text.gateway_notify_states_ready)
                  7010e630    0000000e     yis320_protocol.o (.text.yis320_uart_configure)
                  7010e63e    00000002     --HOLE-- [fill = 0]
                  7010e640    0000000c     ti_board_open_close.o (.text.Board_driversOpen)
                  7010e64c    00000004     --HOLE-- [fill = 0]
                  7010e650    0000000c     nortos.am263px.r5f.ti-arm-clang.debug.lib : ClockP_nortos.obj (.text.ClockP_getTicks)
                  7010e65c    00000004     --HOLE-- [fill = 0]
                  7010e660    0000000c     ti_drivers_open_close.o (.text.Drivers_open)
                  7010e66c    00000004     --HOLE-- [fill = 0]
                  7010e670    0000000c     ti_power_clock_config.o (.text.PowerClock_init)
                  7010e67c    00000004     --HOLE-- [fill = 0]
                  7010e680    0000000c     imu_interface_isr.o (.text.parse_int32_le)
                  7010e68c    00000004     --HOLE-- [fill = 0]
                  7010e690    0000000c     yis320_protocol.o (.text.vtable_read_data)
                  7010e69c    00000004     --HOLE-- [fill = 0]
                  7010e6a0    0000000a     nortos.am263px.r5f.ti-arm-clang.debug.lib : HwiP_armv7r_vim.obj (.text.Hwip_dataAndInstructionBarrier)
                  7010e6aa    00000006     --HOLE-- [fill = 0]
                  7010e6b0    0000000a     drivers.am263px.r5f.ti-arm-clang.nortos.debug.lib : ipc_notify_v1.obj (.text.IpcNotify_dataAndInstructionBarrier)
                  7010e6ba    00000006     --HOLE-- [fill = 0]
                  7010e6c0    0000000a                                                       : soc_rcm.obj (.text.SOC_rcmGetBaseAddressMSSRCM)
                  7010e6ca    00000006     --HOLE-- [fill = 0]
                  7010e6d0    0000000a                                                       : uart_dma_edma.obj (.text.UART_edmaDoNothing)
                  7010e6da    00000006     --HOLE-- [fill = 0]
                  7010e6e0    0000000a     gateway_shared.o (.text.gateway_memory_barrier)
                  7010e6ea    00000006     --HOLE-- [fill = 0]
                  7010e6f0    0000000a     gateway_shared.o (.text.ringbuf_get_ptr)
                  7010e6fa    00000006     --HOLE-- [fill = 0]
                  7010e700    00000008     ti_drivers_config.o (.text.Drivers_uartInit)
                  7010e708    00000008     --HOLE-- [fill = 0]
                  7010e710    00000008     drivers.am263px.r5f.ti-arm-clang.nortos.debug.lib : soc_rcm.obj (.text.SOC_rcmGetBaseAddressMSSCTRL)
                  7010e718    00000008     --HOLE-- [fill = 0]
                  7010e720    00000008                                                       : soc_rcm.obj (.text.SOC_rcmGetBaseAddressTOPRCM)
                  7010e728    00000008     --HOLE-- [fill = 0]
                  7010e730    00000008     nortos.am263px.r5f.ti-arm-clang.debug.lib : SemaphoreP_nortos.obj (.text.SemaphoreP_destruct)
                  7010e738    00000008     --HOLE-- [fill = 0]
                  7010e740    00000002     ti_board_open_close.o (.text.Board_driversClose)
                  7010e742    0000000e     --HOLE-- [fill = 0]
                  7010e750    00000002     ti_board_config.o (.text.Board_init)
                  7010e752    0000000e     --HOLE-- [fill = 0]
                  7010e760    00000002     ti_drivers_open_close.o (.text.Drivers_mcanOpen)
                  7010e762    0000000e     --HOLE-- [fill = 0]
                  7010e770    00000002     drivers.am263px.r5f.ti-arm-clang.nortos.debug.lib : ipc_notify_v1_cfg.obj (.text.IpcNotify_wait)
                  7010e772    0000000e     --HOLE-- [fill = 0]
                  7010e780    00000002     nortos.am263px.r5f.ti-arm-clang.debug.lib : TaskP_nortos.obj (.text.TaskP_yield)
                  7010e782    0000000e     --HOLE-- [fill = 0]

.rodata    0    7010e790    00001b88     
                  7010e790    00000450     motor_mapping.o (.rodata.motor_config_table)
                  7010ebe0    00000084     ti_dpl_config.o (.rodata.cfg)
                  7010ec64    00000004     nortos.am263px.r5f.ti-arm-clang.debug.lib : CacheP_armv7r.obj (.rodata.gCacheL1dCacheLineSize)
                  7010ec68    00000050                                               : printf.obj (.rodata._ftoa.pow10)
                  7010ecb8    0000004d     gateway_shared.o (.rodata.str1.3223734256326991069.1)
                  7010ed05    00000003     can_interface.o (.rodata.str1.15257894921296593044.1)
                  7010ed08    00000048     drivers.am263px.r5f.ti-arm-clang.nortos.debug.lib : soc_rcm.obj (.rodata.gADPLLJConfigTbl)
                  7010ed50    00000043     main.o (.rodata.str1.14079361385603432444.1)
                  7010ed93    00000001     --HOLE-- [fill = 0]
                  7010ed94    00000040     drivers.am263px.r5f.ti-arm-clang.nortos.debug.lib : mcan.obj (.rodata.gDataSize)
                  7010edd4    00000040                                                       : ipc_notify_v1.obj (.rodata.str1.10118846006578224169.1)
                  7010ee14    00000040     gateway_shared.o (.rodata.str1.1309647279537151951.1)
                  7010ee54    0000003f     imu_interface_isr.o (.rodata.str1.5126834218174521685.1)
                  7010ee93    0000003d     main.o (.rodata.str1.10313062130652730376.1)
                  7010eed0    0000003d     nortos.am263px.r5f.ti-arm-clang.debug.lib : TimerP_rti_priv.obj (.rodata.str1.11388379688747141303.1)
                  7010ef0d    0000003c     main.o (.rodata.str1.2123964117280943167.1)
                  7010ef49    0000003b     can_interface.o (.rodata.str1.10186677634541030339.1)
                  7010ef84    0000003b     can_interface.o (.rodata.str1.13942422985958650841.1)
                  7010efbf    0000003b     imu_interface_isr.o (.rodata.str1.6306445455767916371.1)
                  7010effa    00000039     can_interface.o (.rodata.str1.17855712168153945246.1)
                  7010f033    00000039     can_interface.o (.rodata.str1.6531933829109918715.1)
                  7010f06c    00000039     can_interface.o (.rodata.str1.6806839034663112933.1)
                  7010f0a5    00000038     gateway_shared.o (.rodata.str1.8694082244888993162.1)
                  7010f0dd    00000037     gateway_shared.o (.rodata.str1.10638658715010209595.1)
                  7010f114    00000037     gateway_shared.o (.rodata.str1.5629998949668554045.1)
                  7010f14b    00000036     can_interface.o (.rodata.str1.15094798983471906066.1)
                  7010f181    00000035     main.o (.rodata.str1.14402440632258215044.1)
                  7010f1b6    00000035     can_interface.o (.rodata.str1.14428574951410983152.1)
                  7010f1eb    00000035     imu_interface_isr.o (.rodata.str1.15503275091179387347.1)
                  7010f220    00000035     main.o (.rodata.str1.16631870348416990953.1)
                  7010f255    00000035     imu_interface_isr.o (.rodata.str1.2252785669688110604.1)
                  7010f28a    00000035     can_interface.o (.rodata.str1.6692020027550076815.1)
                  7010f2bf    00000035     ti_drivers_open_close.o (.rodata.str1.871795152488895636.1)
                  7010f2f4    00000034     main.o (.rodata.str1.14112174005742061988.1)
                  7010f328    00000034     main.o (.rodata.str1.2763581881760962609.1)
                  7010f35c    00000033     can_interface.o (.rodata.str1.14845445665763636722.1)
                  7010f38f    00000033     can_interface.o (.rodata.str1.6401568125276999251.1)
                  7010f3c2    00000031     gateway_shared.o (.rodata.str1.6121471336334202706.1)
                  7010f3f3    00000031     motor_mapping.o (.rodata.str1.8787205977826144616.1)
                  7010f424    00000030     main.o (.rodata.str1.8154729771448623357.1)
                  7010f454    00000030     imu_interface_isr.o (.rodata.str1.9168798226845388136.1)
                  7010f484    0000002f     main.o (.rodata.str1.1311392489248731986.1)
                  7010f4b3    0000002f     gateway_shared.o (.rodata.str1.3129942817937968154.1)
                  7010f4e2    0000002f     main.o (.rodata.str1.9059077390166914652.1)
                  7010f511    0000002f     drivers.am263px.r5f.ti-arm-clang.nortos.debug.lib : ipc_notify_v1.obj (.rodata.str1.9418228565027791152.1)
                  7010f540    0000002e     can_interface.o (.rodata.str1.11024350005305706282.1)
                  7010f56e    0000002e     gateway_shared.o (.rodata.str1.11051107022181534624.1)
                  7010f59c    0000002e     main.o (.rodata.str1.11870794119293528247.1)
                  7010f5ca    0000002e     gateway_shared.o (.rodata.str1.9859227269409816370.1)
                  7010f5f8    0000002d     can_interface.o (.rodata.str1.10130696897761414469.1)
                  7010f625    0000002d     main.o (.rodata.str1.10635229749459437609.1)
                  7010f652    0000002d     main.o (.rodata.str1.13288086030101331538.1)
                  7010f67f    0000002d     main.o (.rodata.str1.13782249893155712474.1)
                  7010f6ac    0000002d     can_interface.o (.rodata.str1.150960857071891705.1)
                  7010f6d9    0000002d     main.o (.rodata.str1.16302215771116645891.1)
                  7010f706    0000002d     can_interface.o (.rodata.str1.17857559882412085052.1)
                  7010f733    0000002c     imu_interface_isr.o (.rodata.str1.13916086747295221358.1)
                  7010f75f    0000002c     gateway_shared.o (.rodata.str1.7167262159681625771.1)
                  7010f78b    0000002c     main.o (.rodata.str1.8076846746581808073.1)
                  7010f7b7    0000002b     imu_interface_isr.o (.rodata.str1.12147274931821300989.1)
                  7010f7e2    0000002b     main.o (.rodata.str1.18227636981041470289.1)
                  7010f80d    0000002b     can_interface.o (.rodata.str1.3858671167962548137.1)
                  7010f838    0000002a     nortos.am263px.r5f.ti-arm-clang.debug.lib : DebugP_log.obj (.rodata.str1.227947788441500939.1)
                  7010f862    0000002a     main.o (.rodata.str1.2846389346932560359.1)
                  7010f88c    00000029     can_interface.o (.rodata.str1.357542981605220142.1)
                  7010f8b5    00000029     can_interface.o (.rodata.str1.7679921882182829519.1)
                  7010f8de    00000029     main.o (.rodata.str1.7784929982665794503.1)
                  7010f907    00000029     main.o (.rodata.str1.8108965883388295311.1)
                  7010f930    00000028     main.o (.rodata.str1.15159059442110792349.1)
                  7010f958    00000027     nortos.am263px.r5f.ti-arm-clang.debug.lib : ClockP_nortos_r5.obj (.rodata.str1.12743090444791882666.1)
                  7010f97f    00000027     main.o (.rodata.str1.3530083166107438000.1)
                  7010f9a6    00000026     gateway_shared.o (.rodata.str1.17046880449980016103.1)
                  7010f9cc    00000026     can_interface.o (.rodata.str1.2167712102046818855.1)
                  7010f9f2    00000026     gateway_shared.o (.rodata.str1.5761821093615868877.1)
                  7010fa18    00000025     main.o (.rodata.str1.15996357275703397564.1)
                  7010fa3d    00000024     can_interface.o (.rodata.str1.17339864536769639315.1)
                  7010fa61    00000024     can_interface.o (.rodata.str1.4211222669969280216.1)
                  7010fa85    00000024     main.o (.rodata.str1.6891813955777630061.1)
                  7010faa9    00000024     main.o (.rodata.str1.7702501944640899365.1)
                  7010facd    00000023     drivers.am263px.r5f.ti-arm-clang.nortos.debug.lib : soc_rcm.obj (.rodata.str1.2078190104202520215.1)
                  7010faf0    00000023     nortos.am263px.r5f.ti-arm-clang.debug.lib : ClockP_nortos_r5.obj (.rodata.str1.7689125538912326484.1)
                  7010fb13    00000022     drivers.am263px.r5f.ti-arm-clang.nortos.debug.lib : edma.obj (.rodata.str1.12976018205622752890.1)
                  7010fb35    00000021     can_interface.o (.rodata.str1.12573338884863454617.1)
                  7010fb56    00000021     nortos.am263px.r5f.ti-arm-clang.debug.lib : ClockP_nortos_r5.obj (.rodata.str1.8559540482768925367.1)
                  7010fb77    00000001     --HOLE-- [fill = 0]
                  7010fb78    00000020     drivers.am263px.r5f.ti-arm-clang.nortos.debug.lib : mcan.obj (.rodata.gMsgObjSize)
                  7010fb98    00000020     can_interface.o (.rodata.g_mcan_base_addr)
                  7010fbb8    00000020     can_interface.o (.rodata.g_mcan_intr_num)
                  7010fbd8    00000020     can_interface.o (.rodata.g_mcan_rcm_id)
                  7010fbf8    00000020     main.o (.rodata.str1.16265332423659789559.1)
                  7010fc18    00000020     drivers.am263px.r5f.ti-arm-clang.nortos.debug.lib : uart_v0.obj (.rodata.str1.16594507886308206351.1)
                  7010fc38    00000020                                                       : ipc_notify_v1.obj (.rodata.str1.2046905611612007019.1)
                  7010fc58    0000001f     can_interface.o (.rodata.str1.14695538922052102695.1)
                  7010fc77    0000001f     nortos.am263px.r5f.ti-arm-clang.debug.lib : ClockP_nortos_r5.obj (.rodata.str1.2746619892315392655.1)
                  7010fc96    0000001f     imu_interface_isr.o (.rodata.str1.4417852805959727765.1)
                  7010fcb5    0000001e     drivers.am263px.r5f.ti-arm-clang.nortos.debug.lib : ipc_notify_v1.obj (.rodata.str1.16593710740832512674.1)
                  7010fcd3    0000001e                                                       : ipc_notify_v1.obj (.rodata.str1.9050127465416171240.1)
                  7010fcf1    0000001d     nortos.am263px.r5f.ti-arm-clang.debug.lib : TimerP_rti_priv.obj (.rodata.str1.1727973701797049581.1)
                  7010fd0e    0000001d                                               : TimerP_rti_priv.obj (.rodata.str1.4425773406285945039.1)
                  7010fd2b    0000001d     drivers.am263px.r5f.ti-arm-clang.nortos.debug.lib : uart_v0.obj (.rodata.str1.4697665093340446018.1)
                  7010fd48    0000001d     nortos.am263px.r5f.ti-arm-clang.debug.lib : TimerP_rti_priv.obj (.rodata.str1.7297095892955669843.1)
                  7010fd65    0000001b     drivers.am263px.r5f.ti-arm-clang.nortos.debug.lib : edma.obj (.rodata.str1.16672221102796607080.1)
                  7010fd80    0000001b     ti_drivers_config.o (.rodata.str1.7767457247551078139.1)
                  7010fd9b    0000001a     main.o (.rodata.str1.11702106008850790973.1)
                  7010fdb5    0000001a     drivers.am263px.r5f.ti-arm-clang.nortos.debug.lib : soc_rcm.obj (.rodata.str1.16907879152045164286.1)
                  7010fdcf    0000001a     main.o (.rodata.str1.17376258722486336754.1)
                  7010fde9    0000001a     main.o (.rodata.str1.288608917962107522.1)
                  7010fe03    0000001a     nortos.am263px.r5f.ti-arm-clang.debug.lib : ClockP_nortos_r5.obj (.rodata.str1.3810757863367538396.1)
                  7010fe1d    00000019     drivers.am263px.r5f.ti-arm-clang.nortos.debug.lib : ipc_notify_v1.obj (.rodata.str1.12253177398743541182.1)
                  7010fe36    00000019     nortos.am263px.r5f.ti-arm-clang.debug.lib : TimerP_rti_priv.obj (.rodata.str1.5494506574634759136.1)
                  7010fe4f    00000001     --HOLE-- [fill = 0]
                  7010fe50    00000018     drivers.am263px.r5f.ti-arm-clang.nortos.debug.lib : soc_rcm.obj (.rodata.gControlssPllClkSrcValMap)
                  7010fe68    00000018                                                       : soc_rcm.obj (.rodata.gCptsClkSrcValMap)
                  7010fe80    00000018                                                       : soc_rcm.obj (.rodata.gI2cClkSrcValMap)
                  7010fe98    00000018                                                       : soc_rcm.obj (.rodata.gIcssmUartClkSrcValMap)
                  7010feb0    00000018                                                       : soc_rcm.obj (.rodata.gLinUartClkSrcValMap)
                  7010fec8    00000018                                                       : soc_rcm.obj (.rodata.gMcSpiClkSrcValMap)
                  7010fee0    00000018                                                       : soc_rcm.obj (.rodata.gMcanClkSrcValMap)
                  7010fef8    00000018                                                       : soc_rcm.obj (.rodata.gMmcClkSrcValMap)
[...]
7010e451  putchar_                             
7010d391  snprintf_                            
7010d191  timerISR                             
701129a8  virtToPhymap                         
7010dc11  vprintf_                             
7010a6d1  yis320_convert_to_ipc                
7010e4b1  yis320_get_timestamp_ms              
7010bd91  yis320_protocol_handler_init         
7010e631  yis320_uart_configure                


GLOBAL SYMBOLS: SORTED BY Symbol Address 

address   name                                 
-------   ----                                 
00000000  __TI_ATRegion0_region_sz             
00000000  __TI_ATRegion0_src_addr              
00000000  __TI_ATRegion0_trg_addr              
00000000  __TI_ATRegion1_region_sz             
00000000  __TI_ATRegion1_src_addr              
00000000  __TI_ATRegion1_trg_addr              
00000000  __TI_ATRegion2_region_sz             
00000000  __TI_ATRegion2_src_addr              
00000000  __TI_ATRegion2_trg_addr              
00000000  __TI_static_base__                   
00000000  _vectors                             
00000100  __ABORT_STACK_SIZE                   
00000100  __FIQ_STACK_SIZE                     
00000100  __IRQ_STACK_SIZE                     
00000100  __UNDEFINED_STACK_SIZE               
00001000  __SVC_STACK_SIZE                     
00004000  __STACK_SIZE                         
70100a34  __aeabi_memclr                       
70100a34  __aeabi_memclr4                      
70100a34  __aeabi_memclr8                      
701010b8  C$$EXIT                              
701010b8  HOSTexit                             
701010c1  SOC_rcmEnablePeripheralClock         
701016f8  __aeabi_ldiv0                        
701016fc  __aeabi_memcpy                       
701016fc  __aeabi_memcpy4                      
701016fc  __aeabi_memcpy8                      
70101ce4  CSL_armR5ReadMpidrReg                
701021a1  UART_open                            
7010299c  __aeabi_memmove                      
7010299c  __aeabi_memmove4                     
7010299c  __aeabi_memmove8                     
701029a1  IpcNotify_init                       
70103111  SOC_virtToPhy                        
70103421  motor_mapping_init_core1             
70103721  MCAN_msgRAMConfig                    
70104821  UART_lld_dmaDeInit                   
70104a51  IpcNotify_isr                        
70104c81  CAN_TransmitBatch                    
70104e91  TimerP_setupPriv                     
70105071  UART_lld_dmaWrite                    
701053d1  UART_close                           
70105581  UART_lld_controllerIsr               
70105721  imu_uart_isr_init                    
70105a41  MCAN_calcMsgRamParamsStartAddr       
70105ed1  EDMA_unregisterIntr                  
70106041  SOC_controlModuleUnlockMMR           
701061a1  UART_lld_initDma                     
70106301  DebugP_shmLogWriterPutChar           
70106841  MCAN_setBitTime                      
70106991  CAN_Init                             
70106c11  MCAN_readMsgRam                      
70106e91  ClockP_init                          
70106fd1  UART_procLineStatusErr               
70107111  EDMA_registerIntr                    
70107251  MCAN_init                            
70107391  UART_lld_init                        
701074c1  MCAN_config                          
701075f1  SOC_controlModuleLockMMR             
70107721  SOC_rcmGetPeripheralClockFrequency   
70107961  DebugP_shmLogWriterPutLine           
70107a81  UART_lld_dmaRead                     
70107b9c  __udivmoddi4                         
70108131  IpcNotify_sendMsg                    
70108351  GPIO_init                            
70108461  SemaphoreP_pend                      
70108571  gateway_ringbuf_read                 
70108781  CAN_StartRxInterrupts                
70108871  gateway_write_motor_config           
70108b41  EDMA_freeChannelRegion               
70108c31  EDMA_freeParam                       
70108d21  EDMA_freeDmaChannel                  
70108e01  EDMA_freeTcc                         
70108ee1  UART_intrEnable                      
701090a1  UART_intrDisable                     
70109181  AddrTranslateP_getLocalAddr          
70109251  EDMA_disableChInShadowRegRegion      
70109321  EDMA_enableChInShadowRegRegion       
701093f1  EDMA_mapChToEvtQ                     
701094c1  EDMA_configureChannelRegion          
70109641  UART_flushTxFifo                     
701097c1  ClockP_timerTickIsr                  
70109881  TimerP_init                          
70109941  ClockP_stop                          
70109a01  IpcNotify_waitSync                   
70109ac1  gateway_write_motor_states           
70109b81  CycleCounterP_init                   
70109ba1  CycleCounterP_reset                  
70109bf1  CycleCounterP_nsToTicks              
70109c31  CycleCounterP_enableUserAccess       
70109c41  MCAN_writeMsgRam                     
70109cf1  SOC_rcmSetPeripheralClock            
70109da1  UART_init                            
70109f01  gateway_core1_wait_for_ready         
7010a061  ClockP_destruct                      
7010a111  Drivers_uartOpen                     
7010a311  gateway_core1_ipc_callback           
7010a451  IpcNotify_registerClient             
7010a591  ClockP_getTimeUsec                   
7010a631  EDMA_unmapChToEvtQ                   
7010a6d1  yis320_convert_to_ipc                
7010a771  EDMA_disableTransferRegion           
7010a801  EDMA_enableTransferRegion            
7010a9b1  UART_lld_flushTxFifo                 
7010aad1  EDMA_allocDmaChannel                 
7010ab61  EDMA_allocParam                      
7010abf1  EDMA_allocTcc                        
7010ada1  IpcNotify_syncAll                    
7010ae31  imu_protocol_manager_init            
7010aec1  MCAN_addStdMsgIDFilter               
7010afc1  System_init                          
7010b0c1  _DebugP_assert                       
7010b141  gateway_ringbuf_core1_init           
7010b241  UART_Params_init                     
7010b2c1  EDMA_linkChannel                     
7010b541  ClockP_usleep                        
7010b5c1  EDMA_clrMissEvtRegion                
7010b7a1  EDMA_getBaseAddr                     
7010b881  SOC_rcmGetR5Clock                    
7010b8f1  SOC_rcmIsR5FInLockStepMode           
7010b9d1  UART_lld_deInitDma                   
7010ba41  MCAN_enableIntr                      
7010bab1  MCAN_initTxBufElement                
7010bb91  SemaphoreP_post                      
7010bc71  MCAN_selectIntrLine                  
7010bcd1  UART_getChar                         
7010bd91  yis320_protocol_handler_init         
7010bdf1  Module_clockSetFrequency             
7010be51  UART_lld_deInit                      
7010c151  gateway_write_imu_state              
7010c211  Dpl_init                             
7010c271  EDMA_setPaRAM                        
7010c331  main                                 
7010c384  __TI_auto_init_nobinit_nopinit       
7010c3e1  Drivers_uartClose                    
7010c431  Pinmux_config                        
7010c481  UART_checkCharsAvailInFifo           
7010c4d1  DebugP_shmLogWriterInit              
7010c521  EDMA_clrEvtRegion                    
7010c571  EDMA_disableDmaEvtRegion             
7010c5c1  EDMA_disableEvtIntrRegion            
7010c611  EDMA_enableDmaEvtRegion              
7010c661  EDMA_enableEvtIntrRegion             
7010c6b1  EDMA_setEvtRegion                    
7010c701  GPIO_setDirMode                      
7010c751  MCAN_enableIntrLine                  
7010c7a1  ClockP_construct                     
7010c7f1  EDMA_ccPaRAMEntry_init               
7010c841  EDMA_mapQdmaChToPaRAM                
7010c891  EDMA_readEventStatusRegion           
7010c8e1  IpcNotify_unregisterClient           
7010c931  Module_clockEnable                   
7010c981  gateway_update_stat                  
7010c9cc  memmove                              
7010ca71  IpcNotify_Params_init                
7010cb11  UART_getIntrIdentityStatus           
7010cc01  CAN_RegisterRxCallback               
7010ccf1  UART_readLineStatus                  
7010cd41  imu_protocol_handler_init            
7010ce81  SemaphoreP_construct                 
7010ced1  _DebugP_logZone                      
7010cf71  ClockP_start                         
7010d011  imu_uart_process_ipc_notification    
7010d0d1  UART_spaceAvail                      
7010d111  gateway_core1_init                   
7010d151  gateway_update_heartbeat             
7010d191  timerISR                             
7010d211  UART_IsTxRxFifoEmpty                 
7010d291  MCAN_txBufAddReq                     
7010d2d1  SOC_moduleSetClockFrequency          
7010d391  snprintf_                            
7010d3d1  SOC_getCoreName                      
7010d408  CycleCounterP_getCount32             
7010d410  PmuP_setup                           
7010d418  PmuP_enableCounters                  
7010d420  PmuP_disableCounters                 
7010d428  PmuP_getOverflowStatus               
7010d430  PmuP_clearOverflowStatus             
7010d438  PmuP_setUserEnable                   
7010d481  EDMA_getRegionId                     
7010d4c1  GPIO_pinRead                         
7010d601  IpcNotify_syncCallback               
7010d681  MCAN_calcCfgAddr                     
7010d701  TimerP_Params_initPriv               
7010d781  motor_get_config                     
7010d881  TimerP_getCountPriv                  
7010d9a1  gateway_signal_motor_config_ready    
7010d9d1  UART_lld_dmaInit                     
7010da31  DebugP_logZoneEnable                 
7010da91  MCAN_clearNewDataStatus              
7010dac1  MCAN_getNewDataStatus                
7010daf1  SemaphoreP_constructBinary           
7010db81  UART_intr2Disable                    
7010dbb1  UART_operatingModeSelect             
7010dbe1  CSL_armR5GetCpuID                    
7010dc11  vprintf_                             
7010dc41  EDMA_disableQdmaEvtRegion            
7010dc71  EDMA_enableQdmaEvtRegion             
7010dcd1  IpcNotify_allocSwQueue               
7010dd31  IpcNotify_getConfig                  
7010dd61  SemaphoreP_constructMutex            
7010de21  UART_getBaseAddr                     
7010de44  __aeabi_uldivmod                     
7010dea1  EDMA_channelToParamMap               
7010ded1  gateway_ringbuf_core1_receive        
7010df01  ClockP_isActive                      
7010df21  ClockP_usecToTicks                   
7010dfa1  ClockP_Params_init                   
7010dfc1  EDMA_getEventStatusHigh              
7010dfe1  MCAN_setOpMode                       
7010e001  SOC_getSelfCpuClk                    
7010e021  SOC_moduleClockEnable                
7010e041  TimerP_isr0                          
7010e081  UART_lld_Transaction_deInit          
7010e0a1  EDMA_getEventStatus                  
7010e11c  TI_memcpy_small                      
7010e141  MCAN_clearIntrStatus                 
7010e161  MCAN_getOpMode                       
7010e1c1  ClockP_ticksToUsec                   
7010e1e1  EDMA_isInterruptEnabled              
7010e221  IpcNotify_trigInterrupt              
7010e241  SemaphoreP_Params_init               
7010e261  TimerP_getReloadCountPriv            
7010e2c1  UART_putChar                         
7010e2d8  TI_memset_small                      
7010e2f1  IpcNotify_sendSync                   
7010e311  MCAN_getIntrStatus                   
7010e331  TimerP_startPriv                     
7010e351  TimerP_stopPriv                      
7010e411  TimerP_clearOverflowIntPriv          
7010e431  TimerP_setup                         
7010e451  putchar_                             
7010e471  Pinmux_init                          
7010e4b1  yis320_get_timestamp_ms              
7010e521  ClockP_getTimerCount                 
7010e531  ClockP_timerClearOverflowInt         
7010e5b1  TimerP_Params_init                   
7010e5c1  TimerP_clearOverflowInt              
7010e5d1  TimerP_getCount                      
7010e5e1  TimerP_getReloadCount                
7010e5f1  TimerP_start                         
7010e611  gateway_notify_imu_ready             
7010e621  gateway_notify_states_ready          
7010e631  yis320_uart_configure                
7010e641  Board_driversOpen                    
7010e651  ClockP_getTicks                      
7010e661  Drivers_open                         
7010e671  PowerClock_init                      
7010e701  Drivers_uartInit                     
7010e731  SemaphoreP_destruct                  
7010e741  Board_driversClose                   
7010e751  Board_init                           
7010e761  Drivers_mcanOpen                     
7010e771  IpcNotify_wait                       
7010e781  TaskP_yield                          
7010ebe0  gCacheConfig                         
7010ebe8  gMpuConfig                           
7010ebf4  gMpuRegionConfig                     
7010ec64  gCacheL1dCacheLineSize               
7010ed08  gADPLLJConfigTbl                     
7010ff28  gPeripheralClkSrcInfoMap             
701102b4  gXTALInfo                            
70110300  gCacheL1pCacheLineSize               
7011030f  gCR5ClkSrcInfoMap                    
70110318  __BSS_START                          
70110e98  gHwiCtrl                             
701116a4  g_yis320_private_data                
70111aac  g_motor_lookup                       
70112718  gIpcNotifyCtrl                       
70112988  gClockCtrl                           
701129a8  virtToPhymap                         
701129cc  gTimerBaseAddr                       
701129d0  gTimerHwiObj                         
701129d4  gUartHandle                          
701129d8  __BSS_END                            
701129d8  __stack                              
701169d8  __STACK_END                          
701169e1  HwiP_enableInt                       
70116a21  HwiP_disableInt                      
70116a81  HwiP_restoreInt                      
70116ab1  HwiP_clearInt                        
70116af1  HwiP_post                            
70116b31  HwiP_Params_init                     
70116b61  HwiP_construct                       
70116d51  HwiP_destruct                        
70116dc1  HwiP_init                            
70116f71  HwiP_inISR                           
70116fa1  HwiP_setVimIrqPriMaskNonAtomic       
70116ff1  HwiP_setVimIrqPriMaskAtomic          
70117091  HwiP_restoreVimIrqPriMask            
701170a1  HwiP_irq_handler_c                   
70117241  HwiP_fiq_handler                     
701173a1  HwiP_reserved_handler                
701173e1  HwiP_undefined_handler_c             
70117401  HwiP_user_undefined_handler_c        
70117421  HwiP_svc_handler                     
70117461  HwiP_prefetch_abort_handler_c        
70117501  HwiP_user_prefetch_abort_handler_c   
70117541  HwiP_data_abort_handler_c            
70117601  HwiP_user_data_abort_handler_c       
7011763c  HwiP_irq_handler                     
701176b0  HwiP_data_abort_handler              
701176f4  HwiP_prefetch_abort_handler          
70117740  HwiP_undefined_handler               
70117770  GET_DFSR                             
70117778  GET_ADFSR                            
70117780  GET_DFAR                             
70117788  GET_IFSR                             
70117790  GET_AIFSR                            
70117798  GET_IFAR                             
701177a0  GET_SPSR                             
701177b8  HwiP_disable                         
701177c8  HwiP_disableFIQ                      
701177d8  HwiP_enable                          
701177e8  HwiP_enableFIQ                       
701177f8  HwiP_restore                         
70117800  HwiP_enableVIC                       
70117810  HwiP_disableVIC                      
70117820  HwiP_getCPSR                         
70117830  CacheP_disableL1d                    
70117858  CacheP_disableL1p                    
70117870  CacheP_enableL1d                     
70117888  CacheP_enableL1p                     
701178a0  CacheP_invL1d                        
701178d8  CacheP_invL1p                        
70117914  CacheP_invL1dAll                     
7011791c  CacheP_invL1pAll                     
70117924  CacheP_wb                            
70117960  CacheP_wbInv                         
7011799c  CacheP_wbAll                         
70117a44  CacheP_wbInvAll                      
70117a5c  CacheP_wbInvAllAsm                   
70117afc  CacheP_getEnabled                    
70117b34  CacheP_getCacheLevelInfo             
70117b40  CacheP_configForceWrThru             
70117b60  CacheP_setDLFO                       
70117b71  CacheP_init                          
70117c01  CacheP_disable                       
70117c51  CacheP_enable                        
70117c91  CacheP_inv                           
70117cd1  MpuP_getAttrs                        
70117d31  MpuP_RegionAttrs_init                
70117d61  MpuP_setRegion                       
70117df1  MpuP_isEnable                        
70117e01  MpuP_disable                         
70117e41  MpuP_enable                          
70117e91  MpuP_init                            
70117f31  MpuP_isUserAuthorizedToAccessMemory  
70118010  MpuP_disableAsm                      
70118028  MpuP_disableBRAsm                    
70118038  MpuP_enableAsm                       
70118050  MpuP_enableBRAsm                     
70118060  MpuP_isEnableAsm                     
70118074  MpuP_setRegionAsm                    
70118090  _c_int00_sbl                         
701180b4  _c_int00                             
701181e1  _DebugP_assertNoLog                  
70118211  _system_pre_init                     
70118241  __mpu_init                           
70118250  abort                                
70118258  gEdmaConfig                          
70118258  gUartDmaHandle                       
7011836c  gIpcNotifyMailboxConfig              
70118544  gSocModulesClockFrequency            
701185bc  gUartParams                          
70118644  gSocModules                          
701186b0  gClockConfig                         
701186c8  gIpcNotifyInterruptConfig_r5fss1_1   
701186f4  gIpcNotifyCoreIntrBitPos             
70118724  gAddrTranslateConfig                 
70118738  gUartConfig                          
70118748  gDebugLogZone                        
70118754  gEdmaConfigNum                       
70118758  gHwiConfig                           
7011875c  gIpcNotifyInterruptConfigNum_r5fss1_1
70118760  gUartConfigNum                       
70118764  gUartDmaChConfig                     
701187a1  isMapAvailable                       
701187a8  __IRQ_STACK_START                    
701188a8  __FIQ_STACK_START                    
701188a8  __IRQ_STACK_END                      
701189a8  __FIQ_STACK_END                      
701189a8  __SVC_STACK_START                    
701199a8  __ABORT_STACK_START                  
701199a8  __SVC_STACK_END                      
70119aa8  __ABORT_STACK_END                    
70119aa8  __UNDEFINED_STACK_START              
70119ba8  __UNDEFINED_STACK_END                
70200000  gGatewaySharedMem                    
70204d30  dbg_can_rx_count                     
70204d34  dbg_can_tx_count                     
70204d38  dbg_ipc_send_count                   
70204d3c  dbg_ipc_register_count               
70208000  gDebugShmLog                         
ffffffff  __TI_pprof_out_hndl                  
ffffffff  __TI_prof_data_size                  
ffffffff  __TI_prof_data_start                 
ffffffff  __binit__                            
ffffffff  binit                                
UNDEFED   __TI_CINIT_Base                      
UNDEFED   __TI_CINIT_Limit                     
UNDEFED   __TI_Handler_Table_Base              
UNDEFED   __TI_Handler_Table_Limit             
UNDEFED   _system_post_cinit                   

[404 symbols]
