******************************************************************************
            TI ARM Clang Linker PC v4.0.4                      
******************************************************************************
>> Linked Sat Mar 28 10:12:31 2026

OUTPUT FILE NAME:   <ccu_ti_multi_core_freertos.out>
ENTRY POINT SYMBOL: "_vectors"  address: 00000000


MEMORY CONFIGURATION

         name            origin    length      used     unused   attr    fill
----------------------  --------  ---------  --------  --------  ----  --------
  R5F_VECS              00000000   00000040  00000040  00000000  RWIX
  R5F_TCMA              00000040   00007fc0  00000000  00007fc0  RWIX
  R5F_TCMB              00080000   00008000  00000000  00008000  RWIX
  MAILBOX_HSM           44000000   000003ce  00000000  000003ce  RWIX
  MAILBOX_R5F           44000400   000003ce  00000000  000003ce  RWIX
  FLASH                 60100000   00080000  00000000  00080000  RWIX
  SBL                   70000000   00040000  00000000  00040000  RWIX
  OCRAM                 70040000   000c0000  000a67b0  00019850  RWIX
  USER_SHM_MEM          70200000   00008000  00004d30  000032d0  RWIX
  LOG_SHM_MEM           70208000   00004000  00002000  00002000  RWIX
  ENET_CPPI_DESC        70240000   00040000  00000a00  0003f600  RWIX
  RTOS_NORTOS_IPC_SHM_M 72000000   00003e80  00000000  00003e80  RWIX


SEGMENT ALLOCATION MAP

run origin  load origin   length   init length attrs members
----------  ----------- ---------- ----------- ----- -------
00000000    00000000    00000040   00000040    r-x
  00000000    00000000    00000040   00000040    r-x .vectors
70040000    70040000    0004e4e0   00000000    rw-
  70040000    70040000    000424e0   00000000    rw- .bss
  700824e0    700824e0    00008000   00000000    rw- .sysmem
  7008a4e0    7008a4e0    00004000   00000000    rw- .stack
7008e4e0    7008e4e0    0004f190   0004f190    r-x
  7008e4e0    7008e4e0    000413a0   000413a0    r-x .text
  700cf880    700cf880    0000ddf0   0000ddf0    r-- .rodata
700dd670    700dd670    00006388   00006388    rw-
  700dd670    700dd670    00006388   00006388    rw- .data
700e3a00    700e3a00    000019b8   000019b8    r-x
  700e3a00    700e3a00    00000f90   00000f90    r-x .text.hwi
  700e4990    700e4990    000004a0   000004a0    r-x .text.cache
  700e4e30    700e4e30    000003c0   000003c0    r-x .text.mpu
  700e51f0    700e51f0    000001c0   000001c0    r-x .text.boot
  700e53b0    700e53b0    00000008   00000008    r-x .text:abort
700e53b8    700e53b8    00001400   00000000    rw-
  700e53b8    700e53b8    00000100   00000000    rw- .irqstack
  700e54b8    700e54b8    00000100   00000000    rw- .fiqstack
  700e55b8    700e55b8    00001000   00000000    rw- .svcstack
  700e65b8    700e65b8    00000100   00000000    rw- .abortstack
  700e66b8    700e66b8    00000100   00000000    rw- .undefinedstack


SECTION ALLOCATION MAP

 output                                  attributes/
section   page    origin      length       input sections
--------  ----  ----------  ----------   ----------------
.vectors   0    00000000    00000040     
                  00000000    00000040     freertos.am263px.r5f.ti-arm-clang.debug.lib : HwiP_armv7r_vectors_freertos_asm.obj (.vectors)

.bss       0    70040000    000424e0     UNINITIALIZED
                  70040000    00012c1f     (.common:memp_memory_POOL_1568_base)
                  70052c1f    00000001     lwip-freertos.am263px.r5f.ti-arm-clang.debug.lib : dhcp.obj (.bss.dhcp_pcb_refcount)
                  70052c20    00012000     ti_enet_config.o (.bss:ENET_DMA_PKT_MEMPOOL)
                  70064c20    0000409f     (.common:memp_memory_POOL_4096_base)
                  70068cbf    00000001     lwip-freertos.am263px.r5f.ti-arm-clang.debug.lib : sys_arch.obj (.bss.lwip_core_lock_count)
                  70068cc0    00004000     main.o (.bss.gEnetLwipTaskStack)
                  7006ccc0    00003e9f     (.common:memp_memory_POOL_128_base)
                  70070b5f    00000001     lwip-freertos.am263px.r5f.ti-arm-clang.debug.lib : tcp_in.obj (.bss.recv_flags)
                  70070b60    00001980     ti_enet_config.o (.bss.gAppPktInfoMem_LargePool)
                  700724e0    0000101f     (.common:memp_memory_NETBUF_base)
                  700734ff    0000101f     (.common:memp_memory_PBUF_base)
                  7007451e    0000101f     (.common:memp_memory_TCPIP_MSG_API_base)
                  7007553d    0000101f     (.common:memp_memory_TCPIP_MSG_INPKT_base)
                  7007655c    0000101f     (.common:memp_memory_TCP_SEG_base)
                  7007757b    00000001     lwip-freertos.am263px.r5f.ti-arm-clang.debug.lib : tcp.obj (.bss.tcp_timer)
                  7007757c    00000004                                                      : igmp.obj (.bss.allrouters)
                  70077580    00001000     freertos.am263px.r5f.ti-arm-clang.debug.lib : DebugP_shmLogReader_freertos.obj (.bss.gDebugShmLogReaderTaskStack)
                  70078580    00001000     main.o (.bss.gMainTaskStack)
                  70079580    00001000     freertos.am263px.r5f.ti-arm-clang.debug.lib : port.obj (.bss.uxIdleTaskStack)
                  7007a580    00000d80     ti_enet_open_close.o (.bss.gEnetAppSysCfgObj)
                  7007b300    00000b1f     (.common:memp_memory_SYS_MBOX_base)
                  7007be1f    00000001     lwip-freertos.am263px.r5f.ti-arm-clang.debug.lib : tcp.obj (.bss.tcp_timer_ctr)
                  7007be20    0000080c     (.common:gHwiCtrl)
                  7007c62c    00000014     freertos.am263px.r5f.ti-arm-clang.debug.lib : timers.obj (.bss.xActiveTimerList1)
                  7007c640    00000800     log_reader_task.o (.bss.gLogReaderTaskStack)
                  7007ce40    00000800     main.o (.bss.gUdpTxTaskStack)
                  7007d640    000005c0     enet-cpsw.am263px.r5f.ti-arm-clang.freertos.debug.lib : enet_osal.obj (.bss.gOsalSemPEnetOsalPool)
                  7007dc00    00000440     lwip-freertos.am263px.r5f.ti-arm-clang.debug.lib : dns.obj (.bss.dns_table)
                  7007e040    00000430     enet-cpsw.am263px.r5f.ti-arm-clang.freertos.debug.lib : enetphy.obj (.bss.gEnetPhy_phyObjs)
                  7007e470    00000010     lwip-freertos.am263px.r5f.ti-arm-clang.debug.lib : dns.obj (.bss.dns_pcbs)
                  7007e480    00000400     main.o (.bss.gIpcTaskStack)
                  7007e880    00000400     freertos.am263px.r5f.ti-arm-clang.debug.lib : port.obj (.bss.uxTimerTaskStack)
                  7007ec80    000003df     (.common:memp_memory_ARP_QUEUE_base)
                  7007f05f    0000033f     (.common:memp_memory_TCP_PCB_base)
                  7007f39e    00000002     lwip-freertos.am263px.r5f.ti-arm-clang.debug.lib : ip4.obj (.bss.ip_id)
                  7007f3a0    00000300     ti_enet_config.o (.bss.gAppPktInfoContainerMem_LargePool)
                  7007f6a0    000002c0     ti_enet_config.o (.bss:ENET_CPDMA_OBJ_MEM)
                  7007f960    0000029f     (.common:memp_memory_NETCONN_base)
                  7007fbff    00000001     (.common:pbuf_free_ooseq_pending)
                  7007fc00    00000288     ti_drivers_config.o (.bss.gUartObjects)
                  7007fe88    00000280     freertos.am263px.r5f.ti-arm-clang.debug.lib : tasks.obj (.bss.pxReadyTasksLists)
                  70080108    0000023f     (.common:memp_memory_SYS_TIMEOUT_base)
                  70080347    00000001     (.common:tcp_active_pcbs_changed)
                  70080348    00000204     (.common:lwip_stats)
                  7008054c    000001ff     (.common:memp_memory_FRAG_PBUF_base)
                  7008074b    00000001     --HOLE--
                  7008074c    00000178     ti_drivers_config.o (.bss.gI2cObjects)
                  700808c4    0000016c     (.common:gEepromObject_CAT24M)
                  70080a30    0000015f     (.common:memp_memory_ALTCP_PCB_base)
                  70080b8f    0000015f     (.common:memp_memory_NETDB_base)
                  70080cee    0000015f     (.common:memp_memory_REASSDATA_base)
                  70080e4d    00000001     --HOLE--
                  70080e4e    00000002     lwip-freertos.am263px.r5f.ti-arm-clang.debug.lib : ip4_frag.obj (.bss.ip_reass_pbufcount)
                  70080e50    00000120     libsysbm.a : trgmsg.c.obj (.bss:_CIOBUF_)
                  70080f70    0000011f     (.common:memp_memory_IGMP_GROUP_base)
                  7008108f    0000011f     (.common:memp_memory_TCP_PCB_LISTEN_base)
                  700811ae    0000011f     (.common:memp_memory_UDP_PCB_base)
                  700812cd    00000001     --HOLE--
                  700812ce    00000114     main.o (.bss.g_motor_states)
                  700813e2    00000100     freertos.am263px.r5f.ti-arm-clang.debug.lib : timers.obj (.bss.prvCheckForValidListAndQueue.ucStaticTimerQueueStorage)
                  700814e2    00000002     --HOLE--
                  700814e4    00000100     (.common:xQueueRegistry)
                  700815e4    000000f0     lwip-freertos.am263px.r5f.ti-arm-clang.debug.lib : etharp.obj (.bss.arp_table)
                  700816d4    000000d8     (.common:gEnetUtilsObj)
                  700817ac    000000b8     (.common:gIpcNotifyCtrl)
                  70081864    000000a0     libc.a : defs.c.obj (.bss.__TI_tmpnams)
                  70081904    00000004     lwip-freertos.am263px.r5f.ti-arm-clang.debug.lib : igmp.obj (.bss.allsystems)
                  70081908    000000a0     (.common:gTaskP_ctrl)
                  700819a8    00000098     freertos.am263px.r5f.ti-arm-clang.debug.lib : DebugP_shmLogReader_freertos.obj (.bss.gDebugShmLogReaderTaskObj)
                  70081a40    00000098     main.o (.bss.gEnetLwipTaskObj)
                  70081ad8    00000098     main.o (.bss.gIpcTaskObj)
                  70081b70    00000098     log_reader_task.o (.bss.gLogReaderTaskObj)
                  70081c08    00000098     main.o (.bss.gMainTaskObj)
                  70081ca0    00000098     main.o (.bss.gUdpTxTaskObj)
                  70081d38    00000098     freertos.am263px.r5f.ti-arm-clang.debug.lib : port.obj (.bss.xIdleTaskTCB)
                  70081dd0    00000098                                                 : port.obj (.bss.xTimerTaskTCB)
                  70081e68    00000094     (.common:gDebugShmLogReaderCtrl)
                  70081efc    00000080     enet-cpsw.am263px.r5f.ti-arm-clang.freertos.debug.lib : enet_osal.obj (.bss.gOsalHwiPEnetOsalPool)
                  70081f7c    0000007f     (.common:memp_memory_RAW_PCB_base)
                  70081ffb    00000001     --HOLE--
                  70081ffc    00000058     freertos.am263px.r5f.ti-arm-clang.debug.lib : DebugP_freertos.obj (.bss.gDebugLogLockObj)
                  70082054    00000050                                                 : timers.obj (.bss.prvCheckForValidListAndQueue.xStaticTimerQueue)
                  700820a4    00000050     (.common:gRovDummyQueue)
                  700820f4    00000030     lwip-freertos.am263px.r5f.ti-arm-clang.debug.lib : dns.obj (.bss.dns_requests)
                  70082124    00000029     enet-cpsw.am263px.r5f.ti-arm-clang.freertos.debug.lib : enetphy.obj (.bss.gEnetPhyCapsBuf)
                  7008214d    00000003     --HOLE--
                  70082150    00000028     lwip-freertos.am263px.r5f.ti-arm-clang.debug.lib : dhcp.obj (.bss.dhcp_rx_options_val)
                  70082178    00000024     enet-cpsw.am263px.r5f.ti-arm-clang.freertos.debug.lib : enet_cpdma_priv.obj (.bss.gCpswDmaMemMgrObj)
                  7008219c    0000001f     (.common:memp_memory_PBUF_POOL_base)
                  700821bb    00000001     --HOLE--
                  700821bc    00000004     lwip-freertos.am263px.r5f.ti-arm-clang.debug.lib : timeouts.obj (.bss.current_timeout_due_time)
                  700821c0    00000018     (.common:gClockCtrl)
                  700821d8    00000018     (.common:ip_data)
                  700821f0    00000014     freertos.am263px.r5f.ti-arm-clang.debug.lib : timers.obj (.bss.xActiveTimerList2)
                  70082204    00000014                                                 : tasks.obj (.bss.xDelayedTaskList1)
                  70082218    00000014                                                 : tasks.obj (.bss.xDelayedTaskList2)
                  7008222c    00000014                                                 : tasks.obj (.bss.xPendingReadyList)
                  70082240    00000014                                                 : tasks.obj (.bss.xSuspendedTaskList)
                  70082254    00000014                                                 : tasks.obj (.bss.xTasksWaitingTermination)
                  70082268    00000010     lwip-freertos.am263px.r5f.ti-arm-clang.debug.lib : memp.obj (.bss.memp_stats_ALTCP_PCB)
                  70082278    00000010                                                      : memp.obj (.bss.memp_stats_ARP_QUEUE)
                  70082288    00000010                                                      : memp.obj (.bss.memp_stats_FRAG_PBUF)
                  70082298    00000010                                                      : memp.obj (.bss.memp_stats_IGMP_GROUP)
                  700822a8    00000010                                                      : memp.obj (.bss.memp_stats_NETBUF)
                  700822b8    00000010                                                      : memp.obj (.bss.memp_stats_NETCONN)
                  700822c8    00000010                                                      : memp.obj (.bss.memp_stats_NETDB)
                  700822d8    00000010                                                      : memp.obj (.bss.memp_stats_PBUF)
                  700822e8    00000010                                                      : memp.obj (.bss.memp_stats_PBUF_POOL)
                  700822f8    00000010                                                      : memp.obj (.bss.memp_stats_POOL_128)
                  70082308    00000010                                                      : memp.obj (.bss.memp_stats_POOL_1568)
                  70082318    00000010                                                      : memp.obj (.bss.memp_stats_POOL_4096)
                  70082328    00000010                                                      : memp.obj (.bss.memp_stats_RAW_PCB)
                  70082338    00000010                                                      : memp.obj (.bss.memp_stats_REASSDATA)
                  70082348    00000010                                                      : memp.obj (.bss.memp_stats_SYS_MBOX)
                  70082358    00000010                                                      : memp.obj (.bss.memp_stats_SYS_TIMEOUT)
                  70082368    00000010                                                      : memp.obj (.bss.memp_stats_TCPIP_MSG_API)
                  70082378    00000010                                                      : memp.obj (.bss.memp_stats_TCPIP_MSG_INPKT)
                  70082388    00000010                                                      : memp.obj (.bss.memp_stats_TCP_PCB)
                  70082398    00000010                                                      : memp.obj (.bss.memp_stats_TCP_PCB_LISTEN)
                  700823a8    00000010                                                      : memp.obj (.bss.memp_stats_TCP_SEG)
                  700823b8    00000010                                                      : memp.obj (.bss.memp_stats_UDP_PCB)
                  700823c8    00000010     (.common:virtToPhymap)
                  700823d8    0000000a                                                      : dhcp.obj (.bss.dhcp_rx_options_given)
                  700823e2    00000002     --HOLE--
                  700823e4    00000008                                                      : dns.obj (.bss.dns_servers)
                  700823ec    00000008     libsysbm.a : hostopen.c.obj (.bss.parmbuf)
                  700823f4    00000004     lwip-freertos.am263px.r5f.ti-arm-clang.debug.lib : dhcp.obj (.bss.dhcp_create_msg.xid)
                  700823f8    00000004                                                      : dhcp.obj (.bss.dhcp_pcb)
                  700823fc    00000004                                                      : netif.obj (.bss.ext_callback)
                  70082400    00000004     freertos.am263px.r5f.ti-arm-clang.debug.lib : DebugP_shmLogReader_freertos.obj (.bss.gDebugShmLogReaderTask)
                  70082404    00000004                                                 : HwiP_armv7r_handlers_freertos.obj (.bss.gdummy)
                  70082408    00000004                                                 : HwiP_armv7r_vim.obj (.bss.gdummy)
                  7008240c    00000004     lwip-freertos.am263px.r5f.ti-arm-clang.debug.lib : ip4.obj (.bss.ip4_default_multicast_netif)
                  70082410    00000004                                                      : sys_arch.obj (.bss.lwip_core_lock_holder_thread)
                  70082414    00000004                                                      : sys_arch.obj (.bss.lwip_tcpip_thread)
                  70082418    00000004                                                      : memp.obj (.bss.memp_tab_ALTCP_PCB)
                  7008241c    00000004                                                      : memp.obj (.bss.memp_tab_ARP_QUEUE)
                  70082420    00000004                                                      : memp.obj (.bss.memp_tab_FRAG_PBUF)
                  70082424    00000004                                                      : memp.obj (.bss.memp_tab_IGMP_GROUP)
                  70082428    00000004                                                      : memp.obj (.bss.memp_tab_NETBUF)
                  7008242c    00000004                                                      : memp.obj (.bss.memp_tab_NETCONN)
                  70082430    00000004                                                      : memp.obj (.bss.memp_tab_NETDB)
                  70082434    00000004                                                      : memp.obj (.bss.memp_tab_PBUF)
                  70082438    00000004                                                      : memp.obj (.bss.memp_tab_PBUF_POOL)
                  7008243c    00000004                                                      : memp.obj (.bss.memp_tab_POOL_128)
                  70082440    00000004                                                      : memp.obj (.bss.memp_tab_POOL_1568)
                  70082444    00000004                                                      : memp.obj (.bss.memp_tab_POOL_4096)
                  70082448    00000004                                                      : memp.obj (.bss.memp_tab_RAW_PCB)
                  7008244c    00000004                                                      : memp.obj (.bss.memp_tab_REASSDATA)
                  70082450    00000004                                                      : memp.obj (.bss.memp_tab_SYS_MBOX)
                  70082454    00000004                                                      : memp.obj (.bss.memp_tab_SYS_TIMEOUT)
                  70082458    00000004                                                      : memp.obj (.bss.memp_tab_TCPIP_MSG_API)
                  7008245c    00000004                                                      : memp.obj (.bss.memp_tab_TCPIP_MSG_INPKT)
                  70082460    00000004                                                      : memp.obj (.bss.memp_tab_TCP_PCB)
                  70082464    00000004                                                      : memp.obj (.bss.memp_tab_TCP_PCB_LISTEN)
                  70082468    00000004                                                      : memp.obj (.bss.memp_tab_TCP_SEG)
                  7008246c    00000004                                                      : memp.obj (.bss.memp_tab_UDP_PCB)
                  70082470    00000004                                                      : timeouts.obj (.bss.next_timeout)
                  70082474    00000004     freertos.am263px.r5f.ti-arm-clang.debug.lib : timers.obj (.bss.pxCurrentTimerList)
                  70082478    00000004                                                 : tasks.obj (.bss.pxDelayedTaskList)
                  7008247c    00000004                                                 : tasks.obj (.bss.pxOverflowDelayedTaskList)
                  70082480    00000004                                                 : timers.obj (.bss.pxOverflowTimerList)
                  70082484    00000004     lwip-freertos.am263px.r5f.ti-arm-clang.debug.lib : raw.obj (.bss.raw_pcbs)
                  70082488    00000004                                                      : ip4_frag.obj (.bss.reassdatagrams)
                  7008248c    00000004                                                      : sys_arch.obj (.bss.sys_arch_protect_mutex)
                  70082490    00000004                                                      : sys_arch.obj (.bss.sys_arch_protect_nesting)
                  70082494    00000004     libc.a : memory.c.obj (.bss.sys_free)
                  70082498    00000004     lwip-freertos.am263px.r5f.ti-arm-clang.debug.lib : tcpip.obj (.bss.tcpip_init_done)
                  7008249c    00000004                                                      : tcpip.obj (.bss.tcpip_init_done_arg)
                  700824a0    00000004                                                      : tcpip.obj (.bss.tcpip_mbox)
                  700824a4    00000004     freertos.am263px.r5f.ti-arm-clang.debug.lib : tasks.obj (.bss.xIdleTaskHandles)
                  700824a8    00000004     (.common:gEepromHandle)
                  700824ac    00000004     (.common:gI2cHandle)
                  700824b0    00000004     (.common:gUartHandle)
                  700824b4    00000004     (.common:lock_tcpip_core)
                  700824b8    00000004     (.common:netif_default)
                  700824bc    00000004     (.common:netif_list)
                  700824c0    00000004     (.common:tcp_active_pcbs)
                  700824c4    00000004     (.common:tcp_bound_pcbs)
                  700824c8    00000004     (.common:tcp_input_pcb)
                  700824cc    00000004     (.common:tcp_listen_pcbs)
                  700824d0    00000004     (.common:tcp_ticks)
                  700824d4    00000004     (.common:tcp_tw_pcbs)
                  700824d8    00000004     (.common:udp_pcbs)
                  700824dc    00000004     --HOLE--

.sysmem    0    700824e0    00008000     UNINITIALIZED
                  700824e0    00000010     libc.a : memory.c.obj (.sysmem)
                  700824f0    00007ff0     --HOLE--

.stack     0    7008a4e0    00004000     UNINITIALIZED
                  7008a4e0    00000004     freertos.am263px.r5f.ti-arm-clang.debug.lib : boot_armv7r_asm.obj (.stack)
                  7008a4e4    00003ffc     --HOLE--

.text      0    7008e4e0    000413a0     
                  7008e4e0    00000abe     enet-cpsw.am263px.r5f.ti-arm-clang.freertos.debug.lib : enet_cpdma.obj (.text.EnetCpdma_dequeueTx)
                  7008ef9e    00000002     --HOLE-- [fill = 0]
                  7008efa0    00000a34     freertos.am263px.r5f.ti-arm-clang.debug.lib : printf.obj (.text._vsnprintf)
                  7008f9d4    0000000c     libclang_rt.builtins.a : aeabi_memset.S.obj (.text.__aeabi_memclr)
                  7008f9e0    0000099a     enet-cpsw.am263px.r5f.ti-arm-clang.freertos.debug.lib : enet_cpdma.obj (.text.EnetCpdma_dequeueRx)
                  7009037a    00000002     --HOLE-- [fill = 0]
                  7009037c    00000004     libclang_rt.builtins.a : aeabi_div0.c.obj (.text.__aeabi_idiv0)
                  70090380    00000960     lwip-freertos.am263px.r5f.ti-arm-clang.debug.lib : tcp.obj (.text.tcp_slowtmr)
                  70090ce0    000007a4     drivers.am263px.r5f.ti-arm-clang.freertos.debug.lib : i2c_v1_lld.obj (.text.I2C_lld_primeTransferPoll)
                  70091484    0000000c     libc.a : memory.c.obj (.text.malloc)
                  70091490    00000678     drivers.am263px.r5f.ti-arm-clang.freertos.debug.lib : soc_rcm.obj (.text.SOC_rcmGetClkSrcAndDivReg)
                  70091b08    00000008     libsysbm.a : hostexit.c.obj (.text.HOSTexit)
                  70091b10    00000654     lwip-freertos.am263px.r5f.ti-arm-clang.debug.lib : dhcp.obj (.text.dhcp_parse_reply)
                  70092164    0000000c     freertos.am263px.r5f.ti-arm-clang.debug.lib : CpuId_armv7r_asm.obj (.text)
                  70092170    00000638     drivers.am263px.r5f.ti-arm-clang.freertos.debug.lib : soc_rcm.obj (.text.SOC_rcmEnablePeripheralClock)
                  700927a8    00000004     libclang_rt.builtins.a : aeabi_div0.c.obj (.text.__aeabi_ldiv0)
                  700927ac    00000004                            : aeabi_memcpy.S.obj (.text.__aeabi_memcpy)
                  700927b0    00000606     enet-cpsw.am263px.r5f.ti-arm-clang.freertos.debug.lib : enet_cpdma.obj (.text.EnetCpdma_enqueueRx)
                  70092db6    00000002     --HOLE-- [fill = 0]
                  70092db8    00000004     libc.a : _lock.c.obj (.text._nop)
                  70092dbc    00000004            : fseek.c.obj (.text.fseek)
                  70092dc0    000005e2     freertos.am263px.r5f.ti-arm-clang.debug.lib : printf.obj (.text._ftoa)
                  700933a2    00000002     --HOLE-- [fill = 0]
                  700933a4    00000004     libsysbm.a : remove.c.obj (.text.remove)
                  700933a8    00000008     --HOLE-- [fill = 0]
                  700933b0    00000552     enet-cpsw.am263px.r5f.ti-arm-clang.freertos.debug.lib : cpsw_ale.obj (.text.CpswAle_open)
                  70093902    0000000e     --HOLE-- [fill = 0]
                  70093910    00000506                                                           : enet_cpdma.obj (.text.EnetCpdma_enqueueTx)
                  70093e16    0000000a     --HOLE-- [fill = 0]
                  70093e20    000004d8     lwip-freertos.am263px.r5f.ti-arm-clang.debug.lib : tcp_out.obj (.text.tcp_output)
                  700942f8    00000008     --HOLE-- [fill = 0]
                  70094300    000004b0     freertos.am263px.r5f.ti-arm-clang.debug.lib : printf.obj (.text._etoa)
                  700947b0    00000466     board.am263px.r5f.ti-arm-clang.freertos.debug.lib : dp83869.obj (.text.Dp83869_printRegs)
                  70094c16    0000000a     --HOLE-- [fill = 0]
                  70094c20    00000446     enet-cpsw.am263px.r5f.ti-arm-clang.freertos.debug.lib : cpsw_macport.obj (.text.CpswMacPort_open)
                  70095066    0000000a     --HOLE-- [fill = 0]
                  70095070    0000043e                                                           : enet_rm.obj (.text.EnetRm_detachCore)
                  700954ae    00000002     --HOLE-- [fill = 0]
                  700954b0    00000404     drivers.am263px.r5f.ti-arm-clang.freertos.debug.lib : uart_v0.obj (.text.UART_open)
                  700958b4    0000000c     --HOLE-- [fill = 0]
                  700958c0    000003e2     enet-cpsw.am263px.r5f.ti-arm-clang.freertos.debug.lib : enet_rm.obj (.text.EnetRm_close)
                  70095ca2    0000000e     --HOLE-- [fill = 0]
                  70095cb0    000003dc     drivers.am263px.r5f.ti-arm-clang.freertos.debug.lib : ipc_notify_v1.obj (.text.IpcNotify_init)
                  7009608c    000003dc     libc.a : _printfi.c.obj (.text:__TI_printfi_minimal)
                  70096468    00000008     --HOLE-- [fill = 0]
                  70096470    000003d2     drivers.am263px.r5f.ti-arm-clang.freertos.debug.lib : soc.obj (.text.SOC_phyToVirt)
                  70096842    0000000e     --HOLE-- [fill = 0]
                  70096850    000003ba     lwip-freertos.am263px.r5f.ti-arm-clang.debug.lib : udp.obj (.text.udp_sendto_if_src)
                  70096c0a    00000006     --HOLE-- [fill = 0]
                  70096c10    000003b0                                                      : tcp_out.obj (.text.tcp_split_unsent_seg)
                  70096fc0    000003a2     enet-cpsw.am263px.r5f.ti-arm-clang.freertos.debug.lib : cpsw.obj (.text.Cpsw_registerIntrs)
                  70097362    0000000e     --HOLE-- [fill = 0]
                  70097370    00000398                                                           : mdio.obj (.text.Mdio_open)
                  70097708    00000018     libc.a : memset32.S.obj (.text:TI_memset_small)
                  70097720    00000390            : strcmp32.S.obj (.text:strcmp)
                  70097ab0    00000380     lwip-freertos.am263px.r5f.ti-arm-clang.debug.lib : ip4_frag.obj (.text.ip4_frag)
                  70097e30    0000036e     enet-cpsw.am263px.r5f.ti-arm-clang.freertos.debug.lib : cpsw.obj (.text.Cpsw_handleLinkDown)
                  7009819e    00000002     --HOLE-- [fill = 0]
                  700981a0    0000036a                                                           : enet_appmemutils.obj (.text.EnetMem_initCore)
                  7009850a    00000006     --HOLE-- [fill = 0]
                  70098510    00000356     drivers.am263px.r5f.ti-arm-clang.freertos.debug.lib : i2c_v1.obj (.text.I2C_open)
                  70098866    0000000a     --HOLE-- [fill = 0]
                  70098870    0000034a     enet-cpsw.am263px.r5f.ti-arm-clang.freertos.debug.lib : cpsw.obj (.text.Cpsw_openInternal)
                  70098bba    00000006     --HOLE-- [fill = 0]
                  70098bc0    0000033a                                                           : cpsw_ioctl.obj (.text.Cpsw_openPortLinkNoPhy)
                  70098efa    00000006     --HOLE-- [fill = 0]
                  70098f00    00000330                                                           : cpsw.obj (.text.Cpsw_open)
                  70099230    00000326     lwip-freertos.am263px.r5f.ti-arm-clang.debug.lib : ip4.obj (.text.ip4_output_if_opt_src)
                  70099556    0000000a     --HOLE-- [fill = 0]
                  70099560    00000320     motor_mapping.o (.text.motor_mapping_init_core0)
                  70099880    0000031e     lwip-freertos.am263px.r5f.ti-arm-clang.debug.lib : tcp_out.obj (.text.tcp_enqueue_flags)
                  70099b9e    00000002     --HOLE-- [fill = 0]
                  70099ba0    00000302     drivers.am263px.r5f.ti-arm-clang.freertos.debug.lib : soc.obj (.text.SOC_virtToPhy)
                  70099ea2    0000000e     --HOLE-- [fill = 0]
                  70099eb0    000002f8     lwip-freertos.am263px.r5f.ti-arm-clang.debug.lib : pbuf.obj (.text.pbuf_alloc)
                  7009a1a8    00000008     --HOLE-- [fill = 0]
                  7009a1b0    000002f2     enet-cpsw.am263px.r5f.ti-arm-clang.freertos.debug.lib : enet_cpdma.obj (.text.EnetCpdma_open)
                  7009a4a2    0000000e     --HOLE-- [fill = 0]
                  7009a4b0    000002e6                                                           : csl_cpsw.obj (.text.CSL_CPSW_setPortRxDscpMap)
                  7009a796    0000000a     --HOLE-- [fill = 0]
                  7009a7a0    000002e6     ti_enet_open_close.o (.text.EnetApp_driverOpen)
                  7009aa86    0000000a     --HOLE-- [fill = 0]
                  7009aa90    000002da     enet-cpsw.am263px.r5f.ti-arm-clang.freertos.debug.lib : cpsw.obj (.text.Cpsw_periodicTick)
                  7009ad6a    00000006     --HOLE-- [fill = 0]
                  7009ad70    000002d2                                                           : enetphy.obj (.text.EnetPhy_enableState)
                  7009b042    0000000e     --HOLE-- [fill = 0]
                  7009b050    000002bc     lwip-freertos.am263px.r5f.ti-arm-clang.debug.lib : tcp_out.obj (.text.tcp_output_segment)
                  7009b30c    00000004     --HOLE-- [fill = 0]
                  7009b310    000002ba     drivers.am263px.r5f.ti-arm-clang.freertos.debug.lib : i2c_v1_lld.obj (.text.I2C_lld_controllerIsr)
                  7009b5ca    00000006     --HOLE-- [fill = 0]
                  7009b5d0    000002ba     lwip-freertos.am263px.r5f.ti-arm-clang.debug.lib : pbuf.obj (.text.pbuf_copy_partial_pbuf)
                  7009b88a    00000006     --HOLE-- [fill = 0]
                  7009b890    000002b8     enet-cpsw.am263px.r5f.ti-arm-clang.freertos.debug.lib : cpsw.obj (.text.Cpsw_handleLinkUp)
                  7009bb48    00000008     --HOLE-- [fill = 0]
                  7009bb50    000002a8                                                           : cpsw_ale.obj (.text.CpswAle_addVlan)
                  7009bdf8    00000008     --HOLE-- [fill = 0]
                  7009be00    0000029a     drivers.am263px.r5f.ti-arm-clang.freertos.debug.lib : i2c_v1_lld.obj (.text.I2C_lld_targetIsr)
                  7009c09a    00000006     --HOLE-- [fill = 0]
                  7009c0a0    00000298     xgw_udp_interface.o (.text.xgw_udp_process_motor_cmd)
                  7009c338    00000008     --HOLE-- [fill = 0]
                  7009c340    00000296     lwip-freertos.am263px.r5f.ti-arm-clang.debug.lib : tcp.obj (.text.tcp_close_shutdown)
                  7009c5d6    0000000a     --HOLE-- [fill = 0]
                  7009c5e0    00000290     enet-cpsw.am263px.r5f.ti-arm-clang.freertos.debug.lib : cpsw.obj (.text.Cpsw_registerIoctlHandler)
                  7009c870    0000028e                                                           : csl_cpsw.obj (.text.CSL_CPSW_setAlePolicerEntry)
                  7009cafe    00000002     --HOLE-- [fill = 0]
                  7009cb00    00000286                                                           : csl_cpsw.obj (.text.CSL_CPSW_getAlePolicerEntry)
                  7009cd86    0000000a     --HOLE-- [fill = 0]
                  7009cd90    0000027e                                                           : cpsw_ale.obj (.text.CpswAle_findVlan)
                  7009d00e    00000002     --HOLE-- [fill = 0]
                  7009d010    0000027e     drivers.am263px.r5f.ti-arm-clang.freertos.debug.lib : uart_dma_edma.obj (.text.UART_edmaChInit)
                  7009d28e    00000002     --HOLE-- [fill = 0]
                  7009d290    0000027a     enet-cpsw.am263px.r5f.ti-arm-clang.freertos.debug.lib : cpsw.obj (.text.Cpsw_ioctl)
                  7009d50a    00000006     --HOLE-- [fill = 0]
                  7009d510    00000266                                                           : cpsw_est_ioctl.obj (.text.CpswEst_ioctl_handler_ENET_TAS_IOCTL_SET_STATE)
                  7009d776    0000000a     --HOLE-- [fill = 0]
                  7009d780    00000266     freertos.am263px.r5f.ti-arm-clang.debug.lib : tasks.obj (.text.xTaskIncrementTick)
                  7009d9e6    0000000a     --HOLE-- [fill = 0]
                  7009d9f0    0000025a     lwip-freertos.am263px.r5f.ti-arm-clang.debug.lib : ip4_frag.obj (.text.ip_reass_free_complete_datagram)
                  7009dc4a    00000006     --HOLE-- [fill = 0]
                  7009dc50    0000025a     freertos.am263px.r5f.ti-arm-clang.debug.lib : tasks.obj (.text.xTaskResumeAll)
                  7009deaa    00000006     --HOLE-- [fill = 0]
                  7009deb0    00000250     drivers.am263px.r5f.ti-arm-clang.freertos.debug.lib : edma.obj (.text.Alloc_resource)
                  7009e100    0000024c     enet-cpsw.am263px.r5f.ti-arm-clang.freertos.debug.lib : cpsw_macport_ioctl.obj (.text.CpswMacPort_enablePort)
                  7009e34c    00000004     --HOLE-- [fill = 0]
                  7009e350    00000246     lwip-freertos.am263px.r5f.ti-arm-clang.debug.lib : dns.obj (.text.dns_send)
                  7009e596    0000000a     --HOLE-- [fill = 0]
                  7009e5a0    00000242     enet-cpsw.am263px.r5f.ti-arm-clang.freertos.debug.lib : enetphy.obj (.text.EnetPhy_bindDriver)
                  7009e7e2    0000000e     --HOLE-- [fill = 0]
                  7009e7f0    00000242     drivers.am263px.r5f.ti-arm-clang.freertos.debug.lib : uart_v0_lld.obj (.text.UART_fifoConfig)
                  7009ea32    0000000e     --HOLE-- [fill = 0]
                  7009ea40    0000023e     enet-cpsw.am263px.r5f.ti-arm-clang.freertos.debug.lib : cpsw_cpts_ioctl.obj (.text.CpswCpts_handleEvents)
                  7009ec7e    00000002     --HOLE-- [fill = 0]
                  7009ec80    0000023e     freertos.am263px.r5f.ti-arm-clang.debug.lib : printf.obj (.text._ntoa_format)
                  7009eebe    00000002     --HOLE-- [fill = 0]
                  7009eec0    00000234     enet-cpsw.am263px.r5f.ti-arm-clang.freertos.debug.lib : cpsw_hostport.obj (.text.CpswHostPort_open)
                  7009f0f4    0000000c     --HOLE-- [fill = 0]
                  7009f100    0000022c                                                           : enet_cpdma_priv.obj (.text.EnetCpdma_memMgrInit)
                  7009f32c    00000004     --HOLE-- [fill = 0]
                  7009f330    0000022a     lwip-freertos.am263px.r5f.ti-arm-clang.debug.lib : dhcp.obj (.text.dhcp_select)
                  7009f55a    00000006     --HOLE-- [fill = 0]
                  7009f560    00000226     drivers.am263px.r5f.ti-arm-clang.freertos.debug.lib : uart_dma_edma.obj (.text.UART_lld_dmaDeInit)
                  7009f786    0000000a     --HOLE-- [fill = 0]
                  7009f790    00000222                                                         : ipc_notify_v1.obj (.text.IpcNotify_isr)
                  7009f9b2    0000000e     --HOLE-- [fill = 0]
                  7009f9c0    00000220     enet-cpsw.am263px.r5f.ti-arm-clang.freertos.debug.lib : enet_rm_ioctl.obj (.text.EnetRm_allocMacAddr)
                  7009fbe0    00000220     freertos.am263px.r5f.ti-arm-clang.debug.lib : tasks.obj (.text.vTaskGenericNotifyGiveFromISR)
                  7009fe00    00000220                                                 : queue.obj (.text.xQueueGenericSend)
                  700a0020    0000021a     enet-cpsw.am263px.r5f.ti-arm-clang.freertos.debug.lib : cpsw_stats.obj (.text.CpswStats_open)
                  700a023a    00000006     --HOLE-- [fill = 0]
                  700a0240    0000020a     lwip-freertos.am263px.r5f.ti-arm-clang.debug.lib : tcp.obj (.text.tcp_pcb_remove)
                  700a044a    00000006     --HOLE-- [fill = 0]
                  700a0450    0000020a     freertos.am263px.r5f.ti-arm-clang.debug.lib : queue.obj (.text.xQueueSemaphoreTake)
                  700a065a    00000006     --HOLE-- [fill = 0]
                  700a0660    00000206     enet-cpsw.am263px.r5f.ti-arm-clang.freertos.debug.lib : cpsw_cpts.obj (.text.CpswCpts_open)
                  700a0866    0000000a     --HOLE-- [fill = 0]
                  700a0870    00000206     lwip-freertos.am263px.r5f.ti-arm-clang.debug.lib : dhcp.obj (.text.dhcp_recv)
                  700a0a76    0000000a     --HOLE-- [fill = 0]
                  700a0a80    00000204     enet-cpsw.am263px.r5f.ti-arm-clang.freertos.debug.lib : enetphy.obj (.text.EnetPhy_open)
                  700a0c84    0000000c     --HOLE-- [fill = 0]
                  700a0c90    000001fe                                                           : cpsw_stats_ioctl.obj (.text.CpswStats_readHostStats)
                  700a0e8e    00000002     --HOLE-- [fill = 0]
                  700a0e90    000001fe     lwip-freertos.am263px.r5f.ti-arm-clang.debug.lib : pbuf.obj (.text.pbuf_free)
                  700a108e    00000002     --HOLE-- [fill = 0]
                  700a1090    000001f8     xgw_udp_interface.o (.text.xgw_udp_process_motor_set)
                  700a1288    00000008     --HOLE-- [fill = 0]
                  700a1290    000001f6     lwip-freertos.am263px.r5f.ti-arm-clang.debug.lib : dhcp.obj (.text.dhcp_create_msg)
                  700a1486    0000000a     --HOLE-- [fill = 0]
                  700a1490    000001f2     drivers.am263px.r5f.ti-arm-clang.freertos.debug.lib : i2c_v1.obj (.text.I2C_primeTransfer)
                  700a1682    0000000e     --HOLE-- [fill = 0]
                  700a1690    000001f2                                                         : i2c_v1.obj (.text.I2C_transfer)
                  700a1882    0000000e     --HOLE-- [fill = 0]
                  700a1890    000001ee     enet-cpsw.am263px.r5f.ti-arm-clang.freertos.debug.lib : cpsw_ale.obj (.text.CpswAle_setAleCfg)
                  700a1a7e    00000002     --HOLE-- [fill = 0]
                  700a1a80    000001ee                                                           : cpsw_ioctl.obj (.text.Cpsw_openPortLinkWithPhy)
                  700a1c6e    00000002     --HOLE-- [fill = 0]
                  700a1c70    000001ea                                                           : cpsw_hostport.obj (.text.CpswHostPort_ioctl)
                  700a1e5a    00000006     --HOLE-- [fill = 0]
                  700a1e60    000001ea                                                           : cpsw_stats.obj (.text.CpswStats_ioctl)
                  700a204a    00000006     --HOLE-- [fill = 0]
                  700a2050    000001ea                                                           : cpsw_ioctl.obj (.text.Cpsw_openPortLink)
                  700a223a    00000006     --HOLE-- [fill = 0]
                  700a2240    000001ea     lwip-freertos.am263px.r5f.ti-arm-clang.debug.lib : tcp.obj (.text.tcp_abandon)
                  700a242a    00000006     --HOLE-- [fill = 0]
                  700a2430    000001e2     ti_enet_open_close.o (.text.EnetApp_initLinkArgs)
                  700a2612    0000000e     --HOLE-- [fill = 0]
                  700a2620    000001e2     lwip-freertos.am263px.r5f.ti-arm-clang.debug.lib : pbuf.obj (.text.pbuf_realloc)
                  700a2802    0000000e     --HOLE-- [fill = 0]
                  700a2810    000001e0     enet-cpsw.am263px.r5f.ti-arm-clang.freertos.debug.lib : cpsw_stats_ioctl.obj (.text.CpswStats_readMacStats)
                  700a29f0    000001e0     lwip-freertos.am263px.r5f.ti-arm-clang.debug.lib : dhcp.obj (.text.dhcp_bind)
                  700a2bd0    000001da     enet-cpsw.am263px.r5f.ti-arm-clang.freertos.debug.lib : enet.obj (.text.Enet_validateIoctl)
                  700a2daa    00000006     --HOLE-- [fill = 0]
                  700a2db0    000001d8     freertos.am263px.r5f.ti-arm-clang.debug.lib : queue.obj (.text.xQueueReceive)
                  700a2f88    00000008     --HOLE-- [fill = 0]
                  700a2f90    000001d6                                                 : TimerP_rti_priv.obj (.text.TimerP_setupPriv)
                  700a3166    0000000a     --HOLE-- [fill = 0]
                  700a3170    000001d4     enet-cpsw.am263px.r5f.ti-arm-clang.freertos.debug.lib : mdio.obj (.text.Mdio_ioctl)
                  700a3344    000001d0     libclang_rt.builtins.a : udivsi3.S.obj (.text.__udivsi3)
                  700a3514    0000000c     --HOLE-- [fill = 0]
                  700a3520    000001cc     main.o (.text.core0_init)
                  700a36ec    00000004     --HOLE-- [fill = 0]
                  700a36f0    000001c8     lwip-freertos.am263px.r5f.ti-arm-clang.debug.lib : etharp.obj (.text.etharp_raw)
                  700a38b8    00000008     --HOLE-- [fill = 0]
                  700a38c0    000001c6     enet-cpsw.am263px.r5f.ti-arm-clang.freertos.debug.lib : enet_rm_ioctl.obj (.text.EnetRm_allocTxChNum)
                  700a3a86    0000000a     --HOLE-- [fill = 0]
                  700a3a90    000001c6     lwip-freertos.am263px.r5f.ti-arm-clang.debug.lib : tcp_out.obj (.text.tcp_create_segment)
                  700a3c56    0000000a     --HOLE-- [fill = 0]
                  700a3c60    000001c2     enet-cpsw.am263px.r5f.ti-arm-clang.freertos.debug.lib : enet.obj (.text.Enet_validateGenericIoctl)
                  700a3e22    0000000e     --HOLE-- [fill = 0]
                  700a3e30    000001bc     freertos.am263px.r5f.ti-arm-clang.debug.lib : tasks.obj (.text.xTaskRemoveFromEventList)
                  700a3fec    00000004     --HOLE-- [fill = 0]
                  700a3ff0    000001b4     enet-cpsw.am263px.r5f.ti-arm-clang.freertos.debug.lib : enet_rm.obj (.text.EnetRm_open)
                  700a41a4    0000000c     --HOLE-- [fill = 0]
                  700a41b0    000001b0                                                           : cpsw_ale.obj (.text.CpswAle_delPolicerEntry)
                  700a4360    000001b0     main.o (.text.build_and_send_udp_packet)
                  700a4510    000001b0     lwip-freertos.am263px.r5f.ti-arm-clang.debug.lib : dns.obj (.text.dns_call_found)
                  700a46c0    000001ae     ti_enet_open_close.o (.text.EnetApp_ConfigureDscpMapping)
                  700a486e    00000002     --HOLE-- [fill = 0]
                  700a4870    000001ac     drivers.am263px.r5f.ti-arm-clang.freertos.debug.lib : uart_v0.obj (.text.UART_close)
                  700a4a1c    00000004     --HOLE-- [fill = 0]
                  700a4a20    000001aa     enet-cpsw.am263px.r5f.ti-arm-clang.freertos.debug.lib : mdio_ioctl.obj (.text.Mdio_readRegC45)
                  700a4bca    00000006     --HOLE-- [fill = 0]
                  700a4bd0    000001aa     drivers.am263px.r5f.ti-arm-clang.freertos.debug.lib : uart_dma_edma.obj (.text.UART_lld_dmaWrite)
                  700a4d7a    00000006     --HOLE-- [fill = 0]
                  700a4d80    000001aa     lwip-freertos.am263px.r5f.ti-arm-clang.debug.lib : mem.obj (.text.mem_free)
                  700a4f2a    00000002     --HOLE-- [fill = 0]
                  700a4f2c    000001a8     libc.a : memory.c.obj (.text.free)
                  700a50d4    000001a4            : memory.c.obj (.text.aligned_alloc)
                  700a5278    00000008     --HOLE-- [fill = 0]
                  700a5280    000001a4     freertos.am263px.r5f.ti-arm-clang.debug.lib : timers.obj (.text.prvProcessReceivedCommands)
                  700a5424    0000000c     --HOLE-- [fill = 0]
                  700a5430    000001a0     drivers.am263px.r5f.ti-arm-clang.freertos.debug.lib : uart_v0.obj (.text.UART_write)
                  700a55d0    000001a0     lwip-freertos.am263px.r5f.ti-arm-clang.debug.lib : pbuf.obj (.text.pbuf_take)
                  700a5770    000001a0     freertos.am263px.r5f.ti-arm-clang.debug.lib : tasks.obj (.text.vTaskSwitchContext)
                  700a5910    0000019e     enet-cpsw.am263px.r5f.ti-arm-clang.freertos.debug.lib : cpsw_ale_ioctl.obj (.text.CpswAle_addMcastAddr)
                  700a5aae    00000002     --HOLE-- [fill = 0]
                  700a5ab0    0000019c     libc.a : fputs.c.obj (.text.fputs)
                  700a5c4c    00000004     --HOLE-- [fill = 0]
                  700a5c50    0000019a     enet-cpsw.am263px.r5f.ti-arm-clang.freertos.debug.lib : cpsw_cpts.obj (.text.CpswCpts_ioctl)
                  700a5dea    00000006     --HOLE-- [fill = 0]
                  700a5df0    0000019a     lwip-freertos.am263px.r5f.ti-arm-clang.debug.lib : dns.obj (.text.dns_check_entry)
                  700a5f8a    00000006     --HOLE-- [fill = 0]
                  700a5f90    0000019a     freertos.am263px.r5f.ti-arm-clang.debug.lib : tasks.obj (.text.vTaskPriorityDisinheritAfterTimeout)
                  700a612a    00000006     --HOLE-- [fill = 0]
                  700a6130    00000198     drivers.am263px.r5f.ti-arm-clang.freertos.debug.lib : uart_v0_lld.obj (.text.UART_lld_controllerIsr)
                  700a62c8    00000008     --HOLE-- [fill = 0]
                  700a62d0    00000196     lwip-freertos.am263px.r5f.ti-arm-clang.debug.lib : dhcp.obj (.text.dhcp_reboot)
                  700a6466    0000000a     --HOLE-- [fill = 0]
                  700a6470    00000194     enet-cpsw.am263px.r5f.ti-arm-clang.freertos.debug.lib : cpsw_ale.obj (.text.CpswAle_ioctl)
                  700a6604    0000000c     --HOLE-- [fill = 0]
                  700a6610    00000194                                                           : cpsw_macport.obj (.text.CpswMacPort_ioctl)
                  700a67a4    0000000c     --HOLE-- [fill = 0]
                  700a67b0    00000192     lwip-freertos.am263px.r5f.ti-arm-clang.debug.lib : tcp_out.obj (.text.tcp_zero_window_probe)
                  700a6942    0000000e     --HOLE-- [fill = 0]
                  700a6950    0000018a     enet-cpsw.am263px.r5f.ti-arm-clang.freertos.debug.lib : enet_rm.obj (.text.EnetRm_ioctl)
                  700a6ada    00000006     --HOLE-- [fill = 0]
                  700a6ae0    0000018a     lwip-freertos.am263px.r5f.ti-arm-clang.debug.lib : sys_arch.obj (.text.sys_arch_mbox_fetch)
                  700a6c6a    00000006     --HOLE-- [fill = 0]
                  700a6c70    00000188     freertos.am263px.r5f.ti-arm-clang.debug.lib : ClockP_freertos_r5.obj (.text.ClockP_init)
                  700a6df8    00000008     --HOLE-- [fill = 0]
                  700a6e00    00000186     lwip-freertos.am263px.r5f.ti-arm-clang.debug.lib : acd.obj (.text.acd_tmr)
                  700a6f86    0000000a     --HOLE-- [fill = 0]
                  700a6f90    00000178     freertos.am263px.r5f.ti-arm-clang.debug.lib : DebugP_shmLogReader.obj (.text.DebugP_shmLogReaderGetString)
                  700a7108    00000008     --HOLE-- [fill = 0]
                  700a7110    00000178     enet-cpsw.am263px.r5f.ti-arm-clang.freertos.debug.lib : enet_rm.obj (.text.EnetRm_initRxObj)
                  700a7288    00000008     --HOLE-- [fill = 0]
                  700a7290    00000178     lwip-freertos.am263px.r5f.ti-arm-clang.debug.lib : udp.obj (.text.udp_bind)
                  700a7408    00000008     --HOLE-- [fill = 0]
                  700a7410    00000176     enet-cpsw.am263px.r5f.ti-arm-clang.freertos.debug.lib : cpsw_macport_est.obj (.text.CpswEst_setState)
                  700a7586    0000000a     --HOLE-- [fill = 0]
                  700a7590    00000176     lwip-freertos.am263px.r5f.ti-arm-clang.debug.lib : dhcp.obj (.text.dhcp_discover)
                  700a7706    0000000a     --HOLE-- [fill = 0]
                  700a7710    00000176                                                      : icmp.obj (.text.icmp_send_response)
                  700a7886    0000000a     --HOLE-- [fill = 0]
                  700a7890    00000176                                                      : sys_arch.obj (.text.sys_sem_new)
                  700a7a06    0000000a     --HOLE-- [fill = 0]
                  700a7a10    00000174     enet-cpsw.am263px.r5f.ti-arm-clang.freertos.debug.lib : enetphy.obj (.text.EnetPhy_getLinkStatus)
                  700a7b84    0000000c     --HOLE-- [fill = 0]
                  700a7b90    00000172     board.am263px.r5f.ti-arm-clang.freertos.debug.lib : eeprom_cat24m.obj (.text.EEPROM_CAT24M_write)
                  700a7d02    0000000e     --HOLE-- [fill = 0]
                  700a7d10    00000172     lwip-freertos.am263px.r5f.ti-arm-clang.debug.lib : ip4.obj (.text.ip4_route)
                  700a7e82    0000000e     --HOLE-- [fill = 0]
                  700a7e90    00000172                                                      : sys_arch.obj (.text.sys_arch_sem_wait)
                  700a8002    0000000e     --HOLE-- [fill = 0]
                  700a8010    00000170     freertos.am263px.r5f.ti-arm-clang.debug.lib : queue.obj (.text.xQueueGiveFromISR)
                  700a8180    00000168     enet-cpsw.am263px.r5f.ti-arm-clang.freertos.debug.lib : enet_cpdma.obj (.text.EnetCpdma_rxIsrProc)
                  700a82e8    00000008     --HOLE-- [fill = 0]
                  700a82f0    00000168                                                           : enet_phymdio_dflt.obj (.text.EnetPhyMdioDflt_writeC45)
                  700a8458    00000008     --HOLE-- [fill = 0]
                  700a8460    00000168     main.o (.text.freertos_main)
                  700a85c8    00000008     --HOLE-- [fill = 0]
                  700a85d0    00000168     xgw_udp_interface.o (.text.xgw_udp_send_motor_states)
                  700a8738    00000008     --HOLE-- [fill = 0]
                  700a8740    00000166     enet-cpsw.am263px.r5f.ti-arm-clang.freertos.debug.lib : enet_cpdma.obj (.text.EnetCpdma_openRxCh)
                  700a88a6    0000000a     --HOLE-- [fill = 0]
                  700a88b0    00000166     drivers.am263px.r5f.ti-arm-clang.freertos.debug.lib : i2c_v1_lld.obj (.text.I2C_lld_primeTransferIntr)
                  700a8a16    0000000a     --HOLE-- [fill = 0]
                  700a8a20    00000166     freertos.am263px.r5f.ti-arm-clang.debug.lib : TaskP_freertos.obj (.text.TaskP_assertParams)
                  700a8b86    0000000a     --HOLE-- [fill = 0]
                  700a8b90    00000166     lwip-freertos.am263px.r5f.ti-arm-clang.debug.lib : mem.obj (.text.mem_malloc)
                  700a8cf6    0000000a     --HOLE-- [fill = 0]
                  700a8d00    00000164     board.am263px.r5f.ti-arm-clang.freertos.debug.lib : dp83869.obj (.text.Dp83869_config)
                  700a8e64    0000000c     --HOLE-- [fill = 0]
                  700a8e70    00000164     enet-cpsw.am263px.r5f.ti-arm-clang.freertos.debug.lib : enet_rm.obj (.text.EnetRm_initHwPushObj)
                  700a8fd4    0000000c     --HOLE-- [fill = 0]
                  700a8fe0    00000162     drivers.am263px.r5f.ti-arm-clang.freertos.debug.lib : edma.obj (.text.EDMA_unregisterIntr)
                  700a9142    0000000e     --HOLE-- [fill = 0]
                  700a9150    00000162     enet-cpsw.am263px.r5f.ti-arm-clang.freertos.debug.lib : enet_phymdio_dflt.obj (.text.EnetPhyMdioDflt_readC45)
                  700a92b2    0000000e     --HOLE-- [fill = 0]
                  700a92c0    00000160                                                           : csl_cpsw.obj (.text.CSL_CPSW_setAlePortControlReg)
                  700a9420    00000160     drivers.am263px.r5f.ti-arm-clang.freertos.debug.lib : i2c_v1_lld.obj (.text.I2C_lld_init)
                  700a9580    00000160     lwip-freertos.am263px.r5f.ti-arm-clang.debug.lib : inet_chksum.obj (.text.inet_cksum_pseudo_partial_base)
                  700a96e0    0000015e                                                      : dhcp.obj (.text.dhcp_renew)
                  700a983e    00000002     --HOLE-- [fill = 0]
                  700a9840    0000015e     xgw_udp_interface.o (.text.xgw_udp_start)
                  700a999e    00000002     --HOLE-- [fill = 0]
                  700a99a0    0000015c     enet-cpsw.am263px.r5f.ti-arm-clang.freertos.debug.lib : enet_cpdma.obj (.text.EnetCpdma_txIsr)
                  700a9afc    00000004     --HOLE-- [fill = 0]
                  700a9b00    0000015c                                                           : enet_rm.obj (.text.EnetRm_initMacObj)
                  700a9c5c    00000004     --HOLE-- [fill = 0]
                  700a9c60    0000015c     lwip-freertos.am263px.r5f.ti-arm-clang.debug.lib : dhcp.obj (.text.dhcp_rebind)
                  700a9dbc    00000004     --HOLE-- [fill = 0]
                  700a9dc0    0000015c     freertos.am263px.r5f.ti-arm-clang.debug.lib : tasks.obj (.text.prvAddNewTaskToReadyList)
                  700a9f1c    00000004     --HOLE-- [fill = 0]
                  700a9f20    0000015c                                                 : tasks.obj (.text.xTaskPriorityInherit)
                  700aa07c    00000004     --HOLE-- [fill = 0]
                  700aa080    0000015a     enet-cpsw.am263px.r5f.ti-arm-clang.freertos.debug.lib : enet_cpdma.obj (.text.EnetCpdma_netChOpen)
                  700aa1da    00000006     --HOLE-- [fill = 0]
                  700aa1e0    0000015a     lwip-freertos.am263px.r5f.ti-arm-clang.debug.lib : dhcp.obj (.text.dhcp_start)
                  700aa33a    00000006     --HOLE-- [fill = 0]
                  700aa340    00000158     enet-cpsw.am263px.r5f.ti-arm-clang.freertos.debug.lib : cpsw_ale.obj (.text.CpswAle_initCfg)
                  700aa498    00000008     --HOLE-- [fill = 0]
                  700aa4a0    00000158     ti_enet_config.o (.text.EnetApp_initializeMacAddrPool)
                  700aa5f8    00000008     --HOLE-- [fill = 0]
                  700aa600    00000158     enet-cpsw.am263px.r5f.ti-arm-clang.freertos.debug.lib : enet_phymdio_dflt.obj (.text.EnetPhyMdioDflt_writeC22)
                  700aa758    00000008     --HOLE-- [fill = 0]
                  700aa760    00000158     drivers.am263px.r5f.ti-arm-clang.freertos.debug.lib : soc.obj (.text.SOC_controlModuleUnlockMMR)
                  700aa8b8    00000008     --HOLE-- [fill = 0]
                  700aa8c0    00000158     lwip-freertos.am263px.r5f.ti-arm-clang.debug.lib : dhcp.obj (.text.dhcp_handle_ack)
                  700aaa18    00000008     --HOLE-- [fill = 0]
                  700aaa20    00000158                                                      : etharp.obj (.text.etharp_tmr)
                  700aab78    00000008     --HOLE-- [fill = 0]
                  700aab80    00000152     drivers.am263px.r5f.ti-arm-clang.freertos.debug.lib : uart_v0_lld.obj (.text.UART_lld_initDma)
                  700aacd2    0000000e     --HOLE-- [fill = 0]
                  700aace0    00000150     enet-cpsw.am263px.r5f.ti-arm-clang.freertos.debug.lib : enet_phymdio_dflt.obj (.text.EnetPhyMdioDflt_readC22)
                  700aae30    00000150                                                           : enet_rm.obj (.text.EnetRm_delCoreAttached)
                  700aaf80    0000014e     lwip-freertos.am263px.r5f.ti-arm-clang.debug.lib : sys_arch.obj (.text.sys_arch_unprotect)
                  700ab0ce    00000002     --HOLE-- [fill = 0]
                  700ab0d0    0000014e     freertos.am263px.r5f.ti-arm-clang.debug.lib : tasks.obj (.text.xTaskPriorityDisinherit)
                  700ab21e    00000002     --HOLE-- [fill = 0]
                  700ab220    0000014c                                                 : queue.obj (.text.xQueueReceiveFromISR)
                  700ab36c    00000004     --HOLE-- [fill = 0]
                  700ab370    00000148     enet-cpsw.am263px.r5f.ti-arm-clang.freertos.debug.lib : cpsw_ale.obj (.text.CpswAle_setPolicerPartitionLevel)
                  700ab4b8    00000008     --HOLE-- [fill = 0]
                  700ab4c0    00000148     lwip-freertos.am263px.r5f.ti-arm-clang.debug.lib : netif.obj (.text.netif_set_addr)
                  700ab608    00000008     --HOLE-- [fill = 0]
                  700ab610    00000148                                                      : udp.obj (.text.udp_sendto)
                  700ab758    00000008     --HOLE-- [fill = 0]
                  700ab760    00000146     enet-cpsw.am263px.r5f.ti-arm-clang.freertos.debug.lib : cpsw_ioctl.obj (.text.Cpsw_closePortLink)
                  700ab8a6    0000000a     --HOLE-- [fill = 0]
                  700ab8b0    00000144     freertos.am263px.r5f.ti-arm-clang.debug.lib : tasks.obj (.text.prvInitialiseNewTask)
                  700ab9f4    00000144     libc.a : setvbuf.c.obj (.text.setvbuf)
                  700abb38    00000008     --HOLE-- [fill = 0]
                  700abb40    00000144     lwip-freertos.am263px.r5f.ti-arm-clang.debug.lib : tcp.obj (.text.tcp_close_shutdown_fin)
                  700abc84    0000000c     --HOLE-- [fill = 0]
                  700abc90    00000142     enet-cpsw.am263px.r5f.ti-arm-clang.freertos.debug.lib : cpsw_ale_ioctl.obj (.text.CpswAle_delPortUcastEntries)
                  700abdd2    0000000e     --HOLE-- [fill = 0]
                  700abde0    00000140     lwip-freertos.am263px.r5f.ti-arm-clang.debug.lib : pbuf.obj (.text.pbuf_cat)
                  700abf20    0000013e     enet-cpsw.am263px.r5f.ti-arm-clang.freertos.debug.lib : csl_cpsw_ale_9g_tblcfg.obj (.text.CSL_CPSW_setAleVlanUnicastAddrEntry)
                  700ac05e    00000002     --HOLE-- [fill = 0]
                  700ac060    0000013e                                                           : enet_cpdma.obj (.text.EnetCpdma_openTxCh)
                  700ac19e    00000002     --HOLE-- [fill = 0]
                  700ac1a0    0000013e     drivers.am263px.r5f.ti-arm-clang.freertos.debug.lib : i2c_v1.obj (.text.I2C_mem_primeTransfer)
                  700ac2de    00000002     --HOLE-- [fill = 0]
                  700ac2e0    0000013e     lwip-freertos.am263px.r5f.ti-arm-clang.debug.lib : pbuf.obj (.text.pbuf_copy_partial)
                  700ac41e    00000002     --HOLE-- [fill = 0]
                  700ac420    0000013a     board.am263px.r5f.ti-arm-clang.freertos.debug.lib : dp83869.obj (.text.Dp83869_enableAdvertisement)
                  700ac55a    00000006     --HOLE-- [fill = 0]
                  700ac560    0000013a     drivers.am263px.r5f.ti-arm-clang.freertos.debug.lib : edma.obj (.text.EDMA_isDmaChannelAllocated)
                  700ac69a    00000006     --HOLE-- [fill = 0]
                  700ac6a0    0000013a     enet-cpsw.am263px.r5f.ti-arm-clang.freertos.debug.lib : enet_phymdio_dflt.obj (.text.EnetPhyMdioDflt_isAlive)
                  700ac7da    00000006     --HOLE-- [fill = 0]
                  700ac7e0    0000013a                                                           : enet_phymdio_dflt.obj (.text.EnetPhyMdioDflt_isLinked)
                  700ac91a    00000006     --HOLE-- [fill = 0]
                  700ac920    0000013a                                                           : enet.obj (.text.Enet_ioctl)
                  700aca5a    00000006     --HOLE-- [fill = 0]
                  700aca60    0000013a     board.am263px.r5f.ti-arm-clang.freertos.debug.lib : generic_phy.obj (.text.GenericPhy_enableAdvertisement)
                  700acb9a    00000006     --HOLE-- [fill = 0]
                  700acba0    0000013a     drivers.am263px.r5f.ti-arm-clang.freertos.debug.lib : i2c_v1_lld.obj (.text.I2C_lld_mem_write)
                  700accda    00000006     --HOLE-- [fill = 0]
                  700acce0    0000013a     lwip-freertos.am263px.r5f.ti-arm-clang.debug.lib : dhcp.obj (.text.dhcp_release_and_stop)
                  700ace1a    00000006     --HOLE-- [fill = 0]
                  700ace20    00000138     enet-cpsw.am263px.r5f.ti-arm-clang.freertos.debug.lib : cpsw_cpts_ioctl.obj (.text.CpswCpts_ioctl_handler_CPSW_CPTS_IOCTL_SET_ESTF)
                  700acf58    00000008     --HOLE-- [fill = 0]
                  700acf60    00000138     freertos.am263px.r5f.ti-arm-clang.debug.lib : printf.obj (.text._ntoa_long_long)
                  700ad098    00000008     --HOLE-- [fill = 0]
                  700ad0a0    00000136     board.am263px.r5f.ti-arm-clang.freertos.debug.lib : dp83869.obj (.text.Dp83869_disableAdvertisement)
                  700ad1d6    0000000a     --HOLE-- [fill = 0]
                  700ad1e0    00000136     enet-cpsw.am263px.r5f.ti-arm-clang.freertos.debug.lib : enet_appmemutils.obj (.text.EnetMem_initMemObjs)
                  700ad316    0000000a     --HOLE-- [fill = 0]
                  700ad320    00000136     board.am263px.r5f.ti-arm-clang.freertos.debug.lib : generic_phy.obj (.text.GenericPhy_disableAdvertisement)
                  700ad456    0000000a     --HOLE-- [fill = 0]
                  700ad460    00000136     drivers.am263px.r5f.ti-arm-clang.freertos.debug.lib : uart_v0_lld.obj (.text.UART_procLineStatusErr)
                  700ad596    0000000a     --HOLE-- [fill = 0]
                  700ad5a0    00000136     lwip-freertos.am263px.r5f.ti-arm-clang.debug.lib : tcp_out.obj (.text.tcp_rst_common)
                  700ad6d6    0000000a     --HOLE-- [fill = 0]
                  700ad6e0    00000134     drivers.am263px.r5f.ti-arm-clang.freertos.debug.lib : edma.obj (.text.EDMA_registerIntr)
                  700ad814    0000000c     --HOLE-- [fill = 0]
                  700ad820    00000134                                                         : uart_v0_lld.obj (.text.UART_writePolling)
                  700ad954    0000000c     --HOLE-- [fill = 0]
                  700ad960    00000134     freertos.am263px.r5f.ti-arm-clang.debug.lib : tasks.obj (.text.vTaskDelete)
                  700ada94    0000000c     --HOLE-- [fill = 0]
                  700adaa0    00000132     enet-cpsw.am263px.r5f.ti-arm-clang.freertos.debug.lib : csl_cpsw_ale_9g_tblcfg.obj (.text.CSL_CPSW_setAleVlanMcastAddrEntry)
                  700adbd2    0000000e     --HOLE-- [fill = 0]
                  700adbe0    00000132                                                           : cpsw.obj (.text.Cpsw_dmaMiscIsr)
                  700add12    0000000e     --HOLE-- [fill = 0]
                  700add20    00000130                                                           : csl_cpsw_ale_9g_tblcfg.obj (.text.CSL_CPSW_setAleUnicastAddrEntry)
                  700ade50    00000130                                                           : enet.obj (.text.EnetPer_open)
                  700adf80    0000012e     lwip-freertos.am263px.r5f.ti-arm-clang.debug.lib : igmp.obj (.text.igmp_send)
                  700ae0ae    00000002     --HOLE-- [fill = 0]
                  700ae0b0    0000012c     enet-cpsw.am263px.r5f.ti-arm-clang.freertos.debug.lib : enet_osal.obj (.text.EnetOsal_registerIntr)
                  700ae1dc    00000004     --HOLE-- [fill = 0]
                  700ae1e0    0000012c                                                           : enet_rm.obj (.text.EnetRm_validateResPartInfo)
                  700ae30c    00000004     --HOLE-- [fill = 0]
                  700ae310    0000012c     drivers.am263px.r5f.ti-arm-clang.freertos.debug.lib : i2c_v1_lld.obj (.text.I2C_lld_mem_read)
                  700ae43c    00000004     --HOLE-- [fill = 0]
                  700ae440    0000012c                                                         : uart_v0_lld.obj (.text.UART_lld_init)
                  700ae56c    00000004     --HOLE-- [fill = 0]
                  700ae570    0000012c     freertos.am263px.r5f.ti-arm-clang.debug.lib : tasks.obj (.text.ulTaskGenericNotifyTake)
                  700ae69c    00000004     --HOLE-- [fill = 0]
                  700ae6a0    0000012a     enet-cpsw.am263px.r5f.ti-arm-clang.freertos.debug.lib : enet_utils.obj (.text.EnetUtils_macToPhyMii)
                  700ae7ca    00000006     --HOLE-- [fill = 0]
                  700ae7d0    00000128                                                           : enet_cpdmautils.obj (.text.EnetAppUtils_isDescCached)
                  700ae8f8    00000008     --HOLE-- [fill = 0]
                  700ae900    00000128     drivers.am263px.r5f.ti-arm-clang.freertos.debug.lib : i2c_v1_lld.obj (.text.I2C_lld_mem_writeIntr)
                  700aea28    00000008     --HOLE-- [fill = 0]
                  700aea30    00000128     freertos.am263px.r5f.ti-arm-clang.debug.lib : port.obj (.text.pxPortInitialiseStack)
                  700aeb58    00000008     --HOLE-- [fill = 0]
                  700aeb60    00000126     drivers.am263px.r5f.ti-arm-clang.freertos.debug.lib : soc.obj (.text.SOC_controlModuleLockMMR)
                  700aec86    0000000a     --HOLE-- [fill = 0]
                  700aec90    00000126     lwip-freertos.am263px.r5f.ti-arm-clang.debug.lib : pbuf.obj (.text.pbuf_take_at)
                  700aedb6    0000000a     --HOLE-- [fill = 0]
                  700aedc0    00000126                                                      : timeouts.obj (.text.sys_timeout_abs)
                  700aeee6    0000000a     --HOLE-- [fill = 0]
                  700aeef0    00000124     enet-cpsw.am263px.r5f.ti-arm-clang.freertos.debug.lib : csl_cpsw_ale_9g_tblcfg.obj (.text.CSL_CPSW_setAleMcastAddrEntry)
                  700af014    0000000c     --HOLE-- [fill = 0]
                  700af020    00000124                                                           : cpsw_ale.obj (.text.CpswAle_setIoctlHandlerFxn)
                  700af144    0000000c     --HOLE-- [fill = 0]
                  700af150    00000124                                                           : cpsw_cpts.obj (.text.CpswCpts_setIoctlHandlerFxn)
                  700af274    0000000c     --HOLE-- [fill = 0]
                  700af280    00000124                                                           : cpsw_hostport.obj (.text.CpswHostPort_setIoctlHandlerFxn)
                  700af3a4    0000000c     --HOLE-- [fill = 0]
                  700af3b0    00000124                                                           : cpsw_macport_est.obj (.text.CpswMacPortEst_setIoctlHandlerFxn)
                  700af4d4    0000000c     --HOLE-- [fill = 0]
                  700af4e0    00000124                                                           : cpsw_macport.obj (.text.CpswMacPort_setIoctlHandlerFxn)
                  700af604    0000000c     --HOLE-- [fill = 0]
                  700af610    00000124                                                           : cpsw_stats.obj (.text.CpswStats_setIoctlHandlerFxn)
                  700af734    0000000c     --HOLE-- [fill = 0]
                  700af740    00000124                                                           : cpsw.obj (.text.Cpsw_initCfg)
                  700af864    0000000c     --HOLE-- [fill = 0]
                  700af870    00000124                                                           : cpsw.obj (.text.Cpsw_setIoctlHandlerFxn)
                  700af994    0000000c     --HOLE-- [fill = 0]
                  700af9a0    00000124                                                           : enet_phymdio_dflt.obj (.text.EnetPhyMdioDflt_setIoctlHandlerFxn)
                  700afac4    0000000c     --HOLE-- [fill = 0]
                  700afad0    00000124                                                           : enet_rm.obj (.text.EnetRm_setIoctlHandlerFxn)
                  700afbf4    0000000c     --HOLE-- [fill = 0]
                  700afc00    00000124                                                           : mdio.obj (.text.Mdio_setIoctlHandlerFxn)
                  700afd24    0000000c     --HOLE-- [fill = 0]
                  700afd30    00000122                                                           : cpsw_ale_ioctl.obj (.text.CpswAle_addUcastAddr)
                  700afe52    0000000e     --HOLE-- [fill = 0]
                  700afe60    00000120                                                           : cpsw_est.obj (.text.CpswEst_setIoctlHandlerFxn)
                  700aff80    00000120                                                           : enet_rm_ioctl.obj (.text.EnetRm_allocInternalRxFlowIdx)
                  700b00a0    00000120                                                           : mdio_manual_ioctl.obj (.text.Mdio_manualModePhyRegRead22)
                  700b01c0    00000120     drivers.am263px.r5f.ti-arm-clang.freertos.debug.lib : soc_rcm.obj (.text.SOC_rcmGetPeripheralClockFrequency)
                  700b02e0    0000011e     enet-cpsw.am263px.r5f.ti-arm-clang.freertos.debug.lib : mdio_manual_ioctl.obj (.text.Mdio_manualModePhyRegValReadC45)
                  700b03fe    00000002     --HOLE-- [fill = 0]
                  700b0400    0000011e     lwip-freertos.am263px.r5f.ti-arm-clang.debug.lib : pbuf.obj (.text.pbuf_add_header_impl)
                  700b051e    00000002     --HOLE-- [fill = 0]
                  700b0520    0000011e     freertos.am263px.r5f.ti-arm-clang.debug.lib : tasks.obj (.text.xTaskDelayUntil)
                  700b063e    00000002     --HOLE-- [fill = 0]
                  700b0640    0000011c     enet-cpsw.am263px.r5f.ti-arm-clang.freertos.debug.lib : csl_cpsw_ale_9g_tblcfg.obj (.text.CSL_CPSW_setAleVlanEntry)
                  700b075c    00000004     --HOLE-- [fill = 0]
                  700b0760    0000011c     ti_enet_open_close.o (.text.EnetAppUtils_openRxCh)
                  700b087c    00000004     --HOLE-- [fill = 0]
                  700b0880    0000011c     enet-cpsw.am263px.r5f.ti-arm-clang.freertos.debug.lib : enet_cpdma.obj (.text.EnetCpdma_setSOPInfo)
                  700b099c    00000004     --HOLE-- [fill = 0]
                  700b09a0    0000011c                                                           : enet_utils.obj (.text.EnetUtils_delayNs)
                  700b0abc    00000004     --HOLE-- [fill = 0]
                  700b0ac0    0000011c                                                           : mdio_ioctl.obj (.text.Mdio_writeRegC45)
                  700b0bdc    00000004     --HOLE-- [fill = 0]
                  700b0be0    0000011c     drivers.am263px.r5f.ti-arm-clang.freertos.debug.lib : uart_dma_edma.obj (.text.UART_lld_dmaRead)
                  700b0cfc    00000004     --HOLE-- [fill = 0]
                  700b0d00    0000011c     lwip-freertos.am263px.r5f.ti-arm-clang.debug.lib : tcp_out.obj (.text.tcp_rexmit_rto_prepare)
                  700b0e1c    00000004     --HOLE-- [fill = 0]
                  700b0e20    0000011a     enet-cpsw.am263px.r5f.ti-arm-clang.freertos.debug.lib : csl_cpsw_ale_9g_tblcfg.obj (.text.CSL_CPSW_setAleOutVlanEntry)
                  700b0f3a    00000006     --HOLE-- [fill = 0]
                  700b0f40    0000011a                                                           : enetphy.obj (.text.EnetPhy_setupManual)
                  700b105a    00000006     --HOLE-- [fill = 0]
                  700b1060    0000011a     drivers.am263px.r5f.ti-arm-clang.freertos.debug.lib : i2c_v1_lld.obj (.text.I2C_lld_mem_readIntr)
                  700b117a    00000006     --HOLE-- [fill = 0]
                  700b1180    00000118     enet-cpsw.am263px.r5f.ti-arm-clang.freertos.debug.lib : enetphy.obj (.text.EnetPhy_resetWaitState)
                  700b1298    00000008     --HOLE-- [fill = 0]
                  700b12a0    00000118                                                           : enetphy.obj (.text.EnetPhy_setupNway)
                  700b13b8    00000008     --HOLE-- [fill = 0]
                  700b13c0    00000118     lwip-freertos.am263px.r5f.ti-arm-clang.debug.lib : sys_arch.obj (.text.sys_mbox_trypost)
                  700b14d8    00000008     --HOLE-- [fill = 0]
                  700b14e0    00000118                                                      : tcp.obj (.text.tcp_process_refused_data)
                  700b15f8    00000008     --HOLE-- [fill = 0]
                  700b1600    00000118                                                      : tcp.obj (.text.tcp_update_rcv_ann_wnd)
                  700b1718    00000118     libclang_rt.builtins.a : udivmoddi4.S.obj (.text)
                  700b1830    00000116     drivers.am263px.r5f.ti-arm-clang.freertos.debug.lib : edma.obj (.text.EDMA_isTccAllocated)
                  700b1946    0000000a     --HOLE-- [fill = 0]
                  700b1950    00000116     enet-cpsw.am263px.r5f.ti-arm-clang.freertos.debug.lib : mdio_ioctl.obj (.text.Mdio_handleIntr)
                  700b1a66    0000000a     --HOLE-- [fill = 0]
                  700b1a70    00000116     drivers.am263px.r5f.ti-arm-clang.freertos.debug.lib : uart_v0_lld.obj (.text.UART_divisorLatchWrite)
                  700b1b86    0000000a     --HOLE-- [fill = 0]
                  700b1b90    00000114     freertos.am263px.r5f.ti-arm-clang.debug.lib : printf.obj (.text._ntoa_long)
                  700b1ca4    0000000c     --HOLE-- [fill = 0]
                  700b1cb0    00000112     enet-cpsw.am263px.r5f.ti-arm-clang.freertos.debug.lib : enetphy.obj (.text.EnetPhy_tick)
                  700b1dc2    0000000e     --HOLE-- [fill = 0]
                  700b1dd0    00000110     freertos.am263px.r5f.ti-arm-clang.debug.lib : DebugP_shmLogReader.obj (.text.DebugP_shmLogRead)
                  700b1ee0    00000110                                                 : DebugP_shmLogReader.obj (.text.DebugP_shmLogReaderTaskMain)
                  700b1ff0    00000110     enet-cpsw.am263px.r5f.ti-arm-clang.freertos.debug.lib : enetphy.obj (.text.EnetPhy_rmwReg)
                  700b2100    0000010e                                                           : enet_cpdma.obj (.text.EnetCpdma_initRxChannel)
                  700b220e    00000002     --HOLE-- [fill = 0]
                  700b2210    0000010e     drivers.am263px.r5f.ti-arm-clang.freertos.debug.lib : soc_rcm.obj (.text.SOC_rcmADPLLJGetFOut)
                  700b231e    00000002     --HOLE-- [fill = 0]
                  700b2320    0000010e     lwip-freertos.am263px.r5f.ti-arm-clang.debug.lib : netif.obj (.text.netif_do_set_ipaddr)
                  700b242e    00000002     --HOLE-- [fill = 0]
                  700b2430    0000010e                                                      : udp.obj (.text.udp_sendto_if)
                  700b253e    00000002     --HOLE-- [fill = 0]
                  700b2540    0000010e     freertos.am263px.r5f.ti-arm-clang.debug.lib : queue.obj (.text.xQueueGenericReset)
                  700b264e    00000002     --HOLE-- [fill = 0]
                  700b2650    0000010c     enet-cpsw.am263px.r5f.ti-arm-clang.freertos.debug.lib : enet_cpdma.obj (.text.EnetCpdma_initTxChannel)
                  700b275c    00000004     --HOLE-- [fill = 0]
                  700b2760    0000010c     lwip-freertos.am263px.r5f.ti-arm-clang.debug.lib : sys_arch.obj (.text.sys_arch_protect)
                  700b286c    00000004     --HOLE-- [fill = 0]
                  700b2870    0000010c                                                      : udp.obj (.text.udp_connect)
                  700b297c    00000004     --HOLE-- [fill = 0]
                  700b2980    0000010a     enet-cpsw.am263px.r5f.ti-arm-clang.freertos.debug.lib : csl_cpsw.obj (.text.CSL_CPSW_setCpswControlReg)
                  700b2a8a    00000006     --HOLE-- [fill = 0]
                  700b2a90    0000010a     drivers.am263px.r5f.ti-arm-clang.freertos.debug.lib : ipc_notify_v1.obj (.text.IpcNotify_sendMsg)
                  700b2b9a    00000006     --HOLE-- [fill = 0]
                  700b2ba0    00000108     lwip-freertos.am263px.r5f.ti-arm-clang.debug.lib : sys_arch.obj (.text.sys_mbox_new)
                  700b2ca8    00000008     --HOLE-- [fill = 0]
                  700b2cb0    00000108                                                      : tcp_out.obj (.text.tcp_output_alloc_header_common)
                  700b2db8    00000008     --HOLE-- [fill = 0]
                  700b2dc0    00000106     enet-cpsw.am263px.r5f.ti-arm-clang.freertos.debug.lib : enet_rm.obj (.text.EnetRm_initTxObj)
                  700b2ec6    0000000a     --HOLE-- [fill = 0]
                  700b2ed0    00000106     freertos.am263px.r5f.ti-arm-clang.debug.lib : tasks.obj (.text.prvAddCurrentTaskToDelayedList)
                  700b2fd6    0000000a     --HOLE-- [fill = 0]
                  700b2fe0    00000104     enet-cpsw.am263px.r5f.ti-arm-clang.freertos.debug.lib : csl_cpsw.obj (.text.CSL_CPSW_setPortEstConfig)
                  700b30e4    0000000c     --HOLE-- [fill = 0]
                  700b30f0    00000104     drivers.am263px.r5f.ti-arm-clang.freertos.debug.lib : i2c_v1.obj (.text.I2C_close)
                  700b31f4    0000000c     --HOLE-- [fill = 0]
                  700b3200    00000104                                                         : uart_v0_lld.obj (.text.UART_configInstance)
                  700b3304    0000000c     --HOLE-- [fill = 0]
                  700b3310    00000104     gateway_shared.o (.text.gateway_ringbuf_write)
                  700b3414    0000000c     --HOLE-- [fill = 0]
                  700b3420    00000100     enet-cpsw.am263px.r5f.ti-arm-clang.freertos.debug.lib : enet_osal.obj (.text.EnetOsal_createMutex)
                  700b3520    00000100                                                           : enetphy.obj (.text.EnetPhy_getId)
[...]
700cf541  mem_trim                                                               
700cf561  vListInitialiseItem                                                    
700cf571  vTaskMissedYield                                                       
700cf581  CSL_CPSW_getAleControlReg                                              
700cf591  CSL_CPSW_getAleIPv6LowEntryIndex                                       
700cf5a1  CSL_MDIO_getClause45EnableMask                                         
700cf5b1  CSL_MDIO_getPollEnableMask                                             
700cf5d1  Drivers_open                                                           
700cf5e1  EnetAppUtils_enableClocks                                              
700cf5f1  EnetAppUtils_isPrintSupported                                          
700cf601  EnetSoc_getCoreId                                                      
700cf641  PhyPriv_getPhyAddr                                                     
700cf651  PhyPriv_getRegAccessApi                                                
700cf661  PowerClock_init                                                        
700cf671  dns_tmr                                                                
700cf681  uxTaskGetNumberOfTasks                                                 
700cf691  EnetCpdmaMem_getCfg                                                    
700cf6b1  EnetMem_getCfg                                                         
700cf6c1  EnetPhyMdioDflt_getPhyMdio                                             
700cf701  TaskP_exit                                                             
700cf761  vApplicationIdleHook                                                   
700cf771  Drivers_uartInit                                                       
700cf781  EnetOsal_disableAllIntr                                                
700cf7b1  EnetBoard_getId                                                        
700cf7c1  EnetSoc_getEnetNum                                                     
700cf7d1  TaskP_yield                                                            
700cf7e1  Board_init                                                             
700cf801  IpcNotify_wait                                                         
700cf821  mem_init                                                               
700cf831  netif_init                                                             
700cf851  vPortConfigTimerForRunTimeStats                                        
700cf861  vPortValidateInterruptPriority                                         
700d002e  gCR5ClkSrcInfoMap                                                      
700d0030  gCacheConfig                                                           
700d0038  gMpuConfig                                                             
700d0044  gMpuRegionConfig                                                       
700d0254  gMpuRegionSizeInBytes                                                  
700d150c  memp_pools                                                             
700d1f02  ethbroadcast                                                           
700d23c8  gADPLLJConfigTbl                                                       
700d2b84  lwip_cyclic_timers                                                     
700d5ccc  I2C_defaultTransaction                                                 
700dabe8  I2C_lld_defaultMessage                                                 
700dacf0  gPeripheralClkSrcInfoMap                                               
700dbba0  memp_ALTCP_PCB                                                         
700dbbb4  memp_ARP_QUEUE                                                         
700dbbc8  memp_FRAG_PBUF                                                         
700dbbdc  memp_IGMP_GROUP                                                        
700dbbf0  memp_NETBUF                                                            
700dbc04  memp_NETCONN                                                           
700dbc18  memp_NETDB                                                             
700dbc2c  memp_PBUF                                                              
700dbc40  memp_PBUF_POOL                                                         
700dbc54  memp_POOL_128                                                          
700dbc68  memp_POOL_1568                                                         
700dbc7c  memp_POOL_4096                                                         
700dbc90  memp_RAW_PCB                                                           
700dbca4  memp_REASSDATA                                                         
700dbcb8  memp_SYS_MBOX                                                          
700dbccc  memp_SYS_TIMEOUT                                                       
700dbce0  memp_TCPIP_MSG_API                                                     
700dbcf4  memp_TCPIP_MSG_INPKT                                                   
700dbd08  memp_TCP_PCB                                                           
700dbd1c  memp_TCP_PCB_LISTEN                                                    
700dbd30  memp_TCP_SEG                                                           
700dbd44  memp_UDP_PCB                                                           
700dcb90  tcp_pcb_lists                                                          
700dd074  g_EnetApp_dmaChParams                                                  
700dd460  gEnetPhyDrvTbl                                                         
700dd470  gXTALInfo                                                              
700dd510  ethzero                                                                
700dd61c  gCacheL1dCacheLineSize                                                 
700dd620  gCacheL1pCacheLineSize                                                 
700dd624  ip_addr_any                                                            
700dd628  ip_addr_broadcast                                                      
700dd670  gEdmaConfig                                                            
700dd670  gEnetSoc_cpsw3g                                                        
700dd670  gUartDmaHandle                                                         
700df1d0  gEnetSoc_dmaObj                                                        
700e1108  gEnetSoc_cpsw3gMacObj                                                  
700e14a8  gEnetCpswCfg                                                           
700e208c  gEnetPhyDrvDp83869                                                     
700e2190  gEnetPhyDrvGeneric                                                     
700e2294  gIpcNotifyMailboxConfig                                                
700e248c  _ftable                                                                
700e304c  _device                                                                
700e339c  gUartParams                                                            
700e3498  _stream                                                                
700e3634  FreeRTOS_errno                                                         
700e3638  gEnetSoc_cpsw3gSocCfg                                                  
700e36a0  gEnetMacAddrPool                                                       
700e36d0  gSocModulesClockFrequency                                              
700e3720  gClockConfig                                                           
700e3780  gDmaCfg                                                                
700e37f8  gIpcNotifyInterruptConfig_r5fss0_0                                     
700e3840  Cpsw_gSpeedNames                                                       
700e3850  gEepromFxns_CAT24M                                                     
700e3860  gIpcNotifyCoreIntrBitPos                                               
700e3870  gSocModules                                                            
700e3880  Cpsw_gDuplexNames                                                      
700e388c  gAddrTranslateConfig                                                   
700e38a4  gEepromAttrs_CAT24M                                                    
700e38b0  gEepromConfig                                                          
700e38bc  gEnetSoc_perObj                                                        
700e38c8  gI2cParams                                                             
700e38d4  __TI_cleanup_ptr                                                       
700e38d8  __TI_dtors_ptr                                                         
700e38dc  gEepromParams                                                          
700e38e4  gI2cConfig                                                             
700e38f4  gUartConfig                                                            
700e38fc  __TI_ft_end                                                            
700e3910  _lock                                                                  
700e3914  _unlock                                                                
700e3924  gDebugLogZone                                                          
700e3928  gDebugP_uartDrvIndex                                                   
700e392c  gEdmaConfigNum                                                         
700e3930  gEepromConfigNum                                                       
700e3934  gEnetOsalHwiAllocCnt                                                   
700e3938  gEnetOsalHwiPeak                                                       
700e393c  gEnetOsalSemAllocCnt                                                   
700e3940  gEnetOsalSemPeak                                                       
700e3944  gHwiConfig                                                             
700e3948  gI2cConfigNum                                                          
700e394c  gIpcNotifyInterruptConfigNum_r5fss0_0                                  
700e3950  gIpcTask                                                               
700e3954  gLogReaderTask                                                         
700e3958  gMainTask                                                              
700e395c  gUartConfigNum                                                         
700e3960  gUartDmaChConfig                                                       
700e3964  gUdpTxTask                                                             
700e3980  pxCurrentTCB                                                           
700e3984  ulPortInterruptNesting                                                 
700e3988  ulPortSchedularRunning                                                 
700e398c  ulPortTaskHasFPUContext                                                
700e3990  ulPortYieldRequired                                                    
700e39ed  gEnetTrace_runtimeLevel                                                
700e39ee  isMapAvailable                                                         
700e3a01  HwiP_enableInt                                                         
700e3a41  HwiP_disableInt                                                        
700e3aa1  HwiP_restoreInt                                                        
700e3ad1  HwiP_clearInt                                                          
700e3b11  HwiP_post                                                              
700e3b51  HwiP_Params_init                                                       
700e3b81  HwiP_construct                                                         
700e3d71  HwiP_destruct                                                          
700e3de1  HwiP_init                                                              
700e3f91  HwiP_inISR                                                             
700e3fc1  HwiP_setVimIrqPriMaskNonAtomic                                         
700e4011  HwiP_setVimIrqPriMaskAtomic                                            
700e40b1  HwiP_restoreVimIrqPriMask                                              
700e40c1  HwiP_irq_handler_c                                                     
700e4261  HwiP_fiq_handler                                                       
700e43d1  HwiP_reserved_handler                                                  
700e4411  HwiP_undefined_handler_c                                               
700e4431  HwiP_user_undefined_handler_c                                          
700e4451  HwiP_prefetch_abort_handler_c                                          
700e44f1  HwiP_user_prefetch_abort_handler_c                                     
700e4531  HwiP_data_abort_handler_c                                              
700e45f1  HwiP_user_data_abort_handler_c                                         
700e462c  vPortRestoreTaskContext                                                
700e4664  HwiP_svc_handler                                                       
700e46d4  HwiP_irq_handler                                                       
700e4818  HwiP_data_abort_handler                                                
700e485c  HwiP_prefetch_abort_handler                                            
700e48a8  HwiP_undefined_handler                                                 
700e48d8  GET_DFSR                                                               
700e48e0  GET_ADFSR                                                              
700e48e8  GET_DFAR                                                               
700e48f0  GET_IFSR                                                               
700e48f8  GET_AIFSR                                                              
700e4900  GET_IFAR                                                               
700e4908  GET_SPSR                                                               
700e491c  HwiP_disable                                                           
700e492c  HwiP_disableFIQ                                                        
700e493c  HwiP_enable                                                            
700e494c  HwiP_enableFIQ                                                         
700e495c  HwiP_restore                                                           
700e4964  HwiP_enableVIC                                                         
700e4974  HwiP_disableVIC                                                        
700e4984  HwiP_getCPSR                                                           
700e4990  CacheP_disableL1d                                                      
700e49b8  CacheP_disableL1p                                                      
700e49d0  CacheP_enableL1d                                                       
700e49e8  CacheP_enableL1p                                                       
700e4a00  CacheP_invL1d                                                          
700e4a38  CacheP_invL1p                                                          
700e4a74  CacheP_invL1dAll                                                       
700e4a7c  CacheP_invL1pAll                                                       
700e4a84  CacheP_wb                                                              
700e4ac0  CacheP_wbInv                                                           
700e4afc  CacheP_wbAll                                                           
700e4ba4  CacheP_wbInvAll                                                        
700e4bbc  CacheP_wbInvAllAsm                                                     
700e4c5c  CacheP_getEnabled                                                      
700e4c94  CacheP_getCacheLevelInfo                                               
700e4ca0  CacheP_configForceWrThru                                               
700e4cc0  CacheP_setDLFO                                                         
700e4cd1  CacheP_init                                                            
700e4d61  CacheP_disable                                                         
700e4db1  CacheP_enable                                                          
700e4df1  CacheP_inv                                                             
700e4e31  MpuP_getAttrs                                                          
700e4e91  MpuP_RegionAttrs_init                                                  
700e4ec1  MpuP_setRegion                                                         
700e4f51  MpuP_isEnable                                                          
700e4f61  MpuP_disable                                                           
700e4fa1  MpuP_enable                                                            
700e4ff1  MpuP_init                                                              
700e5091  MpuP_isUserAuthorizedToAccessMemory                                    
700e5170  MpuP_disableAsm                                                        
700e5188  MpuP_disableBRAsm                                                      
700e5198  MpuP_enableAsm                                                         
700e51b0  MpuP_enableBRAsm                                                       
700e51c0  MpuP_isEnableAsm                                                       
700e51d4  MpuP_setRegionAsm                                                      
700e51f0  _c_int00_sbl                                                           
700e5214  _c_int00                                                               
700e5341  _DebugP_assertNoLog                                                    
700e5371  _system_pre_init                                                       
700e53a1  __mpu_init                                                             
700e53b0  abort                                                                  
700e53b8  __IRQ_STACK_START                                                      
700e54b8  __FIQ_STACK_START                                                      
700e54b8  __IRQ_STACK_END                                                        
700e55b8  __FIQ_STACK_END                                                        
700e55b8  __SVC_STACK_START                                                      
700e65b8  __ABORT_STACK_START                                                    
700e65b8  __SVC_STACK_END                                                        
700e66b8  __ABORT_STACK_END                                                      
700e66b8  __UNDEFINED_STACK_START                                                
700e67b8  __UNDEFINED_STACK_END                                                  
70200000  gGatewaySharedMem                                                      
70208000  gDebugShmLog                                                           
ffffffff  __TI_pprof_out_hndl                                                    
ffffffff  __TI_prof_data_size                                                    
ffffffff  __TI_prof_data_start                                                   
ffffffff  __binit__                                                              
ffffffff  binit                                                                  
UNDEFED   __TI_CINIT_Base                                                        
UNDEFED   __TI_CINIT_Limit                                                       
UNDEFED   __TI_Handler_Table_Base                                                
UNDEFED   __TI_Handler_Table_Limit                                               
UNDEFED   _system_post_cinit                                                     

[1224 symbols]
