******************************************************************************
            TI ARM Clang Linker PC v4.0.4                      
******************************************************************************
>> Linked Sat Apr  4 15:49:59 2026

OUTPUT FILE NAME:   <ccu_ti_multi_core_freertos.out>
ENTRY POINT SYMBOL: "_vectors"  address: 00000000


MEMORY CONFIGURATION

         name            origin    length      used     unused   attr    fill
----------------------  --------  ---------  --------  --------  ----  --------
  R5F_VECS              00000000   00000040  00000040  00000000  RWIX
  R5F_TCMA              00000040   00007fc0  00000000  00007fc0  RWIX
  R5F_TCMB              00080000   00008000  00000000  00008000  RWIX
  MAILBOX_HSM           44000000   000003ce  00000000  000003ce  RWIX
  MAILBOX_R5F           44000400   000003ce  00000000  000003ce  RWIX
  FLASH                 60100000   00080000  00000000  00080000  RWIX
  SBL                   70000000   00040000  00000000  00040000  RWIX
  OCRAM                 70040000   00140000  000eefa0  00051060  RWIX
  USER_SHM_MEM          70200000   00008000  00004e2c  000031d4  RWIX
  LOG_SHM_MEM           70208000   00004000  00002000  00002000  RWIX
  CPPI_DESC             70280000   00040000  00000a00  0003f600  RWIX
  RTOS_NORTOS_IPC_SHM_M 72000000   00003e80  00000000  00003e80  RWIX


SEGMENT ALLOCATION MAP

run origin  load origin   length   init length attrs members
----------  ----------- ---------- ----------- ----- -------
00000000    00000000    00000040   00000040    r-x
  00000000    00000000    00000040   00000040    r-x .vectors
70040000    70040000    0006b340   00000000    rw-
  70040000    70040000    00038600   00000000    rw- .bss
  70078600    70078600    00030d40   00000000    rw- .sysmem
  700a9340    700a9340    00002000   00000000    rw- .stack
700ab340    700ab340    00062028   00062028    r-x
  700ab340    700ab340    00051260   00051260    r-x .text
  700fc5a0    700fc5a0    00010dc8   00010dc8    r-- .rodata
70125380    70125380    00006e80   00006e80    rw-
  70125380    70125380    00006e80   00006e80    rw- .data
7012c200    7012c200    000019b8   000019b8    r-x
  7012c200    7012c200    00000f90   00000f90    r-x .text.hwi
  7012d190    7012d190    000004a0   000004a0    r-x .text.cache
  7012d630    7012d630    000003c0   000003c0    r-x .text.mpu
  7012d9f0    7012d9f0    000001c0   000001c0    r-x .text.boot
  7012dbb0    7012dbb0    00000008   00000008    r-x .text:abort
7012dbb8    7012dbb8    00001400   00000000    rw-
  7012dbb8    7012dbb8    00000100   00000000    rw- .irqstack
  7012dcb8    7012dcb8    00000100   00000000    rw- .fiqstack
  7012ddb8    7012ddb8    00001000   00000000    rw- .svcstack
  7012edb8    7012edb8    00000100   00000000    rw- .abortstack
  7012eeb8    7012eeb8    00000100   00000000    rw- .undefinedstack


SECTION ALLOCATION MAP

 output                                  attributes/
section   page    origin      length       input sections
--------  ----  ----------  ----------   ----------------
.vectors   0    00000000    00000040     
                  00000000    00000040     freertos.am263px.r5f.ti-arm-clang.debug.lib : HwiP_armv7r_vectors_freertos_asm.obj (.vectors)

.bss       0    70040000    00038600     UNINITIALIZED
                  70040000    00012c1f     (.common:memp_memory_POOL_1568_base)
                  70052c1f    0000409f     (.common:memp_memory_POOL_4096_base)
                  70056cbe    00000002     lwip-freertos.am263px.r5f.ti-arm-clang.debug.lib : ip4.obj (.bss.ip_id)
                  70056cc0    00004000     main.o (.bss.gEnetLwipTaskStack)
                  7005acc0    00004000     main.o (.bss.gUdpTxTaskStack)
                  7005ecc0    00003e9f     (.common:memp_memory_POOL_128_base)
                  70062b5f    00000001     lwip-freertos.am263px.r5f.ti-arm-clang.debug.lib : dhcp.obj (.bss.dhcp_pcb_refcount)
                  70062b60    00002200     ti_enet_config.o (.bss.gAppPktInfoMem_LargePool)
                  70064d60    00001918     ti_enet_lwipif.o (.bss.gLwipifEnetAppObj)
                  70066678    0000101f     (.common:memp_memory_NETBUF_base)
                  70067697    0000101f     (.common:memp_memory_PBUF_base)
                  700686b6    0000101f     (.common:memp_memory_TCPIP_MSG_API_base)
                  700696d5    0000101f     (.common:memp_memory_TCPIP_MSG_INPKT_base)
                  7006a6f4    0000101f     (.common:memp_memory_TCP_SEG_base)
                  7006b713    00000001     lwip-freertos.am263px.r5f.ti-arm-clang.debug.lib : etharp.obj (.bss.etharp_cached_entry)
                  7006b714    00000058     freertos.am263px.r5f.ti-arm-clang.debug.lib : DebugP_freertos.obj (.bss.gDebugLogLockObj)
                  7006b76c    00000014     lwip-freertos.am263px.r5f.ti-arm-clang.debug.lib : tcp_in.obj (.bss.inseg)
                  7006b780    00001000     ti_dpl_config.o (.bss.debug_mem_trace_buf)
                  7006c780    00001000     freertos.am263px.r5f.ti-arm-clang.debug.lib : DebugP_shmLogReader_freertos.obj (.bss.gDebugShmLogReaderTaskStack)
                  7006d780    00001000     main.o (.bss.gMainTaskStack)
                  7006e780    00001000     freertos.am263px.r5f.ti-arm-clang.debug.lib : port.obj (.bss.uxIdleTaskStack)
                  7006f780    00000d80     ti_enet_open_close.o (.bss.gEnetAppSysCfgObj)
                  70070500    00000b1f     (.common:memp_memory_SYS_MBOX_base)
                  7007101f    00000001     lwip-freertos.am263px.r5f.ti-arm-clang.debug.lib : tcp_in.obj (.bss.flags)
                  70071020    00000880     ti_enet_config.o (.bss.gAppPktInfoMemOnly)
                  700718a0    0000081f     (.common:memp_memory_RX_POOL_base)
                  700720bf    00000001     lwip-freertos.am263px.r5f.ti-arm-clang.debug.lib : sys_arch.obj (.bss.lwip_core_lock_count)
                  700720c0    0000080c     (.common:gHwiCtrl)
                  700728cc    00000014     freertos.am263px.r5f.ti-arm-clang.debug.lib : timers.obj (.bss.xActiveTimerList1)
                  700728e0    00000800     log_reader_task.o (.bss.gLogReaderTaskStack)
                  700730e0    000005c0     enet-cpsw.am263px.r5f.ti-arm-clang.freertos.debug.lib : enet_osal.obj (.bss.gOsalSemPEnetOsalPool)
                  700736a0    00000440     lwip-freertos.am263px.r5f.ti-arm-clang.debug.lib : dns.obj (.bss.dns_table)
                  70073ae0    00000430     enet-cpsw.am263px.r5f.ti-arm-clang.freertos.debug.lib : enetphy.obj (.bss.gEnetPhy_phyObjs)
                  70073f10    00000400     ti_enet_config.o (.bss.gAppPktInfoContainerMem_LargePool)
                  70074310    00000010     lwip-freertos.am263px.r5f.ti-arm-clang.debug.lib : dns.obj (.bss.dns_pcbs)
                  70074320    00000400     main.o (.bss.gIpcTaskStack)
                  70074720    00000400     freertos.am263px.r5f.ti-arm-clang.debug.lib : port.obj (.bss.uxTimerTaskStack)
                  70074b20    00000400     (.common:gFreePbufArr)
                  70074f20    000003df     (.common:memp_memory_ARP_QUEUE_base)
                  700752ff    0000033f     (.common:memp_memory_TCP_PCB_base)
                  7007563e    00000002     lwip-freertos.am263px.r5f.ti-arm-clang.debug.lib : ip4_frag.obj (.bss.ip_reass_pbufcount)
                  70075640    000002c0     ti_enet_config.o (.bss:ENET_CPDMA_OBJ_MEM)
                  70075900    0000029f     (.common:memp_memory_NETCONN_base)
                  70075b9f    00000001     lwip-freertos.am263px.r5f.ti-arm-clang.debug.lib : netif.obj (.bss.netif_num)
                  70075ba0    00000288     ti_drivers_config.o (.bss.gUartObjects)
                  70075e28    00000280     freertos.am263px.r5f.ti-arm-clang.debug.lib : tasks.obj (.bss.pxReadyTasksLists)
                  700760a8    0000023f     (.common:memp_memory_SYS_TIMEOUT_base)
                  700762e7    00000001     lwip-freertos.am263px.r5f.ti-arm-clang.debug.lib : tcp_in.obj (.bss.recv_flags)
                  700762e8    00000204     (.common:lwip_stats)
                  700764ec    000001ff     (.common:memp_memory_FRAG_PBUF_base)
                  700766eb    00000001                                                      : tcp.obj (.bss.tcp_timer)
                  700766ec    000001cc     main.o (.bss.build_and_send_udp_packet.xgw_states)
                  700768b8    00000178     ti_drivers_config.o (.bss.gI2cObjects)
                  70076a30    0000016c     (.common:gEepromObject_CAT24M)
                  70076b9c    0000015f     (.common:memp_memory_ALTCP_PCB_base)
                  70076cfb    0000015f     (.common:memp_memory_NETDB_base)
                  70076e5a    0000015f     (.common:memp_memory_REASSDATA_base)
                  70076fb9    00000001     lwip-freertos.am263px.r5f.ti-arm-clang.debug.lib : tcp.obj (.bss.tcp_timer_ctr)
                  70076fba    00000002                                                      : tcp_in.obj (.bss.recv_acked)
                  70076fbc    00000120     libsysbm.a : trgmsg.c.obj (.bss:_CIOBUF_)
                  700770dc    0000011f     (.common:memp_memory_IGMP_GROUP_base)
                  700771fb    0000011f     (.common:memp_memory_TCP_PCB_LISTEN_base)
                  7007731a    0000011f     (.common:memp_memory_UDP_PCB_base)
                  70077439    00000100     freertos.am263px.r5f.ti-arm-clang.debug.lib : timers.obj (.bss.prvCheckForValidListAndQueue.ucStaticTimerQueueStorage)
                  70077539    00000001     (.common:pbuf_free_ooseq_pending)
                  7007753a    00000002     lwip-freertos.am263px.r5f.ti-arm-clang.debug.lib : tcp_in.obj (.bss.tcp_optidx)
                  7007753c    00000100     (.common:xQueueRegistry)
                  7007763c    000000f0                                                      : etharp.obj (.bss.arp_table)
                  7007772c    000000d8     (.common:gEnetUtilsObj)
                  70077804    000000b8     (.common:gIpcNotifyCtrl)
                  700778bc    000000a0     libc.a : defs.c.obj (.bss.__TI_tmpnams)
                  7007795c    00000004     lwip-freertos.am263px.r5f.ti-arm-clang.debug.lib : tcp_in.obj (.bss.ackno)
                  70077960    000000a0     (.common:gTaskP_ctrl)
                  70077a00    00000098     freertos.am263px.r5f.ti-arm-clang.debug.lib : DebugP_shmLogReader_freertos.obj (.bss.gDebugShmLogReaderTaskObj)
                  70077a98    00000098     main.o (.bss.gEnetLwipTaskObj)
                  70077b30    00000098     main.o (.bss.gIpcTaskObj)
                  70077bc8    00000098     log_reader_task.o (.bss.gLogReaderTaskObj)
                  70077c60    00000098     main.o (.bss.gMainTaskObj)
                  70077cf8    00000098     main.o (.bss.gUdpTxTaskObj)
                  70077d90    00000098     freertos.am263px.r5f.ti-arm-clang.debug.lib : port.obj (.bss.xIdleTaskTCB)
                  70077e28    00000098                                                 : port.obj (.bss.xTimerTaskTCB)
                  70077ec0    00000094     (.common:gDebugShmLogReaderCtrl)
                  70077f54    00000080     enet-cpsw.am263px.r5f.ti-arm-clang.freertos.debug.lib : enet_osal.obj (.bss.gOsalHwiPEnetOsalPool)
                  70077fd4    0000007f     (.common:memp_memory_RAW_PCB_base)
                  70078053    0000007a     freertos.am263px.r5f.ti-arm-clang.debug.lib : DebugP_memTraceLogWriter.obj (.bss.DebugP_memLogWriterPutChar.lineBuf)
                  700780cd    00000001     (.common:tcp_active_pcbs_changed)
                  700780ce    00000002     lwip-freertos.am263px.r5f.ti-arm-clang.debug.lib : tcp_in.obj (.bss.tcphdr_opt1len)
                  700780d0    00000050     freertos.am263px.r5f.ti-arm-clang.debug.lib : timers.obj (.bss.prvCheckForValidListAndQueue.xStaticTimerQueue)
                  70078120    00000050     (.common:gRovDummyQueue)
                  70078170    00000030     lwip-freertos.am263px.r5f.ti-arm-clang.debug.lib : dns.obj (.bss.dns_requests)
                  700781a0    00000029     enet-cpsw.am263px.r5f.ti-arm-clang.freertos.debug.lib : enetphy.obj (.bss.gEnetPhyCapsBuf)
                  700781c9    00000001     --HOLE--
                  700781ca    00000002     lwip-freertos.am263px.r5f.ti-arm-clang.debug.lib : tcp_in.obj (.bss.tcphdr_optlen)
                  700781cc    00000028                                                      : dhcp.obj (.bss.dhcp_rx_options_val)
                  700781f4    00000024     enet-cpsw.am263px.r5f.ti-arm-clang.freertos.debug.lib : enet_cpdma_priv.obj (.bss.gCpswDmaMemMgrObj)
                  70078218    0000001f     (.common:memp_memory_PBUF_POOL_base)
                  70078237    00000001     --HOLE--
                  70078238    00000018     (.common:gClockCtrl)
                  70078250    00000018     (.common:ip_data)
                  70078268    00000014     freertos.am263px.r5f.ti-arm-clang.debug.lib : timers.obj (.bss.xActiveTimerList2)
                  7007827c    00000014                                                 : tasks.obj (.bss.xDelayedTaskList1)
                  70078290    00000014                                                 : tasks.obj (.bss.xDelayedTaskList2)
                  700782a4    00000014                                                 : tasks.obj (.bss.xPendingReadyList)
                  700782b8    00000014                                                 : tasks.obj (.bss.xSuspendedTaskList)
                  700782cc    00000014                                                 : tasks.obj (.bss.xTasksWaitingTermination)
                  700782e0    00000010     lwip-freertos.am263px.r5f.ti-arm-clang.debug.lib : ip4_addr.obj (.bss.ip4addr_ntoa.str)
                  700782f0    00000010                                                      : memp.obj (.bss.memp_stats_ALTCP_PCB)
                  70078300    00000010                                                      : memp.obj (.bss.memp_stats_ARP_QUEUE)
                  70078310    00000010                                                      : memp.obj (.bss.memp_stats_FRAG_PBUF)
                  70078320    00000010                                                      : memp.obj (.bss.memp_stats_IGMP_GROUP)
                  70078330    00000010                                                      : memp.obj (.bss.memp_stats_NETBUF)
                  70078340    00000010                                                      : memp.obj (.bss.memp_stats_NETCONN)
                  70078350    00000010                                                      : memp.obj (.bss.memp_stats_NETDB)
                  70078360    00000010                                                      : memp.obj (.bss.memp_stats_PBUF)
                  70078370    00000010                                                      : memp.obj (.bss.memp_stats_PBUF_POOL)
                  70078380    00000010                                                      : memp.obj (.bss.memp_stats_POOL_128)
                  70078390    00000010                                                      : memp.obj (.bss.memp_stats_POOL_1568)
                  700783a0    00000010                                                      : memp.obj (.bss.memp_stats_POOL_4096)
                  700783b0    00000010                                                      : memp.obj (.bss.memp_stats_RAW_PCB)
                  700783c0    00000010                                                      : memp.obj (.bss.memp_stats_REASSDATA)
                  700783d0    00000010     ti_enet_lwipif.o (.bss.memp_stats_RX_POOL)
                  700783e0    00000010     lwip-freertos.am263px.r5f.ti-arm-clang.debug.lib : memp.obj (.bss.memp_stats_SYS_MBOX)
                  700783f0    00000010                                                      : memp.obj (.bss.memp_stats_SYS_TIMEOUT)
                  70078400    00000010                                                      : memp.obj (.bss.memp_stats_TCPIP_MSG_API)
                  70078410    00000010                                                      : memp.obj (.bss.memp_stats_TCPIP_MSG_INPKT)
                  70078420    00000010                                                      : memp.obj (.bss.memp_stats_TCP_PCB)
                  70078430    00000010                                                      : memp.obj (.bss.memp_stats_TCP_PCB_LISTEN)
                  70078440    00000010                                                      : memp.obj (.bss.memp_stats_TCP_SEG)
                  70078450    00000010                                                      : memp.obj (.bss.memp_stats_UDP_PCB)
                  70078460    00000010     (.common:virtToPhymap)
                  70078470    0000000c     (.common:pfreeQ)
                  7007847c    0000000a                                                      : dhcp.obj (.bss.dhcp_rx_options_given)
                  70078486    00000002                                                      : tcp_in.obj (.bss.tcplen)
                  70078488    00000008                                                      : dns.obj (.bss.dns_servers)
                  70078490    00000008     libsysbm.a : hostopen.c.obj (.bss.parmbuf)
                  70078498    00000004     lwip-freertos.am263px.r5f.ti-arm-clang.debug.lib : igmp.obj (.bss.allrouters)
                  7007849c    00000004                                                      : igmp.obj (.bss.allsystems)
                  700784a0    00000004                                                      : timeouts.obj (.bss.current_timeout_due_time)
                  700784a4    00000004                                                      : dhcp.obj (.bss.dhcp_create_msg.xid)
                  700784a8    00000004                                                      : dhcp.obj (.bss.dhcp_pcb)
                  700784ac    00000004                                                      : netif.obj (.bss.ext_callback)
                  700784b0    00000004     freertos.am263px.r5f.ti-arm-clang.debug.lib : DebugP_shmLogReader_freertos.obj (.bss.gDebugShmLogReaderTask)
                  700784b4    00000004                                                 : HwiP_armv7r_handlers_freertos.obj (.bss.gdummy)
                  700784b8    00000004                                                 : HwiP_armv7r_vim.obj (.bss.gdummy)
                  700784bc    00000004     lwip-freertos.am263px.r5f.ti-arm-clang.debug.lib : ip4.obj (.bss.ip4_default_multicast_netif)
                  700784c0    00000004                                                      : sys_arch.obj (.bss.lwip_core_lock_holder_thread)
                  700784c4    00000004                                                      : sys_arch.obj (.bss.lwip_tcpip_thread)
                  700784c8    00000004                                                      : memp.obj (.bss.memp_tab_ALTCP_PCB)
                  700784cc    00000004                                                      : memp.obj (.bss.memp_tab_ARP_QUEUE)
                  700784d0    00000004                                                      : memp.obj (.bss.memp_tab_FRAG_PBUF)
                  700784d4    00000004                                                      : memp.obj (.bss.memp_tab_IGMP_GROUP)
                  700784d8    00000004                                                      : memp.obj (.bss.memp_tab_NETBUF)
                  700784dc    00000004                                                      : memp.obj (.bss.memp_tab_NETCONN)
                  700784e0    00000004                                                      : memp.obj (.bss.memp_tab_NETDB)
                  700784e4    00000004                                                      : memp.obj (.bss.memp_tab_PBUF)
                  700784e8    00000004                                                      : memp.obj (.bss.memp_tab_PBUF_POOL)
                  700784ec    00000004                                                      : memp.obj (.bss.memp_tab_POOL_128)
                  700784f0    00000004                                                      : memp.obj (.bss.memp_tab_POOL_1568)
                  700784f4    00000004                                                      : memp.obj (.bss.memp_tab_POOL_4096)
                  700784f8    00000004                                                      : memp.obj (.bss.memp_tab_RAW_PCB)
                  700784fc    00000004                                                      : memp.obj (.bss.memp_tab_REASSDATA)
                  70078500    00000004     ti_enet_lwipif.o (.bss.memp_tab_RX_POOL)
                  70078504    00000004     lwip-freertos.am263px.r5f.ti-arm-clang.debug.lib : memp.obj (.bss.memp_tab_SYS_MBOX)
                  70078508    00000004                                                      : memp.obj (.bss.memp_tab_SYS_TIMEOUT)
                  7007850c    00000004                                                      : memp.obj (.bss.memp_tab_TCPIP_MSG_API)
                  70078510    00000004                                                      : memp.obj (.bss.memp_tab_TCPIP_MSG_INPKT)
                  70078514    00000004                                                      : memp.obj (.bss.memp_tab_TCP_PCB)
                  70078518    00000004                                                      : memp.obj (.bss.memp_tab_TCP_PCB_LISTEN)
                  7007851c    00000004                                                      : memp.obj (.bss.memp_tab_TCP_SEG)
                  70078520    00000004                                                      : memp.obj (.bss.memp_tab_UDP_PCB)
                  70078524    00000004                                                      : timeouts.obj (.bss.next_timeout)
                  70078528    00000004     freertos.am263px.r5f.ti-arm-clang.debug.lib : timers.obj (.bss.pxCurrentTimerList)
                  7007852c    00000004                                                 : tasks.obj (.bss.pxDelayedTaskList)
                  70078530    00000004                                                 : tasks.obj (.bss.pxOverflowDelayedTaskList)
                  70078534    00000004                                                 : timers.obj (.bss.pxOverflowTimerList)
                  70078538    00000004     lwip-freertos.am263px.r5f.ti-arm-clang.debug.lib : raw.obj (.bss.raw_pcbs)
                  7007853c    00000004                                                      : ip4_frag.obj (.bss.reassdatagrams)
                  70078540    00000004                                                      : tcp_in.obj (.bss.recv_data)
                  70078544    00000004                                                      : tcp_in.obj (.bss.seqno)
                  70078548    00000004                                                      : sys_arch.obj (.bss.sys_arch_protect_mutex)
                  7007854c    00000004                                                      : sys_arch.obj (.bss.sys_arch_protect_nesting)
                  70078550    00000004     libc.a : memory.c.obj (.bss.sys_free)
                  70078554    00000004     lwip-freertos.am263px.r5f.ti-arm-clang.debug.lib : tcp_in.obj (.bss.tcphdr)
                  70078558    00000004                                                      : tcp_in.obj (.bss.tcphdr_opt2)
                  7007855c    00000004                                                      : tcpip.obj (.bss.tcpip_init_done)
                  70078560    00000004                                                      : tcpip.obj (.bss.tcpip_init_done_arg)
                  70078564    00000004                                                      : tcpip.obj (.bss.tcpip_mbox)
                  70078568    00000004                                                      : timeouts.obj (.bss.tcpip_tcp_timer_active)
                  7007856c    00000004     freertos.am263px.r5f.ti-arm-clang.debug.lib : tasks.obj (.bss.xIdleTaskHandles)
                  70078570    00000004     (.common:gEepromHandle)
                  70078574    00000004     (.common:gI2cHandle)
                  70078578    00000004     (.common:gInterface)
                  7007857c    00000004     (.common:gUartHandle)
                  70078580    00000004     (.common:lock_tcpip_core)
                  70078584    00000004     (.common:netif_default)
                  70078588    00000004     (.common:netif_list)
                  7007858c    00000004     (.common:tcp_active_pcbs)
                  70078590    00000004     (.common:tcp_bound_pcbs)
                  70078594    00000004     (.common:tcp_input_pcb)
                  70078598    00000004     (.common:tcp_listen_pcbs)
                  7007859c    00000004     (.common:tcp_ticks)
                  700785a0    00000004     (.common:tcp_tw_pcbs)
                  700785a4    00000004     (.common:udp_pcbs)
                  700785a8    00000058     --HOLE--

.sysmem    0    70078600    00030d40     UNINITIALIZED
                  70078600    00000010     libc.a : memory.c.obj (.sysmem)
                  70078610    00030d30     --HOLE--

.stack     0    700a9340    00002000     UNINITIALIZED
                  700a9340    00000004     freertos.am263px.r5f.ti-arm-clang.debug.lib : boot_armv7r_asm.obj (.stack)
                  700a9344    00001ffc     --HOLE--

.text      0    700ab340    00051260     
                  700ab340    000011da     lwip-freertos.am263px.r5f.ti-arm-clang.debug.lib : tcp_in.obj (.text.tcp_receive)
                  700ac51a    00000002     --HOLE-- [fill = 0]
                  700ac51c    00000004     libclang_rt.builtins.a : aeabi_div0.c.obj (.text.__aeabi_idiv0)
                  700ac520    00000c3e     lwip-freertos.am263px.r5f.ti-arm-clang.debug.lib : tcp_in.obj (.text.tcp_input)
                  700ad15e    00000002     --HOLE-- [fill = 0]
                  700ad160    00000ad8                                                      : tcp_in.obj (.text.tcp_process)
                  700adc38    00000008     libsysbm.a : hostexit.c.obj (.text.HOSTexit)
                  700adc40    00000abe     enet-cpsw.am263px.r5f.ti-arm-clang.freertos.debug.lib : enet_cpdma.obj (.text.EnetCpdma_dequeueTx)
                  700ae6fe    00000002     --HOLE-- [fill = 0]
                  700ae700    00000a34     freertos.am263px.r5f.ti-arm-clang.debug.lib : printf.obj (.text._vsnprintf)
                  700af134    0000000c     libclang_rt.builtins.a : aeabi_memset.S.obj (.text.__aeabi_memclr)
                  700af140    0000099a     enet-cpsw.am263px.r5f.ti-arm-clang.freertos.debug.lib : enet_cpdma.obj (.text.EnetCpdma_dequeueRx)
                  700afada    00000002     --HOLE-- [fill = 0]
                  700afadc    00000004     libclang_rt.builtins.a : aeabi_div0.c.obj (.text.__aeabi_ldiv0)
                  700afae0    00000960     lwip-freertos.am263px.r5f.ti-arm-clang.debug.lib : tcp.obj (.text.tcp_slowtmr)
                  700b0440    000007a4     drivers.am263px.r5f.ti-arm-clang.freertos.debug.lib : i2c_v1_lld.obj (.text.I2C_lld_primeTransferPoll)
                  700b0be4    0000000c     libc.a : memory.c.obj (.text.malloc)
                  700b0bf0    00000678     drivers.am263px.r5f.ti-arm-clang.freertos.debug.lib : soc_rcm.obj (.text.SOC_rcmGetClkSrcAndDivReg)
                  700b1268    00000004     libclang_rt.builtins.a : aeabi_memcpy.S.obj (.text.__aeabi_memcpy)
                  700b126c    00000004     libc.a : _lock.c.obj (.text._nop)
                  700b1270    00000654     lwip-freertos.am263px.r5f.ti-arm-clang.debug.lib : dhcp.obj (.text.dhcp_parse_reply)
                  700b18c4    0000000c     freertos.am263px.r5f.ti-arm-clang.debug.lib : CpuId_armv7r_asm.obj (.text)
                  700b18d0    00000638     drivers.am263px.r5f.ti-arm-clang.freertos.debug.lib : soc_rcm.obj (.text.SOC_rcmEnablePeripheralClock)
                  700b1f08    00000004     libc.a : fseek.c.obj (.text.fseek)
                  700b1f0c    00000004     libsysbm.a : remove.c.obj (.text.remove)
                  700b1f10    00000610     lwipif-cpsw-freertos.am263px.r5f.ti-arm-clang.debug.lib : lwip2enet.obj (.text.Lwip2Enet_open)
                  700b2520    00000606     enet-cpsw.am263px.r5f.ti-arm-clang.freertos.debug.lib : enet_cpdma.obj (.text.EnetCpdma_enqueueRx)
                  700b2b26    0000000a     --HOLE-- [fill = 0]
                  700b2b30    000005e2     freertos.am263px.r5f.ti-arm-clang.debug.lib : printf.obj (.text._ftoa)
                  700b3112    0000000e     --HOLE-- [fill = 0]
                  700b3120    00000552     enet-cpsw.am263px.r5f.ti-arm-clang.freertos.debug.lib : cpsw_ale.obj (.text.CpswAle_open)
                  700b3672    0000000e     --HOLE-- [fill = 0]
                  700b3680    0000054c     lwip-freertos.am263px.r5f.ti-arm-clang.debug.lib : ip4.obj (.text.ip4_input)
                  700b3bcc    00000004     --HOLE-- [fill = 0]
                  700b3bd0    0000050e                                                      : icmp.obj (.text.icmp_input)
                  700b40de    00000002     --HOLE-- [fill = 0]
                  700b40e0    00000506     enet-cpsw.am263px.r5f.ti-arm-clang.freertos.debug.lib : enet_cpdma.obj (.text.EnetCpdma_enqueueTx)
                  700b45e6    0000000a     --HOLE-- [fill = 0]
                  700b45f0    000004d8     lwip-freertos.am263px.r5f.ti-arm-clang.debug.lib : tcp_out.obj (.text.tcp_output)
                  700b4ac8    00000008     --HOLE-- [fill = 0]
                  700b4ad0    000004b0     freertos.am263px.r5f.ti-arm-clang.debug.lib : printf.obj (.text._etoa)
                  700b4f80    000004ae     lwip-freertos.am263px.r5f.ti-arm-clang.debug.lib : udp.obj (.text.udp_input)
                  700b542e    00000002     --HOLE-- [fill = 0]
                  700b5430    00000492                                                      : etharp.obj (.text.etharp_query)
                  700b58c2    0000000e     --HOLE-- [fill = 0]
                  700b58d0    0000048a                                                      : etharp.obj (.text.etharp_find_entry)
                  700b5d5a    00000006     --HOLE-- [fill = 0]
                  700b5d60    00000486                                                      : ip4_frag.obj (.text.ip4_reass)
                  700b61e6    0000000a     --HOLE-- [fill = 0]
                  700b61f0    00000466     board.am263px.r5f.ti-arm-clang.freertos.debug.lib : dp83869.obj (.text.Dp83869_printRegs)
                  700b6656    0000000a     --HOLE-- [fill = 0]
                  700b6660    00000446     enet-cpsw.am263px.r5f.ti-arm-clang.freertos.debug.lib : cpsw_macport.obj (.text.CpswMacPort_open)
                  700b6aa6    0000000a     --HOLE-- [fill = 0]
                  700b6ab0    0000043e                                                           : enet_rm.obj (.text.EnetRm_detachCore)
                  700b6eee    00000002     --HOLE-- [fill = 0]
                  700b6ef0    00000404     drivers.am263px.r5f.ti-arm-clang.freertos.debug.lib : uart_v0.obj (.text.UART_open)
                  700b72f4    0000000c     --HOLE-- [fill = 0]
                  700b7300    000003e2     enet-cpsw.am263px.r5f.ti-arm-clang.freertos.debug.lib : enet_rm.obj (.text.EnetRm_close)
                  700b76e2    0000000e     --HOLE-- [fill = 0]
                  700b76f0    000003dc     drivers.am263px.r5f.ti-arm-clang.freertos.debug.lib : ipc_notify_v1.obj (.text.IpcNotify_init)
                  700b7acc    000003dc     libc.a : _printfi.c.obj (.text:__TI_printfi_minimal)
                  700b7ea8    00000008     --HOLE-- [fill = 0]
                  700b7eb0    000003d2     drivers.am263px.r5f.ti-arm-clang.freertos.debug.lib : soc.obj (.text.SOC_phyToVirt)
                  700b8282    0000000e     --HOLE-- [fill = 0]
                  700b8290    000003c8     main.o (.text.udp_tx_task)
                  700b8658    00000008     --HOLE-- [fill = 0]
                  700b8660    000003be     lwip-freertos.am263px.r5f.ti-arm-clang.debug.lib : ip4_frag.obj (.text.ip_reass_chain_frag_into_datagram_and_validate)
                  700b8a1e    00000002     --HOLE-- [fill = 0]
                  700b8a20    000003ba                                                      : udp.obj (.text.udp_sendto_if_src)
                  700b8dda    00000006     --HOLE-- [fill = 0]
                  700b8de0    000003b0                                                      : tcp_out.obj (.text.tcp_split_unsent_seg)
                  700b9190    000003a2     enet-cpsw.am263px.r5f.ti-arm-clang.freertos.debug.lib : cpsw.obj (.text.Cpsw_registerIntrs)
                  700b9532    0000000e     --HOLE-- [fill = 0]
                  700b9540    00000398                                                           : mdio.obj (.text.Mdio_open)
                  700b98d8    00000008     --HOLE-- [fill = 0]
                  700b98e0    00000390     libc.a : strcmp32.S.obj (.text:strcmp)
                  700b9c70    00000380     lwip-freertos.am263px.r5f.ti-arm-clang.debug.lib : ip4_frag.obj (.text.ip4_frag)
                  700b9ff0    0000036e     enet-cpsw.am263px.r5f.ti-arm-clang.freertos.debug.lib : cpsw.obj (.text.Cpsw_handleLinkDown)
                  700ba35e    00000002     --HOLE-- [fill = 0]
                  700ba360    0000036e     xgw_udp_interface.o (.text.xgw_udp_send_motor_states)
                  700ba6ce    00000002     --HOLE-- [fill = 0]
                  700ba6d0    0000036a     enet-cpsw.am263px.r5f.ti-arm-clang.freertos.debug.lib : enet_appmemutils.obj (.text.EnetMem_initCore)
                  700baa3a    00000006     --HOLE-- [fill = 0]
                  700baa40    00000362     lwipif-cpsw-freertos.am263px.r5f.ti-arm-clang.debug.lib : lwip2enet.obj (.text.Lwip2Enet_prepRxPktQ)
                  700bada2    0000000e     --HOLE-- [fill = 0]
                  700badb0    00000356     drivers.am263px.r5f.ti-arm-clang.freertos.debug.lib : i2c_v1.obj (.text.I2C_open)
                  700bb106    0000000a     --HOLE-- [fill = 0]
                  700bb110    0000034a     enet-cpsw.am263px.r5f.ti-arm-clang.freertos.debug.lib : cpsw.obj (.text.Cpsw_openInternal)
                  700bb45a    00000006     --HOLE-- [fill = 0]
                  700bb460    0000033a                                                           : cpsw_ioctl.obj (.text.Cpsw_openPortLinkNoPhy)
                  700bb79a    00000006     --HOLE-- [fill = 0]
                  700bb7a0    00000330                                                           : cpsw.obj (.text.Cpsw_open)
                  700bbad0    00000326     lwip-freertos.am263px.r5f.ti-arm-clang.debug.lib : ip4.obj (.text.ip4_output_if_opt_src)
                  700bbdf6    0000000a     --HOLE-- [fill = 0]
                  700bbe00    00000320     motor_mapping.o (.text.motor_mapping_init_core0)
                  700bc120    0000031e     lwip-freertos.am263px.r5f.ti-arm-clang.debug.lib : tcp_out.obj (.text.tcp_enqueue_flags)
                  700bc43e    00000002     --HOLE-- [fill = 0]
                  700bc440    00000302     drivers.am263px.r5f.ti-arm-clang.freertos.debug.lib : soc.obj (.text.SOC_virtToPhy)
                  700bc742    0000000e     --HOLE-- [fill = 0]
                  700bc750    000002f8     lwip-freertos.am263px.r5f.ti-arm-clang.debug.lib : pbuf.obj (.text.pbuf_alloc)
                  700bca48    00000008     --HOLE-- [fill = 0]
                  700bca50    000002f2     enet-cpsw.am263px.r5f.ti-arm-clang.freertos.debug.lib : enet_cpdma.obj (.text.EnetCpdma_open)
                  700bcd42    0000000e     --HOLE-- [fill = 0]
                  700bcd50    000002e6                                                           : csl_cpsw.obj (.text.CSL_CPSW_setPortRxDscpMap)
                  700bd036    0000000a     --HOLE-- [fill = 0]
                  700bd040    000002e6     ti_enet_open_close.o (.text.EnetApp_driverOpen)
                  700bd326    0000000a     --HOLE-- [fill = 0]
                  700bd330    000002de     lwip-freertos.am263px.r5f.ti-arm-clang.debug.lib : etharp.obj (.text.etharp_output)
                  700bd60e    00000002     --HOLE-- [fill = 0]
                  700bd610    000002da     enet-cpsw.am263px.r5f.ti-arm-clang.freertos.debug.lib : cpsw.obj (.text.Cpsw_periodicTick)
                  700bd8ea    00000006     --HOLE-- [fill = 0]
                  700bd8f0    000002d2                                                           : enetphy.obj (.text.EnetPhy_enableState)
                  700bdbc2    0000000e     --HOLE-- [fill = 0]
                  700bdbd0    000002bc     lwip-freertos.am263px.r5f.ti-arm-clang.debug.lib : tcp_out.obj (.text.tcp_output_segment)
                  700bde8c    00000004     --HOLE-- [fill = 0]
                  700bde90    000002ba     drivers.am263px.r5f.ti-arm-clang.freertos.debug.lib : i2c_v1_lld.obj (.text.I2C_lld_controllerIsr)
                  700be14a    00000006     --HOLE-- [fill = 0]
                  700be150    000002ba     lwip-freertos.am263px.r5f.ti-arm-clang.debug.lib : pbuf.obj (.text.pbuf_copy_partial_pbuf)
                  700be40a    00000006     --HOLE-- [fill = 0]
                  700be410    000002b8     enet-cpsw.am263px.r5f.ti-arm-clang.freertos.debug.lib : cpsw.obj (.text.Cpsw_handleLinkUp)
                  700be6c8    00000008     --HOLE-- [fill = 0]
                  700be6d0    000002aa     lwip-freertos.am263px.r5f.ti-arm-clang.debug.lib : netif.obj (.text.netif_add)
                  700be97a    00000006     --HOLE-- [fill = 0]
                  700be980    000002a8     enet-cpsw.am263px.r5f.ti-arm-clang.freertos.debug.lib : cpsw_ale.obj (.text.CpswAle_addVlan)
                  700bec28    00000008     --HOLE-- [fill = 0]
                  700bec30    0000029e     lwip-freertos.am263px.r5f.ti-arm-clang.debug.lib : tcp_in.obj (.text.tcp_listen_input)
                  700beece    00000002     --HOLE-- [fill = 0]
                  700beed0    0000029a     drivers.am263px.r5f.ti-arm-clang.freertos.debug.lib : i2c_v1_lld.obj (.text.I2C_lld_targetIsr)
                  700bf16a    00000006     --HOLE-- [fill = 0]
                  700bf170    00000296     lwip-freertos.am263px.r5f.ti-arm-clang.debug.lib : tcp.obj (.text.tcp_close_shutdown)
                  700bf406    0000000a     --HOLE-- [fill = 0]
                  700bf410    00000290     enet-cpsw.am263px.r5f.ti-arm-clang.freertos.debug.lib : cpsw.obj (.text.Cpsw_registerIoctlHandler)
                  700bf6a0    0000028e                                                           : csl_cpsw.obj (.text.CSL_CPSW_setAlePolicerEntry)
                  700bf92e    00000002     --HOLE-- [fill = 0]
                  700bf930    00000286                                                           : csl_cpsw.obj (.text.CSL_CPSW_getAlePolicerEntry)
                  700bfbb6    0000000a     --HOLE-- [fill = 0]
                  700bfbc0    0000027e                                                           : cpsw_ale.obj (.text.CpswAle_findVlan)
                  700bfe3e    00000002     --HOLE-- [fill = 0]
                  700bfe40    0000027e     drivers.am263px.r5f.ti-arm-clang.freertos.debug.lib : uart_dma_edma.obj (.text.UART_edmaChInit)
                  700c00be    00000002     --HOLE-- [fill = 0]
                  700c00c0    0000027a     enet-cpsw.am263px.r5f.ti-arm-clang.freertos.debug.lib : cpsw.obj (.text.Cpsw_ioctl)
                  700c033a    00000006     --HOLE-- [fill = 0]
                  700c0340    00000272     test.o (.text.test_netif_init)
                  700c05b2    0000000e     --HOLE-- [fill = 0]
                  700c05c0    00000266     enet-cpsw.am263px.r5f.ti-arm-clang.freertos.debug.lib : cpsw_est_ioctl.obj (.text.CpswEst_ioctl_handler_ENET_TAS_IOCTL_SET_STATE)
                  700c0826    0000000a     --HOLE-- [fill = 0]
                  700c0830    00000266     freertos.am263px.r5f.ti-arm-clang.debug.lib : tasks.obj (.text.xTaskIncrementTick)
                  700c0a96    0000000a     --HOLE-- [fill = 0]
                  700c0aa0    0000025a     lwip-freertos.am263px.r5f.ti-arm-clang.debug.lib : ip4_frag.obj (.text.ip_reass_free_complete_datagram)
                  700c0cfa    00000006     --HOLE-- [fill = 0]
                  700c0d00    0000025a     freertos.am263px.r5f.ti-arm-clang.debug.lib : tasks.obj (.text.xTaskResumeAll)
                  700c0f5a    00000006     --HOLE-- [fill = 0]
                  700c0f60    00000254     lwip-freertos.am263px.r5f.ti-arm-clang.debug.lib : igmp.obj (.text.igmp_input)
                  700c11b4    0000000c     --HOLE-- [fill = 0]
                  700c11c0    00000252     xgw_udp_interface.o (.text.xgw_udp_process_motor_cmd)
                  700c1412    0000000e     --HOLE-- [fill = 0]
                  700c1420    00000250     drivers.am263px.r5f.ti-arm-clang.freertos.debug.lib : edma.obj (.text.Alloc_resource)
                  700c1670    0000024c     enet-cpsw.am263px.r5f.ti-arm-clang.freertos.debug.lib : cpsw_macport_ioctl.obj (.text.CpswMacPort_enablePort)
                  700c18bc    00000004     --HOLE-- [fill = 0]
                  700c18c0    00000246     lwip-freertos.am263px.r5f.ti-arm-clang.debug.lib : dns.obj (.text.dns_send)
                  700c1b06    0000000a     --HOLE-- [fill = 0]
                  700c1b10    00000242     enet-cpsw.am263px.r5f.ti-arm-clang.freertos.debug.lib : enetphy.obj (.text.EnetPhy_bindDriver)
                  700c1d52    0000000e     --HOLE-- [fill = 0]
                  700c1d60    00000242     drivers.am263px.r5f.ti-arm-clang.freertos.debug.lib : uart_v0_lld.obj (.text.UART_fifoConfig)
                  700c1fa2    0000000e     --HOLE-- [fill = 0]
                  700c1fb0    00000240     main.o (.text.core0_init)
                  700c21f0    0000023e     enet-cpsw.am263px.r5f.ti-arm-clang.freertos.debug.lib : cpsw_cpts_ioctl.obj (.text.CpswCpts_handleEvents)
                  700c242e    00000002     --HOLE-- [fill = 0]
                  700c2430    0000023e     freertos.am263px.r5f.ti-arm-clang.debug.lib : printf.obj (.text._ntoa_format)
                  700c266e    00000002     --HOLE-- [fill = 0]
                  700c2670    00000238     main.o (.text.freertos_main)
                  700c28a8    00000008     --HOLE-- [fill = 0]
                  700c28b0    00000234     enet-cpsw.am263px.r5f.ti-arm-clang.freertos.debug.lib : cpsw_hostport.obj (.text.CpswHostPort_open)
                  700c2ae4    0000000c     --HOLE-- [fill = 0]
                  700c2af0    00000234     main.o (.text.build_and_send_udp_packet)
                  700c2d24    0000000c     --HOLE-- [fill = 0]
                  700c2d30    00000230     enet-cpsw.am263px.r5f.ti-arm-clang.freertos.debug.lib : enet_appmemutils.obj (.text.EnetMem_allocEthPkt)
                  700c2f60    0000022e     xgw_udp_interface.o (.text.xgw_udp_send_imu_state)
                  700c318e    00000002     --HOLE-- [fill = 0]
                  700c3190    0000022c     enet-cpsw.am263px.r5f.ti-arm-clang.freertos.debug.lib : enet_cpdma_priv.obj (.text.EnetCpdma_memMgrInit)
                  700c33bc    00000004     --HOLE-- [fill = 0]
                  700c33c0    0000022a     lwipif-cpsw-freertos.am263px.r5f.ti-arm-clang.debug.lib : lwip2lwipif.obj (.text.LWIPIF_LWIP_getChkSumInfo)
                  700c35ea    00000006     --HOLE-- [fill = 0]
                  700c35f0    0000022a     lwip-freertos.am263px.r5f.ti-arm-clang.debug.lib : dhcp.obj (.text.dhcp_select)
                  700c381a    00000006     --HOLE-- [fill = 0]
                  700c3820    00000226     drivers.am263px.r5f.ti-arm-clang.freertos.debug.lib : uart_dma_edma.obj (.text.UART_lld_dmaDeInit)
                  700c3a46    0000000a     --HOLE-- [fill = 0]
                  700c3a50    00000222                                                         : ipc_notify_v1.obj (.text.IpcNotify_isr)
                  700c3c72    0000000e     --HOLE-- [fill = 0]
                  700c3c80    00000220     enet-cpsw.am263px.r5f.ti-arm-clang.freertos.debug.lib : enet_cpdma.obj (.text.EnetCpdma_closeTxCh)
                  700c3ea0    00000220                                                           : enet_rm_ioctl.obj (.text.EnetRm_allocMacAddr)
                  700c40c0    00000220     freertos.am263px.r5f.ti-arm-clang.debug.lib : tasks.obj (.text.vTaskGenericNotifyGiveFromISR)
                  700c42e0    00000220                                                 : queue.obj (.text.xQueueGenericSend)
                  700c4500    0000021a     enet-cpsw.am263px.r5f.ti-arm-clang.freertos.debug.lib : cpsw_stats.obj (.text.CpswStats_open)
                  700c471a    00000006     --HOLE-- [fill = 0]
                  700c4720    0000020a     lwip-freertos.am263px.r5f.ti-arm-clang.debug.lib : tcp.obj (.text.tcp_pcb_remove)
                  700c492a    00000006     --HOLE-- [fill = 0]
                  700c4930    0000020a     freertos.am263px.r5f.ti-arm-clang.debug.lib : queue.obj (.text.xQueueSemaphoreTake)
                  700c4b3a    00000006     --HOLE-- [fill = 0]
                  700c4b40    00000206     enet-cpsw.am263px.r5f.ti-arm-clang.freertos.debug.lib : cpsw_cpts.obj (.text.CpswCpts_open)
                  700c4d46    0000000a     --HOLE-- [fill = 0]
                  700c4d50    00000206                                                           : enet_cpdma.obj (.text.EnetCpdma_closeRxCh)
                  700c4f56    0000000a     --HOLE-- [fill = 0]
                  700c4f60    00000206     lwip-freertos.am263px.r5f.ti-arm-clang.debug.lib : dhcp.obj (.text.dhcp_recv)
                  700c5166    0000000a     --HOLE-- [fill = 0]
                  700c5170    00000204     enet-cpsw.am263px.r5f.ti-arm-clang.freertos.debug.lib : enetphy.obj (.text.EnetPhy_open)
                  700c5374    0000000c     --HOLE-- [fill = 0]
                  700c5380    000001fe                                                           : cpsw_stats_ioctl.obj (.text.CpswStats_readHostStats)
                  700c557e    00000002     --HOLE-- [fill = 0]
                  700c5580    000001fe     lwip-freertos.am263px.r5f.ti-arm-clang.debug.lib : pbuf.obj (.text.pbuf_free)
                  700c577e    00000002     --HOLE-- [fill = 0]
                  700c5780    000001fc     xgw_udp_interface.o (.text.xgw_udp_process_motor_set)
                  700c597c    00000004     --HOLE-- [fill = 0]
                  700c5980    000001fc     xgw_udp_interface.o (.text.xgw_udp_recv_callback)
                  700c5b7c    00000004     --HOLE-- [fill = 0]
                  700c5b80    000001f6     lwip-freertos.am263px.r5f.ti-arm-clang.debug.lib : dhcp.obj (.text.dhcp_create_msg)
                  700c5d76    0000000a     --HOLE-- [fill = 0]
                  700c5d80    000001f2     drivers.am263px.r5f.ti-arm-clang.freertos.debug.lib : i2c_v1.obj (.text.I2C_primeTransfer)
                  700c5f72    0000000e     --HOLE-- [fill = 0]
                  700c5f80    000001f2                                                         : i2c_v1.obj (.text.I2C_transfer)
                  700c6172    0000000e     --HOLE-- [fill = 0]
                  700c6180    000001ee     enet-cpsw.am263px.r5f.ti-arm-clang.freertos.debug.lib : cpsw_ale.obj (.text.CpswAle_setAleCfg)
                  700c636e    00000002     --HOLE-- [fill = 0]
                  700c6370    000001ee                                                           : cpsw_ioctl.obj (.text.Cpsw_openPortLinkWithPhy)
                  700c655e    00000002     --HOLE-- [fill = 0]
                  700c6560    000001ea                                                           : cpsw_hostport.obj (.text.CpswHostPort_ioctl)
                  700c674a    00000006     --HOLE-- [fill = 0]
                  700c6750    000001ea                                                           : cpsw_stats.obj (.text.CpswStats_ioctl)
                  700c693a    00000006     --HOLE-- [fill = 0]
                  700c6940    000001ea                                                           : cpsw_ioctl.obj (.text.Cpsw_openPortLink)
                  700c6b2a    00000006     --HOLE-- [fill = 0]
                  700c6b30    000001ea     lwip-freertos.am263px.r5f.ti-arm-clang.debug.lib : tcp.obj (.text.tcp_abandon)
                  700c6d1a    00000006     --HOLE-- [fill = 0]
                  700c6d20    000001e2     ti_enet_open_close.o (.text.EnetApp_initLinkArgs)
                  700c6f02    0000000e     --HOLE-- [fill = 0]
                  700c6f10    000001e2     lwip-freertos.am263px.r5f.ti-arm-clang.debug.lib : pbuf.obj (.text.pbuf_realloc)
                  700c70f2    0000000e     --HOLE-- [fill = 0]
                  700c7100    000001e0     enet-cpsw.am263px.r5f.ti-arm-clang.freertos.debug.lib : cpsw_stats_ioctl.obj (.text.CpswStats_readMacStats)
                  700c72e0    000001e0     lwip-freertos.am263px.r5f.ti-arm-clang.debug.lib : dhcp.obj (.text.dhcp_bind)
                  700c74c0    000001da     enet-cpsw.am263px.r5f.ti-arm-clang.freertos.debug.lib : enet.obj (.text.Enet_validateIoctl)
                  700c769a    00000006     --HOLE-- [fill = 0]
                  700c76a0    000001d8     freertos.am263px.r5f.ti-arm-clang.debug.lib : queue.obj (.text.xQueueReceive)
                  700c7878    00000008     --HOLE-- [fill = 0]
                  700c7880    000001d6                                                 : TimerP_rti_priv.obj (.text.TimerP_setupPriv)
                  700c7a56    0000000a     --HOLE-- [fill = 0]
                  700c7a60    000001d4     ti_enet_lwipif.o (.text.LwipifEnetAppCb_getRxHandleInfo)
                  700c7c34    0000000c     --HOLE-- [fill = 0]
                  700c7c40    000001d4     enet-cpsw.am263px.r5f.ti-arm-clang.freertos.debug.lib : mdio.obj (.text.Mdio_ioctl)
                  700c7e14    000001d0     libclang_rt.builtins.a : udivsi3.S.obj (.text.__udivsi3)
                  700c7fe4    0000000c     --HOLE-- [fill = 0]
                  700c7ff0    000001ce     xgw_udp_interface.o (.text.xgw_udp_start)
                  700c81be    00000002     --HOLE-- [fill = 0]
                  700c81c0    000001c8     lwip-freertos.am263px.r5f.ti-arm-clang.debug.lib : etharp.obj (.text.etharp_raw)
                  700c8388    00000008     --HOLE-- [fill = 0]
                  700c8390    000001c6     enet-cpsw.am263px.r5f.ti-arm-clang.freertos.debug.lib : enet_rm_ioctl.obj (.text.EnetRm_allocTxChNum)
                  700c8556    0000000a     --HOLE-- [fill = 0]
                  700c8560    000001c6     lwip-freertos.am263px.r5f.ti-arm-clang.debug.lib : tcp_out.obj (.text.tcp_create_segment)
                  700c8726    0000000a     --HOLE-- [fill = 0]
                  700c8730    000001c4     ti_enet_lwipif.o (.text.LwipifEnetApp_startSchedule)
                  700c88f4    0000000c     --HOLE-- [fill = 0]
                  700c8900    000001c2     enet-cpsw.am263px.r5f.ti-arm-clang.freertos.debug.lib : enet.obj (.text.Enet_validateGenericIoctl)
                  700c8ac2    0000000e     --HOLE-- [fill = 0]
                  700c8ad0    000001bc     freertos.am263px.r5f.ti-arm-clang.debug.lib : tasks.obj (.text.xTaskRemoveFromEventList)
                  700c8c8c    00000004     --HOLE-- [fill = 0]
                  700c8c90    000001b4     enet-cpsw.am263px.r5f.ti-arm-clang.freertos.debug.lib : enet_rm.obj (.text.EnetRm_open)
                  700c8e44    0000000c     --HOLE-- [fill = 0]
                  700c8e50    000001b2     lwip-freertos.am263px.r5f.ti-arm-clang.debug.lib : ip4.obj (.text.ip4_forward)
                  700c9002    0000000e     --HOLE-- [fill = 0]
                  700c9010    000001b0     enet-cpsw.am263px.r5f.ti-arm-clang.freertos.debug.lib : cpsw_ale.obj (.text.CpswAle_delPolicerEntry)
                  700c91c0    000001b0     lwip-freertos.am263px.r5f.ti-arm-clang.debug.lib : dns.obj (.text.dns_call_found)
                  700c9370    000001ae     ti_enet_open_close.o (.text.EnetApp_ConfigureDscpMapping)
                  700c951e    00000002     --HOLE-- [fill = 0]
                  700c9520    000001ac     drivers.am263px.r5f.ti-arm-clang.freertos.debug.lib : uart_v0.obj (.text.UART_close)
                  700c96cc    00000004     --HOLE-- [fill = 0]
                  700c96d0    000001aa     enet-cpsw.am263px.r5f.ti-arm-clang.freertos.debug.lib : mdio_ioctl.obj (.text.Mdio_readRegC45)
                  700c987a    00000006     --HOLE-- [fill = 0]
                  700c9880    000001aa     drivers.am263px.r5f.ti-arm-clang.freertos.debug.lib : uart_dma_edma.obj (.text.UART_lld_dmaWrite)
                  700c9a2a    00000006     --HOLE-- [fill = 0]
                  700c9a30    000001aa     lwip-freertos.am263px.r5f.ti-arm-clang.debug.lib : mem.obj (.text.mem_free)
                  700c9bda    00000006     --HOLE-- [fill = 0]
                  700c9be0    000001a8     enet-cpsw.am263px.r5f.ti-arm-clang.freertos.debug.lib : enet_appmemutils.obj (.text.EnetDma_checkPktState)
                  700c9d88    00000008     --HOLE-- [fill = 0]
                  700c9d90    000001a8     lwipif-cpsw-freertos.am263px.r5f.ti-arm-clang.debug.lib : custom_pbuf.obj (.text.EnetDma_checkPktState)
                  700c9f38    00000008     --HOLE-- [fill = 0]
                  700c9f40    000001a8                                                             : lwip2enet.obj (.text.EnetDma_checkPktState)
                  700ca0e8    000001a8     libc.a : memory.c.obj (.text.free)
                  700ca290    000001a4            : memory.c.obj (.text.aligned_alloc)
                  700ca434    0000000c     --HOLE-- [fill = 0]
                  700ca440    000001a4     freertos.am263px.r5f.ti-arm-clang.debug.lib : timers.obj (.text.prvProcessReceivedCommands)
                  700ca5e4    0000000c     --HOLE-- [fill = 0]
                  700ca5f0    000001a0     drivers.am263px.r5f.ti-arm-clang.freertos.debug.lib : uart_v0.obj (.text.UART_write)
                  700ca790    000001a0     lwip-freertos.am263px.r5f.ti-arm-clang.debug.lib : pbuf.obj (.text.pbuf_take)
                  700ca930    000001a0     freertos.am263px.r5f.ti-arm-clang.debug.lib : tasks.obj (.text.vTaskSwitchContext)
                  700caad0    0000019e     enet-cpsw.am263px.r5f.ti-arm-clang.freertos.debug.lib : cpsw_ale_ioctl.obj (.text.CpswAle_addMcastAddr)
                  700cac6e    00000002     --HOLE-- [fill = 0]
                  700cac70    0000019c     libc.a : fputs.c.obj (.text.fputs)
                  700cae0c    00000004     --HOLE-- [fill = 0]
                  700cae10    0000019a     enet-cpsw.am263px.r5f.ti-arm-clang.freertos.debug.lib : cpsw_cpts.obj (.text.CpswCpts_ioctl)
                  700cafaa    00000006     --HOLE-- [fill = 0]
                  700cafb0    0000019a     lwip-freertos.am263px.r5f.ti-arm-clang.debug.lib : dns.obj (.text.dns_check_entry)
                  700cb14a    00000006     --HOLE-- [fill = 0]
                  700cb150    0000019a     freertos.am263px.r5f.ti-arm-clang.debug.lib : tasks.obj (.text.vTaskPriorityDisinheritAfterTimeout)
                  700cb2ea    00000006     --HOLE-- [fill = 0]
                  700cb2f0    0000019a                                                 : queue.obj (.text.xQueueGenericSendFromISR)
                  700cb48a    00000006     --HOLE-- [fill = 0]
                  700cb490    00000198     drivers.am263px.r5f.ti-arm-clang.freertos.debug.lib : uart_v0_lld.obj (.text.UART_lld_controllerIsr)
                  700cb628    00000008     --HOLE-- [fill = 0]
                  700cb630    00000196     lwip-freertos.am263px.r5f.ti-arm-clang.debug.lib : dhcp.obj (.text.dhcp_reboot)
                  700cb7c6    0000000a     --HOLE-- [fill = 0]
                  700cb7d0    00000194     enet-cpsw.am263px.r5f.ti-arm-clang.freertos.debug.lib : cpsw_ale.obj (.text.CpswAle_ioctl)
                  700cb964    0000000c     --HOLE-- [fill = 0]
                  700cb970    00000194                                                           : cpsw_macport.obj (.text.CpswMacPort_ioctl)
                  700cbb04    0000000c     --HOLE-- [fill = 0]
                  700cbb10    00000192     lwip-freertos.am263px.r5f.ti-arm-clang.debug.lib : ethernet.obj (.text.ethernet_input)
                  700cbca2    0000000e     --HOLE-- [fill = 0]
                  700cbcb0    00000192                                                      : tcp_out.obj (.text.tcp_zero_window_probe)
                  700cbe42    0000000e     --HOLE-- [fill = 0]
                  700cbe50    00000190                                                      : etharp.obj (.text.etharp_update_arp_entry)
                  700cbfe0    0000018e                                                      : etharp.obj (.text.etharp_input)
                  700cc16e    00000002     --HOLE-- [fill = 0]
                  700cc170    0000018a     enet-cpsw.am263px.r5f.ti-arm-clang.freertos.debug.lib : enet_rm.obj (.text.EnetRm_ioctl)
                  700cc2fa    00000006     --HOLE-- [fill = 0]
                  700cc300    0000018a     lwip-freertos.am263px.r5f.ti-arm-clang.debug.lib : sys_arch.obj (.text.sys_arch_mbox_fetch)
                  700cc48a    00000006     --HOLE-- [fill = 0]
                  700cc490    00000188     freertos.am263px.r5f.ti-arm-clang.debug.lib : ClockP_freertos_r5.obj (.text.ClockP_init)
                  700cc618    00000008     --HOLE-- [fill = 0]
                  700cc620    00000186     lwip-freertos.am263px.r5f.ti-arm-clang.debug.lib : acd.obj (.text.acd_tmr)
                  700cc7a6    0000000a     --HOLE-- [fill = 0]
                  700cc7b0    00000186                                                      : tcp.obj (.text.tcp_alloc)
                  700cc936    0000000a     --HOLE-- [fill = 0]
                  700cc940    0000017c     lwipif-cpsw-freertos.am263px.r5f.ti-arm-clang.debug.lib : lwip2enet.obj (.text.Lwip2Enet_close)
                  700ccabc    00000004     --HOLE-- [fill = 0]
                  700ccac0    0000017a                                                             : custom_pbuf.obj (.text.custom_pbuf_free)
                  700ccc3a    00000006     --HOLE-- [fill = 0]
                  700ccc40    00000178     freertos.am263px.r5f.ti-arm-clang.debug.lib : DebugP_shmLogReader.obj (.text.DebugP_shmLogReaderGetString)
                  700ccdb8    00000008     --HOLE-- [fill = 0]
                  700ccdc0    00000178     enet-cpsw.am263px.r5f.ti-arm-clang.freertos.debug.lib : enet_rm.obj (.text.EnetRm_initRxObj)
                  700ccf38    00000008     --HOLE-- [fill = 0]
                  700ccf40    00000178     lwipif-cpsw-freertos.am263px.r5f.ti-arm-clang.debug.lib : lwip2enet.obj (.text.Lwip2Enet_periodicFxn)
                  700cd0b8    00000008     --HOLE-- [fill = 0]
                  700cd0c0    00000178     lwip-freertos.am263px.r5f.ti-arm-clang.debug.lib : udp.obj (.text.udp_bind)
                  700cd238    00000008     --HOLE-- [fill = 0]
                  700cd240    00000176     enet-cpsw.am263px.r5f.ti-arm-clang.freertos.debug.lib : cpsw_macport_est.obj (.text.CpswEst_setState)
                  700cd3b6    0000000a     --HOLE-- [fill = 0]
                  700cd3c0    00000176     lwip-freertos.am263px.r5f.ti-arm-clang.debug.lib : dhcp.obj (.text.dhcp_discover)
                  700cd536    0000000a     --HOLE-- [fill = 0]
                  700cd540    00000176                                                      : icmp.obj (.text.icmp_send_response)
                  700cd6b6    0000000a     --HOLE-- [fill = 0]
                  700cd6c0    00000176                                                      : sys_arch.obj (.text.sys_sem_new)
                  700cd836    0000000a     --HOLE-- [fill = 0]
                  700cd840    00000174     enet-cpsw.am263px.r5f.ti-arm-clang.freertos.debug.lib : enetphy.obj (.text.EnetPhy_getLinkStatus)
                  700cd9b4    0000000c     --HOLE-- [fill = 0]
                  700cd9c0    00000172     board.am263px.r5f.ti-arm-clang.freertos.debug.lib : eeprom_cat24m.obj (.text.EEPROM_CAT24M_write)
                  700cdb32    0000000e     --HOLE-- [fill = 0]
                  700cdb40    00000172     lwip-freertos.am263px.r5f.ti-arm-clang.debug.lib : ip4.obj (.text.ip4_route)
                  700cdcb2    0000000e     --HOLE-- [fill = 0]
                  700cdcc0    00000172                                                      : sys_arch.obj (.text.sys_arch_sem_wait)
                  700cde32    0000000e     --HOLE-- [fill = 0]
                  700cde40    00000170     freertos.am263px.r5f.ti-arm-clang.debug.lib : queue.obj (.text.xQueueGiveFromISR)
                  700cdfb0    0000016c     lwip-freertos.am263px.r5f.ti-arm-clang.debug.lib : etharp.obj (.text.etharp_output_to_arp_index)
                  700ce11c    00000004     --HOLE-- [fill = 0]
                  700ce120    00000168     enet-cpsw.am263px.r5f.ti-arm-clang.freertos.debug.lib : enet_cpdma.obj (.text.EnetCpdma_rxIsrProc)
                  700ce288    00000008     --HOLE-- [fill = 0]
                  700ce290    00000168                                                           : enet_phymdio_dflt.obj (.text.EnetPhyMdioDflt_writeC45)
                  700ce3f8    00000008     --HOLE-- [fill = 0]
                  700ce400    00000166                                                           : enet_cpdma.obj (.text.EnetCpdma_openRxCh)
                  700ce566    0000000a     --HOLE-- [fill = 0]
                  700ce570    00000166     drivers.am263px.r5f.ti-arm-clang.freertos.debug.lib : i2c_v1_lld.obj (.text.I2C_lld_primeTransferIntr)
                  700ce6d6    0000000a     --HOLE-- [fill = 0]
                  700ce6e0    00000166     freertos.am263px.r5f.ti-arm-clang.debug.lib : TaskP_freertos.obj (.text.TaskP_assertParams)
                  700ce846    0000000a     --HOLE-- [fill = 0]
                  700ce850    00000166     lwip-freertos.am263px.r5f.ti-arm-clang.debug.lib : mem.obj (.text.mem_malloc)
                  700ce9b6    0000000a     --HOLE-- [fill = 0]
                  700ce9c0    00000166                                                      : tcp_in.obj (.text.tcp_parseopt)
                  700ceb26    0000000a     --HOLE-- [fill = 0]
                  700ceb30    00000164     board.am263px.r5f.ti-arm-clang.freertos.debug.lib : dp83869.obj (.text.Dp83869_config)
                  700cec94    0000000c     --HOLE-- [fill = 0]
                  700ceca0    00000164     enet-cpsw.am263px.r5f.ti-arm-clang.freertos.debug.lib : enet_rm.obj (.text.EnetRm_initHwPushObj)
                  700cee04    0000000c     --HOLE-- [fill = 0]
                  700cee10    00000162     drivers.am263px.r5f.ti-arm-clang.freertos.debug.lib : edma.obj (.text.EDMA_unregisterIntr)
                  700cef72    0000000e     --HOLE-- [fill = 0]
                  700cef80    00000162     enet-cpsw.am263px.r5f.ti-arm-clang.freertos.debug.lib : enet_phymdio_dflt.obj (.text.EnetPhyMdioDflt_readC45)
                  700cf0e2    0000000e     --HOLE-- [fill = 0]
                  700cf0f0    00000160                                                           : csl_cpsw.obj (.text.CSL_CPSW_setAlePortControlReg)
                  700cf250    00000160     drivers.am263px.r5f.ti-arm-clang.freertos.debug.lib : i2c_v1_lld.obj (.text.I2C_lld_init)
                  700cf3b0    00000160     lwip-freertos.am263px.r5f.ti-arm-clang.debug.lib : inet_chksum.obj (.text.inet_cksum_pseudo_partial_base)
                  700cf510    00000160                                                      : tcp_in.obj (.text.tcp_free_acked_segments)
                  700cf670    0000015e     enet-cpsw.am263px.r5f.ti-arm-clang.freertos.debug.lib : enet_cpdma.obj (.text.EnetDma_retrieveRxPktQ)
                  700cf7ce    00000002     --HOLE-- [fill = 0]
                  700cf7d0    0000015e     lwip-freertos.am263px.r5f.ti-arm-clang.debug.lib : dhcp.obj (.text.dhcp_renew)
                  700cf92e    00000002     --HOLE-- [fill = 0]
                  700cf930    0000015c     enet-cpsw.am263px.r5f.ti-arm-clang.freertos.debug.lib : enet_cpdma.obj (.text.EnetCpdma_txIsr)
                  700cfa8c    00000004     --HOLE-- [fill = 0]
                  700cfa90    0000015c                                                           : enet_rm.obj (.text.EnetRm_initMacObj)
                  700cfbec    00000004     --HOLE-- [fill = 0]
                  700cfbf0    0000015c     lwip-freertos.am263px.r5f.ti-arm-clang.debug.lib : dhcp.obj (.text.dhcp_rebind)
                  700cfd4c    00000004     --HOLE-- [fill = 0]
                  700cfd50    0000015c     freertos.am263px.r5f.ti-arm-clang.debug.lib : tasks.obj (.text.prvAddNewTaskToReadyList)
                  700cfeac    00000004     --HOLE-- [fill = 0]
                  700cfeb0    0000015c                                                 : tasks.obj (.text.xTaskPriorityInherit)
                  700d000c    00000004     --HOLE-- [fill = 0]
                  700d0010    0000015a     enet-cpsw.am263px.r5f.ti-arm-clang.freertos.debug.lib : enet_cpdma.obj (.text.EnetCpdma_netChOpen)
                  700d016a    00000006     --HOLE-- [fill = 0]
                  700d0170    0000015a     lwip-freertos.am263px.r5f.ti-arm-clang.debug.lib : dhcp.obj (.text.dhcp_start)
                  700d02ca    00000006     --HOLE-- [fill = 0]
                  700d02d0    00000158     enet-cpsw.am263px.r5f.ti-arm-clang.freertos.debug.lib : cpsw_ale.obj (.text.CpswAle_initCfg)
                  700d0428    00000008     --HOLE-- [fill = 0]
                  700d0430    00000158     ti_enet_config.o (.text.EnetApp_initializeMacAddrPool)
                  700d0588    00000008     --HOLE-- [fill = 0]
                  700d0590    00000158     enet-cpsw.am263px.r5f.ti-arm-clang.freertos.debug.lib : enet_phymdio_dflt.obj (.text.EnetPhyMdioDflt_writeC22)
                  700d06e8    00000008     --HOLE-- [fill = 0]
                  700d06f0    00000158     drivers.am263px.r5f.ti-arm-clang.freertos.debug.lib : soc.obj (.text.SOC_controlModuleUnlockMMR)
                  700d0848    00000008     --HOLE-- [fill = 0]
                  700d0850    00000158     lwip-freertos.am263px.r5f.ti-arm-clang.debug.lib : dhcp.obj (.text.dhcp_handle_ack)
                  700d09a8    00000008     --HOLE-- [fill = 0]
                  700d09b0    00000158                                                      : etharp.obj (.text.etharp_tmr)
                  700d0b08    00000008     --HOLE-- [fill = 0]
                  700d0b10    00000158                                                      : raw.obj (.text.raw_input)
                  700d0c68    00000008     --HOLE-- [fill = 0]
                  700d0c70    00000156     enet-cpsw.am263px.r5f.ti-arm-clang.freertos.debug.lib : enet_cpdma.obj (.text.EnetDma_submitTxPktQ)
                  700d0dc6    0000000a     --HOLE-- [fill = 0]
                  700d0dd0    00000154                                                           : enet_cpdma.obj (.text.EnetDma_retrieveTxPktQ)
                  700d0f24    0000000c     --HOLE-- [fill = 0]
                  700d0f30    00000154     lwip-freertos.am263px.r5f.ti-arm-clang.debug.lib : stats.obj (.text.stats_display_igmp)
                  700d1084    0000000c     --HOLE-- [fill = 0]
                  700d1090    00000152     drivers.am263px.r5f.ti-arm-clang.freertos.debug.lib : uart_v0_lld.obj (.text.UART_lld_initDma)
                  700d11e2    0000000e     --HOLE-- [fill = 0]
                  700d11f0    00000150     enet-cpsw.am263px.r5f.ti-arm-clang.freertos.debug.lib : enet_phymdio_dflt.obj (.text.EnetPhyMdioDflt_readC22)
                  700d1340    00000150                                                           : enet_rm.obj (.text.EnetRm_delCoreAttached)
                  700d1490    0000014e     ti_enet_lwipif.o (.text.LwipifEnetApp_createPollTask)
                  700d15de    00000002     --HOLE-- [fill = 0]
                  700d15e0    0000014e     lwip-freertos.am263px.r5f.ti-arm-clang.debug.lib : sys_arch.obj (.text.sys_arch_unprotect)
                  700d172e    00000002     --HOLE-- [fill = 0]
                  700d1730    0000014e     freertos.am263px.r5f.ti-arm-clang.debug.lib : tasks.obj (.text.xTaskPriorityDisinherit)
                  700d187e    00000002     --HOLE-- [fill = 0]
                  700d1880    0000014c     enet-cpsw.am263px.r5f.ti-arm-clang.freertos.debug.lib : enet_cpdma.obj (.text.EnetDma_submitRxPktQ)
                  700d19cc    00000004     --HOLE-- [fill = 0]
                  700d19d0    0000014c     freertos.am263px.r5f.ti-arm-clang.debug.lib : queue.obj (.text.xQueueReceiveFromISR)
                  700d1b1c    00000004     --HOLE-- [fill = 0]
                  700d1b20    00000148     enet-cpsw.am263px.r5f.ti-arm-clang.freertos.debug.lib : cpsw_ale.obj (.text.CpswAle_setPolicerPartitionLevel)
                  700d1c68    00000008     --HOLE-- [fill = 0]
                  700d1c70    00000148     lwip-freertos.am263px.r5f.ti-arm-clang.debug.lib : netif.obj (.text.netif_set_addr)
                  700d1db8    00000008     --HOLE-- [fill = 0]
                  700d1dc0    00000148                                                      : tcp_in.obj (.text.tcp_timewait_input)
                  700d1f08    00000008     --HOLE-- [fill = 0]
                  700d1f10    00000148                                                      : udp.obj (.text.udp_sendto)
                  700d2058    00000008     --HOLE-- [fill = 0]
                  700d2060    00000146     enet-cpsw.am263px.r5f.ti-arm-clang.freertos.debug.lib : cpsw_ioctl.obj (.text.Cpsw_closePortLink)
                  700d21a6    0000000a     --HOLE-- [fill = 0]
                  700d21b0    00000146     lwip-freertos.am263px.r5f.ti-arm-clang.debug.lib : udp.obj (.text.udp_input_local_match)
                  700d22f6    0000000a     --HOLE-- [fill = 0]
                  700d2300    00000144     freertos.am263px.r5f.ti-arm-clang.debug.lib : tasks.obj (.text.prvInitialiseNewTask)
                  700d2444    00000144     libc.a : setvbuf.c.obj (.text.setvbuf)
                  700d2588    00000008     --HOLE-- [fill = 0]
                  700d2590    00000144     lwip-freertos.am263px.r5f.ti-arm-clang.debug.lib : tcp.obj (.text.tcp_close_shutdown_fin)
                  700d26d4    0000000c     --HOLE-- [fill = 0]
                  700d26e0    00000142     enet-cpsw.am263px.r5f.ti-arm-clang.freertos.debug.lib : cpsw_ale_ioctl.obj (.text.CpswAle_delPortUcastEntries)
                  700d2822    0000000e     --HOLE-- [fill = 0]
                  700d2830    00000142     freertos.am263px.r5f.ti-arm-clang.debug.lib : DebugP_memTraceLogWriter.obj (.text.DebugP_memLogWriterPutChar)
                  700d2972    0000000e     --HOLE-- [fill = 0]
                  700d2980    00000142     lwip-freertos.am263px.r5f.ti-arm-clang.debug.lib : igmp.obj (.text.igmp_lookup_group)
                  700d2ac2    0000000e     --HOLE-- [fill = 0]
                  700d2ad0    00000140                                                      : pbuf.obj (.text.pbuf_cat)
                  700d2c10    0000013e     enet-cpsw.am263px.r5f.ti-arm-clang.freertos.debug.lib : csl_cpsw_ale_9g_tblcfg.obj (.text.CSL_CPSW_setAleVlanUnicastAddrEntry)
                  700d2d4e    00000002     --HOLE-- [fill = 0]
                  700d2d50    0000013e                                                           : enet_cpdma.obj (.text.EnetCpdma_openTxCh)
                  700d2e8e    00000002     --HOLE-- [fill = 0]
                  700d2e90    0000013e     drivers.am263px.r5f.ti-arm-clang.freertos.debug.lib : i2c_v1.obj (.text.I2C_mem_primeTransfer)
                  700d2fce    00000002     --HOLE-- [fill = 0]
                  700d2fd0    0000013e     lwip-freertos.am263px.r5f.ti-arm-clang.debug.lib : pbuf.obj (.text.pbuf_copy_partial)
                  700d310e    00000002     --HOLE-- [fill = 0]
                  700d3110    0000013a     board.am263px.r5f.ti-arm-clang.freertos.debug.lib : dp83869.obj (.text.Dp83869_enableAdvertisement)
                  700d324a    00000006     --HOLE-- [fill = 0]
                  700d3250    0000013a     drivers.am263px.r5f.ti-arm-clang.freertos.debug.lib : edma.obj (.text.EDMA_isDmaChannelAllocated)
                  700d338a    00000006     --HOLE-- [fill = 0]
                  700d3390    0000013a     enet-cpsw.am263px.r5f.ti-arm-clang.freertos.debug.lib : enet_phymdio_dflt.obj (.text.EnetPhyMdioDflt_isAlive)
                  700d34ca    00000006     --HOLE-- [fill = 0]
                  700d34d0    0000013a                                                           : enet_phymdio_dflt.obj (.text.EnetPhyMdioDflt_isLinked)
                  700d360a    00000006     --HOLE-- [fill = 0]
                  700d3610    0000013a                                                           : enet.obj (.text.Enet_ioctl)
                  700d374a    00000006     --HOLE-- [fill = 0]
                  700d3750    0000013a     board.am263px.r5f.ti-arm-clang.freertos.debug.lib : generic_phy.obj (.text.GenericPhy_enableAdvertisement)
                  700d388a    00000006     --HOLE-- [fill = 0]
                  700d3890    0000013a     drivers.am263px.r5f.ti-arm-clang.freertos.debug.lib : i2c_v1_lld.obj (.text.I2C_lld_mem_write)
                  700d39ca    00000006     --HOLE-- [fill = 0]
                  700d39d0    0000013a     lwip-freertos.am263px.r5f.ti-arm-clang.debug.lib : dhcp.obj (.text.dhcp_release_and_stop)
                  700d3b0a    00000006     --HOLE-- [fill = 0]
                  700d3b10    00000138     enet-cpsw.am263px.r5f.ti-arm-clang.freertos.debug.lib : cpsw_cpts_ioctl.obj (.text.CpswCpts_ioctl_handler_CPSW_CPTS_IOCTL_SET_ESTF)
                  700d3c48    00000008     --HOLE-- [fill = 0]
                  700d3c50    00000138     freertos.am263px.r5f.ti-arm-clang.debug.lib : printf.obj (.text._ntoa_long_long)
                  700d3d88    00000008     --HOLE-- [fill = 0]
                  700d3d90    00000136     board.am263px.r5f.ti-arm-clang.freertos.debug.lib : dp83869.obj (.text.Dp83869_disableAdvertisement)
                  700d3ec6    0000000a     --HOLE-- [fill = 0]
                  700d3ed0    00000136     enet-cpsw.am263px.r5f.ti-arm-clang.freertos.debug.lib : enet_appmemutils.obj (.text.EnetMem_initMemObjs)
                  700d4006    0000000a     --HOLE-- [fill = 0]
                  700d4010    00000136     board.am263px.r5f.ti-arm-clang.freertos.debug.lib : generic_phy.obj (.text.GenericPhy_disableAdvertisement)
                  700d4146    0000000a     --HOLE-- [fill = 0]
                  700d4150    00000136     drivers.am263px.r5f.ti-arm-clang.freertos.debug.lib : uart_v0_lld.obj (.text.UART_procLineStatusErr)
                  700d4286    0000000a     --HOLE-- [fill = 0]
                  700d4290    00000136     lwip-freertos.am263px.r5f.ti-arm-clang.debug.lib : tcp_out.obj (.text.tcp_rst_common)
                  700d43c6    0000000a     --HOLE-- [fill = 0]
                  700d43d0    00000134     drivers.am263px.r5f.ti-arm-clang.freertos.debug.lib : edma.obj (.text.EDMA_registerIntr)
                  700d4504    0000000c     --HOLE-- [fill = 0]
                  700d4510    00000134                                                         : uart_v0_lld.obj (.text.UART_writePolling)
                  700d4644    0000000c     --HOLE-- [fill = 0]
                  700d4650    00000134     freertos.am263px.r5f.ti-arm-clang.debug.lib : tasks.obj (.text.vTaskDelete)
                  700d4784    0000000c     --HOLE-- [fill = 0]
                  700d4790    00000132     enet-cpsw.am263px.r5f.ti-arm-clang.freertos.debug.lib : csl_cpsw_ale_9g_tblcfg.obj (.text.CSL_CPSW_setAleVlanMcastAddrEntry)
                  700d48c2    0000000e     --HOLE-- [fill = 0]
                  700d48d0    00000132                                                           : cpsw.obj (.text.Cpsw_dmaMiscIsr)
                  700d4a02    0000000e     --HOLE-- [fill = 0]
                  700d4a10    00000130                                                           : csl_cpsw_ale_9g_tblcfg.obj (.text.CSL_CPSW_setAleUnicastAddrEntry)
                  700d4b40    00000130                                                           : enet.obj (.text.EnetPer_open)
                  700d4c70    00000130     lwip-freertos.am263px.r5f.ti-arm-clang.debug.lib : tcp_in.obj (.text.tcp_oos_insert_segment)
                  700d4da0    0000012e                                                      : igmp.obj (.text.igmp_send)
                  700d4ece    00000002     --HOLE-- [fill = 0]
                  700d4ed0    0000012c     enet-cpsw.am263px.r5f.ti-arm-clang.freertos.debug.lib : enet_osal.obj (.text.EnetOsal_registerIntr)
                  700d4ffc    00000004     --HOLE-- [fill = 0]
                  700d5000    0000012c                                                           : enet_rm.obj (.text.EnetRm_validateResPartInfo)
                  700d512c    00000004     --HOLE-- [fill = 0]
                  700d5130    0000012c     drivers.am263px.r5f.ti-arm-clang.freertos.debug.lib : i2c_v1_lld.obj (.text.I2C_lld_mem_read)
                  700d525c    00000004     --HOLE-- [fill = 0]
                  700d5260    0000012c                                                         : uart_v0_lld.obj (.text.UART_lld_init)
                  700d538c    00000004     --HOLE-- [fill = 0]
                  700d5390    0000012c     freertos.am263px.r5f.ti-arm-clang.debug.lib : tasks.obj (.text.ulTaskGenericNotifyTake)
                  700d54bc    00000004     --HOLE-- [fill = 0]
                  700d54c0    0000012a     enet-cpsw.am263px.r5f.ti-arm-clang.freertos.debug.lib : enet_utils.obj (.text.EnetUtils_macToPhyMii)
                  700d55ea    00000006     --HOLE-- [fill = 0]
                  700d55f0    00000128                                                           : enet_cpdmautils.obj (.text.EnetAppUtils_isDescCached)
                  700d5718    00000008     --HOLE-- [fill = 0]
                  700d5720    00000128     drivers.am263px.r5f.ti-arm-clang.freertos.debug.lib : i2c_v1_lld.obj (.text.I2C_lld_mem_writeIntr)
                  700d5848    00000008     --HOLE-- [fill = 0]
                  700d5850    00000128     freertos.am263px.r5f.ti-arm-clang.debug.lib : port.obj (.text.pxPortInitialiseStack)
                  700d5978    00000008     --HOLE-- [fill = 0]
                  700d5980    00000128     lwip-freertos.am263px.r5f.ti-arm-clang.debug.lib : stats.obj (.text.stats_display_proto)
                  700d5aa8    00000008     --HOLE-- [fill = 0]
                  700d5ab0    00000126     drivers.am263px.r5f.ti-arm-clang.freertos.debug.lib : soc.obj (.text.SOC_controlModuleLockMMR)
                  700d5bd6    0000000a     --HOLE-- [fill = 0]
                  700d5be0    00000126     lwip-freertos.am263px.r5f.ti-arm-clang.debug.lib : pbuf.obj (.text.pbuf_take_at)
                  700d5d06    0000000a     --HOLE-- [fill = 0]
                  700d5d10    00000126                                                      : timeouts.obj (.text.sys_timeout_abs)
                  700d5e36    0000000a     --HOLE-- [fill = 0]
[...]
700fc401  LwipifEnetApp_getHandle                                                
700fc421  TaskP_exit                                                             
700fc481  vApplicationIdleHook                                                   
700fc491  Drivers_uartInit                                                       
700fc4a1  EnetOsal_disableAllIntr                                                
700fc4d1  EnetBoard_getId                                                        
700fc4e1  EnetOsal_timerRead                                                     
700fc4f1  EnetSoc_getEnetNum                                                     
700fc501  TaskP_yield                                                            
700fc511  Board_init                                                             
700fc531  IpcNotify_wait                                                         
700fc551  mem_init                                                               
700fc561  netif_init                                                             
700fc571  vPortConfigTimerForRunTimeStats                                        
700fc581  vPortValidateInterruptPriority                                         
700fcd4e  gCR5ClkSrcInfoMap                                                      
700fcd50  gCacheConfig                                                           
700fcd58  gMpuConfig                                                             
700fcd64  gMpuRegionConfig                                                       
700fcf74  gMpuRegionSizeInBytes                                                  
700fe57c  memp_pools                                                             
700ff844  gADPLLJConfigTbl                                                       
701001d8  lwip_cyclic_timers                                                     
70104220  I2C_defaultTransaction                                                 
7010a048  I2C_lld_defaultMessage                                                 
7010a150  gPeripheralClkSrcInfoMap                                               
7010b228  memp_ALTCP_PCB                                                         
7010b23c  memp_ARP_QUEUE                                                         
7010b250  memp_FRAG_PBUF                                                         
7010b264  memp_IGMP_GROUP                                                        
7010b278  memp_NETBUF                                                            
7010b28c  memp_NETCONN                                                           
7010b2a0  memp_NETDB                                                             
7010b2b4  memp_PBUF                                                              
7010b2c8  memp_PBUF_POOL                                                         
7010b2dc  memp_POOL_128                                                          
7010b2f0  memp_POOL_1568                                                         
7010b304  memp_POOL_4096                                                         
7010b318  memp_RAW_PCB                                                           
7010b32c  memp_REASSDATA                                                         
7010b340  memp_RX_POOL                                                           
7010b354  memp_SYS_MBOX                                                          
7010b368  memp_SYS_TIMEOUT                                                       
7010b37c  memp_TCPIP_MSG_API                                                     
7010b390  memp_TCPIP_MSG_INPKT                                                   
7010b3a4  memp_TCP_PCB                                                           
7010b3b8  memp_TCP_PCB_LISTEN                                                    
7010b3cc  memp_TCP_SEG                                                           
7010b3e0  memp_UDP_PCB                                                           
7010c54c  tcp_pcb_lists                                                          
7010cbb4  g_EnetApp_dmaChParams                                                  
7010d0a0  gEnetPhyDrvTbl                                                         
7010d0b0  gXTALInfo                                                              
7010d1a8  ethbroadcast                                                           
7010d1ae  ethzero                                                                
7010d2fc  gCacheL1dCacheLineSize                                                 
7010d300  gCacheL1pCacheLineSize                                                 
7010d304  gStaticIP                                                              
7010d308  gStaticIPGateway                                                       
7010d30c  gStaticIPNetmask                                                       
7010d310  ip_addr_any                                                            
7010d314  ip_addr_broadcast                                                      
70125380  gEdmaConfig                                                            
70125380  gEnetSoc_cpsw3g                                                        
70125380  gUartDmaHandle                                                         
70126ee0  gEnetSoc_dmaObj                                                        
70129730  gEnetSoc_cpsw3gMacObj                                                  
70129ad0  gEnetCpswCfg                                                           
7012a7c8  gEnetPhyDrvDp83869                                                     
7012a8cc  gEnetPhyDrvGeneric                                                     
7012a9d0  gIpcNotifyMailboxConfig                                                
7012abc8  _ftable                                                                
7012b788  _device                                                                
7012bad8  gUartParams                                                            
7012bbd4  _stream                                                                
7012bdb8  gEnetSoc_cpsw3gSocCfg                                                  
7012be20  gEnetMacAddrPool                                                       
7012be50  gSocModulesClockFrequency                                              
7012beb8  gClockConfig                                                           
7012bf18  gDmaCfg                                                                
7012bf90  gIpcNotifyInterruptConfig_r5fss0_0                                     
7012bfd8  Cpsw_gSpeedNames                                                       
7012bfe8  gEepromFxns_CAT24M                                                     
7012bff8  gIpcNotifyCoreIntrBitPos                                               
7012c008  gSocModules                                                            
7012c018  Cpsw_gDuplexNames                                                      
7012c024  gAddrTranslateConfig                                                   
7012c03c  gEepromAttrs_CAT24M                                                    
7012c048  gEepromConfig                                                          
7012c054  gEnetSoc_perObj                                                        
7012c060  gI2cParams                                                             
7012c06c  __TI_cleanup_ptr                                                       
7012c070  __TI_dtors_ptr                                                         
7012c074  gEepromParams                                                          
7012c07c  gI2cConfig                                                             
7012c08c  gUartConfig                                                            
7012c0a8  FreeRTOS_errno                                                         
7012c0ac  __TI_ft_end                                                            
7012c0b0  _lock                                                                  
7012c0b4  _unlock                                                                
7012c0d4  gDebugLogZone                                                          
7012c0dc  gDebugMemLogSize                                                       
7012c0e8  gDebugP_uartDrvIndex                                                   
7012c0ec  gEdmaConfigNum                                                         
7012c0f0  gEepromConfigNum                                                       
7012c0f4  gEnetOsalHwiAllocCnt                                                   
7012c0f8  gEnetOsalHwiPeak                                                       
7012c0fc  gEnetOsalSemAllocCnt                                                   
7012c100  gEnetOsalSemPeak                                                       
7012c104  gHwiConfig                                                             
7012c108  gI2cConfigNum                                                          
7012c10c  gIpcNotifyInterruptConfigNum_r5fss0_0                                  
7012c110  gIpcTask                                                               
7012c114  gLogReaderTask                                                         
7012c118  gMainTask                                                              
7012c11c  gUartConfigNum                                                         
7012c120  gUartDmaChConfig                                                       
7012c124  gUdpTxTask                                                             
7012c12c  g_netif                                                                
7012c130  g_pbuf_alloc_count                                                     
7012c134  g_pbuf_alloc_fail_count                                                
7012c138  g_pbuf_free_count                                                      
7012c144  g_udp_sendto_count                                                     
7012c14c  hlwipIfApp                                                             
7012c158  pxCurrentTCB                                                           
7012c170  ulPortInterruptNesting                                                 
7012c174  ulPortSchedularRunning                                                 
7012c178  ulPortTaskHasFPUContext                                                
7012c17c  ulPortYieldRequired                                                    
7012c1f9  gEnetTrace_runtimeLevel                                                
7012c1fb  isMapAvailable                                                         
7012c201  HwiP_enableInt                                                         
7012c241  HwiP_disableInt                                                        
7012c2a1  HwiP_restoreInt                                                        
7012c2d1  HwiP_clearInt                                                          
7012c311  HwiP_post                                                              
7012c351  HwiP_Params_init                                                       
7012c381  HwiP_construct                                                         
7012c571  HwiP_destruct                                                          
7012c5e1  HwiP_init                                                              
7012c791  HwiP_inISR                                                             
7012c7c1  HwiP_setVimIrqPriMaskNonAtomic                                         
7012c811  HwiP_setVimIrqPriMaskAtomic                                            
7012c8b1  HwiP_restoreVimIrqPriMask                                              
7012c8c1  HwiP_irq_handler_c                                                     
7012ca61  HwiP_fiq_handler                                                       
7012cbd1  HwiP_reserved_handler                                                  
7012cc11  HwiP_undefined_handler_c                                               
7012cc31  HwiP_user_undefined_handler_c                                          
7012cc51  HwiP_prefetch_abort_handler_c                                          
7012ccf1  HwiP_user_prefetch_abort_handler_c                                     
7012cd31  HwiP_data_abort_handler_c                                              
7012cdf1  HwiP_user_data_abort_handler_c                                         
7012ce2c  vPortRestoreTaskContext                                                
7012ce64  HwiP_svc_handler                                                       
7012ced4  HwiP_irq_handler                                                       
7012d018  HwiP_data_abort_handler                                                
7012d05c  HwiP_prefetch_abort_handler                                            
7012d0a8  HwiP_undefined_handler                                                 
7012d0d8  GET_DFSR                                                               
7012d0e0  GET_ADFSR                                                              
7012d0e8  GET_DFAR                                                               
7012d0f0  GET_IFSR                                                               
7012d0f8  GET_AIFSR                                                              
7012d100  GET_IFAR                                                               
7012d108  GET_SPSR                                                               
7012d11c  HwiP_disable                                                           
7012d12c  HwiP_disableFIQ                                                        
7012d13c  HwiP_enable                                                            
7012d14c  HwiP_enableFIQ                                                         
7012d15c  HwiP_restore                                                           
7012d164  HwiP_enableVIC                                                         
7012d174  HwiP_disableVIC                                                        
7012d184  HwiP_getCPSR                                                           
7012d190  CacheP_disableL1d                                                      
7012d1b8  CacheP_disableL1p                                                      
7012d1d0  CacheP_enableL1d                                                       
7012d1e8  CacheP_enableL1p                                                       
7012d200  CacheP_invL1d                                                          
7012d238  CacheP_invL1p                                                          
7012d274  CacheP_invL1dAll                                                       
7012d27c  CacheP_invL1pAll                                                       
7012d284  CacheP_wb                                                              
7012d2c0  CacheP_wbInv                                                           
7012d2fc  CacheP_wbAll                                                           
7012d3a4  CacheP_wbInvAll                                                        
7012d3bc  CacheP_wbInvAllAsm                                                     
7012d45c  CacheP_getEnabled                                                      
7012d494  CacheP_getCacheLevelInfo                                               
7012d4a0  CacheP_configForceWrThru                                               
7012d4c0  CacheP_setDLFO                                                         
7012d4d1  CacheP_init                                                            
7012d561  CacheP_disable                                                         
7012d5b1  CacheP_enable                                                          
7012d5f1  CacheP_inv                                                             
7012d631  MpuP_getAttrs                                                          
7012d691  MpuP_RegionAttrs_init                                                  
7012d6c1  MpuP_setRegion                                                         
7012d751  MpuP_isEnable                                                          
7012d761  MpuP_disable                                                           
7012d7a1  MpuP_enable                                                            
7012d7f1  MpuP_init                                                              
7012d891  MpuP_isUserAuthorizedToAccessMemory                                    
7012d970  MpuP_disableAsm                                                        
7012d988  MpuP_disableBRAsm                                                      
7012d998  MpuP_enableAsm                                                         
7012d9b0  MpuP_enableBRAsm                                                       
7012d9c0  MpuP_isEnableAsm                                                       
7012d9d4  MpuP_setRegionAsm                                                      
7012d9f0  _c_int00_sbl                                                           
7012da14  _c_int00                                                               
7012db41  _DebugP_assertNoLog                                                    
7012db71  _system_pre_init                                                       
7012dba1  __mpu_init                                                             
7012dbb0  abort                                                                  
7012dbb8  __IRQ_STACK_START                                                      
7012dcb8  __FIQ_STACK_START                                                      
7012dcb8  __IRQ_STACK_END                                                        
7012ddb8  __FIQ_STACK_END                                                        
7012ddb8  __SVC_STACK_START                                                      
7012edb8  __ABORT_STACK_START                                                    
7012edb8  __SVC_STACK_END                                                        
7012eeb8  __ABORT_STACK_END                                                      
7012eeb8  __UNDEFINED_STACK_START                                                
7012efb8  __UNDEFINED_STACK_END                                                  
70200000  gGatewaySharedMem                                                      
70204e14  dbg_ipc_recv_count                                                     
70204e18  dbg_udp_rx_count                                                       
70204e1c  dbg_udp_tx_count                                                       
70204e20  dbg_error_count                                                        
70204e24  dbg_last_error_code                                                    
70204e28  dbg_imu_frame_count                                                    
70208000  gDebugShmLog                                                           
ffffffff  __TI_pprof_out_hndl                                                    
ffffffff  __TI_prof_data_size                                                    
ffffffff  __TI_prof_data_start                                                   
ffffffff  __binit__                                                              
ffffffff  binit                                                                  
UNDEFED   __TI_CINIT_Base                                                        
UNDEFED   __TI_CINIT_Limit                                                       
UNDEFED   __TI_Handler_Table_Base                                                
UNDEFED   __TI_Handler_Table_Limit                                               
UNDEFED   _system_post_cinit                                                     

[1414 symbols]
