******************************************************************************
            TI ARM Clang Linker PC v4.0.4                      
******************************************************************************
>> Linked Wed Apr  1 09:34:14 2026

OUTPUT FILE NAME:   <ccu_ti_multi_core_freertos.out>
ENTRY POINT SYMBOL: "_vectors"  address: 00000000


MEMORY CONFIGURATION

         name            origin    length      used     unused   attr    fill
----------------------  --------  ---------  --------  --------  ----  --------
  R5F_VECS              00000000   00000040  00000040  00000000  RWIX
  R5F_TCMA              00000040   00007fc0  00000000  00007fc0  RWIX
  R5F_TCMB              00080000   00008000  00000000  00008000  RWIX
  MAILBOX_HSM           44000000   000003ce  00000000  000003ce  RWIX
  MAILBOX_R5F           44000400   000003ce  00000000  000003ce  RWIX
  FLASH                 60100000   00080000  00000000  00080000  RWIX
  SBL                   70000000   00040000  00000000  00040000  RWIX
  OCRAM                 70040000   00140000  000c2128  0007ded8  RWIX
  USER_SHM_MEM          70200000   00008000  00004d48  000032b8  RWIX
  LOG_SHM_MEM           70208000   00004000  00002000  00002000  RWIX
  ENET_CPPI_DESC        70280000   00040000  00000a00  0003f600  RWIX
  RTOS_NORTOS_IPC_SHM_M 72000000   00003e80  00000000  00003e80  RWIX


SEGMENT ALLOCATION MAP

run origin  load origin   length   init length attrs members
----------  ----------- ---------- ----------- ----- -------
00000000    00000000    00000040   00000040    r-x
  00000000    00000000    00000040   00000040    r-x .vectors
70040000    70040000    00060a38   00060a38    r-x
  70040000    70040000    000503e0   000503e0    r-x .text
  700903e0    700903e0    00010658   00010658    r-- .rodata
700a0a40    700a0a40    0003fc80   00000000    rw-
  700a0a40    700a0a40    00033c80   00000000    rw- .bss
  700d46c0    700d46c0    00008000   00000000    rw- .sysmem
  700dc6c0    700dc6c0    00004000   00000000    rw- .stack
700f8700    700f8700    00006cb8   00006cb8    rw-
  700f8700    700f8700    00006cb8   00006cb8    rw- .data
700ff3c0    700ff3c0    000019b8   000019b8    r-x
  700ff3c0    700ff3c0    00000f90   00000f90    r-x .text.hwi
  70100350    70100350    000004a0   000004a0    r-x .text.cache
  701007f0    701007f0    000003c0   000003c0    r-x .text.mpu
  70100bb0    70100bb0    000001c0   000001c0    r-x .text.boot
  70100d70    70100d70    00000008   00000008    r-x .text:abort
70100d78    70100d78    00001400   00000000    rw-
  70100d78    70100d78    00000100   00000000    rw- .irqstack
  70100e78    70100e78    00000100   00000000    rw- .fiqstack
  70100f78    70100f78    00001000   00000000    rw- .svcstack
  70101f78    70101f78    00000100   00000000    rw- .abortstack
  70102078    70102078    00000100   00000000    rw- .undefinedstack


SECTION ALLOCATION MAP

 output                                  attributes/
section   page    origin      length       input sections
--------  ----  ----------  ----------   ----------------
.vectors   0    00000000    00000040     
                  00000000    00000040     freertos.am263px.r5f.ti-arm-clang.debug.lib : HwiP_armv7r_vectors_freertos_asm.obj (.vectors)

.text      0    70040000    000503e0     
                  70040000    000011da     lwip-freertos.am263px.r5f.ti-arm-clang.debug.lib : tcp_in.obj (.text.tcp_receive)
                  700411da    00000002     --HOLE-- [fill = 0]
                  700411dc    00000004     libclang_rt.builtins.a : aeabi_div0.c.obj (.text.__aeabi_idiv0)
                  700411e0    00000c3e     lwip-freertos.am263px.r5f.ti-arm-clang.debug.lib : tcp_in.obj (.text.tcp_input)
                  70041e1e    00000002     --HOLE-- [fill = 0]
                  70041e20    00000ad8                                                      : tcp_in.obj (.text.tcp_process)
                  700428f8    00000008     libsysbm.a : hostexit.c.obj (.text.HOSTexit)
                  70042900    00000abe     enet-cpsw.am263px.r5f.ti-arm-clang.freertos.debug.lib : enet_cpdma.obj (.text.EnetCpdma_dequeueTx)
                  700433be    00000002     --HOLE-- [fill = 0]
                  700433c0    00000a34     freertos.am263px.r5f.ti-arm-clang.debug.lib : printf.obj (.text._vsnprintf)
                  70043df4    0000000c     libclang_rt.builtins.a : aeabi_memset.S.obj (.text.__aeabi_memclr)
                  70043e00    0000099a     enet-cpsw.am263px.r5f.ti-arm-clang.freertos.debug.lib : enet_cpdma.obj (.text.EnetCpdma_dequeueRx)
                  7004479a    00000002     --HOLE-- [fill = 0]
                  7004479c    00000004     libclang_rt.builtins.a : aeabi_div0.c.obj (.text.__aeabi_ldiv0)
                  700447a0    00000960     lwip-freertos.am263px.r5f.ti-arm-clang.debug.lib : tcp.obj (.text.tcp_slowtmr)
                  70045100    000007a4     drivers.am263px.r5f.ti-arm-clang.freertos.debug.lib : i2c_v1_lld.obj (.text.I2C_lld_primeTransferPoll)
                  700458a4    0000000c     libc.a : memory.c.obj (.text.malloc)
                  700458b0    00000678     drivers.am263px.r5f.ti-arm-clang.freertos.debug.lib : soc_rcm.obj (.text.SOC_rcmGetClkSrcAndDivReg)
                  70045f28    00000004     libclang_rt.builtins.a : aeabi_memcpy.S.obj (.text.__aeabi_memcpy)
                  70045f2c    00000004     libc.a : _lock.c.obj (.text._nop)
                  70045f30    00000654     lwip-freertos.am263px.r5f.ti-arm-clang.debug.lib : dhcp.obj (.text.dhcp_parse_reply)
                  70046584    0000000c     freertos.am263px.r5f.ti-arm-clang.debug.lib : CpuId_armv7r_asm.obj (.text)
                  70046590    00000638     drivers.am263px.r5f.ti-arm-clang.freertos.debug.lib : soc_rcm.obj (.text.SOC_rcmEnablePeripheralClock)
                  70046bc8    00000004     libc.a : fseek.c.obj (.text.fseek)
                  70046bcc    00000004     libsysbm.a : remove.c.obj (.text.remove)
                  70046bd0    00000610     lwipif-cpsw-freertos.am263px.r5f.ti-arm-clang.debug.lib : lwip2enet.obj (.text.Lwip2Enet_open)
                  700471e0    00000606     enet-cpsw.am263px.r5f.ti-arm-clang.freertos.debug.lib : enet_cpdma.obj (.text.EnetCpdma_enqueueRx)
                  700477e6    0000000a     --HOLE-- [fill = 0]
                  700477f0    000005e2     freertos.am263px.r5f.ti-arm-clang.debug.lib : printf.obj (.text._ftoa)
                  70047dd2    0000000e     --HOLE-- [fill = 0]
                  70047de0    00000552     enet-cpsw.am263px.r5f.ti-arm-clang.freertos.debug.lib : cpsw_ale.obj (.text.CpswAle_open)
                  70048332    0000000e     --HOLE-- [fill = 0]
                  70048340    0000054c     lwip-freertos.am263px.r5f.ti-arm-clang.debug.lib : ip4.obj (.text.ip4_input)
                  7004888c    00000004     --HOLE-- [fill = 0]
                  70048890    0000050e                                                      : icmp.obj (.text.icmp_input)
                  70048d9e    00000002     --HOLE-- [fill = 0]
                  70048da0    00000506     enet-cpsw.am263px.r5f.ti-arm-clang.freertos.debug.lib : enet_cpdma.obj (.text.EnetCpdma_enqueueTx)
                  700492a6    0000000a     --HOLE-- [fill = 0]
                  700492b0    000004d8     lwip-freertos.am263px.r5f.ti-arm-clang.debug.lib : tcp_out.obj (.text.tcp_output)
                  70049788    00000008     --HOLE-- [fill = 0]
                  70049790    000004b0     freertos.am263px.r5f.ti-arm-clang.debug.lib : printf.obj (.text._etoa)
                  70049c40    000004ae     lwip-freertos.am263px.r5f.ti-arm-clang.debug.lib : udp.obj (.text.udp_input)
                  7004a0ee    00000002     --HOLE-- [fill = 0]
                  7004a0f0    00000492                                                      : etharp.obj (.text.etharp_query)
                  7004a582    0000000e     --HOLE-- [fill = 0]
                  7004a590    0000048a                                                      : etharp.obj (.text.etharp_find_entry)
                  7004aa1a    00000006     --HOLE-- [fill = 0]
                  7004aa20    00000486                                                      : ip4_frag.obj (.text.ip4_reass)
                  7004aea6    0000000a     --HOLE-- [fill = 0]
                  7004aeb0    00000466     board.am263px.r5f.ti-arm-clang.freertos.debug.lib : dp83869.obj (.text.Dp83869_printRegs)
                  7004b316    0000000a     --HOLE-- [fill = 0]
                  7004b320    00000446     enet-cpsw.am263px.r5f.ti-arm-clang.freertos.debug.lib : cpsw_macport.obj (.text.CpswMacPort_open)
                  7004b766    0000000a     --HOLE-- [fill = 0]
                  7004b770    0000043e                                                           : enet_rm.obj (.text.EnetRm_detachCore)
                  7004bbae    00000002     --HOLE-- [fill = 0]
                  7004bbb0    00000404     drivers.am263px.r5f.ti-arm-clang.freertos.debug.lib : uart_v0.obj (.text.UART_open)
                  7004bfb4    0000000c     --HOLE-- [fill = 0]
                  7004bfc0    000003e2     enet-cpsw.am263px.r5f.ti-arm-clang.freertos.debug.lib : enet_rm.obj (.text.EnetRm_close)
                  7004c3a2    0000000e     --HOLE-- [fill = 0]
                  7004c3b0    000003dc     drivers.am263px.r5f.ti-arm-clang.freertos.debug.lib : ipc_notify_v1.obj (.text.IpcNotify_init)
                  7004c78c    000003dc     libc.a : _printfi.c.obj (.text:__TI_printfi_minimal)
                  7004cb68    00000008     --HOLE-- [fill = 0]
                  7004cb70    000003d2     drivers.am263px.r5f.ti-arm-clang.freertos.debug.lib : soc.obj (.text.SOC_phyToVirt)
                  7004cf42    0000000e     --HOLE-- [fill = 0]
                  7004cf50    000003be     lwip-freertos.am263px.r5f.ti-arm-clang.debug.lib : ip4_frag.obj (.text.ip_reass_chain_frag_into_datagram_and_validate)
                  7004d30e    00000002     --HOLE-- [fill = 0]
                  7004d310    000003ba                                                      : udp.obj (.text.udp_sendto_if_src)
                  7004d6ca    00000006     --HOLE-- [fill = 0]
                  7004d6d0    000003b0                                                      : tcp_out.obj (.text.tcp_split_unsent_seg)
                  7004da80    000003a2     enet-cpsw.am263px.r5f.ti-arm-clang.freertos.debug.lib : cpsw.obj (.text.Cpsw_registerIntrs)
                  7004de22    0000000e     --HOLE-- [fill = 0]
                  7004de30    00000398                                                           : mdio.obj (.text.Mdio_open)
                  7004e1c8    00000018     libc.a : memset32.S.obj (.text:TI_memset_small)
                  7004e1e0    00000390            : strcmp32.S.obj (.text:strcmp)
                  7004e570    00000380     lwip-freertos.am263px.r5f.ti-arm-clang.debug.lib : ip4_frag.obj (.text.ip4_frag)
                  7004e8f0    0000036e     enet-cpsw.am263px.r5f.ti-arm-clang.freertos.debug.lib : cpsw.obj (.text.Cpsw_handleLinkDown)
                  7004ec5e    00000002     --HOLE-- [fill = 0]
                  7004ec60    0000036a                                                           : enet_appmemutils.obj (.text.EnetMem_initCore)
                  7004efca    00000006     --HOLE-- [fill = 0]
                  7004efd0    00000362     lwipif-cpsw-freertos.am263px.r5f.ti-arm-clang.debug.lib : lwip2enet.obj (.text.Lwip2Enet_prepRxPktQ)
                  7004f332    0000000e     --HOLE-- [fill = 0]
                  7004f340    00000356     drivers.am263px.r5f.ti-arm-clang.freertos.debug.lib : i2c_v1.obj (.text.I2C_open)
                  7004f696    0000000a     --HOLE-- [fill = 0]
                  7004f6a0    0000034a     enet-cpsw.am263px.r5f.ti-arm-clang.freertos.debug.lib : cpsw.obj (.text.Cpsw_openInternal)
                  7004f9ea    00000006     --HOLE-- [fill = 0]
                  7004f9f0    0000033a                                                           : cpsw_ioctl.obj (.text.Cpsw_openPortLinkNoPhy)
                  7004fd2a    00000006     --HOLE-- [fill = 0]
                  7004fd30    00000330                                                           : cpsw.obj (.text.Cpsw_open)
                  70050060    00000326     lwip-freertos.am263px.r5f.ti-arm-clang.debug.lib : ip4.obj (.text.ip4_output_if_opt_src)
                  70050386    0000000a     --HOLE-- [fill = 0]
                  70050390    00000320     motor_mapping.o (.text.motor_mapping_init_core0)
                  700506b0    0000031e     lwip-freertos.am263px.r5f.ti-arm-clang.debug.lib : tcp_out.obj (.text.tcp_enqueue_flags)
                  700509ce    00000002     --HOLE-- [fill = 0]
                  700509d0    00000302     drivers.am263px.r5f.ti-arm-clang.freertos.debug.lib : soc.obj (.text.SOC_virtToPhy)
                  70050cd2    0000000e     --HOLE-- [fill = 0]
                  70050ce0    000002f8     lwip-freertos.am263px.r5f.ti-arm-clang.debug.lib : pbuf.obj (.text.pbuf_alloc)
                  70050fd8    00000008     --HOLE-- [fill = 0]
                  70050fe0    000002f2     enet-cpsw.am263px.r5f.ti-arm-clang.freertos.debug.lib : enet_cpdma.obj (.text.EnetCpdma_open)
                  700512d2    0000000e     --HOLE-- [fill = 0]
                  700512e0    000002e6                                                           : csl_cpsw.obj (.text.CSL_CPSW_setPortRxDscpMap)
                  700515c6    0000000a     --HOLE-- [fill = 0]
                  700515d0    000002e6     ti_enet_open_close.o (.text.EnetApp_driverOpen)
                  700518b6    0000000a     --HOLE-- [fill = 0]
                  700518c0    000002de     lwip-freertos.am263px.r5f.ti-arm-clang.debug.lib : etharp.obj (.text.etharp_output)
                  70051b9e    00000002     --HOLE-- [fill = 0]
                  70051ba0    000002da     enet-cpsw.am263px.r5f.ti-arm-clang.freertos.debug.lib : cpsw.obj (.text.Cpsw_periodicTick)
                  70051e7a    00000006     --HOLE-- [fill = 0]
                  70051e80    000002d2                                                           : enetphy.obj (.text.EnetPhy_enableState)
                  70052152    0000000e     --HOLE-- [fill = 0]
                  70052160    000002cc     xgw_udp_interface.o (.text.xgw_udp_process_motor_cmd)
                  7005242c    00000004     --HOLE-- [fill = 0]
                  70052430    000002bc     lwip-freertos.am263px.r5f.ti-arm-clang.debug.lib : tcp_out.obj (.text.tcp_output_segment)
                  700526ec    00000004     --HOLE-- [fill = 0]
                  700526f0    000002ba     drivers.am263px.r5f.ti-arm-clang.freertos.debug.lib : i2c_v1_lld.obj (.text.I2C_lld_controllerIsr)
                  700529aa    00000006     --HOLE-- [fill = 0]
                  700529b0    000002ba     lwip-freertos.am263px.r5f.ti-arm-clang.debug.lib : pbuf.obj (.text.pbuf_copy_partial_pbuf)
                  70052c6a    00000006     --HOLE-- [fill = 0]
                  70052c70    000002b8     enet-cpsw.am263px.r5f.ti-arm-clang.freertos.debug.lib : cpsw.obj (.text.Cpsw_handleLinkUp)
                  70052f28    00000008     --HOLE-- [fill = 0]
                  70052f30    000002aa     lwip-freertos.am263px.r5f.ti-arm-clang.debug.lib : netif.obj (.text.netif_add)
                  700531da    00000006     --HOLE-- [fill = 0]
                  700531e0    000002a8     enet-cpsw.am263px.r5f.ti-arm-clang.freertos.debug.lib : cpsw_ale.obj (.text.CpswAle_addVlan)
                  70053488    00000008     --HOLE-- [fill = 0]
                  70053490    0000029e     lwip-freertos.am263px.r5f.ti-arm-clang.debug.lib : tcp_in.obj (.text.tcp_listen_input)
                  7005372e    00000002     --HOLE-- [fill = 0]
                  70053730    0000029a     drivers.am263px.r5f.ti-arm-clang.freertos.debug.lib : i2c_v1_lld.obj (.text.I2C_lld_targetIsr)
                  700539ca    00000006     --HOLE-- [fill = 0]
                  700539d0    00000296     lwip-freertos.am263px.r5f.ti-arm-clang.debug.lib : tcp.obj (.text.tcp_close_shutdown)
                  70053c66    0000000a     --HOLE-- [fill = 0]
                  70053c70    00000290     enet-cpsw.am263px.r5f.ti-arm-clang.freertos.debug.lib : cpsw.obj (.text.Cpsw_registerIoctlHandler)
                  70053f00    0000028e                                                           : csl_cpsw.obj (.text.CSL_CPSW_setAlePolicerEntry)
                  7005418e    00000002     --HOLE-- [fill = 0]
                  70054190    00000286                                                           : csl_cpsw.obj (.text.CSL_CPSW_getAlePolicerEntry)
                  70054416    0000000a     --HOLE-- [fill = 0]
                  70054420    0000027e                                                           : cpsw_ale.obj (.text.CpswAle_findVlan)
                  7005469e    00000002     --HOLE-- [fill = 0]
                  700546a0    0000027e     drivers.am263px.r5f.ti-arm-clang.freertos.debug.lib : uart_dma_edma.obj (.text.UART_edmaChInit)
                  7005491e    00000002     --HOLE-- [fill = 0]
                  70054920    0000027a     enet-cpsw.am263px.r5f.ti-arm-clang.freertos.debug.lib : cpsw.obj (.text.Cpsw_ioctl)
                  70054b9a    00000006     --HOLE-- [fill = 0]
                  70054ba0    00000272     test.o (.text.test_netif_init)
                  70054e12    0000000e     --HOLE-- [fill = 0]
                  70054e20    00000266     enet-cpsw.am263px.r5f.ti-arm-clang.freertos.debug.lib : cpsw_est_ioctl.obj (.text.CpswEst_ioctl_handler_ENET_TAS_IOCTL_SET_STATE)
                  70055086    0000000a     --HOLE-- [fill = 0]
                  70055090    00000266     freertos.am263px.r5f.ti-arm-clang.debug.lib : tasks.obj (.text.xTaskIncrementTick)
                  700552f6    0000000a     --HOLE-- [fill = 0]
                  70055300    0000025a     lwip-freertos.am263px.r5f.ti-arm-clang.debug.lib : ip4_frag.obj (.text.ip_reass_free_complete_datagram)
                  7005555a    00000006     --HOLE-- [fill = 0]
                  70055560    0000025a     freertos.am263px.r5f.ti-arm-clang.debug.lib : tasks.obj (.text.xTaskResumeAll)
                  700557ba    00000006     --HOLE-- [fill = 0]
                  700557c0    00000254     lwip-freertos.am263px.r5f.ti-arm-clang.debug.lib : igmp.obj (.text.igmp_input)
                  70055a14    0000000c     --HOLE-- [fill = 0]
                  70055a20    00000250     drivers.am263px.r5f.ti-arm-clang.freertos.debug.lib : edma.obj (.text.Alloc_resource)
                  70055c70    0000024c     enet-cpsw.am263px.r5f.ti-arm-clang.freertos.debug.lib : cpsw_macport_ioctl.obj (.text.CpswMacPort_enablePort)
                  70055ebc    00000004     --HOLE-- [fill = 0]
                  70055ec0    00000246     lwip-freertos.am263px.r5f.ti-arm-clang.debug.lib : dns.obj (.text.dns_send)
                  70056106    0000000a     --HOLE-- [fill = 0]
                  70056110    00000242     enet-cpsw.am263px.r5f.ti-arm-clang.freertos.debug.lib : enetphy.obj (.text.EnetPhy_bindDriver)
                  70056352    0000000e     --HOLE-- [fill = 0]
                  70056360    00000242     drivers.am263px.r5f.ti-arm-clang.freertos.debug.lib : uart_v0_lld.obj (.text.UART_fifoConfig)
                  700565a2    0000000e     --HOLE-- [fill = 0]
                  700565b0    00000240     main.o (.text.core0_init)
                  700567f0    0000023e     enet-cpsw.am263px.r5f.ti-arm-clang.freertos.debug.lib : cpsw_cpts_ioctl.obj (.text.CpswCpts_handleEvents)
                  70056a2e    00000002     --HOLE-- [fill = 0]
                  70056a30    0000023e     freertos.am263px.r5f.ti-arm-clang.debug.lib : printf.obj (.text._ntoa_format)
                  70056c6e    00000002     --HOLE-- [fill = 0]
                  70056c70    00000238     main.o (.text.freertos_main)
                  70056ea8    00000008     --HOLE-- [fill = 0]
                  70056eb0    00000234     enet-cpsw.am263px.r5f.ti-arm-clang.freertos.debug.lib : cpsw_hostport.obj (.text.CpswHostPort_open)
                  700570e4    0000000c     --HOLE-- [fill = 0]
                  700570f0    00000230                                                           : enet_appmemutils.obj (.text.EnetMem_allocEthPkt)
                  70057320    0000022c                                                           : enet_cpdma_priv.obj (.text.EnetCpdma_memMgrInit)
                  7005754c    00000004     --HOLE-- [fill = 0]
                  70057550    0000022a     lwipif-cpsw-freertos.am263px.r5f.ti-arm-clang.debug.lib : lwip2lwipif.obj (.text.LWIPIF_LWIP_getChkSumInfo)
                  7005777a    00000006     --HOLE-- [fill = 0]
                  70057780    0000022a     lwip-freertos.am263px.r5f.ti-arm-clang.debug.lib : dhcp.obj (.text.dhcp_select)
                  700579aa    00000006     --HOLE-- [fill = 0]
                  700579b0    00000226     drivers.am263px.r5f.ti-arm-clang.freertos.debug.lib : uart_dma_edma.obj (.text.UART_lld_dmaDeInit)
                  70057bd6    0000000a     --HOLE-- [fill = 0]
                  70057be0    00000222                                                         : ipc_notify_v1.obj (.text.IpcNotify_isr)
                  70057e02    0000000e     --HOLE-- [fill = 0]
                  70057e10    00000220     enet-cpsw.am263px.r5f.ti-arm-clang.freertos.debug.lib : enet_cpdma.obj (.text.EnetCpdma_closeTxCh)
                  70058030    00000220                                                           : enet_rm_ioctl.obj (.text.EnetRm_allocMacAddr)
                  70058250    00000220     freertos.am263px.r5f.ti-arm-clang.debug.lib : tasks.obj (.text.vTaskGenericNotifyGiveFromISR)
                  70058470    00000220                                                 : queue.obj (.text.xQueueGenericSend)
                  70058690    0000021a     enet-cpsw.am263px.r5f.ti-arm-clang.freertos.debug.lib : cpsw_stats.obj (.text.CpswStats_open)
                  700588aa    00000006     --HOLE-- [fill = 0]
                  700588b0    0000020a     lwip-freertos.am263px.r5f.ti-arm-clang.debug.lib : tcp.obj (.text.tcp_pcb_remove)
                  70058aba    00000006     --HOLE-- [fill = 0]
                  70058ac0    0000020a     freertos.am263px.r5f.ti-arm-clang.debug.lib : queue.obj (.text.xQueueSemaphoreTake)
                  70058cca    00000006     --HOLE-- [fill = 0]
                  70058cd0    00000206     enet-cpsw.am263px.r5f.ti-arm-clang.freertos.debug.lib : cpsw_cpts.obj (.text.CpswCpts_open)
                  70058ed6    0000000a     --HOLE-- [fill = 0]
                  70058ee0    00000206                                                           : enet_cpdma.obj (.text.EnetCpdma_closeRxCh)
                  700590e6    0000000a     --HOLE-- [fill = 0]
                  700590f0    00000206     lwip-freertos.am263px.r5f.ti-arm-clang.debug.lib : dhcp.obj (.text.dhcp_recv)
                  700592f6    0000000a     --HOLE-- [fill = 0]
                  70059300    00000204     enet-cpsw.am263px.r5f.ti-arm-clang.freertos.debug.lib : enetphy.obj (.text.EnetPhy_open)
                  70059504    0000000c     --HOLE-- [fill = 0]
                  70059510    000001fe                                                           : cpsw_stats_ioctl.obj (.text.CpswStats_readHostStats)
                  7005970e    00000002     --HOLE-- [fill = 0]
                  70059710    000001fe     lwip-freertos.am263px.r5f.ti-arm-clang.debug.lib : pbuf.obj (.text.pbuf_free)
                  7005990e    00000002     --HOLE-- [fill = 0]
                  70059910    000001fc     xgw_udp_interface.o (.text.xgw_udp_recv_callback)
                  70059b0c    00000004     --HOLE-- [fill = 0]
                  70059b10    000001f8     main.o (.text.build_and_send_udp_packet)
                  70059d08    00000008     --HOLE-- [fill = 0]
                  70059d10    000001f8     xgw_udp_interface.o (.text.xgw_udp_process_motor_set)
                  70059f08    00000008     --HOLE-- [fill = 0]
                  70059f10    000001f6     lwip-freertos.am263px.r5f.ti-arm-clang.debug.lib : dhcp.obj (.text.dhcp_create_msg)
                  7005a106    0000000a     --HOLE-- [fill = 0]
                  7005a110    000001f2     drivers.am263px.r5f.ti-arm-clang.freertos.debug.lib : i2c_v1.obj (.text.I2C_primeTransfer)
                  7005a302    0000000e     --HOLE-- [fill = 0]
                  7005a310    000001f2                                                         : i2c_v1.obj (.text.I2C_transfer)
                  7005a502    0000000e     --HOLE-- [fill = 0]
                  7005a510    000001ee     enet-cpsw.am263px.r5f.ti-arm-clang.freertos.debug.lib : cpsw_ale.obj (.text.CpswAle_setAleCfg)
                  7005a6fe    00000002     --HOLE-- [fill = 0]
                  7005a700    000001ee                                                           : cpsw_ioctl.obj (.text.Cpsw_openPortLinkWithPhy)
                  7005a8ee    00000002     --HOLE-- [fill = 0]
                  7005a8f0    000001ea                                                           : cpsw_hostport.obj (.text.CpswHostPort_ioctl)
                  7005aada    00000006     --HOLE-- [fill = 0]
                  7005aae0    000001ea                                                           : cpsw_stats.obj (.text.CpswStats_ioctl)
                  7005acca    00000006     --HOLE-- [fill = 0]
                  7005acd0    000001ea                                                           : cpsw_ioctl.obj (.text.Cpsw_openPortLink)
                  7005aeba    00000006     --HOLE-- [fill = 0]
                  7005aec0    000001ea     lwip-freertos.am263px.r5f.ti-arm-clang.debug.lib : tcp.obj (.text.tcp_abandon)
                  7005b0aa    00000006     --HOLE-- [fill = 0]
                  7005b0b0    000001e2     ti_enet_open_close.o (.text.EnetApp_initLinkArgs)
                  7005b292    0000000e     --HOLE-- [fill = 0]
                  7005b2a0    000001e2     lwip-freertos.am263px.r5f.ti-arm-clang.debug.lib : pbuf.obj (.text.pbuf_realloc)
                  7005b482    0000000e     --HOLE-- [fill = 0]
                  7005b490    000001e0     enet-cpsw.am263px.r5f.ti-arm-clang.freertos.debug.lib : cpsw_stats_ioctl.obj (.text.CpswStats_readMacStats)
                  7005b670    000001e0     lwip-freertos.am263px.r5f.ti-arm-clang.debug.lib : dhcp.obj (.text.dhcp_bind)
                  7005b850    000001da     enet-cpsw.am263px.r5f.ti-arm-clang.freertos.debug.lib : enet.obj (.text.Enet_validateIoctl)
                  7005ba2a    00000006     --HOLE-- [fill = 0]
                  7005ba30    000001d8     freertos.am263px.r5f.ti-arm-clang.debug.lib : queue.obj (.text.xQueueReceive)
                  7005bc08    00000008     --HOLE-- [fill = 0]
                  7005bc10    000001d6                                                 : TimerP_rti_priv.obj (.text.TimerP_setupPriv)
                  7005bde6    0000000a     --HOLE-- [fill = 0]
                  7005bdf0    000001d4     ti_enet_lwipif.o (.text.LwipifEnetAppCb_getRxHandleInfo)
                  7005bfc4    0000000c     --HOLE-- [fill = 0]
                  7005bfd0    000001d4     enet-cpsw.am263px.r5f.ti-arm-clang.freertos.debug.lib : mdio.obj (.text.Mdio_ioctl)
                  7005c1a4    000001d0     libclang_rt.builtins.a : udivsi3.S.obj (.text.__udivsi3)
                  7005c374    0000000c     --HOLE-- [fill = 0]
                  7005c380    000001ce     xgw_udp_interface.o (.text.xgw_udp_start)
                  7005c54e    00000002     --HOLE-- [fill = 0]
                  7005c550    000001c8     lwip-freertos.am263px.r5f.ti-arm-clang.debug.lib : etharp.obj (.text.etharp_raw)
                  7005c718    00000008     --HOLE-- [fill = 0]
                  7005c720    000001c6     enet-cpsw.am263px.r5f.ti-arm-clang.freertos.debug.lib : enet_rm_ioctl.obj (.text.EnetRm_allocTxChNum)
                  7005c8e6    0000000a     --HOLE-- [fill = 0]
                  7005c8f0    000001c6     lwip-freertos.am263px.r5f.ti-arm-clang.debug.lib : tcp_out.obj (.text.tcp_create_segment)
                  7005cab6    0000000a     --HOLE-- [fill = 0]
                  7005cac0    000001c4     ti_enet_lwipif.o (.text.LwipifEnetApp_startSchedule)
                  7005cc84    0000000c     --HOLE-- [fill = 0]
                  7005cc90    000001c2     enet-cpsw.am263px.r5f.ti-arm-clang.freertos.debug.lib : enet.obj (.text.Enet_validateGenericIoctl)
                  7005ce52    0000000e     --HOLE-- [fill = 0]
                  7005ce60    000001bc     freertos.am263px.r5f.ti-arm-clang.debug.lib : tasks.obj (.text.xTaskRemoveFromEventList)
                  7005d01c    00000004     --HOLE-- [fill = 0]
                  7005d020    000001b4     enet-cpsw.am263px.r5f.ti-arm-clang.freertos.debug.lib : enet_rm.obj (.text.EnetRm_open)
                  7005d1d4    0000000c     --HOLE-- [fill = 0]
                  7005d1e0    000001b2     lwip-freertos.am263px.r5f.ti-arm-clang.debug.lib : ip4.obj (.text.ip4_forward)
                  7005d392    0000000e     --HOLE-- [fill = 0]
                  7005d3a0    000001b0     enet-cpsw.am263px.r5f.ti-arm-clang.freertos.debug.lib : cpsw_ale.obj (.text.CpswAle_delPolicerEntry)
                  7005d550    000001b0     lwip-freertos.am263px.r5f.ti-arm-clang.debug.lib : dns.obj (.text.dns_call_found)
                  7005d700    000001ae     ti_enet_open_close.o (.text.EnetApp_ConfigureDscpMapping)
                  7005d8ae    00000002     --HOLE-- [fill = 0]
                  7005d8b0    000001ac     drivers.am263px.r5f.ti-arm-clang.freertos.debug.lib : uart_v0.obj (.text.UART_close)
                  7005da5c    00000004     --HOLE-- [fill = 0]
                  7005da60    000001aa     enet-cpsw.am263px.r5f.ti-arm-clang.freertos.debug.lib : mdio_ioctl.obj (.text.Mdio_readRegC45)
                  7005dc0a    00000006     --HOLE-- [fill = 0]
                  7005dc10    000001aa     drivers.am263px.r5f.ti-arm-clang.freertos.debug.lib : uart_dma_edma.obj (.text.UART_lld_dmaWrite)
                  7005ddba    00000006     --HOLE-- [fill = 0]
                  7005ddc0    000001aa     lwip-freertos.am263px.r5f.ti-arm-clang.debug.lib : mem.obj (.text.mem_free)
                  7005df6a    00000006     --HOLE-- [fill = 0]
                  7005df70    000001a8     enet-cpsw.am263px.r5f.ti-arm-clang.freertos.debug.lib : enet_appmemutils.obj (.text.EnetDma_checkPktState)
                  7005e118    00000008     --HOLE-- [fill = 0]
                  7005e120    000001a8     lwipif-cpsw-freertos.am263px.r5f.ti-arm-clang.debug.lib : custom_pbuf.obj (.text.EnetDma_checkPktState)
                  7005e2c8    00000008     --HOLE-- [fill = 0]
                  7005e2d0    000001a8                                                             : lwip2enet.obj (.text.EnetDma_checkPktState)
                  7005e478    000001a8     libc.a : memory.c.obj (.text.free)
                  7005e620    000001a4            : memory.c.obj (.text.aligned_alloc)
                  7005e7c4    0000000c     --HOLE-- [fill = 0]
                  7005e7d0    000001a4     freertos.am263px.r5f.ti-arm-clang.debug.lib : timers.obj (.text.prvProcessReceivedCommands)
                  7005e974    0000000c     --HOLE-- [fill = 0]
                  7005e980    000001a0     drivers.am263px.r5f.ti-arm-clang.freertos.debug.lib : uart_v0.obj (.text.UART_write)
                  7005eb20    000001a0     lwip-freertos.am263px.r5f.ti-arm-clang.debug.lib : pbuf.obj (.text.pbuf_take)
                  7005ecc0    000001a0     freertos.am263px.r5f.ti-arm-clang.debug.lib : tasks.obj (.text.vTaskSwitchContext)
                  7005ee60    0000019e     enet-cpsw.am263px.r5f.ti-arm-clang.freertos.debug.lib : cpsw_ale_ioctl.obj (.text.CpswAle_addMcastAddr)
                  7005effe    00000002     --HOLE-- [fill = 0]
                  7005f000    0000019c     libc.a : fputs.c.obj (.text.fputs)
                  7005f19c    00000004     --HOLE-- [fill = 0]
                  7005f1a0    0000019a     enet-cpsw.am263px.r5f.ti-arm-clang.freertos.debug.lib : cpsw_cpts.obj (.text.CpswCpts_ioctl)
                  7005f33a    00000006     --HOLE-- [fill = 0]
                  7005f340    0000019a     lwip-freertos.am263px.r5f.ti-arm-clang.debug.lib : dns.obj (.text.dns_check_entry)
                  7005f4da    00000006     --HOLE-- [fill = 0]
                  7005f4e0    0000019a     freertos.am263px.r5f.ti-arm-clang.debug.lib : tasks.obj (.text.vTaskPriorityDisinheritAfterTimeout)
                  7005f67a    00000006     --HOLE-- [fill = 0]
                  7005f680    0000019a                                                 : queue.obj (.text.xQueueGenericSendFromISR)
                  7005f81a    00000006     --HOLE-- [fill = 0]
                  7005f820    00000198     drivers.am263px.r5f.ti-arm-clang.freertos.debug.lib : uart_v0_lld.obj (.text.UART_lld_controllerIsr)
                  7005f9b8    00000008     --HOLE-- [fill = 0]
                  7005f9c0    00000196     lwip-freertos.am263px.r5f.ti-arm-clang.debug.lib : dhcp.obj (.text.dhcp_reboot)
                  7005fb56    0000000a     --HOLE-- [fill = 0]
                  7005fb60    00000194     enet-cpsw.am263px.r5f.ti-arm-clang.freertos.debug.lib : cpsw_ale.obj (.text.CpswAle_ioctl)
                  7005fcf4    0000000c     --HOLE-- [fill = 0]
                  7005fd00    00000194                                                           : cpsw_macport.obj (.text.CpswMacPort_ioctl)
                  7005fe94    0000000c     --HOLE-- [fill = 0]
                  7005fea0    00000192     lwip-freertos.am263px.r5f.ti-arm-clang.debug.lib : ethernet.obj (.text.ethernet_input)
                  70060032    0000000e     --HOLE-- [fill = 0]
                  70060040    00000192                                                      : tcp_out.obj (.text.tcp_zero_window_probe)
                  700601d2    0000000e     --HOLE-- [fill = 0]
                  700601e0    00000190                                                      : etharp.obj (.text.etharp_update_arp_entry)
                  70060370    0000018e                                                      : etharp.obj (.text.etharp_input)
                  700604fe    00000002     --HOLE-- [fill = 0]
                  70060500    0000018a     enet-cpsw.am263px.r5f.ti-arm-clang.freertos.debug.lib : enet_rm.obj (.text.EnetRm_ioctl)
                  7006068a    00000006     --HOLE-- [fill = 0]
                  70060690    0000018a     lwip-freertos.am263px.r5f.ti-arm-clang.debug.lib : sys_arch.obj (.text.sys_arch_mbox_fetch)
                  7006081a    00000006     --HOLE-- [fill = 0]
                  70060820    00000188     freertos.am263px.r5f.ti-arm-clang.debug.lib : ClockP_freertos_r5.obj (.text.ClockP_init)
                  700609a8    00000008     --HOLE-- [fill = 0]
                  700609b0    00000186     lwip-freertos.am263px.r5f.ti-arm-clang.debug.lib : acd.obj (.text.acd_tmr)
                  70060b36    0000000a     --HOLE-- [fill = 0]
                  70060b40    00000186                                                      : tcp.obj (.text.tcp_alloc)
                  70060cc6    0000000a     --HOLE-- [fill = 0]
                  70060cd0    0000017c     lwipif-cpsw-freertos.am263px.r5f.ti-arm-clang.debug.lib : lwip2enet.obj (.text.Lwip2Enet_close)
                  70060e4c    00000004     --HOLE-- [fill = 0]
                  70060e50    0000017a                                                             : custom_pbuf.obj (.text.custom_pbuf_free)
                  70060fca    00000006     --HOLE-- [fill = 0]
                  70060fd0    00000178     freertos.am263px.r5f.ti-arm-clang.debug.lib : DebugP_shmLogReader.obj (.text.DebugP_shmLogReaderGetString)
                  70061148    00000008     --HOLE-- [fill = 0]
                  70061150    00000178     enet-cpsw.am263px.r5f.ti-arm-clang.freertos.debug.lib : enet_rm.obj (.text.EnetRm_initRxObj)
                  700612c8    00000008     --HOLE-- [fill = 0]
                  700612d0    00000178     lwipif-cpsw-freertos.am263px.r5f.ti-arm-clang.debug.lib : lwip2enet.obj (.text.Lwip2Enet_periodicFxn)
                  70061448    00000008     --HOLE-- [fill = 0]
                  70061450    00000178     lwip-freertos.am263px.r5f.ti-arm-clang.debug.lib : udp.obj (.text.udp_bind)
                  700615c8    00000008     --HOLE-- [fill = 0]
                  700615d0    00000176     enet-cpsw.am263px.r5f.ti-arm-clang.freertos.debug.lib : cpsw_macport_est.obj (.text.CpswEst_setState)
                  70061746    0000000a     --HOLE-- [fill = 0]
                  70061750    00000176     lwip-freertos.am263px.r5f.ti-arm-clang.debug.lib : dhcp.obj (.text.dhcp_discover)
                  700618c6    0000000a     --HOLE-- [fill = 0]
                  700618d0    00000176                                                      : icmp.obj (.text.icmp_send_response)
                  70061a46    0000000a     --HOLE-- [fill = 0]
                  70061a50    00000176                                                      : sys_arch.obj (.text.sys_sem_new)
                  70061bc6    0000000a     --HOLE-- [fill = 0]
                  70061bd0    00000174     enet-cpsw.am263px.r5f.ti-arm-clang.freertos.debug.lib : enetphy.obj (.text.EnetPhy_getLinkStatus)
                  70061d44    0000000c     --HOLE-- [fill = 0]
                  70061d50    00000172     board.am263px.r5f.ti-arm-clang.freertos.debug.lib : eeprom_cat24m.obj (.text.EEPROM_CAT24M_write)
                  70061ec2    0000000e     --HOLE-- [fill = 0]
                  70061ed0    00000172     lwip-freertos.am263px.r5f.ti-arm-clang.debug.lib : ip4.obj (.text.ip4_route)
                  70062042    0000000e     --HOLE-- [fill = 0]
                  70062050    00000172                                                      : sys_arch.obj (.text.sys_arch_sem_wait)
                  700621c2    0000000e     --HOLE-- [fill = 0]
                  700621d0    00000170     freertos.am263px.r5f.ti-arm-clang.debug.lib : queue.obj (.text.xQueueGiveFromISR)
                  70062340    0000016c     lwip-freertos.am263px.r5f.ti-arm-clang.debug.lib : etharp.obj (.text.etharp_output_to_arp_index)
                  700624ac    00000004     --HOLE-- [fill = 0]
                  700624b0    00000168     enet-cpsw.am263px.r5f.ti-arm-clang.freertos.debug.lib : enet_cpdma.obj (.text.EnetCpdma_rxIsrProc)
                  70062618    00000008     --HOLE-- [fill = 0]
                  70062620    00000168                                                           : enet_phymdio_dflt.obj (.text.EnetPhyMdioDflt_writeC45)
                  70062788    00000008     --HOLE-- [fill = 0]
                  70062790    00000168     xgw_udp_interface.o (.text.xgw_udp_send_motor_states)
                  700628f8    00000008     --HOLE-- [fill = 0]
                  70062900    00000166     enet-cpsw.am263px.r5f.ti-arm-clang.freertos.debug.lib : enet_cpdma.obj (.text.EnetCpdma_openRxCh)
                  70062a66    0000000a     --HOLE-- [fill = 0]
                  70062a70    00000166     drivers.am263px.r5f.ti-arm-clang.freertos.debug.lib : i2c_v1_lld.obj (.text.I2C_lld_primeTransferIntr)
                  70062bd6    0000000a     --HOLE-- [fill = 0]
                  70062be0    00000166     freertos.am263px.r5f.ti-arm-clang.debug.lib : TaskP_freertos.obj (.text.TaskP_assertParams)
                  70062d46    0000000a     --HOLE-- [fill = 0]
                  70062d50    00000166     lwip-freertos.am263px.r5f.ti-arm-clang.debug.lib : mem.obj (.text.mem_malloc)
                  70062eb6    0000000a     --HOLE-- [fill = 0]
                  70062ec0    00000166                                                      : tcp_in.obj (.text.tcp_parseopt)
                  70063026    0000000a     --HOLE-- [fill = 0]
                  70063030    00000164     board.am263px.r5f.ti-arm-clang.freertos.debug.lib : dp83869.obj (.text.Dp83869_config)
                  70063194    0000000c     --HOLE-- [fill = 0]
                  700631a0    00000164     enet-cpsw.am263px.r5f.ti-arm-clang.freertos.debug.lib : enet_rm.obj (.text.EnetRm_initHwPushObj)
                  70063304    0000000c     --HOLE-- [fill = 0]
                  70063310    00000162     drivers.am263px.r5f.ti-arm-clang.freertos.debug.lib : edma.obj (.text.EDMA_unregisterIntr)
                  70063472    0000000e     --HOLE-- [fill = 0]
                  70063480    00000162     enet-cpsw.am263px.r5f.ti-arm-clang.freertos.debug.lib : enet_phymdio_dflt.obj (.text.EnetPhyMdioDflt_readC45)
                  700635e2    0000000e     --HOLE-- [fill = 0]
                  700635f0    00000160                                                           : csl_cpsw.obj (.text.CSL_CPSW_setAlePortControlReg)
                  70063750    00000160     drivers.am263px.r5f.ti-arm-clang.freertos.debug.lib : i2c_v1_lld.obj (.text.I2C_lld_init)
                  700638b0    00000160     lwip-freertos.am263px.r5f.ti-arm-clang.debug.lib : inet_chksum.obj (.text.inet_cksum_pseudo_partial_base)
                  70063a10    00000160                                                      : tcp_in.obj (.text.tcp_free_acked_segments)
                  70063b70    0000015e     enet-cpsw.am263px.r5f.ti-arm-clang.freertos.debug.lib : enet_cpdma.obj (.text.EnetDma_retrieveRxPktQ)
                  70063cce    00000002     --HOLE-- [fill = 0]
                  70063cd0    0000015e     lwip-freertos.am263px.r5f.ti-arm-clang.debug.lib : dhcp.obj (.text.dhcp_renew)
                  70063e2e    00000002     --HOLE-- [fill = 0]
                  70063e30    0000015c     enet-cpsw.am263px.r5f.ti-arm-clang.freertos.debug.lib : enet_cpdma.obj (.text.EnetCpdma_txIsr)
                  70063f8c    00000004     --HOLE-- [fill = 0]
                  70063f90    0000015c                                                           : enet_rm.obj (.text.EnetRm_initMacObj)
                  700640ec    00000004     --HOLE-- [fill = 0]
                  700640f0    0000015c     lwip-freertos.am263px.r5f.ti-arm-clang.debug.lib : dhcp.obj (.text.dhcp_rebind)
                  7006424c    00000004     --HOLE-- [fill = 0]
                  70064250    0000015c     freertos.am263px.r5f.ti-arm-clang.debug.lib : tasks.obj (.text.prvAddNewTaskToReadyList)
                  700643ac    00000004     --HOLE-- [fill = 0]
                  700643b0    0000015c                                                 : tasks.obj (.text.xTaskPriorityInherit)
                  7006450c    00000004     --HOLE-- [fill = 0]
                  70064510    0000015a     enet-cpsw.am263px.r5f.ti-arm-clang.freertos.debug.lib : enet_cpdma.obj (.text.EnetCpdma_netChOpen)
                  7006466a    00000006     --HOLE-- [fill = 0]
                  70064670    0000015a     lwip-freertos.am263px.r5f.ti-arm-clang.debug.lib : dhcp.obj (.text.dhcp_start)
                  700647ca    00000006     --HOLE-- [fill = 0]
                  700647d0    00000158     enet-cpsw.am263px.r5f.ti-arm-clang.freertos.debug.lib : cpsw_ale.obj (.text.CpswAle_initCfg)
                  70064928    00000008     --HOLE-- [fill = 0]
                  70064930    00000158     ti_enet_config.o (.text.EnetApp_initializeMacAddrPool)
                  70064a88    00000008     --HOLE-- [fill = 0]
                  70064a90    00000158     enet-cpsw.am263px.r5f.ti-arm-clang.freertos.debug.lib : enet_phymdio_dflt.obj (.text.EnetPhyMdioDflt_writeC22)
                  70064be8    00000008     --HOLE-- [fill = 0]
                  70064bf0    00000158     drivers.am263px.r5f.ti-arm-clang.freertos.debug.lib : soc.obj (.text.SOC_controlModuleUnlockMMR)
                  70064d48    00000008     --HOLE-- [fill = 0]
                  70064d50    00000158     lwip-freertos.am263px.r5f.ti-arm-clang.debug.lib : dhcp.obj (.text.dhcp_handle_ack)
                  70064ea8    00000008     --HOLE-- [fill = 0]
                  70064eb0    00000158                                                      : etharp.obj (.text.etharp_tmr)
                  70065008    00000008     --HOLE-- [fill = 0]
                  70065010    00000158                                                      : raw.obj (.text.raw_input)
                  70065168    00000008     --HOLE-- [fill = 0]
                  70065170    00000156     enet-cpsw.am263px.r5f.ti-arm-clang.freertos.debug.lib : enet_cpdma.obj (.text.EnetDma_submitTxPktQ)
                  700652c6    0000000a     --HOLE-- [fill = 0]
                  700652d0    00000154                                                           : enet_cpdma.obj (.text.EnetDma_retrieveTxPktQ)
                  70065424    0000000c     --HOLE-- [fill = 0]
                  70065430    00000152     drivers.am263px.r5f.ti-arm-clang.freertos.debug.lib : uart_v0_lld.obj (.text.UART_lld_initDma)
                  70065582    0000000e     --HOLE-- [fill = 0]
                  70065590    00000150     enet-cpsw.am263px.r5f.ti-arm-clang.freertos.debug.lib : enet_phymdio_dflt.obj (.text.EnetPhyMdioDflt_readC22)
                  700656e0    00000150                                                           : enet_rm.obj (.text.EnetRm_delCoreAttached)
                  70065830    0000014e     ti_enet_lwipif.o (.text.LwipifEnetApp_createPollTask)
                  7006597e    00000002     --HOLE-- [fill = 0]
                  70065980    0000014e     lwip-freertos.am263px.r5f.ti-arm-clang.debug.lib : sys_arch.obj (.text.sys_arch_unprotect)
                  70065ace    00000002     --HOLE-- [fill = 0]
                  70065ad0    0000014e     freertos.am263px.r5f.ti-arm-clang.debug.lib : tasks.obj (.text.xTaskPriorityDisinherit)
                  70065c1e    00000002     --HOLE-- [fill = 0]
                  70065c20    0000014c     enet-cpsw.am263px.r5f.ti-arm-clang.freertos.debug.lib : enet_cpdma.obj (.text.EnetDma_submitRxPktQ)
                  70065d6c    00000004     --HOLE-- [fill = 0]
                  70065d70    0000014c     freertos.am263px.r5f.ti-arm-clang.debug.lib : queue.obj (.text.xQueueReceiveFromISR)
                  70065ebc    00000004     --HOLE-- [fill = 0]
                  70065ec0    00000148     enet-cpsw.am263px.r5f.ti-arm-clang.freertos.debug.lib : cpsw_ale.obj (.text.CpswAle_setPolicerPartitionLevel)
                  70066008    00000008     --HOLE-- [fill = 0]
                  70066010    00000148     lwip-freertos.am263px.r5f.ti-arm-clang.debug.lib : netif.obj (.text.netif_set_addr)
                  70066158    00000008     --HOLE-- [fill = 0]
                  70066160    00000148                                                      : tcp_in.obj (.text.tcp_timewait_input)
                  700662a8    00000008     --HOLE-- [fill = 0]
                  700662b0    00000148                                                      : udp.obj (.text.udp_sendto)
                  700663f8    00000008     --HOLE-- [fill = 0]
                  70066400    00000146     enet-cpsw.am263px.r5f.ti-arm-clang.freertos.debug.lib : cpsw_ioctl.obj (.text.Cpsw_closePortLink)
                  70066546    0000000a     --HOLE-- [fill = 0]
                  70066550    00000146     lwip-freertos.am263px.r5f.ti-arm-clang.debug.lib : udp.obj (.text.udp_input_local_match)
                  70066696    0000000a     --HOLE-- [fill = 0]
                  700666a0    00000144     freertos.am263px.r5f.ti-arm-clang.debug.lib : tasks.obj (.text.prvInitialiseNewTask)
                  700667e4    00000144     libc.a : setvbuf.c.obj (.text.setvbuf)
                  70066928    00000008     --HOLE-- [fill = 0]
                  70066930    00000144     lwip-freertos.am263px.r5f.ti-arm-clang.debug.lib : tcp.obj (.text.tcp_close_shutdown_fin)
                  70066a74    0000000c     --HOLE-- [fill = 0]
                  70066a80    00000142     enet-cpsw.am263px.r5f.ti-arm-clang.freertos.debug.lib : cpsw_ale_ioctl.obj (.text.CpswAle_delPortUcastEntries)
                  70066bc2    0000000e     --HOLE-- [fill = 0]
                  70066bd0    00000142     lwip-freertos.am263px.r5f.ti-arm-clang.debug.lib : igmp.obj (.text.igmp_lookup_group)
                  70066d12    0000000e     --HOLE-- [fill = 0]
                  70066d20    00000140                                                      : pbuf.obj (.text.pbuf_cat)
                  70066e60    0000013e     enet-cpsw.am263px.r5f.ti-arm-clang.freertos.debug.lib : csl_cpsw_ale_9g_tblcfg.obj (.text.CSL_CPSW_setAleVlanUnicastAddrEntry)
                  70066f9e    00000002     --HOLE-- [fill = 0]
                  70066fa0    0000013e                                                           : enet_cpdma.obj (.text.EnetCpdma_openTxCh)
                  700670de    00000002     --HOLE-- [fill = 0]
                  700670e0    0000013e     drivers.am263px.r5f.ti-arm-clang.freertos.debug.lib : i2c_v1.obj (.text.I2C_mem_primeTransfer)
                  7006721e    00000002     --HOLE-- [fill = 0]
                  70067220    0000013e     lwip-freertos.am263px.r5f.ti-arm-clang.debug.lib : pbuf.obj (.text.pbuf_copy_partial)
                  7006735e    00000002     --HOLE-- [fill = 0]
                  70067360    0000013a     board.am263px.r5f.ti-arm-clang.freertos.debug.lib : dp83869.obj (.text.Dp83869_enableAdvertisement)
                  7006749a    00000006     --HOLE-- [fill = 0]
                  700674a0    0000013a     drivers.am263px.r5f.ti-arm-clang.freertos.debug.lib : edma.obj (.text.EDMA_isDmaChannelAllocated)
                  700675da    00000006     --HOLE-- [fill = 0]
                  700675e0    0000013a     enet-cpsw.am263px.r5f.ti-arm-clang.freertos.debug.lib : enet_phymdio_dflt.obj (.text.EnetPhyMdioDflt_isAlive)
                  7006771a    00000006     --HOLE-- [fill = 0]
                  70067720    0000013a                                                           : enet_phymdio_dflt.obj (.text.EnetPhyMdioDflt_isLinked)
                  7006785a    00000006     --HOLE-- [fill = 0]
                  70067860    0000013a                                                           : enet.obj (.text.Enet_ioctl)
                  7006799a    00000006     --HOLE-- [fill = 0]
                  700679a0    0000013a     board.am263px.r5f.ti-arm-clang.freertos.debug.lib : generic_phy.obj (.text.GenericPhy_enableAdvertisement)
                  70067ada    00000006     --HOLE-- [fill = 0]
                  70067ae0    0000013a     drivers.am263px.r5f.ti-arm-clang.freertos.debug.lib : i2c_v1_lld.obj (.text.I2C_lld_mem_write)
                  70067c1a    00000006     --HOLE-- [fill = 0]
                  70067c20    0000013a     lwip-freertos.am263px.r5f.ti-arm-clang.debug.lib : dhcp.obj (.text.dhcp_release_and_stop)
                  70067d5a    00000006     --HOLE-- [fill = 0]
                  70067d60    00000138     enet-cpsw.am263px.r5f.ti-arm-clang.freertos.debug.lib : cpsw_cpts_ioctl.obj (.text.CpswCpts_ioctl_handler_CPSW_CPTS_IOCTL_SET_ESTF)
                  70067e98    00000008     --HOLE-- [fill = 0]
                  70067ea0    00000138     freertos.am263px.r5f.ti-arm-clang.debug.lib : printf.obj (.text._ntoa_long_long)
                  70067fd8    00000008     --HOLE-- [fill = 0]
                  70067fe0    00000136     board.am263px.r5f.ti-arm-clang.freertos.debug.lib : dp83869.obj (.text.Dp83869_disableAdvertisement)
                  70068116    0000000a     --HOLE-- [fill = 0]
                  70068120    00000136     enet-cpsw.am263px.r5f.ti-arm-clang.freertos.debug.lib : enet_appmemutils.obj (.text.EnetMem_initMemObjs)
                  70068256    0000000a     --HOLE-- [fill = 0]
                  70068260    00000136     board.am263px.r5f.ti-arm-clang.freertos.debug.lib : generic_phy.obj (.text.GenericPhy_disableAdvertisement)
                  70068396    0000000a     --HOLE-- [fill = 0]
                  700683a0    00000136     drivers.am263px.r5f.ti-arm-clang.freertos.debug.lib : uart_v0_lld.obj (.text.UART_procLineStatusErr)
                  700684d6    0000000a     --HOLE-- [fill = 0]
                  700684e0    00000136     lwip-freertos.am263px.r5f.ti-arm-clang.debug.lib : tcp_out.obj (.text.tcp_rst_common)
                  70068616    0000000a     --HOLE-- [fill = 0]
                  70068620    00000134     drivers.am263px.r5f.ti-arm-clang.freertos.debug.lib : edma.obj (.text.EDMA_registerIntr)
                  70068754    0000000c     --HOLE-- [fill = 0]
                  70068760    00000134                                                         : uart_v0_lld.obj (.text.UART_writePolling)
                  70068894    0000000c     --HOLE-- [fill = 0]
                  700688a0    00000134     freertos.am263px.r5f.ti-arm-clang.debug.lib : tasks.obj (.text.vTaskDelete)
                  700689d4    0000000c     --HOLE-- [fill = 0]
                  700689e0    00000132     enet-cpsw.am263px.r5f.ti-arm-clang.freertos.debug.lib : csl_cpsw_ale_9g_tblcfg.obj (.text.CSL_CPSW_setAleVlanMcastAddrEntry)
                  70068b12    0000000e     --HOLE-- [fill = 0]
                  70068b20    00000132                                                           : cpsw.obj (.text.Cpsw_dmaMiscIsr)
                  70068c52    0000000e     --HOLE-- [fill = 0]
                  70068c60    00000130                                                           : csl_cpsw_ale_9g_tblcfg.obj (.text.CSL_CPSW_setAleUnicastAddrEntry)
                  70068d90    00000130                                                           : enet.obj (.text.EnetPer_open)
                  70068ec0    00000130     lwip-freertos.am263px.r5f.ti-arm-clang.debug.lib : tcp_in.obj (.text.tcp_oos_insert_segment)
                  70068ff0    0000012e                                                      : igmp.obj (.text.igmp_send)
                  7006911e    00000002     --HOLE-- [fill = 0]
                  70069120    0000012e     xgw_udp_interface.o (.text.xgw_udp_send_imu_state)
                  7006924e    00000002     --HOLE-- [fill = 0]
                  70069250    0000012c     enet-cpsw.am263px.r5f.ti-arm-clang.freertos.debug.lib : enet_osal.obj (.text.EnetOsal_registerIntr)
                  7006937c    00000004     --HOLE-- [fill = 0]
                  70069380    0000012c                                                           : enet_rm.obj (.text.EnetRm_validateResPartInfo)
                  700694ac    00000004     --HOLE-- [fill = 0]
                  700694b0    0000012c     drivers.am263px.r5f.ti-arm-clang.freertos.debug.lib : i2c_v1_lld.obj (.text.I2C_lld_mem_read)
                  700695dc    00000004     --HOLE-- [fill = 0]
                  700695e0    0000012c                                                         : uart_v0_lld.obj (.text.UART_lld_init)
                  7006970c    00000004     --HOLE-- [fill = 0]
                  70069710    0000012c     freertos.am263px.r5f.ti-arm-clang.debug.lib : tasks.obj (.text.ulTaskGenericNotifyTake)
                  7006983c    00000004     --HOLE-- [fill = 0]
                  70069840    0000012a     enet-cpsw.am263px.r5f.ti-arm-clang.freertos.debug.lib : enet_utils.obj (.text.EnetUtils_macToPhyMii)
                  7006996a    00000006     --HOLE-- [fill = 0]
                  70069970    00000128                                                           : enet_cpdmautils.obj (.text.EnetAppUtils_isDescCached)
                  70069a98    00000008     --HOLE-- [fill = 0]
                  70069aa0    00000128     drivers.am263px.r5f.ti-arm-clang.freertos.debug.lib : i2c_v1_lld.obj (.text.I2C_lld_mem_writeIntr)
                  70069bc8    00000008     --HOLE-- [fill = 0]
                  70069bd0    00000128     freertos.am263px.r5f.ti-arm-clang.debug.lib : port.obj (.text.pxPortInitialiseStack)
                  70069cf8    00000008     --HOLE-- [fill = 0]
                  70069d00    00000126     drivers.am263px.r5f.ti-arm-clang.freertos.debug.lib : soc.obj (.text.SOC_controlModuleLockMMR)
                  70069e26    0000000a     --HOLE-- [fill = 0]
                  70069e30    00000126     lwip-freertos.am263px.r5f.ti-arm-clang.debug.lib : pbuf.obj (.text.pbuf_take_at)
                  70069f56    0000000a     --HOLE-- [fill = 0]
                  70069f60    00000126                                                      : timeouts.obj (.text.sys_timeout_abs)
                  7006a086    0000000a     --HOLE-- [fill = 0]
                  7006a090    00000126                                                      : tcp_out.obj (.text.tcp_rexmit)
                  7006a1b6    0000000a     --HOLE-- [fill = 0]
                  7006a1c0    00000124     enet-cpsw.am263px.r5f.ti-arm-clang.freertos.debug.lib : csl_cpsw_ale_9g_tblcfg.obj (.text.CSL_CPSW_setAleMcastAddrEntry)
                  7006a2e4    0000000c     --HOLE-- [fill = 0]
                  7006a2f0    00000124                                                           : cpsw_ale.obj (.text.CpswAle_setIoctlHandlerFxn)
                  7006a414    0000000c     --HOLE-- [fill = 0]
                  7006a420    00000124                                                           : cpsw_cpts.obj (.text.CpswCpts_setIoctlHandlerFxn)
                  7006a544    0000000c     --HOLE-- [fill = 0]
                  7006a550    00000124                                                           : cpsw_hostport.obj (.text.CpswHostPort_setIoctlHandlerFxn)
                  7006a674    0000000c     --HOLE-- [fill = 0]
                  7006a680    00000124                                                           : cpsw_macport_est.obj (.text.CpswMacPortEst_setIoctlHandlerFxn)
                  7006a7a4    0000000c     --HOLE-- [fill = 0]
                  7006a7b0    00000124                                                           : cpsw_macport.obj (.text.CpswMacPort_setIoctlHandlerFxn)
                  7006a8d4    0000000c     --HOLE-- [fill = 0]
                  7006a8e0    00000124                                                           : cpsw_stats.obj (.text.CpswStats_setIoctlHandlerFxn)
                  7006aa04    0000000c     --HOLE-- [fill = 0]
                  7006aa10    00000124                                                           : cpsw.obj (.text.Cpsw_initCfg)
                  7006ab34    0000000c     --HOLE-- [fill = 0]
                  7006ab40    00000124                                                           : cpsw.obj (.text.Cpsw_setIoctlHandlerFxn)
                  7006ac64    0000000c     --HOLE-- [fill = 0]
                  7006ac70    00000124                                                           : enet_phymdio_dflt.obj (.text.EnetPhyMdioDflt_setIoctlHandlerFxn)
                  7006ad94    0000000c     --HOLE-- [fill = 0]
                  7006ada0    00000124                                                           : enet_rm.obj (.text.EnetRm_setIoctlHandlerFxn)
                  7006aec4    0000000c     --HOLE-- [fill = 0]
                  7006aed0    00000124                                                           : mdio.obj (.text.Mdio_setIoctlHandlerFxn)
                  7006aff4    0000000c     --HOLE-- [fill = 0]
                  7006b000    00000122                                                           : cpsw_ale_ioctl.obj (.text.CpswAle_addUcastAddr)
                  7006b122    0000000e     --HOLE-- [fill = 0]
                  7006b130    00000122     ti_enet_open_close.o (.text.EnetApp_driverClose)
                  7006b252    0000000e     --HOLE-- [fill = 0]
                  7006b260    00000120     enet-cpsw.am263px.r5f.ti-arm-clang.freertos.debug.lib : cpsw_est.obj (.text.CpswEst_setIoctlHandlerFxn)
                  7006b380    00000120                                                           : enet_rm_ioctl.obj (.text.EnetRm_allocInternalRxFlowIdx)
                  7006b4a0    00000120                                                           : mdio_manual_ioctl.obj (.text.Mdio_manualModePhyRegRead22)
                  7006b5c0    00000120     drivers.am263px.r5f.ti-arm-clang.freertos.debug.lib : soc_rcm.obj (.text.SOC_rcmGetPeripheralClockFrequency)
                  7006b6e0    0000011e     ti_enet_lwipif.o (.text.LwipifEnetApp_getRxChIDs)
                  7006b7fe    00000002     --HOLE-- [fill = 0]
                  7006b800    0000011e     enet-cpsw.am263px.r5f.ti-arm-clang.freertos.debug.lib : mdio_manual_ioctl.obj (.text.Mdio_manualModePhyRegValReadC45)
                  7006b91e    00000002     --HOLE-- [fill = 0]
                  7006b920    0000011e     lwip-freertos.am263px.r5f.ti-arm-clang.debug.lib : pbuf.obj (.text.pbuf_add_header_impl)
                  7006ba3e    00000002     --HOLE-- [fill = 0]
                  7006ba40    0000011e     freertos.am263px.r5f.ti-arm-clang.debug.lib : tasks.obj (.text.xTaskDelayUntil)
                  7006bb5e    00000002     --HOLE-- [fill = 0]
                  7006bb60    0000011c     enet-cpsw.am263px.r5f.ti-arm-clang.freertos.debug.lib : csl_cpsw_ale_9g_tblcfg.obj (.text.CSL_CPSW_setAleVlanEntry)
                  7006bc7c    00000004     --HOLE-- [fill = 0]
                  7006bc80    0000011c     ti_enet_open_close.o (.text.EnetAppUtils_openRxCh)
                  7006bd9c    00000004     --HOLE-- [fill = 0]
                  7006bda0    0000011c     enet-cpsw.am263px.r5f.ti-arm-clang.freertos.debug.lib : enet_cpdma.obj (.text.EnetCpdma_setSOPInfo)
                  7006bebc    00000004     --HOLE-- [fill = 0]
                  7006bec0    0000011c                                                           : enet_queue.obj (.text.EnetQueue_append)
                  7006bfdc    00000004     --HOLE-- [fill = 0]
                  7006bfe0    0000011c                                                           : enet_utils.obj (.text.EnetUtils_delayNs)
                  7006c0fc    00000004     --HOLE-- [fill = 0]
                  7006c100    0000011c     ti_enet_lwipif.o (.text.LwipifEnetApp_netifOpen)
                  7006c21c    00000004     --HOLE-- [fill = 0]
                  7006c220    0000011c     enet-cpsw.am263px.r5f.ti-arm-clang.freertos.debug.lib : mdio_ioctl.obj (.text.Mdio_writeRegC45)
                  7006c33c    00000004     --HOLE-- [fill = 0]
                  7006c340    0000011c     drivers.am263px.r5f.ti-arm-clang.freertos.debug.lib : uart_dma_edma.obj (.text.UART_lld_dmaRead)
                  7006c45c    00000004     --HOLE-- [fill = 0]
                  7006c460    0000011c     lwip-freertos.am263px.r5f.ti-arm-clang.debug.lib : tcp_out.obj (.text.tcp_rexmit_rto_prepare)
                  7006c57c    00000004     --HOLE-- [fill = 0]
                  7006c580    0000011a     enet-cpsw.am263px.r5f.ti-arm-clang.freertos.debug.lib : csl_cpsw_ale_9g_tblcfg.obj (.text.CSL_CPSW_setAleOutVlanEntry)
                  7006c69a    00000006     --HOLE-- [fill = 0]
                  7006c6a0    0000011a                                                           : enetphy.obj (.text.EnetPhy_setupManual)
                  7006c7ba    00000006     --HOLE-- [fill = 0]
                  7006c7c0    0000011a     drivers.am263px.r5f.ti-arm-clang.freertos.debug.lib : i2c_v1_lld.obj (.text.I2C_lld_mem_readIntr)
                  7006c8da    00000006     --HOLE-- [fill = 0]
                  7006c8e0    00000118     enet-cpsw.am263px.r5f.ti-arm-clang.freertos.debug.lib : enetphy.obj (.text.EnetPhy_resetWaitState)
                  7006c9f8    00000008     --HOLE-- [fill = 0]
                  7006ca00    00000118                                                           : enetphy.obj (.text.EnetPhy_setupNway)
                  7006cb18    00000008     --HOLE-- [fill = 0]
                  7006cb20    00000118     lwip-freertos.am263px.r5f.ti-arm-clang.debug.lib : sys_arch.obj (.text.sys_mbox_trypost)
                  7006cc38    00000008     --HOLE-- [fill = 0]
                  7006cc40    00000118                                                      : tcp.obj (.text.tcp_process_refused_data)
                  7006cd58    00000008     --HOLE-- [fill = 0]
                  7006cd60    00000118                                                      : tcp.obj (.text.tcp_update_rcv_ann_wnd)
                  7006ce78    00000118     libclang_rt.builtins.a : udivmoddi4.S.obj (.text)
                  7006cf90    00000116     drivers.am263px.r5f.ti-arm-clang.freertos.debug.lib : edma.obj (.text.EDMA_isTccAllocated)
                  7006d0a6    0000000a     --HOLE-- [fill = 0]
                  7006d0b0    00000116     enet-cpsw.am263px.r5f.ti-arm-clang.freertos.debug.lib : mdio_ioctl.obj (.text.Mdio_handleIntr)
                  7006d1c6    0000000a     --HOLE-- [fill = 0]
                  7006d1d0    00000116     drivers.am263px.r5f.ti-arm-clang.freertos.debug.lib : uart_v0_lld.obj (.text.UART_divisorLatchWrite)
                  7006d2e6    0000000a     --HOLE-- [fill = 0]
                  7006d2f0    00000114     freertos.am263px.r5f.ti-arm-clang.debug.lib : printf.obj (.text._ntoa_long)
                  7006d404    0000000c     --HOLE-- [fill = 0]
                  7006d410    00000112     enet-cpsw.am263px.r5f.ti-arm-clang.freertos.debug.lib : enetphy.obj (.text.EnetPhy_tick)
                  7006d522    0000000e     --HOLE-- [fill = 0]
                  7006d530    00000110     freertos.am263px.r5f.ti-arm-clang.debug.lib : DebugP_shmLogReader.obj (.text.DebugP_shmLogRead)
                  7006d640    00000110                                                 : DebugP_shmLogReader.obj (.text.DebugP_shmLogReaderTaskMain)
                  7006d750    00000110     enet-cpsw.am263px.r5f.ti-arm-clang.freertos.debug.lib : enetphy.obj (.text.EnetPhy_rmwReg)
                  7006d860    0000010e                                                           : enet_cpdma.obj (.text.EnetCpdma_initRxChannel)
                  7006d96e    00000002     --HOLE-- [fill = 0]
                  7006d970    0000010e     drivers.am263px.r5f.ti-arm-clang.freertos.debug.lib : soc_rcm.obj (.text.SOC_rcmADPLLJGetFOut)
                  7006da7e    00000002     --HOLE-- [fill = 0]
                  7006da80    0000010e     lwip-freertos.am263px.r5f.ti-arm-clang.debug.lib : netif.obj (.text.netif_do_set_ipaddr)
                  7006db8e    00000002     --HOLE-- [fill = 0]
                  7006db90    0000010e                                                      : udp.obj (.text.udp_sendto_if)
                  7006dc9e    00000002     --HOLE-- [fill = 0]
                  7006dca0    0000010e     freertos.am263px.r5f.ti-arm-clang.debug.lib : queue.obj (.text.xQueueGenericReset)
                  7006ddae    00000002     --HOLE-- [fill = 0]
                  7006ddb0    0000010c     enet-cpsw.am263px.r5f.ti-arm-clang.freertos.debug.lib : enet_cpdma.obj (.text.EnetCpdma_initTxChannel)
                  7006debc    00000004     --HOLE-- [fill = 0]
                  7006dec0    0000010c     lwip-freertos.am263px.r5f.ti-arm-clang.debug.lib : sys_arch.obj (.text.sys_arch_protect)
                  7006dfcc    00000004     --HOLE-- [fill = 0]
                  7006dfd0    0000010c                                                      : udp.obj (.text.udp_connect)
                  7006e0dc    00000004     --HOLE-- [fill = 0]
                  7006e0e0    0000010a     enet-cpsw.am263px.r5f.ti-arm-clang.freertos.debug.lib : csl_cpsw.obj (.text.CSL_CPSW_setCpswControlReg)
                  7006e1ea    00000006     --HOLE-- [fill = 0]
                  7006e1f0    0000010a     drivers.am263px.r5f.ti-arm-clang.freertos.debug.lib : ipc_notify_v1.obj (.text.IpcNotify_sendMsg)
                  7006e2fa    00000006     --HOLE-- [fill = 0]
                  7006e300    00000108     lwip-freertos.am263px.r5f.ti-arm-clang.debug.lib : sys_arch.obj (.text.sys_mbox_new)
                  7006e408    00000008     --HOLE-- [fill = 0]
                  7006e410    00000108                                                      : tcp_out.obj (.text.tcp_output_alloc_header_common)
                  7006e518    00000008     --HOLE-- [fill = 0]
                  7006e520    00000106     ti_enet_open_close.o (.text.EnetApp_getRxDmaHandle)
                  7006e626    0000000a     --HOLE-- [fill = 0]
                  7006e630    00000106     enet-cpsw.am263px.r5f.ti-arm-clang.freertos.debug.lib : enet_rm.obj (.text.EnetRm_initTxObj)
                  7006e736    0000000a     --HOLE-- [fill = 0]
                  7006e740    00000106     freertos.am263px.r5f.ti-arm-clang.debug.lib : tasks.obj (.text.prvAddCurrentTaskToDelayedList)
                  7006e846    0000000a     --HOLE-- [fill = 0]
                  7006e850    00000104     enet-cpsw.am263px.r5f.ti-arm-clang.freertos.debug.lib : csl_cpsw.obj (.text.CSL_CPSW_setPortEstConfig)
                  7006e954    0000000c     --HOLE-- [fill = 0]
                  7006e960    00000104     drivers.am263px.r5f.ti-arm-clang.freertos.debug.lib : i2c_v1.obj (.text.I2C_close)
                  7006ea64    0000000c     --HOLE-- [fill = 0]
                  7006ea70    00000104     lwipif-cpsw-freertos.am263px.r5f.ti-arm-clang.debug.lib : lwip2lwipif.obj (.text.LWIPIF_LWIP_UdpLiteValidateChkSum)
                  7006eb74    0000000c     --HOLE-- [fill = 0]
                  7006eb80    00000104     drivers.am263px.r5f.ti-arm-clang.freertos.debug.lib : uart_v0_lld.obj (.text.UART_configInstance)
                  7006ec84    0000000c     --HOLE-- [fill = 0]
                  7006ec90    00000104     gateway_shared.o (.text.gateway_ringbuf_write)
                  7006ed94    0000000c     --HOLE-- [fill = 0]
                  7006eda0    00000100     enet-cpsw.am263px.r5f.ti-arm-clang.freertos.debug.lib : enet_osal.obj (.text.EnetOsal_createMutex)
                  7006eea0    00000100                                                           : enetphy.obj (.text.EnetPhy_getId)
                  7006efa0    000000fe                                                           : cpsw_stats.obj (.text.CpswStats_resetMacStats)
                  7006f09e    00000002     --HOLE-- [fill = 0]
                  7006f0a0    000000fe     lwip-freertos.am263px.r5f.ti-arm-clang.debug.lib : tcp_out.obj (.text.tcp_send_empty_ack)
                  7006f19e    00000002     --HOLE-- [fill = 0]
                  7006f1a0    000000fc     ti_enet_open_close.o (.text.EnetApp_createPhyStateHandlerTask)
                  7006f29c    00000004     --HOLE-- [fill = 0]
                  7006f2a0    000000fc     lwipif-cpsw-freertos.am263px.r5f.ti-arm-clang.debug.lib : lwip2enet.obj (.text.Lwip2Enet_sendTxPackets)
                  7006f39c    00000004     --HOLE-- [fill = 0]
                  7006f3a0    000000fc     gateway_shared.o (.text.gateway_ringbuf_core0_init)
                  7006f49c    00000004     --HOLE-- [fill = 0]
                  7006f4a0    000000fc     lwip-freertos.am263px.r5f.ti-arm-clang.debug.lib : ip4_addr.obj (.text.ip4addr_ntoa_r)
                  7006f59c    00000004     --HOLE-- [fill = 0]
                  7006f5a0    000000fc     test.o (.text.main_loop)
                  7006f69c    00000004     --HOLE-- [fill = 0]
                  7006f6a0    000000fa     enet-cpsw.am263px.r5f.ti-arm-clang.freertos.debug.lib : enet_cpdma_priv.obj (.text.EnetCpdmaStats_updateNotifyStats)
                  7006f79a    00000006     --HOLE-- [fill = 0]
                  7006f7a0    000000f8                                                           : csl_cpts.obj (.text.CSL_CPTS_setCntlReg)
                  7006f898    00000008     --HOLE-- [fill = 0]
                  7006f8a0    000000f8                                                           : cpsw.obj (.text.Cpsw_ioctlInternal)
                  7006f998    00000008     --HOLE-- [fill = 0]
                  7006f9a0    000000f6                                                           : cpsw_ioctl.obj (.text.Cpsw_internalIoctl_handler_ENET_PER_IOCTL_ATTACH_CORE)
                  7006fa96    0000000a     --HOLE-- [fill = 0]
                  7006faa0    000000f6                                                           : enetphy.obj (.text.EnetPhy_clearIsolateState)
                  7006fb96    0000000a     --HOLE-- [fill = 0]
                  7006fba0    000000f6                                                           : enetphy.obj (.text.EnetPhy_setIsolateState)
                  7006fc96    0000000a     --HOLE-- [fill = 0]
                  7006fca0    000000f6                                                           : enet_queue.obj (.text.EnetQueue_enq)
                  7006fd96    0000000a     --HOLE-- [fill = 0]
                  7006fda0    000000f6     lwip-freertos.am263px.r5f.ti-arm-clang.debug.lib : ip4_frag.obj (.text.ip_reass_remove_oldest_datagram)
                  7006fe96    0000000a     --HOLE-- [fill = 0]
                  7006fea0    000000f4     enet-cpsw.am263px.r5f.ti-arm-clang.freertos.debug.lib : cpsw.obj (.text.Cpsw_handleMdioLinkStateChange)
                  7006ff94    0000000c     --HOLE-- [fill = 0]
                  7006ffa0    000000f4                                                           : enet.obj (.text.EnetPer_ioctl)
                  70070094    0000000c     --HOLE-- [fill = 0]
                  700700a0    000000f4                                                           : enet.obj (.text.Enet_open)
                  70070194    0000000c     --HOLE-- [fill = 0]
                  700701a0    000000f4     freertos.am263px.r5f.ti-arm-clang.debug.lib : tasks.obj (.text.prvCreateStaticTask)
                  70070294    0000000c     --HOLE-- [fill = 0]
                  700702a0    000000f4     lwip-freertos.am263px.r5f.ti-arm-clang.debug.lib : tcp_out.obj (.text.tcp_output_control_segment_netif)
                  70070394    0000000c     --HOLE-- [fill = 0]
                  700703a0    000000f4     test.o (.text.test_init)
                  70070494    0000000c     --HOLE-- [fill = 0]
                  700704a0    000000f2     enet-cpsw.am263px.r5f.ti-arm-clang.freertos.debug.lib : cpsw_macport.obj (.text.CpswMacPort_setSwitchTxSched)
                  70070592    0000000e     --HOLE-- [fill = 0]
                  700705a0    000000f2                                                           : enet_queue.obj (.text.EnetQueue_verifyQCount)
                  70070692    0000000e     --HOLE-- [fill = 0]
                  700706a0    000000f0     drivers.am263px.r5f.ti-arm-clang.freertos.debug.lib : i2c_v1.obj (.text.I2C_LLD_targetTransferCompleteCallback)
                  70070790    000000f0     lwip-freertos.am263px.r5f.ti-arm-clang.debug.lib : sys_arch.obj (.text.sys_sem_signal)
                  70070880    000000ee                                                      : tcp_out.obj (.text.tcp_rexmit_fast)
                  7007096e    00000002     --HOLE-- [fill = 0]
                  70070970    000000ec     enet-cpsw.am263px.r5f.ti-arm-clang.freertos.debug.lib : cpsw_ioctl.obj (.text.Cpsw_internalIoctl_handler_ENET_PER_IOCTL_OPEN_PORT_LINK)
                  70070a5c    00000004     --HOLE-- [fill = 0]
                  70070a60    000000ec                                                           : enet_rm_ioctl.obj (.text.EnetRm_addCoreAttached)
                  70070b4c    00000004     --HOLE-- [fill = 0]
                  70070b50    000000ec     freertos.am263px.r5f.ti-arm-clang.debug.lib : queue.obj (.text.xQueueGenericCreateStatic)
                  70070c3c    00000004     --HOLE-- [fill = 0]
                  70070c40    000000ea     enet-cpsw.am263px.r5f.ti-arm-clang.freertos.debug.lib : enetphy.obj (.text.EnetPhy_getManualCaps)
                  70070d2a    00000006     --HOLE-- [fill = 0]
                  70070d30    000000ea     drivers.am263px.r5f.ti-arm-clang.freertos.debug.lib : i2c_v1_lld.obj (.text.I2C_lld_targetTransferIntr)
                  70070e1a    00000006     --HOLE-- [fill = 0]
                  70070e20    000000ea     ti_enet_lwipif.o (.text.LwipifEnetApp_getTxChIDs)
                  70070f0a    00000006     --HOLE-- [fill = 0]
                  70070f10    000000e8     enet-cpsw.am263px.r5f.ti-arm-clang.freertos.debug.lib : enetphy.obj (.text.EnetPhy_findCommonCaps)
                  70070ff8    00000008     --HOLE-- [fill = 0]
                  70071000    000000e8                                                           : enet_rm_ioctl.obj (.text.EnetRm_allocRxFlowIdx)
                  700710e8    00000008     --HOLE-- [fill = 0]
                  700710f0    000000e8                                                           : mdio.obj (.text.Mdio_close)
                  700711d8    00000008     --HOLE-- [fill = 0]
                  700711e0    000000e8     gateway_shared.o (.text.gateway_wait_motor_config_ready)
                  700712c8    00000008     --HOLE-- [fill = 0]
                  700712d0    000000e8     lwip-freertos.am263px.r5f.ti-arm-clang.debug.lib : tcp.obj (.text.tcp_recved)
                  700713b8    00000008     --HOLE-- [fill = 0]
                  700713c0    000000e8                                                      : tcpip.obj (.text.tcpip_init)
                  700714a8    00000008     --HOLE-- [fill = 0]
                  700714b0    000000e6     board.am263px.r5f.ti-arm-clang.freertos.debug.lib : dp83869.obj (.text.Dp83869_setClkDelay)
                  70071596    0000000a     --HOLE-- [fill = 0]
                  700715a0    000000e6     drivers.am263px.r5f.ti-arm-clang.freertos.debug.lib : soc_rcm.obj (.text.SOC_rcmGetCoreFout)
                  70071686    0000000a     --HOLE-- [fill = 0]
                  70071690    000000e6                                                         : soc_rcm.obj (.text.SOC_rcmGetPerFout)
                  70071776    0000000a     --HOLE-- [fill = 0]
                  70071780    000000e6     lwip-freertos.am263px.r5f.ti-arm-clang.debug.lib : tcp.obj (.text.tcp_fasttmr)
                  70071866    0000000a     --HOLE-- [fill = 0]
                  70071870    000000e4     enet-cpsw.am263px.r5f.ti-arm-clang.freertos.debug.lib : cpsw_macport.obj (.text.CpswMacPort_setInterface)
                  70071954    0000000c     --HOLE-- [fill = 0]
                  70071960    000000e4     drivers.am263px.r5f.ti-arm-clang.freertos.debug.lib : edma.obj (.text.EDMA_freeChannelRegion)
                  70071a44    0000000c     --HOLE-- [fill = 0]
                  70071a50    000000e4     enet-cpsw.am263px.r5f.ti-arm-clang.freertos.debug.lib : enet_rm.obj (.text.EnetRm_getFreeQ)
                  70071b34    0000000c     --HOLE-- [fill = 0]
                  70071b40    000000e2                                                           : csl_cpsw.obj (.text.CSL_CPSW_getAlePortControlReg)
                  70071c22    0000000e     --HOLE-- [fill = 0]
                  70071c30    000000e2                                                           : cpsw_ale.obj (.text.CpswAle_addDefaultEntries)
                  70071d12    0000000e     --HOLE-- [fill = 0]
                  70071d20    000000e2     drivers.am263px.r5f.ti-arm-clang.freertos.debug.lib : edma.obj (.text.EDMA_freeParam)
                  70071e02    0000000e     --HOLE-- [fill = 0]
                  70071e10    000000e2     enet-cpsw.am263px.r5f.ti-arm-clang.freertos.debug.lib : enet_rm_ioctl.obj (.text.EnetRm_freeMacAddr)
                  70071ef2    0000000e     --HOLE-- [fill = 0]
                  70071f00    000000e2     lwip-freertos.am263px.r5f.ti-arm-clang.debug.lib : acd.obj (.text.acd_arp_reply)
[...]
700a09e0  gStaticIP                                                              
700a09e4  gStaticIPGateway                                                       
700a09e8  gStaticIPNetmask                                                       
700a09ec  ip_addr_any                                                            
700a09f0  ip_addr_broadcast                                                      
700a0a40  __BSS_START                                                            
700a0a40  memp_memory_POOL_1568_base                                             
700b365f  memp_memory_POOL_4096_base                                             
700bb700  memp_memory_POOL_128_base                                              
700c30b8  memp_memory_NETBUF_base                                                
700c40d7  memp_memory_PBUF_base                                                  
700c50f6  memp_memory_TCPIP_MSG_API_base                                         
700c6115  memp_memory_TCPIP_MSG_INPKT_base                                       
700c7134  memp_memory_TCP_SEG_base                                               
700c8154  pfreeQ                                                                 
700cbee0  memp_memory_SYS_MBOX_base                                              
700cd280  memp_memory_RX_POOL_base                                               
700cdaa0  gHwiCtrl                                                               
700d0d00  gFreePbufArr                                                           
700d1100  memp_memory_ARP_QUEUE_base                                             
700d14df  memp_memory_TCP_PCB_base                                               
700d1ae0  memp_memory_NETCONN_base                                               
700d2288  memp_memory_SYS_TIMEOUT_base                                           
700d24c8  lwip_stats                                                             
700d26cc  memp_memory_FRAG_PBUF_base                                             
700d2a44  gEepromObject_CAT24M                                                   
700d2bb0  memp_memory_ALTCP_PCB_base                                             
700d2d0f  memp_memory_NETDB_base                                                 
700d2e6e  memp_memory_REASSDATA_base                                             
700d2fd0  _CIOBUF_                                                               
700d2fd0  __CIOBUF_                                                              
700d30f0  memp_memory_IGMP_GROUP_base                                            
700d320f  memp_memory_TCP_PCB_LISTEN_base                                        
700d332e  memp_memory_UDP_PCB_base                                               
700d344d  pbuf_free_ooseq_pending                                                
700d3664  xQueueRegistry                                                         
700d3854  gEnetUtilsObj                                                          
700d392c  gIpcNotifyCtrl                                                         
700d39e4  __TI_tmpnams                                                           
700d3a88  gTaskP_ctrl                                                            
700d3fe8  gDebugShmLogReaderCtrl                                                 
700d40fc  memp_memory_RAW_PCB_base                                               
700d417b  tcp_active_pcbs_changed                                                
700d4224  gRovDummyQueue                                                         
700d431c  memp_memory_PBUF_POOL_base                                             
700d4340  gClockCtrl                                                             
700d4358  ip_data                                                                
700d457c  virtToPhymap                                                           
700d45a0  parmbuf                                                                
700d467c  gEepromHandle                                                          
700d4680  gI2cHandle                                                             
700d4684  gInterface                                                             
700d4688  gUartHandle                                                            
700d468c  lock_tcpip_core                                                        
700d4690  netif_default                                                          
700d4694  netif_list                                                             
700d4698  tcp_active_pcbs                                                        
700d469c  tcp_bound_pcbs                                                         
700d46a0  tcp_input_pcb                                                          
700d46a4  tcp_listen_pcbs                                                        
700d46a8  tcp_ticks                                                              
700d46ac  tcp_tw_pcbs                                                            
700d46b0  udp_pcbs                                                               
700d46c0  __BSS_END                                                              
700d46c0  _sys_memory                                                            
700dc6c0  __stack                                                                
700e06c0  __STACK_END                                                            
700f8700  gEdmaConfig                                                            
700f8700  gEnetSoc_cpsw3g                                                        
700f8700  gUartDmaHandle                                                         
700fa260  gEnetSoc_dmaObj                                                        
700fcab0  gEnetSoc_cpsw3gMacObj                                                  
700fce50  gEnetCpswCfg                                                           
700fda34  gEnetPhyDrvDp83869                                                     
700fdb38  gEnetPhyDrvGeneric                                                     
700fdc3c  gIpcNotifyMailboxConfig                                                
700fde34  _ftable                                                                
700fe9f4  _device                                                                
700fed44  gUartParams                                                            
700fee40  _stream                                                                
700fefe0  gEnetSoc_cpsw3gSocCfg                                                  
700ff048  gEnetMacAddrPool                                                       
700ff078  gSocModulesClockFrequency                                              
700ff0c8  gClockConfig                                                           
700ff128  gDmaCfg                                                                
700ff1a0  gIpcNotifyInterruptConfig_r5fss0_0                                     
700ff1e8  Cpsw_gSpeedNames                                                       
700ff1f8  gEepromFxns_CAT24M                                                     
700ff208  gIpcNotifyCoreIntrBitPos                                               
700ff218  gSocModules                                                            
700ff228  Cpsw_gDuplexNames                                                      
700ff234  gAddrTranslateConfig                                                   
700ff24c  gEepromAttrs_CAT24M                                                    
700ff258  gEepromConfig                                                          
700ff264  gEnetSoc_perObj                                                        
700ff270  gI2cParams                                                             
700ff27c  __TI_cleanup_ptr                                                       
700ff280  __TI_dtors_ptr                                                         
700ff284  gEepromParams                                                          
700ff28c  gI2cConfig                                                             
700ff29c  gUartConfig                                                            
700ff2a4  FreeRTOS_errno                                                         
700ff2b8  __TI_ft_end                                                            
700ff2bc  _lock                                                                  
700ff2c0  _unlock                                                                
700ff2d0  gDebugLogZone                                                          
700ff2d4  gDebugP_uartDrvIndex                                                   
700ff2d8  gEdmaConfigNum                                                         
700ff2dc  gEepromConfigNum                                                       
700ff2e0  gEnetOsalHwiAllocCnt                                                   
700ff2e4  gEnetOsalHwiPeak                                                       
700ff2e8  gEnetOsalSemAllocCnt                                                   
700ff2ec  gEnetOsalSemPeak                                                       
700ff2f0  gHwiConfig                                                             
700ff2f4  gI2cConfigNum                                                          
700ff2f8  gIpcNotifyInterruptConfigNum_r5fss0_0                                  
700ff2fc  gIpcTask                                                               
700ff300  gLogReaderTask                                                         
700ff304  gMainTask                                                              
700ff308  gUartConfigNum                                                         
700ff30c  gUartDmaChConfig                                                       
700ff310  gUdpTxTask                                                             
700ff318  g_netif                                                                
700ff328  hlwipIfApp                                                             
700ff334  pxCurrentTCB                                                           
700ff340  ulPortInterruptNesting                                                 
700ff344  ulPortSchedularRunning                                                 
700ff348  ulPortTaskHasFPUContext                                                
700ff34c  ulPortYieldRequired                                                    
700ff3ad  gEnetTrace_runtimeLevel                                                
700ff3b0  isMapAvailable                                                         
700ff3c1  HwiP_enableInt                                                         
700ff401  HwiP_disableInt                                                        
700ff461  HwiP_restoreInt                                                        
700ff491  HwiP_clearInt                                                          
700ff4d1  HwiP_post                                                              
700ff511  HwiP_Params_init                                                       
700ff541  HwiP_construct                                                         
700ff731  HwiP_destruct                                                          
700ff7a1  HwiP_init                                                              
700ff951  HwiP_inISR                                                             
700ff981  HwiP_setVimIrqPriMaskNonAtomic                                         
700ff9d1  HwiP_setVimIrqPriMaskAtomic                                            
700ffa71  HwiP_restoreVimIrqPriMask                                              
700ffa81  HwiP_irq_handler_c                                                     
700ffc21  HwiP_fiq_handler                                                       
700ffd91  HwiP_reserved_handler                                                  
700ffdd1  HwiP_undefined_handler_c                                               
700ffdf1  HwiP_user_undefined_handler_c                                          
700ffe11  HwiP_prefetch_abort_handler_c                                          
700ffeb1  HwiP_user_prefetch_abort_handler_c                                     
700ffef1  HwiP_data_abort_handler_c                                              
700fffb1  HwiP_user_data_abort_handler_c                                         
700fffec  vPortRestoreTaskContext                                                
70100024  HwiP_svc_handler                                                       
70100094  HwiP_irq_handler                                                       
701001d8  HwiP_data_abort_handler                                                
7010021c  HwiP_prefetch_abort_handler                                            
70100268  HwiP_undefined_handler                                                 
70100298  GET_DFSR                                                               
701002a0  GET_ADFSR                                                              
701002a8  GET_DFAR                                                               
701002b0  GET_IFSR                                                               
701002b8  GET_AIFSR                                                              
701002c0  GET_IFAR                                                               
701002c8  GET_SPSR                                                               
701002dc  HwiP_disable                                                           
701002ec  HwiP_disableFIQ                                                        
701002fc  HwiP_enable                                                            
7010030c  HwiP_enableFIQ                                                         
7010031c  HwiP_restore                                                           
70100324  HwiP_enableVIC                                                         
70100334  HwiP_disableVIC                                                        
70100344  HwiP_getCPSR                                                           
70100350  CacheP_disableL1d                                                      
70100378  CacheP_disableL1p                                                      
70100390  CacheP_enableL1d                                                       
701003a8  CacheP_enableL1p                                                       
701003c0  CacheP_invL1d                                                          
701003f8  CacheP_invL1p                                                          
70100434  CacheP_invL1dAll                                                       
7010043c  CacheP_invL1pAll                                                       
70100444  CacheP_wb                                                              
70100480  CacheP_wbInv                                                           
701004bc  CacheP_wbAll                                                           
70100564  CacheP_wbInvAll                                                        
7010057c  CacheP_wbInvAllAsm                                                     
7010061c  CacheP_getEnabled                                                      
70100654  CacheP_getCacheLevelInfo                                               
70100660  CacheP_configForceWrThru                                               
70100680  CacheP_setDLFO                                                         
70100691  CacheP_init                                                            
70100721  CacheP_disable                                                         
70100771  CacheP_enable                                                          
701007b1  CacheP_inv                                                             
701007f1  MpuP_getAttrs                                                          
70100851  MpuP_RegionAttrs_init                                                  
70100881  MpuP_setRegion                                                         
70100911  MpuP_isEnable                                                          
70100921  MpuP_disable                                                           
70100961  MpuP_enable                                                            
701009b1  MpuP_init                                                              
70100a51  MpuP_isUserAuthorizedToAccessMemory                                    
70100b30  MpuP_disableAsm                                                        
70100b48  MpuP_disableBRAsm                                                      
70100b58  MpuP_enableAsm                                                         
70100b70  MpuP_enableBRAsm                                                       
70100b80  MpuP_isEnableAsm                                                       
70100b94  MpuP_setRegionAsm                                                      
70100bb0  _c_int00_sbl                                                           
70100bd4  _c_int00                                                               
70100d01  _DebugP_assertNoLog                                                    
70100d31  _system_pre_init                                                       
70100d61  __mpu_init                                                             
70100d70  abort                                                                  
70100d78  __IRQ_STACK_START                                                      
70100e78  __FIQ_STACK_START                                                      
70100e78  __IRQ_STACK_END                                                        
70100f78  __FIQ_STACK_END                                                        
70100f78  __SVC_STACK_START                                                      
70101f78  __ABORT_STACK_START                                                    
70101f78  __SVC_STACK_END                                                        
70102078  __ABORT_STACK_END                                                      
70102078  __UNDEFINED_STACK_START                                                
70102178  __UNDEFINED_STACK_END                                                  
70200000  gGatewaySharedMem                                                      
70204d30  dbg_ipc_recv_count                                                     
70204d34  dbg_udp_rx_count                                                       
70204d38  dbg_udp_tx_count                                                       
70204d3c  dbg_error_count                                                        
70204d40  dbg_last_error_code                                                    
70204d44  dbg_imu_frame_count                                                    
70208000  gDebugShmLog                                                           
ffffffff  __TI_pprof_out_hndl                                                    
ffffffff  __TI_prof_data_size                                                    
ffffffff  __TI_prof_data_start                                                   
ffffffff  __binit__                                                              
ffffffff  binit                                                                  
UNDEFED   __TI_CINIT_Base                                                        
UNDEFED   __TI_CINIT_Limit                                                       
UNDEFED   __TI_Handler_Table_Base                                                
UNDEFED   __TI_Handler_Table_Limit                                               
UNDEFED   _system_post_cinit                                                     

[1395 symbols]
