******************************************************************************
            TI ARM Clang Linker PC v4.0.4                      
******************************************************************************
>> Linked Mon Mar 30 17:32:14 2026

OUTPUT FILE NAME:   <ccu_ti_multi_core_freertos.out>
ENTRY POINT SYMBOL: "_vectors"  address: 00000000


MEMORY CONFIGURATION

         name            origin    length      used     unused   attr    fill
----------------------  --------  ---------  --------  --------  ----  --------
  R5F_VECS              00000000   00000040  00000040  00000000  RWIX
  R5F_TCMA              00000040   00007fc0  00000000  00007fc0  RWIX
  R5F_TCMB              00080000   00008000  00000000  00008000  RWIX
  MAILBOX_HSM           44000000   000003ce  00000000  000003ce  RWIX
  MAILBOX_R5F           44000400   000003ce  00000000  000003ce  RWIX
  FLASH                 60100000   00080000  00000000  00080000  RWIX
  SBL                   70000000   00040000  00000000  00040000  RWIX
  OCRAM                 70040000   00140000  000c1bd0  0007e430  RWIX
  USER_SHM_MEM          70200000   00008000  00004d48  000032b8  RWIX
  LOG_SHM_MEM           70208000   00004000  00002000  00002000  RWIX
  ENET_CPPI_DESC        70280000   00040000  00000a00  0003f600  RWIX
  RTOS_NORTOS_IPC_SHM_M 72000000   00003e80  00000000  00003e80  RWIX


SEGMENT ALLOCATION MAP

run origin  load origin   length   init length attrs members
----------  ----------- ---------- ----------- ----- -------
00000000    00000000    00000040   00000040    r-x
  00000000    00000000    00000040   00000040    r-x .vectors
70040000    70040000    000604e0   000604e0    r-x
  70040000    70040000    00050060   00050060    r-x .text
  70090060    70090060    00010480   00010480    r-- .rodata
700a04e0    700a04e0    0003fc80   00000000    rw-
  700a04e0    700a04e0    00033c80   00000000    rw- .bss
  700d4160    700d4160    00008000   00000000    rw- .sysmem
  700dc160    700dc160    00004000   00000000    rw- .stack
700f8180    700f8180    00006cb8   00006cb8    rw-
  700f8180    700f8180    00006cb8   00006cb8    rw- .data
700fee40    700fee40    000019b8   000019b8    r-x
  700fee40    700fee40    00000f90   00000f90    r-x .text.hwi
  700ffdd0    700ffdd0    000004a0   000004a0    r-x .text.cache
  70100270    70100270    000003c0   000003c0    r-x .text.mpu
  70100630    70100630    000001c0   000001c0    r-x .text.boot
  701007f0    701007f0    00000008   00000008    r-x .text:abort
701007f8    701007f8    00001400   00000000    rw-
  701007f8    701007f8    00000100   00000000    rw- .irqstack
  701008f8    701008f8    00000100   00000000    rw- .fiqstack
  701009f8    701009f8    00001000   00000000    rw- .svcstack
  701019f8    701019f8    00000100   00000000    rw- .abortstack
  70101af8    70101af8    00000100   00000000    rw- .undefinedstack


SECTION ALLOCATION MAP

 output                                  attributes/
section   page    origin      length       input sections
--------  ----  ----------  ----------   ----------------
.vectors   0    00000000    00000040     
                  00000000    00000040     freertos.am263px.r5f.ti-arm-clang.debug.lib : HwiP_armv7r_vectors_freertos_asm.obj (.vectors)

.text      0    70040000    00050060     
                  70040000    000011da     lwip-freertos.am263px.r5f.ti-arm-clang.debug.lib : tcp_in.obj (.text.tcp_receive)
                  700411da    00000002     --HOLE-- [fill = 0]
                  700411dc    00000004     libclang_rt.builtins.a : aeabi_div0.c.obj (.text.__aeabi_idiv0)
                  700411e0    00000c3e     lwip-freertos.am263px.r5f.ti-arm-clang.debug.lib : tcp_in.obj (.text.tcp_input)
                  70041e1e    00000002     --HOLE-- [fill = 0]
                  70041e20    00000ad8                                                      : tcp_in.obj (.text.tcp_process)
                  700428f8    00000008     libsysbm.a : hostexit.c.obj (.text.HOSTexit)
                  70042900    00000abe     enet-cpsw.am263px.r5f.ti-arm-clang.freertos.debug.lib : enet_cpdma.obj (.text.EnetCpdma_dequeueTx)
                  700433be    00000002     --HOLE-- [fill = 0]
                  700433c0    00000a34     freertos.am263px.r5f.ti-arm-clang.debug.lib : printf.obj (.text._vsnprintf)
                  70043df4    0000000c     libclang_rt.builtins.a : aeabi_memset.S.obj (.text.__aeabi_memclr)
                  70043e00    0000099a     enet-cpsw.am263px.r5f.ti-arm-clang.freertos.debug.lib : enet_cpdma.obj (.text.EnetCpdma_dequeueRx)
                  7004479a    00000002     --HOLE-- [fill = 0]
                  7004479c    00000004     libclang_rt.builtins.a : aeabi_div0.c.obj (.text.__aeabi_ldiv0)
                  700447a0    00000960     lwip-freertos.am263px.r5f.ti-arm-clang.debug.lib : tcp.obj (.text.tcp_slowtmr)
                  70045100    000007a4     drivers.am263px.r5f.ti-arm-clang.freertos.debug.lib : i2c_v1_lld.obj (.text.I2C_lld_primeTransferPoll)
                  700458a4    0000000c     libc.a : memory.c.obj (.text.malloc)
                  700458b0    00000678     drivers.am263px.r5f.ti-arm-clang.freertos.debug.lib : soc_rcm.obj (.text.SOC_rcmGetClkSrcAndDivReg)
                  70045f28    00000004     libclang_rt.builtins.a : aeabi_memcpy.S.obj (.text.__aeabi_memcpy)
                  70045f2c    00000004     libc.a : _lock.c.obj (.text._nop)
                  70045f30    00000654     lwip-freertos.am263px.r5f.ti-arm-clang.debug.lib : dhcp.obj (.text.dhcp_parse_reply)
                  70046584    0000000c     freertos.am263px.r5f.ti-arm-clang.debug.lib : CpuId_armv7r_asm.obj (.text)
                  70046590    00000638     drivers.am263px.r5f.ti-arm-clang.freertos.debug.lib : soc_rcm.obj (.text.SOC_rcmEnablePeripheralClock)
                  70046bc8    00000004     libc.a : fseek.c.obj (.text.fseek)
                  70046bcc    00000004     libsysbm.a : remove.c.obj (.text.remove)
                  70046bd0    00000610     lwipif-cpsw-freertos.am263px.r5f.ti-arm-clang.debug.lib : lwip2enet.obj (.text.Lwip2Enet_open)
                  700471e0    00000606     enet-cpsw.am263px.r5f.ti-arm-clang.freertos.debug.lib : enet_cpdma.obj (.text.EnetCpdma_enqueueRx)
                  700477e6    0000000a     --HOLE-- [fill = 0]
                  700477f0    000005e2     freertos.am263px.r5f.ti-arm-clang.debug.lib : printf.obj (.text._ftoa)
                  70047dd2    0000000e     --HOLE-- [fill = 0]
                  70047de0    00000552     enet-cpsw.am263px.r5f.ti-arm-clang.freertos.debug.lib : cpsw_ale.obj (.text.CpswAle_open)
                  70048332    0000000e     --HOLE-- [fill = 0]
                  70048340    0000054c     lwip-freertos.am263px.r5f.ti-arm-clang.debug.lib : ip4.obj (.text.ip4_input)
                  7004888c    00000004     --HOLE-- [fill = 0]
                  70048890    0000050e                                                      : icmp.obj (.text.icmp_input)
                  70048d9e    00000002     --HOLE-- [fill = 0]
                  70048da0    00000506     enet-cpsw.am263px.r5f.ti-arm-clang.freertos.debug.lib : enet_cpdma.obj (.text.EnetCpdma_enqueueTx)
                  700492a6    0000000a     --HOLE-- [fill = 0]
                  700492b0    000004d8     lwip-freertos.am263px.r5f.ti-arm-clang.debug.lib : tcp_out.obj (.text.tcp_output)
                  70049788    00000008     --HOLE-- [fill = 0]
                  70049790    000004b0     freertos.am263px.r5f.ti-arm-clang.debug.lib : printf.obj (.text._etoa)
                  70049c40    000004ae     lwip-freertos.am263px.r5f.ti-arm-clang.debug.lib : udp.obj (.text.udp_input)
                  7004a0ee    00000002     --HOLE-- [fill = 0]
                  7004a0f0    00000492                                                      : etharp.obj (.text.etharp_query)
                  7004a582    0000000e     --HOLE-- [fill = 0]
                  7004a590    0000048a                                                      : etharp.obj (.text.etharp_find_entry)
                  7004aa1a    00000006     --HOLE-- [fill = 0]
                  7004aa20    00000486                                                      : ip4_frag.obj (.text.ip4_reass)
                  7004aea6    0000000a     --HOLE-- [fill = 0]
                  7004aeb0    00000466     board.am263px.r5f.ti-arm-clang.freertos.debug.lib : dp83869.obj (.text.Dp83869_printRegs)
                  7004b316    0000000a     --HOLE-- [fill = 0]
                  7004b320    00000446     enet-cpsw.am263px.r5f.ti-arm-clang.freertos.debug.lib : cpsw_macport.obj (.text.CpswMacPort_open)
                  7004b766    0000000a     --HOLE-- [fill = 0]
                  7004b770    0000043e                                                           : enet_rm.obj (.text.EnetRm_detachCore)
                  7004bbae    00000002     --HOLE-- [fill = 0]
                  7004bbb0    00000404     drivers.am263px.r5f.ti-arm-clang.freertos.debug.lib : uart_v0.obj (.text.UART_open)
                  7004bfb4    0000000c     --HOLE-- [fill = 0]
                  7004bfc0    000003e2     enet-cpsw.am263px.r5f.ti-arm-clang.freertos.debug.lib : enet_rm.obj (.text.EnetRm_close)
                  7004c3a2    0000000e     --HOLE-- [fill = 0]
                  7004c3b0    000003dc     drivers.am263px.r5f.ti-arm-clang.freertos.debug.lib : ipc_notify_v1.obj (.text.IpcNotify_init)
                  7004c78c    000003dc     libc.a : _printfi.c.obj (.text:__TI_printfi_minimal)
                  7004cb68    00000008     --HOLE-- [fill = 0]
                  7004cb70    000003d2     drivers.am263px.r5f.ti-arm-clang.freertos.debug.lib : soc.obj (.text.SOC_phyToVirt)
                  7004cf42    0000000e     --HOLE-- [fill = 0]
                  7004cf50    000003be     lwip-freertos.am263px.r5f.ti-arm-clang.debug.lib : ip4_frag.obj (.text.ip_reass_chain_frag_into_datagram_and_validate)
                  7004d30e    00000002     --HOLE-- [fill = 0]
                  7004d310    000003ba                                                      : udp.obj (.text.udp_sendto_if_src)
                  7004d6ca    00000006     --HOLE-- [fill = 0]
                  7004d6d0    000003b0                                                      : tcp_out.obj (.text.tcp_split_unsent_seg)
                  7004da80    000003a2     enet-cpsw.am263px.r5f.ti-arm-clang.freertos.debug.lib : cpsw.obj (.text.Cpsw_registerIntrs)
                  7004de22    0000000e     --HOLE-- [fill = 0]
                  7004de30    00000398                                                           : mdio.obj (.text.Mdio_open)
                  7004e1c8    00000018     libc.a : memset32.S.obj (.text:TI_memset_small)
                  7004e1e0    00000390            : strcmp32.S.obj (.text:strcmp)
                  7004e570    00000380     lwip-freertos.am263px.r5f.ti-arm-clang.debug.lib : ip4_frag.obj (.text.ip4_frag)
                  7004e8f0    0000036e     enet-cpsw.am263px.r5f.ti-arm-clang.freertos.debug.lib : cpsw.obj (.text.Cpsw_handleLinkDown)
                  7004ec5e    00000002     --HOLE-- [fill = 0]
                  7004ec60    0000036a                                                           : enet_appmemutils.obj (.text.EnetMem_initCore)
                  7004efca    00000006     --HOLE-- [fill = 0]
                  7004efd0    00000362     lwipif-cpsw-freertos.am263px.r5f.ti-arm-clang.debug.lib : lwip2enet.obj (.text.Lwip2Enet_prepRxPktQ)
                  7004f332    0000000e     --HOLE-- [fill = 0]
                  7004f340    00000356     drivers.am263px.r5f.ti-arm-clang.freertos.debug.lib : i2c_v1.obj (.text.I2C_open)
                  7004f696    0000000a     --HOLE-- [fill = 0]
                  7004f6a0    0000034a     enet-cpsw.am263px.r5f.ti-arm-clang.freertos.debug.lib : cpsw.obj (.text.Cpsw_openInternal)
                  7004f9ea    00000006     --HOLE-- [fill = 0]
                  7004f9f0    0000033a                                                           : cpsw_ioctl.obj (.text.Cpsw_openPortLinkNoPhy)
                  7004fd2a    00000006     --HOLE-- [fill = 0]
                  7004fd30    00000330                                                           : cpsw.obj (.text.Cpsw_open)
                  70050060    00000326     lwip-freertos.am263px.r5f.ti-arm-clang.debug.lib : ip4.obj (.text.ip4_output_if_opt_src)
                  70050386    0000000a     --HOLE-- [fill = 0]
                  70050390    00000320     motor_mapping.o (.text.motor_mapping_init_core0)
                  700506b0    0000031e     lwip-freertos.am263px.r5f.ti-arm-clang.debug.lib : tcp_out.obj (.text.tcp_enqueue_flags)
                  700509ce    00000002     --HOLE-- [fill = 0]
                  700509d0    00000302     drivers.am263px.r5f.ti-arm-clang.freertos.debug.lib : soc.obj (.text.SOC_virtToPhy)
                  70050cd2    0000000e     --HOLE-- [fill = 0]
                  70050ce0    000002f8     lwip-freertos.am263px.r5f.ti-arm-clang.debug.lib : pbuf.obj (.text.pbuf_alloc)
                  70050fd8    00000008     --HOLE-- [fill = 0]
                  70050fe0    000002f2     enet-cpsw.am263px.r5f.ti-arm-clang.freertos.debug.lib : enet_cpdma.obj (.text.EnetCpdma_open)
                  700512d2    0000000e     --HOLE-- [fill = 0]
                  700512e0    000002e6                                                           : csl_cpsw.obj (.text.CSL_CPSW_setPortRxDscpMap)
                  700515c6    0000000a     --HOLE-- [fill = 0]
                  700515d0    000002e6     ti_enet_open_close.o (.text.EnetApp_driverOpen)
                  700518b6    0000000a     --HOLE-- [fill = 0]
                  700518c0    000002de     lwip-freertos.am263px.r5f.ti-arm-clang.debug.lib : etharp.obj (.text.etharp_output)
                  70051b9e    00000002     --HOLE-- [fill = 0]
                  70051ba0    000002da     enet-cpsw.am263px.r5f.ti-arm-clang.freertos.debug.lib : cpsw.obj (.text.Cpsw_periodicTick)
                  70051e7a    00000006     --HOLE-- [fill = 0]
                  70051e80    000002d2                                                           : enetphy.obj (.text.EnetPhy_enableState)
                  70052152    0000000e     --HOLE-- [fill = 0]
                  70052160    000002bc     lwip-freertos.am263px.r5f.ti-arm-clang.debug.lib : tcp_out.obj (.text.tcp_output_segment)
                  7005241c    00000004     --HOLE-- [fill = 0]
                  70052420    000002ba     drivers.am263px.r5f.ti-arm-clang.freertos.debug.lib : i2c_v1_lld.obj (.text.I2C_lld_controllerIsr)
                  700526da    00000006     --HOLE-- [fill = 0]
                  700526e0    000002ba     lwip-freertos.am263px.r5f.ti-arm-clang.debug.lib : pbuf.obj (.text.pbuf_copy_partial_pbuf)
                  7005299a    00000006     --HOLE-- [fill = 0]
                  700529a0    000002b8     enet-cpsw.am263px.r5f.ti-arm-clang.freertos.debug.lib : cpsw.obj (.text.Cpsw_handleLinkUp)
                  70052c58    00000008     --HOLE-- [fill = 0]
                  70052c60    000002aa     lwip-freertos.am263px.r5f.ti-arm-clang.debug.lib : netif.obj (.text.netif_add)
                  70052f0a    00000006     --HOLE-- [fill = 0]
                  70052f10    000002a8     enet-cpsw.am263px.r5f.ti-arm-clang.freertos.debug.lib : cpsw_ale.obj (.text.CpswAle_addVlan)
                  700531b8    00000008     --HOLE-- [fill = 0]
                  700531c0    0000029e     lwip-freertos.am263px.r5f.ti-arm-clang.debug.lib : tcp_in.obj (.text.tcp_listen_input)
                  7005345e    00000002     --HOLE-- [fill = 0]
                  70053460    0000029a     drivers.am263px.r5f.ti-arm-clang.freertos.debug.lib : i2c_v1_lld.obj (.text.I2C_lld_targetIsr)
                  700536fa    00000006     --HOLE-- [fill = 0]
                  70053700    00000298     xgw_udp_interface.o (.text.xgw_udp_process_motor_cmd)
                  70053998    00000008     --HOLE-- [fill = 0]
                  700539a0    00000296     lwip-freertos.am263px.r5f.ti-arm-clang.debug.lib : tcp.obj (.text.tcp_close_shutdown)
                  70053c36    0000000a     --HOLE-- [fill = 0]
                  70053c40    00000290     enet-cpsw.am263px.r5f.ti-arm-clang.freertos.debug.lib : cpsw.obj (.text.Cpsw_registerIoctlHandler)
                  70053ed0    0000028e                                                           : csl_cpsw.obj (.text.CSL_CPSW_setAlePolicerEntry)
                  7005415e    00000002     --HOLE-- [fill = 0]
                  70054160    00000286                                                           : csl_cpsw.obj (.text.CSL_CPSW_getAlePolicerEntry)
                  700543e6    0000000a     --HOLE-- [fill = 0]
                  700543f0    0000027e                                                           : cpsw_ale.obj (.text.CpswAle_findVlan)
                  7005466e    00000002     --HOLE-- [fill = 0]
                  70054670    0000027e     drivers.am263px.r5f.ti-arm-clang.freertos.debug.lib : uart_dma_edma.obj (.text.UART_edmaChInit)
                  700548ee    00000002     --HOLE-- [fill = 0]
                  700548f0    0000027a     enet-cpsw.am263px.r5f.ti-arm-clang.freertos.debug.lib : cpsw.obj (.text.Cpsw_ioctl)
                  70054b6a    00000006     --HOLE-- [fill = 0]
                  70054b70    00000272     test.o (.text.test_netif_init)
                  70054de2    0000000e     --HOLE-- [fill = 0]
                  70054df0    00000266     enet-cpsw.am263px.r5f.ti-arm-clang.freertos.debug.lib : cpsw_est_ioctl.obj (.text.CpswEst_ioctl_handler_ENET_TAS_IOCTL_SET_STATE)
                  70055056    0000000a     --HOLE-- [fill = 0]
                  70055060    00000266     freertos.am263px.r5f.ti-arm-clang.debug.lib : tasks.obj (.text.xTaskIncrementTick)
                  700552c6    0000000a     --HOLE-- [fill = 0]
                  700552d0    0000025a     lwip-freertos.am263px.r5f.ti-arm-clang.debug.lib : ip4_frag.obj (.text.ip_reass_free_complete_datagram)
                  7005552a    00000006     --HOLE-- [fill = 0]
                  70055530    0000025a     freertos.am263px.r5f.ti-arm-clang.debug.lib : tasks.obj (.text.xTaskResumeAll)
                  7005578a    00000006     --HOLE-- [fill = 0]
                  70055790    00000254     lwip-freertos.am263px.r5f.ti-arm-clang.debug.lib : igmp.obj (.text.igmp_input)
                  700559e4    0000000c     --HOLE-- [fill = 0]
                  700559f0    00000250     drivers.am263px.r5f.ti-arm-clang.freertos.debug.lib : edma.obj (.text.Alloc_resource)
                  70055c40    0000024c     enet-cpsw.am263px.r5f.ti-arm-clang.freertos.debug.lib : cpsw_macport_ioctl.obj (.text.CpswMacPort_enablePort)
                  70055e8c    00000004     --HOLE-- [fill = 0]
                  70055e90    00000246     lwip-freertos.am263px.r5f.ti-arm-clang.debug.lib : dns.obj (.text.dns_send)
                  700560d6    0000000a     --HOLE-- [fill = 0]
                  700560e0    00000242     enet-cpsw.am263px.r5f.ti-arm-clang.freertos.debug.lib : enetphy.obj (.text.EnetPhy_bindDriver)
                  70056322    0000000e     --HOLE-- [fill = 0]
                  70056330    00000242     drivers.am263px.r5f.ti-arm-clang.freertos.debug.lib : uart_v0_lld.obj (.text.UART_fifoConfig)
                  70056572    0000000e     --HOLE-- [fill = 0]
                  70056580    00000240     main.o (.text.core0_init)
                  700567c0    0000023e     enet-cpsw.am263px.r5f.ti-arm-clang.freertos.debug.lib : cpsw_cpts_ioctl.obj (.text.CpswCpts_handleEvents)
                  700569fe    00000002     --HOLE-- [fill = 0]
                  70056a00    0000023e     freertos.am263px.r5f.ti-arm-clang.debug.lib : printf.obj (.text._ntoa_format)
                  70056c3e    00000002     --HOLE-- [fill = 0]
                  70056c40    00000238     main.o (.text.freertos_main)
                  70056e78    00000008     --HOLE-- [fill = 0]
                  70056e80    00000234     enet-cpsw.am263px.r5f.ti-arm-clang.freertos.debug.lib : cpsw_hostport.obj (.text.CpswHostPort_open)
                  700570b4    0000000c     --HOLE-- [fill = 0]
                  700570c0    00000230                                                           : enet_appmemutils.obj (.text.EnetMem_allocEthPkt)
                  700572f0    0000022c                                                           : enet_cpdma_priv.obj (.text.EnetCpdma_memMgrInit)
                  7005751c    00000004     --HOLE-- [fill = 0]
                  70057520    0000022a     lwipif-cpsw-freertos.am263px.r5f.ti-arm-clang.debug.lib : lwip2lwipif.obj (.text.LWIPIF_LWIP_getChkSumInfo)
                  7005774a    00000006     --HOLE-- [fill = 0]
                  70057750    0000022a     lwip-freertos.am263px.r5f.ti-arm-clang.debug.lib : dhcp.obj (.text.dhcp_select)
                  7005797a    00000006     --HOLE-- [fill = 0]
                  70057980    00000226     drivers.am263px.r5f.ti-arm-clang.freertos.debug.lib : uart_dma_edma.obj (.text.UART_lld_dmaDeInit)
                  70057ba6    0000000a     --HOLE-- [fill = 0]
                  70057bb0    00000222                                                         : ipc_notify_v1.obj (.text.IpcNotify_isr)
                  70057dd2    0000000e     --HOLE-- [fill = 0]
                  70057de0    00000220     enet-cpsw.am263px.r5f.ti-arm-clang.freertos.debug.lib : enet_cpdma.obj (.text.EnetCpdma_closeTxCh)
                  70058000    00000220                                                           : enet_rm_ioctl.obj (.text.EnetRm_allocMacAddr)
                  70058220    00000220     freertos.am263px.r5f.ti-arm-clang.debug.lib : tasks.obj (.text.vTaskGenericNotifyGiveFromISR)
                  70058440    00000220                                                 : queue.obj (.text.xQueueGenericSend)
                  70058660    0000021a     enet-cpsw.am263px.r5f.ti-arm-clang.freertos.debug.lib : cpsw_stats.obj (.text.CpswStats_open)
                  7005887a    00000006     --HOLE-- [fill = 0]
                  70058880    0000020a     lwip-freertos.am263px.r5f.ti-arm-clang.debug.lib : tcp.obj (.text.tcp_pcb_remove)
                  70058a8a    00000006     --HOLE-- [fill = 0]
                  70058a90    0000020a     freertos.am263px.r5f.ti-arm-clang.debug.lib : queue.obj (.text.xQueueSemaphoreTake)
                  70058c9a    00000006     --HOLE-- [fill = 0]
                  70058ca0    00000206     enet-cpsw.am263px.r5f.ti-arm-clang.freertos.debug.lib : cpsw_cpts.obj (.text.CpswCpts_open)
                  70058ea6    0000000a     --HOLE-- [fill = 0]
                  70058eb0    00000206                                                           : enet_cpdma.obj (.text.EnetCpdma_closeRxCh)
                  700590b6    0000000a     --HOLE-- [fill = 0]
                  700590c0    00000206     lwip-freertos.am263px.r5f.ti-arm-clang.debug.lib : dhcp.obj (.text.dhcp_recv)
                  700592c6    0000000a     --HOLE-- [fill = 0]
                  700592d0    00000204     enet-cpsw.am263px.r5f.ti-arm-clang.freertos.debug.lib : enetphy.obj (.text.EnetPhy_open)
                  700594d4    0000000c     --HOLE-- [fill = 0]
                  700594e0    000001fe                                                           : cpsw_stats_ioctl.obj (.text.CpswStats_readHostStats)
                  700596de    00000002     --HOLE-- [fill = 0]
                  700596e0    000001fe     lwip-freertos.am263px.r5f.ti-arm-clang.debug.lib : pbuf.obj (.text.pbuf_free)
                  700598de    00000002     --HOLE-- [fill = 0]
                  700598e0    000001fc     xgw_udp_interface.o (.text.xgw_udp_recv_callback)
                  70059adc    00000004     --HOLE-- [fill = 0]
                  70059ae0    000001f8     main.o (.text.build_and_send_udp_packet)
                  70059cd8    00000008     --HOLE-- [fill = 0]
                  70059ce0    000001f8     xgw_udp_interface.o (.text.xgw_udp_process_motor_set)
                  70059ed8    00000008     --HOLE-- [fill = 0]
                  70059ee0    000001f6     lwip-freertos.am263px.r5f.ti-arm-clang.debug.lib : dhcp.obj (.text.dhcp_create_msg)
                  7005a0d6    0000000a     --HOLE-- [fill = 0]
                  7005a0e0    000001f2     drivers.am263px.r5f.ti-arm-clang.freertos.debug.lib : i2c_v1.obj (.text.I2C_primeTransfer)
                  7005a2d2    0000000e     --HOLE-- [fill = 0]
                  7005a2e0    000001f2                                                         : i2c_v1.obj (.text.I2C_transfer)
                  7005a4d2    0000000e     --HOLE-- [fill = 0]
                  7005a4e0    000001ee     enet-cpsw.am263px.r5f.ti-arm-clang.freertos.debug.lib : cpsw_ale.obj (.text.CpswAle_setAleCfg)
                  7005a6ce    00000002     --HOLE-- [fill = 0]
                  7005a6d0    000001ee                                                           : cpsw_ioctl.obj (.text.Cpsw_openPortLinkWithPhy)
                  7005a8be    00000002     --HOLE-- [fill = 0]
                  7005a8c0    000001ea                                                           : cpsw_hostport.obj (.text.CpswHostPort_ioctl)
                  7005aaaa    00000006     --HOLE-- [fill = 0]
                  7005aab0    000001ea                                                           : cpsw_stats.obj (.text.CpswStats_ioctl)
                  7005ac9a    00000006     --HOLE-- [fill = 0]
                  7005aca0    000001ea                                                           : cpsw_ioctl.obj (.text.Cpsw_openPortLink)
                  7005ae8a    00000006     --HOLE-- [fill = 0]
                  7005ae90    000001ea     lwip-freertos.am263px.r5f.ti-arm-clang.debug.lib : tcp.obj (.text.tcp_abandon)
                  7005b07a    00000006     --HOLE-- [fill = 0]
                  7005b080    000001e2     ti_enet_open_close.o (.text.EnetApp_initLinkArgs)
                  7005b262    0000000e     --HOLE-- [fill = 0]
                  7005b270    000001e2     lwip-freertos.am263px.r5f.ti-arm-clang.debug.lib : pbuf.obj (.text.pbuf_realloc)
                  7005b452    0000000e     --HOLE-- [fill = 0]
                  7005b460    000001e0     enet-cpsw.am263px.r5f.ti-arm-clang.freertos.debug.lib : cpsw_stats_ioctl.obj (.text.CpswStats_readMacStats)
                  7005b640    000001e0     lwip-freertos.am263px.r5f.ti-arm-clang.debug.lib : dhcp.obj (.text.dhcp_bind)
                  7005b820    000001da     enet-cpsw.am263px.r5f.ti-arm-clang.freertos.debug.lib : enet.obj (.text.Enet_validateIoctl)
                  7005b9fa    00000006     --HOLE-- [fill = 0]
                  7005ba00    000001d8     freertos.am263px.r5f.ti-arm-clang.debug.lib : queue.obj (.text.xQueueReceive)
                  7005bbd8    00000008     --HOLE-- [fill = 0]
                  7005bbe0    000001d6                                                 : TimerP_rti_priv.obj (.text.TimerP_setupPriv)
                  7005bdb6    0000000a     --HOLE-- [fill = 0]
                  7005bdc0    000001d4     ti_enet_lwipif.o (.text.LwipifEnetAppCb_getRxHandleInfo)
                  7005bf94    0000000c     --HOLE-- [fill = 0]
                  7005bfa0    000001d4     enet-cpsw.am263px.r5f.ti-arm-clang.freertos.debug.lib : mdio.obj (.text.Mdio_ioctl)
                  7005c174    000001d0     libclang_rt.builtins.a : udivsi3.S.obj (.text.__udivsi3)
                  7005c344    0000000c     --HOLE-- [fill = 0]
                  7005c350    000001ce     xgw_udp_interface.o (.text.xgw_udp_start)
                  7005c51e    00000002     --HOLE-- [fill = 0]
                  7005c520    000001c8     lwip-freertos.am263px.r5f.ti-arm-clang.debug.lib : etharp.obj (.text.etharp_raw)
                  7005c6e8    00000008     --HOLE-- [fill = 0]
                  7005c6f0    000001c6     enet-cpsw.am263px.r5f.ti-arm-clang.freertos.debug.lib : enet_rm_ioctl.obj (.text.EnetRm_allocTxChNum)
                  7005c8b6    0000000a     --HOLE-- [fill = 0]
                  7005c8c0    000001c6     lwip-freertos.am263px.r5f.ti-arm-clang.debug.lib : tcp_out.obj (.text.tcp_create_segment)
                  7005ca86    0000000a     --HOLE-- [fill = 0]
                  7005ca90    000001c4     ti_enet_lwipif.o (.text.LwipifEnetApp_startSchedule)
                  7005cc54    0000000c     --HOLE-- [fill = 0]
                  7005cc60    000001c2     enet-cpsw.am263px.r5f.ti-arm-clang.freertos.debug.lib : enet.obj (.text.Enet_validateGenericIoctl)
                  7005ce22    0000000e     --HOLE-- [fill = 0]
                  7005ce30    000001bc     freertos.am263px.r5f.ti-arm-clang.debug.lib : tasks.obj (.text.xTaskRemoveFromEventList)
                  7005cfec    00000004     --HOLE-- [fill = 0]
                  7005cff0    000001b4     enet-cpsw.am263px.r5f.ti-arm-clang.freertos.debug.lib : enet_rm.obj (.text.EnetRm_open)
                  7005d1a4    0000000c     --HOLE-- [fill = 0]
                  7005d1b0    000001b2     lwip-freertos.am263px.r5f.ti-arm-clang.debug.lib : ip4.obj (.text.ip4_forward)
                  7005d362    0000000e     --HOLE-- [fill = 0]
                  7005d370    000001b0     enet-cpsw.am263px.r5f.ti-arm-clang.freertos.debug.lib : cpsw_ale.obj (.text.CpswAle_delPolicerEntry)
                  7005d520    000001b0     lwip-freertos.am263px.r5f.ti-arm-clang.debug.lib : dns.obj (.text.dns_call_found)
                  7005d6d0    000001ae     ti_enet_open_close.o (.text.EnetApp_ConfigureDscpMapping)
                  7005d87e    00000002     --HOLE-- [fill = 0]
                  7005d880    000001ac     drivers.am263px.r5f.ti-arm-clang.freertos.debug.lib : uart_v0.obj (.text.UART_close)
                  7005da2c    00000004     --HOLE-- [fill = 0]
                  7005da30    000001aa     enet-cpsw.am263px.r5f.ti-arm-clang.freertos.debug.lib : mdio_ioctl.obj (.text.Mdio_readRegC45)
                  7005dbda    00000006     --HOLE-- [fill = 0]
                  7005dbe0    000001aa     drivers.am263px.r5f.ti-arm-clang.freertos.debug.lib : uart_dma_edma.obj (.text.UART_lld_dmaWrite)
                  7005dd8a    00000006     --HOLE-- [fill = 0]
                  7005dd90    000001aa     lwip-freertos.am263px.r5f.ti-arm-clang.debug.lib : mem.obj (.text.mem_free)
                  7005df3a    00000006     --HOLE-- [fill = 0]
                  7005df40    000001a8     enet-cpsw.am263px.r5f.ti-arm-clang.freertos.debug.lib : enet_appmemutils.obj (.text.EnetDma_checkPktState)
                  7005e0e8    00000008     --HOLE-- [fill = 0]
                  7005e0f0    000001a8     lwipif-cpsw-freertos.am263px.r5f.ti-arm-clang.debug.lib : custom_pbuf.obj (.text.EnetDma_checkPktState)
                  7005e298    00000008     --HOLE-- [fill = 0]
                  7005e2a0    000001a8                                                             : lwip2enet.obj (.text.EnetDma_checkPktState)
                  7005e448    000001a8     libc.a : memory.c.obj (.text.free)
                  7005e5f0    000001a4            : memory.c.obj (.text.aligned_alloc)
                  7005e794    0000000c     --HOLE-- [fill = 0]
                  7005e7a0    000001a4     freertos.am263px.r5f.ti-arm-clang.debug.lib : timers.obj (.text.prvProcessReceivedCommands)
                  7005e944    0000000c     --HOLE-- [fill = 0]
                  7005e950    000001a0     drivers.am263px.r5f.ti-arm-clang.freertos.debug.lib : uart_v0.obj (.text.UART_write)
                  7005eaf0    000001a0     lwip-freertos.am263px.r5f.ti-arm-clang.debug.lib : pbuf.obj (.text.pbuf_take)
                  7005ec90    000001a0     freertos.am263px.r5f.ti-arm-clang.debug.lib : tasks.obj (.text.vTaskSwitchContext)
                  7005ee30    0000019e     enet-cpsw.am263px.r5f.ti-arm-clang.freertos.debug.lib : cpsw_ale_ioctl.obj (.text.CpswAle_addMcastAddr)
                  7005efce    00000002     --HOLE-- [fill = 0]
                  7005efd0    0000019c     libc.a : fputs.c.obj (.text.fputs)
                  7005f16c    00000004     --HOLE-- [fill = 0]
                  7005f170    0000019a     enet-cpsw.am263px.r5f.ti-arm-clang.freertos.debug.lib : cpsw_cpts.obj (.text.CpswCpts_ioctl)
                  7005f30a    00000006     --HOLE-- [fill = 0]
                  7005f310    0000019a     lwip-freertos.am263px.r5f.ti-arm-clang.debug.lib : dns.obj (.text.dns_check_entry)
                  7005f4aa    00000006     --HOLE-- [fill = 0]
                  7005f4b0    0000019a     freertos.am263px.r5f.ti-arm-clang.debug.lib : tasks.obj (.text.vTaskPriorityDisinheritAfterTimeout)
                  7005f64a    00000006     --HOLE-- [fill = 0]
                  7005f650    0000019a                                                 : queue.obj (.text.xQueueGenericSendFromISR)
                  7005f7ea    00000006     --HOLE-- [fill = 0]
                  7005f7f0    00000198     drivers.am263px.r5f.ti-arm-clang.freertos.debug.lib : uart_v0_lld.obj (.text.UART_lld_controllerIsr)
                  7005f988    00000008     --HOLE-- [fill = 0]
                  7005f990    00000196     lwip-freertos.am263px.r5f.ti-arm-clang.debug.lib : dhcp.obj (.text.dhcp_reboot)
                  7005fb26    0000000a     --HOLE-- [fill = 0]
                  7005fb30    00000194     enet-cpsw.am263px.r5f.ti-arm-clang.freertos.debug.lib : cpsw_ale.obj (.text.CpswAle_ioctl)
                  7005fcc4    0000000c     --HOLE-- [fill = 0]
                  7005fcd0    00000194                                                           : cpsw_macport.obj (.text.CpswMacPort_ioctl)
                  7005fe64    0000000c     --HOLE-- [fill = 0]
                  7005fe70    00000192     lwip-freertos.am263px.r5f.ti-arm-clang.debug.lib : ethernet.obj (.text.ethernet_input)
                  70060002    0000000e     --HOLE-- [fill = 0]
                  70060010    00000192                                                      : tcp_out.obj (.text.tcp_zero_window_probe)
                  700601a2    0000000e     --HOLE-- [fill = 0]
                  700601b0    00000190                                                      : etharp.obj (.text.etharp_update_arp_entry)
                  70060340    0000018e                                                      : etharp.obj (.text.etharp_input)
                  700604ce    00000002     --HOLE-- [fill = 0]
                  700604d0    0000018a     enet-cpsw.am263px.r5f.ti-arm-clang.freertos.debug.lib : enet_rm.obj (.text.EnetRm_ioctl)
                  7006065a    00000006     --HOLE-- [fill = 0]
                  70060660    0000018a     lwip-freertos.am263px.r5f.ti-arm-clang.debug.lib : sys_arch.obj (.text.sys_arch_mbox_fetch)
                  700607ea    00000006     --HOLE-- [fill = 0]
                  700607f0    00000188     freertos.am263px.r5f.ti-arm-clang.debug.lib : ClockP_freertos_r5.obj (.text.ClockP_init)
                  70060978    00000008     --HOLE-- [fill = 0]
                  70060980    00000186     lwip-freertos.am263px.r5f.ti-arm-clang.debug.lib : acd.obj (.text.acd_tmr)
                  70060b06    0000000a     --HOLE-- [fill = 0]
                  70060b10    00000186                                                      : tcp.obj (.text.tcp_alloc)
                  70060c96    0000000a     --HOLE-- [fill = 0]
                  70060ca0    0000017c     lwipif-cpsw-freertos.am263px.r5f.ti-arm-clang.debug.lib : lwip2enet.obj (.text.Lwip2Enet_close)
                  70060e1c    00000004     --HOLE-- [fill = 0]
                  70060e20    0000017a                                                             : custom_pbuf.obj (.text.custom_pbuf_free)
                  70060f9a    00000006     --HOLE-- [fill = 0]
                  70060fa0    00000178     freertos.am263px.r5f.ti-arm-clang.debug.lib : DebugP_shmLogReader.obj (.text.DebugP_shmLogReaderGetString)
                  70061118    00000008     --HOLE-- [fill = 0]
                  70061120    00000178     enet-cpsw.am263px.r5f.ti-arm-clang.freertos.debug.lib : enet_rm.obj (.text.EnetRm_initRxObj)
                  70061298    00000008     --HOLE-- [fill = 0]
                  700612a0    00000178     lwipif-cpsw-freertos.am263px.r5f.ti-arm-clang.debug.lib : lwip2enet.obj (.text.Lwip2Enet_periodicFxn)
                  70061418    00000008     --HOLE-- [fill = 0]
                  70061420    00000178     lwip-freertos.am263px.r5f.ti-arm-clang.debug.lib : udp.obj (.text.udp_bind)
                  70061598    00000008     --HOLE-- [fill = 0]
                  700615a0    00000176     enet-cpsw.am263px.r5f.ti-arm-clang.freertos.debug.lib : cpsw_macport_est.obj (.text.CpswEst_setState)
                  70061716    0000000a     --HOLE-- [fill = 0]
                  70061720    00000176     lwip-freertos.am263px.r5f.ti-arm-clang.debug.lib : dhcp.obj (.text.dhcp_discover)
                  70061896    0000000a     --HOLE-- [fill = 0]
                  700618a0    00000176                                                      : icmp.obj (.text.icmp_send_response)
                  70061a16    0000000a     --HOLE-- [fill = 0]
                  70061a20    00000176                                                      : sys_arch.obj (.text.sys_sem_new)
                  70061b96    0000000a     --HOLE-- [fill = 0]
                  70061ba0    00000174     enet-cpsw.am263px.r5f.ti-arm-clang.freertos.debug.lib : enetphy.obj (.text.EnetPhy_getLinkStatus)
                  70061d14    0000000c     --HOLE-- [fill = 0]
                  70061d20    00000172     board.am263px.r5f.ti-arm-clang.freertos.debug.lib : eeprom_cat24m.obj (.text.EEPROM_CAT24M_write)
                  70061e92    0000000e     --HOLE-- [fill = 0]
                  70061ea0    00000172     lwip-freertos.am263px.r5f.ti-arm-clang.debug.lib : ip4.obj (.text.ip4_route)
                  70062012    0000000e     --HOLE-- [fill = 0]
                  70062020    00000172                                                      : sys_arch.obj (.text.sys_arch_sem_wait)
                  70062192    0000000e     --HOLE-- [fill = 0]
                  700621a0    00000170     freertos.am263px.r5f.ti-arm-clang.debug.lib : queue.obj (.text.xQueueGiveFromISR)
                  70062310    0000016c     lwip-freertos.am263px.r5f.ti-arm-clang.debug.lib : etharp.obj (.text.etharp_output_to_arp_index)
                  7006247c    00000004     --HOLE-- [fill = 0]
                  70062480    00000168     enet-cpsw.am263px.r5f.ti-arm-clang.freertos.debug.lib : enet_cpdma.obj (.text.EnetCpdma_rxIsrProc)
                  700625e8    00000008     --HOLE-- [fill = 0]
                  700625f0    00000168                                                           : enet_phymdio_dflt.obj (.text.EnetPhyMdioDflt_writeC45)
                  70062758    00000008     --HOLE-- [fill = 0]
                  70062760    00000168     xgw_udp_interface.o (.text.xgw_udp_send_motor_states)
                  700628c8    00000008     --HOLE-- [fill = 0]
                  700628d0    00000166     enet-cpsw.am263px.r5f.ti-arm-clang.freertos.debug.lib : enet_cpdma.obj (.text.EnetCpdma_openRxCh)
                  70062a36    0000000a     --HOLE-- [fill = 0]
                  70062a40    00000166     drivers.am263px.r5f.ti-arm-clang.freertos.debug.lib : i2c_v1_lld.obj (.text.I2C_lld_primeTransferIntr)
                  70062ba6    0000000a     --HOLE-- [fill = 0]
                  70062bb0    00000166     freertos.am263px.r5f.ti-arm-clang.debug.lib : TaskP_freertos.obj (.text.TaskP_assertParams)
                  70062d16    0000000a     --HOLE-- [fill = 0]
                  70062d20    00000166     lwip-freertos.am263px.r5f.ti-arm-clang.debug.lib : mem.obj (.text.mem_malloc)
                  70062e86    0000000a     --HOLE-- [fill = 0]
                  70062e90    00000166                                                      : tcp_in.obj (.text.tcp_parseopt)
                  70062ff6    0000000a     --HOLE-- [fill = 0]
                  70063000    00000164     board.am263px.r5f.ti-arm-clang.freertos.debug.lib : dp83869.obj (.text.Dp83869_config)
                  70063164    0000000c     --HOLE-- [fill = 0]
                  70063170    00000164     enet-cpsw.am263px.r5f.ti-arm-clang.freertos.debug.lib : enet_rm.obj (.text.EnetRm_initHwPushObj)
                  700632d4    0000000c     --HOLE-- [fill = 0]
                  700632e0    00000162     drivers.am263px.r5f.ti-arm-clang.freertos.debug.lib : edma.obj (.text.EDMA_unregisterIntr)
                  70063442    0000000e     --HOLE-- [fill = 0]
                  70063450    00000162     enet-cpsw.am263px.r5f.ti-arm-clang.freertos.debug.lib : enet_phymdio_dflt.obj (.text.EnetPhyMdioDflt_readC45)
                  700635b2    0000000e     --HOLE-- [fill = 0]
                  700635c0    00000160                                                           : csl_cpsw.obj (.text.CSL_CPSW_setAlePortControlReg)
                  70063720    00000160     drivers.am263px.r5f.ti-arm-clang.freertos.debug.lib : i2c_v1_lld.obj (.text.I2C_lld_init)
                  70063880    00000160     lwip-freertos.am263px.r5f.ti-arm-clang.debug.lib : inet_chksum.obj (.text.inet_cksum_pseudo_partial_base)
                  700639e0    00000160                                                      : tcp_in.obj (.text.tcp_free_acked_segments)
                  70063b40    0000015e     enet-cpsw.am263px.r5f.ti-arm-clang.freertos.debug.lib : enet_cpdma.obj (.text.EnetDma_retrieveRxPktQ)
                  70063c9e    00000002     --HOLE-- [fill = 0]
                  70063ca0    0000015e     lwip-freertos.am263px.r5f.ti-arm-clang.debug.lib : dhcp.obj (.text.dhcp_renew)
                  70063dfe    00000002     --HOLE-- [fill = 0]
                  70063e00    0000015c     enet-cpsw.am263px.r5f.ti-arm-clang.freertos.debug.lib : enet_cpdma.obj (.text.EnetCpdma_txIsr)
                  70063f5c    00000004     --HOLE-- [fill = 0]
                  70063f60    0000015c                                                           : enet_rm.obj (.text.EnetRm_initMacObj)
                  700640bc    00000004     --HOLE-- [fill = 0]
                  700640c0    0000015c     lwip-freertos.am263px.r5f.ti-arm-clang.debug.lib : dhcp.obj (.text.dhcp_rebind)
                  7006421c    00000004     --HOLE-- [fill = 0]
                  70064220    0000015c     freertos.am263px.r5f.ti-arm-clang.debug.lib : tasks.obj (.text.prvAddNewTaskToReadyList)
                  7006437c    00000004     --HOLE-- [fill = 0]
                  70064380    0000015c                                                 : tasks.obj (.text.xTaskPriorityInherit)
                  700644dc    00000004     --HOLE-- [fill = 0]
                  700644e0    0000015a     enet-cpsw.am263px.r5f.ti-arm-clang.freertos.debug.lib : enet_cpdma.obj (.text.EnetCpdma_netChOpen)
                  7006463a    00000006     --HOLE-- [fill = 0]
                  70064640    0000015a     lwip-freertos.am263px.r5f.ti-arm-clang.debug.lib : dhcp.obj (.text.dhcp_start)
                  7006479a    00000006     --HOLE-- [fill = 0]
                  700647a0    00000158     enet-cpsw.am263px.r5f.ti-arm-clang.freertos.debug.lib : cpsw_ale.obj (.text.CpswAle_initCfg)
                  700648f8    00000008     --HOLE-- [fill = 0]
                  70064900    00000158     ti_enet_config.o (.text.EnetApp_initializeMacAddrPool)
                  70064a58    00000008     --HOLE-- [fill = 0]
                  70064a60    00000158     enet-cpsw.am263px.r5f.ti-arm-clang.freertos.debug.lib : enet_phymdio_dflt.obj (.text.EnetPhyMdioDflt_writeC22)
                  70064bb8    00000008     --HOLE-- [fill = 0]
                  70064bc0    00000158     drivers.am263px.r5f.ti-arm-clang.freertos.debug.lib : soc.obj (.text.SOC_controlModuleUnlockMMR)
                  70064d18    00000008     --HOLE-- [fill = 0]
                  70064d20    00000158     lwip-freertos.am263px.r5f.ti-arm-clang.debug.lib : dhcp.obj (.text.dhcp_handle_ack)
                  70064e78    00000008     --HOLE-- [fill = 0]
                  70064e80    00000158                                                      : etharp.obj (.text.etharp_tmr)
                  70064fd8    00000008     --HOLE-- [fill = 0]
                  70064fe0    00000158                                                      : raw.obj (.text.raw_input)
                  70065138    00000008     --HOLE-- [fill = 0]
                  70065140    00000156     enet-cpsw.am263px.r5f.ti-arm-clang.freertos.debug.lib : enet_cpdma.obj (.text.EnetDma_submitTxPktQ)
                  70065296    0000000a     --HOLE-- [fill = 0]
                  700652a0    00000154                                                           : enet_cpdma.obj (.text.EnetDma_retrieveTxPktQ)
                  700653f4    0000000c     --HOLE-- [fill = 0]
                  70065400    00000152     drivers.am263px.r5f.ti-arm-clang.freertos.debug.lib : uart_v0_lld.obj (.text.UART_lld_initDma)
                  70065552    0000000e     --HOLE-- [fill = 0]
                  70065560    00000150     enet-cpsw.am263px.r5f.ti-arm-clang.freertos.debug.lib : enet_phymdio_dflt.obj (.text.EnetPhyMdioDflt_readC22)
                  700656b0    00000150                                                           : enet_rm.obj (.text.EnetRm_delCoreAttached)
                  70065800    0000014e     ti_enet_lwipif.o (.text.LwipifEnetApp_createPollTask)
                  7006594e    00000002     --HOLE-- [fill = 0]
                  70065950    0000014e     lwip-freertos.am263px.r5f.ti-arm-clang.debug.lib : sys_arch.obj (.text.sys_arch_unprotect)
                  70065a9e    00000002     --HOLE-- [fill = 0]
                  70065aa0    0000014e     freertos.am263px.r5f.ti-arm-clang.debug.lib : tasks.obj (.text.xTaskPriorityDisinherit)
                  70065bee    00000002     --HOLE-- [fill = 0]
                  70065bf0    0000014c     enet-cpsw.am263px.r5f.ti-arm-clang.freertos.debug.lib : enet_cpdma.obj (.text.EnetDma_submitRxPktQ)
                  70065d3c    00000004     --HOLE-- [fill = 0]
                  70065d40    0000014c     freertos.am263px.r5f.ti-arm-clang.debug.lib : queue.obj (.text.xQueueReceiveFromISR)
                  70065e8c    00000004     --HOLE-- [fill = 0]
                  70065e90    00000148     enet-cpsw.am263px.r5f.ti-arm-clang.freertos.debug.lib : cpsw_ale.obj (.text.CpswAle_setPolicerPartitionLevel)
                  70065fd8    00000008     --HOLE-- [fill = 0]
                  70065fe0    00000148     lwip-freertos.am263px.r5f.ti-arm-clang.debug.lib : netif.obj (.text.netif_set_addr)
                  70066128    00000008     --HOLE-- [fill = 0]
                  70066130    00000148                                                      : tcp_in.obj (.text.tcp_timewait_input)
                  70066278    00000008     --HOLE-- [fill = 0]
                  70066280    00000148                                                      : udp.obj (.text.udp_sendto)
                  700663c8    00000008     --HOLE-- [fill = 0]
                  700663d0    00000146     enet-cpsw.am263px.r5f.ti-arm-clang.freertos.debug.lib : cpsw_ioctl.obj (.text.Cpsw_closePortLink)
                  70066516    0000000a     --HOLE-- [fill = 0]
                  70066520    00000146     lwip-freertos.am263px.r5f.ti-arm-clang.debug.lib : udp.obj (.text.udp_input_local_match)
                  70066666    0000000a     --HOLE-- [fill = 0]
                  70066670    00000144     freertos.am263px.r5f.ti-arm-clang.debug.lib : tasks.obj (.text.prvInitialiseNewTask)
                  700667b4    00000144     libc.a : setvbuf.c.obj (.text.setvbuf)
                  700668f8    00000008     --HOLE-- [fill = 0]
                  70066900    00000144     lwip-freertos.am263px.r5f.ti-arm-clang.debug.lib : tcp.obj (.text.tcp_close_shutdown_fin)
                  70066a44    0000000c     --HOLE-- [fill = 0]
                  70066a50    00000142     enet-cpsw.am263px.r5f.ti-arm-clang.freertos.debug.lib : cpsw_ale_ioctl.obj (.text.CpswAle_delPortUcastEntries)
                  70066b92    0000000e     --HOLE-- [fill = 0]
                  70066ba0    00000142     lwip-freertos.am263px.r5f.ti-arm-clang.debug.lib : igmp.obj (.text.igmp_lookup_group)
                  70066ce2    0000000e     --HOLE-- [fill = 0]
                  70066cf0    00000140                                                      : pbuf.obj (.text.pbuf_cat)
                  70066e30    0000013e     enet-cpsw.am263px.r5f.ti-arm-clang.freertos.debug.lib : csl_cpsw_ale_9g_tblcfg.obj (.text.CSL_CPSW_setAleVlanUnicastAddrEntry)
                  70066f6e    00000002     --HOLE-- [fill = 0]
                  70066f70    0000013e                                                           : enet_cpdma.obj (.text.EnetCpdma_openTxCh)
                  700670ae    00000002     --HOLE-- [fill = 0]
                  700670b0    0000013e     drivers.am263px.r5f.ti-arm-clang.freertos.debug.lib : i2c_v1.obj (.text.I2C_mem_primeTransfer)
                  700671ee    00000002     --HOLE-- [fill = 0]
                  700671f0    0000013e     lwip-freertos.am263px.r5f.ti-arm-clang.debug.lib : pbuf.obj (.text.pbuf_copy_partial)
                  7006732e    00000002     --HOLE-- [fill = 0]
                  70067330    0000013a     board.am263px.r5f.ti-arm-clang.freertos.debug.lib : dp83869.obj (.text.Dp83869_enableAdvertisement)
                  7006746a    00000006     --HOLE-- [fill = 0]
                  70067470    0000013a     drivers.am263px.r5f.ti-arm-clang.freertos.debug.lib : edma.obj (.text.EDMA_isDmaChannelAllocated)
                  700675aa    00000006     --HOLE-- [fill = 0]
                  700675b0    0000013a     enet-cpsw.am263px.r5f.ti-arm-clang.freertos.debug.lib : enet_phymdio_dflt.obj (.text.EnetPhyMdioDflt_isAlive)
                  700676ea    00000006     --HOLE-- [fill = 0]
                  700676f0    0000013a                                                           : enet_phymdio_dflt.obj (.text.EnetPhyMdioDflt_isLinked)
                  7006782a    00000006     --HOLE-- [fill = 0]
                  70067830    0000013a                                                           : enet.obj (.text.Enet_ioctl)
                  7006796a    00000006     --HOLE-- [fill = 0]
                  70067970    0000013a     board.am263px.r5f.ti-arm-clang.freertos.debug.lib : generic_phy.obj (.text.GenericPhy_enableAdvertisement)
                  70067aaa    00000006     --HOLE-- [fill = 0]
                  70067ab0    0000013a     drivers.am263px.r5f.ti-arm-clang.freertos.debug.lib : i2c_v1_lld.obj (.text.I2C_lld_mem_write)
                  70067bea    00000006     --HOLE-- [fill = 0]
                  70067bf0    0000013a     lwip-freertos.am263px.r5f.ti-arm-clang.debug.lib : dhcp.obj (.text.dhcp_release_and_stop)
                  70067d2a    00000006     --HOLE-- [fill = 0]
                  70067d30    00000138     enet-cpsw.am263px.r5f.ti-arm-clang.freertos.debug.lib : cpsw_cpts_ioctl.obj (.text.CpswCpts_ioctl_handler_CPSW_CPTS_IOCTL_SET_ESTF)
                  70067e68    00000008     --HOLE-- [fill = 0]
                  70067e70    00000138     freertos.am263px.r5f.ti-arm-clang.debug.lib : printf.obj (.text._ntoa_long_long)
                  70067fa8    00000008     --HOLE-- [fill = 0]
                  70067fb0    00000136     board.am263px.r5f.ti-arm-clang.freertos.debug.lib : dp83869.obj (.text.Dp83869_disableAdvertisement)
                  700680e6    0000000a     --HOLE-- [fill = 0]
                  700680f0    00000136     enet-cpsw.am263px.r5f.ti-arm-clang.freertos.debug.lib : enet_appmemutils.obj (.text.EnetMem_initMemObjs)
                  70068226    0000000a     --HOLE-- [fill = 0]
                  70068230    00000136     board.am263px.r5f.ti-arm-clang.freertos.debug.lib : generic_phy.obj (.text.GenericPhy_disableAdvertisement)
                  70068366    0000000a     --HOLE-- [fill = 0]
                  70068370    00000136     drivers.am263px.r5f.ti-arm-clang.freertos.debug.lib : uart_v0_lld.obj (.text.UART_procLineStatusErr)
                  700684a6    0000000a     --HOLE-- [fill = 0]
                  700684b0    00000136     lwip-freertos.am263px.r5f.ti-arm-clang.debug.lib : tcp_out.obj (.text.tcp_rst_common)
                  700685e6    0000000a     --HOLE-- [fill = 0]
                  700685f0    00000134     drivers.am263px.r5f.ti-arm-clang.freertos.debug.lib : edma.obj (.text.EDMA_registerIntr)
                  70068724    0000000c     --HOLE-- [fill = 0]
                  70068730    00000134                                                         : uart_v0_lld.obj (.text.UART_writePolling)
                  70068864    0000000c     --HOLE-- [fill = 0]
                  70068870    00000134     freertos.am263px.r5f.ti-arm-clang.debug.lib : tasks.obj (.text.vTaskDelete)
                  700689a4    0000000c     --HOLE-- [fill = 0]
                  700689b0    00000132     enet-cpsw.am263px.r5f.ti-arm-clang.freertos.debug.lib : csl_cpsw_ale_9g_tblcfg.obj (.text.CSL_CPSW_setAleVlanMcastAddrEntry)
                  70068ae2    0000000e     --HOLE-- [fill = 0]
                  70068af0    00000132                                                           : cpsw.obj (.text.Cpsw_dmaMiscIsr)
                  70068c22    0000000e     --HOLE-- [fill = 0]
                  70068c30    00000130                                                           : csl_cpsw_ale_9g_tblcfg.obj (.text.CSL_CPSW_setAleUnicastAddrEntry)
                  70068d60    00000130                                                           : enet.obj (.text.EnetPer_open)
                  70068e90    00000130     lwip-freertos.am263px.r5f.ti-arm-clang.debug.lib : tcp_in.obj (.text.tcp_oos_insert_segment)
                  70068fc0    0000012e                                                      : igmp.obj (.text.igmp_send)
                  700690ee    00000002     --HOLE-- [fill = 0]
                  700690f0    0000012c     enet-cpsw.am263px.r5f.ti-arm-clang.freertos.debug.lib : enet_osal.obj (.text.EnetOsal_registerIntr)
                  7006921c    00000004     --HOLE-- [fill = 0]
                  70069220    0000012c                                                           : enet_rm.obj (.text.EnetRm_validateResPartInfo)
                  7006934c    00000004     --HOLE-- [fill = 0]
                  70069350    0000012c     drivers.am263px.r5f.ti-arm-clang.freertos.debug.lib : i2c_v1_lld.obj (.text.I2C_lld_mem_read)
                  7006947c    00000004     --HOLE-- [fill = 0]
                  70069480    0000012c                                                         : uart_v0_lld.obj (.text.UART_lld_init)
                  700695ac    00000004     --HOLE-- [fill = 0]
                  700695b0    0000012c     freertos.am263px.r5f.ti-arm-clang.debug.lib : tasks.obj (.text.ulTaskGenericNotifyTake)
                  700696dc    00000004     --HOLE-- [fill = 0]
                  700696e0    0000012a     enet-cpsw.am263px.r5f.ti-arm-clang.freertos.debug.lib : enet_utils.obj (.text.EnetUtils_macToPhyMii)
                  7006980a    00000006     --HOLE-- [fill = 0]
                  70069810    00000128                                                           : enet_cpdmautils.obj (.text.EnetAppUtils_isDescCached)
                  70069938    00000008     --HOLE-- [fill = 0]
                  70069940    00000128     drivers.am263px.r5f.ti-arm-clang.freertos.debug.lib : i2c_v1_lld.obj (.text.I2C_lld_mem_writeIntr)
                  70069a68    00000008     --HOLE-- [fill = 0]
                  70069a70    00000128     freertos.am263px.r5f.ti-arm-clang.debug.lib : port.obj (.text.pxPortInitialiseStack)
                  70069b98    00000008     --HOLE-- [fill = 0]
                  70069ba0    00000126     drivers.am263px.r5f.ti-arm-clang.freertos.debug.lib : soc.obj (.text.SOC_controlModuleLockMMR)
                  70069cc6    0000000a     --HOLE-- [fill = 0]
                  70069cd0    00000126     lwip-freertos.am263px.r5f.ti-arm-clang.debug.lib : pbuf.obj (.text.pbuf_take_at)
                  70069df6    0000000a     --HOLE-- [fill = 0]
                  70069e00    00000126                                                      : timeouts.obj (.text.sys_timeout_abs)
                  70069f26    0000000a     --HOLE-- [fill = 0]
                  70069f30    00000126                                                      : tcp_out.obj (.text.tcp_rexmit)
                  7006a056    0000000a     --HOLE-- [fill = 0]
                  7006a060    00000124     enet-cpsw.am263px.r5f.ti-arm-clang.freertos.debug.lib : csl_cpsw_ale_9g_tblcfg.obj (.text.CSL_CPSW_setAleMcastAddrEntry)
                  7006a184    0000000c     --HOLE-- [fill = 0]
                  7006a190    00000124                                                           : cpsw_ale.obj (.text.CpswAle_setIoctlHandlerFxn)
                  7006a2b4    0000000c     --HOLE-- [fill = 0]
                  7006a2c0    00000124                                                           : cpsw_cpts.obj (.text.CpswCpts_setIoctlHandlerFxn)
                  7006a3e4    0000000c     --HOLE-- [fill = 0]
                  7006a3f0    00000124                                                           : cpsw_hostport.obj (.text.CpswHostPort_setIoctlHandlerFxn)
                  7006a514    0000000c     --HOLE-- [fill = 0]
                  7006a520    00000124                                                           : cpsw_macport_est.obj (.text.CpswMacPortEst_setIoctlHandlerFxn)
                  7006a644    0000000c     --HOLE-- [fill = 0]
                  7006a650    00000124                                                           : cpsw_macport.obj (.text.CpswMacPort_setIoctlHandlerFxn)
                  7006a774    0000000c     --HOLE-- [fill = 0]
                  7006a780    00000124                                                           : cpsw_stats.obj (.text.CpswStats_setIoctlHandlerFxn)
                  7006a8a4    0000000c     --HOLE-- [fill = 0]
                  7006a8b0    00000124                                                           : cpsw.obj (.text.Cpsw_initCfg)
                  7006a9d4    0000000c     --HOLE-- [fill = 0]
                  7006a9e0    00000124                                                           : cpsw.obj (.text.Cpsw_setIoctlHandlerFxn)
                  7006ab04    0000000c     --HOLE-- [fill = 0]
                  7006ab10    00000124                                                           : enet_phymdio_dflt.obj (.text.EnetPhyMdioDflt_setIoctlHandlerFxn)
                  7006ac34    0000000c     --HOLE-- [fill = 0]
                  7006ac40    00000124                                                           : enet_rm.obj (.text.EnetRm_setIoctlHandlerFxn)
                  7006ad64    0000000c     --HOLE-- [fill = 0]
                  7006ad70    00000124                                                           : mdio.obj (.text.Mdio_setIoctlHandlerFxn)
                  7006ae94    0000000c     --HOLE-- [fill = 0]
                  7006aea0    00000122                                                           : cpsw_ale_ioctl.obj (.text.CpswAle_addUcastAddr)
                  7006afc2    0000000e     --HOLE-- [fill = 0]
                  7006afd0    00000122     ti_enet_open_close.o (.text.EnetApp_driverClose)
                  7006b0f2    0000000e     --HOLE-- [fill = 0]
                  7006b100    00000120     enet-cpsw.am263px.r5f.ti-arm-clang.freertos.debug.lib : cpsw_est.obj (.text.CpswEst_setIoctlHandlerFxn)
                  7006b220    00000120                                                           : enet_rm_ioctl.obj (.text.EnetRm_allocInternalRxFlowIdx)
                  7006b340    00000120                                                           : mdio_manual_ioctl.obj (.text.Mdio_manualModePhyRegRead22)
                  7006b460    00000120     drivers.am263px.r5f.ti-arm-clang.freertos.debug.lib : soc_rcm.obj (.text.SOC_rcmGetPeripheralClockFrequency)
                  7006b580    0000011e     ti_enet_lwipif.o (.text.LwipifEnetApp_getRxChIDs)
                  7006b69e    00000002     --HOLE-- [fill = 0]
                  7006b6a0    0000011e     enet-cpsw.am263px.r5f.ti-arm-clang.freertos.debug.lib : mdio_manual_ioctl.obj (.text.Mdio_manualModePhyRegValReadC45)
                  7006b7be    00000002     --HOLE-- [fill = 0]
                  7006b7c0    0000011e     lwip-freertos.am263px.r5f.ti-arm-clang.debug.lib : pbuf.obj (.text.pbuf_add_header_impl)
                  7006b8de    00000002     --HOLE-- [fill = 0]
                  7006b8e0    0000011e     freertos.am263px.r5f.ti-arm-clang.debug.lib : tasks.obj (.text.xTaskDelayUntil)
                  7006b9fe    00000002     --HOLE-- [fill = 0]
                  7006ba00    0000011c     enet-cpsw.am263px.r5f.ti-arm-clang.freertos.debug.lib : csl_cpsw_ale_9g_tblcfg.obj (.text.CSL_CPSW_setAleVlanEntry)
                  7006bb1c    00000004     --HOLE-- [fill = 0]
                  7006bb20    0000011c     ti_enet_open_close.o (.text.EnetAppUtils_openRxCh)
                  7006bc3c    00000004     --HOLE-- [fill = 0]
                  7006bc40    0000011c     enet-cpsw.am263px.r5f.ti-arm-clang.freertos.debug.lib : enet_cpdma.obj (.text.EnetCpdma_setSOPInfo)
                  7006bd5c    00000004     --HOLE-- [fill = 0]
                  7006bd60    0000011c                                                           : enet_queue.obj (.text.EnetQueue_append)
                  7006be7c    00000004     --HOLE-- [fill = 0]
                  7006be80    0000011c                                                           : enet_utils.obj (.text.EnetUtils_delayNs)
                  7006bf9c    00000004     --HOLE-- [fill = 0]
                  7006bfa0    0000011c     ti_enet_lwipif.o (.text.LwipifEnetApp_netifOpen)
                  7006c0bc    00000004     --HOLE-- [fill = 0]
                  7006c0c0    0000011c     enet-cpsw.am263px.r5f.ti-arm-clang.freertos.debug.lib : mdio_ioctl.obj (.text.Mdio_writeRegC45)
                  7006c1dc    00000004     --HOLE-- [fill = 0]
                  7006c1e0    0000011c     drivers.am263px.r5f.ti-arm-clang.freertos.debug.lib : uart_dma_edma.obj (.text.UART_lld_dmaRead)
                  7006c2fc    00000004     --HOLE-- [fill = 0]
                  7006c300    0000011c     lwip-freertos.am263px.r5f.ti-arm-clang.debug.lib : tcp_out.obj (.text.tcp_rexmit_rto_prepare)
                  7006c41c    00000004     --HOLE-- [fill = 0]
                  7006c420    0000011a     enet-cpsw.am263px.r5f.ti-arm-clang.freertos.debug.lib : csl_cpsw_ale_9g_tblcfg.obj (.text.CSL_CPSW_setAleOutVlanEntry)
                  7006c53a    00000006     --HOLE-- [fill = 0]
                  7006c540    0000011a                                                           : enetphy.obj (.text.EnetPhy_setupManual)
                  7006c65a    00000006     --HOLE-- [fill = 0]
                  7006c660    0000011a     drivers.am263px.r5f.ti-arm-clang.freertos.debug.lib : i2c_v1_lld.obj (.text.I2C_lld_mem_readIntr)
                  7006c77a    00000006     --HOLE-- [fill = 0]
                  7006c780    00000118     enet-cpsw.am263px.r5f.ti-arm-clang.freertos.debug.lib : enetphy.obj (.text.EnetPhy_resetWaitState)
                  7006c898    00000008     --HOLE-- [fill = 0]
                  7006c8a0    00000118                                                           : enetphy.obj (.text.EnetPhy_setupNway)
                  7006c9b8    00000008     --HOLE-- [fill = 0]
                  7006c9c0    00000118     lwip-freertos.am263px.r5f.ti-arm-clang.debug.lib : sys_arch.obj (.text.sys_mbox_trypost)
                  7006cad8    00000008     --HOLE-- [fill = 0]
                  7006cae0    00000118                                                      : tcp.obj (.text.tcp_process_refused_data)
                  7006cbf8    00000008     --HOLE-- [fill = 0]
                  7006cc00    00000118                                                      : tcp.obj (.text.tcp_update_rcv_ann_wnd)
                  7006cd18    00000118     libclang_rt.builtins.a : udivmoddi4.S.obj (.text)
                  7006ce30    00000116     drivers.am263px.r5f.ti-arm-clang.freertos.debug.lib : edma.obj (.text.EDMA_isTccAllocated)
                  7006cf46    0000000a     --HOLE-- [fill = 0]
                  7006cf50    00000116     enet-cpsw.am263px.r5f.ti-arm-clang.freertos.debug.lib : mdio_ioctl.obj (.text.Mdio_handleIntr)
                  7006d066    0000000a     --HOLE-- [fill = 0]
                  7006d070    00000116     drivers.am263px.r5f.ti-arm-clang.freertos.debug.lib : uart_v0_lld.obj (.text.UART_divisorLatchWrite)
                  7006d186    0000000a     --HOLE-- [fill = 0]
                  7006d190    00000114     freertos.am263px.r5f.ti-arm-clang.debug.lib : printf.obj (.text._ntoa_long)
                  7006d2a4    0000000c     --HOLE-- [fill = 0]
                  7006d2b0    00000112     enet-cpsw.am263px.r5f.ti-arm-clang.freertos.debug.lib : enetphy.obj (.text.EnetPhy_tick)
                  7006d3c2    0000000e     --HOLE-- [fill = 0]
                  7006d3d0    00000110     freertos.am263px.r5f.ti-arm-clang.debug.lib : DebugP_shmLogReader.obj (.text.DebugP_shmLogRead)
                  7006d4e0    00000110                                                 : DebugP_shmLogReader.obj (.text.DebugP_shmLogReaderTaskMain)
                  7006d5f0    00000110     enet-cpsw.am263px.r5f.ti-arm-clang.freertos.debug.lib : enetphy.obj (.text.EnetPhy_rmwReg)
                  7006d700    0000010e                                                           : enet_cpdma.obj (.text.EnetCpdma_initRxChannel)
                  7006d80e    00000002     --HOLE-- [fill = 0]
                  7006d810    0000010e     drivers.am263px.r5f.ti-arm-clang.freertos.debug.lib : soc_rcm.obj (.text.SOC_rcmADPLLJGetFOut)
                  7006d91e    00000002     --HOLE-- [fill = 0]
                  7006d920    0000010e     lwip-freertos.am263px.r5f.ti-arm-clang.debug.lib : netif.obj (.text.netif_do_set_ipaddr)
                  7006da2e    00000002     --HOLE-- [fill = 0]
                  7006da30    0000010e                                                      : udp.obj (.text.udp_sendto_if)
                  7006db3e    00000002     --HOLE-- [fill = 0]
                  7006db40    0000010e     freertos.am263px.r5f.ti-arm-clang.debug.lib : queue.obj (.text.xQueueGenericReset)
                  7006dc4e    00000002     --HOLE-- [fill = 0]
                  7006dc50    0000010c     enet-cpsw.am263px.r5f.ti-arm-clang.freertos.debug.lib : enet_cpdma.obj (.text.EnetCpdma_initTxChannel)
                  7006dd5c    00000004     --HOLE-- [fill = 0]
                  7006dd60    0000010c     lwip-freertos.am263px.r5f.ti-arm-clang.debug.lib : sys_arch.obj (.text.sys_arch_protect)
                  7006de6c    00000004     --HOLE-- [fill = 0]
                  7006de70    0000010c                                                      : udp.obj (.text.udp_connect)
                  7006df7c    00000004     --HOLE-- [fill = 0]
                  7006df80    0000010a     enet-cpsw.am263px.r5f.ti-arm-clang.freertos.debug.lib : csl_cpsw.obj (.text.CSL_CPSW_setCpswControlReg)
                  7006e08a    00000006     --HOLE-- [fill = 0]
                  7006e090    0000010a     drivers.am263px.r5f.ti-arm-clang.freertos.debug.lib : ipc_notify_v1.obj (.text.IpcNotify_sendMsg)
                  7006e19a    00000006     --HOLE-- [fill = 0]
                  7006e1a0    00000108     lwip-freertos.am263px.r5f.ti-arm-clang.debug.lib : sys_arch.obj (.text.sys_mbox_new)
                  7006e2a8    00000008     --HOLE-- [fill = 0]
                  7006e2b0    00000108                                                      : tcp_out.obj (.text.tcp_output_alloc_header_common)
                  7006e3b8    00000008     --HOLE-- [fill = 0]
                  7006e3c0    00000106     ti_enet_open_close.o (.text.EnetApp_getRxDmaHandle)
                  7006e4c6    0000000a     --HOLE-- [fill = 0]
                  7006e4d0    00000106     enet-cpsw.am263px.r5f.ti-arm-clang.freertos.debug.lib : enet_rm.obj (.text.EnetRm_initTxObj)
                  7006e5d6    0000000a     --HOLE-- [fill = 0]
                  7006e5e0    00000106     freertos.am263px.r5f.ti-arm-clang.debug.lib : tasks.obj (.text.prvAddCurrentTaskToDelayedList)
                  7006e6e6    0000000a     --HOLE-- [fill = 0]
                  7006e6f0    00000104     enet-cpsw.am263px.r5f.ti-arm-clang.freertos.debug.lib : csl_cpsw.obj (.text.CSL_CPSW_setPortEstConfig)
                  7006e7f4    0000000c     --HOLE-- [fill = 0]
                  7006e800    00000104     drivers.am263px.r5f.ti-arm-clang.freertos.debug.lib : i2c_v1.obj (.text.I2C_close)
                  7006e904    0000000c     --HOLE-- [fill = 0]
                  7006e910    00000104     lwipif-cpsw-freertos.am263px.r5f.ti-arm-clang.debug.lib : lwip2lwipif.obj (.text.LWIPIF_LWIP_UdpLiteValidateChkSum)
                  7006ea14    0000000c     --HOLE-- [fill = 0]
                  7006ea20    00000104     drivers.am263px.r5f.ti-arm-clang.freertos.debug.lib : uart_v0_lld.obj (.text.UART_configInstance)
                  7006eb24    0000000c     --HOLE-- [fill = 0]
                  7006eb30    00000104     gateway_shared.o (.text.gateway_ringbuf_write)
                  7006ec34    0000000c     --HOLE-- [fill = 0]
                  7006ec40    00000100     enet-cpsw.am263px.r5f.ti-arm-clang.freertos.debug.lib : enet_osal.obj (.text.EnetOsal_createMutex)
                  7006ed40    00000100                                                           : enetphy.obj (.text.EnetPhy_getId)
                  7006ee40    000000fe                                                           : cpsw_stats.obj (.text.CpswStats_resetMacStats)
                  7006ef3e    00000002     --HOLE-- [fill = 0]
                  7006ef40    000000fe     lwip-freertos.am263px.r5f.ti-arm-clang.debug.lib : tcp_out.obj (.text.tcp_send_empty_ack)
                  7006f03e    00000002     --HOLE-- [fill = 0]
                  7006f040    000000fc     ti_enet_open_close.o (.text.EnetApp_createPhyStateHandlerTask)
                  7006f13c    00000004     --HOLE-- [fill = 0]
                  7006f140    000000fc     lwipif-cpsw-freertos.am263px.r5f.ti-arm-clang.debug.lib : lwip2enet.obj (.text.Lwip2Enet_sendTxPackets)
                  7006f23c    00000004     --HOLE-- [fill = 0]
                  7006f240    000000fc     lwip-freertos.am263px.r5f.ti-arm-clang.debug.lib : ip4_addr.obj (.text.ip4addr_ntoa_r)
                  7006f33c    00000004     --HOLE-- [fill = 0]
                  7006f340    000000fc     test.o (.text.main_loop)
                  7006f43c    00000004     --HOLE-- [fill = 0]
                  7006f440    000000fa     enet-cpsw.am263px.r5f.ti-arm-clang.freertos.debug.lib : enet_cpdma_priv.obj (.text.EnetCpdmaStats_updateNotifyStats)
                  7006f53a    00000006     --HOLE-- [fill = 0]
                  7006f540    000000f8                                                           : csl_cpts.obj (.text.CSL_CPTS_setCntlReg)
                  7006f638    00000008     --HOLE-- [fill = 0]
                  7006f640    000000f8                                                           : cpsw.obj (.text.Cpsw_ioctlInternal)
                  7006f738    00000008     --HOLE-- [fill = 0]
                  7006f740    000000f6                                                           : cpsw_ioctl.obj (.text.Cpsw_internalIoctl_handler_ENET_PER_IOCTL_ATTACH_CORE)
                  7006f836    0000000a     --HOLE-- [fill = 0]
                  7006f840    000000f6                                                           : enetphy.obj (.text.EnetPhy_clearIsolateState)
                  7006f936    0000000a     --HOLE-- [fill = 0]
                  7006f940    000000f6                                                           : enetphy.obj (.text.EnetPhy_setIsolateState)
                  7006fa36    0000000a     --HOLE-- [fill = 0]
                  7006fa40    000000f6                                                           : enet_queue.obj (.text.EnetQueue_enq)
                  7006fb36    0000000a     --HOLE-- [fill = 0]
                  7006fb40    000000f6     lwip-freertos.am263px.r5f.ti-arm-clang.debug.lib : ip4_frag.obj (.text.ip_reass_remove_oldest_datagram)
                  7006fc36    0000000a     --HOLE-- [fill = 0]
                  7006fc40    000000f4     enet-cpsw.am263px.r5f.ti-arm-clang.freertos.debug.lib : cpsw.obj (.text.Cpsw_handleMdioLinkStateChange)
                  7006fd34    0000000c     --HOLE-- [fill = 0]
                  7006fd40    000000f4                                                           : enet.obj (.text.EnetPer_ioctl)
                  7006fe34    0000000c     --HOLE-- [fill = 0]
                  7006fe40    000000f4                                                           : enet.obj (.text.Enet_open)
                  7006ff34    0000000c     --HOLE-- [fill = 0]
                  7006ff40    000000f4     freertos.am263px.r5f.ti-arm-clang.debug.lib : tasks.obj (.text.prvCreateStaticTask)
                  70070034    0000000c     --HOLE-- [fill = 0]
                  70070040    000000f4     lwip-freertos.am263px.r5f.ti-arm-clang.debug.lib : tcp_out.obj (.text.tcp_output_control_segment_netif)
                  70070134    0000000c     --HOLE-- [fill = 0]
                  70070140    000000f4     test.o (.text.test_init)
                  70070234    0000000c     --HOLE-- [fill = 0]
                  70070240    000000f2     enet-cpsw.am263px.r5f.ti-arm-clang.freertos.debug.lib : cpsw_macport.obj (.text.CpswMacPort_setSwitchTxSched)
                  70070332    0000000e     --HOLE-- [fill = 0]
                  70070340    000000f2                                                           : enet_queue.obj (.text.EnetQueue_verifyQCount)
                  70070432    0000000e     --HOLE-- [fill = 0]
                  70070440    000000f0     drivers.am263px.r5f.ti-arm-clang.freertos.debug.lib : i2c_v1.obj (.text.I2C_LLD_targetTransferCompleteCallback)
                  70070530    000000f0     lwip-freertos.am263px.r5f.ti-arm-clang.debug.lib : sys_arch.obj (.text.sys_sem_signal)
                  70070620    000000ee                                                      : tcp_out.obj (.text.tcp_rexmit_fast)
                  7007070e    00000002     --HOLE-- [fill = 0]
                  70070710    000000ec     enet-cpsw.am263px.r5f.ti-arm-clang.freertos.debug.lib : cpsw_ioctl.obj (.text.Cpsw_internalIoctl_handler_ENET_PER_IOCTL_OPEN_PORT_LINK)
                  700707fc    00000004     --HOLE-- [fill = 0]
                  70070800    000000ec                                                           : enet_rm_ioctl.obj (.text.EnetRm_addCoreAttached)
                  700708ec    00000004     --HOLE-- [fill = 0]
                  700708f0    000000ec     freertos.am263px.r5f.ti-arm-clang.debug.lib : queue.obj (.text.xQueueGenericCreateStatic)
                  700709dc    00000004     --HOLE-- [fill = 0]
                  700709e0    000000ea     enet-cpsw.am263px.r5f.ti-arm-clang.freertos.debug.lib : enetphy.obj (.text.EnetPhy_getManualCaps)
                  70070aca    00000006     --HOLE-- [fill = 0]
                  70070ad0    000000ea     drivers.am263px.r5f.ti-arm-clang.freertos.debug.lib : i2c_v1_lld.obj (.text.I2C_lld_targetTransferIntr)
                  70070bba    00000006     --HOLE-- [fill = 0]
                  70070bc0    000000ea     ti_enet_lwipif.o (.text.LwipifEnetApp_getTxChIDs)
                  70070caa    00000006     --HOLE-- [fill = 0]
                  70070cb0    000000e8     enet-cpsw.am263px.r5f.ti-arm-clang.freertos.debug.lib : enetphy.obj (.text.EnetPhy_findCommonCaps)
                  70070d98    00000008     --HOLE-- [fill = 0]
                  70070da0    000000e8                                                           : enet_rm_ioctl.obj (.text.EnetRm_allocRxFlowIdx)
                  70070e88    00000008     --HOLE-- [fill = 0]
                  70070e90    000000e8                                                           : mdio.obj (.text.Mdio_close)
                  70070f78    00000008     --HOLE-- [fill = 0]
                  70070f80    000000e8     gateway_shared.o (.text.gateway_wait_motor_config_ready)
                  70071068    00000008     --HOLE-- [fill = 0]
                  70071070    000000e8     lwip-freertos.am263px.r5f.ti-arm-clang.debug.lib : tcp.obj (.text.tcp_recved)
                  70071158    00000008     --HOLE-- [fill = 0]
                  70071160    000000e8                                                      : tcpip.obj (.text.tcpip_init)
                  70071248    00000008     --HOLE-- [fill = 0]
                  70071250    000000e6     board.am263px.r5f.ti-arm-clang.freertos.debug.lib : dp83869.obj (.text.Dp83869_setClkDelay)
                  70071336    0000000a     --HOLE-- [fill = 0]
                  70071340    000000e6     drivers.am263px.r5f.ti-arm-clang.freertos.debug.lib : soc_rcm.obj (.text.SOC_rcmGetCoreFout)
                  70071426    0000000a     --HOLE-- [fill = 0]
                  70071430    000000e6                                                         : soc_rcm.obj (.text.SOC_rcmGetPerFout)
                  70071516    0000000a     --HOLE-- [fill = 0]
                  70071520    000000e6     lwip-freertos.am263px.r5f.ti-arm-clang.debug.lib : tcp.obj (.text.tcp_fasttmr)
                  70071606    0000000a     --HOLE-- [fill = 0]
                  70071610    000000e4     enet-cpsw.am263px.r5f.ti-arm-clang.freertos.debug.lib : cpsw_macport.obj (.text.CpswMacPort_setInterface)
                  700716f4    0000000c     --HOLE-- [fill = 0]
                  70071700    000000e4     drivers.am263px.r5f.ti-arm-clang.freertos.debug.lib : edma.obj (.text.EDMA_freeChannelRegion)
                  700717e4    0000000c     --HOLE-- [fill = 0]
                  700717f0    000000e4     enet-cpsw.am263px.r5f.ti-arm-clang.freertos.debug.lib : enet_rm.obj (.text.EnetRm_getFreeQ)
                  700718d4    0000000c     --HOLE-- [fill = 0]
                  700718e0    000000e2                                                           : csl_cpsw.obj (.text.CSL_CPSW_getAlePortControlReg)
                  700719c2    0000000e     --HOLE-- [fill = 0]
                  700719d0    000000e2                                                           : cpsw_ale.obj (.text.CpswAle_addDefaultEntries)
                  70071ab2    0000000e     --HOLE-- [fill = 0]
                  70071ac0    000000e2     drivers.am263px.r5f.ti-arm-clang.freertos.debug.lib : edma.obj (.text.EDMA_freeParam)
                  70071ba2    0000000e     --HOLE-- [fill = 0]
                  70071bb0    000000e2     enet-cpsw.am263px.r5f.ti-arm-clang.freertos.debug.lib : enet_rm_ioctl.obj (.text.EnetRm_freeMacAddr)
                  70071c92    0000000e     --HOLE-- [fill = 0]
                  70071ca0    000000e2     lwip-freertos.am263px.r5f.ti-arm-clang.debug.lib : acd.obj (.text.acd_arp_reply)
                  70071d82    0000000e     --HOLE-- [fill = 0]
                  70071d90    000000e2                                                      : dhcp.obj (.text.dhcp_inc_pcb_refcount)
                  70071e72    0000000e     --HOLE-- [fill = 0]
[...]
700a0480  gStaticIP                                                              
700a0484  gStaticIPGateway                                                       
700a0488  gStaticIPNetmask                                                       
700a048c  ip_addr_any                                                            
700a0490  ip_addr_broadcast                                                      
700a04e0  __BSS_START                                                            
700a04e0  memp_memory_POOL_1568_base                                             
700b30ff  memp_memory_POOL_4096_base                                             
700bb1a0  memp_memory_POOL_128_base                                              
700c2b58  memp_memory_NETBUF_base                                                
700c3b77  memp_memory_PBUF_base                                                  
700c4b96  memp_memory_TCPIP_MSG_API_base                                         
700c5bb5  memp_memory_TCPIP_MSG_INPKT_base                                       
700c6bd4  memp_memory_TCP_SEG_base                                               
700c7bf4  pfreeQ                                                                 
700cb980  memp_memory_SYS_MBOX_base                                              
700ccd20  memp_memory_RX_POOL_base                                               
700cd540  gHwiCtrl                                                               
700d07a0  gFreePbufArr                                                           
700d0ba0  memp_memory_ARP_QUEUE_base                                             
700d0f7f  memp_memory_TCP_PCB_base                                               
700d1580  memp_memory_NETCONN_base                                               
700d1d28  memp_memory_SYS_TIMEOUT_base                                           
700d1f68  lwip_stats                                                             
700d216c  memp_memory_FRAG_PBUF_base                                             
700d24e4  gEepromObject_CAT24M                                                   
700d2650  memp_memory_ALTCP_PCB_base                                             
700d27af  memp_memory_NETDB_base                                                 
700d290e  memp_memory_REASSDATA_base                                             
700d2a70  _CIOBUF_                                                               
700d2a70  __CIOBUF_                                                              
700d2b90  memp_memory_IGMP_GROUP_base                                            
700d2caf  memp_memory_TCP_PCB_LISTEN_base                                        
700d2dce  memp_memory_UDP_PCB_base                                               
700d2eed  pbuf_free_ooseq_pending                                                
700d3104  xQueueRegistry                                                         
700d32f4  gEnetUtilsObj                                                          
700d33cc  gIpcNotifyCtrl                                                         
700d3484  __TI_tmpnams                                                           
700d3528  gTaskP_ctrl                                                            
700d3a88  gDebugShmLogReaderCtrl                                                 
700d3b9c  memp_memory_RAW_PCB_base                                               
700d3c1b  tcp_active_pcbs_changed                                                
700d3cc4  gRovDummyQueue                                                         
700d3dbc  memp_memory_PBUF_POOL_base                                             
700d3de0  gClockCtrl                                                             
700d3df8  ip_data                                                                
700d401c  virtToPhymap                                                           
700d4040  parmbuf                                                                
700d411c  gEepromHandle                                                          
700d4120  gI2cHandle                                                             
700d4124  gInterface                                                             
700d4128  gUartHandle                                                            
700d412c  lock_tcpip_core                                                        
700d4130  netif_default                                                          
700d4134  netif_list                                                             
700d4138  tcp_active_pcbs                                                        
700d413c  tcp_bound_pcbs                                                         
700d4140  tcp_input_pcb                                                          
700d4144  tcp_listen_pcbs                                                        
700d4148  tcp_ticks                                                              
700d414c  tcp_tw_pcbs                                                            
700d4150  udp_pcbs                                                               
700d4160  __BSS_END                                                              
700d4160  _sys_memory                                                            
700dc160  __stack                                                                
700e0160  __STACK_END                                                            
700f8180  gEdmaConfig                                                            
700f8180  gEnetSoc_cpsw3g                                                        
700f8180  gUartDmaHandle                                                         
700f9ce0  gEnetSoc_dmaObj                                                        
700fc530  gEnetSoc_cpsw3gMacObj                                                  
700fc8d0  gEnetCpswCfg                                                           
700fd4b4  gEnetPhyDrvDp83869                                                     
700fd5b8  gEnetPhyDrvGeneric                                                     
700fd6bc  gIpcNotifyMailboxConfig                                                
700fd8b4  _ftable                                                                
700fe474  _device                                                                
700fe7c4  gUartParams                                                            
700fe8c0  _stream                                                                
700fea60  gEnetSoc_cpsw3gSocCfg                                                  
700feac8  gEnetMacAddrPool                                                       
700feaf8  gSocModulesClockFrequency                                              
700feb48  gClockConfig                                                           
700feba8  gDmaCfg                                                                
700fec20  gIpcNotifyInterruptConfig_r5fss0_0                                     
700fec68  Cpsw_gSpeedNames                                                       
700fec78  gEepromFxns_CAT24M                                                     
700fec88  gIpcNotifyCoreIntrBitPos                                               
700fec98  gSocModules                                                            
700feca8  Cpsw_gDuplexNames                                                      
700fecb4  gAddrTranslateConfig                                                   
700feccc  gEepromAttrs_CAT24M                                                    
700fecd8  gEepromConfig                                                          
700fece4  gEnetSoc_perObj                                                        
700fecf0  gI2cParams                                                             
700fecfc  __TI_cleanup_ptr                                                       
700fed00  __TI_dtors_ptr                                                         
700fed04  gEepromParams                                                          
700fed0c  gI2cConfig                                                             
700fed1c  gUartConfig                                                            
700fed24  FreeRTOS_errno                                                         
700fed38  __TI_ft_end                                                            
700fed3c  _lock                                                                  
700fed40  _unlock                                                                
700fed50  gDebugLogZone                                                          
700fed54  gDebugP_uartDrvIndex                                                   
700fed58  gEdmaConfigNum                                                         
700fed5c  gEepromConfigNum                                                       
700fed60  gEnetOsalHwiAllocCnt                                                   
700fed64  gEnetOsalHwiPeak                                                       
700fed68  gEnetOsalSemAllocCnt                                                   
700fed6c  gEnetOsalSemPeak                                                       
700fed70  gHwiConfig                                                             
700fed74  gI2cConfigNum                                                          
700fed78  gIpcNotifyInterruptConfigNum_r5fss0_0                                  
700fed7c  gIpcTask                                                               
700fed80  gLogReaderTask                                                         
700fed84  gMainTask                                                              
700fed88  gUartConfigNum                                                         
700fed8c  gUartDmaChConfig                                                       
700fed90  gUdpTxTask                                                             
700fed98  g_netif                                                                
700feda8  hlwipIfApp                                                             
700fedb4  pxCurrentTCB                                                           
700fedc0  ulPortInterruptNesting                                                 
700fedc4  ulPortSchedularRunning                                                 
700fedc8  ulPortTaskHasFPUContext                                                
700fedcc  ulPortYieldRequired                                                    
700fee2d  gEnetTrace_runtimeLevel                                                
700fee30  isMapAvailable                                                         
700fee41  HwiP_enableInt                                                         
700fee81  HwiP_disableInt                                                        
700feee1  HwiP_restoreInt                                                        
700fef11  HwiP_clearInt                                                          
700fef51  HwiP_post                                                              
700fef91  HwiP_Params_init                                                       
700fefc1  HwiP_construct                                                         
700ff1b1  HwiP_destruct                                                          
700ff221  HwiP_init                                                              
700ff3d1  HwiP_inISR                                                             
700ff401  HwiP_setVimIrqPriMaskNonAtomic                                         
700ff451  HwiP_setVimIrqPriMaskAtomic                                            
700ff4f1  HwiP_restoreVimIrqPriMask                                              
700ff501  HwiP_irq_handler_c                                                     
700ff6a1  HwiP_fiq_handler                                                       
700ff811  HwiP_reserved_handler                                                  
700ff851  HwiP_undefined_handler_c                                               
700ff871  HwiP_user_undefined_handler_c                                          
700ff891  HwiP_prefetch_abort_handler_c                                          
700ff931  HwiP_user_prefetch_abort_handler_c                                     
700ff971  HwiP_data_abort_handler_c                                              
700ffa31  HwiP_user_data_abort_handler_c                                         
700ffa6c  vPortRestoreTaskContext                                                
700ffaa4  HwiP_svc_handler                                                       
700ffb14  HwiP_irq_handler                                                       
700ffc58  HwiP_data_abort_handler                                                
700ffc9c  HwiP_prefetch_abort_handler                                            
700ffce8  HwiP_undefined_handler                                                 
700ffd18  GET_DFSR                                                               
700ffd20  GET_ADFSR                                                              
700ffd28  GET_DFAR                                                               
700ffd30  GET_IFSR                                                               
700ffd38  GET_AIFSR                                                              
700ffd40  GET_IFAR                                                               
700ffd48  GET_SPSR                                                               
700ffd5c  HwiP_disable                                                           
700ffd6c  HwiP_disableFIQ                                                        
700ffd7c  HwiP_enable                                                            
700ffd8c  HwiP_enableFIQ                                                         
700ffd9c  HwiP_restore                                                           
700ffda4  HwiP_enableVIC                                                         
700ffdb4  HwiP_disableVIC                                                        
700ffdc4  HwiP_getCPSR                                                           
700ffdd0  CacheP_disableL1d                                                      
700ffdf8  CacheP_disableL1p                                                      
700ffe10  CacheP_enableL1d                                                       
700ffe28  CacheP_enableL1p                                                       
700ffe40  CacheP_invL1d                                                          
700ffe78  CacheP_invL1p                                                          
700ffeb4  CacheP_invL1dAll                                                       
700ffebc  CacheP_invL1pAll                                                       
700ffec4  CacheP_wb                                                              
700fff00  CacheP_wbInv                                                           
700fff3c  CacheP_wbAll                                                           
700fffe4  CacheP_wbInvAll                                                        
700ffffc  CacheP_wbInvAllAsm                                                     
7010009c  CacheP_getEnabled                                                      
701000d4  CacheP_getCacheLevelInfo                                               
701000e0  CacheP_configForceWrThru                                               
70100100  CacheP_setDLFO                                                         
70100111  CacheP_init                                                            
701001a1  CacheP_disable                                                         
701001f1  CacheP_enable                                                          
70100231  CacheP_inv                                                             
70100271  MpuP_getAttrs                                                          
701002d1  MpuP_RegionAttrs_init                                                  
70100301  MpuP_setRegion                                                         
70100391  MpuP_isEnable                                                          
701003a1  MpuP_disable                                                           
701003e1  MpuP_enable                                                            
70100431  MpuP_init                                                              
701004d1  MpuP_isUserAuthorizedToAccessMemory                                    
701005b0  MpuP_disableAsm                                                        
701005c8  MpuP_disableBRAsm                                                      
701005d8  MpuP_enableAsm                                                         
701005f0  MpuP_enableBRAsm                                                       
70100600  MpuP_isEnableAsm                                                       
70100614  MpuP_setRegionAsm                                                      
70100630  _c_int00_sbl                                                           
70100654  _c_int00                                                               
70100781  _DebugP_assertNoLog                                                    
701007b1  _system_pre_init                                                       
701007e1  __mpu_init                                                             
701007f0  abort                                                                  
701007f8  __IRQ_STACK_START                                                      
701008f8  __FIQ_STACK_START                                                      
701008f8  __IRQ_STACK_END                                                        
701009f8  __FIQ_STACK_END                                                        
701009f8  __SVC_STACK_START                                                      
701019f8  __ABORT_STACK_START                                                    
701019f8  __SVC_STACK_END                                                        
70101af8  __ABORT_STACK_END                                                      
70101af8  __UNDEFINED_STACK_START                                                
70101bf8  __UNDEFINED_STACK_END                                                  
70200000  gGatewaySharedMem                                                      
70204d30  dbg_ipc_recv_count                                                     
70204d34  dbg_udp_rx_count                                                       
70204d38  dbg_udp_tx_count                                                       
70204d3c  dbg_error_count                                                        
70204d40  dbg_last_error_code                                                    
70204d44  dbg_imu_frame_count                                                    
70208000  gDebugShmLog                                                           
ffffffff  __TI_pprof_out_hndl                                                    
ffffffff  __TI_prof_data_size                                                    
ffffffff  __TI_prof_data_start                                                   
ffffffff  __binit__                                                              
ffffffff  binit                                                                  
UNDEFED   __TI_CINIT_Base                                                        
UNDEFED   __TI_CINIT_Limit                                                       
UNDEFED   __TI_Handler_Table_Base                                                
UNDEFED   __TI_Handler_Table_Limit                                               
UNDEFED   _system_post_cinit                                                     

[1392 symbols]
