******************************************************************************
            TI ARM Clang Linker PC v4.0.4                      
******************************************************************************
>> Linked Fri Mar 27 19:25:45 2026

OUTPUT FILE NAME:   <ccu_ti_multi_core_freertos.out>
ENTRY POINT SYMBOL: "_vectors"  address: 00000000


MEMORY CONFIGURATION

         name            origin    length      used     unused   attr    fill
----------------------  --------  ---------  --------  --------  ----  --------
  R5F_VECS              00000000   00000040  00000040  00000000  RWIX
  R5F_TCMA              00000040   00007fc0  00000000  00007fc0  RWIX
  R5F_TCMB              00080000   00008000  00000000  00008000  RWIX
  MAILBOX_HSM           44000000   000003ce  00000000  000003ce  RWIX
  MAILBOX_R5F           44000400   000003ce  00000000  000003ce  RWIX
  FLASH                 60100000   00080000  00000000  00080000  RWIX
  SBL                   70000000   00040000  00000000  00040000  RWIX
  OCRAM                 70040000   000c0000  000a5f78  0001a088  RWIX
  USER_SHM_MEM          70200000   00008000  000042e4  00003d1c  RWIX
  LOG_SHM_MEM           70208000   00004000  00002000  00002000  RWIX
  ENET_CPPI_DESC        70240000   00040000  00000a00  0003f600  RWIX
  RTOS_NORTOS_IPC_SHM_M 72000000   00003e80  00000000  00003e80  RWIX


SEGMENT ALLOCATION MAP

run origin  load origin   length   init length attrs members
----------  ----------- ---------- ----------- ----- -------
00000000    00000000    00000040   00000040    r-x
  00000000    00000000    00000040   00000040    r-x .vectors
70040000    70040000    0004eca0   00000000    rw-
  70040000    70040000    00042ca0   00000000    rw- .bss
  70082ca0    70082ca0    00008000   00000000    rw- .sysmem
  7008aca0    7008aca0    00004000   00000000    rw- .stack
7008eca0    7008eca0    0004e700   0004e700    r-x
  7008eca0    7008eca0    00040ca0   00040ca0    r-x .text
  700cf940    700cf940    0000da60   0000da60    r-- .rodata
700dd3a0    700dd3a0    00005e20   00005e20    rw-
  700dd3a0    700dd3a0    00005e20   00005e20    rw- .data
700e31c0    700e31c0    000019b8   000019b8    r-x
  700e31c0    700e31c0    00000f90   00000f90    r-x .text.hwi
  700e4150    700e4150    000004a0   000004a0    r-x .text.cache
  700e45f0    700e45f0    000003c0   000003c0    r-x .text.mpu
  700e49b0    700e49b0    000001c0   000001c0    r-x .text.boot
  700e4b70    700e4b70    00000008   00000008    r-x .text:abort
700e4b78    700e4b78    00001400   00000000    rw-
  700e4b78    700e4b78    00000100   00000000    rw- .irqstack
  700e4c78    700e4c78    00000100   00000000    rw- .fiqstack
  700e4d78    700e4d78    00001000   00000000    rw- .svcstack
  700e5d78    700e5d78    00000100   00000000    rw- .abortstack
  700e5e78    700e5e78    00000100   00000000    rw- .undefinedstack


SECTION ALLOCATION MAP

 output                                  attributes/
section   page    origin      length       input sections
--------  ----  ----------  ----------   ----------------
.vectors   0    00000000    00000040     
                  00000000    00000040     freertos.am263px.r5f.ti-arm-clang.debug.lib : HwiP_armv7r_vectors_freertos_asm.obj (.vectors)

.bss       0    70040000    00042ca0     UNINITIALIZED
                  70040000    00012c1f     (.common:memp_memory_POOL_1568_base)
                  70052c1f    00000001     lwip-freertos.am263px.r5f.ti-arm-clang.debug.lib : dhcp.obj (.bss.dhcp_pcb_refcount)
                  70052c20    00012000     ti_enet_config.o (.bss:ENET_DMA_PKT_MEMPOOL)
                  70064c20    0000409f     (.common:memp_memory_POOL_4096_base)
                  70068cbf    00000001     lwip-freertos.am263px.r5f.ti-arm-clang.debug.lib : sys_arch.obj (.bss.lwip_core_lock_count)
                  70068cc0    00004000     main.o (.bss.gEnetLwipTaskStack)
                  7006ccc0    00003e9f     (.common:memp_memory_POOL_128_base)
                  70070b5f    00000001     lwip-freertos.am263px.r5f.ti-arm-clang.debug.lib : tcp_in.obj (.bss.recv_flags)
                  70070b60    00001980     ti_enet_config.o (.bss.gAppPktInfoMem_LargePool)
                  700724e0    0000101f     (.common:memp_memory_NETBUF_base)
                  700734ff    0000101f     (.common:memp_memory_PBUF_base)
                  7007451e    0000101f     (.common:memp_memory_TCPIP_MSG_API_base)
                  7007553d    0000101f     (.common:memp_memory_TCPIP_MSG_INPKT_base)
                  7007655c    0000101f     (.common:memp_memory_TCP_SEG_base)
                  7007757b    00000001     lwip-freertos.am263px.r5f.ti-arm-clang.debug.lib : tcp.obj (.bss.tcp_timer)
                  7007757c    00000004                                                      : igmp.obj (.bss.allrouters)
                  70077580    00001000     freertos.am263px.r5f.ti-arm-clang.debug.lib : DebugP_shmLogReader_freertos.obj (.bss.gDebugShmLogReaderTaskStack)
                  70078580    00001000     main.o (.bss.gMainTaskStack)
                  70079580    00001000     freertos.am263px.r5f.ti-arm-clang.debug.lib : port.obj (.bss.uxIdleTaskStack)
                  7007a580    00000d80     ti_enet_open_close.o (.bss.gEnetAppSysCfgObj)
                  7007b300    00000b1f     (.common:memp_memory_SYS_MBOX_base)
                  7007be1f    00000001     lwip-freertos.am263px.r5f.ti-arm-clang.debug.lib : tcp.obj (.bss.tcp_timer_ctr)
                  7007be20    0000080c     (.common:gHwiCtrl)
                  7007c62c    00000014     freertos.am263px.r5f.ti-arm-clang.debug.lib : timers.obj (.bss.xActiveTimerList1)
                  7007c640    00000800     log_reader_task.o (.bss.gLogReaderTaskStack)
                  7007ce40    00000800     main.o (.bss.gUdpRxTaskStack)
                  7007d640    00000800     main.o (.bss.gUdpTxTaskStack)
                  7007de40    000005c0     enet-cpsw.am263px.r5f.ti-arm-clang.freertos.debug.lib : enet_osal.obj (.bss.gOsalSemPEnetOsalPool)
                  7007e400    00000440     lwip-freertos.am263px.r5f.ti-arm-clang.debug.lib : dns.obj (.bss.dns_table)
                  7007e840    00000430     enet-cpsw.am263px.r5f.ti-arm-clang.freertos.debug.lib : enetphy.obj (.bss.gEnetPhy_phyObjs)
                  7007ec70    00000010     lwip-freertos.am263px.r5f.ti-arm-clang.debug.lib : dns.obj (.bss.dns_pcbs)
                  7007ec80    00000400     main.o (.bss.gIpcTaskStack)
                  7007f080    00000400     freertos.am263px.r5f.ti-arm-clang.debug.lib : port.obj (.bss.uxTimerTaskStack)
                  7007f480    000003df     (.common:memp_memory_ARP_QUEUE_base)
                  7007f85f    0000033f     (.common:memp_memory_TCP_PCB_base)
                  7007fb9e    00000002     lwip-freertos.am263px.r5f.ti-arm-clang.debug.lib : ip4.obj (.bss.ip_id)
                  7007fba0    00000300     ti_enet_config.o (.bss.gAppPktInfoContainerMem_LargePool)
                  7007fea0    000002c0     ti_enet_config.o (.bss:ENET_CPDMA_OBJ_MEM)
                  70080160    0000029f     (.common:memp_memory_NETCONN_base)
                  700803ff    00000001     (.common:pbuf_free_ooseq_pending)
                  70080400    00000288     ti_drivers_config.o (.bss.gUartObjects)
                  70080688    00000280     freertos.am263px.r5f.ti-arm-clang.debug.lib : tasks.obj (.bss.pxReadyTasksLists)
                  70080908    0000023f     (.common:memp_memory_SYS_TIMEOUT_base)
                  70080b47    00000001     (.common:tcp_active_pcbs_changed)
                  70080b48    00000204     (.common:lwip_stats)
                  70080d4c    000001ff     (.common:memp_memory_FRAG_PBUF_base)
                  70080f4b    00000001     --HOLE--
                  70080f4c    00000178     ti_drivers_config.o (.bss.gI2cObjects)
                  700810c4    0000016c     (.common:gEepromObject_CAT24M)
                  70081230    0000015f     (.common:memp_memory_ALTCP_PCB_base)
                  7008138f    0000015f     (.common:memp_memory_NETDB_base)
                  700814ee    0000015f     (.common:memp_memory_REASSDATA_base)
                  7008164d    00000001     --HOLE--
                  7008164e    00000002     lwip-freertos.am263px.r5f.ti-arm-clang.debug.lib : ip4_frag.obj (.bss.ip_reass_pbufcount)
                  70081650    00000120     libsysbm.a : trgmsg.c.obj (.bss:_CIOBUF_)
                  70081770    0000011f     (.common:memp_memory_IGMP_GROUP_base)
                  7008188f    0000011f     (.common:memp_memory_TCP_PCB_LISTEN_base)
                  700819ae    0000011f     (.common:memp_memory_UDP_PCB_base)
                  70081acd    00000100     freertos.am263px.r5f.ti-arm-clang.debug.lib : timers.obj (.bss.prvCheckForValidListAndQueue.ucStaticTimerQueueStorage)
                  70081bcd    00000003     --HOLE--
                  70081bd0    00000100     (.common:xQueueRegistry)
                  70081cd0    000000f0     lwip-freertos.am263px.r5f.ti-arm-clang.debug.lib : etharp.obj (.bss.arp_table)
                  70081dc0    000000d8     (.common:gEnetUtilsObj)
                  70081e98    000000b8     (.common:gIpcNotifyCtrl)
                  70081f50    000000a0     libc.a : defs.c.obj (.bss.__TI_tmpnams)
                  70081ff0    000000a0     (.common:gTaskP_ctrl)
                  70082090    00000098     freertos.am263px.r5f.ti-arm-clang.debug.lib : DebugP_shmLogReader_freertos.obj (.bss.gDebugShmLogReaderTaskObj)
                  70082128    00000098     main.o (.bss.gEnetLwipTaskObj)
                  700821c0    00000098     main.o (.bss.gIpcTaskObj)
                  70082258    00000098     log_reader_task.o (.bss.gLogReaderTaskObj)
                  700822f0    00000098     main.o (.bss.gMainTaskObj)
                  70082388    00000098     main.o (.bss.gUdpRxTaskObj)
                  70082420    00000098     main.o (.bss.gUdpTxTaskObj)
                  700824b8    00000098     freertos.am263px.r5f.ti-arm-clang.debug.lib : port.obj (.bss.xIdleTaskTCB)
                  70082550    00000098                                                 : port.obj (.bss.xTimerTaskTCB)
                  700825e8    00000094     (.common:gDebugShmLogReaderCtrl)
                  7008267c    00000080     enet-cpsw.am263px.r5f.ti-arm-clang.freertos.debug.lib : enet_osal.obj (.bss.gOsalHwiPEnetOsalPool)
                  700826fc    0000007f     (.common:memp_memory_RAW_PCB_base)
                  7008277b    00000001     --HOLE--
                  7008277c    00000058     freertos.am263px.r5f.ti-arm-clang.debug.lib : DebugP_freertos.obj (.bss.gDebugLogLockObj)
                  700827d4    00000050                                                 : timers.obj (.bss.prvCheckForValidListAndQueue.xStaticTimerQueue)
                  70082824    00000050     (.common:gRovDummyQueue)
                  70082874    00000030     lwip-freertos.am263px.r5f.ti-arm-clang.debug.lib : dns.obj (.bss.dns_requests)
                  700828a4    00000030     main.o (.bss.g_motor_states)
                  700828d4    00000029     enet-cpsw.am263px.r5f.ti-arm-clang.freertos.debug.lib : enetphy.obj (.bss.gEnetPhyCapsBuf)
                  700828fd    00000003     --HOLE--
                  70082900    00000028     lwip-freertos.am263px.r5f.ti-arm-clang.debug.lib : dhcp.obj (.bss.dhcp_rx_options_val)
                  70082928    00000024     enet-cpsw.am263px.r5f.ti-arm-clang.freertos.debug.lib : enet_cpdma_priv.obj (.bss.gCpswDmaMemMgrObj)
                  7008294c    0000001f     (.common:memp_memory_PBUF_POOL_base)
                  7008296b    00000001     --HOLE--
                  7008296c    00000004     lwip-freertos.am263px.r5f.ti-arm-clang.debug.lib : igmp.obj (.bss.allsystems)
                  70082970    00000018     (.common:gClockCtrl)
                  70082988    00000018     (.common:ip_data)
                  700829a0    00000014     freertos.am263px.r5f.ti-arm-clang.debug.lib : timers.obj (.bss.xActiveTimerList2)
                  700829b4    00000014                                                 : tasks.obj (.bss.xDelayedTaskList1)
                  700829c8    00000014                                                 : tasks.obj (.bss.xDelayedTaskList2)
                  700829dc    00000014                                                 : tasks.obj (.bss.xPendingReadyList)
                  700829f0    00000014                                                 : tasks.obj (.bss.xSuspendedTaskList)
                  70082a04    00000014                                                 : tasks.obj (.bss.xTasksWaitingTermination)
                  70082a18    00000010     lwip-freertos.am263px.r5f.ti-arm-clang.debug.lib : memp.obj (.bss.memp_stats_ALTCP_PCB)
                  70082a28    00000010                                                      : memp.obj (.bss.memp_stats_ARP_QUEUE)
                  70082a38    00000010                                                      : memp.obj (.bss.memp_stats_FRAG_PBUF)
                  70082a48    00000010                                                      : memp.obj (.bss.memp_stats_IGMP_GROUP)
                  70082a58    00000010                                                      : memp.obj (.bss.memp_stats_NETBUF)
                  70082a68    00000010                                                      : memp.obj (.bss.memp_stats_NETCONN)
                  70082a78    00000010                                                      : memp.obj (.bss.memp_stats_NETDB)
                  70082a88    00000010                                                      : memp.obj (.bss.memp_stats_PBUF)
                  70082a98    00000010                                                      : memp.obj (.bss.memp_stats_PBUF_POOL)
                  70082aa8    00000010                                                      : memp.obj (.bss.memp_stats_POOL_128)
                  70082ab8    00000010                                                      : memp.obj (.bss.memp_stats_POOL_1568)
                  70082ac8    00000010                                                      : memp.obj (.bss.memp_stats_POOL_4096)
                  70082ad8    00000010                                                      : memp.obj (.bss.memp_stats_RAW_PCB)
                  70082ae8    00000010                                                      : memp.obj (.bss.memp_stats_REASSDATA)
                  70082af8    00000010                                                      : memp.obj (.bss.memp_stats_SYS_MBOX)
                  70082b08    00000010                                                      : memp.obj (.bss.memp_stats_SYS_TIMEOUT)
                  70082b18    00000010                                                      : memp.obj (.bss.memp_stats_TCPIP_MSG_API)
                  70082b28    00000010                                                      : memp.obj (.bss.memp_stats_TCPIP_MSG_INPKT)
                  70082b38    00000010                                                      : memp.obj (.bss.memp_stats_TCP_PCB)
                  70082b48    00000010                                                      : memp.obj (.bss.memp_stats_TCP_PCB_LISTEN)
                  70082b58    00000010                                                      : memp.obj (.bss.memp_stats_TCP_SEG)
                  70082b68    00000010                                                      : memp.obj (.bss.memp_stats_UDP_PCB)
                  70082b78    00000010     (.common:virtToPhymap)
                  70082b88    0000000a                                                      : dhcp.obj (.bss.dhcp_rx_options_given)
                  70082b92    00000002     --HOLE--
                  70082b94    00000008                                                      : dns.obj (.bss.dns_servers)
                  70082b9c    00000008     libsysbm.a : hostopen.c.obj (.bss.parmbuf)
                  70082ba4    00000004     lwip-freertos.am263px.r5f.ti-arm-clang.debug.lib : timeouts.obj (.bss.current_timeout_due_time)
                  70082ba8    00000004                                                      : dhcp.obj (.bss.dhcp_create_msg.xid)
                  70082bac    00000004                                                      : dhcp.obj (.bss.dhcp_pcb)
                  70082bb0    00000004                                                      : netif.obj (.bss.ext_callback)
                  70082bb4    00000004     freertos.am263px.r5f.ti-arm-clang.debug.lib : DebugP_shmLogReader_freertos.obj (.bss.gDebugShmLogReaderTask)
                  70082bb8    00000004                                                 : HwiP_armv7r_handlers_freertos.obj (.bss.gdummy)
                  70082bbc    00000004                                                 : HwiP_armv7r_vim.obj (.bss.gdummy)
                  70082bc0    00000004     lwip-freertos.am263px.r5f.ti-arm-clang.debug.lib : ip4.obj (.bss.ip4_default_multicast_netif)
                  70082bc4    00000004                                                      : sys_arch.obj (.bss.lwip_core_lock_holder_thread)
                  70082bc8    00000004                                                      : sys_arch.obj (.bss.lwip_tcpip_thread)
                  70082bcc    00000004                                                      : memp.obj (.bss.memp_tab_ALTCP_PCB)
                  70082bd0    00000004                                                      : memp.obj (.bss.memp_tab_ARP_QUEUE)
                  70082bd4    00000004                                                      : memp.obj (.bss.memp_tab_FRAG_PBUF)
                  70082bd8    00000004                                                      : memp.obj (.bss.memp_tab_IGMP_GROUP)
                  70082bdc    00000004                                                      : memp.obj (.bss.memp_tab_NETBUF)
                  70082be0    00000004                                                      : memp.obj (.bss.memp_tab_NETCONN)
                  70082be4    00000004                                                      : memp.obj (.bss.memp_tab_NETDB)
                  70082be8    00000004                                                      : memp.obj (.bss.memp_tab_PBUF)
                  70082bec    00000004                                                      : memp.obj (.bss.memp_tab_PBUF_POOL)
                  70082bf0    00000004                                                      : memp.obj (.bss.memp_tab_POOL_128)
                  70082bf4    00000004                                                      : memp.obj (.bss.memp_tab_POOL_1568)
                  70082bf8    00000004                                                      : memp.obj (.bss.memp_tab_POOL_4096)
                  70082bfc    00000004                                                      : memp.obj (.bss.memp_tab_RAW_PCB)
                  70082c00    00000004                                                      : memp.obj (.bss.memp_tab_REASSDATA)
                  70082c04    00000004                                                      : memp.obj (.bss.memp_tab_SYS_MBOX)
                  70082c08    00000004                                                      : memp.obj (.bss.memp_tab_SYS_TIMEOUT)
                  70082c0c    00000004                                                      : memp.obj (.bss.memp_tab_TCPIP_MSG_API)
                  70082c10    00000004                                                      : memp.obj (.bss.memp_tab_TCPIP_MSG_INPKT)
                  70082c14    00000004                                                      : memp.obj (.bss.memp_tab_TCP_PCB)
                  70082c18    00000004                                                      : memp.obj (.bss.memp_tab_TCP_PCB_LISTEN)
                  70082c1c    00000004                                                      : memp.obj (.bss.memp_tab_TCP_SEG)
                  70082c20    00000004                                                      : memp.obj (.bss.memp_tab_UDP_PCB)
                  70082c24    00000004                                                      : timeouts.obj (.bss.next_timeout)
                  70082c28    00000004     freertos.am263px.r5f.ti-arm-clang.debug.lib : timers.obj (.bss.pxCurrentTimerList)
                  70082c2c    00000004                                                 : tasks.obj (.bss.pxDelayedTaskList)
                  70082c30    00000004                                                 : tasks.obj (.bss.pxOverflowDelayedTaskList)
                  70082c34    00000004                                                 : timers.obj (.bss.pxOverflowTimerList)
                  70082c38    00000004     lwip-freertos.am263px.r5f.ti-arm-clang.debug.lib : raw.obj (.bss.raw_pcbs)
                  70082c3c    00000004                                                      : ip4_frag.obj (.bss.reassdatagrams)
                  70082c40    00000004                                                      : sys_arch.obj (.bss.sys_arch_protect_mutex)
                  70082c44    00000004                                                      : sys_arch.obj (.bss.sys_arch_protect_nesting)
                  70082c48    00000004     libc.a : memory.c.obj (.bss.sys_free)
                  70082c4c    00000004     lwip-freertos.am263px.r5f.ti-arm-clang.debug.lib : tcpip.obj (.bss.tcpip_init_done)
                  70082c50    00000004                                                      : tcpip.obj (.bss.tcpip_init_done_arg)
                  70082c54    00000004                                                      : tcpip.obj (.bss.tcpip_mbox)
                  70082c58    00000004     freertos.am263px.r5f.ti-arm-clang.debug.lib : tasks.obj (.bss.xIdleTaskHandles)
                  70082c5c    00000004     (.common:gEepromHandle)
                  70082c60    00000004     (.common:gI2cHandle)
                  70082c64    00000004     (.common:gUartHandle)
                  70082c68    00000004     (.common:lock_tcpip_core)
                  70082c6c    00000004     (.common:netif_default)
                  70082c70    00000004     (.common:netif_list)
                  70082c74    00000004     (.common:tcp_active_pcbs)
                  70082c78    00000004     (.common:tcp_bound_pcbs)
                  70082c7c    00000004     (.common:tcp_input_pcb)
                  70082c80    00000004     (.common:tcp_listen_pcbs)
                  70082c84    00000004     (.common:tcp_ticks)
                  70082c88    00000004     (.common:tcp_tw_pcbs)
                  70082c8c    00000004     (.common:udp_pcbs)
                  70082c90    00000010     --HOLE--

.sysmem    0    70082ca0    00008000     UNINITIALIZED
                  70082ca0    00000010     libc.a : memory.c.obj (.sysmem)
                  70082cb0    00007ff0     --HOLE--

.stack     0    7008aca0    00004000     UNINITIALIZED
                  7008aca0    00000004     freertos.am263px.r5f.ti-arm-clang.debug.lib : boot_armv7r_asm.obj (.stack)
                  7008aca4    00003ffc     --HOLE--

.text      0    7008eca0    00040ca0     
                  7008eca0    00000abe     enet-cpsw.am263px.r5f.ti-arm-clang.freertos.debug.lib : enet_cpdma.obj (.text.EnetCpdma_dequeueTx)
                  7008f75e    00000002     --HOLE-- [fill = 0]
                  7008f760    00000a34     freertos.am263px.r5f.ti-arm-clang.debug.lib : printf.obj (.text._vsnprintf)
                  70090194    0000000c     libclang_rt.builtins.a : aeabi_memset.S.obj (.text.__aeabi_memclr)
                  700901a0    0000099a     enet-cpsw.am263px.r5f.ti-arm-clang.freertos.debug.lib : enet_cpdma.obj (.text.EnetCpdma_dequeueRx)
                  70090b3a    00000002     --HOLE-- [fill = 0]
                  70090b3c    00000004     libclang_rt.builtins.a : aeabi_div0.c.obj (.text.__aeabi_idiv0)
                  70090b40    00000960     lwip-freertos.am263px.r5f.ti-arm-clang.debug.lib : tcp.obj (.text.tcp_slowtmr)
                  700914a0    000007a4     drivers.am263px.r5f.ti-arm-clang.freertos.debug.lib : i2c_v1_lld.obj (.text.I2C_lld_primeTransferPoll)
                  70091c44    0000000c     libc.a : memory.c.obj (.text.malloc)
                  70091c50    00000678     drivers.am263px.r5f.ti-arm-clang.freertos.debug.lib : soc_rcm.obj (.text.SOC_rcmGetClkSrcAndDivReg)
                  700922c8    00000008     libsysbm.a : hostexit.c.obj (.text.HOSTexit)
                  700922d0    00000654     lwip-freertos.am263px.r5f.ti-arm-clang.debug.lib : dhcp.obj (.text.dhcp_parse_reply)
                  70092924    0000000c     freertos.am263px.r5f.ti-arm-clang.debug.lib : CpuId_armv7r_asm.obj (.text)
                  70092930    00000638     drivers.am263px.r5f.ti-arm-clang.freertos.debug.lib : soc_rcm.obj (.text.SOC_rcmEnablePeripheralClock)
                  70092f68    00000004     libclang_rt.builtins.a : aeabi_div0.c.obj (.text.__aeabi_ldiv0)
                  70092f6c    00000004                            : aeabi_memcpy.S.obj (.text.__aeabi_memcpy)
                  70092f70    00000606     enet-cpsw.am263px.r5f.ti-arm-clang.freertos.debug.lib : enet_cpdma.obj (.text.EnetCpdma_enqueueRx)
                  70093576    00000002     --HOLE-- [fill = 0]
                  70093578    00000004     libc.a : _lock.c.obj (.text._nop)
                  7009357c    00000004            : fseek.c.obj (.text.fseek)
                  70093580    000005e2     freertos.am263px.r5f.ti-arm-clang.debug.lib : printf.obj (.text._ftoa)
                  70093b62    00000002     --HOLE-- [fill = 0]
                  70093b64    00000004     libsysbm.a : remove.c.obj (.text.remove)
                  70093b68    00000008     --HOLE-- [fill = 0]
                  70093b70    00000552     enet-cpsw.am263px.r5f.ti-arm-clang.freertos.debug.lib : cpsw_ale.obj (.text.CpswAle_open)
                  700940c2    0000000e     --HOLE-- [fill = 0]
                  700940d0    00000506                                                           : enet_cpdma.obj (.text.EnetCpdma_enqueueTx)
                  700945d6    0000000a     --HOLE-- [fill = 0]
                  700945e0    000004d8     lwip-freertos.am263px.r5f.ti-arm-clang.debug.lib : tcp_out.obj (.text.tcp_output)
                  70094ab8    00000008     --HOLE-- [fill = 0]
                  70094ac0    000004b0     freertos.am263px.r5f.ti-arm-clang.debug.lib : printf.obj (.text._etoa)
                  70094f70    00000466     board.am263px.r5f.ti-arm-clang.freertos.debug.lib : dp83869.obj (.text.Dp83869_printRegs)
                  700953d6    0000000a     --HOLE-- [fill = 0]
                  700953e0    00000446     enet-cpsw.am263px.r5f.ti-arm-clang.freertos.debug.lib : cpsw_macport.obj (.text.CpswMacPort_open)
                  70095826    0000000a     --HOLE-- [fill = 0]
                  70095830    0000043e                                                           : enet_rm.obj (.text.EnetRm_detachCore)
                  70095c6e    00000002     --HOLE-- [fill = 0]
                  70095c70    00000404     drivers.am263px.r5f.ti-arm-clang.freertos.debug.lib : uart_v0.obj (.text.UART_open)
                  70096074    0000000c     --HOLE-- [fill = 0]
                  70096080    000003e2     enet-cpsw.am263px.r5f.ti-arm-clang.freertos.debug.lib : enet_rm.obj (.text.EnetRm_close)
                  70096462    0000000e     --HOLE-- [fill = 0]
                  70096470    000003dc     drivers.am263px.r5f.ti-arm-clang.freertos.debug.lib : ipc_notify_v1.obj (.text.IpcNotify_init)
                  7009684c    000003dc     libc.a : _printfi.c.obj (.text:__TI_printfi_minimal)
                  70096c28    00000008     --HOLE-- [fill = 0]
                  70096c30    000003d2     drivers.am263px.r5f.ti-arm-clang.freertos.debug.lib : soc.obj (.text.SOC_phyToVirt)
                  70097002    0000000e     --HOLE-- [fill = 0]
                  70097010    000003ba     lwip-freertos.am263px.r5f.ti-arm-clang.debug.lib : udp.obj (.text.udp_sendto_if_src)
                  700973ca    00000006     --HOLE-- [fill = 0]
                  700973d0    000003b0                                                      : tcp_out.obj (.text.tcp_split_unsent_seg)
                  70097780    000003a2     enet-cpsw.am263px.r5f.ti-arm-clang.freertos.debug.lib : cpsw.obj (.text.Cpsw_registerIntrs)
                  70097b22    0000000e     --HOLE-- [fill = 0]
                  70097b30    00000398                                                           : mdio.obj (.text.Mdio_open)
                  70097ec8    00000018     libc.a : memset32.S.obj (.text:TI_memset_small)
                  70097ee0    00000390            : strcmp32.S.obj (.text:strcmp)
                  70098270    00000380     lwip-freertos.am263px.r5f.ti-arm-clang.debug.lib : ip4_frag.obj (.text.ip4_frag)
                  700985f0    0000036e     enet-cpsw.am263px.r5f.ti-arm-clang.freertos.debug.lib : cpsw.obj (.text.Cpsw_handleLinkDown)
                  7009895e    00000002     --HOLE-- [fill = 0]
                  70098960    0000036a                                                           : enet_appmemutils.obj (.text.EnetMem_initCore)
                  70098cca    00000006     --HOLE-- [fill = 0]
                  70098cd0    00000356     drivers.am263px.r5f.ti-arm-clang.freertos.debug.lib : i2c_v1.obj (.text.I2C_open)
                  70099026    0000000a     --HOLE-- [fill = 0]
                  70099030    0000034a     enet-cpsw.am263px.r5f.ti-arm-clang.freertos.debug.lib : cpsw.obj (.text.Cpsw_openInternal)
                  7009937a    00000006     --HOLE-- [fill = 0]
                  70099380    0000033a                                                           : cpsw_ioctl.obj (.text.Cpsw_openPortLinkNoPhy)
                  700996ba    00000006     --HOLE-- [fill = 0]
                  700996c0    00000330                                                           : cpsw.obj (.text.Cpsw_open)
                  700999f0    00000326     lwip-freertos.am263px.r5f.ti-arm-clang.debug.lib : ip4.obj (.text.ip4_output_if_opt_src)
                  70099d16    0000000a     --HOLE-- [fill = 0]
                  70099d20    0000031e                                                      : tcp_out.obj (.text.tcp_enqueue_flags)
                  7009a03e    00000002     --HOLE-- [fill = 0]
                  7009a040    00000302     drivers.am263px.r5f.ti-arm-clang.freertos.debug.lib : soc.obj (.text.SOC_virtToPhy)
                  7009a342    0000000e     --HOLE-- [fill = 0]
                  7009a350    000002f8     lwip-freertos.am263px.r5f.ti-arm-clang.debug.lib : pbuf.obj (.text.pbuf_alloc)
                  7009a648    00000008     --HOLE-- [fill = 0]
                  7009a650    000002f2     enet-cpsw.am263px.r5f.ti-arm-clang.freertos.debug.lib : enet_cpdma.obj (.text.EnetCpdma_open)
                  7009a942    0000000e     --HOLE-- [fill = 0]
                  7009a950    000002e6                                                           : csl_cpsw.obj (.text.CSL_CPSW_setPortRxDscpMap)
                  7009ac36    0000000a     --HOLE-- [fill = 0]
                  7009ac40    000002e6     ti_enet_open_close.o (.text.EnetApp_driverOpen)
                  7009af26    0000000a     --HOLE-- [fill = 0]
                  7009af30    000002da     enet-cpsw.am263px.r5f.ti-arm-clang.freertos.debug.lib : cpsw.obj (.text.Cpsw_periodicTick)
                  7009b20a    00000006     --HOLE-- [fill = 0]
                  7009b210    000002d2                                                           : enetphy.obj (.text.EnetPhy_enableState)
                  7009b4e2    0000000e     --HOLE-- [fill = 0]
                  7009b4f0    000002bc     lwip-freertos.am263px.r5f.ti-arm-clang.debug.lib : tcp_out.obj (.text.tcp_output_segment)
                  7009b7ac    00000004     --HOLE-- [fill = 0]
                  7009b7b0    000002ba     drivers.am263px.r5f.ti-arm-clang.freertos.debug.lib : i2c_v1_lld.obj (.text.I2C_lld_controllerIsr)
                  7009ba6a    00000006     --HOLE-- [fill = 0]
                  7009ba70    000002ba     lwip-freertos.am263px.r5f.ti-arm-clang.debug.lib : pbuf.obj (.text.pbuf_copy_partial_pbuf)
                  7009bd2a    00000006     --HOLE-- [fill = 0]
                  7009bd30    000002b8     enet-cpsw.am263px.r5f.ti-arm-clang.freertos.debug.lib : cpsw.obj (.text.Cpsw_handleLinkUp)
                  7009bfe8    00000008     --HOLE-- [fill = 0]
                  7009bff0    000002a8                                                           : cpsw_ale.obj (.text.CpswAle_addVlan)
                  7009c298    00000008     --HOLE-- [fill = 0]
                  7009c2a0    0000029a     drivers.am263px.r5f.ti-arm-clang.freertos.debug.lib : i2c_v1_lld.obj (.text.I2C_lld_targetIsr)
                  7009c53a    00000006     --HOLE-- [fill = 0]
                  7009c540    00000296     lwip-freertos.am263px.r5f.ti-arm-clang.debug.lib : tcp.obj (.text.tcp_close_shutdown)
                  7009c7d6    0000000a     --HOLE-- [fill = 0]
                  7009c7e0    00000290     enet-cpsw.am263px.r5f.ti-arm-clang.freertos.debug.lib : cpsw.obj (.text.Cpsw_registerIoctlHandler)
                  7009ca70    0000028e                                                           : csl_cpsw.obj (.text.CSL_CPSW_setAlePolicerEntry)
                  7009ccfe    00000002     --HOLE-- [fill = 0]
                  7009cd00    0000028c     xgw_udp_interface.o (.text.xgw_udp_process_motor_cmd)
                  7009cf8c    00000004     --HOLE-- [fill = 0]
                  7009cf90    00000286     enet-cpsw.am263px.r5f.ti-arm-clang.freertos.debug.lib : csl_cpsw.obj (.text.CSL_CPSW_getAlePolicerEntry)
                  7009d216    0000000a     --HOLE-- [fill = 0]
                  7009d220    0000027e                                                           : cpsw_ale.obj (.text.CpswAle_findVlan)
                  7009d49e    00000002     --HOLE-- [fill = 0]
                  7009d4a0    0000027e     drivers.am263px.r5f.ti-arm-clang.freertos.debug.lib : uart_dma_edma.obj (.text.UART_edmaChInit)
                  7009d71e    00000002     --HOLE-- [fill = 0]
                  7009d720    0000027a     enet-cpsw.am263px.r5f.ti-arm-clang.freertos.debug.lib : cpsw.obj (.text.Cpsw_ioctl)
                  7009d99a    00000006     --HOLE-- [fill = 0]
                  7009d9a0    00000266                                                           : cpsw_est_ioctl.obj (.text.CpswEst_ioctl_handler_ENET_TAS_IOCTL_SET_STATE)
                  7009dc06    0000000a     --HOLE-- [fill = 0]
                  7009dc10    00000266     freertos.am263px.r5f.ti-arm-clang.debug.lib : tasks.obj (.text.xTaskIncrementTick)
                  7009de76    0000000a     --HOLE-- [fill = 0]
                  7009de80    0000025a     lwip-freertos.am263px.r5f.ti-arm-clang.debug.lib : ip4_frag.obj (.text.ip_reass_free_complete_datagram)
                  7009e0da    00000006     --HOLE-- [fill = 0]
                  7009e0e0    0000025a     freertos.am263px.r5f.ti-arm-clang.debug.lib : tasks.obj (.text.xTaskResumeAll)
                  7009e33a    00000006     --HOLE-- [fill = 0]
                  7009e340    00000250     drivers.am263px.r5f.ti-arm-clang.freertos.debug.lib : edma.obj (.text.Alloc_resource)
                  7009e590    0000024c     enet-cpsw.am263px.r5f.ti-arm-clang.freertos.debug.lib : cpsw_macport_ioctl.obj (.text.CpswMacPort_enablePort)
                  7009e7dc    00000004     --HOLE-- [fill = 0]
                  7009e7e0    00000246     lwip-freertos.am263px.r5f.ti-arm-clang.debug.lib : dns.obj (.text.dns_send)
                  7009ea26    0000000a     --HOLE-- [fill = 0]
                  7009ea30    00000242     enet-cpsw.am263px.r5f.ti-arm-clang.freertos.debug.lib : enetphy.obj (.text.EnetPhy_bindDriver)
                  7009ec72    0000000e     --HOLE-- [fill = 0]
                  7009ec80    00000242     drivers.am263px.r5f.ti-arm-clang.freertos.debug.lib : uart_v0_lld.obj (.text.UART_fifoConfig)
                  7009eec2    0000000e     --HOLE-- [fill = 0]
                  7009eed0    0000023e     enet-cpsw.am263px.r5f.ti-arm-clang.freertos.debug.lib : cpsw_cpts_ioctl.obj (.text.CpswCpts_handleEvents)
                  7009f10e    00000002     --HOLE-- [fill = 0]
                  7009f110    0000023e     freertos.am263px.r5f.ti-arm-clang.debug.lib : printf.obj (.text._ntoa_format)
                  7009f34e    00000002     --HOLE-- [fill = 0]
                  7009f350    00000234     enet-cpsw.am263px.r5f.ti-arm-clang.freertos.debug.lib : cpsw_hostport.obj (.text.CpswHostPort_open)
                  7009f584    0000000c     --HOLE-- [fill = 0]
                  7009f590    0000022c                                                           : enet_cpdma_priv.obj (.text.EnetCpdma_memMgrInit)
                  7009f7bc    00000004     --HOLE-- [fill = 0]
                  7009f7c0    0000022a     lwip-freertos.am263px.r5f.ti-arm-clang.debug.lib : dhcp.obj (.text.dhcp_select)
                  7009f9ea    00000006     --HOLE-- [fill = 0]
                  7009f9f0    00000226     drivers.am263px.r5f.ti-arm-clang.freertos.debug.lib : uart_dma_edma.obj (.text.UART_lld_dmaDeInit)
                  7009fc16    0000000a     --HOLE-- [fill = 0]
                  7009fc20    00000222                                                         : ipc_notify_v1.obj (.text.IpcNotify_isr)
                  7009fe42    0000000e     --HOLE-- [fill = 0]
                  7009fe50    00000220     enet-cpsw.am263px.r5f.ti-arm-clang.freertos.debug.lib : enet_rm_ioctl.obj (.text.EnetRm_allocMacAddr)
                  700a0070    00000220     freertos.am263px.r5f.ti-arm-clang.debug.lib : tasks.obj (.text.vTaskGenericNotifyGiveFromISR)
                  700a0290    00000220                                                 : queue.obj (.text.xQueueGenericSend)
                  700a04b0    0000021a     enet-cpsw.am263px.r5f.ti-arm-clang.freertos.debug.lib : cpsw_stats.obj (.text.CpswStats_open)
                  700a06ca    00000006     --HOLE-- [fill = 0]
                  700a06d0    0000020a     lwip-freertos.am263px.r5f.ti-arm-clang.debug.lib : tcp.obj (.text.tcp_pcb_remove)
                  700a08da    00000006     --HOLE-- [fill = 0]
                  700a08e0    0000020a     freertos.am263px.r5f.ti-arm-clang.debug.lib : queue.obj (.text.xQueueSemaphoreTake)
                  700a0aea    00000006     --HOLE-- [fill = 0]
                  700a0af0    00000206     enet-cpsw.am263px.r5f.ti-arm-clang.freertos.debug.lib : cpsw_cpts.obj (.text.CpswCpts_open)
                  700a0cf6    0000000a     --HOLE-- [fill = 0]
                  700a0d00    00000206     lwip-freertos.am263px.r5f.ti-arm-clang.debug.lib : dhcp.obj (.text.dhcp_recv)
                  700a0f06    0000000a     --HOLE-- [fill = 0]
                  700a0f10    00000204     enet-cpsw.am263px.r5f.ti-arm-clang.freertos.debug.lib : enetphy.obj (.text.EnetPhy_open)
                  700a1114    0000000c     --HOLE-- [fill = 0]
                  700a1120    000001fe                                                           : cpsw_stats_ioctl.obj (.text.CpswStats_readHostStats)
                  700a131e    00000002     --HOLE-- [fill = 0]
                  700a1320    000001fe     lwip-freertos.am263px.r5f.ti-arm-clang.debug.lib : pbuf.obj (.text.pbuf_free)
                  700a151e    00000002     --HOLE-- [fill = 0]
                  700a1520    000001f6                                                      : dhcp.obj (.text.dhcp_create_msg)
                  700a1716    0000000a     --HOLE-- [fill = 0]
                  700a1720    000001f2     drivers.am263px.r5f.ti-arm-clang.freertos.debug.lib : i2c_v1.obj (.text.I2C_primeTransfer)
                  700a1912    0000000e     --HOLE-- [fill = 0]
                  700a1920    000001f2                                                         : i2c_v1.obj (.text.I2C_transfer)
                  700a1b12    0000000e     --HOLE-- [fill = 0]
                  700a1b20    000001ee     enet-cpsw.am263px.r5f.ti-arm-clang.freertos.debug.lib : cpsw_ale.obj (.text.CpswAle_setAleCfg)
                  700a1d0e    00000002     --HOLE-- [fill = 0]
                  700a1d10    000001ee                                                           : cpsw_ioctl.obj (.text.Cpsw_openPortLinkWithPhy)
                  700a1efe    00000002     --HOLE-- [fill = 0]
                  700a1f00    000001ea                                                           : cpsw_hostport.obj (.text.CpswHostPort_ioctl)
                  700a20ea    00000006     --HOLE-- [fill = 0]
                  700a20f0    000001ea                                                           : cpsw_stats.obj (.text.CpswStats_ioctl)
                  700a22da    00000006     --HOLE-- [fill = 0]
                  700a22e0    000001ea                                                           : cpsw_ioctl.obj (.text.Cpsw_openPortLink)
                  700a24ca    00000006     --HOLE-- [fill = 0]
                  700a24d0    000001ea     lwip-freertos.am263px.r5f.ti-arm-clang.debug.lib : tcp.obj (.text.tcp_abandon)
                  700a26ba    00000006     --HOLE-- [fill = 0]
                  700a26c0    000001e2     ti_enet_open_close.o (.text.EnetApp_initLinkArgs)
                  700a28a2    0000000e     --HOLE-- [fill = 0]
                  700a28b0    000001e2     lwip-freertos.am263px.r5f.ti-arm-clang.debug.lib : pbuf.obj (.text.pbuf_realloc)
                  700a2a92    0000000e     --HOLE-- [fill = 0]
                  700a2aa0    000001e0     enet-cpsw.am263px.r5f.ti-arm-clang.freertos.debug.lib : cpsw_stats_ioctl.obj (.text.CpswStats_readMacStats)
                  700a2c80    000001e0     lwip-freertos.am263px.r5f.ti-arm-clang.debug.lib : dhcp.obj (.text.dhcp_bind)
                  700a2e60    000001da     enet-cpsw.am263px.r5f.ti-arm-clang.freertos.debug.lib : enet.obj (.text.Enet_validateIoctl)
                  700a303a    00000006     --HOLE-- [fill = 0]
                  700a3040    000001d8     freertos.am263px.r5f.ti-arm-clang.debug.lib : queue.obj (.text.xQueueReceive)
                  700a3218    00000008     --HOLE-- [fill = 0]
                  700a3220    000001d6                                                 : TimerP_rti_priv.obj (.text.TimerP_setupPriv)
                  700a33f6    0000000a     --HOLE-- [fill = 0]
                  700a3400    000001d4     enet-cpsw.am263px.r5f.ti-arm-clang.freertos.debug.lib : mdio.obj (.text.Mdio_ioctl)
                  700a35d4    000001d0     libclang_rt.builtins.a : udivsi3.S.obj (.text.__udivsi3)
                  700a37a4    0000000c     --HOLE-- [fill = 0]
                  700a37b0    000001d0     main.o (.text.freertos_main)
                  700a3980    000001c8     lwip-freertos.am263px.r5f.ti-arm-clang.debug.lib : etharp.obj (.text.etharp_raw)
                  700a3b48    00000008     --HOLE-- [fill = 0]
                  700a3b50    000001c6     enet-cpsw.am263px.r5f.ti-arm-clang.freertos.debug.lib : enet_rm_ioctl.obj (.text.EnetRm_allocTxChNum)
                  700a3d16    0000000a     --HOLE-- [fill = 0]
                  700a3d20    000001c6     lwip-freertos.am263px.r5f.ti-arm-clang.debug.lib : tcp_out.obj (.text.tcp_create_segment)
                  700a3ee6    0000000a     --HOLE-- [fill = 0]
                  700a3ef0    000001c2     enet-cpsw.am263px.r5f.ti-arm-clang.freertos.debug.lib : enet.obj (.text.Enet_validateGenericIoctl)
                  700a40b2    0000000e     --HOLE-- [fill = 0]
                  700a40c0    000001bc     freertos.am263px.r5f.ti-arm-clang.debug.lib : tasks.obj (.text.xTaskRemoveFromEventList)
                  700a427c    00000004     --HOLE-- [fill = 0]
                  700a4280    000001b4     enet-cpsw.am263px.r5f.ti-arm-clang.freertos.debug.lib : enet_rm.obj (.text.EnetRm_open)
                  700a4434    0000000c     --HOLE-- [fill = 0]
                  700a4440    000001b0                                                           : cpsw_ale.obj (.text.CpswAle_delPolicerEntry)
                  700a45f0    000001b0     main.o (.text.core0_init)
                  700a47a0    000001b0     lwip-freertos.am263px.r5f.ti-arm-clang.debug.lib : dns.obj (.text.dns_call_found)
                  700a4950    000001ae     ti_enet_open_close.o (.text.EnetApp_ConfigureDscpMapping)
                  700a4afe    00000002     --HOLE-- [fill = 0]
                  700a4b00    000001ac     drivers.am263px.r5f.ti-arm-clang.freertos.debug.lib : uart_v0.obj (.text.UART_close)
                  700a4cac    00000004     --HOLE-- [fill = 0]
                  700a4cb0    000001aa     enet-cpsw.am263px.r5f.ti-arm-clang.freertos.debug.lib : mdio_ioctl.obj (.text.Mdio_readRegC45)
                  700a4e5a    00000006     --HOLE-- [fill = 0]
                  700a4e60    000001aa     drivers.am263px.r5f.ti-arm-clang.freertos.debug.lib : uart_dma_edma.obj (.text.UART_lld_dmaWrite)
                  700a500a    00000006     --HOLE-- [fill = 0]
                  700a5010    000001aa     lwip-freertos.am263px.r5f.ti-arm-clang.debug.lib : mem.obj (.text.mem_free)
                  700a51ba    00000002     --HOLE-- [fill = 0]
                  700a51bc    000001a8     libc.a : memory.c.obj (.text.free)
                  700a5364    000001a4            : memory.c.obj (.text.aligned_alloc)
                  700a5508    00000008     --HOLE-- [fill = 0]
                  700a5510    000001a4     freertos.am263px.r5f.ti-arm-clang.debug.lib : timers.obj (.text.prvProcessReceivedCommands)
                  700a56b4    0000000c     --HOLE-- [fill = 0]
                  700a56c0    000001a0     drivers.am263px.r5f.ti-arm-clang.freertos.debug.lib : uart_v0.obj (.text.UART_write)
                  700a5860    000001a0     lwip-freertos.am263px.r5f.ti-arm-clang.debug.lib : pbuf.obj (.text.pbuf_take)
                  700a5a00    000001a0     freertos.am263px.r5f.ti-arm-clang.debug.lib : tasks.obj (.text.vTaskSwitchContext)
                  700a5ba0    0000019e     enet-cpsw.am263px.r5f.ti-arm-clang.freertos.debug.lib : cpsw_ale_ioctl.obj (.text.CpswAle_addMcastAddr)
                  700a5d3e    00000002     --HOLE-- [fill = 0]
                  700a5d40    0000019c     libc.a : fputs.c.obj (.text.fputs)
                  700a5edc    00000004     --HOLE-- [fill = 0]
                  700a5ee0    0000019a     enet-cpsw.am263px.r5f.ti-arm-clang.freertos.debug.lib : cpsw_cpts.obj (.text.CpswCpts_ioctl)
                  700a607a    00000006     --HOLE-- [fill = 0]
                  700a6080    0000019a     lwip-freertos.am263px.r5f.ti-arm-clang.debug.lib : dns.obj (.text.dns_check_entry)
                  700a621a    00000006     --HOLE-- [fill = 0]
                  700a6220    0000019a     freertos.am263px.r5f.ti-arm-clang.debug.lib : tasks.obj (.text.vTaskPriorityDisinheritAfterTimeout)
                  700a63ba    00000006     --HOLE-- [fill = 0]
                  700a63c0    00000198     drivers.am263px.r5f.ti-arm-clang.freertos.debug.lib : uart_v0_lld.obj (.text.UART_lld_controllerIsr)
                  700a6558    00000008     --HOLE-- [fill = 0]
                  700a6560    00000196     lwip-freertos.am263px.r5f.ti-arm-clang.debug.lib : dhcp.obj (.text.dhcp_reboot)
                  700a66f6    0000000a     --HOLE-- [fill = 0]
                  700a6700    00000194     enet-cpsw.am263px.r5f.ti-arm-clang.freertos.debug.lib : cpsw_ale.obj (.text.CpswAle_ioctl)
                  700a6894    0000000c     --HOLE-- [fill = 0]
                  700a68a0    00000194                                                           : cpsw_macport.obj (.text.CpswMacPort_ioctl)
                  700a6a34    0000000c     --HOLE-- [fill = 0]
                  700a6a40    00000192     lwip-freertos.am263px.r5f.ti-arm-clang.debug.lib : tcp_out.obj (.text.tcp_zero_window_probe)
                  700a6bd2    0000000e     --HOLE-- [fill = 0]
                  700a6be0    0000018a     enet-cpsw.am263px.r5f.ti-arm-clang.freertos.debug.lib : enet_rm.obj (.text.EnetRm_ioctl)
                  700a6d6a    00000006     --HOLE-- [fill = 0]
                  700a6d70    0000018a     lwip-freertos.am263px.r5f.ti-arm-clang.debug.lib : sys_arch.obj (.text.sys_arch_mbox_fetch)
                  700a6efa    00000006     --HOLE-- [fill = 0]
                  700a6f00    00000188     freertos.am263px.r5f.ti-arm-clang.debug.lib : ClockP_freertos_r5.obj (.text.ClockP_init)
                  700a7088    00000008     --HOLE-- [fill = 0]
                  700a7090    00000186     lwip-freertos.am263px.r5f.ti-arm-clang.debug.lib : acd.obj (.text.acd_tmr)
                  700a7216    0000000a     --HOLE-- [fill = 0]
                  700a7220    00000178     freertos.am263px.r5f.ti-arm-clang.debug.lib : DebugP_shmLogReader.obj (.text.DebugP_shmLogReaderGetString)
                  700a7398    00000008     --HOLE-- [fill = 0]
                  700a73a0    00000178     enet-cpsw.am263px.r5f.ti-arm-clang.freertos.debug.lib : enet_rm.obj (.text.EnetRm_initRxObj)
                  700a7518    00000008     --HOLE-- [fill = 0]
                  700a7520    00000178     lwip-freertos.am263px.r5f.ti-arm-clang.debug.lib : udp.obj (.text.udp_bind)
                  700a7698    00000008     --HOLE-- [fill = 0]
                  700a76a0    00000176     enet-cpsw.am263px.r5f.ti-arm-clang.freertos.debug.lib : cpsw_macport_est.obj (.text.CpswEst_setState)
                  700a7816    0000000a     --HOLE-- [fill = 0]
                  700a7820    00000176     lwip-freertos.am263px.r5f.ti-arm-clang.debug.lib : dhcp.obj (.text.dhcp_discover)
                  700a7996    0000000a     --HOLE-- [fill = 0]
                  700a79a0    00000176                                                      : icmp.obj (.text.icmp_send_response)
                  700a7b16    0000000a     --HOLE-- [fill = 0]
                  700a7b20    00000176                                                      : sys_arch.obj (.text.sys_sem_new)
                  700a7c96    0000000a     --HOLE-- [fill = 0]
                  700a7ca0    00000174     enet-cpsw.am263px.r5f.ti-arm-clang.freertos.debug.lib : enetphy.obj (.text.EnetPhy_getLinkStatus)
                  700a7e14    0000000c     --HOLE-- [fill = 0]
                  700a7e20    00000172     board.am263px.r5f.ti-arm-clang.freertos.debug.lib : eeprom_cat24m.obj (.text.EEPROM_CAT24M_write)
                  700a7f92    0000000e     --HOLE-- [fill = 0]
                  700a7fa0    00000172     lwip-freertos.am263px.r5f.ti-arm-clang.debug.lib : ip4.obj (.text.ip4_route)
                  700a8112    0000000e     --HOLE-- [fill = 0]
                  700a8120    00000172                                                      : sys_arch.obj (.text.sys_arch_sem_wait)
                  700a8292    0000000e     --HOLE-- [fill = 0]
                  700a82a0    00000170     freertos.am263px.r5f.ti-arm-clang.debug.lib : queue.obj (.text.xQueueGiveFromISR)
                  700a8410    00000168     enet-cpsw.am263px.r5f.ti-arm-clang.freertos.debug.lib : enet_cpdma.obj (.text.EnetCpdma_rxIsrProc)
                  700a8578    00000008     --HOLE-- [fill = 0]
                  700a8580    00000168                                                           : enet_phymdio_dflt.obj (.text.EnetPhyMdioDflt_writeC45)
                  700a86e8    00000008     --HOLE-- [fill = 0]
                  700a86f0    00000166                                                           : enet_cpdma.obj (.text.EnetCpdma_openRxCh)
                  700a8856    0000000a     --HOLE-- [fill = 0]
                  700a8860    00000166     drivers.am263px.r5f.ti-arm-clang.freertos.debug.lib : i2c_v1_lld.obj (.text.I2C_lld_primeTransferIntr)
                  700a89c6    0000000a     --HOLE-- [fill = 0]
                  700a89d0    00000166     freertos.am263px.r5f.ti-arm-clang.debug.lib : TaskP_freertos.obj (.text.TaskP_assertParams)
                  700a8b36    0000000a     --HOLE-- [fill = 0]
                  700a8b40    00000166     lwip-freertos.am263px.r5f.ti-arm-clang.debug.lib : mem.obj (.text.mem_malloc)
                  700a8ca6    0000000a     --HOLE-- [fill = 0]
                  700a8cb0    00000164     board.am263px.r5f.ti-arm-clang.freertos.debug.lib : dp83869.obj (.text.Dp83869_config)
                  700a8e14    0000000c     --HOLE-- [fill = 0]
                  700a8e20    00000164     enet-cpsw.am263px.r5f.ti-arm-clang.freertos.debug.lib : enet_rm.obj (.text.EnetRm_initHwPushObj)
                  700a8f84    0000000c     --HOLE-- [fill = 0]
                  700a8f90    00000162     drivers.am263px.r5f.ti-arm-clang.freertos.debug.lib : edma.obj (.text.EDMA_unregisterIntr)
                  700a90f2    0000000e     --HOLE-- [fill = 0]
                  700a9100    00000162     enet-cpsw.am263px.r5f.ti-arm-clang.freertos.debug.lib : enet_phymdio_dflt.obj (.text.EnetPhyMdioDflt_readC45)
                  700a9262    0000000e     --HOLE-- [fill = 0]
                  700a9270    00000162     xgw_udp_interface.o (.text.xgw_udp_send_motor_states)
                  700a93d2    0000000e     --HOLE-- [fill = 0]
                  700a93e0    00000160     enet-cpsw.am263px.r5f.ti-arm-clang.freertos.debug.lib : csl_cpsw.obj (.text.CSL_CPSW_setAlePortControlReg)
                  700a9540    00000160     drivers.am263px.r5f.ti-arm-clang.freertos.debug.lib : i2c_v1_lld.obj (.text.I2C_lld_init)
                  700a96a0    00000160     lwip-freertos.am263px.r5f.ti-arm-clang.debug.lib : inet_chksum.obj (.text.inet_cksum_pseudo_partial_base)
                  700a9800    0000015e                                                      : dhcp.obj (.text.dhcp_renew)
                  700a995e    00000002     --HOLE-- [fill = 0]
                  700a9960    0000015e     xgw_udp_interface.o (.text.xgw_udp_start)
                  700a9abe    00000002     --HOLE-- [fill = 0]
                  700a9ac0    0000015c     enet-cpsw.am263px.r5f.ti-arm-clang.freertos.debug.lib : enet_cpdma.obj (.text.EnetCpdma_txIsr)
                  700a9c1c    00000004     --HOLE-- [fill = 0]
                  700a9c20    0000015c                                                           : enet_rm.obj (.text.EnetRm_initMacObj)
                  700a9d7c    00000004     --HOLE-- [fill = 0]
                  700a9d80    0000015c     main.o (.text.build_and_send_udp_packet)
                  700a9edc    00000004     --HOLE-- [fill = 0]
                  700a9ee0    0000015c     lwip-freertos.am263px.r5f.ti-arm-clang.debug.lib : dhcp.obj (.text.dhcp_rebind)
                  700aa03c    00000004     --HOLE-- [fill = 0]
                  700aa040    0000015c     freertos.am263px.r5f.ti-arm-clang.debug.lib : tasks.obj (.text.prvAddNewTaskToReadyList)
                  700aa19c    00000004     --HOLE-- [fill = 0]
                  700aa1a0    0000015c                                                 : tasks.obj (.text.xTaskPriorityInherit)
                  700aa2fc    00000004     --HOLE-- [fill = 0]
                  700aa300    0000015a     enet-cpsw.am263px.r5f.ti-arm-clang.freertos.debug.lib : enet_cpdma.obj (.text.EnetCpdma_netChOpen)
                  700aa45a    00000006     --HOLE-- [fill = 0]
                  700aa460    0000015a     lwip-freertos.am263px.r5f.ti-arm-clang.debug.lib : dhcp.obj (.text.dhcp_start)
                  700aa5ba    00000006     --HOLE-- [fill = 0]
                  700aa5c0    00000158     enet-cpsw.am263px.r5f.ti-arm-clang.freertos.debug.lib : cpsw_ale.obj (.text.CpswAle_initCfg)
                  700aa718    00000008     --HOLE-- [fill = 0]
                  700aa720    00000158     ti_enet_config.o (.text.EnetApp_initializeMacAddrPool)
                  700aa878    00000008     --HOLE-- [fill = 0]
                  700aa880    00000158     enet-cpsw.am263px.r5f.ti-arm-clang.freertos.debug.lib : enet_phymdio_dflt.obj (.text.EnetPhyMdioDflt_writeC22)
                  700aa9d8    00000008     --HOLE-- [fill = 0]
                  700aa9e0    00000158     drivers.am263px.r5f.ti-arm-clang.freertos.debug.lib : soc.obj (.text.SOC_controlModuleUnlockMMR)
                  700aab38    00000008     --HOLE-- [fill = 0]
                  700aab40    00000158     lwip-freertos.am263px.r5f.ti-arm-clang.debug.lib : dhcp.obj (.text.dhcp_handle_ack)
                  700aac98    00000008     --HOLE-- [fill = 0]
                  700aaca0    00000158                                                      : etharp.obj (.text.etharp_tmr)
                  700aadf8    00000008     --HOLE-- [fill = 0]
                  700aae00    00000152     drivers.am263px.r5f.ti-arm-clang.freertos.debug.lib : uart_v0_lld.obj (.text.UART_lld_initDma)
                  700aaf52    0000000e     --HOLE-- [fill = 0]
                  700aaf60    00000150     enet-cpsw.am263px.r5f.ti-arm-clang.freertos.debug.lib : enet_phymdio_dflt.obj (.text.EnetPhyMdioDflt_readC22)
                  700ab0b0    00000150                                                           : enet_rm.obj (.text.EnetRm_delCoreAttached)
                  700ab200    0000014e     lwip-freertos.am263px.r5f.ti-arm-clang.debug.lib : sys_arch.obj (.text.sys_arch_unprotect)
                  700ab34e    00000002     --HOLE-- [fill = 0]
                  700ab350    0000014e     freertos.am263px.r5f.ti-arm-clang.debug.lib : tasks.obj (.text.xTaskPriorityDisinherit)
                  700ab49e    00000002     --HOLE-- [fill = 0]
                  700ab4a0    0000014c                                                 : queue.obj (.text.xQueueReceiveFromISR)
                  700ab5ec    00000004     --HOLE-- [fill = 0]
                  700ab5f0    00000148     enet-cpsw.am263px.r5f.ti-arm-clang.freertos.debug.lib : cpsw_ale.obj (.text.CpswAle_setPolicerPartitionLevel)
                  700ab738    00000008     --HOLE-- [fill = 0]
                  700ab740    00000148     lwip-freertos.am263px.r5f.ti-arm-clang.debug.lib : netif.obj (.text.netif_set_addr)
                  700ab888    00000008     --HOLE-- [fill = 0]
                  700ab890    00000148                                                      : udp.obj (.text.udp_sendto)
                  700ab9d8    00000008     --HOLE-- [fill = 0]
                  700ab9e0    00000146     enet-cpsw.am263px.r5f.ti-arm-clang.freertos.debug.lib : cpsw_ioctl.obj (.text.Cpsw_closePortLink)
                  700abb26    0000000a     --HOLE-- [fill = 0]
                  700abb30    00000144     freertos.am263px.r5f.ti-arm-clang.debug.lib : tasks.obj (.text.prvInitialiseNewTask)
                  700abc74    00000144     libc.a : setvbuf.c.obj (.text.setvbuf)
                  700abdb8    00000008     --HOLE-- [fill = 0]
                  700abdc0    00000144     lwip-freertos.am263px.r5f.ti-arm-clang.debug.lib : tcp.obj (.text.tcp_close_shutdown_fin)
                  700abf04    0000000c     --HOLE-- [fill = 0]
                  700abf10    00000142     enet-cpsw.am263px.r5f.ti-arm-clang.freertos.debug.lib : cpsw_ale_ioctl.obj (.text.CpswAle_delPortUcastEntries)
                  700ac052    0000000e     --HOLE-- [fill = 0]
                  700ac060    00000140     lwip-freertos.am263px.r5f.ti-arm-clang.debug.lib : pbuf.obj (.text.pbuf_cat)
                  700ac1a0    0000013e     enet-cpsw.am263px.r5f.ti-arm-clang.freertos.debug.lib : csl_cpsw_ale_9g_tblcfg.obj (.text.CSL_CPSW_setAleVlanUnicastAddrEntry)
                  700ac2de    00000002     --HOLE-- [fill = 0]
                  700ac2e0    0000013e                                                           : enet_cpdma.obj (.text.EnetCpdma_openTxCh)
                  700ac41e    00000002     --HOLE-- [fill = 0]
                  700ac420    0000013e     drivers.am263px.r5f.ti-arm-clang.freertos.debug.lib : i2c_v1.obj (.text.I2C_mem_primeTransfer)
                  700ac55e    00000002     --HOLE-- [fill = 0]
                  700ac560    0000013e     lwip-freertos.am263px.r5f.ti-arm-clang.debug.lib : pbuf.obj (.text.pbuf_copy_partial)
                  700ac69e    00000002     --HOLE-- [fill = 0]
                  700ac6a0    0000013a     board.am263px.r5f.ti-arm-clang.freertos.debug.lib : dp83869.obj (.text.Dp83869_enableAdvertisement)
                  700ac7da    00000006     --HOLE-- [fill = 0]
                  700ac7e0    0000013a     drivers.am263px.r5f.ti-arm-clang.freertos.debug.lib : edma.obj (.text.EDMA_isDmaChannelAllocated)
                  700ac91a    00000006     --HOLE-- [fill = 0]
                  700ac920    0000013a     enet-cpsw.am263px.r5f.ti-arm-clang.freertos.debug.lib : enet_phymdio_dflt.obj (.text.EnetPhyMdioDflt_isAlive)
                  700aca5a    00000006     --HOLE-- [fill = 0]
                  700aca60    0000013a                                                           : enet_phymdio_dflt.obj (.text.EnetPhyMdioDflt_isLinked)
                  700acb9a    00000006     --HOLE-- [fill = 0]
                  700acba0    0000013a                                                           : enet.obj (.text.Enet_ioctl)
                  700accda    00000006     --HOLE-- [fill = 0]
                  700acce0    0000013a     board.am263px.r5f.ti-arm-clang.freertos.debug.lib : generic_phy.obj (.text.GenericPhy_enableAdvertisement)
                  700ace1a    00000006     --HOLE-- [fill = 0]
                  700ace20    0000013a     drivers.am263px.r5f.ti-arm-clang.freertos.debug.lib : i2c_v1_lld.obj (.text.I2C_lld_mem_write)
                  700acf5a    00000006     --HOLE-- [fill = 0]
                  700acf60    0000013a     lwip-freertos.am263px.r5f.ti-arm-clang.debug.lib : dhcp.obj (.text.dhcp_release_and_stop)
                  700ad09a    00000006     --HOLE-- [fill = 0]
                  700ad0a0    00000138     enet-cpsw.am263px.r5f.ti-arm-clang.freertos.debug.lib : cpsw_cpts_ioctl.obj (.text.CpswCpts_ioctl_handler_CPSW_CPTS_IOCTL_SET_ESTF)
                  700ad1d8    00000008     --HOLE-- [fill = 0]
                  700ad1e0    00000138     freertos.am263px.r5f.ti-arm-clang.debug.lib : printf.obj (.text._ntoa_long_long)
                  700ad318    00000008     --HOLE-- [fill = 0]
                  700ad320    00000136     board.am263px.r5f.ti-arm-clang.freertos.debug.lib : dp83869.obj (.text.Dp83869_disableAdvertisement)
                  700ad456    0000000a     --HOLE-- [fill = 0]
                  700ad460    00000136     enet-cpsw.am263px.r5f.ti-arm-clang.freertos.debug.lib : enet_appmemutils.obj (.text.EnetMem_initMemObjs)
                  700ad596    0000000a     --HOLE-- [fill = 0]
                  700ad5a0    00000136     board.am263px.r5f.ti-arm-clang.freertos.debug.lib : generic_phy.obj (.text.GenericPhy_disableAdvertisement)
                  700ad6d6    0000000a     --HOLE-- [fill = 0]
                  700ad6e0    00000136     drivers.am263px.r5f.ti-arm-clang.freertos.debug.lib : uart_v0_lld.obj (.text.UART_procLineStatusErr)
                  700ad816    0000000a     --HOLE-- [fill = 0]
                  700ad820    00000136     lwip-freertos.am263px.r5f.ti-arm-clang.debug.lib : tcp_out.obj (.text.tcp_rst_common)
                  700ad956    0000000a     --HOLE-- [fill = 0]
                  700ad960    00000134     drivers.am263px.r5f.ti-arm-clang.freertos.debug.lib : edma.obj (.text.EDMA_registerIntr)
                  700ada94    0000000c     --HOLE-- [fill = 0]
                  700adaa0    00000134                                                         : uart_v0_lld.obj (.text.UART_writePolling)
                  700adbd4    0000000c     --HOLE-- [fill = 0]
                  700adbe0    00000134     freertos.am263px.r5f.ti-arm-clang.debug.lib : tasks.obj (.text.vTaskDelete)
                  700add14    0000000c     --HOLE-- [fill = 0]
                  700add20    00000132     enet-cpsw.am263px.r5f.ti-arm-clang.freertos.debug.lib : csl_cpsw_ale_9g_tblcfg.obj (.text.CSL_CPSW_setAleVlanMcastAddrEntry)
                  700ade52    0000000e     --HOLE-- [fill = 0]
                  700ade60    00000132                                                           : cpsw.obj (.text.Cpsw_dmaMiscIsr)
                  700adf92    0000000e     --HOLE-- [fill = 0]
                  700adfa0    00000130                                                           : csl_cpsw_ale_9g_tblcfg.obj (.text.CSL_CPSW_setAleUnicastAddrEntry)
                  700ae0d0    00000130                                                           : enet.obj (.text.EnetPer_open)
                  700ae200    0000012e     lwip-freertos.am263px.r5f.ti-arm-clang.debug.lib : igmp.obj (.text.igmp_send)
                  700ae32e    00000002     --HOLE-- [fill = 0]
                  700ae330    0000012c     enet-cpsw.am263px.r5f.ti-arm-clang.freertos.debug.lib : enet_osal.obj (.text.EnetOsal_registerIntr)
                  700ae45c    00000004     --HOLE-- [fill = 0]
                  700ae460    0000012c                                                           : enet_rm.obj (.text.EnetRm_validateResPartInfo)
                  700ae58c    00000004     --HOLE-- [fill = 0]
                  700ae590    0000012c     drivers.am263px.r5f.ti-arm-clang.freertos.debug.lib : i2c_v1_lld.obj (.text.I2C_lld_mem_read)
                  700ae6bc    00000004     --HOLE-- [fill = 0]
                  700ae6c0    0000012c                                                         : uart_v0_lld.obj (.text.UART_lld_init)
                  700ae7ec    00000004     --HOLE-- [fill = 0]
                  700ae7f0    0000012c     freertos.am263px.r5f.ti-arm-clang.debug.lib : tasks.obj (.text.ulTaskGenericNotifyTake)
                  700ae91c    00000004     --HOLE-- [fill = 0]
                  700ae920    0000012a     enet-cpsw.am263px.r5f.ti-arm-clang.freertos.debug.lib : enet_utils.obj (.text.EnetUtils_macToPhyMii)
                  700aea4a    00000006     --HOLE-- [fill = 0]
                  700aea50    00000128                                                           : enet_cpdmautils.obj (.text.EnetAppUtils_isDescCached)
                  700aeb78    00000008     --HOLE-- [fill = 0]
                  700aeb80    00000128     drivers.am263px.r5f.ti-arm-clang.freertos.debug.lib : i2c_v1_lld.obj (.text.I2C_lld_mem_writeIntr)
                  700aeca8    00000008     --HOLE-- [fill = 0]
                  700aecb0    00000128     freertos.am263px.r5f.ti-arm-clang.debug.lib : port.obj (.text.pxPortInitialiseStack)
                  700aedd8    00000008     --HOLE-- [fill = 0]
                  700aede0    00000126     drivers.am263px.r5f.ti-arm-clang.freertos.debug.lib : soc.obj (.text.SOC_controlModuleLockMMR)
                  700aef06    0000000a     --HOLE-- [fill = 0]
                  700aef10    00000126     lwip-freertos.am263px.r5f.ti-arm-clang.debug.lib : pbuf.obj (.text.pbuf_take_at)
                  700af036    0000000a     --HOLE-- [fill = 0]
                  700af040    00000126                                                      : timeouts.obj (.text.sys_timeout_abs)
                  700af166    0000000a     --HOLE-- [fill = 0]
                  700af170    00000124     enet-cpsw.am263px.r5f.ti-arm-clang.freertos.debug.lib : csl_cpsw_ale_9g_tblcfg.obj (.text.CSL_CPSW_setAleMcastAddrEntry)
                  700af294    0000000c     --HOLE-- [fill = 0]
                  700af2a0    00000124                                                           : cpsw_ale.obj (.text.CpswAle_setIoctlHandlerFxn)
                  700af3c4    0000000c     --HOLE-- [fill = 0]
                  700af3d0    00000124                                                           : cpsw_cpts.obj (.text.CpswCpts_setIoctlHandlerFxn)
                  700af4f4    0000000c     --HOLE-- [fill = 0]
                  700af500    00000124                                                           : cpsw_hostport.obj (.text.CpswHostPort_setIoctlHandlerFxn)
                  700af624    0000000c     --HOLE-- [fill = 0]
                  700af630    00000124                                                           : cpsw_macport_est.obj (.text.CpswMacPortEst_setIoctlHandlerFxn)
                  700af754    0000000c     --HOLE-- [fill = 0]
                  700af760    00000124                                                           : cpsw_macport.obj (.text.CpswMacPort_setIoctlHandlerFxn)
                  700af884    0000000c     --HOLE-- [fill = 0]
                  700af890    00000124                                                           : cpsw_stats.obj (.text.CpswStats_setIoctlHandlerFxn)
                  700af9b4    0000000c     --HOLE-- [fill = 0]
                  700af9c0    00000124                                                           : cpsw.obj (.text.Cpsw_initCfg)
                  700afae4    0000000c     --HOLE-- [fill = 0]
                  700afaf0    00000124                                                           : cpsw.obj (.text.Cpsw_setIoctlHandlerFxn)
                  700afc14    0000000c     --HOLE-- [fill = 0]
                  700afc20    00000124                                                           : enet_phymdio_dflt.obj (.text.EnetPhyMdioDflt_setIoctlHandlerFxn)
                  700afd44    0000000c     --HOLE-- [fill = 0]
                  700afd50    00000124                                                           : enet_rm.obj (.text.EnetRm_setIoctlHandlerFxn)
                  700afe74    0000000c     --HOLE-- [fill = 0]
                  700afe80    00000124                                                           : mdio.obj (.text.Mdio_setIoctlHandlerFxn)
                  700affa4    0000000c     --HOLE-- [fill = 0]
                  700affb0    00000122                                                           : cpsw_ale_ioctl.obj (.text.CpswAle_addUcastAddr)
                  700b00d2    0000000e     --HOLE-- [fill = 0]
                  700b00e0    00000120                                                           : cpsw_est.obj (.text.CpswEst_setIoctlHandlerFxn)
                  700b0200    00000120                                                           : enet_rm_ioctl.obj (.text.EnetRm_allocInternalRxFlowIdx)
                  700b0320    00000120                                                           : mdio_manual_ioctl.obj (.text.Mdio_manualModePhyRegRead22)
                  700b0440    00000120     drivers.am263px.r5f.ti-arm-clang.freertos.debug.lib : soc_rcm.obj (.text.SOC_rcmGetPeripheralClockFrequency)
                  700b0560    0000011e     enet-cpsw.am263px.r5f.ti-arm-clang.freertos.debug.lib : mdio_manual_ioctl.obj (.text.Mdio_manualModePhyRegValReadC45)
                  700b067e    00000002     --HOLE-- [fill = 0]
                  700b0680    0000011e     lwip-freertos.am263px.r5f.ti-arm-clang.debug.lib : pbuf.obj (.text.pbuf_add_header_impl)
                  700b079e    00000002     --HOLE-- [fill = 0]
                  700b07a0    0000011e     freertos.am263px.r5f.ti-arm-clang.debug.lib : tasks.obj (.text.xTaskDelayUntil)
                  700b08be    00000002     --HOLE-- [fill = 0]
                  700b08c0    0000011c     enet-cpsw.am263px.r5f.ti-arm-clang.freertos.debug.lib : csl_cpsw_ale_9g_tblcfg.obj (.text.CSL_CPSW_setAleVlanEntry)
                  700b09dc    00000004     --HOLE-- [fill = 0]
                  700b09e0    0000011c     ti_enet_open_close.o (.text.EnetAppUtils_openRxCh)
                  700b0afc    00000004     --HOLE-- [fill = 0]
                  700b0b00    0000011c     enet-cpsw.am263px.r5f.ti-arm-clang.freertos.debug.lib : enet_cpdma.obj (.text.EnetCpdma_setSOPInfo)
                  700b0c1c    00000004     --HOLE-- [fill = 0]
                  700b0c20    0000011c                                                           : enet_utils.obj (.text.EnetUtils_delayNs)
                  700b0d3c    00000004     --HOLE-- [fill = 0]
                  700b0d40    0000011c                                                           : mdio_ioctl.obj (.text.Mdio_writeRegC45)
                  700b0e5c    00000004     --HOLE-- [fill = 0]
                  700b0e60    0000011c     drivers.am263px.r5f.ti-arm-clang.freertos.debug.lib : uart_dma_edma.obj (.text.UART_lld_dmaRead)
                  700b0f7c    00000004     --HOLE-- [fill = 0]
                  700b0f80    0000011c     lwip-freertos.am263px.r5f.ti-arm-clang.debug.lib : tcp_out.obj (.text.tcp_rexmit_rto_prepare)
                  700b109c    00000004     --HOLE-- [fill = 0]
                  700b10a0    0000011a     enet-cpsw.am263px.r5f.ti-arm-clang.freertos.debug.lib : csl_cpsw_ale_9g_tblcfg.obj (.text.CSL_CPSW_setAleOutVlanEntry)
                  700b11ba    00000006     --HOLE-- [fill = 0]
                  700b11c0    0000011a                                                           : enetphy.obj (.text.EnetPhy_setupManual)
                  700b12da    00000006     --HOLE-- [fill = 0]
                  700b12e0    0000011a     drivers.am263px.r5f.ti-arm-clang.freertos.debug.lib : i2c_v1_lld.obj (.text.I2C_lld_mem_readIntr)
                  700b13fa    00000006     --HOLE-- [fill = 0]
                  700b1400    00000118     enet-cpsw.am263px.r5f.ti-arm-clang.freertos.debug.lib : enetphy.obj (.text.EnetPhy_resetWaitState)
                  700b1518    00000008     --HOLE-- [fill = 0]
                  700b1520    00000118                                                           : enetphy.obj (.text.EnetPhy_setupNway)
                  700b1638    00000008     --HOLE-- [fill = 0]
                  700b1640    00000118     lwip-freertos.am263px.r5f.ti-arm-clang.debug.lib : sys_arch.obj (.text.sys_mbox_trypost)
                  700b1758    00000008     --HOLE-- [fill = 0]
                  700b1760    00000118                                                      : tcp.obj (.text.tcp_process_refused_data)
                  700b1878    00000008     --HOLE-- [fill = 0]
                  700b1880    00000118                                                      : tcp.obj (.text.tcp_update_rcv_ann_wnd)
                  700b1998    00000118     libclang_rt.builtins.a : udivmoddi4.S.obj (.text)
                  700b1ab0    00000116     drivers.am263px.r5f.ti-arm-clang.freertos.debug.lib : edma.obj (.text.EDMA_isTccAllocated)
                  700b1bc6    0000000a     --HOLE-- [fill = 0]
                  700b1bd0    00000116     enet-cpsw.am263px.r5f.ti-arm-clang.freertos.debug.lib : mdio_ioctl.obj (.text.Mdio_handleIntr)
                  700b1ce6    0000000a     --HOLE-- [fill = 0]
                  700b1cf0    00000116     drivers.am263px.r5f.ti-arm-clang.freertos.debug.lib : uart_v0_lld.obj (.text.UART_divisorLatchWrite)
                  700b1e06    0000000a     --HOLE-- [fill = 0]
                  700b1e10    00000114     freertos.am263px.r5f.ti-arm-clang.debug.lib : printf.obj (.text._ntoa_long)
                  700b1f24    0000000c     --HOLE-- [fill = 0]
                  700b1f30    00000112     enet-cpsw.am263px.r5f.ti-arm-clang.freertos.debug.lib : enetphy.obj (.text.EnetPhy_tick)
                  700b2042    0000000e     --HOLE-- [fill = 0]
                  700b2050    00000110     freertos.am263px.r5f.ti-arm-clang.debug.lib : DebugP_shmLogReader.obj (.text.DebugP_shmLogRead)
                  700b2160    00000110                                                 : DebugP_shmLogReader.obj (.text.DebugP_shmLogReaderTaskMain)
                  700b2270    00000110     enet-cpsw.am263px.r5f.ti-arm-clang.freertos.debug.lib : enetphy.obj (.text.EnetPhy_rmwReg)
                  700b2380    00000110     xgw_udp_interface.o (.text.xgw_udp_recv_callback)
                  700b2490    0000010e     enet-cpsw.am263px.r5f.ti-arm-clang.freertos.debug.lib : enet_cpdma.obj (.text.EnetCpdma_initRxChannel)
                  700b259e    00000002     --HOLE-- [fill = 0]
                  700b25a0    0000010e     drivers.am263px.r5f.ti-arm-clang.freertos.debug.lib : soc_rcm.obj (.text.SOC_rcmADPLLJGetFOut)
                  700b26ae    00000002     --HOLE-- [fill = 0]
                  700b26b0    0000010e     lwip-freertos.am263px.r5f.ti-arm-clang.debug.lib : netif.obj (.text.netif_do_set_ipaddr)
                  700b27be    00000002     --HOLE-- [fill = 0]
                  700b27c0    0000010e                                                      : udp.obj (.text.udp_sendto_if)
                  700b28ce    00000002     --HOLE-- [fill = 0]
                  700b28d0    0000010e     freertos.am263px.r5f.ti-arm-clang.debug.lib : queue.obj (.text.xQueueGenericReset)
                  700b29de    00000002     --HOLE-- [fill = 0]
                  700b29e0    0000010c     enet-cpsw.am263px.r5f.ti-arm-clang.freertos.debug.lib : enet_cpdma.obj (.text.EnetCpdma_initTxChannel)
                  700b2aec    00000004     --HOLE-- [fill = 0]
                  700b2af0    0000010c     lwip-freertos.am263px.r5f.ti-arm-clang.debug.lib : sys_arch.obj (.text.sys_arch_protect)
                  700b2bfc    00000004     --HOLE-- [fill = 0]
                  700b2c00    0000010c                                                      : udp.obj (.text.udp_connect)
                  700b2d0c    00000004     --HOLE-- [fill = 0]
                  700b2d10    0000010a     enet-cpsw.am263px.r5f.ti-arm-clang.freertos.debug.lib : csl_cpsw.obj (.text.CSL_CPSW_setCpswControlReg)
                  700b2e1a    00000006     --HOLE-- [fill = 0]
                  700b2e20    0000010a     drivers.am263px.r5f.ti-arm-clang.freertos.debug.lib : ipc_notify_v1.obj (.text.IpcNotify_sendMsg)
                  700b2f2a    00000006     --HOLE-- [fill = 0]
                  700b2f30    00000108     lwip-freertos.am263px.r5f.ti-arm-clang.debug.lib : sys_arch.obj (.text.sys_mbox_new)
                  700b3038    00000008     --HOLE-- [fill = 0]
                  700b3040    00000108                                                      : tcp_out.obj (.text.tcp_output_alloc_header_common)
                  700b3148    00000008     --HOLE-- [fill = 0]
                  700b3150    00000106     enet-cpsw.am263px.r5f.ti-arm-clang.freertos.debug.lib : enet_rm.obj (.text.EnetRm_initTxObj)
                  700b3256    0000000a     --HOLE-- [fill = 0]
                  700b3260    00000106     freertos.am263px.r5f.ti-arm-clang.debug.lib : tasks.obj (.text.prvAddCurrentTaskToDelayedList)
                  700b3366    0000000a     --HOLE-- [fill = 0]
                  700b3370    00000104     enet-cpsw.am263px.r5f.ti-arm-clang.freertos.debug.lib : csl_cpsw.obj (.text.CSL_CPSW_setPortEstConfig)
                  700b3474    0000000c     --HOLE-- [fill = 0]
                  700b3480    00000104     drivers.am263px.r5f.ti-arm-clang.freertos.debug.lib : i2c_v1.obj (.text.I2C_close)
                  700b3584    0000000c     --HOLE-- [fill = 0]
                  700b3590    00000104                                                         : uart_v0_lld.obj (.text.UART_configInstance)
                  700b3694    0000000c     --HOLE-- [fill = 0]
                  700b36a0    00000100     enet-cpsw.am263px.r5f.ti-arm-clang.freertos.debug.lib : enet_osal.obj (.text.EnetOsal_createMutex)
                  700b37a0    00000100                                                           : enetphy.obj (.text.EnetPhy_getId)
                  700b38a0    000000fe                                                           : cpsw_stats.obj (.text.CpswStats_resetMacStats)
                  700b399e    00000002     --HOLE-- [fill = 0]
                  700b39a0    000000fe     lwip-freertos.am263px.r5f.ti-arm-clang.debug.lib : tcp_out.obj (.text.tcp_send_empty_ack)
[...]
700cf621  vListInitialiseItem                                                    
700cf631  vTaskMissedYield                                                       
700cf641  CSL_CPSW_getAleControlReg                                              
700cf651  CSL_CPSW_getAleIPv6LowEntryIndex                                       
700cf661  CSL_MDIO_getClause45EnableMask                                         
700cf671  CSL_MDIO_getPollEnableMask                                             
700cf691  Drivers_open                                                           
700cf6a1  EnetAppUtils_enableClocks                                              
700cf6b1  EnetAppUtils_isPrintSupported                                          
700cf6c1  EnetSoc_getCoreId                                                      
700cf701  PhyPriv_getPhyAddr                                                     
700cf711  PhyPriv_getRegAccessApi                                                
700cf721  PowerClock_init                                                        
700cf731  dns_tmr                                                                
700cf741  uxTaskGetNumberOfTasks                                                 
700cf751  EnetCpdmaMem_getCfg                                                    
700cf771  EnetMem_getCfg                                                         
700cf781  EnetPhyMdioDflt_getPhyMdio                                             
700cf7c1  TaskP_exit                                                             
700cf821  vApplicationIdleHook                                                   
700cf831  Drivers_uartInit                                                       
700cf841  EnetOsal_disableAllIntr                                                
700cf871  EnetBoard_getId                                                        
700cf881  EnetSoc_getEnetNum                                                     
700cf891  TaskP_yield                                                            
700cf8a1  Board_init                                                             
700cf8c1  IpcNotify_wait                                                         
700cf8e1  mem_init                                                               
700cf8f1  netif_init                                                             
700cf911  vPortConfigTimerForRunTimeStats                                        
700cf921  vPortValidateInterruptPriority                                         
700d00ee  gCR5ClkSrcInfoMap                                                      
700d00f0  gCacheConfig                                                           
700d00f8  gMpuConfig                                                             
700d0104  gMpuRegionConfig                                                       
700d0314  gMpuRegionSizeInBytes                                                  
700d15cc  memp_pools                                                             
700d1fc2  ethbroadcast                                                           
700d23f4  gADPLLJConfigTbl                                                       
700d2ae0  lwip_cyclic_timers                                                     
700d5a98  I2C_defaultTransaction                                                 
700da92c  I2C_lld_defaultMessage                                                 
700daa34  gPeripheralClkSrcInfoMap                                               
700db8d0  memp_ALTCP_PCB                                                         
700db8e4  memp_ARP_QUEUE                                                         
700db8f8  memp_FRAG_PBUF                                                         
700db90c  memp_IGMP_GROUP                                                        
700db920  memp_NETBUF                                                            
700db934  memp_NETCONN                                                           
700db948  memp_NETDB                                                             
700db95c  memp_PBUF                                                              
700db970  memp_PBUF_POOL                                                         
700db984  memp_POOL_128                                                          
700db998  memp_POOL_1568                                                         
700db9ac  memp_POOL_4096                                                         
700db9c0  memp_RAW_PCB                                                           
700db9d4  memp_REASSDATA                                                         
700db9e8  memp_SYS_MBOX                                                          
700db9fc  memp_SYS_TIMEOUT                                                       
700dba10  memp_TCPIP_MSG_API                                                     
700dba24  memp_TCPIP_MSG_INPKT                                                   
700dba38  memp_TCP_PCB                                                           
700dba4c  memp_TCP_PCB_LISTEN                                                    
700dba60  memp_TCP_SEG                                                           
700dba74  memp_UDP_PCB                                                           
700dc8c0  tcp_pcb_lists                                                          
700dcda4  g_EnetApp_dmaChParams                                                  
700dd190  gEnetPhyDrvTbl                                                         
700dd1a0  gXTALInfo                                                              
700dd240  ethzero                                                                
700dd350  gCacheL1dCacheLineSize                                                 
700dd354  gCacheL1pCacheLineSize                                                 
700dd358  ip_addr_any                                                            
700dd35c  ip_addr_broadcast                                                      
700dd3a0  gEdmaConfig                                                            
700dd3a0  gEnetSoc_cpsw3g                                                        
700dd3a0  gUartDmaHandle                                                         
700def00  gEnetSoc_dmaObj                                                        
700e09e8  gEnetSoc_cpsw3gMacObj                                                  
700e0d88  gEnetCpswCfg                                                           
700e1854  gEnetPhyDrvDp83869                                                     
700e1958  gEnetPhyDrvGeneric                                                     
700e1a5c  gIpcNotifyMailboxConfig                                                
700e1c54  _ftable                                                                
700e2814  _device                                                                
700e2b64  gUartParams                                                            
700e2c60  _stream                                                                
700e2dfc  FreeRTOS_errno                                                         
700e2e00  gEnetSoc_cpsw3gSocCfg                                                  
700e2e68  gEnetMacAddrPool                                                       
700e2e98  gSocModulesClockFrequency                                              
700e2ee8  gClockConfig                                                           
700e2f48  gDmaCfg                                                                
700e2fc0  gIpcNotifyInterruptConfig_r5fss0_0                                     
700e3004  Cpsw_gSpeedNames                                                       
700e3014  gEepromFxns_CAT24M                                                     
700e3024  gIpcNotifyCoreIntrBitPos                                               
700e3034  gSocModules                                                            
700e3044  Cpsw_gDuplexNames                                                      
700e3050  gAddrTranslateConfig                                                   
700e3068  gEepromAttrs_CAT24M                                                    
700e3074  gEepromConfig                                                          
700e3080  gEnetSoc_perObj                                                        
700e308c  gI2cParams                                                             
700e3098  __TI_cleanup_ptr                                                       
700e309c  __TI_dtors_ptr                                                         
700e30a0  gEepromParams                                                          
700e30a8  gI2cConfig                                                             
700e30b8  gUartConfig                                                            
700e30d0  __TI_ft_end                                                            
700e30d4  _lock                                                                  
700e30d8  _unlock                                                                
700e30e4  gDebugLogZone                                                          
700e30e8  gDebugP_uartDrvIndex                                                   
700e30ec  gEdmaConfigNum                                                         
700e30f0  gEepromConfigNum                                                       
700e30f4  gEnetOsalHwiAllocCnt                                                   
700e30f8  gEnetOsalHwiPeak                                                       
700e30fc  gEnetOsalSemAllocCnt                                                   
700e3100  gEnetOsalSemPeak                                                       
700e3104  gHwiConfig                                                             
700e3108  gI2cConfigNum                                                          
700e310c  gIpcNotifyInterruptConfigNum_r5fss0_0                                  
700e3110  gIpcTask                                                               
700e3114  gLogReaderTask                                                         
700e3118  gMainTask                                                              
700e311c  gUartConfigNum                                                         
700e3120  gUartDmaChConfig                                                       
700e3124  gUdpRxTask                                                             
700e3128  gUdpTxTask                                                             
700e3148  pxCurrentTCB                                                           
700e314c  ulPortInterruptNesting                                                 
700e3150  ulPortSchedularRunning                                                 
700e3154  ulPortTaskHasFPUContext                                                
700e3158  ulPortYieldRequired                                                    
700e31b5  gEnetTrace_runtimeLevel                                                
700e31b6  isMapAvailable                                                         
700e31c1  HwiP_enableInt                                                         
700e3201  HwiP_disableInt                                                        
700e3261  HwiP_restoreInt                                                        
700e3291  HwiP_clearInt                                                          
700e32d1  HwiP_post                                                              
700e3311  HwiP_Params_init                                                       
700e3341  HwiP_construct                                                         
700e3531  HwiP_destruct                                                          
700e35a1  HwiP_init                                                              
700e3751  HwiP_inISR                                                             
700e3781  HwiP_setVimIrqPriMaskNonAtomic                                         
700e37d1  HwiP_setVimIrqPriMaskAtomic                                            
700e3871  HwiP_restoreVimIrqPriMask                                              
700e3881  HwiP_irq_handler_c                                                     
700e3a21  HwiP_fiq_handler                                                       
700e3b91  HwiP_reserved_handler                                                  
700e3bd1  HwiP_undefined_handler_c                                               
700e3bf1  HwiP_user_undefined_handler_c                                          
700e3c11  HwiP_prefetch_abort_handler_c                                          
700e3cb1  HwiP_user_prefetch_abort_handler_c                                     
700e3cf1  HwiP_data_abort_handler_c                                              
700e3db1  HwiP_user_data_abort_handler_c                                         
700e3dec  vPortRestoreTaskContext                                                
700e3e24  HwiP_svc_handler                                                       
700e3e94  HwiP_irq_handler                                                       
700e3fd8  HwiP_data_abort_handler                                                
700e401c  HwiP_prefetch_abort_handler                                            
700e4068  HwiP_undefined_handler                                                 
700e4098  GET_DFSR                                                               
700e40a0  GET_ADFSR                                                              
700e40a8  GET_DFAR                                                               
700e40b0  GET_IFSR                                                               
700e40b8  GET_AIFSR                                                              
700e40c0  GET_IFAR                                                               
700e40c8  GET_SPSR                                                               
700e40dc  HwiP_disable                                                           
700e40ec  HwiP_disableFIQ                                                        
700e40fc  HwiP_enable                                                            
700e410c  HwiP_enableFIQ                                                         
700e411c  HwiP_restore                                                           
700e4124  HwiP_enableVIC                                                         
700e4134  HwiP_disableVIC                                                        
700e4144  HwiP_getCPSR                                                           
700e4150  CacheP_disableL1d                                                      
700e4178  CacheP_disableL1p                                                      
700e4190  CacheP_enableL1d                                                       
700e41a8  CacheP_enableL1p                                                       
700e41c0  CacheP_invL1d                                                          
700e41f8  CacheP_invL1p                                                          
700e4234  CacheP_invL1dAll                                                       
700e423c  CacheP_invL1pAll                                                       
700e4244  CacheP_wb                                                              
700e4280  CacheP_wbInv                                                           
700e42bc  CacheP_wbAll                                                           
700e4364  CacheP_wbInvAll                                                        
700e437c  CacheP_wbInvAllAsm                                                     
700e441c  CacheP_getEnabled                                                      
700e4454  CacheP_getCacheLevelInfo                                               
700e4460  CacheP_configForceWrThru                                               
700e4480  CacheP_setDLFO                                                         
700e4491  CacheP_init                                                            
700e4521  CacheP_disable                                                         
700e4571  CacheP_enable                                                          
700e45b1  CacheP_inv                                                             
700e45f1  MpuP_getAttrs                                                          
700e4651  MpuP_RegionAttrs_init                                                  
700e4681  MpuP_setRegion                                                         
700e4711  MpuP_isEnable                                                          
700e4721  MpuP_disable                                                           
700e4761  MpuP_enable                                                            
700e47b1  MpuP_init                                                              
700e4851  MpuP_isUserAuthorizedToAccessMemory                                    
700e4930  MpuP_disableAsm                                                        
700e4948  MpuP_disableBRAsm                                                      
700e4958  MpuP_enableAsm                                                         
700e4970  MpuP_enableBRAsm                                                       
700e4980  MpuP_isEnableAsm                                                       
700e4994  MpuP_setRegionAsm                                                      
700e49b0  _c_int00_sbl                                                           
700e49d4  _c_int00                                                               
700e4b01  _DebugP_assertNoLog                                                    
700e4b31  _system_pre_init                                                       
700e4b61  __mpu_init                                                             
700e4b70  abort                                                                  
700e4b78  __IRQ_STACK_START                                                      
700e4c78  __FIQ_STACK_START                                                      
700e4c78  __IRQ_STACK_END                                                        
700e4d78  __FIQ_STACK_END                                                        
700e4d78  __SVC_STACK_START                                                      
700e5d78  __ABORT_STACK_START                                                    
700e5d78  __SVC_STACK_END                                                        
700e5e78  __ABORT_STACK_END                                                      
700e5e78  __UNDEFINED_STACK_START                                                
700e5f78  __UNDEFINED_STACK_END                                                  
70200000  gGatewaySharedMem                                                      
70208000  gDebugShmLog                                                           
ffffffff  __TI_pprof_out_hndl                                                    
ffffffff  __TI_prof_data_size                                                    
ffffffff  __TI_prof_data_start                                                   
ffffffff  __binit__                                                              
ffffffff  binit                                                                  
UNDEFED   __TI_CINIT_Base                                                        
UNDEFED   __TI_CINIT_Limit                                                       
UNDEFED   __TI_Handler_Table_Base                                                
UNDEFED   __TI_Handler_Table_Limit                                               
UNDEFED   _system_post_cinit                                                     

[1221 symbols]
