******************************************************************************
            TI ARM Clang Linker PC v4.0.4                      
******************************************************************************
>> Linked Wed Apr  1 12:09:56 2026

OUTPUT FILE NAME:   <ccu_ti_multi_core_freertos.out>
ENTRY POINT SYMBOL: "_vectors"  address: 00000000


MEMORY CONFIGURATION

         name            origin    length      used     unused   attr    fill
----------------------  --------  ---------  --------  --------  ----  --------
  R5F_VECS              00000000   00000040  00000040  00000000  RWIX
  R5F_TCMA              00000040   00007fc0  00000000  00007fc0  RWIX
  R5F_TCMB              00080000   00008000  00000000  00008000  RWIX
  MAILBOX_HSM           44000000   000003ce  00000000  000003ce  RWIX
  MAILBOX_R5F           44000400   000003ce  00000000  000003ce  RWIX
  FLASH                 60100000   00080000  00000000  00080000  RWIX
  SBL                   70000000   00040000  00000000  00040000  RWIX
  OCRAM                 70040000   00140000  000c2380  0007dc80  RWIX
  USER_SHM_MEM          70200000   00008000  00004d48  000032b8  RWIX
  LOG_SHM_MEM           70208000   00004000  00002000  00002000  RWIX
  ENET_CPPI_DESC        70280000   00040000  00000a00  0003f600  RWIX
  RTOS_NORTOS_IPC_SHM_M 72000000   00003e80  00000000  00003e80  RWIX


SEGMENT ALLOCATION MAP

run origin  load origin   length   init length attrs members
----------  ----------- ---------- ----------- ----- -------
00000000    00000000    00000040   00000040    r-x
  00000000    00000000    00000040   00000040    r-x .vectors
70040000    70040000    00060c48   00060c48    r-x
  70040000    70040000    00050540   00050540    r-x .text
  70090540    70090540    00010708   00010708    r-- .rodata
700a0c60    700a0c60    0003fc80   00000000    rw-
  700a0c60    700a0c60    00033c80   00000000    rw- .bss
  700d48e0    700d48e0    00008000   00000000    rw- .sysmem
  700dc8e0    700dc8e0    00004000   00000000    rw- .stack
700f8900    700f8900    00006d00   00006d00    rw-
  700f8900    700f8900    00006d00   00006d00    rw- .data
700ff600    700ff600    000019b8   000019b8    r-x
  700ff600    700ff600    00000f90   00000f90    r-x .text.hwi
  70100590    70100590    000004a0   000004a0    r-x .text.cache
  70100a30    70100a30    000003c0   000003c0    r-x .text.mpu
  70100df0    70100df0    000001c0   000001c0    r-x .text.boot
  70100fb0    70100fb0    00000008   00000008    r-x .text:abort
70100fb8    70100fb8    00001400   00000000    rw-
  70100fb8    70100fb8    00000100   00000000    rw- .irqstack
  701010b8    701010b8    00000100   00000000    rw- .fiqstack
  701011b8    701011b8    00001000   00000000    rw- .svcstack
  701021b8    701021b8    00000100   00000000    rw- .abortstack
  701022b8    701022b8    00000100   00000000    rw- .undefinedstack


SECTION ALLOCATION MAP

 output                                  attributes/
section   page    origin      length       input sections
--------  ----  ----------  ----------   ----------------
.vectors   0    00000000    00000040     
                  00000000    00000040     freertos.am263px.r5f.ti-arm-clang.debug.lib : HwiP_armv7r_vectors_freertos_asm.obj (.vectors)

.text      0    70040000    00050540     
                  70040000    000011da     lwip-freertos.am263px.r5f.ti-arm-clang.debug.lib : tcp_in.obj (.text.tcp_receive)
                  700411da    00000002     --HOLE-- [fill = 0]
                  700411dc    00000004     libclang_rt.builtins.a : aeabi_div0.c.obj (.text.__aeabi_idiv0)
                  700411e0    00000c3e     lwip-freertos.am263px.r5f.ti-arm-clang.debug.lib : tcp_in.obj (.text.tcp_input)
                  70041e1e    00000002     --HOLE-- [fill = 0]
                  70041e20    00000ad8                                                      : tcp_in.obj (.text.tcp_process)
                  700428f8    00000008     libsysbm.a : hostexit.c.obj (.text.HOSTexit)
                  70042900    00000abe     enet-cpsw.am263px.r5f.ti-arm-clang.freertos.debug.lib : enet_cpdma.obj (.text.EnetCpdma_dequeueTx)
                  700433be    00000002     --HOLE-- [fill = 0]
                  700433c0    00000a34     freertos.am263px.r5f.ti-arm-clang.debug.lib : printf.obj (.text._vsnprintf)
                  70043df4    0000000c     libclang_rt.builtins.a : aeabi_memset.S.obj (.text.__aeabi_memclr)
                  70043e00    0000099a     enet-cpsw.am263px.r5f.ti-arm-clang.freertos.debug.lib : enet_cpdma.obj (.text.EnetCpdma_dequeueRx)
                  7004479a    00000002     --HOLE-- [fill = 0]
                  7004479c    00000004     libclang_rt.builtins.a : aeabi_div0.c.obj (.text.__aeabi_ldiv0)
                  700447a0    00000960     lwip-freertos.am263px.r5f.ti-arm-clang.debug.lib : tcp.obj (.text.tcp_slowtmr)
                  70045100    000007a4     drivers.am263px.r5f.ti-arm-clang.freertos.debug.lib : i2c_v1_lld.obj (.text.I2C_lld_primeTransferPoll)
                  700458a4    0000000c     libc.a : memory.c.obj (.text.malloc)
                  700458b0    00000678     drivers.am263px.r5f.ti-arm-clang.freertos.debug.lib : soc_rcm.obj (.text.SOC_rcmGetClkSrcAndDivReg)
                  70045f28    00000004     libclang_rt.builtins.a : aeabi_memcpy.S.obj (.text.__aeabi_memcpy)
                  70045f2c    00000004     libc.a : _lock.c.obj (.text._nop)
                  70045f30    00000654     lwip-freertos.am263px.r5f.ti-arm-clang.debug.lib : dhcp.obj (.text.dhcp_parse_reply)
                  70046584    0000000c     freertos.am263px.r5f.ti-arm-clang.debug.lib : CpuId_armv7r_asm.obj (.text)
                  70046590    00000638     drivers.am263px.r5f.ti-arm-clang.freertos.debug.lib : soc_rcm.obj (.text.SOC_rcmEnablePeripheralClock)
                  70046bc8    00000004     libc.a : fseek.c.obj (.text.fseek)
                  70046bcc    00000004     libsysbm.a : remove.c.obj (.text.remove)
                  70046bd0    00000610     lwipif-cpsw-freertos.am263px.r5f.ti-arm-clang.debug.lib : lwip2enet.obj (.text.Lwip2Enet_open)
                  700471e0    00000606     enet-cpsw.am263px.r5f.ti-arm-clang.freertos.debug.lib : enet_cpdma.obj (.text.EnetCpdma_enqueueRx)
                  700477e6    0000000a     --HOLE-- [fill = 0]
                  700477f0    000005e2     freertos.am263px.r5f.ti-arm-clang.debug.lib : printf.obj (.text._ftoa)
                  70047dd2    0000000e     --HOLE-- [fill = 0]
                  70047de0    00000552     enet-cpsw.am263px.r5f.ti-arm-clang.freertos.debug.lib : cpsw_ale.obj (.text.CpswAle_open)
                  70048332    0000000e     --HOLE-- [fill = 0]
                  70048340    0000054c     lwip-freertos.am263px.r5f.ti-arm-clang.debug.lib : ip4.obj (.text.ip4_input)
                  7004888c    00000004     --HOLE-- [fill = 0]
                  70048890    0000050e                                                      : icmp.obj (.text.icmp_input)
                  70048d9e    00000002     --HOLE-- [fill = 0]
                  70048da0    00000506     enet-cpsw.am263px.r5f.ti-arm-clang.freertos.debug.lib : enet_cpdma.obj (.text.EnetCpdma_enqueueTx)
                  700492a6    0000000a     --HOLE-- [fill = 0]
                  700492b0    000004d8     lwip-freertos.am263px.r5f.ti-arm-clang.debug.lib : tcp_out.obj (.text.tcp_output)
                  70049788    00000008     --HOLE-- [fill = 0]
                  70049790    000004b0     freertos.am263px.r5f.ti-arm-clang.debug.lib : printf.obj (.text._etoa)
                  70049c40    000004ae     lwip-freertos.am263px.r5f.ti-arm-clang.debug.lib : udp.obj (.text.udp_input)
                  7004a0ee    00000002     --HOLE-- [fill = 0]
                  7004a0f0    00000492                                                      : etharp.obj (.text.etharp_query)
                  7004a582    0000000e     --HOLE-- [fill = 0]
                  7004a590    0000048a                                                      : etharp.obj (.text.etharp_find_entry)
                  7004aa1a    00000006     --HOLE-- [fill = 0]
                  7004aa20    00000486                                                      : ip4_frag.obj (.text.ip4_reass)
                  7004aea6    0000000a     --HOLE-- [fill = 0]
                  7004aeb0    00000466     board.am263px.r5f.ti-arm-clang.freertos.debug.lib : dp83869.obj (.text.Dp83869_printRegs)
                  7004b316    0000000a     --HOLE-- [fill = 0]
                  7004b320    00000446     enet-cpsw.am263px.r5f.ti-arm-clang.freertos.debug.lib : cpsw_macport.obj (.text.CpswMacPort_open)
                  7004b766    0000000a     --HOLE-- [fill = 0]
                  7004b770    0000043e                                                           : enet_rm.obj (.text.EnetRm_detachCore)
                  7004bbae    00000002     --HOLE-- [fill = 0]
                  7004bbb0    00000404     drivers.am263px.r5f.ti-arm-clang.freertos.debug.lib : uart_v0.obj (.text.UART_open)
                  7004bfb4    0000000c     --HOLE-- [fill = 0]
                  7004bfc0    000003e2     enet-cpsw.am263px.r5f.ti-arm-clang.freertos.debug.lib : enet_rm.obj (.text.EnetRm_close)
                  7004c3a2    0000000e     --HOLE-- [fill = 0]
                  7004c3b0    000003dc     drivers.am263px.r5f.ti-arm-clang.freertos.debug.lib : ipc_notify_v1.obj (.text.IpcNotify_init)
                  7004c78c    000003dc     libc.a : _printfi.c.obj (.text:__TI_printfi_minimal)
                  7004cb68    00000008     --HOLE-- [fill = 0]
                  7004cb70    000003d2     drivers.am263px.r5f.ti-arm-clang.freertos.debug.lib : soc.obj (.text.SOC_phyToVirt)
                  7004cf42    0000000e     --HOLE-- [fill = 0]
                  7004cf50    000003be     lwip-freertos.am263px.r5f.ti-arm-clang.debug.lib : ip4_frag.obj (.text.ip_reass_chain_frag_into_datagram_and_validate)
                  7004d30e    00000002     --HOLE-- [fill = 0]
                  7004d310    000003ba                                                      : udp.obj (.text.udp_sendto_if_src)
                  7004d6ca    00000006     --HOLE-- [fill = 0]
                  7004d6d0    000003b0                                                      : tcp_out.obj (.text.tcp_split_unsent_seg)
                  7004da80    000003a2     enet-cpsw.am263px.r5f.ti-arm-clang.freertos.debug.lib : cpsw.obj (.text.Cpsw_registerIntrs)
                  7004de22    0000000e     --HOLE-- [fill = 0]
                  7004de30    00000398                                                           : mdio.obj (.text.Mdio_open)
                  7004e1c8    00000018     libc.a : memset32.S.obj (.text:TI_memset_small)
                  7004e1e0    00000390            : strcmp32.S.obj (.text:strcmp)
                  7004e570    00000380     lwip-freertos.am263px.r5f.ti-arm-clang.debug.lib : ip4_frag.obj (.text.ip4_frag)
                  7004e8f0    0000036e     enet-cpsw.am263px.r5f.ti-arm-clang.freertos.debug.lib : cpsw.obj (.text.Cpsw_handleLinkDown)
                  7004ec5e    00000002     --HOLE-- [fill = 0]
                  7004ec60    0000036a                                                           : enet_appmemutils.obj (.text.EnetMem_initCore)
                  7004efca    00000006     --HOLE-- [fill = 0]
                  7004efd0    00000362     lwipif-cpsw-freertos.am263px.r5f.ti-arm-clang.debug.lib : lwip2enet.obj (.text.Lwip2Enet_prepRxPktQ)
                  7004f332    0000000e     --HOLE-- [fill = 0]
                  7004f340    00000356     drivers.am263px.r5f.ti-arm-clang.freertos.debug.lib : i2c_v1.obj (.text.I2C_open)
                  7004f696    0000000a     --HOLE-- [fill = 0]
                  7004f6a0    0000034a     enet-cpsw.am263px.r5f.ti-arm-clang.freertos.debug.lib : cpsw.obj (.text.Cpsw_openInternal)
                  7004f9ea    00000006     --HOLE-- [fill = 0]
                  7004f9f0    0000033a                                                           : cpsw_ioctl.obj (.text.Cpsw_openPortLinkNoPhy)
                  7004fd2a    00000006     --HOLE-- [fill = 0]
                  7004fd30    00000330                                                           : cpsw.obj (.text.Cpsw_open)
                  70050060    00000326     lwip-freertos.am263px.r5f.ti-arm-clang.debug.lib : ip4.obj (.text.ip4_output_if_opt_src)
                  70050386    0000000a     --HOLE-- [fill = 0]
                  70050390    00000320     motor_mapping.o (.text.motor_mapping_init_core0)
                  700506b0    0000031e     lwip-freertos.am263px.r5f.ti-arm-clang.debug.lib : tcp_out.obj (.text.tcp_enqueue_flags)
                  700509ce    00000002     --HOLE-- [fill = 0]
                  700509d0    00000302     drivers.am263px.r5f.ti-arm-clang.freertos.debug.lib : soc.obj (.text.SOC_virtToPhy)
                  70050cd2    0000000e     --HOLE-- [fill = 0]
                  70050ce0    000002f8     lwip-freertos.am263px.r5f.ti-arm-clang.debug.lib : pbuf.obj (.text.pbuf_alloc)
                  70050fd8    00000008     --HOLE-- [fill = 0]
                  70050fe0    000002f2     enet-cpsw.am263px.r5f.ti-arm-clang.freertos.debug.lib : enet_cpdma.obj (.text.EnetCpdma_open)
                  700512d2    0000000e     --HOLE-- [fill = 0]
                  700512e0    000002e6                                                           : csl_cpsw.obj (.text.CSL_CPSW_setPortRxDscpMap)
                  700515c6    0000000a     --HOLE-- [fill = 0]
                  700515d0    000002e6     ti_enet_open_close.o (.text.EnetApp_driverOpen)
                  700518b6    0000000a     --HOLE-- [fill = 0]
                  700518c0    000002de     lwip-freertos.am263px.r5f.ti-arm-clang.debug.lib : etharp.obj (.text.etharp_output)
                  70051b9e    00000002     --HOLE-- [fill = 0]
                  70051ba0    000002da     enet-cpsw.am263px.r5f.ti-arm-clang.freertos.debug.lib : cpsw.obj (.text.Cpsw_periodicTick)
                  70051e7a    00000006     --HOLE-- [fill = 0]
                  70051e80    000002d2                                                           : enetphy.obj (.text.EnetPhy_enableState)
                  70052152    0000000e     --HOLE-- [fill = 0]
                  70052160    000002cc     xgw_udp_interface.o (.text.xgw_udp_process_motor_cmd)
                  7005242c    00000004     --HOLE-- [fill = 0]
                  70052430    000002bc     lwip-freertos.am263px.r5f.ti-arm-clang.debug.lib : tcp_out.obj (.text.tcp_output_segment)
                  700526ec    00000004     --HOLE-- [fill = 0]
                  700526f0    000002ba     drivers.am263px.r5f.ti-arm-clang.freertos.debug.lib : i2c_v1_lld.obj (.text.I2C_lld_controllerIsr)
                  700529aa    00000006     --HOLE-- [fill = 0]
                  700529b0    000002ba     lwip-freertos.am263px.r5f.ti-arm-clang.debug.lib : pbuf.obj (.text.pbuf_copy_partial_pbuf)
                  70052c6a    00000006     --HOLE-- [fill = 0]
                  70052c70    000002b8     enet-cpsw.am263px.r5f.ti-arm-clang.freertos.debug.lib : cpsw.obj (.text.Cpsw_handleLinkUp)
                  70052f28    00000008     --HOLE-- [fill = 0]
                  70052f30    000002aa     lwip-freertos.am263px.r5f.ti-arm-clang.debug.lib : netif.obj (.text.netif_add)
                  700531da    00000006     --HOLE-- [fill = 0]
                  700531e0    000002a8     enet-cpsw.am263px.r5f.ti-arm-clang.freertos.debug.lib : cpsw_ale.obj (.text.CpswAle_addVlan)
                  70053488    00000008     --HOLE-- [fill = 0]
                  70053490    0000029e     lwip-freertos.am263px.r5f.ti-arm-clang.debug.lib : tcp_in.obj (.text.tcp_listen_input)
                  7005372e    00000002     --HOLE-- [fill = 0]
                  70053730    0000029a     drivers.am263px.r5f.ti-arm-clang.freertos.debug.lib : i2c_v1_lld.obj (.text.I2C_lld_targetIsr)
                  700539ca    00000006     --HOLE-- [fill = 0]
                  700539d0    00000296     lwip-freertos.am263px.r5f.ti-arm-clang.debug.lib : tcp.obj (.text.tcp_close_shutdown)
                  70053c66    0000000a     --HOLE-- [fill = 0]
                  70053c70    00000290     enet-cpsw.am263px.r5f.ti-arm-clang.freertos.debug.lib : cpsw.obj (.text.Cpsw_registerIoctlHandler)
                  70053f00    0000028e                                                           : csl_cpsw.obj (.text.CSL_CPSW_setAlePolicerEntry)
                  7005418e    00000002     --HOLE-- [fill = 0]
                  70054190    00000286                                                           : csl_cpsw.obj (.text.CSL_CPSW_getAlePolicerEntry)
                  70054416    0000000a     --HOLE-- [fill = 0]
                  70054420    0000027e                                                           : cpsw_ale.obj (.text.CpswAle_findVlan)
                  7005469e    00000002     --HOLE-- [fill = 0]
                  700546a0    0000027e     drivers.am263px.r5f.ti-arm-clang.freertos.debug.lib : uart_dma_edma.obj (.text.UART_edmaChInit)
                  7005491e    00000002     --HOLE-- [fill = 0]
                  70054920    0000027a     enet-cpsw.am263px.r5f.ti-arm-clang.freertos.debug.lib : cpsw.obj (.text.Cpsw_ioctl)
                  70054b9a    00000006     --HOLE-- [fill = 0]
                  70054ba0    00000272     test.o (.text.test_netif_init)
                  70054e12    0000000e     --HOLE-- [fill = 0]
                  70054e20    00000266     enet-cpsw.am263px.r5f.ti-arm-clang.freertos.debug.lib : cpsw_est_ioctl.obj (.text.CpswEst_ioctl_handler_ENET_TAS_IOCTL_SET_STATE)
                  70055086    0000000a     --HOLE-- [fill = 0]
                  70055090    00000266     freertos.am263px.r5f.ti-arm-clang.debug.lib : tasks.obj (.text.xTaskIncrementTick)
                  700552f6    0000000a     --HOLE-- [fill = 0]
                  70055300    0000025a     lwip-freertos.am263px.r5f.ti-arm-clang.debug.lib : ip4_frag.obj (.text.ip_reass_free_complete_datagram)
                  7005555a    00000006     --HOLE-- [fill = 0]
                  70055560    0000025a     freertos.am263px.r5f.ti-arm-clang.debug.lib : tasks.obj (.text.xTaskResumeAll)
                  700557ba    00000006     --HOLE-- [fill = 0]
                  700557c0    00000254     lwip-freertos.am263px.r5f.ti-arm-clang.debug.lib : igmp.obj (.text.igmp_input)
                  70055a14    0000000c     --HOLE-- [fill = 0]
                  70055a20    00000250     drivers.am263px.r5f.ti-arm-clang.freertos.debug.lib : edma.obj (.text.Alloc_resource)
                  70055c70    0000024c     enet-cpsw.am263px.r5f.ti-arm-clang.freertos.debug.lib : cpsw_macport_ioctl.obj (.text.CpswMacPort_enablePort)
                  70055ebc    00000004     --HOLE-- [fill = 0]
                  70055ec0    00000246     lwip-freertos.am263px.r5f.ti-arm-clang.debug.lib : dns.obj (.text.dns_send)
                  70056106    0000000a     --HOLE-- [fill = 0]
                  70056110    00000242     enet-cpsw.am263px.r5f.ti-arm-clang.freertos.debug.lib : enetphy.obj (.text.EnetPhy_bindDriver)
                  70056352    0000000e     --HOLE-- [fill = 0]
                  70056360    00000242     drivers.am263px.r5f.ti-arm-clang.freertos.debug.lib : uart_v0_lld.obj (.text.UART_fifoConfig)
                  700565a2    0000000e     --HOLE-- [fill = 0]
                  700565b0    00000240     main.o (.text.core0_init)
                  700567f0    0000023e     enet-cpsw.am263px.r5f.ti-arm-clang.freertos.debug.lib : cpsw_cpts_ioctl.obj (.text.CpswCpts_handleEvents)
                  70056a2e    00000002     --HOLE-- [fill = 0]
                  70056a30    0000023e     freertos.am263px.r5f.ti-arm-clang.debug.lib : printf.obj (.text._ntoa_format)
                  70056c6e    00000002     --HOLE-- [fill = 0]
                  70056c70    0000023a     main.o (.text.freertos_main)
                  70056eaa    00000006     --HOLE-- [fill = 0]
                  70056eb0    00000234     enet-cpsw.am263px.r5f.ti-arm-clang.freertos.debug.lib : cpsw_hostport.obj (.text.CpswHostPort_open)
                  700570e4    0000000c     --HOLE-- [fill = 0]
                  700570f0    00000230                                                           : enet_appmemutils.obj (.text.EnetMem_allocEthPkt)
                  70057320    0000022c                                                           : enet_cpdma_priv.obj (.text.EnetCpdma_memMgrInit)
                  7005754c    00000004     --HOLE-- [fill = 0]
                  70057550    0000022a     lwipif-cpsw-freertos.am263px.r5f.ti-arm-clang.debug.lib : lwip2lwipif.obj (.text.LWIPIF_LWIP_getChkSumInfo)
                  7005777a    00000006     --HOLE-- [fill = 0]
                  70057780    0000022a     lwip-freertos.am263px.r5f.ti-arm-clang.debug.lib : dhcp.obj (.text.dhcp_select)
                  700579aa    00000006     --HOLE-- [fill = 0]
                  700579b0    00000226     drivers.am263px.r5f.ti-arm-clang.freertos.debug.lib : uart_dma_edma.obj (.text.UART_lld_dmaDeInit)
                  70057bd6    0000000a     --HOLE-- [fill = 0]
                  70057be0    00000222                                                         : ipc_notify_v1.obj (.text.IpcNotify_isr)
                  70057e02    0000000e     --HOLE-- [fill = 0]
                  70057e10    00000220     enet-cpsw.am263px.r5f.ti-arm-clang.freertos.debug.lib : enet_cpdma.obj (.text.EnetCpdma_closeTxCh)
                  70058030    00000220                                                           : enet_rm_ioctl.obj (.text.EnetRm_allocMacAddr)
                  70058250    00000220     freertos.am263px.r5f.ti-arm-clang.debug.lib : tasks.obj (.text.vTaskGenericNotifyGiveFromISR)
                  70058470    00000220                                                 : queue.obj (.text.xQueueGenericSend)
                  70058690    0000021a     enet-cpsw.am263px.r5f.ti-arm-clang.freertos.debug.lib : cpsw_stats.obj (.text.CpswStats_open)
                  700588aa    00000006     --HOLE-- [fill = 0]
                  700588b0    0000020a     lwip-freertos.am263px.r5f.ti-arm-clang.debug.lib : tcp.obj (.text.tcp_pcb_remove)
                  70058aba    00000006     --HOLE-- [fill = 0]
                  70058ac0    0000020a     freertos.am263px.r5f.ti-arm-clang.debug.lib : queue.obj (.text.xQueueSemaphoreTake)
                  70058cca    00000006     --HOLE-- [fill = 0]
                  70058cd0    00000206     enet-cpsw.am263px.r5f.ti-arm-clang.freertos.debug.lib : cpsw_cpts.obj (.text.CpswCpts_open)
                  70058ed6    0000000a     --HOLE-- [fill = 0]
                  70058ee0    00000206                                                           : enet_cpdma.obj (.text.EnetCpdma_closeRxCh)
                  700590e6    0000000a     --HOLE-- [fill = 0]
                  700590f0    00000206     lwip-freertos.am263px.r5f.ti-arm-clang.debug.lib : dhcp.obj (.text.dhcp_recv)
                  700592f6    0000000a     --HOLE-- [fill = 0]
                  70059300    00000204     enet-cpsw.am263px.r5f.ti-arm-clang.freertos.debug.lib : enetphy.obj (.text.EnetPhy_open)
                  70059504    0000000c     --HOLE-- [fill = 0]
                  70059510    000001fe                                                           : cpsw_stats_ioctl.obj (.text.CpswStats_readHostStats)
                  7005970e    00000002     --HOLE-- [fill = 0]
                  70059710    000001fe     lwip-freertos.am263px.r5f.ti-arm-clang.debug.lib : pbuf.obj (.text.pbuf_free)
                  7005990e    00000002     --HOLE-- [fill = 0]
                  70059910    000001fc     xgw_udp_interface.o (.text.xgw_udp_recv_callback)
                  70059b0c    00000004     --HOLE-- [fill = 0]
                  70059b10    000001f8     main.o (.text.build_and_send_udp_packet)
                  70059d08    00000008     --HOLE-- [fill = 0]
                  70059d10    000001f8     xgw_udp_interface.o (.text.xgw_udp_process_motor_set)
                  70059f08    00000008     --HOLE-- [fill = 0]
                  70059f10    000001f6     lwip-freertos.am263px.r5f.ti-arm-clang.debug.lib : dhcp.obj (.text.dhcp_create_msg)
                  7005a106    0000000a     --HOLE-- [fill = 0]
                  7005a110    000001f2     drivers.am263px.r5f.ti-arm-clang.freertos.debug.lib : i2c_v1.obj (.text.I2C_primeTransfer)
                  7005a302    0000000e     --HOLE-- [fill = 0]
                  7005a310    000001f2                                                         : i2c_v1.obj (.text.I2C_transfer)
                  7005a502    0000000e     --HOLE-- [fill = 0]
                  7005a510    000001ee     enet-cpsw.am263px.r5f.ti-arm-clang.freertos.debug.lib : cpsw_ale.obj (.text.CpswAle_setAleCfg)
                  7005a6fe    00000002     --HOLE-- [fill = 0]
                  7005a700    000001ee                                                           : cpsw_ioctl.obj (.text.Cpsw_openPortLinkWithPhy)
                  7005a8ee    00000002     --HOLE-- [fill = 0]
                  7005a8f0    000001ea                                                           : cpsw_hostport.obj (.text.CpswHostPort_ioctl)
                  7005aada    00000006     --HOLE-- [fill = 0]
                  7005aae0    000001ea                                                           : cpsw_stats.obj (.text.CpswStats_ioctl)
                  7005acca    00000006     --HOLE-- [fill = 0]
                  7005acd0    000001ea                                                           : cpsw_ioctl.obj (.text.Cpsw_openPortLink)
                  7005aeba    00000006     --HOLE-- [fill = 0]
                  7005aec0    000001ea     lwip-freertos.am263px.r5f.ti-arm-clang.debug.lib : tcp.obj (.text.tcp_abandon)
                  7005b0aa    00000006     --HOLE-- [fill = 0]
                  7005b0b0    000001e2     ti_enet_open_close.o (.text.EnetApp_initLinkArgs)
                  7005b292    0000000e     --HOLE-- [fill = 0]
                  7005b2a0    000001e2     lwip-freertos.am263px.r5f.ti-arm-clang.debug.lib : pbuf.obj (.text.pbuf_realloc)
                  7005b482    0000000e     --HOLE-- [fill = 0]
                  7005b490    000001e0     enet-cpsw.am263px.r5f.ti-arm-clang.freertos.debug.lib : cpsw_stats_ioctl.obj (.text.CpswStats_readMacStats)
                  7005b670    000001e0     lwip-freertos.am263px.r5f.ti-arm-clang.debug.lib : dhcp.obj (.text.dhcp_bind)
                  7005b850    000001da     enet-cpsw.am263px.r5f.ti-arm-clang.freertos.debug.lib : enet.obj (.text.Enet_validateIoctl)
                  7005ba2a    00000006     --HOLE-- [fill = 0]
                  7005ba30    000001d8     freertos.am263px.r5f.ti-arm-clang.debug.lib : queue.obj (.text.xQueueReceive)
                  7005bc08    00000008     --HOLE-- [fill = 0]
                  7005bc10    000001d6                                                 : TimerP_rti_priv.obj (.text.TimerP_setupPriv)
                  7005bde6    0000000a     --HOLE-- [fill = 0]
                  7005bdf0    000001d4     ti_enet_lwipif.o (.text.LwipifEnetAppCb_getRxHandleInfo)
                  7005bfc4    0000000c     --HOLE-- [fill = 0]
                  7005bfd0    000001d4     enet-cpsw.am263px.r5f.ti-arm-clang.freertos.debug.lib : mdio.obj (.text.Mdio_ioctl)
                  7005c1a4    000001d0     libclang_rt.builtins.a : udivsi3.S.obj (.text.__udivsi3)
                  7005c374    0000000c     --HOLE-- [fill = 0]
                  7005c380    000001ce     xgw_udp_interface.o (.text.xgw_udp_start)
                  7005c54e    00000002     --HOLE-- [fill = 0]
                  7005c550    000001cc     main.o (.text.udp_tx_task)
                  7005c71c    00000004     --HOLE-- [fill = 0]
                  7005c720    000001c8     lwip-freertos.am263px.r5f.ti-arm-clang.debug.lib : etharp.obj (.text.etharp_raw)
                  7005c8e8    00000008     --HOLE-- [fill = 0]
                  7005c8f0    000001c6     enet-cpsw.am263px.r5f.ti-arm-clang.freertos.debug.lib : enet_rm_ioctl.obj (.text.EnetRm_allocTxChNum)
                  7005cab6    0000000a     --HOLE-- [fill = 0]
                  7005cac0    000001c6     lwip-freertos.am263px.r5f.ti-arm-clang.debug.lib : tcp_out.obj (.text.tcp_create_segment)
                  7005cc86    0000000a     --HOLE-- [fill = 0]
                  7005cc90    000001c4     ti_enet_lwipif.o (.text.LwipifEnetApp_startSchedule)
                  7005ce54    0000000c     --HOLE-- [fill = 0]
                  7005ce60    000001c2     enet-cpsw.am263px.r5f.ti-arm-clang.freertos.debug.lib : enet.obj (.text.Enet_validateGenericIoctl)
                  7005d022    0000000e     --HOLE-- [fill = 0]
                  7005d030    000001bc     freertos.am263px.r5f.ti-arm-clang.debug.lib : tasks.obj (.text.xTaskRemoveFromEventList)
                  7005d1ec    00000004     --HOLE-- [fill = 0]
                  7005d1f0    000001b4     enet-cpsw.am263px.r5f.ti-arm-clang.freertos.debug.lib : enet_rm.obj (.text.EnetRm_open)
                  7005d3a4    0000000c     --HOLE-- [fill = 0]
                  7005d3b0    000001b2     lwip-freertos.am263px.r5f.ti-arm-clang.debug.lib : ip4.obj (.text.ip4_forward)
                  7005d562    0000000e     --HOLE-- [fill = 0]
                  7005d570    000001b0     enet-cpsw.am263px.r5f.ti-arm-clang.freertos.debug.lib : cpsw_ale.obj (.text.CpswAle_delPolicerEntry)
                  7005d720    000001b0     lwip-freertos.am263px.r5f.ti-arm-clang.debug.lib : dns.obj (.text.dns_call_found)
                  7005d8d0    000001ae     ti_enet_open_close.o (.text.EnetApp_ConfigureDscpMapping)
                  7005da7e    00000002     --HOLE-- [fill = 0]
                  7005da80    000001ac     drivers.am263px.r5f.ti-arm-clang.freertos.debug.lib : uart_v0.obj (.text.UART_close)
                  7005dc2c    00000004     --HOLE-- [fill = 0]
                  7005dc30    000001aa     enet-cpsw.am263px.r5f.ti-arm-clang.freertos.debug.lib : mdio_ioctl.obj (.text.Mdio_readRegC45)
                  7005ddda    00000006     --HOLE-- [fill = 0]
                  7005dde0    000001aa     drivers.am263px.r5f.ti-arm-clang.freertos.debug.lib : uart_dma_edma.obj (.text.UART_lld_dmaWrite)
                  7005df8a    00000006     --HOLE-- [fill = 0]
                  7005df90    000001aa     lwip-freertos.am263px.r5f.ti-arm-clang.debug.lib : mem.obj (.text.mem_free)
                  7005e13a    00000006     --HOLE-- [fill = 0]
                  7005e140    000001a8     enet-cpsw.am263px.r5f.ti-arm-clang.freertos.debug.lib : enet_appmemutils.obj (.text.EnetDma_checkPktState)
                  7005e2e8    00000008     --HOLE-- [fill = 0]
                  7005e2f0    000001a8     lwipif-cpsw-freertos.am263px.r5f.ti-arm-clang.debug.lib : custom_pbuf.obj (.text.EnetDma_checkPktState)
                  7005e498    00000008     --HOLE-- [fill = 0]
                  7005e4a0    000001a8                                                             : lwip2enet.obj (.text.EnetDma_checkPktState)
                  7005e648    000001a8     libc.a : memory.c.obj (.text.free)
                  7005e7f0    000001a4            : memory.c.obj (.text.aligned_alloc)
                  7005e994    0000000c     --HOLE-- [fill = 0]
                  7005e9a0    000001a4     freertos.am263px.r5f.ti-arm-clang.debug.lib : timers.obj (.text.prvProcessReceivedCommands)
                  7005eb44    0000000c     --HOLE-- [fill = 0]
                  7005eb50    000001a0     drivers.am263px.r5f.ti-arm-clang.freertos.debug.lib : uart_v0.obj (.text.UART_write)
                  7005ecf0    000001a0     lwip-freertos.am263px.r5f.ti-arm-clang.debug.lib : pbuf.obj (.text.pbuf_take)
                  7005ee90    000001a0     freertos.am263px.r5f.ti-arm-clang.debug.lib : tasks.obj (.text.vTaskSwitchContext)
                  7005f030    0000019e     enet-cpsw.am263px.r5f.ti-arm-clang.freertos.debug.lib : cpsw_ale_ioctl.obj (.text.CpswAle_addMcastAddr)
                  7005f1ce    00000002     --HOLE-- [fill = 0]
                  7005f1d0    0000019c     libc.a : fputs.c.obj (.text.fputs)
                  7005f36c    00000004     --HOLE-- [fill = 0]
                  7005f370    0000019a     enet-cpsw.am263px.r5f.ti-arm-clang.freertos.debug.lib : cpsw_cpts.obj (.text.CpswCpts_ioctl)
                  7005f50a    00000006     --HOLE-- [fill = 0]
                  7005f510    0000019a     lwip-freertos.am263px.r5f.ti-arm-clang.debug.lib : dns.obj (.text.dns_check_entry)
                  7005f6aa    00000006     --HOLE-- [fill = 0]
                  7005f6b0    0000019a     freertos.am263px.r5f.ti-arm-clang.debug.lib : tasks.obj (.text.vTaskPriorityDisinheritAfterTimeout)
                  7005f84a    00000006     --HOLE-- [fill = 0]
                  7005f850    0000019a                                                 : queue.obj (.text.xQueueGenericSendFromISR)
                  7005f9ea    00000006     --HOLE-- [fill = 0]
                  7005f9f0    00000198     drivers.am263px.r5f.ti-arm-clang.freertos.debug.lib : uart_v0_lld.obj (.text.UART_lld_controllerIsr)
                  7005fb88    00000008     --HOLE-- [fill = 0]
                  7005fb90    00000196     lwip-freertos.am263px.r5f.ti-arm-clang.debug.lib : dhcp.obj (.text.dhcp_reboot)
                  7005fd26    0000000a     --HOLE-- [fill = 0]
                  7005fd30    00000194     enet-cpsw.am263px.r5f.ti-arm-clang.freertos.debug.lib : cpsw_ale.obj (.text.CpswAle_ioctl)
                  7005fec4    0000000c     --HOLE-- [fill = 0]
                  7005fed0    00000194                                                           : cpsw_macport.obj (.text.CpswMacPort_ioctl)
                  70060064    0000000c     --HOLE-- [fill = 0]
                  70060070    00000192     lwip-freertos.am263px.r5f.ti-arm-clang.debug.lib : ethernet.obj (.text.ethernet_input)
                  70060202    0000000e     --HOLE-- [fill = 0]
                  70060210    00000192                                                      : tcp_out.obj (.text.tcp_zero_window_probe)
                  700603a2    0000000e     --HOLE-- [fill = 0]
                  700603b0    00000190                                                      : etharp.obj (.text.etharp_update_arp_entry)
                  70060540    0000018e                                                      : etharp.obj (.text.etharp_input)
                  700606ce    00000002     --HOLE-- [fill = 0]
                  700606d0    0000018a     enet-cpsw.am263px.r5f.ti-arm-clang.freertos.debug.lib : enet_rm.obj (.text.EnetRm_ioctl)
                  7006085a    00000006     --HOLE-- [fill = 0]
                  70060860    0000018a     lwip-freertos.am263px.r5f.ti-arm-clang.debug.lib : sys_arch.obj (.text.sys_arch_mbox_fetch)
                  700609ea    00000006     --HOLE-- [fill = 0]
                  700609f0    00000188     freertos.am263px.r5f.ti-arm-clang.debug.lib : ClockP_freertos_r5.obj (.text.ClockP_init)
                  70060b78    00000008     --HOLE-- [fill = 0]
                  70060b80    00000186     lwip-freertos.am263px.r5f.ti-arm-clang.debug.lib : acd.obj (.text.acd_tmr)
                  70060d06    0000000a     --HOLE-- [fill = 0]
                  70060d10    00000186                                                      : tcp.obj (.text.tcp_alloc)
                  70060e96    0000000a     --HOLE-- [fill = 0]
                  70060ea0    0000017c     lwipif-cpsw-freertos.am263px.r5f.ti-arm-clang.debug.lib : lwip2enet.obj (.text.Lwip2Enet_close)
                  7006101c    00000004     --HOLE-- [fill = 0]
                  70061020    0000017a                                                             : custom_pbuf.obj (.text.custom_pbuf_free)
                  7006119a    00000006     --HOLE-- [fill = 0]
                  700611a0    00000178     freertos.am263px.r5f.ti-arm-clang.debug.lib : DebugP_shmLogReader.obj (.text.DebugP_shmLogReaderGetString)
                  70061318    00000008     --HOLE-- [fill = 0]
                  70061320    00000178     enet-cpsw.am263px.r5f.ti-arm-clang.freertos.debug.lib : enet_rm.obj (.text.EnetRm_initRxObj)
                  70061498    00000008     --HOLE-- [fill = 0]
                  700614a0    00000178     lwipif-cpsw-freertos.am263px.r5f.ti-arm-clang.debug.lib : lwip2enet.obj (.text.Lwip2Enet_periodicFxn)
                  70061618    00000008     --HOLE-- [fill = 0]
                  70061620    00000178     lwip-freertos.am263px.r5f.ti-arm-clang.debug.lib : udp.obj (.text.udp_bind)
                  70061798    00000008     --HOLE-- [fill = 0]
                  700617a0    00000176     enet-cpsw.am263px.r5f.ti-arm-clang.freertos.debug.lib : cpsw_macport_est.obj (.text.CpswEst_setState)
                  70061916    0000000a     --HOLE-- [fill = 0]
                  70061920    00000176     lwip-freertos.am263px.r5f.ti-arm-clang.debug.lib : dhcp.obj (.text.dhcp_discover)
                  70061a96    0000000a     --HOLE-- [fill = 0]
                  70061aa0    00000176                                                      : icmp.obj (.text.icmp_send_response)
                  70061c16    0000000a     --HOLE-- [fill = 0]
                  70061c20    00000176                                                      : sys_arch.obj (.text.sys_sem_new)
                  70061d96    0000000a     --HOLE-- [fill = 0]
                  70061da0    00000174     enet-cpsw.am263px.r5f.ti-arm-clang.freertos.debug.lib : enetphy.obj (.text.EnetPhy_getLinkStatus)
                  70061f14    0000000c     --HOLE-- [fill = 0]
                  70061f20    00000172     board.am263px.r5f.ti-arm-clang.freertos.debug.lib : eeprom_cat24m.obj (.text.EEPROM_CAT24M_write)
                  70062092    0000000e     --HOLE-- [fill = 0]
                  700620a0    00000172     lwip-freertos.am263px.r5f.ti-arm-clang.debug.lib : ip4.obj (.text.ip4_route)
                  70062212    0000000e     --HOLE-- [fill = 0]
                  70062220    00000172                                                      : sys_arch.obj (.text.sys_arch_sem_wait)
                  70062392    0000000e     --HOLE-- [fill = 0]
                  700623a0    00000170     freertos.am263px.r5f.ti-arm-clang.debug.lib : queue.obj (.text.xQueueGiveFromISR)
                  70062510    0000016c     lwip-freertos.am263px.r5f.ti-arm-clang.debug.lib : etharp.obj (.text.etharp_output_to_arp_index)
                  7006267c    00000004     --HOLE-- [fill = 0]
                  70062680    00000168     enet-cpsw.am263px.r5f.ti-arm-clang.freertos.debug.lib : enet_cpdma.obj (.text.EnetCpdma_rxIsrProc)
                  700627e8    00000008     --HOLE-- [fill = 0]
                  700627f0    00000168                                                           : enet_phymdio_dflt.obj (.text.EnetPhyMdioDflt_writeC45)
                  70062958    00000008     --HOLE-- [fill = 0]
                  70062960    00000168     xgw_udp_interface.o (.text.xgw_udp_send_motor_states)
                  70062ac8    00000008     --HOLE-- [fill = 0]
                  70062ad0    00000166     enet-cpsw.am263px.r5f.ti-arm-clang.freertos.debug.lib : enet_cpdma.obj (.text.EnetCpdma_openRxCh)
                  70062c36    0000000a     --HOLE-- [fill = 0]
                  70062c40    00000166     drivers.am263px.r5f.ti-arm-clang.freertos.debug.lib : i2c_v1_lld.obj (.text.I2C_lld_primeTransferIntr)
                  70062da6    0000000a     --HOLE-- [fill = 0]
                  70062db0    00000166     freertos.am263px.r5f.ti-arm-clang.debug.lib : TaskP_freertos.obj (.text.TaskP_assertParams)
                  70062f16    0000000a     --HOLE-- [fill = 0]
                  70062f20    00000166     lwip-freertos.am263px.r5f.ti-arm-clang.debug.lib : mem.obj (.text.mem_malloc)
                  70063086    0000000a     --HOLE-- [fill = 0]
                  70063090    00000166                                                      : tcp_in.obj (.text.tcp_parseopt)
                  700631f6    0000000a     --HOLE-- [fill = 0]
                  70063200    00000164     board.am263px.r5f.ti-arm-clang.freertos.debug.lib : dp83869.obj (.text.Dp83869_config)
                  70063364    0000000c     --HOLE-- [fill = 0]
                  70063370    00000164     enet-cpsw.am263px.r5f.ti-arm-clang.freertos.debug.lib : enet_rm.obj (.text.EnetRm_initHwPushObj)
                  700634d4    0000000c     --HOLE-- [fill = 0]
                  700634e0    00000162     drivers.am263px.r5f.ti-arm-clang.freertos.debug.lib : edma.obj (.text.EDMA_unregisterIntr)
                  70063642    0000000e     --HOLE-- [fill = 0]
                  70063650    00000162     enet-cpsw.am263px.r5f.ti-arm-clang.freertos.debug.lib : enet_phymdio_dflt.obj (.text.EnetPhyMdioDflt_readC45)
                  700637b2    0000000e     --HOLE-- [fill = 0]
                  700637c0    00000160                                                           : csl_cpsw.obj (.text.CSL_CPSW_setAlePortControlReg)
                  70063920    00000160     drivers.am263px.r5f.ti-arm-clang.freertos.debug.lib : i2c_v1_lld.obj (.text.I2C_lld_init)
                  70063a80    00000160     lwip-freertos.am263px.r5f.ti-arm-clang.debug.lib : inet_chksum.obj (.text.inet_cksum_pseudo_partial_base)
                  70063be0    00000160                                                      : tcp_in.obj (.text.tcp_free_acked_segments)
                  70063d40    0000015e     enet-cpsw.am263px.r5f.ti-arm-clang.freertos.debug.lib : enet_cpdma.obj (.text.EnetDma_retrieveRxPktQ)
                  70063e9e    00000002     --HOLE-- [fill = 0]
                  70063ea0    0000015e     lwip-freertos.am263px.r5f.ti-arm-clang.debug.lib : dhcp.obj (.text.dhcp_renew)
                  70063ffe    00000002     --HOLE-- [fill = 0]
                  70064000    0000015c     enet-cpsw.am263px.r5f.ti-arm-clang.freertos.debug.lib : enet_cpdma.obj (.text.EnetCpdma_txIsr)
                  7006415c    00000004     --HOLE-- [fill = 0]
                  70064160    0000015c                                                           : enet_rm.obj (.text.EnetRm_initMacObj)
                  700642bc    00000004     --HOLE-- [fill = 0]
                  700642c0    0000015c     lwip-freertos.am263px.r5f.ti-arm-clang.debug.lib : dhcp.obj (.text.dhcp_rebind)
                  7006441c    00000004     --HOLE-- [fill = 0]
                  70064420    0000015c     freertos.am263px.r5f.ti-arm-clang.debug.lib : tasks.obj (.text.prvAddNewTaskToReadyList)
                  7006457c    00000004     --HOLE-- [fill = 0]
                  70064580    0000015c                                                 : tasks.obj (.text.xTaskPriorityInherit)
                  700646dc    00000004     --HOLE-- [fill = 0]
                  700646e0    0000015a     enet-cpsw.am263px.r5f.ti-arm-clang.freertos.debug.lib : enet_cpdma.obj (.text.EnetCpdma_netChOpen)
                  7006483a    00000006     --HOLE-- [fill = 0]
                  70064840    0000015a     lwip-freertos.am263px.r5f.ti-arm-clang.debug.lib : dhcp.obj (.text.dhcp_start)
                  7006499a    00000006     --HOLE-- [fill = 0]
                  700649a0    00000158     enet-cpsw.am263px.r5f.ti-arm-clang.freertos.debug.lib : cpsw_ale.obj (.text.CpswAle_initCfg)
                  70064af8    00000008     --HOLE-- [fill = 0]
                  70064b00    00000158     ti_enet_config.o (.text.EnetApp_initializeMacAddrPool)
                  70064c58    00000008     --HOLE-- [fill = 0]
                  70064c60    00000158     enet-cpsw.am263px.r5f.ti-arm-clang.freertos.debug.lib : enet_phymdio_dflt.obj (.text.EnetPhyMdioDflt_writeC22)
                  70064db8    00000008     --HOLE-- [fill = 0]
                  70064dc0    00000158     drivers.am263px.r5f.ti-arm-clang.freertos.debug.lib : soc.obj (.text.SOC_controlModuleUnlockMMR)
                  70064f18    00000008     --HOLE-- [fill = 0]
                  70064f20    00000158     lwip-freertos.am263px.r5f.ti-arm-clang.debug.lib : dhcp.obj (.text.dhcp_handle_ack)
                  70065078    00000008     --HOLE-- [fill = 0]
                  70065080    00000158                                                      : etharp.obj (.text.etharp_tmr)
                  700651d8    00000008     --HOLE-- [fill = 0]
                  700651e0    00000158                                                      : raw.obj (.text.raw_input)
                  70065338    00000008     --HOLE-- [fill = 0]
                  70065340    00000156     enet-cpsw.am263px.r5f.ti-arm-clang.freertos.debug.lib : enet_cpdma.obj (.text.EnetDma_submitTxPktQ)
                  70065496    0000000a     --HOLE-- [fill = 0]
                  700654a0    00000154                                                           : enet_cpdma.obj (.text.EnetDma_retrieveTxPktQ)
                  700655f4    0000000c     --HOLE-- [fill = 0]
                  70065600    00000152     drivers.am263px.r5f.ti-arm-clang.freertos.debug.lib : uart_v0_lld.obj (.text.UART_lld_initDma)
                  70065752    0000000e     --HOLE-- [fill = 0]
                  70065760    00000150     enet-cpsw.am263px.r5f.ti-arm-clang.freertos.debug.lib : enet_phymdio_dflt.obj (.text.EnetPhyMdioDflt_readC22)
                  700658b0    00000150                                                           : enet_rm.obj (.text.EnetRm_delCoreAttached)
                  70065a00    0000014e     ti_enet_lwipif.o (.text.LwipifEnetApp_createPollTask)
                  70065b4e    00000002     --HOLE-- [fill = 0]
                  70065b50    0000014e     lwip-freertos.am263px.r5f.ti-arm-clang.debug.lib : sys_arch.obj (.text.sys_arch_unprotect)
                  70065c9e    00000002     --HOLE-- [fill = 0]
                  70065ca0    0000014e     freertos.am263px.r5f.ti-arm-clang.debug.lib : tasks.obj (.text.xTaskPriorityDisinherit)
                  70065dee    00000002     --HOLE-- [fill = 0]
                  70065df0    0000014c     enet-cpsw.am263px.r5f.ti-arm-clang.freertos.debug.lib : enet_cpdma.obj (.text.EnetDma_submitRxPktQ)
                  70065f3c    00000004     --HOLE-- [fill = 0]
                  70065f40    0000014c     freertos.am263px.r5f.ti-arm-clang.debug.lib : queue.obj (.text.xQueueReceiveFromISR)
                  7006608c    00000004     --HOLE-- [fill = 0]
                  70066090    00000148     enet-cpsw.am263px.r5f.ti-arm-clang.freertos.debug.lib : cpsw_ale.obj (.text.CpswAle_setPolicerPartitionLevel)
                  700661d8    00000008     --HOLE-- [fill = 0]
                  700661e0    00000148     lwip-freertos.am263px.r5f.ti-arm-clang.debug.lib : netif.obj (.text.netif_set_addr)
                  70066328    00000008     --HOLE-- [fill = 0]
                  70066330    00000148                                                      : tcp_in.obj (.text.tcp_timewait_input)
                  70066478    00000008     --HOLE-- [fill = 0]
                  70066480    00000148                                                      : udp.obj (.text.udp_sendto)
                  700665c8    00000008     --HOLE-- [fill = 0]
                  700665d0    00000146     enet-cpsw.am263px.r5f.ti-arm-clang.freertos.debug.lib : cpsw_ioctl.obj (.text.Cpsw_closePortLink)
                  70066716    0000000a     --HOLE-- [fill = 0]
                  70066720    00000146     lwip-freertos.am263px.r5f.ti-arm-clang.debug.lib : udp.obj (.text.udp_input_local_match)
                  70066866    0000000a     --HOLE-- [fill = 0]
                  70066870    00000144     freertos.am263px.r5f.ti-arm-clang.debug.lib : tasks.obj (.text.prvInitialiseNewTask)
                  700669b4    00000144     libc.a : setvbuf.c.obj (.text.setvbuf)
                  70066af8    00000008     --HOLE-- [fill = 0]
                  70066b00    00000144     lwip-freertos.am263px.r5f.ti-arm-clang.debug.lib : tcp.obj (.text.tcp_close_shutdown_fin)
                  70066c44    0000000c     --HOLE-- [fill = 0]
                  70066c50    00000142     enet-cpsw.am263px.r5f.ti-arm-clang.freertos.debug.lib : cpsw_ale_ioctl.obj (.text.CpswAle_delPortUcastEntries)
                  70066d92    0000000e     --HOLE-- [fill = 0]
                  70066da0    00000142     lwip-freertos.am263px.r5f.ti-arm-clang.debug.lib : igmp.obj (.text.igmp_lookup_group)
                  70066ee2    0000000e     --HOLE-- [fill = 0]
                  70066ef0    00000140                                                      : pbuf.obj (.text.pbuf_cat)
                  70067030    0000013e     enet-cpsw.am263px.r5f.ti-arm-clang.freertos.debug.lib : csl_cpsw_ale_9g_tblcfg.obj (.text.CSL_CPSW_setAleVlanUnicastAddrEntry)
                  7006716e    00000002     --HOLE-- [fill = 0]
                  70067170    0000013e                                                           : enet_cpdma.obj (.text.EnetCpdma_openTxCh)
                  700672ae    00000002     --HOLE-- [fill = 0]
                  700672b0    0000013e     drivers.am263px.r5f.ti-arm-clang.freertos.debug.lib : i2c_v1.obj (.text.I2C_mem_primeTransfer)
                  700673ee    00000002     --HOLE-- [fill = 0]
                  700673f0    0000013e     lwip-freertos.am263px.r5f.ti-arm-clang.debug.lib : pbuf.obj (.text.pbuf_copy_partial)
                  7006752e    00000002     --HOLE-- [fill = 0]
                  70067530    0000013a     board.am263px.r5f.ti-arm-clang.freertos.debug.lib : dp83869.obj (.text.Dp83869_enableAdvertisement)
                  7006766a    00000006     --HOLE-- [fill = 0]
                  70067670    0000013a     drivers.am263px.r5f.ti-arm-clang.freertos.debug.lib : edma.obj (.text.EDMA_isDmaChannelAllocated)
                  700677aa    00000006     --HOLE-- [fill = 0]
                  700677b0    0000013a     enet-cpsw.am263px.r5f.ti-arm-clang.freertos.debug.lib : enet_phymdio_dflt.obj (.text.EnetPhyMdioDflt_isAlive)
                  700678ea    00000006     --HOLE-- [fill = 0]
                  700678f0    0000013a                                                           : enet_phymdio_dflt.obj (.text.EnetPhyMdioDflt_isLinked)
                  70067a2a    00000006     --HOLE-- [fill = 0]
                  70067a30    0000013a                                                           : enet.obj (.text.Enet_ioctl)
                  70067b6a    00000006     --HOLE-- [fill = 0]
                  70067b70    0000013a     board.am263px.r5f.ti-arm-clang.freertos.debug.lib : generic_phy.obj (.text.GenericPhy_enableAdvertisement)
                  70067caa    00000006     --HOLE-- [fill = 0]
                  70067cb0    0000013a     drivers.am263px.r5f.ti-arm-clang.freertos.debug.lib : i2c_v1_lld.obj (.text.I2C_lld_mem_write)
                  70067dea    00000006     --HOLE-- [fill = 0]
                  70067df0    0000013a     lwip-freertos.am263px.r5f.ti-arm-clang.debug.lib : dhcp.obj (.text.dhcp_release_and_stop)
                  70067f2a    00000006     --HOLE-- [fill = 0]
                  70067f30    00000138     enet-cpsw.am263px.r5f.ti-arm-clang.freertos.debug.lib : cpsw_cpts_ioctl.obj (.text.CpswCpts_ioctl_handler_CPSW_CPTS_IOCTL_SET_ESTF)
                  70068068    00000008     --HOLE-- [fill = 0]
                  70068070    00000138     freertos.am263px.r5f.ti-arm-clang.debug.lib : printf.obj (.text._ntoa_long_long)
                  700681a8    00000008     --HOLE-- [fill = 0]
                  700681b0    00000136     board.am263px.r5f.ti-arm-clang.freertos.debug.lib : dp83869.obj (.text.Dp83869_disableAdvertisement)
                  700682e6    0000000a     --HOLE-- [fill = 0]
                  700682f0    00000136     enet-cpsw.am263px.r5f.ti-arm-clang.freertos.debug.lib : enet_appmemutils.obj (.text.EnetMem_initMemObjs)
                  70068426    0000000a     --HOLE-- [fill = 0]
                  70068430    00000136     board.am263px.r5f.ti-arm-clang.freertos.debug.lib : generic_phy.obj (.text.GenericPhy_disableAdvertisement)
                  70068566    0000000a     --HOLE-- [fill = 0]
                  70068570    00000136     drivers.am263px.r5f.ti-arm-clang.freertos.debug.lib : uart_v0_lld.obj (.text.UART_procLineStatusErr)
                  700686a6    0000000a     --HOLE-- [fill = 0]
                  700686b0    00000136     lwip-freertos.am263px.r5f.ti-arm-clang.debug.lib : tcp_out.obj (.text.tcp_rst_common)
                  700687e6    0000000a     --HOLE-- [fill = 0]
                  700687f0    00000134     drivers.am263px.r5f.ti-arm-clang.freertos.debug.lib : edma.obj (.text.EDMA_registerIntr)
                  70068924    0000000c     --HOLE-- [fill = 0]
                  70068930    00000134                                                         : uart_v0_lld.obj (.text.UART_writePolling)
                  70068a64    0000000c     --HOLE-- [fill = 0]
                  70068a70    00000134     freertos.am263px.r5f.ti-arm-clang.debug.lib : tasks.obj (.text.vTaskDelete)
                  70068ba4    0000000c     --HOLE-- [fill = 0]
                  70068bb0    00000132     enet-cpsw.am263px.r5f.ti-arm-clang.freertos.debug.lib : csl_cpsw_ale_9g_tblcfg.obj (.text.CSL_CPSW_setAleVlanMcastAddrEntry)
                  70068ce2    0000000e     --HOLE-- [fill = 0]
                  70068cf0    00000132                                                           : cpsw.obj (.text.Cpsw_dmaMiscIsr)
                  70068e22    0000000e     --HOLE-- [fill = 0]
                  70068e30    00000130                                                           : csl_cpsw_ale_9g_tblcfg.obj (.text.CSL_CPSW_setAleUnicastAddrEntry)
                  70068f60    00000130                                                           : enet.obj (.text.EnetPer_open)
                  70069090    00000130     lwip-freertos.am263px.r5f.ti-arm-clang.debug.lib : tcp_in.obj (.text.tcp_oos_insert_segment)
                  700691c0    0000012e                                                      : igmp.obj (.text.igmp_send)
                  700692ee    00000002     --HOLE-- [fill = 0]
                  700692f0    0000012e     xgw_udp_interface.o (.text.xgw_udp_send_imu_state)
                  7006941e    00000002     --HOLE-- [fill = 0]
                  70069420    0000012c     enet-cpsw.am263px.r5f.ti-arm-clang.freertos.debug.lib : enet_osal.obj (.text.EnetOsal_registerIntr)
                  7006954c    00000004     --HOLE-- [fill = 0]
                  70069550    0000012c                                                           : enet_rm.obj (.text.EnetRm_validateResPartInfo)
                  7006967c    00000004     --HOLE-- [fill = 0]
                  70069680    0000012c     drivers.am263px.r5f.ti-arm-clang.freertos.debug.lib : i2c_v1_lld.obj (.text.I2C_lld_mem_read)
                  700697ac    00000004     --HOLE-- [fill = 0]
                  700697b0    0000012c                                                         : uart_v0_lld.obj (.text.UART_lld_init)
                  700698dc    00000004     --HOLE-- [fill = 0]
                  700698e0    0000012c     freertos.am263px.r5f.ti-arm-clang.debug.lib : tasks.obj (.text.ulTaskGenericNotifyTake)
                  70069a0c    00000004     --HOLE-- [fill = 0]
                  70069a10    0000012a     enet-cpsw.am263px.r5f.ti-arm-clang.freertos.debug.lib : enet_utils.obj (.text.EnetUtils_macToPhyMii)
                  70069b3a    00000006     --HOLE-- [fill = 0]
                  70069b40    00000128                                                           : enet_cpdmautils.obj (.text.EnetAppUtils_isDescCached)
                  70069c68    00000008     --HOLE-- [fill = 0]
                  70069c70    00000128     drivers.am263px.r5f.ti-arm-clang.freertos.debug.lib : i2c_v1_lld.obj (.text.I2C_lld_mem_writeIntr)
                  70069d98    00000008     --HOLE-- [fill = 0]
                  70069da0    00000128     freertos.am263px.r5f.ti-arm-clang.debug.lib : port.obj (.text.pxPortInitialiseStack)
                  70069ec8    00000008     --HOLE-- [fill = 0]
                  70069ed0    00000126     drivers.am263px.r5f.ti-arm-clang.freertos.debug.lib : soc.obj (.text.SOC_controlModuleLockMMR)
                  70069ff6    0000000a     --HOLE-- [fill = 0]
                  7006a000    00000126     lwip-freertos.am263px.r5f.ti-arm-clang.debug.lib : pbuf.obj (.text.pbuf_take_at)
                  7006a126    0000000a     --HOLE-- [fill = 0]
                  7006a130    00000126                                                      : timeouts.obj (.text.sys_timeout_abs)
                  7006a256    0000000a     --HOLE-- [fill = 0]
                  7006a260    00000126                                                      : tcp_out.obj (.text.tcp_rexmit)
                  7006a386    0000000a     --HOLE-- [fill = 0]
                  7006a390    00000124     enet-cpsw.am263px.r5f.ti-arm-clang.freertos.debug.lib : csl_cpsw_ale_9g_tblcfg.obj (.text.CSL_CPSW_setAleMcastAddrEntry)
                  7006a4b4    0000000c     --HOLE-- [fill = 0]
                  7006a4c0    00000124                                                           : cpsw_ale.obj (.text.CpswAle_setIoctlHandlerFxn)
                  7006a5e4    0000000c     --HOLE-- [fill = 0]
                  7006a5f0    00000124                                                           : cpsw_cpts.obj (.text.CpswCpts_setIoctlHandlerFxn)
                  7006a714    0000000c     --HOLE-- [fill = 0]
                  7006a720    00000124                                                           : cpsw_hostport.obj (.text.CpswHostPort_setIoctlHandlerFxn)
                  7006a844    0000000c     --HOLE-- [fill = 0]
                  7006a850    00000124                                                           : cpsw_macport_est.obj (.text.CpswMacPortEst_setIoctlHandlerFxn)
                  7006a974    0000000c     --HOLE-- [fill = 0]
                  7006a980    00000124                                                           : cpsw_macport.obj (.text.CpswMacPort_setIoctlHandlerFxn)
                  7006aaa4    0000000c     --HOLE-- [fill = 0]
                  7006aab0    00000124                                                           : cpsw_stats.obj (.text.CpswStats_setIoctlHandlerFxn)
                  7006abd4    0000000c     --HOLE-- [fill = 0]
                  7006abe0    00000124                                                           : cpsw.obj (.text.Cpsw_initCfg)
                  7006ad04    0000000c     --HOLE-- [fill = 0]
                  7006ad10    00000124                                                           : cpsw.obj (.text.Cpsw_setIoctlHandlerFxn)
                  7006ae34    0000000c     --HOLE-- [fill = 0]
                  7006ae40    00000124                                                           : enet_phymdio_dflt.obj (.text.EnetPhyMdioDflt_setIoctlHandlerFxn)
                  7006af64    0000000c     --HOLE-- [fill = 0]
                  7006af70    00000124                                                           : enet_rm.obj (.text.EnetRm_setIoctlHandlerFxn)
                  7006b094    0000000c     --HOLE-- [fill = 0]
                  7006b0a0    00000124                                                           : mdio.obj (.text.Mdio_setIoctlHandlerFxn)
                  7006b1c4    0000000c     --HOLE-- [fill = 0]
                  7006b1d0    00000122                                                           : cpsw_ale_ioctl.obj (.text.CpswAle_addUcastAddr)
                  7006b2f2    0000000e     --HOLE-- [fill = 0]
                  7006b300    00000122     ti_enet_open_close.o (.text.EnetApp_driverClose)
                  7006b422    0000000e     --HOLE-- [fill = 0]
                  7006b430    00000120     enet-cpsw.am263px.r5f.ti-arm-clang.freertos.debug.lib : cpsw_est.obj (.text.CpswEst_setIoctlHandlerFxn)
                  7006b550    00000120                                                           : enet_rm_ioctl.obj (.text.EnetRm_allocInternalRxFlowIdx)
                  7006b670    00000120                                                           : mdio_manual_ioctl.obj (.text.Mdio_manualModePhyRegRead22)
                  7006b790    00000120     drivers.am263px.r5f.ti-arm-clang.freertos.debug.lib : soc_rcm.obj (.text.SOC_rcmGetPeripheralClockFrequency)
                  7006b8b0    0000011e     ti_enet_lwipif.o (.text.LwipifEnetApp_getRxChIDs)
                  7006b9ce    00000002     --HOLE-- [fill = 0]
                  7006b9d0    0000011e     enet-cpsw.am263px.r5f.ti-arm-clang.freertos.debug.lib : mdio_manual_ioctl.obj (.text.Mdio_manualModePhyRegValReadC45)
                  7006baee    00000002     --HOLE-- [fill = 0]
                  7006baf0    0000011e     lwip-freertos.am263px.r5f.ti-arm-clang.debug.lib : pbuf.obj (.text.pbuf_add_header_impl)
                  7006bc0e    00000002     --HOLE-- [fill = 0]
                  7006bc10    0000011e     freertos.am263px.r5f.ti-arm-clang.debug.lib : tasks.obj (.text.xTaskDelayUntil)
                  7006bd2e    00000002     --HOLE-- [fill = 0]
                  7006bd30    0000011c     enet-cpsw.am263px.r5f.ti-arm-clang.freertos.debug.lib : csl_cpsw_ale_9g_tblcfg.obj (.text.CSL_CPSW_setAleVlanEntry)
                  7006be4c    00000004     --HOLE-- [fill = 0]
                  7006be50    0000011c     ti_enet_open_close.o (.text.EnetAppUtils_openRxCh)
                  7006bf6c    00000004     --HOLE-- [fill = 0]
                  7006bf70    0000011c     enet-cpsw.am263px.r5f.ti-arm-clang.freertos.debug.lib : enet_cpdma.obj (.text.EnetCpdma_setSOPInfo)
                  7006c08c    00000004     --HOLE-- [fill = 0]
                  7006c090    0000011c                                                           : enet_queue.obj (.text.EnetQueue_append)
                  7006c1ac    00000004     --HOLE-- [fill = 0]
                  7006c1b0    0000011c                                                           : enet_utils.obj (.text.EnetUtils_delayNs)
                  7006c2cc    00000004     --HOLE-- [fill = 0]
                  7006c2d0    0000011c     ti_enet_lwipif.o (.text.LwipifEnetApp_netifOpen)
                  7006c3ec    00000004     --HOLE-- [fill = 0]
                  7006c3f0    0000011c     enet-cpsw.am263px.r5f.ti-arm-clang.freertos.debug.lib : mdio_ioctl.obj (.text.Mdio_writeRegC45)
                  7006c50c    00000004     --HOLE-- [fill = 0]
                  7006c510    0000011c     drivers.am263px.r5f.ti-arm-clang.freertos.debug.lib : uart_dma_edma.obj (.text.UART_lld_dmaRead)
                  7006c62c    00000004     --HOLE-- [fill = 0]
                  7006c630    0000011c     lwip-freertos.am263px.r5f.ti-arm-clang.debug.lib : tcp_out.obj (.text.tcp_rexmit_rto_prepare)
                  7006c74c    00000004     --HOLE-- [fill = 0]
                  7006c750    0000011a     enet-cpsw.am263px.r5f.ti-arm-clang.freertos.debug.lib : csl_cpsw_ale_9g_tblcfg.obj (.text.CSL_CPSW_setAleOutVlanEntry)
                  7006c86a    00000006     --HOLE-- [fill = 0]
                  7006c870    0000011a                                                           : enetphy.obj (.text.EnetPhy_setupManual)
                  7006c98a    00000006     --HOLE-- [fill = 0]
                  7006c990    0000011a     drivers.am263px.r5f.ti-arm-clang.freertos.debug.lib : i2c_v1_lld.obj (.text.I2C_lld_mem_readIntr)
                  7006caaa    00000006     --HOLE-- [fill = 0]
                  7006cab0    00000118     enet-cpsw.am263px.r5f.ti-arm-clang.freertos.debug.lib : enetphy.obj (.text.EnetPhy_resetWaitState)
                  7006cbc8    00000008     --HOLE-- [fill = 0]
                  7006cbd0    00000118                                                           : enetphy.obj (.text.EnetPhy_setupNway)
                  7006cce8    00000008     --HOLE-- [fill = 0]
                  7006ccf0    00000118     lwip-freertos.am263px.r5f.ti-arm-clang.debug.lib : sys_arch.obj (.text.sys_mbox_trypost)
                  7006ce08    00000008     --HOLE-- [fill = 0]
                  7006ce10    00000118                                                      : tcp.obj (.text.tcp_process_refused_data)
                  7006cf28    00000008     --HOLE-- [fill = 0]
                  7006cf30    00000118                                                      : tcp.obj (.text.tcp_update_rcv_ann_wnd)
                  7006d048    00000118     libclang_rt.builtins.a : udivmoddi4.S.obj (.text)
                  7006d160    00000116     drivers.am263px.r5f.ti-arm-clang.freertos.debug.lib : edma.obj (.text.EDMA_isTccAllocated)
                  7006d276    0000000a     --HOLE-- [fill = 0]
                  7006d280    00000116     enet-cpsw.am263px.r5f.ti-arm-clang.freertos.debug.lib : mdio_ioctl.obj (.text.Mdio_handleIntr)
                  7006d396    0000000a     --HOLE-- [fill = 0]
                  7006d3a0    00000116     drivers.am263px.r5f.ti-arm-clang.freertos.debug.lib : uart_v0_lld.obj (.text.UART_divisorLatchWrite)
                  7006d4b6    0000000a     --HOLE-- [fill = 0]
                  7006d4c0    00000114     freertos.am263px.r5f.ti-arm-clang.debug.lib : printf.obj (.text._ntoa_long)
                  7006d5d4    0000000c     --HOLE-- [fill = 0]
                  7006d5e0    00000112     enet-cpsw.am263px.r5f.ti-arm-clang.freertos.debug.lib : enetphy.obj (.text.EnetPhy_tick)
                  7006d6f2    0000000e     --HOLE-- [fill = 0]
                  7006d700    00000110     freertos.am263px.r5f.ti-arm-clang.debug.lib : DebugP_shmLogReader.obj (.text.DebugP_shmLogRead)
                  7006d810    00000110                                                 : DebugP_shmLogReader.obj (.text.DebugP_shmLogReaderTaskMain)
                  7006d920    00000110     enet-cpsw.am263px.r5f.ti-arm-clang.freertos.debug.lib : enetphy.obj (.text.EnetPhy_rmwReg)
                  7006da30    0000010e                                                           : enet_cpdma.obj (.text.EnetCpdma_initRxChannel)
                  7006db3e    00000002     --HOLE-- [fill = 0]
                  7006db40    0000010e     drivers.am263px.r5f.ti-arm-clang.freertos.debug.lib : soc_rcm.obj (.text.SOC_rcmADPLLJGetFOut)
                  7006dc4e    00000002     --HOLE-- [fill = 0]
                  7006dc50    0000010e     lwip-freertos.am263px.r5f.ti-arm-clang.debug.lib : netif.obj (.text.netif_do_set_ipaddr)
                  7006dd5e    00000002     --HOLE-- [fill = 0]
                  7006dd60    0000010e                                                      : udp.obj (.text.udp_sendto_if)
                  7006de6e    00000002     --HOLE-- [fill = 0]
                  7006de70    0000010e     freertos.am263px.r5f.ti-arm-clang.debug.lib : queue.obj (.text.xQueueGenericReset)
                  7006df7e    00000002     --HOLE-- [fill = 0]
                  7006df80    0000010c     enet-cpsw.am263px.r5f.ti-arm-clang.freertos.debug.lib : enet_cpdma.obj (.text.EnetCpdma_initTxChannel)
                  7006e08c    00000004     --HOLE-- [fill = 0]
                  7006e090    0000010c     lwip-freertos.am263px.r5f.ti-arm-clang.debug.lib : sys_arch.obj (.text.sys_arch_protect)
                  7006e19c    00000004     --HOLE-- [fill = 0]
                  7006e1a0    0000010c                                                      : udp.obj (.text.udp_connect)
                  7006e2ac    00000004     --HOLE-- [fill = 0]
                  7006e2b0    0000010a     enet-cpsw.am263px.r5f.ti-arm-clang.freertos.debug.lib : csl_cpsw.obj (.text.CSL_CPSW_setCpswControlReg)
                  7006e3ba    00000006     --HOLE-- [fill = 0]
                  7006e3c0    0000010a     drivers.am263px.r5f.ti-arm-clang.freertos.debug.lib : ipc_notify_v1.obj (.text.IpcNotify_sendMsg)
                  7006e4ca    00000006     --HOLE-- [fill = 0]
                  7006e4d0    00000108     lwip-freertos.am263px.r5f.ti-arm-clang.debug.lib : sys_arch.obj (.text.sys_mbox_new)
                  7006e5d8    00000008     --HOLE-- [fill = 0]
                  7006e5e0    00000108                                                      : tcp_out.obj (.text.tcp_output_alloc_header_common)
                  7006e6e8    00000008     --HOLE-- [fill = 0]
                  7006e6f0    00000106     ti_enet_open_close.o (.text.EnetApp_getRxDmaHandle)
                  7006e7f6    0000000a     --HOLE-- [fill = 0]
                  7006e800    00000106     enet-cpsw.am263px.r5f.ti-arm-clang.freertos.debug.lib : enet_rm.obj (.text.EnetRm_initTxObj)
                  7006e906    0000000a     --HOLE-- [fill = 0]
                  7006e910    00000106     freertos.am263px.r5f.ti-arm-clang.debug.lib : tasks.obj (.text.prvAddCurrentTaskToDelayedList)
                  7006ea16    0000000a     --HOLE-- [fill = 0]
                  7006ea20    00000104     enet-cpsw.am263px.r5f.ti-arm-clang.freertos.debug.lib : csl_cpsw.obj (.text.CSL_CPSW_setPortEstConfig)
                  7006eb24    0000000c     --HOLE-- [fill = 0]
                  7006eb30    00000104     drivers.am263px.r5f.ti-arm-clang.freertos.debug.lib : i2c_v1.obj (.text.I2C_close)
                  7006ec34    0000000c     --HOLE-- [fill = 0]
                  7006ec40    00000104     lwipif-cpsw-freertos.am263px.r5f.ti-arm-clang.debug.lib : lwip2lwipif.obj (.text.LWIPIF_LWIP_UdpLiteValidateChkSum)
                  7006ed44    0000000c     --HOLE-- [fill = 0]
                  7006ed50    00000104     drivers.am263px.r5f.ti-arm-clang.freertos.debug.lib : uart_v0_lld.obj (.text.UART_configInstance)
                  7006ee54    0000000c     --HOLE-- [fill = 0]
                  7006ee60    00000104     gateway_shared.o (.text.gateway_ringbuf_write)
                  7006ef64    0000000c     --HOLE-- [fill = 0]
                  7006ef70    00000100     enet-cpsw.am263px.r5f.ti-arm-clang.freertos.debug.lib : enet_osal.obj (.text.EnetOsal_createMutex)
                  7006f070    00000100                                                           : enetphy.obj (.text.EnetPhy_getId)
                  7006f170    000000fe                                                           : cpsw_stats.obj (.text.CpswStats_resetMacStats)
                  7006f26e    00000002     --HOLE-- [fill = 0]
                  7006f270    000000fe     lwip-freertos.am263px.r5f.ti-arm-clang.debug.lib : tcp_out.obj (.text.tcp_send_empty_ack)
                  7006f36e    00000002     --HOLE-- [fill = 0]
                  7006f370    000000fc     ti_enet_open_close.o (.text.EnetApp_createPhyStateHandlerTask)
                  7006f46c    00000004     --HOLE-- [fill = 0]
                  7006f470    000000fc     lwipif-cpsw-freertos.am263px.r5f.ti-arm-clang.debug.lib : lwip2enet.obj (.text.Lwip2Enet_sendTxPackets)
                  7006f56c    00000004     --HOLE-- [fill = 0]
                  7006f570    000000fc     gateway_shared.o (.text.gateway_ringbuf_core0_init)
                  7006f66c    00000004     --HOLE-- [fill = 0]
                  7006f670    000000fc     lwip-freertos.am263px.r5f.ti-arm-clang.debug.lib : ip4_addr.obj (.text.ip4addr_ntoa_r)
                  7006f76c    00000004     --HOLE-- [fill = 0]
                  7006f770    000000fc     test.o (.text.main_loop)
                  7006f86c    00000004     --HOLE-- [fill = 0]
                  7006f870    000000fa     enet-cpsw.am263px.r5f.ti-arm-clang.freertos.debug.lib : enet_cpdma_priv.obj (.text.EnetCpdmaStats_updateNotifyStats)
                  7006f96a    00000006     --HOLE-- [fill = 0]
                  7006f970    000000f8                                                           : csl_cpts.obj (.text.CSL_CPTS_setCntlReg)
                  7006fa68    00000008     --HOLE-- [fill = 0]
                  7006fa70    000000f8                                                           : cpsw.obj (.text.Cpsw_ioctlInternal)
                  7006fb68    00000008     --HOLE-- [fill = 0]
                  7006fb70    000000f6                                                           : cpsw_ioctl.obj (.text.Cpsw_internalIoctl_handler_ENET_PER_IOCTL_ATTACH_CORE)
                  7006fc66    0000000a     --HOLE-- [fill = 0]
                  7006fc70    000000f6                                                           : enetphy.obj (.text.EnetPhy_clearIsolateState)
                  7006fd66    0000000a     --HOLE-- [fill = 0]
                  7006fd70    000000f6                                                           : enetphy.obj (.text.EnetPhy_setIsolateState)
                  7006fe66    0000000a     --HOLE-- [fill = 0]
                  7006fe70    000000f6                                                           : enet_queue.obj (.text.EnetQueue_enq)
                  7006ff66    0000000a     --HOLE-- [fill = 0]
                  7006ff70    000000f6     lwip-freertos.am263px.r5f.ti-arm-clang.debug.lib : ip4_frag.obj (.text.ip_reass_remove_oldest_datagram)
                  70070066    0000000a     --HOLE-- [fill = 0]
                  70070070    000000f4     enet-cpsw.am263px.r5f.ti-arm-clang.freertos.debug.lib : cpsw.obj (.text.Cpsw_handleMdioLinkStateChange)
                  70070164    0000000c     --HOLE-- [fill = 0]
                  70070170    000000f4                                                           : enet.obj (.text.EnetPer_ioctl)
                  70070264    0000000c     --HOLE-- [fill = 0]
                  70070270    000000f4                                                           : enet.obj (.text.Enet_open)
                  70070364    0000000c     --HOLE-- [fill = 0]
                  70070370    000000f4     freertos.am263px.r5f.ti-arm-clang.debug.lib : tasks.obj (.text.prvCreateStaticTask)
                  70070464    0000000c     --HOLE-- [fill = 0]
                  70070470    000000f4     lwip-freertos.am263px.r5f.ti-arm-clang.debug.lib : tcp_out.obj (.text.tcp_output_control_segment_netif)
                  70070564    0000000c     --HOLE-- [fill = 0]
                  70070570    000000f4     test.o (.text.test_init)
                  70070664    0000000c     --HOLE-- [fill = 0]
                  70070670    000000f2     enet-cpsw.am263px.r5f.ti-arm-clang.freertos.debug.lib : cpsw_macport.obj (.text.CpswMacPort_setSwitchTxSched)
                  70070762    0000000e     --HOLE-- [fill = 0]
                  70070770    000000f2                                                           : enet_queue.obj (.text.EnetQueue_verifyQCount)
                  70070862    0000000e     --HOLE-- [fill = 0]
                  70070870    000000f0     drivers.am263px.r5f.ti-arm-clang.freertos.debug.lib : i2c_v1.obj (.text.I2C_LLD_targetTransferCompleteCallback)
                  70070960    000000f0     lwip-freertos.am263px.r5f.ti-arm-clang.debug.lib : sys_arch.obj (.text.sys_sem_signal)
                  70070a50    000000ee                                                      : tcp_out.obj (.text.tcp_rexmit_fast)
                  70070b3e    00000002     --HOLE-- [fill = 0]
                  70070b40    000000ec     enet-cpsw.am263px.r5f.ti-arm-clang.freertos.debug.lib : cpsw_ioctl.obj (.text.Cpsw_internalIoctl_handler_ENET_PER_IOCTL_OPEN_PORT_LINK)
                  70070c2c    00000004     --HOLE-- [fill = 0]
                  70070c30    000000ec                                                           : enet_rm_ioctl.obj (.text.EnetRm_addCoreAttached)
                  70070d1c    00000004     --HOLE-- [fill = 0]
                  70070d20    000000ec     freertos.am263px.r5f.ti-arm-clang.debug.lib : queue.obj (.text.xQueueGenericCreateStatic)
                  70070e0c    00000004     --HOLE-- [fill = 0]
                  70070e10    000000ea     enet-cpsw.am263px.r5f.ti-arm-clang.freertos.debug.lib : enetphy.obj (.text.EnetPhy_getManualCaps)
                  70070efa    00000006     --HOLE-- [fill = 0]
                  70070f00    000000ea     drivers.am263px.r5f.ti-arm-clang.freertos.debug.lib : i2c_v1_lld.obj (.text.I2C_lld_targetTransferIntr)
                  70070fea    00000006     --HOLE-- [fill = 0]
                  70070ff0    000000ea     ti_enet_lwipif.o (.text.LwipifEnetApp_getTxChIDs)
                  700710da    00000006     --HOLE-- [fill = 0]
                  700710e0    000000e8     enet-cpsw.am263px.r5f.ti-arm-clang.freertos.debug.lib : enetphy.obj (.text.EnetPhy_findCommonCaps)
                  700711c8    00000008     --HOLE-- [fill = 0]
                  700711d0    000000e8                                                           : enet_rm_ioctl.obj (.text.EnetRm_allocRxFlowIdx)
                  700712b8    00000008     --HOLE-- [fill = 0]
                  700712c0    000000e8                                                           : mdio.obj (.text.Mdio_close)
                  700713a8    00000008     --HOLE-- [fill = 0]
                  700713b0    000000e8     gateway_shared.o (.text.gateway_wait_motor_config_ready)
                  70071498    00000008     --HOLE-- [fill = 0]
                  700714a0    000000e8     lwip-freertos.am263px.r5f.ti-arm-clang.debug.lib : tcp.obj (.text.tcp_recved)
                  70071588    00000008     --HOLE-- [fill = 0]
                  70071590    000000e8                                                      : tcpip.obj (.text.tcpip_init)
                  70071678    00000008     --HOLE-- [fill = 0]
                  70071680    000000e6     board.am263px.r5f.ti-arm-clang.freertos.debug.lib : dp83869.obj (.text.Dp83869_setClkDelay)
                  70071766    0000000a     --HOLE-- [fill = 0]
                  70071770    000000e6     drivers.am263px.r5f.ti-arm-clang.freertos.debug.lib : soc_rcm.obj (.text.SOC_rcmGetCoreFout)
                  70071856    0000000a     --HOLE-- [fill = 0]
                  70071860    000000e6                                                         : soc_rcm.obj (.text.SOC_rcmGetPerFout)
                  70071946    0000000a     --HOLE-- [fill = 0]
                  70071950    000000e6     lwip-freertos.am263px.r5f.ti-arm-clang.debug.lib : tcp.obj (.text.tcp_fasttmr)
                  70071a36    0000000a     --HOLE-- [fill = 0]
                  70071a40    000000e4     enet-cpsw.am263px.r5f.ti-arm-clang.freertos.debug.lib : cpsw_macport.obj (.text.CpswMacPort_setInterface)
                  70071b24    0000000c     --HOLE-- [fill = 0]
                  70071b30    000000e4     drivers.am263px.r5f.ti-arm-clang.freertos.debug.lib : edma.obj (.text.EDMA_freeChannelRegion)
                  70071c14    0000000c     --HOLE-- [fill = 0]
                  70071c20    000000e4     enet-cpsw.am263px.r5f.ti-arm-clang.freertos.debug.lib : enet_rm.obj (.text.EnetRm_getFreeQ)
                  70071d04    0000000c     --HOLE-- [fill = 0]
                  70071d10    000000e2                                                           : csl_cpsw.obj (.text.CSL_CPSW_getAlePortControlReg)
                  70071df2    0000000e     --HOLE-- [fill = 0]
                  70071e00    000000e2                                                           : cpsw_ale.obj (.text.CpswAle_addDefaultEntries)
                  70071ee2    0000000e     --HOLE-- [fill = 0]
                  70071ef0    000000e2     drivers.am263px.r5f.ti-arm-clang.freertos.debug.lib : edma.obj (.text.EDMA_freeParam)
                  70071fd2    0000000e     --HOLE-- [fill = 0]
                  70071fe0    000000e2     enet-cpsw.am263px.r5f.ti-arm-clang.freertos.debug.lib : enet_rm_ioctl.obj (.text.EnetRm_freeMacAddr)
                  700720c2    0000000e     --HOLE-- [fill = 0]
[...]
700a0bf0  gStaticIP                                                              
700a0bf4  gStaticIPGateway                                                       
700a0bf8  gStaticIPNetmask                                                       
700a0bfc  ip_addr_any                                                            
700a0c00  ip_addr_broadcast                                                      
700a0c60  __BSS_START                                                            
700a0c60  memp_memory_POOL_1568_base                                             
700b387f  memp_memory_POOL_4096_base                                             
700bb920  memp_memory_POOL_128_base                                              
700c32d8  memp_memory_NETBUF_base                                                
700c42f7  memp_memory_PBUF_base                                                  
700c5316  memp_memory_TCPIP_MSG_API_base                                         
700c6335  memp_memory_TCPIP_MSG_INPKT_base                                       
700c7354  memp_memory_TCP_SEG_base                                               
700c8374  pfreeQ                                                                 
700cc100  memp_memory_SYS_MBOX_base                                              
700cd4a0  memp_memory_RX_POOL_base                                               
700cdcc0  gHwiCtrl                                                               
700d0f20  gFreePbufArr                                                           
700d1320  memp_memory_ARP_QUEUE_base                                             
700d16ff  memp_memory_TCP_PCB_base                                               
700d1d00  memp_memory_NETCONN_base                                               
700d24a8  memp_memory_SYS_TIMEOUT_base                                           
700d26e8  lwip_stats                                                             
700d28ec  memp_memory_FRAG_PBUF_base                                             
700d2c64  gEepromObject_CAT24M                                                   
700d2dd0  memp_memory_ALTCP_PCB_base                                             
700d2f2f  memp_memory_NETDB_base                                                 
700d308e  memp_memory_REASSDATA_base                                             
700d31f0  _CIOBUF_                                                               
700d31f0  __CIOBUF_                                                              
700d3310  memp_memory_IGMP_GROUP_base                                            
700d342f  memp_memory_TCP_PCB_LISTEN_base                                        
700d354e  memp_memory_UDP_PCB_base                                               
700d366d  pbuf_free_ooseq_pending                                                
700d3884  xQueueRegistry                                                         
700d3a74  gEnetUtilsObj                                                          
700d3b4c  gIpcNotifyCtrl                                                         
700d3c04  __TI_tmpnams                                                           
700d3ca8  gTaskP_ctrl                                                            
700d4208  gDebugShmLogReaderCtrl                                                 
700d431c  memp_memory_RAW_PCB_base                                               
700d439b  tcp_active_pcbs_changed                                                
700d4444  gRovDummyQueue                                                         
700d453c  memp_memory_PBUF_POOL_base                                             
700d4560  gClockCtrl                                                             
700d4578  ip_data                                                                
700d479c  virtToPhymap                                                           
700d47c0  parmbuf                                                                
700d489c  gEepromHandle                                                          
700d48a0  gI2cHandle                                                             
700d48a4  gInterface                                                             
700d48a8  gUartHandle                                                            
700d48ac  lock_tcpip_core                                                        
700d48b0  netif_default                                                          
700d48b4  netif_list                                                             
700d48b8  tcp_active_pcbs                                                        
700d48bc  tcp_bound_pcbs                                                         
700d48c0  tcp_input_pcb                                                          
700d48c4  tcp_listen_pcbs                                                        
700d48c8  tcp_ticks                                                              
700d48cc  tcp_tw_pcbs                                                            
700d48d0  udp_pcbs                                                               
700d48e0  __BSS_END                                                              
700d48e0  _sys_memory                                                            
700dc8e0  __stack                                                                
700e08e0  __STACK_END                                                            
700f8900  gEdmaConfig                                                            
700f8900  gEnetSoc_cpsw3g                                                        
700f8900  gUartDmaHandle                                                         
700fa460  gEnetSoc_dmaObj                                                        
700fccb0  gEnetSoc_cpsw3gMacObj                                                  
700fd050  gEnetCpswCfg                                                           
700fdc34  gEnetPhyDrvDp83869                                                     
700fdd38  gEnetPhyDrvGeneric                                                     
700fde3c  gIpcNotifyMailboxConfig                                                
700fe034  _ftable                                                                
700febf4  _device                                                                
700fef44  gUartParams                                                            
700ff040  _stream                                                                
700ff220  gEnetSoc_cpsw3gSocCfg                                                  
700ff288  gEnetMacAddrPool                                                       
700ff2b8  gSocModulesClockFrequency                                              
700ff308  gClockConfig                                                           
700ff368  gDmaCfg                                                                
700ff3e0  gIpcNotifyInterruptConfig_r5fss0_0                                     
700ff428  Cpsw_gSpeedNames                                                       
700ff438  gEepromFxns_CAT24M                                                     
700ff448  gIpcNotifyCoreIntrBitPos                                               
700ff458  gSocModules                                                            
700ff468  Cpsw_gDuplexNames                                                      
700ff474  gAddrTranslateConfig                                                   
700ff48c  gEepromAttrs_CAT24M                                                    
700ff498  gEepromConfig                                                          
700ff4a4  gEnetSoc_perObj                                                        
700ff4b0  gI2cParams                                                             
700ff4bc  __TI_cleanup_ptr                                                       
700ff4c0  __TI_dtors_ptr                                                         
700ff4c4  gEepromParams                                                          
700ff4cc  gI2cConfig                                                             
700ff4dc  gUartConfig                                                            
700ff4f8  FreeRTOS_errno                                                         
700ff4fc  __TI_ft_end                                                            
700ff500  _lock                                                                  
700ff504  _unlock                                                                
700ff514  gDebugLogZone                                                          
700ff518  gDebugP_uartDrvIndex                                                   
700ff51c  gEdmaConfigNum                                                         
700ff520  gEepromConfigNum                                                       
700ff524  gEnetOsalHwiAllocCnt                                                   
700ff528  gEnetOsalHwiPeak                                                       
700ff52c  gEnetOsalSemAllocCnt                                                   
700ff530  gEnetOsalSemPeak                                                       
700ff534  gHwiConfig                                                             
700ff538  gI2cConfigNum                                                          
700ff53c  gIpcNotifyInterruptConfigNum_r5fss0_0                                  
700ff540  gIpcTask                                                               
700ff544  gLogReaderTask                                                         
700ff548  gMainTask                                                              
700ff54c  gUartConfigNum                                                         
700ff550  gUartDmaChConfig                                                       
700ff554  gUdpTxTask                                                             
700ff55c  g_netif                                                                
700ff56c  hlwipIfApp                                                             
700ff578  pxCurrentTCB                                                           
700ff584  ulPortInterruptNesting                                                 
700ff588  ulPortSchedularRunning                                                 
700ff58c  ulPortTaskHasFPUContext                                                
700ff590  ulPortYieldRequired                                                    
700ff5f1  gEnetTrace_runtimeLevel                                                
700ff5f5  isMapAvailable                                                         
700ff601  HwiP_enableInt                                                         
700ff641  HwiP_disableInt                                                        
700ff6a1  HwiP_restoreInt                                                        
700ff6d1  HwiP_clearInt                                                          
700ff711  HwiP_post                                                              
700ff751  HwiP_Params_init                                                       
700ff781  HwiP_construct                                                         
700ff971  HwiP_destruct                                                          
700ff9e1  HwiP_init                                                              
700ffb91  HwiP_inISR                                                             
700ffbc1  HwiP_setVimIrqPriMaskNonAtomic                                         
700ffc11  HwiP_setVimIrqPriMaskAtomic                                            
700ffcb1  HwiP_restoreVimIrqPriMask                                              
700ffcc1  HwiP_irq_handler_c                                                     
700ffe61  HwiP_fiq_handler                                                       
700fffd1  HwiP_reserved_handler                                                  
70100011  HwiP_undefined_handler_c                                               
70100031  HwiP_user_undefined_handler_c                                          
70100051  HwiP_prefetch_abort_handler_c                                          
701000f1  HwiP_user_prefetch_abort_handler_c                                     
70100131  HwiP_data_abort_handler_c                                              
701001f1  HwiP_user_data_abort_handler_c                                         
7010022c  vPortRestoreTaskContext                                                
70100264  HwiP_svc_handler                                                       
701002d4  HwiP_irq_handler                                                       
70100418  HwiP_data_abort_handler                                                
7010045c  HwiP_prefetch_abort_handler                                            
701004a8  HwiP_undefined_handler                                                 
701004d8  GET_DFSR                                                               
701004e0  GET_ADFSR                                                              
701004e8  GET_DFAR                                                               
701004f0  GET_IFSR                                                               
701004f8  GET_AIFSR                                                              
70100500  GET_IFAR                                                               
70100508  GET_SPSR                                                               
7010051c  HwiP_disable                                                           
7010052c  HwiP_disableFIQ                                                        
7010053c  HwiP_enable                                                            
7010054c  HwiP_enableFIQ                                                         
7010055c  HwiP_restore                                                           
70100564  HwiP_enableVIC                                                         
70100574  HwiP_disableVIC                                                        
70100584  HwiP_getCPSR                                                           
70100590  CacheP_disableL1d                                                      
701005b8  CacheP_disableL1p                                                      
701005d0  CacheP_enableL1d                                                       
701005e8  CacheP_enableL1p                                                       
70100600  CacheP_invL1d                                                          
70100638  CacheP_invL1p                                                          
70100674  CacheP_invL1dAll                                                       
7010067c  CacheP_invL1pAll                                                       
70100684  CacheP_wb                                                              
701006c0  CacheP_wbInv                                                           
701006fc  CacheP_wbAll                                                           
701007a4  CacheP_wbInvAll                                                        
701007bc  CacheP_wbInvAllAsm                                                     
7010085c  CacheP_getEnabled                                                      
70100894  CacheP_getCacheLevelInfo                                               
701008a0  CacheP_configForceWrThru                                               
701008c0  CacheP_setDLFO                                                         
701008d1  CacheP_init                                                            
70100961  CacheP_disable                                                         
701009b1  CacheP_enable                                                          
701009f1  CacheP_inv                                                             
70100a31  MpuP_getAttrs                                                          
70100a91  MpuP_RegionAttrs_init                                                  
70100ac1  MpuP_setRegion                                                         
70100b51  MpuP_isEnable                                                          
70100b61  MpuP_disable                                                           
70100ba1  MpuP_enable                                                            
70100bf1  MpuP_init                                                              
70100c91  MpuP_isUserAuthorizedToAccessMemory                                    
70100d70  MpuP_disableAsm                                                        
70100d88  MpuP_disableBRAsm                                                      
70100d98  MpuP_enableAsm                                                         
70100db0  MpuP_enableBRAsm                                                       
70100dc0  MpuP_isEnableAsm                                                       
70100dd4  MpuP_setRegionAsm                                                      
70100df0  _c_int00_sbl                                                           
70100e14  _c_int00                                                               
70100f41  _DebugP_assertNoLog                                                    
70100f71  _system_pre_init                                                       
70100fa1  __mpu_init                                                             
70100fb0  abort                                                                  
70100fb8  __IRQ_STACK_START                                                      
701010b8  __FIQ_STACK_START                                                      
701010b8  __IRQ_STACK_END                                                        
701011b8  __FIQ_STACK_END                                                        
701011b8  __SVC_STACK_START                                                      
701021b8  __ABORT_STACK_START                                                    
701021b8  __SVC_STACK_END                                                        
701022b8  __ABORT_STACK_END                                                      
701022b8  __UNDEFINED_STACK_START                                                
701023b8  __UNDEFINED_STACK_END                                                  
70200000  gGatewaySharedMem                                                      
70204d30  dbg_ipc_recv_count                                                     
70204d34  dbg_udp_rx_count                                                       
70204d38  dbg_udp_tx_count                                                       
70204d3c  dbg_error_count                                                        
70204d40  dbg_last_error_code                                                    
70204d44  dbg_imu_frame_count                                                    
70208000  gDebugShmLog                                                           
ffffffff  __TI_pprof_out_hndl                                                    
ffffffff  __TI_prof_data_size                                                    
ffffffff  __TI_prof_data_start                                                   
ffffffff  __binit__                                                              
ffffffff  binit                                                                  
UNDEFED   __TI_CINIT_Base                                                        
UNDEFED   __TI_CINIT_Limit                                                       
UNDEFED   __TI_Handler_Table_Base                                                
UNDEFED   __TI_Handler_Table_Limit                                               
UNDEFED   _system_post_cinit                                                     

[1397 symbols]
