******************************************************************************
            TI ARM Clang Linker PC v4.0.4                      
******************************************************************************
>> Linked Thu Mar 26 21:26:01 2026

OUTPUT FILE NAME:   <ccu_ti_multi_core_freertos.out>
ENTRY POINT SYMBOL: "_vectors"  address: 00000000


MEMORY CONFIGURATION

         name            origin    length      used     unused   attr    fill
----------------------  --------  ---------  --------  --------  ----  --------
  R5F_VECS              00000000   00000040  00000040  00000000  RWIX
  R5F_TCMA              00000040   00007fc0  00000000  00007fc0  RWIX
  R5F_TCMB              00080000   00008000  00000000  00008000  RWIX
  MAILBOX_HSM           44000000   000003ce  00000000  000003ce  RWIX
  MAILBOX_R5F           44000400   000003ce  00000000  000003ce  RWIX
  FLASH                 60100000   00080000  00000000  00080000  RWIX
  SBL                   70000000   00040000  00000000  00040000  RWIX
  OCRAM                 70040000   000c0000  000a6810  000197f0  RWIX
  USER_SHM_MEM          70200000   00008000  000042e4  00003d1c  RWIX
  LOG_SHM_MEM           70208000   00004000  00002000  00002000  RWIX
  ENET_CPPI_DESC        70240000   00040000  00000a00  0003f600  RWIX
  RTOS_NORTOS_IPC_SHM_M 72000000   00003e80  00000000  00003e80  RWIX


SEGMENT ALLOCATION MAP

run origin  load origin   length   init length attrs members
----------  ----------- ---------- ----------- ----- -------
00000000    00000000    00000040   00000040    r-x
  00000000    00000000    00000040   00000040    r-x .vectors
70040000    70040000    0004eca0   00000000    rw-
  70040000    70040000    00042ca0   00000000    rw- .bss
  70082ca0    70082ca0    00008000   00000000    rw- .sysmem
  7008aca0    7008aca0    00004000   00000000    rw- .stack
7008eca0    7008eca0    0004ef68   0004ef68    r-x
  7008eca0    7008eca0    00041280   00041280    r-x .text
  700cff20    700cff20    0000dce8   0000dce8    r-- .rodata
700ddc08    700ddc08    00005e50   00005e50    rw-
  700ddc08    700ddc08    00005e50   00005e50    rw- .data
700e3a60    700e3a60    000019b8   000019b8    r-x
  700e3a60    700e3a60    00000f90   00000f90    r-x .text.hwi
  700e49f0    700e49f0    000004a0   000004a0    r-x .text.cache
  700e4e90    700e4e90    000003c0   000003c0    r-x .text.mpu
  700e5250    700e5250    000001c0   000001c0    r-x .text.boot
  700e5410    700e5410    00000008   00000008    r-x .text:abort
700e5418    700e5418    00001400   00000000    rw-
  700e5418    700e5418    00000100   00000000    rw- .irqstack
  700e5518    700e5518    00000100   00000000    rw- .fiqstack
  700e5618    700e5618    00001000   00000000    rw- .svcstack
  700e6618    700e6618    00000100   00000000    rw- .abortstack
  700e6718    700e6718    00000100   00000000    rw- .undefinedstack


SECTION ALLOCATION MAP

 output                                  attributes/
section   page    origin      length       input sections
--------  ----  ----------  ----------   ----------------
.vectors   0    00000000    00000040     
                  00000000    00000040     freertos.am263px.r5f.ti-arm-clang.debug.lib : HwiP_armv7r_vectors_freertos_asm.obj (.vectors)

.bss       0    70040000    00042ca0     UNINITIALIZED
                  70040000    00012c1f     (.common:memp_memory_POOL_1568_base)
                  70052c1f    00000001     lwip-freertos.am263px.r5f.ti-arm-clang.debug.lib : dhcp.obj (.bss.dhcp_pcb_refcount)
                  70052c20    00012000     ti_enet_config.o (.bss:ENET_DMA_PKT_MEMPOOL)
                  70064c20    0000409f     (.common:memp_memory_POOL_4096_base)
                  70068cbf    00000001     lwip-freertos.am263px.r5f.ti-arm-clang.debug.lib : sys_arch.obj (.bss.lwip_core_lock_count)
                  70068cc0    00004000     main.o (.bss.gEnetLwipTaskStack)
                  7006ccc0    00003e9f     (.common:memp_memory_POOL_128_base)
                  70070b5f    00000001     lwip-freertos.am263px.r5f.ti-arm-clang.debug.lib : tcp_in.obj (.bss.recv_flags)
                  70070b60    00001980     ti_enet_config.o (.bss.gAppPktInfoMem_LargePool)
                  700724e0    0000101f     (.common:memp_memory_NETBUF_base)
                  700734ff    0000101f     (.common:memp_memory_PBUF_base)
                  7007451e    0000101f     (.common:memp_memory_TCPIP_MSG_API_base)
                  7007553d    0000101f     (.common:memp_memory_TCPIP_MSG_INPKT_base)
                  7007655c    0000101f     (.common:memp_memory_TCP_SEG_base)
                  7007757b    00000001     lwip-freertos.am263px.r5f.ti-arm-clang.debug.lib : tcp.obj (.bss.tcp_timer)
                  7007757c    00000004                                                      : igmp.obj (.bss.allrouters)
                  70077580    00001000     freertos.am263px.r5f.ti-arm-clang.debug.lib : DebugP_shmLogReader_freertos.obj (.bss.gDebugShmLogReaderTaskStack)
                  70078580    00001000     main.o (.bss.gMainTaskStack)
                  70079580    00001000     freertos.am263px.r5f.ti-arm-clang.debug.lib : port.obj (.bss.uxIdleTaskStack)
                  7007a580    00000d80     ti_enet_open_close.o (.bss.gEnetAppSysCfgObj)
                  7007b300    00000b1f     (.common:memp_memory_SYS_MBOX_base)
                  7007be1f    00000001     lwip-freertos.am263px.r5f.ti-arm-clang.debug.lib : tcp.obj (.bss.tcp_timer_ctr)
                  7007be20    0000080c     (.common:gHwiCtrl)
                  7007c62c    00000014     freertos.am263px.r5f.ti-arm-clang.debug.lib : timers.obj (.bss.xActiveTimerList1)
                  7007c640    00000800     log_reader_task.o (.bss.gLogReaderTaskStack)
                  7007ce40    00000800     main.o (.bss.gUdpRxTaskStack)
                  7007d640    00000800     main.o (.bss.gUdpTxTaskStack)
                  7007de40    000005c0     enet-cpsw.am263px.r5f.ti-arm-clang.freertos.debug.lib : enet_osal.obj (.bss.gOsalSemPEnetOsalPool)
                  7007e400    00000440     lwip-freertos.am263px.r5f.ti-arm-clang.debug.lib : dns.obj (.bss.dns_table)
                  7007e840    00000430     enet-cpsw.am263px.r5f.ti-arm-clang.freertos.debug.lib : enetphy.obj (.bss.gEnetPhy_phyObjs)
                  7007ec70    00000010     lwip-freertos.am263px.r5f.ti-arm-clang.debug.lib : dns.obj (.bss.dns_pcbs)
                  7007ec80    00000400     main.o (.bss.gIpcTaskStack)
                  7007f080    00000400     freertos.am263px.r5f.ti-arm-clang.debug.lib : port.obj (.bss.uxTimerTaskStack)
                  7007f480    000003df     (.common:memp_memory_ARP_QUEUE_base)
                  7007f85f    0000033f     (.common:memp_memory_TCP_PCB_base)
                  7007fb9e    00000002     lwip-freertos.am263px.r5f.ti-arm-clang.debug.lib : ip4.obj (.bss.ip_id)
                  7007fba0    00000300     ti_enet_config.o (.bss.gAppPktInfoContainerMem_LargePool)
                  7007fea0    000002c0     ti_enet_config.o (.bss:ENET_CPDMA_OBJ_MEM)
                  70080160    0000029f     (.common:memp_memory_NETCONN_base)
                  700803ff    00000001     (.common:pbuf_free_ooseq_pending)
                  70080400    00000288     ti_drivers_config.o (.bss.gUartObjects)
                  70080688    00000280     freertos.am263px.r5f.ti-arm-clang.debug.lib : tasks.obj (.bss.pxReadyTasksLists)
                  70080908    0000023f     (.common:memp_memory_SYS_TIMEOUT_base)
                  70080b47    00000001     (.common:tcp_active_pcbs_changed)
                  70080b48    00000204     (.common:lwip_stats)
                  70080d4c    000001ff     (.common:memp_memory_FRAG_PBUF_base)
                  70080f4b    00000001     --HOLE--
                  70080f4c    00000178     ti_drivers_config.o (.bss.gI2cObjects)
                  700810c4    0000016c     (.common:gEepromObject_CAT24M)
                  70081230    0000015f     (.common:memp_memory_ALTCP_PCB_base)
                  7008138f    0000015f     (.common:memp_memory_NETDB_base)
                  700814ee    0000015f     (.common:memp_memory_REASSDATA_base)
                  7008164d    00000001     --HOLE--
                  7008164e    00000002     lwip-freertos.am263px.r5f.ti-arm-clang.debug.lib : ip4_frag.obj (.bss.ip_reass_pbufcount)
                  70081650    00000120     libsysbm.a : trgmsg.c.obj (.bss:_CIOBUF_)
                  70081770    0000011f     (.common:memp_memory_IGMP_GROUP_base)
                  7008188f    0000011f     (.common:memp_memory_TCP_PCB_LISTEN_base)
                  700819ae    0000011f     (.common:memp_memory_UDP_PCB_base)
                  70081acd    00000100     freertos.am263px.r5f.ti-arm-clang.debug.lib : timers.obj (.bss.prvCheckForValidListAndQueue.ucStaticTimerQueueStorage)
                  70081bcd    00000003     --HOLE--
                  70081bd0    00000100     (.common:xQueueRegistry)
                  70081cd0    000000f0     lwip-freertos.am263px.r5f.ti-arm-clang.debug.lib : etharp.obj (.bss.arp_table)
                  70081dc0    000000d8     (.common:gEnetUtilsObj)
                  70081e98    000000b8     (.common:gIpcNotifyCtrl)
                  70081f50    000000a0     libc.a : defs.c.obj (.bss.__TI_tmpnams)
                  70081ff0    000000a0     (.common:gTaskP_ctrl)
                  70082090    00000098     freertos.am263px.r5f.ti-arm-clang.debug.lib : DebugP_shmLogReader_freertos.obj (.bss.gDebugShmLogReaderTaskObj)
                  70082128    00000098     main.o (.bss.gEnetLwipTaskObj)
                  700821c0    00000098     main.o (.bss.gIpcTaskObj)
                  70082258    00000098     log_reader_task.o (.bss.gLogReaderTaskObj)
                  700822f0    00000098     main.o (.bss.gMainTaskObj)
                  70082388    00000098     main.o (.bss.gUdpRxTaskObj)
                  70082420    00000098     main.o (.bss.gUdpTxTaskObj)
                  700824b8    00000098     freertos.am263px.r5f.ti-arm-clang.debug.lib : port.obj (.bss.xIdleTaskTCB)
                  70082550    00000098                                                 : port.obj (.bss.xTimerTaskTCB)
                  700825e8    00000094     (.common:gDebugShmLogReaderCtrl)
                  7008267c    00000080     enet-cpsw.am263px.r5f.ti-arm-clang.freertos.debug.lib : enet_osal.obj (.bss.gOsalHwiPEnetOsalPool)
                  700826fc    0000007f     (.common:memp_memory_RAW_PCB_base)
                  7008277b    00000001     --HOLE--
                  7008277c    00000058     freertos.am263px.r5f.ti-arm-clang.debug.lib : DebugP_freertos.obj (.bss.gDebugLogLockObj)
                  700827d4    00000050                                                 : timers.obj (.bss.prvCheckForValidListAndQueue.xStaticTimerQueue)
                  70082824    00000050     (.common:gRovDummyQueue)
                  70082874    00000030     lwip-freertos.am263px.r5f.ti-arm-clang.debug.lib : dns.obj (.bss.dns_requests)
                  700828a4    00000030     main.o (.bss.g_motor_states)
                  700828d4    00000029     enet-cpsw.am263px.r5f.ti-arm-clang.freertos.debug.lib : enetphy.obj (.bss.gEnetPhyCapsBuf)
                  700828fd    00000003     --HOLE--
                  70082900    00000028     lwip-freertos.am263px.r5f.ti-arm-clang.debug.lib : dhcp.obj (.bss.dhcp_rx_options_val)
                  70082928    00000024     enet-cpsw.am263px.r5f.ti-arm-clang.freertos.debug.lib : enet_cpdma_priv.obj (.bss.gCpswDmaMemMgrObj)
                  7008294c    0000001f     (.common:memp_memory_PBUF_POOL_base)
                  7008296b    00000001     --HOLE--
                  7008296c    00000004     lwip-freertos.am263px.r5f.ti-arm-clang.debug.lib : igmp.obj (.bss.allsystems)
                  70082970    00000018     (.common:gClockCtrl)
                  70082988    00000018     (.common:ip_data)
                  700829a0    00000014     freertos.am263px.r5f.ti-arm-clang.debug.lib : timers.obj (.bss.xActiveTimerList2)
                  700829b4    00000014                                                 : tasks.obj (.bss.xDelayedTaskList1)
                  700829c8    00000014                                                 : tasks.obj (.bss.xDelayedTaskList2)
                  700829dc    00000014                                                 : tasks.obj (.bss.xPendingReadyList)
                  700829f0    00000014                                                 : tasks.obj (.bss.xSuspendedTaskList)
                  70082a04    00000014                                                 : tasks.obj (.bss.xTasksWaitingTermination)
                  70082a18    00000010     lwip-freertos.am263px.r5f.ti-arm-clang.debug.lib : memp.obj (.bss.memp_stats_ALTCP_PCB)
                  70082a28    00000010                                                      : memp.obj (.bss.memp_stats_ARP_QUEUE)
                  70082a38    00000010                                                      : memp.obj (.bss.memp_stats_FRAG_PBUF)
                  70082a48    00000010                                                      : memp.obj (.bss.memp_stats_IGMP_GROUP)
                  70082a58    00000010                                                      : memp.obj (.bss.memp_stats_NETBUF)
                  70082a68    00000010                                                      : memp.obj (.bss.memp_stats_NETCONN)
                  70082a78    00000010                                                      : memp.obj (.bss.memp_stats_NETDB)
                  70082a88    00000010                                                      : memp.obj (.bss.memp_stats_PBUF)
                  70082a98    00000010                                                      : memp.obj (.bss.memp_stats_PBUF_POOL)
                  70082aa8    00000010                                                      : memp.obj (.bss.memp_stats_POOL_128)
                  70082ab8    00000010                                                      : memp.obj (.bss.memp_stats_POOL_1568)
                  70082ac8    00000010                                                      : memp.obj (.bss.memp_stats_POOL_4096)
                  70082ad8    00000010                                                      : memp.obj (.bss.memp_stats_RAW_PCB)
                  70082ae8    00000010                                                      : memp.obj (.bss.memp_stats_REASSDATA)
                  70082af8    00000010                                                      : memp.obj (.bss.memp_stats_SYS_MBOX)
                  70082b08    00000010                                                      : memp.obj (.bss.memp_stats_SYS_TIMEOUT)
                  70082b18    00000010                                                      : memp.obj (.bss.memp_stats_TCPIP_MSG_API)
                  70082b28    00000010                                                      : memp.obj (.bss.memp_stats_TCPIP_MSG_INPKT)
                  70082b38    00000010                                                      : memp.obj (.bss.memp_stats_TCP_PCB)
                  70082b48    00000010                                                      : memp.obj (.bss.memp_stats_TCP_PCB_LISTEN)
                  70082b58    00000010                                                      : memp.obj (.bss.memp_stats_TCP_SEG)
                  70082b68    00000010                                                      : memp.obj (.bss.memp_stats_UDP_PCB)
                  70082b78    00000010     (.common:virtToPhymap)
                  70082b88    0000000a                                                      : dhcp.obj (.bss.dhcp_rx_options_given)
                  70082b92    00000002     --HOLE--
                  70082b94    00000008                                                      : dns.obj (.bss.dns_servers)
                  70082b9c    00000008     libsysbm.a : hostopen.c.obj (.bss.parmbuf)
                  70082ba4    00000004     lwip-freertos.am263px.r5f.ti-arm-clang.debug.lib : timeouts.obj (.bss.current_timeout_due_time)
                  70082ba8    00000004                                                      : dhcp.obj (.bss.dhcp_create_msg.xid)
                  70082bac    00000004                                                      : dhcp.obj (.bss.dhcp_pcb)
                  70082bb0    00000004                                                      : netif.obj (.bss.ext_callback)
                  70082bb4    00000004     freertos.am263px.r5f.ti-arm-clang.debug.lib : DebugP_shmLogReader_freertos.obj (.bss.gDebugShmLogReaderTask)
                  70082bb8    00000004                                                 : HwiP_armv7r_handlers_freertos.obj (.bss.gdummy)
                  70082bbc    00000004                                                 : HwiP_armv7r_vim.obj (.bss.gdummy)
                  70082bc0    00000004     lwip-freertos.am263px.r5f.ti-arm-clang.debug.lib : ip4.obj (.bss.ip4_default_multicast_netif)
                  70082bc4    00000004                                                      : sys_arch.obj (.bss.lwip_core_lock_holder_thread)
                  70082bc8    00000004                                                      : sys_arch.obj (.bss.lwip_tcpip_thread)
                  70082bcc    00000004                                                      : memp.obj (.bss.memp_tab_ALTCP_PCB)
                  70082bd0    00000004                                                      : memp.obj (.bss.memp_tab_ARP_QUEUE)
                  70082bd4    00000004                                                      : memp.obj (.bss.memp_tab_FRAG_PBUF)
                  70082bd8    00000004                                                      : memp.obj (.bss.memp_tab_IGMP_GROUP)
                  70082bdc    00000004                                                      : memp.obj (.bss.memp_tab_NETBUF)
                  70082be0    00000004                                                      : memp.obj (.bss.memp_tab_NETCONN)
                  70082be4    00000004                                                      : memp.obj (.bss.memp_tab_NETDB)
                  70082be8    00000004                                                      : memp.obj (.bss.memp_tab_PBUF)
                  70082bec    00000004                                                      : memp.obj (.bss.memp_tab_PBUF_POOL)
                  70082bf0    00000004                                                      : memp.obj (.bss.memp_tab_POOL_128)
                  70082bf4    00000004                                                      : memp.obj (.bss.memp_tab_POOL_1568)
                  70082bf8    00000004                                                      : memp.obj (.bss.memp_tab_POOL_4096)
                  70082bfc    00000004                                                      : memp.obj (.bss.memp_tab_RAW_PCB)
                  70082c00    00000004                                                      : memp.obj (.bss.memp_tab_REASSDATA)
                  70082c04    00000004                                                      : memp.obj (.bss.memp_tab_SYS_MBOX)
                  70082c08    00000004                                                      : memp.obj (.bss.memp_tab_SYS_TIMEOUT)
                  70082c0c    00000004                                                      : memp.obj (.bss.memp_tab_TCPIP_MSG_API)
                  70082c10    00000004                                                      : memp.obj (.bss.memp_tab_TCPIP_MSG_INPKT)
                  70082c14    00000004                                                      : memp.obj (.bss.memp_tab_TCP_PCB)
                  70082c18    00000004                                                      : memp.obj (.bss.memp_tab_TCP_PCB_LISTEN)
                  70082c1c    00000004                                                      : memp.obj (.bss.memp_tab_TCP_SEG)
                  70082c20    00000004                                                      : memp.obj (.bss.memp_tab_UDP_PCB)
                  70082c24    00000004                                                      : timeouts.obj (.bss.next_timeout)
                  70082c28    00000004     freertos.am263px.r5f.ti-arm-clang.debug.lib : timers.obj (.bss.pxCurrentTimerList)
                  70082c2c    00000004                                                 : tasks.obj (.bss.pxDelayedTaskList)
                  70082c30    00000004                                                 : tasks.obj (.bss.pxOverflowDelayedTaskList)
                  70082c34    00000004                                                 : timers.obj (.bss.pxOverflowTimerList)
                  70082c38    00000004     lwip-freertos.am263px.r5f.ti-arm-clang.debug.lib : raw.obj (.bss.raw_pcbs)
                  70082c3c    00000004                                                      : ip4_frag.obj (.bss.reassdatagrams)
                  70082c40    00000004                                                      : sys_arch.obj (.bss.sys_arch_protect_mutex)
                  70082c44    00000004                                                      : sys_arch.obj (.bss.sys_arch_protect_nesting)
                  70082c48    00000004     libc.a : memory.c.obj (.bss.sys_free)
                  70082c4c    00000004     lwip-freertos.am263px.r5f.ti-arm-clang.debug.lib : tcpip.obj (.bss.tcpip_init_done)
                  70082c50    00000004                                                      : tcpip.obj (.bss.tcpip_init_done_arg)
                  70082c54    00000004                                                      : tcpip.obj (.bss.tcpip_mbox)
                  70082c58    00000004     freertos.am263px.r5f.ti-arm-clang.debug.lib : tasks.obj (.bss.xIdleTaskHandles)
                  70082c5c    00000004     (.common:gEepromHandle)
                  70082c60    00000004     (.common:gI2cHandle)
                  70082c64    00000004     (.common:gUartHandle)
                  70082c68    00000004     (.common:lock_tcpip_core)
                  70082c6c    00000004     (.common:netif_default)
                  70082c70    00000004     (.common:netif_list)
                  70082c74    00000004     (.common:tcp_active_pcbs)
                  70082c78    00000004     (.common:tcp_bound_pcbs)
                  70082c7c    00000004     (.common:tcp_input_pcb)
                  70082c80    00000004     (.common:tcp_listen_pcbs)
                  70082c84    00000004     (.common:tcp_ticks)
                  70082c88    00000004     (.common:tcp_tw_pcbs)
                  70082c8c    00000004     (.common:udp_pcbs)
                  70082c90    00000010     --HOLE--

.sysmem    0    70082ca0    00008000     UNINITIALIZED
                  70082ca0    00000010     libc.a : memory.c.obj (.sysmem)
                  70082cb0    00007ff0     --HOLE--

.stack     0    7008aca0    00004000     UNINITIALIZED
                  7008aca0    00000004     freertos.am263px.r5f.ti-arm-clang.debug.lib : boot_armv7r_asm.obj (.stack)
                  7008aca4    00003ffc     --HOLE--

.text      0    7008eca0    00041280     
                  7008eca0    00000abe     enet-cpsw.am263px.r5f.ti-arm-clang.freertos.debug.lib : enet_cpdma.obj (.text.EnetCpdma_dequeueTx)
                  7008f75e    00000002     --HOLE-- [fill = 0]
                  7008f760    00000a34     freertos.am263px.r5f.ti-arm-clang.debug.lib : printf.obj (.text._vsnprintf)
                  70090194    0000000c     libclang_rt.builtins.a : aeabi_memset.S.obj (.text.__aeabi_memclr)
                  700901a0    0000099a     enet-cpsw.am263px.r5f.ti-arm-clang.freertos.debug.lib : enet_cpdma.obj (.text.EnetCpdma_dequeueRx)
                  70090b3a    00000002     --HOLE-- [fill = 0]
                  70090b3c    00000004     libclang_rt.builtins.a : aeabi_div0.c.obj (.text.__aeabi_idiv0)
                  70090b40    00000960     lwip-freertos.am263px.r5f.ti-arm-clang.debug.lib : tcp.obj (.text.tcp_slowtmr)
                  700914a0    000007a4     drivers.am263px.r5f.ti-arm-clang.freertos.debug.lib : i2c_v1_lld.obj (.text.I2C_lld_primeTransferPoll)
                  70091c44    0000000c     libc.a : memory.c.obj (.text.malloc)
                  70091c50    00000678     drivers.am263px.r5f.ti-arm-clang.freertos.debug.lib : soc_rcm.obj (.text.SOC_rcmGetClkSrcAndDivReg)
                  700922c8    00000008     libsysbm.a : hostexit.c.obj (.text.HOSTexit)
                  700922d0    00000654     lwip-freertos.am263px.r5f.ti-arm-clang.debug.lib : dhcp.obj (.text.dhcp_parse_reply)
                  70092924    0000000c     freertos.am263px.r5f.ti-arm-clang.debug.lib : CpuId_armv7r_asm.obj (.text)
                  70092930    00000638     drivers.am263px.r5f.ti-arm-clang.freertos.debug.lib : soc_rcm.obj (.text.SOC_rcmEnablePeripheralClock)
                  70092f68    00000004     libclang_rt.builtins.a : aeabi_div0.c.obj (.text.__aeabi_ldiv0)
                  70092f6c    00000004                            : aeabi_memcpy.S.obj (.text.__aeabi_memcpy)
                  70092f70    00000606     enet-cpsw.am263px.r5f.ti-arm-clang.freertos.debug.lib : enet_cpdma.obj (.text.EnetCpdma_enqueueRx)
                  70093576    00000002     --HOLE-- [fill = 0]
                  70093578    00000004     libc.a : _lock.c.obj (.text._nop)
                  7009357c    00000004            : fseek.c.obj (.text.fseek)
                  70093580    000005e2     freertos.am263px.r5f.ti-arm-clang.debug.lib : printf.obj (.text._ftoa)
                  70093b62    00000002     --HOLE-- [fill = 0]
                  70093b64    00000004     libsysbm.a : remove.c.obj (.text.remove)
                  70093b68    00000008     --HOLE-- [fill = 0]
                  70093b70    00000552     enet-cpsw.am263px.r5f.ti-arm-clang.freertos.debug.lib : cpsw_ale.obj (.text.CpswAle_open)
                  700940c2    0000000e     --HOLE-- [fill = 0]
                  700940d0    00000506                                                           : enet_cpdma.obj (.text.EnetCpdma_enqueueTx)
                  700945d6    0000000a     --HOLE-- [fill = 0]
                  700945e0    000004d8     lwip-freertos.am263px.r5f.ti-arm-clang.debug.lib : tcp_out.obj (.text.tcp_output)
                  70094ab8    00000008     --HOLE-- [fill = 0]
                  70094ac0    000004b0     freertos.am263px.r5f.ti-arm-clang.debug.lib : printf.obj (.text._etoa)
                  70094f70    00000466     board.am263px.r5f.ti-arm-clang.freertos.debug.lib : dp83869.obj (.text.Dp83869_printRegs)
                  700953d6    0000000a     --HOLE-- [fill = 0]
                  700953e0    00000446     enet-cpsw.am263px.r5f.ti-arm-clang.freertos.debug.lib : cpsw_macport.obj (.text.CpswMacPort_open)
                  70095826    0000000a     --HOLE-- [fill = 0]
                  70095830    0000043e                                                           : enet_rm.obj (.text.EnetRm_detachCore)
                  70095c6e    00000002     --HOLE-- [fill = 0]
                  70095c70    00000404     drivers.am263px.r5f.ti-arm-clang.freertos.debug.lib : uart_v0.obj (.text.UART_open)
                  70096074    0000000c     --HOLE-- [fill = 0]
                  70096080    000003e2     enet-cpsw.am263px.r5f.ti-arm-clang.freertos.debug.lib : enet_rm.obj (.text.EnetRm_close)
                  70096462    0000000e     --HOLE-- [fill = 0]
                  70096470    000003dc     drivers.am263px.r5f.ti-arm-clang.freertos.debug.lib : ipc_notify_v1.obj (.text.IpcNotify_init)
                  7009684c    000003dc     libc.a : _printfi.c.obj (.text:__TI_printfi_minimal)
                  70096c28    00000008     --HOLE-- [fill = 0]
                  70096c30    000003d2     drivers.am263px.r5f.ti-arm-clang.freertos.debug.lib : soc.obj (.text.SOC_phyToVirt)
                  70097002    0000000e     --HOLE-- [fill = 0]
                  70097010    000003ba     lwip-freertos.am263px.r5f.ti-arm-clang.debug.lib : udp.obj (.text.udp_sendto_if_src)
                  700973ca    00000006     --HOLE-- [fill = 0]
                  700973d0    000003b0                                                      : tcp_out.obj (.text.tcp_split_unsent_seg)
                  70097780    000003a2     enet-cpsw.am263px.r5f.ti-arm-clang.freertos.debug.lib : cpsw.obj (.text.Cpsw_registerIntrs)
                  70097b22    0000000e     --HOLE-- [fill = 0]
                  70097b30    00000398                                                           : mdio.obj (.text.Mdio_open)
                  70097ec8    00000018     libc.a : memset32.S.obj (.text:TI_memset_small)
                  70097ee0    00000390            : strcmp32.S.obj (.text:strcmp)
                  70098270    00000380     lwip-freertos.am263px.r5f.ti-arm-clang.debug.lib : ip4_frag.obj (.text.ip4_frag)
                  700985f0    0000036e     enet-cpsw.am263px.r5f.ti-arm-clang.freertos.debug.lib : cpsw.obj (.text.Cpsw_handleLinkDown)
                  7009895e    00000002     --HOLE-- [fill = 0]
                  70098960    0000036a                                                           : enet_appmemutils.obj (.text.EnetMem_initCore)
                  70098cca    00000006     --HOLE-- [fill = 0]
                  70098cd0    00000356     drivers.am263px.r5f.ti-arm-clang.freertos.debug.lib : i2c_v1.obj (.text.I2C_open)
                  70099026    0000000a     --HOLE-- [fill = 0]
                  70099030    0000034a     enet-cpsw.am263px.r5f.ti-arm-clang.freertos.debug.lib : cpsw.obj (.text.Cpsw_openInternal)
                  7009937a    00000006     --HOLE-- [fill = 0]
                  70099380    0000033a                                                           : cpsw_ioctl.obj (.text.Cpsw_openPortLinkNoPhy)
                  700996ba    00000006     --HOLE-- [fill = 0]
                  700996c0    00000330                                                           : cpsw.obj (.text.Cpsw_open)
                  700999f0    00000326     lwip-freertos.am263px.r5f.ti-arm-clang.debug.lib : ip4.obj (.text.ip4_output_if_opt_src)
                  70099d16    0000000a     --HOLE-- [fill = 0]
                  70099d20    0000031e                                                      : tcp_out.obj (.text.tcp_enqueue_flags)
                  7009a03e    00000002     --HOLE-- [fill = 0]
                  7009a040    00000302     drivers.am263px.r5f.ti-arm-clang.freertos.debug.lib : soc.obj (.text.SOC_virtToPhy)
                  7009a342    0000000e     --HOLE-- [fill = 0]
                  7009a350    000002f8     lwip-freertos.am263px.r5f.ti-arm-clang.debug.lib : pbuf.obj (.text.pbuf_alloc)
                  7009a648    00000008     --HOLE-- [fill = 0]
                  7009a650    000002f2     enet-cpsw.am263px.r5f.ti-arm-clang.freertos.debug.lib : enet_cpdma.obj (.text.EnetCpdma_open)
                  7009a942    0000000e     --HOLE-- [fill = 0]
                  7009a950    000002e6                                                           : csl_cpsw.obj (.text.CSL_CPSW_setPortRxDscpMap)
                  7009ac36    0000000a     --HOLE-- [fill = 0]
                  7009ac40    000002e6     ti_enet_open_close.o (.text.EnetApp_driverOpen)
                  7009af26    0000000a     --HOLE-- [fill = 0]
                  7009af30    000002da     enet-cpsw.am263px.r5f.ti-arm-clang.freertos.debug.lib : cpsw.obj (.text.Cpsw_periodicTick)
                  7009b20a    00000006     --HOLE-- [fill = 0]
                  7009b210    000002d2                                                           : enetphy.obj (.text.EnetPhy_enableState)
                  7009b4e2    0000000e     --HOLE-- [fill = 0]
                  7009b4f0    000002bc     lwip-freertos.am263px.r5f.ti-arm-clang.debug.lib : tcp_out.obj (.text.tcp_output_segment)
                  7009b7ac    00000004     --HOLE-- [fill = 0]
                  7009b7b0    000002ba     drivers.am263px.r5f.ti-arm-clang.freertos.debug.lib : i2c_v1_lld.obj (.text.I2C_lld_controllerIsr)
                  7009ba6a    00000006     --HOLE-- [fill = 0]
                  7009ba70    000002ba     lwip-freertos.am263px.r5f.ti-arm-clang.debug.lib : pbuf.obj (.text.pbuf_copy_partial_pbuf)
                  7009bd2a    00000006     --HOLE-- [fill = 0]
                  7009bd30    000002b8     enet-cpsw.am263px.r5f.ti-arm-clang.freertos.debug.lib : cpsw.obj (.text.Cpsw_handleLinkUp)
                  7009bfe8    00000008     --HOLE-- [fill = 0]
                  7009bff0    000002a8                                                           : cpsw_ale.obj (.text.CpswAle_addVlan)
                  7009c298    00000008     --HOLE-- [fill = 0]
                  7009c2a0    0000029a     drivers.am263px.r5f.ti-arm-clang.freertos.debug.lib : i2c_v1_lld.obj (.text.I2C_lld_targetIsr)
                  7009c53a    00000006     --HOLE-- [fill = 0]
                  7009c540    00000296     lwip-freertos.am263px.r5f.ti-arm-clang.debug.lib : tcp.obj (.text.tcp_close_shutdown)
                  7009c7d6    0000000a     --HOLE-- [fill = 0]
                  7009c7e0    00000290     enet-cpsw.am263px.r5f.ti-arm-clang.freertos.debug.lib : cpsw.obj (.text.Cpsw_registerIoctlHandler)
                  7009ca70    0000028e                                                           : csl_cpsw.obj (.text.CSL_CPSW_setAlePolicerEntry)
                  7009ccfe    00000002     --HOLE-- [fill = 0]
                  7009cd00    0000028c     xgw_udp_interface.o (.text.xgw_udp_process_motor_cmd)
                  7009cf8c    00000004     --HOLE-- [fill = 0]
                  7009cf90    00000286     enet-cpsw.am263px.r5f.ti-arm-clang.freertos.debug.lib : csl_cpsw.obj (.text.CSL_CPSW_getAlePolicerEntry)
                  7009d216    0000000a     --HOLE-- [fill = 0]
                  7009d220    0000027e                                                           : cpsw_ale.obj (.text.CpswAle_findVlan)
                  7009d49e    00000002     --HOLE-- [fill = 0]
                  7009d4a0    0000027e     drivers.am263px.r5f.ti-arm-clang.freertos.debug.lib : uart_dma_edma.obj (.text.UART_edmaChInit)
                  7009d71e    00000002     --HOLE-- [fill = 0]
                  7009d720    0000027a     enet-cpsw.am263px.r5f.ti-arm-clang.freertos.debug.lib : cpsw.obj (.text.Cpsw_ioctl)
                  7009d99a    00000006     --HOLE-- [fill = 0]
                  7009d9a0    00000266                                                           : cpsw_est_ioctl.obj (.text.CpswEst_ioctl_handler_ENET_TAS_IOCTL_SET_STATE)
                  7009dc06    0000000a     --HOLE-- [fill = 0]
                  7009dc10    00000266     freertos.am263px.r5f.ti-arm-clang.debug.lib : tasks.obj (.text.xTaskIncrementTick)
                  7009de76    0000000a     --HOLE-- [fill = 0]
                  7009de80    0000025a     lwip-freertos.am263px.r5f.ti-arm-clang.debug.lib : ip4_frag.obj (.text.ip_reass_free_complete_datagram)
                  7009e0da    00000006     --HOLE-- [fill = 0]
                  7009e0e0    0000025a     freertos.am263px.r5f.ti-arm-clang.debug.lib : tasks.obj (.text.xTaskResumeAll)
                  7009e33a    00000006     --HOLE-- [fill = 0]
                  7009e340    00000250     drivers.am263px.r5f.ti-arm-clang.freertos.debug.lib : edma.obj (.text.Alloc_resource)
                  7009e590    0000024c     enet-cpsw.am263px.r5f.ti-arm-clang.freertos.debug.lib : cpsw_macport_ioctl.obj (.text.CpswMacPort_enablePort)
                  7009e7dc    00000004     --HOLE-- [fill = 0]
                  7009e7e0    00000246     lwip-freertos.am263px.r5f.ti-arm-clang.debug.lib : dns.obj (.text.dns_send)
                  7009ea26    0000000a     --HOLE-- [fill = 0]
                  7009ea30    00000242     enet-cpsw.am263px.r5f.ti-arm-clang.freertos.debug.lib : enetphy.obj (.text.EnetPhy_bindDriver)
                  7009ec72    0000000e     --HOLE-- [fill = 0]
                  7009ec80    00000242     drivers.am263px.r5f.ti-arm-clang.freertos.debug.lib : uart_v0_lld.obj (.text.UART_fifoConfig)
                  7009eec2    0000000e     --HOLE-- [fill = 0]
                  7009eed0    0000023e     enet-cpsw.am263px.r5f.ti-arm-clang.freertos.debug.lib : cpsw_cpts_ioctl.obj (.text.CpswCpts_handleEvents)
                  7009f10e    00000002     --HOLE-- [fill = 0]
                  7009f110    0000023e     freertos.am263px.r5f.ti-arm-clang.debug.lib : printf.obj (.text._ntoa_format)
                  7009f34e    00000002     --HOLE-- [fill = 0]
                  7009f350    00000234     enet-cpsw.am263px.r5f.ti-arm-clang.freertos.debug.lib : cpsw_hostport.obj (.text.CpswHostPort_open)
                  7009f584    0000000c     --HOLE-- [fill = 0]
                  7009f590    0000022e     main.o (.text.ipc_process_task)
                  7009f7be    00000002     --HOLE-- [fill = 0]
                  7009f7c0    0000022c     enet-cpsw.am263px.r5f.ti-arm-clang.freertos.debug.lib : enet_cpdma_priv.obj (.text.EnetCpdma_memMgrInit)
                  7009f9ec    00000004     --HOLE-- [fill = 0]
                  7009f9f0    0000022a     lwip-freertos.am263px.r5f.ti-arm-clang.debug.lib : dhcp.obj (.text.dhcp_select)
                  7009fc1a    00000006     --HOLE-- [fill = 0]
                  7009fc20    00000226     drivers.am263px.r5f.ti-arm-clang.freertos.debug.lib : uart_dma_edma.obj (.text.UART_lld_dmaDeInit)
                  7009fe46    0000000a     --HOLE-- [fill = 0]
                  7009fe50    00000222                                                         : ipc_notify_v1.obj (.text.IpcNotify_isr)
                  700a0072    0000000e     --HOLE-- [fill = 0]
                  700a0080    00000220     enet-cpsw.am263px.r5f.ti-arm-clang.freertos.debug.lib : enet_rm_ioctl.obj (.text.EnetRm_allocMacAddr)
                  700a02a0    00000220     freertos.am263px.r5f.ti-arm-clang.debug.lib : tasks.obj (.text.vTaskGenericNotifyGiveFromISR)
                  700a04c0    00000220                                                 : queue.obj (.text.xQueueGenericSend)
                  700a06e0    0000021a     enet-cpsw.am263px.r5f.ti-arm-clang.freertos.debug.lib : cpsw_stats.obj (.text.CpswStats_open)
                  700a08fa    00000006     --HOLE-- [fill = 0]
                  700a0900    0000020a     lwip-freertos.am263px.r5f.ti-arm-clang.debug.lib : tcp.obj (.text.tcp_pcb_remove)
                  700a0b0a    00000006     --HOLE-- [fill = 0]
                  700a0b10    0000020a     freertos.am263px.r5f.ti-arm-clang.debug.lib : queue.obj (.text.xQueueSemaphoreTake)
                  700a0d1a    00000006     --HOLE-- [fill = 0]
                  700a0d20    00000206     enet-cpsw.am263px.r5f.ti-arm-clang.freertos.debug.lib : cpsw_cpts.obj (.text.CpswCpts_open)
                  700a0f26    0000000a     --HOLE-- [fill = 0]
                  700a0f30    00000206     lwip-freertos.am263px.r5f.ti-arm-clang.debug.lib : dhcp.obj (.text.dhcp_recv)
                  700a1136    0000000a     --HOLE-- [fill = 0]
                  700a1140    00000204     enet-cpsw.am263px.r5f.ti-arm-clang.freertos.debug.lib : enetphy.obj (.text.EnetPhy_open)
                  700a1344    0000000c     --HOLE-- [fill = 0]
                  700a1350    000001fe                                                           : cpsw_stats_ioctl.obj (.text.CpswStats_readHostStats)
                  700a154e    00000002     --HOLE-- [fill = 0]
                  700a1550    000001fe     lwip-freertos.am263px.r5f.ti-arm-clang.debug.lib : pbuf.obj (.text.pbuf_free)
                  700a174e    00000002     --HOLE-- [fill = 0]
                  700a1750    000001f6                                                      : dhcp.obj (.text.dhcp_create_msg)
                  700a1946    0000000a     --HOLE-- [fill = 0]
                  700a1950    000001f2     drivers.am263px.r5f.ti-arm-clang.freertos.debug.lib : i2c_v1.obj (.text.I2C_primeTransfer)
                  700a1b42    0000000e     --HOLE-- [fill = 0]
                  700a1b50    000001f2                                                         : i2c_v1.obj (.text.I2C_transfer)
                  700a1d42    0000000e     --HOLE-- [fill = 0]
                  700a1d50    000001ee     enet-cpsw.am263px.r5f.ti-arm-clang.freertos.debug.lib : cpsw_ale.obj (.text.CpswAle_setAleCfg)
                  700a1f3e    00000002     --HOLE-- [fill = 0]
                  700a1f40    000001ee                                                           : cpsw_ioctl.obj (.text.Cpsw_openPortLinkWithPhy)
                  700a212e    00000002     --HOLE-- [fill = 0]
                  700a2130    000001ea                                                           : cpsw_hostport.obj (.text.CpswHostPort_ioctl)
                  700a231a    00000006     --HOLE-- [fill = 0]
                  700a2320    000001ea                                                           : cpsw_stats.obj (.text.CpswStats_ioctl)
                  700a250a    00000006     --HOLE-- [fill = 0]
                  700a2510    000001ea                                                           : cpsw_ioctl.obj (.text.Cpsw_openPortLink)
                  700a26fa    00000006     --HOLE-- [fill = 0]
                  700a2700    000001ea     lwip-freertos.am263px.r5f.ti-arm-clang.debug.lib : tcp.obj (.text.tcp_abandon)
                  700a28ea    00000006     --HOLE-- [fill = 0]
                  700a28f0    000001e2     ti_enet_open_close.o (.text.EnetApp_initLinkArgs)
                  700a2ad2    0000000e     --HOLE-- [fill = 0]
                  700a2ae0    000001e2     lwip-freertos.am263px.r5f.ti-arm-clang.debug.lib : pbuf.obj (.text.pbuf_realloc)
                  700a2cc2    0000000e     --HOLE-- [fill = 0]
                  700a2cd0    000001e0     enet-cpsw.am263px.r5f.ti-arm-clang.freertos.debug.lib : cpsw_stats_ioctl.obj (.text.CpswStats_readMacStats)
                  700a2eb0    000001e0     lwip-freertos.am263px.r5f.ti-arm-clang.debug.lib : dhcp.obj (.text.dhcp_bind)
                  700a3090    000001da     enet-cpsw.am263px.r5f.ti-arm-clang.freertos.debug.lib : enet.obj (.text.Enet_validateIoctl)
                  700a326a    00000006     --HOLE-- [fill = 0]
                  700a3270    000001d8     freertos.am263px.r5f.ti-arm-clang.debug.lib : queue.obj (.text.xQueueReceive)
                  700a3448    00000008     --HOLE-- [fill = 0]
                  700a3450    000001d6                                                 : TimerP_rti_priv.obj (.text.TimerP_setupPriv)
                  700a3626    0000000a     --HOLE-- [fill = 0]
                  700a3630    000001d4     enet-cpsw.am263px.r5f.ti-arm-clang.freertos.debug.lib : mdio.obj (.text.Mdio_ioctl)
                  700a3804    000001d0     libclang_rt.builtins.a : udivsi3.S.obj (.text.__udivsi3)
                  700a39d4    0000000c     --HOLE-- [fill = 0]
                  700a39e0    000001d0     main.o (.text.freertos_main)
                  700a3bb0    000001c8     lwip-freertos.am263px.r5f.ti-arm-clang.debug.lib : etharp.obj (.text.etharp_raw)
                  700a3d78    00000008     --HOLE-- [fill = 0]
                  700a3d80    000001c6     enet-cpsw.am263px.r5f.ti-arm-clang.freertos.debug.lib : enet_rm_ioctl.obj (.text.EnetRm_allocTxChNum)
                  700a3f46    0000000a     --HOLE-- [fill = 0]
                  700a3f50    000001c6     lwip-freertos.am263px.r5f.ti-arm-clang.debug.lib : tcp_out.obj (.text.tcp_create_segment)
                  700a4116    0000000a     --HOLE-- [fill = 0]
                  700a4120    000001c2     enet-cpsw.am263px.r5f.ti-arm-clang.freertos.debug.lib : enet.obj (.text.Enet_validateGenericIoctl)
                  700a42e2    0000000e     --HOLE-- [fill = 0]
                  700a42f0    000001bc     freertos.am263px.r5f.ti-arm-clang.debug.lib : tasks.obj (.text.xTaskRemoveFromEventList)
                  700a44ac    00000004     --HOLE-- [fill = 0]
                  700a44b0    000001b4     enet-cpsw.am263px.r5f.ti-arm-clang.freertos.debug.lib : enet_rm.obj (.text.EnetRm_open)
                  700a4664    0000000c     --HOLE-- [fill = 0]
                  700a4670    000001b0                                                           : cpsw_ale.obj (.text.CpswAle_delPolicerEntry)
                  700a4820    000001b0     main.o (.text.core0_init)
                  700a49d0    000001b0     lwip-freertos.am263px.r5f.ti-arm-clang.debug.lib : dns.obj (.text.dns_call_found)
                  700a4b80    000001ae     ti_enet_open_close.o (.text.EnetApp_ConfigureDscpMapping)
                  700a4d2e    00000002     --HOLE-- [fill = 0]
                  700a4d30    000001ac     drivers.am263px.r5f.ti-arm-clang.freertos.debug.lib : uart_v0.obj (.text.UART_close)
                  700a4edc    00000004     --HOLE-- [fill = 0]
                  700a4ee0    000001aa     enet-cpsw.am263px.r5f.ti-arm-clang.freertos.debug.lib : mdio_ioctl.obj (.text.Mdio_readRegC45)
                  700a508a    00000006     --HOLE-- [fill = 0]
                  700a5090    000001aa     drivers.am263px.r5f.ti-arm-clang.freertos.debug.lib : uart_dma_edma.obj (.text.UART_lld_dmaWrite)
                  700a523a    00000006     --HOLE-- [fill = 0]
                  700a5240    000001aa     lwip-freertos.am263px.r5f.ti-arm-clang.debug.lib : mem.obj (.text.mem_free)
                  700a53ea    00000002     --HOLE-- [fill = 0]
                  700a53ec    000001a8     libc.a : memory.c.obj (.text.free)
                  700a5594    000001a4            : memory.c.obj (.text.aligned_alloc)
                  700a5738    00000008     --HOLE-- [fill = 0]
                  700a5740    000001a4     freertos.am263px.r5f.ti-arm-clang.debug.lib : timers.obj (.text.prvProcessReceivedCommands)
                  700a58e4    0000000c     --HOLE-- [fill = 0]
                  700a58f0    000001a0     drivers.am263px.r5f.ti-arm-clang.freertos.debug.lib : uart_v0.obj (.text.UART_write)
                  700a5a90    000001a0     lwip-freertos.am263px.r5f.ti-arm-clang.debug.lib : pbuf.obj (.text.pbuf_take)
                  700a5c30    000001a0     freertos.am263px.r5f.ti-arm-clang.debug.lib : tasks.obj (.text.vTaskSwitchContext)
                  700a5dd0    0000019e     enet-cpsw.am263px.r5f.ti-arm-clang.freertos.debug.lib : cpsw_ale_ioctl.obj (.text.CpswAle_addMcastAddr)
                  700a5f6e    00000002     --HOLE-- [fill = 0]
                  700a5f70    0000019c     libc.a : fputs.c.obj (.text.fputs)
                  700a610c    00000004     --HOLE-- [fill = 0]
                  700a6110    0000019a     enet-cpsw.am263px.r5f.ti-arm-clang.freertos.debug.lib : cpsw_cpts.obj (.text.CpswCpts_ioctl)
                  700a62aa    00000006     --HOLE-- [fill = 0]
                  700a62b0    0000019a     lwip-freertos.am263px.r5f.ti-arm-clang.debug.lib : dns.obj (.text.dns_check_entry)
                  700a644a    00000006     --HOLE-- [fill = 0]
                  700a6450    0000019a     freertos.am263px.r5f.ti-arm-clang.debug.lib : tasks.obj (.text.vTaskPriorityDisinheritAfterTimeout)
                  700a65ea    00000006     --HOLE-- [fill = 0]
                  700a65f0    00000198     drivers.am263px.r5f.ti-arm-clang.freertos.debug.lib : uart_v0_lld.obj (.text.UART_lld_controllerIsr)
                  700a6788    00000008     --HOLE-- [fill = 0]
                  700a6790    00000196     lwip-freertos.am263px.r5f.ti-arm-clang.debug.lib : dhcp.obj (.text.dhcp_reboot)
                  700a6926    0000000a     --HOLE-- [fill = 0]
                  700a6930    00000194     enet-cpsw.am263px.r5f.ti-arm-clang.freertos.debug.lib : cpsw_ale.obj (.text.CpswAle_ioctl)
                  700a6ac4    0000000c     --HOLE-- [fill = 0]
                  700a6ad0    00000194                                                           : cpsw_macport.obj (.text.CpswMacPort_ioctl)
                  700a6c64    0000000c     --HOLE-- [fill = 0]
                  700a6c70    00000192     lwip-freertos.am263px.r5f.ti-arm-clang.debug.lib : tcp_out.obj (.text.tcp_zero_window_probe)
                  700a6e02    0000000e     --HOLE-- [fill = 0]
                  700a6e10    0000018a     enet-cpsw.am263px.r5f.ti-arm-clang.freertos.debug.lib : enet_rm.obj (.text.EnetRm_ioctl)
                  700a6f9a    00000006     --HOLE-- [fill = 0]
                  700a6fa0    0000018a     lwip-freertos.am263px.r5f.ti-arm-clang.debug.lib : sys_arch.obj (.text.sys_arch_mbox_fetch)
                  700a712a    00000006     --HOLE-- [fill = 0]
                  700a7130    00000188     freertos.am263px.r5f.ti-arm-clang.debug.lib : ClockP_freertos_r5.obj (.text.ClockP_init)
                  700a72b8    00000008     --HOLE-- [fill = 0]
                  700a72c0    00000186     lwip-freertos.am263px.r5f.ti-arm-clang.debug.lib : acd.obj (.text.acd_tmr)
                  700a7446    0000000a     --HOLE-- [fill = 0]
                  700a7450    00000178     freertos.am263px.r5f.ti-arm-clang.debug.lib : DebugP_shmLogReader.obj (.text.DebugP_shmLogReaderGetString)
                  700a75c8    00000008     --HOLE-- [fill = 0]
                  700a75d0    00000178     enet-cpsw.am263px.r5f.ti-arm-clang.freertos.debug.lib : enet_rm.obj (.text.EnetRm_initRxObj)
                  700a7748    00000008     --HOLE-- [fill = 0]
                  700a7750    00000178     lwip-freertos.am263px.r5f.ti-arm-clang.debug.lib : udp.obj (.text.udp_bind)
                  700a78c8    00000008     --HOLE-- [fill = 0]
                  700a78d0    00000176     enet-cpsw.am263px.r5f.ti-arm-clang.freertos.debug.lib : cpsw_macport_est.obj (.text.CpswEst_setState)
                  700a7a46    0000000a     --HOLE-- [fill = 0]
                  700a7a50    00000176     lwip-freertos.am263px.r5f.ti-arm-clang.debug.lib : dhcp.obj (.text.dhcp_discover)
                  700a7bc6    0000000a     --HOLE-- [fill = 0]
                  700a7bd0    00000176                                                      : icmp.obj (.text.icmp_send_response)
                  700a7d46    0000000a     --HOLE-- [fill = 0]
                  700a7d50    00000176                                                      : sys_arch.obj (.text.sys_sem_new)
                  700a7ec6    0000000a     --HOLE-- [fill = 0]
                  700a7ed0    00000174     enet-cpsw.am263px.r5f.ti-arm-clang.freertos.debug.lib : enetphy.obj (.text.EnetPhy_getLinkStatus)
                  700a8044    0000000c     --HOLE-- [fill = 0]
                  700a8050    00000172     board.am263px.r5f.ti-arm-clang.freertos.debug.lib : eeprom_cat24m.obj (.text.EEPROM_CAT24M_write)
                  700a81c2    0000000e     --HOLE-- [fill = 0]
                  700a81d0    00000172     lwip-freertos.am263px.r5f.ti-arm-clang.debug.lib : ip4.obj (.text.ip4_route)
                  700a8342    0000000e     --HOLE-- [fill = 0]
                  700a8350    00000172                                                      : sys_arch.obj (.text.sys_arch_sem_wait)
                  700a84c2    0000000e     --HOLE-- [fill = 0]
                  700a84d0    00000170     freertos.am263px.r5f.ti-arm-clang.debug.lib : queue.obj (.text.xQueueGiveFromISR)
                  700a8640    00000168     enet-cpsw.am263px.r5f.ti-arm-clang.freertos.debug.lib : enet_cpdma.obj (.text.EnetCpdma_rxIsrProc)
                  700a87a8    00000008     --HOLE-- [fill = 0]
                  700a87b0    00000168                                                           : enet_phymdio_dflt.obj (.text.EnetPhyMdioDflt_writeC45)
                  700a8918    00000008     --HOLE-- [fill = 0]
                  700a8920    00000166                                                           : enet_cpdma.obj (.text.EnetCpdma_openRxCh)
                  700a8a86    0000000a     --HOLE-- [fill = 0]
                  700a8a90    00000166     drivers.am263px.r5f.ti-arm-clang.freertos.debug.lib : i2c_v1_lld.obj (.text.I2C_lld_primeTransferIntr)
                  700a8bf6    0000000a     --HOLE-- [fill = 0]
                  700a8c00    00000166     freertos.am263px.r5f.ti-arm-clang.debug.lib : TaskP_freertos.obj (.text.TaskP_assertParams)
                  700a8d66    0000000a     --HOLE-- [fill = 0]
                  700a8d70    00000166     lwip-freertos.am263px.r5f.ti-arm-clang.debug.lib : mem.obj (.text.mem_malloc)
                  700a8ed6    0000000a     --HOLE-- [fill = 0]
                  700a8ee0    00000164     board.am263px.r5f.ti-arm-clang.freertos.debug.lib : dp83869.obj (.text.Dp83869_config)
                  700a9044    0000000c     --HOLE-- [fill = 0]
                  700a9050    00000164     enet-cpsw.am263px.r5f.ti-arm-clang.freertos.debug.lib : enet_rm.obj (.text.EnetRm_initHwPushObj)
                  700a91b4    0000000c     --HOLE-- [fill = 0]
                  700a91c0    00000162     drivers.am263px.r5f.ti-arm-clang.freertos.debug.lib : edma.obj (.text.EDMA_unregisterIntr)
                  700a9322    0000000e     --HOLE-- [fill = 0]
                  700a9330    00000162     enet-cpsw.am263px.r5f.ti-arm-clang.freertos.debug.lib : enet_phymdio_dflt.obj (.text.EnetPhyMdioDflt_readC45)
                  700a9492    0000000e     --HOLE-- [fill = 0]
                  700a94a0    00000162     xgw_udp_interface.o (.text.xgw_udp_send_motor_states)
                  700a9602    0000000e     --HOLE-- [fill = 0]
                  700a9610    00000160     enet-cpsw.am263px.r5f.ti-arm-clang.freertos.debug.lib : csl_cpsw.obj (.text.CSL_CPSW_setAlePortControlReg)
                  700a9770    00000160     drivers.am263px.r5f.ti-arm-clang.freertos.debug.lib : i2c_v1_lld.obj (.text.I2C_lld_init)
                  700a98d0    00000160     lwip-freertos.am263px.r5f.ti-arm-clang.debug.lib : inet_chksum.obj (.text.inet_cksum_pseudo_partial_base)
                  700a9a30    0000015e                                                      : dhcp.obj (.text.dhcp_renew)
                  700a9b8e    00000002     --HOLE-- [fill = 0]
                  700a9b90    0000015e     xgw_udp_interface.o (.text.xgw_udp_start)
                  700a9cee    00000002     --HOLE-- [fill = 0]
                  700a9cf0    0000015c     enet-cpsw.am263px.r5f.ti-arm-clang.freertos.debug.lib : enet_cpdma.obj (.text.EnetCpdma_txIsr)
                  700a9e4c    00000004     --HOLE-- [fill = 0]
                  700a9e50    0000015c                                                           : enet_rm.obj (.text.EnetRm_initMacObj)
                  700a9fac    00000004     --HOLE-- [fill = 0]
                  700a9fb0    0000015c     main.o (.text.build_and_send_udp_packet)
                  700aa10c    00000004     --HOLE-- [fill = 0]
                  700aa110    0000015c     lwip-freertos.am263px.r5f.ti-arm-clang.debug.lib : dhcp.obj (.text.dhcp_rebind)
                  700aa26c    00000004     --HOLE-- [fill = 0]
                  700aa270    0000015c     freertos.am263px.r5f.ti-arm-clang.debug.lib : tasks.obj (.text.prvAddNewTaskToReadyList)
                  700aa3cc    00000004     --HOLE-- [fill = 0]
                  700aa3d0    0000015c                                                 : tasks.obj (.text.xTaskPriorityInherit)
                  700aa52c    00000004     --HOLE-- [fill = 0]
                  700aa530    0000015a     enet-cpsw.am263px.r5f.ti-arm-clang.freertos.debug.lib : enet_cpdma.obj (.text.EnetCpdma_netChOpen)
                  700aa68a    00000006     --HOLE-- [fill = 0]
                  700aa690    0000015a     lwip-freertos.am263px.r5f.ti-arm-clang.debug.lib : dhcp.obj (.text.dhcp_start)
                  700aa7ea    00000006     --HOLE-- [fill = 0]
                  700aa7f0    00000158     enet-cpsw.am263px.r5f.ti-arm-clang.freertos.debug.lib : cpsw_ale.obj (.text.CpswAle_initCfg)
                  700aa948    00000008     --HOLE-- [fill = 0]
                  700aa950    00000158     ti_enet_config.o (.text.EnetApp_initializeMacAddrPool)
                  700aaaa8    00000008     --HOLE-- [fill = 0]
                  700aaab0    00000158     enet-cpsw.am263px.r5f.ti-arm-clang.freertos.debug.lib : enet_phymdio_dflt.obj (.text.EnetPhyMdioDflt_writeC22)
                  700aac08    00000008     --HOLE-- [fill = 0]
                  700aac10    00000158     drivers.am263px.r5f.ti-arm-clang.freertos.debug.lib : soc.obj (.text.SOC_controlModuleUnlockMMR)
                  700aad68    00000008     --HOLE-- [fill = 0]
                  700aad70    00000158     lwip-freertos.am263px.r5f.ti-arm-clang.debug.lib : dhcp.obj (.text.dhcp_handle_ack)
                  700aaec8    00000008     --HOLE-- [fill = 0]
                  700aaed0    00000158                                                      : etharp.obj (.text.etharp_tmr)
                  700ab028    00000008     --HOLE-- [fill = 0]
                  700ab030    00000152     drivers.am263px.r5f.ti-arm-clang.freertos.debug.lib : uart_v0_lld.obj (.text.UART_lld_initDma)
                  700ab182    0000000e     --HOLE-- [fill = 0]
                  700ab190    00000150     enet-cpsw.am263px.r5f.ti-arm-clang.freertos.debug.lib : enet_phymdio_dflt.obj (.text.EnetPhyMdioDflt_readC22)
                  700ab2e0    00000150                                                           : enet_rm.obj (.text.EnetRm_delCoreAttached)
                  700ab430    0000014e     lwip-freertos.am263px.r5f.ti-arm-clang.debug.lib : sys_arch.obj (.text.sys_arch_unprotect)
                  700ab57e    00000002     --HOLE-- [fill = 0]
                  700ab580    0000014e     freertos.am263px.r5f.ti-arm-clang.debug.lib : tasks.obj (.text.xTaskPriorityDisinherit)
                  700ab6ce    00000002     --HOLE-- [fill = 0]
                  700ab6d0    0000014c                                                 : queue.obj (.text.xQueueReceiveFromISR)
                  700ab81c    00000004     --HOLE-- [fill = 0]
                  700ab820    00000148     enet-cpsw.am263px.r5f.ti-arm-clang.freertos.debug.lib : cpsw_ale.obj (.text.CpswAle_setPolicerPartitionLevel)
                  700ab968    00000008     --HOLE-- [fill = 0]
                  700ab970    00000148     lwip-freertos.am263px.r5f.ti-arm-clang.debug.lib : netif.obj (.text.netif_set_addr)
                  700abab8    00000008     --HOLE-- [fill = 0]
                  700abac0    00000148                                                      : udp.obj (.text.udp_sendto)
                  700abc08    00000008     --HOLE-- [fill = 0]
                  700abc10    00000146     enet-cpsw.am263px.r5f.ti-arm-clang.freertos.debug.lib : cpsw_ioctl.obj (.text.Cpsw_closePortLink)
                  700abd56    0000000a     --HOLE-- [fill = 0]
                  700abd60    00000144     freertos.am263px.r5f.ti-arm-clang.debug.lib : tasks.obj (.text.prvInitialiseNewTask)
                  700abea4    00000144     libc.a : setvbuf.c.obj (.text.setvbuf)
                  700abfe8    00000008     --HOLE-- [fill = 0]
                  700abff0    00000144     lwip-freertos.am263px.r5f.ti-arm-clang.debug.lib : tcp.obj (.text.tcp_close_shutdown_fin)
                  700ac134    0000000c     --HOLE-- [fill = 0]
                  700ac140    00000142     enet-cpsw.am263px.r5f.ti-arm-clang.freertos.debug.lib : cpsw_ale_ioctl.obj (.text.CpswAle_delPortUcastEntries)
                  700ac282    0000000e     --HOLE-- [fill = 0]
                  700ac290    00000140     lwip-freertos.am263px.r5f.ti-arm-clang.debug.lib : pbuf.obj (.text.pbuf_cat)
                  700ac3d0    0000013e     enet-cpsw.am263px.r5f.ti-arm-clang.freertos.debug.lib : csl_cpsw_ale_9g_tblcfg.obj (.text.CSL_CPSW_setAleVlanUnicastAddrEntry)
                  700ac50e    00000002     --HOLE-- [fill = 0]
                  700ac510    0000013e                                                           : enet_cpdma.obj (.text.EnetCpdma_openTxCh)
                  700ac64e    00000002     --HOLE-- [fill = 0]
                  700ac650    0000013e     drivers.am263px.r5f.ti-arm-clang.freertos.debug.lib : i2c_v1.obj (.text.I2C_mem_primeTransfer)
                  700ac78e    00000002     --HOLE-- [fill = 0]
                  700ac790    0000013e     lwip-freertos.am263px.r5f.ti-arm-clang.debug.lib : pbuf.obj (.text.pbuf_copy_partial)
                  700ac8ce    00000002     --HOLE-- [fill = 0]
                  700ac8d0    0000013a     board.am263px.r5f.ti-arm-clang.freertos.debug.lib : dp83869.obj (.text.Dp83869_enableAdvertisement)
                  700aca0a    00000006     --HOLE-- [fill = 0]
                  700aca10    0000013a     drivers.am263px.r5f.ti-arm-clang.freertos.debug.lib : edma.obj (.text.EDMA_isDmaChannelAllocated)
                  700acb4a    00000006     --HOLE-- [fill = 0]
                  700acb50    0000013a     enet-cpsw.am263px.r5f.ti-arm-clang.freertos.debug.lib : enet_phymdio_dflt.obj (.text.EnetPhyMdioDflt_isAlive)
                  700acc8a    00000006     --HOLE-- [fill = 0]
                  700acc90    0000013a                                                           : enet_phymdio_dflt.obj (.text.EnetPhyMdioDflt_isLinked)
                  700acdca    00000006     --HOLE-- [fill = 0]
                  700acdd0    0000013a                                                           : enet.obj (.text.Enet_ioctl)
                  700acf0a    00000006     --HOLE-- [fill = 0]
                  700acf10    0000013a     board.am263px.r5f.ti-arm-clang.freertos.debug.lib : generic_phy.obj (.text.GenericPhy_enableAdvertisement)
                  700ad04a    00000006     --HOLE-- [fill = 0]
                  700ad050    0000013a     drivers.am263px.r5f.ti-arm-clang.freertos.debug.lib : i2c_v1_lld.obj (.text.I2C_lld_mem_write)
                  700ad18a    00000006     --HOLE-- [fill = 0]
                  700ad190    0000013a     lwip-freertos.am263px.r5f.ti-arm-clang.debug.lib : dhcp.obj (.text.dhcp_release_and_stop)
                  700ad2ca    00000006     --HOLE-- [fill = 0]
                  700ad2d0    00000138     enet-cpsw.am263px.r5f.ti-arm-clang.freertos.debug.lib : cpsw_cpts_ioctl.obj (.text.CpswCpts_ioctl_handler_CPSW_CPTS_IOCTL_SET_ESTF)
                  700ad408    00000008     --HOLE-- [fill = 0]
                  700ad410    00000138     freertos.am263px.r5f.ti-arm-clang.debug.lib : printf.obj (.text._ntoa_long_long)
                  700ad548    00000008     --HOLE-- [fill = 0]
                  700ad550    00000136     board.am263px.r5f.ti-arm-clang.freertos.debug.lib : dp83869.obj (.text.Dp83869_disableAdvertisement)
                  700ad686    0000000a     --HOLE-- [fill = 0]
                  700ad690    00000136     enet-cpsw.am263px.r5f.ti-arm-clang.freertos.debug.lib : enet_appmemutils.obj (.text.EnetMem_initMemObjs)
                  700ad7c6    0000000a     --HOLE-- [fill = 0]
                  700ad7d0    00000136     board.am263px.r5f.ti-arm-clang.freertos.debug.lib : generic_phy.obj (.text.GenericPhy_disableAdvertisement)
                  700ad906    0000000a     --HOLE-- [fill = 0]
                  700ad910    00000136     drivers.am263px.r5f.ti-arm-clang.freertos.debug.lib : uart_v0_lld.obj (.text.UART_procLineStatusErr)
                  700ada46    0000000a     --HOLE-- [fill = 0]
                  700ada50    00000136     lwip-freertos.am263px.r5f.ti-arm-clang.debug.lib : tcp_out.obj (.text.tcp_rst_common)
                  700adb86    0000000a     --HOLE-- [fill = 0]
                  700adb90    00000134     drivers.am263px.r5f.ti-arm-clang.freertos.debug.lib : edma.obj (.text.EDMA_registerIntr)
                  700adcc4    0000000c     --HOLE-- [fill = 0]
                  700adcd0    00000134                                                         : uart_v0_lld.obj (.text.UART_writePolling)
                  700ade04    0000000c     --HOLE-- [fill = 0]
                  700ade10    00000134     freertos.am263px.r5f.ti-arm-clang.debug.lib : tasks.obj (.text.vTaskDelete)
                  700adf44    0000000c     --HOLE-- [fill = 0]
                  700adf50    00000132     enet-cpsw.am263px.r5f.ti-arm-clang.freertos.debug.lib : csl_cpsw_ale_9g_tblcfg.obj (.text.CSL_CPSW_setAleVlanMcastAddrEntry)
                  700ae082    0000000e     --HOLE-- [fill = 0]
                  700ae090    00000132                                                           : cpsw.obj (.text.Cpsw_dmaMiscIsr)
                  700ae1c2    0000000e     --HOLE-- [fill = 0]
                  700ae1d0    00000130                                                           : csl_cpsw_ale_9g_tblcfg.obj (.text.CSL_CPSW_setAleUnicastAddrEntry)
                  700ae300    00000130                                                           : enet.obj (.text.EnetPer_open)
                  700ae430    0000012e     lwip-freertos.am263px.r5f.ti-arm-clang.debug.lib : igmp.obj (.text.igmp_send)
                  700ae55e    00000002     --HOLE-- [fill = 0]
                  700ae560    0000012c     enet-cpsw.am263px.r5f.ti-arm-clang.freertos.debug.lib : enet_osal.obj (.text.EnetOsal_registerIntr)
                  700ae68c    00000004     --HOLE-- [fill = 0]
                  700ae690    0000012c                                                           : enet_rm.obj (.text.EnetRm_validateResPartInfo)
                  700ae7bc    00000004     --HOLE-- [fill = 0]
                  700ae7c0    0000012c     drivers.am263px.r5f.ti-arm-clang.freertos.debug.lib : i2c_v1_lld.obj (.text.I2C_lld_mem_read)
                  700ae8ec    00000004     --HOLE-- [fill = 0]
                  700ae8f0    0000012c                                                         : uart_v0_lld.obj (.text.UART_lld_init)
                  700aea1c    00000004     --HOLE-- [fill = 0]
                  700aea20    0000012c     freertos.am263px.r5f.ti-arm-clang.debug.lib : tasks.obj (.text.ulTaskGenericNotifyTake)
                  700aeb4c    00000004     --HOLE-- [fill = 0]
                  700aeb50    0000012a     enet-cpsw.am263px.r5f.ti-arm-clang.freertos.debug.lib : enet_utils.obj (.text.EnetUtils_macToPhyMii)
                  700aec7a    00000006     --HOLE-- [fill = 0]
                  700aec80    00000128                                                           : enet_cpdmautils.obj (.text.EnetAppUtils_isDescCached)
                  700aeda8    00000008     --HOLE-- [fill = 0]
                  700aedb0    00000128     drivers.am263px.r5f.ti-arm-clang.freertos.debug.lib : i2c_v1_lld.obj (.text.I2C_lld_mem_writeIntr)
                  700aeed8    00000008     --HOLE-- [fill = 0]
                  700aeee0    00000128     freertos.am263px.r5f.ti-arm-clang.debug.lib : port.obj (.text.pxPortInitialiseStack)
                  700af008    00000008     --HOLE-- [fill = 0]
                  700af010    00000126     drivers.am263px.r5f.ti-arm-clang.freertos.debug.lib : soc.obj (.text.SOC_controlModuleLockMMR)
                  700af136    0000000a     --HOLE-- [fill = 0]
                  700af140    00000126     lwip-freertos.am263px.r5f.ti-arm-clang.debug.lib : pbuf.obj (.text.pbuf_take_at)
                  700af266    0000000a     --HOLE-- [fill = 0]
                  700af270    00000126                                                      : timeouts.obj (.text.sys_timeout_abs)
                  700af396    0000000a     --HOLE-- [fill = 0]
                  700af3a0    00000124     enet-cpsw.am263px.r5f.ti-arm-clang.freertos.debug.lib : csl_cpsw_ale_9g_tblcfg.obj (.text.CSL_CPSW_setAleMcastAddrEntry)
                  700af4c4    0000000c     --HOLE-- [fill = 0]
                  700af4d0    00000124                                                           : cpsw_ale.obj (.text.CpswAle_setIoctlHandlerFxn)
                  700af5f4    0000000c     --HOLE-- [fill = 0]
                  700af600    00000124                                                           : cpsw_cpts.obj (.text.CpswCpts_setIoctlHandlerFxn)
                  700af724    0000000c     --HOLE-- [fill = 0]
                  700af730    00000124                                                           : cpsw_hostport.obj (.text.CpswHostPort_setIoctlHandlerFxn)
                  700af854    0000000c     --HOLE-- [fill = 0]
                  700af860    00000124                                                           : cpsw_macport_est.obj (.text.CpswMacPortEst_setIoctlHandlerFxn)
                  700af984    0000000c     --HOLE-- [fill = 0]
                  700af990    00000124                                                           : cpsw_macport.obj (.text.CpswMacPort_setIoctlHandlerFxn)
                  700afab4    0000000c     --HOLE-- [fill = 0]
                  700afac0    00000124                                                           : cpsw_stats.obj (.text.CpswStats_setIoctlHandlerFxn)
                  700afbe4    0000000c     --HOLE-- [fill = 0]
                  700afbf0    00000124                                                           : cpsw.obj (.text.Cpsw_initCfg)
                  700afd14    0000000c     --HOLE-- [fill = 0]
                  700afd20    00000124                                                           : cpsw.obj (.text.Cpsw_setIoctlHandlerFxn)
                  700afe44    0000000c     --HOLE-- [fill = 0]
                  700afe50    00000124                                                           : enet_phymdio_dflt.obj (.text.EnetPhyMdioDflt_setIoctlHandlerFxn)
                  700aff74    0000000c     --HOLE-- [fill = 0]
                  700aff80    00000124                                                           : enet_rm.obj (.text.EnetRm_setIoctlHandlerFxn)
                  700b00a4    0000000c     --HOLE-- [fill = 0]
                  700b00b0    00000124                                                           : mdio.obj (.text.Mdio_setIoctlHandlerFxn)
                  700b01d4    0000000c     --HOLE-- [fill = 0]
                  700b01e0    00000122                                                           : cpsw_ale_ioctl.obj (.text.CpswAle_addUcastAddr)
                  700b0302    0000000e     --HOLE-- [fill = 0]
                  700b0310    00000120                                                           : cpsw_est.obj (.text.CpswEst_setIoctlHandlerFxn)
                  700b0430    00000120                                                           : enet_rm_ioctl.obj (.text.EnetRm_allocInternalRxFlowIdx)
                  700b0550    00000120                                                           : mdio_manual_ioctl.obj (.text.Mdio_manualModePhyRegRead22)
                  700b0670    00000120     drivers.am263px.r5f.ti-arm-clang.freertos.debug.lib : soc_rcm.obj (.text.SOC_rcmGetPeripheralClockFrequency)
                  700b0790    0000011e     enet-cpsw.am263px.r5f.ti-arm-clang.freertos.debug.lib : mdio_manual_ioctl.obj (.text.Mdio_manualModePhyRegValReadC45)
                  700b08ae    00000002     --HOLE-- [fill = 0]
                  700b08b0    0000011e     lwip-freertos.am263px.r5f.ti-arm-clang.debug.lib : pbuf.obj (.text.pbuf_add_header_impl)
                  700b09ce    00000002     --HOLE-- [fill = 0]
                  700b09d0    0000011e     freertos.am263px.r5f.ti-arm-clang.debug.lib : tasks.obj (.text.xTaskDelayUntil)
                  700b0aee    00000002     --HOLE-- [fill = 0]
                  700b0af0    0000011c     enet-cpsw.am263px.r5f.ti-arm-clang.freertos.debug.lib : csl_cpsw_ale_9g_tblcfg.obj (.text.CSL_CPSW_setAleVlanEntry)
                  700b0c0c    00000004     --HOLE-- [fill = 0]
                  700b0c10    0000011c     ti_enet_open_close.o (.text.EnetAppUtils_openRxCh)
                  700b0d2c    00000004     --HOLE-- [fill = 0]
                  700b0d30    0000011c     enet-cpsw.am263px.r5f.ti-arm-clang.freertos.debug.lib : enet_cpdma.obj (.text.EnetCpdma_setSOPInfo)
                  700b0e4c    00000004     --HOLE-- [fill = 0]
                  700b0e50    0000011c                                                           : enet_utils.obj (.text.EnetUtils_delayNs)
                  700b0f6c    00000004     --HOLE-- [fill = 0]
                  700b0f70    0000011c                                                           : mdio_ioctl.obj (.text.Mdio_writeRegC45)
                  700b108c    00000004     --HOLE-- [fill = 0]
                  700b1090    0000011c     drivers.am263px.r5f.ti-arm-clang.freertos.debug.lib : uart_dma_edma.obj (.text.UART_lld_dmaRead)
                  700b11ac    00000004     --HOLE-- [fill = 0]
                  700b11b0    0000011c     lwip-freertos.am263px.r5f.ti-arm-clang.debug.lib : tcp_out.obj (.text.tcp_rexmit_rto_prepare)
                  700b12cc    00000004     --HOLE-- [fill = 0]
                  700b12d0    0000011a     enet-cpsw.am263px.r5f.ti-arm-clang.freertos.debug.lib : csl_cpsw_ale_9g_tblcfg.obj (.text.CSL_CPSW_setAleOutVlanEntry)
                  700b13ea    00000006     --HOLE-- [fill = 0]
                  700b13f0    0000011a                                                           : enetphy.obj (.text.EnetPhy_setupManual)
                  700b150a    00000006     --HOLE-- [fill = 0]
                  700b1510    0000011a     drivers.am263px.r5f.ti-arm-clang.freertos.debug.lib : i2c_v1_lld.obj (.text.I2C_lld_mem_readIntr)
                  700b162a    00000006     --HOLE-- [fill = 0]
                  700b1630    00000118     enet-cpsw.am263px.r5f.ti-arm-clang.freertos.debug.lib : enetphy.obj (.text.EnetPhy_resetWaitState)
                  700b1748    00000008     --HOLE-- [fill = 0]
                  700b1750    00000118                                                           : enetphy.obj (.text.EnetPhy_setupNway)
                  700b1868    00000008     --HOLE-- [fill = 0]
                  700b1870    00000118     lwip-freertos.am263px.r5f.ti-arm-clang.debug.lib : sys_arch.obj (.text.sys_mbox_trypost)
                  700b1988    00000008     --HOLE-- [fill = 0]
                  700b1990    00000118                                                      : tcp.obj (.text.tcp_process_refused_data)
                  700b1aa8    00000008     --HOLE-- [fill = 0]
                  700b1ab0    00000118                                                      : tcp.obj (.text.tcp_update_rcv_ann_wnd)
                  700b1bc8    00000118     libclang_rt.builtins.a : udivmoddi4.S.obj (.text)
                  700b1ce0    00000116     drivers.am263px.r5f.ti-arm-clang.freertos.debug.lib : edma.obj (.text.EDMA_isTccAllocated)
                  700b1df6    0000000a     --HOLE-- [fill = 0]
                  700b1e00    00000116     enet-cpsw.am263px.r5f.ti-arm-clang.freertos.debug.lib : mdio_ioctl.obj (.text.Mdio_handleIntr)
                  700b1f16    0000000a     --HOLE-- [fill = 0]
                  700b1f20    00000116     drivers.am263px.r5f.ti-arm-clang.freertos.debug.lib : uart_v0_lld.obj (.text.UART_divisorLatchWrite)
                  700b2036    0000000a     --HOLE-- [fill = 0]
                  700b2040    00000114     freertos.am263px.r5f.ti-arm-clang.debug.lib : printf.obj (.text._ntoa_long)
                  700b2154    0000000c     --HOLE-- [fill = 0]
                  700b2160    00000112     enet-cpsw.am263px.r5f.ti-arm-clang.freertos.debug.lib : enetphy.obj (.text.EnetPhy_tick)
                  700b2272    0000000e     --HOLE-- [fill = 0]
                  700b2280    00000110     freertos.am263px.r5f.ti-arm-clang.debug.lib : DebugP_shmLogReader.obj (.text.DebugP_shmLogRead)
                  700b2390    00000110                                                 : DebugP_shmLogReader.obj (.text.DebugP_shmLogReaderTaskMain)
                  700b24a0    00000110     enet-cpsw.am263px.r5f.ti-arm-clang.freertos.debug.lib : enetphy.obj (.text.EnetPhy_rmwReg)
                  700b25b0    00000110     xgw_udp_interface.o (.text.xgw_udp_recv_callback)
                  700b26c0    0000010e     enet-cpsw.am263px.r5f.ti-arm-clang.freertos.debug.lib : enet_cpdma.obj (.text.EnetCpdma_initRxChannel)
                  700b27ce    00000002     --HOLE-- [fill = 0]
                  700b27d0    0000010e     drivers.am263px.r5f.ti-arm-clang.freertos.debug.lib : soc_rcm.obj (.text.SOC_rcmADPLLJGetFOut)
                  700b28de    00000002     --HOLE-- [fill = 0]
                  700b28e0    0000010e     lwip-freertos.am263px.r5f.ti-arm-clang.debug.lib : netif.obj (.text.netif_do_set_ipaddr)
                  700b29ee    00000002     --HOLE-- [fill = 0]
                  700b29f0    0000010e                                                      : udp.obj (.text.udp_sendto_if)
                  700b2afe    00000002     --HOLE-- [fill = 0]
                  700b2b00    0000010e     freertos.am263px.r5f.ti-arm-clang.debug.lib : queue.obj (.text.xQueueGenericReset)
                  700b2c0e    00000002     --HOLE-- [fill = 0]
                  700b2c10    0000010c     enet-cpsw.am263px.r5f.ti-arm-clang.freertos.debug.lib : enet_cpdma.obj (.text.EnetCpdma_initTxChannel)
                  700b2d1c    00000004     --HOLE-- [fill = 0]
                  700b2d20    0000010c     lwip-freertos.am263px.r5f.ti-arm-clang.debug.lib : sys_arch.obj (.text.sys_arch_protect)
                  700b2e2c    00000004     --HOLE-- [fill = 0]
                  700b2e30    0000010c                                                      : udp.obj (.text.udp_connect)
                  700b2f3c    00000004     --HOLE-- [fill = 0]
                  700b2f40    0000010a     enet-cpsw.am263px.r5f.ti-arm-clang.freertos.debug.lib : csl_cpsw.obj (.text.CSL_CPSW_setCpswControlReg)
                  700b304a    00000006     --HOLE-- [fill = 0]
                  700b3050    0000010a     drivers.am263px.r5f.ti-arm-clang.freertos.debug.lib : ipc_notify_v1.obj (.text.IpcNotify_sendMsg)
                  700b315a    00000006     --HOLE-- [fill = 0]
                  700b3160    00000108     lwip-freertos.am263px.r5f.ti-arm-clang.debug.lib : sys_arch.obj (.text.sys_mbox_new)
                  700b3268    00000008     --HOLE-- [fill = 0]
                  700b3270    00000108                                                      : tcp_out.obj (.text.tcp_output_alloc_header_common)
                  700b3378    00000008     --HOLE-- [fill = 0]
                  700b3380    00000106     enet-cpsw.am263px.r5f.ti-arm-clang.freertos.debug.lib : enet_rm.obj (.text.EnetRm_initTxObj)
                  700b3486    0000000a     --HOLE-- [fill = 0]
                  700b3490    00000106     freertos.am263px.r5f.ti-arm-clang.debug.lib : tasks.obj (.text.prvAddCurrentTaskToDelayedList)
                  700b3596    0000000a     --HOLE-- [fill = 0]
                  700b35a0    00000104     enet-cpsw.am263px.r5f.ti-arm-clang.freertos.debug.lib : csl_cpsw.obj (.text.CSL_CPSW_setPortEstConfig)
                  700b36a4    0000000c     --HOLE-- [fill = 0]
                  700b36b0    00000104     drivers.am263px.r5f.ti-arm-clang.freertos.debug.lib : i2c_v1.obj (.text.I2C_close)
                  700b37b4    0000000c     --HOLE-- [fill = 0]
                  700b37c0    00000104                                                         : uart_v0_lld.obj (.text.UART_configInstance)
                  700b38c4    0000000c     --HOLE-- [fill = 0]
                  700b38d0    00000104     gateway_shared.o (.text.gateway_ringbuf_write)
                  700b39d4    0000000c     --HOLE-- [fill = 0]
                  700b39e0    00000102     gateway_shared.o (.text.gateway_ringbuf_read)
                  700b3ae2    0000000e     --HOLE-- [fill = 0]
                  700b3af0    00000100     enet-cpsw.am263px.r5f.ti-arm-clang.freertos.debug.lib : enet_osal.obj (.text.EnetOsal_createMutex)
[...]
700cfc01  vListInitialiseItem                                                    
700cfc11  vTaskMissedYield                                                       
700cfc21  CSL_CPSW_getAleControlReg                                              
700cfc31  CSL_CPSW_getAleIPv6LowEntryIndex                                       
700cfc41  CSL_MDIO_getClause45EnableMask                                         
700cfc51  CSL_MDIO_getPollEnableMask                                             
700cfc71  Drivers_open                                                           
700cfc81  EnetAppUtils_enableClocks                                              
700cfc91  EnetAppUtils_isPrintSupported                                          
700cfca1  EnetSoc_getCoreId                                                      
700cfce1  PhyPriv_getPhyAddr                                                     
700cfcf1  PhyPriv_getRegAccessApi                                                
700cfd01  PowerClock_init                                                        
700cfd11  dns_tmr                                                                
700cfd21  uxTaskGetNumberOfTasks                                                 
700cfd31  EnetCpdmaMem_getCfg                                                    
700cfd51  EnetMem_getCfg                                                         
700cfd61  EnetPhyMdioDflt_getPhyMdio                                             
700cfda1  TaskP_exit                                                             
700cfe01  vApplicationIdleHook                                                   
700cfe11  Drivers_uartInit                                                       
700cfe21  EnetOsal_disableAllIntr                                                
700cfe51  EnetBoard_getId                                                        
700cfe61  EnetSoc_getEnetNum                                                     
700cfe71  TaskP_yield                                                            
700cfe81  Board_init                                                             
700cfea1  IpcNotify_wait                                                         
700cfec1  mem_init                                                               
700cfed1  netif_init                                                             
700cfef1  vPortConfigTimerForRunTimeStats                                        
700cff01  vPortValidateInterruptPriority                                         
700d06ce  gCR5ClkSrcInfoMap                                                      
700d06d0  gCacheConfig                                                           
700d06d8  gMpuConfig                                                             
700d06e4  gMpuRegionConfig                                                       
700d08f4  gMpuRegionSizeInBytes                                                  
700d1bac  memp_pools                                                             
700d25a2  ethbroadcast                                                           
700d2a1c  gADPLLJConfigTbl                                                       
700d314c  lwip_cyclic_timers                                                     
700d62d8  I2C_defaultTransaction                                                 
700db198  I2C_lld_defaultMessage                                                 
700db2a0  gPeripheralClkSrcInfoMap                                               
700dc13c  memp_ALTCP_PCB                                                         
700dc150  memp_ARP_QUEUE                                                         
700dc164  memp_FRAG_PBUF                                                         
700dc178  memp_IGMP_GROUP                                                        
700dc18c  memp_NETBUF                                                            
700dc1a0  memp_NETCONN                                                           
700dc1b4  memp_NETDB                                                             
700dc1c8  memp_PBUF                                                              
700dc1dc  memp_PBUF_POOL                                                         
700dc1f0  memp_POOL_128                                                          
700dc204  memp_POOL_1568                                                         
700dc218  memp_POOL_4096                                                         
700dc22c  memp_RAW_PCB                                                           
700dc240  memp_REASSDATA                                                         
700dc254  memp_SYS_MBOX                                                          
700dc268  memp_SYS_TIMEOUT                                                       
700dc27c  memp_TCPIP_MSG_API                                                     
700dc290  memp_TCPIP_MSG_INPKT                                                   
700dc2a4  memp_TCP_PCB                                                           
700dc2b8  memp_TCP_PCB_LISTEN                                                    
700dc2cc  memp_TCP_SEG                                                           
700dc2e0  memp_UDP_PCB                                                           
700dd12c  tcp_pcb_lists                                                          
700dd610  g_EnetApp_dmaChParams                                                  
700dd9fc  gEnetPhyDrvTbl                                                         
700dda0c  gXTALInfo                                                              
700ddaac  ethzero                                                                
700ddbbc  gCacheL1dCacheLineSize                                                 
700ddbc0  gCacheL1pCacheLineSize                                                 
700ddbc4  ip_addr_any                                                            
700ddbc8  ip_addr_broadcast                                                      
700ddc08  gEdmaConfig                                                            
700ddc08  gEnetSoc_cpsw3g                                                        
700ddc08  gUartDmaHandle                                                         
700df768  gEnetSoc_dmaObj                                                        
700e1250  gEnetSoc_cpsw3gMacObj                                                  
700e15f0  gEnetCpswCfg                                                           
700e20bc  gEnetPhyDrvDp83869                                                     
700e21c0  gEnetPhyDrvGeneric                                                     
700e22c4  gIpcNotifyMailboxConfig                                                
700e24bc  _ftable                                                                
700e307c  _device                                                                
700e33cc  gUartParams                                                            
700e34c8  _stream                                                                
700e3664  FreeRTOS_errno                                                         
700e3668  gEnetSoc_cpsw3gSocCfg                                                  
700e36d0  gEnetMacAddrPool                                                       
700e3700  gSocModulesClockFrequency                                              
700e377c  gClockConfig                                                           
700e37dc  gDmaCfg                                                                
700e3854  gIpcNotifyInterruptConfig_r5fss0_0                                     
700e3898  Cpsw_gSpeedNames                                                       
700e38a8  gEepromFxns_CAT24M                                                     
700e38b8  gIpcNotifyCoreIntrBitPos                                               
700e38c8  gSocModules                                                            
700e38d8  Cpsw_gDuplexNames                                                      
700e38e4  gAddrTranslateConfig                                                   
700e38fc  gEepromAttrs_CAT24M                                                    
700e3908  gEepromConfig                                                          
700e3914  gEnetSoc_perObj                                                        
700e3920  gI2cParams                                                             
700e392c  __TI_cleanup_ptr                                                       
700e3930  __TI_dtors_ptr                                                         
700e3934  gEepromParams                                                          
700e393c  gI2cConfig                                                             
700e394c  gUartConfig                                                            
700e3954  __TI_ft_end                                                            
700e3968  _lock                                                                  
700e396c  _unlock                                                                
700e3978  gDebugLogZone                                                          
700e397c  gDebugP_uartDrvIndex                                                   
700e3980  gEdmaConfigNum                                                         
700e3984  gEepromConfigNum                                                       
700e3988  gEnetOsalHwiAllocCnt                                                   
700e398c  gEnetOsalHwiPeak                                                       
700e3990  gEnetOsalSemAllocCnt                                                   
700e3994  gEnetOsalSemPeak                                                       
700e3998  gHwiConfig                                                             
700e399c  gI2cConfigNum                                                          
700e39a0  gIpcNotifyInterruptConfigNum_r5fss0_0                                  
700e39a4  gIpcTask                                                               
700e39a8  gLogReaderTask                                                         
700e39ac  gMainTask                                                              
700e39b0  gUartConfigNum                                                         
700e39b4  gUartDmaChConfig                                                       
700e39b8  gUdpRxTask                                                             
700e39bc  gUdpTxTask                                                             
700e39e0  pxCurrentTCB                                                           
700e39e4  ulPortInterruptNesting                                                 
700e39e8  ulPortSchedularRunning                                                 
700e39ec  ulPortTaskHasFPUContext                                                
700e39f0  ulPortYieldRequired                                                    
700e3a4d  gEnetTrace_runtimeLevel                                                
700e3a4f  isMapAvailable                                                         
700e3a61  HwiP_enableInt                                                         
700e3aa1  HwiP_disableInt                                                        
700e3b01  HwiP_restoreInt                                                        
700e3b31  HwiP_clearInt                                                          
700e3b71  HwiP_post                                                              
700e3bb1  HwiP_Params_init                                                       
700e3be1  HwiP_construct                                                         
700e3dd1  HwiP_destruct                                                          
700e3e41  HwiP_init                                                              
700e3ff1  HwiP_inISR                                                             
700e4021  HwiP_setVimIrqPriMaskNonAtomic                                         
700e4071  HwiP_setVimIrqPriMaskAtomic                                            
700e4111  HwiP_restoreVimIrqPriMask                                              
700e4121  HwiP_irq_handler_c                                                     
700e42c1  HwiP_fiq_handler                                                       
700e4431  HwiP_reserved_handler                                                  
700e4471  HwiP_undefined_handler_c                                               
700e4491  HwiP_user_undefined_handler_c                                          
700e44b1  HwiP_prefetch_abort_handler_c                                          
700e4551  HwiP_user_prefetch_abort_handler_c                                     
700e4591  HwiP_data_abort_handler_c                                              
700e4651  HwiP_user_data_abort_handler_c                                         
700e468c  vPortRestoreTaskContext                                                
700e46c4  HwiP_svc_handler                                                       
700e4734  HwiP_irq_handler                                                       
700e4878  HwiP_data_abort_handler                                                
700e48bc  HwiP_prefetch_abort_handler                                            
700e4908  HwiP_undefined_handler                                                 
700e4938  GET_DFSR                                                               
700e4940  GET_ADFSR                                                              
700e4948  GET_DFAR                                                               
700e4950  GET_IFSR                                                               
700e4958  GET_AIFSR                                                              
700e4960  GET_IFAR                                                               
700e4968  GET_SPSR                                                               
700e497c  HwiP_disable                                                           
700e498c  HwiP_disableFIQ                                                        
700e499c  HwiP_enable                                                            
700e49ac  HwiP_enableFIQ                                                         
700e49bc  HwiP_restore                                                           
700e49c4  HwiP_enableVIC                                                         
700e49d4  HwiP_disableVIC                                                        
700e49e4  HwiP_getCPSR                                                           
700e49f0  CacheP_disableL1d                                                      
700e4a18  CacheP_disableL1p                                                      
700e4a30  CacheP_enableL1d                                                       
700e4a48  CacheP_enableL1p                                                       
700e4a60  CacheP_invL1d                                                          
700e4a98  CacheP_invL1p                                                          
700e4ad4  CacheP_invL1dAll                                                       
700e4adc  CacheP_invL1pAll                                                       
700e4ae4  CacheP_wb                                                              
700e4b20  CacheP_wbInv                                                           
700e4b5c  CacheP_wbAll                                                           
700e4c04  CacheP_wbInvAll                                                        
700e4c1c  CacheP_wbInvAllAsm                                                     
700e4cbc  CacheP_getEnabled                                                      
700e4cf4  CacheP_getCacheLevelInfo                                               
700e4d00  CacheP_configForceWrThru                                               
700e4d20  CacheP_setDLFO                                                         
700e4d31  CacheP_init                                                            
700e4dc1  CacheP_disable                                                         
700e4e11  CacheP_enable                                                          
700e4e51  CacheP_inv                                                             
700e4e91  MpuP_getAttrs                                                          
700e4ef1  MpuP_RegionAttrs_init                                                  
700e4f21  MpuP_setRegion                                                         
700e4fb1  MpuP_isEnable                                                          
700e4fc1  MpuP_disable                                                           
700e5001  MpuP_enable                                                            
700e5051  MpuP_init                                                              
700e50f1  MpuP_isUserAuthorizedToAccessMemory                                    
700e51d0  MpuP_disableAsm                                                        
700e51e8  MpuP_disableBRAsm                                                      
700e51f8  MpuP_enableAsm                                                         
700e5210  MpuP_enableBRAsm                                                       
700e5220  MpuP_isEnableAsm                                                       
700e5234  MpuP_setRegionAsm                                                      
700e5250  _c_int00_sbl                                                           
700e5274  _c_int00                                                               
700e53a1  _DebugP_assertNoLog                                                    
700e53d1  _system_pre_init                                                       
700e5401  __mpu_init                                                             
700e5410  abort                                                                  
700e5418  __IRQ_STACK_START                                                      
700e5518  __FIQ_STACK_START                                                      
700e5518  __IRQ_STACK_END                                                        
700e5618  __FIQ_STACK_END                                                        
700e5618  __SVC_STACK_START                                                      
700e6618  __ABORT_STACK_START                                                    
700e6618  __SVC_STACK_END                                                        
700e6718  __ABORT_STACK_END                                                      
700e6718  __UNDEFINED_STACK_START                                                
700e6818  __UNDEFINED_STACK_END                                                  
70200000  gGatewaySharedMem                                                      
70208000  gDebugShmLog                                                           
ffffffff  __TI_pprof_out_hndl                                                    
ffffffff  __TI_prof_data_size                                                    
ffffffff  __TI_prof_data_start                                                   
ffffffff  __binit__                                                              
ffffffff  binit                                                                  
UNDEFED   __TI_CINIT_Base                                                        
UNDEFED   __TI_CINIT_Limit                                                       
UNDEFED   __TI_Handler_Table_Base                                                
UNDEFED   __TI_Handler_Table_Limit                                               
UNDEFED   _system_post_cinit                                                     

[1228 symbols]
