******************************************************************************
            TI ARM Clang Linker PC v4.0.4                      
******************************************************************************
>> Linked Tue Mar 24 20:57:34 2026

OUTPUT FILE NAME:   <ccu_ti_multi_core_freertos.out>
ENTRY POINT SYMBOL: "_vectors"  address: 00000000


MEMORY CONFIGURATION

         name            origin    length      used     unused   attr    fill
----------------------  --------  ---------  --------  --------  ----  --------
  R5F_VECS              00000000   00000040  00000040  00000000  RWIX
  R5F_TCMA              00000040   00007fc0  00000000  00007fc0  RWIX
  R5F_TCMB              00080000   00008000  00000000  00008000  RWIX
  MAILBOX_HSM           44000000   000003ce  00000000  000003ce  RWIX
  MAILBOX_R5F           44000400   000003ce  00000000  000003ce  RWIX
  FLASH                 60100000   00080000  00000000  00080000  RWIX
  SBL                   70000000   00040000  00000000  00040000  RWIX
  OCRAM                 70040000   00040000  0003a380  00005c80  RWIX
  USER_SHM_MEM          701d0000   00004000  000001c0  00003e40  RWIX
  LOG_SHM_MEM           701d4000   00004000  00002000  00002000  RWIX
  RTOS_NORTOS_IPC_SHM_M 72000000   00003e80  00000000  00003e80  RWIX


SEGMENT ALLOCATION MAP

run origin  load origin   length   init length attrs members
----------  ----------- ---------- ----------- ----- -------
00000000    00000000    00000040   00000040    r-x
  00000000    00000000    00000040   00000040    r-x .vectors
00000000    00000000    00019418   00019418    r-x
  00000000    00000000    00015dd0   00015dd0    r-x .text
  00015dd0    00015dd0    00003648   00003648    r-- .rodata
70040000    70040000    00036fe0   00000000    rw-
  70040000    70040000    0002afe0   00000000    rw- .bss
  7006afe0    7006afe0    00008000   00000000    rw- .sysmem
  70072fe0    70072fe0    00004000   00000000    rw- .stack
70076fe0    70076fe0    000019b8   000019b8    r-x
  70076fe0    70076fe0    00000f90   00000f90    r-x .text.hwi
  70077f70    70077f70    000004a0   000004a0    r-x .text.cache
  70078410    70078410    000003c0   000003c0    r-x .text.mpu
  700787d0    700787d0    000001c0   000001c0    r-x .text.boot
  70078990    70078990    00000008   00000008    r-x .text:abort
70078998    70078998    000019e8   000005e8    rw-
  70078998    70078998    000005e8   000005e8    rw- .data
  70078f80    70078f80    00000100   00000000    rw- .irqstack
  70079080    70079080    00000100   00000000    rw- .fiqstack
  70079180    70079180    00001000   00000000    rw- .svcstack
  7007a180    7007a180    00000100   00000000    rw- .abortstack
  7007a280    7007a280    00000100   00000000    rw- .undefinedstack


SECTION ALLOCATION MAP

 output                                  attributes/
section   page    origin      length       input sections
--------  ----  ----------  ----------   ----------------
.vectors   0    00000000    00000040     
                  00000000    00000040     freertos.am263px.r5f.ti-arm-clang.debug.lib : HwiP_armv7r_vectors_freertos_asm.obj (.vectors)

.text      0    00000000    00015dd0     FAILED TO ALLOCATE
.rodata    0    00015dd0    00003648     FAILED TO ALLOCATE
.bss       0    70040000    0002afe0     UNINITIALIZED
                  70040000    00012c1f     (.common:memp_memory_POOL_1568_base)
                  70052c1f    0000409f     (.common:memp_memory_POOL_4096_base)
                  70056cbe    00003e9f     (.common:memp_memory_POOL_128_base)
                  7005ab5d    00000001     lwip-freertos.am263px.r5f.ti-arm-clang.debug.lib : sys_arch.obj (.bss.lwip_core_lock_count)
                  7005ab5e    00000002                                                      : ip4.obj (.bss.ip_id)
                  7005ab60    00002000     main.o (.bss.gMainTaskStack)
                  7005cb60    0000101f     (.common:memp_memory_NETBUF_base)
                  7005db7f    0000101f     (.common:memp_memory_PBUF_base)
                  7005eb9e    0000101f     (.common:memp_memory_TCPIP_MSG_API_base)
                  7005fbbd    0000101f     (.common:memp_memory_TCPIP_MSG_INPKT_base)
                  70060bdc    0000101f     (.common:memp_memory_TCP_SEG_base)
                  70061bfb    00000001     (.common:pbuf_free_ooseq_pending)
                  70061bfc    00000004     freertos.am263px.r5f.ti-arm-clang.debug.lib : DebugP_shmLogReader_freertos.obj (.bss.gDebugShmLogReaderTask)
                  70061c00    00001000                                                 : DebugP_shmLogReader_freertos.obj (.bss.gDebugShmLogReaderTaskStack)
                  70062c00    00001000     main.o (.bss.gUdpRxTaskStack)
                  70063c00    00001000     main.o (.bss.gUdpTxTaskStack)
                  70064c00    00001000     freertos.am263px.r5f.ti-arm-clang.debug.lib : port.obj (.bss.uxIdleTaskStack)
                  70065c00    00000b1f     (.common:memp_memory_SYS_MBOX_base)
                  7006671f    00000001     --HOLE--
                  70066720    0000080c     (.common:gHwiCtrl)
                  70066f2c    00000014                                                 : timers.obj (.bss.xActiveTimerList1)
                  70066f40    00000800     main.o (.bss.gIpcTaskStack)
                  70067740    00000800     log_reader_task.o (.bss.gLogReaderTaskStack)
                  70067f40    00000400     freertos.am263px.r5f.ti-arm-clang.debug.lib : port.obj (.bss.uxTimerTaskStack)
                  70068340    000003df     (.common:memp_memory_ARP_QUEUE_base)
                  7006871f    0000033f     (.common:memp_memory_TCP_PCB_base)
                  70068a5e    0000029f     (.common:memp_memory_NETCONN_base)
                  70068cfd    00000003     --HOLE--
                  70068d00    00000288     ti_drivers_config.o (.bss.gUartObjects)
                  70068f88    00000280     freertos.am263px.r5f.ti-arm-clang.debug.lib : tasks.obj (.bss.pxReadyTasksLists)
                  70069208    0000023f     (.common:memp_memory_SYS_TIMEOUT_base)
                  70069447    00000001     --HOLE--
                  70069448    00000204     (.common:lwip_stats)
                  7006964c    000001ff     (.common:memp_memory_FRAG_PBUF_base)
                  7006984b    00000001     --HOLE--
                  7006984c    00000178     ti_drivers_config.o (.bss.gI2cObjects)
                  700699c4    0000016c     (.common:gEepromObject_CAT24M)
                  70069b30    0000015f     (.common:memp_memory_ALTCP_PCB_base)
                  70069c8f    0000015f     (.common:memp_memory_NETDB_base)
                  70069dee    0000015f     (.common:memp_memory_REASSDATA_base)
                  70069f4d    0000011f     (.common:memp_memory_IGMP_GROUP_base)
                  7006a06c    0000011f     (.common:memp_memory_TCP_PCB_LISTEN_base)
                  7006a18b    0000011f     (.common:memp_memory_UDP_PCB_base)
                  7006a2aa    00000100     freertos.am263px.r5f.ti-arm-clang.debug.lib : timers.obj (.bss.prvCheckForValidListAndQueue.ucStaticTimerQueueStorage)
                  7006a3aa    00000002     --HOLE--
                  7006a3ac    00000100     (.common:xQueueRegistry)
                  7006a4ac    000000b8     (.common:gIpcNotifyCtrl)
                  7006a564    00000004                                                 : HwiP_armv7r_handlers_freertos.obj (.bss.gdummy)
                  7006a568    000000a0     (.common:gTaskP_ctrl)
                  7006a608    00000098                                                 : DebugP_shmLogReader_freertos.obj (.bss.gDebugShmLogReaderTaskObj)
                  7006a6a0    00000098     main.o (.bss.gIpcTaskObj)
                  7006a738    00000098     log_reader_task.o (.bss.gLogReaderTaskObj)
                  7006a7d0    00000098     main.o (.bss.gMainTaskObj)
                  7006a868    00000098     main.o (.bss.gUdpRxTaskObj)
                  7006a900    00000098     main.o (.bss.gUdpTxTaskObj)
                  7006a998    00000098     freertos.am263px.r5f.ti-arm-clang.debug.lib : port.obj (.bss.xIdleTaskTCB)
                  7006aa30    00000098                                                 : port.obj (.bss.xTimerTaskTCB)
                  7006aac8    00000094     (.common:gDebugShmLogReaderCtrl)
                  7006ab5c    0000007f     (.common:memp_memory_RAW_PCB_base)
                  7006abdb    00000001     --HOLE--
                  7006abdc    00000058                                                 : DebugP_freertos.obj (.bss.gDebugLogLockObj)
                  7006ac34    00000050                                                 : timers.obj (.bss.prvCheckForValidListAndQueue.xStaticTimerQueue)
                  7006ac84    00000050     (.common:gRovDummyQueue)
                  7006acd4    00000030     main.o (.bss.g_motor_states)
                  7006ad04    0000001f     (.common:memp_memory_PBUF_POOL_base)
                  7006ad23    00000001     --HOLE--
                  7006ad24    00000004     freertos.am263px.r5f.ti-arm-clang.debug.lib : HwiP_armv7r_vim.obj (.bss.gdummy)
                  7006ad28    00000018     (.common:gClockCtrl)
                  7006ad40    00000014                                                 : timers.obj (.bss.xActiveTimerList2)
                  7006ad54    00000014                                                 : tasks.obj (.bss.xDelayedTaskList1)
                  7006ad68    00000014                                                 : tasks.obj (.bss.xDelayedTaskList2)
                  7006ad7c    00000014                                                 : tasks.obj (.bss.xPendingReadyList)
                  7006ad90    00000014                                                 : tasks.obj (.bss.xSuspendedTaskList)
                  7006ada4    00000014                                                 : tasks.obj (.bss.xTasksWaitingTermination)
                  7006adb8    00000010     lwip-freertos.am263px.r5f.ti-arm-clang.debug.lib : memp.obj (.bss.memp_stats_ALTCP_PCB)
                  7006adc8    00000010                                                      : memp.obj (.bss.memp_stats_ARP_QUEUE)
                  7006add8    00000010                                                      : memp.obj (.bss.memp_stats_FRAG_PBUF)
                  7006ade8    00000010                                                      : memp.obj (.bss.memp_stats_IGMP_GROUP)
                  7006adf8    00000010                                                      : memp.obj (.bss.memp_stats_NETBUF)
                  7006ae08    00000010                                                      : memp.obj (.bss.memp_stats_NETCONN)
                  7006ae18    00000010                                                      : memp.obj (.bss.memp_stats_NETDB)
                  7006ae28    00000010                                                      : memp.obj (.bss.memp_stats_PBUF)
                  7006ae38    00000010                                                      : memp.obj (.bss.memp_stats_PBUF_POOL)
                  7006ae48    00000010                                                      : memp.obj (.bss.memp_stats_POOL_128)
                  7006ae58    00000010                                                      : memp.obj (.bss.memp_stats_POOL_1568)
                  7006ae68    00000010                                                      : memp.obj (.bss.memp_stats_POOL_4096)
                  7006ae78    00000010                                                      : memp.obj (.bss.memp_stats_RAW_PCB)
                  7006ae88    00000010                                                      : memp.obj (.bss.memp_stats_REASSDATA)
                  7006ae98    00000010                                                      : memp.obj (.bss.memp_stats_SYS_MBOX)
                  7006aea8    00000010                                                      : memp.obj (.bss.memp_stats_SYS_TIMEOUT)
                  7006aeb8    00000010                                                      : memp.obj (.bss.memp_stats_TCPIP_MSG_API)
                  7006aec8    00000010                                                      : memp.obj (.bss.memp_stats_TCPIP_MSG_INPKT)
                  7006aed8    00000010                                                      : memp.obj (.bss.memp_stats_TCP_PCB)
                  7006aee8    00000010                                                      : memp.obj (.bss.memp_stats_TCP_PCB_LISTEN)
                  7006aef8    00000010                                                      : memp.obj (.bss.memp_stats_TCP_SEG)
                  7006af08    00000010                                                      : memp.obj (.bss.memp_stats_UDP_PCB)
                  7006af18    00000010     (.common:virtToPhymap)
                  7006af28    00000004                                                      : ip4.obj (.bss.ip4_default_multicast_netif)
                  7006af2c    00000004                                                      : sys_arch.obj (.bss.lwip_core_lock_holder_thread)
                  7006af30    00000004                                                      : sys_arch.obj (.bss.lwip_tcpip_thread)
                  7006af34    00000004                                                      : memp.obj (.bss.memp_tab_ALTCP_PCB)
                  7006af38    00000004                                                      : memp.obj (.bss.memp_tab_ARP_QUEUE)
                  7006af3c    00000004                                                      : memp.obj (.bss.memp_tab_FRAG_PBUF)
                  7006af40    00000004                                                      : memp.obj (.bss.memp_tab_IGMP_GROUP)
                  7006af44    00000004                                                      : memp.obj (.bss.memp_tab_NETBUF)
                  7006af48    00000004                                                      : memp.obj (.bss.memp_tab_NETCONN)
                  7006af4c    00000004                                                      : memp.obj (.bss.memp_tab_NETDB)
                  7006af50    00000004                                                      : memp.obj (.bss.memp_tab_PBUF)
                  7006af54    00000004                                                      : memp.obj (.bss.memp_tab_PBUF_POOL)
                  7006af58    00000004                                                      : memp.obj (.bss.memp_tab_POOL_128)
                  7006af5c    00000004                                                      : memp.obj (.bss.memp_tab_POOL_1568)
                  7006af60    00000004                                                      : memp.obj (.bss.memp_tab_POOL_4096)
                  7006af64    00000004                                                      : memp.obj (.bss.memp_tab_RAW_PCB)
                  7006af68    00000004                                                      : memp.obj (.bss.memp_tab_REASSDATA)
                  7006af6c    00000004                                                      : memp.obj (.bss.memp_tab_SYS_MBOX)
                  7006af70    00000004                                                      : memp.obj (.bss.memp_tab_SYS_TIMEOUT)
                  7006af74    00000004                                                      : memp.obj (.bss.memp_tab_TCPIP_MSG_API)
                  7006af78    00000004                                                      : memp.obj (.bss.memp_tab_TCPIP_MSG_INPKT)
                  7006af7c    00000004                                                      : memp.obj (.bss.memp_tab_TCP_PCB)
                  7006af80    00000004                                                      : memp.obj (.bss.memp_tab_TCP_PCB_LISTEN)
                  7006af84    00000004                                                      : memp.obj (.bss.memp_tab_TCP_SEG)
                  7006af88    00000004                                                      : memp.obj (.bss.memp_tab_UDP_PCB)
                  7006af8c    00000004     freertos.am263px.r5f.ti-arm-clang.debug.lib : timers.obj (.bss.pxCurrentTimerList)
                  7006af90    00000004                                                 : tasks.obj (.bss.pxDelayedTaskList)
                  7006af94    00000004                                                 : tasks.obj (.bss.pxOverflowDelayedTaskList)
                  7006af98    00000004                                                 : timers.obj (.bss.pxOverflowTimerList)
                  7006af9c    00000004     lwip-freertos.am263px.r5f.ti-arm-clang.debug.lib : sys_arch.obj (.bss.sys_arch_protect_mutex)
                  7006afa0    00000004                                                      : sys_arch.obj (.bss.sys_arch_protect_nesting)
                  7006afa4    00000004     libc.a : memory.c.obj (.bss.sys_free)
                  7006afa8    00000004     lwip-freertos.am263px.r5f.ti-arm-clang.debug.lib : tcpip.obj (.bss.tcpip_mbox)
                  7006afac    00000004     freertos.am263px.r5f.ti-arm-clang.debug.lib : tasks.obj (.bss.xIdleTaskHandles)
                  7006afb0    00000004     (.common:gEepromHandle)
                  7006afb4    00000004     (.common:gI2cHandle)
                  7006afb8    00000004     (.common:gUartHandle)
                  7006afbc    00000004     (.common:netif_default)
                  7006afc0    00000004     (.common:netif_list)
                  7006afc4    00000004     (.common:tcp_active_pcbs)
                  7006afc8    00000004     (.common:udp_pcbs)
                  7006afcc    00000014     --HOLE--

.sysmem    0    7006afe0    00008000     UNINITIALIZED
                  7006afe0    00000010     libc.a : memory.c.obj (.sysmem)
                  7006aff0    00007ff0     --HOLE--

.stack     0    70072fe0    00004000     UNINITIALIZED
                  70072fe0    00000004     freertos.am263px.r5f.ti-arm-clang.debug.lib : boot_armv7r_asm.obj (.stack)
                  70072fe4    00003ffc     --HOLE--

.text.hwi 
*          0    70076fe0    00000f90     
                  70076fe0    000006c0     freertos.am263px.r5f.ti-arm-clang.debug.lib : HwiP_armv7r_vim.obj (.text.hwi)
                  700776a0    0000056a                                                 : HwiP_armv7r_handlers_freertos.obj (.text.hwi)
                  70077c0a    00000002     --HOLE-- [fill = 0]
                  70077c0c    000001ec                                                 : portASM.obj (.text.hwi)
                  70077df8    00000104                                                 : HwiP_armv7r_handlers_freertos_asm.obj (.text.hwi)
                  70077efc    00000070                                                 : HwiP_armv7r_asm.obj (.text.hwi)
                  70077f6c    00000004     --HOLE-- [fill = 0]

.text.cache 
*          0    70077f70    000004a0     
                  70077f70    00000340     freertos.am263px.r5f.ti-arm-clang.debug.lib : CacheP_armv7r_asm.obj (.text.cache)
                  700782b0    00000158                                                 : CacheP_armv7r.obj (.text.cache)
                  70078408    00000008     --HOLE-- [fill = 0]

.text.mpu 
*          0    70078410    000003c0     
                  70078410    00000340     freertos.am263px.r5f.ti-arm-clang.debug.lib : MpuP_armv7r.obj (.text.mpu)
                  70078750    00000078                                                 : MpuP_armv7r_asm.obj (.text.mpu)
                  700787c8    00000008     --HOLE-- [fill = 0]

.text.boot 
*          0    700787d0    000001c0     
                  700787d0    00000144     freertos.am263px.r5f.ti-arm-clang.debug.lib : boot_armv7r_asm.obj (.text.boot)
                  70078914    0000000c     --HOLE-- [fill = 0]
                  70078920    00000024                                                 : DebugP_log.obj (.text.boot)
                  70078944    0000000c     --HOLE-- [fill = 0]
                  70078950    00000024                                                 : boot_armv7r.obj (.text.boot)
                  70078974    0000000c     --HOLE-- [fill = 0]
                  70078980    0000000c     ti_dpl_config.o (.text.boot)
                  7007898c    00000004     --HOLE-- [fill = 0]

.text:abort 
*          0    70078990    00000008     
                  70078990    00000008     libc.a : exit.c.obj (.text:abort)

.data      0    70078998    000005e8     
                  70078998    000001b8     ti_pinmux_config.o (.data.gPinMuxMainDomainCfg)
                  70078b50    00000100     drivers.am263px.r5f.ti-arm-clang.freertos.debug.lib : ipc_notify_v1_cfg.obj (.data.gIpcNotifyMailboxConfig)
                  70078c50    0000005c                                                         : i2c_v1.obj (.data.gI2cDrvObj)
                  70078cac    0000005c                                                         : uart_v0.obj (.data.gUartDrvObj)
                  70078d08    00000058     ti_drivers_open_close.o (.data.gUartParams)
                  70078d60    00000030     ti_power_clock_config.o (.data.gSocModulesClockFrequency)
                  70078d90    00000020     main.o (.data.g_test_data_from_core1_values)
                  70078db0    00000020     xgw_udp_interface.o (.data.g_udp_state)
                  70078dd0    00000018     ti_dpl_config.o (.data.gClockConfig)
                  70078de8    00000018     ti_drivers_config.o (.data.gI2cHwAttrs)
                  70078e00    00000018     drivers.am263px.r5f.ti-arm-clang.freertos.debug.lib : ipc_notify_v1_cfg.obj (.data.gIpcNotifyInterruptConfig_r5fss0_0)
                  70078e18    00000014     main.o (.data.gStats)
                  70078e2c    00000010     board.am263px.r5f.ti-arm-clang.freertos.debug.lib : eeprom_cat24m.obj (.data.gEepromFxns_CAT24M)
                  70078e3c    00000010     drivers.am263px.r5f.ti-arm-clang.freertos.debug.lib : ipc_notify_v1_cfg.obj (.data.gIpcNotifyCoreIntrBitPos)
                  70078e4c    00000010     ti_power_clock_config.o (.data.gSocModules)
                  70078e5c    0000000c     freertos.am263px.r5f.ti-arm-clang.debug.lib : AddrTranslateP_32bit.obj (.data.gAddrTranslateConfig)
                  70078e68    0000000c     board.am263px.r5f.ti-arm-clang.freertos.debug.lib : eeprom_cat24m.obj (.data.gEepromAttrs_CAT24M)
                  70078e74    0000000c     ti_board_open_close.o (.data.gEepromConfig)
                  70078e80    0000000c     ti_drivers_open_close.o (.data.gI2cParams)
                  70078e8c    00000008     ti_board_open_close.o (.data.gEepromParams)
                  70078e94    00000008     ti_drivers_config.o (.data.gI2cConfig)
                  70078e9c    00000008     ti_drivers_config.o (.data.gUartAttrs)
                  70078ea4    00000008     ti_drivers_config.o (.data.gUartConfig)
                  70078eac    00000004     freertos.am263px.r5f.ti-arm-clang.debug.lib : DebugP_shmLogReader.obj (.data.DebugP_shmLogRead.coreIndex)
                  70078eb0    00000008                                                 : PmuP_armv7r.obj (.data.pmu)
                  70078eb8    00000008                                                 : TaskP_freertos.obj (.data.vApplicationLoadHook.lastUpdateTime)
                  70078ec0    00000004                                                 : tasks.obj (.data.FreeRTOS_errno)
                  70078ec4    00000004     libc.a : _lock.c.obj (.data._lock)
                  70078ec8    00000004            : _lock.c.obj (.data._unlock)
                  70078ecc    00000004     freertos.am263px.r5f.ti-arm-clang.debug.lib : DebugP_freertos.obj (.data.gDebugLogIsInitDone)
                  70078ed0    00000004                                                 : DebugP_log.obj (.data.gDebugLogZone)
                  70078ed4    00000004                                                 : DebugP_uartLogWriter.obj (.data.gDebugP_uartDrvIndex)
                  70078ed8    00000004     ti_drivers_open_close.o (.data.gEdmaConfigNum)
                  70078edc    00000004     ti_board_open_close.o (.data.gEepromConfigNum)
                  70078ee0    00000004     ti_dpl_config.o (.data.gHwiConfig)
                  70078ee4    00000004     ti_drivers_config.o (.data.gI2cConfigNum)
                  70078ee8    00000004     drivers.am263px.r5f.ti-arm-clang.freertos.debug.lib : ipc_notify_v1_cfg.obj (.data.gIpcNotifyInterruptConfigNum_r5fss0_0)
                  70078eec    00000004     main.o (.data.gIpcTask)
                  70078ef0    00000004     log_reader_task.o (.data.gLogReaderTask)
                  70078ef4    00000004     main.o (.data.gMainTask)
                  70078ef8    00000004     ti_drivers_config.o (.data.gUartConfigNum)
                  70078efc    00000004     ti_drivers_open_close.o (.data.gUartDmaChConfig)
                  70078f00    00000004     main.o (.data.gUdpRxTask)
                  70078f04    00000004     main.o (.data.gUdpTxTask)
                  70078f08    00000004     main.o (.data.g_ipc_callback_count)
                  70078f0c    00000004     xgw_udp_interface.o (.data.g_pc_ip_addr)
                  70078f10    00000004     xgw_udp_interface.o (.data.g_rx_callback)
                  70078f14    00000004     xgw_udp_interface.o (.data.g_udp_rx_pcb)
                  70078f18    00000004     xgw_udp_interface.o (.data.g_udp_task_handle)
                  70078f1c    00000004     xgw_udp_interface.o (.data.g_udp_tx_pcb)
                  70078f20    00000004     freertos.am263px.r5f.ti-arm-clang.debug.lib : timers.obj (.data.prvSampleTimeNow.xLastTime)
                  70078f24    00000004                                                 : tasks.obj (.data.pxCurrentTCB)
                  70078f28    00000004                                                 : port.obj (.data.ulPortInterruptNesting)
                  70078f2c    00000004                                                 : port.obj (.data.ulPortSchedularRunning)
                  70078f30    00000004                                                 : port.obj (.data.ulPortTaskHasFPUContext)
                  70078f34    00000004                                                 : port.obj (.data.ulPortYieldRequired)
                  70078f38    00000004                                                 : tasks.obj (.data.ulTaskSwitchedInTime)
                  70078f3c    00000004                                                 : tasks.obj (.data.ulTotalRunTime)
                  70078f40    00000004                                                 : tasks.obj (.data.uxCurrentNumberOfTasks)
                  70078f44    00000004                                                 : tasks.obj (.data.uxDeletedTasksWaitingCleanUp)
                  70078f48    00000004                                                 : tasks.obj (.data.uxSchedulerSuspended)
                  70078f4c    00000004                                                 : tasks.obj (.data.uxTaskNumber)
                  70078f50    00000004                                                 : tasks.obj (.data.uxTopReadyPriority)
                  70078f54    00000004                                                 : tasks.obj (.data.xNextTaskUnblockTime)
                  70078f58    00000004                                                 : tasks.obj (.data.xNumOfOverflows)
                  70078f5c    00000004                                                 : tasks.obj (.data.xPendedTicks)
                  70078f60    00000004                                                 : tasks.obj (.data.xSchedulerRunning)
                  70078f64    00000004                                                 : tasks.obj (.data.xTickCount)
                  70078f68    00000004                                                 : timers.obj (.data.xTimerQueue)
                  70078f6c    00000004                                                 : timers.obj (.data.xTimerTaskHandle)
                  70078f70    00000004                                                 : tasks.obj (.data.xYieldPendings)
                  70078f74    00000002     lwip-freertos.am263px.r5f.ti-arm-clang.debug.lib : udp.obj (.data.udp_port)
                  70078f76    00000001     main.o (.data.g_test_data_from_core1_received)
                  70078f77    00000001     drivers.am263px.r5f.ti-arm-clang.freertos.debug.lib : soc.obj (.data.isMapAvailable)
                  70078f78    00000001     libc.a : memory.c.obj (.data.memory_is_initialized)
                  70078f79    00000007     --HOLE-- [fill = 0]

.irqstack 
*          0    70078f80    00000100     UNINITIALIZED
                  70078f80    00000100     --HOLE--

.fiqstack 
*          0    70079080    00000100     UNINITIALIZED
                  70079080    00000100     --HOLE--

.svcstack 
*          0    70079180    00001000     UNINITIALIZED
                  70079180    00001000     --HOLE--

.abortstack 
*          0    7007a180    00000100     UNINITIALIZED
                  7007a180    00000100     --HOLE--

.undefinedstack 
*          0    7007a280    00000100     UNINITIALIZED
                  7007a280    00000100     --HOLE--

.init_array 
*          0    70040000    00000000     UNINITIALIZED

.bss.user_shared_mem 
*          0    701d0000    000001c0     NOLOAD SECTION
                  701d0000    000001c0     gateway_shared.o (.bss.user_shared_mem)

.bss.log_shared_mem 
*          0    701d4000    00002000     NOLOAD SECTION
                  701d4000    00002000     ti_dpl_config.o (.bss.log_shared_mem)

MODULE SUMMARY

       Module                                  code   ro data   rw data
       ------                                  ----   -------   -------
    .\
       main.o                                  0      0         19161  
       log_reader_task.o                       0      0         2204   
       gateway_shared.o                        0      0         448    
    +--+---------------------------------------+------+---------+---------+
       Total:                                  0      0         21813  
                                                                       
    .\enet\
       xgw_udp_interface.o                     0      0         52     
    +--+---------------------------------------+------+---------+---------+
       Total:                                  0      0         52     
                                                                       
    .\syscfg\
       ti_dpl_config.o                         12     0         8220   
       ti_drivers_config.o                     0      0         1080   
       ti_pinmux_config.o                      0      0         440    
       ti_board_open_close.o                   0      0         392    
       ti_drivers_open_close.o                 0      0         116    
       ti_power_clock_config.o                 0      0         64     
    +--+---------------------------------------+------+---------+---------+
       Total:                                  12     0         10312  
                                                                       
    C:/ti/mcu_plus_sdk_am263px_11_01_00_19/source/board/lib/board.am263px.r5f.ti-arm-clang.freertos.debug.lib
       eeprom_cat24m.obj                       0      0         28     
    +--+---------------------------------------+------+---------+---------+
       Total:                                  0      0         28     
                                                                       
    C:/ti/mcu_plus_sdk_am263px_11_01_00_19/source/drivers/lib/drivers.am263px.r5f.ti-arm-clang.freertos.debug.lib
       ipc_notify_v1_cfg.obj                   0      0         300    
       ipc_notify_v1.obj                       0      0         184    
       i2c_v1.obj                              0      0         92     
       uart_v0.obj                             0      0         92     
       soc.obj                                 0      0         17     
    +--+---------------------------------------+------+---------+---------+
       Total:                                  0      0         685    
                                                                       
    C:/ti/mcu_plus_sdk_am263px_11_01_00_19/source/kernel/freertos/lib/freertos.am263px.r5f.ti-arm-clang.debug.lib
       port.obj                                0      0         5440   
       DebugP_shmLogReader_freertos.obj        0      0         4252   
       HwiP_armv7r_vim.obj                     1728   0         2064   
       HwiP_armv7r_handlers_freertos.obj       1386   0         4      
       CacheP_armv7r_asm.obj                   832    0         0      
       MpuP_armv7r.obj                         832    0         0      
       tasks.obj                               0      0         812    
       portASM.obj                             492    0         0      
       timers.obj                              0      0         396    
       CacheP_armv7r.obj                       344    0         0      
       boot_armv7r_asm.obj                     324    0         0      
       HwiP_armv7r_handlers_freertos_asm.obj   260    0         0      
       queue.obj                               0      0         256    
       TaskP_freertos.obj                      0      0         168    
       DebugP_shmLogReader.obj                 0      0         152    
       MpuP_armv7r_asm.obj                     120    0         0      
       HwiP_armv7r_asm.obj                     112    0         0      
       DebugP_freertos.obj                     0      0         92     
       SemaphoreP_freertos.obj                 0      0         80     
       HwiP_armv7r_vectors_freertos_asm.obj    64     0         0      
       DebugP_log.obj                          36     0         4      
       boot_armv7r.obj                         36     0         0      
       ClockP_freertos.obj                     0      0         24     
       AddrTranslateP_32bit.obj                0      0         12     
       PmuP_armv7r.obj                         0      0         8      
       DebugP_uartLogWriter.obj                0      0         4      
    +--+---------------------------------------+------+---------+---------+
       Total:                                  6566   0         13768  
                                                                       
    C:/ti/mcu_plus_sdk_am263px_11_01_00_19/source/networking/lwip/lib/lwip-freertos.am263px.r5f.ti-arm-clang.debug.lib
       memp.obj                                0      0         138978 
       stats.obj                               0      0         516    
       sys_arch.obj                            0      0         17     
       netif.obj                               0      0         8      
       ip4.obj                                 0      0         6      
       udp.obj                                 0      0         6      
       tcp.obj                                 0      0         4      
       tcpip.obj                               0      0         4      
       pbuf.obj                                0      0         1      
    +--+---------------------------------------+------+---------+---------+
       Total:                                  0      0         139540 
                                                                       
    C:\ti\ccs2031\ccs\tools\compiler\ti-cgt-armllvm_4.0.4.LTS\lib\armv7r-ti-none-eabihf/c/libc.a
       _lock.c.obj                             0      0         8      
       exit.c.obj                              8      0         0      
       memory.c.obj                            0      0         5      
    +--+---------------------------------------+------+---------+---------+
       Total:                                  8      0         13     
                                                                       
       Heap:                                   0      0         32768  
       Stack:                                  0      0         16384  
    +--+---------------------------------------+------+---------+---------+
       Grand Total:                            6586   0         235363 


FAR CALL TRAMPOLINES

callee name               trampoline name
   callee addr  tramp addr   call addr  call info
--------------  -----------  ---------  ----------------
HwiP_Params_init          $Tramp$TT$L$PI$$HwiP_Params_init
   70077131     00002d58     00002cc8   drivers.am263px.r5f.ti-arm-clang.freertos.debug.lib : uart_v0.obj (.text.UART_open)
                             000030e6                                                       : ipc_notify_v1.obj (.text.IpcNotify_init)
                             00003a4c                                                       : i2c_v1.obj (.text.I2C_open)
                             00008752   freertos.am263px.r5f.ti-arm-clang.debug.lib : ClockP_freertos_r5.obj (.text.ClockP_init)
HwiP_construct            $Tramp$TT$L$PI$$HwiP_construct
   70077161     00003bd8     00002cf2   drivers.am263px.r5f.ti-arm-clang.freertos.debug.lib : uart_v0.obj (.text.UART_open)
                             0000311a                                                       : ipc_notify_v1.obj (.text.IpcNotify_init)
                             00003a84                                                       : i2c_v1.obj (.text.I2C_open)
                             00008778   freertos.am263px.r5f.ti-arm-clang.debug.lib : ClockP_freertos_r5.obj (.text.ClockP_init)
HwiP_disable              $Tramp$AA$L$PI$$HwiP_disable
   70077efc     00003f08     00003092   drivers.am263px.r5f.ti-arm-clang.freertos.debug.lib : ipc_notify_v1.obj (.text.IpcNotify_init)
                             000054fc                                                       : edma.obj (.text.Alloc_resource)
                             0000623e   freertos.am263px.r5f.ti-arm-clang.debug.lib : tasks.obj (.text.vTaskGenericNotifyGiveFromISR)
                             00006cb4   drivers.am263px.r5f.ti-arm-clang.freertos.debug.lib : i2c_v1.obj (.text.I2C_transfer)
                             00008044                                                       : uart_v0.obj (.text.UART_write)
                             00008fb2   freertos.am263px.r5f.ti-arm-clang.debug.lib : queue.obj (.text.xQueueGiveFromISR)
                             0000957a   drivers.am263px.r5f.ti-arm-clang.freertos.debug.lib : edma.obj (.text.EDMA_unregisterIntr)
                             0000a2fa   freertos.am263px.r5f.ti-arm-clang.debug.lib : queue.obj (.text.xQueueReceiveFromISR)
                             0000afec   drivers.am263px.r5f.ti-arm-clang.freertos.debug.lib : edma.obj (.text.EDMA_registerIntr)
                             0000cd4c                                                       : ipc_notify_v1.obj (.text.IpcNotify_sendMsg)
                             0000cd74                                                       : ipc_notify_v1.obj (.text.IpcNotify_sendMsg)
                             0000d93e                                                       : edma.obj (.text.EDMA_freeParam)
                             0000da2c                                                       : edma.obj (.text.EDMA_freeDmaChannel)
                             0000db0c                                                       : edma.obj (.text.EDMA_freeTcc)
                             0000ee52                                                       : ipc_notify_v1.obj (.text.IpcNotify_waitSync)
                             0000fe88                                                       : ipc_notify_v1.obj (.text.IpcNotify_registerClient)
                             000106ba                                                       : uart_v0_lld.obj (.text.UART_writeCancelNoCB)
                             00011408   freertos.am263px.r5f.ti-arm-clang.debug.lib : DebugP_log.obj (.text._DebugP_assert)
                             0001368e   drivers.am263px.r5f.ti-arm-clang.freertos.debug.lib : ipc_notify_v1.obj (.text.IpcNotify_unregisterClient)
                             00014214   freertos.am263px.r5f.ti-arm-clang.debug.lib : port.obj (.text.vPortTimerTickHandler)
                             00014ae6                                               : DebugP_log.obj (.text.DebugP_logZoneEnable)
                             00014fc8                                               : tasks.obj (.text.xTaskGetTickCountFromISR)
HwiP_restore              $Tramp$AA$L$PI$$HwiP_restore
   70077f3c     00004214     00003132   drivers.am263px.r5f.ti-arm-clang.freertos.debug.lib : ipc_notify_v1.obj (.text.IpcNotify_init)
                             000056a4                                                       : edma.obj (.text.Alloc_resource)
                             000063f8   freertos.am263px.r5f.ti-arm-clang.debug.lib : tasks.obj (.text.vTaskGenericNotifyGiveFromISR)
                             00006cd8   drivers.am263px.r5f.ti-arm-clang.freertos.debug.lib : i2c_v1.obj (.text.I2C_transfer)
                             00006cfa                                                       : i2c_v1.obj (.text.I2C_transfer)
                             0000804c                                                       : uart_v0.obj (.text.UART_write)
                             00009076   freertos.am263px.r5f.ti-arm-clang.debug.lib : queue.obj (.text.xQueueGiveFromISR)
                             000095fa   drivers.am263px.r5f.ti-arm-clang.freertos.debug.lib : edma.obj (.text.EDMA_unregisterIntr)
                             0000a3c2   freertos.am263px.r5f.ti-arm-clang.debug.lib : queue.obj (.text.xQueueReceiveFromISR)
                             0000b040   drivers.am263px.r5f.ti-arm-clang.freertos.debug.lib : edma.obj (.text.EDMA_registerIntr)
                             0000cd70                                                       : ipc_notify_v1.obj (.text.IpcNotify_sendMsg)
                             0000cda0                                                       : ipc_notify_v1.obj (.text.IpcNotify_sendMsg)
                             0000d964                                                       : edma.obj (.text.EDMA_freeParam)
                             0000da52                                                       : edma.obj (.text.EDMA_freeDmaChannel)
                             0000db32                                                       : edma.obj (.text.EDMA_freeTcc)
                             0000ee72                                                       : ipc_notify_v1.obj (.text.IpcNotify_waitSync)
                             0000fecc                                                       : ipc_notify_v1.obj (.text.IpcNotify_registerClient)
                             00010722                                                       : uart_v0_lld.obj (.text.UART_writeCancelNoCB)
                             000136c2                                                       : ipc_notify_v1.obj (.text.IpcNotify_unregisterClient)
                             00014244   freertos.am263px.r5f.ti-arm-clang.debug.lib : port.obj (.text.vPortTimerTickHandler)
                             00014b02                                               : DebugP_log.obj (.text.DebugP_logZoneEnable)
                             00014fdc                                               : tasks.obj (.text.xTaskGetTickCountFromISR)
_DebugP_assertNoLog       $Tramp$TT$L$PI$$_DebugP_assertNoLog
   70078921     00004518     00005fcc   drivers.am263px.r5f.ti-arm-clang.freertos.debug.lib : ipc_notify_v1.obj (.text.IpcNotify_isr)
                             00006098                                                       : ipc_notify_v1.obj (.text.IpcNotify_isr)
                             000102da   freertos.am263px.r5f.ti-arm-clang.debug.lib : DebugP_freertos.obj (.text._DebugP_logZone)
                             000103c4   main.o (.text.main)
                             00010648   freertos.am263px.r5f.ti-arm-clang.debug.lib : SemaphoreP_freertos.obj (.text.SemaphoreP_pend)
                             00011c18                                               : DebugP_shmLogReader.obj (.text.DebugP_shmLogReaderInit)
                             00012088                                               : SemaphoreP_freertos.obj (.text.SemaphoreP_post)
                             000126dc   ti_power_clock_config.o (.text.Module_clockSetFrequency)
                             00012d3c   freertos.am263px.r5f.ti-arm-clang.debug.lib : DebugP_shmLogReader_freertos.obj (.text.DebugP_shmLogReaderTaskCreate)
                             0001370c   ti_power_clock_config.o (.text.Module_clockEnable)
                             000148da   freertos.am263px.r5f.ti-arm-clang.debug.lib : port.obj (.text.vApplicationStackOverflowHook)
                             00015d34                                               : port.obj (.text.prvTaskExitError)
HwiP_disableInt           $Tramp$TT$L$PI$$HwiP_disableInt
   70077021     000051f8     00006d2e   drivers.am263px.r5f.ti-arm-clang.freertos.debug.lib : i2c_v1.obj (.text.I2C_transfer)
HwiP_enableInt            $Tramp$TT$L$PI$$HwiP_enableInt
   70076fe1     000058f4     00006d66   drivers.am263px.r5f.ti-arm-clang.freertos.debug.lib : i2c_v1.obj (.text.I2C_transfer)
HwiP_destruct             $Tramp$TT$L$PI$$HwiP_destruct
   70077351     00005fa8     000076f2   drivers.am263px.r5f.ti-arm-clang.freertos.debug.lib : uart_v0.obj (.text.UART_close)
                             0000cf96                                                       : i2c_v1.obj (.text.I2C_close)
HwiP_inISR                $Tramp$TT$L$PI$$HwiP_inISR
   70077571     000061d4     000102ae   freertos.am263px.r5f.ti-arm-clang.debug.lib : DebugP_freertos.obj (.text._DebugP_logZone)
                             00010630                                               : SemaphoreP_freertos.obj (.text.SemaphoreP_pend)
                             00010650                                               : SemaphoreP_freertos.obj (.text.SemaphoreP_pend)
                             00012074                                               : SemaphoreP_freertos.obj (.text.SemaphoreP_post)
                             00012090                                               : SemaphoreP_freertos.obj (.text.SemaphoreP_post)
                             00015254                                               : ClockP_freertos.obj (.text.ClockP_getTicks)
HwiP_init                 $Tramp$TT$L$PI$$HwiP_init
   700773c1     00006c24     00012ec4   ti_dpl_config.o (.text.Dpl_init)
HwiP_enable               $Tramp$AA$L$PI$$HwiP_enable
   70077f1c     00006e24     00012f0a   ti_dpl_config.o (.text.Dpl_init)
HwiP_setVimIrqPriMaskAtomic  $Tramp$TT$L$PI$$HwiP_setVimIrqPriMaskAtomic
   700775f1     00007008     00015228   freertos.am263px.r5f.ti-arm-clang.debug.lib : port.obj (.text.xPortStartScheduler)
vPortRestoreTaskContext   $Tramp$AA$L$PI$$vPortRestoreTaskContext
   70077c0c     000071e8     0001523a   freertos.am263px.r5f.ti-arm-clang.debug.lib : port.obj (.text.xPortStartScheduler)

[13 trampolines]
[78 trampoline calls]


GLOBAL SYMBOLS: SORTED ALPHABETICALLY BY Name 

address   name                                 
-------   ----                                 
0000dec1  AddrTranslateP_getLocalAddr          
00015541  Board_driversOpen                    
00013041  Board_eepromClose                    
0000f711  Board_eepromOpen                     
00015d91  Board_init                           
00001868  C$$EXIT                              
00014de1  CSL_armR5GetCpuID                    
00002494  CSL_armR5ReadMpidrReg                
70078280  CacheP_configForceWrThru             
70078341  CacheP_disable                       
70077f70  CacheP_disableL1d                    
70077f98  CacheP_disableL1p                    
70078391  CacheP_enable                        
70077fb0  CacheP_enableL1d                     
70077fc8  CacheP_enableL1p                     
70078274  CacheP_getCacheLevelInfo             
7007823c  CacheP_getEnabled                    
700782b1  CacheP_init                          
700783d1  CacheP_inv                           
70077fe0  CacheP_invL1d                        
70078054  CacheP_invL1dAll                     
70078018  CacheP_invL1p                        
7007805c  CacheP_invL1pAll                     
700782a0  CacheP_setDLFO                       
70078064  CacheP_wb                            
700780dc  CacheP_wbAll                         
700780a0  CacheP_wbInv                         
70078184  CacheP_wbInvAll                      
7007819c  CacheP_wbInvAllAsm                   
00015251  ClockP_getTicks                      
0000e2d1  ClockP_getTimeUsec                   
00015b51  ClockP_getTimerCount                 
00008601  ClockP_init                          
00015641  ClockP_ticksToUsec                   
00015b71  ClockP_timerClearOverflowInt         
000146b1  ClockP_timerTickIsr                  
00015341  ClockP_usecToTicks                   
000118a1  ClockP_usleep                        
0000ef41  CycleCounterP_enableUserAccess       
000143c8  CycleCounterP_getCount32             
0000ee91  CycleCounterP_init                   
0000ef01  CycleCounterP_nsToTicks              
0000eeb1  CycleCounterP_reset                  
00014ae1  DebugP_logZoneEnable                 
0000c541  DebugP_shmLogRead                    
00008911  DebugP_shmLogReaderGetString         
00011c01  DebugP_shmLogReaderInit              
00012cf1  DebugP_shmLogReaderTaskCreate        
0000c651  DebugP_shmLogReaderTaskMain          
000139f1  DebugP_uartLogWriterPutChar          
00015931  DebugP_uartSetDrvIndex               
00012ec1  Dpl_init                             
00013091  Drivers_i2cClose                     
0000f7c1  Drivers_i2cOpen                      
00015ca1  Drivers_open                         
000130e1  Drivers_uartClose                    
00015d51  Drivers_uartInit                     
0000f871  Drivers_uartOpen                     
00010c41  EDMA_allocDmaChannel                 
00010cd1  EDMA_allocParam                      
00010d61  EDMA_allocTcc                        
00013591  EDMA_ccPaRAMEntry_init               
00015281  EDMA_channelToParamMap               
000132c1  EDMA_clrEvtRegion                    
000119a1  EDMA_clrMissEvtRegion                
0000e951  EDMA_configureChannelRegion          
0000df91  EDMA_disableChInShadowRegRegion      
00013311  EDMA_disableDmaEvtRegion             
00013361  EDMA_disableEvtIntrRegion            
00014f01  EDMA_disableQdmaEvtRegion            
000104f1  EDMA_disableTransferRegion           
0000e131  EDMA_enableChInShadowRegRegion       
000133b1  EDMA_enableDmaEvtRegion              
00013401  EDMA_enableEvtIntrRegion             
00014f31  EDMA_enableQdmaEvtRegion             
00010581  EDMA_enableTransferRegion            
0000d7a1  EDMA_freeChannelRegion               
0000d981  EDMA_freeDmaChannel                  
0000d891  EDMA_freeParam                       
0000da61  EDMA_freeTcc                         
00011ea1  EDMA_getBaseAddr                     
00015561  EDMA_getEventStatus                  
000153c1  EDMA_getEventStatusHigh              
00014441  EDMA_getRegionId                     
00015661  EDMA_isInterruptEnabled              
000116a1  EDMA_linkChannel                     
0000e611  EDMA_mapChToEvtQ                     
000135e1  EDMA_mapQdmaChToPaRAM                
00013631  EDMA_readEventStatusRegion           
0000af31  EDMA_registerIntr                    
00013451  EDMA_setEvtRegion                    
00012d51  EDMA_setPaRAM                        
00010161  EDMA_unmapChToEvtQ                   
000094d1  EDMA_unregisterIntr                  
000140d1  EEPROM_CAT24M_close                  
00010fa1  EEPROM_CAT24M_open                   
0000e6e1  EEPROM_CAT24M_read                   
00008c11  EEPROM_CAT24M_write                  
00014931  EEPROM_close                         
00011f81  EEPROM_open                          
70078ec0  FreeRTOS_errno                       
70077ec0  GET_ADFSR                            
70077ed8  GET_AIFSR                            
70077ec8  GET_DFAR                             
70077eb8  GET_DFSR                             
70077ee0  GET_IFAR                             
70077ed0  GET_IFSR                             
70077ee8  GET_SPSR                             
00001868  HOSTexit                             
70077131  HwiP_Params_init                     
700770b1  HwiP_clearInt                        
70077161  HwiP_construct                       
70077df8  HwiP_data_abort_handler              
70077b11  HwiP_data_abort_handler_c            
70077351  HwiP_destruct                        
70077efc  HwiP_disable                         
70077f0c  HwiP_disableFIQ                      
70077021  HwiP_disableInt                      
70077f54  HwiP_disableVIC                      
70077f1c  HwiP_enable                          
70077f2c  HwiP_enableFIQ                       
70076fe1  HwiP_enableInt                       
70077f44  HwiP_enableVIC                       
70077841  HwiP_fiq_handler                     
70077f64  HwiP_getCPSR                         
70077571  HwiP_inISR                           
700773c1  HwiP_init                            
70077cb4  HwiP_irq_handler                     
700776a1  HwiP_irq_handler_c                   
700770f1  HwiP_post                            
70077e3c  HwiP_prefetch_abort_handler          
70077a31  HwiP_prefetch_abort_handler_c        
700779b1  HwiP_reserved_handler                
70077f3c  HwiP_restore                         
70077081  HwiP_restoreInt                      
70077691  HwiP_restoreVimIrqPriMask            
700775f1  HwiP_setVimIrqPriMaskAtomic          
700775a1  HwiP_setVimIrqPriMaskNonAtomic       
70077c44  HwiP_svc_handler                     
70077e88  HwiP_undefined_handler               
700779f1  HwiP_undefined_handler_c             
70077bd1  HwiP_user_data_abort_handler_c       
70077ad1  HwiP_user_prefetch_abort_handler_c   
70077a11  HwiP_user_undefined_handler_c        
000155e1  I2C_Params_init                      
00015021  I2C_Transaction_init                 
0000ced1  I2C_close                            
000175a0  I2C_defaultTransaction               
00012ab1  I2C_getHandle                        
00011ff1  I2C_init                             
00014731  I2C_lld_Message_init                 
00014cc1  I2C_lld_Transaction_init             
00004521  I2C_lld_controllerIsr                
00012f21  I2C_lld_deInit                       
0001862c  I2C_lld_defaultMessage               
00009641  I2C_lld_init                         
0000b2f1  I2C_lld_mem_read                     
0000be91  I2C_lld_mem_readIntr                 
0000ab71  I2C_lld_mem_write                    
0000b681  I2C_lld_mem_writeIntr                
000047e1  I2C_lld_targetIsr                    
0000d4d1  I2C_lld_targetTransferIntr           
00013e51  I2C_lld_transferIntr                 
00013e91  I2C_lld_transferPoll                 
00003881  I2C_open                             
00006c31  I2C_transfer                         
00013771  IpcNotify_Params_init                
00015051  IpcNotify_allocSwQueue               
00015081  IpcNotify_getConfig                  
00002d61  IpcNotify_init                       
00005fb1  IpcNotify_isr                        
0000fe41  IpcNotify_registerClient             
0000ccb1  IpcNotify_sendMsg                    
00015851  IpcNotify_sendSync                   
00010f11  IpcNotify_syncAll                    
00014481  IpcNotify_syncCallback               
00015721  IpcNotify_trigInterrupt              
00013681  IpcNotify_unregisterClient           
00015da1  IpcNotify_wait                       
0000edd1  IpcNotify_waitSync                   
000136d1  Module_clockEnable                   
00012691  Module_clockSetFrequency             
70078471  MpuP_RegionAttrs_init                
70078541  MpuP_disable                         
70078750  MpuP_disableAsm                      
70078768  MpuP_disableBRAsm                    
70078581  MpuP_enable                          
70078778  MpuP_enableAsm                       
70078790  MpuP_enableBRAsm                     
70078411  MpuP_getAttrs                        
700785d1  MpuP_init                            
70078531  MpuP_isEnable                        
700787a0  MpuP_isEnableAsm                     
70078671  MpuP_isUserAuthorizedToAccessMemory  
700784a1  MpuP_setRegion                       
700787b4  MpuP_setRegionAsm                    
00013131  Pinmux_config                        
00015af1  Pinmux_init                          
000143f0  PmuP_clearOverflowStatus             
000143e0  PmuP_disableCounters                 
000143d8  PmuP_enableCounters                  
000143e8  PmuP_getOverflowStatus               
000143f8  PmuP_setUserEnable                   
000143d0  PmuP_setup                           
00015cb1  PowerClock_init                      
0000b8e1  SOC_controlModuleLockMMR             
00009d21  SOC_controlModuleUnlockMMR           
00015421  SOC_getSelfCpuClk                    
00015441  SOC_moduleClockEnable                
00014251  SOC_moduleSetClockFrequency          
00001871  SOC_rcmEnablePeripheralClock         
0000ba11  SOC_rcmGetPeripheralClockFrequency   
000120d1  SOC_rcmGetR5Clock                    
00012141  SOC_rcmIsR5FInLockStepMode           
0000f191  SOC_rcmSetPeripheralClock            
00003f11  SOC_virtToPhy                        
00011021  SemaphoreP_constructBinary           
00012571  SemaphoreP_constructMutex            
000152b1  SemaphoreP_destruct                  
00010611  SemaphoreP_pend                      
00012061  SemaphoreP_post                      
000115a1  System_init                          
000155bc  TI_memcpy_small                      
000157b8  TI_memset_small                      
000134a1  TaskP_loadUpdateAll                  
00015d81  TaskP_yield                          
00015bd1  TimerP_Params_init                   
00014501  TimerP_Params_initPriv               
00015be1  TimerP_clearOverflowInt              
00015a51  TimerP_clearOverflowIntPriv          
00015bf1  TimerP_getCount                      
000147b1  TimerP_getCountPriv                  
00015c01  TimerP_getReloadCount                
00015741  TimerP_getReloadCountPriv            
00015c11  TimerP_isOverflowed                  
00015871  TimerP_isOverflowedPriv              
00015a71  TimerP_setup                         
00007011  TimerP_setupPriv                     
00015c21  TimerP_start                         
00015891  TimerP_startPriv                     
000158b1  TimerP_stopPriv                      
00014151  UART_IsTxRxFifoEmpty                 
00011621  UART_Params_init                     
00014d21  UART_Transaction_init                
00013181  UART_checkCharsAvailInFifo           
00007571  UART_close                           
0000ead1  UART_flushTxFifo                     
00012451  UART_getChar                         
00012991  UART_getHandle                       
00013811  UART_getIntrIdentityStatus           
0000f241  UART_init                            
00014d51  UART_intr2Disable                    
0000dd01  UART_intrDisable                     
0000dc21  UART_intrEnable                      
00015481  UART_lld_Transaction_deInit          
00014d81  UART_lld_Transaction_init            
00008461  UART_lld_controllerIsr               
000126f1  UART_lld_deInit                      
00012221  UART_lld_deInitDma                   
00005d81  UART_lld_dmaDeInit                   
000127b1  UART_lld_dmaDisableChannel           
00014a21  UART_lld_dmaInit                     
0000bd71  UART_lld_dmaRead                     
00007721  UART_lld_dmaWrite                    
00010971  UART_lld_flushTxFifo                 
0000b421  UART_lld_init                        
00009e81  UART_lld_initDma                     
0000dde1  UART_lld_write                       
0000e061  UART_lld_writeDma                    
0000e541  UART_lld_writeIntr                   
00002951  UART_open                            
00014db1  UART_operatingModeSelect             
0000adf1  UART_procLineStatusErr               
000157a1  UART_putChar                         
00013ae1  UART_readLineStatus                  
00014011  UART_spaceAvail                      
00007f81  UART_write                           
000106a1  UART_writeCancelNoCB                 
000113a1  _DebugP_assert                       
70078921  _DebugP_assertNoLog                  
000102a1  _DebugP_logZone                      
7007a280  __ABORT_STACK_END                    
00000100  __ABORT_STACK_SIZE                   
7007a180  __ABORT_STACK_START                  
7006afe0  __BSS_END                            
70040000  __BSS_START                          
70079180  __FIQ_STACK_END                      
00000100  __FIQ_STACK_SIZE                     
70079080  __FIQ_STACK_START                    
70079080  __IRQ_STACK_END                      
00000100  __IRQ_STACK_SIZE                     
70078f80  __IRQ_STACK_START                    
70076fe0  __STACK_END                          
00004000  __STACK_SIZE                         
7007a180  __SVC_STACK_END                      
00001000  __SVC_STACK_SIZE                     
70079180  __SVC_STACK_START                    
00008000  __SYSMEM_SIZE                        
00000000  __TI_ATRegion0_region_sz             
00000000  __TI_ATRegion0_src_addr              
00000000  __TI_ATRegion0_trg_addr              
00000000  __TI_ATRegion1_region_sz             
00000000  __TI_ATRegion1_src_addr              
00000000  __TI_ATRegion1_trg_addr              
00000000  __TI_ATRegion2_region_sz             
00000000  __TI_ATRegion2_src_addr              
00000000  __TI_ATRegion2_trg_addr              
UNDEFED   __TI_CINIT_Base                      
UNDEFED   __TI_CINIT_Limit                     
UNDEFED   __TI_Handler_Table_Base              
UNDEFED   __TI_Handler_Table_Limit             
00012e64  __TI_auto_init_nobinit_nopinit       
ffffffff  __TI_pprof_out_hndl                  
ffffffff  __TI_prof_data_size                  
ffffffff  __TI_prof_data_start                 
00000000  __TI_static_base__                   
7007a380  __UNDEFINED_STACK_END                
00000100  __UNDEFINED_STACK_SIZE               
7007a280  __UNDEFINED_STACK_START              
00001ea8  __aeabi_ldiv0                        
00000a34  __aeabi_memclr                       
00000a34  __aeabi_memclr4                      
00000a34  __aeabi_memclr8                      
00001eac  __aeabi_memcpy                       
00001eac  __aeabi_memcpy4                      
00001eac  __aeabi_memcpy8                      
00015c30  __aeabi_memset                       
00015c30  __aeabi_memset4                      
00015c30  __aeabi_memset8                      
00015134  __aeabi_uldivmod                     
ffffffff  __binit__                            
70078981  __mpu_init                           
70072fe0  __stack                              
0000c0c8  __udivmoddi4                         
700787f4  _c_int00                             
700787d0  _c_int00_sbl                         
70078ec4  _lock                                
00002d54  _nop                                 
7006afe0  _sys_memory                          
UNDEFED   _system_post_cinit                   
70078951  _system_pre_init                     
70078ec8  _unlock                              
00000000  _vectors                             
70078990  abort                                
00007c24  aligned_alloc                        
ffffffff  binit                                
000131d1  crc32_core                           
00007a7c  free                                 
000169f8  gADPLLJConfigTbl                     
70078e5c  gAddrTranslateConfig                 
0001759e  gCR5ClkSrcInfoMap                    
000161d0  gCacheConfig                         
0001690c  gCacheL1dCacheLineSize               
000193ec  gCacheL1pCacheLineSize               
70078dd0  gClockConfig                         
7006ad28  gClockCtrl                           
70078ed0  gDebugLogZone                        
70078ed4  gDebugP_uartDrvIndex                 
701d4000  gDebugShmLog                         
7006aac8  gDebugShmLogReaderCtrl               
70078998  gEdmaConfig                          
70078ed8  gEdmaConfigNum                       
70078e68  gEepromAttrs_CAT24M                  
70078e74  gEepromConfig                        
70078edc  gEepromConfigNum                     
70078e2c  gEepromFxns_CAT24M                   
7006afb0  gEepromHandle                        
700699c4  gEepromObject_CAT24M                 
70078e8c  gEepromParams                        
701d0000  gGatewaySharedMem                    
70078ee0  gHwiConfig                           
70066720  gHwiCtrl                             
70078e94  gI2cConfig                           
70078ee4  gI2cConfigNum                        
7006afb4  gI2cHandle                           
70078e80  gI2cParams                           
70078e3c  gIpcNotifyCoreIntrBitPos             
7006a4ac  gIpcNotifyCtrl                       
70078ee8  gIpcNotifyInterruptConfigNum_r5fss0_0
70078e00  gIpcNotifyInterruptConfig_r5fss0_0   
70078b50  gIpcNotifyMailboxConfig              
70078eec  gIpcTask                             
70078ef0  gLogReaderTask                       
70078ef4  gMainTask                            
000161d8  gMpuConfig                           
000161e4  gMpuRegionConfig                     
0001871c  gPeripheralClkSrcInfoMap             
7006ac84  gRovDummyQueue                       
70078e4c  gSocModules                          
70078d60  gSocModulesClockFrequency            
7006a568  gTaskP_ctrl                          
70078ea4  gUartConfig                          
70078ef8  gUartConfigNum                       
70078efc  gUartDmaChConfig                     
70078998  gUartDmaHandle                       
7006afb8  gUartHandle                          
70078d08  gUartParams                          
70078f00  gUdpRxTask                           
70078f04  gUdpTxTask                           
0001937c  gXTALInfo                            
000145f1  gateway_core0_finalize               
00014ba1  gateway_core0_init                   
0000e7b1  gateway_core0_ipc_callback           
00013d11  gateway_notify_commands_ready        
000125d1  gateway_notify_test_data_ready       
0000fc61  gateway_read_motor_states            
00011321  gateway_read_test_data               
0000f011  gateway_write_motor_commands         
000108e1  gateway_write_test_data              
000154c1  inet_chksum                          
00011b21  inet_chksum_pseudo                   
000111a1  inet_chksum_pseudo_partial           
00003501  ip4_frag                             
00003be1  ip4_output_if_opt_src                
000129f1  ip4_output_if_src                    
00008d91  ip4_route                            
000193f0  ip_addr_any                          
000193f4  ip_addr_broadcast                    
00014871  ip_chksum_pseudo                     
00013f11  ip_chksum_pseudo_partial             
70078f77  isMapAvailable                       
00011c71  log_reader_task_create               
00015c51  lwip_htons                           
0000f5b1  lwip_standard_chksum                 
70069448  lwip_stats                           
00010341  main                                 
000011e4  malloc                               
000078d1  mem_free                             
00009361  mem_malloc                           
00007c24  memalign                             
00018af4  memp_ALTCP_PCB                       
00018b08  memp_ARP_QUEUE                       
00018b1c  memp_FRAG_PBUF                       
00018b30  memp_IGMP_GROUP                      
00018b44  memp_NETBUF                          
00018b58  memp_NETCONN                         
00018b6c  memp_NETDB                           
00018b80  memp_PBUF                            
00018b94  memp_PBUF_POOL                       
00018ba8  memp_POOL_128                        
00018bbc  memp_POOL_1568                       
00018bd0  memp_POOL_4096                       
00018be4  memp_RAW_PCB                         
00018bf8  memp_REASSDATA                       
00018c0c  memp_SYS_MBOX                        
00018c20  memp_SYS_TIMEOUT                     
00018c34  memp_TCPIP_MSG_API                   
00018c48  memp_TCPIP_MSG_INPKT                 
00018c5c  memp_TCP_PCB                         
00018c70  memp_TCP_PCB_LISTEN                  
00018c84  memp_TCP_SEG                         
00018c98  memp_UDP_PCB                         
00013221  memp_free                            
00013271  memp_malloc                          
70069b30  memp_memory_ALTCP_PCB_base           
70068340  memp_memory_ARP_QUEUE_base           
7006964c  memp_memory_FRAG_PBUF_base           
70069f4d  memp_memory_IGMP_GROUP_base          
7005cb60  memp_memory_NETBUF_base              
70068a5e  memp_memory_NETCONN_base             
70069c8f  memp_memory_NETDB_base               
7006ad04  memp_memory_PBUF_POOL_base           
7005db7f  memp_memory_PBUF_base                
70056cbe  memp_memory_POOL_128_base            
70040000  memp_memory_POOL_1568_base           
70052c1f  memp_memory_POOL_4096_base           
7006ab5c  memp_memory_RAW_PCB_base             
70069dee  memp_memory_REASSDATA_base           
70065c00  memp_memory_SYS_MBOX_base            
70069208  memp_memory_SYS_TIMEOUT_base         
7005eb9e  memp_memory_TCPIP_MSG_API_base       
7005fbbd  memp_memory_TCPIP_MSG_INPKT_base     
7006a06c  memp_memory_TCP_PCB_LISTEN_base      
7006871f  memp_memory_TCP_PCB_base             
70060bdc  memp_memory_TCP_SEG_base             
7006a18b  memp_memory_UDP_PCB_base             
00016804  memp_pools                           
7006afbc  netif_default                        
00012871  netif_get_by_index                   
7006afc0  netif_list                           
00015911  pbuf_add_header                      
00004221  pbuf_alloc                           
0000f921  pbuf_alloc_reference                 
0000fee1  pbuf_alloced_custom                  
0000a671  pbuf_cat                             
000154e1  pbuf_chain                           
0000a8f1  pbuf_copy_partial                    
00006831  pbuf_free                            
70061bfb  pbuf_free_ooseq_pending              
00011aa1  pbuf_ref                             
00015a91  putchar_                             
00014ea1  pvPortMalloc                         
00015191  pvTaskIncrementMutexHeldCount        
70078f24  pxCurrentTCB                         
0000b7b1  pxPortInitialiseStack                
0000cba1  sys_arch_protect                     
00009fe1  sys_arch_unprotect                   
00010bb1  sys_check_core_locking               
0000bfb1  sys_mbox_trypost                     
7006afc4  tcp_active_pcbs                      
00015311  tcp_free_ooseq                       
00014c01  tcp_seg_free                         
000151c1  tcp_segs_free                        
0000f451  tcpip_try_callback                   
00008a91  udp_bind                             
000149f1  udp_new                              
7006afc8  udp_pcbs                             
00014051  udp_recv                             
00010021  udp_remove                           
0000a3d1  udp_sendto                           
0000c981  udp_sendto_if                        
00003141  udp_sendto_if_src                    
00015b11  uiPortGetRunTimeCounterValue         
70078f28  ulPortInterruptNesting               
70078f2c  ulPortSchedularRunning               
70078f30  ulPortTaskHasFPUContext              
70078f34  ulPortYieldRequired                  
0000b551  ulTaskGenericNotifyTake              
000142d1  ulTaskGetIdleRunTimeCounter          
00014c31  ulTaskGetRunTimeCounter              
000139a1  uxListRemove                         
00015cc1  uxTaskGetNumberOfTasks               
00014c61  vApplicationGetIdleTaskMemory        
00014c91  vApplicationGetTimerTaskMemory       
00015d41  vApplicationIdleHook                 
00012291  vApplicationLoadHook                 
UNDEFED   vApplicationMallocFailedHook         
000148b1  vApplicationStackOverflowHook        
00014ab1  vListInitialise                      
00015c81  vListInitialiseItem                  
00011e31  vListInsert                          
00014311  vListInsertEnd                       
00015db1  vPortConfigTimerForRunTimeStats      
000153a1  vPortFree                            
70077c0c  vPortRestoreTaskContext              
00014211  vPortTimerTickHandler                
00015dc1  vPortValidateInterruptPriority       
000155a1  vPortYeildFromISR                    
0000e881  vQueueAddToRegistry                  
00013541  vQueueDelete                         
00011421  vQueueUnregisterQueue                
00012301  vQueueWaitForMessageRestricted       
00011ce1  vTaskDelay                           
0000b1b1  vTaskDelete                          
00011d51  vTaskEnterCritical                   
0000f501  vTaskExitCritical                    
000061e1  vTaskGenericNotifyGiveFromISR        
000151f1  vTaskInternalSetTimeOutState         
00015c91  vTaskMissedYield                     
00013721  vTaskPlaceOnEventList                
00010731  vTaskPlaceOnEventListRestricted      
000082c1  vTaskPriorityDisinheritAfterTimeout  
000100c1  vTaskStartScheduler                  
00015c61  vTaskSuspendAll                      
00008121  vTaskSwitchContext                   
7006af18  virtToPhymap                         
00014ed1  vprintf_                             
00015221  xPortStartScheduler                  
000148f1  xQueueCreateMutexStatic              
0000d3e1  xQueueGenericCreateStatic            
0000ca91  xQueueGenericReset                   
00006401  xQueueGenericSend                    
00008f11  xQueueGiveFromISR                    
00011821  xQueueGiveMutexRecursive             
00006e31  xQueueReceive                        
0000a281  xQueueReceiveFromISR                 
7006a3ac  xQueueRegistry                       
00006621  xQueueSemaphoreTake                  
000117a1  xQueueTakeMutexRecursive             
0000db41  xTaskCheckForTimeOut                 
00012fe1  xTaskCreate                          
00012751  xTaskCreateStatic                    
0000bc51  xTaskDelayUntil                      
00015ab1  xTaskGetCurrentTaskHandle            
00014401  xTaskGetSchedulerState               
00015521  xTaskGetTickCount                    
00014fc1  xTaskGetTickCountFromISR             
00004f91  xTaskIncrementTick                   
0000a131  xTaskPriorityDisinherit              
00009bc1  xTaskPriorityInherit                 
000071f1  xTaskRemoveFromEventList             
00005201  xTaskResumeAll                       
0000fbc1  xTimerCreateTimerTask                
0000f661  xgw_crc32_calculate                  
00014091  xgw_crc32_validate                   
000123e1  xgw_header_init                      
00012c91  xgw_udp_init                         
00004a81  xgw_udp_process_motor_cmd            
0000e471  xgw_udp_process_motor_set            
00009081  xgw_udp_send_motor_states            
0000fd01  xgw_udp_start                        


GLOBAL SYMBOLS: SORTED BY Symbol Address 

address   name                                 
-------   ----                                 
00000000  __TI_ATRegion0_region_sz             
00000000  __TI_ATRegion0_src_addr              
00000000  __TI_ATRegion0_trg_addr              
00000000  __TI_ATRegion1_region_sz             
00000000  __TI_ATRegion1_src_addr              
00000000  __TI_ATRegion1_trg_addr              
00000000  __TI_ATRegion2_region_sz             
00000000  __TI_ATRegion2_src_addr              
00000000  __TI_ATRegion2_trg_addr              
00000000  __TI_static_base__                   
00000000  _vectors                             
00000100  __ABORT_STACK_SIZE                   
00000100  __FIQ_STACK_SIZE                     
00000100  __IRQ_STACK_SIZE                     
00000100  __UNDEFINED_STACK_SIZE               
00000a34  __aeabi_memclr                       
00000a34  __aeabi_memclr4                      
00000a34  __aeabi_memclr8                      
00001000  __SVC_STACK_SIZE                     
000011e4  malloc                               
00001868  C$$EXIT                              
00001868  HOSTexit                             
00001871  SOC_rcmEnablePeripheralClock         
00001ea8  __aeabi_ldiv0                        
00001eac  __aeabi_memcpy                       
00001eac  __aeabi_memcpy4                      
00001eac  __aeabi_memcpy8                      
00002494  CSL_armR5ReadMpidrReg                
00002951  UART_open                            
00002d54  _nop                                 
00002d61  IpcNotify_init                       
00003141  udp_sendto_if_src                    
00003501  ip4_frag                             
00003881  I2C_open                             
00003be1  ip4_output_if_opt_src                
00003f11  SOC_virtToPhy                        
00004000  __STACK_SIZE                         
00004221  pbuf_alloc                           
00004521  I2C_lld_controllerIsr                
000047e1  I2C_lld_targetIsr                    
00004a81  xgw_udp_process_motor_cmd            
00004f91  xTaskIncrementTick                   
00005201  xTaskResumeAll                       
00005d81  UART_lld_dmaDeInit                   
00005fb1  IpcNotify_isr                        
000061e1  vTaskGenericNotifyGiveFromISR        
00006401  xQueueGenericSend                    
00006621  xQueueSemaphoreTake                  
00006831  pbuf_free                            
00006c31  I2C_transfer                         
00006e31  xQueueReceive                        
00007011  TimerP_setupPriv                     
000071f1  xTaskRemoveFromEventList             
00007571  UART_close                           
00007721  UART_lld_dmaWrite                    
000078d1  mem_free                             
00007a7c  free                                 
00007c24  aligned_alloc                        
00007c24  memalign                             
00007f81  UART_write                           
00008000  __SYSMEM_SIZE                        
00008121  vTaskSwitchContext                   
000082c1  vTaskPriorityDisinheritAfterTimeout  
00008461  UART_lld_controllerIsr               
00008601  ClockP_init                          
00008911  DebugP_shmLogReaderGetString         
00008a91  udp_bind                             
00008c11  EEPROM_CAT24M_write                  
00008d91  ip4_route                            
00008f11  xQueueGiveFromISR                    
00009081  xgw_udp_send_motor_states            
00009361  mem_malloc                           
000094d1  EDMA_unregisterIntr                  
00009641  I2C_lld_init                         
00009bc1  xTaskPriorityInherit                 
00009d21  SOC_controlModuleUnlockMMR           
00009e81  UART_lld_initDma                     
00009fe1  sys_arch_unprotect                   
0000a131  xTaskPriorityDisinherit              
0000a281  xQueueReceiveFromISR                 
[...]
000116a1  EDMA_linkChannel                     
000117a1  xQueueTakeMutexRecursive             
00011821  xQueueGiveMutexRecursive             
000118a1  ClockP_usleep                        
000119a1  EDMA_clrMissEvtRegion                
00011aa1  pbuf_ref                             
00011b21  inet_chksum_pseudo                   
00011c01  DebugP_shmLogReaderInit              
00011c71  log_reader_task_create               
00011ce1  vTaskDelay                           
00011d51  vTaskEnterCritical                   
00011e31  vListInsert                          
00011ea1  EDMA_getBaseAddr                     
00011f81  EEPROM_open                          
00011ff1  I2C_init                             
00012061  SemaphoreP_post                      
000120d1  SOC_rcmGetR5Clock                    
00012141  SOC_rcmIsR5FInLockStepMode           
00012221  UART_lld_deInitDma                   
00012291  vApplicationLoadHook                 
00012301  vQueueWaitForMessageRestricted       
000123e1  xgw_header_init                      
00012451  UART_getChar                         
00012571  SemaphoreP_constructMutex            
000125d1  gateway_notify_test_data_ready       
00012691  Module_clockSetFrequency             
000126f1  UART_lld_deInit                      
00012751  xTaskCreateStatic                    
000127b1  UART_lld_dmaDisableChannel           
00012871  netif_get_by_index                   
00012991  UART_getHandle                       
000129f1  ip4_output_if_src                    
00012ab1  I2C_getHandle                        
00012c91  xgw_udp_init                         
00012cf1  DebugP_shmLogReaderTaskCreate        
00012d51  EDMA_setPaRAM                        
00012e64  __TI_auto_init_nobinit_nopinit       
00012ec1  Dpl_init                             
00012f21  I2C_lld_deInit                       
00012fe1  xTaskCreate                          
00013041  Board_eepromClose                    
00013091  Drivers_i2cClose                     
000130e1  Drivers_uartClose                    
00013131  Pinmux_config                        
00013181  UART_checkCharsAvailInFifo           
000131d1  crc32_core                           
00013221  memp_free                            
00013271  memp_malloc                          
000132c1  EDMA_clrEvtRegion                    
00013311  EDMA_disableDmaEvtRegion             
00013361  EDMA_disableEvtIntrRegion            
000133b1  EDMA_enableDmaEvtRegion              
00013401  EDMA_enableEvtIntrRegion             
00013451  EDMA_setEvtRegion                    
000134a1  TaskP_loadUpdateAll                  
00013541  vQueueDelete                         
00013591  EDMA_ccPaRAMEntry_init               
000135e1  EDMA_mapQdmaChToPaRAM                
00013631  EDMA_readEventStatusRegion           
00013681  IpcNotify_unregisterClient           
000136d1  Module_clockEnable                   
00013721  vTaskPlaceOnEventList                
00013771  IpcNotify_Params_init                
00013811  UART_getIntrIdentityStatus           
000139a1  uxListRemove                         
000139f1  DebugP_uartLogWriterPutChar          
00013ae1  UART_readLineStatus                  
00013d11  gateway_notify_commands_ready        
00013e51  I2C_lld_transferIntr                 
00013e91  I2C_lld_transferPoll                 
00013f11  ip_chksum_pseudo_partial             
00014011  UART_spaceAvail                      
00014051  udp_recv                             
00014091  xgw_crc32_validate                   
000140d1  EEPROM_CAT24M_close                  
00014151  UART_IsTxRxFifoEmpty                 
00014211  vPortTimerTickHandler                
00014251  SOC_moduleSetClockFrequency          
000142d1  ulTaskGetIdleRunTimeCounter          
00014311  vListInsertEnd                       
000143c8  CycleCounterP_getCount32             
000143d0  PmuP_setup                           
000143d8  PmuP_enableCounters                  
000143e0  PmuP_disableCounters                 
000143e8  PmuP_getOverflowStatus               
000143f0  PmuP_clearOverflowStatus             
000143f8  PmuP_setUserEnable                   
00014401  xTaskGetSchedulerState               
00014441  EDMA_getRegionId                     
00014481  IpcNotify_syncCallback               
00014501  TimerP_Params_initPriv               
000145f1  gateway_core0_finalize               
000146b1  ClockP_timerTickIsr                  
00014731  I2C_lld_Message_init                 
000147b1  TimerP_getCountPriv                  
00014871  ip_chksum_pseudo                     
000148b1  vApplicationStackOverflowHook        
000148f1  xQueueCreateMutexStatic              
00014931  EEPROM_close                         
000149f1  udp_new                              
00014a21  UART_lld_dmaInit                     
00014ab1  vListInitialise                      
00014ae1  DebugP_logZoneEnable                 
00014ba1  gateway_core0_init                   
00014c01  tcp_seg_free                         
00014c31  ulTaskGetRunTimeCounter              
00014c61  vApplicationGetIdleTaskMemory        
00014c91  vApplicationGetTimerTaskMemory       
00014cc1  I2C_lld_Transaction_init             
00014d21  UART_Transaction_init                
00014d51  UART_intr2Disable                    
00014d81  UART_lld_Transaction_init            
00014db1  UART_operatingModeSelect             
00014de1  CSL_armR5GetCpuID                    
00014ea1  pvPortMalloc                         
00014ed1  vprintf_                             
00014f01  EDMA_disableQdmaEvtRegion            
00014f31  EDMA_enableQdmaEvtRegion             
00014fc1  xTaskGetTickCountFromISR             
00015021  I2C_Transaction_init                 
00015051  IpcNotify_allocSwQueue               
00015081  IpcNotify_getConfig                  
00015134  __aeabi_uldivmod                     
00015191  pvTaskIncrementMutexHeldCount        
000151c1  tcp_segs_free                        
000151f1  vTaskInternalSetTimeOutState         
00015221  xPortStartScheduler                  
00015251  ClockP_getTicks                      
00015281  EDMA_channelToParamMap               
000152b1  SemaphoreP_destruct                  
00015311  tcp_free_ooseq                       
00015341  ClockP_usecToTicks                   
000153a1  vPortFree                            
000153c1  EDMA_getEventStatusHigh              
00015421  SOC_getSelfCpuClk                    
00015441  SOC_moduleClockEnable                
00015481  UART_lld_Transaction_deInit          
000154c1  inet_chksum                          
000154e1  pbuf_chain                           
00015521  xTaskGetTickCount                    
00015541  Board_driversOpen                    
00015561  EDMA_getEventStatus                  
000155a1  vPortYeildFromISR                    
000155bc  TI_memcpy_small                      
000155e1  I2C_Params_init                      
00015641  ClockP_ticksToUsec                   
00015661  EDMA_isInterruptEnabled              
00015721  IpcNotify_trigInterrupt              
00015741  TimerP_getReloadCountPriv            
000157a1  UART_putChar                         
000157b8  TI_memset_small                      
00015851  IpcNotify_sendSync                   
00015871  TimerP_isOverflowedPriv              
00015891  TimerP_startPriv                     
000158b1  TimerP_stopPriv                      
00015911  pbuf_add_header                      
00015931  DebugP_uartSetDrvIndex               
00015a51  TimerP_clearOverflowIntPriv          
00015a71  TimerP_setup                         
00015a91  putchar_                             
00015ab1  xTaskGetCurrentTaskHandle            
00015af1  Pinmux_init                          
00015b11  uiPortGetRunTimeCounterValue         
00015b51  ClockP_getTimerCount                 
00015b71  ClockP_timerClearOverflowInt         
00015bd1  TimerP_Params_init                   
00015be1  TimerP_clearOverflowInt              
00015bf1  TimerP_getCount                      
00015c01  TimerP_getReloadCount                
00015c11  TimerP_isOverflowed                  
00015c21  TimerP_start                         
00015c30  __aeabi_memset                       
00015c30  __aeabi_memset4                      
00015c30  __aeabi_memset8                      
00015c51  lwip_htons                           
00015c61  vTaskSuspendAll                      
00015c81  vListInitialiseItem                  
00015c91  vTaskMissedYield                     
00015ca1  Drivers_open                         
00015cb1  PowerClock_init                      
00015cc1  uxTaskGetNumberOfTasks               
00015d41  vApplicationIdleHook                 
00015d51  Drivers_uartInit                     
00015d81  TaskP_yield                          
00015d91  Board_init                           
00015da1  IpcNotify_wait                       
00015db1  vPortConfigTimerForRunTimeStats      
00015dc1  vPortValidateInterruptPriority       
000161d0  gCacheConfig                         
000161d8  gMpuConfig                           
000161e4  gMpuRegionConfig                     
00016804  memp_pools                           
0001690c  gCacheL1dCacheLineSize               
000169f8  gADPLLJConfigTbl                     
0001759e  gCR5ClkSrcInfoMap                    
000175a0  I2C_defaultTransaction               
0001862c  I2C_lld_defaultMessage               
0001871c  gPeripheralClkSrcInfoMap             
00018af4  memp_ALTCP_PCB                       
00018b08  memp_ARP_QUEUE                       
00018b1c  memp_FRAG_PBUF                       
00018b30  memp_IGMP_GROUP                      
00018b44  memp_NETBUF                          
00018b58  memp_NETCONN                         
00018b6c  memp_NETDB                           
00018b80  memp_PBUF                            
00018b94  memp_PBUF_POOL                       
00018ba8  memp_POOL_128                        
00018bbc  memp_POOL_1568                       
00018bd0  memp_POOL_4096                       
00018be4  memp_RAW_PCB                         
00018bf8  memp_REASSDATA                       
00018c0c  memp_SYS_MBOX                        
00018c20  memp_SYS_TIMEOUT                     
00018c34  memp_TCPIP_MSG_API                   
00018c48  memp_TCPIP_MSG_INPKT                 
00018c5c  memp_TCP_PCB                         
00018c70  memp_TCP_PCB_LISTEN                  
00018c84  memp_TCP_SEG                         
00018c98  memp_UDP_PCB                         
0001937c  gXTALInfo                            
000193ec  gCacheL1pCacheLineSize               
000193f0  ip_addr_any                          
000193f4  ip_addr_broadcast                    
70040000  __BSS_START                          
70040000  memp_memory_POOL_1568_base           
70052c1f  memp_memory_POOL_4096_base           
70056cbe  memp_memory_POOL_128_base            
7005cb60  memp_memory_NETBUF_base              
7005db7f  memp_memory_PBUF_base                
7005eb9e  memp_memory_TCPIP_MSG_API_base       
7005fbbd  memp_memory_TCPIP_MSG_INPKT_base     
70060bdc  memp_memory_TCP_SEG_base             
70061bfb  pbuf_free_ooseq_pending              
70065c00  memp_memory_SYS_MBOX_base            
70066720  gHwiCtrl                             
70068340  memp_memory_ARP_QUEUE_base           
7006871f  memp_memory_TCP_PCB_base             
70068a5e  memp_memory_NETCONN_base             
70069208  memp_memory_SYS_TIMEOUT_base         
70069448  lwip_stats                           
7006964c  memp_memory_FRAG_PBUF_base           
700699c4  gEepromObject_CAT24M                 
70069b30  memp_memory_ALTCP_PCB_base           
70069c8f  memp_memory_NETDB_base               
70069dee  memp_memory_REASSDATA_base           
70069f4d  memp_memory_IGMP_GROUP_base          
7006a06c  memp_memory_TCP_PCB_LISTEN_base      
7006a18b  memp_memory_UDP_PCB_base             
7006a3ac  xQueueRegistry                       
7006a4ac  gIpcNotifyCtrl                       
7006a568  gTaskP_ctrl                          
7006aac8  gDebugShmLogReaderCtrl               
7006ab5c  memp_memory_RAW_PCB_base             
7006ac84  gRovDummyQueue                       
7006ad04  memp_memory_PBUF_POOL_base           
7006ad28  gClockCtrl                           
7006af18  virtToPhymap                         
7006afb0  gEepromHandle                        
7006afb4  gI2cHandle                           
7006afb8  gUartHandle                          
7006afbc  netif_default                        
7006afc0  netif_list                           
7006afc4  tcp_active_pcbs                      
7006afc8  udp_pcbs                             
7006afe0  __BSS_END                            
7006afe0  _sys_memory                          
70072fe0  __stack                              
70076fe0  __STACK_END                          
70076fe1  HwiP_enableInt                       
70077021  HwiP_disableInt                      
70077081  HwiP_restoreInt                      
700770b1  HwiP_clearInt                        
700770f1  HwiP_post                            
70077131  HwiP_Params_init                     
70077161  HwiP_construct                       
70077351  HwiP_destruct                        
700773c1  HwiP_init                            
70077571  HwiP_inISR                           
700775a1  HwiP_setVimIrqPriMaskNonAtomic       
700775f1  HwiP_setVimIrqPriMaskAtomic          
70077691  HwiP_restoreVimIrqPriMask            
700776a1  HwiP_irq_handler_c                   
70077841  HwiP_fiq_handler                     
700779b1  HwiP_reserved_handler                
700779f1  HwiP_undefined_handler_c             
70077a11  HwiP_user_undefined_handler_c        
70077a31  HwiP_prefetch_abort_handler_c        
70077ad1  HwiP_user_prefetch_abort_handler_c   
70077b11  HwiP_data_abort_handler_c            
70077bd1  HwiP_user_data_abort_handler_c       
70077c0c  vPortRestoreTaskContext              
70077c44  HwiP_svc_handler                     
70077cb4  HwiP_irq_handler                     
70077df8  HwiP_data_abort_handler              
70077e3c  HwiP_prefetch_abort_handler          
70077e88  HwiP_undefined_handler               
70077eb8  GET_DFSR                             
70077ec0  GET_ADFSR                            
70077ec8  GET_DFAR                             
70077ed0  GET_IFSR                             
70077ed8  GET_AIFSR                            
70077ee0  GET_IFAR                             
70077ee8  GET_SPSR                             
70077efc  HwiP_disable                         
70077f0c  HwiP_disableFIQ                      
70077f1c  HwiP_enable                          
70077f2c  HwiP_enableFIQ                       
70077f3c  HwiP_restore                         
70077f44  HwiP_enableVIC                       
70077f54  HwiP_disableVIC                      
70077f64  HwiP_getCPSR                         
70077f70  CacheP_disableL1d                    
70077f98  CacheP_disableL1p                    
70077fb0  CacheP_enableL1d                     
70077fc8  CacheP_enableL1p                     
70077fe0  CacheP_invL1d                        
70078018  CacheP_invL1p                        
70078054  CacheP_invL1dAll                     
7007805c  CacheP_invL1pAll                     
70078064  CacheP_wb                            
700780a0  CacheP_wbInv                         
700780dc  CacheP_wbAll                         
70078184  CacheP_wbInvAll                      
7007819c  CacheP_wbInvAllAsm                   
7007823c  CacheP_getEnabled                    
70078274  CacheP_getCacheLevelInfo             
70078280  CacheP_configForceWrThru             
700782a0  CacheP_setDLFO                       
700782b1  CacheP_init                          
70078341  CacheP_disable                       
70078391  CacheP_enable                        
700783d1  CacheP_inv                           
70078411  MpuP_getAttrs                        
70078471  MpuP_RegionAttrs_init                
700784a1  MpuP_setRegion                       
70078531  MpuP_isEnable                        
70078541  MpuP_disable                         
70078581  MpuP_enable                          
700785d1  MpuP_init                            
70078671  MpuP_isUserAuthorizedToAccessMemory  
70078750  MpuP_disableAsm                      
70078768  MpuP_disableBRAsm                    
70078778  MpuP_enableAsm                       
70078790  MpuP_enableBRAsm                     
700787a0  MpuP_isEnableAsm                     
700787b4  MpuP_setRegionAsm                    
700787d0  _c_int00_sbl                         
700787f4  _c_int00                             
70078921  _DebugP_assertNoLog                  
70078951  _system_pre_init                     
70078981  __mpu_init                           
70078990  abort                                
70078998  gEdmaConfig                          
70078998  gUartDmaHandle                       
70078b50  gIpcNotifyMailboxConfig              
70078d08  gUartParams                          
70078d60  gSocModulesClockFrequency            
70078dd0  gClockConfig                         
70078e00  gIpcNotifyInterruptConfig_r5fss0_0   
70078e2c  gEepromFxns_CAT24M                   
70078e3c  gIpcNotifyCoreIntrBitPos             
70078e4c  gSocModules                          
70078e5c  gAddrTranslateConfig                 
70078e68  gEepromAttrs_CAT24M                  
70078e74  gEepromConfig                        
70078e80  gI2cParams                           
70078e8c  gEepromParams                        
70078e94  gI2cConfig                           
70078ea4  gUartConfig                          
70078ec0  FreeRTOS_errno                       
70078ec4  _lock                                
70078ec8  _unlock                              
70078ed0  gDebugLogZone                        
70078ed4  gDebugP_uartDrvIndex                 
70078ed8  gEdmaConfigNum                       
70078edc  gEepromConfigNum                     
70078ee0  gHwiConfig                           
70078ee4  gI2cConfigNum                        
70078ee8  gIpcNotifyInterruptConfigNum_r5fss0_0
70078eec  gIpcTask                             
70078ef0  gLogReaderTask                       
70078ef4  gMainTask                            
70078ef8  gUartConfigNum                       
70078efc  gUartDmaChConfig                     
70078f00  gUdpRxTask                           
70078f04  gUdpTxTask                           
70078f24  pxCurrentTCB                         
70078f28  ulPortInterruptNesting               
70078f2c  ulPortSchedularRunning               
70078f30  ulPortTaskHasFPUContext              
70078f34  ulPortYieldRequired                  
70078f77  isMapAvailable                       
70078f80  __IRQ_STACK_START                    
70079080  __FIQ_STACK_START                    
70079080  __IRQ_STACK_END                      
70079180  __FIQ_STACK_END                      
70079180  __SVC_STACK_START                    
7007a180  __ABORT_STACK_START                  
7007a180  __SVC_STACK_END                      
7007a280  __ABORT_STACK_END                    
7007a280  __UNDEFINED_STACK_START              
7007a380  __UNDEFINED_STACK_END                
701d0000  gGatewaySharedMem                    
701d4000  gDebugShmLog                         
ffffffff  __TI_pprof_out_hndl                  
ffffffff  __TI_prof_data_size                  
ffffffff  __TI_prof_data_start                 
ffffffff  __binit__                            
ffffffff  binit                                
UNDEFED   __TI_CINIT_Base                      
UNDEFED   __TI_CINIT_Limit                     
UNDEFED   __TI_Handler_Table_Base              
UNDEFED   __TI_Handler_Table_Limit             
UNDEFED   _system_post_cinit                   
UNDEFED   vApplicationMallocFailedHook         

[591 symbols]
