******************************************************************************
            TI ARM Clang Linker PC v4.0.4                      
******************************************************************************
>> Linked Tue Mar 24 20:09:43 2026

OUTPUT FILE NAME:   <ccu_ti_multi_core_freertos.out>
ENTRY POINT SYMBOL: "_vectors"  address: 00000000


MEMORY CONFIGURATION

         name            origin    length      used     unused   attr    fill
----------------------  --------  ---------  --------  --------  ----  --------
  R5F_VECS              00000000   00000040  00000040  00000000  RWIX
  R5F_TCMA              00000040   00007fc0  00000000  00007fc0  RWIX
  R5F_TCMB              00080000   00008000  00000000  00008000  RWIX
  MAILBOX_HSM           44000000   000003ce  00000000  000003ce  RWIX
  MAILBOX_R5F           44000400   000003ce  00000000  000003ce  RWIX
  FLASH                 60100000   00080000  00000000  00080000  RWIX
  SBL                   70000000   00040000  00000000  00040000  RWIX
  OCRAM                 70040000   00040000  0002c1f0  00013e10  RWIX
  USER_SHM_MEM          701d0000   00004000  000001c0  00003e40  RWIX
  LOG_SHM_MEM           701d4000   00004000  00002000  00002000  RWIX
  RTOS_NORTOS_IPC_SHM_M 72000000   00003e80  00000000  00003e80  RWIX


SEGMENT ALLOCATION MAP

run origin  load origin   length   init length attrs members
----------  ----------- ---------- ----------- ----- -------
00000000    00000000    00000040   00000040    r-x
  00000000    00000000    00000040   00000040    r-x .vectors
70040000    70040000    00014ec0   00000000    rw-
  70040000    70040000    00008ec0   00000000    rw- .bss
  70048ec0    70048ec0    00008000   00000000    rw- .sysmem
  70050ec0    70050ec0    00004000   00000000    rw- .stack
70054ec0    70054ec0    00013fc8   00013fc8    r-x
  70054ec0    70054ec0    00012050   00012050    r-x .text
  70066f10    70066f10    00001f78   00001f78    r-- .rodata
70068e90    70068e90    000019b8   000019b8    r-x
  70068e90    70068e90    00000f90   00000f90    r-x .text.hwi
  70069e20    70069e20    000004a0   000004a0    r-x .text.cache
  7006a2c0    7006a2c0    000003c0   000003c0    r-x .text.mpu
  7006a680    7006a680    000001c0   000001c0    r-x .text.boot
  7006a840    7006a840    00000008   00000008    r-x .text:abort
7006a848    7006a848    000019b0   000005b0    rw-
  7006a848    7006a848    000005b0   000005b0    rw- .data
  7006adf8    7006adf8    00000100   00000000    rw- .irqstack
  7006aef8    7006aef8    00000100   00000000    rw- .fiqstack
  7006aff8    7006aff8    00001000   00000000    rw- .svcstack
  7006bff8    7006bff8    00000100   00000000    rw- .abortstack
  7006c0f8    7006c0f8    00000100   00000000    rw- .undefinedstack


SECTION ALLOCATION MAP

 output                                  attributes/
section   page    origin      length       input sections
--------  ----  ----------  ----------   ----------------
.vectors   0    00000000    00000040     
                  00000000    00000040     freertos.am263px.r5f.ti-arm-clang.debug.lib : HwiP_armv7r_vectors_freertos_asm.obj (.vectors)

.bss       0    70040000    00008ec0     UNINITIALIZED
                  70040000    00002000     main.o (.bss.gMainTaskStack)
                  70042000    00001000     freertos.am263px.r5f.ti-arm-clang.debug.lib : DebugP_shmLogReader_freertos.obj (.bss.gDebugShmLogReaderTaskStack)
                  70043000    00001000     main.o (.bss.gUdpRxTaskStack)
                  70044000    00001000     main.o (.bss.gUdpTxTaskStack)
                  70045000    00001000     freertos.am263px.r5f.ti-arm-clang.debug.lib : port.obj (.bss.uxIdleTaskStack)
                  70046000    0000080c     (.common:gHwiCtrl)
                  7004680c    00000014                                                 : timers.obj (.bss.xActiveTimerList1)
                  70046820    00000800     main.o (.bss.gIpcTaskStack)
                  70047020    00000800     log_reader_task.o (.bss.gLogReaderTaskStack)
                  70047820    00000400     freertos.am263px.r5f.ti-arm-clang.debug.lib : port.obj (.bss.uxTimerTaskStack)
                  70047c20    00000288     ti_drivers_config.o (.bss.gUartObjects)
                  70047ea8    00000280     freertos.am263px.r5f.ti-arm-clang.debug.lib : tasks.obj (.bss.pxReadyTasksLists)
                  70048128    00000178     ti_drivers_config.o (.bss.gI2cObjects)
                  700482a0    0000016c     (.common:gEepromObject_CAT24M)
                  7004840c    00000100     freertos.am263px.r5f.ti-arm-clang.debug.lib : timers.obj (.bss.prvCheckForValidListAndQueue.ucStaticTimerQueueStorage)
                  7004850c    00000100     (.common:xQueueRegistry)
                  7004860c    000000b8     (.common:gIpcNotifyCtrl)
                  700486c4    00000004                                                 : DebugP_shmLogReader_freertos.obj (.bss.gDebugShmLogReaderTask)
                  700486c8    000000a0     (.common:gTaskP_ctrl)
                  70048768    00000098                                                 : DebugP_shmLogReader_freertos.obj (.bss.gDebugShmLogReaderTaskObj)
                  70048800    00000098     main.o (.bss.gIpcTaskObj)
                  70048898    00000098     log_reader_task.o (.bss.gLogReaderTaskObj)
                  70048930    00000098     main.o (.bss.gMainTaskObj)
                  700489c8    00000098     main.o (.bss.gUdpRxTaskObj)
                  70048a60    00000098     main.o (.bss.gUdpTxTaskObj)
                  70048af8    00000098     freertos.am263px.r5f.ti-arm-clang.debug.lib : port.obj (.bss.xIdleTaskTCB)
                  70048b90    00000098                                                 : port.obj (.bss.xTimerTaskTCB)
                  70048c28    00000094     (.common:gDebugShmLogReaderCtrl)
                  70048cbc    00000058                                                 : DebugP_freertos.obj (.bss.gDebugLogLockObj)
                  70048d14    00000050                                                 : timers.obj (.bss.prvCheckForValidListAndQueue.xStaticTimerQueue)
                  70048d64    00000050     (.common:gRovDummyQueue)
                  70048db4    00000030     main.o (.bss.g_motor_states)
                  70048de4    00000004     freertos.am263px.r5f.ti-arm-clang.debug.lib : HwiP_armv7r_handlers_freertos.obj (.bss.gdummy)
                  70048de8    00000018     (.common:gClockCtrl)
                  70048e00    00000014                                                 : timers.obj (.bss.xActiveTimerList2)
                  70048e14    00000014                                                 : tasks.obj (.bss.xDelayedTaskList1)
                  70048e28    00000014                                                 : tasks.obj (.bss.xDelayedTaskList2)
                  70048e3c    00000014                                                 : tasks.obj (.bss.xPendingReadyList)
                  70048e50    00000014                                                 : tasks.obj (.bss.xSuspendedTaskList)
                  70048e64    00000014                                                 : tasks.obj (.bss.xTasksWaitingTermination)
                  70048e78    00000010     (.common:virtToPhymap)
                  70048e88    00000004                                                 : HwiP_armv7r_vim.obj (.bss.gdummy)
                  70048e8c    00000004                                                 : timers.obj (.bss.pxCurrentTimerList)
                  70048e90    00000004                                                 : tasks.obj (.bss.pxDelayedTaskList)
                  70048e94    00000004                                                 : tasks.obj (.bss.pxOverflowDelayedTaskList)
                  70048e98    00000004                                                 : timers.obj (.bss.pxOverflowTimerList)
                  70048e9c    00000004     libc.a : memory.c.obj (.bss.sys_free)
                  70048ea0    00000004     freertos.am263px.r5f.ti-arm-clang.debug.lib : tasks.obj (.bss.xIdleTaskHandles)
                  70048ea4    00000004     (.common:gEepromHandle)
                  70048ea8    00000004     (.common:gI2cHandle)
                  70048eac    00000004     (.common:gUartHandle)
                  70048eb0    00000010     --HOLE--

.sysmem    0    70048ec0    00008000     UNINITIALIZED
                  70048ec0    00000010     libc.a : memory.c.obj (.sysmem)
                  70048ed0    00007ff0     --HOLE--

.stack     0    70050ec0    00004000     UNINITIALIZED
                  70050ec0    00000004     freertos.am263px.r5f.ti-arm-clang.debug.lib : boot_armv7r_asm.obj (.stack)
                  70050ec4    00003ffc     --HOLE--

.text      0    70054ec0    00012050     
                  70054ec0    00000a34     freertos.am263px.r5f.ti-arm-clang.debug.lib : printf.obj (.text._vsnprintf)
                  700558f4    0000000c     libclang_rt.builtins.a : aeabi_memset.S.obj (.text.__aeabi_memclr)
                  70055900    000007a4     drivers.am263px.r5f.ti-arm-clang.freertos.debug.lib : i2c_v1_lld.obj (.text.I2C_lld_primeTransferPoll)
                  700560a4    0000000c     freertos.am263px.r5f.ti-arm-clang.debug.lib : CpuId_armv7r_asm.obj (.text)
                  700560b0    00000678     drivers.am263px.r5f.ti-arm-clang.freertos.debug.lib : soc_rcm.obj (.text.SOC_rcmGetClkSrcAndDivReg)
                  70056728    00000008     libsysbm.a : hostexit.c.obj (.text.HOSTexit)
                  70056730    00000638     drivers.am263px.r5f.ti-arm-clang.freertos.debug.lib : soc_rcm.obj (.text.SOC_rcmEnablePeripheralClock)
                  70056d68    00000004     libclang_rt.builtins.a : aeabi_div0.c.obj (.text.__aeabi_ldiv0)
                  70056d6c    00000004                            : aeabi_memcpy.S.obj (.text.__aeabi_memcpy)
                  70056d70    000005e2     freertos.am263px.r5f.ti-arm-clang.debug.lib : printf.obj (.text._ftoa)
                  70057352    00000002     --HOLE-- [fill = 0]
                  70057354    00000004     libc.a : _lock.c.obj (.text._nop)
                  70057358    00000008     --HOLE-- [fill = 0]
                  70057360    000004b0     freertos.am263px.r5f.ti-arm-clang.debug.lib : printf.obj (.text._etoa)
                  70057810    00000404     drivers.am263px.r5f.ti-arm-clang.freertos.debug.lib : uart_v0.obj (.text.UART_open)
                  70057c14    0000000c     --HOLE-- [fill = 0]
                  70057c20    000003dc                                                         : ipc_notify_v1.obj (.text.IpcNotify_init)
                  70057ffc    00000004     --HOLE-- [fill = 0]
                  70058000    00000356                                                         : i2c_v1.obj (.text.I2C_open)
                  70058356    0000000a     --HOLE-- [fill = 0]
                  70058360    00000302                                                         : soc.obj (.text.SOC_virtToPhy)
                  70058662    0000000e     --HOLE-- [fill = 0]
                  70058670    000002ba                                                         : i2c_v1_lld.obj (.text.I2C_lld_controllerIsr)
                  7005892a    00000006     --HOLE-- [fill = 0]
                  70058930    0000029a                                                         : i2c_v1_lld.obj (.text.I2C_lld_targetIsr)
                  70058bca    00000006     --HOLE-- [fill = 0]
                  70058bd0    0000027e                                                         : uart_dma_edma.obj (.text.UART_edmaChInit)
                  70058e4e    00000002     --HOLE-- [fill = 0]
                  70058e50    00000266     freertos.am263px.r5f.ti-arm-clang.debug.lib : tasks.obj (.text.xTaskIncrementTick)
                  700590b6    0000000a     --HOLE-- [fill = 0]
                  700590c0    0000025a                                                 : tasks.obj (.text.xTaskResumeAll)
                  7005931a    00000006     --HOLE-- [fill = 0]
                  70059320    00000250     drivers.am263px.r5f.ti-arm-clang.freertos.debug.lib : edma.obj (.text.Alloc_resource)
                  70059570    00000242                                                         : uart_v0_lld.obj (.text.UART_fifoConfig)
                  700597b2    0000000e     --HOLE-- [fill = 0]
                  700597c0    0000023e     freertos.am263px.r5f.ti-arm-clang.debug.lib : printf.obj (.text._ntoa_format)
                  700599fe    00000002     --HOLE-- [fill = 0]
                  70059a00    0000023c     main.o (.text.ipc_process_task)
                  70059c3c    00000004     --HOLE-- [fill = 0]
                  70059c40    00000226     drivers.am263px.r5f.ti-arm-clang.freertos.debug.lib : uart_dma_edma.obj (.text.UART_lld_dmaDeInit)
                  70059e66    0000000a     --HOLE-- [fill = 0]
                  70059e70    00000222                                                         : ipc_notify_v1.obj (.text.IpcNotify_isr)
                  7005a092    0000000e     --HOLE-- [fill = 0]
                  7005a0a0    00000220     freertos.am263px.r5f.ti-arm-clang.debug.lib : tasks.obj (.text.vTaskGenericNotifyGiveFromISR)
                  7005a2c0    00000220                                                 : queue.obj (.text.xQueueGenericSend)
                  7005a4e0    0000020a                                                 : queue.obj (.text.xQueueSemaphoreTake)
                  7005a6ea    00000006     --HOLE-- [fill = 0]
                  7005a6f0    000001f2     drivers.am263px.r5f.ti-arm-clang.freertos.debug.lib : i2c_v1.obj (.text.I2C_primeTransfer)
                  7005a8e2    0000000e     --HOLE-- [fill = 0]
                  7005a8f0    000001f2                                                         : i2c_v1.obj (.text.I2C_transfer)
                  7005aae2    0000000e     --HOLE-- [fill = 0]
                  7005aaf0    000001d8     freertos.am263px.r5f.ti-arm-clang.debug.lib : queue.obj (.text.xQueueReceive)
                  7005acc8    00000008     --HOLE-- [fill = 0]
                  7005acd0    000001d6                                                 : TimerP_rti_priv.obj (.text.TimerP_setupPriv)
                  7005aea6    0000000a     --HOLE-- [fill = 0]
                  7005aeb0    000001bc                                                 : tasks.obj (.text.xTaskRemoveFromEventList)
                  7005b06c    00000004     --HOLE-- [fill = 0]
                  7005b070    000001ac     drivers.am263px.r5f.ti-arm-clang.freertos.debug.lib : uart_v0.obj (.text.UART_close)
                  7005b21c    00000004     --HOLE-- [fill = 0]
                  7005b220    000001aa                                                         : uart_dma_edma.obj (.text.UART_lld_dmaWrite)
                  7005b3ca    00000002     --HOLE-- [fill = 0]
                  7005b3cc    000001a8     libc.a : memory.c.obj (.text.free)
                  7005b574    0000000c     --HOLE-- [fill = 0]
                  7005b580    000001a4     freertos.am263px.r5f.ti-arm-clang.debug.lib : timers.obj (.text.prvProcessReceivedCommands)
                  7005b724    0000000c     --HOLE-- [fill = 0]
                  7005b730    000001a0     drivers.am263px.r5f.ti-arm-clang.freertos.debug.lib : uart_v0.obj (.text.UART_write)
                  7005b8d0    000001a0     freertos.am263px.r5f.ti-arm-clang.debug.lib : tasks.obj (.text.vTaskSwitchContext)
                  7005ba70    0000019a     main.o (.text.freertos_main)
                  7005bc0a    00000006     --HOLE-- [fill = 0]
                  7005bc10    0000019a     freertos.am263px.r5f.ti-arm-clang.debug.lib : tasks.obj (.text.vTaskPriorityDisinheritAfterTimeout)
                  7005bdaa    00000006     --HOLE-- [fill = 0]
                  7005bdb0    00000198     drivers.am263px.r5f.ti-arm-clang.freertos.debug.lib : uart_v0_lld.obj (.text.UART_lld_controllerIsr)
                  7005bf48    00000008     --HOLE-- [fill = 0]
                  7005bf50    00000188     freertos.am263px.r5f.ti-arm-clang.debug.lib : ClockP_freertos_r5.obj (.text.ClockP_init)
                  7005c0d8    00000008     --HOLE-- [fill = 0]
                  7005c0e0    00000180     main.o (.text.core0_init)
                  7005c260    00000178     freertos.am263px.r5f.ti-arm-clang.debug.lib : DebugP_shmLogReader.obj (.text.DebugP_shmLogReaderGetString)
                  7005c3d8    00000008     --HOLE-- [fill = 0]
                  7005c3e0    00000172     board.am263px.r5f.ti-arm-clang.freertos.debug.lib : eeprom_cat24m.obj (.text.EEPROM_CAT24M_write)
                  7005c552    0000000e     --HOLE-- [fill = 0]
                  7005c560    00000170     freertos.am263px.r5f.ti-arm-clang.debug.lib : queue.obj (.text.xQueueGiveFromISR)
                  7005c6d0    00000166     drivers.am263px.r5f.ti-arm-clang.freertos.debug.lib : i2c_v1_lld.obj (.text.I2C_lld_primeTransferIntr)
                  7005c836    0000000a     --HOLE-- [fill = 0]
                  7005c840    00000162                                                         : edma.obj (.text.EDMA_unregisterIntr)
                  7005c9a2    0000000e     --HOLE-- [fill = 0]
                  7005c9b0    00000160                                                         : i2c_v1_lld.obj (.text.I2C_lld_init)
                  7005cb10    0000015c     freertos.am263px.r5f.ti-arm-clang.debug.lib : tasks.obj (.text.prvAddNewTaskToReadyList)
                  7005cc6c    00000004     --HOLE-- [fill = 0]
                  7005cc70    0000015c                                                 : tasks.obj (.text.xTaskPriorityInherit)
                  7005cdcc    00000004     --HOLE-- [fill = 0]
                  7005cdd0    00000158     drivers.am263px.r5f.ti-arm-clang.freertos.debug.lib : soc.obj (.text.SOC_controlModuleUnlockMMR)
                  7005cf28    00000008     --HOLE-- [fill = 0]
                  7005cf30    00000152                                                         : uart_v0_lld.obj (.text.UART_lld_initDma)
                  7005d082    0000000e     --HOLE-- [fill = 0]
                  7005d090    0000014e     freertos.am263px.r5f.ti-arm-clang.debug.lib : tasks.obj (.text.xTaskPriorityDisinherit)
                  7005d1de    00000002     --HOLE-- [fill = 0]
                  7005d1e0    0000014c                                                 : queue.obj (.text.xQueueReceiveFromISR)
                  7005d32c    00000004     --HOLE-- [fill = 0]
                  7005d330    00000144                                                 : tasks.obj (.text.prvInitialiseNewTask)
                  7005d474    0000000c     --HOLE-- [fill = 0]
                  7005d480    0000013e     drivers.am263px.r5f.ti-arm-clang.freertos.debug.lib : i2c_v1.obj (.text.I2C_mem_primeTransfer)
                  7005d5be    00000002     --HOLE-- [fill = 0]
                  7005d5c0    0000013a                                                         : edma.obj (.text.EDMA_isDmaChannelAllocated)
                  7005d6fa    00000006     --HOLE-- [fill = 0]
                  7005d700    0000013a                                                         : i2c_v1_lld.obj (.text.I2C_lld_mem_write)
                  7005d83a    00000006     --HOLE-- [fill = 0]
                  7005d840    00000138     freertos.am263px.r5f.ti-arm-clang.debug.lib : printf.obj (.text._ntoa_long_long)
                  7005d978    00000008     --HOLE-- [fill = 0]
                  7005d980    00000136     drivers.am263px.r5f.ti-arm-clang.freertos.debug.lib : uart_v0_lld.obj (.text.UART_procLineStatusErr)
                  7005dab6    0000000a     --HOLE-- [fill = 0]
                  7005dac0    00000134                                                         : edma.obj (.text.EDMA_registerIntr)
                  7005dbf4    0000000c     --HOLE-- [fill = 0]
                  7005dc00    00000134                                                         : uart_v0_lld.obj (.text.UART_writePolling)
                  7005dd34    0000000c     --HOLE-- [fill = 0]
                  7005dd40    00000134     freertos.am263px.r5f.ti-arm-clang.debug.lib : tasks.obj (.text.vTaskDelete)
                  7005de74    0000000c     --HOLE-- [fill = 0]
                  7005de80    0000012c     drivers.am263px.r5f.ti-arm-clang.freertos.debug.lib : i2c_v1_lld.obj (.text.I2C_lld_mem_read)
                  7005dfac    00000004     --HOLE-- [fill = 0]
                  7005dfb0    0000012c                                                         : uart_v0_lld.obj (.text.UART_lld_init)
                  7005e0dc    00000004     --HOLE-- [fill = 0]
                  7005e0e0    0000012c     freertos.am263px.r5f.ti-arm-clang.debug.lib : tasks.obj (.text.ulTaskGenericNotifyTake)
                  7005e20c    00000004     --HOLE-- [fill = 0]
                  7005e210    00000128     drivers.am263px.r5f.ti-arm-clang.freertos.debug.lib : i2c_v1_lld.obj (.text.I2C_lld_mem_writeIntr)
                  7005e338    00000008     --HOLE-- [fill = 0]
                  7005e340    00000128     freertos.am263px.r5f.ti-arm-clang.debug.lib : port.obj (.text.pxPortInitialiseStack)
                  7005e468    00000008     --HOLE-- [fill = 0]
                  7005e470    00000126     drivers.am263px.r5f.ti-arm-clang.freertos.debug.lib : soc.obj (.text.SOC_controlModuleLockMMR)
                  7005e596    0000000a     --HOLE-- [fill = 0]
                  7005e5a0    00000120                                                         : soc_rcm.obj (.text.SOC_rcmGetPeripheralClockFrequency)
                  7005e6c0    0000011e     freertos.am263px.r5f.ti-arm-clang.debug.lib : tasks.obj (.text.xTaskDelayUntil)
                  7005e7de    00000002     --HOLE-- [fill = 0]
                  7005e7e0    0000011c     drivers.am263px.r5f.ti-arm-clang.freertos.debug.lib : uart_dma_edma.obj (.text.UART_lld_dmaRead)
                  7005e8fc    00000004     --HOLE-- [fill = 0]
                  7005e900    0000011a                                                         : i2c_v1_lld.obj (.text.I2C_lld_mem_readIntr)
                  7005ea1a    00000002     --HOLE-- [fill = 0]
                  7005ea1c    00000118     libclang_rt.builtins.a : udivmoddi4.S.obj (.text)
                  7005eb34    0000000c     --HOLE-- [fill = 0]
                  7005eb40    00000116     drivers.am263px.r5f.ti-arm-clang.freertos.debug.lib : edma.obj (.text.EDMA_isTccAllocated)
                  7005ec56    0000000a     --HOLE-- [fill = 0]
                  7005ec60    00000116                                                         : uart_v0_lld.obj (.text.UART_divisorLatchWrite)
                  7005ed76    0000000a     --HOLE-- [fill = 0]
                  7005ed80    00000114     freertos.am263px.r5f.ti-arm-clang.debug.lib : printf.obj (.text._ntoa_long)
                  7005ee94    0000000c     --HOLE-- [fill = 0]
                  7005eea0    00000110                                                 : DebugP_shmLogReader.obj (.text.DebugP_shmLogRead)
                  7005efb0    00000110                                                 : DebugP_shmLogReader.obj (.text.DebugP_shmLogReaderTaskMain)
                  7005f0c0    0000010e     drivers.am263px.r5f.ti-arm-clang.freertos.debug.lib : soc_rcm.obj (.text.SOC_rcmADPLLJGetFOut)
                  7005f1ce    00000002     --HOLE-- [fill = 0]
                  7005f1d0    0000010e     freertos.am263px.r5f.ti-arm-clang.debug.lib : queue.obj (.text.xQueueGenericReset)
                  7005f2de    00000002     --HOLE-- [fill = 0]
                  7005f2e0    0000010a     drivers.am263px.r5f.ti-arm-clang.freertos.debug.lib : ipc_notify_v1.obj (.text.IpcNotify_sendMsg)
                  7005f3ea    00000006     --HOLE-- [fill = 0]
                  7005f3f0    00000106     freertos.am263px.r5f.ti-arm-clang.debug.lib : tasks.obj (.text.prvAddCurrentTaskToDelayedList)
                  7005f4f6    0000000a     --HOLE-- [fill = 0]
                  7005f500    00000104     drivers.am263px.r5f.ti-arm-clang.freertos.debug.lib : i2c_v1.obj (.text.I2C_close)
                  7005f604    0000000c     --HOLE-- [fill = 0]
                  7005f610    00000104                                                         : uart_v0_lld.obj (.text.UART_configInstance)
                  7005f714    0000000c     --HOLE-- [fill = 0]
                  7005f720    000000f4     freertos.am263px.r5f.ti-arm-clang.debug.lib : tasks.obj (.text.prvCreateStaticTask)
                  7005f814    0000000c     --HOLE-- [fill = 0]
                  7005f820    000000f0     drivers.am263px.r5f.ti-arm-clang.freertos.debug.lib : i2c_v1.obj (.text.I2C_LLD_targetTransferCompleteCallback)
                  7005f910    000000ec     freertos.am263px.r5f.ti-arm-clang.debug.lib : queue.obj (.text.xQueueGenericCreateStatic)
                  7005f9fc    00000004     --HOLE-- [fill = 0]
                  7005fa00    000000ea     drivers.am263px.r5f.ti-arm-clang.freertos.debug.lib : i2c_v1_lld.obj (.text.I2C_lld_targetTransferIntr)
                  7005faea    00000006     --HOLE-- [fill = 0]
                  7005faf0    000000e6                                                         : soc_rcm.obj (.text.SOC_rcmGetCoreFout)
                  7005fbd6    0000000a     --HOLE-- [fill = 0]
                  7005fbe0    000000e6                                                         : soc_rcm.obj (.text.SOC_rcmGetPerFout)
                  7005fcc6    0000000a     --HOLE-- [fill = 0]
                  7005fcd0    000000e4                                                         : edma.obj (.text.EDMA_freeChannelRegion)
                  7005fdb4    0000000c     --HOLE-- [fill = 0]
                  7005fdc0    000000e2                                                         : edma.obj (.text.EDMA_freeParam)
                  7005fea2    0000000e     --HOLE-- [fill = 0]
                  7005feb0    000000e0                                                         : edma.obj (.text.EDMA_freeDmaChannel)
                  7005ff90    000000e0                                                         : edma.obj (.text.EDMA_freeTcc)
                  70060070    000000e0     freertos.am263px.r5f.ti-arm-clang.debug.lib : tasks.obj (.text.xTaskCheckForTimeOut)
                  70060150    000000de     drivers.am263px.r5f.ti-arm-clang.freertos.debug.lib : uart_v0_lld.obj (.text.UART_intrEnable)
                  7006022e    00000002     --HOLE-- [fill = 0]
                  70060230    000000da                                                         : uart_v0_lld.obj (.text.UART_intrDisable)
                  7006030a    00000006     --HOLE-- [fill = 0]
                  70060310    000000d2                                                         : uart_v0_lld.obj (.text.UART_lld_write)
                  700603e2    0000000e     --HOLE-- [fill = 0]
                  700603f0    000000d0     freertos.am263px.r5f.ti-arm-clang.debug.lib : AddrTranslateP_32bit.obj (.text.AddrTranslateP_getLocalAddr)
                  700604c0    000000ce     drivers.am263px.r5f.ti-arm-clang.freertos.debug.lib : edma.obj (.text.EDMA_disableChInShadowRegRegion)
                  7006058e    00000002     --HOLE-- [fill = 0]
                  70060590    000000ce                                                         : uart_v0_lld.obj (.text.UART_lld_writeDma)
                  7006065e    00000002     --HOLE-- [fill = 0]
                  70060660    000000cc                                                         : edma.obj (.text.EDMA_enableChInShadowRegRegion)
                  7006072c    00000004     --HOLE-- [fill = 0]
                  70060730    000000cc     freertos.am263px.r5f.ti-arm-clang.debug.lib : queue.obj (.text.prvCopyDataToQueue)
                  700607fc    00000004     --HOLE-- [fill = 0]
                  70060800    000000ca                                                 : ClockP_freertos.obj (.text.ClockP_getTimeUsec)
                  700608ca    00000006     --HOLE-- [fill = 0]
                  700608d0    000000c8                                                 : tasks.obj (.text.prvCreateIdleTasks)
                  70060998    00000008     --HOLE-- [fill = 0]
                  700609a0    000000c6     drivers.am263px.r5f.ti-arm-clang.freertos.debug.lib : uart_v0_lld.obj (.text.UART_lld_writeIntr)
                  70060a66    0000000a     --HOLE-- [fill = 0]
                  70060a70    000000c4                                                         : edma.obj (.text.EDMA_mapChToEvtQ)
                  70060b34    0000000c     --HOLE-- [fill = 0]
                  70060b40    000000c4     board.am263px.r5f.ti-arm-clang.freertos.debug.lib : eeprom_cat24m.obj (.text.EEPROM_CAT24M_read)
                  70060c04    0000000c     --HOLE-- [fill = 0]
                  70060c10    000000c2     gateway_shared.o (.text.gateway_core0_ipc_callback)
                  70060cd2    0000000e     --HOLE-- [fill = 0]
                  70060ce0    000000c2     freertos.am263px.r5f.ti-arm-clang.debug.lib : queue.obj (.text.vQueueAddToRegistry)
                  70060da2    0000000e     --HOLE-- [fill = 0]
                  70060db0    000000c0     drivers.am263px.r5f.ti-arm-clang.freertos.debug.lib : edma.obj (.text.EDMA_configureChannelRegion)
                  70060e70    000000c0                                                         : soc_rcm.obj (.text.SOC_rcmGetPerHSDivOut)
                  70060f30    000000c0                                                         : uart_v0.obj (.text.UART_flushTxFifo)
                  70060ff0    000000c0     freertos.am263px.r5f.ti-arm-clang.debug.lib : printf.obj (.text._out_rev)
                  700610b0    000000ba     drivers.am263px.r5f.ti-arm-clang.freertos.debug.lib : ipc_notify_v1.obj (.text.IpcNotify_waitSync)
                  7006116a    00000006     --HOLE-- [fill = 0]
                  70061170    000000ba     freertos.am263px.r5f.ti-arm-clang.debug.lib : PmuP_armv7r.obj (.text.pmu)
                  7006122a    00000006     --HOLE-- [fill = 0]
                  70061230    000000b6     drivers.am263px.r5f.ti-arm-clang.freertos.debug.lib : uart_v0_lld.obj (.text.UART_fifoWrite)
                  700612e6    0000000a     --HOLE-- [fill = 0]
                  700612f0    000000b0                                                         : soc_rcm.obj (.text.SOC_rcmSetPeripheralClock)
                  700613a0    000000b0                                                         : uart_v0.obj (.text.UART_init)
                  70061450    000000ae     main.o (.text.ipc_notify_callback_fxn)
                  700614fe    00000002     --HOLE-- [fill = 0]
                  70061500    000000ae     freertos.am263px.r5f.ti-arm-clang.debug.lib : queue.obj (.text.prvUnlockQueue)
                  700615ae    00000002     --HOLE-- [fill = 0]
                  700615b0    000000ae                                                 : tasks.obj (.text.vTaskExitCritical)
                  7006165e    00000002     --HOLE-- [fill = 0]
                  70061660    000000a8     ti_board_open_close.o (.text.Board_eepromOpen)
                  70061708    00000008     --HOLE-- [fill = 0]
                  70061710    000000a8     ti_drivers_open_close.o (.text.Drivers_i2cOpen)
                  700617b8    00000008     --HOLE-- [fill = 0]
                  700617c0    000000a8     ti_drivers_open_close.o (.text.Drivers_uartOpen)
                  70061868    00000008     --HOLE-- [fill = 0]
                  70061870    000000a2     freertos.am263px.r5f.ti-arm-clang.debug.lib : timers.obj (.text.prvCheckForValidListAndQueue)
                  70061912    0000000e     --HOLE-- [fill = 0]
                  70061920    000000a0     drivers.am263px.r5f.ti-arm-clang.freertos.debug.lib : soc_rcm.obj (.text.SOC_rcmGetCoreHSDivOut)
                  700619c0    0000009e     freertos.am263px.r5f.ti-arm-clang.debug.lib : timers.obj (.text.xTimerCreateTimerTask)
                  70061a5e    00000002     --HOLE-- [fill = 0]
                  70061a60    0000009c     gateway_shared.o (.text.gateway_read_motor_states)
                  70061afc    00000004     --HOLE-- [fill = 0]
                  70061b00    00000098     drivers.am263px.r5f.ti-arm-clang.freertos.debug.lib : ipc_notify_v1.obj (.text.IpcNotify_registerClient)
                  70061b98    00000008     --HOLE-- [fill = 0]
                  70061ba0    00000096                                                         : uart_v0_lld.obj (.text.UART_subConfigTCRTLRModeEn)
                  70061c36    0000000a     --HOLE-- [fill = 0]
                  70061c40    00000094     freertos.am263px.r5f.ti-arm-clang.debug.lib : tasks.obj (.text.vTaskStartScheduler)
                  70061cd4    0000000c     --HOLE-- [fill = 0]
                  70061ce0    00000092     drivers.am263px.r5f.ti-arm-clang.freertos.debug.lib : edma.obj (.text.EDMA_unmapChToEvtQ)
                  70061d72    0000000e     --HOLE-- [fill = 0]
                  70061d80    00000092                                                         : i2c_v1_lld.obj (.text.I2CControllerInitExpClk)
                  70061e12    0000000e     --HOLE-- [fill = 0]
                  70061e20    00000092     freertos.am263px.r5f.ti-arm-clang.debug.lib : DebugP_freertos.obj (.text._DebugP_logZone)
                  70061eb2    0000000e     --HOLE-- [fill = 0]
                  70061ec0    0000008e     main.o (.text.main)
                  70061f4e    00000002     --HOLE-- [fill = 0]
                  70061f50    0000008e     freertos.am263px.r5f.ti-arm-clang.debug.lib : tasks.obj (.text.prvInitialiseTaskLists)
                  70061fde    00000002     --HOLE-- [fill = 0]
                  70061fe0    0000008c     drivers.am263px.r5f.ti-arm-clang.freertos.debug.lib : edma.obj (.text.EDMA_disableTransferRegion)
                  7006206c    00000004     --HOLE-- [fill = 0]
                  70062070    0000008c                                                         : edma.obj (.text.EDMA_enableTransferRegion)
                  700620fc    00000004     --HOLE-- [fill = 0]
                  70062100    0000008c     freertos.am263px.r5f.ti-arm-clang.debug.lib : SemaphoreP_freertos.obj (.text.SemaphoreP_pend)
                  7006218c    00000004     --HOLE-- [fill = 0]
                  70062190    0000008c     drivers.am263px.r5f.ti-arm-clang.freertos.debug.lib : uart_v0_lld.obj (.text.UART_writeCancelNoCB)
                  7006221c    00000004     --HOLE-- [fill = 0]
                  70062220    0000008a     freertos.am263px.r5f.ti-arm-clang.debug.lib : tasks.obj (.text.vTaskPlaceOnEventListRestricted)
                  700622aa    00000006     --HOLE-- [fill = 0]
                  700622b0    00000088     drivers.am263px.r5f.ti-arm-clang.freertos.debug.lib : uart_dma_edma.obj (.text.UART_edmaIsrRx)
                  70062338    00000008     --HOLE-- [fill = 0]
                  70062340    00000088                                                         : uart_dma_edma.obj (.text.UART_edmaIsrTx)
                  700623c8    00000008     --HOLE-- [fill = 0]
                  700623d0    00000088     gateway_shared.o (.text.gateway_write_test_data)
                  70062458    00000008     --HOLE-- [fill = 0]
                  70062460    00000086     drivers.am263px.r5f.ti-arm-clang.freertos.debug.lib : uart_v0_lld.obj (.text.UART_lld_flushTxFifo)
                  700624e6    0000000a     --HOLE-- [fill = 0]
                  700624f0    00000086                                                         : uart_v0_lld.obj (.text.UART_tcrTlrBitValRestore)
                  70062576    0000000a     --HOLE-- [fill = 0]
                  70062580    00000086     freertos.am263px.r5f.ti-arm-clang.debug.lib : timers.obj (.text.prvInsertTimerInActiveList)
                  70062606    0000000a     --HOLE-- [fill = 0]
                  70062610    00000086                                                 : timers.obj (.text.prvProcessTimerOrBlockTask)
                  70062696    0000000a     --HOLE-- [fill = 0]
                  700626a0    00000082     drivers.am263px.r5f.ti-arm-clang.freertos.debug.lib : edma.obj (.text.EDMA_allocDmaChannel)
                  70062722    0000000e     --HOLE-- [fill = 0]
                  70062730    00000082                                                         : edma.obj (.text.EDMA_allocParam)
                  700627b2    0000000e     --HOLE-- [fill = 0]
                  700627c0    00000082                                                         : edma.obj (.text.EDMA_allocTcc)
                  70062842    0000000e     --HOLE-- [fill = 0]
                  70062850    00000082                                                         : edma.obj (.text.EDMA_disableTccInShadowRegRegion)
                  700628d2    0000000e     --HOLE-- [fill = 0]
                  700628e0    00000082                                                         : edma.obj (.text.EDMA_enableTccInShadowRegRegion)
                  70062962    0000000e     --HOLE-- [fill = 0]
                  70062970    00000082                                                         : ipc_notify_v1.obj (.text.IpcNotify_syncAll)
                  700629f2    0000000e     --HOLE-- [fill = 0]
                  70062a00    00000080     board.am263px.r5f.ti-arm-clang.freertos.debug.lib : eeprom_cat24m.obj (.text.EEPROM_CAT24M_open)
                  70062a80    00000080     freertos.am263px.r5f.ti-arm-clang.debug.lib : SemaphoreP_freertos.obj (.text.SemaphoreP_constructBinary)
                  70062b00    00000080     drivers.am263px.r5f.ti-arm-clang.freertos.debug.lib : uart_v0_lld.obj (.text.UART_moduleReset)
                  70062b80    0000007e                                                         : i2c_v1_lld.obj (.text.I2C_lld_transferInit)
                  70062bfe    00000002     --HOLE-- [fill = 0]
                  70062c00    0000007e                                                         : uart_v0_lld.obj (.text.UART_readData)
                  70062c7e    00000002     --HOLE-- [fill = 0]
                  70062c80    0000007e     gateway_shared.o (.text.gateway_read_test_data)
                  70062cfe    00000002     --HOLE-- [fill = 0]
                  70062d00    0000007c     freertos.am263px.r5f.ti-arm-clang.debug.lib : DebugP_log.obj (.text._DebugP_assert)
                  70062d7c    00000004     --HOLE-- [fill = 0]
                  70062d80    0000007c                                                 : queue.obj (.text.vQueueUnregisterQueue)
                  70062dfc    00000004     --HOLE-- [fill = 0]
                  70062e00    0000007a     drivers.am263px.r5f.ti-arm-clang.freertos.debug.lib : i2c_v1.obj (.text.I2C_completeCurrTransfer)
                  70062e7a    00000006     --HOLE-- [fill = 0]
                  70062e80    0000007a                                                         : ipc_notify_v1.obj (.text.IpcNotify_mailboxWrite)
                  70062efa    00000006     --HOLE-- [fill = 0]
                  70062f00    0000007a     ti_drivers_config.o (.text.System_init)
                  70062f7a    00000006     --HOLE-- [fill = 0]
                  70062f80    0000007a     drivers.am263px.r5f.ti-arm-clang.freertos.debug.lib : uart_v0.obj (.text.UART_Params_init)
                  70062ffa    00000006     --HOLE-- [fill = 0]
                  70063000    00000078                                                         : edma.obj (.text.EDMA_linkChannel)
                  70063078    00000008     --HOLE-- [fill = 0]
                  70063080    00000078                                                         : i2c_v1_lld.obj (.text.I2C_lld_completeCurrTransfer)
                  700630f8    00000008     --HOLE-- [fill = 0]
                  70063100    00000078     freertos.am263px.r5f.ti-arm-clang.debug.lib : queue.obj (.text.xQueueTakeMutexRecursive)
                  70063178    00000008     --HOLE-- [fill = 0]
                  70063180    00000076                                                 : queue.obj (.text.xQueueGiveMutexRecursive)
                  700631f6    0000000a     --HOLE-- [fill = 0]
                  70063200    00000074                                                 : ClockP_freertos.obj (.text.ClockP_usleep)
                  70063274    0000000c     --HOLE-- [fill = 0]
                  70063280    00000074     drivers.am263px.r5f.ti-arm-clang.freertos.debug.lib : uart_v0_lld.obj (.text.UART_IsBaseAddrValid)
                  700632f4    0000000c     --HOLE-- [fill = 0]
                  70063300    00000072                                                         : edma.obj (.text.EDMA_clrMissEvtRegion)
                  70063372    0000000e     --HOLE-- [fill = 0]
                  70063380    00000072                                                         : ipc_notify_v1.obj (.text.IpcNotify_makeMsg)
                  700633f2    0000000e     --HOLE-- [fill = 0]
                  70063400    0000006e     freertos.am263px.r5f.ti-arm-clang.debug.lib : tasks.obj (.text.prvDeleteTCB)
                  7006346e    00000002     --HOLE-- [fill = 0]
                  70063470    0000006c                                                 : DebugP_shmLogReader.obj (.text.DebugP_shmLogReaderInit)
                  700634dc    00000004     --HOLE-- [fill = 0]
                  700634e0    0000006c     log_reader_task.o (.text.log_reader_task_create)
                  7006354c    00000004     --HOLE-- [fill = 0]
                  70063550    0000006c     freertos.am263px.r5f.ti-arm-clang.debug.lib : tasks.obj (.text.vTaskDelay)
                  700635bc    00000004     --HOLE-- [fill = 0]
                  700635c0    0000006c                                                 : tasks.obj (.text.vTaskEnterCritical)
                  7006362c    00000004     --HOLE-- [fill = 0]
                  70063630    0000006a     drivers.am263px.r5f.ti-arm-clang.freertos.debug.lib : ipc_notify_v1.obj (.text.IpcNotify_mailboxReadSwQ)
                  7006369a    00000006     --HOLE-- [fill = 0]
                  700636a0    0000006a     freertos.am263px.r5f.ti-arm-clang.debug.lib : list.obj (.text.vListInsert)
                  7006370a    00000006     --HOLE-- [fill = 0]
                  70063710    00000068     drivers.am263px.r5f.ti-arm-clang.freertos.debug.lib : edma.obj (.text.EDMA_getBaseAddr)
                  70063778    00000008     --HOLE-- [fill = 0]
                  70063780    00000068                                                         : uart_v0_lld.obj (.text.UART_divisorValCompute)
                  700637e8    00000008     --HOLE-- [fill = 0]
                  700637f0    00000066     board.am263px.r5f.ti-arm-clang.freertos.debug.lib : eeprom.obj (.text.EEPROM_open)
                  70063856    0000000a     --HOLE-- [fill = 0]
                  70063860    00000066     drivers.am263px.r5f.ti-arm-clang.freertos.debug.lib : i2c_v1.obj (.text.I2C_init)
                  700638c6    0000000a     --HOLE-- [fill = 0]
                  700638d0    00000066     freertos.am263px.r5f.ti-arm-clang.debug.lib : SemaphoreP_freertos.obj (.text.SemaphoreP_post)
                  70063936    0000000a     --HOLE-- [fill = 0]
                  70063940    00000064     drivers.am263px.r5f.ti-arm-clang.freertos.debug.lib : soc_rcm.obj (.text.SOC_rcmGetR5Clock)
                  700639a4    0000000c     --HOLE-- [fill = 0]
                  700639b0    00000064                                                         : soc_rcm.obj (.text.SOC_rcmIsR5FInLockStepMode)
                  70063a14    0000000c     --HOLE-- [fill = 0]
                  70063a20    00000064                                                         : uart_v0_lld.obj (.text.UART_fifoRegisterWrite)
                  70063a84    0000000c     --HOLE-- [fill = 0]
                  70063a90    00000064                                                         : uart_v0_lld.obj (.text.UART_lld_deInitDma)
                  70063af4    0000000c     --HOLE-- [fill = 0]
                  70063b00    00000064     freertos.am263px.r5f.ti-arm-clang.debug.lib : TaskP_freertos.obj (.text.vApplicationLoadHook)
                  70063b64    0000000c     --HOLE-- [fill = 0]
                  70063b70    00000064                                                 : queue.obj (.text.vQueueWaitForMessageRestricted)
                  70063bd4    0000000c     --HOLE-- [fill = 0]
                  70063be0    00000062     drivers.am263px.r5f.ti-arm-clang.freertos.debug.lib : soc_rcm.obj (.text.SOC_rcmInsert16)
                  70063c42    0000000e     --HOLE-- [fill = 0]
                  70063c50    00000060                                                         : uart_v0_lld.obj (.text.UART_getChar)
                  70063cb0    00000060                                                         : uart_v0_lld.obj (.text.UART_writeData)
                  70063d10    0000005e     freertos.am263px.r5f.ti-arm-clang.debug.lib : SemaphoreP_freertos.obj (.text.SemaphoreP_constructMutex)
                  70063d6e    00000002     --HOLE-- [fill = 0]
                  70063d70    0000005e     gateway_shared.o (.text.gateway_notify_test_data_ready)
                  70063dce    00000002     --HOLE-- [fill = 0]
                  70063dd0    0000005c     ti_power_clock_config.o (.text.Module_clockSetFrequency)
                  70063e2c    00000004     --HOLE-- [fill = 0]
                  70063e30    0000005c     drivers.am263px.r5f.ti-arm-clang.freertos.debug.lib : uart_v0_lld.obj (.text.UART_lld_deInit)
                  70063e8c    00000004     --HOLE-- [fill = 0]
                  70063e90    0000005c     freertos.am263px.r5f.ti-arm-clang.debug.lib : tasks.obj (.text.xTaskCreateStatic)
                  70063eec    00000004     --HOLE-- [fill = 0]
                  70063ef0    0000005a     drivers.am263px.r5f.ti-arm-clang.freertos.debug.lib : uart_dma_edma.obj (.text.UART_lld_dmaDisableChannel)
                  70063f4a    00000006     --HOLE-- [fill = 0]
                  70063f50    0000005a                                                         : uart_v0_lld.obj (.text.UART_regConfigModeEnable)
                  70063faa    00000006     --HOLE-- [fill = 0]
                  70063fb0    0000005a     freertos.am263px.r5f.ti-arm-clang.debug.lib : tasks.obj (.text.prvCheckTasksWaitingTermination)
                  7006400a    00000006     --HOLE-- [fill = 0]
                  70064010    00000058     drivers.am263px.r5f.ti-arm-clang.freertos.debug.lib : soc_rcm.obj (.text.SOC_rcmGetModuleClkDivVal)
                  70064068    00000008     --HOLE-- [fill = 0]
                  70064070    00000058                                                         : uart_v0.obj (.text.UART_getHandle)
                  700640c8    00000008     --HOLE-- [fill = 0]
                  700640d0    00000058     main.o (.text.udp_tx_task)
                  70064128    00000008     --HOLE-- [fill = 0]
                  70064130    00000056     drivers.am263px.r5f.ti-arm-clang.freertos.debug.lib : i2c_v1.obj (.text.I2C_getHandle)
                  70064186    0000000a     --HOLE-- [fill = 0]
                  70064190    00000056                                                         : uart_v0.obj (.text.UART_lld_readCompleteCallback)
                  700641e6    0000000a     --HOLE-- [fill = 0]
                  700641f0    00000056                                                         : uart_v0.obj (.text.UART_lld_writeCompleteCallback)
                  70064246    0000000a     --HOLE-- [fill = 0]
                  70064250    00000054     freertos.am263px.r5f.ti-arm-clang.debug.lib : DebugP_shmLogReader_freertos.obj (.text.DebugP_shmLogReaderTaskCreate)
                  700642a4    0000000c     --HOLE-- [fill = 0]
                  700642b0    00000054     drivers.am263px.r5f.ti-arm-clang.freertos.debug.lib : edma.obj (.text.EDMA_setPaRAM)
                  70064304    0000000c     --HOLE-- [fill = 0]
                  70064310    00000054                                                         : uart_v0_lld.obj (.text.UART_OperModeValid)
                  70064364    0000000c     --HOLE-- [fill = 0]
                  70064370    00000054     freertos.am263px.r5f.ti-arm-clang.debug.lib : timers.obj (.text.prvProcessExpiredTimer)
                  700643c4    00000054     libc.a : autoinit.c.obj (.text:__TI_auto_init_nobinit_nopinit)
                  70064418    00000008     --HOLE-- [fill = 0]
                  70064420    00000052     ti_dpl_config.o (.text.Dpl_init)
                  70064472    0000000e     --HOLE-- [fill = 0]
                  70064480    00000052     drivers.am263px.r5f.ti-arm-clang.freertos.debug.lib : i2c_v1_lld.obj (.text.I2C_lld_deInit)
                  700644d2    0000000e     --HOLE-- [fill = 0]
                  700644e0    00000052     freertos.am263px.r5f.ti-arm-clang.debug.lib : timers.obj (.text.prvSwitchTimerLists)
                  70064532    0000000e     --HOLE-- [fill = 0]
                  70064540    00000050     ti_board_open_close.o (.text.Board_eepromClose)
                  70064590    00000050     ti_drivers_open_close.o (.text.Drivers_i2cClose)
                  700645e0    00000050     ti_drivers_open_close.o (.text.Drivers_uartClose)
                  70064630    00000050     drivers.am263px.r5f.ti-arm-clang.freertos.debug.lib : pinmux.obj (.text.Pinmux_config)
                  70064680    00000050                                                         : uart_v0_lld.obj (.text.UART_checkCharsAvailInFifo)
                  700646d0    0000004e                                                         : edma.obj (.text.EDMA_clrEvtRegion)
                  7006471e    00000002     --HOLE-- [fill = 0]
                  70064720    0000004e                                                         : edma.obj (.text.EDMA_disableDmaEvtRegion)
                  7006476e    00000002     --HOLE-- [fill = 0]
                  70064770    0000004e                                                         : edma.obj (.text.EDMA_disableEvtIntrRegion)
                  700647be    00000002     --HOLE-- [fill = 0]
                  700647c0    0000004e                                                         : edma.obj (.text.EDMA_enableDmaEvtRegion)
                  7006480e    00000002     --HOLE-- [fill = 0]
                  70064810    0000004e                                                         : edma.obj (.text.EDMA_enableEvtIntrRegion)
                  7006485e    00000002     --HOLE-- [fill = 0]
                  70064860    0000004e                                                         : edma.obj (.text.EDMA_setEvtRegion)
                  700648ae    00000002     --HOLE-- [fill = 0]
                  700648b0    0000004e     freertos.am263px.r5f.ti-arm-clang.debug.lib : TaskP_freertos.obj (.text.TaskP_loadUpdateAll)
                  700648fe    00000002     --HOLE-- [fill = 0]
                  70064900    0000004e                                                 : queue.obj (.text.vQueueDelete)
                  7006494e    00000002     --HOLE-- [fill = 0]
                  70064950    0000004c     drivers.am263px.r5f.ti-arm-clang.freertos.debug.lib : edma.obj (.text.EDMA_ccPaRAMEntry_init)
                  7006499c    00000004     --HOLE-- [fill = 0]
                  700649a0    0000004c                                                         : edma.obj (.text.EDMA_mapQdmaChToPaRAM)
                  700649ec    00000004     --HOLE-- [fill = 0]
                  700649f0    0000004c                                                         : edma.obj (.text.EDMA_readEventStatusRegion)
                  70064a3c    00000004     --HOLE-- [fill = 0]
                  70064a40    0000004c                                                         : ipc_notify_v1.obj (.text.IpcNotify_unregisterClient)
                  70064a8c    00000004     --HOLE-- [fill = 0]
                  70064a90    0000004c     ti_power_clock_config.o (.text.Module_clockEnable)
                  70064adc    00000004     --HOLE-- [fill = 0]
                  70064ae0    0000004c     freertos.am263px.r5f.ti-arm-clang.debug.lib : tasks.obj (.text.vTaskPlaceOnEventList)
                  70064b2c    00000004     --HOLE-- [fill = 0]
                  70064b30    0000004a     drivers.am263px.r5f.ti-arm-clang.freertos.debug.lib : ipc_notify_v1.obj (.text.IpcNotify_Params_init)
                  70064b7a    00000006     --HOLE-- [fill = 0]
                  70064b80    0000004a                                                         : soc_rcm.obj (.text.SOC_rcmGetCR5SysclkInFrequency)
                  70064bca    00000006     --HOLE-- [fill = 0]
                  70064bd0    0000004a                                                         : uart_v0_lld.obj (.text.UART_getIntrIdentityStatus)
                  70064c1a    00000006     --HOLE-- [fill = 0]
                  70064c20    0000004a                                                         : uart_v0_lld.obj (.text.UART_lineCharConfig)
                  70064c6a    00000006     --HOLE-- [fill = 0]
                  70064c70    00000048                                                         : i2c_v1.obj (.text.I2C_hwiFxn)
                  70064cb8    00000008     --HOLE-- [fill = 0]
                  70064cc0    00000048                                                         : uart_v0_lld.obj (.text.UART_resetModule)
                  70064d08    00000008     --HOLE-- [fill = 0]
                  70064d10    00000048     freertos.am263px.r5f.ti-arm-clang.debug.lib : queue.obj (.text.prvInitialiseNewQueue)
                  70064d58    00000008     --HOLE-- [fill = 0]
                  70064d60    00000048                                                 : list.obj (.text.uxListRemove)
                  70064da8    00000008     --HOLE-- [fill = 0]
                  70064db0    00000046                                                 : DebugP_uartLogWriter.obj (.text.DebugP_uartLogWriterPutChar)
                  70064df6    0000000a     --HOLE-- [fill = 0]
                  70064e00    00000046                                                 : TaskP_freertos.obj (.text.TaskP_updateLoad)
                  70064e46    0000000a     --HOLE-- [fill = 0]
                  70064e50    00000046     drivers.am263px.r5f.ti-arm-clang.freertos.debug.lib : uart_v0_lld.obj (.text.UART_i2310WA)
                  70064e96    0000000a     --HOLE-- [fill = 0]
                  70064ea0    00000046                                                         : uart_v0_lld.obj (.text.UART_readLineStatus)
                  70064ee6    0000000a     --HOLE-- [fill = 0]
                  70064ef0    00000044                                                         : ipc_notify_v1.obj (.text.IpcNotify_getWriteMailbox)
                  70064f34    0000000c     --HOLE-- [fill = 0]
                  70064f40    00000044                                                         : soc_rcm.obj (.text.SOC_rcmExtract8)
                  70064f84    0000000c     --HOLE-- [fill = 0]
                  70064f90    00000044                                                         : soc_rcm.obj (.text.SOC_rcmMake16)
                  70064fd4    0000000c     --HOLE-- [fill = 0]
                  70064fe0    00000044     freertos.am263px.r5f.ti-arm-clang.debug.lib : TaskP_freertos.obj (.text.TaskP_updateIdleTaskLoad)
                  70065024    0000000c     --HOLE-- [fill = 0]
                  70065030    00000044                                                 : TaskP_freertos.obj (.text.TaskP_updateTotalRunTime)
                  70065074    0000000c     --HOLE-- [fill = 0]
                  70065080    00000044                                                 : printf.obj (.text._strnlen_s)
                  700650c4    0000000c     --HOLE-- [fill = 0]
                  700650d0    00000044                                                 : timers.obj (.text.prvSampleTimeNow)
                  70065114    0000000c     --HOLE-- [fill = 0]
                  70065120    00000042     drivers.am263px.r5f.ti-arm-clang.freertos.debug.lib : uart_v0.obj (.text.UART_checkOpenParams)
                  70065162    0000000e     --HOLE-- [fill = 0]
                  70065170    00000042     freertos.am263px.r5f.ti-arm-clang.debug.lib : queue.obj (.text.prvCopyDataFromQueue)
                  700651b2    0000000e     --HOLE-- [fill = 0]
                  700651c0    00000040     drivers.am263px.r5f.ti-arm-clang.freertos.debug.lib : i2c_v1_lld.obj (.text.I2C_lld_transferIntr)
                  70065200    00000040                                                         : i2c_v1_lld.obj (.text.I2C_lld_transferPoll)
                  70065240    00000040     libc.a : memory.c.obj (.text.free_list_insert)
                  70065280    00000040     freertos.am263px.r5f.ti-arm-clang.debug.lib : timers.obj (.text.prvGetNextExpireTime)
                  700652c0    0000003e     drivers.am263px.r5f.ti-arm-clang.freertos.debug.lib : pinmux.obj (.text.Pinmux_unlockMMR)
                  700652fe    00000002     --HOLE-- [fill = 0]
                  70065300    0000003e                                                         : uart_v0_lld.obj (.text.UART_IsHWFlowCtrlValid)
                  7006533e    00000002     --HOLE-- [fill = 0]
                  70065340    0000003e                                                         : uart_v0_lld.obj (.text.UART_spaceAvail)
                  7006537e    00000002     --HOLE-- [fill = 0]
                  70065380    0000003c     board.am263px.r5f.ti-arm-clang.freertos.debug.lib : eeprom_cat24m.obj (.text.EEPROM_CAT24M_close)
                  700653bc    00000004     --HOLE-- [fill = 0]
                  700653c0    0000003c     drivers.am263px.r5f.ti-arm-clang.freertos.debug.lib : uart_v0_lld.obj (.text.UART_IsParityTypeValid)
                  700653fc    00000004     --HOLE-- [fill = 0]
                  70065400    0000003c                                                         : uart_v0_lld.obj (.text.UART_IsTxRxFifoEmpty)
                  7006543c    00000004     --HOLE-- [fill = 0]
                  70065440    0000003c                                                         : uart_v0_lld.obj (.text.UART_enhanFuncEnable)
                  7006547c    00000004     --HOLE-- [fill = 0]
                  70065480    0000003c     freertos.am263px.r5f.ti-arm-clang.debug.lib : tasks.obj (.text.prvResetNextTaskUnblockTime)
                  700654bc    00000004     --HOLE-- [fill = 0]
                  700654c0    0000003c                                                 : port.obj (.text.vPortTimerTickHandler)
                  700654fc    00000004     --HOLE-- [fill = 0]
                  70065500    0000003a     drivers.am263px.r5f.ti-arm-clang.freertos.debug.lib : soc.obj (.text.SOC_moduleSetClockFrequency)
                  7006553a    00000006     --HOLE-- [fill = 0]
                  70065540    0000003a     freertos.am263px.r5f.ti-arm-clang.debug.lib : printf.obj (.text._atoi)
                  7006557a    00000006     --HOLE-- [fill = 0]
                  70065580    0000003a                                                 : tasks.obj (.text.ulTaskGetIdleRunTimeCounter)
                  700655ba    00000006     --HOLE-- [fill = 0]
                  700655c0    0000003a                                                 : list.obj (.text.vListInsertEnd)
                  700655fa    00000006     --HOLE-- [fill = 0]
                  70065600    00000038     drivers.am263px.r5f.ti-arm-clang.freertos.debug.lib : i2c_v1.obj (.text.I2C_LLD_transferCompleteCallback)
                  70065638    00000008     --HOLE-- [fill = 0]
                  70065640    00000038                                                         : uart_v0_lld.obj (.text.UART_writeDataPolling)
                  70065678    00000038     freertos.am263px.r5f.ti-arm-clang.debug.lib : PmuP_armv7r_asm.obj (.text.pmu)
                  700656b0    00000038                                                 : tasks.obj (.text.xTaskGetSchedulerState)
                  700656e8    00000008     --HOLE-- [fill = 0]
                  700656f0    00000036     drivers.am263px.r5f.ti-arm-clang.freertos.debug.lib : edma.obj (.text.EDMA_getRegionId)
                  70065726    0000000a     --HOLE-- [fill = 0]
                  70065730    00000036                                                         : ipc_notify_v1.obj (.text.IpcNotify_syncCallback)
                  70065766    0000000a     --HOLE-- [fill = 0]
                  70065770    00000034                                                         : pinmux.obj (.text.Pinmux_lockMMR)
                  700657a4    0000000c     --HOLE-- [fill = 0]
                  700657b0    00000034     freertos.am263px.r5f.ti-arm-clang.debug.lib : TimerP_rti_priv.obj (.text.TimerP_Params_initPriv)
                  700657e4    0000000c     --HOLE-- [fill = 0]
                  700657f0    00000034     drivers.am263px.r5f.ti-arm-clang.freertos.debug.lib : uart_v0_lld.obj (.text.UART_IsDataLengthValid)
                  70065824    0000000c     --HOLE-- [fill = 0]
                  70065830    00000034                                                         : uart_v0_lld.obj (.text.UART_checkTransaction)
                  70065864    00000034     libc.a : memory.c.obj (.text.free_list_remove)
                  70065898    00000008     --HOLE-- [fill = 0]
                  700658a0    00000034     gateway_shared.o (.text.gateway_core0_finalize)
                  700658d4    0000000c     --HOLE-- [fill = 0]
                  700658e0    00000034     log_reader_task.o (.text.log_reader_task)
                  70065914    0000000c     --HOLE-- [fill = 0]
                  70065920    00000034     freertos.am263px.r5f.ti-arm-clang.debug.lib : timers.obj (.text.prvReloadTimer)
                  70065954    0000000c     --HOLE-- [fill = 0]
                  70065960    00000032                                                 : ClockP_freertos.obj (.text.ClockP_timerTickIsr)
                  70065992    0000000e     --HOLE-- [fill = 0]
                  700659a0    00000032     drivers.am263px.r5f.ti-arm-clang.freertos.debug.lib : uart_v0_lld.obj (.text.HW_WR_FIELD32_RAW)
                  700659d2    0000000e     --HOLE-- [fill = 0]
                  700659e0    00000032                                                         : i2c_v1_lld.obj (.text.I2C_lld_Message_init)
                  70065a12    0000000e     --HOLE-- [fill = 0]
                  70065a20    00000032                                                         : ipc_notify_v1.obj (.text.IpcNotify_mailboxIsPendingIntr)
                  70065a52    0000000e     --HOLE-- [fill = 0]
                  70065a60    00000032     freertos.am263px.r5f.ti-arm-clang.debug.lib : TimerP_rti_priv.obj (.text.TimerP_getCountPriv)
                  70065a92    0000000e     --HOLE-- [fill = 0]
                  70065aa0    00000032     drivers.am263px.r5f.ti-arm-clang.freertos.debug.lib : uart_v0_lld.obj (.text.UART_enhanFuncBitValRestore)
                  70065ad2    0000000e     --HOLE-- [fill = 0]
                  70065ae0    00000032                                                         : uart_v0_lld.obj (.text.UART_hardwareFlowCtrlOptSet)
                  70065b12    0000000e     --HOLE-- [fill = 0]
                  70065b20    00000032     freertos.am263px.r5f.ti-arm-clang.debug.lib : port.obj (.text.vApplicationStackOverflowHook)
                  70065b52    0000000e     --HOLE-- [fill = 0]
                  70065b60    00000032                                                 : queue.obj (.text.xQueueCreateMutexStatic)
                  70065b92    0000000e     --HOLE-- [fill = 0]
                  70065ba0    00000030     board.am263px.r5f.ti-arm-clang.freertos.debug.lib : eeprom.obj (.text.EEPROM_close)
                  70065bd0    00000030     drivers.am263px.r5f.ti-arm-clang.freertos.debug.lib : i2c_v1_lld.obj (.text.I2CControllerControl)
                  70065c00    00000030                                                         : ipc_notify_v1.obj (.text.IpcNotify_getReadSwQ)
                  70065c30    00000030                                                         : uart_v0_lld.obj (.text.UART_flowCtrlTrigLvlConfig)
                  70065c60    0000002e                                                         : uart_dma_edma.obj (.text.UART_lld_dmaInit)
                  70065c8e    00000002     --HOLE-- [fill = 0]
                  70065c90    0000002e     freertos.am263px.r5f.ti-arm-clang.debug.lib : printf.obj (.text._is_digit)
                  70065cbe    00000002     --HOLE-- [fill = 0]
                  70065cc0    0000002e                                                 : queue.obj (.text.prvIsQueueFull)
                  70065cee    00000002     --HOLE-- [fill = 0]
                  70065cf0    0000002e                                                 : list.obj (.text.vListInitialise)
                  70065d1e    00000002     --HOLE-- [fill = 0]
                  70065d20    0000002c                                                 : DebugP_log.obj (.text.DebugP_logZoneEnable)
                  70065d4c    00000004     --HOLE-- [fill = 0]
                  70065d50    0000002c     drivers.am263px.r5f.ti-arm-clang.freertos.debug.lib : i2c_v1_lld.obj (.text.I2CModeControl)
                  70065d7c    00000004     --HOLE-- [fill = 0]
                  70065d80    0000002c                                                         : ipc_notify_v1.obj (.text.IpcNotify_getReadMailbox)
                  70065dac    00000004     --HOLE-- [fill = 0]
                  70065db0    0000002c     freertos.am263px.r5f.ti-arm-clang.debug.lib : TaskP_freertos.obj (.text.TaskP_calcCounterDiff)
                  70065ddc    00000004     --HOLE-- [fill = 0]
                  70065de0    0000002c     gateway_shared.o (.text.gateway_core0_init)
                  70065e0c    00000004     --HOLE-- [fill = 0]
                  70065e10    0000002c     freertos.am263px.r5f.ti-arm-clang.debug.lib : queue.obj (.text.prvInitialiseMutex)
                  70065e3c    00000004     --HOLE-- [fill = 0]
                  70065e40    0000002c                                                 : tasks.obj (.text.ulTaskGetRunTimeCounter)
                  70065e6c    00000004     --HOLE-- [fill = 0]
                  70065e70    0000002c                                                 : port.obj (.text.vApplicationGetIdleTaskMemory)
                  70065e9c    00000004     --HOLE-- [fill = 0]
                  70065ea0    0000002c                                                 : port.obj (.text.vApplicationGetTimerTaskMemory)
                  70065ecc    00000004     --HOLE-- [fill = 0]
                  70065ed0    0000002a     drivers.am263px.r5f.ti-arm-clang.freertos.debug.lib : i2c_v1_lld.obj (.text.I2C_lld_Transaction_init)
                  70065efa    00000006     --HOLE-- [fill = 0]
                  70065f00    0000002a                                                         : i2c_v1.obj (.text.I2C_transferCallback)
                  70065f2a    00000006     --HOLE-- [fill = 0]
                  70065f30    0000002a                                                         : uart_v0.obj (.text.UART_Transaction_init)
                  70065f5a    00000006     --HOLE-- [fill = 0]
                  70065f60    0000002a                                                         : uart_v0_lld.obj (.text.UART_intr2Disable)
                  70065f8a    00000006     --HOLE-- [fill = 0]
                  70065f90    0000002a                                                         : uart_v0_lld.obj (.text.UART_lld_Transaction_init)
                  70065fba    00000006     --HOLE-- [fill = 0]
                  70065fc0    0000002a                                                         : uart_v0_lld.obj (.text.UART_operatingModeSelect)
                  70065fea    00000006     --HOLE-- [fill = 0]
                  70065ff0    00000028     freertos.am263px.r5f.ti-arm-clang.debug.lib : CpuId_armv7r.obj (.text.CSL_armR5GetCpuID)
                  70066018    00000008     --HOLE-- [fill = 0]
                  70066020    00000028     main.o (.text.init_ethernet)
                  70066048    00000008     --HOLE-- [fill = 0]
                  70066050    00000028     main.o (.text.init_udp)
                  70066078    00000008     --HOLE-- [fill = 0]
                  70066080    00000028     freertos.am263px.r5f.ti-arm-clang.debug.lib : tasks.obj (.text.prvIdleTask)
                  700660a8    00000008     --HOLE-- [fill = 0]
                  700660b0    00000028                                                 : queue.obj (.text.prvIsQueueEmpty)
                  700660d8    00000008     --HOLE-- [fill = 0]
                  700660e0    00000028                                                 : printf.obj (.text.vprintf_)
                  70066108    00000008     --HOLE-- [fill = 0]
                  70066110    00000026     drivers.am263px.r5f.ti-arm-clang.freertos.debug.lib : edma.obj (.text.EDMA_disableQdmaEvtRegion)
                  70066136    0000000a     --HOLE-- [fill = 0]
                  70066140    00000026                                                         : edma.obj (.text.EDMA_enableQdmaEvtRegion)
                  70066166    0000000a     --HOLE-- [fill = 0]
                  70066170    00000026                                                         : edma.obj (.text.EDMA_validateIntrObject)
                  70066196    0000000a     --HOLE-- [fill = 0]
                  700661a0    00000026     freertos.am263px.r5f.ti-arm-clang.debug.lib : queue.obj (.text.prvGetDisinheritPriorityAfterTimeout)
                  700661c6    0000000a     --HOLE-- [fill = 0]
                  700661d0    00000026                                                 : tasks.obj (.text.xTaskGetTickCountFromISR)
                  700661f6    0000000a     --HOLE-- [fill = 0]
                  70066200    00000024     drivers.am263px.r5f.ti-arm-clang.freertos.debug.lib : i2c_v1_lld.obj (.text.I2CControllerBusBusy)
                  70066224    0000000c     --HOLE-- [fill = 0]
                  70066230    00000024                                                         : i2c_v1.obj (.text.I2C_Transaction_init)
                  70066254    0000000c     --HOLE-- [fill = 0]
                  70066260    00000024     ti_drivers_config.o (.text.IpcNotify_allocSwQueue)
                  70066284    0000000c     --HOLE-- [fill = 0]
                  70066290    00000024     ti_drivers_config.o (.text.IpcNotify_getConfig)
                  700662b4    0000000c     --HOLE-- [fill = 0]
                  700662c0    00000024     drivers.am263px.r5f.ti-arm-clang.freertos.debug.lib : uart_v0_lld.obj (.text.UART_IsRxTrigLvlValid)
                  700662e4    0000000c     --HOLE-- [fill = 0]
                  700662f0    00000024                                                         : uart_v0_lld.obj (.text.UART_IsStopBitsValid)
                  70066314    0000000c     --HOLE-- [fill = 0]
                  70066320    00000024                                                         : uart_v0_lld.obj (.text.UART_IsTxTrigLvlValid)
                  70066344    00000024     libclang_rt.builtins.a : aeabi_uldivmod.S.obj (.text.__aeabi_uldivmod)
                  70066368    00000008     --HOLE-- [fill = 0]
                  70066370    00000024     freertos.am263px.r5f.ti-arm-clang.debug.lib : printf.obj (.text._out_char)
                  70066394    0000000c     --HOLE-- [fill = 0]
                  700663a0    00000024                                                 : tasks.obj (.text.pvTaskIncrementMutexHeldCount)
                  700663c4    0000000c     --HOLE-- [fill = 0]
                  700663d0    00000024                                                 : tasks.obj (.text.vTaskInternalSetTimeOutState)
                  700663f4    0000000c     --HOLE-- [fill = 0]
                  70066400    00000024                                                 : port.obj (.text.xPortStartScheduler)
                  70066424    0000000c     --HOLE-- [fill = 0]
                  70066430    00000022                                                 : ClockP_freertos.obj (.text.ClockP_getTicks)
                  70066452    0000000e     --HOLE-- [fill = 0]
                  70066460    00000022     drivers.am263px.r5f.ti-arm-clang.freertos.debug.lib : edma.obj (.text.EDMA_channelToParamMap)
                  70066482    0000000e     --HOLE-- [fill = 0]
                  70066490    00000022     freertos.am263px.r5f.ti-arm-clang.debug.lib : SemaphoreP_freertos.obj (.text.SemaphoreP_destruct)
                  700664b2    0000000e     --HOLE-- [fill = 0]
                  700664c0    00000022     drivers.am263px.r5f.ti-arm-clang.freertos.debug.lib : i2c_v1_lld.obj (.text.lld_check_param)
                  700664e2    0000000e     --HOLE-- [fill = 0]
                  700664f0    00000020     freertos.am263px.r5f.ti-arm-clang.debug.lib : ClockP_freertos.obj (.text.ClockP_usecToTicks)
                  70066510    00000020     drivers.am263px.r5f.ti-arm-clang.freertos.debug.lib : uart_v0_lld.obj (.text.HW_RD_FIELD32_RAW)
                  70066530    00000020     main.o (.text.udp_rx_task)
                  70066550    00000020     freertos.am263px.r5f.ti-arm-clang.debug.lib : heap_3.obj (.text.vPortFree)
                  70066570    0000001e     drivers.am263px.r5f.ti-arm-clang.freertos.debug.lib : edma.obj (.text.EDMA_getEventStatusHigh)
                  7006658e    00000002     --HOLE-- [fill = 0]
                  70066590    0000001e                                                         : i2c_v1_lld.obj (.text.I2CControllerEnable)
                  700665ae    00000002     --HOLE-- [fill = 0]
                  700665b0    0000001e                                                         : i2c_v1_lld.obj (.text.I2CTargetEnable)
                  700665ce    00000002     --HOLE-- [fill = 0]
                  700665d0    0000001e                                                         : soc.obj (.text.SOC_getSelfCpuClk)
                  700665ee    00000002     --HOLE-- [fill = 0]
                  700665f0    0000001e                                                         : soc.obj (.text.SOC_moduleClockEnable)
                  7006660e    00000002     --HOLE-- [fill = 0]
                  70066610    0000001e                                                         : uart_v0_lld.obj (.text.UART_breakCtl)
                  7006662e    00000002     --HOLE-- [fill = 0]
                  70066630    0000001e                                                         : uart_v0_lld.obj (.text.UART_lld_Transaction_deInit)
                  7006664e    00000002     --HOLE-- [fill = 0]
                  70066650    0000001e                                                         : uart_v0_lld.obj (.text.UART_writeInterrupt)
                  7006666e    00000002     --HOLE-- [fill = 0]
                  70066670    0000001e     freertos.am263px.r5f.ti-arm-clang.debug.lib : timers.obj (.text.prvTimerTask)
                  7006668e    00000002     --HOLE-- [fill = 0]
                  70066690    0000001e                                                 : tasks.obj (.text.xTaskGetTickCount)
                  700666ae    00000002     --HOLE-- [fill = 0]
                  700666b0    0000001c     ti_board_open_close.o (.text.Board_driversOpen)
                  700666cc    00000004     --HOLE-- [fill = 0]
                  700666d0    0000001c     drivers.am263px.r5f.ti-arm-clang.freertos.debug.lib : edma.obj (.text.EDMA_getEventStatus)
                  700666ec    00000004     --HOLE-- [fill = 0]
                  700666f0    0000001c                                                         : uart_v0_lld.obj (.text.UART_IsParameter)
                  7006670c    00000004     --HOLE-- [fill = 0]
                  70066710    0000001c     freertos.am263px.r5f.ti-arm-clang.debug.lib : port.obj (.text.vPortYeildFromISR)
                  7006672c    0000001c     libc.a : memcpy32.S.obj (.text:TI_memcpy_small)
                  70066748    00000008     --HOLE-- [fill = 0]
                  70066750    0000001a     drivers.am263px.r5f.ti-arm-clang.freertos.debug.lib : i2c_v1.obj (.text.I2C_Params_init)
                  7006676a    00000006     --HOLE-- [fill = 0]
                  70066770    0000001a                                                         : uart_v0_lld.obj (.text.UART_fifoCharGet)
                  7006678a    00000006     --HOLE-- [fill = 0]
                  70066790    0000001a                                                         : uart_v0_lld.obj (.text.UART_timeGuardConfig)
                  700667aa    00000006     --HOLE-- [fill = 0]
                  700667b0    00000018     freertos.am263px.r5f.ti-arm-clang.debug.lib : ClockP_freertos.obj (.text.ClockP_ticksToUsec)
                  700667c8    00000008     --HOLE-- [fill = 0]
                  700667d0    00000018     drivers.am263px.r5f.ti-arm-clang.freertos.debug.lib : edma.obj (.text.EDMA_isInterruptEnabled)
                  700667e8    00000008     --HOLE-- [fill = 0]
                  700667f0    00000018                                                         : i2c_v1_lld.obj (.text.I2CControllerDataPut)
                  70066808    00000008     --HOLE-- [fill = 0]
                  70066810    00000018                                                         : i2c_v1_lld.obj (.text.I2CControllerErr)
                  70066828    00000008     --HOLE-- [fill = 0]
                  70066830    00000018                                                         : i2c_v1_lld.obj (.text.I2CControllerIntDisableEx)
                  70066848    00000008     --HOLE-- [fill = 0]
                  70066850    00000018                                                         : i2c_v1_lld.obj (.text.I2CControllerIntEnableEx)
                  70066868    00000008     --HOLE-- [fill = 0]
                  70066870    00000018                                                         : ipc_notify_v1.obj (.text.IpcNotify_mailboxClearAllInt)
                  70066888    00000008     --HOLE-- [fill = 0]
                  70066890    00000018                                                         : ipc_notify_v1_cfg.obj (.text.IpcNotify_trigInterrupt)
                  700668a8    00000008     --HOLE-- [fill = 0]
                  700668b0    00000018     freertos.am263px.r5f.ti-arm-clang.debug.lib : TimerP_rti_priv.obj (.text.TimerP_getReloadCountPriv)
                  700668c8    00000008     --HOLE-- [fill = 0]
                  700668d0    00000018     drivers.am263px.r5f.ti-arm-clang.freertos.debug.lib : uart_v0_lld.obj (.text.UART_divisorLatchDisable)
                  700668e8    00000008     --HOLE-- [fill = 0]
                  700668f0    00000018                                                         : uart_v0_lld.obj (.text.UART_modemControlReset)
                  70066908    00000008     --HOLE-- [fill = 0]
                  70066910    00000018                                                         : uart_v0_lld.obj (.text.UART_putChar)
                  70066928    00000018     libc.a : memset32.S.obj (.text:TI_memset_small)
[...]
7005b221  UART_lld_dmaWrite                    
7005b3cc  free                                 
7005b731  UART_write                           
7005b8d1  vTaskSwitchContext                   
7005bc11  vTaskPriorityDisinheritAfterTimeout  
7005bdb1  UART_lld_controllerIsr               
7005bf51  ClockP_init                          
7005c261  DebugP_shmLogReaderGetString         
7005c3e1  EEPROM_CAT24M_write                  
7005c561  xQueueGiveFromISR                    
7005c841  EDMA_unregisterIntr                  
7005c9b1  I2C_lld_init                         
7005cc71  xTaskPriorityInherit                 
7005cdd1  SOC_controlModuleUnlockMMR           
7005cf31  UART_lld_initDma                     
7005d091  xTaskPriorityDisinherit              
7005d1e1  xQueueReceiveFromISR                 
7005d701  I2C_lld_mem_write                    
7005d981  UART_procLineStatusErr               
7005dac1  EDMA_registerIntr                    
7005dd41  vTaskDelete                          
7005de81  I2C_lld_mem_read                     
7005dfb1  UART_lld_init                        
7005e0e1  ulTaskGenericNotifyTake              
7005e211  I2C_lld_mem_writeIntr                
7005e341  pxPortInitialiseStack                
7005e471  SOC_controlModuleLockMMR             
7005e5a1  SOC_rcmGetPeripheralClockFrequency   
7005e6c1  xTaskDelayUntil                      
7005e7e1  UART_lld_dmaRead                     
7005e901  I2C_lld_mem_readIntr                 
7005ea1c  __udivmoddi4                         
7005eea1  DebugP_shmLogRead                    
7005efb1  DebugP_shmLogReaderTaskMain          
7005f1d1  xQueueGenericReset                   
7005f2e1  IpcNotify_sendMsg                    
7005f501  I2C_close                            
7005f911  xQueueGenericCreateStatic            
7005fa01  I2C_lld_targetTransferIntr           
7005fcd1  EDMA_freeChannelRegion               
7005fdc1  EDMA_freeParam                       
7005feb1  EDMA_freeDmaChannel                  
7005ff91  EDMA_freeTcc                         
70060071  xTaskCheckForTimeOut                 
70060151  UART_intrEnable                      
70060231  UART_intrDisable                     
70060311  UART_lld_write                       
700603f1  AddrTranslateP_getLocalAddr          
700604c1  EDMA_disableChInShadowRegRegion      
70060591  UART_lld_writeDma                    
70060661  EDMA_enableChInShadowRegRegion       
70060801  ClockP_getTimeUsec                   
700609a1  UART_lld_writeIntr                   
70060a71  EDMA_mapChToEvtQ                     
70060b41  EEPROM_CAT24M_read                   
70060c11  gateway_core0_ipc_callback           
70060ce1  vQueueAddToRegistry                  
70060db1  EDMA_configureChannelRegion          
70060f31  UART_flushTxFifo                     
700610b1  IpcNotify_waitSync                   
70061171  CycleCounterP_init                   
70061191  CycleCounterP_reset                  
700611e1  CycleCounterP_nsToTicks              
70061221  CycleCounterP_enableUserAccess       
700612f1  SOC_rcmSetPeripheralClock            
700613a1  UART_init                            
700615b1  vTaskExitCritical                    
70061661  Board_eepromOpen                     
70061711  Drivers_i2cOpen                      
700617c1  Drivers_uartOpen                     
700619c1  xTimerCreateTimerTask                
70061a61  gateway_read_motor_states            
70061b01  IpcNotify_registerClient             
70061c41  vTaskStartScheduler                  
70061ce1  EDMA_unmapChToEvtQ                   
70061e21  _DebugP_logZone                      
70061ec1  main                                 
70061fe1  EDMA_disableTransferRegion           
70062071  EDMA_enableTransferRegion            
70062101  SemaphoreP_pend                      
70062191  UART_writeCancelNoCB                 
70062221  vTaskPlaceOnEventListRestricted      
700623d1  gateway_write_test_data              
70062461  UART_lld_flushTxFifo                 
700626a1  EDMA_allocDmaChannel                 
70062731  EDMA_allocParam                      
700627c1  EDMA_allocTcc                        
70062971  IpcNotify_syncAll                    
70062a01  EEPROM_CAT24M_open                   
70062a81  SemaphoreP_constructBinary           
70062c81  gateway_read_test_data               
70062d01  _DebugP_assert                       
70062d81  vQueueUnregisterQueue                
70062f01  System_init                          
70062f81  UART_Params_init                     
70063001  EDMA_linkChannel                     
70063101  xQueueTakeMutexRecursive             
70063181  xQueueGiveMutexRecursive             
70063201  ClockP_usleep                        
70063301  EDMA_clrMissEvtRegion                
70063471  DebugP_shmLogReaderInit              
700634e1  log_reader_task_create               
70063551  vTaskDelay                           
700635c1  vTaskEnterCritical                   
700636a1  vListInsert                          
70063711  EDMA_getBaseAddr                     
700637f1  EEPROM_open                          
70063861  I2C_init                             
700638d1  SemaphoreP_post                      
70063941  SOC_rcmGetR5Clock                    
700639b1  SOC_rcmIsR5FInLockStepMode           
70063a91  UART_lld_deInitDma                   
70063b01  vApplicationLoadHook                 
70063b71  vQueueWaitForMessageRestricted       
70063c51  UART_getChar                         
70063d11  SemaphoreP_constructMutex            
70063d71  gateway_notify_test_data_ready       
70063dd1  Module_clockSetFrequency             
70063e31  UART_lld_deInit                      
70063e91  xTaskCreateStatic                    
70063ef1  UART_lld_dmaDisableChannel           
70064071  UART_getHandle                       
70064131  I2C_getHandle                        
70064251  DebugP_shmLogReaderTaskCreate        
700642b1  EDMA_setPaRAM                        
700643c4  __TI_auto_init_nobinit_nopinit       
70064421  Dpl_init                             
70064481  I2C_lld_deInit                       
70064541  Board_eepromClose                    
70064591  Drivers_i2cClose                     
700645e1  Drivers_uartClose                    
70064631  Pinmux_config                        
70064681  UART_checkCharsAvailInFifo           
700646d1  EDMA_clrEvtRegion                    
70064721  EDMA_disableDmaEvtRegion             
70064771  EDMA_disableEvtIntrRegion            
700647c1  EDMA_enableDmaEvtRegion              
70064811  EDMA_enableEvtIntrRegion             
70064861  EDMA_setEvtRegion                    
700648b1  TaskP_loadUpdateAll                  
70064901  vQueueDelete                         
70064951  EDMA_ccPaRAMEntry_init               
700649a1  EDMA_mapQdmaChToPaRAM                
700649f1  EDMA_readEventStatusRegion           
70064a41  IpcNotify_unregisterClient           
70064a91  Module_clockEnable                   
70064ae1  vTaskPlaceOnEventList                
70064b31  IpcNotify_Params_init                
70064bd1  UART_getIntrIdentityStatus           
70064d61  uxListRemove                         
70064db1  DebugP_uartLogWriterPutChar          
70064ea1  UART_readLineStatus                  
700651c1  I2C_lld_transferIntr                 
70065201  I2C_lld_transferPoll                 
70065341  UART_spaceAvail                      
70065381  EEPROM_CAT24M_close                  
70065401  UART_IsTxRxFifoEmpty                 
700654c1  vPortTimerTickHandler                
70065501  SOC_moduleSetClockFrequency          
70065581  ulTaskGetIdleRunTimeCounter          
700655c1  vListInsertEnd                       
70065678  CycleCounterP_getCount32             
70065680  PmuP_setup                           
70065688  PmuP_enableCounters                  
70065690  PmuP_disableCounters                 
70065698  PmuP_getOverflowStatus               
700656a0  PmuP_clearOverflowStatus             
700656a8  PmuP_setUserEnable                   
700656b1  xTaskGetSchedulerState               
700656f1  EDMA_getRegionId                     
70065731  IpcNotify_syncCallback               
700657b1  TimerP_Params_initPriv               
700658a1  gateway_core0_finalize               
70065961  ClockP_timerTickIsr                  
700659e1  I2C_lld_Message_init                 
70065a61  TimerP_getCountPriv                  
70065b21  vApplicationStackOverflowHook        
70065b61  xQueueCreateMutexStatic              
70065ba1  EEPROM_close                         
70065c61  UART_lld_dmaInit                     
70065cf1  vListInitialise                      
70065d21  DebugP_logZoneEnable                 
70065de1  gateway_core0_init                   
70065e41  ulTaskGetRunTimeCounter              
70065e71  vApplicationGetIdleTaskMemory        
70065ea1  vApplicationGetTimerTaskMemory       
70065ed1  I2C_lld_Transaction_init             
70065f31  UART_Transaction_init                
70065f61  UART_intr2Disable                    
70065f91  UART_lld_Transaction_init            
70065fc1  UART_operatingModeSelect             
70065ff1  CSL_armR5GetCpuID                    
700660e1  vprintf_                             
70066111  EDMA_disableQdmaEvtRegion            
70066141  EDMA_enableQdmaEvtRegion             
700661d1  xTaskGetTickCountFromISR             
70066231  I2C_Transaction_init                 
70066261  IpcNotify_allocSwQueue               
70066291  IpcNotify_getConfig                  
70066344  __aeabi_uldivmod                     
700663a1  pvTaskIncrementMutexHeldCount        
700663d1  vTaskInternalSetTimeOutState         
70066401  xPortStartScheduler                  
70066431  ClockP_getTicks                      
70066461  EDMA_channelToParamMap               
70066491  SemaphoreP_destruct                  
700664f1  ClockP_usecToTicks                   
70066551  vPortFree                            
70066571  EDMA_getEventStatusHigh              
700665d1  SOC_getSelfCpuClk                    
700665f1  SOC_moduleClockEnable                
70066631  UART_lld_Transaction_deInit          
70066691  xTaskGetTickCount                    
700666b1  Board_driversOpen                    
700666d1  EDMA_getEventStatus                  
70066711  vPortYeildFromISR                    
7006672c  TI_memcpy_small                      
70066751  I2C_Params_init                      
700667b1  ClockP_ticksToUsec                   
700667d1  EDMA_isInterruptEnabled              
70066891  IpcNotify_trigInterrupt              
700668b1  TimerP_getReloadCountPriv            
70066911  UART_putChar                         
70066928  TI_memset_small                      
700669c1  IpcNotify_sendSync                   
700669e1  TimerP_isOverflowedPriv              
70066a01  TimerP_startPriv                     
70066a21  TimerP_stopPriv                      
70066a81  DebugP_uartSetDrvIndex               
70066ba1  TimerP_clearOverflowIntPriv          
70066bc1  TimerP_setup                         
70066c01  putchar_                             
70066c21  xTaskGetCurrentTaskHandle            
70066c61  Pinmux_init                          
70066c81  uiPortGetRunTimeCounterValue         
70066cc1  ClockP_getTimerCount                 
70066ce1  ClockP_timerClearOverflowInt         
70066d41  TimerP_Params_init                   
70066d51  TimerP_clearOverflowInt              
70066d61  TimerP_getCount                      
70066d71  TimerP_getReloadCount                
70066d81  TimerP_isOverflowed                  
70066d91  TimerP_start                         
70066da0  __aeabi_memset                       
70066da0  __aeabi_memset4                      
70066da0  __aeabi_memset8                      
70066dc1  vTaskSuspendAll                      
70066dd1  vListInitialiseItem                  
70066de1  vTaskMissedYield                     
70066df1  Drivers_open                         
70066e01  PowerClock_init                      
70066e11  uxTaskGetNumberOfTasks               
70066e81  vApplicationIdleHook                 
70066e91  Drivers_uartInit                     
70066ec1  TaskP_yield                          
70066ed1  Board_init                           
70066ee1  IpcNotify_wait                       
70066ef1  vPortConfigTimerForRunTimeStats      
70066f01  vPortValidateInterruptPriority       
70066f10  gCacheConfig                         
70066f18  gMpuConfig                           
70066f24  gMpuRegionConfig                     
700673a8  gADPLLJConfigTbl                     
700674fa  gCR5ClkSrcInfoMap                    
70067be4  I2C_defaultTransaction               
7006863c  I2C_lld_defaultMessage               
7006872c  gPeripheralClkSrcInfoMap             
70068e3c  gXTALInfo                            
70068e74  gCacheL1dCacheLineSize               
70068e78  gCacheL1pCacheLineSize               
70068e91  HwiP_enableInt                       
70068ed1  HwiP_disableInt                      
70068f31  HwiP_restoreInt                      
70068f61  HwiP_clearInt                        
70068fa1  HwiP_post                            
70068fe1  HwiP_Params_init                     
70069011  HwiP_construct                       
70069201  HwiP_destruct                        
70069271  HwiP_init                            
70069421  HwiP_inISR                           
70069451  HwiP_setVimIrqPriMaskNonAtomic       
700694a1  HwiP_setVimIrqPriMaskAtomic          
70069541  HwiP_restoreVimIrqPriMask            
70069551  HwiP_irq_handler_c                   
700696f1  HwiP_fiq_handler                     
70069861  HwiP_reserved_handler                
700698a1  HwiP_undefined_handler_c             
700698c1  HwiP_user_undefined_handler_c        
700698e1  HwiP_prefetch_abort_handler_c        
70069981  HwiP_user_prefetch_abort_handler_c   
700699c1  HwiP_data_abort_handler_c            
70069a81  HwiP_user_data_abort_handler_c       
70069abc  vPortRestoreTaskContext              
70069af4  HwiP_svc_handler                     
70069b64  HwiP_irq_handler                     
70069ca8  HwiP_data_abort_handler              
70069cec  HwiP_prefetch_abort_handler          
70069d38  HwiP_undefined_handler               
70069d68  GET_DFSR                             
70069d70  GET_ADFSR                            
70069d78  GET_DFAR                             
70069d80  GET_IFSR                             
70069d88  GET_AIFSR                            
70069d90  GET_IFAR                             
70069d98  GET_SPSR                             
70069dac  HwiP_disable                         
70069dbc  HwiP_disableFIQ                      
70069dcc  HwiP_enable                          
70069ddc  HwiP_enableFIQ                       
70069dec  HwiP_restore                         
70069df4  HwiP_enableVIC                       
70069e04  HwiP_disableVIC                      
70069e14  HwiP_getCPSR                         
70069e20  CacheP_disableL1d                    
70069e48  CacheP_disableL1p                    
70069e60  CacheP_enableL1d                     
70069e78  CacheP_enableL1p                     
70069e90  CacheP_invL1d                        
70069ec8  CacheP_invL1p                        
70069f04  CacheP_invL1dAll                     
70069f0c  CacheP_invL1pAll                     
70069f14  CacheP_wb                            
70069f50  CacheP_wbInv                         
70069f8c  CacheP_wbAll                         
7006a034  CacheP_wbInvAll                      
7006a04c  CacheP_wbInvAllAsm                   
7006a0ec  CacheP_getEnabled                    
7006a124  CacheP_getCacheLevelInfo             
7006a130  CacheP_configForceWrThru             
7006a150  CacheP_setDLFO                       
7006a161  CacheP_init                          
7006a1f1  CacheP_disable                       
7006a241  CacheP_enable                        
7006a281  CacheP_inv                           
7006a2c1  MpuP_getAttrs                        
7006a321  MpuP_RegionAttrs_init                
7006a351  MpuP_setRegion                       
7006a3e1  MpuP_isEnable                        
7006a3f1  MpuP_disable                         
7006a431  MpuP_enable                          
7006a481  MpuP_init                            
7006a521  MpuP_isUserAuthorizedToAccessMemory  
7006a600  MpuP_disableAsm                      
7006a618  MpuP_disableBRAsm                    
7006a628  MpuP_enableAsm                       
7006a640  MpuP_enableBRAsm                     
7006a650  MpuP_isEnableAsm                     
7006a664  MpuP_setRegionAsm                    
7006a680  _c_int00_sbl                         
7006a6a4  _c_int00                             
7006a7d1  _DebugP_assertNoLog                  
7006a801  _system_pre_init                     
7006a831  __mpu_init                           
7006a840  abort                                
7006a848  gEdmaConfig                          
7006a848  gUartDmaHandle                       
7006aa00  gIpcNotifyMailboxConfig              
7006abb8  gUartParams                          
7006ac10  gSocModulesClockFrequency            
7006ac60  gClockConfig                         
7006ac90  gIpcNotifyInterruptConfig_r5fss0_0   
7006acbc  gEepromFxns_CAT24M                   
7006accc  gIpcNotifyCoreIntrBitPos             
7006acdc  gSocModules                          
7006acec  gAddrTranslateConfig                 
7006acf8  gEepromAttrs_CAT24M                  
7006ad04  gEepromConfig                        
7006ad10  gI2cParams                           
7006ad1c  gEepromParams                        
7006ad24  gI2cConfig                           
7006ad34  gUartConfig                          
7006ad50  FreeRTOS_errno                       
7006ad54  _lock                                
7006ad58  _unlock                              
7006ad60  gDebugLogZone                        
7006ad64  gDebugP_uartDrvIndex                 
7006ad68  gEdmaConfigNum                       
7006ad6c  gEepromConfigNum                     
7006ad70  gHwiConfig                           
7006ad74  gI2cConfigNum                        
7006ad78  gIpcNotifyInterruptConfigNum_r5fss0_0
7006ad7c  gIpcTask                             
7006ad80  gLogReaderTask                       
7006ad84  gMainTask                            
7006ad88  gUartConfigNum                       
7006ad8c  gUartDmaChConfig                     
7006ad90  gUdpRxTask                           
7006ad94  gUdpTxTask                           
7006ada0  pxCurrentTCB                         
7006ada4  ulPortInterruptNesting               
7006ada8  ulPortSchedularRunning               
7006adac  ulPortTaskHasFPUContext              
7006adb0  ulPortYieldRequired                  
7006adf1  isMapAvailable                       
7006adf8  __IRQ_STACK_START                    
7006aef8  __FIQ_STACK_START                    
7006aef8  __IRQ_STACK_END                      
7006aff8  __FIQ_STACK_END                      
7006aff8  __SVC_STACK_START                    
7006bff8  __ABORT_STACK_START                  
7006bff8  __SVC_STACK_END                      
7006c0f8  __ABORT_STACK_END                    
7006c0f8  __UNDEFINED_STACK_START              
7006c1f8  __UNDEFINED_STACK_END                
701d0000  gGatewaySharedMem                    
701d4000  gDebugShmLog                         
ffffffff  __TI_pprof_out_hndl                  
ffffffff  __TI_prof_data_size                  
ffffffff  __TI_prof_data_start                 
ffffffff  __binit__                            
ffffffff  binit                                
UNDEFED   __TI_CINIT_Base                      
UNDEFED   __TI_CINIT_Limit                     
UNDEFED   __TI_Handler_Table_Base              
UNDEFED   __TI_Handler_Table_Limit             
UNDEFED   _system_post_cinit                   

[481 symbols]
