******************************************************************************
            TI ARM Clang Linker PC v4.0.4                      
******************************************************************************
>> Linked Wed Apr  8 21:11:46 2026

OUTPUT FILE NAME:   <ccu_ti_multi_core_freertos.out>
ENTRY POINT SYMBOL: "_vectors"  address: 00000000


MEMORY CONFIGURATION

         name            origin    length      used     unused   attr    fill
----------------------  --------  ---------  --------  --------  ----  --------
  R5F_VECS              00000000   00000040  00000040  00000000  RWIX
  R5F_TCMA              00000040   00007fc0  00000000  00007fc0  RWIX
  R5F_TCMB              00080000   00008000  00000000  00008000  RWIX
  MAILBOX_HSM           44000000   000003ce  00000000  000003ce  RWIX
  MAILBOX_R5F           44000400   000003ce  00000000  000003ce  RWIX
  FLASH                 60100000   00080000  00000000  00080000  RWIX
  SBL                   70000000   00040000  00000000  00040000  RWIX
  OCRAM                 70040000   00140000  000fba08  000445f8  RWIX
  USER_SHM_MEM          70200000   00008000  00006ee4  0000111c  RWIX
  LOG_SHM_MEM           70208000   00004000  00002000  00002000  RWIX
  CPPI_DESC             70280000   00040000  00000a00  0003f600  RWIX
  RTOS_NORTOS_IPC_SHM_M 72000000   00003e80  00000000  00003e80  RWIX


SEGMENT ALLOCATION MAP

run origin  load origin   length   init length attrs members
----------  ----------- ---------- ----------- ----- -------
00000000    00000000    00000040   00000040    r-x
  00000000    00000000    00000040   00000040    r-x .vectors
70040000    70040000    0006f440   00000000    rw-
  70040000    70040000    0003c700   00000000    rw- .bss
  7007c700    7007c700    00030d40   00000000    rw- .sysmem
  700ad440    700ad440    00002000   00000000    rw- .stack
700af440    700af440    0006a670   0006a670    r-x
  700af440    700af440    00058580   00058580    r-x .text
  701079c0    701079c0    000120f0   000120f0    r-- .rodata
70131b00    70131b00    000071a0   000071a0    rw-
  70131b00    70131b00    000071a0   000071a0    rw- .data
70138ca0    70138ca0    000019b8   000019b8    r-x
  70138ca0    70138ca0    00000f90   00000f90    r-x .text.hwi
  70139c30    70139c30    000004a0   000004a0    r-x .text.cache
  7013a0d0    7013a0d0    000003c0   000003c0    r-x .text.mpu
  7013a490    7013a490    000001c0   000001c0    r-x .text.boot
  7013a650    7013a650    00000008   00000008    r-x .text:abort
7013a658    7013a658    00001400   00000000    rw-
  7013a658    7013a658    00000100   00000000    rw- .irqstack
  7013a758    7013a758    00000100   00000000    rw- .fiqstack
  7013a858    7013a858    00001000   00000000    rw- .svcstack
  7013b858    7013b858    00000100   00000000    rw- .abortstack
  7013b958    7013b958    00000100   00000000    rw- .undefinedstack


SECTION ALLOCATION MAP

 output                                  attributes/
section   page    origin      length       input sections
--------  ----  ----------  ----------   ----------------
.vectors   0    00000000    00000040     
                  00000000    00000040     freertos.am263px.r5f.ti-arm-clang.debug.lib : HwiP_armv7r_vectors_freertos_asm.obj (.vectors)

.bss       0    70040000    0003c700     UNINITIALIZED
                  70040000    00012c1f     (.common:memp_memory_POOL_1568_base)
                  70052c1f    0000409f     (.common:memp_memory_POOL_4096_base)
                  70056cbe    00000002     lwip-freertos.am263px.r5f.ti-arm-clang.debug.lib : ip4.obj (.bss.ip_id)
                  70056cc0    00004000     main.o (.bss.gEnetLwipTaskStack)
                  7005acc0    00004000     test.o (.bss.gUdpRxTaskStack)
                  7005ecc0    00004000     main.o (.bss.gUdpTxTaskStack)
                  70062cc0    00003e9f     (.common:memp_memory_POOL_128_base)
                  70066b5f    00000001     lwip-freertos.am263px.r5f.ti-arm-clang.debug.lib : dhcp.obj (.bss.dhcp_pcb_refcount)
                  70066b60    00002200     ti_enet_config.o (.bss.gAppPktInfoMem_LargePool)
                  70068d60    00001918     ti_enet_lwipif.o (.bss.gLwipifEnetAppObj)
                  7006a678    0000101f     (.common:memp_memory_NETBUF_base)
                  7006b697    0000101f     (.common:memp_memory_PBUF_base)
                  7006c6b6    0000101f     (.common:memp_memory_TCPIP_MSG_API_base)
                  7006d6d5    0000101f     (.common:memp_memory_TCPIP_MSG_INPKT_base)
                  7006e6f4    0000101f     (.common:memp_memory_TCP_SEG_base)
                  7006f713    00000001     lwip-freertos.am263px.r5f.ti-arm-clang.debug.lib : etharp.obj (.bss.etharp_cached_entry)
                  7006f714    00000058     freertos.am263px.r5f.ti-arm-clang.debug.lib : DebugP_freertos.obj (.bss.gDebugLogLockObj)
                  7006f76c    00000014     lwip-freertos.am263px.r5f.ti-arm-clang.debug.lib : tcp_in.obj (.bss.inseg)
                  7006f780    00001000     ti_dpl_config.o (.bss.debug_mem_trace_buf)
                  70070780    00001000     freertos.am263px.r5f.ti-arm-clang.debug.lib : DebugP_shmLogReader_freertos.obj (.bss.gDebugShmLogReaderTaskStack)
                  70071780    00001000     main.o (.bss.gMainTaskStack)
                  70072780    00001000     freertos.am263px.r5f.ti-arm-clang.debug.lib : port.obj (.bss.uxIdleTaskStack)
                  70073780    00000d80     ti_enet_open_close.o (.bss.gEnetAppSysCfgObj)
                  70074500    00000b1f     (.common:memp_memory_SYS_MBOX_base)
                  7007501f    00000001     lwip-freertos.am263px.r5f.ti-arm-clang.debug.lib : tcp_in.obj (.bss.flags)
                  70075020    00000880     ti_enet_config.o (.bss.gAppPktInfoMemOnly)
                  700758a0    0000081f     (.common:memp_memory_RX_POOL_base)
                  700760bf    00000001     lwip-freertos.am263px.r5f.ti-arm-clang.debug.lib : sys_arch.obj (.bss.lwip_core_lock_count)
                  700760c0    0000080c     (.common:gHwiCtrl)
                  700768cc    00000014     freertos.am263px.r5f.ti-arm-clang.debug.lib : timers.obj (.bss.xActiveTimerList1)
                  700768e0    00000800     log_reader_task.o (.bss.gLogReaderTaskStack)
                  700770e0    000005c0     enet-cpsw.am263px.r5f.ti-arm-clang.freertos.debug.lib : enet_osal.obj (.bss.gOsalSemPEnetOsalPool)
                  700776a0    00000440     lwip-freertos.am263px.r5f.ti-arm-clang.debug.lib : dns.obj (.bss.dns_table)
                  70077ae0    00000430     enet-cpsw.am263px.r5f.ti-arm-clang.freertos.debug.lib : enetphy.obj (.bss.gEnetPhy_phyObjs)
                  70077f10    00000400     ti_enet_config.o (.bss.gAppPktInfoContainerMem_LargePool)
                  70078310    00000010     lwip-freertos.am263px.r5f.ti-arm-clang.debug.lib : dns.obj (.bss.dns_pcbs)
                  70078320    00000400     main.o (.bss.gIpcTaskStack)
                  70078720    00000400     freertos.am263px.r5f.ti-arm-clang.debug.lib : port.obj (.bss.uxTimerTaskStack)
                  70078b20    00000400     (.common:gFreePbufArr)
                  70078f20    000003df     (.common:memp_memory_ARP_QUEUE_base)
                  700792ff    0000033f     (.common:memp_memory_TCP_PCB_base)
                  7007963e    00000002     lwip-freertos.am263px.r5f.ti-arm-clang.debug.lib : ip4_frag.obj (.bss.ip_reass_pbufcount)
                  70079640    000002c0     ti_enet_config.o (.bss:ENET_CPDMA_OBJ_MEM)
                  70079900    0000029f     (.common:memp_memory_NETCONN_base)
                  70079b9f    00000001     lwip-freertos.am263px.r5f.ti-arm-clang.debug.lib : netif.obj (.bss.netif_num)
                  70079ba0    00000288     ti_drivers_config.o (.bss.gUartObjects)
                  70079e28    00000280     freertos.am263px.r5f.ti-arm-clang.debug.lib : tasks.obj (.bss.pxReadyTasksLists)
                  7007a0a8    0000023f     (.common:memp_memory_SYS_TIMEOUT_base)
                  7007a2e7    00000001     lwip-freertos.am263px.r5f.ti-arm-clang.debug.lib : tcp_in.obj (.bss.recv_flags)
                  7007a2e8    00000204     (.common:lwip_stats)
                  7007a4ec    000001ff     (.common:memp_memory_FRAG_PBUF_base)
                  7007a6eb    00000001                                                      : tcp.obj (.bss.tcp_timer)
                  7007a6ec    000001cc     main.o (.bss.build_and_send_udp_packet.xgw_states)
                  7007a8b8    00000178     ti_drivers_config.o (.bss.gI2cObjects)
                  7007aa30    0000016c     (.common:gEepromObject_CAT24M)
                  7007ab9c    0000015f     (.common:memp_memory_ALTCP_PCB_base)
                  7007acfb    0000015f     (.common:memp_memory_NETDB_base)
                  7007ae5a    0000015f     (.common:memp_memory_REASSDATA_base)
                  7007afb9    00000001     lwip-freertos.am263px.r5f.ti-arm-clang.debug.lib : tcp.obj (.bss.tcp_timer_ctr)
                  7007afba    00000002                                                      : tcp_in.obj (.bss.recv_acked)
                  7007afbc    00000120     libsysbm.a : trgmsg.c.obj (.bss:_CIOBUF_)
                  7007b0dc    0000011f     (.common:memp_memory_IGMP_GROUP_base)
                  7007b1fb    0000011f     (.common:memp_memory_TCP_PCB_LISTEN_base)
                  7007b31a    0000011f     (.common:memp_memory_UDP_PCB_base)
                  7007b439    00000100     freertos.am263px.r5f.ti-arm-clang.debug.lib : timers.obj (.bss.prvCheckForValidListAndQueue.ucStaticTimerQueueStorage)
                  7007b539    00000001     (.common:pbuf_free_ooseq_pending)
                  7007b53a    00000002     lwip-freertos.am263px.r5f.ti-arm-clang.debug.lib : tcp_in.obj (.bss.tcp_optidx)
                  7007b53c    00000100     (.common:xQueueRegistry)
                  7007b63c    000000f0                                                      : etharp.obj (.bss.arp_table)
                  7007b72c    000000d8     (.common:gEnetUtilsObj)
                  7007b804    000000b8     (.common:gIpcNotifyCtrl)
                  7007b8bc    000000a0     libc.a : defs.c.obj (.bss.__TI_tmpnams)
                  7007b95c    000000a0     lwip-freertos.am263px.r5f.ti-arm-clang.debug.lib : sockets.obj (.bss.sockets)
                  7007b9fc    00000004                                                      : tcp_in.obj (.bss.ackno)
                  7007ba00    000000a0     (.common:gTaskP_ctrl)
                  7007baa0    00000098     freertos.am263px.r5f.ti-arm-clang.debug.lib : DebugP_shmLogReader_freertos.obj (.bss.gDebugShmLogReaderTaskObj)
                  7007bb38    00000098     main.o (.bss.gEnetLwipTaskObj)
                  7007bbd0    00000098     main.o (.bss.gIpcTaskObj)
                  7007bc68    00000098     log_reader_task.o (.bss.gLogReaderTaskObj)
                  7007bd00    00000098     main.o (.bss.gMainTaskObj)
                  7007bd98    00000098     test.o (.bss.gUdpRxTaskTcb)
                  7007be30    00000098     main.o (.bss.gUdpTxTaskObj)
                  7007bec8    00000098     freertos.am263px.r5f.ti-arm-clang.debug.lib : port.obj (.bss.xIdleTaskTCB)
                  7007bf60    00000098                                                 : port.obj (.bss.xTimerTaskTCB)
                  7007bff8    00000094     (.common:gDebugShmLogReaderCtrl)
                  7007c08c    00000080     enet-cpsw.am263px.r5f.ti-arm-clang.freertos.debug.lib : enet_osal.obj (.bss.gOsalHwiPEnetOsalPool)
                  7007c10c    0000007f     (.common:memp_memory_RAW_PCB_base)
                  7007c18b    0000007a     freertos.am263px.r5f.ti-arm-clang.debug.lib : DebugP_memTraceLogWriter.obj (.bss.DebugP_memLogWriterPutChar.lineBuf)
                  7007c205    00000001     (.common:tcp_active_pcbs_changed)
                  7007c206    00000002     lwip-freertos.am263px.r5f.ti-arm-clang.debug.lib : tcp_in.obj (.bss.tcphdr_opt1len)
                  7007c208    00000050     freertos.am263px.r5f.ti-arm-clang.debug.lib : timers.obj (.bss.prvCheckForValidListAndQueue.xStaticTimerQueue)
                  7007c258    00000050     (.common:gRovDummyQueue)
                  7007c2a8    00000030     lwip-freertos.am263px.r5f.ti-arm-clang.debug.lib : dns.obj (.bss.dns_requests)
                  7007c2d8    00000029     enet-cpsw.am263px.r5f.ti-arm-clang.freertos.debug.lib : enetphy.obj (.bss.gEnetPhyCapsBuf)
                  7007c301    00000001     --HOLE--
                  7007c302    00000002     lwip-freertos.am263px.r5f.ti-arm-clang.debug.lib : tcp_in.obj (.bss.tcphdr_optlen)
                  7007c304    00000028                                                      : dhcp.obj (.bss.dhcp_rx_options_val)
                  7007c32c    00000024     enet-cpsw.am263px.r5f.ti-arm-clang.freertos.debug.lib : enet_cpdma_priv.obj (.bss.gCpswDmaMemMgrObj)
                  7007c350    0000001f     (.common:memp_memory_PBUF_POOL_base)
                  7007c36f    00000001     --HOLE--
                  7007c370    00000018     (.common:gClockCtrl)
                  7007c388    00000018     (.common:ip_data)
                  7007c3a0    00000014     freertos.am263px.r5f.ti-arm-clang.debug.lib : timers.obj (.bss.xActiveTimerList2)
                  7007c3b4    00000014                                                 : tasks.obj (.bss.xDelayedTaskList1)
                  7007c3c8    00000014                                                 : tasks.obj (.bss.xDelayedTaskList2)
                  7007c3dc    00000014                                                 : tasks.obj (.bss.xPendingReadyList)
                  7007c3f0    00000014                                                 : tasks.obj (.bss.xSuspendedTaskList)
                  7007c404    00000014                                                 : tasks.obj (.bss.xTasksWaitingTermination)
                  7007c418    00000010     lwip-freertos.am263px.r5f.ti-arm-clang.debug.lib : ip4_addr.obj (.bss.ip4addr_ntoa.str)
                  7007c428    00000010                                                      : memp.obj (.bss.memp_stats_ALTCP_PCB)
                  7007c438    00000010                                                      : memp.obj (.bss.memp_stats_ARP_QUEUE)
                  7007c448    00000010                                                      : memp.obj (.bss.memp_stats_FRAG_PBUF)
                  7007c458    00000010                                                      : memp.obj (.bss.memp_stats_IGMP_GROUP)
                  7007c468    00000010                                                      : memp.obj (.bss.memp_stats_NETBUF)
                  7007c478    00000010                                                      : memp.obj (.bss.memp_stats_NETCONN)
                  7007c488    00000010                                                      : memp.obj (.bss.memp_stats_NETDB)
                  7007c498    00000010                                                      : memp.obj (.bss.memp_stats_PBUF)
                  7007c4a8    00000010                                                      : memp.obj (.bss.memp_stats_PBUF_POOL)
                  7007c4b8    00000010                                                      : memp.obj (.bss.memp_stats_POOL_128)
                  7007c4c8    00000010                                                      : memp.obj (.bss.memp_stats_POOL_1568)
                  7007c4d8    00000010                                                      : memp.obj (.bss.memp_stats_POOL_4096)
                  7007c4e8    00000010                                                      : memp.obj (.bss.memp_stats_RAW_PCB)
                  7007c4f8    00000010                                                      : memp.obj (.bss.memp_stats_REASSDATA)
                  7007c508    00000010     ti_enet_lwipif.o (.bss.memp_stats_RX_POOL)
                  7007c518    00000010     lwip-freertos.am263px.r5f.ti-arm-clang.debug.lib : memp.obj (.bss.memp_stats_SYS_MBOX)
                  7007c528    00000010                                                      : memp.obj (.bss.memp_stats_SYS_TIMEOUT)
                  7007c538    00000010                                                      : memp.obj (.bss.memp_stats_TCPIP_MSG_API)
                  7007c548    00000010                                                      : memp.obj (.bss.memp_stats_TCPIP_MSG_INPKT)
                  7007c558    00000010                                                      : memp.obj (.bss.memp_stats_TCP_PCB)
                  7007c568    00000010                                                      : memp.obj (.bss.memp_stats_TCP_PCB_LISTEN)
                  7007c578    00000010                                                      : memp.obj (.bss.memp_stats_TCP_SEG)
                  7007c588    00000010                                                      : memp.obj (.bss.memp_stats_UDP_PCB)
                  7007c598    00000010     (.common:virtToPhymap)
                  7007c5a8    0000000c     (.common:pfreeQ)
                  7007c5b4    0000000a                                                      : dhcp.obj (.bss.dhcp_rx_options_given)
                  7007c5be    00000002                                                      : tcp_in.obj (.bss.tcplen)
                  7007c5c0    00000008                                                      : dns.obj (.bss.dns_servers)
                  7007c5c8    00000008     libsysbm.a : hostopen.c.obj (.bss.parmbuf)
                  7007c5d0    00000004     lwip-freertos.am263px.r5f.ti-arm-clang.debug.lib : igmp.obj (.bss.allrouters)
                  7007c5d4    00000004                                                      : igmp.obj (.bss.allsystems)
                  7007c5d8    00000004                                                      : timeouts.obj (.bss.current_timeout_due_time)
                  7007c5dc    00000004                                                      : dhcp.obj (.bss.dhcp_create_msg.xid)
                  7007c5e0    00000004                                                      : dhcp.obj (.bss.dhcp_pcb)
                  7007c5e4    00000004                                                      : netif.obj (.bss.ext_callback)
                  7007c5e8    00000004     freertos.am263px.r5f.ti-arm-clang.debug.lib : DebugP_shmLogReader_freertos.obj (.bss.gDebugShmLogReaderTask)
                  7007c5ec    00000004                                                 : HwiP_armv7r_handlers_freertos.obj (.bss.gdummy)
                  7007c5f0    00000004                                                 : HwiP_armv7r_vim.obj (.bss.gdummy)
                  7007c5f4    00000004     lwip-freertos.am263px.r5f.ti-arm-clang.debug.lib : ip4.obj (.bss.ip4_default_multicast_netif)
                  7007c5f8    00000004                                                      : sys_arch.obj (.bss.lwip_core_lock_holder_thread)
                  7007c5fc    00000004                                                      : sys_arch.obj (.bss.lwip_tcpip_thread)
                  7007c600    00000004                                                      : memp.obj (.bss.memp_tab_ALTCP_PCB)
                  7007c604    00000004                                                      : memp.obj (.bss.memp_tab_ARP_QUEUE)
                  7007c608    00000004                                                      : memp.obj (.bss.memp_tab_FRAG_PBUF)
                  7007c60c    00000004                                                      : memp.obj (.bss.memp_tab_IGMP_GROUP)
                  7007c610    00000004                                                      : memp.obj (.bss.memp_tab_NETBUF)
                  7007c614    00000004                                                      : memp.obj (.bss.memp_tab_NETCONN)
                  7007c618    00000004                                                      : memp.obj (.bss.memp_tab_NETDB)
                  7007c61c    00000004                                                      : memp.obj (.bss.memp_tab_PBUF)
                  7007c620    00000004                                                      : memp.obj (.bss.memp_tab_PBUF_POOL)
                  7007c624    00000004                                                      : memp.obj (.bss.memp_tab_POOL_128)
                  7007c628    00000004                                                      : memp.obj (.bss.memp_tab_POOL_1568)
                  7007c62c    00000004                                                      : memp.obj (.bss.memp_tab_POOL_4096)
                  7007c630    00000004                                                      : memp.obj (.bss.memp_tab_RAW_PCB)
                  7007c634    00000004                                                      : memp.obj (.bss.memp_tab_REASSDATA)
                  7007c638    00000004     ti_enet_lwipif.o (.bss.memp_tab_RX_POOL)
                  7007c63c    00000004     lwip-freertos.am263px.r5f.ti-arm-clang.debug.lib : memp.obj (.bss.memp_tab_SYS_MBOX)
                  7007c640    00000004                                                      : memp.obj (.bss.memp_tab_SYS_TIMEOUT)
                  7007c644    00000004                                                      : memp.obj (.bss.memp_tab_TCPIP_MSG_API)
                  7007c648    00000004                                                      : memp.obj (.bss.memp_tab_TCPIP_MSG_INPKT)
                  7007c64c    00000004                                                      : memp.obj (.bss.memp_tab_TCP_PCB)
                  7007c650    00000004                                                      : memp.obj (.bss.memp_tab_TCP_PCB_LISTEN)
                  7007c654    00000004                                                      : memp.obj (.bss.memp_tab_TCP_SEG)
                  7007c658    00000004                                                      : memp.obj (.bss.memp_tab_UDP_PCB)
                  7007c65c    00000004                                                      : timeouts.obj (.bss.next_timeout)
                  7007c660    00000004     freertos.am263px.r5f.ti-arm-clang.debug.lib : timers.obj (.bss.pxCurrentTimerList)
                  7007c664    00000004                                                 : tasks.obj (.bss.pxDelayedTaskList)
                  7007c668    00000004                                                 : tasks.obj (.bss.pxOverflowDelayedTaskList)
                  7007c66c    00000004                                                 : timers.obj (.bss.pxOverflowTimerList)
                  7007c670    00000004     lwip-freertos.am263px.r5f.ti-arm-clang.debug.lib : raw.obj (.bss.raw_pcbs)
                  7007c674    00000004                                                      : ip4_frag.obj (.bss.reassdatagrams)
                  7007c678    00000004                                                      : tcp_in.obj (.bss.recv_data)
                  7007c67c    00000004                                                      : sockets.obj (.bss.select_cb_list)
                  7007c680    00000004                                                      : tcp_in.obj (.bss.seqno)
                  7007c684    00000004                                                      : sys_arch.obj (.bss.sys_arch_protect_mutex)
                  7007c688    00000004                                                      : sys_arch.obj (.bss.sys_arch_protect_nesting)
                  7007c68c    00000004     libc.a : memory.c.obj (.bss.sys_free)
                  7007c690    00000004     lwip-freertos.am263px.r5f.ti-arm-clang.debug.lib : tcp_in.obj (.bss.tcphdr)
                  7007c694    00000004                                                      : tcp_in.obj (.bss.tcphdr_opt2)
                  7007c698    00000004                                                      : tcpip.obj (.bss.tcpip_init_done)
                  7007c69c    00000004                                                      : tcpip.obj (.bss.tcpip_init_done_arg)
                  7007c6a0    00000004                                                      : tcpip.obj (.bss.tcpip_mbox)
                  7007c6a4    00000004                                                      : timeouts.obj (.bss.tcpip_tcp_timer_active)
                  7007c6a8    00000004     freertos.am263px.r5f.ti-arm-clang.debug.lib : tasks.obj (.bss.xIdleTaskHandles)
                  7007c6ac    00000004     (.common:gEepromHandle)
                  7007c6b0    00000004     (.common:gI2cHandle)
                  7007c6b4    00000004     (.common:gInterface)
                  7007c6b8    00000004     (.common:gUartHandle)
                  7007c6bc    00000004     (.common:lock_tcpip_core)
                  7007c6c0    00000004     (.common:netif_default)
                  7007c6c4    00000004     (.common:netif_list)
                  7007c6c8    00000004     (.common:tcp_active_pcbs)
                  7007c6cc    00000004     (.common:tcp_bound_pcbs)
                  7007c6d0    00000004     (.common:tcp_input_pcb)
                  7007c6d4    00000004     (.common:tcp_listen_pcbs)
                  7007c6d8    00000004     (.common:tcp_ticks)
                  7007c6dc    00000004     (.common:tcp_tw_pcbs)
                  7007c6e0    00000004     (.common:udp_pcbs)
                  7007c6e4    0000001c     --HOLE--

.sysmem    0    7007c700    00030d40     UNINITIALIZED
                  7007c700    00000010     libc.a : memory.c.obj (.sysmem)
                  7007c710    00030d30     --HOLE--

.stack     0    700ad440    00002000     UNINITIALIZED
                  700ad440    00000004     freertos.am263px.r5f.ti-arm-clang.debug.lib : boot_armv7r_asm.obj (.stack)
                  700ad444    00001ffc     --HOLE--

.text      0    700af440    00058580     
                  700af440    000011da     lwip-freertos.am263px.r5f.ti-arm-clang.debug.lib : tcp_in.obj (.text.tcp_receive)
                  700b061a    00000002     --HOLE-- [fill = 0]
                  700b061c    00000fc0     libc.a : _printfi.c.obj (.text:__TI_printfi)
                  700b15dc    00000004     libclang_rt.builtins.a : aeabi_div0.c.obj (.text.__aeabi_idiv0)
                  700b15e0    00000c3e     lwip-freertos.am263px.r5f.ti-arm-clang.debug.lib : tcp_in.obj (.text.tcp_input)
                  700b221e    00000002     --HOLE-- [fill = 0]
                  700b2220    00000adc                                                      : tcp_out.obj (.text.tcp_write)
                  700b2cfc    00000004     libclang_rt.builtins.a : aeabi_div0.c.obj (.text.__aeabi_ldiv0)
                  700b2d00    00000ad8     lwip-freertos.am263px.r5f.ti-arm-clang.debug.lib : tcp_in.obj (.text.tcp_process)
                  700b37d8    00000008     libsysbm.a : hostexit.c.obj (.text.HOSTexit)
                  700b37e0    00000abe     enet-cpsw.am263px.r5f.ti-arm-clang.freertos.debug.lib : enet_cpdma.obj (.text.EnetCpdma_dequeueTx)
                  700b429e    00000002     --HOLE-- [fill = 0]
                  700b42a0    00000a34     freertos.am263px.r5f.ti-arm-clang.debug.lib : printf.obj (.text._vsnprintf)
                  700b4cd4    0000000c     libc.a : aeabi_portable.c.obj (.text.__aeabi_errno_addr)
                  700b4ce0    0000099a     enet-cpsw.am263px.r5f.ti-arm-clang.freertos.debug.lib : enet_cpdma.obj (.text.EnetCpdma_dequeueRx)
                  700b567a    00000002     --HOLE-- [fill = 0]
                  700b567c    00000004     libclang_rt.builtins.a : aeabi_memcpy.S.obj (.text.__aeabi_memcpy)
                  700b5680    00000960     lwip-freertos.am263px.r5f.ti-arm-clang.debug.lib : tcp.obj (.text.tcp_slowtmr)
                  700b5fe0    000007a4     drivers.am263px.r5f.ti-arm-clang.freertos.debug.lib : i2c_v1_lld.obj (.text.I2C_lld_primeTransferPoll)
                  700b6784    0000000c     libclang_rt.builtins.a : aeabi_memset.S.obj (.text.__aeabi_memclr)
                  700b6790    00000678     drivers.am263px.r5f.ti-arm-clang.freertos.debug.lib : soc_rcm.obj (.text.SOC_rcmGetClkSrcAndDivReg)
                  700b6e08    00000004     libc.a : _lock.c.obj (.text._nop)
                  700b6e0c    00000004            : fseek.c.obj (.text.fseek)
                  700b6e10    00000654     lwip-freertos.am263px.r5f.ti-arm-clang.debug.lib : dhcp.obj (.text.dhcp_parse_reply)
                  700b7464    0000000c     libc.a : memory.c.obj (.text.malloc)
                  700b7470    00000638     drivers.am263px.r5f.ti-arm-clang.freertos.debug.lib : soc_rcm.obj (.text.SOC_rcmEnablePeripheralClock)
                  700b7aa8    00000004     libsysbm.a : remove.c.obj (.text.remove)
                  700b7aac    00000004     --HOLE-- [fill = 0]
                  700b7ab0    00000610     lwipif-cpsw-freertos.am263px.r5f.ti-arm-clang.debug.lib : lwip2enet.obj (.text.Lwip2Enet_open)
                  700b80c0    00000606     enet-cpsw.am263px.r5f.ti-arm-clang.freertos.debug.lib : enet_cpdma.obj (.text.EnetCpdma_enqueueRx)
                  700b86c6    0000000a     --HOLE-- [fill = 0]
                  700b86d0    000005e2     freertos.am263px.r5f.ti-arm-clang.debug.lib : printf.obj (.text._ftoa)
                  700b8cb2    00000002     --HOLE-- [fill = 0]
                  700b8cb4    0000000c                                                 : CpuId_armv7r_asm.obj (.text)
                  700b8cc0    0000055a     lwip-freertos.am263px.r5f.ti-arm-clang.debug.lib : api_msg.obj (.text.lwip_netconn_do_writemore)
                  700b921a    00000006     --HOLE-- [fill = 0]
                  700b9220    00000552     enet-cpsw.am263px.r5f.ti-arm-clang.freertos.debug.lib : cpsw_ale.obj (.text.CpswAle_open)
                  700b9772    0000000e     --HOLE-- [fill = 0]
                  700b9780    0000054c     lwip-freertos.am263px.r5f.ti-arm-clang.debug.lib : ip4.obj (.text.ip4_input)
                  700b9ccc    00000004     --HOLE-- [fill = 0]
                  700b9cd0    0000050e                                                      : icmp.obj (.text.icmp_input)
                  700ba1de    00000002     --HOLE-- [fill = 0]
                  700ba1e0    00000506     enet-cpsw.am263px.r5f.ti-arm-clang.freertos.debug.lib : enet_cpdma.obj (.text.EnetCpdma_enqueueTx)
                  700ba6e6    0000000a     --HOLE-- [fill = 0]
                  700ba6f0    000004ec     main.o (.text.udp_tx_task)
                  700babdc    00000004     --HOLE-- [fill = 0]
                  700babe0    000004d8     lwip-freertos.am263px.r5f.ti-arm-clang.debug.lib : tcp_out.obj (.text.tcp_output)
                  700bb0b8    00000008     --HOLE-- [fill = 0]
                  700bb0c0    000004b0     freertos.am263px.r5f.ti-arm-clang.debug.lib : printf.obj (.text._etoa)
                  700bb570    000004ae     lwip-freertos.am263px.r5f.ti-arm-clang.debug.lib : udp.obj (.text.udp_input)
                  700bba1e    00000002     --HOLE-- [fill = 0]
                  700bba20    00000492                                                      : etharp.obj (.text.etharp_query)
                  700bbeb2    0000000e     --HOLE-- [fill = 0]
                  700bbec0    0000048a                                                      : etharp.obj (.text.etharp_find_entry)
                  700bc34a    00000006     --HOLE-- [fill = 0]
                  700bc350    00000486                                                      : ip4_frag.obj (.text.ip4_reass)
                  700bc7d6    0000000a     --HOLE-- [fill = 0]
                  700bc7e0    00000482                                                      : api_msg.obj (.text.lwip_netconn_do_close_internal)
                  700bcc62    0000000e     --HOLE-- [fill = 0]
                  700bcc70    00000466     board.am263px.r5f.ti-arm-clang.freertos.debug.lib : dp83869.obj (.text.Dp83869_printRegs)
                  700bd0d6    0000000a     --HOLE-- [fill = 0]
                  700bd0e0    00000446     enet-cpsw.am263px.r5f.ti-arm-clang.freertos.debug.lib : cpsw_macport.obj (.text.CpswMacPort_open)
                  700bd526    0000000a     --HOLE-- [fill = 0]
                  700bd530    0000043e                                                           : enet_rm.obj (.text.EnetRm_detachCore)
                  700bd96e    00000002     --HOLE-- [fill = 0]
                  700bd970    00000404     drivers.am263px.r5f.ti-arm-clang.freertos.debug.lib : uart_v0.obj (.text.UART_open)
                  700bdd74    0000000c     --HOLE-- [fill = 0]
                  700bdd80    000003e2     enet-cpsw.am263px.r5f.ti-arm-clang.freertos.debug.lib : enet_rm.obj (.text.EnetRm_close)
                  700be162    0000000e     --HOLE-- [fill = 0]
                  700be170    000003dc     drivers.am263px.r5f.ti-arm-clang.freertos.debug.lib : ipc_notify_v1.obj (.text.IpcNotify_init)
                  700be54c    00000004     --HOLE-- [fill = 0]
                  700be550    000003d2                                                         : soc.obj (.text.SOC_phyToVirt)
                  700be922    0000000e     --HOLE-- [fill = 0]
                  700be930    000003c4     xgw_udp_interface.o (.text.xgw_udp_send_motor_states)
                  700becf4    0000000c     --HOLE-- [fill = 0]
                  700bed00    000003be     lwip-freertos.am263px.r5f.ti-arm-clang.debug.lib : ip4_frag.obj (.text.ip_reass_chain_frag_into_datagram_and_validate)
                  700bf0be    00000002     --HOLE-- [fill = 0]
                  700bf0c0    000003ba                                                      : udp.obj (.text.udp_sendto_if_src)
                  700bf47a    00000006     --HOLE-- [fill = 0]
                  700bf480    000003b0                                                      : tcp_out.obj (.text.tcp_split_unsent_seg)
                  700bf830    000003a2     enet-cpsw.am263px.r5f.ti-arm-clang.freertos.debug.lib : cpsw.obj (.text.Cpsw_registerIntrs)
                  700bfbd2    0000000e     --HOLE-- [fill = 0]
                  700bfbe0    00000398                                                           : mdio.obj (.text.Mdio_open)
                  700bff78    00000008     --HOLE-- [fill = 0]
                  700bff80    00000390     libc.a : strcmp32.S.obj (.text:strcmp)
                  700c0310    00000380     lwip-freertos.am263px.r5f.ti-arm-clang.debug.lib : ip4_frag.obj (.text.ip4_frag)
                  700c0690    0000036e     enet-cpsw.am263px.r5f.ti-arm-clang.freertos.debug.lib : cpsw.obj (.text.Cpsw_handleLinkDown)
                  700c09fe    00000002     --HOLE-- [fill = 0]
                  700c0a00    0000036a                                                           : enet_appmemutils.obj (.text.EnetMem_initCore)
                  700c0d6a    00000006     --HOLE-- [fill = 0]
                  700c0d70    00000362     lwipif-cpsw-freertos.am263px.r5f.ti-arm-clang.debug.lib : lwip2enet.obj (.text.Lwip2Enet_prepRxPktQ)
                  700c10d2    0000000e     --HOLE-- [fill = 0]
                  700c10e0    00000356     drivers.am263px.r5f.ti-arm-clang.freertos.debug.lib : i2c_v1.obj (.text.I2C_open)
                  700c1436    0000000a     --HOLE-- [fill = 0]
                  700c1440    0000034a     enet-cpsw.am263px.r5f.ti-arm-clang.freertos.debug.lib : cpsw.obj (.text.Cpsw_openInternal)
                  700c178a    00000006     --HOLE-- [fill = 0]
                  700c1790    0000033a                                                           : cpsw_ioctl.obj (.text.Cpsw_openPortLinkNoPhy)
                  700c1aca    00000006     --HOLE-- [fill = 0]
                  700c1ad0    00000330                                                           : cpsw.obj (.text.Cpsw_open)
                  700c1e00    00000326     lwip-freertos.am263px.r5f.ti-arm-clang.debug.lib : ip4.obj (.text.ip4_output_if_opt_src)
                  700c2126    0000000a     --HOLE-- [fill = 0]
                  700c2130    00000320     motor_mapping.o (.text.motor_mapping_init_core0)
                  700c2450    0000031e     lwip-freertos.am263px.r5f.ti-arm-clang.debug.lib : tcp_out.obj (.text.tcp_enqueue_flags)
                  700c276e    00000002     --HOLE-- [fill = 0]
                  700c2770    00000302     drivers.am263px.r5f.ti-arm-clang.freertos.debug.lib : soc.obj (.text.SOC_virtToPhy)
                  700c2a72    0000000e     --HOLE-- [fill = 0]
                  700c2a80    000002f8     lwip-freertos.am263px.r5f.ti-arm-clang.debug.lib : pbuf.obj (.text.pbuf_alloc)
                  700c2d78    00000008     --HOLE-- [fill = 0]
                  700c2d80    000002f2     enet-cpsw.am263px.r5f.ti-arm-clang.freertos.debug.lib : enet_cpdma.obj (.text.EnetCpdma_open)
                  700c3072    0000000e     --HOLE-- [fill = 0]
                  700c3080    000002e6                                                           : csl_cpsw.obj (.text.CSL_CPSW_setPortRxDscpMap)
                  700c3366    0000000a     --HOLE-- [fill = 0]
                  700c3370    000002e6     ti_enet_open_close.o (.text.EnetApp_driverOpen)
                  700c3656    0000000a     --HOLE-- [fill = 0]
                  700c3660    000002de     lwip-freertos.am263px.r5f.ti-arm-clang.debug.lib : etharp.obj (.text.etharp_output)
                  700c393e    00000002     --HOLE-- [fill = 0]
                  700c3940    000002da     enet-cpsw.am263px.r5f.ti-arm-clang.freertos.debug.lib : cpsw.obj (.text.Cpsw_periodicTick)
                  700c3c1a    00000006     --HOLE-- [fill = 0]
                  700c3c20    000002d2                                                           : enetphy.obj (.text.EnetPhy_enableState)
                  700c3ef2    0000000e     --HOLE-- [fill = 0]
                  700c3f00    000002d2     lwip-freertos.am263px.r5f.ti-arm-clang.debug.lib : api_msg.obj (.text.lwip_netconn_do_delconn)
                  700c41d2    0000000e     --HOLE-- [fill = 0]
                  700c41e0    000002bc                                                      : tcp_out.obj (.text.tcp_output_segment)
                  700c449c    00000004     --HOLE-- [fill = 0]
                  700c44a0    000002ba     drivers.am263px.r5f.ti-arm-clang.freertos.debug.lib : i2c_v1_lld.obj (.text.I2C_lld_controllerIsr)
                  700c475a    00000006     --HOLE-- [fill = 0]
                  700c4760    000002ba     lwip-freertos.am263px.r5f.ti-arm-clang.debug.lib : pbuf.obj (.text.pbuf_copy_partial_pbuf)
                  700c4a1a    00000006     --HOLE-- [fill = 0]
                  700c4a20    000002b8     enet-cpsw.am263px.r5f.ti-arm-clang.freertos.debug.lib : cpsw.obj (.text.Cpsw_handleLinkUp)
                  700c4cd8    00000008     --HOLE-- [fill = 0]
                  700c4ce0    000002aa     lwip-freertos.am263px.r5f.ti-arm-clang.debug.lib : netif.obj (.text.netif_add)
                  700c4f8a    00000006     --HOLE-- [fill = 0]
                  700c4f90    000002a8     enet-cpsw.am263px.r5f.ti-arm-clang.freertos.debug.lib : cpsw_ale.obj (.text.CpswAle_addVlan)
                  700c5238    00000008     --HOLE-- [fill = 0]
                  700c5240    0000029e     lwip-freertos.am263px.r5f.ti-arm-clang.debug.lib : tcp_in.obj (.text.tcp_listen_input)
                  700c54de    00000002     --HOLE-- [fill = 0]
                  700c54e0    0000029a     drivers.am263px.r5f.ti-arm-clang.freertos.debug.lib : i2c_v1_lld.obj (.text.I2C_lld_targetIsr)
                  700c577a    00000006     --HOLE-- [fill = 0]
                  700c5780    00000296     lwip-freertos.am263px.r5f.ti-arm-clang.debug.lib : tcp.obj (.text.tcp_close_shutdown)
                  700c5a16    0000000a     --HOLE-- [fill = 0]
                  700c5a20    00000290     enet-cpsw.am263px.r5f.ti-arm-clang.freertos.debug.lib : cpsw.obj (.text.Cpsw_registerIoctlHandler)
                  700c5cb0    0000028e                                                           : csl_cpsw.obj (.text.CSL_CPSW_setAlePolicerEntry)
                  700c5f3e    00000002     --HOLE-- [fill = 0]
                  700c5f40    00000286                                                           : csl_cpsw.obj (.text.CSL_CPSW_getAlePolicerEntry)
                  700c61c6    0000000a     --HOLE-- [fill = 0]
                  700c61d0    00000286     test.o (.text.test_netif_init)
                  700c6456    00000002     --HOLE-- [fill = 0]
                  700c6458    00000280     libc.a : _printfi.c.obj (.text._pconv_a)
                  700c66d8    00000008     --HOLE-- [fill = 0]
                  700c66e0    0000027e     enet-cpsw.am263px.r5f.ti-arm-clang.freertos.debug.lib : cpsw_ale.obj (.text.CpswAle_findVlan)
                  700c695e    00000002     --HOLE-- [fill = 0]
                  700c6960    0000027e     drivers.am263px.r5f.ti-arm-clang.freertos.debug.lib : uart_dma_edma.obj (.text.UART_edmaChInit)
                  700c6bde    00000002     --HOLE-- [fill = 0]
                  700c6be0    0000027a     enet-cpsw.am263px.r5f.ti-arm-clang.freertos.debug.lib : cpsw.obj (.text.Cpsw_ioctl)
                  700c6e5a    00000006     --HOLE-- [fill = 0]
                  700c6e60    00000266                                                           : cpsw_est_ioctl.obj (.text.CpswEst_ioctl_handler_ENET_TAS_IOCTL_SET_STATE)
                  700c70c6    0000000a     --HOLE-- [fill = 0]
                  700c70d0    00000266     lwip-freertos.am263px.r5f.ti-arm-clang.debug.lib : api_msg.obj (.text.err_tcp)
                  700c7336    0000000a     --HOLE-- [fill = 0]
                  700c7340    00000266     freertos.am263px.r5f.ti-arm-clang.debug.lib : tasks.obj (.text.xTaskIncrementTick)
                  700c75a6    0000000a     --HOLE-- [fill = 0]
                  700c75b0    0000025a     lwip-freertos.am263px.r5f.ti-arm-clang.debug.lib : ip4_frag.obj (.text.ip_reass_free_complete_datagram)
                  700c780a    00000006     --HOLE-- [fill = 0]
                  700c7810    0000025a     freertos.am263px.r5f.ti-arm-clang.debug.lib : tasks.obj (.text.xTaskResumeAll)
                  700c7a6a    00000006     --HOLE-- [fill = 0]
                  700c7a70    00000254     lwip-freertos.am263px.r5f.ti-arm-clang.debug.lib : igmp.obj (.text.igmp_input)
                  700c7cc4    0000000c     --HOLE-- [fill = 0]
                  700c7cd0    00000250     drivers.am263px.r5f.ti-arm-clang.freertos.debug.lib : edma.obj (.text.Alloc_resource)
                  700c7f20    0000024c     enet-cpsw.am263px.r5f.ti-arm-clang.freertos.debug.lib : cpsw_macport_ioctl.obj (.text.CpswMacPort_enablePort)
                  700c816c    00000004     --HOLE-- [fill = 0]
                  700c8170    00000246     lwip-freertos.am263px.r5f.ti-arm-clang.debug.lib : dns.obj (.text.dns_send)
                  700c83b6    0000000a     --HOLE-- [fill = 0]
                  700c83c0    00000242     enet-cpsw.am263px.r5f.ti-arm-clang.freertos.debug.lib : enetphy.obj (.text.EnetPhy_bindDriver)
                  700c8602    0000000e     --HOLE-- [fill = 0]
                  700c8610    00000242     drivers.am263px.r5f.ti-arm-clang.freertos.debug.lib : uart_v0_lld.obj (.text.UART_fifoConfig)
                  700c8852    0000000e     --HOLE-- [fill = 0]
                  700c8860    00000240     main.o (.text.core0_init)
                  700c8aa0    0000023e     enet-cpsw.am263px.r5f.ti-arm-clang.freertos.debug.lib : cpsw_cpts_ioctl.obj (.text.CpswCpts_handleEvents)
                  700c8cde    00000002     --HOLE-- [fill = 0]
                  700c8ce0    0000023e     freertos.am263px.r5f.ti-arm-clang.debug.lib : printf.obj (.text._ntoa_format)
                  700c8f1e    00000002     --HOLE-- [fill = 0]
                  700c8f20    00000238     libc.a : _printfi.c.obj (.text._pconv_g)
                  700c9158    00000008     --HOLE-- [fill = 0]
                  700c9160    00000238     main.o (.text.freertos_main)
                  700c9398    00000008     --HOLE-- [fill = 0]
                  700c93a0    00000234     enet-cpsw.am263px.r5f.ti-arm-clang.freertos.debug.lib : cpsw_hostport.obj (.text.CpswHostPort_open)
                  700c95d4    0000000c     --HOLE-- [fill = 0]
                  700c95e0    00000230                                                           : enet_appmemutils.obj (.text.EnetMem_allocEthPkt)
                  700c9810    0000022e     xgw_udp_interface.o (.text.xgw_udp_process_motor_cmd)
                  700c9a3e    00000002     --HOLE-- [fill = 0]
                  700c9a40    0000022c     enet-cpsw.am263px.r5f.ti-arm-clang.freertos.debug.lib : enet_cpdma_priv.obj (.text.EnetCpdma_memMgrInit)
                  700c9c6c    00000004     --HOLE-- [fill = 0]
                  700c9c70    0000022a     lwipif-cpsw-freertos.am263px.r5f.ti-arm-clang.debug.lib : lwip2lwipif.obj (.text.LWIPIF_LWIP_getChkSumInfo)
                  700c9e9a    00000006     --HOLE-- [fill = 0]
                  700c9ea0    0000022a     lwip-freertos.am263px.r5f.ti-arm-clang.debug.lib : dhcp.obj (.text.dhcp_select)
                  700ca0ca    00000006     --HOLE-- [fill = 0]
                  700ca0d0    00000226     drivers.am263px.r5f.ti-arm-clang.freertos.debug.lib : uart_dma_edma.obj (.text.UART_lld_dmaDeInit)
                  700ca2f6    0000000a     --HOLE-- [fill = 0]
                  700ca300    00000222                                                         : ipc_notify_v1.obj (.text.IpcNotify_isr)
                  700ca522    0000000e     --HOLE-- [fill = 0]
                  700ca530    00000220     enet-cpsw.am263px.r5f.ti-arm-clang.freertos.debug.lib : enet_cpdma.obj (.text.EnetCpdma_closeTxCh)
                  700ca750    00000220                                                           : enet_rm_ioctl.obj (.text.EnetRm_allocMacAddr)
                  700ca970    00000220     freertos.am263px.r5f.ti-arm-clang.debug.lib : tasks.obj (.text.vTaskGenericNotifyGiveFromISR)
                  700cab90    00000220                                                 : queue.obj (.text.xQueueGenericSend)
                  700cadb0    0000021a     enet-cpsw.am263px.r5f.ti-arm-clang.freertos.debug.lib : cpsw_stats.obj (.text.CpswStats_open)
                  700cafca    00000006     --HOLE-- [fill = 0]
                  700cafd0    00000218     main.o (.text.build_and_send_udp_packet)
                  700cb1e8    00000008     --HOLE-- [fill = 0]
                  700cb1f0    00000218     xgw_udp_interface.o (.text.xgw_udp_process_motor_set)
                  700cb408    00000008     --HOLE-- [fill = 0]
                  700cb410    00000210     xgw_udp_interface.o (.text.udp_rx_task)
                  700cb620    00000210     xgw_udp_interface.o (.text.xgw_udp_send_imu_state)
                  700cb830    0000020a     lwip-freertos.am263px.r5f.ti-arm-clang.debug.lib : tcp.obj (.text.tcp_pcb_remove)
                  700cba3a    00000006     --HOLE-- [fill = 0]
                  700cba40    0000020a     freertos.am263px.r5f.ti-arm-clang.debug.lib : queue.obj (.text.xQueueSemaphoreTake)
                  700cbc4a    00000006     --HOLE-- [fill = 0]
                  700cbc50    00000206     enet-cpsw.am263px.r5f.ti-arm-clang.freertos.debug.lib : cpsw_cpts.obj (.text.CpswCpts_open)
                  700cbe56    0000000a     --HOLE-- [fill = 0]
                  700cbe60    00000206                                                           : enet_cpdma.obj (.text.EnetCpdma_closeRxCh)
                  700cc066    0000000a     --HOLE-- [fill = 0]
                  700cc070    00000206     lwip-freertos.am263px.r5f.ti-arm-clang.debug.lib : dhcp.obj (.text.dhcp_recv)
                  700cc276    0000000a     --HOLE-- [fill = 0]
                  700cc280    00000204     enet-cpsw.am263px.r5f.ti-arm-clang.freertos.debug.lib : enetphy.obj (.text.EnetPhy_open)
                  700cc484    0000000c     --HOLE-- [fill = 0]
                  700cc490    000001fe                                                           : cpsw_stats_ioctl.obj (.text.CpswStats_readHostStats)
                  700cc68e    00000002     --HOLE-- [fill = 0]
                  700cc690    000001fe     lwip-freertos.am263px.r5f.ti-arm-clang.debug.lib : pbuf.obj (.text.pbuf_free)
                  700cc88e    00000002     --HOLE-- [fill = 0]
                  700cc890    000001f6                                                      : dhcp.obj (.text.dhcp_create_msg)
                  700cca86    0000000a     --HOLE-- [fill = 0]
                  700cca90    000001f2     drivers.am263px.r5f.ti-arm-clang.freertos.debug.lib : i2c_v1.obj (.text.I2C_primeTransfer)
                  700ccc82    0000000e     --HOLE-- [fill = 0]
                  700ccc90    000001f2                                                         : i2c_v1.obj (.text.I2C_transfer)
                  700cce82    0000000e     --HOLE-- [fill = 0]
                  700cce90    000001ee     enet-cpsw.am263px.r5f.ti-arm-clang.freertos.debug.lib : cpsw_ale.obj (.text.CpswAle_setAleCfg)
                  700cd07e    00000002     --HOLE-- [fill = 0]
                  700cd080    000001ee                                                           : cpsw_ioctl.obj (.text.Cpsw_openPortLinkWithPhy)
                  700cd26e    00000002     --HOLE-- [fill = 0]
                  700cd270    000001ea                                                           : cpsw_hostport.obj (.text.CpswHostPort_ioctl)
                  700cd45a    00000006     --HOLE-- [fill = 0]
                  700cd460    000001ea                                                           : cpsw_stats.obj (.text.CpswStats_ioctl)
                  700cd64a    00000006     --HOLE-- [fill = 0]
                  700cd650    000001ea                                                           : cpsw_ioctl.obj (.text.Cpsw_openPortLink)
                  700cd83a    00000006     --HOLE-- [fill = 0]
                  700cd840    000001ea     lwip-freertos.am263px.r5f.ti-arm-clang.debug.lib : tcp.obj (.text.tcp_abandon)
                  700cda2a    00000006     --HOLE-- [fill = 0]
                  700cda30    000001e8                                                      : api_msg.obj (.text.recv_tcp)
                  700cdc18    00000008     --HOLE-- [fill = 0]
                  700cdc20    000001e2     ti_enet_open_close.o (.text.EnetApp_initLinkArgs)
                  700cde02    0000000e     --HOLE-- [fill = 0]
                  700cde10    000001e2     lwip-freertos.am263px.r5f.ti-arm-clang.debug.lib : pbuf.obj (.text.pbuf_realloc)
                  700cdff2    0000000e     --HOLE-- [fill = 0]
                  700ce000    000001e0     enet-cpsw.am263px.r5f.ti-arm-clang.freertos.debug.lib : cpsw_stats_ioctl.obj (.text.CpswStats_readMacStats)
                  700ce1e0    000001e0     lwip-freertos.am263px.r5f.ti-arm-clang.debug.lib : dhcp.obj (.text.dhcp_bind)
                  700ce3c0    000001dc                                                      : api_msg.obj (.text.recv_udp)
                  700ce59c    00000004     --HOLE-- [fill = 0]
                  700ce5a0    000001da     enet-cpsw.am263px.r5f.ti-arm-clang.freertos.debug.lib : enet.obj (.text.Enet_validateIoctl)
                  700ce77a    00000006     --HOLE-- [fill = 0]
                  700ce780    000001d8     freertos.am263px.r5f.ti-arm-clang.debug.lib : queue.obj (.text.xQueueReceive)
                  700ce958    00000008     --HOLE-- [fill = 0]
                  700ce960    000001d6                                                 : TimerP_rti_priv.obj (.text.TimerP_setupPriv)
                  700ceb36    0000000a     --HOLE-- [fill = 0]
                  700ceb40    000001d4     ti_enet_lwipif.o (.text.LwipifEnetAppCb_getRxHandleInfo)
                  700ced14    0000000c     --HOLE-- [fill = 0]
                  700ced20    000001d4     enet-cpsw.am263px.r5f.ti-arm-clang.freertos.debug.lib : mdio.obj (.text.Mdio_ioctl)
                  700ceef4    0000000c     --HOLE-- [fill = 0]
                  700cef00    000001d4     lwip-freertos.am263px.r5f.ti-arm-clang.debug.lib : raw.obj (.text.raw_sendto_if_src)
                  700cf0d4    000001d0     libclang_rt.builtins.a : udivsi3.S.obj (.text.__udivsi3)
                  700cf2a4    0000000c     --HOLE-- [fill = 0]
                  700cf2b0    000001d0     lwip-freertos.am263px.r5f.ti-arm-clang.debug.lib : api_msg.obj (.text.lwip_netconn_do_write)
                  700cf480    000001d0                                                      : api_lib.obj (.text.netconn_write_vectors_partly)
                  700cf650    000001ce     xgw_udp_interface.o (.text.xgw_udp_start)
                  700cf81e    00000002     --HOLE-- [fill = 0]
                  700cf820    000001c8     lwip-freertos.am263px.r5f.ti-arm-clang.debug.lib : etharp.obj (.text.etharp_raw)
                  700cf9e8    00000008     --HOLE-- [fill = 0]
                  700cf9f0    000001c6     enet-cpsw.am263px.r5f.ti-arm-clang.freertos.debug.lib : enet_rm_ioctl.obj (.text.EnetRm_allocTxChNum)
                  700cfbb6    0000000a     --HOLE-- [fill = 0]
                  700cfbc0    000001c6     lwip-freertos.am263px.r5f.ti-arm-clang.debug.lib : tcp_out.obj (.text.tcp_create_segment)
                  700cfd86    0000000a     --HOLE-- [fill = 0]
                  700cfd90    000001c4     ti_enet_lwipif.o (.text.LwipifEnetApp_startSchedule)
                  700cff54    0000000c     --HOLE-- [fill = 0]
                  700cff60    000001c2     enet-cpsw.am263px.r5f.ti-arm-clang.freertos.debug.lib : enet.obj (.text.Enet_validateGenericIoctl)
                  700d0122    0000000e     --HOLE-- [fill = 0]
                  700d0130    000001bc     freertos.am263px.r5f.ti-arm-clang.debug.lib : tasks.obj (.text.xTaskRemoveFromEventList)
                  700d02ec    00000004     --HOLE-- [fill = 0]
                  700d02f0    000001b4     enet-cpsw.am263px.r5f.ti-arm-clang.freertos.debug.lib : enet_rm.obj (.text.EnetRm_open)
                  700d04a4    0000000c     --HOLE-- [fill = 0]
                  700d04b0    000001b4     lwip-freertos.am263px.r5f.ti-arm-clang.debug.lib : tcp_out.obj (.text.tcp_write_checks)
                  700d0664    0000000c     --HOLE-- [fill = 0]
                  700d0670    000001b2                                                      : ip4.obj (.text.ip4_forward)
                  700d0822    0000000e     --HOLE-- [fill = 0]
                  700d0830    000001b0     enet-cpsw.am263px.r5f.ti-arm-clang.freertos.debug.lib : cpsw_ale.obj (.text.CpswAle_delPolicerEntry)
                  700d09e0    000001b0     lwip-freertos.am263px.r5f.ti-arm-clang.debug.lib : dns.obj (.text.dns_call_found)
                  700d0b90    000001b0     syslog.o (.text.syslog_send_internal)
                  700d0d40    000001b0     lwip-freertos.am263px.r5f.ti-arm-clang.debug.lib : tcp_out.obj (.text.tcp_pbuf_prealloc)
                  700d0ef0    000001ae     ti_enet_open_close.o (.text.EnetApp_ConfigureDscpMapping)
                  700d109e    00000002     --HOLE-- [fill = 0]
                  700d10a0    000001ac     drivers.am263px.r5f.ti-arm-clang.freertos.debug.lib : uart_v0.obj (.text.UART_close)
                  700d124c    00000004     --HOLE-- [fill = 0]
                  700d1250    000001aa     enet-cpsw.am263px.r5f.ti-arm-clang.freertos.debug.lib : mdio_ioctl.obj (.text.Mdio_readRegC45)
                  700d13fa    00000006     --HOLE-- [fill = 0]
                  700d1400    000001aa     drivers.am263px.r5f.ti-arm-clang.freertos.debug.lib : uart_dma_edma.obj (.text.UART_lld_dmaWrite)
                  700d15aa    00000006     --HOLE-- [fill = 0]
                  700d15b0    000001aa     lwip-freertos.am263px.r5f.ti-arm-clang.debug.lib : mem.obj (.text.mem_free)
                  700d175a    00000006     --HOLE-- [fill = 0]
                  700d1760    000001a8     enet-cpsw.am263px.r5f.ti-arm-clang.freertos.debug.lib : enet_appmemutils.obj (.text.EnetDma_checkPktState)
                  700d1908    00000008     --HOLE-- [fill = 0]
                  700d1910    000001a8     lwipif-cpsw-freertos.am263px.r5f.ti-arm-clang.debug.lib : custom_pbuf.obj (.text.EnetDma_checkPktState)
                  700d1ab8    00000008     --HOLE-- [fill = 0]
                  700d1ac0    000001a8                                                             : lwip2enet.obj (.text.EnetDma_checkPktState)
                  700d1c68    000001a8     libc.a : memory.c.obj (.text.free)
                  700d1e10    000001a4            : memory.c.obj (.text.aligned_alloc)
                  700d1fb4    0000000c     --HOLE-- [fill = 0]
                  700d1fc0    000001a4     freertos.am263px.r5f.ti-arm-clang.debug.lib : timers.obj (.text.prvProcessReceivedCommands)
                  700d2164    0000000c     --HOLE-- [fill = 0]
                  700d2170    000001a2     lwip-freertos.am263px.r5f.ti-arm-clang.debug.lib : api_lib.obj (.text.netconn_new_with_proto_and_callback)
                  700d2312    0000000e     --HOLE-- [fill = 0]
                  700d2320    000001a0     drivers.am263px.r5f.ti-arm-clang.freertos.debug.lib : uart_v0.obj (.text.UART_write)
                  700d24c0    000001a0     lwip-freertos.am263px.r5f.ti-arm-clang.debug.lib : pbuf.obj (.text.pbuf_take)
                  700d2660    000001a0     freertos.am263px.r5f.ti-arm-clang.debug.lib : tasks.obj (.text.vTaskSwitchContext)
                  700d2800    0000019e     enet-cpsw.am263px.r5f.ti-arm-clang.freertos.debug.lib : cpsw_ale_ioctl.obj (.text.CpswAle_addMcastAddr)
                  700d299e    00000002     --HOLE-- [fill = 0]
                  700d29a0    0000019c     libc.a : fputs.c.obj (.text.fputs)
                  700d2b3c    00000004     --HOLE-- [fill = 0]
                  700d2b40    0000019c     lwip-freertos.am263px.r5f.ti-arm-clang.debug.lib : sockets.obj (.text.lwip_sendto)
                  700d2cdc    00000004     --HOLE-- [fill = 0]
                  700d2ce0    0000019a     enet-cpsw.am263px.r5f.ti-arm-clang.freertos.debug.lib : cpsw_cpts.obj (.text.CpswCpts_ioctl)
                  700d2e7a    00000006     --HOLE-- [fill = 0]
                  700d2e80    0000019a     lwip-freertos.am263px.r5f.ti-arm-clang.debug.lib : dns.obj (.text.dns_check_entry)
                  700d301a    00000006     --HOLE-- [fill = 0]
                  700d3020    0000019a     freertos.am263px.r5f.ti-arm-clang.debug.lib : tasks.obj (.text.vTaskPriorityDisinheritAfterTimeout)
                  700d31ba    00000006     --HOLE-- [fill = 0]
                  700d31c0    0000019a                                                 : queue.obj (.text.xQueueGenericSendFromISR)
                  700d335a    00000006     --HOLE-- [fill = 0]
                  700d3360    00000198     drivers.am263px.r5f.ti-arm-clang.freertos.debug.lib : uart_v0_lld.obj (.text.UART_lld_controllerIsr)
                  700d34f8    00000008     --HOLE-- [fill = 0]
                  700d3500    00000196     lwip-freertos.am263px.r5f.ti-arm-clang.debug.lib : dhcp.obj (.text.dhcp_reboot)
                  700d3696    0000000a     --HOLE-- [fill = 0]
                  700d36a0    00000194     enet-cpsw.am263px.r5f.ti-arm-clang.freertos.debug.lib : cpsw_ale.obj (.text.CpswAle_ioctl)
                  700d3834    0000000c     --HOLE-- [fill = 0]
                  700d3840    00000194                                                           : cpsw_macport.obj (.text.CpswMacPort_ioctl)
                  700d39d4    0000000c     --HOLE-- [fill = 0]
                  700d39e0    00000192     lwip-freertos.am263px.r5f.ti-arm-clang.debug.lib : ethernet.obj (.text.ethernet_input)
                  700d3b72    0000000e     --HOLE-- [fill = 0]
                  700d3b80    00000192                                                      : tcp_out.obj (.text.tcp_zero_window_probe)
                  700d3d12    0000000e     --HOLE-- [fill = 0]
                  700d3d20    00000190                                                      : etharp.obj (.text.etharp_update_arp_entry)
                  700d3eb0    0000018e                                                      : etharp.obj (.text.etharp_input)
                  700d403e    00000002     --HOLE-- [fill = 0]
                  700d4040    0000018a     enet-cpsw.am263px.r5f.ti-arm-clang.freertos.debug.lib : enet_rm.obj (.text.EnetRm_ioctl)
                  700d41ca    00000006     --HOLE-- [fill = 0]
                  700d41d0    0000018a     lwip-freertos.am263px.r5f.ti-arm-clang.debug.lib : sys_arch.obj (.text.sys_arch_mbox_fetch)
                  700d435a    00000006     --HOLE-- [fill = 0]
                  700d4360    00000188     freertos.am263px.r5f.ti-arm-clang.debug.lib : ClockP_freertos_r5.obj (.text.ClockP_init)
                  700d44e8    00000008     --HOLE-- [fill = 0]
                  700d44f0    00000186     lwip-freertos.am263px.r5f.ti-arm-clang.debug.lib : acd.obj (.text.acd_tmr)
                  700d4676    0000000a     --HOLE-- [fill = 0]
                  700d4680    00000186                                                      : tcp.obj (.text.tcp_alloc)
                  700d4806    0000000a     --HOLE-- [fill = 0]
                  700d4810    0000017e     syslog.o (.text.format_syslog_message)
                  700d498e    00000002     --HOLE-- [fill = 0]
                  700d4990    0000017c     lwipif-cpsw-freertos.am263px.r5f.ti-arm-clang.debug.lib : lwip2enet.obj (.text.Lwip2Enet_close)
                  700d4b0c    00000004     --HOLE-- [fill = 0]
                  700d4b10    0000017a                                                             : custom_pbuf.obj (.text.custom_pbuf_free)
                  700d4c8a    00000006     --HOLE-- [fill = 0]
                  700d4c90    0000017a     lwip-freertos.am263px.r5f.ti-arm-clang.debug.lib : sockets.obj (.text.event_callback)
                  700d4e0a    00000006     --HOLE-- [fill = 0]
                  700d4e10    00000178     freertos.am263px.r5f.ti-arm-clang.debug.lib : DebugP_shmLogReader.obj (.text.DebugP_shmLogReaderGetString)
                  700d4f88    00000008     --HOLE-- [fill = 0]
                  700d4f90    00000178     enet-cpsw.am263px.r5f.ti-arm-clang.freertos.debug.lib : enet_rm.obj (.text.EnetRm_initRxObj)
                  700d5108    00000008     --HOLE-- [fill = 0]
                  700d5110    00000178     lwipif-cpsw-freertos.am263px.r5f.ti-arm-clang.debug.lib : lwip2enet.obj (.text.Lwip2Enet_periodicFxn)
                  700d5288    00000008     --HOLE-- [fill = 0]
                  700d5290    00000178     test.o (.text.test_init)
                  700d5408    00000008     --HOLE-- [fill = 0]
                  700d5410    00000178     lwip-freertos.am263px.r5f.ti-arm-clang.debug.lib : udp.obj (.text.udp_bind)
                  700d5588    00000008     --HOLE-- [fill = 0]
                  700d5590    00000176     enet-cpsw.am263px.r5f.ti-arm-clang.freertos.debug.lib : cpsw_macport_est.obj (.text.CpswEst_setState)
                  700d5706    0000000a     --HOLE-- [fill = 0]
                  700d5710    00000176     lwip-freertos.am263px.r5f.ti-arm-clang.debug.lib : dhcp.obj (.text.dhcp_discover)
                  700d5886    0000000a     --HOLE-- [fill = 0]
                  700d5890    00000176                                                      : icmp.obj (.text.icmp_send_response)
                  700d5a06    0000000a     --HOLE-- [fill = 0]
                  700d5a10    00000176                                                      : sys_arch.obj (.text.sys_sem_new)
                  700d5b86    0000000a     --HOLE-- [fill = 0]
                  700d5b90    00000174     enet-cpsw.am263px.r5f.ti-arm-clang.freertos.debug.lib : enetphy.obj (.text.EnetPhy_getLinkStatus)
                  700d5d04    0000000c     --HOLE-- [fill = 0]
                  700d5d10    00000174     lwip-freertos.am263px.r5f.ti-arm-clang.debug.lib : tcp.obj (.text.tcp_bind)
                  700d5e84    0000000c     --HOLE-- [fill = 0]
                  700d5e90    00000172     board.am263px.r5f.ti-arm-clang.freertos.debug.lib : eeprom_cat24m.obj (.text.EEPROM_CAT24M_write)
                  700d6002    0000000e     --HOLE-- [fill = 0]
                  700d6010    00000172     lwip-freertos.am263px.r5f.ti-arm-clang.debug.lib : ip4.obj (.text.ip4_route)
                  700d6182    0000000e     --HOLE-- [fill = 0]
                  700d6190    00000172                                                      : sys_arch.obj (.text.sys_arch_sem_wait)
                  700d6302    0000000e     --HOLE-- [fill = 0]
                  700d6310    00000170     freertos.am263px.r5f.ti-arm-clang.debug.lib : queue.obj (.text.xQueueGiveFromISR)
                  700d6480    0000016c     lwip-freertos.am263px.r5f.ti-arm-clang.debug.lib : etharp.obj (.text.etharp_output_to_arp_index)
                  700d65ec    00000004     --HOLE-- [fill = 0]
                  700d65f0    00000168     enet-cpsw.am263px.r5f.ti-arm-clang.freertos.debug.lib : enet_cpdma.obj (.text.EnetCpdma_rxIsrProc)
                  700d6758    00000008     --HOLE-- [fill = 0]
                  700d6760    00000168                                                           : enet_phymdio_dflt.obj (.text.EnetPhyMdioDflt_writeC45)
                  700d68c8    00000008     --HOLE-- [fill = 0]
                  700d68d0    00000166                                                           : enet_cpdma.obj (.text.EnetCpdma_openRxCh)
                  700d6a36    0000000a     --HOLE-- [fill = 0]
                  700d6a40    00000166     drivers.am263px.r5f.ti-arm-clang.freertos.debug.lib : i2c_v1_lld.obj (.text.I2C_lld_primeTransferIntr)
                  700d6ba6    0000000a     --HOLE-- [fill = 0]
                  700d6bb0    00000166     freertos.am263px.r5f.ti-arm-clang.debug.lib : TaskP_freertos.obj (.text.TaskP_assertParams)
                  700d6d16    0000000a     --HOLE-- [fill = 0]
                  700d6d20    00000166     lwip-freertos.am263px.r5f.ti-arm-clang.debug.lib : mem.obj (.text.mem_malloc)
                  700d6e86    0000000a     --HOLE-- [fill = 0]
                  700d6e90    00000166                                                      : tcp_in.obj (.text.tcp_parseopt)
                  700d6ff6    0000000a     --HOLE-- [fill = 0]
                  700d7000    00000164     board.am263px.r5f.ti-arm-clang.freertos.debug.lib : dp83869.obj (.text.Dp83869_config)
                  700d7164    0000000c     --HOLE-- [fill = 0]
                  700d7170    00000164     enet-cpsw.am263px.r5f.ti-arm-clang.freertos.debug.lib : enet_rm.obj (.text.EnetRm_initHwPushObj)
                  700d72d4    0000000c     --HOLE-- [fill = 0]
                  700d72e0    00000162     drivers.am263px.r5f.ti-arm-clang.freertos.debug.lib : edma.obj (.text.EDMA_unregisterIntr)
                  700d7442    0000000e     --HOLE-- [fill = 0]
                  700d7450    00000162     enet-cpsw.am263px.r5f.ti-arm-clang.freertos.debug.lib : enet_phymdio_dflt.obj (.text.EnetPhyMdioDflt_readC45)
                  700d75b2    0000000e     --HOLE-- [fill = 0]
                  700d75c0    00000160                                                           : csl_cpsw.obj (.text.CSL_CPSW_setAlePortControlReg)
                  700d7720    00000160     drivers.am263px.r5f.ti-arm-clang.freertos.debug.lib : i2c_v1_lld.obj (.text.I2C_lld_init)
                  700d7880    00000160     lwip-freertos.am263px.r5f.ti-arm-clang.debug.lib : inet_chksum.obj (.text.inet_cksum_pseudo_partial_base)
                  700d79e0    00000160                                                      : tcp_in.obj (.text.tcp_free_acked_segments)
                  700d7b40    0000015e     enet-cpsw.am263px.r5f.ti-arm-clang.freertos.debug.lib : enet_cpdma.obj (.text.EnetDma_retrieveRxPktQ)
                  700d7c9e    00000002     --HOLE-- [fill = 0]
                  700d7ca0    0000015e     lwip-freertos.am263px.r5f.ti-arm-clang.debug.lib : dhcp.obj (.text.dhcp_renew)
                  700d7dfe    00000002     --HOLE-- [fill = 0]
                  700d7e00    0000015c     enet-cpsw.am263px.r5f.ti-arm-clang.freertos.debug.lib : enet_cpdma.obj (.text.EnetCpdma_txIsr)
                  700d7f5c    00000004     --HOLE-- [fill = 0]
                  700d7f60    0000015c                                                           : enet_rm.obj (.text.EnetRm_initMacObj)
                  700d80bc    00000004     --HOLE-- [fill = 0]
                  700d80c0    0000015c     lwip-freertos.am263px.r5f.ti-arm-clang.debug.lib : dhcp.obj (.text.dhcp_rebind)
                  700d821c    00000004     --HOLE-- [fill = 0]
                  700d8220    0000015c     freertos.am263px.r5f.ti-arm-clang.debug.lib : tasks.obj (.text.prvAddNewTaskToReadyList)
                  700d837c    00000004     --HOLE-- [fill = 0]
                  700d8380    0000015c                                                 : tasks.obj (.text.xTaskPriorityInherit)
                  700d84dc    00000004     --HOLE-- [fill = 0]
                  700d84e0    0000015a     enet-cpsw.am263px.r5f.ti-arm-clang.freertos.debug.lib : enet_cpdma.obj (.text.EnetCpdma_netChOpen)
                  700d863a    00000006     --HOLE-- [fill = 0]
                  700d8640    0000015a     lwip-freertos.am263px.r5f.ti-arm-clang.debug.lib : dhcp.obj (.text.dhcp_start)
                  700d879a    00000006     --HOLE-- [fill = 0]
                  700d87a0    00000158     enet-cpsw.am263px.r5f.ti-arm-clang.freertos.debug.lib : cpsw_ale.obj (.text.CpswAle_initCfg)
                  700d88f8    00000008     --HOLE-- [fill = 0]
                  700d8900    00000158     ti_enet_config.o (.text.EnetApp_initializeMacAddrPool)
                  700d8a58    00000008     --HOLE-- [fill = 0]
                  700d8a60    00000158     enet-cpsw.am263px.r5f.ti-arm-clang.freertos.debug.lib : enet_phymdio_dflt.obj (.text.EnetPhyMdioDflt_writeC22)
                  700d8bb8    00000008     --HOLE-- [fill = 0]
                  700d8bc0    00000158     drivers.am263px.r5f.ti-arm-clang.freertos.debug.lib : soc.obj (.text.SOC_controlModuleUnlockMMR)
                  700d8d18    00000008     --HOLE-- [fill = 0]
                  700d8d20    00000158     lwip-freertos.am263px.r5f.ti-arm-clang.debug.lib : dhcp.obj (.text.dhcp_handle_ack)
                  700d8e78    00000008     --HOLE-- [fill = 0]
                  700d8e80    00000158                                                      : etharp.obj (.text.etharp_tmr)
                  700d8fd8    00000008     --HOLE-- [fill = 0]
                  700d8fe0    00000158                                                      : raw.obj (.text.raw_input)
                  700d9138    00000008     --HOLE-- [fill = 0]
                  700d9140    00000156     enet-cpsw.am263px.r5f.ti-arm-clang.freertos.debug.lib : enet_cpdma.obj (.text.EnetDma_submitTxPktQ)
                  700d9296    0000000a     --HOLE-- [fill = 0]
                  700d92a0    00000154                                                           : enet_cpdma.obj (.text.EnetDma_retrieveTxPktQ)
                  700d93f4    0000000c     --HOLE-- [fill = 0]
                  700d9400    00000154     lwip-freertos.am263px.r5f.ti-arm-clang.debug.lib : stats.obj (.text.stats_display_igmp)
                  700d9554    0000000c     --HOLE-- [fill = 0]
                  700d9560    00000152     drivers.am263px.r5f.ti-arm-clang.freertos.debug.lib : uart_v0_lld.obj (.text.UART_lld_initDma)
                  700d96b2    0000000e     --HOLE-- [fill = 0]
                  700d96c0    00000150     enet-cpsw.am263px.r5f.ti-arm-clang.freertos.debug.lib : enet_phymdio_dflt.obj (.text.EnetPhyMdioDflt_readC22)
                  700d9810    00000150                                                           : enet_rm.obj (.text.EnetRm_delCoreAttached)
                  700d9960    00000150     libc.a : s_scalbn.c.obj (.text.scalbn)
                  700d9ab0    0000014e     ti_enet_lwipif.o (.text.LwipifEnetApp_createPollTask)
                  700d9bfe    00000002     --HOLE-- [fill = 0]
                  700d9c00    0000014e     lwip-freertos.am263px.r5f.ti-arm-clang.debug.lib : sys_arch.obj (.text.sys_arch_unprotect)
                  700d9d4e    00000002     --HOLE-- [fill = 0]
                  700d9d50    0000014e     freertos.am263px.r5f.ti-arm-clang.debug.lib : tasks.obj (.text.xTaskPriorityDisinherit)
                  700d9e9e    00000002     --HOLE-- [fill = 0]
                  700d9ea0    0000014c     enet-cpsw.am263px.r5f.ti-arm-clang.freertos.debug.lib : enet_cpdma.obj (.text.EnetDma_submitRxPktQ)
                  700d9fec    00000004     --HOLE-- [fill = 0]
                  700d9ff0    0000014c     freertos.am263px.r5f.ti-arm-clang.debug.lib : queue.obj (.text.xQueueReceiveFromISR)
                  700da13c    00000004     --HOLE-- [fill = 0]
                  700da140    0000014a     lwip-freertos.am263px.r5f.ti-arm-clang.debug.lib : api_msg.obj (.text.pcb_new)
                  700da28a    00000006     --HOLE-- [fill = 0]
                  700da290    00000148     enet-cpsw.am263px.r5f.ti-arm-clang.freertos.debug.lib : cpsw_ale.obj (.text.CpswAle_setPolicerPartitionLevel)
                  700da3d8    00000148     libc.a : _printfi.c.obj (.text.fcvt)
                  700da520    00000148     lwip-freertos.am263px.r5f.ti-arm-clang.debug.lib : netif.obj (.text.netif_set_addr)
                  700da668    00000008     --HOLE-- [fill = 0]
                  700da670    00000148                                                      : tcp_in.obj (.text.tcp_timewait_input)
                  700da7b8    00000008     --HOLE-- [fill = 0]
                  700da7c0    00000148                                                      : udp.obj (.text.udp_sendto)
                  700da908    00000008     --HOLE-- [fill = 0]
                  700da910    00000146     enet-cpsw.am263px.r5f.ti-arm-clang.freertos.debug.lib : cpsw_ioctl.obj (.text.Cpsw_closePortLink)
                  700daa56    0000000a     --HOLE-- [fill = 0]
                  700daa60    00000146     lwip-freertos.am263px.r5f.ti-arm-clang.debug.lib : udp.obj (.text.udp_input_local_match)
                  700daba6    0000000a     --HOLE-- [fill = 0]
                  700dabb0    00000144     freertos.am263px.r5f.ti-arm-clang.debug.lib : tasks.obj (.text.prvInitialiseNewTask)
                  700dacf4    00000144     libc.a : setvbuf.c.obj (.text.setvbuf)
                  700dae38    00000008     --HOLE-- [fill = 0]
                  700dae40    00000144     lwip-freertos.am263px.r5f.ti-arm-clang.debug.lib : tcp.obj (.text.tcp_close_shutdown_fin)
                  700daf84    0000000c     --HOLE-- [fill = 0]
                  700daf90    00000142     enet-cpsw.am263px.r5f.ti-arm-clang.freertos.debug.lib : cpsw_ale_ioctl.obj (.text.CpswAle_delPortUcastEntries)
                  700db0d2    0000000e     --HOLE-- [fill = 0]
                  700db0e0    00000142     freertos.am263px.r5f.ti-arm-clang.debug.lib : DebugP_memTraceLogWriter.obj (.text.DebugP_memLogWriterPutChar)
                  700db222    0000000e     --HOLE-- [fill = 0]
                  700db230    00000142     lwip-freertos.am263px.r5f.ti-arm-clang.debug.lib : igmp.obj (.text.igmp_lookup_group)
                  700db372    00000006     --HOLE-- [fill = 0]
                  700db378    00000140     libc.a : _printfi.c.obj (.text._pconv_e)
                  700db4b8    00000008     --HOLE-- [fill = 0]
                  700db4c0    00000140     lwip-freertos.am263px.r5f.ti-arm-clang.debug.lib : pbuf.obj (.text.pbuf_cat)
                  700db600    0000013e     enet-cpsw.am263px.r5f.ti-arm-clang.freertos.debug.lib : csl_cpsw_ale_9g_tblcfg.obj (.text.CSL_CPSW_setAleVlanUnicastAddrEntry)
                  700db73e    00000002     --HOLE-- [fill = 0]
                  700db740    0000013e                                                           : enet_cpdma.obj (.text.EnetCpdma_openTxCh)
                  700db87e    00000002     --HOLE-- [fill = 0]
                  700db880    0000013e     drivers.am263px.r5f.ti-arm-clang.freertos.debug.lib : i2c_v1.obj (.text.I2C_mem_primeTransfer)
                  700db9be    00000002     --HOLE-- [fill = 0]
                  700db9c0    0000013e     lwip-freertos.am263px.r5f.ti-arm-clang.debug.lib : pbuf.obj (.text.pbuf_copy_partial)
                  700dbafe    00000002     --HOLE-- [fill = 0]
                  700dbb00    0000013a     board.am263px.r5f.ti-arm-clang.freertos.debug.lib : dp83869.obj (.text.Dp83869_enableAdvertisement)
                  700dbc3a    00000006     --HOLE-- [fill = 0]
                  700dbc40    0000013a     drivers.am263px.r5f.ti-arm-clang.freertos.debug.lib : edma.obj (.text.EDMA_isDmaChannelAllocated)
                  700dbd7a    00000006     --HOLE-- [fill = 0]
                  700dbd80    0000013a     enet-cpsw.am263px.r5f.ti-arm-clang.freertos.debug.lib : enet_phymdio_dflt.obj (.text.EnetPhyMdioDflt_isAlive)
                  700dbeba    00000006     --HOLE-- [fill = 0]
                  700dbec0    0000013a                                                           : enet_phymdio_dflt.obj (.text.EnetPhyMdioDflt_isLinked)
                  700dbffa    00000006     --HOLE-- [fill = 0]
                  700dc000    0000013a                                                           : enet.obj (.text.Enet_ioctl)
                  700dc13a    00000006     --HOLE-- [fill = 0]
                  700dc140    0000013a     board.am263px.r5f.ti-arm-clang.freertos.debug.lib : generic_phy.obj (.text.GenericPhy_enableAdvertisement)
                  700dc27a    00000006     --HOLE-- [fill = 0]
                  700dc280    0000013a     drivers.am263px.r5f.ti-arm-clang.freertos.debug.lib : i2c_v1_lld.obj (.text.I2C_lld_mem_write)
                  700dc3ba    00000006     --HOLE-- [fill = 0]
                  700dc3c0    0000013a     lwip-freertos.am263px.r5f.ti-arm-clang.debug.lib : dhcp.obj (.text.dhcp_release_and_stop)
                  700dc4fa    00000006     --HOLE-- [fill = 0]
                  700dc500    00000138     enet-cpsw.am263px.r5f.ti-arm-clang.freertos.debug.lib : cpsw_cpts_ioctl.obj (.text.CpswCpts_ioctl_handler_CPSW_CPTS_IOCTL_SET_ESTF)
                  700dc638    00000008     --HOLE-- [fill = 0]
                  700dc640    00000138     freertos.am263px.r5f.ti-arm-clang.debug.lib : printf.obj (.text._ntoa_long_long)
                  700dc778    00000008     --HOLE-- [fill = 0]
                  700dc780    00000136     board.am263px.r5f.ti-arm-clang.freertos.debug.lib : dp83869.obj (.text.Dp83869_disableAdvertisement)
                  700dc8b6    0000000a     --HOLE-- [fill = 0]
                  700dc8c0    00000136     enet-cpsw.am263px.r5f.ti-arm-clang.freertos.debug.lib : enet_appmemutils.obj (.text.EnetMem_initMemObjs)
                  700dc9f6    0000000a     --HOLE-- [fill = 0]
                  700dca00    00000136     board.am263px.r5f.ti-arm-clang.freertos.debug.lib : generic_phy.obj (.text.GenericPhy_disableAdvertisement)
                  700dcb36    0000000a     --HOLE-- [fill = 0]
                  700dcb40    00000136     drivers.am263px.r5f.ti-arm-clang.freertos.debug.lib : uart_v0_lld.obj (.text.UART_procLineStatusErr)
                  700dcc76    0000000a     --HOLE-- [fill = 0]
                  700dcc80    00000136     lwip-freertos.am263px.r5f.ti-arm-clang.debug.lib : tcp_out.obj (.text.tcp_rst_common)
[...]
70107931  TaskP_yield                                                            
70107941  Board_init                                                             
70107961  IpcNotify_wait                                                         
70107981  mem_init                                                               
70107991  netif_init                                                             
701079a1  vPortConfigTimerForRunTimeStats                                        
701079b1  vPortValidateInterruptPriority                                         
7010816e  gCR5ClkSrcInfoMap                                                      
70108170  __aeabi_ctype_table_                                                   
70108170  __aeabi_ctype_table_C                                                  
70108274  gCacheConfig                                                           
7010827c  gMpuConfig                                                             
70108288  gMpuRegionConfig                                                       
70108498  gMpuRegionSizeInBytes                                                  
70109c6c  memp_pools                                                             
7010b028  gADPLLJConfigTbl                                                       
7010ba88  lwip_cyclic_timers                                                     
7010fe88  I2C_defaultTransaction                                                 
701163f4  I2C_lld_defaultMessage                                                 
701164fc  gPeripheralClkSrcInfoMap                                               
7011776c  memp_ALTCP_PCB                                                         
70117780  memp_ARP_QUEUE                                                         
70117794  memp_FRAG_PBUF                                                         
701177a8  memp_IGMP_GROUP                                                        
701177bc  memp_NETBUF                                                            
701177d0  memp_NETCONN                                                           
701177e4  memp_NETDB                                                             
701177f8  memp_PBUF                                                              
7011780c  memp_PBUF_POOL                                                         
70117820  memp_POOL_128                                                          
70117834  memp_POOL_1568                                                         
70117848  memp_POOL_4096                                                         
7011785c  memp_RAW_PCB                                                           
70117870  memp_REASSDATA                                                         
70117884  memp_RX_POOL                                                           
70117898  memp_SYS_MBOX                                                          
701178ac  memp_SYS_TIMEOUT                                                       
701178c0  memp_TCPIP_MSG_API                                                     
701178d4  memp_TCPIP_MSG_INPKT                                                   
701178e8  memp_TCP_PCB                                                           
701178fc  memp_TCP_PCB_LISTEN                                                    
70117910  memp_TCP_SEG                                                           
70117924  memp_UDP_PCB                                                           
70118b58  tcp_pcb_lists                                                          
7011924c  g_EnetApp_dmaChParams                                                  
701197a0  gEnetPhyDrvTbl                                                         
701197b0  gXTALInfo                                                              
701198c0  ethbroadcast                                                           
701198c6  ethzero                                                                
70119a30  gCacheL1dCacheLineSize                                                 
70119a34  gCacheL1pCacheLineSize                                                 
70119a38  gStaticIP                                                              
70119a3c  gStaticIPGateway                                                       
70119a40  gStaticIPNetmask                                                       
70119a44  ip_addr_any                                                            
70119a48  ip_addr_broadcast                                                      
70131b00  gEdmaConfig                                                            
70131b00  gEnetSoc_cpsw3g                                                        
70131b00  gUartDmaHandle                                                         
70133660  gEnetSoc_dmaObj                                                        
70135eb0  gEnetSoc_cpsw3gMacObj                                                  
70136250  gEnetCpswCfg                                                           
701371cc  gEnetPhyDrvDp83869                                                     
701372d0  gEnetPhyDrvGeneric                                                     
701373d4  gIpcNotifyMailboxConfig                                                
701375cc  _ftable                                                                
7013818c  _device                                                                
70138548  gUartParams                                                            
70138644  _stream                                                                
70138828  gEnetSoc_cpsw3gSocCfg                                                  
70138890  gEnetMacAddrPool                                                       
701388c0  gSocModulesClockFrequency                                              
70138928  gClockConfig                                                           
70138988  gDmaCfg                                                                
70138a00  gIpcNotifyInterruptConfig_r5fss0_0                                     
70138a48  Cpsw_gSpeedNames                                                       
70138a58  gEepromFxns_CAT24M                                                     
70138a68  gIpcNotifyCoreIntrBitPos                                               
70138a78  gSocModules                                                            
70138a88  Cpsw_gDuplexNames                                                      
70138a94  gAddrTranslateConfig                                                   
70138aac  gEepromAttrs_CAT24M                                                    
70138ab8  gEepromConfig                                                          
70138ac4  gEnetSoc_perObj                                                        
70138ad0  gI2cParams                                                             
70138adc  __TI_cleanup_ptr                                                       
70138ae0  __TI_dtors_ptr                                                         
70138ae4  gEepromParams                                                          
70138aec  gI2cConfig                                                             
70138afc  gUartConfig                                                            
70138b18  FreeRTOS_errno                                                         
70138b1c  __TI_ft_end                                                            
70138b20  __aeabi_errno                                                          
70138b24  _lock                                                                  
70138b28  _unlock                                                                
70138b44  gDebugLogZone                                                          
70138b4c  gDebugMemLogSize                                                       
70138b58  gDebugP_uartDrvIndex                                                   
70138b5c  gEdmaConfigNum                                                         
70138b60  gEepromConfigNum                                                       
70138b64  gEnetOsalHwiAllocCnt                                                   
70138b68  gEnetOsalHwiPeak                                                       
70138b6c  gEnetOsalSemAllocCnt                                                   
70138b70  gEnetOsalSemPeak                                                       
70138b74  gHwiConfig                                                             
70138b78  gI2cConfigNum                                                          
70138b7c  gIpcNotifyInterruptConfigNum_r5fss0_0                                  
70138b80  gIpcTask                                                               
70138b84  gLogReaderTask                                                         
70138b88  gMainTask                                                              
70138b8c  gUartConfigNum                                                         
70138b90  gUartDmaChConfig                                                       
70138b94  gUdpTxTask                                                             
70138b9c  g_netif                                                                
70138ba0  g_pbuf_alloc_count                                                     
70138ba4  g_pbuf_alloc_fail_count                                                
70138ba8  g_pbuf_free_count                                                      
70138bb0  g_udp_rx_callback_count                                                
70138bbc  g_udp_rx_queue_full                                                    
70138bc0  g_udp_rx_queue_success                                                 
70138bc8  g_udp_rx_task_packets                                                  
70138bcc  g_udp_rx_task_wakeups                                                  
70138bd0  g_udp_sendto_count                                                     
70138bd8  hlwipIfApp                                                             
70138be4  pxCurrentTCB                                                           
70138c00  ulPortInterruptNesting                                                 
70138c04  ulPortSchedularRunning                                                 
70138c08  ulPortTaskHasFPUContext                                                
70138c0c  ulPortYieldRequired                                                    
70138c95  gEnetTrace_runtimeLevel                                                
70138c99  isMapAvailable                                                         
70138ca1  HwiP_enableInt                                                         
70138ce1  HwiP_disableInt                                                        
70138d41  HwiP_restoreInt                                                        
70138d71  HwiP_clearInt                                                          
70138db1  HwiP_post                                                              
70138df1  HwiP_Params_init                                                       
70138e21  HwiP_construct                                                         
70139011  HwiP_destruct                                                          
70139081  HwiP_init                                                              
70139231  HwiP_inISR                                                             
70139261  HwiP_setVimIrqPriMaskNonAtomic                                         
701392b1  HwiP_setVimIrqPriMaskAtomic                                            
70139351  HwiP_restoreVimIrqPriMask                                              
70139361  HwiP_irq_handler_c                                                     
70139501  HwiP_fiq_handler                                                       
70139671  HwiP_reserved_handler                                                  
701396b1  HwiP_undefined_handler_c                                               
701396d1  HwiP_user_undefined_handler_c                                          
701396f1  HwiP_prefetch_abort_handler_c                                          
70139791  HwiP_user_prefetch_abort_handler_c                                     
701397d1  HwiP_data_abort_handler_c                                              
70139891  HwiP_user_data_abort_handler_c                                         
701398cc  vPortRestoreTaskContext                                                
70139904  HwiP_svc_handler                                                       
70139974  HwiP_irq_handler                                                       
70139ab8  HwiP_data_abort_handler                                                
70139afc  HwiP_prefetch_abort_handler                                            
70139b48  HwiP_undefined_handler                                                 
70139b78  GET_DFSR                                                               
70139b80  GET_ADFSR                                                              
70139b88  GET_DFAR                                                               
70139b90  GET_IFSR                                                               
70139b98  GET_AIFSR                                                              
70139ba0  GET_IFAR                                                               
70139ba8  GET_SPSR                                                               
70139bbc  HwiP_disable                                                           
70139bcc  HwiP_disableFIQ                                                        
70139bdc  HwiP_enable                                                            
70139bec  HwiP_enableFIQ                                                         
70139bfc  HwiP_restore                                                           
70139c04  HwiP_enableVIC                                                         
70139c14  HwiP_disableVIC                                                        
70139c24  HwiP_getCPSR                                                           
70139c30  CacheP_disableL1d                                                      
70139c58  CacheP_disableL1p                                                      
70139c70  CacheP_enableL1d                                                       
70139c88  CacheP_enableL1p                                                       
70139ca0  CacheP_invL1d                                                          
70139cd8  CacheP_invL1p                                                          
70139d14  CacheP_invL1dAll                                                       
70139d1c  CacheP_invL1pAll                                                       
70139d24  CacheP_wb                                                              
70139d60  CacheP_wbInv                                                           
70139d9c  CacheP_wbAll                                                           
70139e44  CacheP_wbInvAll                                                        
70139e5c  CacheP_wbInvAllAsm                                                     
70139efc  CacheP_getEnabled                                                      
70139f34  CacheP_getCacheLevelInfo                                               
70139f40  CacheP_configForceWrThru                                               
70139f60  CacheP_setDLFO                                                         
70139f71  CacheP_init                                                            
7013a001  CacheP_disable                                                         
7013a051  CacheP_enable                                                          
7013a091  CacheP_inv                                                             
7013a0d1  MpuP_getAttrs                                                          
7013a131  MpuP_RegionAttrs_init                                                  
7013a161  MpuP_setRegion                                                         
7013a1f1  MpuP_isEnable                                                          
7013a201  MpuP_disable                                                           
7013a241  MpuP_enable                                                            
7013a291  MpuP_init                                                              
7013a331  MpuP_isUserAuthorizedToAccessMemory                                    
7013a410  MpuP_disableAsm                                                        
7013a428  MpuP_disableBRAsm                                                      
7013a438  MpuP_enableAsm                                                         
7013a450  MpuP_enableBRAsm                                                       
7013a460  MpuP_isEnableAsm                                                       
7013a474  MpuP_setRegionAsm                                                      
7013a490  _c_int00_sbl                                                           
7013a4b4  _c_int00                                                               
7013a5e1  _DebugP_assertNoLog                                                    
7013a611  _system_pre_init                                                       
7013a641  __mpu_init                                                             
7013a650  abort                                                                  
7013a658  __IRQ_STACK_START                                                      
7013a758  __FIQ_STACK_START                                                      
7013a758  __IRQ_STACK_END                                                        
7013a858  __FIQ_STACK_END                                                        
7013a858  __SVC_STACK_START                                                      
7013b858  __ABORT_STACK_START                                                    
7013b858  __SVC_STACK_END                                                        
7013b958  __ABORT_STACK_END                                                      
7013b958  __UNDEFINED_STACK_START                                                
7013ba58  __UNDEFINED_STACK_END                                                  
70200000  gGatewaySharedMem                                                      
70206ecc  dbg_ipc_recv_count                                                     
70206ed0  dbg_udp_rx_count                                                       
70206ed4  dbg_udp_tx_count                                                       
70206ed8  dbg_error_count                                                        
70206edc  dbg_last_error_code                                                    
70206ee0  dbg_imu_frame_count                                                    
70208000  gDebugShmLog                                                           
ffffffff  __TI_pprof_out_hndl                                                    
ffffffff  __TI_prof_data_size                                                    
ffffffff  __TI_prof_data_start                                                   
ffffffff  __binit__                                                              
ffffffff  binit                                                                  
UNDEFED   __TI_CINIT_Base                                                        
UNDEFED   __TI_CINIT_Limit                                                       
UNDEFED   __TI_Handler_Table_Base                                                
UNDEFED   __TI_Handler_Table_Limit                                               
UNDEFED   _system_post_cinit                                                     

[1492 symbols]
