******************************************************************************
            TI ARM Clang Linker PC v4.0.4                      
******************************************************************************
>> Linked Tue Mar 24 21:10:52 2026

OUTPUT FILE NAME:   <ccu_ti_multi_core_freertos.out>
ENTRY POINT SYMBOL: "_vectors"  address: 00000000


MEMORY CONFIGURATION

         name            origin    length      used     unused   attr    fill
----------------------  --------  ---------  --------  --------  ----  --------
  R5F_VECS              00000000   00000040  00000040  00000000  RWIX
  R5F_TCMA              00000040   00007fc0  00000000  00007fc0  RWIX
  R5F_TCMB              00080000   00008000  00000000  00008000  RWIX
  MAILBOX_HSM           44000000   000003ce  00000000  000003ce  RWIX
  MAILBOX_R5F           44000400   000003ce  00000000  000003ce  RWIX
  FLASH                 60100000   00080000  0001ae20  000651e0  RWIX
  SBL                   70000000   00040000  00000000  00040000  RWIX
  OCRAM                 70040000   00040000  000389c8  00007638  RWIX
  USER_SHM_MEM          701d0000   00004000  000001c0  00003e40  RWIX
  LOG_SHM_MEM           701d4000   00004000  00002000  00002000  RWIX
  RTOS_NORTOS_IPC_SHM_M 72000000   00003e80  00000000  00003e80  RWIX


SEGMENT ALLOCATION MAP

run origin  load origin   length   init length attrs members
----------  ----------- ---------- ----------- ----- -------
00000000    00000000    00000040   00000040    r-x
  00000000    00000000    00000040   00000040    r-x .vectors
60100000    60100000    00019468   00019468    r-x
  60100000    60100000    00015df0   00015df0    r-x .text
  60115df0    60115df0    00003678   00003678    r-- .rodata
60119470    60119470    000019b8   000019b8    r-x
  60119470    60119470    00000f90   00000f90    r-x .text.hwi
  6011a400    6011a400    000004a0   000004a0    r-x .text.cache
  6011a8a0    6011a8a0    000003c0   000003c0    r-x .text.mpu
  6011ac60    6011ac60    000001c0   000001c0    r-x .text.boot
  6011ae20    6011ae20    00000008   00000008    r-x .text:abort
70040000    70040000    00036fe0   00000000    rw-
  70040000    70040000    0002afe0   00000000    rw- .bss
  7006afe0    7006afe0    00008000   00000000    rw- .sysmem
  70072fe0    70072fe0    00004000   00000000    rw- .stack
70076fe0    70076fe0    000019e8   000005e8    rw-
  70076fe0    70076fe0    000005e8   000005e8    rw- .data
  700775c8    700775c8    00000100   00000000    rw- .irqstack
  700776c8    700776c8    00000100   00000000    rw- .fiqstack
  700777c8    700777c8    00001000   00000000    rw- .svcstack
  700787c8    700787c8    00000100   00000000    rw- .abortstack
  700788c8    700788c8    00000100   00000000    rw- .undefinedstack


SECTION ALLOCATION MAP

 output                                  attributes/
section   page    origin      length       input sections
--------  ----  ----------  ----------   ----------------
.vectors   0    00000000    00000040     
                  00000000    00000040     freertos.am263px.r5f.ti-arm-clang.debug.lib : HwiP_armv7r_vectors_freertos_asm.obj (.vectors)

.text      0    60100000    00015df0     
                  60100000    00000a34     freertos.am263px.r5f.ti-arm-clang.debug.lib : printf.obj (.text._vsnprintf)
                  60100a34    0000000c     libclang_rt.builtins.a : aeabi_memset.S.obj (.text.__aeabi_memclr)
                  60100a40    000007a4     drivers.am263px.r5f.ti-arm-clang.freertos.debug.lib : i2c_v1_lld.obj (.text.I2C_lld_primeTransferPoll)
                  601011e4    0000000c     libc.a : memory.c.obj (.text.malloc)
                  601011f0    00000678     drivers.am263px.r5f.ti-arm-clang.freertos.debug.lib : soc_rcm.obj (.text.SOC_rcmGetClkSrcAndDivReg)
                  60101868    00000008     libsysbm.a : hostexit.c.obj (.text.HOSTexit)
                  60101870    00000638     drivers.am263px.r5f.ti-arm-clang.freertos.debug.lib : soc_rcm.obj (.text.SOC_rcmEnablePeripheralClock)
                  60101ea8    00000004     libclang_rt.builtins.a : aeabi_div0.c.obj (.text.__aeabi_ldiv0)
                  60101eac    00000004                            : aeabi_memcpy.S.obj (.text.__aeabi_memcpy)
                  60101eb0    000005e2     freertos.am263px.r5f.ti-arm-clang.debug.lib : printf.obj (.text._ftoa)
                  60102492    00000002     --HOLE-- [fill = 0]
                  60102494    0000000c                                                 : CpuId_armv7r_asm.obj (.text)
                  601024a0    000004b0                                                 : printf.obj (.text._etoa)
                  60102950    00000404     drivers.am263px.r5f.ti-arm-clang.freertos.debug.lib : uart_v0.obj (.text.UART_open)
                  60102d54    00000004     libc.a : _lock.c.obj (.text._nop)
                  60102d58    00000008     --HOLE-- [fill = 0]
                  60102d60    000003dc     drivers.am263px.r5f.ti-arm-clang.freertos.debug.lib : ipc_notify_v1.obj (.text.IpcNotify_init)
                  6010313c    00000004     --HOLE-- [fill = 0]
                  60103140    000003ba     lwip-freertos.am263px.r5f.ti-arm-clang.debug.lib : udp.obj (.text.udp_sendto_if_src)
                  601034fa    00000006     --HOLE-- [fill = 0]
                  60103500    00000380                                                      : ip4_frag.obj (.text.ip4_frag)
                  60103880    00000356     drivers.am263px.r5f.ti-arm-clang.freertos.debug.lib : i2c_v1.obj (.text.I2C_open)
                  60103bd6    0000000a     --HOLE-- [fill = 0]
                  60103be0    00000326     lwip-freertos.am263px.r5f.ti-arm-clang.debug.lib : ip4.obj (.text.ip4_output_if_opt_src)
                  60103f06    0000000a     --HOLE-- [fill = 0]
                  60103f10    00000302     drivers.am263px.r5f.ti-arm-clang.freertos.debug.lib : soc.obj (.text.SOC_virtToPhy)
                  60104212    0000000e     --HOLE-- [fill = 0]
                  60104220    000002f8     lwip-freertos.am263px.r5f.ti-arm-clang.debug.lib : pbuf.obj (.text.pbuf_alloc)
                  60104518    00000008     --HOLE-- [fill = 0]
                  60104520    000002ba     drivers.am263px.r5f.ti-arm-clang.freertos.debug.lib : i2c_v1_lld.obj (.text.I2C_lld_controllerIsr)
                  601047da    00000006     --HOLE-- [fill = 0]
                  601047e0    0000029a                                                         : i2c_v1_lld.obj (.text.I2C_lld_targetIsr)
                  60104a7a    00000006     --HOLE-- [fill = 0]
                  60104a80    0000028c     xgw_udp_interface.o (.text.xgw_udp_process_motor_cmd)
                  60104d0c    00000004     --HOLE-- [fill = 0]
                  60104d10    0000027e     drivers.am263px.r5f.ti-arm-clang.freertos.debug.lib : uart_dma_edma.obj (.text.UART_edmaChInit)
                  60104f8e    00000002     --HOLE-- [fill = 0]
                  60104f90    00000266     freertos.am263px.r5f.ti-arm-clang.debug.lib : tasks.obj (.text.xTaskIncrementTick)
                  601051f6    0000000a     --HOLE-- [fill = 0]
                  60105200    0000025a                                                 : tasks.obj (.text.xTaskResumeAll)
                  6010545a    00000006     --HOLE-- [fill = 0]
                  60105460    00000250     drivers.am263px.r5f.ti-arm-clang.freertos.debug.lib : edma.obj (.text.Alloc_resource)
                  601056b0    00000242                                                         : uart_v0_lld.obj (.text.UART_fifoConfig)
                  601058f2    0000000e     --HOLE-- [fill = 0]
                  60105900    0000023e     freertos.am263px.r5f.ti-arm-clang.debug.lib : printf.obj (.text._ntoa_format)
                  60105b3e    00000002     --HOLE-- [fill = 0]
                  60105b40    0000023c     main.o (.text.ipc_process_task)
                  60105d7c    00000004     --HOLE-- [fill = 0]
                  60105d80    00000226     drivers.am263px.r5f.ti-arm-clang.freertos.debug.lib : uart_dma_edma.obj (.text.UART_lld_dmaDeInit)
                  60105fa6    0000000a     --HOLE-- [fill = 0]
                  60105fb0    00000222                                                         : ipc_notify_v1.obj (.text.IpcNotify_isr)
                  601061d2    0000000e     --HOLE-- [fill = 0]
                  601061e0    00000220     freertos.am263px.r5f.ti-arm-clang.debug.lib : tasks.obj (.text.vTaskGenericNotifyGiveFromISR)
                  60106400    00000220                                                 : queue.obj (.text.xQueueGenericSend)
                  60106620    0000020a                                                 : queue.obj (.text.xQueueSemaphoreTake)
                  6010682a    00000006     --HOLE-- [fill = 0]
                  60106830    000001fe     lwip-freertos.am263px.r5f.ti-arm-clang.debug.lib : pbuf.obj (.text.pbuf_free)
                  60106a2e    00000002     --HOLE-- [fill = 0]
                  60106a30    000001f2     drivers.am263px.r5f.ti-arm-clang.freertos.debug.lib : i2c_v1.obj (.text.I2C_primeTransfer)
                  60106c22    0000000e     --HOLE-- [fill = 0]
                  60106c30    000001f2                                                         : i2c_v1.obj (.text.I2C_transfer)
                  60106e22    0000000e     --HOLE-- [fill = 0]
                  60106e30    000001d8     freertos.am263px.r5f.ti-arm-clang.debug.lib : queue.obj (.text.xQueueReceive)
                  60107008    00000008     --HOLE-- [fill = 0]
                  60107010    000001d6                                                 : TimerP_rti_priv.obj (.text.TimerP_setupPriv)
                  601071e6    0000000a     --HOLE-- [fill = 0]
                  601071f0    000001bc                                                 : tasks.obj (.text.xTaskRemoveFromEventList)
                  601073ac    00000004     --HOLE-- [fill = 0]
                  601073b0    000001b6     main.o (.text.freertos_main)
                  60107566    0000000a     --HOLE-- [fill = 0]
                  60107570    000001ac     drivers.am263px.r5f.ti-arm-clang.freertos.debug.lib : uart_v0.obj (.text.UART_close)
                  6010771c    00000004     --HOLE-- [fill = 0]
                  60107720    000001aa                                                         : uart_dma_edma.obj (.text.UART_lld_dmaWrite)
                  601078ca    00000006     --HOLE-- [fill = 0]
                  601078d0    000001aa     lwip-freertos.am263px.r5f.ti-arm-clang.debug.lib : mem.obj (.text.mem_free)
                  60107a7a    00000002     --HOLE-- [fill = 0]
                  60107a7c    000001a8     libc.a : memory.c.obj (.text.free)
                  60107c24    000001a4            : memory.c.obj (.text.aligned_alloc)
                  60107dc8    00000008     --HOLE-- [fill = 0]
                  60107dd0    000001a4     freertos.am263px.r5f.ti-arm-clang.debug.lib : timers.obj (.text.prvProcessReceivedCommands)
                  60107f74    0000000c     --HOLE-- [fill = 0]
                  60107f80    000001a0     drivers.am263px.r5f.ti-arm-clang.freertos.debug.lib : uart_v0.obj (.text.UART_write)
                  60108120    000001a0     freertos.am263px.r5f.ti-arm-clang.debug.lib : tasks.obj (.text.vTaskSwitchContext)
                  601082c0    0000019a                                                 : tasks.obj (.text.vTaskPriorityDisinheritAfterTimeout)
                  6010845a    00000006     --HOLE-- [fill = 0]
                  60108460    00000198     drivers.am263px.r5f.ti-arm-clang.freertos.debug.lib : uart_v0_lld.obj (.text.UART_lld_controllerIsr)
                  601085f8    00000008     --HOLE-- [fill = 0]
                  60108600    00000188     freertos.am263px.r5f.ti-arm-clang.debug.lib : ClockP_freertos_r5.obj (.text.ClockP_init)
                  60108788    00000008     --HOLE-- [fill = 0]
                  60108790    00000180     main.o (.text.core0_init)
                  60108910    00000178     freertos.am263px.r5f.ti-arm-clang.debug.lib : DebugP_shmLogReader.obj (.text.DebugP_shmLogReaderGetString)
                  60108a88    00000008     --HOLE-- [fill = 0]
                  60108a90    00000178     lwip-freertos.am263px.r5f.ti-arm-clang.debug.lib : udp.obj (.text.udp_bind)
                  60108c08    00000008     --HOLE-- [fill = 0]
                  60108c10    00000172     board.am263px.r5f.ti-arm-clang.freertos.debug.lib : eeprom_cat24m.obj (.text.EEPROM_CAT24M_write)
                  60108d82    0000000e     --HOLE-- [fill = 0]
                  60108d90    00000172     lwip-freertos.am263px.r5f.ti-arm-clang.debug.lib : ip4.obj (.text.ip4_route)
                  60108f02    0000000e     --HOLE-- [fill = 0]
                  60108f10    00000170     freertos.am263px.r5f.ti-arm-clang.debug.lib : queue.obj (.text.xQueueGiveFromISR)
                  60109080    0000016c     xgw_udp_interface.o (.text.xgw_udp_send_motor_states)
                  601091ec    00000004     --HOLE-- [fill = 0]
                  601091f0    00000166     drivers.am263px.r5f.ti-arm-clang.freertos.debug.lib : i2c_v1_lld.obj (.text.I2C_lld_primeTransferIntr)
                  60109356    0000000a     --HOLE-- [fill = 0]
                  60109360    00000166     lwip-freertos.am263px.r5f.ti-arm-clang.debug.lib : mem.obj (.text.mem_malloc)
                  601094c6    0000000a     --HOLE-- [fill = 0]
                  601094d0    00000162     drivers.am263px.r5f.ti-arm-clang.freertos.debug.lib : edma.obj (.text.EDMA_unregisterIntr)
                  60109632    0000000e     --HOLE-- [fill = 0]
                  60109640    00000160                                                         : i2c_v1_lld.obj (.text.I2C_lld_init)
                  601097a0    00000160     main.o (.text.build_and_send_udp_packet)
                  60109900    00000160     lwip-freertos.am263px.r5f.ti-arm-clang.debug.lib : inet_chksum.obj (.text.inet_cksum_pseudo_partial_base)
                  60109a60    0000015c     freertos.am263px.r5f.ti-arm-clang.debug.lib : tasks.obj (.text.prvAddNewTaskToReadyList)
                  60109bbc    00000004     --HOLE-- [fill = 0]
                  60109bc0    0000015c                                                 : tasks.obj (.text.xTaskPriorityInherit)
                  60109d1c    00000004     --HOLE-- [fill = 0]
                  60109d20    00000158     drivers.am263px.r5f.ti-arm-clang.freertos.debug.lib : soc.obj (.text.SOC_controlModuleUnlockMMR)
                  60109e78    00000008     --HOLE-- [fill = 0]
                  60109e80    00000152                                                         : uart_v0_lld.obj (.text.UART_lld_initDma)
                  60109fd2    0000000e     --HOLE-- [fill = 0]
                  60109fe0    0000014e     lwip-freertos.am263px.r5f.ti-arm-clang.debug.lib : sys_arch.obj (.text.sys_arch_unprotect)
                  6010a12e    00000002     --HOLE-- [fill = 0]
                  6010a130    0000014e     freertos.am263px.r5f.ti-arm-clang.debug.lib : tasks.obj (.text.xTaskPriorityDisinherit)
                  6010a27e    00000002     --HOLE-- [fill = 0]
                  6010a280    0000014c                                                 : queue.obj (.text.xQueueReceiveFromISR)
                  6010a3cc    00000004     --HOLE-- [fill = 0]
                  6010a3d0    00000148     lwip-freertos.am263px.r5f.ti-arm-clang.debug.lib : udp.obj (.text.udp_sendto)
                  6010a518    00000008     --HOLE-- [fill = 0]
                  6010a520    00000144     freertos.am263px.r5f.ti-arm-clang.debug.lib : tasks.obj (.text.prvInitialiseNewTask)
                  6010a664    0000000c     --HOLE-- [fill = 0]
                  6010a670    00000140     lwip-freertos.am263px.r5f.ti-arm-clang.debug.lib : pbuf.obj (.text.pbuf_cat)
                  6010a7b0    0000013e     drivers.am263px.r5f.ti-arm-clang.freertos.debug.lib : i2c_v1.obj (.text.I2C_mem_primeTransfer)
                  6010a8ee    00000002     --HOLE-- [fill = 0]
                  6010a8f0    0000013e     lwip-freertos.am263px.r5f.ti-arm-clang.debug.lib : pbuf.obj (.text.pbuf_copy_partial)
                  6010aa2e    00000002     --HOLE-- [fill = 0]
                  6010aa30    0000013a     drivers.am263px.r5f.ti-arm-clang.freertos.debug.lib : edma.obj (.text.EDMA_isDmaChannelAllocated)
                  6010ab6a    00000006     --HOLE-- [fill = 0]
                  6010ab70    0000013a                                                         : i2c_v1_lld.obj (.text.I2C_lld_mem_write)
                  6010acaa    00000006     --HOLE-- [fill = 0]
                  6010acb0    00000138     freertos.am263px.r5f.ti-arm-clang.debug.lib : printf.obj (.text._ntoa_long_long)
                  6010ade8    00000008     --HOLE-- [fill = 0]
                  6010adf0    00000136     drivers.am263px.r5f.ti-arm-clang.freertos.debug.lib : uart_v0_lld.obj (.text.UART_procLineStatusErr)
                  6010af26    0000000a     --HOLE-- [fill = 0]
                  6010af30    00000134                                                         : edma.obj (.text.EDMA_registerIntr)
                  6010b064    0000000c     --HOLE-- [fill = 0]
                  6010b070    00000134                                                         : uart_v0_lld.obj (.text.UART_writePolling)
                  6010b1a4    0000000c     --HOLE-- [fill = 0]
                  6010b1b0    00000134     freertos.am263px.r5f.ti-arm-clang.debug.lib : tasks.obj (.text.vTaskDelete)
                  6010b2e4    0000000c     --HOLE-- [fill = 0]
                  6010b2f0    0000012c     drivers.am263px.r5f.ti-arm-clang.freertos.debug.lib : i2c_v1_lld.obj (.text.I2C_lld_mem_read)
                  6010b41c    00000004     --HOLE-- [fill = 0]
                  6010b420    0000012c                                                         : uart_v0_lld.obj (.text.UART_lld_init)
                  6010b54c    00000004     --HOLE-- [fill = 0]
                  6010b550    0000012c     freertos.am263px.r5f.ti-arm-clang.debug.lib : tasks.obj (.text.ulTaskGenericNotifyTake)
                  6010b67c    00000004     --HOLE-- [fill = 0]
                  6010b680    00000128     drivers.am263px.r5f.ti-arm-clang.freertos.debug.lib : i2c_v1_lld.obj (.text.I2C_lld_mem_writeIntr)
                  6010b7a8    00000008     --HOLE-- [fill = 0]
                  6010b7b0    00000128     freertos.am263px.r5f.ti-arm-clang.debug.lib : port.obj (.text.pxPortInitialiseStack)
                  6010b8d8    00000008     --HOLE-- [fill = 0]
                  6010b8e0    00000126     drivers.am263px.r5f.ti-arm-clang.freertos.debug.lib : soc.obj (.text.SOC_controlModuleLockMMR)
                  6010ba06    0000000a     --HOLE-- [fill = 0]
                  6010ba10    00000120                                                         : soc_rcm.obj (.text.SOC_rcmGetPeripheralClockFrequency)
                  6010bb30    0000011e     lwip-freertos.am263px.r5f.ti-arm-clang.debug.lib : pbuf.obj (.text.pbuf_add_header_impl)
                  6010bc4e    00000002     --HOLE-- [fill = 0]
                  6010bc50    0000011e     freertos.am263px.r5f.ti-arm-clang.debug.lib : tasks.obj (.text.xTaskDelayUntil)
                  6010bd6e    00000002     --HOLE-- [fill = 0]
                  6010bd70    0000011c     drivers.am263px.r5f.ti-arm-clang.freertos.debug.lib : uart_dma_edma.obj (.text.UART_lld_dmaRead)
                  6010be8c    00000004     --HOLE-- [fill = 0]
                  6010be90    0000011a                                                         : i2c_v1_lld.obj (.text.I2C_lld_mem_readIntr)
                  6010bfaa    00000006     --HOLE-- [fill = 0]
                  6010bfb0    00000118     lwip-freertos.am263px.r5f.ti-arm-clang.debug.lib : sys_arch.obj (.text.sys_mbox_trypost)
                  6010c0c8    00000118     libclang_rt.builtins.a : udivmoddi4.S.obj (.text)
                  6010c1e0    00000116     drivers.am263px.r5f.ti-arm-clang.freertos.debug.lib : edma.obj (.text.EDMA_isTccAllocated)
                  6010c2f6    0000000a     --HOLE-- [fill = 0]
                  6010c300    00000116                                                         : uart_v0_lld.obj (.text.UART_divisorLatchWrite)
                  6010c416    0000000a     --HOLE-- [fill = 0]
                  6010c420    00000114     freertos.am263px.r5f.ti-arm-clang.debug.lib : printf.obj (.text._ntoa_long)
                  6010c534    0000000c     --HOLE-- [fill = 0]
                  6010c540    00000110                                                 : DebugP_shmLogReader.obj (.text.DebugP_shmLogRead)
                  6010c650    00000110                                                 : DebugP_shmLogReader.obj (.text.DebugP_shmLogReaderTaskMain)
                  6010c760    00000110     xgw_udp_interface.o (.text.xgw_udp_recv_callback)
                  6010c870    0000010e     drivers.am263px.r5f.ti-arm-clang.freertos.debug.lib : soc_rcm.obj (.text.SOC_rcmADPLLJGetFOut)
                  6010c97e    00000002     --HOLE-- [fill = 0]
                  6010c980    0000010e     lwip-freertos.am263px.r5f.ti-arm-clang.debug.lib : udp.obj (.text.udp_sendto_if)
                  6010ca8e    00000002     --HOLE-- [fill = 0]
                  6010ca90    0000010e     freertos.am263px.r5f.ti-arm-clang.debug.lib : queue.obj (.text.xQueueGenericReset)
                  6010cb9e    00000002     --HOLE-- [fill = 0]
                  6010cba0    0000010c     lwip-freertos.am263px.r5f.ti-arm-clang.debug.lib : sys_arch.obj (.text.sys_arch_protect)
                  6010ccac    00000004     --HOLE-- [fill = 0]
                  6010ccb0    0000010a     drivers.am263px.r5f.ti-arm-clang.freertos.debug.lib : ipc_notify_v1.obj (.text.IpcNotify_sendMsg)
                  6010cdba    00000006     --HOLE-- [fill = 0]
                  6010cdc0    00000106     freertos.am263px.r5f.ti-arm-clang.debug.lib : tasks.obj (.text.prvAddCurrentTaskToDelayedList)
                  6010cec6    0000000a     --HOLE-- [fill = 0]
                  6010ced0    00000104     drivers.am263px.r5f.ti-arm-clang.freertos.debug.lib : i2c_v1.obj (.text.I2C_close)
                  6010cfd4    0000000c     --HOLE-- [fill = 0]
                  6010cfe0    00000104                                                         : uart_v0_lld.obj (.text.UART_configInstance)
                  6010d0e4    0000000c     --HOLE-- [fill = 0]
                  6010d0f0    000000f8     xgw_udp_interface.o (.text.xgw_udp_rx_task)
                  6010d1e8    00000008     --HOLE-- [fill = 0]
                  6010d1f0    000000f4     freertos.am263px.r5f.ti-arm-clang.debug.lib : tasks.obj (.text.prvCreateStaticTask)
                  6010d2e4    0000000c     --HOLE-- [fill = 0]
                  6010d2f0    000000f0     drivers.am263px.r5f.ti-arm-clang.freertos.debug.lib : i2c_v1.obj (.text.I2C_LLD_targetTransferCompleteCallback)
                  6010d3e0    000000ec     freertos.am263px.r5f.ti-arm-clang.debug.lib : queue.obj (.text.xQueueGenericCreateStatic)
                  6010d4cc    00000004     --HOLE-- [fill = 0]
                  6010d4d0    000000ea     drivers.am263px.r5f.ti-arm-clang.freertos.debug.lib : i2c_v1_lld.obj (.text.I2C_lld_targetTransferIntr)
                  6010d5ba    00000006     --HOLE-- [fill = 0]
                  6010d5c0    000000e6                                                         : soc_rcm.obj (.text.SOC_rcmGetCoreFout)
                  6010d6a6    0000000a     --HOLE-- [fill = 0]
                  6010d6b0    000000e6                                                         : soc_rcm.obj (.text.SOC_rcmGetPerFout)
                  6010d796    0000000a     --HOLE-- [fill = 0]
                  6010d7a0    000000e4                                                         : edma.obj (.text.EDMA_freeChannelRegion)
                  6010d884    0000000c     --HOLE-- [fill = 0]
                  6010d890    000000e2                                                         : edma.obj (.text.EDMA_freeParam)
                  6010d972    0000000e     --HOLE-- [fill = 0]
                  6010d980    000000e0                                                         : edma.obj (.text.EDMA_freeDmaChannel)
                  6010da60    000000e0                                                         : edma.obj (.text.EDMA_freeTcc)
                  6010db40    000000e0     freertos.am263px.r5f.ti-arm-clang.debug.lib : tasks.obj (.text.xTaskCheckForTimeOut)
                  6010dc20    000000de     drivers.am263px.r5f.ti-arm-clang.freertos.debug.lib : uart_v0_lld.obj (.text.UART_intrEnable)
                  6010dcfe    00000002     --HOLE-- [fill = 0]
                  6010dd00    000000da                                                         : uart_v0_lld.obj (.text.UART_intrDisable)
                  6010ddda    00000006     --HOLE-- [fill = 0]
                  6010dde0    000000d2                                                         : uart_v0_lld.obj (.text.UART_lld_write)
                  6010deb2    0000000e     --HOLE-- [fill = 0]
                  6010dec0    000000d0     freertos.am263px.r5f.ti-arm-clang.debug.lib : AddrTranslateP_32bit.obj (.text.AddrTranslateP_getLocalAddr)
                  6010df90    000000ce     drivers.am263px.r5f.ti-arm-clang.freertos.debug.lib : edma.obj (.text.EDMA_disableChInShadowRegRegion)
                  6010e05e    00000002     --HOLE-- [fill = 0]
                  6010e060    000000ce                                                         : uart_v0_lld.obj (.text.UART_lld_writeDma)
                  6010e12e    00000002     --HOLE-- [fill = 0]
                  6010e130    000000cc                                                         : edma.obj (.text.EDMA_enableChInShadowRegRegion)
                  6010e1fc    00000004     --HOLE-- [fill = 0]
                  6010e200    000000cc     freertos.am263px.r5f.ti-arm-clang.debug.lib : queue.obj (.text.prvCopyDataToQueue)
                  6010e2cc    00000004     --HOLE-- [fill = 0]
                  6010e2d0    000000ca                                                 : ClockP_freertos.obj (.text.ClockP_getTimeUsec)
                  6010e39a    00000006     --HOLE-- [fill = 0]
                  6010e3a0    000000c8                                                 : tasks.obj (.text.prvCreateIdleTasks)
                  6010e468    00000008     --HOLE-- [fill = 0]
                  6010e470    000000c8     xgw_udp_interface.o (.text.xgw_udp_process_motor_set)
                  6010e538    00000008     --HOLE-- [fill = 0]
                  6010e540    000000c6     drivers.am263px.r5f.ti-arm-clang.freertos.debug.lib : uart_v0_lld.obj (.text.UART_lld_writeIntr)
                  6010e606    0000000a     --HOLE-- [fill = 0]
                  6010e610    000000c4                                                         : edma.obj (.text.EDMA_mapChToEvtQ)
                  6010e6d4    0000000c     --HOLE-- [fill = 0]
                  6010e6e0    000000c4     board.am263px.r5f.ti-arm-clang.freertos.debug.lib : eeprom_cat24m.obj (.text.EEPROM_CAT24M_read)
                  6010e7a4    0000000c     --HOLE-- [fill = 0]
                  6010e7b0    000000c2     gateway_shared.o (.text.gateway_core0_ipc_callback)
                  6010e872    0000000e     --HOLE-- [fill = 0]
                  6010e880    000000c2     freertos.am263px.r5f.ti-arm-clang.debug.lib : queue.obj (.text.vQueueAddToRegistry)
                  6010e942    0000000e     --HOLE-- [fill = 0]
                  6010e950    000000c0     drivers.am263px.r5f.ti-arm-clang.freertos.debug.lib : edma.obj (.text.EDMA_configureChannelRegion)
                  6010ea10    000000c0                                                         : soc_rcm.obj (.text.SOC_rcmGetPerHSDivOut)
                  6010ead0    000000c0                                                         : uart_v0.obj (.text.UART_flushTxFifo)
                  6010eb90    000000c0     freertos.am263px.r5f.ti-arm-clang.debug.lib : printf.obj (.text._out_rev)
                  6010ec50    000000c0     lwip-freertos.am263px.r5f.ti-arm-clang.debug.lib : inet_chksum.obj (.text.inet_cksum_pseudo_base)
                  6010ed10    000000be                                                      : memp.obj (.text.do_memp_malloc_pool)
                  6010edce    00000002     --HOLE-- [fill = 0]
                  6010edd0    000000ba     drivers.am263px.r5f.ti-arm-clang.freertos.debug.lib : ipc_notify_v1.obj (.text.IpcNotify_waitSync)
                  6010ee8a    00000006     --HOLE-- [fill = 0]
                  6010ee90    000000ba     freertos.am263px.r5f.ti-arm-clang.debug.lib : PmuP_armv7r.obj (.text.pmu)
                  6010ef4a    00000006     --HOLE-- [fill = 0]
                  6010ef50    000000b6     drivers.am263px.r5f.ti-arm-clang.freertos.debug.lib : uart_v0_lld.obj (.text.UART_fifoWrite)
                  6010f006    0000000a     --HOLE-- [fill = 0]
                  6010f010    000000b6     gateway_shared.o (.text.gateway_write_motor_commands)
                  6010f0c6    0000000a     --HOLE-- [fill = 0]
                  6010f0d0    000000b2     lwip-freertos.am263px.r5f.ti-arm-clang.debug.lib : ip4_frag.obj (.text.ipfrag_free_pbuf_custom)
                  6010f182    0000000e     --HOLE-- [fill = 0]
                  6010f190    000000b0     drivers.am263px.r5f.ti-arm-clang.freertos.debug.lib : soc_rcm.obj (.text.SOC_rcmSetPeripheralClock)
                  6010f240    000000b0                                                         : uart_v0.obj (.text.UART_init)
                  6010f2f0    000000ae     main.o (.text.ipc_notify_callback_fxn)
                  6010f39e    00000002     --HOLE-- [fill = 0]
                  6010f3a0    000000ae     freertos.am263px.r5f.ti-arm-clang.debug.lib : queue.obj (.text.prvUnlockQueue)
                  6010f44e    00000002     --HOLE-- [fill = 0]
                  6010f450    000000ae     lwip-freertos.am263px.r5f.ti-arm-clang.debug.lib : tcpip.obj (.text.tcpip_try_callback)
                  6010f4fe    00000002     --HOLE-- [fill = 0]
                  6010f500    000000ae     freertos.am263px.r5f.ti-arm-clang.debug.lib : tasks.obj (.text.vTaskExitCritical)
                  6010f5ae    00000002     --HOLE-- [fill = 0]
                  6010f5b0    000000aa     lwip-freertos.am263px.r5f.ti-arm-clang.debug.lib : inet_chksum.obj (.text.lwip_standard_chksum)
                  6010f65a    00000006     --HOLE-- [fill = 0]
                  6010f660    000000aa     xgw_protocol.o (.text.xgw_crc32_calculate)
                  6010f70a    00000006     --HOLE-- [fill = 0]
                  6010f710    000000a8     ti_board_open_close.o (.text.Board_eepromOpen)
                  6010f7b8    00000008     --HOLE-- [fill = 0]
                  6010f7c0    000000a8     ti_drivers_open_close.o (.text.Drivers_i2cOpen)
                  6010f868    00000008     --HOLE-- [fill = 0]
                  6010f870    000000a8     ti_drivers_open_close.o (.text.Drivers_uartOpen)
                  6010f918    00000008     --HOLE-- [fill = 0]
                  6010f920    000000a4     lwip-freertos.am263px.r5f.ti-arm-clang.debug.lib : pbuf.obj (.text.pbuf_alloc_reference)
                  6010f9c4    000000a4     libc.a : memory.c.obj (.text.split)
                  6010fa68    00000008     --HOLE-- [fill = 0]
                  6010fa70    000000a2     freertos.am263px.r5f.ti-arm-clang.debug.lib : timers.obj (.text.prvCheckForValidListAndQueue)
                  6010fb12    0000000e     --HOLE-- [fill = 0]
                  6010fb20    000000a0     drivers.am263px.r5f.ti-arm-clang.freertos.debug.lib : soc_rcm.obj (.text.SOC_rcmGetCoreHSDivOut)
                  6010fbc0    0000009e     freertos.am263px.r5f.ti-arm-clang.debug.lib : timers.obj (.text.xTimerCreateTimerTask)
                  6010fc5e    00000002     --HOLE-- [fill = 0]
                  6010fc60    0000009c     gateway_shared.o (.text.gateway_read_motor_states)
                  6010fcfc    00000004     --HOLE-- [fill = 0]
                  6010fd00    0000009c     xgw_udp_interface.o (.text.xgw_udp_start)
                  6010fd9c    00000004     --HOLE-- [fill = 0]
                  6010fda0    0000009a     lwip-freertos.am263px.r5f.ti-arm-clang.debug.lib : udp.obj (.text.udp_new_port)
                  6010fe3a    00000006     --HOLE-- [fill = 0]
                  6010fe40    00000098     drivers.am263px.r5f.ti-arm-clang.freertos.debug.lib : ipc_notify_v1.obj (.text.IpcNotify_registerClient)
                  6010fed8    00000008     --HOLE-- [fill = 0]
                  6010fee0    00000098     lwip-freertos.am263px.r5f.ti-arm-clang.debug.lib : pbuf.obj (.text.pbuf_alloced_custom)
                  6010ff78    00000008     --HOLE-- [fill = 0]
                  6010ff80    00000096     drivers.am263px.r5f.ti-arm-clang.freertos.debug.lib : uart_v0_lld.obj (.text.UART_subConfigTCRTLRModeEn)
                  60110016    0000000a     --HOLE-- [fill = 0]
                  60110020    00000096     lwip-freertos.am263px.r5f.ti-arm-clang.debug.lib : udp.obj (.text.udp_remove)
                  601100b6    0000000a     --HOLE-- [fill = 0]
                  601100c0    00000094     freertos.am263px.r5f.ti-arm-clang.debug.lib : tasks.obj (.text.vTaskStartScheduler)
                  60110154    0000000c     --HOLE-- [fill = 0]
                  60110160    00000092     drivers.am263px.r5f.ti-arm-clang.freertos.debug.lib : edma.obj (.text.EDMA_unmapChToEvtQ)
                  601101f2    0000000e     --HOLE-- [fill = 0]
                  60110200    00000092                                                         : i2c_v1_lld.obj (.text.I2CControllerInitExpClk)
                  60110292    0000000e     --HOLE-- [fill = 0]
                  601102a0    00000092     freertos.am263px.r5f.ti-arm-clang.debug.lib : DebugP_freertos.obj (.text._DebugP_logZone)
                  60110332    0000000e     --HOLE-- [fill = 0]
                  60110340    0000008e     main.o (.text.main)
                  601103ce    00000002     --HOLE-- [fill = 0]
                  601103d0    0000008e     freertos.am263px.r5f.ti-arm-clang.debug.lib : tasks.obj (.text.prvCreateTask)
                  6011045e    00000002     --HOLE-- [fill = 0]
                  60110460    0000008e                                                 : tasks.obj (.text.prvInitialiseTaskLists)
                  601104ee    00000002     --HOLE-- [fill = 0]
                  601104f0    0000008c     drivers.am263px.r5f.ti-arm-clang.freertos.debug.lib : edma.obj (.text.EDMA_disableTransferRegion)
                  6011057c    00000004     --HOLE-- [fill = 0]
                  60110580    0000008c                                                         : edma.obj (.text.EDMA_enableTransferRegion)
                  6011060c    00000004     --HOLE-- [fill = 0]
                  60110610    0000008c     freertos.am263px.r5f.ti-arm-clang.debug.lib : SemaphoreP_freertos.obj (.text.SemaphoreP_pend)
                  6011069c    00000004     --HOLE-- [fill = 0]
                  601106a0    0000008c     drivers.am263px.r5f.ti-arm-clang.freertos.debug.lib : uart_v0_lld.obj (.text.UART_writeCancelNoCB)
                  6011072c    00000004     --HOLE-- [fill = 0]
                  60110730    0000008a     freertos.am263px.r5f.ti-arm-clang.debug.lib : tasks.obj (.text.vTaskPlaceOnEventListRestricted)
                  601107ba    00000006     --HOLE-- [fill = 0]
                  601107c0    00000088     drivers.am263px.r5f.ti-arm-clang.freertos.debug.lib : uart_dma_edma.obj (.text.UART_edmaIsrRx)
                  60110848    00000008     --HOLE-- [fill = 0]
                  60110850    00000088                                                         : uart_dma_edma.obj (.text.UART_edmaIsrTx)
                  601108d8    00000008     --HOLE-- [fill = 0]
                  601108e0    00000088     gateway_shared.o (.text.gateway_write_test_data)
                  60110968    00000008     --HOLE-- [fill = 0]
                  60110970    00000086     drivers.am263px.r5f.ti-arm-clang.freertos.debug.lib : uart_v0_lld.obj (.text.UART_lld_flushTxFifo)
                  601109f6    0000000a     --HOLE-- [fill = 0]
                  60110a00    00000086                                                         : uart_v0_lld.obj (.text.UART_tcrTlrBitValRestore)
                  60110a86    0000000a     --HOLE-- [fill = 0]
                  60110a90    00000086     freertos.am263px.r5f.ti-arm-clang.debug.lib : timers.obj (.text.prvInsertTimerInActiveList)
                  60110b16    0000000a     --HOLE-- [fill = 0]
                  60110b20    00000086                                                 : timers.obj (.text.prvProcessTimerOrBlockTask)
                  60110ba6    0000000a     --HOLE-- [fill = 0]
                  60110bb0    00000086     lwip-freertos.am263px.r5f.ti-arm-clang.debug.lib : sys_arch.obj (.text.sys_check_core_locking)
                  60110c36    0000000a     --HOLE-- [fill = 0]
                  60110c40    00000082     drivers.am263px.r5f.ti-arm-clang.freertos.debug.lib : edma.obj (.text.EDMA_allocDmaChannel)
                  60110cc2    0000000e     --HOLE-- [fill = 0]
                  60110cd0    00000082                                                         : edma.obj (.text.EDMA_allocParam)
                  60110d52    0000000e     --HOLE-- [fill = 0]
                  60110d60    00000082                                                         : edma.obj (.text.EDMA_allocTcc)
                  60110de2    0000000e     --HOLE-- [fill = 0]
                  60110df0    00000082                                                         : edma.obj (.text.EDMA_disableTccInShadowRegRegion)
                  60110e72    0000000e     --HOLE-- [fill = 0]
                  60110e80    00000082                                                         : edma.obj (.text.EDMA_enableTccInShadowRegRegion)
                  60110f02    0000000e     --HOLE-- [fill = 0]
                  60110f10    00000082                                                         : ipc_notify_v1.obj (.text.IpcNotify_syncAll)
                  60110f92    0000000e     --HOLE-- [fill = 0]
                  60110fa0    00000080     board.am263px.r5f.ti-arm-clang.freertos.debug.lib : eeprom_cat24m.obj (.text.EEPROM_CAT24M_open)
                  60111020    00000080     freertos.am263px.r5f.ti-arm-clang.debug.lib : SemaphoreP_freertos.obj (.text.SemaphoreP_constructBinary)
                  601110a0    00000080     drivers.am263px.r5f.ti-arm-clang.freertos.debug.lib : uart_v0_lld.obj (.text.UART_moduleReset)
                  60111120    00000080     lwip-freertos.am263px.r5f.ti-arm-clang.debug.lib : memp.obj (.text.do_memp_free_pool)
                  601111a0    00000080                                                      : inet_chksum.obj (.text.inet_chksum_pseudo_partial)
                  60111220    0000007e     drivers.am263px.r5f.ti-arm-clang.freertos.debug.lib : i2c_v1_lld.obj (.text.I2C_lld_transferInit)
                  6011129e    00000002     --HOLE-- [fill = 0]
                  601112a0    0000007e                                                         : uart_v0_lld.obj (.text.UART_readData)
                  6011131e    00000002     --HOLE-- [fill = 0]
                  60111320    0000007e     gateway_shared.o (.text.gateway_read_test_data)
                  6011139e    00000002     --HOLE-- [fill = 0]
                  601113a0    0000007c     freertos.am263px.r5f.ti-arm-clang.debug.lib : DebugP_log.obj (.text._DebugP_assert)
                  6011141c    00000004     --HOLE-- [fill = 0]
                  60111420    0000007c                                                 : queue.obj (.text.vQueueUnregisterQueue)
                  6011149c    00000004     --HOLE-- [fill = 0]
                  601114a0    0000007a     drivers.am263px.r5f.ti-arm-clang.freertos.debug.lib : i2c_v1.obj (.text.I2C_completeCurrTransfer)
                  6011151a    00000006     --HOLE-- [fill = 0]
                  60111520    0000007a                                                         : ipc_notify_v1.obj (.text.IpcNotify_mailboxWrite)
                  6011159a    00000006     --HOLE-- [fill = 0]
                  601115a0    0000007a     ti_drivers_config.o (.text.System_init)
                  6011161a    00000006     --HOLE-- [fill = 0]
                  60111620    0000007a     drivers.am263px.r5f.ti-arm-clang.freertos.debug.lib : uart_v0.obj (.text.UART_Params_init)
                  6011169a    00000006     --HOLE-- [fill = 0]
                  601116a0    00000078                                                         : edma.obj (.text.EDMA_linkChannel)
                  60111718    00000008     --HOLE-- [fill = 0]
                  60111720    00000078                                                         : i2c_v1_lld.obj (.text.I2C_lld_completeCurrTransfer)
                  60111798    00000008     --HOLE-- [fill = 0]
                  601117a0    00000078     freertos.am263px.r5f.ti-arm-clang.debug.lib : queue.obj (.text.xQueueTakeMutexRecursive)
                  60111818    00000008     --HOLE-- [fill = 0]
                  60111820    00000076                                                 : queue.obj (.text.xQueueGiveMutexRecursive)
                  60111896    0000000a     --HOLE-- [fill = 0]
                  601118a0    00000074                                                 : ClockP_freertos.obj (.text.ClockP_usleep)
                  60111914    0000000c     --HOLE-- [fill = 0]
                  60111920    00000074     drivers.am263px.r5f.ti-arm-clang.freertos.debug.lib : uart_v0_lld.obj (.text.UART_IsBaseAddrValid)
                  60111994    0000000c     --HOLE-- [fill = 0]
                  601119a0    00000072                                                         : edma.obj (.text.EDMA_clrMissEvtRegion)
                  60111a12    0000000e     --HOLE-- [fill = 0]
                  60111a20    00000072                                                         : ipc_notify_v1.obj (.text.IpcNotify_makeMsg)
                  60111a92    0000000e     --HOLE-- [fill = 0]
                  60111aa0    00000072     lwip-freertos.am263px.r5f.ti-arm-clang.debug.lib : pbuf.obj (.text.pbuf_ref)
                  60111b12    0000000e     --HOLE-- [fill = 0]
                  60111b20    0000006e                                                      : inet_chksum.obj (.text.inet_chksum_pseudo)
                  60111b8e    00000002     --HOLE-- [fill = 0]
                  60111b90    0000006e     freertos.am263px.r5f.ti-arm-clang.debug.lib : tasks.obj (.text.prvDeleteTCB)
                  60111bfe    00000002     --HOLE-- [fill = 0]
                  60111c00    0000006c                                                 : DebugP_shmLogReader.obj (.text.DebugP_shmLogReaderInit)
                  60111c6c    00000004     --HOLE-- [fill = 0]
                  60111c70    0000006c     log_reader_task.o (.text.log_reader_task_create)
                  60111cdc    00000004     --HOLE-- [fill = 0]
                  60111ce0    0000006c     freertos.am263px.r5f.ti-arm-clang.debug.lib : tasks.obj (.text.vTaskDelay)
                  60111d4c    00000004     --HOLE-- [fill = 0]
                  60111d50    0000006c                                                 : tasks.obj (.text.vTaskEnterCritical)
                  60111dbc    00000004     --HOLE-- [fill = 0]
                  60111dc0    0000006a     drivers.am263px.r5f.ti-arm-clang.freertos.debug.lib : ipc_notify_v1.obj (.text.IpcNotify_mailboxReadSwQ)
                  60111e2a    00000006     --HOLE-- [fill = 0]
                  60111e30    0000006a     freertos.am263px.r5f.ti-arm-clang.debug.lib : list.obj (.text.vListInsert)
                  60111e9a    00000006     --HOLE-- [fill = 0]
                  60111ea0    00000068     drivers.am263px.r5f.ti-arm-clang.freertos.debug.lib : edma.obj (.text.EDMA_getBaseAddr)
                  60111f08    00000008     --HOLE-- [fill = 0]
                  60111f10    00000068                                                         : uart_v0_lld.obj (.text.UART_divisorValCompute)
                  60111f78    00000008     --HOLE-- [fill = 0]
                  60111f80    00000066     board.am263px.r5f.ti-arm-clang.freertos.debug.lib : eeprom.obj (.text.EEPROM_open)
                  60111fe6    0000000a     --HOLE-- [fill = 0]
                  60111ff0    00000066     drivers.am263px.r5f.ti-arm-clang.freertos.debug.lib : i2c_v1.obj (.text.I2C_init)
                  60112056    0000000a     --HOLE-- [fill = 0]
                  60112060    00000066     freertos.am263px.r5f.ti-arm-clang.debug.lib : SemaphoreP_freertos.obj (.text.SemaphoreP_post)
                  601120c6    0000000a     --HOLE-- [fill = 0]
                  601120d0    00000064     drivers.am263px.r5f.ti-arm-clang.freertos.debug.lib : soc_rcm.obj (.text.SOC_rcmGetR5Clock)
                  60112134    0000000c     --HOLE-- [fill = 0]
                  60112140    00000064                                                         : soc_rcm.obj (.text.SOC_rcmIsR5FInLockStepMode)
                  601121a4    0000000c     --HOLE-- [fill = 0]
                  601121b0    00000064                                                         : uart_v0_lld.obj (.text.UART_fifoRegisterWrite)
                  60112214    0000000c     --HOLE-- [fill = 0]
                  60112220    00000064                                                         : uart_v0_lld.obj (.text.UART_lld_deInitDma)
                  60112284    0000000c     --HOLE-- [fill = 0]
                  60112290    00000064     freertos.am263px.r5f.ti-arm-clang.debug.lib : TaskP_freertos.obj (.text.vApplicationLoadHook)
                  601122f4    0000000c     --HOLE-- [fill = 0]
                  60112300    00000064                                                 : queue.obj (.text.vQueueWaitForMessageRestricted)
                  60112364    0000000c     --HOLE-- [fill = 0]
                  60112370    00000062     drivers.am263px.r5f.ti-arm-clang.freertos.debug.lib : soc_rcm.obj (.text.SOC_rcmInsert16)
                  601123d2    0000000e     --HOLE-- [fill = 0]
                  601123e0    00000062     xgw_protocol.o (.text.xgw_header_init)
                  60112442    0000000e     --HOLE-- [fill = 0]
                  60112450    00000060     drivers.am263px.r5f.ti-arm-clang.freertos.debug.lib : uart_v0_lld.obj (.text.UART_getChar)
                  601124b0    00000060                                                         : uart_v0_lld.obj (.text.UART_writeData)
                  60112510    00000060     lwip-freertos.am263px.r5f.ti-arm-clang.debug.lib : pbuf.obj (.text.pbuf_pool_is_empty)
                  60112570    0000005e     freertos.am263px.r5f.ti-arm-clang.debug.lib : SemaphoreP_freertos.obj (.text.SemaphoreP_constructMutex)
                  601125ce    00000002     --HOLE-- [fill = 0]
                  601125d0    0000005e     gateway_shared.o (.text.gateway_notify_test_data_ready)
                  6011262e    00000002     --HOLE-- [fill = 0]
                  60112630    0000005e     lwip-freertos.am263px.r5f.ti-arm-clang.debug.lib : pbuf.obj (.text.pbuf_init_alloced_pbuf)
                  6011268e    00000002     --HOLE-- [fill = 0]
                  60112690    0000005c     ti_power_clock_config.o (.text.Module_clockSetFrequency)
                  601126ec    00000004     --HOLE-- [fill = 0]
                  601126f0    0000005c     drivers.am263px.r5f.ti-arm-clang.freertos.debug.lib : uart_v0_lld.obj (.text.UART_lld_deInit)
                  6011274c    00000004     --HOLE-- [fill = 0]
                  60112750    0000005c     freertos.am263px.r5f.ti-arm-clang.debug.lib : tasks.obj (.text.xTaskCreateStatic)
                  601127ac    00000004     --HOLE-- [fill = 0]
                  601127b0    0000005a     drivers.am263px.r5f.ti-arm-clang.freertos.debug.lib : uart_dma_edma.obj (.text.UART_lld_dmaDisableChannel)
                  6011280a    00000006     --HOLE-- [fill = 0]
                  60112810    0000005a                                                         : uart_v0_lld.obj (.text.UART_regConfigModeEnable)
                  6011286a    00000006     --HOLE-- [fill = 0]
                  60112870    0000005a     lwip-freertos.am263px.r5f.ti-arm-clang.debug.lib : netif.obj (.text.netif_get_by_index)
                  601128ca    00000006     --HOLE-- [fill = 0]
                  601128d0    0000005a     freertos.am263px.r5f.ti-arm-clang.debug.lib : tasks.obj (.text.prvCheckTasksWaitingTermination)
                  6011292a    00000006     --HOLE-- [fill = 0]
                  60112930    00000058     drivers.am263px.r5f.ti-arm-clang.freertos.debug.lib : soc_rcm.obj (.text.SOC_rcmGetModuleClkDivVal)
                  60112988    00000008     --HOLE-- [fill = 0]
                  60112990    00000058                                                         : uart_v0.obj (.text.UART_getHandle)
                  601129e8    00000008     --HOLE-- [fill = 0]
                  601129f0    00000058     lwip-freertos.am263px.r5f.ti-arm-clang.debug.lib : ip4.obj (.text.ip4_output_if_src)
                  60112a48    00000008     --HOLE-- [fill = 0]
                  60112a50    00000058     main.o (.text.udp_tx_task)
                  60112aa8    00000008     --HOLE-- [fill = 0]
                  60112ab0    00000056     drivers.am263px.r5f.ti-arm-clang.freertos.debug.lib : i2c_v1.obj (.text.I2C_getHandle)
                  60112b06    0000000a     --HOLE-- [fill = 0]
                  60112b10    00000056                                                         : uart_v0.obj (.text.UART_lld_readCompleteCallback)
                  60112b66    0000000a     --HOLE-- [fill = 0]
                  60112b70    00000056                                                         : uart_v0.obj (.text.UART_lld_writeCompleteCallback)
                  60112bc6    0000000a     --HOLE-- [fill = 0]
                  60112bd0    00000056     lwip-freertos.am263px.r5f.ti-arm-clang.debug.lib : ip4_frag.obj (.text.ip_frag_free_pbuf_custom_ref)
                  60112c26    0000000a     --HOLE-- [fill = 0]
                  60112c30    00000056                                                      : pbuf.obj (.text.pbuf_free_ooseq)
                  60112c86    0000000a     --HOLE-- [fill = 0]
                  60112c90    00000056     xgw_udp_interface.o (.text.xgw_udp_init)
                  60112ce6    0000000a     --HOLE-- [fill = 0]
                  60112cf0    00000054     freertos.am263px.r5f.ti-arm-clang.debug.lib : DebugP_shmLogReader_freertos.obj (.text.DebugP_shmLogReaderTaskCreate)
                  60112d44    0000000c     --HOLE-- [fill = 0]
                  60112d50    00000054     drivers.am263px.r5f.ti-arm-clang.freertos.debug.lib : edma.obj (.text.EDMA_setPaRAM)
                  60112da4    0000000c     --HOLE-- [fill = 0]
                  60112db0    00000054                                                         : uart_v0_lld.obj (.text.UART_OperModeValid)
                  60112e04    0000000c     --HOLE-- [fill = 0]
                  60112e10    00000054     freertos.am263px.r5f.ti-arm-clang.debug.lib : timers.obj (.text.prvProcessExpiredTimer)
                  60112e64    00000054     libc.a : autoinit.c.obj (.text:__TI_auto_init_nobinit_nopinit)
                  60112eb8    00000008     --HOLE-- [fill = 0]
                  60112ec0    00000052     ti_dpl_config.o (.text.Dpl_init)
                  60112f12    0000000e     --HOLE-- [fill = 0]
                  60112f20    00000052     drivers.am263px.r5f.ti-arm-clang.freertos.debug.lib : i2c_v1_lld.obj (.text.I2C_lld_deInit)
                  60112f72    0000000e     --HOLE-- [fill = 0]
                  60112f80    00000052     freertos.am263px.r5f.ti-arm-clang.debug.lib : timers.obj (.text.prvSwitchTimerLists)
                  60112fd2    0000000e     --HOLE-- [fill = 0]
                  60112fe0    00000052                                                 : tasks.obj (.text.xTaskCreate)
                  60113032    0000000e     --HOLE-- [fill = 0]
                  60113040    00000050     ti_board_open_close.o (.text.Board_eepromClose)
                  60113090    00000050     ti_drivers_open_close.o (.text.Drivers_i2cClose)
                  601130e0    00000050     ti_drivers_open_close.o (.text.Drivers_uartClose)
                  60113130    00000050     drivers.am263px.r5f.ti-arm-clang.freertos.debug.lib : pinmux.obj (.text.Pinmux_config)
                  60113180    00000050                                                         : uart_v0_lld.obj (.text.UART_checkCharsAvailInFifo)
                  601131d0    00000050     crc32.o (.text.crc32_core)
                  60113220    00000050     lwip-freertos.am263px.r5f.ti-arm-clang.debug.lib : memp.obj (.text.memp_free)
                  60113270    00000050                                                      : memp.obj (.text.memp_malloc)
                  601132c0    0000004e     drivers.am263px.r5f.ti-arm-clang.freertos.debug.lib : edma.obj (.text.EDMA_clrEvtRegion)
                  6011330e    00000002     --HOLE-- [fill = 0]
                  60113310    0000004e                                                         : edma.obj (.text.EDMA_disableDmaEvtRegion)
                  6011335e    00000002     --HOLE-- [fill = 0]
                  60113360    0000004e                                                         : edma.obj (.text.EDMA_disableEvtIntrRegion)
                  601133ae    00000002     --HOLE-- [fill = 0]
                  601133b0    0000004e                                                         : edma.obj (.text.EDMA_enableDmaEvtRegion)
                  601133fe    00000002     --HOLE-- [fill = 0]
                  60113400    0000004e                                                         : edma.obj (.text.EDMA_enableEvtIntrRegion)
                  6011344e    00000002     --HOLE-- [fill = 0]
                  60113450    0000004e                                                         : edma.obj (.text.EDMA_setEvtRegion)
                  6011349e    00000002     --HOLE-- [fill = 0]
                  601134a0    0000004e     freertos.am263px.r5f.ti-arm-clang.debug.lib : TaskP_freertos.obj (.text.TaskP_loadUpdateAll)
                  601134ee    00000002     --HOLE-- [fill = 0]
                  601134f0    0000004e     main.o (.text.init_udp)
                  6011353e    00000002     --HOLE-- [fill = 0]
                  60113540    0000004e     freertos.am263px.r5f.ti-arm-clang.debug.lib : queue.obj (.text.vQueueDelete)
                  6011358e    00000002     --HOLE-- [fill = 0]
                  60113590    0000004c     drivers.am263px.r5f.ti-arm-clang.freertos.debug.lib : edma.obj (.text.EDMA_ccPaRAMEntry_init)
                  601135dc    00000004     --HOLE-- [fill = 0]
                  601135e0    0000004c                                                         : edma.obj (.text.EDMA_mapQdmaChToPaRAM)
                  6011362c    00000004     --HOLE-- [fill = 0]
                  60113630    0000004c                                                         : edma.obj (.text.EDMA_readEventStatusRegion)
                  6011367c    00000004     --HOLE-- [fill = 0]
                  60113680    0000004c                                                         : ipc_notify_v1.obj (.text.IpcNotify_unregisterClient)
                  601136cc    00000004     --HOLE-- [fill = 0]
                  601136d0    0000004c     ti_power_clock_config.o (.text.Module_clockEnable)
                  6011371c    00000004     --HOLE-- [fill = 0]
                  60113720    0000004c     freertos.am263px.r5f.ti-arm-clang.debug.lib : tasks.obj (.text.vTaskPlaceOnEventList)
                  6011376c    00000004     --HOLE-- [fill = 0]
                  60113770    0000004a     drivers.am263px.r5f.ti-arm-clang.freertos.debug.lib : ipc_notify_v1.obj (.text.IpcNotify_Params_init)
                  601137ba    00000006     --HOLE-- [fill = 0]
                  601137c0    0000004a                                                         : soc_rcm.obj (.text.SOC_rcmGetCR5SysclkInFrequency)
                  6011380a    00000006     --HOLE-- [fill = 0]
                  60113810    0000004a                                                         : uart_v0_lld.obj (.text.UART_getIntrIdentityStatus)
                  6011385a    00000006     --HOLE-- [fill = 0]
                  60113860    0000004a                                                         : uart_v0_lld.obj (.text.UART_lineCharConfig)
                  601138aa    00000006     --HOLE-- [fill = 0]
                  601138b0    00000048                                                         : i2c_v1.obj (.text.I2C_hwiFxn)
                  601138f8    00000008     --HOLE-- [fill = 0]
                  60113900    00000048                                                         : uart_v0_lld.obj (.text.UART_resetModule)
                  60113948    00000008     --HOLE-- [fill = 0]
                  60113950    00000048     freertos.am263px.r5f.ti-arm-clang.debug.lib : queue.obj (.text.prvInitialiseNewQueue)
                  60113998    00000008     --HOLE-- [fill = 0]
                  601139a0    00000048                                                 : list.obj (.text.uxListRemove)
                  601139e8    00000008     --HOLE-- [fill = 0]
                  601139f0    00000046                                                 : DebugP_uartLogWriter.obj (.text.DebugP_uartLogWriterPutChar)
                  60113a36    0000000a     --HOLE-- [fill = 0]
                  60113a40    00000046                                                 : TaskP_freertos.obj (.text.TaskP_updateLoad)
                  60113a86    0000000a     --HOLE-- [fill = 0]
                  60113a90    00000046     drivers.am263px.r5f.ti-arm-clang.freertos.debug.lib : uart_v0_lld.obj (.text.UART_i2310WA)
                  60113ad6    0000000a     --HOLE-- [fill = 0]
                  60113ae0    00000046                                                         : uart_v0_lld.obj (.text.UART_readLineStatus)
                  60113b26    0000000a     --HOLE-- [fill = 0]
                  60113b30    00000044                                                         : ipc_notify_v1.obj (.text.IpcNotify_getWriteMailbox)
                  60113b74    0000000c     --HOLE-- [fill = 0]
                  60113b80    00000044                                                         : soc_rcm.obj (.text.SOC_rcmExtract8)
                  60113bc4    0000000c     --HOLE-- [fill = 0]
                  60113bd0    00000044                                                         : soc_rcm.obj (.text.SOC_rcmMake16)
                  60113c14    0000000c     --HOLE-- [fill = 0]
                  60113c20    00000044     freertos.am263px.r5f.ti-arm-clang.debug.lib : TaskP_freertos.obj (.text.TaskP_updateIdleTaskLoad)
                  60113c64    0000000c     --HOLE-- [fill = 0]
                  60113c70    00000044                                                 : TaskP_freertos.obj (.text.TaskP_updateTotalRunTime)
                  60113cb4    0000000c     --HOLE-- [fill = 0]
                  60113cc0    00000044                                                 : printf.obj (.text._strnlen_s)
                  60113d04    0000000c     --HOLE-- [fill = 0]
                  60113d10    00000044     gateway_shared.o (.text.gateway_notify_commands_ready)
                  60113d54    0000000c     --HOLE-- [fill = 0]
                  60113d60    00000044     freertos.am263px.r5f.ti-arm-clang.debug.lib : timers.obj (.text.prvSampleTimeNow)
                  60113da4    0000000c     --HOLE-- [fill = 0]
                  60113db0    00000042     drivers.am263px.r5f.ti-arm-clang.freertos.debug.lib : uart_v0.obj (.text.UART_checkOpenParams)
                  60113df2    0000000e     --HOLE-- [fill = 0]
                  60113e00    00000042     freertos.am263px.r5f.ti-arm-clang.debug.lib : queue.obj (.text.prvCopyDataFromQueue)
                  60113e42    0000000e     --HOLE-- [fill = 0]
                  60113e50    00000040     drivers.am263px.r5f.ti-arm-clang.freertos.debug.lib : i2c_v1_lld.obj (.text.I2C_lld_transferIntr)
                  60113e90    00000040                                                         : i2c_v1_lld.obj (.text.I2C_lld_transferPoll)
                  60113ed0    00000040     libc.a : memory.c.obj (.text.free_list_insert)
                  60113f10    00000040     lwip-freertos.am263px.r5f.ti-arm-clang.debug.lib : inet_chksum.obj (.text.ip_chksum_pseudo_partial)
                  60113f50    00000040     freertos.am263px.r5f.ti-arm-clang.debug.lib : timers.obj (.text.prvGetNextExpireTime)
                  60113f90    0000003e     drivers.am263px.r5f.ti-arm-clang.freertos.debug.lib : pinmux.obj (.text.Pinmux_unlockMMR)
                  60113fce    00000002     --HOLE-- [fill = 0]
                  60113fd0    0000003e                                                         : uart_v0_lld.obj (.text.UART_IsHWFlowCtrlValid)
                  6011400e    00000002     --HOLE-- [fill = 0]
                  60114010    0000003e                                                         : uart_v0_lld.obj (.text.UART_spaceAvail)
                  6011404e    00000002     --HOLE-- [fill = 0]
                  60114050    0000003e     lwip-freertos.am263px.r5f.ti-arm-clang.debug.lib : udp.obj (.text.udp_recv)
                  6011408e    00000002     --HOLE-- [fill = 0]
                  60114090    0000003e     xgw_protocol.o (.text.xgw_crc32_validate)
                  601140ce    00000002     --HOLE-- [fill = 0]
                  601140d0    0000003c     board.am263px.r5f.ti-arm-clang.freertos.debug.lib : eeprom_cat24m.obj (.text.EEPROM_CAT24M_close)
                  6011410c    00000004     --HOLE-- [fill = 0]
                  60114110    0000003c     drivers.am263px.r5f.ti-arm-clang.freertos.debug.lib : uart_v0_lld.obj (.text.UART_IsParityTypeValid)
                  6011414c    00000004     --HOLE-- [fill = 0]
                  60114150    0000003c                                                         : uart_v0_lld.obj (.text.UART_IsTxRxFifoEmpty)
                  6011418c    00000004     --HOLE-- [fill = 0]
                  60114190    0000003c                                                         : uart_v0_lld.obj (.text.UART_enhanFuncEnable)
                  601141cc    00000004     --HOLE-- [fill = 0]
                  601141d0    0000003c     freertos.am263px.r5f.ti-arm-clang.debug.lib : tasks.obj (.text.prvResetNextTaskUnblockTime)
                  6011420c    00000004     --HOLE-- [fill = 0]
                  60114210    0000003c                                                 : port.obj (.text.vPortTimerTickHandler)
                  6011424c    00000004     --HOLE-- [fill = 0]
                  60114250    0000003a     drivers.am263px.r5f.ti-arm-clang.freertos.debug.lib : soc.obj (.text.SOC_moduleSetClockFrequency)
                  6011428a    00000006     --HOLE-- [fill = 0]
                  60114290    0000003a     freertos.am263px.r5f.ti-arm-clang.debug.lib : printf.obj (.text._atoi)
                  601142ca    00000006     --HOLE-- [fill = 0]
                  601142d0    0000003a                                                 : tasks.obj (.text.ulTaskGetIdleRunTimeCounter)
                  6011430a    00000006     --HOLE-- [fill = 0]
                  60114310    0000003a                                                 : list.obj (.text.vListInsertEnd)
                  6011434a    00000006     --HOLE-- [fill = 0]
                  60114350    00000038     drivers.am263px.r5f.ti-arm-clang.freertos.debug.lib : i2c_v1.obj (.text.I2C_LLD_transferCompleteCallback)
                  60114388    00000008     --HOLE-- [fill = 0]
                  60114390    00000038                                                         : uart_v0_lld.obj (.text.UART_writeDataPolling)
                  601143c8    00000038     freertos.am263px.r5f.ti-arm-clang.debug.lib : PmuP_armv7r_asm.obj (.text.pmu)
                  60114400    00000038                                                 : tasks.obj (.text.xTaskGetSchedulerState)
                  60114438    00000008     --HOLE-- [fill = 0]
                  60114440    00000036     drivers.am263px.r5f.ti-arm-clang.freertos.debug.lib : edma.obj (.text.EDMA_getRegionId)
                  60114476    0000000a     --HOLE-- [fill = 0]
                  60114480    00000036                                                         : ipc_notify_v1.obj (.text.IpcNotify_syncCallback)
                  601144b6    0000000a     --HOLE-- [fill = 0]
                  601144c0    00000034                                                         : pinmux.obj (.text.Pinmux_lockMMR)
                  601144f4    0000000c     --HOLE-- [fill = 0]
                  60114500    00000034     freertos.am263px.r5f.ti-arm-clang.debug.lib : TimerP_rti_priv.obj (.text.TimerP_Params_initPriv)
                  60114534    0000000c     --HOLE-- [fill = 0]
                  60114540    00000034     drivers.am263px.r5f.ti-arm-clang.freertos.debug.lib : uart_v0_lld.obj (.text.UART_IsDataLengthValid)
                  60114574    0000000c     --HOLE-- [fill = 0]
                  60114580    00000034                                                         : uart_v0_lld.obj (.text.UART_checkTransaction)
                  601145b4    00000034     libc.a : memory.c.obj (.text.free_list_remove)
                  601145e8    00000008     --HOLE-- [fill = 0]
                  601145f0    00000034     gateway_shared.o (.text.gateway_core0_finalize)
                  60114624    0000000c     --HOLE-- [fill = 0]
                  60114630    00000034     log_reader_task.o (.text.log_reader_task)
                  60114664    0000000c     --HOLE-- [fill = 0]
                  60114670    00000034     freertos.am263px.r5f.ti-arm-clang.debug.lib : timers.obj (.text.prvReloadTimer)
                  601146a4    0000000c     --HOLE-- [fill = 0]
                  601146b0    00000032                                                 : ClockP_freertos.obj (.text.ClockP_timerTickIsr)
                  601146e2    0000000e     --HOLE-- [fill = 0]
                  601146f0    00000032     drivers.am263px.r5f.ti-arm-clang.freertos.debug.lib : uart_v0_lld.obj (.text.HW_WR_FIELD32_RAW)
                  60114722    0000000e     --HOLE-- [fill = 0]
                  60114730    00000032                                                         : i2c_v1_lld.obj (.text.I2C_lld_Message_init)
                  60114762    0000000e     --HOLE-- [fill = 0]
                  60114770    00000032                                                         : ipc_notify_v1.obj (.text.IpcNotify_mailboxIsPendingIntr)
                  601147a2    0000000e     --HOLE-- [fill = 0]
                  601147b0    00000032     freertos.am263px.r5f.ti-arm-clang.debug.lib : TimerP_rti_priv.obj (.text.TimerP_getCountPriv)
                  601147e2    0000000e     --HOLE-- [fill = 0]
                  601147f0    00000032     drivers.am263px.r5f.ti-arm-clang.freertos.debug.lib : uart_v0_lld.obj (.text.UART_enhanFuncBitValRestore)
                  60114822    0000000e     --HOLE-- [fill = 0]
                  60114830    00000032                                                         : uart_v0_lld.obj (.text.UART_hardwareFlowCtrlOptSet)
                  60114862    0000000e     --HOLE-- [fill = 0]
                  60114870    00000032     lwip-freertos.am263px.r5f.ti-arm-clang.debug.lib : inet_chksum.obj (.text.ip_chksum_pseudo)
                  601148a2    0000000e     --HOLE-- [fill = 0]
                  601148b0    00000032     freertos.am263px.r5f.ti-arm-clang.debug.lib : port.obj (.text.vApplicationStackOverflowHook)
                  601148e2    0000000e     --HOLE-- [fill = 0]
                  601148f0    00000032                                                 : queue.obj (.text.xQueueCreateMutexStatic)
                  60114922    0000000e     --HOLE-- [fill = 0]
                  60114930    00000030     board.am263px.r5f.ti-arm-clang.freertos.debug.lib : eeprom.obj (.text.EEPROM_close)
                  60114960    00000030     drivers.am263px.r5f.ti-arm-clang.freertos.debug.lib : i2c_v1_lld.obj (.text.I2CControllerControl)
                  60114990    00000030                                                         : ipc_notify_v1.obj (.text.IpcNotify_getReadSwQ)
                  601149c0    00000030                                                         : uart_v0_lld.obj (.text.UART_flowCtrlTrigLvlConfig)
                  601149f0    00000030     lwip-freertos.am263px.r5f.ti-arm-clang.debug.lib : udp.obj (.text.udp_new)
                  60114a20    0000002e     drivers.am263px.r5f.ti-arm-clang.freertos.debug.lib : uart_dma_edma.obj (.text.UART_lld_dmaInit)
                  60114a4e    00000002     --HOLE-- [fill = 0]
                  60114a50    0000002e     freertos.am263px.r5f.ti-arm-clang.debug.lib : printf.obj (.text._is_digit)
                  60114a7e    00000002     --HOLE-- [fill = 0]
                  60114a80    0000002e                                                 : queue.obj (.text.prvIsQueueFull)
                  60114aae    00000002     --HOLE-- [fill = 0]
                  60114ab0    0000002e                                                 : list.obj (.text.vListInitialise)
                  60114ade    00000002     --HOLE-- [fill = 0]
                  60114ae0    0000002c                                                 : DebugP_log.obj (.text.DebugP_logZoneEnable)
                  60114b0c    00000004     --HOLE-- [fill = 0]
                  60114b10    0000002c     drivers.am263px.r5f.ti-arm-clang.freertos.debug.lib : i2c_v1_lld.obj (.text.I2CModeControl)
                  60114b3c    00000004     --HOLE-- [fill = 0]
                  60114b40    0000002c                                                         : ipc_notify_v1.obj (.text.IpcNotify_getReadMailbox)
                  60114b6c    00000004     --HOLE-- [fill = 0]
                  60114b70    0000002c     freertos.am263px.r5f.ti-arm-clang.debug.lib : TaskP_freertos.obj (.text.TaskP_calcCounterDiff)
                  60114b9c    00000004     --HOLE-- [fill = 0]
                  60114ba0    0000002c     gateway_shared.o (.text.gateway_core0_init)
                  60114bcc    00000004     --HOLE-- [fill = 0]
                  60114bd0    0000002c     freertos.am263px.r5f.ti-arm-clang.debug.lib : queue.obj (.text.prvInitialiseMutex)
                  60114bfc    00000004     --HOLE-- [fill = 0]
                  60114c00    0000002c     lwip-freertos.am263px.r5f.ti-arm-clang.debug.lib : tcp.obj (.text.tcp_seg_free)
                  60114c2c    00000004     --HOLE-- [fill = 0]
                  60114c30    0000002c     freertos.am263px.r5f.ti-arm-clang.debug.lib : tasks.obj (.text.ulTaskGetRunTimeCounter)
                  60114c5c    00000004     --HOLE-- [fill = 0]
                  60114c60    0000002c                                                 : port.obj (.text.vApplicationGetIdleTaskMemory)
                  60114c8c    00000004     --HOLE-- [fill = 0]
                  60114c90    0000002c                                                 : port.obj (.text.vApplicationGetTimerTaskMemory)
                  60114cbc    00000004     --HOLE-- [fill = 0]
                  60114cc0    0000002a     drivers.am263px.r5f.ti-arm-clang.freertos.debug.lib : i2c_v1_lld.obj (.text.I2C_lld_Transaction_init)
                  60114cea    00000006     --HOLE-- [fill = 0]
                  60114cf0    0000002a                                                         : i2c_v1.obj (.text.I2C_transferCallback)
                  60114d1a    00000006     --HOLE-- [fill = 0]
                  60114d20    0000002a                                                         : uart_v0.obj (.text.UART_Transaction_init)
                  60114d4a    00000006     --HOLE-- [fill = 0]
                  60114d50    0000002a                                                         : uart_v0_lld.obj (.text.UART_intr2Disable)
                  60114d7a    00000006     --HOLE-- [fill = 0]
                  60114d80    0000002a                                                         : uart_v0_lld.obj (.text.UART_lld_Transaction_init)
                  60114daa    00000006     --HOLE-- [fill = 0]
                  60114db0    0000002a                                                         : uart_v0_lld.obj (.text.UART_operatingModeSelect)
                  60114dda    00000006     --HOLE-- [fill = 0]
                  60114de0    00000028     freertos.am263px.r5f.ti-arm-clang.debug.lib : CpuId_armv7r.obj (.text.CSL_armR5GetCpuID)
                  60114e08    00000008     --HOLE-- [fill = 0]
                  60114e10    00000028     main.o (.text.init_ethernet)
                  60114e38    00000008     --HOLE-- [fill = 0]
                  60114e40    00000028     freertos.am263px.r5f.ti-arm-clang.debug.lib : tasks.obj (.text.prvIdleTask)
                  60114e68    00000008     --HOLE-- [fill = 0]
                  60114e70    00000028                                                 : queue.obj (.text.prvIsQueueEmpty)
                  60114e98    00000008     --HOLE-- [fill = 0]
                  60114ea0    00000028                                                 : heap_3.obj (.text.pvPortMalloc)
                  60114ec8    00000008     --HOLE-- [fill = 0]
                  60114ed0    00000028                                                 : printf.obj (.text.vprintf_)
                  60114ef8    00000008     --HOLE-- [fill = 0]
                  60114f00    00000026     drivers.am263px.r5f.ti-arm-clang.freertos.debug.lib : edma.obj (.text.EDMA_disableQdmaEvtRegion)
                  60114f26    0000000a     --HOLE-- [fill = 0]
                  60114f30    00000026                                                         : edma.obj (.text.EDMA_enableQdmaEvtRegion)
                  60114f56    0000000a     --HOLE-- [fill = 0]
                  60114f60    00000026                                                         : edma.obj (.text.EDMA_validateIntrObject)
                  60114f86    0000000a     --HOLE-- [fill = 0]
                  60114f90    00000026     freertos.am263px.r5f.ti-arm-clang.debug.lib : queue.obj (.text.prvGetDisinheritPriorityAfterTimeout)
                  60114fb6    0000000a     --HOLE-- [fill = 0]
                  60114fc0    00000026                                                 : tasks.obj (.text.xTaskGetTickCountFromISR)
                  60114fe6    0000000a     --HOLE-- [fill = 0]
                  60114ff0    00000024     drivers.am263px.r5f.ti-arm-clang.freertos.debug.lib : i2c_v1_lld.obj (.text.I2CControllerBusBusy)
                  60115014    0000000c     --HOLE-- [fill = 0]
                  60115020    00000024                                                         : i2c_v1.obj (.text.I2C_Transaction_init)
                  60115044    0000000c     --HOLE-- [fill = 0]
                  60115050    00000024     ti_drivers_config.o (.text.IpcNotify_allocSwQueue)
                  60115074    0000000c     --HOLE-- [fill = 0]
                  60115080    00000024     ti_drivers_config.o (.text.IpcNotify_getConfig)
                  601150a4    0000000c     --HOLE-- [fill = 0]
                  601150b0    00000024     drivers.am263px.r5f.ti-arm-clang.freertos.debug.lib : uart_v0_lld.obj (.text.UART_IsRxTrigLvlValid)
                  601150d4    0000000c     --HOLE-- [fill = 0]
                  601150e0    00000024                                                         : uart_v0_lld.obj (.text.UART_IsStopBitsValid)
                  60115104    0000000c     --HOLE-- [fill = 0]
                  60115110    00000024                                                         : uart_v0_lld.obj (.text.UART_IsTxTrigLvlValid)
                  60115134    00000024     libclang_rt.builtins.a : aeabi_uldivmod.S.obj (.text.__aeabi_uldivmod)
                  60115158    00000008     --HOLE-- [fill = 0]
                  60115160    00000024     freertos.am263px.r5f.ti-arm-clang.debug.lib : printf.obj (.text._out_char)
                  60115184    0000000c     --HOLE-- [fill = 0]
                  60115190    00000024                                                 : tasks.obj (.text.pvTaskIncrementMutexHeldCount)
                  601151b4    0000000c     --HOLE-- [fill = 0]
                  601151c0    00000024     lwip-freertos.am263px.r5f.ti-arm-clang.debug.lib : tcp.obj (.text.tcp_segs_free)
                  601151e4    0000000c     --HOLE-- [fill = 0]
                  601151f0    00000024     freertos.am263px.r5f.ti-arm-clang.debug.lib : tasks.obj (.text.vTaskInternalSetTimeOutState)
                  60115214    0000000c     --HOLE-- [fill = 0]
                  60115220    00000024                                                 : port.obj (.text.xPortStartScheduler)
                  60115244    0000000c     --HOLE-- [fill = 0]
                  60115250    00000022                                                 : ClockP_freertos.obj (.text.ClockP_getTicks)
                  60115272    0000000e     --HOLE-- [fill = 0]
                  60115280    00000022     drivers.am263px.r5f.ti-arm-clang.freertos.debug.lib : edma.obj (.text.EDMA_channelToParamMap)
                  601152a2    0000000e     --HOLE-- [fill = 0]
                  601152b0    00000022     freertos.am263px.r5f.ti-arm-clang.debug.lib : SemaphoreP_freertos.obj (.text.SemaphoreP_destruct)
                  601152d2    0000000e     --HOLE-- [fill = 0]
                  601152e0    00000022     drivers.am263px.r5f.ti-arm-clang.freertos.debug.lib : i2c_v1_lld.obj (.text.lld_check_param)
                  60115302    0000000e     --HOLE-- [fill = 0]
                  60115310    00000022     lwip-freertos.am263px.r5f.ti-arm-clang.debug.lib : tcp.obj (.text.tcp_free_ooseq)
                  60115332    0000000e     --HOLE-- [fill = 0]
                  60115340    00000020     freertos.am263px.r5f.ti-arm-clang.debug.lib : ClockP_freertos.obj (.text.ClockP_usecToTicks)
                  60115360    00000020     drivers.am263px.r5f.ti-arm-clang.freertos.debug.lib : uart_v0_lld.obj (.text.HW_RD_FIELD32_RAW)
                  60115380    00000020     main.o (.text.udp_rx_task)
                  601153a0    00000020     freertos.am263px.r5f.ti-arm-clang.debug.lib : heap_3.obj (.text.vPortFree)
                  601153c0    0000001e     drivers.am263px.r5f.ti-arm-clang.freertos.debug.lib : edma.obj (.text.EDMA_getEventStatusHigh)
                  601153de    00000002     --HOLE-- [fill = 0]
                  601153e0    0000001e                                                         : i2c_v1_lld.obj (.text.I2CControllerEnable)
                  601153fe    00000002     --HOLE-- [fill = 0]
                  60115400    0000001e                                                         : i2c_v1_lld.obj (.text.I2CTargetEnable)
                  6011541e    00000002     --HOLE-- [fill = 0]
                  60115420    0000001e                                                         : soc.obj (.text.SOC_getSelfCpuClk)
[...]
601116a1  EDMA_linkChannel                     
601117a1  xQueueTakeMutexRecursive             
60111821  xQueueGiveMutexRecursive             
601118a1  ClockP_usleep                        
601119a1  EDMA_clrMissEvtRegion                
60111aa1  pbuf_ref                             
60111b21  inet_chksum_pseudo                   
60111c01  DebugP_shmLogReaderInit              
60111c71  log_reader_task_create               
60111ce1  vTaskDelay                           
60111d51  vTaskEnterCritical                   
60111e31  vListInsert                          
60111ea1  EDMA_getBaseAddr                     
60111f81  EEPROM_open                          
60111ff1  I2C_init                             
60112061  SemaphoreP_post                      
601120d1  SOC_rcmGetR5Clock                    
60112141  SOC_rcmIsR5FInLockStepMode           
60112221  UART_lld_deInitDma                   
60112291  vApplicationLoadHook                 
60112301  vQueueWaitForMessageRestricted       
601123e1  xgw_header_init                      
60112451  UART_getChar                         
60112571  SemaphoreP_constructMutex            
601125d1  gateway_notify_test_data_ready       
60112691  Module_clockSetFrequency             
601126f1  UART_lld_deInit                      
60112751  xTaskCreateStatic                    
601127b1  UART_lld_dmaDisableChannel           
60112871  netif_get_by_index                   
60112991  UART_getHandle                       
601129f1  ip4_output_if_src                    
60112ab1  I2C_getHandle                        
60112c91  xgw_udp_init                         
60112cf1  DebugP_shmLogReaderTaskCreate        
60112d51  EDMA_setPaRAM                        
60112e64  __TI_auto_init_nobinit_nopinit       
60112ec1  Dpl_init                             
60112f21  I2C_lld_deInit                       
60112fe1  xTaskCreate                          
60113041  Board_eepromClose                    
60113091  Drivers_i2cClose                     
601130e1  Drivers_uartClose                    
60113131  Pinmux_config                        
60113181  UART_checkCharsAvailInFifo           
601131d1  crc32_core                           
60113221  memp_free                            
60113271  memp_malloc                          
601132c1  EDMA_clrEvtRegion                    
60113311  EDMA_disableDmaEvtRegion             
60113361  EDMA_disableEvtIntrRegion            
601133b1  EDMA_enableDmaEvtRegion              
60113401  EDMA_enableEvtIntrRegion             
60113451  EDMA_setEvtRegion                    
601134a1  TaskP_loadUpdateAll                  
60113541  vQueueDelete                         
60113591  EDMA_ccPaRAMEntry_init               
601135e1  EDMA_mapQdmaChToPaRAM                
60113631  EDMA_readEventStatusRegion           
60113681  IpcNotify_unregisterClient           
601136d1  Module_clockEnable                   
60113721  vTaskPlaceOnEventList                
60113771  IpcNotify_Params_init                
60113811  UART_getIntrIdentityStatus           
601139a1  uxListRemove                         
601139f1  DebugP_uartLogWriterPutChar          
60113ae1  UART_readLineStatus                  
60113d11  gateway_notify_commands_ready        
60113e51  I2C_lld_transferIntr                 
60113e91  I2C_lld_transferPoll                 
60113f11  ip_chksum_pseudo_partial             
60114011  UART_spaceAvail                      
60114051  udp_recv                             
60114091  xgw_crc32_validate                   
601140d1  EEPROM_CAT24M_close                  
60114151  UART_IsTxRxFifoEmpty                 
60114211  vPortTimerTickHandler                
60114251  SOC_moduleSetClockFrequency          
601142d1  ulTaskGetIdleRunTimeCounter          
60114311  vListInsertEnd                       
601143c8  CycleCounterP_getCount32             
601143d0  PmuP_setup                           
601143d8  PmuP_enableCounters                  
601143e0  PmuP_disableCounters                 
601143e8  PmuP_getOverflowStatus               
601143f0  PmuP_clearOverflowStatus             
601143f8  PmuP_setUserEnable                   
60114401  xTaskGetSchedulerState               
60114441  EDMA_getRegionId                     
60114481  IpcNotify_syncCallback               
60114501  TimerP_Params_initPriv               
601145f1  gateway_core0_finalize               
601146b1  ClockP_timerTickIsr                  
60114731  I2C_lld_Message_init                 
601147b1  TimerP_getCountPriv                  
60114871  ip_chksum_pseudo                     
601148b1  vApplicationStackOverflowHook        
601148f1  xQueueCreateMutexStatic              
60114931  EEPROM_close                         
601149f1  udp_new                              
60114a21  UART_lld_dmaInit                     
60114ab1  vListInitialise                      
60114ae1  DebugP_logZoneEnable                 
60114ba1  gateway_core0_init                   
60114c01  tcp_seg_free                         
60114c31  ulTaskGetRunTimeCounter              
60114c61  vApplicationGetIdleTaskMemory        
60114c91  vApplicationGetTimerTaskMemory       
60114cc1  I2C_lld_Transaction_init             
60114d21  UART_Transaction_init                
60114d51  UART_intr2Disable                    
60114d81  UART_lld_Transaction_init            
60114db1  UART_operatingModeSelect             
60114de1  CSL_armR5GetCpuID                    
60114ea1  pvPortMalloc                         
60114ed1  vprintf_                             
60114f01  EDMA_disableQdmaEvtRegion            
60114f31  EDMA_enableQdmaEvtRegion             
60114fc1  xTaskGetTickCountFromISR             
60115021  I2C_Transaction_init                 
60115051  IpcNotify_allocSwQueue               
60115081  IpcNotify_getConfig                  
60115134  __aeabi_uldivmod                     
60115191  pvTaskIncrementMutexHeldCount        
601151c1  tcp_segs_free                        
601151f1  vTaskInternalSetTimeOutState         
60115221  xPortStartScheduler                  
60115251  ClockP_getTicks                      
60115281  EDMA_channelToParamMap               
601152b1  SemaphoreP_destruct                  
60115311  tcp_free_ooseq                       
60115341  ClockP_usecToTicks                   
601153a1  vPortFree                            
601153c1  EDMA_getEventStatusHigh              
60115421  SOC_getSelfCpuClk                    
60115441  SOC_moduleClockEnable                
60115481  UART_lld_Transaction_deInit          
601154c1  inet_chksum                          
601154e1  pbuf_chain                           
60115521  xTaskGetTickCount                    
60115541  Board_driversOpen                    
60115561  EDMA_getEventStatus                  
601155a1  vPortYeildFromISR                    
601155bc  TI_memcpy_small                      
601155e1  I2C_Params_init                      
60115641  ClockP_ticksToUsec                   
60115661  EDMA_isInterruptEnabled              
60115721  IpcNotify_trigInterrupt              
60115741  TimerP_getReloadCountPriv            
601157a1  UART_putChar                         
601157b8  TI_memset_small                      
60115851  IpcNotify_sendSync                   
60115871  TimerP_isOverflowedPriv              
60115891  TimerP_startPriv                     
601158b1  TimerP_stopPriv                      
60115911  pbuf_add_header                      
60115931  vApplicationMallocFailedHook         
60115951  DebugP_uartSetDrvIndex               
60115a71  TimerP_clearOverflowIntPriv          
60115a91  TimerP_setup                         
60115ab1  putchar_                             
60115ad1  xTaskGetCurrentTaskHandle            
60115b11  Pinmux_init                          
60115b31  uiPortGetRunTimeCounterValue         
60115b71  ClockP_getTimerCount                 
60115b91  ClockP_timerClearOverflowInt         
60115bf1  TimerP_Params_init                   
60115c01  TimerP_clearOverflowInt              
60115c11  TimerP_getCount                      
60115c21  TimerP_getReloadCount                
60115c31  TimerP_isOverflowed                  
60115c41  TimerP_start                         
60115c50  __aeabi_memset                       
60115c50  __aeabi_memset4                      
60115c50  __aeabi_memset8                      
60115c71  lwip_htons                           
60115c81  vTaskSuspendAll                      
60115ca1  vListInitialiseItem                  
60115cb1  vTaskMissedYield                     
60115cc1  Drivers_open                         
60115cd1  PowerClock_init                      
60115ce1  uxTaskGetNumberOfTasks               
60115d61  vApplicationIdleHook                 
60115d71  Drivers_uartInit                     
60115da1  TaskP_yield                          
60115db1  Board_init                           
60115dc1  IpcNotify_wait                       
60115dd1  vPortConfigTimerForRunTimeStats      
60115de1  vPortValidateInterruptPriority       
601161f0  gCacheConfig                         
601161f8  gMpuConfig                           
60116204  gMpuRegionConfig                     
60116824  memp_pools                           
6011692c  gCacheL1dCacheLineSize               
60116a18  gADPLLJConfigTbl                     
601175f0  I2C_defaultTransaction               
6011867c  I2C_lld_defaultMessage               
6011876c  gPeripheralClkSrcInfoMap             
60118b42  gCR5ClkSrcInfoMap                    
60118b44  memp_ALTCP_PCB                       
60118b58  memp_ARP_QUEUE                       
60118b6c  memp_FRAG_PBUF                       
60118b80  memp_IGMP_GROUP                      
60118b94  memp_NETBUF                          
60118ba8  memp_NETCONN                         
60118bbc  memp_NETDB                           
60118bd0  memp_PBUF                            
60118be4  memp_PBUF_POOL                       
60118bf8  memp_POOL_128                        
60118c0c  memp_POOL_1568                       
60118c20  memp_POOL_4096                       
60118c34  memp_RAW_PCB                         
60118c48  memp_REASSDATA                       
60118c5c  memp_SYS_MBOX                        
60118c70  memp_SYS_TIMEOUT                     
60118c84  memp_TCPIP_MSG_API                   
60118c98  memp_TCPIP_MSG_INPKT                 
60118cac  memp_TCP_PCB                         
60118cc0  memp_TCP_PCB_LISTEN                  
60118cd4  memp_TCP_SEG                         
60118ce8  memp_UDP_PCB                         
601193cc  gXTALInfo                            
6011943c  gCacheL1pCacheLineSize               
60119440  ip_addr_any                          
60119444  ip_addr_broadcast                    
60119471  HwiP_enableInt                       
601194b1  HwiP_disableInt                      
60119511  HwiP_restoreInt                      
60119541  HwiP_clearInt                        
60119581  HwiP_post                            
601195c1  HwiP_Params_init                     
601195f1  HwiP_construct                       
601197e1  HwiP_destruct                        
60119851  HwiP_init                            
60119a01  HwiP_inISR                           
60119a31  HwiP_setVimIrqPriMaskNonAtomic       
60119a81  HwiP_setVimIrqPriMaskAtomic          
60119b21  HwiP_restoreVimIrqPriMask            
60119b31  HwiP_irq_handler_c                   
60119cd1  HwiP_fiq_handler                     
60119e41  HwiP_reserved_handler                
60119e81  HwiP_undefined_handler_c             
60119ea1  HwiP_user_undefined_handler_c        
60119ec1  HwiP_prefetch_abort_handler_c        
60119f61  HwiP_user_prefetch_abort_handler_c   
60119fa1  HwiP_data_abort_handler_c            
6011a061  HwiP_user_data_abort_handler_c       
6011a09c  vPortRestoreTaskContext              
6011a0d4  HwiP_svc_handler                     
6011a144  HwiP_irq_handler                     
6011a288  HwiP_data_abort_handler              
6011a2cc  HwiP_prefetch_abort_handler          
6011a318  HwiP_undefined_handler               
6011a348  GET_DFSR                             
6011a350  GET_ADFSR                            
6011a358  GET_DFAR                             
6011a360  GET_IFSR                             
6011a368  GET_AIFSR                            
6011a370  GET_IFAR                             
6011a378  GET_SPSR                             
6011a38c  HwiP_disable                         
6011a39c  HwiP_disableFIQ                      
6011a3ac  HwiP_enable                          
6011a3bc  HwiP_enableFIQ                       
6011a3cc  HwiP_restore                         
6011a3d4  HwiP_enableVIC                       
6011a3e4  HwiP_disableVIC                      
6011a3f4  HwiP_getCPSR                         
6011a400  CacheP_disableL1d                    
6011a428  CacheP_disableL1p                    
6011a440  CacheP_enableL1d                     
6011a458  CacheP_enableL1p                     
6011a470  CacheP_invL1d                        
6011a4a8  CacheP_invL1p                        
6011a4e4  CacheP_invL1dAll                     
6011a4ec  CacheP_invL1pAll                     
6011a4f4  CacheP_wb                            
6011a530  CacheP_wbInv                         
6011a56c  CacheP_wbAll                         
6011a614  CacheP_wbInvAll                      
6011a62c  CacheP_wbInvAllAsm                   
6011a6cc  CacheP_getEnabled                    
6011a704  CacheP_getCacheLevelInfo             
6011a710  CacheP_configForceWrThru             
6011a730  CacheP_setDLFO                       
6011a741  CacheP_init                          
6011a7d1  CacheP_disable                       
6011a821  CacheP_enable                        
6011a861  CacheP_inv                           
6011a8a1  MpuP_getAttrs                        
6011a901  MpuP_RegionAttrs_init                
6011a931  MpuP_setRegion                       
6011a9c1  MpuP_isEnable                        
6011a9d1  MpuP_disable                         
6011aa11  MpuP_enable                          
6011aa61  MpuP_init                            
6011ab01  MpuP_isUserAuthorizedToAccessMemory  
6011abe0  MpuP_disableAsm                      
6011abf8  MpuP_disableBRAsm                    
6011ac08  MpuP_enableAsm                       
6011ac20  MpuP_enableBRAsm                     
6011ac30  MpuP_isEnableAsm                     
6011ac44  MpuP_setRegionAsm                    
6011ac60  _c_int00_sbl                         
6011ac84  _c_int00                             
6011adb1  _DebugP_assertNoLog                  
6011ade1  _system_pre_init                     
6011ae11  __mpu_init                           
6011ae20  abort                                
70040000  __BSS_START                          
70040000  memp_memory_POOL_1568_base           
70052c1f  memp_memory_POOL_4096_base           
70056cbe  memp_memory_POOL_128_base            
7005cb60  memp_memory_NETBUF_base              
7005db7f  memp_memory_PBUF_base                
7005eb9e  memp_memory_TCPIP_MSG_API_base       
7005fbbd  memp_memory_TCPIP_MSG_INPKT_base     
70060bdc  memp_memory_TCP_SEG_base             
70061bfb  pbuf_free_ooseq_pending              
70065c00  memp_memory_SYS_MBOX_base            
70066720  gHwiCtrl                             
70068340  memp_memory_ARP_QUEUE_base           
7006871f  memp_memory_TCP_PCB_base             
70068a5e  memp_memory_NETCONN_base             
70069208  memp_memory_SYS_TIMEOUT_base         
70069448  lwip_stats                           
7006964c  memp_memory_FRAG_PBUF_base           
700699c4  gEepromObject_CAT24M                 
70069b30  memp_memory_ALTCP_PCB_base           
70069c8f  memp_memory_NETDB_base               
70069dee  memp_memory_REASSDATA_base           
70069f4d  memp_memory_IGMP_GROUP_base          
7006a06c  memp_memory_TCP_PCB_LISTEN_base      
7006a18b  memp_memory_UDP_PCB_base             
7006a3ac  xQueueRegistry                       
7006a4ac  gIpcNotifyCtrl                       
7006a568  gTaskP_ctrl                          
7006aac8  gDebugShmLogReaderCtrl               
7006ab5c  memp_memory_RAW_PCB_base             
7006ac84  gRovDummyQueue                       
7006ad04  memp_memory_PBUF_POOL_base           
7006ad28  gClockCtrl                           
7006af18  virtToPhymap                         
7006afb0  gEepromHandle                        
7006afb4  gI2cHandle                           
7006afb8  gUartHandle                          
7006afbc  netif_default                        
7006afc0  netif_list                           
7006afc4  tcp_active_pcbs                      
7006afc8  udp_pcbs                             
7006afe0  __BSS_END                            
7006afe0  _sys_memory                          
70072fe0  __stack                              
70076fe0  __STACK_END                          
70076fe0  gEdmaConfig                          
70076fe0  gUartDmaHandle                       
70077198  gIpcNotifyMailboxConfig              
70077350  gUartParams                          
700773a8  gSocModulesClockFrequency            
70077418  gClockConfig                         
70077448  gIpcNotifyInterruptConfig_r5fss0_0   
70077474  gEepromFxns_CAT24M                   
70077484  gIpcNotifyCoreIntrBitPos             
70077494  gSocModules                          
700774a4  gAddrTranslateConfig                 
700774b0  gEepromAttrs_CAT24M                  
700774bc  gEepromConfig                        
700774c8  gI2cParams                           
700774d4  gEepromParams                        
700774dc  gI2cConfig                           
700774ec  gUartConfig                          
70077508  FreeRTOS_errno                       
7007750c  _lock                                
70077510  _unlock                              
70077518  gDebugLogZone                        
7007751c  gDebugP_uartDrvIndex                 
70077520  gEdmaConfigNum                       
70077524  gEepromConfigNum                     
70077528  gHwiConfig                           
7007752c  gI2cConfigNum                        
70077530  gIpcNotifyInterruptConfigNum_r5fss0_0
70077534  gIpcTask                             
70077538  gLogReaderTask                       
7007753c  gMainTask                            
70077540  gUartConfigNum                       
70077544  gUartDmaChConfig                     
70077548  gUdpRxTask                           
7007754c  gUdpTxTask                           
7007756c  pxCurrentTCB                         
70077570  ulPortInterruptNesting               
70077574  ulPortSchedularRunning               
70077578  ulPortTaskHasFPUContext              
7007757c  ulPortYieldRequired                  
700775bf  isMapAvailable                       
700775c8  __IRQ_STACK_START                    
700776c8  __FIQ_STACK_START                    
700776c8  __IRQ_STACK_END                      
700777c8  __FIQ_STACK_END                      
700777c8  __SVC_STACK_START                    
700787c8  __ABORT_STACK_START                  
700787c8  __SVC_STACK_END                      
700788c8  __ABORT_STACK_END                    
700788c8  __UNDEFINED_STACK_START              
700789c8  __UNDEFINED_STACK_END                
701d0000  gGatewaySharedMem                    
701d4000  gDebugShmLog                         
ffffffff  __TI_pprof_out_hndl                  
ffffffff  __TI_prof_data_size                  
ffffffff  __TI_prof_data_start                 
ffffffff  __binit__                            
ffffffff  binit                                
UNDEFED   __TI_CINIT_Base                      
UNDEFED   __TI_CINIT_Limit                     
UNDEFED   __TI_Handler_Table_Base              
UNDEFED   __TI_Handler_Table_Limit             
UNDEFED   _system_post_cinit                   

[591 symbols]
