******************************************************************************
            TI ARM Clang Linker PC v4.0.4                      
******************************************************************************
>> Linked Wed Apr  8 19:38:05 2026

OUTPUT FILE NAME:   <ccu_ti_multi_core_freertos.out>
ENTRY POINT SYMBOL: "_vectors"  address: 00000000


MEMORY CONFIGURATION

         name            origin    length      used     unused   attr    fill
----------------------  --------  ---------  --------  --------  ----  --------
  R5F_VECS              00000000   00000040  00000040  00000000  RWIX
  R5F_TCMA              00000040   00007fc0  00000000  00007fc0  RWIX
  R5F_TCMB              00080000   00008000  00000000  00008000  RWIX
  MAILBOX_HSM           44000000   000003ce  00000000  000003ce  RWIX
  MAILBOX_R5F           44000400   000003ce  00000000  000003ce  RWIX
  FLASH                 60100000   00080000  00000000  00080000  RWIX
  SBL                   70000000   00040000  00000000  00040000  RWIX
  OCRAM                 70040000   00140000  000f39d0  0004c630  RWIX
  USER_SHM_MEM          70200000   00008000  00006ee4  0000111c  RWIX
  LOG_SHM_MEM           70208000   00004000  00002000  00002000  RWIX
  CPPI_DESC             70280000   00040000  00000a00  0003f600  RWIX
  RTOS_NORTOS_IPC_SHM_M 72000000   00003e80  00000000  00003e80  RWIX


SEGMENT ALLOCATION MAP

run origin  load origin   length   init length attrs members
----------  ----------- ---------- ----------- ----- -------
00000000    00000000    00000040   00000040    r-x
  00000000    00000000    00000040   00000040    r-x .vectors
70040000    70040000    0006f3c0   00000000    rw-
  70040000    70040000    0003c680   00000000    rw- .bss
  7007c680    7007c680    00030d40   00000000    rw- .sysmem
  700ad3c0    700ad3c0    00002000   00000000    rw- .stack
700af3c0    700af3c0    00062728   00062728    r-x
  700af3c0    700af3c0    00051720   00051720    r-x .text
  70100ae0    70100ae0    00011008   00011008    r-- .rodata
70129b00    70129b00    00007130   00007130    rw-
  70129b00    70129b00    00007130   00007130    rw- .data
70130c30    70130c30    000019b8   000019b8    r-x
  70130c30    70130c30    00000f90   00000f90    r-x .text.hwi
  70131bc0    70131bc0    000004a0   000004a0    r-x .text.cache
  70132060    70132060    000003c0   000003c0    r-x .text.mpu
  70132420    70132420    000001c0   000001c0    r-x .text.boot
  701325e0    701325e0    00000008   00000008    r-x .text:abort
701325e8    701325e8    00001400   00000000    rw-
  701325e8    701325e8    00000100   00000000    rw- .irqstack
  701326e8    701326e8    00000100   00000000    rw- .fiqstack
  701327e8    701327e8    00001000   00000000    rw- .svcstack
  701337e8    701337e8    00000100   00000000    rw- .abortstack
  701338e8    701338e8    00000100   00000000    rw- .undefinedstack


SECTION ALLOCATION MAP

 output                                  attributes/
section   page    origin      length       input sections
--------  ----  ----------  ----------   ----------------
.vectors   0    00000000    00000040     
                  00000000    00000040     freertos.am263px.r5f.ti-arm-clang.debug.lib : HwiP_armv7r_vectors_freertos_asm.obj (.vectors)

.bss       0    70040000    0003c680     UNINITIALIZED
                  70040000    00012c1f     (.common:memp_memory_POOL_1568_base)
                  70052c1f    0000409f     (.common:memp_memory_POOL_4096_base)
                  70056cbe    00000002     lwip-freertos.am263px.r5f.ti-arm-clang.debug.lib : ip4.obj (.bss.ip_id)
                  70056cc0    00004000     main.o (.bss.gEnetLwipTaskStack)
                  7005acc0    00004000     test.o (.bss.gUdpRxTaskStack)
                  7005ecc0    00004000     main.o (.bss.gUdpTxTaskStack)
                  70062cc0    00003e9f     (.common:memp_memory_POOL_128_base)
                  70066b5f    00000001     lwip-freertos.am263px.r5f.ti-arm-clang.debug.lib : dhcp.obj (.bss.dhcp_pcb_refcount)
                  70066b60    00002200     ti_enet_config.o (.bss.gAppPktInfoMem_LargePool)
                  70068d60    00001918     ti_enet_lwipif.o (.bss.gLwipifEnetAppObj)
                  7006a678    0000101f     (.common:memp_memory_NETBUF_base)
                  7006b697    0000101f     (.common:memp_memory_PBUF_base)
                  7006c6b6    0000101f     (.common:memp_memory_TCPIP_MSG_API_base)
                  7006d6d5    0000101f     (.common:memp_memory_TCPIP_MSG_INPKT_base)
                  7006e6f4    0000101f     (.common:memp_memory_TCP_SEG_base)
                  7006f713    00000001     lwip-freertos.am263px.r5f.ti-arm-clang.debug.lib : etharp.obj (.bss.etharp_cached_entry)
                  7006f714    00000058     freertos.am263px.r5f.ti-arm-clang.debug.lib : DebugP_freertos.obj (.bss.gDebugLogLockObj)
                  7006f76c    00000014     lwip-freertos.am263px.r5f.ti-arm-clang.debug.lib : tcp_in.obj (.bss.inseg)
                  7006f780    00001000     ti_dpl_config.o (.bss.debug_mem_trace_buf)
                  70070780    00001000     freertos.am263px.r5f.ti-arm-clang.debug.lib : DebugP_shmLogReader_freertos.obj (.bss.gDebugShmLogReaderTaskStack)
                  70071780    00001000     main.o (.bss.gMainTaskStack)
                  70072780    00001000     freertos.am263px.r5f.ti-arm-clang.debug.lib : port.obj (.bss.uxIdleTaskStack)
                  70073780    00000d80     ti_enet_open_close.o (.bss.gEnetAppSysCfgObj)
                  70074500    00000b1f     (.common:memp_memory_SYS_MBOX_base)
                  7007501f    00000001     lwip-freertos.am263px.r5f.ti-arm-clang.debug.lib : tcp_in.obj (.bss.flags)
                  70075020    00000880     ti_enet_config.o (.bss.gAppPktInfoMemOnly)
                  700758a0    0000081f     (.common:memp_memory_RX_POOL_base)
                  700760bf    00000001     lwip-freertos.am263px.r5f.ti-arm-clang.debug.lib : sys_arch.obj (.bss.lwip_core_lock_count)
                  700760c0    0000080c     (.common:gHwiCtrl)
                  700768cc    00000014     freertos.am263px.r5f.ti-arm-clang.debug.lib : timers.obj (.bss.xActiveTimerList1)
                  700768e0    00000800     log_reader_task.o (.bss.gLogReaderTaskStack)
                  700770e0    000005c0     enet-cpsw.am263px.r5f.ti-arm-clang.freertos.debug.lib : enet_osal.obj (.bss.gOsalSemPEnetOsalPool)
                  700776a0    00000440     lwip-freertos.am263px.r5f.ti-arm-clang.debug.lib : dns.obj (.bss.dns_table)
                  70077ae0    00000430     enet-cpsw.am263px.r5f.ti-arm-clang.freertos.debug.lib : enetphy.obj (.bss.gEnetPhy_phyObjs)
                  70077f10    00000400     ti_enet_config.o (.bss.gAppPktInfoContainerMem_LargePool)
                  70078310    00000010     lwip-freertos.am263px.r5f.ti-arm-clang.debug.lib : dns.obj (.bss.dns_pcbs)
                  70078320    00000400     main.o (.bss.gIpcTaskStack)
                  70078720    00000400     freertos.am263px.r5f.ti-arm-clang.debug.lib : port.obj (.bss.uxTimerTaskStack)
                  70078b20    00000400     (.common:gFreePbufArr)
                  70078f20    000003df     (.common:memp_memory_ARP_QUEUE_base)
                  700792ff    0000033f     (.common:memp_memory_TCP_PCB_base)
                  7007963e    00000002     lwip-freertos.am263px.r5f.ti-arm-clang.debug.lib : ip4_frag.obj (.bss.ip_reass_pbufcount)
                  70079640    000002c0     ti_enet_config.o (.bss:ENET_CPDMA_OBJ_MEM)
                  70079900    0000029f     (.common:memp_memory_NETCONN_base)
                  70079b9f    00000001     lwip-freertos.am263px.r5f.ti-arm-clang.debug.lib : netif.obj (.bss.netif_num)
                  70079ba0    00000288     ti_drivers_config.o (.bss.gUartObjects)
                  70079e28    00000280     freertos.am263px.r5f.ti-arm-clang.debug.lib : tasks.obj (.bss.pxReadyTasksLists)
                  7007a0a8    0000023f     (.common:memp_memory_SYS_TIMEOUT_base)
                  7007a2e7    00000001     lwip-freertos.am263px.r5f.ti-arm-clang.debug.lib : tcp_in.obj (.bss.recv_flags)
                  7007a2e8    00000204     (.common:lwip_stats)
                  7007a4ec    000001ff     (.common:memp_memory_FRAG_PBUF_base)
                  7007a6eb    00000001                                                      : tcp.obj (.bss.tcp_timer)
                  7007a6ec    000001cc     main.o (.bss.build_and_send_udp_packet.xgw_states)
                  7007a8b8    00000178     ti_drivers_config.o (.bss.gI2cObjects)
                  7007aa30    0000016c     (.common:gEepromObject_CAT24M)
                  7007ab9c    0000015f     (.common:memp_memory_ALTCP_PCB_base)
                  7007acfb    0000015f     (.common:memp_memory_NETDB_base)
                  7007ae5a    0000015f     (.common:memp_memory_REASSDATA_base)
                  7007afb9    00000001     lwip-freertos.am263px.r5f.ti-arm-clang.debug.lib : tcp.obj (.bss.tcp_timer_ctr)
                  7007afba    00000002                                                      : tcp_in.obj (.bss.recv_acked)
                  7007afbc    00000120     libsysbm.a : trgmsg.c.obj (.bss:_CIOBUF_)
                  7007b0dc    0000011f     (.common:memp_memory_IGMP_GROUP_base)
                  7007b1fb    0000011f     (.common:memp_memory_TCP_PCB_LISTEN_base)
                  7007b31a    0000011f     (.common:memp_memory_UDP_PCB_base)
                  7007b439    00000100     freertos.am263px.r5f.ti-arm-clang.debug.lib : timers.obj (.bss.prvCheckForValidListAndQueue.ucStaticTimerQueueStorage)
                  7007b539    00000001     (.common:pbuf_free_ooseq_pending)
                  7007b53a    00000002     lwip-freertos.am263px.r5f.ti-arm-clang.debug.lib : tcp_in.obj (.bss.tcp_optidx)
                  7007b53c    00000100     (.common:xQueueRegistry)
                  7007b63c    000000f0                                                      : etharp.obj (.bss.arp_table)
                  7007b72c    000000d8     (.common:gEnetUtilsObj)
                  7007b804    000000b8     (.common:gIpcNotifyCtrl)
                  7007b8bc    000000a0     libc.a : defs.c.obj (.bss.__TI_tmpnams)
                  7007b95c    00000004     lwip-freertos.am263px.r5f.ti-arm-clang.debug.lib : tcp_in.obj (.bss.ackno)
                  7007b960    000000a0     (.common:gTaskP_ctrl)
                  7007ba00    00000098     freertos.am263px.r5f.ti-arm-clang.debug.lib : DebugP_shmLogReader_freertos.obj (.bss.gDebugShmLogReaderTaskObj)
                  7007ba98    00000098     main.o (.bss.gEnetLwipTaskObj)
                  7007bb30    00000098     main.o (.bss.gIpcTaskObj)
                  7007bbc8    00000098     log_reader_task.o (.bss.gLogReaderTaskObj)
                  7007bc60    00000098     main.o (.bss.gMainTaskObj)
                  7007bcf8    00000098     test.o (.bss.gUdpRxTaskTcb)
                  7007bd90    00000098     main.o (.bss.gUdpTxTaskObj)
                  7007be28    00000098     freertos.am263px.r5f.ti-arm-clang.debug.lib : port.obj (.bss.xIdleTaskTCB)
                  7007bec0    00000098                                                 : port.obj (.bss.xTimerTaskTCB)
                  7007bf58    00000094     (.common:gDebugShmLogReaderCtrl)
                  7007bfec    00000080     enet-cpsw.am263px.r5f.ti-arm-clang.freertos.debug.lib : enet_osal.obj (.bss.gOsalHwiPEnetOsalPool)
                  7007c06c    0000007f     (.common:memp_memory_RAW_PCB_base)
                  7007c0eb    0000007a     freertos.am263px.r5f.ti-arm-clang.debug.lib : DebugP_memTraceLogWriter.obj (.bss.DebugP_memLogWriterPutChar.lineBuf)
                  7007c165    00000001     (.common:tcp_active_pcbs_changed)
                  7007c166    00000002     lwip-freertos.am263px.r5f.ti-arm-clang.debug.lib : tcp_in.obj (.bss.tcphdr_opt1len)
                  7007c168    00000050     freertos.am263px.r5f.ti-arm-clang.debug.lib : timers.obj (.bss.prvCheckForValidListAndQueue.xStaticTimerQueue)
                  7007c1b8    00000050     (.common:gRovDummyQueue)
                  7007c208    00000030     lwip-freertos.am263px.r5f.ti-arm-clang.debug.lib : dns.obj (.bss.dns_requests)
                  7007c238    00000029     enet-cpsw.am263px.r5f.ti-arm-clang.freertos.debug.lib : enetphy.obj (.bss.gEnetPhyCapsBuf)
                  7007c261    00000001     --HOLE--
                  7007c262    00000002     lwip-freertos.am263px.r5f.ti-arm-clang.debug.lib : tcp_in.obj (.bss.tcphdr_optlen)
                  7007c264    00000028                                                      : dhcp.obj (.bss.dhcp_rx_options_val)
                  7007c28c    00000024     enet-cpsw.am263px.r5f.ti-arm-clang.freertos.debug.lib : enet_cpdma_priv.obj (.bss.gCpswDmaMemMgrObj)
                  7007c2b0    0000001f     (.common:memp_memory_PBUF_POOL_base)
                  7007c2cf    00000001     --HOLE--
                  7007c2d0    00000018     (.common:gClockCtrl)
                  7007c2e8    00000018     (.common:ip_data)
                  7007c300    00000014     freertos.am263px.r5f.ti-arm-clang.debug.lib : timers.obj (.bss.xActiveTimerList2)
                  7007c314    00000014                                                 : tasks.obj (.bss.xDelayedTaskList1)
                  7007c328    00000014                                                 : tasks.obj (.bss.xDelayedTaskList2)
                  7007c33c    00000014                                                 : tasks.obj (.bss.xPendingReadyList)
                  7007c350    00000014                                                 : tasks.obj (.bss.xSuspendedTaskList)
                  7007c364    00000014                                                 : tasks.obj (.bss.xTasksWaitingTermination)
                  7007c378    00000010     lwip-freertos.am263px.r5f.ti-arm-clang.debug.lib : ip4_addr.obj (.bss.ip4addr_ntoa.str)
                  7007c388    00000010                                                      : memp.obj (.bss.memp_stats_ALTCP_PCB)
                  7007c398    00000010                                                      : memp.obj (.bss.memp_stats_ARP_QUEUE)
                  7007c3a8    00000010                                                      : memp.obj (.bss.memp_stats_FRAG_PBUF)
                  7007c3b8    00000010                                                      : memp.obj (.bss.memp_stats_IGMP_GROUP)
                  7007c3c8    00000010                                                      : memp.obj (.bss.memp_stats_NETBUF)
                  7007c3d8    00000010                                                      : memp.obj (.bss.memp_stats_NETCONN)
                  7007c3e8    00000010                                                      : memp.obj (.bss.memp_stats_NETDB)
                  7007c3f8    00000010                                                      : memp.obj (.bss.memp_stats_PBUF)
                  7007c408    00000010                                                      : memp.obj (.bss.memp_stats_PBUF_POOL)
                  7007c418    00000010                                                      : memp.obj (.bss.memp_stats_POOL_128)
                  7007c428    00000010                                                      : memp.obj (.bss.memp_stats_POOL_1568)
                  7007c438    00000010                                                      : memp.obj (.bss.memp_stats_POOL_4096)
                  7007c448    00000010                                                      : memp.obj (.bss.memp_stats_RAW_PCB)
                  7007c458    00000010                                                      : memp.obj (.bss.memp_stats_REASSDATA)
                  7007c468    00000010     ti_enet_lwipif.o (.bss.memp_stats_RX_POOL)
                  7007c478    00000010     lwip-freertos.am263px.r5f.ti-arm-clang.debug.lib : memp.obj (.bss.memp_stats_SYS_MBOX)
                  7007c488    00000010                                                      : memp.obj (.bss.memp_stats_SYS_TIMEOUT)
                  7007c498    00000010                                                      : memp.obj (.bss.memp_stats_TCPIP_MSG_API)
                  7007c4a8    00000010                                                      : memp.obj (.bss.memp_stats_TCPIP_MSG_INPKT)
                  7007c4b8    00000010                                                      : memp.obj (.bss.memp_stats_TCP_PCB)
                  7007c4c8    00000010                                                      : memp.obj (.bss.memp_stats_TCP_PCB_LISTEN)
                  7007c4d8    00000010                                                      : memp.obj (.bss.memp_stats_TCP_SEG)
                  7007c4e8    00000010                                                      : memp.obj (.bss.memp_stats_UDP_PCB)
                  7007c4f8    00000010     (.common:virtToPhymap)
                  7007c508    0000000c     (.common:pfreeQ)
                  7007c514    0000000a                                                      : dhcp.obj (.bss.dhcp_rx_options_given)
                  7007c51e    00000002                                                      : tcp_in.obj (.bss.tcplen)
                  7007c520    00000008                                                      : dns.obj (.bss.dns_servers)
                  7007c528    00000008     libsysbm.a : hostopen.c.obj (.bss.parmbuf)
                  7007c530    00000004     lwip-freertos.am263px.r5f.ti-arm-clang.debug.lib : igmp.obj (.bss.allrouters)
                  7007c534    00000004                                                      : igmp.obj (.bss.allsystems)
                  7007c538    00000004                                                      : timeouts.obj (.bss.current_timeout_due_time)
                  7007c53c    00000004                                                      : dhcp.obj (.bss.dhcp_create_msg.xid)
                  7007c540    00000004                                                      : dhcp.obj (.bss.dhcp_pcb)
                  7007c544    00000004                                                      : netif.obj (.bss.ext_callback)
                  7007c548    00000004     freertos.am263px.r5f.ti-arm-clang.debug.lib : DebugP_shmLogReader_freertos.obj (.bss.gDebugShmLogReaderTask)
                  7007c54c    00000004                                                 : HwiP_armv7r_handlers_freertos.obj (.bss.gdummy)
                  7007c550    00000004                                                 : HwiP_armv7r_vim.obj (.bss.gdummy)
                  7007c554    00000004     lwip-freertos.am263px.r5f.ti-arm-clang.debug.lib : ip4.obj (.bss.ip4_default_multicast_netif)
                  7007c558    00000004                                                      : sys_arch.obj (.bss.lwip_core_lock_holder_thread)
                  7007c55c    00000004                                                      : sys_arch.obj (.bss.lwip_tcpip_thread)
                  7007c560    00000004                                                      : memp.obj (.bss.memp_tab_ALTCP_PCB)
                  7007c564    00000004                                                      : memp.obj (.bss.memp_tab_ARP_QUEUE)
                  7007c568    00000004                                                      : memp.obj (.bss.memp_tab_FRAG_PBUF)
                  7007c56c    00000004                                                      : memp.obj (.bss.memp_tab_IGMP_GROUP)
                  7007c570    00000004                                                      : memp.obj (.bss.memp_tab_NETBUF)
                  7007c574    00000004                                                      : memp.obj (.bss.memp_tab_NETCONN)
                  7007c578    00000004                                                      : memp.obj (.bss.memp_tab_NETDB)
                  7007c57c    00000004                                                      : memp.obj (.bss.memp_tab_PBUF)
                  7007c580    00000004                                                      : memp.obj (.bss.memp_tab_PBUF_POOL)
                  7007c584    00000004                                                      : memp.obj (.bss.memp_tab_POOL_128)
                  7007c588    00000004                                                      : memp.obj (.bss.memp_tab_POOL_1568)
                  7007c58c    00000004                                                      : memp.obj (.bss.memp_tab_POOL_4096)
                  7007c590    00000004                                                      : memp.obj (.bss.memp_tab_RAW_PCB)
                  7007c594    00000004                                                      : memp.obj (.bss.memp_tab_REASSDATA)
                  7007c598    00000004     ti_enet_lwipif.o (.bss.memp_tab_RX_POOL)
                  7007c59c    00000004     lwip-freertos.am263px.r5f.ti-arm-clang.debug.lib : memp.obj (.bss.memp_tab_SYS_MBOX)
                  7007c5a0    00000004                                                      : memp.obj (.bss.memp_tab_SYS_TIMEOUT)
                  7007c5a4    00000004                                                      : memp.obj (.bss.memp_tab_TCPIP_MSG_API)
                  7007c5a8    00000004                                                      : memp.obj (.bss.memp_tab_TCPIP_MSG_INPKT)
                  7007c5ac    00000004                                                      : memp.obj (.bss.memp_tab_TCP_PCB)
                  7007c5b0    00000004                                                      : memp.obj (.bss.memp_tab_TCP_PCB_LISTEN)
                  7007c5b4    00000004                                                      : memp.obj (.bss.memp_tab_TCP_SEG)
                  7007c5b8    00000004                                                      : memp.obj (.bss.memp_tab_UDP_PCB)
                  7007c5bc    00000004                                                      : timeouts.obj (.bss.next_timeout)
                  7007c5c0    00000004     freertos.am263px.r5f.ti-arm-clang.debug.lib : timers.obj (.bss.pxCurrentTimerList)
                  7007c5c4    00000004                                                 : tasks.obj (.bss.pxDelayedTaskList)
                  7007c5c8    00000004                                                 : tasks.obj (.bss.pxOverflowDelayedTaskList)
                  7007c5cc    00000004                                                 : timers.obj (.bss.pxOverflowTimerList)
                  7007c5d0    00000004     lwip-freertos.am263px.r5f.ti-arm-clang.debug.lib : raw.obj (.bss.raw_pcbs)
                  7007c5d4    00000004                                                      : ip4_frag.obj (.bss.reassdatagrams)
                  7007c5d8    00000004                                                      : tcp_in.obj (.bss.recv_data)
                  7007c5dc    00000004                                                      : tcp_in.obj (.bss.seqno)
                  7007c5e0    00000004                                                      : sys_arch.obj (.bss.sys_arch_protect_mutex)
                  7007c5e4    00000004                                                      : sys_arch.obj (.bss.sys_arch_protect_nesting)
                  7007c5e8    00000004     libc.a : memory.c.obj (.bss.sys_free)
                  7007c5ec    00000004     lwip-freertos.am263px.r5f.ti-arm-clang.debug.lib : tcp_in.obj (.bss.tcphdr)
                  7007c5f0    00000004                                                      : tcp_in.obj (.bss.tcphdr_opt2)
                  7007c5f4    00000004                                                      : tcpip.obj (.bss.tcpip_init_done)
                  7007c5f8    00000004                                                      : tcpip.obj (.bss.tcpip_init_done_arg)
                  7007c5fc    00000004                                                      : tcpip.obj (.bss.tcpip_mbox)
                  7007c600    00000004                                                      : timeouts.obj (.bss.tcpip_tcp_timer_active)
                  7007c604    00000004     freertos.am263px.r5f.ti-arm-clang.debug.lib : tasks.obj (.bss.xIdleTaskHandles)
                  7007c608    00000004     (.common:gEepromHandle)
                  7007c60c    00000004     (.common:gI2cHandle)
                  7007c610    00000004     (.common:gInterface)
                  7007c614    00000004     (.common:gUartHandle)
                  7007c618    00000004     (.common:lock_tcpip_core)
                  7007c61c    00000004     (.common:netif_default)
                  7007c620    00000004     (.common:netif_list)
                  7007c624    00000004     (.common:tcp_active_pcbs)
                  7007c628    00000004     (.common:tcp_bound_pcbs)
                  7007c62c    00000004     (.common:tcp_input_pcb)
                  7007c630    00000004     (.common:tcp_listen_pcbs)
                  7007c634    00000004     (.common:tcp_ticks)
                  7007c638    00000004     (.common:tcp_tw_pcbs)
                  7007c63c    00000004     (.common:udp_pcbs)
                  7007c640    00000040     --HOLE--

.sysmem    0    7007c680    00030d40     UNINITIALIZED
                  7007c680    00000010     libc.a : memory.c.obj (.sysmem)
                  7007c690    00030d30     --HOLE--

.stack     0    700ad3c0    00002000     UNINITIALIZED
                  700ad3c0    00000004     freertos.am263px.r5f.ti-arm-clang.debug.lib : boot_armv7r_asm.obj (.stack)
                  700ad3c4    00001ffc     --HOLE--

.text      0    700af3c0    00051720     
                  700af3c0    000011da     lwip-freertos.am263px.r5f.ti-arm-clang.debug.lib : tcp_in.obj (.text.tcp_receive)
                  700b059a    00000002     --HOLE-- [fill = 0]
                  700b059c    00000004     libclang_rt.builtins.a : aeabi_div0.c.obj (.text.__aeabi_idiv0)
                  700b05a0    00000c3e     lwip-freertos.am263px.r5f.ti-arm-clang.debug.lib : tcp_in.obj (.text.tcp_input)
                  700b11de    00000002     --HOLE-- [fill = 0]
                  700b11e0    00000ad8                                                      : tcp_in.obj (.text.tcp_process)
                  700b1cb8    00000008     libsysbm.a : hostexit.c.obj (.text.HOSTexit)
                  700b1cc0    00000abe     enet-cpsw.am263px.r5f.ti-arm-clang.freertos.debug.lib : enet_cpdma.obj (.text.EnetCpdma_dequeueTx)
                  700b277e    00000002     --HOLE-- [fill = 0]
                  700b2780    00000a34     freertos.am263px.r5f.ti-arm-clang.debug.lib : printf.obj (.text._vsnprintf)
                  700b31b4    0000000c     libclang_rt.builtins.a : aeabi_memset.S.obj (.text.__aeabi_memclr)
                  700b31c0    0000099a     enet-cpsw.am263px.r5f.ti-arm-clang.freertos.debug.lib : enet_cpdma.obj (.text.EnetCpdma_dequeueRx)
                  700b3b5a    00000002     --HOLE-- [fill = 0]
                  700b3b5c    00000004     libclang_rt.builtins.a : aeabi_div0.c.obj (.text.__aeabi_ldiv0)
                  700b3b60    00000960     lwip-freertos.am263px.r5f.ti-arm-clang.debug.lib : tcp.obj (.text.tcp_slowtmr)
                  700b44c0    000007a4     drivers.am263px.r5f.ti-arm-clang.freertos.debug.lib : i2c_v1_lld.obj (.text.I2C_lld_primeTransferPoll)
                  700b4c64    0000000c     libc.a : memory.c.obj (.text.malloc)
                  700b4c70    00000678     drivers.am263px.r5f.ti-arm-clang.freertos.debug.lib : soc_rcm.obj (.text.SOC_rcmGetClkSrcAndDivReg)
                  700b52e8    00000004     libclang_rt.builtins.a : aeabi_memcpy.S.obj (.text.__aeabi_memcpy)
                  700b52ec    00000004     libc.a : _lock.c.obj (.text._nop)
                  700b52f0    00000654     lwip-freertos.am263px.r5f.ti-arm-clang.debug.lib : dhcp.obj (.text.dhcp_parse_reply)
                  700b5944    0000000c     freertos.am263px.r5f.ti-arm-clang.debug.lib : CpuId_armv7r_asm.obj (.text)
                  700b5950    00000638     drivers.am263px.r5f.ti-arm-clang.freertos.debug.lib : soc_rcm.obj (.text.SOC_rcmEnablePeripheralClock)
                  700b5f88    00000004     libc.a : fseek.c.obj (.text.fseek)
                  700b5f8c    00000004     libsysbm.a : remove.c.obj (.text.remove)
                  700b5f90    00000610     lwipif-cpsw-freertos.am263px.r5f.ti-arm-clang.debug.lib : lwip2enet.obj (.text.Lwip2Enet_open)
                  700b65a0    00000606     enet-cpsw.am263px.r5f.ti-arm-clang.freertos.debug.lib : enet_cpdma.obj (.text.EnetCpdma_enqueueRx)
                  700b6ba6    0000000a     --HOLE-- [fill = 0]
                  700b6bb0    000005e2     freertos.am263px.r5f.ti-arm-clang.debug.lib : printf.obj (.text._ftoa)
                  700b7192    0000000e     --HOLE-- [fill = 0]
                  700b71a0    00000552     enet-cpsw.am263px.r5f.ti-arm-clang.freertos.debug.lib : cpsw_ale.obj (.text.CpswAle_open)
                  700b76f2    0000000e     --HOLE-- [fill = 0]
                  700b7700    0000054c     lwip-freertos.am263px.r5f.ti-arm-clang.debug.lib : ip4.obj (.text.ip4_input)
                  700b7c4c    00000004     --HOLE-- [fill = 0]
                  700b7c50    0000050e                                                      : icmp.obj (.text.icmp_input)
                  700b815e    00000002     --HOLE-- [fill = 0]
                  700b8160    00000506     enet-cpsw.am263px.r5f.ti-arm-clang.freertos.debug.lib : enet_cpdma.obj (.text.EnetCpdma_enqueueTx)
                  700b8666    0000000a     --HOLE-- [fill = 0]
                  700b8670    000004ec     main.o (.text.udp_tx_task)
                  700b8b5c    00000004     --HOLE-- [fill = 0]
                  700b8b60    000004d8     lwip-freertos.am263px.r5f.ti-arm-clang.debug.lib : tcp_out.obj (.text.tcp_output)
                  700b9038    00000008     --HOLE-- [fill = 0]
                  700b9040    000004b0     freertos.am263px.r5f.ti-arm-clang.debug.lib : printf.obj (.text._etoa)
                  700b94f0    000004ae     lwip-freertos.am263px.r5f.ti-arm-clang.debug.lib : udp.obj (.text.udp_input)
                  700b999e    00000002     --HOLE-- [fill = 0]
                  700b99a0    00000492                                                      : etharp.obj (.text.etharp_query)
                  700b9e32    0000000e     --HOLE-- [fill = 0]
                  700b9e40    0000048a                                                      : etharp.obj (.text.etharp_find_entry)
                  700ba2ca    00000006     --HOLE-- [fill = 0]
                  700ba2d0    00000486                                                      : ip4_frag.obj (.text.ip4_reass)
                  700ba756    0000000a     --HOLE-- [fill = 0]
                  700ba760    00000466     board.am263px.r5f.ti-arm-clang.freertos.debug.lib : dp83869.obj (.text.Dp83869_printRegs)
                  700babc6    0000000a     --HOLE-- [fill = 0]
                  700babd0    00000446     enet-cpsw.am263px.r5f.ti-arm-clang.freertos.debug.lib : cpsw_macport.obj (.text.CpswMacPort_open)
                  700bb016    0000000a     --HOLE-- [fill = 0]
                  700bb020    0000043e                                                           : enet_rm.obj (.text.EnetRm_detachCore)
                  700bb45e    00000002     --HOLE-- [fill = 0]
                  700bb460    00000404     drivers.am263px.r5f.ti-arm-clang.freertos.debug.lib : uart_v0.obj (.text.UART_open)
                  700bb864    0000000c     --HOLE-- [fill = 0]
                  700bb870    000003e2     enet-cpsw.am263px.r5f.ti-arm-clang.freertos.debug.lib : enet_rm.obj (.text.EnetRm_close)
                  700bbc52    0000000e     --HOLE-- [fill = 0]
                  700bbc60    000003dc     drivers.am263px.r5f.ti-arm-clang.freertos.debug.lib : ipc_notify_v1.obj (.text.IpcNotify_init)
                  700bc03c    000003dc     libc.a : _printfi.c.obj (.text:__TI_printfi_minimal)
                  700bc418    00000008     --HOLE-- [fill = 0]
                  700bc420    000003d2     drivers.am263px.r5f.ti-arm-clang.freertos.debug.lib : soc.obj (.text.SOC_phyToVirt)
                  700bc7f2    0000000e     --HOLE-- [fill = 0]
                  700bc800    000003c4     xgw_udp_interface.o (.text.xgw_udp_send_motor_states)
                  700bcbc4    0000000c     --HOLE-- [fill = 0]
                  700bcbd0    000003be     lwip-freertos.am263px.r5f.ti-arm-clang.debug.lib : ip4_frag.obj (.text.ip_reass_chain_frag_into_datagram_and_validate)
                  700bcf8e    00000002     --HOLE-- [fill = 0]
                  700bcf90    000003ba                                                      : udp.obj (.text.udp_sendto_if_src)
                  700bd34a    00000006     --HOLE-- [fill = 0]
                  700bd350    000003b0                                                      : tcp_out.obj (.text.tcp_split_unsent_seg)
                  700bd700    000003a2     enet-cpsw.am263px.r5f.ti-arm-clang.freertos.debug.lib : cpsw.obj (.text.Cpsw_registerIntrs)
                  700bdaa2    0000000e     --HOLE-- [fill = 0]
                  700bdab0    00000398                                                           : mdio.obj (.text.Mdio_open)
                  700bde48    00000018     libc.a : memset32.S.obj (.text:TI_memset_small)
                  700bde60    00000390            : strcmp32.S.obj (.text:strcmp)
                  700be1f0    00000380     lwip-freertos.am263px.r5f.ti-arm-clang.debug.lib : ip4_frag.obj (.text.ip4_frag)
                  700be570    0000036e     enet-cpsw.am263px.r5f.ti-arm-clang.freertos.debug.lib : cpsw.obj (.text.Cpsw_handleLinkDown)
                  700be8de    00000002     --HOLE-- [fill = 0]
                  700be8e0    0000036a                                                           : enet_appmemutils.obj (.text.EnetMem_initCore)
                  700bec4a    00000006     --HOLE-- [fill = 0]
                  700bec50    00000362     lwipif-cpsw-freertos.am263px.r5f.ti-arm-clang.debug.lib : lwip2enet.obj (.text.Lwip2Enet_prepRxPktQ)
                  700befb2    0000000e     --HOLE-- [fill = 0]
                  700befc0    00000356     drivers.am263px.r5f.ti-arm-clang.freertos.debug.lib : i2c_v1.obj (.text.I2C_open)
                  700bf316    0000000a     --HOLE-- [fill = 0]
                  700bf320    0000034a     enet-cpsw.am263px.r5f.ti-arm-clang.freertos.debug.lib : cpsw.obj (.text.Cpsw_openInternal)
                  700bf66a    00000006     --HOLE-- [fill = 0]
                  700bf670    0000033a                                                           : cpsw_ioctl.obj (.text.Cpsw_openPortLinkNoPhy)
                  700bf9aa    00000006     --HOLE-- [fill = 0]
                  700bf9b0    00000330                                                           : cpsw.obj (.text.Cpsw_open)
                  700bfce0    00000326     lwip-freertos.am263px.r5f.ti-arm-clang.debug.lib : ip4.obj (.text.ip4_output_if_opt_src)
                  700c0006    0000000a     --HOLE-- [fill = 0]
                  700c0010    00000320     motor_mapping.o (.text.motor_mapping_init_core0)
                  700c0330    0000031e     lwip-freertos.am263px.r5f.ti-arm-clang.debug.lib : tcp_out.obj (.text.tcp_enqueue_flags)
                  700c064e    00000002     --HOLE-- [fill = 0]
                  700c0650    00000302     drivers.am263px.r5f.ti-arm-clang.freertos.debug.lib : soc.obj (.text.SOC_virtToPhy)
                  700c0952    0000000e     --HOLE-- [fill = 0]
                  700c0960    000002f8     lwip-freertos.am263px.r5f.ti-arm-clang.debug.lib : pbuf.obj (.text.pbuf_alloc)
                  700c0c58    00000008     --HOLE-- [fill = 0]
                  700c0c60    000002f2     enet-cpsw.am263px.r5f.ti-arm-clang.freertos.debug.lib : enet_cpdma.obj (.text.EnetCpdma_open)
                  700c0f52    0000000e     --HOLE-- [fill = 0]
                  700c0f60    000002e6                                                           : csl_cpsw.obj (.text.CSL_CPSW_setPortRxDscpMap)
                  700c1246    0000000a     --HOLE-- [fill = 0]
                  700c1250    000002e6     ti_enet_open_close.o (.text.EnetApp_driverOpen)
                  700c1536    0000000a     --HOLE-- [fill = 0]
                  700c1540    000002de     lwip-freertos.am263px.r5f.ti-arm-clang.debug.lib : etharp.obj (.text.etharp_output)
                  700c181e    00000002     --HOLE-- [fill = 0]
                  700c1820    000002da     enet-cpsw.am263px.r5f.ti-arm-clang.freertos.debug.lib : cpsw.obj (.text.Cpsw_periodicTick)
                  700c1afa    00000006     --HOLE-- [fill = 0]
                  700c1b00    000002d2                                                           : enetphy.obj (.text.EnetPhy_enableState)
                  700c1dd2    0000000e     --HOLE-- [fill = 0]
                  700c1de0    000002bc     lwip-freertos.am263px.r5f.ti-arm-clang.debug.lib : tcp_out.obj (.text.tcp_output_segment)
                  700c209c    00000004     --HOLE-- [fill = 0]
                  700c20a0    000002ba     drivers.am263px.r5f.ti-arm-clang.freertos.debug.lib : i2c_v1_lld.obj (.text.I2C_lld_controllerIsr)
                  700c235a    00000006     --HOLE-- [fill = 0]
                  700c2360    000002ba     main.o (.text.build_and_send_udp_packet)
                  700c261a    00000006     --HOLE-- [fill = 0]
                  700c2620    000002ba     lwip-freertos.am263px.r5f.ti-arm-clang.debug.lib : pbuf.obj (.text.pbuf_copy_partial_pbuf)
                  700c28da    00000006     --HOLE-- [fill = 0]
                  700c28e0    000002b8     enet-cpsw.am263px.r5f.ti-arm-clang.freertos.debug.lib : cpsw.obj (.text.Cpsw_handleLinkUp)
                  700c2b98    00000008     --HOLE-- [fill = 0]
                  700c2ba0    000002aa     lwip-freertos.am263px.r5f.ti-arm-clang.debug.lib : netif.obj (.text.netif_add)
                  700c2e4a    00000006     --HOLE-- [fill = 0]
                  700c2e50    000002a8     enet-cpsw.am263px.r5f.ti-arm-clang.freertos.debug.lib : cpsw_ale.obj (.text.CpswAle_addVlan)
                  700c30f8    00000008     --HOLE-- [fill = 0]
                  700c3100    0000029e     lwip-freertos.am263px.r5f.ti-arm-clang.debug.lib : tcp_in.obj (.text.tcp_listen_input)
                  700c339e    00000002     --HOLE-- [fill = 0]
                  700c33a0    0000029a     drivers.am263px.r5f.ti-arm-clang.freertos.debug.lib : i2c_v1_lld.obj (.text.I2C_lld_targetIsr)
                  700c363a    00000006     --HOLE-- [fill = 0]
                  700c3640    00000296     lwip-freertos.am263px.r5f.ti-arm-clang.debug.lib : tcp.obj (.text.tcp_close_shutdown)
                  700c38d6    0000000a     --HOLE-- [fill = 0]
                  700c38e0    00000290     enet-cpsw.am263px.r5f.ti-arm-clang.freertos.debug.lib : cpsw.obj (.text.Cpsw_registerIoctlHandler)
                  700c3b70    0000028e                                                           : csl_cpsw.obj (.text.CSL_CPSW_setAlePolicerEntry)
                  700c3dfe    00000002     --HOLE-- [fill = 0]
                  700c3e00    00000286                                                           : csl_cpsw.obj (.text.CSL_CPSW_getAlePolicerEntry)
                  700c4086    0000000a     --HOLE-- [fill = 0]
                  700c4090    0000027e                                                           : cpsw_ale.obj (.text.CpswAle_findVlan)
                  700c430e    00000002     --HOLE-- [fill = 0]
                  700c4310    0000027e     drivers.am263px.r5f.ti-arm-clang.freertos.debug.lib : uart_dma_edma.obj (.text.UART_edmaChInit)
                  700c458e    00000002     --HOLE-- [fill = 0]
                  700c4590    0000027a     enet-cpsw.am263px.r5f.ti-arm-clang.freertos.debug.lib : cpsw.obj (.text.Cpsw_ioctl)
                  700c480a    00000006     --HOLE-- [fill = 0]
                  700c4810    00000272     test.o (.text.test_netif_init)
                  700c4a82    0000000e     --HOLE-- [fill = 0]
                  700c4a90    00000266     enet-cpsw.am263px.r5f.ti-arm-clang.freertos.debug.lib : cpsw_est_ioctl.obj (.text.CpswEst_ioctl_handler_ENET_TAS_IOCTL_SET_STATE)
                  700c4cf6    0000000a     --HOLE-- [fill = 0]
                  700c4d00    00000266     freertos.am263px.r5f.ti-arm-clang.debug.lib : tasks.obj (.text.xTaskIncrementTick)
                  700c4f66    0000000a     --HOLE-- [fill = 0]
                  700c4f70    0000025a     lwip-freertos.am263px.r5f.ti-arm-clang.debug.lib : ip4_frag.obj (.text.ip_reass_free_complete_datagram)
                  700c51ca    00000006     --HOLE-- [fill = 0]
                  700c51d0    0000025a     freertos.am263px.r5f.ti-arm-clang.debug.lib : tasks.obj (.text.xTaskResumeAll)
                  700c542a    00000006     --HOLE-- [fill = 0]
                  700c5430    00000254     lwip-freertos.am263px.r5f.ti-arm-clang.debug.lib : igmp.obj (.text.igmp_input)
                  700c5684    0000000c     --HOLE-- [fill = 0]
                  700c5690    00000250     drivers.am263px.r5f.ti-arm-clang.freertos.debug.lib : edma.obj (.text.Alloc_resource)
                  700c58e0    0000024c     enet-cpsw.am263px.r5f.ti-arm-clang.freertos.debug.lib : cpsw_macport_ioctl.obj (.text.CpswMacPort_enablePort)
                  700c5b2c    00000004     --HOLE-- [fill = 0]
                  700c5b30    00000246     lwip-freertos.am263px.r5f.ti-arm-clang.debug.lib : dns.obj (.text.dns_send)
                  700c5d76    0000000a     --HOLE-- [fill = 0]
                  700c5d80    00000242     enet-cpsw.am263px.r5f.ti-arm-clang.freertos.debug.lib : enetphy.obj (.text.EnetPhy_bindDriver)
                  700c5fc2    0000000e     --HOLE-- [fill = 0]
                  700c5fd0    00000242     drivers.am263px.r5f.ti-arm-clang.freertos.debug.lib : uart_v0_lld.obj (.text.UART_fifoConfig)
                  700c6212    0000000e     --HOLE-- [fill = 0]
                  700c6220    00000240     main.o (.text.core0_init)
                  700c6460    0000023e     enet-cpsw.am263px.r5f.ti-arm-clang.freertos.debug.lib : cpsw_cpts_ioctl.obj (.text.CpswCpts_handleEvents)
                  700c669e    00000002     --HOLE-- [fill = 0]
                  700c66a0    0000023e     freertos.am263px.r5f.ti-arm-clang.debug.lib : printf.obj (.text._ntoa_format)
                  700c68de    00000002     --HOLE-- [fill = 0]
                  700c68e0    00000238     main.o (.text.freertos_main)
                  700c6b18    00000008     --HOLE-- [fill = 0]
                  700c6b20    00000234     enet-cpsw.am263px.r5f.ti-arm-clang.freertos.debug.lib : cpsw_hostport.obj (.text.CpswHostPort_open)
                  700c6d54    0000000c     --HOLE-- [fill = 0]
                  700c6d60    00000230                                                           : enet_appmemutils.obj (.text.EnetMem_allocEthPkt)
                  700c6f90    0000022e     xgw_udp_interface.o (.text.xgw_udp_process_motor_cmd)
                  700c71be    00000002     --HOLE-- [fill = 0]
                  700c71c0    0000022c     enet-cpsw.am263px.r5f.ti-arm-clang.freertos.debug.lib : enet_cpdma_priv.obj (.text.EnetCpdma_memMgrInit)
                  700c73ec    00000004     --HOLE-- [fill = 0]
                  700c73f0    0000022a     lwipif-cpsw-freertos.am263px.r5f.ti-arm-clang.debug.lib : lwip2lwipif.obj (.text.LWIPIF_LWIP_getChkSumInfo)
                  700c761a    00000006     --HOLE-- [fill = 0]
                  700c7620    0000022a     lwip-freertos.am263px.r5f.ti-arm-clang.debug.lib : dhcp.obj (.text.dhcp_select)
                  700c784a    00000006     --HOLE-- [fill = 0]
                  700c7850    00000226     drivers.am263px.r5f.ti-arm-clang.freertos.debug.lib : uart_dma_edma.obj (.text.UART_lld_dmaDeInit)
                  700c7a76    0000000a     --HOLE-- [fill = 0]
                  700c7a80    00000222                                                         : ipc_notify_v1.obj (.text.IpcNotify_isr)
                  700c7ca2    0000000e     --HOLE-- [fill = 0]
                  700c7cb0    00000220     enet-cpsw.am263px.r5f.ti-arm-clang.freertos.debug.lib : enet_cpdma.obj (.text.EnetCpdma_closeTxCh)
                  700c7ed0    00000220                                                           : enet_rm_ioctl.obj (.text.EnetRm_allocMacAddr)
                  700c80f0    00000220     freertos.am263px.r5f.ti-arm-clang.debug.lib : tasks.obj (.text.vTaskGenericNotifyGiveFromISR)
                  700c8310    00000220                                                 : queue.obj (.text.xQueueGenericSend)
                  700c8530    0000021a     enet-cpsw.am263px.r5f.ti-arm-clang.freertos.debug.lib : cpsw_stats.obj (.text.CpswStats_open)
                  700c874a    00000006     --HOLE-- [fill = 0]
                  700c8750    00000218     xgw_udp_interface.o (.text.xgw_udp_process_motor_set)
                  700c8968    00000008     --HOLE-- [fill = 0]
                  700c8970    00000210     xgw_udp_interface.o (.text.udp_rx_task)
                  700c8b80    00000210     xgw_udp_interface.o (.text.xgw_udp_send_imu_state)
                  700c8d90    0000020a     lwip-freertos.am263px.r5f.ti-arm-clang.debug.lib : tcp.obj (.text.tcp_pcb_remove)
                  700c8f9a    00000006     --HOLE-- [fill = 0]
                  700c8fa0    0000020a     freertos.am263px.r5f.ti-arm-clang.debug.lib : queue.obj (.text.xQueueSemaphoreTake)
                  700c91aa    00000006     --HOLE-- [fill = 0]
                  700c91b0    00000206     enet-cpsw.am263px.r5f.ti-arm-clang.freertos.debug.lib : cpsw_cpts.obj (.text.CpswCpts_open)
                  700c93b6    0000000a     --HOLE-- [fill = 0]
                  700c93c0    00000206                                                           : enet_cpdma.obj (.text.EnetCpdma_closeRxCh)
                  700c95c6    0000000a     --HOLE-- [fill = 0]
                  700c95d0    00000206     lwip-freertos.am263px.r5f.ti-arm-clang.debug.lib : dhcp.obj (.text.dhcp_recv)
                  700c97d6    0000000a     --HOLE-- [fill = 0]
                  700c97e0    00000204     enet-cpsw.am263px.r5f.ti-arm-clang.freertos.debug.lib : enetphy.obj (.text.EnetPhy_open)
                  700c99e4    0000000c     --HOLE-- [fill = 0]
                  700c99f0    000001fe                                                           : cpsw_stats_ioctl.obj (.text.CpswStats_readHostStats)
                  700c9bee    00000002     --HOLE-- [fill = 0]
                  700c9bf0    000001fe     lwip-freertos.am263px.r5f.ti-arm-clang.debug.lib : pbuf.obj (.text.pbuf_free)
                  700c9dee    00000002     --HOLE-- [fill = 0]
                  700c9df0    000001f6                                                      : dhcp.obj (.text.dhcp_create_msg)
                  700c9fe6    0000000a     --HOLE-- [fill = 0]
                  700c9ff0    000001f2     drivers.am263px.r5f.ti-arm-clang.freertos.debug.lib : i2c_v1.obj (.text.I2C_primeTransfer)
                  700ca1e2    0000000e     --HOLE-- [fill = 0]
                  700ca1f0    000001f2                                                         : i2c_v1.obj (.text.I2C_transfer)
                  700ca3e2    0000000e     --HOLE-- [fill = 0]
                  700ca3f0    000001ee     enet-cpsw.am263px.r5f.ti-arm-clang.freertos.debug.lib : cpsw_ale.obj (.text.CpswAle_setAleCfg)
                  700ca5de    00000002     --HOLE-- [fill = 0]
                  700ca5e0    000001ee                                                           : cpsw_ioctl.obj (.text.Cpsw_openPortLinkWithPhy)
                  700ca7ce    00000002     --HOLE-- [fill = 0]
                  700ca7d0    000001ea                                                           : cpsw_hostport.obj (.text.CpswHostPort_ioctl)
                  700ca9ba    00000006     --HOLE-- [fill = 0]
                  700ca9c0    000001ea                                                           : cpsw_stats.obj (.text.CpswStats_ioctl)
                  700cabaa    00000006     --HOLE-- [fill = 0]
                  700cabb0    000001ea                                                           : cpsw_ioctl.obj (.text.Cpsw_openPortLink)
                  700cad9a    00000006     --HOLE-- [fill = 0]
                  700cada0    000001ea     lwip-freertos.am263px.r5f.ti-arm-clang.debug.lib : tcp.obj (.text.tcp_abandon)
                  700caf8a    00000006     --HOLE-- [fill = 0]
                  700caf90    000001e2     ti_enet_open_close.o (.text.EnetApp_initLinkArgs)
                  700cb172    0000000e     --HOLE-- [fill = 0]
                  700cb180    000001e2     lwip-freertos.am263px.r5f.ti-arm-clang.debug.lib : pbuf.obj (.text.pbuf_realloc)
                  700cb362    0000000e     --HOLE-- [fill = 0]
                  700cb370    000001e0     enet-cpsw.am263px.r5f.ti-arm-clang.freertos.debug.lib : cpsw_stats_ioctl.obj (.text.CpswStats_readMacStats)
                  700cb550    000001e0     lwip-freertos.am263px.r5f.ti-arm-clang.debug.lib : dhcp.obj (.text.dhcp_bind)
                  700cb730    000001da     enet-cpsw.am263px.r5f.ti-arm-clang.freertos.debug.lib : enet.obj (.text.Enet_validateIoctl)
                  700cb90a    00000006     --HOLE-- [fill = 0]
                  700cb910    000001d8     freertos.am263px.r5f.ti-arm-clang.debug.lib : queue.obj (.text.xQueueReceive)
                  700cbae8    00000008     --HOLE-- [fill = 0]
                  700cbaf0    000001d6                                                 : TimerP_rti_priv.obj (.text.TimerP_setupPriv)
                  700cbcc6    0000000a     --HOLE-- [fill = 0]
                  700cbcd0    000001d4     ti_enet_lwipif.o (.text.LwipifEnetAppCb_getRxHandleInfo)
                  700cbea4    0000000c     --HOLE-- [fill = 0]
                  700cbeb0    000001d4     enet-cpsw.am263px.r5f.ti-arm-clang.freertos.debug.lib : mdio.obj (.text.Mdio_ioctl)
                  700cc084    000001d0     libclang_rt.builtins.a : udivsi3.S.obj (.text.__udivsi3)
                  700cc254    0000000c     --HOLE-- [fill = 0]
                  700cc260    000001ce     xgw_udp_interface.o (.text.xgw_udp_start)
                  700cc42e    00000002     --HOLE-- [fill = 0]
                  700cc430    000001c8     lwip-freertos.am263px.r5f.ti-arm-clang.debug.lib : etharp.obj (.text.etharp_raw)
                  700cc5f8    00000008     --HOLE-- [fill = 0]
                  700cc600    000001c6     enet-cpsw.am263px.r5f.ti-arm-clang.freertos.debug.lib : enet_rm_ioctl.obj (.text.EnetRm_allocTxChNum)
                  700cc7c6    0000000a     --HOLE-- [fill = 0]
                  700cc7d0    000001c6     lwip-freertos.am263px.r5f.ti-arm-clang.debug.lib : tcp_out.obj (.text.tcp_create_segment)
                  700cc996    0000000a     --HOLE-- [fill = 0]
                  700cc9a0    000001c4     ti_enet_lwipif.o (.text.LwipifEnetApp_startSchedule)
                  700ccb64    0000000c     --HOLE-- [fill = 0]
                  700ccb70    000001c2     enet-cpsw.am263px.r5f.ti-arm-clang.freertos.debug.lib : enet.obj (.text.Enet_validateGenericIoctl)
                  700ccd32    0000000e     --HOLE-- [fill = 0]
                  700ccd40    000001bc     freertos.am263px.r5f.ti-arm-clang.debug.lib : tasks.obj (.text.xTaskRemoveFromEventList)
                  700ccefc    00000004     --HOLE-- [fill = 0]
                  700ccf00    000001b4     enet-cpsw.am263px.r5f.ti-arm-clang.freertos.debug.lib : enet_rm.obj (.text.EnetRm_open)
                  700cd0b4    0000000c     --HOLE-- [fill = 0]
                  700cd0c0    000001b2     lwip-freertos.am263px.r5f.ti-arm-clang.debug.lib : ip4.obj (.text.ip4_forward)
                  700cd272    0000000e     --HOLE-- [fill = 0]
                  700cd280    000001b0     enet-cpsw.am263px.r5f.ti-arm-clang.freertos.debug.lib : cpsw_ale.obj (.text.CpswAle_delPolicerEntry)
                  700cd430    000001b0     lwip-freertos.am263px.r5f.ti-arm-clang.debug.lib : dns.obj (.text.dns_call_found)
                  700cd5e0    000001ae     ti_enet_open_close.o (.text.EnetApp_ConfigureDscpMapping)
                  700cd78e    00000002     --HOLE-- [fill = 0]
                  700cd790    000001ac     drivers.am263px.r5f.ti-arm-clang.freertos.debug.lib : uart_v0.obj (.text.UART_close)
                  700cd93c    00000004     --HOLE-- [fill = 0]
                  700cd940    000001aa     enet-cpsw.am263px.r5f.ti-arm-clang.freertos.debug.lib : mdio_ioctl.obj (.text.Mdio_readRegC45)
                  700cdaea    00000006     --HOLE-- [fill = 0]
                  700cdaf0    000001aa     drivers.am263px.r5f.ti-arm-clang.freertos.debug.lib : uart_dma_edma.obj (.text.UART_lld_dmaWrite)
                  700cdc9a    00000006     --HOLE-- [fill = 0]
                  700cdca0    000001aa     lwip-freertos.am263px.r5f.ti-arm-clang.debug.lib : mem.obj (.text.mem_free)
                  700cde4a    00000006     --HOLE-- [fill = 0]
                  700cde50    000001a8     enet-cpsw.am263px.r5f.ti-arm-clang.freertos.debug.lib : enet_appmemutils.obj (.text.EnetDma_checkPktState)
                  700cdff8    00000008     --HOLE-- [fill = 0]
                  700ce000    000001a8     lwipif-cpsw-freertos.am263px.r5f.ti-arm-clang.debug.lib : custom_pbuf.obj (.text.EnetDma_checkPktState)
                  700ce1a8    00000008     --HOLE-- [fill = 0]
                  700ce1b0    000001a8                                                             : lwip2enet.obj (.text.EnetDma_checkPktState)
                  700ce358    000001a8     libc.a : memory.c.obj (.text.free)
                  700ce500    000001a4            : memory.c.obj (.text.aligned_alloc)
                  700ce6a4    0000000c     --HOLE-- [fill = 0]
                  700ce6b0    000001a4     freertos.am263px.r5f.ti-arm-clang.debug.lib : timers.obj (.text.prvProcessReceivedCommands)
                  700ce854    0000000c     --HOLE-- [fill = 0]
                  700ce860    000001a0     drivers.am263px.r5f.ti-arm-clang.freertos.debug.lib : uart_v0.obj (.text.UART_write)
                  700cea00    000001a0     lwip-freertos.am263px.r5f.ti-arm-clang.debug.lib : pbuf.obj (.text.pbuf_take)
                  700ceba0    000001a0     freertos.am263px.r5f.ti-arm-clang.debug.lib : tasks.obj (.text.vTaskSwitchContext)
                  700ced40    0000019e     enet-cpsw.am263px.r5f.ti-arm-clang.freertos.debug.lib : cpsw_ale_ioctl.obj (.text.CpswAle_addMcastAddr)
                  700ceede    00000002     --HOLE-- [fill = 0]
                  700ceee0    0000019c     libc.a : fputs.c.obj (.text.fputs)
                  700cf07c    00000004     --HOLE-- [fill = 0]
                  700cf080    0000019a     enet-cpsw.am263px.r5f.ti-arm-clang.freertos.debug.lib : cpsw_cpts.obj (.text.CpswCpts_ioctl)
                  700cf21a    00000006     --HOLE-- [fill = 0]
                  700cf220    0000019a     lwip-freertos.am263px.r5f.ti-arm-clang.debug.lib : dns.obj (.text.dns_check_entry)
                  700cf3ba    00000006     --HOLE-- [fill = 0]
                  700cf3c0    0000019a     freertos.am263px.r5f.ti-arm-clang.debug.lib : tasks.obj (.text.vTaskPriorityDisinheritAfterTimeout)
                  700cf55a    00000006     --HOLE-- [fill = 0]
                  700cf560    0000019a                                                 : queue.obj (.text.xQueueGenericSendFromISR)
                  700cf6fa    00000006     --HOLE-- [fill = 0]
                  700cf700    00000198     drivers.am263px.r5f.ti-arm-clang.freertos.debug.lib : uart_v0_lld.obj (.text.UART_lld_controllerIsr)
                  700cf898    00000008     --HOLE-- [fill = 0]
                  700cf8a0    00000196     lwip-freertos.am263px.r5f.ti-arm-clang.debug.lib : dhcp.obj (.text.dhcp_reboot)
                  700cfa36    0000000a     --HOLE-- [fill = 0]
                  700cfa40    00000194     enet-cpsw.am263px.r5f.ti-arm-clang.freertos.debug.lib : cpsw_ale.obj (.text.CpswAle_ioctl)
                  700cfbd4    0000000c     --HOLE-- [fill = 0]
                  700cfbe0    00000194                                                           : cpsw_macport.obj (.text.CpswMacPort_ioctl)
                  700cfd74    0000000c     --HOLE-- [fill = 0]
                  700cfd80    00000192     lwip-freertos.am263px.r5f.ti-arm-clang.debug.lib : ethernet.obj (.text.ethernet_input)
                  700cff12    0000000e     --HOLE-- [fill = 0]
                  700cff20    00000192                                                      : tcp_out.obj (.text.tcp_zero_window_probe)
                  700d00b2    0000000e     --HOLE-- [fill = 0]
                  700d00c0    00000190                                                      : etharp.obj (.text.etharp_update_arp_entry)
                  700d0250    0000018e                                                      : etharp.obj (.text.etharp_input)
                  700d03de    00000002     --HOLE-- [fill = 0]
                  700d03e0    0000018a     enet-cpsw.am263px.r5f.ti-arm-clang.freertos.debug.lib : enet_rm.obj (.text.EnetRm_ioctl)
                  700d056a    00000006     --HOLE-- [fill = 0]
                  700d0570    0000018a     lwip-freertos.am263px.r5f.ti-arm-clang.debug.lib : sys_arch.obj (.text.sys_arch_mbox_fetch)
                  700d06fa    00000006     --HOLE-- [fill = 0]
                  700d0700    00000188     freertos.am263px.r5f.ti-arm-clang.debug.lib : ClockP_freertos_r5.obj (.text.ClockP_init)
                  700d0888    00000008     --HOLE-- [fill = 0]
                  700d0890    00000186     lwip-freertos.am263px.r5f.ti-arm-clang.debug.lib : acd.obj (.text.acd_tmr)
                  700d0a16    0000000a     --HOLE-- [fill = 0]
                  700d0a20    00000186                                                      : tcp.obj (.text.tcp_alloc)
                  700d0ba6    0000000a     --HOLE-- [fill = 0]
                  700d0bb0    0000017c     lwipif-cpsw-freertos.am263px.r5f.ti-arm-clang.debug.lib : lwip2enet.obj (.text.Lwip2Enet_close)
                  700d0d2c    00000004     --HOLE-- [fill = 0]
                  700d0d30    0000017a                                                             : custom_pbuf.obj (.text.custom_pbuf_free)
                  700d0eaa    00000006     --HOLE-- [fill = 0]
                  700d0eb0    00000178     freertos.am263px.r5f.ti-arm-clang.debug.lib : DebugP_shmLogReader.obj (.text.DebugP_shmLogReaderGetString)
                  700d1028    00000008     --HOLE-- [fill = 0]
                  700d1030    00000178     enet-cpsw.am263px.r5f.ti-arm-clang.freertos.debug.lib : enet_rm.obj (.text.EnetRm_initRxObj)
                  700d11a8    00000008     --HOLE-- [fill = 0]
                  700d11b0    00000178     lwipif-cpsw-freertos.am263px.r5f.ti-arm-clang.debug.lib : lwip2enet.obj (.text.Lwip2Enet_periodicFxn)
                  700d1328    00000008     --HOLE-- [fill = 0]
                  700d1330    00000178     lwip-freertos.am263px.r5f.ti-arm-clang.debug.lib : udp.obj (.text.udp_bind)
                  700d14a8    00000008     --HOLE-- [fill = 0]
                  700d14b0    00000176     enet-cpsw.am263px.r5f.ti-arm-clang.freertos.debug.lib : cpsw_macport_est.obj (.text.CpswEst_setState)
                  700d1626    0000000a     --HOLE-- [fill = 0]
                  700d1630    00000176     lwip-freertos.am263px.r5f.ti-arm-clang.debug.lib : dhcp.obj (.text.dhcp_discover)
                  700d17a6    0000000a     --HOLE-- [fill = 0]
                  700d17b0    00000176                                                      : icmp.obj (.text.icmp_send_response)
                  700d1926    0000000a     --HOLE-- [fill = 0]
                  700d1930    00000176                                                      : sys_arch.obj (.text.sys_sem_new)
                  700d1aa6    0000000a     --HOLE-- [fill = 0]
                  700d1ab0    00000174     enet-cpsw.am263px.r5f.ti-arm-clang.freertos.debug.lib : enetphy.obj (.text.EnetPhy_getLinkStatus)
                  700d1c24    0000000c     --HOLE-- [fill = 0]
                  700d1c30    00000172     board.am263px.r5f.ti-arm-clang.freertos.debug.lib : eeprom_cat24m.obj (.text.EEPROM_CAT24M_write)
                  700d1da2    0000000e     --HOLE-- [fill = 0]
                  700d1db0    00000172     lwip-freertos.am263px.r5f.ti-arm-clang.debug.lib : ip4.obj (.text.ip4_route)
                  700d1f22    0000000e     --HOLE-- [fill = 0]
                  700d1f30    00000172                                                      : sys_arch.obj (.text.sys_arch_sem_wait)
                  700d20a2    0000000e     --HOLE-- [fill = 0]
                  700d20b0    00000170     freertos.am263px.r5f.ti-arm-clang.debug.lib : queue.obj (.text.xQueueGiveFromISR)
                  700d2220    0000016c     lwip-freertos.am263px.r5f.ti-arm-clang.debug.lib : etharp.obj (.text.etharp_output_to_arp_index)
                  700d238c    00000004     --HOLE-- [fill = 0]
                  700d2390    00000168     enet-cpsw.am263px.r5f.ti-arm-clang.freertos.debug.lib : enet_cpdma.obj (.text.EnetCpdma_rxIsrProc)
                  700d24f8    00000008     --HOLE-- [fill = 0]
                  700d2500    00000168                                                           : enet_phymdio_dflt.obj (.text.EnetPhyMdioDflt_writeC45)
                  700d2668    00000008     --HOLE-- [fill = 0]
                  700d2670    00000166                                                           : enet_cpdma.obj (.text.EnetCpdma_openRxCh)
                  700d27d6    0000000a     --HOLE-- [fill = 0]
                  700d27e0    00000166     drivers.am263px.r5f.ti-arm-clang.freertos.debug.lib : i2c_v1_lld.obj (.text.I2C_lld_primeTransferIntr)
                  700d2946    0000000a     --HOLE-- [fill = 0]
                  700d2950    00000166     freertos.am263px.r5f.ti-arm-clang.debug.lib : TaskP_freertos.obj (.text.TaskP_assertParams)
                  700d2ab6    0000000a     --HOLE-- [fill = 0]
                  700d2ac0    00000166     lwip-freertos.am263px.r5f.ti-arm-clang.debug.lib : mem.obj (.text.mem_malloc)
                  700d2c26    0000000a     --HOLE-- [fill = 0]
                  700d2c30    00000166                                                      : tcp_in.obj (.text.tcp_parseopt)
                  700d2d96    0000000a     --HOLE-- [fill = 0]
                  700d2da0    00000164     board.am263px.r5f.ti-arm-clang.freertos.debug.lib : dp83869.obj (.text.Dp83869_config)
                  700d2f04    0000000c     --HOLE-- [fill = 0]
                  700d2f10    00000164     enet-cpsw.am263px.r5f.ti-arm-clang.freertos.debug.lib : enet_rm.obj (.text.EnetRm_initHwPushObj)
                  700d3074    0000000c     --HOLE-- [fill = 0]
                  700d3080    00000162     drivers.am263px.r5f.ti-arm-clang.freertos.debug.lib : edma.obj (.text.EDMA_unregisterIntr)
                  700d31e2    0000000e     --HOLE-- [fill = 0]
                  700d31f0    00000162     enet-cpsw.am263px.r5f.ti-arm-clang.freertos.debug.lib : enet_phymdio_dflt.obj (.text.EnetPhyMdioDflt_readC45)
                  700d3352    0000000e     --HOLE-- [fill = 0]
                  700d3360    00000160                                                           : csl_cpsw.obj (.text.CSL_CPSW_setAlePortControlReg)
                  700d34c0    00000160     drivers.am263px.r5f.ti-arm-clang.freertos.debug.lib : i2c_v1_lld.obj (.text.I2C_lld_init)
                  700d3620    00000160     lwip-freertos.am263px.r5f.ti-arm-clang.debug.lib : inet_chksum.obj (.text.inet_cksum_pseudo_partial_base)
                  700d3780    00000160                                                      : tcp_in.obj (.text.tcp_free_acked_segments)
                  700d38e0    0000015e     enet-cpsw.am263px.r5f.ti-arm-clang.freertos.debug.lib : enet_cpdma.obj (.text.EnetDma_retrieveRxPktQ)
                  700d3a3e    00000002     --HOLE-- [fill = 0]
                  700d3a40    0000015e     lwip-freertos.am263px.r5f.ti-arm-clang.debug.lib : dhcp.obj (.text.dhcp_renew)
                  700d3b9e    00000002     --HOLE-- [fill = 0]
                  700d3ba0    0000015c     enet-cpsw.am263px.r5f.ti-arm-clang.freertos.debug.lib : enet_cpdma.obj (.text.EnetCpdma_txIsr)
                  700d3cfc    00000004     --HOLE-- [fill = 0]
                  700d3d00    0000015c                                                           : enet_rm.obj (.text.EnetRm_initMacObj)
                  700d3e5c    00000004     --HOLE-- [fill = 0]
                  700d3e60    0000015c     lwip-freertos.am263px.r5f.ti-arm-clang.debug.lib : dhcp.obj (.text.dhcp_rebind)
                  700d3fbc    00000004     --HOLE-- [fill = 0]
                  700d3fc0    0000015c     freertos.am263px.r5f.ti-arm-clang.debug.lib : tasks.obj (.text.prvAddNewTaskToReadyList)
                  700d411c    00000004     --HOLE-- [fill = 0]
                  700d4120    0000015c                                                 : tasks.obj (.text.xTaskPriorityInherit)
                  700d427c    00000004     --HOLE-- [fill = 0]
                  700d4280    0000015a     enet-cpsw.am263px.r5f.ti-arm-clang.freertos.debug.lib : enet_cpdma.obj (.text.EnetCpdma_netChOpen)
                  700d43da    00000006     --HOLE-- [fill = 0]
                  700d43e0    0000015a     lwip-freertos.am263px.r5f.ti-arm-clang.debug.lib : dhcp.obj (.text.dhcp_start)
                  700d453a    00000006     --HOLE-- [fill = 0]
                  700d4540    00000158     enet-cpsw.am263px.r5f.ti-arm-clang.freertos.debug.lib : cpsw_ale.obj (.text.CpswAle_initCfg)
                  700d4698    00000008     --HOLE-- [fill = 0]
                  700d46a0    00000158     ti_enet_config.o (.text.EnetApp_initializeMacAddrPool)
                  700d47f8    00000008     --HOLE-- [fill = 0]
                  700d4800    00000158     enet-cpsw.am263px.r5f.ti-arm-clang.freertos.debug.lib : enet_phymdio_dflt.obj (.text.EnetPhyMdioDflt_writeC22)
                  700d4958    00000008     --HOLE-- [fill = 0]
                  700d4960    00000158     drivers.am263px.r5f.ti-arm-clang.freertos.debug.lib : soc.obj (.text.SOC_controlModuleUnlockMMR)
                  700d4ab8    00000008     --HOLE-- [fill = 0]
                  700d4ac0    00000158     lwip-freertos.am263px.r5f.ti-arm-clang.debug.lib : dhcp.obj (.text.dhcp_handle_ack)
                  700d4c18    00000008     --HOLE-- [fill = 0]
                  700d4c20    00000158                                                      : etharp.obj (.text.etharp_tmr)
                  700d4d78    00000008     --HOLE-- [fill = 0]
                  700d4d80    00000158                                                      : raw.obj (.text.raw_input)
                  700d4ed8    00000008     --HOLE-- [fill = 0]
                  700d4ee0    00000156     enet-cpsw.am263px.r5f.ti-arm-clang.freertos.debug.lib : enet_cpdma.obj (.text.EnetDma_submitTxPktQ)
                  700d5036    0000000a     --HOLE-- [fill = 0]
                  700d5040    00000154                                                           : enet_cpdma.obj (.text.EnetDma_retrieveTxPktQ)
                  700d5194    0000000c     --HOLE-- [fill = 0]
                  700d51a0    00000154     lwip-freertos.am263px.r5f.ti-arm-clang.debug.lib : stats.obj (.text.stats_display_igmp)
                  700d52f4    0000000c     --HOLE-- [fill = 0]
                  700d5300    00000152     drivers.am263px.r5f.ti-arm-clang.freertos.debug.lib : uart_v0_lld.obj (.text.UART_lld_initDma)
                  700d5452    0000000e     --HOLE-- [fill = 0]
                  700d5460    00000150     enet-cpsw.am263px.r5f.ti-arm-clang.freertos.debug.lib : enet_phymdio_dflt.obj (.text.EnetPhyMdioDflt_readC22)
                  700d55b0    00000150                                                           : enet_rm.obj (.text.EnetRm_delCoreAttached)
                  700d5700    0000014e     ti_enet_lwipif.o (.text.LwipifEnetApp_createPollTask)
                  700d584e    00000002     --HOLE-- [fill = 0]
                  700d5850    0000014e     lwip-freertos.am263px.r5f.ti-arm-clang.debug.lib : sys_arch.obj (.text.sys_arch_unprotect)
                  700d599e    00000002     --HOLE-- [fill = 0]
                  700d59a0    0000014e     freertos.am263px.r5f.ti-arm-clang.debug.lib : tasks.obj (.text.xTaskPriorityDisinherit)
                  700d5aee    00000002     --HOLE-- [fill = 0]
                  700d5af0    0000014c     enet-cpsw.am263px.r5f.ti-arm-clang.freertos.debug.lib : enet_cpdma.obj (.text.EnetDma_submitRxPktQ)
                  700d5c3c    00000004     --HOLE-- [fill = 0]
                  700d5c40    0000014c     freertos.am263px.r5f.ti-arm-clang.debug.lib : queue.obj (.text.xQueueReceiveFromISR)
                  700d5d8c    00000004     --HOLE-- [fill = 0]
                  700d5d90    00000148     enet-cpsw.am263px.r5f.ti-arm-clang.freertos.debug.lib : cpsw_ale.obj (.text.CpswAle_setPolicerPartitionLevel)
                  700d5ed8    00000008     --HOLE-- [fill = 0]
                  700d5ee0    00000148     lwip-freertos.am263px.r5f.ti-arm-clang.debug.lib : netif.obj (.text.netif_set_addr)
                  700d6028    00000008     --HOLE-- [fill = 0]
                  700d6030    00000148                                                      : tcp_in.obj (.text.tcp_timewait_input)
                  700d6178    00000008     --HOLE-- [fill = 0]
                  700d6180    00000148                                                      : udp.obj (.text.udp_sendto)
                  700d62c8    00000008     --HOLE-- [fill = 0]
                  700d62d0    00000146     enet-cpsw.am263px.r5f.ti-arm-clang.freertos.debug.lib : cpsw_ioctl.obj (.text.Cpsw_closePortLink)
                  700d6416    0000000a     --HOLE-- [fill = 0]
                  700d6420    00000146     lwip-freertos.am263px.r5f.ti-arm-clang.debug.lib : udp.obj (.text.udp_input_local_match)
                  700d6566    0000000a     --HOLE-- [fill = 0]
                  700d6570    00000144     freertos.am263px.r5f.ti-arm-clang.debug.lib : tasks.obj (.text.prvInitialiseNewTask)
                  700d66b4    00000144     libc.a : setvbuf.c.obj (.text.setvbuf)
                  700d67f8    00000008     --HOLE-- [fill = 0]
                  700d6800    00000144     lwip-freertos.am263px.r5f.ti-arm-clang.debug.lib : tcp.obj (.text.tcp_close_shutdown_fin)
                  700d6944    0000000c     --HOLE-- [fill = 0]
                  700d6950    00000142     enet-cpsw.am263px.r5f.ti-arm-clang.freertos.debug.lib : cpsw_ale_ioctl.obj (.text.CpswAle_delPortUcastEntries)
                  700d6a92    0000000e     --HOLE-- [fill = 0]
                  700d6aa0    00000142     freertos.am263px.r5f.ti-arm-clang.debug.lib : DebugP_memTraceLogWriter.obj (.text.DebugP_memLogWriterPutChar)
                  700d6be2    0000000e     --HOLE-- [fill = 0]
                  700d6bf0    00000142     lwip-freertos.am263px.r5f.ti-arm-clang.debug.lib : igmp.obj (.text.igmp_lookup_group)
                  700d6d32    0000000e     --HOLE-- [fill = 0]
                  700d6d40    00000142     test.o (.text.test_init)
                  700d6e82    0000000e     --HOLE-- [fill = 0]
                  700d6e90    00000140     lwip-freertos.am263px.r5f.ti-arm-clang.debug.lib : pbuf.obj (.text.pbuf_cat)
                  700d6fd0    0000013e     enet-cpsw.am263px.r5f.ti-arm-clang.freertos.debug.lib : csl_cpsw_ale_9g_tblcfg.obj (.text.CSL_CPSW_setAleVlanUnicastAddrEntry)
                  700d710e    00000002     --HOLE-- [fill = 0]
                  700d7110    0000013e                                                           : enet_cpdma.obj (.text.EnetCpdma_openTxCh)
                  700d724e    00000002     --HOLE-- [fill = 0]
                  700d7250    0000013e     drivers.am263px.r5f.ti-arm-clang.freertos.debug.lib : i2c_v1.obj (.text.I2C_mem_primeTransfer)
                  700d738e    00000002     --HOLE-- [fill = 0]
                  700d7390    0000013e     lwip-freertos.am263px.r5f.ti-arm-clang.debug.lib : pbuf.obj (.text.pbuf_copy_partial)
                  700d74ce    00000002     --HOLE-- [fill = 0]
                  700d74d0    0000013a     board.am263px.r5f.ti-arm-clang.freertos.debug.lib : dp83869.obj (.text.Dp83869_enableAdvertisement)
                  700d760a    00000006     --HOLE-- [fill = 0]
                  700d7610    0000013a     drivers.am263px.r5f.ti-arm-clang.freertos.debug.lib : edma.obj (.text.EDMA_isDmaChannelAllocated)
                  700d774a    00000006     --HOLE-- [fill = 0]
                  700d7750    0000013a     enet-cpsw.am263px.r5f.ti-arm-clang.freertos.debug.lib : enet_phymdio_dflt.obj (.text.EnetPhyMdioDflt_isAlive)
                  700d788a    00000006     --HOLE-- [fill = 0]
                  700d7890    0000013a                                                           : enet_phymdio_dflt.obj (.text.EnetPhyMdioDflt_isLinked)
                  700d79ca    00000006     --HOLE-- [fill = 0]
                  700d79d0    0000013a                                                           : enet.obj (.text.Enet_ioctl)
                  700d7b0a    00000006     --HOLE-- [fill = 0]
                  700d7b10    0000013a     board.am263px.r5f.ti-arm-clang.freertos.debug.lib : generic_phy.obj (.text.GenericPhy_enableAdvertisement)
                  700d7c4a    00000006     --HOLE-- [fill = 0]
                  700d7c50    0000013a     drivers.am263px.r5f.ti-arm-clang.freertos.debug.lib : i2c_v1_lld.obj (.text.I2C_lld_mem_write)
                  700d7d8a    00000006     --HOLE-- [fill = 0]
                  700d7d90    0000013a     lwip-freertos.am263px.r5f.ti-arm-clang.debug.lib : dhcp.obj (.text.dhcp_release_and_stop)
                  700d7eca    00000006     --HOLE-- [fill = 0]
                  700d7ed0    00000138     enet-cpsw.am263px.r5f.ti-arm-clang.freertos.debug.lib : cpsw_cpts_ioctl.obj (.text.CpswCpts_ioctl_handler_CPSW_CPTS_IOCTL_SET_ESTF)
                  700d8008    00000008     --HOLE-- [fill = 0]
                  700d8010    00000138     freertos.am263px.r5f.ti-arm-clang.debug.lib : printf.obj (.text._ntoa_long_long)
                  700d8148    00000008     --HOLE-- [fill = 0]
                  700d8150    00000136     board.am263px.r5f.ti-arm-clang.freertos.debug.lib : dp83869.obj (.text.Dp83869_disableAdvertisement)
                  700d8286    0000000a     --HOLE-- [fill = 0]
                  700d8290    00000136     enet-cpsw.am263px.r5f.ti-arm-clang.freertos.debug.lib : enet_appmemutils.obj (.text.EnetMem_initMemObjs)
                  700d83c6    0000000a     --HOLE-- [fill = 0]
                  700d83d0    00000136     board.am263px.r5f.ti-arm-clang.freertos.debug.lib : generic_phy.obj (.text.GenericPhy_disableAdvertisement)
                  700d8506    0000000a     --HOLE-- [fill = 0]
                  700d8510    00000136     drivers.am263px.r5f.ti-arm-clang.freertos.debug.lib : uart_v0_lld.obj (.text.UART_procLineStatusErr)
                  700d8646    0000000a     --HOLE-- [fill = 0]
                  700d8650    00000136     lwip-freertos.am263px.r5f.ti-arm-clang.debug.lib : tcp_out.obj (.text.tcp_rst_common)
                  700d8786    0000000a     --HOLE-- [fill = 0]
                  700d8790    00000134     drivers.am263px.r5f.ti-arm-clang.freertos.debug.lib : edma.obj (.text.EDMA_registerIntr)
                  700d88c4    0000000c     --HOLE-- [fill = 0]
                  700d88d0    00000134                                                         : uart_v0_lld.obj (.text.UART_writePolling)
                  700d8a04    0000000c     --HOLE-- [fill = 0]
                  700d8a10    00000134     freertos.am263px.r5f.ti-arm-clang.debug.lib : tasks.obj (.text.vTaskDelete)
                  700d8b44    0000000c     --HOLE-- [fill = 0]
                  700d8b50    00000134     xgw_udp_interface.o (.text.xgw_udp_recv_callback)
                  700d8c84    0000000c     --HOLE-- [fill = 0]
                  700d8c90    00000132     enet-cpsw.am263px.r5f.ti-arm-clang.freertos.debug.lib : csl_cpsw_ale_9g_tblcfg.obj (.text.CSL_CPSW_setAleVlanMcastAddrEntry)
                  700d8dc2    0000000e     --HOLE-- [fill = 0]
                  700d8dd0    00000132                                                           : cpsw.obj (.text.Cpsw_dmaMiscIsr)
                  700d8f02    0000000e     --HOLE-- [fill = 0]
                  700d8f10    00000130                                                           : csl_cpsw_ale_9g_tblcfg.obj (.text.CSL_CPSW_setAleUnicastAddrEntry)
                  700d9040    00000130                                                           : enet.obj (.text.EnetPer_open)
                  700d9170    00000130     lwip-freertos.am263px.r5f.ti-arm-clang.debug.lib : tcp_in.obj (.text.tcp_oos_insert_segment)
                  700d92a0    0000012e                                                      : igmp.obj (.text.igmp_send)
                  700d93ce    00000002     --HOLE-- [fill = 0]
                  700d93d0    0000012c     enet-cpsw.am263px.r5f.ti-arm-clang.freertos.debug.lib : enet_osal.obj (.text.EnetOsal_registerIntr)
                  700d94fc    00000004     --HOLE-- [fill = 0]
                  700d9500    0000012c                                                           : enet_rm.obj (.text.EnetRm_validateResPartInfo)
                  700d962c    00000004     --HOLE-- [fill = 0]
                  700d9630    0000012c     drivers.am263px.r5f.ti-arm-clang.freertos.debug.lib : i2c_v1_lld.obj (.text.I2C_lld_mem_read)
                  700d975c    00000004     --HOLE-- [fill = 0]
                  700d9760    0000012c                                                         : uart_v0_lld.obj (.text.UART_lld_init)
                  700d988c    00000004     --HOLE-- [fill = 0]
                  700d9890    0000012c     freertos.am263px.r5f.ti-arm-clang.debug.lib : tasks.obj (.text.ulTaskGenericNotifyTake)
                  700d99bc    00000004     --HOLE-- [fill = 0]
                  700d99c0    0000012a     enet-cpsw.am263px.r5f.ti-arm-clang.freertos.debug.lib : enet_utils.obj (.text.EnetUtils_macToPhyMii)
                  700d9aea    00000006     --HOLE-- [fill = 0]
                  700d9af0    00000128                                                           : enet_cpdmautils.obj (.text.EnetAppUtils_isDescCached)
                  700d9c18    00000008     --HOLE-- [fill = 0]
                  700d9c20    00000128     drivers.am263px.r5f.ti-arm-clang.freertos.debug.lib : i2c_v1_lld.obj (.text.I2C_lld_mem_writeIntr)
                  700d9d48    00000008     --HOLE-- [fill = 0]
                  700d9d50    00000128     freertos.am263px.r5f.ti-arm-clang.debug.lib : port.obj (.text.pxPortInitialiseStack)
                  700d9e78    00000008     --HOLE-- [fill = 0]
                  700d9e80    00000128     lwip-freertos.am263px.r5f.ti-arm-clang.debug.lib : stats.obj (.text.stats_display_proto)
                  700d9fa8    00000008     --HOLE-- [fill = 0]
                  700d9fb0    00000126     drivers.am263px.r5f.ti-arm-clang.freertos.debug.lib : soc.obj (.text.SOC_controlModuleLockMMR)
                  700da0d6    0000000a     --HOLE-- [fill = 0]
                  700da0e0    00000126     lwip-freertos.am263px.r5f.ti-arm-clang.debug.lib : pbuf.obj (.text.pbuf_take_at)
[...]
70100a21  EnetBoard_getId                                                        
70100a31  EnetOsal_timerRead                                                     
70100a41  EnetSoc_getEnetNum                                                     
70100a51  TaskP_yield                                                            
70100a61  Board_init                                                             
70100a81  IpcNotify_wait                                                         
70100aa1  mem_init                                                               
70100ab1  netif_init                                                             
70100ac1  vPortConfigTimerForRunTimeStats                                        
70100ad1  vPortValidateInterruptPriority                                         
7010128e  gCR5ClkSrcInfoMap                                                      
70101290  gCacheConfig                                                           
70101298  gMpuConfig                                                             
701012a4  gMpuRegionConfig                                                       
701014b4  gMpuRegionSizeInBytes                                                  
70102b78  memp_pools                                                             
70103ee4  gADPLLJConfigTbl                                                       
70104900  lwip_cyclic_timers                                                     
701089a0  I2C_defaultTransaction                                                 
7010e7b8  I2C_lld_defaultMessage                                                 
7010e8c0  gPeripheralClkSrcInfoMap                                               
7010f998  memp_ALTCP_PCB                                                         
7010f9ac  memp_ARP_QUEUE                                                         
7010f9c0  memp_FRAG_PBUF                                                         
7010f9d4  memp_IGMP_GROUP                                                        
7010f9e8  memp_NETBUF                                                            
7010f9fc  memp_NETCONN                                                           
7010fa10  memp_NETDB                                                             
7010fa24  memp_PBUF                                                              
7010fa38  memp_PBUF_POOL                                                         
7010fa4c  memp_POOL_128                                                          
7010fa60  memp_POOL_1568                                                         
7010fa74  memp_POOL_4096                                                         
7010fa88  memp_RAW_PCB                                                           
7010fa9c  memp_REASSDATA                                                         
7010fab0  memp_RX_POOL                                                           
7010fac4  memp_SYS_MBOX                                                          
7010fad8  memp_SYS_TIMEOUT                                                       
7010faec  memp_TCPIP_MSG_API                                                     
7010fb00  memp_TCPIP_MSG_INPKT                                                   
7010fb14  memp_TCP_PCB                                                           
7010fb28  memp_TCP_PCB_LISTEN                                                    
7010fb3c  memp_TCP_SEG                                                           
7010fb50  memp_UDP_PCB                                                           
70110cbc  tcp_pcb_lists                                                          
70111324  g_EnetApp_dmaChParams                                                  
7011181c  gEnetPhyDrvTbl                                                         
7011182c  gXTALInfo                                                              
70111924  ethbroadcast                                                           
7011192a  ethzero                                                                
70111a78  gCacheL1dCacheLineSize                                                 
70111a7c  gCacheL1pCacheLineSize                                                 
70111a80  gStaticIP                                                              
70111a84  gStaticIPGateway                                                       
70111a88  gStaticIPNetmask                                                       
70111a8c  ip_addr_any                                                            
70111a90  ip_addr_broadcast                                                      
70129b00  gEdmaConfig                                                            
70129b00  gEnetSoc_cpsw3g                                                        
70129b00  gUartDmaHandle                                                         
7012b660  gEnetSoc_dmaObj                                                        
7012deb0  gEnetSoc_cpsw3gMacObj                                                  
7012e250  gEnetCpswCfg                                                           
7012f1cc  gEnetPhyDrvDp83869                                                     
7012f2d0  gEnetPhyDrvGeneric                                                     
7012f3d4  gIpcNotifyMailboxConfig                                                
7012f5cc  _ftable                                                                
7013018c  _device                                                                
701304dc  gUartParams                                                            
701305d8  _stream                                                                
701307b8  gEnetSoc_cpsw3gSocCfg                                                  
70130820  gEnetMacAddrPool                                                       
70130850  gSocModulesClockFrequency                                              
701308b8  gClockConfig                                                           
70130918  gDmaCfg                                                                
70130990  gIpcNotifyInterruptConfig_r5fss0_0                                     
701309d8  Cpsw_gSpeedNames                                                       
701309e8  gEepromFxns_CAT24M                                                     
701309f8  gIpcNotifyCoreIntrBitPos                                               
70130a08  gSocModules                                                            
70130a18  Cpsw_gDuplexNames                                                      
70130a24  gAddrTranslateConfig                                                   
70130a3c  gEepromAttrs_CAT24M                                                    
70130a48  gEepromConfig                                                          
70130a54  gEnetSoc_perObj                                                        
70130a60  gI2cParams                                                             
70130a6c  __TI_cleanup_ptr                                                       
70130a70  __TI_dtors_ptr                                                         
70130a74  gEepromParams                                                          
70130a7c  gI2cConfig                                                             
70130a8c  gUartConfig                                                            
70130aac  FreeRTOS_errno                                                         
70130ab0  __TI_ft_end                                                            
70130ab4  _lock                                                                  
70130ab8  _unlock                                                                
70130ad8  gDebugLogZone                                                          
70130ae0  gDebugMemLogSize                                                       
70130aec  gDebugP_uartDrvIndex                                                   
70130af0  gEdmaConfigNum                                                         
70130af4  gEepromConfigNum                                                       
70130af8  gEnetOsalHwiAllocCnt                                                   
70130afc  gEnetOsalHwiPeak                                                       
70130b00  gEnetOsalSemAllocCnt                                                   
70130b04  gEnetOsalSemPeak                                                       
70130b08  gHwiConfig                                                             
70130b0c  gI2cConfigNum                                                          
70130b10  gIpcNotifyInterruptConfigNum_r5fss0_0                                  
70130b14  gIpcTask                                                               
70130b18  gLogReaderTask                                                         
70130b1c  gMainTask                                                              
70130b20  gUartConfigNum                                                         
70130b24  gUartDmaChConfig                                                       
70130b28  gUdpTxTask                                                             
70130b30  g_netif                                                                
70130b34  g_pbuf_alloc_count                                                     
70130b38  g_pbuf_alloc_fail_count                                                
70130b3c  g_pbuf_free_count                                                      
70130b44  g_udp_rx_callback_count                                                
70130b50  g_udp_rx_queue_full                                                    
70130b54  g_udp_rx_queue_success                                                 
70130b5c  g_udp_rx_task_packets                                                  
70130b60  g_udp_rx_task_wakeups                                                  
70130b64  g_udp_sendto_count                                                     
70130b6c  hlwipIfApp                                                             
70130b78  pxCurrentTCB                                                           
70130b94  ulPortInterruptNesting                                                 
70130b98  ulPortSchedularRunning                                                 
70130b9c  ulPortTaskHasFPUContext                                                
70130ba0  ulPortYieldRequired                                                    
70130c26  gEnetTrace_runtimeLevel                                                
70130c29  isMapAvailable                                                         
70130c31  HwiP_enableInt                                                         
70130c71  HwiP_disableInt                                                        
70130cd1  HwiP_restoreInt                                                        
70130d01  HwiP_clearInt                                                          
70130d41  HwiP_post                                                              
70130d81  HwiP_Params_init                                                       
70130db1  HwiP_construct                                                         
70130fa1  HwiP_destruct                                                          
70131011  HwiP_init                                                              
701311c1  HwiP_inISR                                                             
701311f1  HwiP_setVimIrqPriMaskNonAtomic                                         
70131241  HwiP_setVimIrqPriMaskAtomic                                            
701312e1  HwiP_restoreVimIrqPriMask                                              
701312f1  HwiP_irq_handler_c                                                     
70131491  HwiP_fiq_handler                                                       
70131601  HwiP_reserved_handler                                                  
70131641  HwiP_undefined_handler_c                                               
70131661  HwiP_user_undefined_handler_c                                          
70131681  HwiP_prefetch_abort_handler_c                                          
70131721  HwiP_user_prefetch_abort_handler_c                                     
70131761  HwiP_data_abort_handler_c                                              
70131821  HwiP_user_data_abort_handler_c                                         
7013185c  vPortRestoreTaskContext                                                
70131894  HwiP_svc_handler                                                       
70131904  HwiP_irq_handler                                                       
70131a48  HwiP_data_abort_handler                                                
70131a8c  HwiP_prefetch_abort_handler                                            
70131ad8  HwiP_undefined_handler                                                 
70131b08  GET_DFSR                                                               
70131b10  GET_ADFSR                                                              
70131b18  GET_DFAR                                                               
70131b20  GET_IFSR                                                               
70131b28  GET_AIFSR                                                              
70131b30  GET_IFAR                                                               
70131b38  GET_SPSR                                                               
70131b4c  HwiP_disable                                                           
70131b5c  HwiP_disableFIQ                                                        
70131b6c  HwiP_enable                                                            
70131b7c  HwiP_enableFIQ                                                         
70131b8c  HwiP_restore                                                           
70131b94  HwiP_enableVIC                                                         
70131ba4  HwiP_disableVIC                                                        
70131bb4  HwiP_getCPSR                                                           
70131bc0  CacheP_disableL1d                                                      
70131be8  CacheP_disableL1p                                                      
70131c00  CacheP_enableL1d                                                       
70131c18  CacheP_enableL1p                                                       
70131c30  CacheP_invL1d                                                          
70131c68  CacheP_invL1p                                                          
70131ca4  CacheP_invL1dAll                                                       
70131cac  CacheP_invL1pAll                                                       
70131cb4  CacheP_wb                                                              
70131cf0  CacheP_wbInv                                                           
70131d2c  CacheP_wbAll                                                           
70131dd4  CacheP_wbInvAll                                                        
70131dec  CacheP_wbInvAllAsm                                                     
70131e8c  CacheP_getEnabled                                                      
70131ec4  CacheP_getCacheLevelInfo                                               
70131ed0  CacheP_configForceWrThru                                               
70131ef0  CacheP_setDLFO                                                         
70131f01  CacheP_init                                                            
70131f91  CacheP_disable                                                         
70131fe1  CacheP_enable                                                          
70132021  CacheP_inv                                                             
70132061  MpuP_getAttrs                                                          
701320c1  MpuP_RegionAttrs_init                                                  
701320f1  MpuP_setRegion                                                         
70132181  MpuP_isEnable                                                          
70132191  MpuP_disable                                                           
701321d1  MpuP_enable                                                            
70132221  MpuP_init                                                              
701322c1  MpuP_isUserAuthorizedToAccessMemory                                    
701323a0  MpuP_disableAsm                                                        
701323b8  MpuP_disableBRAsm                                                      
701323c8  MpuP_enableAsm                                                         
701323e0  MpuP_enableBRAsm                                                       
701323f0  MpuP_isEnableAsm                                                       
70132404  MpuP_setRegionAsm                                                      
70132420  _c_int00_sbl                                                           
70132444  _c_int00                                                               
70132571  _DebugP_assertNoLog                                                    
701325a1  _system_pre_init                                                       
701325d1  __mpu_init                                                             
701325e0  abort                                                                  
701325e8  __IRQ_STACK_START                                                      
701326e8  __FIQ_STACK_START                                                      
701326e8  __IRQ_STACK_END                                                        
701327e8  __FIQ_STACK_END                                                        
701327e8  __SVC_STACK_START                                                      
701337e8  __ABORT_STACK_START                                                    
701337e8  __SVC_STACK_END                                                        
701338e8  __ABORT_STACK_END                                                      
701338e8  __UNDEFINED_STACK_START                                                
701339e8  __UNDEFINED_STACK_END                                                  
70200000  gGatewaySharedMem                                                      
70206ecc  dbg_ipc_recv_count                                                     
70206ed0  dbg_udp_rx_count                                                       
70206ed4  dbg_udp_tx_count                                                       
70206ed8  dbg_error_count                                                        
70206edc  dbg_last_error_code                                                    
70206ee0  dbg_imu_frame_count                                                    
70208000  gDebugShmLog                                                           
ffffffff  __TI_pprof_out_hndl                                                    
ffffffff  __TI_prof_data_size                                                    
ffffffff  __TI_prof_data_start                                                   
ffffffff  __binit__                                                              
ffffffff  binit                                                                  
UNDEFED   __TI_CINIT_Base                                                        
UNDEFED   __TI_CINIT_Limit                                                       
UNDEFED   __TI_Handler_Table_Base                                                
UNDEFED   __TI_Handler_Table_Limit                                               
UNDEFED   _system_post_cinit                                                     

[1420 symbols]
