******************************************************************************
            TI ARM Clang Linker PC v4.0.4                      
******************************************************************************
>> Linked Tue Apr  7 17:44:32 2026

OUTPUT FILE NAME:   <ccu_ti_multi_core_freertos.out>
ENTRY POINT SYMBOL: "_vectors"  address: 00000000


MEMORY CONFIGURATION

         name            origin    length      used     unused   attr    fill
----------------------  --------  ---------  --------  --------  ----  --------
  R5F_VECS              00000000   00000040  00000040  00000000  RWIX
  R5F_TCMA              00000040   00007fc0  00000000  00007fc0  RWIX
  R5F_TCMB              00080000   00008000  00000000  00008000  RWIX
  MAILBOX_HSM           44000000   000003ce  00000000  000003ce  RWIX
  MAILBOX_R5F           44000400   000003ce  00000000  000003ce  RWIX
  FLASH                 60100000   00080000  00000000  00080000  RWIX
  SBL                   70000000   00040000  00000000  00040000  RWIX
  OCRAM                 70040000   00140000  000f3ba8  0004c458  RWIX
  USER_SHM_MEM          70200000   00008000  00004ee4  0000311c  RWIX
  LOG_SHM_MEM           70208000   00004000  00002000  00002000  RWIX
  CPPI_DESC             70280000   00040000  00000a00  0003f600  RWIX
  RTOS_NORTOS_IPC_SHM_M 72000000   00003e80  00000000  00003e80  RWIX


SEGMENT ALLOCATION MAP

run origin  load origin   length   init length attrs members
----------  ----------- ---------- ----------- ----- -------
00000000    00000000    00000040   00000040    r-x
  00000000    00000000    00000040   00000040    r-x .vectors
70040000    70040000    0006f3c0   00000000    rw-
  70040000    70040000    0003c680   00000000    rw- .bss
  7007c680    7007c680    00030d40   00000000    rw- .sysmem
  700ad3c0    700ad3c0    00002000   00000000    rw- .stack
700af3c0    700af3c0    00062ac8   00062ac8    r-x
  700af3c0    700af3c0    000518c0   000518c0    r-x .text
  70100c80    70100c80    00011208   00011208    r-- .rodata
70129f00    70129f00    00006f68   00006f68    rw-
  70129f00    70129f00    00006f68   00006f68    rw- .data
70130e70    70130e70    000019b8   000019b8    r-x
  70130e70    70130e70    00000f90   00000f90    r-x .text.hwi
  70131e00    70131e00    000004a0   000004a0    r-x .text.cache
  701322a0    701322a0    000003c0   000003c0    r-x .text.mpu
  70132660    70132660    000001c0   000001c0    r-x .text.boot
  70132820    70132820    00000008   00000008    r-x .text:abort
70132828    70132828    00001400   00000000    rw-
  70132828    70132828    00000100   00000000    rw- .irqstack
  70132928    70132928    00000100   00000000    rw- .fiqstack
  70132a28    70132a28    00001000   00000000    rw- .svcstack
  70133a28    70133a28    00000100   00000000    rw- .abortstack
  70133b28    70133b28    00000100   00000000    rw- .undefinedstack


SECTION ALLOCATION MAP

 output                                  attributes/
section   page    origin      length       input sections
--------  ----  ----------  ----------   ----------------
.vectors   0    00000000    00000040     
                  00000000    00000040     freertos.am263px.r5f.ti-arm-clang.debug.lib : HwiP_armv7r_vectors_freertos_asm.obj (.vectors)

.bss       0    70040000    0003c680     UNINITIALIZED
                  70040000    00012c1f     (.common:memp_memory_POOL_1568_base)
                  70052c1f    0000409f     (.common:memp_memory_POOL_4096_base)
                  70056cbe    00000002     lwip-freertos.am263px.r5f.ti-arm-clang.debug.lib : ip4.obj (.bss.ip_id)
                  70056cc0    00004000     main.o (.bss.gEnetLwipTaskStack)
                  7005acc0    00004000     test.o (.bss.gUdpRxTaskStack)
                  7005ecc0    00004000     main.o (.bss.gUdpTxTaskStack)
                  70062cc0    00003e9f     (.common:memp_memory_POOL_128_base)
                  70066b5f    00000001     lwip-freertos.am263px.r5f.ti-arm-clang.debug.lib : dhcp.obj (.bss.dhcp_pcb_refcount)
                  70066b60    00002200     ti_enet_config.o (.bss.gAppPktInfoMem_LargePool)
                  70068d60    00001918     ti_enet_lwipif.o (.bss.gLwipifEnetAppObj)
                  7006a678    0000101f     (.common:memp_memory_NETBUF_base)
                  7006b697    0000101f     (.common:memp_memory_PBUF_base)
                  7006c6b6    0000101f     (.common:memp_memory_TCPIP_MSG_API_base)
                  7006d6d5    0000101f     (.common:memp_memory_TCPIP_MSG_INPKT_base)
                  7006e6f4    0000101f     (.common:memp_memory_TCP_SEG_base)
                  7006f713    00000001     lwip-freertos.am263px.r5f.ti-arm-clang.debug.lib : etharp.obj (.bss.etharp_cached_entry)
                  7006f714    00000058     freertos.am263px.r5f.ti-arm-clang.debug.lib : DebugP_freertos.obj (.bss.gDebugLogLockObj)
                  7006f76c    00000014     lwip-freertos.am263px.r5f.ti-arm-clang.debug.lib : tcp_in.obj (.bss.inseg)
                  7006f780    00001000     ti_dpl_config.o (.bss.debug_mem_trace_buf)
                  70070780    00001000     freertos.am263px.r5f.ti-arm-clang.debug.lib : DebugP_shmLogReader_freertos.obj (.bss.gDebugShmLogReaderTaskStack)
                  70071780    00001000     main.o (.bss.gMainTaskStack)
                  70072780    00001000     freertos.am263px.r5f.ti-arm-clang.debug.lib : port.obj (.bss.uxIdleTaskStack)
                  70073780    00000d80     ti_enet_open_close.o (.bss.gEnetAppSysCfgObj)
                  70074500    00000b1f     (.common:memp_memory_SYS_MBOX_base)
                  7007501f    00000001     lwip-freertos.am263px.r5f.ti-arm-clang.debug.lib : tcp_in.obj (.bss.flags)
                  70075020    00000880     ti_enet_config.o (.bss.gAppPktInfoMemOnly)
                  700758a0    0000081f     (.common:memp_memory_RX_POOL_base)
                  700760bf    00000001     lwip-freertos.am263px.r5f.ti-arm-clang.debug.lib : sys_arch.obj (.bss.lwip_core_lock_count)
                  700760c0    0000080c     (.common:gHwiCtrl)
                  700768cc    00000014     freertos.am263px.r5f.ti-arm-clang.debug.lib : timers.obj (.bss.xActiveTimerList1)
                  700768e0    00000800     log_reader_task.o (.bss.gLogReaderTaskStack)
                  700770e0    000005c0     enet-cpsw.am263px.r5f.ti-arm-clang.freertos.debug.lib : enet_osal.obj (.bss.gOsalSemPEnetOsalPool)
                  700776a0    00000440     lwip-freertos.am263px.r5f.ti-arm-clang.debug.lib : dns.obj (.bss.dns_table)
                  70077ae0    00000430     enet-cpsw.am263px.r5f.ti-arm-clang.freertos.debug.lib : enetphy.obj (.bss.gEnetPhy_phyObjs)
                  70077f10    00000400     ti_enet_config.o (.bss.gAppPktInfoContainerMem_LargePool)
                  70078310    00000010     lwip-freertos.am263px.r5f.ti-arm-clang.debug.lib : dns.obj (.bss.dns_pcbs)
                  70078320    00000400     main.o (.bss.gIpcTaskStack)
                  70078720    00000400     freertos.am263px.r5f.ti-arm-clang.debug.lib : port.obj (.bss.uxTimerTaskStack)
                  70078b20    00000400     (.common:gFreePbufArr)
                  70078f20    000003df     (.common:memp_memory_ARP_QUEUE_base)
                  700792ff    0000033f     (.common:memp_memory_TCP_PCB_base)
                  7007963e    00000002     lwip-freertos.am263px.r5f.ti-arm-clang.debug.lib : ip4_frag.obj (.bss.ip_reass_pbufcount)
                  70079640    000002c0     ti_enet_config.o (.bss:ENET_CPDMA_OBJ_MEM)
                  70079900    0000029f     (.common:memp_memory_NETCONN_base)
                  70079b9f    00000001     lwip-freertos.am263px.r5f.ti-arm-clang.debug.lib : netif.obj (.bss.netif_num)
                  70079ba0    00000288     ti_drivers_config.o (.bss.gUartObjects)
                  70079e28    00000280     freertos.am263px.r5f.ti-arm-clang.debug.lib : tasks.obj (.bss.pxReadyTasksLists)
                  7007a0a8    0000023f     (.common:memp_memory_SYS_TIMEOUT_base)
                  7007a2e7    00000001     lwip-freertos.am263px.r5f.ti-arm-clang.debug.lib : tcp_in.obj (.bss.recv_flags)
                  7007a2e8    00000204     (.common:lwip_stats)
                  7007a4ec    000001ff     (.common:memp_memory_FRAG_PBUF_base)
                  7007a6eb    00000001                                                      : tcp.obj (.bss.tcp_timer)
                  7007a6ec    000001cc     main.o (.bss.build_and_send_udp_packet.xgw_states)
                  7007a8b8    00000178     ti_drivers_config.o (.bss.gI2cObjects)
                  7007aa30    0000016c     (.common:gEepromObject_CAT24M)
                  7007ab9c    0000015f     (.common:memp_memory_ALTCP_PCB_base)
                  7007acfb    0000015f     (.common:memp_memory_NETDB_base)
                  7007ae5a    0000015f     (.common:memp_memory_REASSDATA_base)
                  7007afb9    00000001     lwip-freertos.am263px.r5f.ti-arm-clang.debug.lib : tcp.obj (.bss.tcp_timer_ctr)
                  7007afba    00000002                                                      : tcp_in.obj (.bss.recv_acked)
                  7007afbc    00000120     libsysbm.a : trgmsg.c.obj (.bss:_CIOBUF_)
                  7007b0dc    0000011f     (.common:memp_memory_IGMP_GROUP_base)
                  7007b1fb    0000011f     (.common:memp_memory_TCP_PCB_LISTEN_base)
                  7007b31a    0000011f     (.common:memp_memory_UDP_PCB_base)
                  7007b439    00000100     freertos.am263px.r5f.ti-arm-clang.debug.lib : timers.obj (.bss.prvCheckForValidListAndQueue.ucStaticTimerQueueStorage)
                  7007b539    00000001     (.common:pbuf_free_ooseq_pending)
                  7007b53a    00000002     lwip-freertos.am263px.r5f.ti-arm-clang.debug.lib : tcp_in.obj (.bss.tcp_optidx)
                  7007b53c    00000100     (.common:xQueueRegistry)
                  7007b63c    000000f0                                                      : etharp.obj (.bss.arp_table)
                  7007b72c    000000d8     (.common:gEnetUtilsObj)
                  7007b804    000000b8     (.common:gIpcNotifyCtrl)
                  7007b8bc    000000a0     libc.a : defs.c.obj (.bss.__TI_tmpnams)
                  7007b95c    00000004     lwip-freertos.am263px.r5f.ti-arm-clang.debug.lib : tcp_in.obj (.bss.ackno)
                  7007b960    000000a0     (.common:gTaskP_ctrl)
                  7007ba00    00000098     freertos.am263px.r5f.ti-arm-clang.debug.lib : DebugP_shmLogReader_freertos.obj (.bss.gDebugShmLogReaderTaskObj)
                  7007ba98    00000098     main.o (.bss.gEnetLwipTaskObj)
                  7007bb30    00000098     main.o (.bss.gIpcTaskObj)
                  7007bbc8    00000098     log_reader_task.o (.bss.gLogReaderTaskObj)
                  7007bc60    00000098     main.o (.bss.gMainTaskObj)
                  7007bcf8    00000098     test.o (.bss.gUdpRxTaskTcb)
                  7007bd90    00000098     main.o (.bss.gUdpTxTaskObj)
                  7007be28    00000098     freertos.am263px.r5f.ti-arm-clang.debug.lib : port.obj (.bss.xIdleTaskTCB)
                  7007bec0    00000098                                                 : port.obj (.bss.xTimerTaskTCB)
                  7007bf58    00000094     (.common:gDebugShmLogReaderCtrl)
                  7007bfec    00000080     enet-cpsw.am263px.r5f.ti-arm-clang.freertos.debug.lib : enet_osal.obj (.bss.gOsalHwiPEnetOsalPool)
                  7007c06c    0000007f     (.common:memp_memory_RAW_PCB_base)
                  7007c0eb    0000007a     freertos.am263px.r5f.ti-arm-clang.debug.lib : DebugP_memTraceLogWriter.obj (.bss.DebugP_memLogWriterPutChar.lineBuf)
                  7007c165    00000001     (.common:tcp_active_pcbs_changed)
                  7007c166    00000002     lwip-freertos.am263px.r5f.ti-arm-clang.debug.lib : tcp_in.obj (.bss.tcphdr_opt1len)
                  7007c168    00000050     freertos.am263px.r5f.ti-arm-clang.debug.lib : timers.obj (.bss.prvCheckForValidListAndQueue.xStaticTimerQueue)
                  7007c1b8    00000050     (.common:gRovDummyQueue)
                  7007c208    00000030     lwip-freertos.am263px.r5f.ti-arm-clang.debug.lib : dns.obj (.bss.dns_requests)
                  7007c238    00000029     enet-cpsw.am263px.r5f.ti-arm-clang.freertos.debug.lib : enetphy.obj (.bss.gEnetPhyCapsBuf)
                  7007c261    00000001     --HOLE--
                  7007c262    00000002     lwip-freertos.am263px.r5f.ti-arm-clang.debug.lib : tcp_in.obj (.bss.tcphdr_optlen)
                  7007c264    00000028                                                      : dhcp.obj (.bss.dhcp_rx_options_val)
                  7007c28c    00000024     enet-cpsw.am263px.r5f.ti-arm-clang.freertos.debug.lib : enet_cpdma_priv.obj (.bss.gCpswDmaMemMgrObj)
                  7007c2b0    0000001f     (.common:memp_memory_PBUF_POOL_base)
                  7007c2cf    00000001     --HOLE--
                  7007c2d0    00000018     (.common:gClockCtrl)
                  7007c2e8    00000018     (.common:ip_data)
                  7007c300    00000014     freertos.am263px.r5f.ti-arm-clang.debug.lib : timers.obj (.bss.xActiveTimerList2)
                  7007c314    00000014                                                 : tasks.obj (.bss.xDelayedTaskList1)
                  7007c328    00000014                                                 : tasks.obj (.bss.xDelayedTaskList2)
                  7007c33c    00000014                                                 : tasks.obj (.bss.xPendingReadyList)
                  7007c350    00000014                                                 : tasks.obj (.bss.xSuspendedTaskList)
                  7007c364    00000014                                                 : tasks.obj (.bss.xTasksWaitingTermination)
                  7007c378    00000010     lwip-freertos.am263px.r5f.ti-arm-clang.debug.lib : ip4_addr.obj (.bss.ip4addr_ntoa.str)
                  7007c388    00000010                                                      : memp.obj (.bss.memp_stats_ALTCP_PCB)
                  7007c398    00000010                                                      : memp.obj (.bss.memp_stats_ARP_QUEUE)
                  7007c3a8    00000010                                                      : memp.obj (.bss.memp_stats_FRAG_PBUF)
                  7007c3b8    00000010                                                      : memp.obj (.bss.memp_stats_IGMP_GROUP)
                  7007c3c8    00000010                                                      : memp.obj (.bss.memp_stats_NETBUF)
                  7007c3d8    00000010                                                      : memp.obj (.bss.memp_stats_NETCONN)
                  7007c3e8    00000010                                                      : memp.obj (.bss.memp_stats_NETDB)
                  7007c3f8    00000010                                                      : memp.obj (.bss.memp_stats_PBUF)
                  7007c408    00000010                                                      : memp.obj (.bss.memp_stats_PBUF_POOL)
                  7007c418    00000010                                                      : memp.obj (.bss.memp_stats_POOL_128)
                  7007c428    00000010                                                      : memp.obj (.bss.memp_stats_POOL_1568)
                  7007c438    00000010                                                      : memp.obj (.bss.memp_stats_POOL_4096)
                  7007c448    00000010                                                      : memp.obj (.bss.memp_stats_RAW_PCB)
                  7007c458    00000010                                                      : memp.obj (.bss.memp_stats_REASSDATA)
                  7007c468    00000010     ti_enet_lwipif.o (.bss.memp_stats_RX_POOL)
                  7007c478    00000010     lwip-freertos.am263px.r5f.ti-arm-clang.debug.lib : memp.obj (.bss.memp_stats_SYS_MBOX)
                  7007c488    00000010                                                      : memp.obj (.bss.memp_stats_SYS_TIMEOUT)
                  7007c498    00000010                                                      : memp.obj (.bss.memp_stats_TCPIP_MSG_API)
                  7007c4a8    00000010                                                      : memp.obj (.bss.memp_stats_TCPIP_MSG_INPKT)
                  7007c4b8    00000010                                                      : memp.obj (.bss.memp_stats_TCP_PCB)
                  7007c4c8    00000010                                                      : memp.obj (.bss.memp_stats_TCP_PCB_LISTEN)
                  7007c4d8    00000010                                                      : memp.obj (.bss.memp_stats_TCP_SEG)
                  7007c4e8    00000010                                                      : memp.obj (.bss.memp_stats_UDP_PCB)
                  7007c4f8    00000010     (.common:virtToPhymap)
                  7007c508    0000000c     (.common:pfreeQ)
                  7007c514    0000000a                                                      : dhcp.obj (.bss.dhcp_rx_options_given)
                  7007c51e    00000002                                                      : tcp_in.obj (.bss.tcplen)
                  7007c520    00000008                                                      : dns.obj (.bss.dns_servers)
                  7007c528    00000008     libsysbm.a : hostopen.c.obj (.bss.parmbuf)
                  7007c530    00000004     lwip-freertos.am263px.r5f.ti-arm-clang.debug.lib : igmp.obj (.bss.allrouters)
                  7007c534    00000004                                                      : igmp.obj (.bss.allsystems)
                  7007c538    00000004                                                      : timeouts.obj (.bss.current_timeout_due_time)
                  7007c53c    00000004                                                      : dhcp.obj (.bss.dhcp_create_msg.xid)
                  7007c540    00000004                                                      : dhcp.obj (.bss.dhcp_pcb)
                  7007c544    00000004                                                      : netif.obj (.bss.ext_callback)
                  7007c548    00000004     freertos.am263px.r5f.ti-arm-clang.debug.lib : DebugP_shmLogReader_freertos.obj (.bss.gDebugShmLogReaderTask)
                  7007c54c    00000004                                                 : HwiP_armv7r_handlers_freertos.obj (.bss.gdummy)
                  7007c550    00000004                                                 : HwiP_armv7r_vim.obj (.bss.gdummy)
                  7007c554    00000004     lwip-freertos.am263px.r5f.ti-arm-clang.debug.lib : ip4.obj (.bss.ip4_default_multicast_netif)
                  7007c558    00000004                                                      : sys_arch.obj (.bss.lwip_core_lock_holder_thread)
                  7007c55c    00000004                                                      : sys_arch.obj (.bss.lwip_tcpip_thread)
                  7007c560    00000004                                                      : memp.obj (.bss.memp_tab_ALTCP_PCB)
                  7007c564    00000004                                                      : memp.obj (.bss.memp_tab_ARP_QUEUE)
                  7007c568    00000004                                                      : memp.obj (.bss.memp_tab_FRAG_PBUF)
                  7007c56c    00000004                                                      : memp.obj (.bss.memp_tab_IGMP_GROUP)
                  7007c570    00000004                                                      : memp.obj (.bss.memp_tab_NETBUF)
                  7007c574    00000004                                                      : memp.obj (.bss.memp_tab_NETCONN)
                  7007c578    00000004                                                      : memp.obj (.bss.memp_tab_NETDB)
                  7007c57c    00000004                                                      : memp.obj (.bss.memp_tab_PBUF)
                  7007c580    00000004                                                      : memp.obj (.bss.memp_tab_PBUF_POOL)
                  7007c584    00000004                                                      : memp.obj (.bss.memp_tab_POOL_128)
                  7007c588    00000004                                                      : memp.obj (.bss.memp_tab_POOL_1568)
                  7007c58c    00000004                                                      : memp.obj (.bss.memp_tab_POOL_4096)
                  7007c590    00000004                                                      : memp.obj (.bss.memp_tab_RAW_PCB)
                  7007c594    00000004                                                      : memp.obj (.bss.memp_tab_REASSDATA)
                  7007c598    00000004     ti_enet_lwipif.o (.bss.memp_tab_RX_POOL)
                  7007c59c    00000004     lwip-freertos.am263px.r5f.ti-arm-clang.debug.lib : memp.obj (.bss.memp_tab_SYS_MBOX)
                  7007c5a0    00000004                                                      : memp.obj (.bss.memp_tab_SYS_TIMEOUT)
                  7007c5a4    00000004                                                      : memp.obj (.bss.memp_tab_TCPIP_MSG_API)
                  7007c5a8    00000004                                                      : memp.obj (.bss.memp_tab_TCPIP_MSG_INPKT)
                  7007c5ac    00000004                                                      : memp.obj (.bss.memp_tab_TCP_PCB)
                  7007c5b0    00000004                                                      : memp.obj (.bss.memp_tab_TCP_PCB_LISTEN)
                  7007c5b4    00000004                                                      : memp.obj (.bss.memp_tab_TCP_SEG)
                  7007c5b8    00000004                                                      : memp.obj (.bss.memp_tab_UDP_PCB)
                  7007c5bc    00000004                                                      : timeouts.obj (.bss.next_timeout)
                  7007c5c0    00000004     freertos.am263px.r5f.ti-arm-clang.debug.lib : timers.obj (.bss.pxCurrentTimerList)
                  7007c5c4    00000004                                                 : tasks.obj (.bss.pxDelayedTaskList)
                  7007c5c8    00000004                                                 : tasks.obj (.bss.pxOverflowDelayedTaskList)
                  7007c5cc    00000004                                                 : timers.obj (.bss.pxOverflowTimerList)
                  7007c5d0    00000004     lwip-freertos.am263px.r5f.ti-arm-clang.debug.lib : raw.obj (.bss.raw_pcbs)
                  7007c5d4    00000004                                                      : ip4_frag.obj (.bss.reassdatagrams)
                  7007c5d8    00000004                                                      : tcp_in.obj (.bss.recv_data)
                  7007c5dc    00000004                                                      : tcp_in.obj (.bss.seqno)
                  7007c5e0    00000004                                                      : sys_arch.obj (.bss.sys_arch_protect_mutex)
                  7007c5e4    00000004                                                      : sys_arch.obj (.bss.sys_arch_protect_nesting)
                  7007c5e8    00000004     libc.a : memory.c.obj (.bss.sys_free)
                  7007c5ec    00000004     lwip-freertos.am263px.r5f.ti-arm-clang.debug.lib : tcp_in.obj (.bss.tcphdr)
                  7007c5f0    00000004                                                      : tcp_in.obj (.bss.tcphdr_opt2)
                  7007c5f4    00000004                                                      : tcpip.obj (.bss.tcpip_init_done)
                  7007c5f8    00000004                                                      : tcpip.obj (.bss.tcpip_init_done_arg)
                  7007c5fc    00000004                                                      : tcpip.obj (.bss.tcpip_mbox)
                  7007c600    00000004                                                      : timeouts.obj (.bss.tcpip_tcp_timer_active)
                  7007c604    00000004     freertos.am263px.r5f.ti-arm-clang.debug.lib : tasks.obj (.bss.xIdleTaskHandles)
                  7007c608    00000004     (.common:gEepromHandle)
                  7007c60c    00000004     (.common:gI2cHandle)
                  7007c610    00000004     (.common:gInterface)
                  7007c614    00000004     (.common:gUartHandle)
                  7007c618    00000004     (.common:lock_tcpip_core)
                  7007c61c    00000004     (.common:netif_default)
                  7007c620    00000004     (.common:netif_list)
                  7007c624    00000004     (.common:tcp_active_pcbs)
                  7007c628    00000004     (.common:tcp_bound_pcbs)
                  7007c62c    00000004     (.common:tcp_input_pcb)
                  7007c630    00000004     (.common:tcp_listen_pcbs)
                  7007c634    00000004     (.common:tcp_ticks)
                  7007c638    00000004     (.common:tcp_tw_pcbs)
                  7007c63c    00000004     (.common:udp_pcbs)
                  7007c640    00000040     --HOLE--

.sysmem    0    7007c680    00030d40     UNINITIALIZED
                  7007c680    00000010     libc.a : memory.c.obj (.sysmem)
                  7007c690    00030d30     --HOLE--

.stack     0    700ad3c0    00002000     UNINITIALIZED
                  700ad3c0    00000004     freertos.am263px.r5f.ti-arm-clang.debug.lib : boot_armv7r_asm.obj (.stack)
                  700ad3c4    00001ffc     --HOLE--

.text      0    700af3c0    000518c0     
                  700af3c0    000011da     lwip-freertos.am263px.r5f.ti-arm-clang.debug.lib : tcp_in.obj (.text.tcp_receive)
                  700b059a    00000002     --HOLE-- [fill = 0]
                  700b059c    00000004     libclang_rt.builtins.a : aeabi_div0.c.obj (.text.__aeabi_idiv0)
                  700b05a0    00000c3e     lwip-freertos.am263px.r5f.ti-arm-clang.debug.lib : tcp_in.obj (.text.tcp_input)
                  700b11de    00000002     --HOLE-- [fill = 0]
                  700b11e0    00000ad8                                                      : tcp_in.obj (.text.tcp_process)
                  700b1cb8    00000008     libsysbm.a : hostexit.c.obj (.text.HOSTexit)
                  700b1cc0    00000abe     enet-cpsw.am263px.r5f.ti-arm-clang.freertos.debug.lib : enet_cpdma.obj (.text.EnetCpdma_dequeueTx)
                  700b277e    00000002     --HOLE-- [fill = 0]
                  700b2780    00000a34     freertos.am263px.r5f.ti-arm-clang.debug.lib : printf.obj (.text._vsnprintf)
                  700b31b4    0000000c     libclang_rt.builtins.a : aeabi_memset.S.obj (.text.__aeabi_memclr)
                  700b31c0    0000099a     enet-cpsw.am263px.r5f.ti-arm-clang.freertos.debug.lib : enet_cpdma.obj (.text.EnetCpdma_dequeueRx)
                  700b3b5a    00000002     --HOLE-- [fill = 0]
                  700b3b5c    00000004     libclang_rt.builtins.a : aeabi_div0.c.obj (.text.__aeabi_ldiv0)
                  700b3b60    00000960     lwip-freertos.am263px.r5f.ti-arm-clang.debug.lib : tcp.obj (.text.tcp_slowtmr)
                  700b44c0    000007a4     drivers.am263px.r5f.ti-arm-clang.freertos.debug.lib : i2c_v1_lld.obj (.text.I2C_lld_primeTransferPoll)
                  700b4c64    0000000c     libc.a : memory.c.obj (.text.malloc)
                  700b4c70    00000678     drivers.am263px.r5f.ti-arm-clang.freertos.debug.lib : soc_rcm.obj (.text.SOC_rcmGetClkSrcAndDivReg)
                  700b52e8    00000004     libclang_rt.builtins.a : aeabi_memcpy.S.obj (.text.__aeabi_memcpy)
                  700b52ec    00000004     libc.a : _lock.c.obj (.text._nop)
                  700b52f0    00000654     lwip-freertos.am263px.r5f.ti-arm-clang.debug.lib : dhcp.obj (.text.dhcp_parse_reply)
                  700b5944    0000000c     freertos.am263px.r5f.ti-arm-clang.debug.lib : CpuId_armv7r_asm.obj (.text)
                  700b5950    00000638     drivers.am263px.r5f.ti-arm-clang.freertos.debug.lib : soc_rcm.obj (.text.SOC_rcmEnablePeripheralClock)
                  700b5f88    00000004     libc.a : fseek.c.obj (.text.fseek)
                  700b5f8c    00000004     libsysbm.a : remove.c.obj (.text.remove)
                  700b5f90    00000610     lwipif-cpsw-freertos.am263px.r5f.ti-arm-clang.debug.lib : lwip2enet.obj (.text.Lwip2Enet_open)
                  700b65a0    00000606     enet-cpsw.am263px.r5f.ti-arm-clang.freertos.debug.lib : enet_cpdma.obj (.text.EnetCpdma_enqueueRx)
                  700b6ba6    0000000a     --HOLE-- [fill = 0]
                  700b6bb0    000005e2     freertos.am263px.r5f.ti-arm-clang.debug.lib : printf.obj (.text._ftoa)
                  700b7192    0000000e     --HOLE-- [fill = 0]
                  700b71a0    00000552     enet-cpsw.am263px.r5f.ti-arm-clang.freertos.debug.lib : cpsw_ale.obj (.text.CpswAle_open)
                  700b76f2    0000000e     --HOLE-- [fill = 0]
                  700b7700    0000054c     lwip-freertos.am263px.r5f.ti-arm-clang.debug.lib : ip4.obj (.text.ip4_input)
                  700b7c4c    00000004     --HOLE-- [fill = 0]
                  700b7c50    0000050e                                                      : icmp.obj (.text.icmp_input)
                  700b815e    00000002     --HOLE-- [fill = 0]
                  700b8160    00000506     enet-cpsw.am263px.r5f.ti-arm-clang.freertos.debug.lib : enet_cpdma.obj (.text.EnetCpdma_enqueueTx)
                  700b8666    0000000a     --HOLE-- [fill = 0]
                  700b8670    000004d8     lwip-freertos.am263px.r5f.ti-arm-clang.debug.lib : tcp_out.obj (.text.tcp_output)
                  700b8b48    00000008     --HOLE-- [fill = 0]
                  700b8b50    000004d0     main.o (.text.udp_tx_task)
                  700b9020    000004b0     freertos.am263px.r5f.ti-arm-clang.debug.lib : printf.obj (.text._etoa)
                  700b94d0    000004ae     lwip-freertos.am263px.r5f.ti-arm-clang.debug.lib : udp.obj (.text.udp_input)
                  700b997e    00000002     --HOLE-- [fill = 0]
                  700b9980    00000492                                                      : etharp.obj (.text.etharp_query)
                  700b9e12    0000000e     --HOLE-- [fill = 0]
                  700b9e20    0000048a                                                      : etharp.obj (.text.etharp_find_entry)
                  700ba2aa    00000006     --HOLE-- [fill = 0]
                  700ba2b0    00000486                                                      : ip4_frag.obj (.text.ip4_reass)
                  700ba736    0000000a     --HOLE-- [fill = 0]
                  700ba740    00000466     board.am263px.r5f.ti-arm-clang.freertos.debug.lib : dp83869.obj (.text.Dp83869_printRegs)
                  700baba6    0000000a     --HOLE-- [fill = 0]
                  700babb0    00000446     enet-cpsw.am263px.r5f.ti-arm-clang.freertos.debug.lib : cpsw_macport.obj (.text.CpswMacPort_open)
                  700baff6    0000000a     --HOLE-- [fill = 0]
                  700bb000    0000043e                                                           : enet_rm.obj (.text.EnetRm_detachCore)
                  700bb43e    00000002     --HOLE-- [fill = 0]
                  700bb440    00000404     drivers.am263px.r5f.ti-arm-clang.freertos.debug.lib : uart_v0.obj (.text.UART_open)
                  700bb844    0000000c     --HOLE-- [fill = 0]
                  700bb850    000003e2     enet-cpsw.am263px.r5f.ti-arm-clang.freertos.debug.lib : enet_rm.obj (.text.EnetRm_close)
                  700bbc32    0000000e     --HOLE-- [fill = 0]
                  700bbc40    000003dc     drivers.am263px.r5f.ti-arm-clang.freertos.debug.lib : ipc_notify_v1.obj (.text.IpcNotify_init)
                  700bc01c    000003dc     libc.a : _printfi.c.obj (.text:__TI_printfi_minimal)
                  700bc3f8    00000008     --HOLE-- [fill = 0]
                  700bc400    000003d2     drivers.am263px.r5f.ti-arm-clang.freertos.debug.lib : soc.obj (.text.SOC_phyToVirt)
                  700bc7d2    0000000e     --HOLE-- [fill = 0]
                  700bc7e0    000003c4     xgw_udp_interface.o (.text.xgw_udp_send_motor_states)
                  700bcba4    0000000c     --HOLE-- [fill = 0]
                  700bcbb0    000003be     lwip-freertos.am263px.r5f.ti-arm-clang.debug.lib : ip4_frag.obj (.text.ip_reass_chain_frag_into_datagram_and_validate)
                  700bcf6e    00000002     --HOLE-- [fill = 0]
                  700bcf70    000003ba                                                      : udp.obj (.text.udp_sendto_if_src)
                  700bd32a    00000006     --HOLE-- [fill = 0]
                  700bd330    000003b0                                                      : tcp_out.obj (.text.tcp_split_unsent_seg)
                  700bd6e0    000003a2     enet-cpsw.am263px.r5f.ti-arm-clang.freertos.debug.lib : cpsw.obj (.text.Cpsw_registerIntrs)
                  700bda82    0000000e     --HOLE-- [fill = 0]
                  700bda90    00000398                                                           : mdio.obj (.text.Mdio_open)
                  700bde28    00000018     libc.a : memset32.S.obj (.text:TI_memset_small)
                  700bde40    00000390            : strcmp32.S.obj (.text:strcmp)
                  700be1d0    00000380     lwip-freertos.am263px.r5f.ti-arm-clang.debug.lib : ip4_frag.obj (.text.ip4_frag)
                  700be550    0000036e     enet-cpsw.am263px.r5f.ti-arm-clang.freertos.debug.lib : cpsw.obj (.text.Cpsw_handleLinkDown)
                  700be8be    00000002     --HOLE-- [fill = 0]
                  700be8c0    0000036a                                                           : enet_appmemutils.obj (.text.EnetMem_initCore)
                  700bec2a    00000006     --HOLE-- [fill = 0]
                  700bec30    00000362     lwipif-cpsw-freertos.am263px.r5f.ti-arm-clang.debug.lib : lwip2enet.obj (.text.Lwip2Enet_prepRxPktQ)
                  700bef92    0000000e     --HOLE-- [fill = 0]
                  700befa0    00000356     drivers.am263px.r5f.ti-arm-clang.freertos.debug.lib : i2c_v1.obj (.text.I2C_open)
                  700bf2f6    0000000a     --HOLE-- [fill = 0]
                  700bf300    0000034a     enet-cpsw.am263px.r5f.ti-arm-clang.freertos.debug.lib : cpsw.obj (.text.Cpsw_openInternal)
                  700bf64a    00000006     --HOLE-- [fill = 0]
                  700bf650    0000033a                                                           : cpsw_ioctl.obj (.text.Cpsw_openPortLinkNoPhy)
                  700bf98a    00000006     --HOLE-- [fill = 0]
                  700bf990    00000330                                                           : cpsw.obj (.text.Cpsw_open)
                  700bfcc0    00000326     lwip-freertos.am263px.r5f.ti-arm-clang.debug.lib : ip4.obj (.text.ip4_output_if_opt_src)
                  700bffe6    0000000a     --HOLE-- [fill = 0]
                  700bfff0    00000320     motor_mapping.o (.text.motor_mapping_init_core0)
                  700c0310    0000031e     lwip-freertos.am263px.r5f.ti-arm-clang.debug.lib : tcp_out.obj (.text.tcp_enqueue_flags)
                  700c062e    00000002     --HOLE-- [fill = 0]
                  700c0630    00000302     drivers.am263px.r5f.ti-arm-clang.freertos.debug.lib : soc.obj (.text.SOC_virtToPhy)
                  700c0932    0000000e     --HOLE-- [fill = 0]
                  700c0940    000002f8     lwip-freertos.am263px.r5f.ti-arm-clang.debug.lib : pbuf.obj (.text.pbuf_alloc)
                  700c0c38    00000008     --HOLE-- [fill = 0]
                  700c0c40    000002f2     enet-cpsw.am263px.r5f.ti-arm-clang.freertos.debug.lib : enet_cpdma.obj (.text.EnetCpdma_open)
                  700c0f32    0000000e     --HOLE-- [fill = 0]
                  700c0f40    000002e6                                                           : csl_cpsw.obj (.text.CSL_CPSW_setPortRxDscpMap)
                  700c1226    0000000a     --HOLE-- [fill = 0]
                  700c1230    000002e6     ti_enet_open_close.o (.text.EnetApp_driverOpen)
                  700c1516    0000000a     --HOLE-- [fill = 0]
                  700c1520    000002de     lwip-freertos.am263px.r5f.ti-arm-clang.debug.lib : etharp.obj (.text.etharp_output)
                  700c17fe    00000002     --HOLE-- [fill = 0]
                  700c1800    000002da     enet-cpsw.am263px.r5f.ti-arm-clang.freertos.debug.lib : cpsw.obj (.text.Cpsw_periodicTick)
                  700c1ada    00000006     --HOLE-- [fill = 0]
                  700c1ae0    000002d2                                                           : enetphy.obj (.text.EnetPhy_enableState)
                  700c1db2    0000000e     --HOLE-- [fill = 0]
                  700c1dc0    000002c4     xgw_udp_interface.o (.text.xgw_udp_process_motor_set)
                  700c2084    0000000c     --HOLE-- [fill = 0]
                  700c2090    000002c0     xgw_udp_interface.o (.text.udp_rx_task)
                  700c2350    000002bc     lwip-freertos.am263px.r5f.ti-arm-clang.debug.lib : tcp_out.obj (.text.tcp_output_segment)
                  700c260c    00000004     --HOLE-- [fill = 0]
                  700c2610    000002ba     drivers.am263px.r5f.ti-arm-clang.freertos.debug.lib : i2c_v1_lld.obj (.text.I2C_lld_controllerIsr)
                  700c28ca    00000006     --HOLE-- [fill = 0]
                  700c28d0    000002ba     main.o (.text.build_and_send_udp_packet)
                  700c2b8a    00000006     --HOLE-- [fill = 0]
                  700c2b90    000002ba     lwip-freertos.am263px.r5f.ti-arm-clang.debug.lib : pbuf.obj (.text.pbuf_copy_partial_pbuf)
                  700c2e4a    00000006     --HOLE-- [fill = 0]
                  700c2e50    000002b8     enet-cpsw.am263px.r5f.ti-arm-clang.freertos.debug.lib : cpsw.obj (.text.Cpsw_handleLinkUp)
                  700c3108    00000008     --HOLE-- [fill = 0]
                  700c3110    000002aa     lwip-freertos.am263px.r5f.ti-arm-clang.debug.lib : netif.obj (.text.netif_add)
                  700c33ba    00000006     --HOLE-- [fill = 0]
                  700c33c0    000002a8     enet-cpsw.am263px.r5f.ti-arm-clang.freertos.debug.lib : cpsw_ale.obj (.text.CpswAle_addVlan)
                  700c3668    00000008     --HOLE-- [fill = 0]
                  700c3670    0000029e     lwip-freertos.am263px.r5f.ti-arm-clang.debug.lib : tcp_in.obj (.text.tcp_listen_input)
                  700c390e    00000002     --HOLE-- [fill = 0]
                  700c3910    0000029a     drivers.am263px.r5f.ti-arm-clang.freertos.debug.lib : i2c_v1_lld.obj (.text.I2C_lld_targetIsr)
                  700c3baa    00000006     --HOLE-- [fill = 0]
                  700c3bb0    00000296     lwip-freertos.am263px.r5f.ti-arm-clang.debug.lib : tcp.obj (.text.tcp_close_shutdown)
                  700c3e46    0000000a     --HOLE-- [fill = 0]
                  700c3e50    00000290     enet-cpsw.am263px.r5f.ti-arm-clang.freertos.debug.lib : cpsw.obj (.text.Cpsw_registerIoctlHandler)
                  700c40e0    0000028e                                                           : csl_cpsw.obj (.text.CSL_CPSW_setAlePolicerEntry)
                  700c436e    00000002     --HOLE-- [fill = 0]
                  700c4370    00000286                                                           : csl_cpsw.obj (.text.CSL_CPSW_getAlePolicerEntry)
                  700c45f6    0000000a     --HOLE-- [fill = 0]
                  700c4600    0000027e                                                           : cpsw_ale.obj (.text.CpswAle_findVlan)
                  700c487e    00000002     --HOLE-- [fill = 0]
                  700c4880    0000027e     drivers.am263px.r5f.ti-arm-clang.freertos.debug.lib : uart_dma_edma.obj (.text.UART_edmaChInit)
                  700c4afe    00000002     --HOLE-- [fill = 0]
                  700c4b00    0000027a     enet-cpsw.am263px.r5f.ti-arm-clang.freertos.debug.lib : cpsw.obj (.text.Cpsw_ioctl)
                  700c4d7a    00000006     --HOLE-- [fill = 0]
                  700c4d80    00000272     test.o (.text.test_netif_init)
                  700c4ff2    0000000e     --HOLE-- [fill = 0]
                  700c5000    00000266     enet-cpsw.am263px.r5f.ti-arm-clang.freertos.debug.lib : cpsw_est_ioctl.obj (.text.CpswEst_ioctl_handler_ENET_TAS_IOCTL_SET_STATE)
                  700c5266    0000000a     --HOLE-- [fill = 0]
                  700c5270    00000266     freertos.am263px.r5f.ti-arm-clang.debug.lib : tasks.obj (.text.xTaskIncrementTick)
                  700c54d6    0000000a     --HOLE-- [fill = 0]
                  700c54e0    0000025a     lwip-freertos.am263px.r5f.ti-arm-clang.debug.lib : ip4_frag.obj (.text.ip_reass_free_complete_datagram)
                  700c573a    00000006     --HOLE-- [fill = 0]
                  700c5740    0000025a     freertos.am263px.r5f.ti-arm-clang.debug.lib : tasks.obj (.text.xTaskResumeAll)
                  700c599a    00000006     --HOLE-- [fill = 0]
                  700c59a0    00000254     lwip-freertos.am263px.r5f.ti-arm-clang.debug.lib : igmp.obj (.text.igmp_input)
                  700c5bf4    0000000c     --HOLE-- [fill = 0]
                  700c5c00    00000252     xgw_udp_interface.o (.text.xgw_udp_process_motor_cmd)
                  700c5e52    0000000e     --HOLE-- [fill = 0]
                  700c5e60    00000250     drivers.am263px.r5f.ti-arm-clang.freertos.debug.lib : edma.obj (.text.Alloc_resource)
                  700c60b0    0000024c     enet-cpsw.am263px.r5f.ti-arm-clang.freertos.debug.lib : cpsw_macport_ioctl.obj (.text.CpswMacPort_enablePort)
                  700c62fc    00000004     --HOLE-- [fill = 0]
                  700c6300    00000246     lwip-freertos.am263px.r5f.ti-arm-clang.debug.lib : dns.obj (.text.dns_send)
                  700c6546    0000000a     --HOLE-- [fill = 0]
                  700c6550    00000242     enet-cpsw.am263px.r5f.ti-arm-clang.freertos.debug.lib : enetphy.obj (.text.EnetPhy_bindDriver)
                  700c6792    0000000e     --HOLE-- [fill = 0]
                  700c67a0    00000242     drivers.am263px.r5f.ti-arm-clang.freertos.debug.lib : uart_v0_lld.obj (.text.UART_fifoConfig)
                  700c69e2    0000000e     --HOLE-- [fill = 0]
                  700c69f0    00000240     main.o (.text.core0_init)
                  700c6c30    0000023e     enet-cpsw.am263px.r5f.ti-arm-clang.freertos.debug.lib : cpsw_cpts_ioctl.obj (.text.CpswCpts_handleEvents)
                  700c6e6e    00000002     --HOLE-- [fill = 0]
                  700c6e70    0000023e     freertos.am263px.r5f.ti-arm-clang.debug.lib : printf.obj (.text._ntoa_format)
                  700c70ae    00000002     --HOLE-- [fill = 0]
                  700c70b0    00000238     main.o (.text.freertos_main)
                  700c72e8    00000008     --HOLE-- [fill = 0]
                  700c72f0    00000234     enet-cpsw.am263px.r5f.ti-arm-clang.freertos.debug.lib : cpsw_hostport.obj (.text.CpswHostPort_open)
                  700c7524    0000000c     --HOLE-- [fill = 0]
                  700c7530    00000230                                                           : enet_appmemutils.obj (.text.EnetMem_allocEthPkt)
                  700c7760    0000022e     xgw_udp_interface.o (.text.xgw_udp_send_imu_state)
                  700c798e    00000002     --HOLE-- [fill = 0]
                  700c7990    0000022c     enet-cpsw.am263px.r5f.ti-arm-clang.freertos.debug.lib : enet_cpdma_priv.obj (.text.EnetCpdma_memMgrInit)
                  700c7bbc    00000004     --HOLE-- [fill = 0]
                  700c7bc0    0000022a     lwipif-cpsw-freertos.am263px.r5f.ti-arm-clang.debug.lib : lwip2lwipif.obj (.text.LWIPIF_LWIP_getChkSumInfo)
                  700c7dea    00000006     --HOLE-- [fill = 0]
                  700c7df0    0000022a     lwip-freertos.am263px.r5f.ti-arm-clang.debug.lib : dhcp.obj (.text.dhcp_select)
                  700c801a    00000006     --HOLE-- [fill = 0]
                  700c8020    00000226     drivers.am263px.r5f.ti-arm-clang.freertos.debug.lib : uart_dma_edma.obj (.text.UART_lld_dmaDeInit)
                  700c8246    0000000a     --HOLE-- [fill = 0]
                  700c8250    00000222                                                         : ipc_notify_v1.obj (.text.IpcNotify_isr)
                  700c8472    0000000e     --HOLE-- [fill = 0]
                  700c8480    00000220     enet-cpsw.am263px.r5f.ti-arm-clang.freertos.debug.lib : enet_cpdma.obj (.text.EnetCpdma_closeTxCh)
                  700c86a0    00000220                                                           : enet_rm_ioctl.obj (.text.EnetRm_allocMacAddr)
                  700c88c0    00000220     freertos.am263px.r5f.ti-arm-clang.debug.lib : tasks.obj (.text.vTaskGenericNotifyGiveFromISR)
                  700c8ae0    00000220                                                 : queue.obj (.text.xQueueGenericSend)
                  700c8d00    0000021a     enet-cpsw.am263px.r5f.ti-arm-clang.freertos.debug.lib : cpsw_stats.obj (.text.CpswStats_open)
                  700c8f1a    00000006     --HOLE-- [fill = 0]
                  700c8f20    0000020a     lwip-freertos.am263px.r5f.ti-arm-clang.debug.lib : tcp.obj (.text.tcp_pcb_remove)
                  700c912a    00000006     --HOLE-- [fill = 0]
                  700c9130    0000020a     freertos.am263px.r5f.ti-arm-clang.debug.lib : queue.obj (.text.xQueueSemaphoreTake)
                  700c933a    00000006     --HOLE-- [fill = 0]
                  700c9340    00000206     enet-cpsw.am263px.r5f.ti-arm-clang.freertos.debug.lib : cpsw_cpts.obj (.text.CpswCpts_open)
                  700c9546    0000000a     --HOLE-- [fill = 0]
                  700c9550    00000206                                                           : enet_cpdma.obj (.text.EnetCpdma_closeRxCh)
                  700c9756    0000000a     --HOLE-- [fill = 0]
                  700c9760    00000206     lwip-freertos.am263px.r5f.ti-arm-clang.debug.lib : dhcp.obj (.text.dhcp_recv)
                  700c9966    0000000a     --HOLE-- [fill = 0]
                  700c9970    00000204     enet-cpsw.am263px.r5f.ti-arm-clang.freertos.debug.lib : enetphy.obj (.text.EnetPhy_open)
                  700c9b74    0000000c     --HOLE-- [fill = 0]
                  700c9b80    000001fe                                                           : cpsw_stats_ioctl.obj (.text.CpswStats_readHostStats)
                  700c9d7e    00000002     --HOLE-- [fill = 0]
                  700c9d80    000001fe     lwip-freertos.am263px.r5f.ti-arm-clang.debug.lib : pbuf.obj (.text.pbuf_free)
                  700c9f7e    00000002     --HOLE-- [fill = 0]
                  700c9f80    000001f6                                                      : dhcp.obj (.text.dhcp_create_msg)
                  700ca176    0000000a     --HOLE-- [fill = 0]
                  700ca180    000001f2     drivers.am263px.r5f.ti-arm-clang.freertos.debug.lib : i2c_v1.obj (.text.I2C_primeTransfer)
                  700ca372    0000000e     --HOLE-- [fill = 0]
                  700ca380    000001f2                                                         : i2c_v1.obj (.text.I2C_transfer)
                  700ca572    0000000e     --HOLE-- [fill = 0]
                  700ca580    000001ee     enet-cpsw.am263px.r5f.ti-arm-clang.freertos.debug.lib : cpsw_ale.obj (.text.CpswAle_setAleCfg)
                  700ca76e    00000002     --HOLE-- [fill = 0]
                  700ca770    000001ee                                                           : cpsw_ioctl.obj (.text.Cpsw_openPortLinkWithPhy)
                  700ca95e    00000002     --HOLE-- [fill = 0]
                  700ca960    000001ea                                                           : cpsw_hostport.obj (.text.CpswHostPort_ioctl)
                  700cab4a    00000006     --HOLE-- [fill = 0]
                  700cab50    000001ea                                                           : cpsw_stats.obj (.text.CpswStats_ioctl)
                  700cad3a    00000006     --HOLE-- [fill = 0]
                  700cad40    000001ea                                                           : cpsw_ioctl.obj (.text.Cpsw_openPortLink)
                  700caf2a    00000006     --HOLE-- [fill = 0]
                  700caf30    000001ea     lwip-freertos.am263px.r5f.ti-arm-clang.debug.lib : tcp.obj (.text.tcp_abandon)
                  700cb11a    00000006     --HOLE-- [fill = 0]
                  700cb120    000001e2     ti_enet_open_close.o (.text.EnetApp_initLinkArgs)
                  700cb302    0000000e     --HOLE-- [fill = 0]
                  700cb310    000001e2     lwip-freertos.am263px.r5f.ti-arm-clang.debug.lib : pbuf.obj (.text.pbuf_realloc)
                  700cb4f2    0000000e     --HOLE-- [fill = 0]
                  700cb500    000001e0     enet-cpsw.am263px.r5f.ti-arm-clang.freertos.debug.lib : cpsw_stats_ioctl.obj (.text.CpswStats_readMacStats)
                  700cb6e0    000001e0     lwip-freertos.am263px.r5f.ti-arm-clang.debug.lib : dhcp.obj (.text.dhcp_bind)
                  700cb8c0    000001da     enet-cpsw.am263px.r5f.ti-arm-clang.freertos.debug.lib : enet.obj (.text.Enet_validateIoctl)
                  700cba9a    00000006     --HOLE-- [fill = 0]
                  700cbaa0    000001d8     freertos.am263px.r5f.ti-arm-clang.debug.lib : queue.obj (.text.xQueueReceive)
                  700cbc78    00000008     --HOLE-- [fill = 0]
                  700cbc80    000001d6                                                 : TimerP_rti_priv.obj (.text.TimerP_setupPriv)
                  700cbe56    0000000a     --HOLE-- [fill = 0]
                  700cbe60    000001d4     ti_enet_lwipif.o (.text.LwipifEnetAppCb_getRxHandleInfo)
                  700cc034    0000000c     --HOLE-- [fill = 0]
                  700cc040    000001d4     enet-cpsw.am263px.r5f.ti-arm-clang.freertos.debug.lib : mdio.obj (.text.Mdio_ioctl)
                  700cc214    000001d0     libclang_rt.builtins.a : udivsi3.S.obj (.text.__udivsi3)
                  700cc3e4    0000000c     --HOLE-- [fill = 0]
                  700cc3f0    000001ce     xgw_udp_interface.o (.text.xgw_udp_start)
                  700cc5be    00000002     --HOLE-- [fill = 0]
                  700cc5c0    000001c8     lwip-freertos.am263px.r5f.ti-arm-clang.debug.lib : etharp.obj (.text.etharp_raw)
                  700cc788    00000008     --HOLE-- [fill = 0]
                  700cc790    000001c6     enet-cpsw.am263px.r5f.ti-arm-clang.freertos.debug.lib : enet_rm_ioctl.obj (.text.EnetRm_allocTxChNum)
                  700cc956    0000000a     --HOLE-- [fill = 0]
                  700cc960    000001c6     lwip-freertos.am263px.r5f.ti-arm-clang.debug.lib : tcp_out.obj (.text.tcp_create_segment)
                  700ccb26    0000000a     --HOLE-- [fill = 0]
                  700ccb30    000001c4     ti_enet_lwipif.o (.text.LwipifEnetApp_startSchedule)
                  700cccf4    0000000c     --HOLE-- [fill = 0]
                  700ccd00    000001c2     enet-cpsw.am263px.r5f.ti-arm-clang.freertos.debug.lib : enet.obj (.text.Enet_validateGenericIoctl)
                  700ccec2    0000000e     --HOLE-- [fill = 0]
                  700cced0    000001bc     freertos.am263px.r5f.ti-arm-clang.debug.lib : tasks.obj (.text.xTaskRemoveFromEventList)
                  700cd08c    00000004     --HOLE-- [fill = 0]
                  700cd090    000001b4     enet-cpsw.am263px.r5f.ti-arm-clang.freertos.debug.lib : enet_rm.obj (.text.EnetRm_open)
                  700cd244    0000000c     --HOLE-- [fill = 0]
                  700cd250    000001b2     lwip-freertos.am263px.r5f.ti-arm-clang.debug.lib : ip4.obj (.text.ip4_forward)
                  700cd402    0000000e     --HOLE-- [fill = 0]
                  700cd410    000001b0     enet-cpsw.am263px.r5f.ti-arm-clang.freertos.debug.lib : cpsw_ale.obj (.text.CpswAle_delPolicerEntry)
                  700cd5c0    000001b0     lwip-freertos.am263px.r5f.ti-arm-clang.debug.lib : dns.obj (.text.dns_call_found)
                  700cd770    000001ae     ti_enet_open_close.o (.text.EnetApp_ConfigureDscpMapping)
                  700cd91e    00000002     --HOLE-- [fill = 0]
                  700cd920    000001ac     drivers.am263px.r5f.ti-arm-clang.freertos.debug.lib : uart_v0.obj (.text.UART_close)
                  700cdacc    00000004     --HOLE-- [fill = 0]
                  700cdad0    000001aa     enet-cpsw.am263px.r5f.ti-arm-clang.freertos.debug.lib : mdio_ioctl.obj (.text.Mdio_readRegC45)
                  700cdc7a    00000006     --HOLE-- [fill = 0]
                  700cdc80    000001aa     drivers.am263px.r5f.ti-arm-clang.freertos.debug.lib : uart_dma_edma.obj (.text.UART_lld_dmaWrite)
                  700cde2a    00000006     --HOLE-- [fill = 0]
                  700cde30    000001aa     lwip-freertos.am263px.r5f.ti-arm-clang.debug.lib : mem.obj (.text.mem_free)
                  700cdfda    00000006     --HOLE-- [fill = 0]
                  700cdfe0    000001a8     enet-cpsw.am263px.r5f.ti-arm-clang.freertos.debug.lib : enet_appmemutils.obj (.text.EnetDma_checkPktState)
                  700ce188    00000008     --HOLE-- [fill = 0]
                  700ce190    000001a8     lwipif-cpsw-freertos.am263px.r5f.ti-arm-clang.debug.lib : custom_pbuf.obj (.text.EnetDma_checkPktState)
                  700ce338    00000008     --HOLE-- [fill = 0]
                  700ce340    000001a8                                                             : lwip2enet.obj (.text.EnetDma_checkPktState)
                  700ce4e8    000001a8     libc.a : memory.c.obj (.text.free)
                  700ce690    000001a4            : memory.c.obj (.text.aligned_alloc)
                  700ce834    0000000c     --HOLE-- [fill = 0]
                  700ce840    000001a4     freertos.am263px.r5f.ti-arm-clang.debug.lib : timers.obj (.text.prvProcessReceivedCommands)
                  700ce9e4    0000000c     --HOLE-- [fill = 0]
                  700ce9f0    000001a0     drivers.am263px.r5f.ti-arm-clang.freertos.debug.lib : uart_v0.obj (.text.UART_write)
                  700ceb90    000001a0     lwip-freertos.am263px.r5f.ti-arm-clang.debug.lib : pbuf.obj (.text.pbuf_take)
                  700ced30    000001a0     freertos.am263px.r5f.ti-arm-clang.debug.lib : tasks.obj (.text.vTaskSwitchContext)
                  700ceed0    0000019e     enet-cpsw.am263px.r5f.ti-arm-clang.freertos.debug.lib : cpsw_ale_ioctl.obj (.text.CpswAle_addMcastAddr)
                  700cf06e    00000002     --HOLE-- [fill = 0]
                  700cf070    0000019c     libc.a : fputs.c.obj (.text.fputs)
                  700cf20c    00000004     --HOLE-- [fill = 0]
                  700cf210    0000019a     enet-cpsw.am263px.r5f.ti-arm-clang.freertos.debug.lib : cpsw_cpts.obj (.text.CpswCpts_ioctl)
                  700cf3aa    00000006     --HOLE-- [fill = 0]
                  700cf3b0    0000019a     lwip-freertos.am263px.r5f.ti-arm-clang.debug.lib : dns.obj (.text.dns_check_entry)
                  700cf54a    00000006     --HOLE-- [fill = 0]
                  700cf550    0000019a     freertos.am263px.r5f.ti-arm-clang.debug.lib : tasks.obj (.text.vTaskPriorityDisinheritAfterTimeout)
                  700cf6ea    00000006     --HOLE-- [fill = 0]
                  700cf6f0    0000019a                                                 : queue.obj (.text.xQueueGenericSendFromISR)
                  700cf88a    00000006     --HOLE-- [fill = 0]
                  700cf890    00000198     drivers.am263px.r5f.ti-arm-clang.freertos.debug.lib : uart_v0_lld.obj (.text.UART_lld_controllerIsr)
                  700cfa28    00000008     --HOLE-- [fill = 0]
                  700cfa30    00000196     lwip-freertos.am263px.r5f.ti-arm-clang.debug.lib : dhcp.obj (.text.dhcp_reboot)
                  700cfbc6    0000000a     --HOLE-- [fill = 0]
                  700cfbd0    00000194     enet-cpsw.am263px.r5f.ti-arm-clang.freertos.debug.lib : cpsw_ale.obj (.text.CpswAle_ioctl)
                  700cfd64    0000000c     --HOLE-- [fill = 0]
                  700cfd70    00000194                                                           : cpsw_macport.obj (.text.CpswMacPort_ioctl)
                  700cff04    0000000c     --HOLE-- [fill = 0]
                  700cff10    00000192     lwip-freertos.am263px.r5f.ti-arm-clang.debug.lib : ethernet.obj (.text.ethernet_input)
                  700d00a2    0000000e     --HOLE-- [fill = 0]
                  700d00b0    00000192                                                      : tcp_out.obj (.text.tcp_zero_window_probe)
                  700d0242    0000000e     --HOLE-- [fill = 0]
                  700d0250    00000190                                                      : etharp.obj (.text.etharp_update_arp_entry)
                  700d03e0    0000018e                                                      : etharp.obj (.text.etharp_input)
                  700d056e    00000002     --HOLE-- [fill = 0]
                  700d0570    0000018a     enet-cpsw.am263px.r5f.ti-arm-clang.freertos.debug.lib : enet_rm.obj (.text.EnetRm_ioctl)
                  700d06fa    00000006     --HOLE-- [fill = 0]
                  700d0700    0000018a     lwip-freertos.am263px.r5f.ti-arm-clang.debug.lib : sys_arch.obj (.text.sys_arch_mbox_fetch)
                  700d088a    00000006     --HOLE-- [fill = 0]
                  700d0890    00000188     freertos.am263px.r5f.ti-arm-clang.debug.lib : ClockP_freertos_r5.obj (.text.ClockP_init)
                  700d0a18    00000008     --HOLE-- [fill = 0]
                  700d0a20    00000186     lwip-freertos.am263px.r5f.ti-arm-clang.debug.lib : acd.obj (.text.acd_tmr)
                  700d0ba6    0000000a     --HOLE-- [fill = 0]
                  700d0bb0    00000186                                                      : tcp.obj (.text.tcp_alloc)
                  700d0d36    0000000a     --HOLE-- [fill = 0]
                  700d0d40    0000017c     lwipif-cpsw-freertos.am263px.r5f.ti-arm-clang.debug.lib : lwip2enet.obj (.text.Lwip2Enet_close)
                  700d0ebc    00000004     --HOLE-- [fill = 0]
                  700d0ec0    0000017a                                                             : custom_pbuf.obj (.text.custom_pbuf_free)
                  700d103a    00000006     --HOLE-- [fill = 0]
                  700d1040    00000178     freertos.am263px.r5f.ti-arm-clang.debug.lib : DebugP_shmLogReader.obj (.text.DebugP_shmLogReaderGetString)
                  700d11b8    00000008     --HOLE-- [fill = 0]
                  700d11c0    00000178     enet-cpsw.am263px.r5f.ti-arm-clang.freertos.debug.lib : enet_rm.obj (.text.EnetRm_initRxObj)
                  700d1338    00000008     --HOLE-- [fill = 0]
                  700d1340    00000178     lwipif-cpsw-freertos.am263px.r5f.ti-arm-clang.debug.lib : lwip2enet.obj (.text.Lwip2Enet_periodicFxn)
                  700d14b8    00000008     --HOLE-- [fill = 0]
                  700d14c0    00000178     lwip-freertos.am263px.r5f.ti-arm-clang.debug.lib : udp.obj (.text.udp_bind)
                  700d1638    00000008     --HOLE-- [fill = 0]
                  700d1640    00000176     enet-cpsw.am263px.r5f.ti-arm-clang.freertos.debug.lib : cpsw_macport_est.obj (.text.CpswEst_setState)
                  700d17b6    0000000a     --HOLE-- [fill = 0]
                  700d17c0    00000176     lwip-freertos.am263px.r5f.ti-arm-clang.debug.lib : dhcp.obj (.text.dhcp_discover)
                  700d1936    0000000a     --HOLE-- [fill = 0]
                  700d1940    00000176                                                      : icmp.obj (.text.icmp_send_response)
                  700d1ab6    0000000a     --HOLE-- [fill = 0]
                  700d1ac0    00000176                                                      : sys_arch.obj (.text.sys_sem_new)
                  700d1c36    0000000a     --HOLE-- [fill = 0]
                  700d1c40    00000174     enet-cpsw.am263px.r5f.ti-arm-clang.freertos.debug.lib : enetphy.obj (.text.EnetPhy_getLinkStatus)
                  700d1db4    0000000c     --HOLE-- [fill = 0]
                  700d1dc0    00000172     board.am263px.r5f.ti-arm-clang.freertos.debug.lib : eeprom_cat24m.obj (.text.EEPROM_CAT24M_write)
                  700d1f32    0000000e     --HOLE-- [fill = 0]
                  700d1f40    00000172     lwip-freertos.am263px.r5f.ti-arm-clang.debug.lib : ip4.obj (.text.ip4_route)
                  700d20b2    0000000e     --HOLE-- [fill = 0]
                  700d20c0    00000172                                                      : sys_arch.obj (.text.sys_arch_sem_wait)
                  700d2232    0000000e     --HOLE-- [fill = 0]
                  700d2240    00000170     freertos.am263px.r5f.ti-arm-clang.debug.lib : queue.obj (.text.xQueueGiveFromISR)
                  700d23b0    0000016c     lwip-freertos.am263px.r5f.ti-arm-clang.debug.lib : etharp.obj (.text.etharp_output_to_arp_index)
                  700d251c    00000004     --HOLE-- [fill = 0]
                  700d2520    00000168     enet-cpsw.am263px.r5f.ti-arm-clang.freertos.debug.lib : enet_cpdma.obj (.text.EnetCpdma_rxIsrProc)
                  700d2688    00000008     --HOLE-- [fill = 0]
                  700d2690    00000168                                                           : enet_phymdio_dflt.obj (.text.EnetPhyMdioDflt_writeC45)
                  700d27f8    00000008     --HOLE-- [fill = 0]
                  700d2800    00000166                                                           : enet_cpdma.obj (.text.EnetCpdma_openRxCh)
                  700d2966    0000000a     --HOLE-- [fill = 0]
                  700d2970    00000166     drivers.am263px.r5f.ti-arm-clang.freertos.debug.lib : i2c_v1_lld.obj (.text.I2C_lld_primeTransferIntr)
                  700d2ad6    0000000a     --HOLE-- [fill = 0]
                  700d2ae0    00000166     freertos.am263px.r5f.ti-arm-clang.debug.lib : TaskP_freertos.obj (.text.TaskP_assertParams)
                  700d2c46    0000000a     --HOLE-- [fill = 0]
                  700d2c50    00000166     lwip-freertos.am263px.r5f.ti-arm-clang.debug.lib : mem.obj (.text.mem_malloc)
                  700d2db6    0000000a     --HOLE-- [fill = 0]
                  700d2dc0    00000166                                                      : tcp_in.obj (.text.tcp_parseopt)
                  700d2f26    0000000a     --HOLE-- [fill = 0]
                  700d2f30    00000164     board.am263px.r5f.ti-arm-clang.freertos.debug.lib : dp83869.obj (.text.Dp83869_config)
                  700d3094    0000000c     --HOLE-- [fill = 0]
                  700d30a0    00000164     enet-cpsw.am263px.r5f.ti-arm-clang.freertos.debug.lib : enet_rm.obj (.text.EnetRm_initHwPushObj)
                  700d3204    0000000c     --HOLE-- [fill = 0]
                  700d3210    00000162     drivers.am263px.r5f.ti-arm-clang.freertos.debug.lib : edma.obj (.text.EDMA_unregisterIntr)
                  700d3372    0000000e     --HOLE-- [fill = 0]
                  700d3380    00000162     enet-cpsw.am263px.r5f.ti-arm-clang.freertos.debug.lib : enet_phymdio_dflt.obj (.text.EnetPhyMdioDflt_readC45)
                  700d34e2    0000000e     --HOLE-- [fill = 0]
                  700d34f0    00000160                                                           : csl_cpsw.obj (.text.CSL_CPSW_setAlePortControlReg)
                  700d3650    00000160     drivers.am263px.r5f.ti-arm-clang.freertos.debug.lib : i2c_v1_lld.obj (.text.I2C_lld_init)
                  700d37b0    00000160     lwip-freertos.am263px.r5f.ti-arm-clang.debug.lib : inet_chksum.obj (.text.inet_cksum_pseudo_partial_base)
                  700d3910    00000160                                                      : tcp_in.obj (.text.tcp_free_acked_segments)
                  700d3a70    0000015e     enet-cpsw.am263px.r5f.ti-arm-clang.freertos.debug.lib : enet_cpdma.obj (.text.EnetDma_retrieveRxPktQ)
                  700d3bce    00000002     --HOLE-- [fill = 0]
                  700d3bd0    0000015e     lwip-freertos.am263px.r5f.ti-arm-clang.debug.lib : dhcp.obj (.text.dhcp_renew)
                  700d3d2e    00000002     --HOLE-- [fill = 0]
                  700d3d30    0000015c     enet-cpsw.am263px.r5f.ti-arm-clang.freertos.debug.lib : enet_cpdma.obj (.text.EnetCpdma_txIsr)
                  700d3e8c    00000004     --HOLE-- [fill = 0]
                  700d3e90    0000015c                                                           : enet_rm.obj (.text.EnetRm_initMacObj)
                  700d3fec    00000004     --HOLE-- [fill = 0]
                  700d3ff0    0000015c     lwip-freertos.am263px.r5f.ti-arm-clang.debug.lib : dhcp.obj (.text.dhcp_rebind)
                  700d414c    00000004     --HOLE-- [fill = 0]
                  700d4150    0000015c     freertos.am263px.r5f.ti-arm-clang.debug.lib : tasks.obj (.text.prvAddNewTaskToReadyList)
                  700d42ac    00000004     --HOLE-- [fill = 0]
                  700d42b0    0000015c                                                 : tasks.obj (.text.xTaskPriorityInherit)
                  700d440c    00000004     --HOLE-- [fill = 0]
                  700d4410    0000015a     enet-cpsw.am263px.r5f.ti-arm-clang.freertos.debug.lib : enet_cpdma.obj (.text.EnetCpdma_netChOpen)
                  700d456a    00000006     --HOLE-- [fill = 0]
                  700d4570    0000015a     lwip-freertos.am263px.r5f.ti-arm-clang.debug.lib : dhcp.obj (.text.dhcp_start)
                  700d46ca    00000006     --HOLE-- [fill = 0]
                  700d46d0    00000158     enet-cpsw.am263px.r5f.ti-arm-clang.freertos.debug.lib : cpsw_ale.obj (.text.CpswAle_initCfg)
                  700d4828    00000008     --HOLE-- [fill = 0]
                  700d4830    00000158     ti_enet_config.o (.text.EnetApp_initializeMacAddrPool)
                  700d4988    00000008     --HOLE-- [fill = 0]
                  700d4990    00000158     enet-cpsw.am263px.r5f.ti-arm-clang.freertos.debug.lib : enet_phymdio_dflt.obj (.text.EnetPhyMdioDflt_writeC22)
                  700d4ae8    00000008     --HOLE-- [fill = 0]
                  700d4af0    00000158     drivers.am263px.r5f.ti-arm-clang.freertos.debug.lib : soc.obj (.text.SOC_controlModuleUnlockMMR)
                  700d4c48    00000008     --HOLE-- [fill = 0]
                  700d4c50    00000158     lwip-freertos.am263px.r5f.ti-arm-clang.debug.lib : dhcp.obj (.text.dhcp_handle_ack)
                  700d4da8    00000008     --HOLE-- [fill = 0]
                  700d4db0    00000158                                                      : etharp.obj (.text.etharp_tmr)
                  700d4f08    00000008     --HOLE-- [fill = 0]
                  700d4f10    00000158                                                      : raw.obj (.text.raw_input)
                  700d5068    00000008     --HOLE-- [fill = 0]
                  700d5070    00000156     enet-cpsw.am263px.r5f.ti-arm-clang.freertos.debug.lib : enet_cpdma.obj (.text.EnetDma_submitTxPktQ)
                  700d51c6    0000000a     --HOLE-- [fill = 0]
                  700d51d0    00000154                                                           : enet_cpdma.obj (.text.EnetDma_retrieveTxPktQ)
                  700d5324    0000000c     --HOLE-- [fill = 0]
                  700d5330    00000154     lwip-freertos.am263px.r5f.ti-arm-clang.debug.lib : stats.obj (.text.stats_display_igmp)
                  700d5484    0000000c     --HOLE-- [fill = 0]
                  700d5490    00000152     drivers.am263px.r5f.ti-arm-clang.freertos.debug.lib : uart_v0_lld.obj (.text.UART_lld_initDma)
                  700d55e2    0000000e     --HOLE-- [fill = 0]
                  700d55f0    00000150     enet-cpsw.am263px.r5f.ti-arm-clang.freertos.debug.lib : enet_phymdio_dflt.obj (.text.EnetPhyMdioDflt_readC22)
                  700d5740    00000150                                                           : enet_rm.obj (.text.EnetRm_delCoreAttached)
                  700d5890    0000014e     ti_enet_lwipif.o (.text.LwipifEnetApp_createPollTask)
                  700d59de    00000002     --HOLE-- [fill = 0]
                  700d59e0    0000014e     lwip-freertos.am263px.r5f.ti-arm-clang.debug.lib : sys_arch.obj (.text.sys_arch_unprotect)
                  700d5b2e    00000002     --HOLE-- [fill = 0]
                  700d5b30    0000014e     freertos.am263px.r5f.ti-arm-clang.debug.lib : tasks.obj (.text.xTaskPriorityDisinherit)
                  700d5c7e    00000002     --HOLE-- [fill = 0]
                  700d5c80    0000014c     enet-cpsw.am263px.r5f.ti-arm-clang.freertos.debug.lib : enet_cpdma.obj (.text.EnetDma_submitRxPktQ)
                  700d5dcc    00000004     --HOLE-- [fill = 0]
                  700d5dd0    0000014c     freertos.am263px.r5f.ti-arm-clang.debug.lib : queue.obj (.text.xQueueReceiveFromISR)
                  700d5f1c    00000004     --HOLE-- [fill = 0]
                  700d5f20    00000148     enet-cpsw.am263px.r5f.ti-arm-clang.freertos.debug.lib : cpsw_ale.obj (.text.CpswAle_setPolicerPartitionLevel)
                  700d6068    00000008     --HOLE-- [fill = 0]
                  700d6070    00000148     lwip-freertos.am263px.r5f.ti-arm-clang.debug.lib : netif.obj (.text.netif_set_addr)
                  700d61b8    00000008     --HOLE-- [fill = 0]
                  700d61c0    00000148                                                      : tcp_in.obj (.text.tcp_timewait_input)
                  700d6308    00000008     --HOLE-- [fill = 0]
                  700d6310    00000148                                                      : udp.obj (.text.udp_sendto)
                  700d6458    00000008     --HOLE-- [fill = 0]
                  700d6460    00000146     enet-cpsw.am263px.r5f.ti-arm-clang.freertos.debug.lib : cpsw_ioctl.obj (.text.Cpsw_closePortLink)
                  700d65a6    0000000a     --HOLE-- [fill = 0]
                  700d65b0    00000146     lwip-freertos.am263px.r5f.ti-arm-clang.debug.lib : udp.obj (.text.udp_input_local_match)
                  700d66f6    0000000a     --HOLE-- [fill = 0]
                  700d6700    00000144     freertos.am263px.r5f.ti-arm-clang.debug.lib : tasks.obj (.text.prvInitialiseNewTask)
                  700d6844    00000144     libc.a : setvbuf.c.obj (.text.setvbuf)
                  700d6988    00000008     --HOLE-- [fill = 0]
                  700d6990    00000144     lwip-freertos.am263px.r5f.ti-arm-clang.debug.lib : tcp.obj (.text.tcp_close_shutdown_fin)
                  700d6ad4    0000000c     --HOLE-- [fill = 0]
                  700d6ae0    00000142     enet-cpsw.am263px.r5f.ti-arm-clang.freertos.debug.lib : cpsw_ale_ioctl.obj (.text.CpswAle_delPortUcastEntries)
                  700d6c22    0000000e     --HOLE-- [fill = 0]
                  700d6c30    00000142     freertos.am263px.r5f.ti-arm-clang.debug.lib : DebugP_memTraceLogWriter.obj (.text.DebugP_memLogWriterPutChar)
                  700d6d72    0000000e     --HOLE-- [fill = 0]
                  700d6d80    00000142     lwip-freertos.am263px.r5f.ti-arm-clang.debug.lib : igmp.obj (.text.igmp_lookup_group)
                  700d6ec2    0000000e     --HOLE-- [fill = 0]
                  700d6ed0    00000142     test.o (.text.test_init)
                  700d7012    0000000e     --HOLE-- [fill = 0]
                  700d7020    00000140     lwip-freertos.am263px.r5f.ti-arm-clang.debug.lib : pbuf.obj (.text.pbuf_cat)
                  700d7160    0000013e     enet-cpsw.am263px.r5f.ti-arm-clang.freertos.debug.lib : csl_cpsw_ale_9g_tblcfg.obj (.text.CSL_CPSW_setAleVlanUnicastAddrEntry)
                  700d729e    00000002     --HOLE-- [fill = 0]
                  700d72a0    0000013e                                                           : enet_cpdma.obj (.text.EnetCpdma_openTxCh)
                  700d73de    00000002     --HOLE-- [fill = 0]
                  700d73e0    0000013e     drivers.am263px.r5f.ti-arm-clang.freertos.debug.lib : i2c_v1.obj (.text.I2C_mem_primeTransfer)
                  700d751e    00000002     --HOLE-- [fill = 0]
                  700d7520    0000013e     lwip-freertos.am263px.r5f.ti-arm-clang.debug.lib : pbuf.obj (.text.pbuf_copy_partial)
                  700d765e    00000002     --HOLE-- [fill = 0]
                  700d7660    0000013a     board.am263px.r5f.ti-arm-clang.freertos.debug.lib : dp83869.obj (.text.Dp83869_enableAdvertisement)
                  700d779a    00000006     --HOLE-- [fill = 0]
                  700d77a0    0000013a     drivers.am263px.r5f.ti-arm-clang.freertos.debug.lib : edma.obj (.text.EDMA_isDmaChannelAllocated)
                  700d78da    00000006     --HOLE-- [fill = 0]
                  700d78e0    0000013a     enet-cpsw.am263px.r5f.ti-arm-clang.freertos.debug.lib : enet_phymdio_dflt.obj (.text.EnetPhyMdioDflt_isAlive)
                  700d7a1a    00000006     --HOLE-- [fill = 0]
                  700d7a20    0000013a                                                           : enet_phymdio_dflt.obj (.text.EnetPhyMdioDflt_isLinked)
                  700d7b5a    00000006     --HOLE-- [fill = 0]
                  700d7b60    0000013a                                                           : enet.obj (.text.Enet_ioctl)
                  700d7c9a    00000006     --HOLE-- [fill = 0]
                  700d7ca0    0000013a     board.am263px.r5f.ti-arm-clang.freertos.debug.lib : generic_phy.obj (.text.GenericPhy_enableAdvertisement)
                  700d7dda    00000006     --HOLE-- [fill = 0]
                  700d7de0    0000013a     drivers.am263px.r5f.ti-arm-clang.freertos.debug.lib : i2c_v1_lld.obj (.text.I2C_lld_mem_write)
                  700d7f1a    00000006     --HOLE-- [fill = 0]
                  700d7f20    0000013a     lwip-freertos.am263px.r5f.ti-arm-clang.debug.lib : dhcp.obj (.text.dhcp_release_and_stop)
                  700d805a    00000006     --HOLE-- [fill = 0]
                  700d8060    00000138     enet-cpsw.am263px.r5f.ti-arm-clang.freertos.debug.lib : cpsw_cpts_ioctl.obj (.text.CpswCpts_ioctl_handler_CPSW_CPTS_IOCTL_SET_ESTF)
                  700d8198    00000008     --HOLE-- [fill = 0]
                  700d81a0    00000138     freertos.am263px.r5f.ti-arm-clang.debug.lib : printf.obj (.text._ntoa_long_long)
                  700d82d8    00000008     --HOLE-- [fill = 0]
                  700d82e0    00000136     board.am263px.r5f.ti-arm-clang.freertos.debug.lib : dp83869.obj (.text.Dp83869_disableAdvertisement)
                  700d8416    0000000a     --HOLE-- [fill = 0]
                  700d8420    00000136     enet-cpsw.am263px.r5f.ti-arm-clang.freertos.debug.lib : enet_appmemutils.obj (.text.EnetMem_initMemObjs)
                  700d8556    0000000a     --HOLE-- [fill = 0]
                  700d8560    00000136     board.am263px.r5f.ti-arm-clang.freertos.debug.lib : generic_phy.obj (.text.GenericPhy_disableAdvertisement)
                  700d8696    0000000a     --HOLE-- [fill = 0]
                  700d86a0    00000136     drivers.am263px.r5f.ti-arm-clang.freertos.debug.lib : uart_v0_lld.obj (.text.UART_procLineStatusErr)
                  700d87d6    0000000a     --HOLE-- [fill = 0]
                  700d87e0    00000136     lwip-freertos.am263px.r5f.ti-arm-clang.debug.lib : tcp_out.obj (.text.tcp_rst_common)
                  700d8916    0000000a     --HOLE-- [fill = 0]
                  700d8920    00000134     drivers.am263px.r5f.ti-arm-clang.freertos.debug.lib : edma.obj (.text.EDMA_registerIntr)
                  700d8a54    0000000c     --HOLE-- [fill = 0]
                  700d8a60    00000134                                                         : uart_v0_lld.obj (.text.UART_writePolling)
                  700d8b94    0000000c     --HOLE-- [fill = 0]
                  700d8ba0    00000134     freertos.am263px.r5f.ti-arm-clang.debug.lib : tasks.obj (.text.vTaskDelete)
                  700d8cd4    0000000c     --HOLE-- [fill = 0]
                  700d8ce0    00000134     xgw_udp_interface.o (.text.xgw_udp_recv_callback)
                  700d8e14    0000000c     --HOLE-- [fill = 0]
                  700d8e20    00000132     enet-cpsw.am263px.r5f.ti-arm-clang.freertos.debug.lib : csl_cpsw_ale_9g_tblcfg.obj (.text.CSL_CPSW_setAleVlanMcastAddrEntry)
                  700d8f52    0000000e     --HOLE-- [fill = 0]
                  700d8f60    00000132                                                           : cpsw.obj (.text.Cpsw_dmaMiscIsr)
                  700d9092    0000000e     --HOLE-- [fill = 0]
                  700d90a0    00000130                                                           : csl_cpsw_ale_9g_tblcfg.obj (.text.CSL_CPSW_setAleUnicastAddrEntry)
                  700d91d0    00000130                                                           : enet.obj (.text.EnetPer_open)
                  700d9300    00000130     lwip-freertos.am263px.r5f.ti-arm-clang.debug.lib : tcp_in.obj (.text.tcp_oos_insert_segment)
                  700d9430    0000012e                                                      : igmp.obj (.text.igmp_send)
                  700d955e    00000002     --HOLE-- [fill = 0]
                  700d9560    0000012c     enet-cpsw.am263px.r5f.ti-arm-clang.freertos.debug.lib : enet_osal.obj (.text.EnetOsal_registerIntr)
                  700d968c    00000004     --HOLE-- [fill = 0]
                  700d9690    0000012c                                                           : enet_rm.obj (.text.EnetRm_validateResPartInfo)
                  700d97bc    00000004     --HOLE-- [fill = 0]
                  700d97c0    0000012c     drivers.am263px.r5f.ti-arm-clang.freertos.debug.lib : i2c_v1_lld.obj (.text.I2C_lld_mem_read)
                  700d98ec    00000004     --HOLE-- [fill = 0]
                  700d98f0    0000012c                                                         : uart_v0_lld.obj (.text.UART_lld_init)
                  700d9a1c    00000004     --HOLE-- [fill = 0]
                  700d9a20    0000012c     freertos.am263px.r5f.ti-arm-clang.debug.lib : tasks.obj (.text.ulTaskGenericNotifyTake)
                  700d9b4c    00000004     --HOLE-- [fill = 0]
                  700d9b50    0000012a     enet-cpsw.am263px.r5f.ti-arm-clang.freertos.debug.lib : enet_utils.obj (.text.EnetUtils_macToPhyMii)
                  700d9c7a    00000006     --HOLE-- [fill = 0]
                  700d9c80    00000128                                                           : enet_cpdmautils.obj (.text.EnetAppUtils_isDescCached)
                  700d9da8    00000008     --HOLE-- [fill = 0]
                  700d9db0    00000128     drivers.am263px.r5f.ti-arm-clang.freertos.debug.lib : i2c_v1_lld.obj (.text.I2C_lld_mem_writeIntr)
                  700d9ed8    00000008     --HOLE-- [fill = 0]
                  700d9ee0    00000128     freertos.am263px.r5f.ti-arm-clang.debug.lib : port.obj (.text.pxPortInitialiseStack)
                  700da008    00000008     --HOLE-- [fill = 0]
                  700da010    00000128     lwip-freertos.am263px.r5f.ti-arm-clang.debug.lib : stats.obj (.text.stats_display_proto)
                  700da138    00000008     --HOLE-- [fill = 0]
                  700da140    00000126     drivers.am263px.r5f.ti-arm-clang.freertos.debug.lib : soc.obj (.text.SOC_controlModuleLockMMR)
                  700da266    0000000a     --HOLE-- [fill = 0]
                  700da270    00000126     lwip-freertos.am263px.r5f.ti-arm-clang.debug.lib : pbuf.obj (.text.pbuf_take_at)
[...]
70100bc1  EnetBoard_getId                                                        
70100bd1  EnetOsal_timerRead                                                     
70100be1  EnetSoc_getEnetNum                                                     
70100bf1  TaskP_yield                                                            
70100c01  Board_init                                                             
70100c21  IpcNotify_wait                                                         
70100c41  mem_init                                                               
70100c51  netif_init                                                             
70100c61  vPortConfigTimerForRunTimeStats                                        
70100c71  vPortValidateInterruptPriority                                         
7010142e  gCR5ClkSrcInfoMap                                                      
70101430  gCacheConfig                                                           
70101438  gMpuConfig                                                             
70101444  gMpuRegionConfig                                                       
70101654  gMpuRegionSizeInBytes                                                  
70102d18  memp_pools                                                             
701040d8  gADPLLJConfigTbl                                                       
70104ab0  lwip_cyclic_timers                                                     
70108c98  I2C_defaultTransaction                                                 
7010eb60  I2C_lld_defaultMessage                                                 
7010ec68  gPeripheralClkSrcInfoMap                                               
7010fd40  memp_ALTCP_PCB                                                         
7010fd54  memp_ARP_QUEUE                                                         
7010fd68  memp_FRAG_PBUF                                                         
7010fd7c  memp_IGMP_GROUP                                                        
7010fd90  memp_NETBUF                                                            
7010fda4  memp_NETCONN                                                           
7010fdb8  memp_NETDB                                                             
7010fdcc  memp_PBUF                                                              
7010fde0  memp_PBUF_POOL                                                         
7010fdf4  memp_POOL_128                                                          
7010fe08  memp_POOL_1568                                                         
7010fe1c  memp_POOL_4096                                                         
7010fe30  memp_RAW_PCB                                                           
7010fe44  memp_REASSDATA                                                         
7010fe58  memp_RX_POOL                                                           
7010fe6c  memp_SYS_MBOX                                                          
7010fe80  memp_SYS_TIMEOUT                                                       
7010fe94  memp_TCPIP_MSG_API                                                     
7010fea8  memp_TCPIP_MSG_INPKT                                                   
7010febc  memp_TCP_PCB                                                           
7010fed0  memp_TCP_PCB_LISTEN                                                    
7010fee4  memp_TCP_SEG                                                           
7010fef8  memp_UDP_PCB                                                           
70111064  tcp_pcb_lists                                                          
701116cc  g_EnetApp_dmaChParams                                                  
70111bc4  gEnetPhyDrvTbl                                                         
70111bd4  gXTALInfo                                                              
70111ccc  ethbroadcast                                                           
70111cd2  ethzero                                                                
70111e1c  gCacheL1dCacheLineSize                                                 
70111e20  gCacheL1pCacheLineSize                                                 
70111e24  gStaticIP                                                              
70111e28  gStaticIPGateway                                                       
70111e2c  gStaticIPNetmask                                                       
70111e30  ip_addr_any                                                            
70111e34  ip_addr_broadcast                                                      
70129f00  gEdmaConfig                                                            
70129f00  gEnetSoc_cpsw3g                                                        
70129f00  gUartDmaHandle                                                         
7012ba60  gEnetSoc_dmaObj                                                        
7012e2b0  gEnetSoc_cpsw3gMacObj                                                  
7012e650  gEnetCpswCfg                                                           
7012f400  gEnetPhyDrvDp83869                                                     
7012f504  gEnetPhyDrvGeneric                                                     
7012f608  gIpcNotifyMailboxConfig                                                
7012f800  _ftable                                                                
701303c0  _device                                                                
70130710  gUartParams                                                            
7013080c  _stream                                                                
701309f0  gEnetSoc_cpsw3gSocCfg                                                  
70130a58  gEnetMacAddrPool                                                       
70130a88  gSocModulesClockFrequency                                              
70130af0  gClockConfig                                                           
70130b50  gDmaCfg                                                                
70130bc8  gIpcNotifyInterruptConfig_r5fss0_0                                     
70130c10  Cpsw_gSpeedNames                                                       
70130c20  gEepromFxns_CAT24M                                                     
70130c30  gIpcNotifyCoreIntrBitPos                                               
70130c40  gSocModules                                                            
70130c50  Cpsw_gDuplexNames                                                      
70130c5c  gAddrTranslateConfig                                                   
70130c74  gEepromAttrs_CAT24M                                                    
70130c80  gEepromConfig                                                          
70130c8c  gEnetSoc_perObj                                                        
70130c98  gI2cParams                                                             
70130ca4  __TI_cleanup_ptr                                                       
70130ca8  __TI_dtors_ptr                                                         
70130cac  gEepromParams                                                          
70130cb4  gI2cConfig                                                             
70130cc4  gUartConfig                                                            
70130ce0  FreeRTOS_errno                                                         
70130ce4  __TI_ft_end                                                            
70130ce8  _lock                                                                  
70130cec  _unlock                                                                
70130d0c  gDebugLogZone                                                          
70130d14  gDebugMemLogSize                                                       
70130d20  gDebugP_uartDrvIndex                                                   
70130d24  gEdmaConfigNum                                                         
70130d28  gEepromConfigNum                                                       
70130d2c  gEnetOsalHwiAllocCnt                                                   
70130d30  gEnetOsalHwiPeak                                                       
70130d34  gEnetOsalSemAllocCnt                                                   
70130d38  gEnetOsalSemPeak                                                       
70130d3c  gHwiConfig                                                             
70130d40  gI2cConfigNum                                                          
70130d44  gIpcNotifyInterruptConfigNum_r5fss0_0                                  
70130d48  gIpcTask                                                               
70130d4c  gLogReaderTask                                                         
70130d50  gMainTask                                                              
70130d54  gUartConfigNum                                                         
70130d58  gUartDmaChConfig                                                       
70130d5c  gUdpTxTask                                                             
70130d64  g_netif                                                                
70130d68  g_pbuf_alloc_count                                                     
70130d6c  g_pbuf_alloc_fail_count                                                
70130d70  g_pbuf_free_count                                                      
70130d78  g_udp_rx_callback_count                                                
70130d84  g_udp_rx_queue_full                                                    
70130d88  g_udp_rx_queue_success                                                 
70130d90  g_udp_rx_task_packets                                                  
70130d94  g_udp_rx_task_wakeups                                                  
70130d98  g_udp_sendto_count                                                     
70130da0  hlwipIfApp                                                             
70130dac  pxCurrentTCB                                                           
70130dc8  ulPortInterruptNesting                                                 
70130dcc  ulPortSchedularRunning                                                 
70130dd0  ulPortTaskHasFPUContext                                                
70130dd4  ulPortYieldRequired                                                    
70130e5a  gEnetTrace_runtimeLevel                                                
70130e5d  isMapAvailable                                                         
70130e71  HwiP_enableInt                                                         
70130eb1  HwiP_disableInt                                                        
70130f11  HwiP_restoreInt                                                        
70130f41  HwiP_clearInt                                                          
70130f81  HwiP_post                                                              
70130fc1  HwiP_Params_init                                                       
70130ff1  HwiP_construct                                                         
701311e1  HwiP_destruct                                                          
70131251  HwiP_init                                                              
70131401  HwiP_inISR                                                             
70131431  HwiP_setVimIrqPriMaskNonAtomic                                         
70131481  HwiP_setVimIrqPriMaskAtomic                                            
70131521  HwiP_restoreVimIrqPriMask                                              
70131531  HwiP_irq_handler_c                                                     
701316d1  HwiP_fiq_handler                                                       
70131841  HwiP_reserved_handler                                                  
70131881  HwiP_undefined_handler_c                                               
701318a1  HwiP_user_undefined_handler_c                                          
701318c1  HwiP_prefetch_abort_handler_c                                          
70131961  HwiP_user_prefetch_abort_handler_c                                     
701319a1  HwiP_data_abort_handler_c                                              
70131a61  HwiP_user_data_abort_handler_c                                         
70131a9c  vPortRestoreTaskContext                                                
70131ad4  HwiP_svc_handler                                                       
70131b44  HwiP_irq_handler                                                       
70131c88  HwiP_data_abort_handler                                                
70131ccc  HwiP_prefetch_abort_handler                                            
70131d18  HwiP_undefined_handler                                                 
70131d48  GET_DFSR                                                               
70131d50  GET_ADFSR                                                              
70131d58  GET_DFAR                                                               
70131d60  GET_IFSR                                                               
70131d68  GET_AIFSR                                                              
70131d70  GET_IFAR                                                               
70131d78  GET_SPSR                                                               
70131d8c  HwiP_disable                                                           
70131d9c  HwiP_disableFIQ                                                        
70131dac  HwiP_enable                                                            
70131dbc  HwiP_enableFIQ                                                         
70131dcc  HwiP_restore                                                           
70131dd4  HwiP_enableVIC                                                         
70131de4  HwiP_disableVIC                                                        
70131df4  HwiP_getCPSR                                                           
70131e00  CacheP_disableL1d                                                      
70131e28  CacheP_disableL1p                                                      
70131e40  CacheP_enableL1d                                                       
70131e58  CacheP_enableL1p                                                       
70131e70  CacheP_invL1d                                                          
70131ea8  CacheP_invL1p                                                          
70131ee4  CacheP_invL1dAll                                                       
70131eec  CacheP_invL1pAll                                                       
70131ef4  CacheP_wb                                                              
70131f30  CacheP_wbInv                                                           
70131f6c  CacheP_wbAll                                                           
70132014  CacheP_wbInvAll                                                        
7013202c  CacheP_wbInvAllAsm                                                     
701320cc  CacheP_getEnabled                                                      
70132104  CacheP_getCacheLevelInfo                                               
70132110  CacheP_configForceWrThru                                               
70132130  CacheP_setDLFO                                                         
70132141  CacheP_init                                                            
701321d1  CacheP_disable                                                         
70132221  CacheP_enable                                                          
70132261  CacheP_inv                                                             
701322a1  MpuP_getAttrs                                                          
70132301  MpuP_RegionAttrs_init                                                  
70132331  MpuP_setRegion                                                         
701323c1  MpuP_isEnable                                                          
701323d1  MpuP_disable                                                           
70132411  MpuP_enable                                                            
70132461  MpuP_init                                                              
70132501  MpuP_isUserAuthorizedToAccessMemory                                    
701325e0  MpuP_disableAsm                                                        
701325f8  MpuP_disableBRAsm                                                      
70132608  MpuP_enableAsm                                                         
70132620  MpuP_enableBRAsm                                                       
70132630  MpuP_isEnableAsm                                                       
70132644  MpuP_setRegionAsm                                                      
70132660  _c_int00_sbl                                                           
70132684  _c_int00                                                               
701327b1  _DebugP_assertNoLog                                                    
701327e1  _system_pre_init                                                       
70132811  __mpu_init                                                             
70132820  abort                                                                  
70132828  __IRQ_STACK_START                                                      
70132928  __FIQ_STACK_START                                                      
70132928  __IRQ_STACK_END                                                        
70132a28  __FIQ_STACK_END                                                        
70132a28  __SVC_STACK_START                                                      
70133a28  __ABORT_STACK_START                                                    
70133a28  __SVC_STACK_END                                                        
70133b28  __ABORT_STACK_END                                                      
70133b28  __UNDEFINED_STACK_START                                                
70133c28  __UNDEFINED_STACK_END                                                  
70200000  gGatewaySharedMem                                                      
70204ecc  dbg_ipc_recv_count                                                     
70204ed0  dbg_udp_rx_count                                                       
70204ed4  dbg_udp_tx_count                                                       
70204ed8  dbg_error_count                                                        
70204edc  dbg_last_error_code                                                    
70204ee0  dbg_imu_frame_count                                                    
70208000  gDebugShmLog                                                           
ffffffff  __TI_pprof_out_hndl                                                    
ffffffff  __TI_prof_data_size                                                    
ffffffff  __TI_prof_data_start                                                   
ffffffff  __binit__                                                              
ffffffff  binit                                                                  
UNDEFED   __TI_CINIT_Base                                                        
UNDEFED   __TI_CINIT_Limit                                                       
UNDEFED   __TI_Handler_Table_Base                                                
UNDEFED   __TI_Handler_Table_Limit                                               
UNDEFED   _system_post_cinit                                                     

[1420 symbols]
