******************************************************************************
            TI ARM Clang Linker PC v4.0.4                      
******************************************************************************
>> Linked Thu Apr  9 15:20:56 2026

OUTPUT FILE NAME:   <ccu_ti_multi_core_freertos.out>
ENTRY POINT SYMBOL: "_vectors"  address: 00000000


MEMORY CONFIGURATION

         name            origin    length      used     unused   attr    fill
----------------------  --------  ---------  --------  --------  ----  --------
  R5F_VECS              00000000   00000040  00000040  00000000  RWIX
  R5F_TCMA              00000040   00007fc0  00000000  00007fc0  RWIX
  R5F_TCMB              00080000   00008000  00000000  00008000  RWIX
  MAILBOX_HSM           44000000   000003ce  00000000  000003ce  RWIX
  MAILBOX_R5F           44000400   000003ce  00000000  000003ce  RWIX
  FLASH                 60100000   00080000  00000000  00080000  RWIX
  SBL                   70000000   00040000  00000000  00040000  RWIX
  OCRAM                 70040000   00140000  00101fb0  0003e050  RWIX
  USER_SHM_MEM          70200000   00008000  00006ee4  0000111c  RWIX
  LOG_SHM_MEM           70208000   00004000  00002000  00002000  RWIX
  CPPI_DESC             70280000   00040000  00000a00  0003f600  RWIX
  RTOS_NORTOS_IPC_SHM_M 72000000   00003e80  00000000  00003e80  RWIX


SEGMENT ALLOCATION MAP

run origin  load origin   length   init length attrs members
----------  ----------- ---------- ----------- ----- -------
00000000    00000000    00000040   00000040    r-x
  00000000    00000000    00000040   00000040    r-x .vectors
70040000    70040000    000704c0   00000000    rw-
  70040000    70040000    0003d780   00000000    rw- .bss
  7007d780    7007d780    00030d40   00000000    rw- .sysmem
  700ae4c0    700ae4c0    00002000   00000000    rw- .stack
700b04c0    700b04c0    0006bb60   0006bb60    r-x
  700b04c0    700b04c0    00059840   00059840    r-x .text
  70109d00    70109d00    00012320   00012320    r-- .rodata
70134080    70134080    0000b1d8   0000b1d8    rw-
  70134080    70134080    0000b1d8   0000b1d8    rw- .data
7013f260    7013f260    000019b8   000019b8    r-x
  7013f260    7013f260    00000f90   00000f90    r-x .text.hwi
  701401f0    701401f0    000004a0   000004a0    r-x .text.cache
  70140690    70140690    000003c0   000003c0    r-x .text.mpu
  70140a50    70140a50    000001c0   000001c0    r-x .text.boot
  70140c10    70140c10    00000008   00000008    r-x .text:abort
70140c18    70140c18    00001400   00000000    rw-
  70140c18    70140c18    00000100   00000000    rw- .irqstack
  70140d18    70140d18    00000100   00000000    rw- .fiqstack
  70140e18    70140e18    00001000   00000000    rw- .svcstack
  70141e18    70141e18    00000100   00000000    rw- .abortstack
  70141f18    70141f18    00000100   00000000    rw- .undefinedstack


SECTION ALLOCATION MAP

 output                                  attributes/
section   page    origin      length       input sections
--------  ----  ----------  ----------   ----------------
.vectors   0    00000000    00000040     
                  00000000    00000040     freertos.am263px.r5f.ti-arm-clang.debug.lib : HwiP_armv7r_vectors_freertos_asm.obj (.vectors)

.bss       0    70040000    0003d780     UNINITIALIZED
                  70040000    00012c1f     (.common:memp_memory_POOL_1568_base)
                  70052c1f    0000409f     (.common:memp_memory_POOL_4096_base)
                  70056cbe    00000002     lwip-freertos.am263px.r5f.ti-arm-clang.debug.lib : ip4.obj (.bss.ip_id)
                  70056cc0    00004000     main.o (.bss.gEnetLwipTaskStack)
                  7005acc0    00004000     test.o (.bss.gUdpRxTaskStack)
                  7005ecc0    00004000     main.o (.bss.gUdpTxTaskStack)
                  70062cc0    00003e9f     (.common:memp_memory_POOL_128_base)
                  70066b5f    00000001     lwip-freertos.am263px.r5f.ti-arm-clang.debug.lib : dhcp.obj (.bss.dhcp_pcb_refcount)
                  70066b60    00002200     ti_enet_config.o (.bss.gAppPktInfoMem_LargePool)
                  70068d60    00001918     ti_enet_lwipif.o (.bss.gLwipifEnetAppObj)
                  7006a678    0000101f     (.common:memp_memory_NETBUF_base)
                  7006b697    0000101f     (.common:memp_memory_PBUF_base)
                  7006c6b6    0000101f     (.common:memp_memory_TCPIP_MSG_API_base)
                  7006d6d5    0000101f     (.common:memp_memory_TCPIP_MSG_INPKT_base)
                  7006e6f4    0000101f     (.common:memp_memory_TCP_SEG_base)
                  7006f713    00000001     lwip-freertos.am263px.r5f.ti-arm-clang.debug.lib : etharp.obj (.bss.etharp_cached_entry)
                  7006f714    00000058     freertos.am263px.r5f.ti-arm-clang.debug.lib : DebugP_freertos.obj (.bss.gDebugLogLockObj)
                  7006f76c    00000014     lwip-freertos.am263px.r5f.ti-arm-clang.debug.lib : tcp_in.obj (.bss.inseg)
                  7006f780    00001000     ti_dpl_config.o (.bss.debug_mem_trace_buf)
                  70070780    00001000     freertos.am263px.r5f.ti-arm-clang.debug.lib : DebugP_shmLogReader_freertos.obj (.bss.gDebugShmLogReaderTaskStack)
                  70071780    00001000     main.o (.bss.gMainTaskStack)
                  70072780    00001000     freertos.am263px.r5f.ti-arm-clang.debug.lib : port.obj (.bss.uxIdleTaskStack)
                  70073780    00001000     (.common:gLoggerTaskStack)
                  70074780    00000d80     ti_enet_open_close.o (.bss.gEnetAppSysCfgObj)
                  70075500    00000b1f     (.common:memp_memory_SYS_MBOX_base)
                  7007601f    00000001     lwip-freertos.am263px.r5f.ti-arm-clang.debug.lib : tcp_in.obj (.bss.flags)
                  70076020    00000880     ti_enet_config.o (.bss.gAppPktInfoMemOnly)
                  700768a0    0000081f     (.common:memp_memory_RX_POOL_base)
                  700770bf    00000001     lwip-freertos.am263px.r5f.ti-arm-clang.debug.lib : sys_arch.obj (.bss.lwip_core_lock_count)
                  700770c0    0000080c     (.common:gHwiCtrl)
                  700778cc    00000014     freertos.am263px.r5f.ti-arm-clang.debug.lib : timers.obj (.bss.xActiveTimerList1)
                  700778e0    00000800     log_reader_task.o (.bss.gLogReaderTaskStack)
                  700780e0    000005c0     enet-cpsw.am263px.r5f.ti-arm-clang.freertos.debug.lib : enet_osal.obj (.bss.gOsalSemPEnetOsalPool)
                  700786a0    00000440     lwip-freertos.am263px.r5f.ti-arm-clang.debug.lib : dns.obj (.bss.dns_table)
                  70078ae0    00000430     enet-cpsw.am263px.r5f.ti-arm-clang.freertos.debug.lib : enetphy.obj (.bss.gEnetPhy_phyObjs)
                  70078f10    00000400     ti_enet_config.o (.bss.gAppPktInfoContainerMem_LargePool)
                  70079310    00000010     lwip-freertos.am263px.r5f.ti-arm-clang.debug.lib : dns.obj (.bss.dns_pcbs)
                  70079320    00000400     main.o (.bss.gIpcTaskStack)
                  70079720    00000400     freertos.am263px.r5f.ti-arm-clang.debug.lib : port.obj (.bss.uxTimerTaskStack)
                  70079b20    00000400     (.common:gFreePbufArr)
                  70079f20    000003df     (.common:memp_memory_ARP_QUEUE_base)
                  7007a2ff    0000033f     (.common:memp_memory_TCP_PCB_base)
                  7007a63e    00000002     lwip-freertos.am263px.r5f.ti-arm-clang.debug.lib : ip4_frag.obj (.bss.ip_reass_pbufcount)
                  7007a640    000002c0     ti_enet_config.o (.bss:ENET_CPDMA_OBJ_MEM)
                  7007a900    0000029f     (.common:memp_memory_NETCONN_base)
                  7007ab9f    00000001     lwip-freertos.am263px.r5f.ti-arm-clang.debug.lib : netif.obj (.bss.netif_num)
                  7007aba0    00000288     ti_drivers_config.o (.bss.gUartObjects)
                  7007ae28    00000280     freertos.am263px.r5f.ti-arm-clang.debug.lib : tasks.obj (.bss.pxReadyTasksLists)
                  7007b0a8    0000023f     (.common:memp_memory_SYS_TIMEOUT_base)
                  7007b2e7    00000001     lwip-freertos.am263px.r5f.ti-arm-clang.debug.lib : tcp_in.obj (.bss.recv_flags)
                  7007b2e8    00000204     (.common:lwip_stats)
                  7007b4ec    000001ff     (.common:memp_memory_FRAG_PBUF_base)
                  7007b6eb    00000001                                                      : tcp.obj (.bss.tcp_timer)
                  7007b6ec    000001cc     main.o (.bss.build_and_send_udp_packet.xgw_states)
                  7007b8b8    00000178     ti_drivers_config.o (.bss.gI2cObjects)
                  7007ba30    0000016c     (.common:gEepromObject_CAT24M)
                  7007bb9c    0000015f     (.common:memp_memory_ALTCP_PCB_base)
                  7007bcfb    0000015f     (.common:memp_memory_NETDB_base)
                  7007be5a    0000015f     (.common:memp_memory_REASSDATA_base)
                  7007bfb9    00000001     lwip-freertos.am263px.r5f.ti-arm-clang.debug.lib : tcp.obj (.bss.tcp_timer_ctr)
                  7007bfba    00000002                                                      : tcp_in.obj (.bss.recv_acked)
                  7007bfbc    00000120     libsysbm.a : trgmsg.c.obj (.bss:_CIOBUF_)
                  7007c0dc    0000011f     (.common:memp_memory_IGMP_GROUP_base)
                  7007c1fb    0000011f     (.common:memp_memory_TCP_PCB_LISTEN_base)
                  7007c31a    0000011f     (.common:memp_memory_UDP_PCB_base)
                  7007c439    00000100     freertos.am263px.r5f.ti-arm-clang.debug.lib : timers.obj (.bss.prvCheckForValidListAndQueue.ucStaticTimerQueueStorage)
                  7007c539    00000001     (.common:pbuf_free_ooseq_pending)
                  7007c53a    00000002     lwip-freertos.am263px.r5f.ti-arm-clang.debug.lib : tcp_in.obj (.bss.tcp_optidx)
                  7007c53c    00000100     (.common:xQueueRegistry)
                  7007c63c    000000f0                                                      : etharp.obj (.bss.arp_table)
                  7007c72c    000000d8     (.common:gEnetUtilsObj)
                  7007c804    000000b8     (.common:gIpcNotifyCtrl)
                  7007c8bc    000000a0     libc.a : defs.c.obj (.bss.__TI_tmpnams)
                  7007c95c    000000a0     lwip-freertos.am263px.r5f.ti-arm-clang.debug.lib : sockets.obj (.bss.sockets)
                  7007c9fc    00000004                                                      : tcp_in.obj (.bss.ackno)
                  7007ca00    000000a0     (.common:gTaskP_ctrl)
                  7007caa0    00000098     freertos.am263px.r5f.ti-arm-clang.debug.lib : DebugP_shmLogReader_freertos.obj (.bss.gDebugShmLogReaderTaskObj)
                  7007cb38    00000098     main.o (.bss.gEnetLwipTaskObj)
                  7007cbd0    00000098     main.o (.bss.gIpcTaskObj)
                  7007cc68    00000098     log_reader_task.o (.bss.gLogReaderTaskObj)
                  7007cd00    00000098     main.o (.bss.gMainTaskObj)
                  7007cd98    00000098     test.o (.bss.gUdpRxTaskTcb)
                  7007ce30    00000098     main.o (.bss.gUdpTxTaskObj)
                  7007cec8    00000098     freertos.am263px.r5f.ti-arm-clang.debug.lib : port.obj (.bss.xIdleTaskTCB)
                  7007cf60    00000098                                                 : port.obj (.bss.xTimerTaskTCB)
                  7007cff8    00000098     (.common:gLoggerTaskObj)
                  7007d090    00000094     (.common:gDebugShmLogReaderCtrl)
                  7007d124    00000080     enet-cpsw.am263px.r5f.ti-arm-clang.freertos.debug.lib : enet_osal.obj (.bss.gOsalHwiPEnetOsalPool)
                  7007d1a4    0000007f     (.common:memp_memory_RAW_PCB_base)
                  7007d223    0000007a     freertos.am263px.r5f.ti-arm-clang.debug.lib : DebugP_memTraceLogWriter.obj (.bss.DebugP_memLogWriterPutChar.lineBuf)
                  7007d29d    00000001     (.common:tcp_active_pcbs_changed)
                  7007d29e    00000002     lwip-freertos.am263px.r5f.ti-arm-clang.debug.lib : tcp_in.obj (.bss.tcphdr_opt1len)
                  7007d2a0    00000050     freertos.am263px.r5f.ti-arm-clang.debug.lib : timers.obj (.bss.prvCheckForValidListAndQueue.xStaticTimerQueue)
                  7007d2f0    00000050     (.common:gRovDummyQueue)
                  7007d340    00000030     lwip-freertos.am263px.r5f.ti-arm-clang.debug.lib : dns.obj (.bss.dns_requests)
                  7007d370    00000029     enet-cpsw.am263px.r5f.ti-arm-clang.freertos.debug.lib : enetphy.obj (.bss.gEnetPhyCapsBuf)
                  7007d399    00000001     --HOLE--
                  7007d39a    00000002     lwip-freertos.am263px.r5f.ti-arm-clang.debug.lib : tcp_in.obj (.bss.tcphdr_optlen)
                  7007d39c    00000028                                                      : dhcp.obj (.bss.dhcp_rx_options_val)
                  7007d3c4    00000024     enet-cpsw.am263px.r5f.ti-arm-clang.freertos.debug.lib : enet_cpdma_priv.obj (.bss.gCpswDmaMemMgrObj)
                  7007d3e8    0000001f     (.common:memp_memory_PBUF_POOL_base)
                  7007d407    00000001     --HOLE--
                  7007d408    00000018     (.common:gClockCtrl)
                  7007d420    00000018     (.common:ip_data)
                  7007d438    00000014     freertos.am263px.r5f.ti-arm-clang.debug.lib : timers.obj (.bss.xActiveTimerList2)
                  7007d44c    00000014                                                 : tasks.obj (.bss.xDelayedTaskList1)
                  7007d460    00000014                                                 : tasks.obj (.bss.xDelayedTaskList2)
                  7007d474    00000014                                                 : tasks.obj (.bss.xPendingReadyList)
                  7007d488    00000014                                                 : tasks.obj (.bss.xSuspendedTaskList)
                  7007d49c    00000014                                                 : tasks.obj (.bss.xTasksWaitingTermination)
                  7007d4b0    00000010     lwip-freertos.am263px.r5f.ti-arm-clang.debug.lib : ip4_addr.obj (.bss.ip4addr_ntoa.str)
                  7007d4c0    00000010                                                      : memp.obj (.bss.memp_stats_ALTCP_PCB)
                  7007d4d0    00000010                                                      : memp.obj (.bss.memp_stats_ARP_QUEUE)
                  7007d4e0    00000010                                                      : memp.obj (.bss.memp_stats_FRAG_PBUF)
                  7007d4f0    00000010                                                      : memp.obj (.bss.memp_stats_IGMP_GROUP)
                  7007d500    00000010                                                      : memp.obj (.bss.memp_stats_NETBUF)
                  7007d510    00000010                                                      : memp.obj (.bss.memp_stats_NETCONN)
                  7007d520    00000010                                                      : memp.obj (.bss.memp_stats_NETDB)
                  7007d530    00000010                                                      : memp.obj (.bss.memp_stats_PBUF)
                  7007d540    00000010                                                      : memp.obj (.bss.memp_stats_PBUF_POOL)
                  7007d550    00000010                                                      : memp.obj (.bss.memp_stats_POOL_128)
                  7007d560    00000010                                                      : memp.obj (.bss.memp_stats_POOL_1568)
                  7007d570    00000010                                                      : memp.obj (.bss.memp_stats_POOL_4096)
                  7007d580    00000010                                                      : memp.obj (.bss.memp_stats_RAW_PCB)
                  7007d590    00000010                                                      : memp.obj (.bss.memp_stats_REASSDATA)
                  7007d5a0    00000010     ti_enet_lwipif.o (.bss.memp_stats_RX_POOL)
                  7007d5b0    00000010     lwip-freertos.am263px.r5f.ti-arm-clang.debug.lib : memp.obj (.bss.memp_stats_SYS_MBOX)
                  7007d5c0    00000010                                                      : memp.obj (.bss.memp_stats_SYS_TIMEOUT)
                  7007d5d0    00000010                                                      : memp.obj (.bss.memp_stats_TCPIP_MSG_API)
                  7007d5e0    00000010                                                      : memp.obj (.bss.memp_stats_TCPIP_MSG_INPKT)
                  7007d5f0    00000010                                                      : memp.obj (.bss.memp_stats_TCP_PCB)
                  7007d600    00000010                                                      : memp.obj (.bss.memp_stats_TCP_PCB_LISTEN)
                  7007d610    00000010                                                      : memp.obj (.bss.memp_stats_TCP_SEG)
                  7007d620    00000010                                                      : memp.obj (.bss.memp_stats_UDP_PCB)
                  7007d630    00000010     (.common:virtToPhymap)
                  7007d640    0000000c     (.common:pfreeQ)
                  7007d64c    0000000a                                                      : dhcp.obj (.bss.dhcp_rx_options_given)
                  7007d656    00000002                                                      : tcp_in.obj (.bss.tcplen)
                  7007d658    00000008                                                      : dns.obj (.bss.dns_servers)
                  7007d660    00000008     libsysbm.a : hostopen.c.obj (.bss.parmbuf)
                  7007d668    00000004     lwip-freertos.am263px.r5f.ti-arm-clang.debug.lib : igmp.obj (.bss.allrouters)
                  7007d66c    00000004                                                      : igmp.obj (.bss.allsystems)
                  7007d670    00000004                                                      : timeouts.obj (.bss.current_timeout_due_time)
                  7007d674    00000004                                                      : dhcp.obj (.bss.dhcp_create_msg.xid)
                  7007d678    00000004                                                      : dhcp.obj (.bss.dhcp_pcb)
                  7007d67c    00000004                                                      : netif.obj (.bss.ext_callback)
                  7007d680    00000004     freertos.am263px.r5f.ti-arm-clang.debug.lib : DebugP_shmLogReader_freertos.obj (.bss.gDebugShmLogReaderTask)
                  7007d684    00000004                                                 : HwiP_armv7r_handlers_freertos.obj (.bss.gdummy)
                  7007d688    00000004                                                 : HwiP_armv7r_vim.obj (.bss.gdummy)
                  7007d68c    00000004     lwip-freertos.am263px.r5f.ti-arm-clang.debug.lib : ip4.obj (.bss.ip4_default_multicast_netif)
                  7007d690    00000004                                                      : sys_arch.obj (.bss.lwip_core_lock_holder_thread)
                  7007d694    00000004                                                      : sys_arch.obj (.bss.lwip_tcpip_thread)
                  7007d698    00000004                                                      : memp.obj (.bss.memp_tab_ALTCP_PCB)
                  7007d69c    00000004                                                      : memp.obj (.bss.memp_tab_ARP_QUEUE)
                  7007d6a0    00000004                                                      : memp.obj (.bss.memp_tab_FRAG_PBUF)
                  7007d6a4    00000004                                                      : memp.obj (.bss.memp_tab_IGMP_GROUP)
                  7007d6a8    00000004                                                      : memp.obj (.bss.memp_tab_NETBUF)
                  7007d6ac    00000004                                                      : memp.obj (.bss.memp_tab_NETCONN)
                  7007d6b0    00000004                                                      : memp.obj (.bss.memp_tab_NETDB)
                  7007d6b4    00000004                                                      : memp.obj (.bss.memp_tab_PBUF)
                  7007d6b8    00000004                                                      : memp.obj (.bss.memp_tab_PBUF_POOL)
                  7007d6bc    00000004                                                      : memp.obj (.bss.memp_tab_POOL_128)
                  7007d6c0    00000004                                                      : memp.obj (.bss.memp_tab_POOL_1568)
                  7007d6c4    00000004                                                      : memp.obj (.bss.memp_tab_POOL_4096)
                  7007d6c8    00000004                                                      : memp.obj (.bss.memp_tab_RAW_PCB)
                  7007d6cc    00000004                                                      : memp.obj (.bss.memp_tab_REASSDATA)
                  7007d6d0    00000004     ti_enet_lwipif.o (.bss.memp_tab_RX_POOL)
                  7007d6d4    00000004     lwip-freertos.am263px.r5f.ti-arm-clang.debug.lib : memp.obj (.bss.memp_tab_SYS_MBOX)
                  7007d6d8    00000004                                                      : memp.obj (.bss.memp_tab_SYS_TIMEOUT)
                  7007d6dc    00000004                                                      : memp.obj (.bss.memp_tab_TCPIP_MSG_API)
                  7007d6e0    00000004                                                      : memp.obj (.bss.memp_tab_TCPIP_MSG_INPKT)
                  7007d6e4    00000004                                                      : memp.obj (.bss.memp_tab_TCP_PCB)
                  7007d6e8    00000004                                                      : memp.obj (.bss.memp_tab_TCP_PCB_LISTEN)
                  7007d6ec    00000004                                                      : memp.obj (.bss.memp_tab_TCP_SEG)
                  7007d6f0    00000004                                                      : memp.obj (.bss.memp_tab_UDP_PCB)
                  7007d6f4    00000004                                                      : timeouts.obj (.bss.next_timeout)
                  7007d6f8    00000004     freertos.am263px.r5f.ti-arm-clang.debug.lib : timers.obj (.bss.pxCurrentTimerList)
                  7007d6fc    00000004                                                 : tasks.obj (.bss.pxDelayedTaskList)
                  7007d700    00000004                                                 : tasks.obj (.bss.pxOverflowDelayedTaskList)
                  7007d704    00000004                                                 : timers.obj (.bss.pxOverflowTimerList)
                  7007d708    00000004     lwip-freertos.am263px.r5f.ti-arm-clang.debug.lib : raw.obj (.bss.raw_pcbs)
                  7007d70c    00000004                                                      : ip4_frag.obj (.bss.reassdatagrams)
                  7007d710    00000004                                                      : tcp_in.obj (.bss.recv_data)
                  7007d714    00000004                                                      : sockets.obj (.bss.select_cb_list)
                  7007d718    00000004                                                      : tcp_in.obj (.bss.seqno)
                  7007d71c    00000004                                                      : sys_arch.obj (.bss.sys_arch_protect_mutex)
                  7007d720    00000004                                                      : sys_arch.obj (.bss.sys_arch_protect_nesting)
                  7007d724    00000004     libc.a : memory.c.obj (.bss.sys_free)
                  7007d728    00000004     lwip-freertos.am263px.r5f.ti-arm-clang.debug.lib : tcp_in.obj (.bss.tcphdr)
                  7007d72c    00000004                                                      : tcp_in.obj (.bss.tcphdr_opt2)
                  7007d730    00000004                                                      : tcpip.obj (.bss.tcpip_init_done)
                  7007d734    00000004                                                      : tcpip.obj (.bss.tcpip_init_done_arg)
                  7007d738    00000004                                                      : tcpip.obj (.bss.tcpip_mbox)
                  7007d73c    00000004                                                      : timeouts.obj (.bss.tcpip_tcp_timer_active)
                  7007d740    00000004     freertos.am263px.r5f.ti-arm-clang.debug.lib : tasks.obj (.bss.xIdleTaskHandles)
                  7007d744    00000004     (.common:gEepromHandle)
                  7007d748    00000004     (.common:gI2cHandle)
                  7007d74c    00000004     (.common:gInterface)
                  7007d750    00000004     (.common:gUartHandle)
                  7007d754    00000004     (.common:lock_tcpip_core)
                  7007d758    00000004     (.common:netif_default)
                  7007d75c    00000004     (.common:netif_list)
                  7007d760    00000004     (.common:tcp_active_pcbs)
                  7007d764    00000004     (.common:tcp_bound_pcbs)
                  7007d768    00000004     (.common:tcp_input_pcb)
                  7007d76c    00000004     (.common:tcp_listen_pcbs)
                  7007d770    00000004     (.common:tcp_ticks)
                  7007d774    00000004     (.common:tcp_tw_pcbs)
                  7007d778    00000004     (.common:udp_pcbs)
                  7007d77c    00000004     --HOLE--

.sysmem    0    7007d780    00030d40     UNINITIALIZED
                  7007d780    00000010     libc.a : memory.c.obj (.sysmem)
                  7007d790    00030d30     --HOLE--

.stack     0    700ae4c0    00002000     UNINITIALIZED
                  700ae4c0    00000004     freertos.am263px.r5f.ti-arm-clang.debug.lib : boot_armv7r_asm.obj (.stack)
                  700ae4c4    00001ffc     --HOLE--

.text      0    700b04c0    00059840     
                  700b04c0    000011da     lwip-freertos.am263px.r5f.ti-arm-clang.debug.lib : tcp_in.obj (.text.tcp_receive)
                  700b169a    00000002     --HOLE-- [fill = 0]
                  700b169c    00000fc0     libc.a : _printfi.c.obj (.text:__TI_printfi)
                  700b265c    00000004     libclang_rt.builtins.a : aeabi_div0.c.obj (.text.__aeabi_idiv0)
                  700b2660    00000c3e     lwip-freertos.am263px.r5f.ti-arm-clang.debug.lib : tcp_in.obj (.text.tcp_input)
                  700b329e    00000002     --HOLE-- [fill = 0]
                  700b32a0    00000adc                                                      : tcp_out.obj (.text.tcp_write)
                  700b3d7c    00000004     libclang_rt.builtins.a : aeabi_div0.c.obj (.text.__aeabi_ldiv0)
                  700b3d80    00000ad8     lwip-freertos.am263px.r5f.ti-arm-clang.debug.lib : tcp_in.obj (.text.tcp_process)
                  700b4858    00000008     libsysbm.a : hostexit.c.obj (.text.HOSTexit)
                  700b4860    00000abe     enet-cpsw.am263px.r5f.ti-arm-clang.freertos.debug.lib : enet_cpdma.obj (.text.EnetCpdma_dequeueTx)
                  700b531e    00000002     --HOLE-- [fill = 0]
                  700b5320    00000a34     freertos.am263px.r5f.ti-arm-clang.debug.lib : printf.obj (.text._vsnprintf)
                  700b5d54    0000000c     libc.a : aeabi_portable.c.obj (.text.__aeabi_errno_addr)
                  700b5d60    0000099a     enet-cpsw.am263px.r5f.ti-arm-clang.freertos.debug.lib : enet_cpdma.obj (.text.EnetCpdma_dequeueRx)
                  700b66fa    00000002     --HOLE-- [fill = 0]
                  700b66fc    00000004     libclang_rt.builtins.a : aeabi_memcpy.S.obj (.text.__aeabi_memcpy)
                  700b6700    00000960     lwip-freertos.am263px.r5f.ti-arm-clang.debug.lib : tcp.obj (.text.tcp_slowtmr)
                  700b7060    000007a4     drivers.am263px.r5f.ti-arm-clang.freertos.debug.lib : i2c_v1_lld.obj (.text.I2C_lld_primeTransferPoll)
                  700b7804    0000000c     libclang_rt.builtins.a : aeabi_memset.S.obj (.text.__aeabi_memclr)
                  700b7810    00000678     drivers.am263px.r5f.ti-arm-clang.freertos.debug.lib : soc_rcm.obj (.text.SOC_rcmGetClkSrcAndDivReg)
                  700b7e88    00000004     libc.a : _lock.c.obj (.text._nop)
                  700b7e8c    00000004            : fseek.c.obj (.text.fseek)
                  700b7e90    00000654     lwip-freertos.am263px.r5f.ti-arm-clang.debug.lib : dhcp.obj (.text.dhcp_parse_reply)
                  700b84e4    0000000c     libc.a : memory.c.obj (.text.malloc)
                  700b84f0    00000638     drivers.am263px.r5f.ti-arm-clang.freertos.debug.lib : soc_rcm.obj (.text.SOC_rcmEnablePeripheralClock)
                  700b8b28    00000004     libsysbm.a : remove.c.obj (.text.remove)
                  700b8b2c    00000004     --HOLE-- [fill = 0]
                  700b8b30    00000610     lwipif-cpsw-freertos.am263px.r5f.ti-arm-clang.debug.lib : lwip2enet.obj (.text.Lwip2Enet_open)
                  700b9140    00000606     enet-cpsw.am263px.r5f.ti-arm-clang.freertos.debug.lib : enet_cpdma.obj (.text.EnetCpdma_enqueueRx)
                  700b9746    0000000a     --HOLE-- [fill = 0]
                  700b9750    000005e2     freertos.am263px.r5f.ti-arm-clang.debug.lib : printf.obj (.text._ftoa)
                  700b9d32    00000002     --HOLE-- [fill = 0]
                  700b9d34    0000000c                                                 : CpuId_armv7r_asm.obj (.text)
                  700b9d40    0000055a     lwip-freertos.am263px.r5f.ti-arm-clang.debug.lib : api_msg.obj (.text.lwip_netconn_do_writemore)
                  700ba29a    00000006     --HOLE-- [fill = 0]
                  700ba2a0    00000552     enet-cpsw.am263px.r5f.ti-arm-clang.freertos.debug.lib : cpsw_ale.obj (.text.CpswAle_open)
                  700ba7f2    0000000e     --HOLE-- [fill = 0]
                  700ba800    0000054c     lwip-freertos.am263px.r5f.ti-arm-clang.debug.lib : ip4.obj (.text.ip4_input)
                  700bad4c    00000004     --HOLE-- [fill = 0]
                  700bad50    0000052e     ccu_log.o (.text.ccu_log_push_v)
                  700bb27e    00000002     --HOLE-- [fill = 0]
                  700bb280    00000514     main.o (.text.udp_tx_task)
                  700bb794    0000000c     --HOLE-- [fill = 0]
                  700bb7a0    0000050e     lwip-freertos.am263px.r5f.ti-arm-clang.debug.lib : icmp.obj (.text.icmp_input)
                  700bbcae    00000002     --HOLE-- [fill = 0]
                  700bbcb0    00000506     enet-cpsw.am263px.r5f.ti-arm-clang.freertos.debug.lib : enet_cpdma.obj (.text.EnetCpdma_enqueueTx)
                  700bc1b6    0000000a     --HOLE-- [fill = 0]
                  700bc1c0    000004d8     lwip-freertos.am263px.r5f.ti-arm-clang.debug.lib : tcp_out.obj (.text.tcp_output)
                  700bc698    00000008     --HOLE-- [fill = 0]
                  700bc6a0    000004b0     freertos.am263px.r5f.ti-arm-clang.debug.lib : printf.obj (.text._etoa)
                  700bcb50    000004ae     lwip-freertos.am263px.r5f.ti-arm-clang.debug.lib : udp.obj (.text.udp_input)
                  700bcffe    00000002     --HOLE-- [fill = 0]
                  700bd000    00000492                                                      : etharp.obj (.text.etharp_query)
                  700bd492    0000000e     --HOLE-- [fill = 0]
                  700bd4a0    0000048a                                                      : etharp.obj (.text.etharp_find_entry)
                  700bd92a    00000006     --HOLE-- [fill = 0]
                  700bd930    00000486                                                      : ip4_frag.obj (.text.ip4_reass)
                  700bddb6    0000000a     --HOLE-- [fill = 0]
                  700bddc0    00000482                                                      : api_msg.obj (.text.lwip_netconn_do_close_internal)
                  700be242    0000000e     --HOLE-- [fill = 0]
                  700be250    00000466     board.am263px.r5f.ti-arm-clang.freertos.debug.lib : dp83869.obj (.text.Dp83869_printRegs)
                  700be6b6    0000000a     --HOLE-- [fill = 0]
                  700be6c0    00000446     enet-cpsw.am263px.r5f.ti-arm-clang.freertos.debug.lib : cpsw_macport.obj (.text.CpswMacPort_open)
                  700beb06    0000000a     --HOLE-- [fill = 0]
                  700beb10    0000043e                                                           : enet_rm.obj (.text.EnetRm_detachCore)
                  700bef4e    00000002     --HOLE-- [fill = 0]
                  700bef50    00000404     drivers.am263px.r5f.ti-arm-clang.freertos.debug.lib : uart_v0.obj (.text.UART_open)
                  700bf354    0000000c     --HOLE-- [fill = 0]
                  700bf360    000003e2     enet-cpsw.am263px.r5f.ti-arm-clang.freertos.debug.lib : enet_rm.obj (.text.EnetRm_close)
                  700bf742    0000000e     --HOLE-- [fill = 0]
                  700bf750    000003dc     drivers.am263px.r5f.ti-arm-clang.freertos.debug.lib : ipc_notify_v1.obj (.text.IpcNotify_init)
                  700bfb2c    00000004     --HOLE-- [fill = 0]
                  700bfb30    000003d2                                                         : soc.obj (.text.SOC_phyToVirt)
                  700bff02    0000000e     --HOLE-- [fill = 0]
                  700bff10    000003c4     xgw_udp_interface.o (.text.xgw_udp_send_motor_states)
                  700c02d4    0000000c     --HOLE-- [fill = 0]
                  700c02e0    000003be     lwip-freertos.am263px.r5f.ti-arm-clang.debug.lib : ip4_frag.obj (.text.ip_reass_chain_frag_into_datagram_and_validate)
                  700c069e    00000002     --HOLE-- [fill = 0]
                  700c06a0    000003ba                                                      : udp.obj (.text.udp_sendto_if_src)
                  700c0a5a    00000006     --HOLE-- [fill = 0]
                  700c0a60    000003b0                                                      : tcp_out.obj (.text.tcp_split_unsent_seg)
                  700c0e10    000003a2     enet-cpsw.am263px.r5f.ti-arm-clang.freertos.debug.lib : cpsw.obj (.text.Cpsw_registerIntrs)
                  700c11b2    0000000e     --HOLE-- [fill = 0]
                  700c11c0    00000398                                                           : mdio.obj (.text.Mdio_open)
                  700c1558    00000008     --HOLE-- [fill = 0]
                  700c1560    00000390     libc.a : strcmp32.S.obj (.text:strcmp)
                  700c18f0    00000386     ccu_log.o (.text.logger_pop_and_flush)
                  700c1c76    0000000a     --HOLE-- [fill = 0]
                  700c1c80    00000380     lwip-freertos.am263px.r5f.ti-arm-clang.debug.lib : ip4_frag.obj (.text.ip4_frag)
                  700c2000    0000036e     enet-cpsw.am263px.r5f.ti-arm-clang.freertos.debug.lib : cpsw.obj (.text.Cpsw_handleLinkDown)
                  700c236e    00000002     --HOLE-- [fill = 0]
                  700c2370    0000036a                                                           : enet_appmemutils.obj (.text.EnetMem_initCore)
                  700c26da    00000006     --HOLE-- [fill = 0]
                  700c26e0    00000362     lwipif-cpsw-freertos.am263px.r5f.ti-arm-clang.debug.lib : lwip2enet.obj (.text.Lwip2Enet_prepRxPktQ)
                  700c2a42    0000000e     --HOLE-- [fill = 0]
                  700c2a50    00000356     drivers.am263px.r5f.ti-arm-clang.freertos.debug.lib : i2c_v1.obj (.text.I2C_open)
                  700c2da6    0000000a     --HOLE-- [fill = 0]
                  700c2db0    0000034a     enet-cpsw.am263px.r5f.ti-arm-clang.freertos.debug.lib : cpsw.obj (.text.Cpsw_openInternal)
                  700c30fa    00000006     --HOLE-- [fill = 0]
                  700c3100    0000033a                                                           : cpsw_ioctl.obj (.text.Cpsw_openPortLinkNoPhy)
                  700c343a    00000006     --HOLE-- [fill = 0]
                  700c3440    00000330                                                           : cpsw.obj (.text.Cpsw_open)
                  700c3770    00000326     lwip-freertos.am263px.r5f.ti-arm-clang.debug.lib : ip4.obj (.text.ip4_output_if_opt_src)
                  700c3a96    0000000a     --HOLE-- [fill = 0]
                  700c3aa0    00000320     motor_mapping.o (.text.motor_mapping_init_core0)
                  700c3dc0    0000031e     lwip-freertos.am263px.r5f.ti-arm-clang.debug.lib : tcp_out.obj (.text.tcp_enqueue_flags)
                  700c40de    00000002     --HOLE-- [fill = 0]
                  700c40e0    00000302     drivers.am263px.r5f.ti-arm-clang.freertos.debug.lib : soc.obj (.text.SOC_virtToPhy)
                  700c43e2    0000000e     --HOLE-- [fill = 0]
                  700c43f0    000002f8     lwip-freertos.am263px.r5f.ti-arm-clang.debug.lib : pbuf.obj (.text.pbuf_alloc)
                  700c46e8    00000008     --HOLE-- [fill = 0]
                  700c46f0    000002f2     enet-cpsw.am263px.r5f.ti-arm-clang.freertos.debug.lib : enet_cpdma.obj (.text.EnetCpdma_open)
                  700c49e2    0000000e     --HOLE-- [fill = 0]
                  700c49f0    000002e6                                                           : csl_cpsw.obj (.text.CSL_CPSW_setPortRxDscpMap)
                  700c4cd6    0000000a     --HOLE-- [fill = 0]
                  700c4ce0    000002e6     ti_enet_open_close.o (.text.EnetApp_driverOpen)
                  700c4fc6    0000000a     --HOLE-- [fill = 0]
                  700c4fd0    000002de     lwip-freertos.am263px.r5f.ti-arm-clang.debug.lib : etharp.obj (.text.etharp_output)
                  700c52ae    00000002     --HOLE-- [fill = 0]
                  700c52b0    000002da     enet-cpsw.am263px.r5f.ti-arm-clang.freertos.debug.lib : cpsw.obj (.text.Cpsw_periodicTick)
                  700c558a    00000006     --HOLE-- [fill = 0]
                  700c5590    000002d6     syslog.o (.text.format_syslog_message)
                  700c5866    0000000a     --HOLE-- [fill = 0]
                  700c5870    000002d6     syslog.o (.text.syslog_send_internal)
                  700c5b46    0000000a     --HOLE-- [fill = 0]
                  700c5b50    000002d2     enet-cpsw.am263px.r5f.ti-arm-clang.freertos.debug.lib : enetphy.obj (.text.EnetPhy_enableState)
                  700c5e22    0000000e     --HOLE-- [fill = 0]
                  700c5e30    000002d2     lwip-freertos.am263px.r5f.ti-arm-clang.debug.lib : api_msg.obj (.text.lwip_netconn_do_delconn)
                  700c6102    0000000e     --HOLE-- [fill = 0]
                  700c6110    000002bc                                                      : tcp_out.obj (.text.tcp_output_segment)
                  700c63cc    00000004     --HOLE-- [fill = 0]
                  700c63d0    000002ba     drivers.am263px.r5f.ti-arm-clang.freertos.debug.lib : i2c_v1_lld.obj (.text.I2C_lld_controllerIsr)
                  700c668a    00000006     --HOLE-- [fill = 0]
                  700c6690    000002ba     lwip-freertos.am263px.r5f.ti-arm-clang.debug.lib : pbuf.obj (.text.pbuf_copy_partial_pbuf)
                  700c694a    00000006     --HOLE-- [fill = 0]
                  700c6950    000002b8     enet-cpsw.am263px.r5f.ti-arm-clang.freertos.debug.lib : cpsw.obj (.text.Cpsw_handleLinkUp)
                  700c6c08    00000008     --HOLE-- [fill = 0]
                  700c6c10    000002aa     lwip-freertos.am263px.r5f.ti-arm-clang.debug.lib : netif.obj (.text.netif_add)
                  700c6eba    00000006     --HOLE-- [fill = 0]
                  700c6ec0    000002a8     enet-cpsw.am263px.r5f.ti-arm-clang.freertos.debug.lib : cpsw_ale.obj (.text.CpswAle_addVlan)
                  700c7168    00000008     --HOLE-- [fill = 0]
                  700c7170    000002a6     main.o (.text.freertos_main)
                  700c7416    0000000a     --HOLE-- [fill = 0]
                  700c7420    0000029e     lwip-freertos.am263px.r5f.ti-arm-clang.debug.lib : tcp_in.obj (.text.tcp_listen_input)
                  700c76be    00000002     --HOLE-- [fill = 0]
                  700c76c0    0000029a     drivers.am263px.r5f.ti-arm-clang.freertos.debug.lib : i2c_v1_lld.obj (.text.I2C_lld_targetIsr)
                  700c795a    00000006     --HOLE-- [fill = 0]
                  700c7960    00000296     lwip-freertos.am263px.r5f.ti-arm-clang.debug.lib : tcp.obj (.text.tcp_close_shutdown)
                  700c7bf6    0000000a     --HOLE-- [fill = 0]
                  700c7c00    00000290     enet-cpsw.am263px.r5f.ti-arm-clang.freertos.debug.lib : cpsw.obj (.text.Cpsw_registerIoctlHandler)
                  700c7e90    0000028e                                                           : csl_cpsw.obj (.text.CSL_CPSW_setAlePolicerEntry)
                  700c811e    00000002     --HOLE-- [fill = 0]
                  700c8120    00000286                                                           : csl_cpsw.obj (.text.CSL_CPSW_getAlePolicerEntry)
                  700c83a6    0000000a     --HOLE-- [fill = 0]
                  700c83b0    00000286     test.o (.text.test_netif_init)
                  700c8636    00000002     --HOLE-- [fill = 0]
                  700c8638    00000280     libc.a : _printfi.c.obj (.text._pconv_a)
                  700c88b8    00000008     --HOLE-- [fill = 0]
                  700c88c0    0000027e     enet-cpsw.am263px.r5f.ti-arm-clang.freertos.debug.lib : cpsw_ale.obj (.text.CpswAle_findVlan)
                  700c8b3e    00000002     --HOLE-- [fill = 0]
                  700c8b40    0000027e     drivers.am263px.r5f.ti-arm-clang.freertos.debug.lib : uart_dma_edma.obj (.text.UART_edmaChInit)
                  700c8dbe    00000002     --HOLE-- [fill = 0]
                  700c8dc0    0000027a     enet-cpsw.am263px.r5f.ti-arm-clang.freertos.debug.lib : cpsw.obj (.text.Cpsw_ioctl)
                  700c903a    00000006     --HOLE-- [fill = 0]
                  700c9040    00000266                                                           : cpsw_est_ioctl.obj (.text.CpswEst_ioctl_handler_ENET_TAS_IOCTL_SET_STATE)
                  700c92a6    0000000a     --HOLE-- [fill = 0]
                  700c92b0    00000266     lwip-freertos.am263px.r5f.ti-arm-clang.debug.lib : api_msg.obj (.text.err_tcp)
                  700c9516    0000000a     --HOLE-- [fill = 0]
                  700c9520    00000266     freertos.am263px.r5f.ti-arm-clang.debug.lib : tasks.obj (.text.xTaskIncrementTick)
                  700c9786    0000000a     --HOLE-- [fill = 0]
                  700c9790    0000025a     lwip-freertos.am263px.r5f.ti-arm-clang.debug.lib : ip4_frag.obj (.text.ip_reass_free_complete_datagram)
                  700c99ea    00000006     --HOLE-- [fill = 0]
                  700c99f0    0000025a     freertos.am263px.r5f.ti-arm-clang.debug.lib : tasks.obj (.text.xTaskResumeAll)
                  700c9c4a    00000006     --HOLE-- [fill = 0]
                  700c9c50    00000254     lwip-freertos.am263px.r5f.ti-arm-clang.debug.lib : igmp.obj (.text.igmp_input)
                  700c9ea4    0000000c     --HOLE-- [fill = 0]
                  700c9eb0    00000250     drivers.am263px.r5f.ti-arm-clang.freertos.debug.lib : edma.obj (.text.Alloc_resource)
                  700ca100    0000024c     enet-cpsw.am263px.r5f.ti-arm-clang.freertos.debug.lib : cpsw_macport_ioctl.obj (.text.CpswMacPort_enablePort)
                  700ca34c    00000004     --HOLE-- [fill = 0]
                  700ca350    00000246     lwip-freertos.am263px.r5f.ti-arm-clang.debug.lib : dns.obj (.text.dns_send)
                  700ca596    0000000a     --HOLE-- [fill = 0]
                  700ca5a0    00000242     enet-cpsw.am263px.r5f.ti-arm-clang.freertos.debug.lib : enetphy.obj (.text.EnetPhy_bindDriver)
                  700ca7e2    0000000e     --HOLE-- [fill = 0]
                  700ca7f0    00000242     drivers.am263px.r5f.ti-arm-clang.freertos.debug.lib : uart_v0_lld.obj (.text.UART_fifoConfig)
                  700caa32    0000000e     --HOLE-- [fill = 0]
                  700caa40    00000240     main.o (.text.core0_init)
                  700cac80    0000023e     enet-cpsw.am263px.r5f.ti-arm-clang.freertos.debug.lib : cpsw_cpts_ioctl.obj (.text.CpswCpts_handleEvents)
                  700caebe    00000002     --HOLE-- [fill = 0]
                  700caec0    0000023e     freertos.am263px.r5f.ti-arm-clang.debug.lib : printf.obj (.text._ntoa_format)
                  700cb0fe    00000002     --HOLE-- [fill = 0]
                  700cb100    00000238     libc.a : _printfi.c.obj (.text._pconv_g)
                  700cb338    00000008     --HOLE-- [fill = 0]
                  700cb340    00000234     enet-cpsw.am263px.r5f.ti-arm-clang.freertos.debug.lib : cpsw_hostport.obj (.text.CpswHostPort_open)
                  700cb574    0000000c     --HOLE-- [fill = 0]
                  700cb580    00000230                                                           : enet_appmemutils.obj (.text.EnetMem_allocEthPkt)
                  700cb7b0    0000022e     xgw_udp_interface.o (.text.xgw_udp_process_motor_cmd)
                  700cb9de    00000002     --HOLE-- [fill = 0]
                  700cb9e0    0000022c     enet-cpsw.am263px.r5f.ti-arm-clang.freertos.debug.lib : enet_cpdma_priv.obj (.text.EnetCpdma_memMgrInit)
                  700cbc0c    00000004     --HOLE-- [fill = 0]
                  700cbc10    0000022a     lwipif-cpsw-freertos.am263px.r5f.ti-arm-clang.debug.lib : lwip2lwipif.obj (.text.LWIPIF_LWIP_getChkSumInfo)
                  700cbe3a    00000006     --HOLE-- [fill = 0]
                  700cbe40    0000022a     lwip-freertos.am263px.r5f.ti-arm-clang.debug.lib : dhcp.obj (.text.dhcp_select)
                  700cc06a    00000006     --HOLE-- [fill = 0]
                  700cc070    00000226     drivers.am263px.r5f.ti-arm-clang.freertos.debug.lib : uart_dma_edma.obj (.text.UART_lld_dmaDeInit)
                  700cc296    0000000a     --HOLE-- [fill = 0]
                  700cc2a0    00000222                                                         : ipc_notify_v1.obj (.text.IpcNotify_isr)
                  700cc4c2    0000000e     --HOLE-- [fill = 0]
                  700cc4d0    00000220     enet-cpsw.am263px.r5f.ti-arm-clang.freertos.debug.lib : enet_cpdma.obj (.text.EnetCpdma_closeTxCh)
                  700cc6f0    00000220                                                           : enet_rm_ioctl.obj (.text.EnetRm_allocMacAddr)
                  700cc910    00000220     freertos.am263px.r5f.ti-arm-clang.debug.lib : tasks.obj (.text.vTaskGenericNotifyGiveFromISR)
                  700ccb30    00000220                                                 : queue.obj (.text.xQueueGenericSend)
                  700ccd50    0000021a     enet-cpsw.am263px.r5f.ti-arm-clang.freertos.debug.lib : cpsw_stats.obj (.text.CpswStats_open)
                  700ccf6a    00000006     --HOLE-- [fill = 0]
                  700ccf70    00000218     main.o (.text.build_and_send_udp_packet)
                  700cd188    00000008     --HOLE-- [fill = 0]
                  700cd190    00000218     xgw_udp_interface.o (.text.xgw_udp_process_motor_set)
                  700cd3a8    00000008     --HOLE-- [fill = 0]
                  700cd3b0    00000216     xgw_udp_interface.o (.text.udp_rx_task)
                  700cd5c6    0000000a     --HOLE-- [fill = 0]
                  700cd5d0    00000210     xgw_udp_interface.o (.text.xgw_udp_send_imu_state)
                  700cd7e0    0000020a     lwip-freertos.am263px.r5f.ti-arm-clang.debug.lib : tcp.obj (.text.tcp_pcb_remove)
                  700cd9ea    00000006     --HOLE-- [fill = 0]
                  700cd9f0    0000020a     freertos.am263px.r5f.ti-arm-clang.debug.lib : queue.obj (.text.xQueueSemaphoreTake)
                  700cdbfa    00000006     --HOLE-- [fill = 0]
                  700cdc00    00000206     enet-cpsw.am263px.r5f.ti-arm-clang.freertos.debug.lib : cpsw_cpts.obj (.text.CpswCpts_open)
                  700cde06    0000000a     --HOLE-- [fill = 0]
                  700cde10    00000206                                                           : enet_cpdma.obj (.text.EnetCpdma_closeRxCh)
                  700ce016    0000000a     --HOLE-- [fill = 0]
                  700ce020    00000206     lwip-freertos.am263px.r5f.ti-arm-clang.debug.lib : dhcp.obj (.text.dhcp_recv)
                  700ce226    0000000a     --HOLE-- [fill = 0]
                  700ce230    00000204     enet-cpsw.am263px.r5f.ti-arm-clang.freertos.debug.lib : enetphy.obj (.text.EnetPhy_open)
                  700ce434    0000000c     --HOLE-- [fill = 0]
                  700ce440    000001fe                                                           : cpsw_stats_ioctl.obj (.text.CpswStats_readHostStats)
                  700ce63e    00000002     --HOLE-- [fill = 0]
                  700ce640    000001fe     lwip-freertos.am263px.r5f.ti-arm-clang.debug.lib : pbuf.obj (.text.pbuf_free)
                  700ce83e    00000002     --HOLE-- [fill = 0]
                  700ce840    000001f6                                                      : dhcp.obj (.text.dhcp_create_msg)
                  700cea36    0000000a     --HOLE-- [fill = 0]
                  700cea40    000001f2     drivers.am263px.r5f.ti-arm-clang.freertos.debug.lib : i2c_v1.obj (.text.I2C_primeTransfer)
                  700cec32    0000000e     --HOLE-- [fill = 0]
                  700cec40    000001f2                                                         : i2c_v1.obj (.text.I2C_transfer)
                  700cee32    0000000e     --HOLE-- [fill = 0]
                  700cee40    000001ee     enet-cpsw.am263px.r5f.ti-arm-clang.freertos.debug.lib : cpsw_ale.obj (.text.CpswAle_setAleCfg)
                  700cf02e    00000002     --HOLE-- [fill = 0]
                  700cf030    000001ee                                                           : cpsw_ioctl.obj (.text.Cpsw_openPortLinkWithPhy)
                  700cf21e    00000002     --HOLE-- [fill = 0]
                  700cf220    000001ea                                                           : cpsw_hostport.obj (.text.CpswHostPort_ioctl)
                  700cf40a    00000006     --HOLE-- [fill = 0]
                  700cf410    000001ea                                                           : cpsw_stats.obj (.text.CpswStats_ioctl)
                  700cf5fa    00000006     --HOLE-- [fill = 0]
                  700cf600    000001ea                                                           : cpsw_ioctl.obj (.text.Cpsw_openPortLink)
                  700cf7ea    00000006     --HOLE-- [fill = 0]
                  700cf7f0    000001ea     lwip-freertos.am263px.r5f.ti-arm-clang.debug.lib : tcp.obj (.text.tcp_abandon)
                  700cf9da    00000006     --HOLE-- [fill = 0]
                  700cf9e0    000001e8                                                      : api_msg.obj (.text.recv_tcp)
                  700cfbc8    00000008     --HOLE-- [fill = 0]
                  700cfbd0    000001e2     ti_enet_open_close.o (.text.EnetApp_initLinkArgs)
                  700cfdb2    0000000e     --HOLE-- [fill = 0]
                  700cfdc0    000001e2     lwip-freertos.am263px.r5f.ti-arm-clang.debug.lib : pbuf.obj (.text.pbuf_realloc)
                  700cffa2    0000000e     --HOLE-- [fill = 0]
                  700cffb0    000001e0     enet-cpsw.am263px.r5f.ti-arm-clang.freertos.debug.lib : cpsw_stats_ioctl.obj (.text.CpswStats_readMacStats)
                  700d0190    000001e0     lwip-freertos.am263px.r5f.ti-arm-clang.debug.lib : dhcp.obj (.text.dhcp_bind)
                  700d0370    000001dc                                                      : api_msg.obj (.text.recv_udp)
                  700d054c    00000004     --HOLE-- [fill = 0]
                  700d0550    000001da     enet-cpsw.am263px.r5f.ti-arm-clang.freertos.debug.lib : enet.obj (.text.Enet_validateIoctl)
                  700d072a    00000006     --HOLE-- [fill = 0]
                  700d0730    000001d8     freertos.am263px.r5f.ti-arm-clang.debug.lib : queue.obj (.text.xQueueReceive)
                  700d0908    00000008     --HOLE-- [fill = 0]
                  700d0910    000001d6                                                 : TimerP_rti_priv.obj (.text.TimerP_setupPriv)
                  700d0ae6    0000000a     --HOLE-- [fill = 0]
                  700d0af0    000001d4     ti_enet_lwipif.o (.text.LwipifEnetAppCb_getRxHandleInfo)
                  700d0cc4    0000000c     --HOLE-- [fill = 0]
                  700d0cd0    000001d4     enet-cpsw.am263px.r5f.ti-arm-clang.freertos.debug.lib : mdio.obj (.text.Mdio_ioctl)
                  700d0ea4    0000000c     --HOLE-- [fill = 0]
                  700d0eb0    000001d4     lwip-freertos.am263px.r5f.ti-arm-clang.debug.lib : raw.obj (.text.raw_sendto_if_src)
                  700d1084    000001d0     libclang_rt.builtins.a : udivsi3.S.obj (.text.__udivsi3)
                  700d1254    0000000c     --HOLE-- [fill = 0]
                  700d1260    000001d0     lwip-freertos.am263px.r5f.ti-arm-clang.debug.lib : api_msg.obj (.text.lwip_netconn_do_write)
                  700d1430    000001d0                                                      : api_lib.obj (.text.netconn_write_vectors_partly)
                  700d1600    000001ce     xgw_udp_interface.o (.text.xgw_udp_start)
                  700d17ce    00000002     --HOLE-- [fill = 0]
                  700d17d0    000001c8     lwip-freertos.am263px.r5f.ti-arm-clang.debug.lib : etharp.obj (.text.etharp_raw)
                  700d1998    00000008     --HOLE-- [fill = 0]
                  700d19a0    000001c6     enet-cpsw.am263px.r5f.ti-arm-clang.freertos.debug.lib : enet_rm_ioctl.obj (.text.EnetRm_allocTxChNum)
                  700d1b66    0000000a     --HOLE-- [fill = 0]
                  700d1b70    000001c6     lwip-freertos.am263px.r5f.ti-arm-clang.debug.lib : tcp_out.obj (.text.tcp_create_segment)
                  700d1d36    0000000a     --HOLE-- [fill = 0]
                  700d1d40    000001c4     ti_enet_lwipif.o (.text.LwipifEnetApp_startSchedule)
                  700d1f04    0000000c     --HOLE-- [fill = 0]
                  700d1f10    000001c2     enet-cpsw.am263px.r5f.ti-arm-clang.freertos.debug.lib : enet.obj (.text.Enet_validateGenericIoctl)
                  700d20d2    0000000e     --HOLE-- [fill = 0]
                  700d20e0    000001bc     freertos.am263px.r5f.ti-arm-clang.debug.lib : tasks.obj (.text.xTaskRemoveFromEventList)
                  700d229c    00000004     --HOLE-- [fill = 0]
                  700d22a0    000001b4     enet-cpsw.am263px.r5f.ti-arm-clang.freertos.debug.lib : enet_rm.obj (.text.EnetRm_open)
                  700d2454    0000000c     --HOLE-- [fill = 0]
                  700d2460    000001b4     lwip-freertos.am263px.r5f.ti-arm-clang.debug.lib : tcp_out.obj (.text.tcp_write_checks)
                  700d2614    0000000c     --HOLE-- [fill = 0]
                  700d2620    000001b2                                                      : ip4.obj (.text.ip4_forward)
                  700d27d2    0000000e     --HOLE-- [fill = 0]
                  700d27e0    000001b0     enet-cpsw.am263px.r5f.ti-arm-clang.freertos.debug.lib : cpsw_ale.obj (.text.CpswAle_delPolicerEntry)
                  700d2990    000001b0     lwip-freertos.am263px.r5f.ti-arm-clang.debug.lib : dns.obj (.text.dns_call_found)
                  700d2b40    000001b0                                                      : tcp_out.obj (.text.tcp_pbuf_prealloc)
                  700d2cf0    000001ae     ti_enet_open_close.o (.text.EnetApp_ConfigureDscpMapping)
                  700d2e9e    00000002     --HOLE-- [fill = 0]
                  700d2ea0    000001ac     drivers.am263px.r5f.ti-arm-clang.freertos.debug.lib : uart_v0.obj (.text.UART_close)
                  700d304c    00000004     --HOLE-- [fill = 0]
                  700d3050    000001aa     enet-cpsw.am263px.r5f.ti-arm-clang.freertos.debug.lib : mdio_ioctl.obj (.text.Mdio_readRegC45)
                  700d31fa    00000006     --HOLE-- [fill = 0]
                  700d3200    000001aa     drivers.am263px.r5f.ti-arm-clang.freertos.debug.lib : uart_dma_edma.obj (.text.UART_lld_dmaWrite)
                  700d33aa    00000006     --HOLE-- [fill = 0]
                  700d33b0    000001aa     lwip-freertos.am263px.r5f.ti-arm-clang.debug.lib : mem.obj (.text.mem_free)
                  700d355a    00000006     --HOLE-- [fill = 0]
                  700d3560    000001a8     enet-cpsw.am263px.r5f.ti-arm-clang.freertos.debug.lib : enet_appmemutils.obj (.text.EnetDma_checkPktState)
                  700d3708    00000008     --HOLE-- [fill = 0]
                  700d3710    000001a8     lwipif-cpsw-freertos.am263px.r5f.ti-arm-clang.debug.lib : custom_pbuf.obj (.text.EnetDma_checkPktState)
                  700d38b8    00000008     --HOLE-- [fill = 0]
                  700d38c0    000001a8                                                             : lwip2enet.obj (.text.EnetDma_checkPktState)
                  700d3a68    000001a8     libc.a : memory.c.obj (.text.free)
                  700d3c10    000001a4            : memory.c.obj (.text.aligned_alloc)
                  700d3db4    0000000c     --HOLE-- [fill = 0]
                  700d3dc0    000001a4     freertos.am263px.r5f.ti-arm-clang.debug.lib : timers.obj (.text.prvProcessReceivedCommands)
                  700d3f64    0000000c     --HOLE-- [fill = 0]
                  700d3f70    000001a2     lwip-freertos.am263px.r5f.ti-arm-clang.debug.lib : api_lib.obj (.text.netconn_new_with_proto_and_callback)
                  700d4112    0000000e     --HOLE-- [fill = 0]
                  700d4120    000001a0     drivers.am263px.r5f.ti-arm-clang.freertos.debug.lib : uart_v0.obj (.text.UART_write)
                  700d42c0    000001a0     lwip-freertos.am263px.r5f.ti-arm-clang.debug.lib : pbuf.obj (.text.pbuf_take)
                  700d4460    000001a0     freertos.am263px.r5f.ti-arm-clang.debug.lib : tasks.obj (.text.vTaskSwitchContext)
                  700d4600    0000019e     enet-cpsw.am263px.r5f.ti-arm-clang.freertos.debug.lib : cpsw_ale_ioctl.obj (.text.CpswAle_addMcastAddr)
                  700d479e    00000002     --HOLE-- [fill = 0]
                  700d47a0    0000019c     libc.a : fputs.c.obj (.text.fputs)
                  700d493c    00000004     --HOLE-- [fill = 0]
                  700d4940    0000019c     lwip-freertos.am263px.r5f.ti-arm-clang.debug.lib : sockets.obj (.text.lwip_sendto)
                  700d4adc    00000004     --HOLE-- [fill = 0]
                  700d4ae0    0000019a     enet-cpsw.am263px.r5f.ti-arm-clang.freertos.debug.lib : cpsw_cpts.obj (.text.CpswCpts_ioctl)
                  700d4c7a    00000006     --HOLE-- [fill = 0]
                  700d4c80    0000019a     lwip-freertos.am263px.r5f.ti-arm-clang.debug.lib : dns.obj (.text.dns_check_entry)
                  700d4e1a    00000006     --HOLE-- [fill = 0]
                  700d4e20    0000019a     freertos.am263px.r5f.ti-arm-clang.debug.lib : tasks.obj (.text.vTaskPriorityDisinheritAfterTimeout)
                  700d4fba    00000006     --HOLE-- [fill = 0]
                  700d4fc0    0000019a                                                 : queue.obj (.text.xQueueGenericSendFromISR)
                  700d515a    00000006     --HOLE-- [fill = 0]
                  700d5160    00000198     drivers.am263px.r5f.ti-arm-clang.freertos.debug.lib : uart_v0_lld.obj (.text.UART_lld_controllerIsr)
                  700d52f8    00000008     --HOLE-- [fill = 0]
                  700d5300    00000196     lwip-freertos.am263px.r5f.ti-arm-clang.debug.lib : dhcp.obj (.text.dhcp_reboot)
                  700d5496    0000000a     --HOLE-- [fill = 0]
                  700d54a0    00000194     enet-cpsw.am263px.r5f.ti-arm-clang.freertos.debug.lib : cpsw_ale.obj (.text.CpswAle_ioctl)
                  700d5634    0000000c     --HOLE-- [fill = 0]
                  700d5640    00000194                                                           : cpsw_macport.obj (.text.CpswMacPort_ioctl)
                  700d57d4    0000000c     --HOLE-- [fill = 0]
                  700d57e0    00000192     lwip-freertos.am263px.r5f.ti-arm-clang.debug.lib : ethernet.obj (.text.ethernet_input)
                  700d5972    0000000e     --HOLE-- [fill = 0]
                  700d5980    00000192                                                      : tcp_out.obj (.text.tcp_zero_window_probe)
                  700d5b12    0000000e     --HOLE-- [fill = 0]
                  700d5b20    00000190                                                      : etharp.obj (.text.etharp_update_arp_entry)
                  700d5cb0    0000018e                                                      : etharp.obj (.text.etharp_input)
                  700d5e3e    00000002     --HOLE-- [fill = 0]
                  700d5e40    0000018a     enet-cpsw.am263px.r5f.ti-arm-clang.freertos.debug.lib : enet_rm.obj (.text.EnetRm_ioctl)
                  700d5fca    00000006     --HOLE-- [fill = 0]
                  700d5fd0    0000018a     lwip-freertos.am263px.r5f.ti-arm-clang.debug.lib : sys_arch.obj (.text.sys_arch_mbox_fetch)
                  700d615a    00000006     --HOLE-- [fill = 0]
                  700d6160    00000188     freertos.am263px.r5f.ti-arm-clang.debug.lib : ClockP_freertos_r5.obj (.text.ClockP_init)
                  700d62e8    00000008     --HOLE-- [fill = 0]
                  700d62f0    00000186     lwip-freertos.am263px.r5f.ti-arm-clang.debug.lib : acd.obj (.text.acd_tmr)
                  700d6476    0000000a     --HOLE-- [fill = 0]
                  700d6480    00000186                                                      : tcp.obj (.text.tcp_alloc)
                  700d6606    0000000a     --HOLE-- [fill = 0]
                  700d6610    0000017c     lwipif-cpsw-freertos.am263px.r5f.ti-arm-clang.debug.lib : lwip2enet.obj (.text.Lwip2Enet_close)
                  700d678c    00000004     --HOLE-- [fill = 0]
                  700d6790    0000017a                                                             : custom_pbuf.obj (.text.custom_pbuf_free)
                  700d690a    00000006     --HOLE-- [fill = 0]
                  700d6910    0000017a     lwip-freertos.am263px.r5f.ti-arm-clang.debug.lib : sockets.obj (.text.event_callback)
                  700d6a8a    00000006     --HOLE-- [fill = 0]
                  700d6a90    00000178     freertos.am263px.r5f.ti-arm-clang.debug.lib : DebugP_shmLogReader.obj (.text.DebugP_shmLogReaderGetString)
                  700d6c08    00000008     --HOLE-- [fill = 0]
                  700d6c10    00000178     enet-cpsw.am263px.r5f.ti-arm-clang.freertos.debug.lib : enet_rm.obj (.text.EnetRm_initRxObj)
                  700d6d88    00000008     --HOLE-- [fill = 0]
                  700d6d90    00000178     lwipif-cpsw-freertos.am263px.r5f.ti-arm-clang.debug.lib : lwip2enet.obj (.text.Lwip2Enet_periodicFxn)
                  700d6f08    00000008     --HOLE-- [fill = 0]
                  700d6f10    00000178     test.o (.text.test_init)
                  700d7088    00000008     --HOLE-- [fill = 0]
                  700d7090    00000178     lwip-freertos.am263px.r5f.ti-arm-clang.debug.lib : udp.obj (.text.udp_bind)
                  700d7208    00000008     --HOLE-- [fill = 0]
                  700d7210    00000176     enet-cpsw.am263px.r5f.ti-arm-clang.freertos.debug.lib : cpsw_macport_est.obj (.text.CpswEst_setState)
                  700d7386    0000000a     --HOLE-- [fill = 0]
                  700d7390    00000176     lwip-freertos.am263px.r5f.ti-arm-clang.debug.lib : dhcp.obj (.text.dhcp_discover)
                  700d7506    0000000a     --HOLE-- [fill = 0]
                  700d7510    00000176                                                      : icmp.obj (.text.icmp_send_response)
                  700d7686    0000000a     --HOLE-- [fill = 0]
                  700d7690    00000176                                                      : sys_arch.obj (.text.sys_sem_new)
                  700d7806    0000000a     --HOLE-- [fill = 0]
                  700d7810    00000174     enet-cpsw.am263px.r5f.ti-arm-clang.freertos.debug.lib : enetphy.obj (.text.EnetPhy_getLinkStatus)
                  700d7984    0000000c     --HOLE-- [fill = 0]
                  700d7990    00000174     lwip-freertos.am263px.r5f.ti-arm-clang.debug.lib : tcp.obj (.text.tcp_bind)
                  700d7b04    0000000c     --HOLE-- [fill = 0]
                  700d7b10    00000172     board.am263px.r5f.ti-arm-clang.freertos.debug.lib : eeprom_cat24m.obj (.text.EEPROM_CAT24M_write)
                  700d7c82    0000000e     --HOLE-- [fill = 0]
                  700d7c90    00000172     lwip-freertos.am263px.r5f.ti-arm-clang.debug.lib : ip4.obj (.text.ip4_route)
                  700d7e02    0000000e     --HOLE-- [fill = 0]
                  700d7e10    00000172                                                      : sys_arch.obj (.text.sys_arch_sem_wait)
                  700d7f82    0000000e     --HOLE-- [fill = 0]
                  700d7f90    00000170     freertos.am263px.r5f.ti-arm-clang.debug.lib : queue.obj (.text.xQueueGiveFromISR)
                  700d8100    0000016c     lwip-freertos.am263px.r5f.ti-arm-clang.debug.lib : etharp.obj (.text.etharp_output_to_arp_index)
                  700d826c    00000004     --HOLE-- [fill = 0]
                  700d8270    00000168     enet-cpsw.am263px.r5f.ti-arm-clang.freertos.debug.lib : enet_cpdma.obj (.text.EnetCpdma_rxIsrProc)
                  700d83d8    00000008     --HOLE-- [fill = 0]
                  700d83e0    00000168                                                           : enet_phymdio_dflt.obj (.text.EnetPhyMdioDflt_writeC45)
                  700d8548    00000008     --HOLE-- [fill = 0]
                  700d8550    00000166                                                           : enet_cpdma.obj (.text.EnetCpdma_openRxCh)
                  700d86b6    0000000a     --HOLE-- [fill = 0]
                  700d86c0    00000166     drivers.am263px.r5f.ti-arm-clang.freertos.debug.lib : i2c_v1_lld.obj (.text.I2C_lld_primeTransferIntr)
                  700d8826    0000000a     --HOLE-- [fill = 0]
                  700d8830    00000166     freertos.am263px.r5f.ti-arm-clang.debug.lib : TaskP_freertos.obj (.text.TaskP_assertParams)
                  700d8996    0000000a     --HOLE-- [fill = 0]
                  700d89a0    00000166     lwip-freertos.am263px.r5f.ti-arm-clang.debug.lib : mem.obj (.text.mem_malloc)
                  700d8b06    0000000a     --HOLE-- [fill = 0]
                  700d8b10    00000166                                                      : tcp_in.obj (.text.tcp_parseopt)
                  700d8c76    0000000a     --HOLE-- [fill = 0]
                  700d8c80    00000164     board.am263px.r5f.ti-arm-clang.freertos.debug.lib : dp83869.obj (.text.Dp83869_config)
                  700d8de4    0000000c     --HOLE-- [fill = 0]
                  700d8df0    00000164     enet-cpsw.am263px.r5f.ti-arm-clang.freertos.debug.lib : enet_rm.obj (.text.EnetRm_initHwPushObj)
                  700d8f54    0000000c     --HOLE-- [fill = 0]
                  700d8f60    00000162     drivers.am263px.r5f.ti-arm-clang.freertos.debug.lib : edma.obj (.text.EDMA_unregisterIntr)
                  700d90c2    0000000e     --HOLE-- [fill = 0]
                  700d90d0    00000162     enet-cpsw.am263px.r5f.ti-arm-clang.freertos.debug.lib : enet_phymdio_dflt.obj (.text.EnetPhyMdioDflt_readC45)
                  700d9232    0000000e     --HOLE-- [fill = 0]
                  700d9240    00000160                                                           : csl_cpsw.obj (.text.CSL_CPSW_setAlePortControlReg)
                  700d93a0    00000160     drivers.am263px.r5f.ti-arm-clang.freertos.debug.lib : i2c_v1_lld.obj (.text.I2C_lld_init)
                  700d9500    00000160     lwip-freertos.am263px.r5f.ti-arm-clang.debug.lib : inet_chksum.obj (.text.inet_cksum_pseudo_partial_base)
                  700d9660    00000160                                                      : tcp_in.obj (.text.tcp_free_acked_segments)
                  700d97c0    0000015e     enet-cpsw.am263px.r5f.ti-arm-clang.freertos.debug.lib : enet_cpdma.obj (.text.EnetDma_retrieveRxPktQ)
                  700d991e    00000002     --HOLE-- [fill = 0]
                  700d9920    0000015e     lwip-freertos.am263px.r5f.ti-arm-clang.debug.lib : dhcp.obj (.text.dhcp_renew)
                  700d9a7e    00000002     --HOLE-- [fill = 0]
                  700d9a80    0000015c     enet-cpsw.am263px.r5f.ti-arm-clang.freertos.debug.lib : enet_cpdma.obj (.text.EnetCpdma_txIsr)
                  700d9bdc    00000004     --HOLE-- [fill = 0]
                  700d9be0    0000015c                                                           : enet_rm.obj (.text.EnetRm_initMacObj)
                  700d9d3c    00000004     --HOLE-- [fill = 0]
                  700d9d40    0000015c     lwip-freertos.am263px.r5f.ti-arm-clang.debug.lib : dhcp.obj (.text.dhcp_rebind)
                  700d9e9c    00000004     --HOLE-- [fill = 0]
                  700d9ea0    0000015c     freertos.am263px.r5f.ti-arm-clang.debug.lib : tasks.obj (.text.prvAddNewTaskToReadyList)
                  700d9ffc    00000004     --HOLE-- [fill = 0]
                  700da000    0000015c                                                 : tasks.obj (.text.xTaskPriorityInherit)
                  700da15c    00000004     --HOLE-- [fill = 0]
                  700da160    0000015a     enet-cpsw.am263px.r5f.ti-arm-clang.freertos.debug.lib : enet_cpdma.obj (.text.EnetCpdma_netChOpen)
                  700da2ba    00000006     --HOLE-- [fill = 0]
                  700da2c0    0000015a     lwip-freertos.am263px.r5f.ti-arm-clang.debug.lib : dhcp.obj (.text.dhcp_start)
                  700da41a    00000006     --HOLE-- [fill = 0]
                  700da420    00000158     enet-cpsw.am263px.r5f.ti-arm-clang.freertos.debug.lib : cpsw_ale.obj (.text.CpswAle_initCfg)
                  700da578    00000008     --HOLE-- [fill = 0]
                  700da580    00000158     ti_enet_config.o (.text.EnetApp_initializeMacAddrPool)
                  700da6d8    00000008     --HOLE-- [fill = 0]
                  700da6e0    00000158     enet-cpsw.am263px.r5f.ti-arm-clang.freertos.debug.lib : enet_phymdio_dflt.obj (.text.EnetPhyMdioDflt_writeC22)
                  700da838    00000008     --HOLE-- [fill = 0]
                  700da840    00000158     drivers.am263px.r5f.ti-arm-clang.freertos.debug.lib : soc.obj (.text.SOC_controlModuleUnlockMMR)
                  700da998    00000008     --HOLE-- [fill = 0]
                  700da9a0    00000158     lwip-freertos.am263px.r5f.ti-arm-clang.debug.lib : dhcp.obj (.text.dhcp_handle_ack)
                  700daaf8    00000008     --HOLE-- [fill = 0]
                  700dab00    00000158                                                      : etharp.obj (.text.etharp_tmr)
                  700dac58    00000008     --HOLE-- [fill = 0]
                  700dac60    00000158                                                      : raw.obj (.text.raw_input)
                  700dadb8    00000008     --HOLE-- [fill = 0]
                  700dadc0    00000156     enet-cpsw.am263px.r5f.ti-arm-clang.freertos.debug.lib : enet_cpdma.obj (.text.EnetDma_submitTxPktQ)
                  700daf16    0000000a     --HOLE-- [fill = 0]
                  700daf20    00000154                                                           : enet_cpdma.obj (.text.EnetDma_retrieveTxPktQ)
                  700db074    0000000c     --HOLE-- [fill = 0]
                  700db080    00000154     lwip-freertos.am263px.r5f.ti-arm-clang.debug.lib : stats.obj (.text.stats_display_igmp)
                  700db1d4    0000000c     --HOLE-- [fill = 0]
                  700db1e0    00000152     drivers.am263px.r5f.ti-arm-clang.freertos.debug.lib : uart_v0_lld.obj (.text.UART_lld_initDma)
                  700db332    0000000e     --HOLE-- [fill = 0]
                  700db340    00000150     enet-cpsw.am263px.r5f.ti-arm-clang.freertos.debug.lib : enet_phymdio_dflt.obj (.text.EnetPhyMdioDflt_readC22)
                  700db490    00000150                                                           : enet_rm.obj (.text.EnetRm_delCoreAttached)
                  700db5e0    00000150     libc.a : s_scalbn.c.obj (.text.scalbn)
                  700db730    0000014e     ti_enet_lwipif.o (.text.LwipifEnetApp_createPollTask)
                  700db87e    00000002     --HOLE-- [fill = 0]
                  700db880    0000014e     lwip-freertos.am263px.r5f.ti-arm-clang.debug.lib : sys_arch.obj (.text.sys_arch_unprotect)
                  700db9ce    00000002     --HOLE-- [fill = 0]
                  700db9d0    0000014e     freertos.am263px.r5f.ti-arm-clang.debug.lib : tasks.obj (.text.xTaskPriorityDisinherit)
                  700dbb1e    00000002     --HOLE-- [fill = 0]
                  700dbb20    0000014c     enet-cpsw.am263px.r5f.ti-arm-clang.freertos.debug.lib : enet_cpdma.obj (.text.EnetDma_submitRxPktQ)
                  700dbc6c    00000004     --HOLE-- [fill = 0]
                  700dbc70    0000014c     freertos.am263px.r5f.ti-arm-clang.debug.lib : queue.obj (.text.xQueueReceiveFromISR)
                  700dbdbc    00000004     --HOLE-- [fill = 0]
                  700dbdc0    0000014a     lwip-freertos.am263px.r5f.ti-arm-clang.debug.lib : api_msg.obj (.text.pcb_new)
                  700dbf0a    00000006     --HOLE-- [fill = 0]
                  700dbf10    00000148     enet-cpsw.am263px.r5f.ti-arm-clang.freertos.debug.lib : cpsw_ale.obj (.text.CpswAle_setPolicerPartitionLevel)
                  700dc058    00000148     libc.a : _printfi.c.obj (.text.fcvt)
                  700dc1a0    00000148     lwip-freertos.am263px.r5f.ti-arm-clang.debug.lib : netif.obj (.text.netif_set_addr)
                  700dc2e8    00000008     --HOLE-- [fill = 0]
                  700dc2f0    00000148                                                      : tcp_in.obj (.text.tcp_timewait_input)
                  700dc438    00000008     --HOLE-- [fill = 0]
                  700dc440    00000148                                                      : udp.obj (.text.udp_sendto)
                  700dc588    00000008     --HOLE-- [fill = 0]
                  700dc590    00000146     enet-cpsw.am263px.r5f.ti-arm-clang.freertos.debug.lib : cpsw_ioctl.obj (.text.Cpsw_closePortLink)
                  700dc6d6    0000000a     --HOLE-- [fill = 0]
                  700dc6e0    00000146     lwip-freertos.am263px.r5f.ti-arm-clang.debug.lib : udp.obj (.text.udp_input_local_match)
                  700dc826    0000000a     --HOLE-- [fill = 0]
                  700dc830    00000144     freertos.am263px.r5f.ti-arm-clang.debug.lib : tasks.obj (.text.prvInitialiseNewTask)
                  700dc974    00000144     libc.a : setvbuf.c.obj (.text.setvbuf)
                  700dcab8    00000008     --HOLE-- [fill = 0]
                  700dcac0    00000144     lwip-freertos.am263px.r5f.ti-arm-clang.debug.lib : tcp.obj (.text.tcp_close_shutdown_fin)
                  700dcc04    0000000c     --HOLE-- [fill = 0]
                  700dcc10    00000142     enet-cpsw.am263px.r5f.ti-arm-clang.freertos.debug.lib : cpsw_ale_ioctl.obj (.text.CpswAle_delPortUcastEntries)
                  700dcd52    0000000e     --HOLE-- [fill = 0]
                  700dcd60    00000142     freertos.am263px.r5f.ti-arm-clang.debug.lib : DebugP_memTraceLogWriter.obj (.text.DebugP_memLogWriterPutChar)
                  700dcea2    0000000e     --HOLE-- [fill = 0]
                  700dceb0    00000142     lwip-freertos.am263px.r5f.ti-arm-clang.debug.lib : igmp.obj (.text.igmp_lookup_group)
                  700dcff2    00000006     --HOLE-- [fill = 0]
                  700dcff8    00000140     libc.a : _printfi.c.obj (.text._pconv_e)
                  700dd138    00000008     --HOLE-- [fill = 0]
                  700dd140    00000140     lwip-freertos.am263px.r5f.ti-arm-clang.debug.lib : pbuf.obj (.text.pbuf_cat)
                  700dd280    0000013e     enet-cpsw.am263px.r5f.ti-arm-clang.freertos.debug.lib : csl_cpsw_ale_9g_tblcfg.obj (.text.CSL_CPSW_setAleVlanUnicastAddrEntry)
                  700dd3be    00000002     --HOLE-- [fill = 0]
                  700dd3c0    0000013e                                                           : enet_cpdma.obj (.text.EnetCpdma_openTxCh)
                  700dd4fe    00000002     --HOLE-- [fill = 0]
                  700dd500    0000013e     drivers.am263px.r5f.ti-arm-clang.freertos.debug.lib : i2c_v1.obj (.text.I2C_mem_primeTransfer)
                  700dd63e    00000002     --HOLE-- [fill = 0]
                  700dd640    0000013e     lwip-freertos.am263px.r5f.ti-arm-clang.debug.lib : pbuf.obj (.text.pbuf_copy_partial)
                  700dd77e    00000002     --HOLE-- [fill = 0]
                  700dd780    0000013a     board.am263px.r5f.ti-arm-clang.freertos.debug.lib : dp83869.obj (.text.Dp83869_enableAdvertisement)
                  700dd8ba    00000006     --HOLE-- [fill = 0]
                  700dd8c0    0000013a     drivers.am263px.r5f.ti-arm-clang.freertos.debug.lib : edma.obj (.text.EDMA_isDmaChannelAllocated)
                  700dd9fa    00000006     --HOLE-- [fill = 0]
                  700dda00    0000013a     enet-cpsw.am263px.r5f.ti-arm-clang.freertos.debug.lib : enet_phymdio_dflt.obj (.text.EnetPhyMdioDflt_isAlive)
                  700ddb3a    00000006     --HOLE-- [fill = 0]
                  700ddb40    0000013a                                                           : enet_phymdio_dflt.obj (.text.EnetPhyMdioDflt_isLinked)
                  700ddc7a    00000006     --HOLE-- [fill = 0]
                  700ddc80    0000013a                                                           : enet.obj (.text.Enet_ioctl)
                  700dddba    00000006     --HOLE-- [fill = 0]
                  700dddc0    0000013a     board.am263px.r5f.ti-arm-clang.freertos.debug.lib : generic_phy.obj (.text.GenericPhy_enableAdvertisement)
                  700ddefa    00000006     --HOLE-- [fill = 0]
                  700ddf00    0000013a     drivers.am263px.r5f.ti-arm-clang.freertos.debug.lib : i2c_v1_lld.obj (.text.I2C_lld_mem_write)
                  700de03a    00000006     --HOLE-- [fill = 0]
                  700de040    0000013a     lwip-freertos.am263px.r5f.ti-arm-clang.debug.lib : dhcp.obj (.text.dhcp_release_and_stop)
                  700de17a    00000006     --HOLE-- [fill = 0]
                  700de180    00000138     enet-cpsw.am263px.r5f.ti-arm-clang.freertos.debug.lib : cpsw_cpts_ioctl.obj (.text.CpswCpts_ioctl_handler_CPSW_CPTS_IOCTL_SET_ESTF)
                  700de2b8    00000008     --HOLE-- [fill = 0]
                  700de2c0    00000138     freertos.am263px.r5f.ti-arm-clang.debug.lib : printf.obj (.text._ntoa_long_long)
                  700de3f8    00000008     --HOLE-- [fill = 0]
                  700de400    00000136     board.am263px.r5f.ti-arm-clang.freertos.debug.lib : dp83869.obj (.text.Dp83869_disableAdvertisement)
                  700de536    0000000a     --HOLE-- [fill = 0]
                  700de540    00000136     enet-cpsw.am263px.r5f.ti-arm-clang.freertos.debug.lib : enet_appmemutils.obj (.text.EnetMem_initMemObjs)
                  700de676    0000000a     --HOLE-- [fill = 0]
[...]
70109c81  Board_init                                                             
70109ca1  IpcNotify_wait                                                         
70109cc1  mem_init                                                               
70109cd1  netif_init                                                             
70109ce1  vPortConfigTimerForRunTimeStats                                        
70109cf1  vPortValidateInterruptPriority                                         
7010a4ae  gCR5ClkSrcInfoMap                                                      
7010a4b0  __aeabi_ctype_table_                                                   
7010a4b0  __aeabi_ctype_table_C                                                  
7010a5b4  gCacheConfig                                                           
7010a5bc  gMpuConfig                                                             
7010a5c8  gMpuRegionConfig                                                       
7010a7d8  gMpuRegionSizeInBytes                                                  
7010bfac  memp_pools                                                             
7010d360  gADPLLJConfigTbl                                                       
7010dd7c  lwip_cyclic_timers                                                     
701122cc  I2C_defaultTransaction                                                 
701188e0  I2C_lld_defaultMessage                                                 
701189e8  gPeripheralClkSrcInfoMap                                               
70119c58  memp_ALTCP_PCB                                                         
70119c6c  memp_ARP_QUEUE                                                         
70119c80  memp_FRAG_PBUF                                                         
70119c94  memp_IGMP_GROUP                                                        
70119ca8  memp_NETBUF                                                            
70119cbc  memp_NETCONN                                                           
70119cd0  memp_NETDB                                                             
70119ce4  memp_PBUF                                                              
70119cf8  memp_PBUF_POOL                                                         
70119d0c  memp_POOL_128                                                          
70119d20  memp_POOL_1568                                                         
70119d34  memp_POOL_4096                                                         
70119d48  memp_RAW_PCB                                                           
70119d5c  memp_REASSDATA                                                         
70119d70  memp_RX_POOL                                                           
70119d84  memp_SYS_MBOX                                                          
70119d98  memp_SYS_TIMEOUT                                                       
70119dac  memp_TCPIP_MSG_API                                                     
70119dc0  memp_TCPIP_MSG_INPKT                                                   
70119dd4  memp_TCP_PCB                                                           
70119de8  memp_TCP_PCB_LISTEN                                                    
70119dfc  memp_TCP_SEG                                                           
70119e10  memp_UDP_PCB                                                           
7011b058  tcp_pcb_lists                                                          
7011b758  g_EnetApp_dmaChParams                                                  
7011bcb8  gEnetPhyDrvTbl                                                         
7011bcc8  gXTALInfo                                                              
7011bdfd  ethbroadcast                                                           
7011be03  ethzero                                                                
7011bfa0  gCacheL1dCacheLineSize                                                 
7011bfa4  gCacheL1pCacheLineSize                                                 
7011bfa8  gStaticIP                                                              
7011bfac  gStaticIPGateway                                                       
7011bfb0  gStaticIPNetmask                                                       
7011bfb4  ip_addr_any                                                            
7011bfb8  ip_addr_broadcast                                                      
70134080  gEdmaConfig                                                            
70134080  gUartDmaHandle                                                         
701380b0  gEnetSoc_cpsw3g                                                        
70139c10  gEnetSoc_dmaObj                                                        
7013c460  gEnetSoc_cpsw3gMacObj                                                  
7013c800  gEnetCpswCfg                                                           
7013d77c  gEnetPhyDrvDp83869                                                     
7013d880  gEnetPhyDrvGeneric                                                     
7013d984  gIpcNotifyMailboxConfig                                                
7013db7c  _ftable                                                                
7013e73c  _device                                                                
7013eaf8  gUartParams                                                            
7013ebf4  _stream                                                                
7013edd8  gEnetSoc_cpsw3gSocCfg                                                  
7013ee40  gEnetMacAddrPool                                                       
7013ee70  gSocModulesClockFrequency                                              
7013eed8  gClockConfig                                                           
7013ef38  gDmaCfg                                                                
7013efb0  gIpcNotifyInterruptConfig_r5fss0_0                                     
7013eff8  Cpsw_gSpeedNames                                                       
7013f008  gEepromFxns_CAT24M                                                     
7013f018  gIpcNotifyCoreIntrBitPos                                               
7013f028  gSocModules                                                            
7013f038  Cpsw_gDuplexNames                                                      
7013f044  gAddrTranslateConfig                                                   
7013f05c  gEepromAttrs_CAT24M                                                    
7013f068  gEepromConfig                                                          
7013f074  gEnetSoc_perObj                                                        
7013f080  gI2cParams                                                             
7013f08c  __TI_cleanup_ptr                                                       
7013f090  __TI_dtors_ptr                                                         
7013f094  gEepromParams                                                          
7013f09c  gI2cConfig                                                             
7013f0ac  gUartConfig                                                            
7013f0b4  FreeRTOS_errno                                                         
7013f0c8  __TI_ft_end                                                            
7013f0cc  __aeabi_errno                                                          
7013f0d0  _lock                                                                  
7013f0d4  _unlock                                                                
7013f0f0  gDebugLogZone                                                          
7013f0f8  gDebugMemLogSize                                                       
7013f104  gDebugP_uartDrvIndex                                                   
7013f108  gEdmaConfigNum                                                         
7013f10c  gEepromConfigNum                                                       
7013f110  gEnetOsalHwiAllocCnt                                                   
7013f114  gEnetOsalHwiPeak                                                       
7013f118  gEnetOsalSemAllocCnt                                                   
7013f11c  gEnetOsalSemPeak                                                       
7013f120  gHwiConfig                                                             
7013f124  gI2cConfigNum                                                          
7013f128  gIpcNotifyInterruptConfigNum_r5fss0_0                                  
7013f12c  gIpcTask                                                               
7013f130  gLogReaderTask                                                         
7013f134  gLoggerTask                                                            
7013f138  gMainTask                                                              
7013f13c  gUartConfigNum                                                         
7013f140  gUartDmaChConfig                                                       
7013f144  gUdpTxTask                                                             
7013f14c  g_netif                                                                
7013f150  g_pbuf_alloc_count                                                     
7013f154  g_pbuf_alloc_fail_count                                                
7013f158  g_pbuf_free_count                                                      
7013f160  g_udp_rx_callback_count                                                
7013f16c  g_udp_rx_queue_full                                                    
7013f170  g_udp_rx_queue_success                                                 
7013f178  g_udp_rx_task_packets                                                  
7013f17c  g_udp_rx_task_wakeups                                                  
7013f180  g_udp_sendto_count                                                     
7013f188  hlwipIfApp                                                             
7013f198  pxCurrentTCB                                                           
7013f1b8  ulPortInterruptNesting                                                 
7013f1bc  ulPortSchedularRunning                                                 
7013f1c0  ulPortTaskHasFPUContext                                                
7013f1c4  ulPortYieldRequired                                                    
7013f24d  gEnetTrace_runtimeLevel                                                
7013f251  isMapAvailable                                                         
7013f261  HwiP_enableInt                                                         
7013f2a1  HwiP_disableInt                                                        
7013f301  HwiP_restoreInt                                                        
7013f331  HwiP_clearInt                                                          
7013f371  HwiP_post                                                              
7013f3b1  HwiP_Params_init                                                       
7013f3e1  HwiP_construct                                                         
7013f5d1  HwiP_destruct                                                          
7013f641  HwiP_init                                                              
7013f7f1  HwiP_inISR                                                             
7013f821  HwiP_setVimIrqPriMaskNonAtomic                                         
7013f871  HwiP_setVimIrqPriMaskAtomic                                            
7013f911  HwiP_restoreVimIrqPriMask                                              
7013f921  HwiP_irq_handler_c                                                     
7013fac1  HwiP_fiq_handler                                                       
7013fc31  HwiP_reserved_handler                                                  
7013fc71  HwiP_undefined_handler_c                                               
7013fc91  HwiP_user_undefined_handler_c                                          
7013fcb1  HwiP_prefetch_abort_handler_c                                          
7013fd51  HwiP_user_prefetch_abort_handler_c                                     
7013fd91  HwiP_data_abort_handler_c                                              
7013fe51  HwiP_user_data_abort_handler_c                                         
7013fe8c  vPortRestoreTaskContext                                                
7013fec4  HwiP_svc_handler                                                       
7013ff34  HwiP_irq_handler                                                       
70140078  HwiP_data_abort_handler                                                
701400bc  HwiP_prefetch_abort_handler                                            
70140108  HwiP_undefined_handler                                                 
70140138  GET_DFSR                                                               
70140140  GET_ADFSR                                                              
70140148  GET_DFAR                                                               
70140150  GET_IFSR                                                               
70140158  GET_AIFSR                                                              
70140160  GET_IFAR                                                               
70140168  GET_SPSR                                                               
7014017c  HwiP_disable                                                           
7014018c  HwiP_disableFIQ                                                        
7014019c  HwiP_enable                                                            
701401ac  HwiP_enableFIQ                                                         
701401bc  HwiP_restore                                                           
701401c4  HwiP_enableVIC                                                         
701401d4  HwiP_disableVIC                                                        
701401e4  HwiP_getCPSR                                                           
701401f0  CacheP_disableL1d                                                      
70140218  CacheP_disableL1p                                                      
70140230  CacheP_enableL1d                                                       
70140248  CacheP_enableL1p                                                       
70140260  CacheP_invL1d                                                          
70140298  CacheP_invL1p                                                          
701402d4  CacheP_invL1dAll                                                       
701402dc  CacheP_invL1pAll                                                       
701402e4  CacheP_wb                                                              
70140320  CacheP_wbInv                                                           
7014035c  CacheP_wbAll                                                           
70140404  CacheP_wbInvAll                                                        
7014041c  CacheP_wbInvAllAsm                                                     
701404bc  CacheP_getEnabled                                                      
701404f4  CacheP_getCacheLevelInfo                                               
70140500  CacheP_configForceWrThru                                               
70140520  CacheP_setDLFO                                                         
70140531  CacheP_init                                                            
701405c1  CacheP_disable                                                         
70140611  CacheP_enable                                                          
70140651  CacheP_inv                                                             
70140691  MpuP_getAttrs                                                          
701406f1  MpuP_RegionAttrs_init                                                  
70140721  MpuP_setRegion                                                         
701407b1  MpuP_isEnable                                                          
701407c1  MpuP_disable                                                           
70140801  MpuP_enable                                                            
70140851  MpuP_init                                                              
701408f1  MpuP_isUserAuthorizedToAccessMemory                                    
701409d0  MpuP_disableAsm                                                        
701409e8  MpuP_disableBRAsm                                                      
701409f8  MpuP_enableAsm                                                         
70140a10  MpuP_enableBRAsm                                                       
70140a20  MpuP_isEnableAsm                                                       
70140a34  MpuP_setRegionAsm                                                      
70140a50  _c_int00_sbl                                                           
70140a74  _c_int00                                                               
70140ba1  _DebugP_assertNoLog                                                    
70140bd1  _system_pre_init                                                       
70140c01  __mpu_init                                                             
70140c10  abort                                                                  
70140c18  __IRQ_STACK_START                                                      
70140d18  __FIQ_STACK_START                                                      
70140d18  __IRQ_STACK_END                                                        
70140e18  __FIQ_STACK_END                                                        
70140e18  __SVC_STACK_START                                                      
70141e18  __ABORT_STACK_START                                                    
70141e18  __SVC_STACK_END                                                        
70141f18  __ABORT_STACK_END                                                      
70141f18  __UNDEFINED_STACK_START                                                
70142018  __UNDEFINED_STACK_END                                                  
70200000  gGatewaySharedMem                                                      
70206ecc  dbg_ipc_recv_count                                                     
70206ed0  dbg_udp_rx_count                                                       
70206ed4  dbg_udp_tx_count                                                       
70206ed8  dbg_error_count                                                        
70206edc  dbg_last_error_code                                                    
70206ee0  dbg_imu_frame_count                                                    
70208000  gDebugShmLog                                                           
ffffffff  __TI_pprof_out_hndl                                                    
ffffffff  __TI_prof_data_size                                                    
ffffffff  __TI_prof_data_start                                                   
ffffffff  __binit__                                                              
ffffffff  binit                                                                  
UNDEFED   __TI_CINIT_Base                                                        
UNDEFED   __TI_CINIT_Limit                                                       
UNDEFED   __TI_Handler_Table_Base                                                
UNDEFED   __TI_Handler_Table_Limit                                               
UNDEFED   _system_post_cinit                                                     

[1499 symbols]
