******************************************************************************
            TI ARM Clang Linker PC v4.0.4                      
******************************************************************************
>> Linked Wed Apr  1 15:44:24 2026

OUTPUT FILE NAME:   <ccu_ti_multi_core_freertos.out>
ENTRY POINT SYMBOL: "_vectors"  address: 00000000


MEMORY CONFIGURATION

         name            origin    length      used     unused   attr    fill
----------------------  --------  ---------  --------  --------  ----  --------
  R5F_VECS              00000000   00000040  00000040  00000000  RWIX
  R5F_TCMA              00000040   00007fc0  00000000  00007fc0  RWIX
  R5F_TCMB              00080000   00008000  00000000  00008000  RWIX
  MAILBOX_HSM           44000000   000003ce  00000000  000003ce  RWIX
  MAILBOX_R5F           44000400   000003ce  00000000  000003ce  RWIX
  FLASH                 60100000   00080000  00000000  00080000  RWIX
  SBL                   70000000   00040000  00000000  00040000  RWIX
  OCRAM                 70040000   00140000  000c3fc0  0007c040  RWIX
  USER_SHM_MEM          70200000   00008000  00004d48  000032b8  RWIX
  LOG_SHM_MEM           70208000   00004000  00002000  00002000  RWIX
  ENET_CPPI_DESC        70280000   00040000  00000a00  0003f600  RWIX
  RTOS_NORTOS_IPC_SHM_M 72000000   00003e80  00000000  00003e80  RWIX


SEGMENT ALLOCATION MAP

run origin  load origin   length   init length attrs members
----------  ----------- ---------- ----------- ----- -------
00000000    00000000    00000040   00000040    r-x
  00000000    00000000    00000040   00000040    r-x .vectors
70040000    70040000    00062848   00062848    r-x
  70040000    70040000    00051dc0   00051dc0    r-x .text
  70091dc0    70091dc0    00010a88   00010a88    r-- .rodata
700a2860    700a2860    0003fb80   00000000    rw-
  700a2860    700a2860    00033b80   00000000    rw- .bss
  700d63e0    700d63e0    00008000   00000000    rw- .sysmem
  700de3e0    700de3e0    00004000   00000000    rw- .stack
700fa400    700fa400    00006e40   00006e40    rw-
  700fa400    700fa400    00006e40   00006e40    rw- .data
70101240    70101240    000019b8   000019b8    r-x
  70101240    70101240    00000f90   00000f90    r-x .text.hwi
  701021d0    701021d0    000004a0   000004a0    r-x .text.cache
  70102670    70102670    000003c0   000003c0    r-x .text.mpu
  70102a30    70102a30    000001c0   000001c0    r-x .text.boot
  70102bf0    70102bf0    00000008   00000008    r-x .text:abort
70102bf8    70102bf8    00001400   00000000    rw-
  70102bf8    70102bf8    00000100   00000000    rw- .irqstack
  70102cf8    70102cf8    00000100   00000000    rw- .fiqstack
  70102df8    70102df8    00001000   00000000    rw- .svcstack
  70103df8    70103df8    00000100   00000000    rw- .abortstack
  70103ef8    70103ef8    00000100   00000000    rw- .undefinedstack


SECTION ALLOCATION MAP

 output                                  attributes/
section   page    origin      length       input sections
--------  ----  ----------  ----------   ----------------
.vectors   0    00000000    00000040     
                  00000000    00000040     freertos.am263px.r5f.ti-arm-clang.debug.lib : HwiP_armv7r_vectors_freertos_asm.obj (.vectors)

.text      0    70040000    00051dc0     
                  70040000    000011da     lwip-freertos.am263px.r5f.ti-arm-clang.debug.lib : tcp_in.obj (.text.tcp_receive)
                  700411da    00000002     --HOLE-- [fill = 0]
                  700411dc    00000004     libclang_rt.builtins.a : aeabi_div0.c.obj (.text.__aeabi_idiv0)
                  700411e0    00000c3e     lwip-freertos.am263px.r5f.ti-arm-clang.debug.lib : tcp_in.obj (.text.tcp_input)
                  70041e1e    00000002     --HOLE-- [fill = 0]
                  70041e20    00000ad8                                                      : tcp_in.obj (.text.tcp_process)
                  700428f8    00000008     libsysbm.a : hostexit.c.obj (.text.HOSTexit)
                  70042900    00000abe     enet-cpsw.am263px.r5f.ti-arm-clang.freertos.debug.lib : enet_cpdma.obj (.text.EnetCpdma_dequeueTx)
                  700433be    00000002     --HOLE-- [fill = 0]
                  700433c0    00000a34     freertos.am263px.r5f.ti-arm-clang.debug.lib : printf.obj (.text._vsnprintf)
                  70043df4    0000000c     libc.a : aeabi_portable.c.obj (.text.__aeabi_errno_addr)
                  70043e00    0000099a     enet-cpsw.am263px.r5f.ti-arm-clang.freertos.debug.lib : enet_cpdma.obj (.text.EnetCpdma_dequeueRx)
                  7004479a    00000002     --HOLE-- [fill = 0]
                  7004479c    00000004     libclang_rt.builtins.a : aeabi_div0.c.obj (.text.__aeabi_ldiv0)
                  700447a0    00000960     lwip-freertos.am263px.r5f.ti-arm-clang.debug.lib : tcp.obj (.text.tcp_slowtmr)
                  70045100    000007a4     drivers.am263px.r5f.ti-arm-clang.freertos.debug.lib : i2c_v1_lld.obj (.text.I2C_lld_primeTransferPoll)
                  700458a4    00000004     libclang_rt.builtins.a : aeabi_memcpy.S.obj (.text.__aeabi_memcpy)
                  700458a8    00000740     libc.a : k_rem_pio2.c.obj (.text.__kernel_rem_pio2)
                  70045fe8    00000004            : _lock.c.obj (.text._nop)
                  70045fec    00000004            : fseek.c.obj (.text.fseek)
                  70045ff0    00000678     drivers.am263px.r5f.ti-arm-clang.freertos.debug.lib : soc_rcm.obj (.text.SOC_rcmGetClkSrcAndDivReg)
                  70046668    00000004     libsysbm.a : remove.c.obj (.text.remove)
                  7004666c    00000004     --HOLE-- [fill = 0]
                  70046670    00000654     lwip-freertos.am263px.r5f.ti-arm-clang.debug.lib : dhcp.obj (.text.dhcp_parse_reply)
                  70046cc4    0000000c     libclang_rt.builtins.a : aeabi_memset.S.obj (.text.__aeabi_memclr)
                  70046cd0    00000638     drivers.am263px.r5f.ti-arm-clang.freertos.debug.lib : soc_rcm.obj (.text.SOC_rcmEnablePeripheralClock)
                  70047308    00000008     --HOLE-- [fill = 0]
                  70047310    00000610     lwipif-cpsw-freertos.am263px.r5f.ti-arm-clang.debug.lib : lwip2enet.obj (.text.Lwip2Enet_open)
                  70047920    00000606     enet-cpsw.am263px.r5f.ti-arm-clang.freertos.debug.lib : enet_cpdma.obj (.text.EnetCpdma_enqueueRx)
                  70047f26    0000000a     --HOLE-- [fill = 0]
                  70047f30    000005e2     freertos.am263px.r5f.ti-arm-clang.debug.lib : printf.obj (.text._ftoa)
                  70048512    00000002     --HOLE-- [fill = 0]
                  70048514    0000000c     libc.a : memory.c.obj (.text.malloc)
                  70048520    00000552     enet-cpsw.am263px.r5f.ti-arm-clang.freertos.debug.lib : cpsw_ale.obj (.text.CpswAle_open)
                  70048a72    00000002     --HOLE-- [fill = 0]
                  70048a74    0000000c     freertos.am263px.r5f.ti-arm-clang.debug.lib : CpuId_armv7r_asm.obj (.text)
                  70048a80    0000054c     lwip-freertos.am263px.r5f.ti-arm-clang.debug.lib : ip4.obj (.text.ip4_input)
                  70048fcc    00000004     --HOLE-- [fill = 0]
                  70048fd0    0000050e                                                      : icmp.obj (.text.icmp_input)
                  700494de    00000002     --HOLE-- [fill = 0]
                  700494e0    00000506     enet-cpsw.am263px.r5f.ti-arm-clang.freertos.debug.lib : enet_cpdma.obj (.text.EnetCpdma_enqueueTx)
                  700499e6    0000000a     --HOLE-- [fill = 0]
                  700499f0    000004d8     lwip-freertos.am263px.r5f.ti-arm-clang.debug.lib : tcp_out.obj (.text.tcp_output)
                  70049ec8    00000008     --HOLE-- [fill = 0]
                  70049ed0    000004b0     freertos.am263px.r5f.ti-arm-clang.debug.lib : printf.obj (.text._etoa)
                  7004a380    000004ae     lwip-freertos.am263px.r5f.ti-arm-clang.debug.lib : udp.obj (.text.udp_input)
                  7004a82e    00000002     --HOLE-- [fill = 0]
                  7004a830    00000492                                                      : etharp.obj (.text.etharp_query)
                  7004acc2    0000000e     --HOLE-- [fill = 0]
                  7004acd0    0000048a                                                      : etharp.obj (.text.etharp_find_entry)
                  7004b15a    00000006     --HOLE-- [fill = 0]
                  7004b160    00000486                                                      : ip4_frag.obj (.text.ip4_reass)
                  7004b5e6    0000000a     --HOLE-- [fill = 0]
                  7004b5f0    00000466     board.am263px.r5f.ti-arm-clang.freertos.debug.lib : dp83869.obj (.text.Dp83869_printRegs)
                  7004ba56    0000000a     --HOLE-- [fill = 0]
                  7004ba60    00000458     main.o (.text.udp_tx_task)
                  7004beb8    00000008     --HOLE-- [fill = 0]
                  7004bec0    00000446     enet-cpsw.am263px.r5f.ti-arm-clang.freertos.debug.lib : cpsw_macport.obj (.text.CpswMacPort_open)
                  7004c306    0000000a     --HOLE-- [fill = 0]
                  7004c310    0000043e                                                           : enet_rm.obj (.text.EnetRm_detachCore)
                  7004c74e    00000002     --HOLE-- [fill = 0]
                  7004c750    00000418     libc.a : s_cos.c.obj (.text.cos)
                  7004cb68    00000418            : s_sin.c.obj (.text.sin)
                  7004cf80    00000404     drivers.am263px.r5f.ti-arm-clang.freertos.debug.lib : uart_v0.obj (.text.UART_open)
                  7004d384    0000000c     --HOLE-- [fill = 0]
                  7004d390    000003e2     enet-cpsw.am263px.r5f.ti-arm-clang.freertos.debug.lib : enet_rm.obj (.text.EnetRm_close)
                  7004d772    0000000e     --HOLE-- [fill = 0]
                  7004d780    000003dc     drivers.am263px.r5f.ti-arm-clang.freertos.debug.lib : ipc_notify_v1.obj (.text.IpcNotify_init)
                  7004db5c    000003dc     libc.a : _printfi.c.obj (.text:__TI_printfi_minimal)
                  7004df38    00000008     --HOLE-- [fill = 0]
                  7004df40    000003d2     drivers.am263px.r5f.ti-arm-clang.freertos.debug.lib : soc.obj (.text.SOC_phyToVirt)
                  7004e312    0000000e     --HOLE-- [fill = 0]
                  7004e320    000003be     lwip-freertos.am263px.r5f.ti-arm-clang.debug.lib : ip4_frag.obj (.text.ip_reass_chain_frag_into_datagram_and_validate)
                  7004e6de    00000002     --HOLE-- [fill = 0]
                  7004e6e0    000003ba                                                      : udp.obj (.text.udp_sendto_if_src)
                  7004ea9a    00000006     --HOLE-- [fill = 0]
                  7004eaa0    000003b0                                                      : tcp_out.obj (.text.tcp_split_unsent_seg)
                  7004ee50    000003a2     enet-cpsw.am263px.r5f.ti-arm-clang.freertos.debug.lib : cpsw.obj (.text.Cpsw_registerIntrs)
                  7004f1f2    0000000e     --HOLE-- [fill = 0]
                  7004f200    00000398                                                           : mdio.obj (.text.Mdio_open)
                  7004f598    00000008     --HOLE-- [fill = 0]
                  7004f5a0    00000390     libc.a : strcmp32.S.obj (.text:strcmp)
                  7004f930    00000380     lwip-freertos.am263px.r5f.ti-arm-clang.debug.lib : ip4_frag.obj (.text.ip4_frag)
                  7004fcb0    0000036e     enet-cpsw.am263px.r5f.ti-arm-clang.freertos.debug.lib : cpsw.obj (.text.Cpsw_handleLinkDown)
                  7005001e    00000002     --HOLE-- [fill = 0]
                  70050020    0000036a                                                           : enet_appmemutils.obj (.text.EnetMem_initCore)
                  7005038a    00000006     --HOLE-- [fill = 0]
                  70050390    00000362     lwipif-cpsw-freertos.am263px.r5f.ti-arm-clang.debug.lib : lwip2enet.obj (.text.Lwip2Enet_prepRxPktQ)
                  700506f2    0000000e     --HOLE-- [fill = 0]
                  70050700    00000356     drivers.am263px.r5f.ti-arm-clang.freertos.debug.lib : i2c_v1.obj (.text.I2C_open)
                  70050a56    0000000a     --HOLE-- [fill = 0]
                  70050a60    0000034a     enet-cpsw.am263px.r5f.ti-arm-clang.freertos.debug.lib : cpsw.obj (.text.Cpsw_openInternal)
                  70050daa    00000006     --HOLE-- [fill = 0]
                  70050db0    0000033a                                                           : cpsw_ioctl.obj (.text.Cpsw_openPortLinkNoPhy)
                  700510ea    00000006     --HOLE-- [fill = 0]
                  700510f0    00000330                                                           : cpsw.obj (.text.Cpsw_open)
                  70051420    00000326     lwip-freertos.am263px.r5f.ti-arm-clang.debug.lib : ip4.obj (.text.ip4_output_if_opt_src)
                  70051746    0000000a     --HOLE-- [fill = 0]
                  70051750    00000320     motor_mapping.o (.text.motor_mapping_init_core0)
                  70051a70    0000031e     lwip-freertos.am263px.r5f.ti-arm-clang.debug.lib : tcp_out.obj (.text.tcp_enqueue_flags)
                  70051d8e    00000002     --HOLE-- [fill = 0]
                  70051d90    00000302     drivers.am263px.r5f.ti-arm-clang.freertos.debug.lib : soc.obj (.text.SOC_virtToPhy)
                  70052092    0000000e     --HOLE-- [fill = 0]
                  700520a0    000002f8     lwip-freertos.am263px.r5f.ti-arm-clang.debug.lib : pbuf.obj (.text.pbuf_alloc)
                  70052398    00000008     --HOLE-- [fill = 0]
                  700523a0    000002f2     enet-cpsw.am263px.r5f.ti-arm-clang.freertos.debug.lib : enet_cpdma.obj (.text.EnetCpdma_open)
                  70052692    0000000e     --HOLE-- [fill = 0]
                  700526a0    000002e6                                                           : csl_cpsw.obj (.text.CSL_CPSW_setPortRxDscpMap)
                  70052986    0000000a     --HOLE-- [fill = 0]
                  70052990    000002e6     ti_enet_open_close.o (.text.EnetApp_driverOpen)
                  70052c76    0000000a     --HOLE-- [fill = 0]
                  70052c80    000002de     lwip-freertos.am263px.r5f.ti-arm-clang.debug.lib : etharp.obj (.text.etharp_output)
                  70052f5e    00000002     --HOLE-- [fill = 0]
                  70052f60    000002da     enet-cpsw.am263px.r5f.ti-arm-clang.freertos.debug.lib : cpsw.obj (.text.Cpsw_periodicTick)
                  7005323a    00000006     --HOLE-- [fill = 0]
                  70053240    000002d2                                                           : enetphy.obj (.text.EnetPhy_enableState)
                  70053512    0000000e     --HOLE-- [fill = 0]
                  70053520    000002cc     xgw_udp_interface.o (.text.xgw_udp_process_motor_cmd)
                  700537ec    00000004     --HOLE-- [fill = 0]
                  700537f0    000002bc     lwip-freertos.am263px.r5f.ti-arm-clang.debug.lib : tcp_out.obj (.text.tcp_output_segment)
                  70053aac    00000004     --HOLE-- [fill = 0]
                  70053ab0    000002ba     drivers.am263px.r5f.ti-arm-clang.freertos.debug.lib : i2c_v1_lld.obj (.text.I2C_lld_controllerIsr)
                  70053d6a    00000006     --HOLE-- [fill = 0]
                  70053d70    000002ba     lwip-freertos.am263px.r5f.ti-arm-clang.debug.lib : pbuf.obj (.text.pbuf_copy_partial_pbuf)
                  7005402a    00000006     --HOLE-- [fill = 0]
                  70054030    000002b8     enet-cpsw.am263px.r5f.ti-arm-clang.freertos.debug.lib : cpsw.obj (.text.Cpsw_handleLinkUp)
                  700542e8    00000008     --HOLE-- [fill = 0]
                  700542f0    000002aa     lwip-freertos.am263px.r5f.ti-arm-clang.debug.lib : netif.obj (.text.netif_add)
                  7005459a    00000006     --HOLE-- [fill = 0]
                  700545a0    000002a8     enet-cpsw.am263px.r5f.ti-arm-clang.freertos.debug.lib : cpsw_ale.obj (.text.CpswAle_addVlan)
                  70054848    00000008     --HOLE-- [fill = 0]
                  70054850    0000029e     lwip-freertos.am263px.r5f.ti-arm-clang.debug.lib : tcp_in.obj (.text.tcp_listen_input)
                  70054aee    00000002     --HOLE-- [fill = 0]
                  70054af0    0000029a     drivers.am263px.r5f.ti-arm-clang.freertos.debug.lib : i2c_v1_lld.obj (.text.I2C_lld_targetIsr)
                  70054d8a    00000006     --HOLE-- [fill = 0]
                  70054d90    00000296     lwip-freertos.am263px.r5f.ti-arm-clang.debug.lib : tcp.obj (.text.tcp_close_shutdown)
                  70055026    0000000a     --HOLE-- [fill = 0]
                  70055030    00000290     enet-cpsw.am263px.r5f.ti-arm-clang.freertos.debug.lib : cpsw.obj (.text.Cpsw_registerIoctlHandler)
                  700552c0    0000028e                                                           : csl_cpsw.obj (.text.CSL_CPSW_setAlePolicerEntry)
                  7005554e    00000002     --HOLE-- [fill = 0]
                  70055550    00000286                                                           : csl_cpsw.obj (.text.CSL_CPSW_getAlePolicerEntry)
                  700557d6    0000000a     --HOLE-- [fill = 0]
                  700557e0    0000027e                                                           : cpsw_ale.obj (.text.CpswAle_findVlan)
                  70055a5e    00000002     --HOLE-- [fill = 0]
                  70055a60    0000027e     drivers.am263px.r5f.ti-arm-clang.freertos.debug.lib : uart_dma_edma.obj (.text.UART_edmaChInit)
                  70055cde    00000002     --HOLE-- [fill = 0]
                  70055ce0    0000027a     enet-cpsw.am263px.r5f.ti-arm-clang.freertos.debug.lib : cpsw.obj (.text.Cpsw_ioctl)
                  70055f5a    00000006     --HOLE-- [fill = 0]
                  70055f60    00000274     xgw_udp_interface.o (.text.xgw_udp_send_motor_states)
                  700561d4    0000000c     --HOLE-- [fill = 0]
                  700561e0    00000272     test.o (.text.test_netif_init)
                  70056452    0000000e     --HOLE-- [fill = 0]
                  70056460    00000270     main.o (.text.build_and_send_udp_packet)
                  700566d0    00000266     enet-cpsw.am263px.r5f.ti-arm-clang.freertos.debug.lib : cpsw_est_ioctl.obj (.text.CpswEst_ioctl_handler_ENET_TAS_IOCTL_SET_STATE)
                  70056936    0000000a     --HOLE-- [fill = 0]
                  70056940    00000266     freertos.am263px.r5f.ti-arm-clang.debug.lib : tasks.obj (.text.xTaskIncrementTick)
                  70056ba6    0000000a     --HOLE-- [fill = 0]
                  70056bb0    0000025a     lwip-freertos.am263px.r5f.ti-arm-clang.debug.lib : ip4_frag.obj (.text.ip_reass_free_complete_datagram)
                  70056e0a    00000006     --HOLE-- [fill = 0]
                  70056e10    0000025a     freertos.am263px.r5f.ti-arm-clang.debug.lib : tasks.obj (.text.xTaskResumeAll)
                  7005706a    00000006     --HOLE-- [fill = 0]
                  70057070    00000254     lwip-freertos.am263px.r5f.ti-arm-clang.debug.lib : igmp.obj (.text.igmp_input)
                  700572c4    0000000c     --HOLE-- [fill = 0]
                  700572d0    00000250     drivers.am263px.r5f.ti-arm-clang.freertos.debug.lib : edma.obj (.text.Alloc_resource)
                  70057520    0000024c     enet-cpsw.am263px.r5f.ti-arm-clang.freertos.debug.lib : cpsw_macport_ioctl.obj (.text.CpswMacPort_enablePort)
                  7005776c    00000004     --HOLE-- [fill = 0]
                  70057770    00000246     lwip-freertos.am263px.r5f.ti-arm-clang.debug.lib : dns.obj (.text.dns_send)
                  700579b6    0000000a     --HOLE-- [fill = 0]
                  700579c0    00000242     enet-cpsw.am263px.r5f.ti-arm-clang.freertos.debug.lib : enetphy.obj (.text.EnetPhy_bindDriver)
                  70057c02    0000000e     --HOLE-- [fill = 0]
                  70057c10    00000242     drivers.am263px.r5f.ti-arm-clang.freertos.debug.lib : uart_v0_lld.obj (.text.UART_fifoConfig)
                  70057e52    0000000e     --HOLE-- [fill = 0]
                  70057e60    00000240     main.o (.text.core0_init)
                  700580a0    0000023e     enet-cpsw.am263px.r5f.ti-arm-clang.freertos.debug.lib : cpsw_cpts_ioctl.obj (.text.CpswCpts_handleEvents)
                  700582de    00000002     --HOLE-- [fill = 0]
                  700582e0    0000023e     freertos.am263px.r5f.ti-arm-clang.debug.lib : printf.obj (.text._ntoa_format)
                  7005851e    00000002     --HOLE-- [fill = 0]
                  70058520    0000023a     main.o (.text.freertos_main)
                  7005875a    00000006     --HOLE-- [fill = 0]
                  70058760    00000234     enet-cpsw.am263px.r5f.ti-arm-clang.freertos.debug.lib : cpsw_hostport.obj (.text.CpswHostPort_open)
                  70058994    0000000c     --HOLE-- [fill = 0]
                  700589a0    00000230                                                           : enet_appmemutils.obj (.text.EnetMem_allocEthPkt)
                  70058bd0    0000022c                                                           : enet_cpdma_priv.obj (.text.EnetCpdma_memMgrInit)
                  70058dfc    00000004     --HOLE-- [fill = 0]
                  70058e00    0000022a     lwipif-cpsw-freertos.am263px.r5f.ti-arm-clang.debug.lib : lwip2lwipif.obj (.text.LWIPIF_LWIP_getChkSumInfo)
                  7005902a    00000006     --HOLE-- [fill = 0]
                  70059030    0000022a     lwip-freertos.am263px.r5f.ti-arm-clang.debug.lib : dhcp.obj (.text.dhcp_select)
                  7005925a    00000006     --HOLE-- [fill = 0]
                  70059260    00000226     drivers.am263px.r5f.ti-arm-clang.freertos.debug.lib : uart_dma_edma.obj (.text.UART_lld_dmaDeInit)
                  70059486    0000000a     --HOLE-- [fill = 0]
                  70059490    00000222                                                         : ipc_notify_v1.obj (.text.IpcNotify_isr)
                  700596b2    0000000e     --HOLE-- [fill = 0]
                  700596c0    00000220     enet-cpsw.am263px.r5f.ti-arm-clang.freertos.debug.lib : enet_cpdma.obj (.text.EnetCpdma_closeTxCh)
                  700598e0    00000220                                                           : enet_rm_ioctl.obj (.text.EnetRm_allocMacAddr)
                  70059b00    00000220     freertos.am263px.r5f.ti-arm-clang.debug.lib : tasks.obj (.text.vTaskGenericNotifyGiveFromISR)
                  70059d20    00000220                                                 : queue.obj (.text.xQueueGenericSend)
                  70059f40    0000021a     enet-cpsw.am263px.r5f.ti-arm-clang.freertos.debug.lib : cpsw_stats.obj (.text.CpswStats_open)
                  7005a15a    00000006     --HOLE-- [fill = 0]
                  7005a160    0000020a     lwip-freertos.am263px.r5f.ti-arm-clang.debug.lib : tcp.obj (.text.tcp_pcb_remove)
                  7005a36a    00000006     --HOLE-- [fill = 0]
                  7005a370    0000020a     freertos.am263px.r5f.ti-arm-clang.debug.lib : queue.obj (.text.xQueueSemaphoreTake)
                  7005a57a    00000006     --HOLE-- [fill = 0]
                  7005a580    00000206     enet-cpsw.am263px.r5f.ti-arm-clang.freertos.debug.lib : cpsw_cpts.obj (.text.CpswCpts_open)
                  7005a786    0000000a     --HOLE-- [fill = 0]
                  7005a790    00000206                                                           : enet_cpdma.obj (.text.EnetCpdma_closeRxCh)
                  7005a996    0000000a     --HOLE-- [fill = 0]
                  7005a9a0    00000206     lwip-freertos.am263px.r5f.ti-arm-clang.debug.lib : dhcp.obj (.text.dhcp_recv)
                  7005aba6    0000000a     --HOLE-- [fill = 0]
                  7005abb0    00000204     enet-cpsw.am263px.r5f.ti-arm-clang.freertos.debug.lib : enetphy.obj (.text.EnetPhy_open)
                  7005adb4    0000000c     --HOLE-- [fill = 0]
                  7005adc0    000001fe                                                           : cpsw_stats_ioctl.obj (.text.CpswStats_readHostStats)
                  7005afbe    00000002     --HOLE-- [fill = 0]
                  7005afc0    000001fe     lwip-freertos.am263px.r5f.ti-arm-clang.debug.lib : pbuf.obj (.text.pbuf_free)
                  7005b1be    00000002     --HOLE-- [fill = 0]
                  7005b1c0    000001fc     xgw_udp_interface.o (.text.xgw_udp_recv_callback)
                  7005b3bc    00000004     --HOLE-- [fill = 0]
                  7005b3c0    000001f8     xgw_udp_interface.o (.text.xgw_udp_process_motor_set)
                  7005b5b8    00000008     --HOLE-- [fill = 0]
                  7005b5c0    000001f6     lwip-freertos.am263px.r5f.ti-arm-clang.debug.lib : dhcp.obj (.text.dhcp_create_msg)
                  7005b7b6    0000000a     --HOLE-- [fill = 0]
                  7005b7c0    000001f2     drivers.am263px.r5f.ti-arm-clang.freertos.debug.lib : i2c_v1.obj (.text.I2C_primeTransfer)
                  7005b9b2    0000000e     --HOLE-- [fill = 0]
                  7005b9c0    000001f2                                                         : i2c_v1.obj (.text.I2C_transfer)
                  7005bbb2    0000000e     --HOLE-- [fill = 0]
                  7005bbc0    000001ee     enet-cpsw.am263px.r5f.ti-arm-clang.freertos.debug.lib : cpsw_ale.obj (.text.CpswAle_setAleCfg)
                  7005bdae    00000002     --HOLE-- [fill = 0]
                  7005bdb0    000001ee                                                           : cpsw_ioctl.obj (.text.Cpsw_openPortLinkWithPhy)
                  7005bf9e    00000002     --HOLE-- [fill = 0]
                  7005bfa0    000001ea                                                           : cpsw_hostport.obj (.text.CpswHostPort_ioctl)
                  7005c18a    00000006     --HOLE-- [fill = 0]
                  7005c190    000001ea                                                           : cpsw_stats.obj (.text.CpswStats_ioctl)
                  7005c37a    00000006     --HOLE-- [fill = 0]
                  7005c380    000001ea                                                           : cpsw_ioctl.obj (.text.Cpsw_openPortLink)
                  7005c56a    00000006     --HOLE-- [fill = 0]
                  7005c570    000001ea     lwip-freertos.am263px.r5f.ti-arm-clang.debug.lib : tcp.obj (.text.tcp_abandon)
                  7005c75a    00000006     --HOLE-- [fill = 0]
                  7005c760    000001e2     ti_enet_open_close.o (.text.EnetApp_initLinkArgs)
                  7005c942    0000000e     --HOLE-- [fill = 0]
                  7005c950    000001e2     lwip-freertos.am263px.r5f.ti-arm-clang.debug.lib : pbuf.obj (.text.pbuf_realloc)
                  7005cb32    0000000e     --HOLE-- [fill = 0]
                  7005cb40    000001e0     enet-cpsw.am263px.r5f.ti-arm-clang.freertos.debug.lib : cpsw_stats_ioctl.obj (.text.CpswStats_readMacStats)
                  7005cd20    000001e0     lwip-freertos.am263px.r5f.ti-arm-clang.debug.lib : dhcp.obj (.text.dhcp_bind)
                  7005cf00    000001da     enet-cpsw.am263px.r5f.ti-arm-clang.freertos.debug.lib : enet.obj (.text.Enet_validateIoctl)
                  7005d0da    00000006     --HOLE-- [fill = 0]
                  7005d0e0    000001d8     freertos.am263px.r5f.ti-arm-clang.debug.lib : queue.obj (.text.xQueueReceive)
                  7005d2b8    00000008     --HOLE-- [fill = 0]
                  7005d2c0    000001d6                                                 : TimerP_rti_priv.obj (.text.TimerP_setupPriv)
                  7005d496    0000000a     --HOLE-- [fill = 0]
                  7005d4a0    000001d4     ti_enet_lwipif.o (.text.LwipifEnetAppCb_getRxHandleInfo)
                  7005d674    0000000c     --HOLE-- [fill = 0]
                  7005d680    000001d4     enet-cpsw.am263px.r5f.ti-arm-clang.freertos.debug.lib : mdio.obj (.text.Mdio_ioctl)
                  7005d854    000001d0     libclang_rt.builtins.a : udivsi3.S.obj (.text.__udivsi3)
                  7005da24    0000000c     --HOLE-- [fill = 0]
                  7005da30    000001ce     xgw_udp_interface.o (.text.xgw_udp_start)
                  7005dbfe    00000002     --HOLE-- [fill = 0]
                  7005dc00    000001c8     lwip-freertos.am263px.r5f.ti-arm-clang.debug.lib : etharp.obj (.text.etharp_raw)
                  7005ddc8    00000008     --HOLE-- [fill = 0]
                  7005ddd0    000001c6     enet-cpsw.am263px.r5f.ti-arm-clang.freertos.debug.lib : enet_rm_ioctl.obj (.text.EnetRm_allocTxChNum)
                  7005df96    0000000a     --HOLE-- [fill = 0]
                  7005dfa0    000001c6     lwip-freertos.am263px.r5f.ti-arm-clang.debug.lib : tcp_out.obj (.text.tcp_create_segment)
                  7005e166    0000000a     --HOLE-- [fill = 0]
                  7005e170    000001c4     ti_enet_lwipif.o (.text.LwipifEnetApp_startSchedule)
                  7005e334    0000000c     --HOLE-- [fill = 0]
                  7005e340    000001c2     enet-cpsw.am263px.r5f.ti-arm-clang.freertos.debug.lib : enet.obj (.text.Enet_validateGenericIoctl)
                  7005e502    0000000e     --HOLE-- [fill = 0]
                  7005e510    000001bc     freertos.am263px.r5f.ti-arm-clang.debug.lib : tasks.obj (.text.xTaskRemoveFromEventList)
                  7005e6cc    00000004     --HOLE-- [fill = 0]
                  7005e6d0    000001b4     enet-cpsw.am263px.r5f.ti-arm-clang.freertos.debug.lib : enet_rm.obj (.text.EnetRm_open)
                  7005e884    0000000c     --HOLE-- [fill = 0]
                  7005e890    000001b2     lwip-freertos.am263px.r5f.ti-arm-clang.debug.lib : ip4.obj (.text.ip4_forward)
                  7005ea42    0000000e     --HOLE-- [fill = 0]
                  7005ea50    000001b0     enet-cpsw.am263px.r5f.ti-arm-clang.freertos.debug.lib : cpsw_ale.obj (.text.CpswAle_delPolicerEntry)
                  7005ec00    000001b0     lwip-freertos.am263px.r5f.ti-arm-clang.debug.lib : dns.obj (.text.dns_call_found)
                  7005edb0    000001ae     ti_enet_open_close.o (.text.EnetApp_ConfigureDscpMapping)
                  7005ef5e    00000002     --HOLE-- [fill = 0]
                  7005ef60    000001ac     drivers.am263px.r5f.ti-arm-clang.freertos.debug.lib : uart_v0.obj (.text.UART_close)
                  7005f10c    00000004     --HOLE-- [fill = 0]
                  7005f110    000001aa     enet-cpsw.am263px.r5f.ti-arm-clang.freertos.debug.lib : mdio_ioctl.obj (.text.Mdio_readRegC45)
                  7005f2ba    00000006     --HOLE-- [fill = 0]
                  7005f2c0    000001aa     drivers.am263px.r5f.ti-arm-clang.freertos.debug.lib : uart_dma_edma.obj (.text.UART_lld_dmaWrite)
                  7005f46a    00000006     --HOLE-- [fill = 0]
                  7005f470    000001aa     lwip-freertos.am263px.r5f.ti-arm-clang.debug.lib : mem.obj (.text.mem_free)
                  7005f61a    00000006     --HOLE-- [fill = 0]
                  7005f620    000001a8     enet-cpsw.am263px.r5f.ti-arm-clang.freertos.debug.lib : enet_appmemutils.obj (.text.EnetDma_checkPktState)
                  7005f7c8    00000008     --HOLE-- [fill = 0]
                  7005f7d0    000001a8     lwipif-cpsw-freertos.am263px.r5f.ti-arm-clang.debug.lib : custom_pbuf.obj (.text.EnetDma_checkPktState)
                  7005f978    00000008     --HOLE-- [fill = 0]
                  7005f980    000001a8                                                             : lwip2enet.obj (.text.EnetDma_checkPktState)
                  7005fb28    000001a8     libc.a : memory.c.obj (.text.free)
                  7005fcd0    000001a4            : memory.c.obj (.text.aligned_alloc)
                  7005fe74    0000000c     --HOLE-- [fill = 0]
                  7005fe80    000001a4     freertos.am263px.r5f.ti-arm-clang.debug.lib : timers.obj (.text.prvProcessReceivedCommands)
                  70060024    0000000c     --HOLE-- [fill = 0]
                  70060030    000001a0     drivers.am263px.r5f.ti-arm-clang.freertos.debug.lib : uart_v0.obj (.text.UART_write)
                  700601d0    000001a0     lwip-freertos.am263px.r5f.ti-arm-clang.debug.lib : pbuf.obj (.text.pbuf_take)
                  70060370    000001a0     freertos.am263px.r5f.ti-arm-clang.debug.lib : tasks.obj (.text.vTaskSwitchContext)
                  70060510    0000019e     enet-cpsw.am263px.r5f.ti-arm-clang.freertos.debug.lib : cpsw_ale_ioctl.obj (.text.CpswAle_addMcastAddr)
                  700606ae    00000002     --HOLE-- [fill = 0]
                  700606b0    0000019c     libc.a : fputs.c.obj (.text.fputs)
                  7006084c    00000004     --HOLE-- [fill = 0]
                  70060850    0000019a     enet-cpsw.am263px.r5f.ti-arm-clang.freertos.debug.lib : cpsw_cpts.obj (.text.CpswCpts_ioctl)
                  700609ea    00000006     --HOLE-- [fill = 0]
                  700609f0    0000019a     lwip-freertos.am263px.r5f.ti-arm-clang.debug.lib : dns.obj (.text.dns_check_entry)
                  70060b8a    00000006     --HOLE-- [fill = 0]
                  70060b90    0000019a     freertos.am263px.r5f.ti-arm-clang.debug.lib : tasks.obj (.text.vTaskPriorityDisinheritAfterTimeout)
                  70060d2a    00000006     --HOLE-- [fill = 0]
                  70060d30    0000019a                                                 : queue.obj (.text.xQueueGenericSendFromISR)
                  70060eca    00000006     --HOLE-- [fill = 0]
                  70060ed0    00000198     drivers.am263px.r5f.ti-arm-clang.freertos.debug.lib : uart_v0_lld.obj (.text.UART_lld_controllerIsr)
                  70061068    00000008     --HOLE-- [fill = 0]
                  70061070    00000196     lwip-freertos.am263px.r5f.ti-arm-clang.debug.lib : dhcp.obj (.text.dhcp_reboot)
                  70061206    0000000a     --HOLE-- [fill = 0]
                  70061210    00000194     enet-cpsw.am263px.r5f.ti-arm-clang.freertos.debug.lib : cpsw_ale.obj (.text.CpswAle_ioctl)
                  700613a4    0000000c     --HOLE-- [fill = 0]
                  700613b0    00000194                                                           : cpsw_macport.obj (.text.CpswMacPort_ioctl)
                  70061544    0000000c     --HOLE-- [fill = 0]
                  70061550    00000192     lwip-freertos.am263px.r5f.ti-arm-clang.debug.lib : ethernet.obj (.text.ethernet_input)
                  700616e2    0000000e     --HOLE-- [fill = 0]
                  700616f0    00000192                                                      : tcp_out.obj (.text.tcp_zero_window_probe)
                  70061882    0000000e     --HOLE-- [fill = 0]
                  70061890    00000190                                                      : etharp.obj (.text.etharp_update_arp_entry)
                  70061a20    0000018e                                                      : etharp.obj (.text.etharp_input)
                  70061bae    00000002     --HOLE-- [fill = 0]
                  70061bb0    0000018a     enet-cpsw.am263px.r5f.ti-arm-clang.freertos.debug.lib : enet_rm.obj (.text.EnetRm_ioctl)
                  70061d3a    00000006     --HOLE-- [fill = 0]
                  70061d40    0000018a     lwip-freertos.am263px.r5f.ti-arm-clang.debug.lib : sys_arch.obj (.text.sys_arch_mbox_fetch)
                  70061eca    00000006     --HOLE-- [fill = 0]
                  70061ed0    00000188     freertos.am263px.r5f.ti-arm-clang.debug.lib : ClockP_freertos_r5.obj (.text.ClockP_init)
                  70062058    00000008     --HOLE-- [fill = 0]
                  70062060    00000186     lwip-freertos.am263px.r5f.ti-arm-clang.debug.lib : acd.obj (.text.acd_tmr)
                  700621e6    0000000a     --HOLE-- [fill = 0]
                  700621f0    00000186                                                      : tcp.obj (.text.tcp_alloc)
                  70062376    0000000a     --HOLE-- [fill = 0]
                  70062380    0000017c     lwipif-cpsw-freertos.am263px.r5f.ti-arm-clang.debug.lib : lwip2enet.obj (.text.Lwip2Enet_close)
                  700624fc    00000004     --HOLE-- [fill = 0]
                  70062500    0000017a                                                             : custom_pbuf.obj (.text.custom_pbuf_free)
                  7006267a    00000006     --HOLE-- [fill = 0]
                  70062680    00000178     freertos.am263px.r5f.ti-arm-clang.debug.lib : DebugP_shmLogReader.obj (.text.DebugP_shmLogReaderGetString)
                  700627f8    00000008     --HOLE-- [fill = 0]
                  70062800    00000178     enet-cpsw.am263px.r5f.ti-arm-clang.freertos.debug.lib : enet_rm.obj (.text.EnetRm_initRxObj)
                  70062978    00000008     --HOLE-- [fill = 0]
                  70062980    00000178     lwipif-cpsw-freertos.am263px.r5f.ti-arm-clang.debug.lib : lwip2enet.obj (.text.Lwip2Enet_periodicFxn)
                  70062af8    00000008     --HOLE-- [fill = 0]
                  70062b00    00000178     lwip-freertos.am263px.r5f.ti-arm-clang.debug.lib : udp.obj (.text.udp_bind)
                  70062c78    00000008     --HOLE-- [fill = 0]
                  70062c80    00000176     enet-cpsw.am263px.r5f.ti-arm-clang.freertos.debug.lib : cpsw_macport_est.obj (.text.CpswEst_setState)
                  70062df6    0000000a     --HOLE-- [fill = 0]
                  70062e00    00000176     lwip-freertos.am263px.r5f.ti-arm-clang.debug.lib : dhcp.obj (.text.dhcp_discover)
                  70062f76    0000000a     --HOLE-- [fill = 0]
                  70062f80    00000176                                                      : icmp.obj (.text.icmp_send_response)
                  700630f6    0000000a     --HOLE-- [fill = 0]
                  70063100    00000176                                                      : sys_arch.obj (.text.sys_sem_new)
                  70063276    0000000a     --HOLE-- [fill = 0]
                  70063280    00000174     enet-cpsw.am263px.r5f.ti-arm-clang.freertos.debug.lib : enetphy.obj (.text.EnetPhy_getLinkStatus)
                  700633f4    0000000c     --HOLE-- [fill = 0]
                  70063400    00000172     board.am263px.r5f.ti-arm-clang.freertos.debug.lib : eeprom_cat24m.obj (.text.EEPROM_CAT24M_write)
                  70063572    0000000e     --HOLE-- [fill = 0]
                  70063580    00000172     lwip-freertos.am263px.r5f.ti-arm-clang.debug.lib : ip4.obj (.text.ip4_route)
                  700636f2    0000000e     --HOLE-- [fill = 0]
                  70063700    00000172                                                      : sys_arch.obj (.text.sys_arch_sem_wait)
                  70063872    0000000e     --HOLE-- [fill = 0]
                  70063880    00000170     freertos.am263px.r5f.ti-arm-clang.debug.lib : queue.obj (.text.xQueueGiveFromISR)
                  700639f0    0000016c     lwip-freertos.am263px.r5f.ti-arm-clang.debug.lib : etharp.obj (.text.etharp_output_to_arp_index)
                  70063b5c    00000004     --HOLE-- [fill = 0]
                  70063b60    00000168     enet-cpsw.am263px.r5f.ti-arm-clang.freertos.debug.lib : enet_cpdma.obj (.text.EnetCpdma_rxIsrProc)
                  70063cc8    00000008     --HOLE-- [fill = 0]
                  70063cd0    00000168                                                           : enet_phymdio_dflt.obj (.text.EnetPhyMdioDflt_writeC45)
                  70063e38    00000008     --HOLE-- [fill = 0]
                  70063e40    00000166                                                           : enet_cpdma.obj (.text.EnetCpdma_openRxCh)
                  70063fa6    0000000a     --HOLE-- [fill = 0]
                  70063fb0    00000166     drivers.am263px.r5f.ti-arm-clang.freertos.debug.lib : i2c_v1_lld.obj (.text.I2C_lld_primeTransferIntr)
                  70064116    0000000a     --HOLE-- [fill = 0]
                  70064120    00000166     freertos.am263px.r5f.ti-arm-clang.debug.lib : TaskP_freertos.obj (.text.TaskP_assertParams)
                  70064286    0000000a     --HOLE-- [fill = 0]
                  70064290    00000166     lwip-freertos.am263px.r5f.ti-arm-clang.debug.lib : mem.obj (.text.mem_malloc)
                  700643f6    0000000a     --HOLE-- [fill = 0]
                  70064400    00000166                                                      : tcp_in.obj (.text.tcp_parseopt)
                  70064566    0000000a     --HOLE-- [fill = 0]
                  70064570    00000164     board.am263px.r5f.ti-arm-clang.freertos.debug.lib : dp83869.obj (.text.Dp83869_config)
                  700646d4    0000000c     --HOLE-- [fill = 0]
                  700646e0    00000164     enet-cpsw.am263px.r5f.ti-arm-clang.freertos.debug.lib : enet_rm.obj (.text.EnetRm_initHwPushObj)
                  70064844    0000000c     --HOLE-- [fill = 0]
                  70064850    00000164     xgw_udp_interface.o (.text.xgw_udp_send_imu_state)
                  700649b4    0000000c     --HOLE-- [fill = 0]
                  700649c0    00000162     drivers.am263px.r5f.ti-arm-clang.freertos.debug.lib : edma.obj (.text.EDMA_unregisterIntr)
                  70064b22    0000000e     --HOLE-- [fill = 0]
                  70064b30    00000162     enet-cpsw.am263px.r5f.ti-arm-clang.freertos.debug.lib : enet_phymdio_dflt.obj (.text.EnetPhyMdioDflt_readC45)
                  70064c92    0000000e     --HOLE-- [fill = 0]
                  70064ca0    00000160                                                           : csl_cpsw.obj (.text.CSL_CPSW_setAlePortControlReg)
                  70064e00    00000160     drivers.am263px.r5f.ti-arm-clang.freertos.debug.lib : i2c_v1_lld.obj (.text.I2C_lld_init)
                  70064f60    00000160     lwip-freertos.am263px.r5f.ti-arm-clang.debug.lib : inet_chksum.obj (.text.inet_cksum_pseudo_partial_base)
                  700650c0    00000160                                                      : tcp_in.obj (.text.tcp_free_acked_segments)
                  70065220    0000015e     enet-cpsw.am263px.r5f.ti-arm-clang.freertos.debug.lib : enet_cpdma.obj (.text.EnetDma_retrieveRxPktQ)
                  7006537e    00000002     --HOLE-- [fill = 0]
                  70065380    0000015e     lwip-freertos.am263px.r5f.ti-arm-clang.debug.lib : dhcp.obj (.text.dhcp_renew)
                  700654de    00000002     --HOLE-- [fill = 0]
                  700654e0    0000015c     enet-cpsw.am263px.r5f.ti-arm-clang.freertos.debug.lib : enet_cpdma.obj (.text.EnetCpdma_txIsr)
                  7006563c    00000004     --HOLE-- [fill = 0]
                  70065640    0000015c                                                           : enet_rm.obj (.text.EnetRm_initMacObj)
                  7006579c    00000004     --HOLE-- [fill = 0]
                  700657a0    0000015c     lwip-freertos.am263px.r5f.ti-arm-clang.debug.lib : dhcp.obj (.text.dhcp_rebind)
                  700658fc    00000004     --HOLE-- [fill = 0]
                  70065900    0000015c     freertos.am263px.r5f.ti-arm-clang.debug.lib : tasks.obj (.text.prvAddNewTaskToReadyList)
                  70065a5c    00000004     --HOLE-- [fill = 0]
                  70065a60    0000015c                                                 : tasks.obj (.text.xTaskPriorityInherit)
                  70065bbc    00000004     --HOLE-- [fill = 0]
                  70065bc0    0000015a     enet-cpsw.am263px.r5f.ti-arm-clang.freertos.debug.lib : enet_cpdma.obj (.text.EnetCpdma_netChOpen)
                  70065d1a    00000006     --HOLE-- [fill = 0]
                  70065d20    0000015a     lwip-freertos.am263px.r5f.ti-arm-clang.debug.lib : dhcp.obj (.text.dhcp_start)
                  70065e7a    00000006     --HOLE-- [fill = 0]
                  70065e80    00000158     enet-cpsw.am263px.r5f.ti-arm-clang.freertos.debug.lib : cpsw_ale.obj (.text.CpswAle_initCfg)
                  70065fd8    00000008     --HOLE-- [fill = 0]
                  70065fe0    00000158     ti_enet_config.o (.text.EnetApp_initializeMacAddrPool)
                  70066138    00000008     --HOLE-- [fill = 0]
                  70066140    00000158     enet-cpsw.am263px.r5f.ti-arm-clang.freertos.debug.lib : enet_phymdio_dflt.obj (.text.EnetPhyMdioDflt_writeC22)
                  70066298    00000008     --HOLE-- [fill = 0]
                  700662a0    00000158     drivers.am263px.r5f.ti-arm-clang.freertos.debug.lib : soc.obj (.text.SOC_controlModuleUnlockMMR)
                  700663f8    00000008     --HOLE-- [fill = 0]
                  70066400    00000158     lwip-freertos.am263px.r5f.ti-arm-clang.debug.lib : dhcp.obj (.text.dhcp_handle_ack)
                  70066558    00000008     --HOLE-- [fill = 0]
                  70066560    00000158                                                      : etharp.obj (.text.etharp_tmr)
                  700666b8    00000008     --HOLE-- [fill = 0]
                  700666c0    00000158                                                      : raw.obj (.text.raw_input)
                  70066818    00000008     --HOLE-- [fill = 0]
                  70066820    00000156     enet-cpsw.am263px.r5f.ti-arm-clang.freertos.debug.lib : enet_cpdma.obj (.text.EnetDma_submitTxPktQ)
                  70066976    0000000a     --HOLE-- [fill = 0]
                  70066980    00000154                                                           : enet_cpdma.obj (.text.EnetDma_retrieveTxPktQ)
                  70066ad4    00000004     --HOLE-- [fill = 0]
                  70066ad8    00000154     libc.a : s_floor.c.obj (.text.floor)
                  70066c2c    00000004     --HOLE-- [fill = 0]
                  70066c30    00000152     drivers.am263px.r5f.ti-arm-clang.freertos.debug.lib : uart_v0_lld.obj (.text.UART_lld_initDma)
                  70066d82    0000000e     --HOLE-- [fill = 0]
                  70066d90    00000150     enet-cpsw.am263px.r5f.ti-arm-clang.freertos.debug.lib : enet_phymdio_dflt.obj (.text.EnetPhyMdioDflt_readC22)
                  70066ee0    00000150                                                           : enet_rm.obj (.text.EnetRm_delCoreAttached)
                  70067030    00000150     libc.a : s_scalbn.c.obj (.text.scalbn)
                  70067180    0000014e     ti_enet_lwipif.o (.text.LwipifEnetApp_createPollTask)
                  700672ce    00000002     --HOLE-- [fill = 0]
                  700672d0    0000014e     lwip-freertos.am263px.r5f.ti-arm-clang.debug.lib : sys_arch.obj (.text.sys_arch_unprotect)
                  7006741e    00000002     --HOLE-- [fill = 0]
                  70067420    0000014e     freertos.am263px.r5f.ti-arm-clang.debug.lib : tasks.obj (.text.xTaskPriorityDisinherit)
                  7006756e    00000002     --HOLE-- [fill = 0]
                  70067570    0000014c     enet-cpsw.am263px.r5f.ti-arm-clang.freertos.debug.lib : enet_cpdma.obj (.text.EnetDma_submitRxPktQ)
                  700676bc    00000004     --HOLE-- [fill = 0]
                  700676c0    0000014c     freertos.am263px.r5f.ti-arm-clang.debug.lib : queue.obj (.text.xQueueReceiveFromISR)
                  7006780c    00000004     --HOLE-- [fill = 0]
                  70067810    00000148     enet-cpsw.am263px.r5f.ti-arm-clang.freertos.debug.lib : cpsw_ale.obj (.text.CpswAle_setPolicerPartitionLevel)
                  70067958    00000008     --HOLE-- [fill = 0]
                  70067960    00000148     lwip-freertos.am263px.r5f.ti-arm-clang.debug.lib : netif.obj (.text.netif_set_addr)
                  70067aa8    00000008     --HOLE-- [fill = 0]
                  70067ab0    00000148                                                      : tcp_in.obj (.text.tcp_timewait_input)
                  70067bf8    00000008     --HOLE-- [fill = 0]
                  70067c00    00000148                                                      : udp.obj (.text.udp_sendto)
                  70067d48    00000008     --HOLE-- [fill = 0]
                  70067d50    00000146     enet-cpsw.am263px.r5f.ti-arm-clang.freertos.debug.lib : cpsw_ioctl.obj (.text.Cpsw_closePortLink)
                  70067e96    0000000a     --HOLE-- [fill = 0]
                  70067ea0    00000146     lwip-freertos.am263px.r5f.ti-arm-clang.debug.lib : udp.obj (.text.udp_input_local_match)
                  70067fe6    0000000a     --HOLE-- [fill = 0]
                  70067ff0    00000144     freertos.am263px.r5f.ti-arm-clang.debug.lib : tasks.obj (.text.prvInitialiseNewTask)
                  70068134    00000144     libc.a : setvbuf.c.obj (.text.setvbuf)
                  70068278    00000008     --HOLE-- [fill = 0]
                  70068280    00000144     lwip-freertos.am263px.r5f.ti-arm-clang.debug.lib : tcp.obj (.text.tcp_close_shutdown_fin)
                  700683c4    0000000c     --HOLE-- [fill = 0]
                  700683d0    00000142     enet-cpsw.am263px.r5f.ti-arm-clang.freertos.debug.lib : cpsw_ale_ioctl.obj (.text.CpswAle_delPortUcastEntries)
                  70068512    0000000e     --HOLE-- [fill = 0]
                  70068520    00000142     lwip-freertos.am263px.r5f.ti-arm-clang.debug.lib : igmp.obj (.text.igmp_lookup_group)
                  70068662    0000000e     --HOLE-- [fill = 0]
                  70068670    00000140                                                      : pbuf.obj (.text.pbuf_cat)
                  700687b0    0000013e     enet-cpsw.am263px.r5f.ti-arm-clang.freertos.debug.lib : csl_cpsw_ale_9g_tblcfg.obj (.text.CSL_CPSW_setAleVlanUnicastAddrEntry)
                  700688ee    00000002     --HOLE-- [fill = 0]
                  700688f0    0000013e                                                           : enet_cpdma.obj (.text.EnetCpdma_openTxCh)
                  70068a2e    00000002     --HOLE-- [fill = 0]
                  70068a30    0000013e     drivers.am263px.r5f.ti-arm-clang.freertos.debug.lib : i2c_v1.obj (.text.I2C_mem_primeTransfer)
                  70068b6e    00000002     --HOLE-- [fill = 0]
                  70068b70    0000013e     lwip-freertos.am263px.r5f.ti-arm-clang.debug.lib : pbuf.obj (.text.pbuf_copy_partial)
                  70068cae    00000002     --HOLE-- [fill = 0]
                  70068cb0    0000013a     board.am263px.r5f.ti-arm-clang.freertos.debug.lib : dp83869.obj (.text.Dp83869_enableAdvertisement)
                  70068dea    00000006     --HOLE-- [fill = 0]
                  70068df0    0000013a     drivers.am263px.r5f.ti-arm-clang.freertos.debug.lib : edma.obj (.text.EDMA_isDmaChannelAllocated)
                  70068f2a    00000006     --HOLE-- [fill = 0]
                  70068f30    0000013a     enet-cpsw.am263px.r5f.ti-arm-clang.freertos.debug.lib : enet_phymdio_dflt.obj (.text.EnetPhyMdioDflt_isAlive)
                  7006906a    00000006     --HOLE-- [fill = 0]
                  70069070    0000013a                                                           : enet_phymdio_dflt.obj (.text.EnetPhyMdioDflt_isLinked)
                  700691aa    00000006     --HOLE-- [fill = 0]
                  700691b0    0000013a                                                           : enet.obj (.text.Enet_ioctl)
                  700692ea    00000006     --HOLE-- [fill = 0]
                  700692f0    0000013a     board.am263px.r5f.ti-arm-clang.freertos.debug.lib : generic_phy.obj (.text.GenericPhy_enableAdvertisement)
                  7006942a    00000006     --HOLE-- [fill = 0]
                  70069430    0000013a     drivers.am263px.r5f.ti-arm-clang.freertos.debug.lib : i2c_v1_lld.obj (.text.I2C_lld_mem_write)
                  7006956a    00000006     --HOLE-- [fill = 0]
                  70069570    0000013a     lwip-freertos.am263px.r5f.ti-arm-clang.debug.lib : dhcp.obj (.text.dhcp_release_and_stop)
                  700696aa    00000006     --HOLE-- [fill = 0]
                  700696b0    00000138     enet-cpsw.am263px.r5f.ti-arm-clang.freertos.debug.lib : cpsw_cpts_ioctl.obj (.text.CpswCpts_ioctl_handler_CPSW_CPTS_IOCTL_SET_ESTF)
                  700697e8    00000008     --HOLE-- [fill = 0]
                  700697f0    00000138     freertos.am263px.r5f.ti-arm-clang.debug.lib : printf.obj (.text._ntoa_long_long)
                  70069928    00000008     --HOLE-- [fill = 0]
                  70069930    00000136     board.am263px.r5f.ti-arm-clang.freertos.debug.lib : dp83869.obj (.text.Dp83869_disableAdvertisement)
                  70069a66    0000000a     --HOLE-- [fill = 0]
                  70069a70    00000136     enet-cpsw.am263px.r5f.ti-arm-clang.freertos.debug.lib : enet_appmemutils.obj (.text.EnetMem_initMemObjs)
                  70069ba6    0000000a     --HOLE-- [fill = 0]
                  70069bb0    00000136     board.am263px.r5f.ti-arm-clang.freertos.debug.lib : generic_phy.obj (.text.GenericPhy_disableAdvertisement)
                  70069ce6    0000000a     --HOLE-- [fill = 0]
                  70069cf0    00000136     drivers.am263px.r5f.ti-arm-clang.freertos.debug.lib : uart_v0_lld.obj (.text.UART_procLineStatusErr)
                  70069e26    0000000a     --HOLE-- [fill = 0]
                  70069e30    00000136     lwip-freertos.am263px.r5f.ti-arm-clang.debug.lib : tcp_out.obj (.text.tcp_rst_common)
                  70069f66    0000000a     --HOLE-- [fill = 0]
                  70069f70    00000134     drivers.am263px.r5f.ti-arm-clang.freertos.debug.lib : edma.obj (.text.EDMA_registerIntr)
                  7006a0a4    0000000c     --HOLE-- [fill = 0]
                  7006a0b0    00000134                                                         : uart_v0_lld.obj (.text.UART_writePolling)
                  7006a1e4    0000000c     --HOLE-- [fill = 0]
                  7006a1f0    00000134     freertos.am263px.r5f.ti-arm-clang.debug.lib : tasks.obj (.text.vTaskDelete)
                  7006a324    0000000c     --HOLE-- [fill = 0]
                  7006a330    00000132     enet-cpsw.am263px.r5f.ti-arm-clang.freertos.debug.lib : csl_cpsw_ale_9g_tblcfg.obj (.text.CSL_CPSW_setAleVlanMcastAddrEntry)
                  7006a462    0000000e     --HOLE-- [fill = 0]
                  7006a470    00000132                                                           : cpsw.obj (.text.Cpsw_dmaMiscIsr)
                  7006a5a2    0000000e     --HOLE-- [fill = 0]
                  7006a5b0    00000130                                                           : csl_cpsw_ale_9g_tblcfg.obj (.text.CSL_CPSW_setAleUnicastAddrEntry)
                  7006a6e0    00000130                                                           : enet.obj (.text.EnetPer_open)
                  7006a810    00000130     lwip-freertos.am263px.r5f.ti-arm-clang.debug.lib : tcp_in.obj (.text.tcp_oos_insert_segment)
                  7006a940    0000012e                                                      : igmp.obj (.text.igmp_send)
                  7006aa6e    00000002     --HOLE-- [fill = 0]
                  7006aa70    0000012c     enet-cpsw.am263px.r5f.ti-arm-clang.freertos.debug.lib : enet_osal.obj (.text.EnetOsal_registerIntr)
                  7006ab9c    00000004     --HOLE-- [fill = 0]
                  7006aba0    0000012c                                                           : enet_rm.obj (.text.EnetRm_validateResPartInfo)
                  7006accc    00000004     --HOLE-- [fill = 0]
                  7006acd0    0000012c     drivers.am263px.r5f.ti-arm-clang.freertos.debug.lib : i2c_v1_lld.obj (.text.I2C_lld_mem_read)
                  7006adfc    00000004     --HOLE-- [fill = 0]
                  7006ae00    0000012c                                                         : uart_v0_lld.obj (.text.UART_lld_init)
                  7006af2c    00000004     --HOLE-- [fill = 0]
                  7006af30    0000012c     freertos.am263px.r5f.ti-arm-clang.debug.lib : tasks.obj (.text.ulTaskGenericNotifyTake)
                  7006b05c    00000004     --HOLE-- [fill = 0]
                  7006b060    0000012a     enet-cpsw.am263px.r5f.ti-arm-clang.freertos.debug.lib : enet_utils.obj (.text.EnetUtils_macToPhyMii)
                  7006b18a    00000006     --HOLE-- [fill = 0]
                  7006b190    00000128                                                           : enet_cpdmautils.obj (.text.EnetAppUtils_isDescCached)
                  7006b2b8    00000008     --HOLE-- [fill = 0]
                  7006b2c0    00000128     drivers.am263px.r5f.ti-arm-clang.freertos.debug.lib : i2c_v1_lld.obj (.text.I2C_lld_mem_writeIntr)
                  7006b3e8    00000008     --HOLE-- [fill = 0]
                  7006b3f0    00000128     freertos.am263px.r5f.ti-arm-clang.debug.lib : port.obj (.text.pxPortInitialiseStack)
                  7006b518    00000008     --HOLE-- [fill = 0]
                  7006b520    00000126     drivers.am263px.r5f.ti-arm-clang.freertos.debug.lib : soc.obj (.text.SOC_controlModuleLockMMR)
                  7006b646    0000000a     --HOLE-- [fill = 0]
                  7006b650    00000126     lwip-freertos.am263px.r5f.ti-arm-clang.debug.lib : pbuf.obj (.text.pbuf_take_at)
                  7006b776    0000000a     --HOLE-- [fill = 0]
                  7006b780    00000126                                                      : timeouts.obj (.text.sys_timeout_abs)
                  7006b8a6    0000000a     --HOLE-- [fill = 0]
                  7006b8b0    00000126                                                      : tcp_out.obj (.text.tcp_rexmit)
                  7006b9d6    0000000a     --HOLE-- [fill = 0]
                  7006b9e0    00000124     enet-cpsw.am263px.r5f.ti-arm-clang.freertos.debug.lib : csl_cpsw_ale_9g_tblcfg.obj (.text.CSL_CPSW_setAleMcastAddrEntry)
                  7006bb04    0000000c     --HOLE-- [fill = 0]
                  7006bb10    00000124                                                           : cpsw_ale.obj (.text.CpswAle_setIoctlHandlerFxn)
                  7006bc34    0000000c     --HOLE-- [fill = 0]
                  7006bc40    00000124                                                           : cpsw_cpts.obj (.text.CpswCpts_setIoctlHandlerFxn)
                  7006bd64    0000000c     --HOLE-- [fill = 0]
                  7006bd70    00000124                                                           : cpsw_hostport.obj (.text.CpswHostPort_setIoctlHandlerFxn)
                  7006be94    0000000c     --HOLE-- [fill = 0]
                  7006bea0    00000124                                                           : cpsw_macport_est.obj (.text.CpswMacPortEst_setIoctlHandlerFxn)
                  7006bfc4    0000000c     --HOLE-- [fill = 0]
                  7006bfd0    00000124                                                           : cpsw_macport.obj (.text.CpswMacPort_setIoctlHandlerFxn)
                  7006c0f4    0000000c     --HOLE-- [fill = 0]
                  7006c100    00000124                                                           : cpsw_stats.obj (.text.CpswStats_setIoctlHandlerFxn)
                  7006c224    0000000c     --HOLE-- [fill = 0]
                  7006c230    00000124                                                           : cpsw.obj (.text.Cpsw_initCfg)
                  7006c354    0000000c     --HOLE-- [fill = 0]
                  7006c360    00000124                                                           : cpsw.obj (.text.Cpsw_setIoctlHandlerFxn)
                  7006c484    0000000c     --HOLE-- [fill = 0]
                  7006c490    00000124                                                           : enet_phymdio_dflt.obj (.text.EnetPhyMdioDflt_setIoctlHandlerFxn)
                  7006c5b4    0000000c     --HOLE-- [fill = 0]
                  7006c5c0    00000124                                                           : enet_rm.obj (.text.EnetRm_setIoctlHandlerFxn)
                  7006c6e4    0000000c     --HOLE-- [fill = 0]
                  7006c6f0    00000124                                                           : mdio.obj (.text.Mdio_setIoctlHandlerFxn)
                  7006c814    0000000c     --HOLE-- [fill = 0]
                  7006c820    00000122                                                           : cpsw_ale_ioctl.obj (.text.CpswAle_addUcastAddr)
                  7006c942    0000000e     --HOLE-- [fill = 0]
                  7006c950    00000122     ti_enet_open_close.o (.text.EnetApp_driverClose)
                  7006ca72    0000000e     --HOLE-- [fill = 0]
                  7006ca80    00000120     enet-cpsw.am263px.r5f.ti-arm-clang.freertos.debug.lib : cpsw_est.obj (.text.CpswEst_setIoctlHandlerFxn)
                  7006cba0    00000120                                                           : enet_rm_ioctl.obj (.text.EnetRm_allocInternalRxFlowIdx)
                  7006ccc0    00000120                                                           : mdio_manual_ioctl.obj (.text.Mdio_manualModePhyRegRead22)
                  7006cde0    00000120     drivers.am263px.r5f.ti-arm-clang.freertos.debug.lib : soc_rcm.obj (.text.SOC_rcmGetPeripheralClockFrequency)
                  7006cf00    0000011e     ti_enet_lwipif.o (.text.LwipifEnetApp_getRxChIDs)
                  7006d01e    00000002     --HOLE-- [fill = 0]
                  7006d020    0000011e     enet-cpsw.am263px.r5f.ti-arm-clang.freertos.debug.lib : mdio_manual_ioctl.obj (.text.Mdio_manualModePhyRegValReadC45)
                  7006d13e    00000002     --HOLE-- [fill = 0]
                  7006d140    0000011e     lwip-freertos.am263px.r5f.ti-arm-clang.debug.lib : pbuf.obj (.text.pbuf_add_header_impl)
                  7006d25e    00000002     --HOLE-- [fill = 0]
                  7006d260    0000011e     freertos.am263px.r5f.ti-arm-clang.debug.lib : tasks.obj (.text.xTaskDelayUntil)
                  7006d37e    00000002     --HOLE-- [fill = 0]
                  7006d380    0000011c     enet-cpsw.am263px.r5f.ti-arm-clang.freertos.debug.lib : csl_cpsw_ale_9g_tblcfg.obj (.text.CSL_CPSW_setAleVlanEntry)
                  7006d49c    00000004     --HOLE-- [fill = 0]
                  7006d4a0    0000011c     ti_enet_open_close.o (.text.EnetAppUtils_openRxCh)
                  7006d5bc    00000004     --HOLE-- [fill = 0]
                  7006d5c0    0000011c     enet-cpsw.am263px.r5f.ti-arm-clang.freertos.debug.lib : enet_cpdma.obj (.text.EnetCpdma_setSOPInfo)
                  7006d6dc    00000004     --HOLE-- [fill = 0]
                  7006d6e0    0000011c                                                           : enet_queue.obj (.text.EnetQueue_append)
                  7006d7fc    00000004     --HOLE-- [fill = 0]
                  7006d800    0000011c                                                           : enet_utils.obj (.text.EnetUtils_delayNs)
                  7006d91c    00000004     --HOLE-- [fill = 0]
                  7006d920    0000011c     ti_enet_lwipif.o (.text.LwipifEnetApp_netifOpen)
                  7006da3c    00000004     --HOLE-- [fill = 0]
                  7006da40    0000011c     enet-cpsw.am263px.r5f.ti-arm-clang.freertos.debug.lib : mdio_ioctl.obj (.text.Mdio_writeRegC45)
                  7006db5c    00000004     --HOLE-- [fill = 0]
                  7006db60    0000011c     drivers.am263px.r5f.ti-arm-clang.freertos.debug.lib : uart_dma_edma.obj (.text.UART_lld_dmaRead)
                  7006dc7c    00000004     --HOLE-- [fill = 0]
                  7006dc80    0000011c     lwip-freertos.am263px.r5f.ti-arm-clang.debug.lib : tcp_out.obj (.text.tcp_rexmit_rto_prepare)
                  7006dd9c    00000004     --HOLE-- [fill = 0]
                  7006dda0    0000011a     enet-cpsw.am263px.r5f.ti-arm-clang.freertos.debug.lib : csl_cpsw_ale_9g_tblcfg.obj (.text.CSL_CPSW_setAleOutVlanEntry)
                  7006deba    00000006     --HOLE-- [fill = 0]
                  7006dec0    0000011a                                                           : enetphy.obj (.text.EnetPhy_setupManual)
                  7006dfda    00000006     --HOLE-- [fill = 0]
                  7006dfe0    0000011a     drivers.am263px.r5f.ti-arm-clang.freertos.debug.lib : i2c_v1_lld.obj (.text.I2C_lld_mem_readIntr)
                  7006e0fa    00000006     --HOLE-- [fill = 0]
                  7006e100    00000118     enet-cpsw.am263px.r5f.ti-arm-clang.freertos.debug.lib : enetphy.obj (.text.EnetPhy_resetWaitState)
                  7006e218    00000008     --HOLE-- [fill = 0]
                  7006e220    00000118                                                           : enetphy.obj (.text.EnetPhy_setupNway)
                  7006e338    00000008     --HOLE-- [fill = 0]
                  7006e340    00000118     lwip-freertos.am263px.r5f.ti-arm-clang.debug.lib : sys_arch.obj (.text.sys_mbox_trypost)
                  7006e458    00000008     --HOLE-- [fill = 0]
                  7006e460    00000118                                                      : tcp.obj (.text.tcp_process_refused_data)
                  7006e578    00000008     --HOLE-- [fill = 0]
                  7006e580    00000118                                                      : tcp.obj (.text.tcp_update_rcv_ann_wnd)
                  7006e698    00000118     libclang_rt.builtins.a : udivmoddi4.S.obj (.text)
                  7006e7b0    00000116     drivers.am263px.r5f.ti-arm-clang.freertos.debug.lib : edma.obj (.text.EDMA_isTccAllocated)
                  7006e8c6    0000000a     --HOLE-- [fill = 0]
                  7006e8d0    00000116     enet-cpsw.am263px.r5f.ti-arm-clang.freertos.debug.lib : mdio_ioctl.obj (.text.Mdio_handleIntr)
                  7006e9e6    0000000a     --HOLE-- [fill = 0]
                  7006e9f0    00000116     drivers.am263px.r5f.ti-arm-clang.freertos.debug.lib : uart_v0_lld.obj (.text.UART_divisorLatchWrite)
                  7006eb06    0000000a     --HOLE-- [fill = 0]
                  7006eb10    00000114     freertos.am263px.r5f.ti-arm-clang.debug.lib : printf.obj (.text._ntoa_long)
                  7006ec24    0000000c     --HOLE-- [fill = 0]
                  7006ec30    00000112     enet-cpsw.am263px.r5f.ti-arm-clang.freertos.debug.lib : enetphy.obj (.text.EnetPhy_tick)
                  7006ed42    0000000e     --HOLE-- [fill = 0]
                  7006ed50    00000110     freertos.am263px.r5f.ti-arm-clang.debug.lib : DebugP_shmLogReader.obj (.text.DebugP_shmLogRead)
                  7006ee60    00000110                                                 : DebugP_shmLogReader.obj (.text.DebugP_shmLogReaderTaskMain)
                  7006ef70    00000110     enet-cpsw.am263px.r5f.ti-arm-clang.freertos.debug.lib : enetphy.obj (.text.EnetPhy_rmwReg)
                  7006f080    0000010e                                                           : enet_cpdma.obj (.text.EnetCpdma_initRxChannel)
                  7006f18e    00000002     --HOLE-- [fill = 0]
                  7006f190    0000010e     drivers.am263px.r5f.ti-arm-clang.freertos.debug.lib : soc_rcm.obj (.text.SOC_rcmADPLLJGetFOut)
                  7006f29e    00000002     --HOLE-- [fill = 0]
                  7006f2a0    0000010e     lwip-freertos.am263px.r5f.ti-arm-clang.debug.lib : netif.obj (.text.netif_do_set_ipaddr)
                  7006f3ae    00000002     --HOLE-- [fill = 0]
                  7006f3b0    0000010e                                                      : udp.obj (.text.udp_sendto_if)
                  7006f4be    00000002     --HOLE-- [fill = 0]
                  7006f4c0    0000010e     freertos.am263px.r5f.ti-arm-clang.debug.lib : queue.obj (.text.xQueueGenericReset)
                  7006f5ce    00000002     --HOLE-- [fill = 0]
                  7006f5d0    0000010c     enet-cpsw.am263px.r5f.ti-arm-clang.freertos.debug.lib : enet_cpdma.obj (.text.EnetCpdma_initTxChannel)
                  7006f6dc    00000004     --HOLE-- [fill = 0]
                  7006f6e0    0000010c     lwip-freertos.am263px.r5f.ti-arm-clang.debug.lib : sys_arch.obj (.text.sys_arch_protect)
                  7006f7ec    00000004     --HOLE-- [fill = 0]
                  7006f7f0    0000010c                                                      : udp.obj (.text.udp_connect)
                  7006f8fc    00000004     --HOLE-- [fill = 0]
                  7006f900    0000010a     enet-cpsw.am263px.r5f.ti-arm-clang.freertos.debug.lib : csl_cpsw.obj (.text.CSL_CPSW_setCpswControlReg)
                  7006fa0a    00000006     --HOLE-- [fill = 0]
                  7006fa10    0000010a     drivers.am263px.r5f.ti-arm-clang.freertos.debug.lib : ipc_notify_v1.obj (.text.IpcNotify_sendMsg)
                  7006fb1a    00000006     --HOLE-- [fill = 0]
                  7006fb20    00000108     lwip-freertos.am263px.r5f.ti-arm-clang.debug.lib : sys_arch.obj (.text.sys_mbox_new)
                  7006fc28    00000008     --HOLE-- [fill = 0]
                  7006fc30    00000108                                                      : tcp_out.obj (.text.tcp_output_alloc_header_common)
                  7006fd38    00000008     --HOLE-- [fill = 0]
                  7006fd40    00000106     ti_enet_open_close.o (.text.EnetApp_getRxDmaHandle)
                  7006fe46    0000000a     --HOLE-- [fill = 0]
                  7006fe50    00000106     enet-cpsw.am263px.r5f.ti-arm-clang.freertos.debug.lib : enet_rm.obj (.text.EnetRm_initTxObj)
                  7006ff56    0000000a     --HOLE-- [fill = 0]
                  7006ff60    00000106     freertos.am263px.r5f.ti-arm-clang.debug.lib : tasks.obj (.text.prvAddCurrentTaskToDelayedList)
                  70070066    0000000a     --HOLE-- [fill = 0]
                  70070070    00000104     enet-cpsw.am263px.r5f.ti-arm-clang.freertos.debug.lib : csl_cpsw.obj (.text.CSL_CPSW_setPortEstConfig)
                  70070174    0000000c     --HOLE-- [fill = 0]
                  70070180    00000104     drivers.am263px.r5f.ti-arm-clang.freertos.debug.lib : i2c_v1.obj (.text.I2C_close)
                  70070284    0000000c     --HOLE-- [fill = 0]
                  70070290    00000104     lwipif-cpsw-freertos.am263px.r5f.ti-arm-clang.debug.lib : lwip2lwipif.obj (.text.LWIPIF_LWIP_UdpLiteValidateChkSum)
                  70070394    0000000c     --HOLE-- [fill = 0]
                  700703a0    00000104     drivers.am263px.r5f.ti-arm-clang.freertos.debug.lib : uart_v0_lld.obj (.text.UART_configInstance)
                  700704a4    0000000c     --HOLE-- [fill = 0]
                  700704b0    00000104     gateway_shared.o (.text.gateway_ringbuf_write)
                  700705b4    0000000c     --HOLE-- [fill = 0]
                  700705c0    00000100     enet-cpsw.am263px.r5f.ti-arm-clang.freertos.debug.lib : enet_osal.obj (.text.EnetOsal_createMutex)
                  700706c0    00000100                                                           : enetphy.obj (.text.EnetPhy_getId)
                  700707c0    000000fe                                                           : cpsw_stats.obj (.text.CpswStats_resetMacStats)
                  700708be    00000002     --HOLE-- [fill = 0]
                  700708c0    000000fe     lwip-freertos.am263px.r5f.ti-arm-clang.debug.lib : tcp_out.obj (.text.tcp_send_empty_ack)
                  700709be    00000002     --HOLE-- [fill = 0]
                  700709c0    000000fc     ti_enet_open_close.o (.text.EnetApp_createPhyStateHandlerTask)
                  70070abc    00000004     --HOLE-- [fill = 0]
                  70070ac0    000000fc     lwipif-cpsw-freertos.am263px.r5f.ti-arm-clang.debug.lib : lwip2enet.obj (.text.Lwip2Enet_sendTxPackets)
                  70070bbc    00000004     --HOLE-- [fill = 0]
                  70070bc0    000000fc     gateway_shared.o (.text.gateway_ringbuf_core0_init)
                  70070cbc    00000004     --HOLE-- [fill = 0]
                  70070cc0    000000fc     lwip-freertos.am263px.r5f.ti-arm-clang.debug.lib : ip4_addr.obj (.text.ip4addr_ntoa_r)
                  70070dbc    00000004     --HOLE-- [fill = 0]
                  70070dc0    000000fc     test.o (.text.main_loop)
                  70070ebc    00000004     --HOLE-- [fill = 0]
                  70070ec0    000000fa     enet-cpsw.am263px.r5f.ti-arm-clang.freertos.debug.lib : enet_cpdma_priv.obj (.text.EnetCpdmaStats_updateNotifyStats)
                  70070fba    00000006     --HOLE-- [fill = 0]
                  70070fc0    000000f8                                                           : csl_cpts.obj (.text.CSL_CPTS_setCntlReg)
                  700710b8    00000008     --HOLE-- [fill = 0]
                  700710c0    000000f8                                                           : cpsw.obj (.text.Cpsw_ioctlInternal)
                  700711b8    00000008     --HOLE-- [fill = 0]
                  700711c0    000000f6                                                           : cpsw_ioctl.obj (.text.Cpsw_internalIoctl_handler_ENET_PER_IOCTL_ATTACH_CORE)
                  700712b6    0000000a     --HOLE-- [fill = 0]
                  700712c0    000000f6                                                           : enetphy.obj (.text.EnetPhy_clearIsolateState)
                  700713b6    0000000a     --HOLE-- [fill = 0]
                  700713c0    000000f6                                                           : enetphy.obj (.text.EnetPhy_setIsolateState)
                  700714b6    0000000a     --HOLE-- [fill = 0]
                  700714c0    000000f6                                                           : enet_queue.obj (.text.EnetQueue_enq)
                  700715b6    0000000a     --HOLE-- [fill = 0]
                  700715c0    000000f6     lwip-freertos.am263px.r5f.ti-arm-clang.debug.lib : ip4_frag.obj (.text.ip_reass_remove_oldest_datagram)
                  700716b6    0000000a     --HOLE-- [fill = 0]
                  700716c0    000000f4     enet-cpsw.am263px.r5f.ti-arm-clang.freertos.debug.lib : cpsw.obj (.text.Cpsw_handleMdioLinkStateChange)
                  700717b4    0000000c     --HOLE-- [fill = 0]
                  700717c0    000000f4                                                           : enet.obj (.text.EnetPer_ioctl)
                  700718b4    0000000c     --HOLE-- [fill = 0]
                  700718c0    000000f4                                                           : enet.obj (.text.Enet_open)
                  700719b4    0000000c     --HOLE-- [fill = 0]
                  700719c0    000000f4     freertos.am263px.r5f.ti-arm-clang.debug.lib : tasks.obj (.text.prvCreateStaticTask)
                  70071ab4    0000000c     --HOLE-- [fill = 0]
                  70071ac0    000000f4     lwip-freertos.am263px.r5f.ti-arm-clang.debug.lib : tcp_out.obj (.text.tcp_output_control_segment_netif)
                  70071bb4    0000000c     --HOLE-- [fill = 0]
                  70071bc0    000000f4     test.o (.text.test_init)
                  70071cb4    0000000c     --HOLE-- [fill = 0]
                  70071cc0    000000f2     enet-cpsw.am263px.r5f.ti-arm-clang.freertos.debug.lib : cpsw_macport.obj (.text.CpswMacPort_setSwitchTxSched)
                  70071db2    0000000e     --HOLE-- [fill = 0]
                  70071dc0    000000f2                                                           : enet_queue.obj (.text.EnetQueue_verifyQCount)
                  70071eb2    0000000e     --HOLE-- [fill = 0]
                  70071ec0    000000f0     drivers.am263px.r5f.ti-arm-clang.freertos.debug.lib : i2c_v1.obj (.text.I2C_LLD_targetTransferCompleteCallback)
                  70071fb0    000000f0     lwip-freertos.am263px.r5f.ti-arm-clang.debug.lib : sys_arch.obj (.text.sys_sem_signal)
                  700720a0    000000ee                                                      : tcp_out.obj (.text.tcp_rexmit_fast)
                  7007218e    00000002     --HOLE-- [fill = 0]
                  70072190    000000ec     enet-cpsw.am263px.r5f.ti-arm-clang.freertos.debug.lib : cpsw_ioctl.obj (.text.Cpsw_internalIoctl_handler_ENET_PER_IOCTL_OPEN_PORT_LINK)
                  7007227c    00000004     --HOLE-- [fill = 0]
                  70072280    000000ec                                                           : enet_rm_ioctl.obj (.text.EnetRm_addCoreAttached)
                  7007236c    00000004     --HOLE-- [fill = 0]
                  70072370    000000ec     freertos.am263px.r5f.ti-arm-clang.debug.lib : queue.obj (.text.xQueueGenericCreateStatic)
                  7007245c    00000004     --HOLE-- [fill = 0]
                  70072460    000000ea     enet-cpsw.am263px.r5f.ti-arm-clang.freertos.debug.lib : enetphy.obj (.text.EnetPhy_getManualCaps)
                  7007254a    00000006     --HOLE-- [fill = 0]
                  70072550    000000ea     drivers.am263px.r5f.ti-arm-clang.freertos.debug.lib : i2c_v1_lld.obj (.text.I2C_lld_targetTransferIntr)
                  7007263a    00000006     --HOLE-- [fill = 0]
                  70072640    000000ea     ti_enet_lwipif.o (.text.LwipifEnetApp_getTxChIDs)
                  7007272a    00000006     --HOLE-- [fill = 0]
                  70072730    000000e8     enet-cpsw.am263px.r5f.ti-arm-clang.freertos.debug.lib : enetphy.obj (.text.EnetPhy_findCommonCaps)
                  70072818    00000008     --HOLE-- [fill = 0]
                  70072820    000000e8                                                           : enet_rm_ioctl.obj (.text.EnetRm_allocRxFlowIdx)
                  70072908    00000008     --HOLE-- [fill = 0]
                  70072910    000000e8                                                           : mdio.obj (.text.Mdio_close)
                  700729f8    00000008     --HOLE-- [fill = 0]
                  70072a00    000000e8     gateway_shared.o (.text.gateway_wait_motor_config_ready)
                  70072ae8    00000008     --HOLE-- [fill = 0]
                  70072af0    000000e8     lwip-freertos.am263px.r5f.ti-arm-clang.debug.lib : tcp.obj (.text.tcp_recved)
                  70072bd8    00000008     --HOLE-- [fill = 0]
                  70072be0    000000e8                                                      : tcpip.obj (.text.tcpip_init)
                  70072cc8    00000008     --HOLE-- [fill = 0]
                  70072cd0    000000e6     board.am263px.r5f.ti-arm-clang.freertos.debug.lib : dp83869.obj (.text.Dp83869_setClkDelay)
                  70072db6    0000000a     --HOLE-- [fill = 0]
                  70072dc0    000000e6     drivers.am263px.r5f.ti-arm-clang.freertos.debug.lib : soc_rcm.obj (.text.SOC_rcmGetCoreFout)
                  70072ea6    0000000a     --HOLE-- [fill = 0]
                  70072eb0    000000e6                                                         : soc_rcm.obj (.text.SOC_rcmGetPerFout)
                  70072f96    0000000a     --HOLE-- [fill = 0]
                  70072fa0    000000e6     lwip-freertos.am263px.r5f.ti-arm-clang.debug.lib : tcp.obj (.text.tcp_fasttmr)
                  70073086    0000000a     --HOLE-- [fill = 0]
                  70073090    000000e4     enet-cpsw.am263px.r5f.ti-arm-clang.freertos.debug.lib : cpsw_macport.obj (.text.CpswMacPort_setInterface)
                  70073174    0000000c     --HOLE-- [fill = 0]
                  70073180    000000e4     drivers.am263px.r5f.ti-arm-clang.freertos.debug.lib : edma.obj (.text.EDMA_freeChannelRegion)
                  70073264    0000000c     --HOLE-- [fill = 0]
                  70073270    000000e4     enet-cpsw.am263px.r5f.ti-arm-clang.freertos.debug.lib : enet_rm.obj (.text.EnetRm_getFreeQ)
                  70073354    0000000c     --HOLE-- [fill = 0]
                  70073360    000000e2                                                           : csl_cpsw.obj (.text.CSL_CPSW_getAlePortControlReg)
                  70073442    0000000e     --HOLE-- [fill = 0]
[...]
700a27f0  gStaticIPGateway                                                       
700a27f4  gStaticIPNetmask                                                       
700a27f8  ip_addr_any                                                            
700a27fc  ip_addr_broadcast                                                      
700a2860  __BSS_START                                                            
700a2860  memp_memory_POOL_1568_base                                             
700b547f  memp_memory_POOL_4096_base                                             
700bd520  memp_memory_POOL_128_base                                              
700c4ed8  memp_memory_NETBUF_base                                                
700c5ef7  memp_memory_PBUF_base                                                  
700c6f16  memp_memory_TCPIP_MSG_API_base                                         
700c7f35  memp_memory_TCPIP_MSG_INPKT_base                                       
700c8f54  memp_memory_TCP_SEG_base                                               
700c9f74  pfreeQ                                                                 
700cdd00  memp_memory_SYS_MBOX_base                                              
700cf0a0  memp_memory_RX_POOL_base                                               
700cf8c0  gHwiCtrl                                                               
700d2b20  gFreePbufArr                                                           
700d2f20  memp_memory_ARP_QUEUE_base                                             
700d32ff  memp_memory_TCP_PCB_base                                               
700d3900  memp_memory_NETCONN_base                                               
700d40a8  memp_memory_SYS_TIMEOUT_base                                           
700d42e8  lwip_stats                                                             
700d44ec  memp_memory_FRAG_PBUF_base                                             
700d4864  gEepromObject_CAT24M                                                   
700d49d0  memp_memory_ALTCP_PCB_base                                             
700d4b2f  memp_memory_NETDB_base                                                 
700d4c8e  memp_memory_REASSDATA_base                                             
700d4df0  _CIOBUF_                                                               
700d4df0  __CIOBUF_                                                              
700d4f10  memp_memory_IGMP_GROUP_base                                            
700d502f  memp_memory_TCP_PCB_LISTEN_base                                        
700d514e  memp_memory_UDP_PCB_base                                               
700d536d  pbuf_free_ooseq_pending                                                
700d5370  xQueueRegistry                                                         
700d5560  gEnetUtilsObj                                                          
700d5638  gIpcNotifyCtrl                                                         
700d56f0  __TI_tmpnams                                                           
700d5790  gTaskP_ctrl                                                            
700d5cf0  gDebugShmLogReaderCtrl                                                 
700d5e04  memp_memory_RAW_PCB_base                                               
700d5e83  tcp_active_pcbs_changed                                                
700d5f2c  gRovDummyQueue                                                         
700d6024  memp_memory_PBUF_POOL_base                                             
700d6048  gClockCtrl                                                             
700d6060  ip_data                                                                
700d6284  virtToPhymap                                                           
700d62a8  parmbuf                                                                
700d6388  gEepromHandle                                                          
700d638c  gI2cHandle                                                             
700d6390  gInterface                                                             
700d6394  gUartHandle                                                            
700d6398  lock_tcpip_core                                                        
700d639c  netif_default                                                          
700d63a0  netif_list                                                             
700d63a4  tcp_active_pcbs                                                        
700d63a8  tcp_bound_pcbs                                                         
700d63ac  tcp_input_pcb                                                          
700d63b0  tcp_listen_pcbs                                                        
700d63b4  tcp_ticks                                                              
700d63b8  tcp_tw_pcbs                                                            
700d63bc  udp_pcbs                                                               
700d63e0  __BSS_END                                                              
700d63e0  _sys_memory                                                            
700de3e0  __stack                                                                
700e23e0  __STACK_END                                                            
700fa400  gEdmaConfig                                                            
700fa400  gEnetSoc_cpsw3g                                                        
700fa400  gUartDmaHandle                                                         
700fbf60  gEnetSoc_dmaObj                                                        
700fe7b0  gEnetSoc_cpsw3gMacObj                                                  
700feb50  gEnetCpswCfg                                                           
700ff848  gEnetPhyDrvDp83869                                                     
700ff94c  gEnetPhyDrvGeneric                                                     
700ffa50  gIpcNotifyMailboxConfig                                                
700ffc48  _ftable                                                                
70100808  _device                                                                
70100b58  gUartParams                                                            
70100c54  _stream                                                                
70100e38  gEnetSoc_cpsw3gSocCfg                                                  
70100ea0  gEnetMacAddrPool                                                       
70100ed0  gSocModulesClockFrequency                                              
70100f20  gClockConfig                                                           
70100f80  gDmaCfg                                                                
70100ff8  gIpcNotifyInterruptConfig_r5fss0_0                                     
70101040  Cpsw_gSpeedNames                                                       
70101050  gEepromFxns_CAT24M                                                     
70101060  gIpcNotifyCoreIntrBitPos                                               
70101070  gSocModules                                                            
70101080  Cpsw_gDuplexNames                                                      
7010108c  gAddrTranslateConfig                                                   
701010a4  gEepromAttrs_CAT24M                                                    
701010b0  gEepromConfig                                                          
701010bc  gEnetSoc_perObj                                                        
701010c8  gI2cParams                                                             
701010d4  __TI_cleanup_ptr                                                       
701010d8  __TI_dtors_ptr                                                         
701010dc  gEepromParams                                                          
701010e4  gI2cConfig                                                             
701010f4  gUartConfig                                                            
701010fc  FreeRTOS_errno                                                         
70101110  __TI_ft_end                                                            
70101114  __aeabi_errno                                                          
70101118  _lock                                                                  
7010111c  _unlock                                                                
70101134  gDebugLogZone                                                          
70101138  gDebugP_uartDrvIndex                                                   
7010113c  gEdmaConfigNum                                                         
70101140  gEepromConfigNum                                                       
70101144  gEnetOsalHwiAllocCnt                                                   
70101148  gEnetOsalHwiPeak                                                       
7010114c  gEnetOsalSemAllocCnt                                                   
70101150  gEnetOsalSemPeak                                                       
70101154  gHwiConfig                                                             
70101158  gI2cConfigNum                                                          
7010115c  gIpcNotifyInterruptConfigNum_r5fss0_0                                  
70101160  gIpcTask                                                               
70101164  gLogReaderTask                                                         
70101168  gMainTask                                                              
7010116c  gUartConfigNum                                                         
70101170  gUartDmaChConfig                                                       
70101174  gUdpTxTask                                                             
7010117c  g_netif                                                                
70101190  hlwipIfApp                                                             
7010119c  pxCurrentTCB                                                           
701011b4  ulPortInterruptNesting                                                 
701011b8  ulPortSchedularRunning                                                 
701011bc  ulPortTaskHasFPUContext                                                
701011c0  ulPortYieldRequired                                                    
70101231  gEnetTrace_runtimeLevel                                                
70101235  isMapAvailable                                                         
70101241  HwiP_enableInt                                                         
70101281  HwiP_disableInt                                                        
701012e1  HwiP_restoreInt                                                        
70101311  HwiP_clearInt                                                          
70101351  HwiP_post                                                              
70101391  HwiP_Params_init                                                       
701013c1  HwiP_construct                                                         
701015b1  HwiP_destruct                                                          
70101621  HwiP_init                                                              
701017d1  HwiP_inISR                                                             
70101801  HwiP_setVimIrqPriMaskNonAtomic                                         
70101851  HwiP_setVimIrqPriMaskAtomic                                            
701018f1  HwiP_restoreVimIrqPriMask                                              
70101901  HwiP_irq_handler_c                                                     
70101aa1  HwiP_fiq_handler                                                       
70101c11  HwiP_reserved_handler                                                  
70101c51  HwiP_undefined_handler_c                                               
70101c71  HwiP_user_undefined_handler_c                                          
70101c91  HwiP_prefetch_abort_handler_c                                          
70101d31  HwiP_user_prefetch_abort_handler_c                                     
70101d71  HwiP_data_abort_handler_c                                              
70101e31  HwiP_user_data_abort_handler_c                                         
70101e6c  vPortRestoreTaskContext                                                
70101ea4  HwiP_svc_handler                                                       
70101f14  HwiP_irq_handler                                                       
70102058  HwiP_data_abort_handler                                                
7010209c  HwiP_prefetch_abort_handler                                            
701020e8  HwiP_undefined_handler                                                 
70102118  GET_DFSR                                                               
70102120  GET_ADFSR                                                              
70102128  GET_DFAR                                                               
70102130  GET_IFSR                                                               
70102138  GET_AIFSR                                                              
70102140  GET_IFAR                                                               
70102148  GET_SPSR                                                               
7010215c  HwiP_disable                                                           
7010216c  HwiP_disableFIQ                                                        
7010217c  HwiP_enable                                                            
7010218c  HwiP_enableFIQ                                                         
7010219c  HwiP_restore                                                           
701021a4  HwiP_enableVIC                                                         
701021b4  HwiP_disableVIC                                                        
701021c4  HwiP_getCPSR                                                           
701021d0  CacheP_disableL1d                                                      
701021f8  CacheP_disableL1p                                                      
70102210  CacheP_enableL1d                                                       
70102228  CacheP_enableL1p                                                       
70102240  CacheP_invL1d                                                          
70102278  CacheP_invL1p                                                          
701022b4  CacheP_invL1dAll                                                       
701022bc  CacheP_invL1pAll                                                       
701022c4  CacheP_wb                                                              
70102300  CacheP_wbInv                                                           
7010233c  CacheP_wbAll                                                           
701023e4  CacheP_wbInvAll                                                        
701023fc  CacheP_wbInvAllAsm                                                     
7010249c  CacheP_getEnabled                                                      
701024d4  CacheP_getCacheLevelInfo                                               
701024e0  CacheP_configForceWrThru                                               
70102500  CacheP_setDLFO                                                         
70102511  CacheP_init                                                            
701025a1  CacheP_disable                                                         
701025f1  CacheP_enable                                                          
70102631  CacheP_inv                                                             
70102671  MpuP_getAttrs                                                          
701026d1  MpuP_RegionAttrs_init                                                  
70102701  MpuP_setRegion                                                         
70102791  MpuP_isEnable                                                          
701027a1  MpuP_disable                                                           
701027e1  MpuP_enable                                                            
70102831  MpuP_init                                                              
701028d1  MpuP_isUserAuthorizedToAccessMemory                                    
701029b0  MpuP_disableAsm                                                        
701029c8  MpuP_disableBRAsm                                                      
701029d8  MpuP_enableAsm                                                         
701029f0  MpuP_enableBRAsm                                                       
70102a00  MpuP_isEnableAsm                                                       
70102a14  MpuP_setRegionAsm                                                      
70102a30  _c_int00_sbl                                                           
70102a54  _c_int00                                                               
70102b81  _DebugP_assertNoLog                                                    
70102bb1  _system_pre_init                                                       
70102be1  __mpu_init                                                             
70102bf0  abort                                                                  
70102bf8  __IRQ_STACK_START                                                      
70102cf8  __FIQ_STACK_START                                                      
70102cf8  __IRQ_STACK_END                                                        
70102df8  __FIQ_STACK_END                                                        
70102df8  __SVC_STACK_START                                                      
70103df8  __ABORT_STACK_START                                                    
70103df8  __SVC_STACK_END                                                        
70103ef8  __ABORT_STACK_END                                                      
70103ef8  __UNDEFINED_STACK_START                                                
70103ff8  __UNDEFINED_STACK_END                                                  
70200000  gGatewaySharedMem                                                      
70204d30  dbg_ipc_recv_count                                                     
70204d34  dbg_udp_rx_count                                                       
70204d38  dbg_udp_tx_count                                                       
70204d3c  dbg_error_count                                                        
70204d40  dbg_last_error_code                                                    
70204d44  dbg_imu_frame_count                                                    
70208000  gDebugShmLog                                                           
ffffffff  __TI_pprof_out_hndl                                                    
ffffffff  __TI_prof_data_size                                                    
ffffffff  __TI_prof_data_start                                                   
ffffffff  __binit__                                                              
ffffffff  binit                                                                  
UNDEFED   __TI_CINIT_Base                                                        
UNDEFED   __TI_CINIT_Limit                                                       
UNDEFED   __TI_Handler_Table_Base                                                
UNDEFED   __TI_Handler_Table_Limit                                               
UNDEFED   _system_post_cinit                                                     

[1416 symbols]
