******************************************************************************
            TI ARM Clang Linker PC v4.0.4                      
******************************************************************************
>> Linked Thu Apr  2 22:13:24 2026

OUTPUT FILE NAME:   <ccu_ti_multi_core_freertos.out>
ENTRY POINT SYMBOL: "_vectors"  address: 00000000


MEMORY CONFIGURATION

         name            origin    length      used     unused   attr    fill
----------------------  --------  ---------  --------  --------  ----  --------
  R5F_VECS              00000000   00000040  00000040  00000000  RWIX
  R5F_TCMA              00000040   00007fc0  00000000  00007fc0  RWIX
  R5F_TCMB              00080000   00008000  00000000  00008000  RWIX
  MAILBOX_HSM           44000000   000003ce  00000000  000003ce  RWIX
  MAILBOX_R5F           44000400   000003ce  00000000  000003ce  RWIX
  FLASH                 60100000   00080000  00000000  00080000  RWIX
  SBL                   70000000   00040000  00000000  00040000  RWIX
  OCRAM                 70040000   00140000  000c6eb8  00079148  RWIX
  USER_SHM_MEM          70200000   00008000  00004d48  000032b8  RWIX
  LOG_SHM_MEM           70208000   00004000  00002000  00002000  RWIX
  CPPI_DESC             70280000   00040000  00000a00  0003f600  RWIX
  RTOS_NORTOS_IPC_SHM_M 72000000   00003e80  00000000  00003e80  RWIX


SEGMENT ALLOCATION MAP

run origin  load origin   length   init length attrs members
----------  ----------- ---------- ----------- ----- -------
00000000    00000000    00000040   00000040    r-x
  00000000    00000000    00000040   00000040    r-x .vectors
70040000    70040000    00061d68   00061d68    r-x
  70040000    70040000    00050fe0   00050fe0    r-x .text
  70090fe0    70090fe0    00010d88   00010d88    r-- .rodata
700a1d80    700a1d80    00043540   00000000    rw-
  700a1d80    700a1d80    00037540   00000000    rw- .bss
  700d92c0    700d92c0    00008000   00000000    rw- .sysmem
  700e12c0    700e12c0    00004000   00000000    rw- .stack
700fd300    700fd300    00006e58   00006e58    rw-
  700fd300    700fd300    00006e58   00006e58    rw- .data
70104160    70104160    000019b8   000019b8    r-x
  70104160    70104160    00000f90   00000f90    r-x .text.hwi
  701050f0    701050f0    000004a0   000004a0    r-x .text.cache
  70105590    70105590    000003c0   000003c0    r-x .text.mpu
  70105950    70105950    000001c0   000001c0    r-x .text.boot
  70105b10    70105b10    00000008   00000008    r-x .text:abort
70105b18    70105b18    00001400   00000000    rw-
  70105b18    70105b18    00000100   00000000    rw- .irqstack
  70105c18    70105c18    00000100   00000000    rw- .fiqstack
  70105d18    70105d18    00001000   00000000    rw- .svcstack
  70106d18    70106d18    00000100   00000000    rw- .abortstack
  70106e18    70106e18    00000100   00000000    rw- .undefinedstack


SECTION ALLOCATION MAP

 output                                  attributes/
section   page    origin      length       input sections
--------  ----  ----------  ----------   ----------------
.vectors   0    00000000    00000040     
                  00000000    00000040     freertos.am263px.r5f.ti-arm-clang.debug.lib : HwiP_armv7r_vectors_freertos_asm.obj (.vectors)

.text      0    70040000    00050fe0     
                  70040000    000011da     lwip-freertos.am263px.r5f.ti-arm-clang.debug.lib : tcp_in.obj (.text.tcp_receive)
                  700411da    00000002     --HOLE-- [fill = 0]
                  700411dc    00000004     libclang_rt.builtins.a : aeabi_div0.c.obj (.text.__aeabi_idiv0)
                  700411e0    00000c3e     lwip-freertos.am263px.r5f.ti-arm-clang.debug.lib : tcp_in.obj (.text.tcp_input)
                  70041e1e    00000002     --HOLE-- [fill = 0]
                  70041e20    00000ad8                                                      : tcp_in.obj (.text.tcp_process)
                  700428f8    00000008     libsysbm.a : hostexit.c.obj (.text.HOSTexit)
                  70042900    00000abe     enet-cpsw.am263px.r5f.ti-arm-clang.freertos.debug.lib : enet_cpdma.obj (.text.EnetCpdma_dequeueTx)
                  700433be    00000002     --HOLE-- [fill = 0]
                  700433c0    00000a34     freertos.am263px.r5f.ti-arm-clang.debug.lib : printf.obj (.text._vsnprintf)
                  70043df4    0000000c     libclang_rt.builtins.a : aeabi_memset.S.obj (.text.__aeabi_memclr)
                  70043e00    0000099a     enet-cpsw.am263px.r5f.ti-arm-clang.freertos.debug.lib : enet_cpdma.obj (.text.EnetCpdma_dequeueRx)
                  7004479a    00000002     --HOLE-- [fill = 0]
                  7004479c    00000004     libclang_rt.builtins.a : aeabi_div0.c.obj (.text.__aeabi_ldiv0)
                  700447a0    00000960     lwip-freertos.am263px.r5f.ti-arm-clang.debug.lib : tcp.obj (.text.tcp_slowtmr)
                  70045100    000007a4     drivers.am263px.r5f.ti-arm-clang.freertos.debug.lib : i2c_v1_lld.obj (.text.I2C_lld_primeTransferPoll)
                  700458a4    0000000c     libc.a : memory.c.obj (.text.malloc)
                  700458b0    00000678     drivers.am263px.r5f.ti-arm-clang.freertos.debug.lib : soc_rcm.obj (.text.SOC_rcmGetClkSrcAndDivReg)
                  70045f28    00000004     libclang_rt.builtins.a : aeabi_memcpy.S.obj (.text.__aeabi_memcpy)
                  70045f2c    00000004     libc.a : _lock.c.obj (.text._nop)
                  70045f30    00000654     lwip-freertos.am263px.r5f.ti-arm-clang.debug.lib : dhcp.obj (.text.dhcp_parse_reply)
                  70046584    0000000c     freertos.am263px.r5f.ti-arm-clang.debug.lib : CpuId_armv7r_asm.obj (.text)
                  70046590    00000638     drivers.am263px.r5f.ti-arm-clang.freertos.debug.lib : soc_rcm.obj (.text.SOC_rcmEnablePeripheralClock)
                  70046bc8    00000004     libc.a : fseek.c.obj (.text.fseek)
                  70046bcc    00000004     libsysbm.a : remove.c.obj (.text.remove)
                  70046bd0    00000610     lwipif-cpsw-freertos.am263px.r5f.ti-arm-clang.debug.lib : lwip2enet.obj (.text.Lwip2Enet_open)
                  700471e0    00000606     enet-cpsw.am263px.r5f.ti-arm-clang.freertos.debug.lib : enet_cpdma.obj (.text.EnetCpdma_enqueueRx)
                  700477e6    0000000a     --HOLE-- [fill = 0]
                  700477f0    000005e2     freertos.am263px.r5f.ti-arm-clang.debug.lib : printf.obj (.text._ftoa)
                  70047dd2    0000000e     --HOLE-- [fill = 0]
                  70047de0    00000552     enet-cpsw.am263px.r5f.ti-arm-clang.freertos.debug.lib : cpsw_ale.obj (.text.CpswAle_open)
                  70048332    0000000e     --HOLE-- [fill = 0]
                  70048340    0000054c     lwip-freertos.am263px.r5f.ti-arm-clang.debug.lib : ip4.obj (.text.ip4_input)
                  7004888c    00000004     --HOLE-- [fill = 0]
                  70048890    0000050e                                                      : icmp.obj (.text.icmp_input)
                  70048d9e    00000002     --HOLE-- [fill = 0]
                  70048da0    00000506     enet-cpsw.am263px.r5f.ti-arm-clang.freertos.debug.lib : enet_cpdma.obj (.text.EnetCpdma_enqueueTx)
                  700492a6    0000000a     --HOLE-- [fill = 0]
                  700492b0    000004d8     lwip-freertos.am263px.r5f.ti-arm-clang.debug.lib : tcp_out.obj (.text.tcp_output)
                  70049788    00000008     --HOLE-- [fill = 0]
                  70049790    000004b0     freertos.am263px.r5f.ti-arm-clang.debug.lib : printf.obj (.text._etoa)
                  70049c40    000004ae     lwip-freertos.am263px.r5f.ti-arm-clang.debug.lib : udp.obj (.text.udp_input)
                  7004a0ee    00000002     --HOLE-- [fill = 0]
                  7004a0f0    00000492                                                      : etharp.obj (.text.etharp_query)
                  7004a582    0000000e     --HOLE-- [fill = 0]
                  7004a590    0000048a                                                      : etharp.obj (.text.etharp_find_entry)
                  7004aa1a    00000006     --HOLE-- [fill = 0]
                  7004aa20    00000486                                                      : ip4_frag.obj (.text.ip4_reass)
                  7004aea6    0000000a     --HOLE-- [fill = 0]
                  7004aeb0    00000466     board.am263px.r5f.ti-arm-clang.freertos.debug.lib : dp83869.obj (.text.Dp83869_printRegs)
                  7004b316    0000000a     --HOLE-- [fill = 0]
                  7004b320    00000446     enet-cpsw.am263px.r5f.ti-arm-clang.freertos.debug.lib : cpsw_macport.obj (.text.CpswMacPort_open)
                  7004b766    0000000a     --HOLE-- [fill = 0]
                  7004b770    0000043e                                                           : enet_rm.obj (.text.EnetRm_detachCore)
                  7004bbae    00000002     --HOLE-- [fill = 0]
                  7004bbb0    00000404     drivers.am263px.r5f.ti-arm-clang.freertos.debug.lib : uart_v0.obj (.text.UART_open)
                  7004bfb4    0000000c     --HOLE-- [fill = 0]
                  7004bfc0    000003e2     enet-cpsw.am263px.r5f.ti-arm-clang.freertos.debug.lib : enet_rm.obj (.text.EnetRm_close)
                  7004c3a2    0000000e     --HOLE-- [fill = 0]
                  7004c3b0    000003dc     drivers.am263px.r5f.ti-arm-clang.freertos.debug.lib : ipc_notify_v1.obj (.text.IpcNotify_init)
                  7004c78c    000003dc     libc.a : _printfi.c.obj (.text:__TI_printfi_minimal)
                  7004cb68    00000008     --HOLE-- [fill = 0]
                  7004cb70    000003d2     drivers.am263px.r5f.ti-arm-clang.freertos.debug.lib : soc.obj (.text.SOC_phyToVirt)
                  7004cf42    0000000e     --HOLE-- [fill = 0]
                  7004cf50    000003c8     main.o (.text.udp_tx_task)
                  7004d318    00000008     --HOLE-- [fill = 0]
                  7004d320    000003be     lwip-freertos.am263px.r5f.ti-arm-clang.debug.lib : ip4_frag.obj (.text.ip_reass_chain_frag_into_datagram_and_validate)
                  7004d6de    00000002     --HOLE-- [fill = 0]
                  7004d6e0    000003ba                                                      : udp.obj (.text.udp_sendto_if_src)
                  7004da9a    00000006     --HOLE-- [fill = 0]
                  7004daa0    000003b0                                                      : tcp_out.obj (.text.tcp_split_unsent_seg)
                  7004de50    000003a2     enet-cpsw.am263px.r5f.ti-arm-clang.freertos.debug.lib : cpsw.obj (.text.Cpsw_registerIntrs)
                  7004e1f2    0000000e     --HOLE-- [fill = 0]
                  7004e200    00000398                                                           : mdio.obj (.text.Mdio_open)
                  7004e598    00000008     --HOLE-- [fill = 0]
                  7004e5a0    00000390     libc.a : strcmp32.S.obj (.text:strcmp)
                  7004e930    00000380     lwip-freertos.am263px.r5f.ti-arm-clang.debug.lib : ip4_frag.obj (.text.ip4_frag)
                  7004ecb0    0000036e     enet-cpsw.am263px.r5f.ti-arm-clang.freertos.debug.lib : cpsw.obj (.text.Cpsw_handleLinkDown)
                  7004f01e    00000002     --HOLE-- [fill = 0]
                  7004f020    0000036e     xgw_udp_interface.o (.text.xgw_udp_send_motor_states)
                  7004f38e    00000002     --HOLE-- [fill = 0]
                  7004f390    0000036a     enet-cpsw.am263px.r5f.ti-arm-clang.freertos.debug.lib : enet_appmemutils.obj (.text.EnetMem_initCore)
                  7004f6fa    00000006     --HOLE-- [fill = 0]
                  7004f700    00000362     lwipif-cpsw-freertos.am263px.r5f.ti-arm-clang.debug.lib : lwip2enet.obj (.text.Lwip2Enet_prepRxPktQ)
                  7004fa62    0000000e     --HOLE-- [fill = 0]
                  7004fa70    00000356     drivers.am263px.r5f.ti-arm-clang.freertos.debug.lib : i2c_v1.obj (.text.I2C_open)
                  7004fdc6    0000000a     --HOLE-- [fill = 0]
                  7004fdd0    0000034a     enet-cpsw.am263px.r5f.ti-arm-clang.freertos.debug.lib : cpsw.obj (.text.Cpsw_openInternal)
                  7005011a    00000006     --HOLE-- [fill = 0]
                  70050120    0000033a                                                           : cpsw_ioctl.obj (.text.Cpsw_openPortLinkNoPhy)
                  7005045a    00000006     --HOLE-- [fill = 0]
                  70050460    00000330                                                           : cpsw.obj (.text.Cpsw_open)
                  70050790    00000326     lwip-freertos.am263px.r5f.ti-arm-clang.debug.lib : ip4.obj (.text.ip4_output_if_opt_src)
                  70050ab6    0000000a     --HOLE-- [fill = 0]
                  70050ac0    00000320     motor_mapping.o (.text.motor_mapping_init_core0)
                  70050de0    0000031e     lwip-freertos.am263px.r5f.ti-arm-clang.debug.lib : tcp_out.obj (.text.tcp_enqueue_flags)
                  700510fe    00000002     --HOLE-- [fill = 0]
                  70051100    00000302     drivers.am263px.r5f.ti-arm-clang.freertos.debug.lib : soc.obj (.text.SOC_virtToPhy)
                  70051402    0000000e     --HOLE-- [fill = 0]
                  70051410    000002f8     lwip-freertos.am263px.r5f.ti-arm-clang.debug.lib : pbuf.obj (.text.pbuf_alloc)
                  70051708    00000008     --HOLE-- [fill = 0]
                  70051710    000002f2     enet-cpsw.am263px.r5f.ti-arm-clang.freertos.debug.lib : enet_cpdma.obj (.text.EnetCpdma_open)
                  70051a02    0000000e     --HOLE-- [fill = 0]
                  70051a10    000002e6                                                           : csl_cpsw.obj (.text.CSL_CPSW_setPortRxDscpMap)
                  70051cf6    0000000a     --HOLE-- [fill = 0]
                  70051d00    000002e6     ti_enet_open_close.o (.text.EnetApp_driverOpen)
                  70051fe6    0000000a     --HOLE-- [fill = 0]
                  70051ff0    000002de     lwip-freertos.am263px.r5f.ti-arm-clang.debug.lib : etharp.obj (.text.etharp_output)
                  700522ce    00000002     --HOLE-- [fill = 0]
                  700522d0    000002da     enet-cpsw.am263px.r5f.ti-arm-clang.freertos.debug.lib : cpsw.obj (.text.Cpsw_periodicTick)
                  700525aa    00000006     --HOLE-- [fill = 0]
                  700525b0    000002d2                                                           : enetphy.obj (.text.EnetPhy_enableState)
                  70052882    0000000e     --HOLE-- [fill = 0]
                  70052890    000002cc     xgw_udp_interface.o (.text.xgw_udp_process_motor_cmd)
                  70052b5c    00000004     --HOLE-- [fill = 0]
                  70052b60    000002bc     lwip-freertos.am263px.r5f.ti-arm-clang.debug.lib : tcp_out.obj (.text.tcp_output_segment)
                  70052e1c    00000004     --HOLE-- [fill = 0]
                  70052e20    000002ba     drivers.am263px.r5f.ti-arm-clang.freertos.debug.lib : i2c_v1_lld.obj (.text.I2C_lld_controllerIsr)
                  700530da    00000006     --HOLE-- [fill = 0]
                  700530e0    000002ba     lwip-freertos.am263px.r5f.ti-arm-clang.debug.lib : pbuf.obj (.text.pbuf_copy_partial_pbuf)
                  7005339a    00000006     --HOLE-- [fill = 0]
                  700533a0    000002b8     enet-cpsw.am263px.r5f.ti-arm-clang.freertos.debug.lib : cpsw.obj (.text.Cpsw_handleLinkUp)
                  70053658    00000008     --HOLE-- [fill = 0]
                  70053660    000002aa     lwip-freertos.am263px.r5f.ti-arm-clang.debug.lib : netif.obj (.text.netif_add)
                  7005390a    00000006     --HOLE-- [fill = 0]
                  70053910    000002a8     enet-cpsw.am263px.r5f.ti-arm-clang.freertos.debug.lib : cpsw_ale.obj (.text.CpswAle_addVlan)
                  70053bb8    00000008     --HOLE-- [fill = 0]
                  70053bc0    0000029e     lwip-freertos.am263px.r5f.ti-arm-clang.debug.lib : tcp_in.obj (.text.tcp_listen_input)
                  70053e5e    00000002     --HOLE-- [fill = 0]
                  70053e60    0000029a     drivers.am263px.r5f.ti-arm-clang.freertos.debug.lib : i2c_v1_lld.obj (.text.I2C_lld_targetIsr)
                  700540fa    00000006     --HOLE-- [fill = 0]
                  70054100    00000296     lwip-freertos.am263px.r5f.ti-arm-clang.debug.lib : tcp.obj (.text.tcp_close_shutdown)
                  70054396    0000000a     --HOLE-- [fill = 0]
                  700543a0    00000290     enet-cpsw.am263px.r5f.ti-arm-clang.freertos.debug.lib : cpsw.obj (.text.Cpsw_registerIoctlHandler)
                  70054630    0000028e                                                           : csl_cpsw.obj (.text.CSL_CPSW_setAlePolicerEntry)
                  700548be    00000002     --HOLE-- [fill = 0]
                  700548c0    00000286                                                           : csl_cpsw.obj (.text.CSL_CPSW_getAlePolicerEntry)
                  70054b46    0000000a     --HOLE-- [fill = 0]
                  70054b50    0000027e                                                           : cpsw_ale.obj (.text.CpswAle_findVlan)
                  70054dce    00000002     --HOLE-- [fill = 0]
                  70054dd0    0000027e     drivers.am263px.r5f.ti-arm-clang.freertos.debug.lib : uart_dma_edma.obj (.text.UART_edmaChInit)
                  7005504e    00000002     --HOLE-- [fill = 0]
                  70055050    0000027a     enet-cpsw.am263px.r5f.ti-arm-clang.freertos.debug.lib : cpsw.obj (.text.Cpsw_ioctl)
                  700552ca    00000006     --HOLE-- [fill = 0]
                  700552d0    00000272     test.o (.text.test_netif_init)
                  70055542    0000000e     --HOLE-- [fill = 0]
                  70055550    00000266     enet-cpsw.am263px.r5f.ti-arm-clang.freertos.debug.lib : cpsw_est_ioctl.obj (.text.CpswEst_ioctl_handler_ENET_TAS_IOCTL_SET_STATE)
                  700557b6    0000000a     --HOLE-- [fill = 0]
                  700557c0    00000266     freertos.am263px.r5f.ti-arm-clang.debug.lib : tasks.obj (.text.xTaskIncrementTick)
                  70055a26    0000000a     --HOLE-- [fill = 0]
                  70055a30    0000025a     lwip-freertos.am263px.r5f.ti-arm-clang.debug.lib : ip4_frag.obj (.text.ip_reass_free_complete_datagram)
                  70055c8a    00000006     --HOLE-- [fill = 0]
                  70055c90    0000025a     freertos.am263px.r5f.ti-arm-clang.debug.lib : tasks.obj (.text.xTaskResumeAll)
                  70055eea    00000006     --HOLE-- [fill = 0]
                  70055ef0    00000254     lwip-freertos.am263px.r5f.ti-arm-clang.debug.lib : igmp.obj (.text.igmp_input)
                  70056144    0000000c     --HOLE-- [fill = 0]
                  70056150    00000250     drivers.am263px.r5f.ti-arm-clang.freertos.debug.lib : edma.obj (.text.Alloc_resource)
                  700563a0    0000024c     enet-cpsw.am263px.r5f.ti-arm-clang.freertos.debug.lib : cpsw_macport_ioctl.obj (.text.CpswMacPort_enablePort)
                  700565ec    00000004     --HOLE-- [fill = 0]
                  700565f0    00000246     lwip-freertos.am263px.r5f.ti-arm-clang.debug.lib : dns.obj (.text.dns_send)
                  70056836    0000000a     --HOLE-- [fill = 0]
                  70056840    00000242     enet-cpsw.am263px.r5f.ti-arm-clang.freertos.debug.lib : enetphy.obj (.text.EnetPhy_bindDriver)
                  70056a82    0000000e     --HOLE-- [fill = 0]
                  70056a90    00000242     drivers.am263px.r5f.ti-arm-clang.freertos.debug.lib : uart_v0_lld.obj (.text.UART_fifoConfig)
                  70056cd2    0000000e     --HOLE-- [fill = 0]
                  70056ce0    00000240     main.o (.text.core0_init)
                  70056f20    0000023e     enet-cpsw.am263px.r5f.ti-arm-clang.freertos.debug.lib : cpsw_cpts_ioctl.obj (.text.CpswCpts_handleEvents)
                  7005715e    00000002     --HOLE-- [fill = 0]
                  70057160    0000023e     freertos.am263px.r5f.ti-arm-clang.debug.lib : printf.obj (.text._ntoa_format)
                  7005739e    00000002     --HOLE-- [fill = 0]
                  700573a0    00000238     main.o (.text.freertos_main)
                  700575d8    00000008     --HOLE-- [fill = 0]
                  700575e0    00000234     enet-cpsw.am263px.r5f.ti-arm-clang.freertos.debug.lib : cpsw_hostport.obj (.text.CpswHostPort_open)
                  70057814    0000000c     --HOLE-- [fill = 0]
                  70057820    00000234     main.o (.text.build_and_send_udp_packet)
                  70057a54    0000000c     --HOLE-- [fill = 0]
                  70057a60    00000230     enet-cpsw.am263px.r5f.ti-arm-clang.freertos.debug.lib : enet_appmemutils.obj (.text.EnetMem_allocEthPkt)
                  70057c90    0000022e     xgw_udp_interface.o (.text.xgw_udp_send_imu_state)
                  70057ebe    00000002     --HOLE-- [fill = 0]
                  70057ec0    0000022c     enet-cpsw.am263px.r5f.ti-arm-clang.freertos.debug.lib : enet_cpdma_priv.obj (.text.EnetCpdma_memMgrInit)
                  700580ec    00000004     --HOLE-- [fill = 0]
                  700580f0    0000022a     lwipif-cpsw-freertos.am263px.r5f.ti-arm-clang.debug.lib : lwip2lwipif.obj (.text.LWIPIF_LWIP_getChkSumInfo)
                  7005831a    00000006     --HOLE-- [fill = 0]
                  70058320    0000022a     lwip-freertos.am263px.r5f.ti-arm-clang.debug.lib : dhcp.obj (.text.dhcp_select)
                  7005854a    00000006     --HOLE-- [fill = 0]
                  70058550    00000226     drivers.am263px.r5f.ti-arm-clang.freertos.debug.lib : uart_dma_edma.obj (.text.UART_lld_dmaDeInit)
                  70058776    0000000a     --HOLE-- [fill = 0]
                  70058780    00000222                                                         : ipc_notify_v1.obj (.text.IpcNotify_isr)
                  700589a2    0000000e     --HOLE-- [fill = 0]
                  700589b0    00000220     enet-cpsw.am263px.r5f.ti-arm-clang.freertos.debug.lib : enet_cpdma.obj (.text.EnetCpdma_closeTxCh)
                  70058bd0    00000220                                                           : enet_rm_ioctl.obj (.text.EnetRm_allocMacAddr)
                  70058df0    00000220     freertos.am263px.r5f.ti-arm-clang.debug.lib : tasks.obj (.text.vTaskGenericNotifyGiveFromISR)
                  70059010    00000220                                                 : queue.obj (.text.xQueueGenericSend)
                  70059230    0000021a     enet-cpsw.am263px.r5f.ti-arm-clang.freertos.debug.lib : cpsw_stats.obj (.text.CpswStats_open)
                  7005944a    00000006     --HOLE-- [fill = 0]
                  70059450    0000020a     lwip-freertos.am263px.r5f.ti-arm-clang.debug.lib : tcp.obj (.text.tcp_pcb_remove)
                  7005965a    00000006     --HOLE-- [fill = 0]
                  70059660    0000020a     freertos.am263px.r5f.ti-arm-clang.debug.lib : queue.obj (.text.xQueueSemaphoreTake)
                  7005986a    00000006     --HOLE-- [fill = 0]
                  70059870    00000206     enet-cpsw.am263px.r5f.ti-arm-clang.freertos.debug.lib : cpsw_cpts.obj (.text.CpswCpts_open)
                  70059a76    0000000a     --HOLE-- [fill = 0]
                  70059a80    00000206                                                           : enet_cpdma.obj (.text.EnetCpdma_closeRxCh)
                  70059c86    0000000a     --HOLE-- [fill = 0]
                  70059c90    00000206     lwip-freertos.am263px.r5f.ti-arm-clang.debug.lib : dhcp.obj (.text.dhcp_recv)
                  70059e96    0000000a     --HOLE-- [fill = 0]
                  70059ea0    00000204     enet-cpsw.am263px.r5f.ti-arm-clang.freertos.debug.lib : enetphy.obj (.text.EnetPhy_open)
                  7005a0a4    0000000c     --HOLE-- [fill = 0]
                  7005a0b0    000001fe                                                           : cpsw_stats_ioctl.obj (.text.CpswStats_readHostStats)
                  7005a2ae    00000002     --HOLE-- [fill = 0]
                  7005a2b0    000001fe     lwip-freertos.am263px.r5f.ti-arm-clang.debug.lib : pbuf.obj (.text.pbuf_free)
                  7005a4ae    00000002     --HOLE-- [fill = 0]
                  7005a4b0    000001fc     xgw_udp_interface.o (.text.xgw_udp_recv_callback)
                  7005a6ac    00000004     --HOLE-- [fill = 0]
                  7005a6b0    000001f8     xgw_udp_interface.o (.text.xgw_udp_process_motor_set)
                  7005a8a8    00000008     --HOLE-- [fill = 0]
                  7005a8b0    000001f6     lwip-freertos.am263px.r5f.ti-arm-clang.debug.lib : dhcp.obj (.text.dhcp_create_msg)
                  7005aaa6    0000000a     --HOLE-- [fill = 0]
                  7005aab0    000001f2     drivers.am263px.r5f.ti-arm-clang.freertos.debug.lib : i2c_v1.obj (.text.I2C_primeTransfer)
                  7005aca2    0000000e     --HOLE-- [fill = 0]
                  7005acb0    000001f2                                                         : i2c_v1.obj (.text.I2C_transfer)
                  7005aea2    0000000e     --HOLE-- [fill = 0]
                  7005aeb0    000001ee     enet-cpsw.am263px.r5f.ti-arm-clang.freertos.debug.lib : cpsw_ale.obj (.text.CpswAle_setAleCfg)
                  7005b09e    00000002     --HOLE-- [fill = 0]
                  7005b0a0    000001ee                                                           : cpsw_ioctl.obj (.text.Cpsw_openPortLinkWithPhy)
                  7005b28e    00000002     --HOLE-- [fill = 0]
                  7005b290    000001ea                                                           : cpsw_hostport.obj (.text.CpswHostPort_ioctl)
                  7005b47a    00000006     --HOLE-- [fill = 0]
                  7005b480    000001ea                                                           : cpsw_stats.obj (.text.CpswStats_ioctl)
                  7005b66a    00000006     --HOLE-- [fill = 0]
                  7005b670    000001ea                                                           : cpsw_ioctl.obj (.text.Cpsw_openPortLink)
                  7005b85a    00000006     --HOLE-- [fill = 0]
                  7005b860    000001ea     lwip-freertos.am263px.r5f.ti-arm-clang.debug.lib : tcp.obj (.text.tcp_abandon)
                  7005ba4a    00000006     --HOLE-- [fill = 0]
                  7005ba50    000001e2     ti_enet_open_close.o (.text.EnetApp_initLinkArgs)
                  7005bc32    0000000e     --HOLE-- [fill = 0]
                  7005bc40    000001e2     lwip-freertos.am263px.r5f.ti-arm-clang.debug.lib : pbuf.obj (.text.pbuf_realloc)
                  7005be22    0000000e     --HOLE-- [fill = 0]
                  7005be30    000001e0     enet-cpsw.am263px.r5f.ti-arm-clang.freertos.debug.lib : cpsw_stats_ioctl.obj (.text.CpswStats_readMacStats)
                  7005c010    000001e0     lwip-freertos.am263px.r5f.ti-arm-clang.debug.lib : dhcp.obj (.text.dhcp_bind)
                  7005c1f0    000001da     enet-cpsw.am263px.r5f.ti-arm-clang.freertos.debug.lib : enet.obj (.text.Enet_validateIoctl)
                  7005c3ca    00000006     --HOLE-- [fill = 0]
                  7005c3d0    000001d8     freertos.am263px.r5f.ti-arm-clang.debug.lib : queue.obj (.text.xQueueReceive)
                  7005c5a8    00000008     --HOLE-- [fill = 0]
                  7005c5b0    000001d6                                                 : TimerP_rti_priv.obj (.text.TimerP_setupPriv)
                  7005c786    0000000a     --HOLE-- [fill = 0]
                  7005c790    000001d4     ti_enet_lwipif.o (.text.LwipifEnetAppCb_getRxHandleInfo)
                  7005c964    0000000c     --HOLE-- [fill = 0]
                  7005c970    000001d4     enet-cpsw.am263px.r5f.ti-arm-clang.freertos.debug.lib : mdio.obj (.text.Mdio_ioctl)
                  7005cb44    000001d0     libclang_rt.builtins.a : udivsi3.S.obj (.text.__udivsi3)
                  7005cd14    0000000c     --HOLE-- [fill = 0]
                  7005cd20    000001ce     xgw_udp_interface.o (.text.xgw_udp_start)
                  7005ceee    00000002     --HOLE-- [fill = 0]
                  7005cef0    000001c8     lwip-freertos.am263px.r5f.ti-arm-clang.debug.lib : etharp.obj (.text.etharp_raw)
                  7005d0b8    00000008     --HOLE-- [fill = 0]
                  7005d0c0    000001c6     enet-cpsw.am263px.r5f.ti-arm-clang.freertos.debug.lib : enet_rm_ioctl.obj (.text.EnetRm_allocTxChNum)
                  7005d286    0000000a     --HOLE-- [fill = 0]
                  7005d290    000001c6     lwip-freertos.am263px.r5f.ti-arm-clang.debug.lib : tcp_out.obj (.text.tcp_create_segment)
                  7005d456    0000000a     --HOLE-- [fill = 0]
                  7005d460    000001c4     ti_enet_lwipif.o (.text.LwipifEnetApp_startSchedule)
                  7005d624    0000000c     --HOLE-- [fill = 0]
                  7005d630    000001c2     enet-cpsw.am263px.r5f.ti-arm-clang.freertos.debug.lib : enet.obj (.text.Enet_validateGenericIoctl)
                  7005d7f2    0000000e     --HOLE-- [fill = 0]
                  7005d800    000001bc     freertos.am263px.r5f.ti-arm-clang.debug.lib : tasks.obj (.text.xTaskRemoveFromEventList)
                  7005d9bc    00000004     --HOLE-- [fill = 0]
                  7005d9c0    000001b4     enet-cpsw.am263px.r5f.ti-arm-clang.freertos.debug.lib : enet_rm.obj (.text.EnetRm_open)
                  7005db74    0000000c     --HOLE-- [fill = 0]
                  7005db80    000001b2     lwip-freertos.am263px.r5f.ti-arm-clang.debug.lib : ip4.obj (.text.ip4_forward)
                  7005dd32    0000000e     --HOLE-- [fill = 0]
                  7005dd40    000001b0     enet-cpsw.am263px.r5f.ti-arm-clang.freertos.debug.lib : cpsw_ale.obj (.text.CpswAle_delPolicerEntry)
                  7005def0    000001b0     lwip-freertos.am263px.r5f.ti-arm-clang.debug.lib : dns.obj (.text.dns_call_found)
                  7005e0a0    000001ae     ti_enet_open_close.o (.text.EnetApp_ConfigureDscpMapping)
                  7005e24e    00000002     --HOLE-- [fill = 0]
                  7005e250    000001ac     drivers.am263px.r5f.ti-arm-clang.freertos.debug.lib : uart_v0.obj (.text.UART_close)
                  7005e3fc    00000004     --HOLE-- [fill = 0]
                  7005e400    000001aa     enet-cpsw.am263px.r5f.ti-arm-clang.freertos.debug.lib : mdio_ioctl.obj (.text.Mdio_readRegC45)
                  7005e5aa    00000006     --HOLE-- [fill = 0]
                  7005e5b0    000001aa     drivers.am263px.r5f.ti-arm-clang.freertos.debug.lib : uart_dma_edma.obj (.text.UART_lld_dmaWrite)
                  7005e75a    00000006     --HOLE-- [fill = 0]
                  7005e760    000001aa     lwip-freertos.am263px.r5f.ti-arm-clang.debug.lib : mem.obj (.text.mem_free)
                  7005e90a    00000006     --HOLE-- [fill = 0]
                  7005e910    000001a8     enet-cpsw.am263px.r5f.ti-arm-clang.freertos.debug.lib : enet_appmemutils.obj (.text.EnetDma_checkPktState)
                  7005eab8    00000008     --HOLE-- [fill = 0]
                  7005eac0    000001a8     lwipif-cpsw-freertos.am263px.r5f.ti-arm-clang.debug.lib : custom_pbuf.obj (.text.EnetDma_checkPktState)
                  7005ec68    00000008     --HOLE-- [fill = 0]
                  7005ec70    000001a8                                                             : lwip2enet.obj (.text.EnetDma_checkPktState)
                  7005ee18    000001a8     libc.a : memory.c.obj (.text.free)
                  7005efc0    000001a4            : memory.c.obj (.text.aligned_alloc)
                  7005f164    0000000c     --HOLE-- [fill = 0]
                  7005f170    000001a4     freertos.am263px.r5f.ti-arm-clang.debug.lib : timers.obj (.text.prvProcessReceivedCommands)
                  7005f314    0000000c     --HOLE-- [fill = 0]
                  7005f320    000001a0     drivers.am263px.r5f.ti-arm-clang.freertos.debug.lib : uart_v0.obj (.text.UART_write)
                  7005f4c0    000001a0     lwip-freertos.am263px.r5f.ti-arm-clang.debug.lib : pbuf.obj (.text.pbuf_take)
                  7005f660    000001a0     freertos.am263px.r5f.ti-arm-clang.debug.lib : tasks.obj (.text.vTaskSwitchContext)
                  7005f800    0000019e     enet-cpsw.am263px.r5f.ti-arm-clang.freertos.debug.lib : cpsw_ale_ioctl.obj (.text.CpswAle_addMcastAddr)
                  7005f99e    00000002     --HOLE-- [fill = 0]
                  7005f9a0    0000019c     libc.a : fputs.c.obj (.text.fputs)
                  7005fb3c    00000004     --HOLE-- [fill = 0]
                  7005fb40    0000019a     enet-cpsw.am263px.r5f.ti-arm-clang.freertos.debug.lib : cpsw_cpts.obj (.text.CpswCpts_ioctl)
                  7005fcda    00000006     --HOLE-- [fill = 0]
                  7005fce0    0000019a     lwip-freertos.am263px.r5f.ti-arm-clang.debug.lib : dns.obj (.text.dns_check_entry)
                  7005fe7a    00000006     --HOLE-- [fill = 0]
                  7005fe80    0000019a     freertos.am263px.r5f.ti-arm-clang.debug.lib : tasks.obj (.text.vTaskPriorityDisinheritAfterTimeout)
                  7006001a    00000006     --HOLE-- [fill = 0]
                  70060020    0000019a                                                 : queue.obj (.text.xQueueGenericSendFromISR)
                  700601ba    00000006     --HOLE-- [fill = 0]
                  700601c0    00000198     drivers.am263px.r5f.ti-arm-clang.freertos.debug.lib : uart_v0_lld.obj (.text.UART_lld_controllerIsr)
                  70060358    00000008     --HOLE-- [fill = 0]
                  70060360    00000196     lwip-freertos.am263px.r5f.ti-arm-clang.debug.lib : dhcp.obj (.text.dhcp_reboot)
                  700604f6    0000000a     --HOLE-- [fill = 0]
                  70060500    00000194     enet-cpsw.am263px.r5f.ti-arm-clang.freertos.debug.lib : cpsw_ale.obj (.text.CpswAle_ioctl)
                  70060694    0000000c     --HOLE-- [fill = 0]
                  700606a0    00000194                                                           : cpsw_macport.obj (.text.CpswMacPort_ioctl)
                  70060834    0000000c     --HOLE-- [fill = 0]
                  70060840    00000192     lwip-freertos.am263px.r5f.ti-arm-clang.debug.lib : ethernet.obj (.text.ethernet_input)
                  700609d2    0000000e     --HOLE-- [fill = 0]
                  700609e0    00000192                                                      : tcp_out.obj (.text.tcp_zero_window_probe)
                  70060b72    0000000e     --HOLE-- [fill = 0]
                  70060b80    00000190                                                      : etharp.obj (.text.etharp_update_arp_entry)
                  70060d10    0000018e                                                      : etharp.obj (.text.etharp_input)
                  70060e9e    00000002     --HOLE-- [fill = 0]
                  70060ea0    0000018a     enet-cpsw.am263px.r5f.ti-arm-clang.freertos.debug.lib : enet_rm.obj (.text.EnetRm_ioctl)
                  7006102a    00000006     --HOLE-- [fill = 0]
                  70061030    0000018a     lwip-freertos.am263px.r5f.ti-arm-clang.debug.lib : sys_arch.obj (.text.sys_arch_mbox_fetch)
                  700611ba    00000006     --HOLE-- [fill = 0]
                  700611c0    00000188     freertos.am263px.r5f.ti-arm-clang.debug.lib : ClockP_freertos_r5.obj (.text.ClockP_init)
                  70061348    00000008     --HOLE-- [fill = 0]
                  70061350    00000186     lwip-freertos.am263px.r5f.ti-arm-clang.debug.lib : acd.obj (.text.acd_tmr)
                  700614d6    0000000a     --HOLE-- [fill = 0]
                  700614e0    00000186                                                      : tcp.obj (.text.tcp_alloc)
                  70061666    0000000a     --HOLE-- [fill = 0]
                  70061670    0000017c     lwipif-cpsw-freertos.am263px.r5f.ti-arm-clang.debug.lib : lwip2enet.obj (.text.Lwip2Enet_close)
                  700617ec    00000004     --HOLE-- [fill = 0]
                  700617f0    0000017a                                                             : custom_pbuf.obj (.text.custom_pbuf_free)
                  7006196a    00000006     --HOLE-- [fill = 0]
                  70061970    00000178     freertos.am263px.r5f.ti-arm-clang.debug.lib : DebugP_shmLogReader.obj (.text.DebugP_shmLogReaderGetString)
                  70061ae8    00000008     --HOLE-- [fill = 0]
                  70061af0    00000178     enet-cpsw.am263px.r5f.ti-arm-clang.freertos.debug.lib : enet_rm.obj (.text.EnetRm_initRxObj)
                  70061c68    00000008     --HOLE-- [fill = 0]
                  70061c70    00000178     lwipif-cpsw-freertos.am263px.r5f.ti-arm-clang.debug.lib : lwip2enet.obj (.text.Lwip2Enet_periodicFxn)
                  70061de8    00000008     --HOLE-- [fill = 0]
                  70061df0    00000178     lwip-freertos.am263px.r5f.ti-arm-clang.debug.lib : udp.obj (.text.udp_bind)
                  70061f68    00000008     --HOLE-- [fill = 0]
                  70061f70    00000176     enet-cpsw.am263px.r5f.ti-arm-clang.freertos.debug.lib : cpsw_macport_est.obj (.text.CpswEst_setState)
                  700620e6    0000000a     --HOLE-- [fill = 0]
                  700620f0    00000176     lwip-freertos.am263px.r5f.ti-arm-clang.debug.lib : dhcp.obj (.text.dhcp_discover)
                  70062266    0000000a     --HOLE-- [fill = 0]
                  70062270    00000176                                                      : icmp.obj (.text.icmp_send_response)
                  700623e6    0000000a     --HOLE-- [fill = 0]
                  700623f0    00000176                                                      : sys_arch.obj (.text.sys_sem_new)
                  70062566    0000000a     --HOLE-- [fill = 0]
                  70062570    00000174     enet-cpsw.am263px.r5f.ti-arm-clang.freertos.debug.lib : enetphy.obj (.text.EnetPhy_getLinkStatus)
                  700626e4    0000000c     --HOLE-- [fill = 0]
                  700626f0    00000172     board.am263px.r5f.ti-arm-clang.freertos.debug.lib : eeprom_cat24m.obj (.text.EEPROM_CAT24M_write)
                  70062862    0000000e     --HOLE-- [fill = 0]
                  70062870    00000172     lwip-freertos.am263px.r5f.ti-arm-clang.debug.lib : ip4.obj (.text.ip4_route)
                  700629e2    0000000e     --HOLE-- [fill = 0]
                  700629f0    00000172                                                      : sys_arch.obj (.text.sys_arch_sem_wait)
                  70062b62    0000000e     --HOLE-- [fill = 0]
                  70062b70    00000170     freertos.am263px.r5f.ti-arm-clang.debug.lib : queue.obj (.text.xQueueGiveFromISR)
                  70062ce0    0000016c     lwip-freertos.am263px.r5f.ti-arm-clang.debug.lib : etharp.obj (.text.etharp_output_to_arp_index)
                  70062e4c    00000004     --HOLE-- [fill = 0]
                  70062e50    00000168     enet-cpsw.am263px.r5f.ti-arm-clang.freertos.debug.lib : enet_cpdma.obj (.text.EnetCpdma_rxIsrProc)
                  70062fb8    00000008     --HOLE-- [fill = 0]
                  70062fc0    00000168                                                           : enet_phymdio_dflt.obj (.text.EnetPhyMdioDflt_writeC45)
                  70063128    00000008     --HOLE-- [fill = 0]
                  70063130    00000166                                                           : enet_cpdma.obj (.text.EnetCpdma_openRxCh)
                  70063296    0000000a     --HOLE-- [fill = 0]
                  700632a0    00000166     drivers.am263px.r5f.ti-arm-clang.freertos.debug.lib : i2c_v1_lld.obj (.text.I2C_lld_primeTransferIntr)
                  70063406    0000000a     --HOLE-- [fill = 0]
                  70063410    00000166     freertos.am263px.r5f.ti-arm-clang.debug.lib : TaskP_freertos.obj (.text.TaskP_assertParams)
                  70063576    0000000a     --HOLE-- [fill = 0]
                  70063580    00000166     lwip-freertos.am263px.r5f.ti-arm-clang.debug.lib : mem.obj (.text.mem_malloc)
                  700636e6    0000000a     --HOLE-- [fill = 0]
                  700636f0    00000166                                                      : tcp_in.obj (.text.tcp_parseopt)
                  70063856    0000000a     --HOLE-- [fill = 0]
                  70063860    00000164     board.am263px.r5f.ti-arm-clang.freertos.debug.lib : dp83869.obj (.text.Dp83869_config)
                  700639c4    0000000c     --HOLE-- [fill = 0]
                  700639d0    00000164     enet-cpsw.am263px.r5f.ti-arm-clang.freertos.debug.lib : enet_rm.obj (.text.EnetRm_initHwPushObj)
                  70063b34    0000000c     --HOLE-- [fill = 0]
                  70063b40    00000162     drivers.am263px.r5f.ti-arm-clang.freertos.debug.lib : edma.obj (.text.EDMA_unregisterIntr)
                  70063ca2    0000000e     --HOLE-- [fill = 0]
                  70063cb0    00000162     enet-cpsw.am263px.r5f.ti-arm-clang.freertos.debug.lib : enet_phymdio_dflt.obj (.text.EnetPhyMdioDflt_readC45)
                  70063e12    0000000e     --HOLE-- [fill = 0]
                  70063e20    00000160                                                           : csl_cpsw.obj (.text.CSL_CPSW_setAlePortControlReg)
                  70063f80    00000160     drivers.am263px.r5f.ti-arm-clang.freertos.debug.lib : i2c_v1_lld.obj (.text.I2C_lld_init)
                  700640e0    00000160     lwip-freertos.am263px.r5f.ti-arm-clang.debug.lib : inet_chksum.obj (.text.inet_cksum_pseudo_partial_base)
                  70064240    00000160                                                      : tcp_in.obj (.text.tcp_free_acked_segments)
                  700643a0    0000015e     enet-cpsw.am263px.r5f.ti-arm-clang.freertos.debug.lib : enet_cpdma.obj (.text.EnetDma_retrieveRxPktQ)
                  700644fe    00000002     --HOLE-- [fill = 0]
                  70064500    0000015e     lwip-freertos.am263px.r5f.ti-arm-clang.debug.lib : dhcp.obj (.text.dhcp_renew)
                  7006465e    00000002     --HOLE-- [fill = 0]
                  70064660    0000015c     enet-cpsw.am263px.r5f.ti-arm-clang.freertos.debug.lib : enet_cpdma.obj (.text.EnetCpdma_txIsr)
                  700647bc    00000004     --HOLE-- [fill = 0]
                  700647c0    0000015c                                                           : enet_rm.obj (.text.EnetRm_initMacObj)
                  7006491c    00000004     --HOLE-- [fill = 0]
                  70064920    0000015c     lwip-freertos.am263px.r5f.ti-arm-clang.debug.lib : dhcp.obj (.text.dhcp_rebind)
                  70064a7c    00000004     --HOLE-- [fill = 0]
                  70064a80    0000015c     freertos.am263px.r5f.ti-arm-clang.debug.lib : tasks.obj (.text.prvAddNewTaskToReadyList)
                  70064bdc    00000004     --HOLE-- [fill = 0]
                  70064be0    0000015c                                                 : tasks.obj (.text.xTaskPriorityInherit)
                  70064d3c    00000004     --HOLE-- [fill = 0]
                  70064d40    0000015a     enet-cpsw.am263px.r5f.ti-arm-clang.freertos.debug.lib : enet_cpdma.obj (.text.EnetCpdma_netChOpen)
                  70064e9a    00000006     --HOLE-- [fill = 0]
                  70064ea0    0000015a     lwip-freertos.am263px.r5f.ti-arm-clang.debug.lib : dhcp.obj (.text.dhcp_start)
                  70064ffa    00000006     --HOLE-- [fill = 0]
                  70065000    00000158     enet-cpsw.am263px.r5f.ti-arm-clang.freertos.debug.lib : cpsw_ale.obj (.text.CpswAle_initCfg)
                  70065158    00000008     --HOLE-- [fill = 0]
                  70065160    00000158     ti_enet_config.o (.text.EnetApp_initializeMacAddrPool)
                  700652b8    00000008     --HOLE-- [fill = 0]
                  700652c0    00000158     enet-cpsw.am263px.r5f.ti-arm-clang.freertos.debug.lib : enet_phymdio_dflt.obj (.text.EnetPhyMdioDflt_writeC22)
                  70065418    00000008     --HOLE-- [fill = 0]
                  70065420    00000158     drivers.am263px.r5f.ti-arm-clang.freertos.debug.lib : soc.obj (.text.SOC_controlModuleUnlockMMR)
                  70065578    00000008     --HOLE-- [fill = 0]
                  70065580    00000158     lwip-freertos.am263px.r5f.ti-arm-clang.debug.lib : dhcp.obj (.text.dhcp_handle_ack)
                  700656d8    00000008     --HOLE-- [fill = 0]
                  700656e0    00000158                                                      : etharp.obj (.text.etharp_tmr)
                  70065838    00000008     --HOLE-- [fill = 0]
                  70065840    00000158                                                      : raw.obj (.text.raw_input)
                  70065998    00000008     --HOLE-- [fill = 0]
                  700659a0    00000156     enet-cpsw.am263px.r5f.ti-arm-clang.freertos.debug.lib : enet_cpdma.obj (.text.EnetDma_submitTxPktQ)
                  70065af6    0000000a     --HOLE-- [fill = 0]
                  70065b00    00000154                                                           : enet_cpdma.obj (.text.EnetDma_retrieveTxPktQ)
                  70065c54    0000000c     --HOLE-- [fill = 0]
                  70065c60    00000154     lwip-freertos.am263px.r5f.ti-arm-clang.debug.lib : stats.obj (.text.stats_display_igmp)
                  70065db4    0000000c     --HOLE-- [fill = 0]
                  70065dc0    00000152     drivers.am263px.r5f.ti-arm-clang.freertos.debug.lib : uart_v0_lld.obj (.text.UART_lld_initDma)
                  70065f12    0000000e     --HOLE-- [fill = 0]
                  70065f20    00000150     enet-cpsw.am263px.r5f.ti-arm-clang.freertos.debug.lib : enet_phymdio_dflt.obj (.text.EnetPhyMdioDflt_readC22)
                  70066070    00000150                                                           : enet_rm.obj (.text.EnetRm_delCoreAttached)
                  700661c0    0000014e     ti_enet_lwipif.o (.text.LwipifEnetApp_createPollTask)
                  7006630e    00000002     --HOLE-- [fill = 0]
                  70066310    0000014e     lwip-freertos.am263px.r5f.ti-arm-clang.debug.lib : sys_arch.obj (.text.sys_arch_unprotect)
                  7006645e    00000002     --HOLE-- [fill = 0]
                  70066460    0000014e     freertos.am263px.r5f.ti-arm-clang.debug.lib : tasks.obj (.text.xTaskPriorityDisinherit)
                  700665ae    00000002     --HOLE-- [fill = 0]
                  700665b0    0000014c     enet-cpsw.am263px.r5f.ti-arm-clang.freertos.debug.lib : enet_cpdma.obj (.text.EnetDma_submitRxPktQ)
                  700666fc    00000004     --HOLE-- [fill = 0]
                  70066700    0000014c     freertos.am263px.r5f.ti-arm-clang.debug.lib : queue.obj (.text.xQueueReceiveFromISR)
                  7006684c    00000004     --HOLE-- [fill = 0]
                  70066850    00000148     enet-cpsw.am263px.r5f.ti-arm-clang.freertos.debug.lib : cpsw_ale.obj (.text.CpswAle_setPolicerPartitionLevel)
                  70066998    00000008     --HOLE-- [fill = 0]
                  700669a0    00000148     lwip-freertos.am263px.r5f.ti-arm-clang.debug.lib : netif.obj (.text.netif_set_addr)
                  70066ae8    00000008     --HOLE-- [fill = 0]
                  70066af0    00000148                                                      : tcp_in.obj (.text.tcp_timewait_input)
                  70066c38    00000008     --HOLE-- [fill = 0]
                  70066c40    00000148                                                      : udp.obj (.text.udp_sendto)
                  70066d88    00000008     --HOLE-- [fill = 0]
                  70066d90    00000146     enet-cpsw.am263px.r5f.ti-arm-clang.freertos.debug.lib : cpsw_ioctl.obj (.text.Cpsw_closePortLink)
                  70066ed6    0000000a     --HOLE-- [fill = 0]
                  70066ee0    00000146     lwip-freertos.am263px.r5f.ti-arm-clang.debug.lib : udp.obj (.text.udp_input_local_match)
                  70067026    0000000a     --HOLE-- [fill = 0]
                  70067030    00000144     freertos.am263px.r5f.ti-arm-clang.debug.lib : tasks.obj (.text.prvInitialiseNewTask)
                  70067174    00000144     libc.a : setvbuf.c.obj (.text.setvbuf)
                  700672b8    00000008     --HOLE-- [fill = 0]
                  700672c0    00000144     lwip-freertos.am263px.r5f.ti-arm-clang.debug.lib : tcp.obj (.text.tcp_close_shutdown_fin)
                  70067404    0000000c     --HOLE-- [fill = 0]
                  70067410    00000142     enet-cpsw.am263px.r5f.ti-arm-clang.freertos.debug.lib : cpsw_ale_ioctl.obj (.text.CpswAle_delPortUcastEntries)
                  70067552    0000000e     --HOLE-- [fill = 0]
                  70067560    00000142     lwip-freertos.am263px.r5f.ti-arm-clang.debug.lib : igmp.obj (.text.igmp_lookup_group)
                  700676a2    0000000e     --HOLE-- [fill = 0]
                  700676b0    00000140                                                      : pbuf.obj (.text.pbuf_cat)
                  700677f0    0000013e     enet-cpsw.am263px.r5f.ti-arm-clang.freertos.debug.lib : csl_cpsw_ale_9g_tblcfg.obj (.text.CSL_CPSW_setAleVlanUnicastAddrEntry)
                  7006792e    00000002     --HOLE-- [fill = 0]
                  70067930    0000013e                                                           : enet_cpdma.obj (.text.EnetCpdma_openTxCh)
                  70067a6e    00000002     --HOLE-- [fill = 0]
                  70067a70    0000013e     drivers.am263px.r5f.ti-arm-clang.freertos.debug.lib : i2c_v1.obj (.text.I2C_mem_primeTransfer)
                  70067bae    00000002     --HOLE-- [fill = 0]
                  70067bb0    0000013e     lwip-freertos.am263px.r5f.ti-arm-clang.debug.lib : pbuf.obj (.text.pbuf_copy_partial)
                  70067cee    00000002     --HOLE-- [fill = 0]
                  70067cf0    0000013a     board.am263px.r5f.ti-arm-clang.freertos.debug.lib : dp83869.obj (.text.Dp83869_enableAdvertisement)
                  70067e2a    00000006     --HOLE-- [fill = 0]
                  70067e30    0000013a     drivers.am263px.r5f.ti-arm-clang.freertos.debug.lib : edma.obj (.text.EDMA_isDmaChannelAllocated)
                  70067f6a    00000006     --HOLE-- [fill = 0]
                  70067f70    0000013a     enet-cpsw.am263px.r5f.ti-arm-clang.freertos.debug.lib : enet_phymdio_dflt.obj (.text.EnetPhyMdioDflt_isAlive)
                  700680aa    00000006     --HOLE-- [fill = 0]
                  700680b0    0000013a                                                           : enet_phymdio_dflt.obj (.text.EnetPhyMdioDflt_isLinked)
                  700681ea    00000006     --HOLE-- [fill = 0]
                  700681f0    0000013a                                                           : enet.obj (.text.Enet_ioctl)
                  7006832a    00000006     --HOLE-- [fill = 0]
                  70068330    0000013a     board.am263px.r5f.ti-arm-clang.freertos.debug.lib : generic_phy.obj (.text.GenericPhy_enableAdvertisement)
                  7006846a    00000006     --HOLE-- [fill = 0]
                  70068470    0000013a     drivers.am263px.r5f.ti-arm-clang.freertos.debug.lib : i2c_v1_lld.obj (.text.I2C_lld_mem_write)
                  700685aa    00000006     --HOLE-- [fill = 0]
                  700685b0    0000013a     lwip-freertos.am263px.r5f.ti-arm-clang.debug.lib : dhcp.obj (.text.dhcp_release_and_stop)
                  700686ea    00000006     --HOLE-- [fill = 0]
                  700686f0    00000138     enet-cpsw.am263px.r5f.ti-arm-clang.freertos.debug.lib : cpsw_cpts_ioctl.obj (.text.CpswCpts_ioctl_handler_CPSW_CPTS_IOCTL_SET_ESTF)
                  70068828    00000008     --HOLE-- [fill = 0]
                  70068830    00000138     freertos.am263px.r5f.ti-arm-clang.debug.lib : printf.obj (.text._ntoa_long_long)
                  70068968    00000008     --HOLE-- [fill = 0]
                  70068970    00000136     board.am263px.r5f.ti-arm-clang.freertos.debug.lib : dp83869.obj (.text.Dp83869_disableAdvertisement)
                  70068aa6    0000000a     --HOLE-- [fill = 0]
                  70068ab0    00000136     enet-cpsw.am263px.r5f.ti-arm-clang.freertos.debug.lib : enet_appmemutils.obj (.text.EnetMem_initMemObjs)
                  70068be6    0000000a     --HOLE-- [fill = 0]
                  70068bf0    00000136     board.am263px.r5f.ti-arm-clang.freertos.debug.lib : generic_phy.obj (.text.GenericPhy_disableAdvertisement)
                  70068d26    0000000a     --HOLE-- [fill = 0]
                  70068d30    00000136     drivers.am263px.r5f.ti-arm-clang.freertos.debug.lib : uart_v0_lld.obj (.text.UART_procLineStatusErr)
                  70068e66    0000000a     --HOLE-- [fill = 0]
                  70068e70    00000136     lwip-freertos.am263px.r5f.ti-arm-clang.debug.lib : tcp_out.obj (.text.tcp_rst_common)
                  70068fa6    0000000a     --HOLE-- [fill = 0]
                  70068fb0    00000134     drivers.am263px.r5f.ti-arm-clang.freertos.debug.lib : edma.obj (.text.EDMA_registerIntr)
                  700690e4    0000000c     --HOLE-- [fill = 0]
                  700690f0    00000134                                                         : uart_v0_lld.obj (.text.UART_writePolling)
                  70069224    0000000c     --HOLE-- [fill = 0]
                  70069230    00000134     freertos.am263px.r5f.ti-arm-clang.debug.lib : tasks.obj (.text.vTaskDelete)
                  70069364    0000000c     --HOLE-- [fill = 0]
                  70069370    00000132     enet-cpsw.am263px.r5f.ti-arm-clang.freertos.debug.lib : csl_cpsw_ale_9g_tblcfg.obj (.text.CSL_CPSW_setAleVlanMcastAddrEntry)
                  700694a2    0000000e     --HOLE-- [fill = 0]
                  700694b0    00000132                                                           : cpsw.obj (.text.Cpsw_dmaMiscIsr)
                  700695e2    0000000e     --HOLE-- [fill = 0]
                  700695f0    00000130                                                           : csl_cpsw_ale_9g_tblcfg.obj (.text.CSL_CPSW_setAleUnicastAddrEntry)
                  70069720    00000130                                                           : enet.obj (.text.EnetPer_open)
                  70069850    00000130     lwip-freertos.am263px.r5f.ti-arm-clang.debug.lib : tcp_in.obj (.text.tcp_oos_insert_segment)
                  70069980    0000012e                                                      : igmp.obj (.text.igmp_send)
                  70069aae    00000002     --HOLE-- [fill = 0]
                  70069ab0    0000012c     enet-cpsw.am263px.r5f.ti-arm-clang.freertos.debug.lib : enet_osal.obj (.text.EnetOsal_registerIntr)
                  70069bdc    00000004     --HOLE-- [fill = 0]
                  70069be0    0000012c                                                           : enet_rm.obj (.text.EnetRm_validateResPartInfo)
                  70069d0c    00000004     --HOLE-- [fill = 0]
                  70069d10    0000012c     drivers.am263px.r5f.ti-arm-clang.freertos.debug.lib : i2c_v1_lld.obj (.text.I2C_lld_mem_read)
                  70069e3c    00000004     --HOLE-- [fill = 0]
                  70069e40    0000012c                                                         : uart_v0_lld.obj (.text.UART_lld_init)
                  70069f6c    00000004     --HOLE-- [fill = 0]
                  70069f70    0000012c     freertos.am263px.r5f.ti-arm-clang.debug.lib : tasks.obj (.text.ulTaskGenericNotifyTake)
                  7006a09c    00000004     --HOLE-- [fill = 0]
                  7006a0a0    0000012a     enet-cpsw.am263px.r5f.ti-arm-clang.freertos.debug.lib : enet_utils.obj (.text.EnetUtils_macToPhyMii)
                  7006a1ca    00000006     --HOLE-- [fill = 0]
                  7006a1d0    00000128                                                           : enet_cpdmautils.obj (.text.EnetAppUtils_isDescCached)
                  7006a2f8    00000008     --HOLE-- [fill = 0]
                  7006a300    00000128     drivers.am263px.r5f.ti-arm-clang.freertos.debug.lib : i2c_v1_lld.obj (.text.I2C_lld_mem_writeIntr)
                  7006a428    00000008     --HOLE-- [fill = 0]
                  7006a430    00000128     freertos.am263px.r5f.ti-arm-clang.debug.lib : port.obj (.text.pxPortInitialiseStack)
                  7006a558    00000008     --HOLE-- [fill = 0]
                  7006a560    00000128     lwip-freertos.am263px.r5f.ti-arm-clang.debug.lib : stats.obj (.text.stats_display_proto)
                  7006a688    00000008     --HOLE-- [fill = 0]
                  7006a690    00000126     drivers.am263px.r5f.ti-arm-clang.freertos.debug.lib : soc.obj (.text.SOC_controlModuleLockMMR)
                  7006a7b6    0000000a     --HOLE-- [fill = 0]
                  7006a7c0    00000126     lwip-freertos.am263px.r5f.ti-arm-clang.debug.lib : pbuf.obj (.text.pbuf_take_at)
                  7006a8e6    0000000a     --HOLE-- [fill = 0]
                  7006a8f0    00000126                                                      : timeouts.obj (.text.sys_timeout_abs)
                  7006aa16    0000000a     --HOLE-- [fill = 0]
                  7006aa20    00000126                                                      : tcp_out.obj (.text.tcp_rexmit)
                  7006ab46    0000000a     --HOLE-- [fill = 0]
                  7006ab50    00000124     enet-cpsw.am263px.r5f.ti-arm-clang.freertos.debug.lib : csl_cpsw_ale_9g_tblcfg.obj (.text.CSL_CPSW_setAleMcastAddrEntry)
                  7006ac74    0000000c     --HOLE-- [fill = 0]
                  7006ac80    00000124                                                           : cpsw_ale.obj (.text.CpswAle_setIoctlHandlerFxn)
                  7006ada4    0000000c     --HOLE-- [fill = 0]
                  7006adb0    00000124                                                           : cpsw_cpts.obj (.text.CpswCpts_setIoctlHandlerFxn)
                  7006aed4    0000000c     --HOLE-- [fill = 0]
                  7006aee0    00000124                                                           : cpsw_hostport.obj (.text.CpswHostPort_setIoctlHandlerFxn)
                  7006b004    0000000c     --HOLE-- [fill = 0]
                  7006b010    00000124                                                           : cpsw_macport_est.obj (.text.CpswMacPortEst_setIoctlHandlerFxn)
                  7006b134    0000000c     --HOLE-- [fill = 0]
                  7006b140    00000124                                                           : cpsw_macport.obj (.text.CpswMacPort_setIoctlHandlerFxn)
                  7006b264    0000000c     --HOLE-- [fill = 0]
                  7006b270    00000124                                                           : cpsw_stats.obj (.text.CpswStats_setIoctlHandlerFxn)
                  7006b394    0000000c     --HOLE-- [fill = 0]
                  7006b3a0    00000124                                                           : cpsw.obj (.text.Cpsw_initCfg)
                  7006b4c4    0000000c     --HOLE-- [fill = 0]
                  7006b4d0    00000124                                                           : cpsw.obj (.text.Cpsw_setIoctlHandlerFxn)
                  7006b5f4    0000000c     --HOLE-- [fill = 0]
                  7006b600    00000124                                                           : enet_phymdio_dflt.obj (.text.EnetPhyMdioDflt_setIoctlHandlerFxn)
                  7006b724    0000000c     --HOLE-- [fill = 0]
                  7006b730    00000124                                                           : enet_rm.obj (.text.EnetRm_setIoctlHandlerFxn)
                  7006b854    0000000c     --HOLE-- [fill = 0]
                  7006b860    00000124                                                           : mdio.obj (.text.Mdio_setIoctlHandlerFxn)
                  7006b984    0000000c     --HOLE-- [fill = 0]
                  7006b990    00000122                                                           : cpsw_ale_ioctl.obj (.text.CpswAle_addUcastAddr)
                  7006bab2    0000000e     --HOLE-- [fill = 0]
                  7006bac0    00000122     ti_enet_open_close.o (.text.EnetApp_driverClose)
                  7006bbe2    0000000e     --HOLE-- [fill = 0]
                  7006bbf0    00000120     enet-cpsw.am263px.r5f.ti-arm-clang.freertos.debug.lib : cpsw_est.obj (.text.CpswEst_setIoctlHandlerFxn)
                  7006bd10    00000120                                                           : enet_rm_ioctl.obj (.text.EnetRm_allocInternalRxFlowIdx)
                  7006be30    00000120                                                           : mdio_manual_ioctl.obj (.text.Mdio_manualModePhyRegRead22)
                  7006bf50    00000120     drivers.am263px.r5f.ti-arm-clang.freertos.debug.lib : soc_rcm.obj (.text.SOC_rcmGetPeripheralClockFrequency)
                  7006c070    0000011e     ti_enet_lwipif.o (.text.LwipifEnetApp_getRxChIDs)
                  7006c18e    00000002     --HOLE-- [fill = 0]
                  7006c190    0000011e     enet-cpsw.am263px.r5f.ti-arm-clang.freertos.debug.lib : mdio_manual_ioctl.obj (.text.Mdio_manualModePhyRegValReadC45)
                  7006c2ae    00000002     --HOLE-- [fill = 0]
                  7006c2b0    0000011e     lwip-freertos.am263px.r5f.ti-arm-clang.debug.lib : pbuf.obj (.text.pbuf_add_header_impl)
                  7006c3ce    00000002     --HOLE-- [fill = 0]
                  7006c3d0    0000011e     freertos.am263px.r5f.ti-arm-clang.debug.lib : tasks.obj (.text.xTaskDelayUntil)
                  7006c4ee    00000002     --HOLE-- [fill = 0]
                  7006c4f0    0000011c     enet-cpsw.am263px.r5f.ti-arm-clang.freertos.debug.lib : csl_cpsw_ale_9g_tblcfg.obj (.text.CSL_CPSW_setAleVlanEntry)
                  7006c60c    00000004     --HOLE-- [fill = 0]
                  7006c610    0000011c     ti_enet_open_close.o (.text.EnetAppUtils_openRxCh)
                  7006c72c    00000004     --HOLE-- [fill = 0]
                  7006c730    0000011c     enet-cpsw.am263px.r5f.ti-arm-clang.freertos.debug.lib : enet_cpdma.obj (.text.EnetCpdma_setSOPInfo)
                  7006c84c    00000004     --HOLE-- [fill = 0]
                  7006c850    0000011c                                                           : enet_queue.obj (.text.EnetQueue_append)
                  7006c96c    00000004     --HOLE-- [fill = 0]
                  7006c970    0000011c                                                           : enet_utils.obj (.text.EnetUtils_delayNs)
                  7006ca8c    00000004     --HOLE-- [fill = 0]
                  7006ca90    0000011c     ti_enet_lwipif.o (.text.LwipifEnetApp_netifOpen)
                  7006cbac    00000004     --HOLE-- [fill = 0]
                  7006cbb0    0000011c     enet-cpsw.am263px.r5f.ti-arm-clang.freertos.debug.lib : mdio_ioctl.obj (.text.Mdio_writeRegC45)
                  7006cccc    00000004     --HOLE-- [fill = 0]
                  7006ccd0    0000011c     drivers.am263px.r5f.ti-arm-clang.freertos.debug.lib : uart_dma_edma.obj (.text.UART_lld_dmaRead)
                  7006cdec    00000004     --HOLE-- [fill = 0]
                  7006cdf0    0000011c     lwip-freertos.am263px.r5f.ti-arm-clang.debug.lib : tcp_out.obj (.text.tcp_rexmit_rto_prepare)
                  7006cf0c    00000004     --HOLE-- [fill = 0]
                  7006cf10    0000011a     enet-cpsw.am263px.r5f.ti-arm-clang.freertos.debug.lib : csl_cpsw_ale_9g_tblcfg.obj (.text.CSL_CPSW_setAleOutVlanEntry)
                  7006d02a    00000006     --HOLE-- [fill = 0]
                  7006d030    0000011a                                                           : enetphy.obj (.text.EnetPhy_setupManual)
                  7006d14a    00000006     --HOLE-- [fill = 0]
                  7006d150    0000011a     drivers.am263px.r5f.ti-arm-clang.freertos.debug.lib : i2c_v1_lld.obj (.text.I2C_lld_mem_readIntr)
                  7006d26a    00000006     --HOLE-- [fill = 0]
                  7006d270    00000118     enet-cpsw.am263px.r5f.ti-arm-clang.freertos.debug.lib : enetphy.obj (.text.EnetPhy_resetWaitState)
                  7006d388    00000008     --HOLE-- [fill = 0]
                  7006d390    00000118                                                           : enetphy.obj (.text.EnetPhy_setupNway)
                  7006d4a8    00000008     --HOLE-- [fill = 0]
                  7006d4b0    00000118     lwip-freertos.am263px.r5f.ti-arm-clang.debug.lib : sys_arch.obj (.text.sys_mbox_trypost)
                  7006d5c8    00000008     --HOLE-- [fill = 0]
                  7006d5d0    00000118                                                      : tcp.obj (.text.tcp_process_refused_data)
                  7006d6e8    00000008     --HOLE-- [fill = 0]
                  7006d6f0    00000118                                                      : tcp.obj (.text.tcp_update_rcv_ann_wnd)
                  7006d808    00000118     libclang_rt.builtins.a : udivmoddi4.S.obj (.text)
                  7006d920    00000116     drivers.am263px.r5f.ti-arm-clang.freertos.debug.lib : edma.obj (.text.EDMA_isTccAllocated)
                  7006da36    0000000a     --HOLE-- [fill = 0]
                  7006da40    00000116     enet-cpsw.am263px.r5f.ti-arm-clang.freertos.debug.lib : mdio_ioctl.obj (.text.Mdio_handleIntr)
                  7006db56    0000000a     --HOLE-- [fill = 0]
                  7006db60    00000116     drivers.am263px.r5f.ti-arm-clang.freertos.debug.lib : uart_v0_lld.obj (.text.UART_divisorLatchWrite)
                  7006dc76    0000000a     --HOLE-- [fill = 0]
                  7006dc80    00000114     freertos.am263px.r5f.ti-arm-clang.debug.lib : printf.obj (.text._ntoa_long)
                  7006dd94    0000000c     --HOLE-- [fill = 0]
                  7006dda0    00000112     enet-cpsw.am263px.r5f.ti-arm-clang.freertos.debug.lib : enetphy.obj (.text.EnetPhy_tick)
                  7006deb2    0000000e     --HOLE-- [fill = 0]
                  7006dec0    00000110     freertos.am263px.r5f.ti-arm-clang.debug.lib : DebugP_shmLogReader.obj (.text.DebugP_shmLogRead)
                  7006dfd0    00000110                                                 : DebugP_shmLogReader.obj (.text.DebugP_shmLogReaderTaskMain)
                  7006e0e0    00000110     enet-cpsw.am263px.r5f.ti-arm-clang.freertos.debug.lib : enetphy.obj (.text.EnetPhy_rmwReg)
                  7006e1f0    0000010e                                                           : enet_cpdma.obj (.text.EnetCpdma_initRxChannel)
                  7006e2fe    00000002     --HOLE-- [fill = 0]
                  7006e300    0000010e     drivers.am263px.r5f.ti-arm-clang.freertos.debug.lib : soc_rcm.obj (.text.SOC_rcmADPLLJGetFOut)
                  7006e40e    00000002     --HOLE-- [fill = 0]
                  7006e410    0000010e     lwip-freertos.am263px.r5f.ti-arm-clang.debug.lib : netif.obj (.text.netif_do_set_ipaddr)
                  7006e51e    00000002     --HOLE-- [fill = 0]
                  7006e520    0000010e                                                      : udp.obj (.text.udp_sendto_if)
                  7006e62e    00000002     --HOLE-- [fill = 0]
                  7006e630    0000010e     freertos.am263px.r5f.ti-arm-clang.debug.lib : queue.obj (.text.xQueueGenericReset)
                  7006e73e    00000002     --HOLE-- [fill = 0]
                  7006e740    0000010c     enet-cpsw.am263px.r5f.ti-arm-clang.freertos.debug.lib : enet_cpdma.obj (.text.EnetCpdma_initTxChannel)
                  7006e84c    00000004     --HOLE-- [fill = 0]
                  7006e850    0000010c     lwip-freertos.am263px.r5f.ti-arm-clang.debug.lib : sys_arch.obj (.text.sys_arch_protect)
                  7006e95c    00000004     --HOLE-- [fill = 0]
                  7006e960    0000010c                                                      : udp.obj (.text.udp_connect)
                  7006ea6c    00000004     --HOLE-- [fill = 0]
                  7006ea70    0000010a     enet-cpsw.am263px.r5f.ti-arm-clang.freertos.debug.lib : csl_cpsw.obj (.text.CSL_CPSW_setCpswControlReg)
                  7006eb7a    00000006     --HOLE-- [fill = 0]
                  7006eb80    0000010a     drivers.am263px.r5f.ti-arm-clang.freertos.debug.lib : ipc_notify_v1.obj (.text.IpcNotify_sendMsg)
                  7006ec8a    00000006     --HOLE-- [fill = 0]
                  7006ec90    00000108     lwip-freertos.am263px.r5f.ti-arm-clang.debug.lib : sys_arch.obj (.text.sys_mbox_new)
                  7006ed98    00000008     --HOLE-- [fill = 0]
                  7006eda0    00000108                                                      : tcp_out.obj (.text.tcp_output_alloc_header_common)
                  7006eea8    00000008     --HOLE-- [fill = 0]
                  7006eeb0    00000106     ti_enet_open_close.o (.text.EnetApp_getRxDmaHandle)
                  7006efb6    0000000a     --HOLE-- [fill = 0]
                  7006efc0    00000106     enet-cpsw.am263px.r5f.ti-arm-clang.freertos.debug.lib : enet_rm.obj (.text.EnetRm_initTxObj)
                  7006f0c6    0000000a     --HOLE-- [fill = 0]
                  7006f0d0    00000106     freertos.am263px.r5f.ti-arm-clang.debug.lib : tasks.obj (.text.prvAddCurrentTaskToDelayedList)
                  7006f1d6    0000000a     --HOLE-- [fill = 0]
                  7006f1e0    00000104     enet-cpsw.am263px.r5f.ti-arm-clang.freertos.debug.lib : csl_cpsw.obj (.text.CSL_CPSW_setPortEstConfig)
                  7006f2e4    0000000c     --HOLE-- [fill = 0]
                  7006f2f0    00000104     drivers.am263px.r5f.ti-arm-clang.freertos.debug.lib : i2c_v1.obj (.text.I2C_close)
                  7006f3f4    0000000c     --HOLE-- [fill = 0]
                  7006f400    00000104     lwipif-cpsw-freertos.am263px.r5f.ti-arm-clang.debug.lib : lwip2lwipif.obj (.text.LWIPIF_LWIP_UdpLiteValidateChkSum)
                  7006f504    0000000c     --HOLE-- [fill = 0]
                  7006f510    00000104     drivers.am263px.r5f.ti-arm-clang.freertos.debug.lib : uart_v0_lld.obj (.text.UART_configInstance)
                  7006f614    0000000c     --HOLE-- [fill = 0]
                  7006f620    00000104     gateway_shared.o (.text.gateway_ringbuf_write)
                  7006f724    0000000c     --HOLE-- [fill = 0]
                  7006f730    00000100     enet-cpsw.am263px.r5f.ti-arm-clang.freertos.debug.lib : enet_osal.obj (.text.EnetOsal_createMutex)
                  7006f830    00000100                                                           : enetphy.obj (.text.EnetPhy_getId)
                  7006f930    000000fe                                                           : cpsw_stats.obj (.text.CpswStats_resetMacStats)
                  7006fa2e    00000002     --HOLE-- [fill = 0]
                  7006fa30    000000fe     lwip-freertos.am263px.r5f.ti-arm-clang.debug.lib : tcp_out.obj (.text.tcp_send_empty_ack)
                  7006fb2e    00000002     --HOLE-- [fill = 0]
                  7006fb30    000000fc     ti_enet_open_close.o (.text.EnetApp_createPhyStateHandlerTask)
                  7006fc2c    00000004     --HOLE-- [fill = 0]
                  7006fc30    000000fc     lwipif-cpsw-freertos.am263px.r5f.ti-arm-clang.debug.lib : lwip2enet.obj (.text.Lwip2Enet_sendTxPackets)
                  7006fd2c    00000004     --HOLE-- [fill = 0]
                  7006fd30    000000fc     gateway_shared.o (.text.gateway_ringbuf_core0_init)
                  7006fe2c    00000004     --HOLE-- [fill = 0]
                  7006fe30    000000fc     lwip-freertos.am263px.r5f.ti-arm-clang.debug.lib : ip4_addr.obj (.text.ip4addr_ntoa_r)
                  7006ff2c    00000004     --HOLE-- [fill = 0]
                  7006ff30    000000fc     test.o (.text.main_loop)
                  7007002c    00000004     --HOLE-- [fill = 0]
                  70070030    000000fa     enet-cpsw.am263px.r5f.ti-arm-clang.freertos.debug.lib : enet_cpdma_priv.obj (.text.EnetCpdmaStats_updateNotifyStats)
                  7007012a    00000006     --HOLE-- [fill = 0]
                  70070130    000000f8                                                           : csl_cpts.obj (.text.CSL_CPTS_setCntlReg)
                  70070228    00000008     --HOLE-- [fill = 0]
                  70070230    000000f8                                                           : cpsw.obj (.text.Cpsw_ioctlInternal)
                  70070328    00000008     --HOLE-- [fill = 0]
                  70070330    000000f6                                                           : cpsw_ioctl.obj (.text.Cpsw_internalIoctl_handler_ENET_PER_IOCTL_ATTACH_CORE)
                  70070426    0000000a     --HOLE-- [fill = 0]
                  70070430    000000f6                                                           : enetphy.obj (.text.EnetPhy_clearIsolateState)
                  70070526    0000000a     --HOLE-- [fill = 0]
                  70070530    000000f6                                                           : enetphy.obj (.text.EnetPhy_setIsolateState)
                  70070626    0000000a     --HOLE-- [fill = 0]
                  70070630    000000f6                                                           : enet_queue.obj (.text.EnetQueue_enq)
                  70070726    0000000a     --HOLE-- [fill = 0]
                  70070730    000000f6     lwip-freertos.am263px.r5f.ti-arm-clang.debug.lib : ip4_frag.obj (.text.ip_reass_remove_oldest_datagram)
                  70070826    0000000a     --HOLE-- [fill = 0]
                  70070830    000000f4     enet-cpsw.am263px.r5f.ti-arm-clang.freertos.debug.lib : cpsw.obj (.text.Cpsw_handleMdioLinkStateChange)
                  70070924    0000000c     --HOLE-- [fill = 0]
                  70070930    000000f4                                                           : enet.obj (.text.EnetPer_ioctl)
                  70070a24    0000000c     --HOLE-- [fill = 0]
                  70070a30    000000f4                                                           : enet.obj (.text.Enet_open)
                  70070b24    0000000c     --HOLE-- [fill = 0]
                  70070b30    000000f4     freertos.am263px.r5f.ti-arm-clang.debug.lib : tasks.obj (.text.prvCreateStaticTask)
                  70070c24    0000000c     --HOLE-- [fill = 0]
                  70070c30    000000f4     lwip-freertos.am263px.r5f.ti-arm-clang.debug.lib : tcp_out.obj (.text.tcp_output_control_segment_netif)
                  70070d24    0000000c     --HOLE-- [fill = 0]
                  70070d30    000000f2     enet-cpsw.am263px.r5f.ti-arm-clang.freertos.debug.lib : cpsw_macport.obj (.text.CpswMacPort_setSwitchTxSched)
                  70070e22    0000000e     --HOLE-- [fill = 0]
                  70070e30    000000f2                                                           : enet_queue.obj (.text.EnetQueue_verifyQCount)
                  70070f22    0000000e     --HOLE-- [fill = 0]
                  70070f30    000000f2     test.o (.text.enet_is_link_up)
                  70071022    0000000e     --HOLE-- [fill = 0]
                  70071030    000000f0     drivers.am263px.r5f.ti-arm-clang.freertos.debug.lib : i2c_v1.obj (.text.I2C_LLD_targetTransferCompleteCallback)
                  70071120    000000f0     lwip-freertos.am263px.r5f.ti-arm-clang.debug.lib : sys_arch.obj (.text.sys_sem_signal)
                  70071210    000000ee                                                      : tcp_out.obj (.text.tcp_rexmit_fast)
                  700712fe    00000002     --HOLE-- [fill = 0]
                  70071300    000000ec     enet-cpsw.am263px.r5f.ti-arm-clang.freertos.debug.lib : cpsw_ioctl.obj (.text.Cpsw_internalIoctl_handler_ENET_PER_IOCTL_OPEN_PORT_LINK)
                  700713ec    00000004     --HOLE-- [fill = 0]
                  700713f0    000000ec                                                           : enet_rm_ioctl.obj (.text.EnetRm_addCoreAttached)
                  700714dc    00000004     --HOLE-- [fill = 0]
                  700714e0    000000ec     freertos.am263px.r5f.ti-arm-clang.debug.lib : queue.obj (.text.xQueueGenericCreateStatic)
                  700715cc    00000004     --HOLE-- [fill = 0]
                  700715d0    000000ea     enet-cpsw.am263px.r5f.ti-arm-clang.freertos.debug.lib : enetphy.obj (.text.EnetPhy_getManualCaps)
                  700716ba    00000006     --HOLE-- [fill = 0]
                  700716c0    000000ea     drivers.am263px.r5f.ti-arm-clang.freertos.debug.lib : i2c_v1_lld.obj (.text.I2C_lld_targetTransferIntr)
                  700717aa    00000006     --HOLE-- [fill = 0]
                  700717b0    000000ea     ti_enet_lwipif.o (.text.LwipifEnetApp_getTxChIDs)
                  7007189a    00000006     --HOLE-- [fill = 0]
                  700718a0    000000e8     enet-cpsw.am263px.r5f.ti-arm-clang.freertos.debug.lib : enetphy.obj (.text.EnetPhy_findCommonCaps)
                  70071988    00000008     --HOLE-- [fill = 0]
                  70071990    000000e8                                                           : enet_rm_ioctl.obj (.text.EnetRm_allocRxFlowIdx)
                  70071a78    00000008     --HOLE-- [fill = 0]
                  70071a80    000000e8                                                           : mdio.obj (.text.Mdio_close)
                  70071b68    00000008     --HOLE-- [fill = 0]
                  70071b70    000000e8     gateway_shared.o (.text.gateway_wait_motor_config_ready)
                  70071c58    00000008     --HOLE-- [fill = 0]
                  70071c60    000000e8     lwip-freertos.am263px.r5f.ti-arm-clang.debug.lib : tcp.obj (.text.tcp_recved)
                  70071d48    00000008     --HOLE-- [fill = 0]
                  70071d50    000000e8                                                      : tcpip.obj (.text.tcpip_init)
                  70071e38    00000008     --HOLE-- [fill = 0]
                  70071e40    000000e6     board.am263px.r5f.ti-arm-clang.freertos.debug.lib : dp83869.obj (.text.Dp83869_setClkDelay)
                  70071f26    0000000a     --HOLE-- [fill = 0]
                  70071f30    000000e6     drivers.am263px.r5f.ti-arm-clang.freertos.debug.lib : soc_rcm.obj (.text.SOC_rcmGetCoreFout)
                  70072016    0000000a     --HOLE-- [fill = 0]
                  70072020    000000e6                                                         : soc_rcm.obj (.text.SOC_rcmGetPerFout)
                  70072106    0000000a     --HOLE-- [fill = 0]
                  70072110    000000e6     lwip-freertos.am263px.r5f.ti-arm-clang.debug.lib : stats.obj (.text.stats_display)
                  700721f6    0000000a     --HOLE-- [fill = 0]
                  70072200    000000e6                                                      : tcp.obj (.text.tcp_fasttmr)
                  700722e6    0000000a     --HOLE-- [fill = 0]
                  700722f0    000000e4     enet-cpsw.am263px.r5f.ti-arm-clang.freertos.debug.lib : cpsw_macport.obj (.text.CpswMacPort_setInterface)
                  700723d4    0000000c     --HOLE-- [fill = 0]
                  700723e0    000000e4     drivers.am263px.r5f.ti-arm-clang.freertos.debug.lib : edma.obj (.text.EDMA_freeChannelRegion)
                  700724c4    0000000c     --HOLE-- [fill = 0]
                  700724d0    000000e4     enet-cpsw.am263px.r5f.ti-arm-clang.freertos.debug.lib : enet_rm.obj (.text.EnetRm_getFreeQ)
                  700725b4    0000000c     --HOLE-- [fill = 0]
                  700725c0    000000e4     test.o (.text.test_init)
                  700726a4    0000000c     --HOLE-- [fill = 0]
                  700726b0    000000e2     enet-cpsw.am263px.r5f.ti-arm-clang.freertos.debug.lib : csl_cpsw.obj (.text.CSL_CPSW_getAlePortControlReg)
[...]
700a1d0c  ip_addr_broadcast                                                      
700a1d80  __BSS_START                                                            
700a1d80  memp_memory_POOL_1568_base                                             
700b499f  memp_memory_POOL_4096_base                                             
700c0a40  memp_memory_POOL_128_base                                              
700c83f8  memp_memory_NETBUF_base                                                
700c9417  memp_memory_PBUF_base                                                  
700ca436  memp_memory_TCPIP_MSG_API_base                                         
700cb455  memp_memory_TCPIP_MSG_INPKT_base                                       
700cc474  memp_memory_TCP_SEG_base                                               
700cd494  pfreeQ                                                                 
700d1220  memp_memory_SYS_MBOX_base                                              
700d25c0  memp_memory_RX_POOL_base                                               
700d2de0  gHwiCtrl                                                               
700d5840  gFreePbufArr                                                           
700d5c40  memp_memory_ARP_QUEUE_base                                             
700d601f  memp_memory_TCP_PCB_base                                               
700d6620  memp_memory_NETCONN_base                                               
700d6dc8  memp_memory_SYS_TIMEOUT_base                                           
700d7008  lwip_stats                                                             
700d720c  memp_memory_FRAG_PBUF_base                                             
700d7750  gEepromObject_CAT24M                                                   
700d78bc  memp_memory_ALTCP_PCB_base                                             
700d7a1b  memp_memory_NETDB_base                                                 
700d7b7a  memp_memory_REASSDATA_base                                             
700d7cdc  _CIOBUF_                                                               
700d7cdc  __CIOBUF_                                                              
700d7dfc  memp_memory_IGMP_GROUP_base                                            
700d7f1b  memp_memory_TCP_PCB_LISTEN_base                                        
700d803a  memp_memory_UDP_PCB_base                                               
700d8259  pbuf_free_ooseq_pending                                                
700d825c  xQueueRegistry                                                         
700d844c  gEnetUtilsObj                                                          
700d8524  gIpcNotifyCtrl                                                         
700d85dc  __TI_tmpnams                                                           
700d8680  gTaskP_ctrl                                                            
700d8be0  gDebugShmLogReaderCtrl                                                 
700d8cf4  memp_memory_RAW_PCB_base                                               
700d8d73  tcp_active_pcbs_changed                                                
700d8e1c  gRovDummyQueue                                                         
700d8f14  memp_memory_PBUF_POOL_base                                             
700d8f38  gClockCtrl                                                             
700d8f50  ip_data                                                                
700d9174  virtToPhymap                                                           
700d9198  parmbuf                                                                
700d9274  gEepromHandle                                                          
700d9278  gI2cHandle                                                             
700d927c  gInterface                                                             
700d9280  gUartHandle                                                            
700d9284  lock_tcpip_core                                                        
700d9288  netif_default                                                          
700d928c  netif_list                                                             
700d9290  tcp_active_pcbs                                                        
700d9294  tcp_bound_pcbs                                                         
700d9298  tcp_input_pcb                                                          
700d929c  tcp_listen_pcbs                                                        
700d92a0  tcp_ticks                                                              
700d92a4  tcp_tw_pcbs                                                            
700d92a8  udp_pcbs                                                               
700d92c0  __BSS_END                                                              
700d92c0  _sys_memory                                                            
700e12c0  __stack                                                                
700e52c0  __STACK_END                                                            
700fd300  gEdmaConfig                                                            
700fd300  gEnetSoc_cpsw3g                                                        
700fd300  gUartDmaHandle                                                         
700fee60  gEnetSoc_dmaObj                                                        
701016b0  gEnetSoc_cpsw3gMacObj                                                  
70101a50  gEnetCpswCfg                                                           
70102748  gEnetPhyDrvDp83869                                                     
7010284c  gEnetPhyDrvGeneric                                                     
70102950  gIpcNotifyMailboxConfig                                                
70102b48  _ftable                                                                
70103708  _device                                                                
70103a58  gUartParams                                                            
70103b54  _stream                                                                
70103d38  gEnetSoc_cpsw3gSocCfg                                                  
70103da0  gEnetMacAddrPool                                                       
70103dd0  gSocModulesClockFrequency                                              
70103e20  gClockConfig                                                           
70103e80  gDmaCfg                                                                
70103ef8  gIpcNotifyInterruptConfig_r5fss0_0                                     
70103f40  Cpsw_gSpeedNames                                                       
70103f50  gEepromFxns_CAT24M                                                     
70103f60  gIpcNotifyCoreIntrBitPos                                               
70103f70  gSocModules                                                            
70103f80  Cpsw_gDuplexNames                                                      
70103f8c  gAddrTranslateConfig                                                   
70103fa4  gEepromAttrs_CAT24M                                                    
70103fb0  gEepromConfig                                                          
70103fbc  gEnetSoc_perObj                                                        
70103fc8  gI2cParams                                                             
70103fd4  __TI_cleanup_ptr                                                       
70103fd8  __TI_dtors_ptr                                                         
70103fdc  gEepromParams                                                          
70103fe4  gI2cConfig                                                             
70103ff4  gUartConfig                                                            
70103ffc  FreeRTOS_errno                                                         
70104010  __TI_ft_end                                                            
70104014  _lock                                                                  
70104018  _unlock                                                                
70104038  gDebugLogZone                                                          
7010403c  gDebugP_uartDrvIndex                                                   
70104040  gEdmaConfigNum                                                         
70104044  gEepromConfigNum                                                       
70104048  gEnetOsalHwiAllocCnt                                                   
7010404c  gEnetOsalHwiPeak                                                       
70104050  gEnetOsalSemAllocCnt                                                   
70104054  gEnetOsalSemPeak                                                       
70104058  gHwiConfig                                                             
7010405c  gI2cConfigNum                                                          
70104060  gIpcNotifyInterruptConfigNum_r5fss0_0                                  
70104064  gIpcTask                                                               
70104068  gLogReaderTask                                                         
7010406c  gMainTask                                                              
70104070  gUartConfigNum                                                         
70104074  gUartDmaChConfig                                                       
70104078  gUdpTxTask                                                             
70104080  g_netif                                                                
70104084  g_pbuf_alloc_count                                                     
70104088  g_pbuf_alloc_fail_count                                                
7010408c  g_pbuf_free_count                                                      
70104098  g_udp_sendto_count                                                     
701040a0  hlwipIfApp                                                             
701040ac  pxCurrentTCB                                                           
701040c4  ulPortInterruptNesting                                                 
701040c8  ulPortSchedularRunning                                                 
701040cc  ulPortTaskHasFPUContext                                                
701040d0  ulPortYieldRequired                                                    
7010414d  gEnetTrace_runtimeLevel                                                
7010414f  isMapAvailable                                                         
70104161  HwiP_enableInt                                                         
701041a1  HwiP_disableInt                                                        
70104201  HwiP_restoreInt                                                        
70104231  HwiP_clearInt                                                          
70104271  HwiP_post                                                              
701042b1  HwiP_Params_init                                                       
701042e1  HwiP_construct                                                         
701044d1  HwiP_destruct                                                          
70104541  HwiP_init                                                              
701046f1  HwiP_inISR                                                             
70104721  HwiP_setVimIrqPriMaskNonAtomic                                         
70104771  HwiP_setVimIrqPriMaskAtomic                                            
70104811  HwiP_restoreVimIrqPriMask                                              
70104821  HwiP_irq_handler_c                                                     
701049c1  HwiP_fiq_handler                                                       
70104b31  HwiP_reserved_handler                                                  
70104b71  HwiP_undefined_handler_c                                               
70104b91  HwiP_user_undefined_handler_c                                          
70104bb1  HwiP_prefetch_abort_handler_c                                          
70104c51  HwiP_user_prefetch_abort_handler_c                                     
70104c91  HwiP_data_abort_handler_c                                              
70104d51  HwiP_user_data_abort_handler_c                                         
70104d8c  vPortRestoreTaskContext                                                
70104dc4  HwiP_svc_handler                                                       
70104e34  HwiP_irq_handler                                                       
70104f78  HwiP_data_abort_handler                                                
70104fbc  HwiP_prefetch_abort_handler                                            
70105008  HwiP_undefined_handler                                                 
70105038  GET_DFSR                                                               
70105040  GET_ADFSR                                                              
70105048  GET_DFAR                                                               
70105050  GET_IFSR                                                               
70105058  GET_AIFSR                                                              
70105060  GET_IFAR                                                               
70105068  GET_SPSR                                                               
7010507c  HwiP_disable                                                           
7010508c  HwiP_disableFIQ                                                        
7010509c  HwiP_enable                                                            
701050ac  HwiP_enableFIQ                                                         
701050bc  HwiP_restore                                                           
701050c4  HwiP_enableVIC                                                         
701050d4  HwiP_disableVIC                                                        
701050e4  HwiP_getCPSR                                                           
701050f0  CacheP_disableL1d                                                      
70105118  CacheP_disableL1p                                                      
70105130  CacheP_enableL1d                                                       
70105148  CacheP_enableL1p                                                       
70105160  CacheP_invL1d                                                          
70105198  CacheP_invL1p                                                          
701051d4  CacheP_invL1dAll                                                       
701051dc  CacheP_invL1pAll                                                       
701051e4  CacheP_wb                                                              
70105220  CacheP_wbInv                                                           
7010525c  CacheP_wbAll                                                           
70105304  CacheP_wbInvAll                                                        
7010531c  CacheP_wbInvAllAsm                                                     
701053bc  CacheP_getEnabled                                                      
701053f4  CacheP_getCacheLevelInfo                                               
70105400  CacheP_configForceWrThru                                               
70105420  CacheP_setDLFO                                                         
70105431  CacheP_init                                                            
701054c1  CacheP_disable                                                         
70105511  CacheP_enable                                                          
70105551  CacheP_inv                                                             
70105591  MpuP_getAttrs                                                          
701055f1  MpuP_RegionAttrs_init                                                  
70105621  MpuP_setRegion                                                         
701056b1  MpuP_isEnable                                                          
701056c1  MpuP_disable                                                           
70105701  MpuP_enable                                                            
70105751  MpuP_init                                                              
701057f1  MpuP_isUserAuthorizedToAccessMemory                                    
701058d0  MpuP_disableAsm                                                        
701058e8  MpuP_disableBRAsm                                                      
701058f8  MpuP_enableAsm                                                         
70105910  MpuP_enableBRAsm                                                       
70105920  MpuP_isEnableAsm                                                       
70105934  MpuP_setRegionAsm                                                      
70105950  _c_int00_sbl                                                           
70105974  _c_int00                                                               
70105aa1  _DebugP_assertNoLog                                                    
70105ad1  _system_pre_init                                                       
70105b01  __mpu_init                                                             
70105b10  abort                                                                  
70105b18  __IRQ_STACK_START                                                      
70105c18  __FIQ_STACK_START                                                      
70105c18  __IRQ_STACK_END                                                        
70105d18  __FIQ_STACK_END                                                        
70105d18  __SVC_STACK_START                                                      
70106d18  __ABORT_STACK_START                                                    
70106d18  __SVC_STACK_END                                                        
70106e18  __ABORT_STACK_END                                                      
70106e18  __UNDEFINED_STACK_START                                                
70106f18  __UNDEFINED_STACK_END                                                  
70200000  gGatewaySharedMem                                                      
70204d30  dbg_ipc_recv_count                                                     
70204d34  dbg_udp_rx_count                                                       
70204d38  dbg_udp_tx_count                                                       
70204d3c  dbg_error_count                                                        
70204d40  dbg_last_error_code                                                    
70204d44  dbg_imu_frame_count                                                    
70208000  gDebugShmLog                                                           
ffffffff  __TI_pprof_out_hndl                                                    
ffffffff  __TI_prof_data_size                                                    
ffffffff  __TI_prof_data_start                                                   
ffffffff  __binit__                                                              
ffffffff  binit                                                                  
UNDEFED   __TI_CINIT_Base                                                        
UNDEFED   __TI_CINIT_Limit                                                       
UNDEFED   __TI_Handler_Table_Base                                                
UNDEFED   __TI_Handler_Table_Limit                                               
UNDEFED   _system_post_cinit                                                     

[1407 symbols]
