******************************************************************************
            TI ARM Clang Linker PC v4.0.4                      
******************************************************************************
>> Linked Wed Apr  8 20:45:34 2026

OUTPUT FILE NAME:   <ccu_ti_multi_core_freertos.out>
ENTRY POINT SYMBOL: "_vectors"  address: 00000000


MEMORY CONFIGURATION

         name            origin    length      used     unused   attr    fill
----------------------  --------  ---------  --------  --------  ----  --------
  R5F_VECS              00000000   00000040  00000040  00000000  RWIX
  R5F_TCMA              00000040   00007fc0  00000000  00007fc0  RWIX
  R5F_TCMB              00080000   00008000  00000000  00008000  RWIX
  MAILBOX_HSM           44000000   000003ce  00000000  000003ce  RWIX
  MAILBOX_R5F           44000400   000003ce  00000000  000003ce  RWIX
  FLASH                 60100000   00080000  00000000  00080000  RWIX
  SBL                   70000000   00040000  00000000  00040000  RWIX
  OCRAM                 70040000   00140000  000f38b0  0004c750  RWIX
  USER_SHM_MEM          70200000   00008000  00006ee4  0000111c  RWIX
  LOG_SHM_MEM           70208000   00004000  00002000  00002000  RWIX
  CPPI_DESC             70280000   00040000  00000a00  0003f600  RWIX
  RTOS_NORTOS_IPC_SHM_M 72000000   00003e80  00000000  00003e80  RWIX


SEGMENT ALLOCATION MAP

run origin  load origin   length   init length attrs members
----------  ----------- ---------- ----------- ----- -------
00000000    00000000    00000040   00000040    r-x
  00000000    00000000    00000040   00000040    r-x .vectors
70040000    70040000    0006f3c0   00000000    rw-
  70040000    70040000    0003c680   00000000    rw- .bss
  7007c680    7007c680    00030d40   00000000    rw- .sysmem
  700ad3c0    700ad3c0    00002000   00000000    rw- .stack
700af3c0    700af3c0    00062608   00062608    r-x
  700af3c0    700af3c0    00051680   00051680    r-x .text
  70100a40    70100a40    00010f88   00010f88    r-- .rodata
70129a00    70129a00    00007130   00007130    rw-
  70129a00    70129a00    00007130   00007130    rw- .data
70130b30    70130b30    000019b8   000019b8    r-x
  70130b30    70130b30    00000f90   00000f90    r-x .text.hwi
  70131ac0    70131ac0    000004a0   000004a0    r-x .text.cache
  70131f60    70131f60    000003c0   000003c0    r-x .text.mpu
  70132320    70132320    000001c0   000001c0    r-x .text.boot
  701324e0    701324e0    00000008   00000008    r-x .text:abort
701324e8    701324e8    00001400   00000000    rw-
  701324e8    701324e8    00000100   00000000    rw- .irqstack
  701325e8    701325e8    00000100   00000000    rw- .fiqstack
  701326e8    701326e8    00001000   00000000    rw- .svcstack
  701336e8    701336e8    00000100   00000000    rw- .abortstack
  701337e8    701337e8    00000100   00000000    rw- .undefinedstack


SECTION ALLOCATION MAP

 output                                  attributes/
section   page    origin      length       input sections
--------  ----  ----------  ----------   ----------------
.vectors   0    00000000    00000040     
                  00000000    00000040     freertos.am263px.r5f.ti-arm-clang.debug.lib : HwiP_armv7r_vectors_freertos_asm.obj (.vectors)

.bss       0    70040000    0003c680     UNINITIALIZED
                  70040000    00012c1f     (.common:memp_memory_POOL_1568_base)
                  70052c1f    0000409f     (.common:memp_memory_POOL_4096_base)
                  70056cbe    00000002     lwip-freertos.am263px.r5f.ti-arm-clang.debug.lib : ip4.obj (.bss.ip_id)
                  70056cc0    00004000     main.o (.bss.gEnetLwipTaskStack)
                  7005acc0    00004000     test.o (.bss.gUdpRxTaskStack)
                  7005ecc0    00004000     main.o (.bss.gUdpTxTaskStack)
                  70062cc0    00003e9f     (.common:memp_memory_POOL_128_base)
                  70066b5f    00000001     lwip-freertos.am263px.r5f.ti-arm-clang.debug.lib : dhcp.obj (.bss.dhcp_pcb_refcount)
                  70066b60    00002200     ti_enet_config.o (.bss.gAppPktInfoMem_LargePool)
                  70068d60    00001918     ti_enet_lwipif.o (.bss.gLwipifEnetAppObj)
                  7006a678    0000101f     (.common:memp_memory_NETBUF_base)
                  7006b697    0000101f     (.common:memp_memory_PBUF_base)
                  7006c6b6    0000101f     (.common:memp_memory_TCPIP_MSG_API_base)
                  7006d6d5    0000101f     (.common:memp_memory_TCPIP_MSG_INPKT_base)
                  7006e6f4    0000101f     (.common:memp_memory_TCP_SEG_base)
                  7006f713    00000001     lwip-freertos.am263px.r5f.ti-arm-clang.debug.lib : etharp.obj (.bss.etharp_cached_entry)
                  7006f714    00000058     freertos.am263px.r5f.ti-arm-clang.debug.lib : DebugP_freertos.obj (.bss.gDebugLogLockObj)
                  7006f76c    00000014     lwip-freertos.am263px.r5f.ti-arm-clang.debug.lib : tcp_in.obj (.bss.inseg)
                  7006f780    00001000     ti_dpl_config.o (.bss.debug_mem_trace_buf)
                  70070780    00001000     freertos.am263px.r5f.ti-arm-clang.debug.lib : DebugP_shmLogReader_freertos.obj (.bss.gDebugShmLogReaderTaskStack)
                  70071780    00001000     main.o (.bss.gMainTaskStack)
                  70072780    00001000     freertos.am263px.r5f.ti-arm-clang.debug.lib : port.obj (.bss.uxIdleTaskStack)
                  70073780    00000d80     ti_enet_open_close.o (.bss.gEnetAppSysCfgObj)
                  70074500    00000b1f     (.common:memp_memory_SYS_MBOX_base)
                  7007501f    00000001     lwip-freertos.am263px.r5f.ti-arm-clang.debug.lib : tcp_in.obj (.bss.flags)
                  70075020    00000880     ti_enet_config.o (.bss.gAppPktInfoMemOnly)
                  700758a0    0000081f     (.common:memp_memory_RX_POOL_base)
                  700760bf    00000001     lwip-freertos.am263px.r5f.ti-arm-clang.debug.lib : sys_arch.obj (.bss.lwip_core_lock_count)
                  700760c0    0000080c     (.common:gHwiCtrl)
                  700768cc    00000014     freertos.am263px.r5f.ti-arm-clang.debug.lib : timers.obj (.bss.xActiveTimerList1)
                  700768e0    00000800     log_reader_task.o (.bss.gLogReaderTaskStack)
                  700770e0    000005c0     enet-cpsw.am263px.r5f.ti-arm-clang.freertos.debug.lib : enet_osal.obj (.bss.gOsalSemPEnetOsalPool)
                  700776a0    00000440     lwip-freertos.am263px.r5f.ti-arm-clang.debug.lib : dns.obj (.bss.dns_table)
                  70077ae0    00000430     enet-cpsw.am263px.r5f.ti-arm-clang.freertos.debug.lib : enetphy.obj (.bss.gEnetPhy_phyObjs)
                  70077f10    00000400     ti_enet_config.o (.bss.gAppPktInfoContainerMem_LargePool)
                  70078310    00000010     lwip-freertos.am263px.r5f.ti-arm-clang.debug.lib : dns.obj (.bss.dns_pcbs)
                  70078320    00000400     main.o (.bss.gIpcTaskStack)
                  70078720    00000400     freertos.am263px.r5f.ti-arm-clang.debug.lib : port.obj (.bss.uxTimerTaskStack)
                  70078b20    00000400     (.common:gFreePbufArr)
                  70078f20    000003df     (.common:memp_memory_ARP_QUEUE_base)
                  700792ff    0000033f     (.common:memp_memory_TCP_PCB_base)
                  7007963e    00000002     lwip-freertos.am263px.r5f.ti-arm-clang.debug.lib : ip4_frag.obj (.bss.ip_reass_pbufcount)
                  70079640    000002c0     ti_enet_config.o (.bss:ENET_CPDMA_OBJ_MEM)
                  70079900    0000029f     (.common:memp_memory_NETCONN_base)
                  70079b9f    00000001     lwip-freertos.am263px.r5f.ti-arm-clang.debug.lib : netif.obj (.bss.netif_num)
                  70079ba0    00000288     ti_drivers_config.o (.bss.gUartObjects)
                  70079e28    00000280     freertos.am263px.r5f.ti-arm-clang.debug.lib : tasks.obj (.bss.pxReadyTasksLists)
                  7007a0a8    0000023f     (.common:memp_memory_SYS_TIMEOUT_base)
                  7007a2e7    00000001     lwip-freertos.am263px.r5f.ti-arm-clang.debug.lib : tcp_in.obj (.bss.recv_flags)
                  7007a2e8    00000204     (.common:lwip_stats)
                  7007a4ec    000001ff     (.common:memp_memory_FRAG_PBUF_base)
                  7007a6eb    00000001                                                      : tcp.obj (.bss.tcp_timer)
                  7007a6ec    000001cc     main.o (.bss.build_and_send_udp_packet.xgw_states)
                  7007a8b8    00000178     ti_drivers_config.o (.bss.gI2cObjects)
                  7007aa30    0000016c     (.common:gEepromObject_CAT24M)
                  7007ab9c    0000015f     (.common:memp_memory_ALTCP_PCB_base)
                  7007acfb    0000015f     (.common:memp_memory_NETDB_base)
                  7007ae5a    0000015f     (.common:memp_memory_REASSDATA_base)
                  7007afb9    00000001     lwip-freertos.am263px.r5f.ti-arm-clang.debug.lib : tcp.obj (.bss.tcp_timer_ctr)
                  7007afba    00000002                                                      : tcp_in.obj (.bss.recv_acked)
                  7007afbc    00000120     libsysbm.a : trgmsg.c.obj (.bss:_CIOBUF_)
                  7007b0dc    0000011f     (.common:memp_memory_IGMP_GROUP_base)
                  7007b1fb    0000011f     (.common:memp_memory_TCP_PCB_LISTEN_base)
                  7007b31a    0000011f     (.common:memp_memory_UDP_PCB_base)
                  7007b439    00000100     freertos.am263px.r5f.ti-arm-clang.debug.lib : timers.obj (.bss.prvCheckForValidListAndQueue.ucStaticTimerQueueStorage)
                  7007b539    00000001     (.common:pbuf_free_ooseq_pending)
                  7007b53a    00000002     lwip-freertos.am263px.r5f.ti-arm-clang.debug.lib : tcp_in.obj (.bss.tcp_optidx)
                  7007b53c    00000100     (.common:xQueueRegistry)
                  7007b63c    000000f0                                                      : etharp.obj (.bss.arp_table)
                  7007b72c    000000d8     (.common:gEnetUtilsObj)
                  7007b804    000000b8     (.common:gIpcNotifyCtrl)
                  7007b8bc    000000a0     libc.a : defs.c.obj (.bss.__TI_tmpnams)
                  7007b95c    00000004     lwip-freertos.am263px.r5f.ti-arm-clang.debug.lib : tcp_in.obj (.bss.ackno)
                  7007b960    000000a0     (.common:gTaskP_ctrl)
                  7007ba00    00000098     freertos.am263px.r5f.ti-arm-clang.debug.lib : DebugP_shmLogReader_freertos.obj (.bss.gDebugShmLogReaderTaskObj)
                  7007ba98    00000098     main.o (.bss.gEnetLwipTaskObj)
                  7007bb30    00000098     main.o (.bss.gIpcTaskObj)
                  7007bbc8    00000098     log_reader_task.o (.bss.gLogReaderTaskObj)
                  7007bc60    00000098     main.o (.bss.gMainTaskObj)
                  7007bcf8    00000098     test.o (.bss.gUdpRxTaskTcb)
                  7007bd90    00000098     main.o (.bss.gUdpTxTaskObj)
                  7007be28    00000098     freertos.am263px.r5f.ti-arm-clang.debug.lib : port.obj (.bss.xIdleTaskTCB)
                  7007bec0    00000098                                                 : port.obj (.bss.xTimerTaskTCB)
                  7007bf58    00000094     (.common:gDebugShmLogReaderCtrl)
                  7007bfec    00000080     enet-cpsw.am263px.r5f.ti-arm-clang.freertos.debug.lib : enet_osal.obj (.bss.gOsalHwiPEnetOsalPool)
                  7007c06c    0000007f     (.common:memp_memory_RAW_PCB_base)
                  7007c0eb    0000007a     freertos.am263px.r5f.ti-arm-clang.debug.lib : DebugP_memTraceLogWriter.obj (.bss.DebugP_memLogWriterPutChar.lineBuf)
                  7007c165    00000001     (.common:tcp_active_pcbs_changed)
                  7007c166    00000002     lwip-freertos.am263px.r5f.ti-arm-clang.debug.lib : tcp_in.obj (.bss.tcphdr_opt1len)
                  7007c168    00000050     freertos.am263px.r5f.ti-arm-clang.debug.lib : timers.obj (.bss.prvCheckForValidListAndQueue.xStaticTimerQueue)
                  7007c1b8    00000050     (.common:gRovDummyQueue)
                  7007c208    00000030     lwip-freertos.am263px.r5f.ti-arm-clang.debug.lib : dns.obj (.bss.dns_requests)
                  7007c238    00000029     enet-cpsw.am263px.r5f.ti-arm-clang.freertos.debug.lib : enetphy.obj (.bss.gEnetPhyCapsBuf)
                  7007c261    00000001     --HOLE--
                  7007c262    00000002     lwip-freertos.am263px.r5f.ti-arm-clang.debug.lib : tcp_in.obj (.bss.tcphdr_optlen)
                  7007c264    00000028                                                      : dhcp.obj (.bss.dhcp_rx_options_val)
                  7007c28c    00000024     enet-cpsw.am263px.r5f.ti-arm-clang.freertos.debug.lib : enet_cpdma_priv.obj (.bss.gCpswDmaMemMgrObj)
                  7007c2b0    0000001f     (.common:memp_memory_PBUF_POOL_base)
                  7007c2cf    00000001     --HOLE--
                  7007c2d0    00000018     (.common:gClockCtrl)
                  7007c2e8    00000018     (.common:ip_data)
                  7007c300    00000014     freertos.am263px.r5f.ti-arm-clang.debug.lib : timers.obj (.bss.xActiveTimerList2)
                  7007c314    00000014                                                 : tasks.obj (.bss.xDelayedTaskList1)
                  7007c328    00000014                                                 : tasks.obj (.bss.xDelayedTaskList2)
                  7007c33c    00000014                                                 : tasks.obj (.bss.xPendingReadyList)
                  7007c350    00000014                                                 : tasks.obj (.bss.xSuspendedTaskList)
                  7007c364    00000014                                                 : tasks.obj (.bss.xTasksWaitingTermination)
                  7007c378    00000010     lwip-freertos.am263px.r5f.ti-arm-clang.debug.lib : ip4_addr.obj (.bss.ip4addr_ntoa.str)
                  7007c388    00000010                                                      : memp.obj (.bss.memp_stats_ALTCP_PCB)
                  7007c398    00000010                                                      : memp.obj (.bss.memp_stats_ARP_QUEUE)
                  7007c3a8    00000010                                                      : memp.obj (.bss.memp_stats_FRAG_PBUF)
                  7007c3b8    00000010                                                      : memp.obj (.bss.memp_stats_IGMP_GROUP)
                  7007c3c8    00000010                                                      : memp.obj (.bss.memp_stats_NETBUF)
                  7007c3d8    00000010                                                      : memp.obj (.bss.memp_stats_NETCONN)
                  7007c3e8    00000010                                                      : memp.obj (.bss.memp_stats_NETDB)
                  7007c3f8    00000010                                                      : memp.obj (.bss.memp_stats_PBUF)
                  7007c408    00000010                                                      : memp.obj (.bss.memp_stats_PBUF_POOL)
                  7007c418    00000010                                                      : memp.obj (.bss.memp_stats_POOL_128)
                  7007c428    00000010                                                      : memp.obj (.bss.memp_stats_POOL_1568)
                  7007c438    00000010                                                      : memp.obj (.bss.memp_stats_POOL_4096)
                  7007c448    00000010                                                      : memp.obj (.bss.memp_stats_RAW_PCB)
                  7007c458    00000010                                                      : memp.obj (.bss.memp_stats_REASSDATA)
                  7007c468    00000010     ti_enet_lwipif.o (.bss.memp_stats_RX_POOL)
                  7007c478    00000010     lwip-freertos.am263px.r5f.ti-arm-clang.debug.lib : memp.obj (.bss.memp_stats_SYS_MBOX)
                  7007c488    00000010                                                      : memp.obj (.bss.memp_stats_SYS_TIMEOUT)
                  7007c498    00000010                                                      : memp.obj (.bss.memp_stats_TCPIP_MSG_API)
                  7007c4a8    00000010                                                      : memp.obj (.bss.memp_stats_TCPIP_MSG_INPKT)
                  7007c4b8    00000010                                                      : memp.obj (.bss.memp_stats_TCP_PCB)
                  7007c4c8    00000010                                                      : memp.obj (.bss.memp_stats_TCP_PCB_LISTEN)
                  7007c4d8    00000010                                                      : memp.obj (.bss.memp_stats_TCP_SEG)
                  7007c4e8    00000010                                                      : memp.obj (.bss.memp_stats_UDP_PCB)
                  7007c4f8    00000010     (.common:virtToPhymap)
                  7007c508    0000000c     (.common:pfreeQ)
                  7007c514    0000000a                                                      : dhcp.obj (.bss.dhcp_rx_options_given)
                  7007c51e    00000002                                                      : tcp_in.obj (.bss.tcplen)
                  7007c520    00000008                                                      : dns.obj (.bss.dns_servers)
                  7007c528    00000008     libsysbm.a : hostopen.c.obj (.bss.parmbuf)
                  7007c530    00000004     lwip-freertos.am263px.r5f.ti-arm-clang.debug.lib : igmp.obj (.bss.allrouters)
                  7007c534    00000004                                                      : igmp.obj (.bss.allsystems)
                  7007c538    00000004                                                      : timeouts.obj (.bss.current_timeout_due_time)
                  7007c53c    00000004                                                      : dhcp.obj (.bss.dhcp_create_msg.xid)
                  7007c540    00000004                                                      : dhcp.obj (.bss.dhcp_pcb)
                  7007c544    00000004                                                      : netif.obj (.bss.ext_callback)
                  7007c548    00000004     freertos.am263px.r5f.ti-arm-clang.debug.lib : DebugP_shmLogReader_freertos.obj (.bss.gDebugShmLogReaderTask)
                  7007c54c    00000004                                                 : HwiP_armv7r_handlers_freertos.obj (.bss.gdummy)
                  7007c550    00000004                                                 : HwiP_armv7r_vim.obj (.bss.gdummy)
                  7007c554    00000004     lwip-freertos.am263px.r5f.ti-arm-clang.debug.lib : ip4.obj (.bss.ip4_default_multicast_netif)
                  7007c558    00000004                                                      : sys_arch.obj (.bss.lwip_core_lock_holder_thread)
                  7007c55c    00000004                                                      : sys_arch.obj (.bss.lwip_tcpip_thread)
                  7007c560    00000004                                                      : memp.obj (.bss.memp_tab_ALTCP_PCB)
                  7007c564    00000004                                                      : memp.obj (.bss.memp_tab_ARP_QUEUE)
                  7007c568    00000004                                                      : memp.obj (.bss.memp_tab_FRAG_PBUF)
                  7007c56c    00000004                                                      : memp.obj (.bss.memp_tab_IGMP_GROUP)
                  7007c570    00000004                                                      : memp.obj (.bss.memp_tab_NETBUF)
                  7007c574    00000004                                                      : memp.obj (.bss.memp_tab_NETCONN)
                  7007c578    00000004                                                      : memp.obj (.bss.memp_tab_NETDB)
                  7007c57c    00000004                                                      : memp.obj (.bss.memp_tab_PBUF)
                  7007c580    00000004                                                      : memp.obj (.bss.memp_tab_PBUF_POOL)
                  7007c584    00000004                                                      : memp.obj (.bss.memp_tab_POOL_128)
                  7007c588    00000004                                                      : memp.obj (.bss.memp_tab_POOL_1568)
                  7007c58c    00000004                                                      : memp.obj (.bss.memp_tab_POOL_4096)
                  7007c590    00000004                                                      : memp.obj (.bss.memp_tab_RAW_PCB)
                  7007c594    00000004                                                      : memp.obj (.bss.memp_tab_REASSDATA)
                  7007c598    00000004     ti_enet_lwipif.o (.bss.memp_tab_RX_POOL)
                  7007c59c    00000004     lwip-freertos.am263px.r5f.ti-arm-clang.debug.lib : memp.obj (.bss.memp_tab_SYS_MBOX)
                  7007c5a0    00000004                                                      : memp.obj (.bss.memp_tab_SYS_TIMEOUT)
                  7007c5a4    00000004                                                      : memp.obj (.bss.memp_tab_TCPIP_MSG_API)
                  7007c5a8    00000004                                                      : memp.obj (.bss.memp_tab_TCPIP_MSG_INPKT)
                  7007c5ac    00000004                                                      : memp.obj (.bss.memp_tab_TCP_PCB)
                  7007c5b0    00000004                                                      : memp.obj (.bss.memp_tab_TCP_PCB_LISTEN)
                  7007c5b4    00000004                                                      : memp.obj (.bss.memp_tab_TCP_SEG)
                  7007c5b8    00000004                                                      : memp.obj (.bss.memp_tab_UDP_PCB)
                  7007c5bc    00000004                                                      : timeouts.obj (.bss.next_timeout)
                  7007c5c0    00000004     freertos.am263px.r5f.ti-arm-clang.debug.lib : timers.obj (.bss.pxCurrentTimerList)
                  7007c5c4    00000004                                                 : tasks.obj (.bss.pxDelayedTaskList)
                  7007c5c8    00000004                                                 : tasks.obj (.bss.pxOverflowDelayedTaskList)
                  7007c5cc    00000004                                                 : timers.obj (.bss.pxOverflowTimerList)
                  7007c5d0    00000004     lwip-freertos.am263px.r5f.ti-arm-clang.debug.lib : raw.obj (.bss.raw_pcbs)
                  7007c5d4    00000004                                                      : ip4_frag.obj (.bss.reassdatagrams)
                  7007c5d8    00000004                                                      : tcp_in.obj (.bss.recv_data)
                  7007c5dc    00000004                                                      : tcp_in.obj (.bss.seqno)
                  7007c5e0    00000004                                                      : sys_arch.obj (.bss.sys_arch_protect_mutex)
                  7007c5e4    00000004                                                      : sys_arch.obj (.bss.sys_arch_protect_nesting)
                  7007c5e8    00000004     libc.a : memory.c.obj (.bss.sys_free)
                  7007c5ec    00000004     lwip-freertos.am263px.r5f.ti-arm-clang.debug.lib : tcp_in.obj (.bss.tcphdr)
                  7007c5f0    00000004                                                      : tcp_in.obj (.bss.tcphdr_opt2)
                  7007c5f4    00000004                                                      : tcpip.obj (.bss.tcpip_init_done)
                  7007c5f8    00000004                                                      : tcpip.obj (.bss.tcpip_init_done_arg)
                  7007c5fc    00000004                                                      : tcpip.obj (.bss.tcpip_mbox)
                  7007c600    00000004                                                      : timeouts.obj (.bss.tcpip_tcp_timer_active)
                  7007c604    00000004     freertos.am263px.r5f.ti-arm-clang.debug.lib : tasks.obj (.bss.xIdleTaskHandles)
                  7007c608    00000004     (.common:gEepromHandle)
                  7007c60c    00000004     (.common:gI2cHandle)
                  7007c610    00000004     (.common:gInterface)
                  7007c614    00000004     (.common:gUartHandle)
                  7007c618    00000004     (.common:lock_tcpip_core)
                  7007c61c    00000004     (.common:netif_default)
                  7007c620    00000004     (.common:netif_list)
                  7007c624    00000004     (.common:tcp_active_pcbs)
                  7007c628    00000004     (.common:tcp_bound_pcbs)
                  7007c62c    00000004     (.common:tcp_input_pcb)
                  7007c630    00000004     (.common:tcp_listen_pcbs)
                  7007c634    00000004     (.common:tcp_ticks)
                  7007c638    00000004     (.common:tcp_tw_pcbs)
                  7007c63c    00000004     (.common:udp_pcbs)
                  7007c640    00000040     --HOLE--

.sysmem    0    7007c680    00030d40     UNINITIALIZED
                  7007c680    00000010     libc.a : memory.c.obj (.sysmem)
                  7007c690    00030d30     --HOLE--

.stack     0    700ad3c0    00002000     UNINITIALIZED
                  700ad3c0    00000004     freertos.am263px.r5f.ti-arm-clang.debug.lib : boot_armv7r_asm.obj (.stack)
                  700ad3c4    00001ffc     --HOLE--

.text      0    700af3c0    00051680     
                  700af3c0    000011da     lwip-freertos.am263px.r5f.ti-arm-clang.debug.lib : tcp_in.obj (.text.tcp_receive)
                  700b059a    00000002     --HOLE-- [fill = 0]
                  700b059c    00000004     libclang_rt.builtins.a : aeabi_div0.c.obj (.text.__aeabi_idiv0)
                  700b05a0    00000c3e     lwip-freertos.am263px.r5f.ti-arm-clang.debug.lib : tcp_in.obj (.text.tcp_input)
                  700b11de    00000002     --HOLE-- [fill = 0]
                  700b11e0    00000ad8                                                      : tcp_in.obj (.text.tcp_process)
                  700b1cb8    00000008     libsysbm.a : hostexit.c.obj (.text.HOSTexit)
                  700b1cc0    00000abe     enet-cpsw.am263px.r5f.ti-arm-clang.freertos.debug.lib : enet_cpdma.obj (.text.EnetCpdma_dequeueTx)
                  700b277e    00000002     --HOLE-- [fill = 0]
                  700b2780    00000a34     freertos.am263px.r5f.ti-arm-clang.debug.lib : printf.obj (.text._vsnprintf)
                  700b31b4    0000000c     libclang_rt.builtins.a : aeabi_memset.S.obj (.text.__aeabi_memclr)
                  700b31c0    0000099a     enet-cpsw.am263px.r5f.ti-arm-clang.freertos.debug.lib : enet_cpdma.obj (.text.EnetCpdma_dequeueRx)
                  700b3b5a    00000002     --HOLE-- [fill = 0]
                  700b3b5c    00000004     libclang_rt.builtins.a : aeabi_div0.c.obj (.text.__aeabi_ldiv0)
                  700b3b60    00000960     lwip-freertos.am263px.r5f.ti-arm-clang.debug.lib : tcp.obj (.text.tcp_slowtmr)
                  700b44c0    000007a4     drivers.am263px.r5f.ti-arm-clang.freertos.debug.lib : i2c_v1_lld.obj (.text.I2C_lld_primeTransferPoll)
                  700b4c64    0000000c     libc.a : memory.c.obj (.text.malloc)
                  700b4c70    00000678     drivers.am263px.r5f.ti-arm-clang.freertos.debug.lib : soc_rcm.obj (.text.SOC_rcmGetClkSrcAndDivReg)
                  700b52e8    00000004     libclang_rt.builtins.a : aeabi_memcpy.S.obj (.text.__aeabi_memcpy)
                  700b52ec    00000004     libc.a : _lock.c.obj (.text._nop)
                  700b52f0    00000654     lwip-freertos.am263px.r5f.ti-arm-clang.debug.lib : dhcp.obj (.text.dhcp_parse_reply)
                  700b5944    0000000c     freertos.am263px.r5f.ti-arm-clang.debug.lib : CpuId_armv7r_asm.obj (.text)
                  700b5950    00000638     drivers.am263px.r5f.ti-arm-clang.freertos.debug.lib : soc_rcm.obj (.text.SOC_rcmEnablePeripheralClock)
                  700b5f88    00000004     libc.a : fseek.c.obj (.text.fseek)
                  700b5f8c    00000004     libsysbm.a : remove.c.obj (.text.remove)
                  700b5f90    00000610     lwipif-cpsw-freertos.am263px.r5f.ti-arm-clang.debug.lib : lwip2enet.obj (.text.Lwip2Enet_open)
                  700b65a0    00000606     enet-cpsw.am263px.r5f.ti-arm-clang.freertos.debug.lib : enet_cpdma.obj (.text.EnetCpdma_enqueueRx)
                  700b6ba6    0000000a     --HOLE-- [fill = 0]
                  700b6bb0    000005e2     freertos.am263px.r5f.ti-arm-clang.debug.lib : printf.obj (.text._ftoa)
                  700b7192    0000000e     --HOLE-- [fill = 0]
                  700b71a0    00000552     enet-cpsw.am263px.r5f.ti-arm-clang.freertos.debug.lib : cpsw_ale.obj (.text.CpswAle_open)
                  700b76f2    0000000e     --HOLE-- [fill = 0]
                  700b7700    0000054c     lwip-freertos.am263px.r5f.ti-arm-clang.debug.lib : ip4.obj (.text.ip4_input)
                  700b7c4c    00000004     --HOLE-- [fill = 0]
                  700b7c50    0000050e                                                      : icmp.obj (.text.icmp_input)
                  700b815e    00000002     --HOLE-- [fill = 0]
                  700b8160    00000506     enet-cpsw.am263px.r5f.ti-arm-clang.freertos.debug.lib : enet_cpdma.obj (.text.EnetCpdma_enqueueTx)
                  700b8666    0000000a     --HOLE-- [fill = 0]
                  700b8670    000004ec     main.o (.text.udp_tx_task)
                  700b8b5c    00000004     --HOLE-- [fill = 0]
                  700b8b60    000004d8     lwip-freertos.am263px.r5f.ti-arm-clang.debug.lib : tcp_out.obj (.text.tcp_output)
                  700b9038    00000008     --HOLE-- [fill = 0]
                  700b9040    000004b0     freertos.am263px.r5f.ti-arm-clang.debug.lib : printf.obj (.text._etoa)
                  700b94f0    000004ae     lwip-freertos.am263px.r5f.ti-arm-clang.debug.lib : udp.obj (.text.udp_input)
                  700b999e    00000002     --HOLE-- [fill = 0]
                  700b99a0    00000492                                                      : etharp.obj (.text.etharp_query)
                  700b9e32    0000000e     --HOLE-- [fill = 0]
                  700b9e40    0000048a                                                      : etharp.obj (.text.etharp_find_entry)
                  700ba2ca    00000006     --HOLE-- [fill = 0]
                  700ba2d0    00000486                                                      : ip4_frag.obj (.text.ip4_reass)
                  700ba756    0000000a     --HOLE-- [fill = 0]
                  700ba760    00000466     board.am263px.r5f.ti-arm-clang.freertos.debug.lib : dp83869.obj (.text.Dp83869_printRegs)
                  700babc6    0000000a     --HOLE-- [fill = 0]
                  700babd0    00000446     enet-cpsw.am263px.r5f.ti-arm-clang.freertos.debug.lib : cpsw_macport.obj (.text.CpswMacPort_open)
                  700bb016    0000000a     --HOLE-- [fill = 0]
                  700bb020    0000043e                                                           : enet_rm.obj (.text.EnetRm_detachCore)
                  700bb45e    00000002     --HOLE-- [fill = 0]
                  700bb460    00000404     drivers.am263px.r5f.ti-arm-clang.freertos.debug.lib : uart_v0.obj (.text.UART_open)
                  700bb864    0000000c     --HOLE-- [fill = 0]
                  700bb870    000003e2     enet-cpsw.am263px.r5f.ti-arm-clang.freertos.debug.lib : enet_rm.obj (.text.EnetRm_close)
                  700bbc52    0000000e     --HOLE-- [fill = 0]
                  700bbc60    000003dc     drivers.am263px.r5f.ti-arm-clang.freertos.debug.lib : ipc_notify_v1.obj (.text.IpcNotify_init)
                  700bc03c    000003dc     libc.a : _printfi.c.obj (.text:__TI_printfi_minimal)
                  700bc418    00000008     --HOLE-- [fill = 0]
                  700bc420    000003d2     drivers.am263px.r5f.ti-arm-clang.freertos.debug.lib : soc.obj (.text.SOC_phyToVirt)
                  700bc7f2    0000000e     --HOLE-- [fill = 0]
                  700bc800    000003c4     xgw_udp_interface.o (.text.xgw_udp_send_motor_states)
                  700bcbc4    0000000c     --HOLE-- [fill = 0]
                  700bcbd0    000003be     lwip-freertos.am263px.r5f.ti-arm-clang.debug.lib : ip4_frag.obj (.text.ip_reass_chain_frag_into_datagram_and_validate)
                  700bcf8e    00000002     --HOLE-- [fill = 0]
                  700bcf90    000003ba                                                      : udp.obj (.text.udp_sendto_if_src)
                  700bd34a    00000006     --HOLE-- [fill = 0]
                  700bd350    000003b0                                                      : tcp_out.obj (.text.tcp_split_unsent_seg)
                  700bd700    000003a2     enet-cpsw.am263px.r5f.ti-arm-clang.freertos.debug.lib : cpsw.obj (.text.Cpsw_registerIntrs)
                  700bdaa2    0000000e     --HOLE-- [fill = 0]
                  700bdab0    00000398                                                           : mdio.obj (.text.Mdio_open)
                  700bde48    00000018     libc.a : memset32.S.obj (.text:TI_memset_small)
                  700bde60    00000390            : strcmp32.S.obj (.text:strcmp)
                  700be1f0    00000380     lwip-freertos.am263px.r5f.ti-arm-clang.debug.lib : ip4_frag.obj (.text.ip4_frag)
                  700be570    0000036e     enet-cpsw.am263px.r5f.ti-arm-clang.freertos.debug.lib : cpsw.obj (.text.Cpsw_handleLinkDown)
                  700be8de    00000002     --HOLE-- [fill = 0]
                  700be8e0    0000036a                                                           : enet_appmemutils.obj (.text.EnetMem_initCore)
                  700bec4a    00000006     --HOLE-- [fill = 0]
                  700bec50    00000362     lwipif-cpsw-freertos.am263px.r5f.ti-arm-clang.debug.lib : lwip2enet.obj (.text.Lwip2Enet_prepRxPktQ)
                  700befb2    0000000e     --HOLE-- [fill = 0]
                  700befc0    00000356     drivers.am263px.r5f.ti-arm-clang.freertos.debug.lib : i2c_v1.obj (.text.I2C_open)
                  700bf316    0000000a     --HOLE-- [fill = 0]
                  700bf320    0000034a     enet-cpsw.am263px.r5f.ti-arm-clang.freertos.debug.lib : cpsw.obj (.text.Cpsw_openInternal)
                  700bf66a    00000006     --HOLE-- [fill = 0]
                  700bf670    0000033a                                                           : cpsw_ioctl.obj (.text.Cpsw_openPortLinkNoPhy)
                  700bf9aa    00000006     --HOLE-- [fill = 0]
                  700bf9b0    00000330                                                           : cpsw.obj (.text.Cpsw_open)
                  700bfce0    00000326     lwip-freertos.am263px.r5f.ti-arm-clang.debug.lib : ip4.obj (.text.ip4_output_if_opt_src)
                  700c0006    0000000a     --HOLE-- [fill = 0]
                  700c0010    00000320     motor_mapping.o (.text.motor_mapping_init_core0)
                  700c0330    0000031e     lwip-freertos.am263px.r5f.ti-arm-clang.debug.lib : tcp_out.obj (.text.tcp_enqueue_flags)
                  700c064e    00000002     --HOLE-- [fill = 0]
                  700c0650    00000302     drivers.am263px.r5f.ti-arm-clang.freertos.debug.lib : soc.obj (.text.SOC_virtToPhy)
                  700c0952    0000000e     --HOLE-- [fill = 0]
                  700c0960    000002f8     lwip-freertos.am263px.r5f.ti-arm-clang.debug.lib : pbuf.obj (.text.pbuf_alloc)
                  700c0c58    00000008     --HOLE-- [fill = 0]
                  700c0c60    000002f2     enet-cpsw.am263px.r5f.ti-arm-clang.freertos.debug.lib : enet_cpdma.obj (.text.EnetCpdma_open)
                  700c0f52    0000000e     --HOLE-- [fill = 0]
                  700c0f60    000002e6                                                           : csl_cpsw.obj (.text.CSL_CPSW_setPortRxDscpMap)
                  700c1246    0000000a     --HOLE-- [fill = 0]
                  700c1250    000002e6     ti_enet_open_close.o (.text.EnetApp_driverOpen)
                  700c1536    0000000a     --HOLE-- [fill = 0]
                  700c1540    000002de     lwip-freertos.am263px.r5f.ti-arm-clang.debug.lib : etharp.obj (.text.etharp_output)
                  700c181e    00000002     --HOLE-- [fill = 0]
                  700c1820    000002da     enet-cpsw.am263px.r5f.ti-arm-clang.freertos.debug.lib : cpsw.obj (.text.Cpsw_periodicTick)
                  700c1afa    00000006     --HOLE-- [fill = 0]
                  700c1b00    000002d2                                                           : enetphy.obj (.text.EnetPhy_enableState)
                  700c1dd2    0000000e     --HOLE-- [fill = 0]
                  700c1de0    000002bc     lwip-freertos.am263px.r5f.ti-arm-clang.debug.lib : tcp_out.obj (.text.tcp_output_segment)
                  700c209c    00000004     --HOLE-- [fill = 0]
                  700c20a0    000002ba     drivers.am263px.r5f.ti-arm-clang.freertos.debug.lib : i2c_v1_lld.obj (.text.I2C_lld_controllerIsr)
                  700c235a    00000006     --HOLE-- [fill = 0]
                  700c2360    000002ba     lwip-freertos.am263px.r5f.ti-arm-clang.debug.lib : pbuf.obj (.text.pbuf_copy_partial_pbuf)
                  700c261a    00000006     --HOLE-- [fill = 0]
                  700c2620    000002b8     enet-cpsw.am263px.r5f.ti-arm-clang.freertos.debug.lib : cpsw.obj (.text.Cpsw_handleLinkUp)
                  700c28d8    00000008     --HOLE-- [fill = 0]
                  700c28e0    000002aa     lwip-freertos.am263px.r5f.ti-arm-clang.debug.lib : netif.obj (.text.netif_add)
                  700c2b8a    00000006     --HOLE-- [fill = 0]
                  700c2b90    000002a8     enet-cpsw.am263px.r5f.ti-arm-clang.freertos.debug.lib : cpsw_ale.obj (.text.CpswAle_addVlan)
                  700c2e38    00000008     --HOLE-- [fill = 0]
                  700c2e40    0000029e     lwip-freertos.am263px.r5f.ti-arm-clang.debug.lib : tcp_in.obj (.text.tcp_listen_input)
                  700c30de    00000002     --HOLE-- [fill = 0]
                  700c30e0    0000029a     drivers.am263px.r5f.ti-arm-clang.freertos.debug.lib : i2c_v1_lld.obj (.text.I2C_lld_targetIsr)
                  700c337a    00000006     --HOLE-- [fill = 0]
                  700c3380    00000296     lwip-freertos.am263px.r5f.ti-arm-clang.debug.lib : tcp.obj (.text.tcp_close_shutdown)
                  700c3616    0000000a     --HOLE-- [fill = 0]
                  700c3620    00000290     enet-cpsw.am263px.r5f.ti-arm-clang.freertos.debug.lib : cpsw.obj (.text.Cpsw_registerIoctlHandler)
                  700c38b0    0000028e                                                           : csl_cpsw.obj (.text.CSL_CPSW_setAlePolicerEntry)
                  700c3b3e    00000002     --HOLE-- [fill = 0]
                  700c3b40    00000286                                                           : csl_cpsw.obj (.text.CSL_CPSW_getAlePolicerEntry)
                  700c3dc6    0000000a     --HOLE-- [fill = 0]
                  700c3dd0    0000027e                                                           : cpsw_ale.obj (.text.CpswAle_findVlan)
                  700c404e    00000002     --HOLE-- [fill = 0]
                  700c4050    0000027e     drivers.am263px.r5f.ti-arm-clang.freertos.debug.lib : uart_dma_edma.obj (.text.UART_edmaChInit)
                  700c42ce    00000002     --HOLE-- [fill = 0]
                  700c42d0    0000027a     enet-cpsw.am263px.r5f.ti-arm-clang.freertos.debug.lib : cpsw.obj (.text.Cpsw_ioctl)
                  700c454a    00000006     --HOLE-- [fill = 0]
                  700c4550    00000272     test.o (.text.test_netif_init)
                  700c47c2    0000000e     --HOLE-- [fill = 0]
                  700c47d0    00000266     enet-cpsw.am263px.r5f.ti-arm-clang.freertos.debug.lib : cpsw_est_ioctl.obj (.text.CpswEst_ioctl_handler_ENET_TAS_IOCTL_SET_STATE)
                  700c4a36    0000000a     --HOLE-- [fill = 0]
                  700c4a40    00000266     freertos.am263px.r5f.ti-arm-clang.debug.lib : tasks.obj (.text.xTaskIncrementTick)
                  700c4ca6    0000000a     --HOLE-- [fill = 0]
                  700c4cb0    0000025a     lwip-freertos.am263px.r5f.ti-arm-clang.debug.lib : ip4_frag.obj (.text.ip_reass_free_complete_datagram)
                  700c4f0a    00000006     --HOLE-- [fill = 0]
                  700c4f10    0000025a     freertos.am263px.r5f.ti-arm-clang.debug.lib : tasks.obj (.text.xTaskResumeAll)
                  700c516a    00000006     --HOLE-- [fill = 0]
                  700c5170    00000254     lwip-freertos.am263px.r5f.ti-arm-clang.debug.lib : igmp.obj (.text.igmp_input)
                  700c53c4    0000000c     --HOLE-- [fill = 0]
                  700c53d0    00000250     drivers.am263px.r5f.ti-arm-clang.freertos.debug.lib : edma.obj (.text.Alloc_resource)
                  700c5620    0000024c     enet-cpsw.am263px.r5f.ti-arm-clang.freertos.debug.lib : cpsw_macport_ioctl.obj (.text.CpswMacPort_enablePort)
                  700c586c    00000004     --HOLE-- [fill = 0]
                  700c5870    00000246     lwip-freertos.am263px.r5f.ti-arm-clang.debug.lib : dns.obj (.text.dns_send)
                  700c5ab6    0000000a     --HOLE-- [fill = 0]
                  700c5ac0    00000242     enet-cpsw.am263px.r5f.ti-arm-clang.freertos.debug.lib : enetphy.obj (.text.EnetPhy_bindDriver)
                  700c5d02    0000000e     --HOLE-- [fill = 0]
                  700c5d10    00000242     drivers.am263px.r5f.ti-arm-clang.freertos.debug.lib : uart_v0_lld.obj (.text.UART_fifoConfig)
                  700c5f52    0000000e     --HOLE-- [fill = 0]
                  700c5f60    00000240     main.o (.text.core0_init)
                  700c61a0    0000023e     enet-cpsw.am263px.r5f.ti-arm-clang.freertos.debug.lib : cpsw_cpts_ioctl.obj (.text.CpswCpts_handleEvents)
                  700c63de    00000002     --HOLE-- [fill = 0]
                  700c63e0    0000023e     freertos.am263px.r5f.ti-arm-clang.debug.lib : printf.obj (.text._ntoa_format)
                  700c661e    00000002     --HOLE-- [fill = 0]
                  700c6620    00000238     main.o (.text.freertos_main)
                  700c6858    00000008     --HOLE-- [fill = 0]
                  700c6860    00000234     enet-cpsw.am263px.r5f.ti-arm-clang.freertos.debug.lib : cpsw_hostport.obj (.text.CpswHostPort_open)
                  700c6a94    0000000c     --HOLE-- [fill = 0]
                  700c6aa0    00000230                                                           : enet_appmemutils.obj (.text.EnetMem_allocEthPkt)
                  700c6cd0    0000022e     xgw_udp_interface.o (.text.xgw_udp_process_motor_cmd)
                  700c6efe    00000002     --HOLE-- [fill = 0]
                  700c6f00    0000022c     enet-cpsw.am263px.r5f.ti-arm-clang.freertos.debug.lib : enet_cpdma_priv.obj (.text.EnetCpdma_memMgrInit)
                  700c712c    00000004     --HOLE-- [fill = 0]
                  700c7130    0000022a     lwipif-cpsw-freertos.am263px.r5f.ti-arm-clang.debug.lib : lwip2lwipif.obj (.text.LWIPIF_LWIP_getChkSumInfo)
                  700c735a    00000006     --HOLE-- [fill = 0]
                  700c7360    0000022a     lwip-freertos.am263px.r5f.ti-arm-clang.debug.lib : dhcp.obj (.text.dhcp_select)
                  700c758a    00000006     --HOLE-- [fill = 0]
                  700c7590    00000226     drivers.am263px.r5f.ti-arm-clang.freertos.debug.lib : uart_dma_edma.obj (.text.UART_lld_dmaDeInit)
                  700c77b6    0000000a     --HOLE-- [fill = 0]
                  700c77c0    00000222                                                         : ipc_notify_v1.obj (.text.IpcNotify_isr)
                  700c79e2    0000000e     --HOLE-- [fill = 0]
                  700c79f0    00000220     enet-cpsw.am263px.r5f.ti-arm-clang.freertos.debug.lib : enet_cpdma.obj (.text.EnetCpdma_closeTxCh)
                  700c7c10    00000220                                                           : enet_rm_ioctl.obj (.text.EnetRm_allocMacAddr)
                  700c7e30    00000220     freertos.am263px.r5f.ti-arm-clang.debug.lib : tasks.obj (.text.vTaskGenericNotifyGiveFromISR)
                  700c8050    00000220                                                 : queue.obj (.text.xQueueGenericSend)
                  700c8270    0000021a     enet-cpsw.am263px.r5f.ti-arm-clang.freertos.debug.lib : cpsw_stats.obj (.text.CpswStats_open)
                  700c848a    00000006     --HOLE-- [fill = 0]
                  700c8490    00000218     main.o (.text.build_and_send_udp_packet)
                  700c86a8    00000008     --HOLE-- [fill = 0]
                  700c86b0    00000218     xgw_udp_interface.o (.text.xgw_udp_process_motor_set)
                  700c88c8    00000008     --HOLE-- [fill = 0]
                  700c88d0    00000210     xgw_udp_interface.o (.text.udp_rx_task)
                  700c8ae0    00000210     xgw_udp_interface.o (.text.xgw_udp_send_imu_state)
                  700c8cf0    0000020a     lwip-freertos.am263px.r5f.ti-arm-clang.debug.lib : tcp.obj (.text.tcp_pcb_remove)
                  700c8efa    00000006     --HOLE-- [fill = 0]
                  700c8f00    0000020a     freertos.am263px.r5f.ti-arm-clang.debug.lib : queue.obj (.text.xQueueSemaphoreTake)
                  700c910a    00000006     --HOLE-- [fill = 0]
                  700c9110    00000206     enet-cpsw.am263px.r5f.ti-arm-clang.freertos.debug.lib : cpsw_cpts.obj (.text.CpswCpts_open)
                  700c9316    0000000a     --HOLE-- [fill = 0]
                  700c9320    00000206                                                           : enet_cpdma.obj (.text.EnetCpdma_closeRxCh)
                  700c9526    0000000a     --HOLE-- [fill = 0]
                  700c9530    00000206     lwip-freertos.am263px.r5f.ti-arm-clang.debug.lib : dhcp.obj (.text.dhcp_recv)
                  700c9736    0000000a     --HOLE-- [fill = 0]
                  700c9740    00000204     enet-cpsw.am263px.r5f.ti-arm-clang.freertos.debug.lib : enetphy.obj (.text.EnetPhy_open)
                  700c9944    0000000c     --HOLE-- [fill = 0]
                  700c9950    000001fe                                                           : cpsw_stats_ioctl.obj (.text.CpswStats_readHostStats)
                  700c9b4e    00000002     --HOLE-- [fill = 0]
                  700c9b50    000001fe     lwip-freertos.am263px.r5f.ti-arm-clang.debug.lib : pbuf.obj (.text.pbuf_free)
                  700c9d4e    00000002     --HOLE-- [fill = 0]
                  700c9d50    000001f6                                                      : dhcp.obj (.text.dhcp_create_msg)
                  700c9f46    0000000a     --HOLE-- [fill = 0]
                  700c9f50    000001f2     drivers.am263px.r5f.ti-arm-clang.freertos.debug.lib : i2c_v1.obj (.text.I2C_primeTransfer)
                  700ca142    0000000e     --HOLE-- [fill = 0]
                  700ca150    000001f2                                                         : i2c_v1.obj (.text.I2C_transfer)
                  700ca342    0000000e     --HOLE-- [fill = 0]
                  700ca350    000001ee     enet-cpsw.am263px.r5f.ti-arm-clang.freertos.debug.lib : cpsw_ale.obj (.text.CpswAle_setAleCfg)
                  700ca53e    00000002     --HOLE-- [fill = 0]
                  700ca540    000001ee                                                           : cpsw_ioctl.obj (.text.Cpsw_openPortLinkWithPhy)
                  700ca72e    00000002     --HOLE-- [fill = 0]
                  700ca730    000001ea                                                           : cpsw_hostport.obj (.text.CpswHostPort_ioctl)
                  700ca91a    00000006     --HOLE-- [fill = 0]
                  700ca920    000001ea                                                           : cpsw_stats.obj (.text.CpswStats_ioctl)
                  700cab0a    00000006     --HOLE-- [fill = 0]
                  700cab10    000001ea                                                           : cpsw_ioctl.obj (.text.Cpsw_openPortLink)
                  700cacfa    00000006     --HOLE-- [fill = 0]
                  700cad00    000001ea     lwip-freertos.am263px.r5f.ti-arm-clang.debug.lib : tcp.obj (.text.tcp_abandon)
                  700caeea    00000006     --HOLE-- [fill = 0]
                  700caef0    000001e2     ti_enet_open_close.o (.text.EnetApp_initLinkArgs)
                  700cb0d2    0000000e     --HOLE-- [fill = 0]
                  700cb0e0    000001e2     lwip-freertos.am263px.r5f.ti-arm-clang.debug.lib : pbuf.obj (.text.pbuf_realloc)
                  700cb2c2    0000000e     --HOLE-- [fill = 0]
                  700cb2d0    000001e0     enet-cpsw.am263px.r5f.ti-arm-clang.freertos.debug.lib : cpsw_stats_ioctl.obj (.text.CpswStats_readMacStats)
                  700cb4b0    000001e0     lwip-freertos.am263px.r5f.ti-arm-clang.debug.lib : dhcp.obj (.text.dhcp_bind)
                  700cb690    000001da     enet-cpsw.am263px.r5f.ti-arm-clang.freertos.debug.lib : enet.obj (.text.Enet_validateIoctl)
                  700cb86a    00000006     --HOLE-- [fill = 0]
                  700cb870    000001d8     freertos.am263px.r5f.ti-arm-clang.debug.lib : queue.obj (.text.xQueueReceive)
                  700cba48    00000008     --HOLE-- [fill = 0]
                  700cba50    000001d6                                                 : TimerP_rti_priv.obj (.text.TimerP_setupPriv)
                  700cbc26    0000000a     --HOLE-- [fill = 0]
                  700cbc30    000001d4     ti_enet_lwipif.o (.text.LwipifEnetAppCb_getRxHandleInfo)
                  700cbe04    0000000c     --HOLE-- [fill = 0]
                  700cbe10    000001d4     enet-cpsw.am263px.r5f.ti-arm-clang.freertos.debug.lib : mdio.obj (.text.Mdio_ioctl)
                  700cbfe4    000001d0     libclang_rt.builtins.a : udivsi3.S.obj (.text.__udivsi3)
                  700cc1b4    0000000c     --HOLE-- [fill = 0]
                  700cc1c0    000001ce     xgw_udp_interface.o (.text.xgw_udp_start)
                  700cc38e    00000002     --HOLE-- [fill = 0]
                  700cc390    000001c8     lwip-freertos.am263px.r5f.ti-arm-clang.debug.lib : etharp.obj (.text.etharp_raw)
                  700cc558    00000008     --HOLE-- [fill = 0]
                  700cc560    000001c6     enet-cpsw.am263px.r5f.ti-arm-clang.freertos.debug.lib : enet_rm_ioctl.obj (.text.EnetRm_allocTxChNum)
                  700cc726    0000000a     --HOLE-- [fill = 0]
                  700cc730    000001c6     lwip-freertos.am263px.r5f.ti-arm-clang.debug.lib : tcp_out.obj (.text.tcp_create_segment)
                  700cc8f6    0000000a     --HOLE-- [fill = 0]
                  700cc900    000001c4     ti_enet_lwipif.o (.text.LwipifEnetApp_startSchedule)
                  700ccac4    0000000c     --HOLE-- [fill = 0]
                  700ccad0    000001c2     enet-cpsw.am263px.r5f.ti-arm-clang.freertos.debug.lib : enet.obj (.text.Enet_validateGenericIoctl)
                  700ccc92    0000000e     --HOLE-- [fill = 0]
                  700ccca0    000001bc     freertos.am263px.r5f.ti-arm-clang.debug.lib : tasks.obj (.text.xTaskRemoveFromEventList)
                  700cce5c    00000004     --HOLE-- [fill = 0]
                  700cce60    000001b4     enet-cpsw.am263px.r5f.ti-arm-clang.freertos.debug.lib : enet_rm.obj (.text.EnetRm_open)
                  700cd014    0000000c     --HOLE-- [fill = 0]
                  700cd020    000001b2     lwip-freertos.am263px.r5f.ti-arm-clang.debug.lib : ip4.obj (.text.ip4_forward)
                  700cd1d2    0000000e     --HOLE-- [fill = 0]
                  700cd1e0    000001b0     enet-cpsw.am263px.r5f.ti-arm-clang.freertos.debug.lib : cpsw_ale.obj (.text.CpswAle_delPolicerEntry)
                  700cd390    000001b0     lwip-freertos.am263px.r5f.ti-arm-clang.debug.lib : dns.obj (.text.dns_call_found)
                  700cd540    000001ae     ti_enet_open_close.o (.text.EnetApp_ConfigureDscpMapping)
                  700cd6ee    00000002     --HOLE-- [fill = 0]
                  700cd6f0    000001ac     drivers.am263px.r5f.ti-arm-clang.freertos.debug.lib : uart_v0.obj (.text.UART_close)
                  700cd89c    00000004     --HOLE-- [fill = 0]
                  700cd8a0    000001aa     enet-cpsw.am263px.r5f.ti-arm-clang.freertos.debug.lib : mdio_ioctl.obj (.text.Mdio_readRegC45)
                  700cda4a    00000006     --HOLE-- [fill = 0]
                  700cda50    000001aa     drivers.am263px.r5f.ti-arm-clang.freertos.debug.lib : uart_dma_edma.obj (.text.UART_lld_dmaWrite)
                  700cdbfa    00000006     --HOLE-- [fill = 0]
                  700cdc00    000001aa     lwip-freertos.am263px.r5f.ti-arm-clang.debug.lib : mem.obj (.text.mem_free)
                  700cddaa    00000006     --HOLE-- [fill = 0]
                  700cddb0    000001a8     enet-cpsw.am263px.r5f.ti-arm-clang.freertos.debug.lib : enet_appmemutils.obj (.text.EnetDma_checkPktState)
                  700cdf58    00000008     --HOLE-- [fill = 0]
                  700cdf60    000001a8     lwipif-cpsw-freertos.am263px.r5f.ti-arm-clang.debug.lib : custom_pbuf.obj (.text.EnetDma_checkPktState)
                  700ce108    00000008     --HOLE-- [fill = 0]
                  700ce110    000001a8                                                             : lwip2enet.obj (.text.EnetDma_checkPktState)
                  700ce2b8    000001a8     libc.a : memory.c.obj (.text.free)
                  700ce460    000001a4            : memory.c.obj (.text.aligned_alloc)
                  700ce604    0000000c     --HOLE-- [fill = 0]
                  700ce610    000001a4     freertos.am263px.r5f.ti-arm-clang.debug.lib : timers.obj (.text.prvProcessReceivedCommands)
                  700ce7b4    0000000c     --HOLE-- [fill = 0]
                  700ce7c0    000001a0     drivers.am263px.r5f.ti-arm-clang.freertos.debug.lib : uart_v0.obj (.text.UART_write)
                  700ce960    000001a0     lwip-freertos.am263px.r5f.ti-arm-clang.debug.lib : pbuf.obj (.text.pbuf_take)
                  700ceb00    000001a0     freertos.am263px.r5f.ti-arm-clang.debug.lib : tasks.obj (.text.vTaskSwitchContext)
                  700ceca0    0000019e     enet-cpsw.am263px.r5f.ti-arm-clang.freertos.debug.lib : cpsw_ale_ioctl.obj (.text.CpswAle_addMcastAddr)
                  700cee3e    00000002     --HOLE-- [fill = 0]
                  700cee40    0000019c     libc.a : fputs.c.obj (.text.fputs)
                  700cefdc    00000004     --HOLE-- [fill = 0]
                  700cefe0    0000019a     enet-cpsw.am263px.r5f.ti-arm-clang.freertos.debug.lib : cpsw_cpts.obj (.text.CpswCpts_ioctl)
                  700cf17a    00000006     --HOLE-- [fill = 0]
                  700cf180    0000019a     lwip-freertos.am263px.r5f.ti-arm-clang.debug.lib : dns.obj (.text.dns_check_entry)
                  700cf31a    00000006     --HOLE-- [fill = 0]
                  700cf320    0000019a     freertos.am263px.r5f.ti-arm-clang.debug.lib : tasks.obj (.text.vTaskPriorityDisinheritAfterTimeout)
                  700cf4ba    00000006     --HOLE-- [fill = 0]
                  700cf4c0    0000019a                                                 : queue.obj (.text.xQueueGenericSendFromISR)
                  700cf65a    00000006     --HOLE-- [fill = 0]
                  700cf660    00000198     drivers.am263px.r5f.ti-arm-clang.freertos.debug.lib : uart_v0_lld.obj (.text.UART_lld_controllerIsr)
                  700cf7f8    00000008     --HOLE-- [fill = 0]
                  700cf800    00000196     lwip-freertos.am263px.r5f.ti-arm-clang.debug.lib : dhcp.obj (.text.dhcp_reboot)
                  700cf996    0000000a     --HOLE-- [fill = 0]
                  700cf9a0    00000194     enet-cpsw.am263px.r5f.ti-arm-clang.freertos.debug.lib : cpsw_ale.obj (.text.CpswAle_ioctl)
                  700cfb34    0000000c     --HOLE-- [fill = 0]
                  700cfb40    00000194                                                           : cpsw_macport.obj (.text.CpswMacPort_ioctl)
                  700cfcd4    0000000c     --HOLE-- [fill = 0]
                  700cfce0    00000192     lwip-freertos.am263px.r5f.ti-arm-clang.debug.lib : ethernet.obj (.text.ethernet_input)
                  700cfe72    0000000e     --HOLE-- [fill = 0]
                  700cfe80    00000192                                                      : tcp_out.obj (.text.tcp_zero_window_probe)
                  700d0012    0000000e     --HOLE-- [fill = 0]
                  700d0020    00000190                                                      : etharp.obj (.text.etharp_update_arp_entry)
                  700d01b0    0000018e                                                      : etharp.obj (.text.etharp_input)
                  700d033e    00000002     --HOLE-- [fill = 0]
                  700d0340    0000018a     enet-cpsw.am263px.r5f.ti-arm-clang.freertos.debug.lib : enet_rm.obj (.text.EnetRm_ioctl)
                  700d04ca    00000006     --HOLE-- [fill = 0]
                  700d04d0    0000018a     lwip-freertos.am263px.r5f.ti-arm-clang.debug.lib : sys_arch.obj (.text.sys_arch_mbox_fetch)
                  700d065a    00000006     --HOLE-- [fill = 0]
                  700d0660    00000188     freertos.am263px.r5f.ti-arm-clang.debug.lib : ClockP_freertos_r5.obj (.text.ClockP_init)
                  700d07e8    00000008     --HOLE-- [fill = 0]
                  700d07f0    00000186     lwip-freertos.am263px.r5f.ti-arm-clang.debug.lib : acd.obj (.text.acd_tmr)
                  700d0976    0000000a     --HOLE-- [fill = 0]
                  700d0980    00000186                                                      : tcp.obj (.text.tcp_alloc)
                  700d0b06    0000000a     --HOLE-- [fill = 0]
                  700d0b10    0000017c     lwipif-cpsw-freertos.am263px.r5f.ti-arm-clang.debug.lib : lwip2enet.obj (.text.Lwip2Enet_close)
                  700d0c8c    00000004     --HOLE-- [fill = 0]
                  700d0c90    0000017a                                                             : custom_pbuf.obj (.text.custom_pbuf_free)
                  700d0e0a    00000006     --HOLE-- [fill = 0]
                  700d0e10    00000178     freertos.am263px.r5f.ti-arm-clang.debug.lib : DebugP_shmLogReader.obj (.text.DebugP_shmLogReaderGetString)
                  700d0f88    00000008     --HOLE-- [fill = 0]
                  700d0f90    00000178     enet-cpsw.am263px.r5f.ti-arm-clang.freertos.debug.lib : enet_rm.obj (.text.EnetRm_initRxObj)
                  700d1108    00000008     --HOLE-- [fill = 0]
                  700d1110    00000178     lwipif-cpsw-freertos.am263px.r5f.ti-arm-clang.debug.lib : lwip2enet.obj (.text.Lwip2Enet_periodicFxn)
                  700d1288    00000008     --HOLE-- [fill = 0]
                  700d1290    00000178     lwip-freertos.am263px.r5f.ti-arm-clang.debug.lib : udp.obj (.text.udp_bind)
                  700d1408    00000008     --HOLE-- [fill = 0]
                  700d1410    00000176     enet-cpsw.am263px.r5f.ti-arm-clang.freertos.debug.lib : cpsw_macport_est.obj (.text.CpswEst_setState)
                  700d1586    0000000a     --HOLE-- [fill = 0]
                  700d1590    00000176     lwip-freertos.am263px.r5f.ti-arm-clang.debug.lib : dhcp.obj (.text.dhcp_discover)
                  700d1706    0000000a     --HOLE-- [fill = 0]
                  700d1710    00000176                                                      : icmp.obj (.text.icmp_send_response)
                  700d1886    0000000a     --HOLE-- [fill = 0]
                  700d1890    00000176                                                      : sys_arch.obj (.text.sys_sem_new)
                  700d1a06    0000000a     --HOLE-- [fill = 0]
                  700d1a10    00000174     enet-cpsw.am263px.r5f.ti-arm-clang.freertos.debug.lib : enetphy.obj (.text.EnetPhy_getLinkStatus)
                  700d1b84    0000000c     --HOLE-- [fill = 0]
                  700d1b90    00000172     board.am263px.r5f.ti-arm-clang.freertos.debug.lib : eeprom_cat24m.obj (.text.EEPROM_CAT24M_write)
                  700d1d02    0000000e     --HOLE-- [fill = 0]
                  700d1d10    00000172     lwip-freertos.am263px.r5f.ti-arm-clang.debug.lib : ip4.obj (.text.ip4_route)
                  700d1e82    0000000e     --HOLE-- [fill = 0]
                  700d1e90    00000172                                                      : sys_arch.obj (.text.sys_arch_sem_wait)
                  700d2002    0000000e     --HOLE-- [fill = 0]
                  700d2010    00000170     freertos.am263px.r5f.ti-arm-clang.debug.lib : queue.obj (.text.xQueueGiveFromISR)
                  700d2180    0000016c     lwip-freertos.am263px.r5f.ti-arm-clang.debug.lib : etharp.obj (.text.etharp_output_to_arp_index)
                  700d22ec    00000004     --HOLE-- [fill = 0]
                  700d22f0    00000168     enet-cpsw.am263px.r5f.ti-arm-clang.freertos.debug.lib : enet_cpdma.obj (.text.EnetCpdma_rxIsrProc)
                  700d2458    00000008     --HOLE-- [fill = 0]
                  700d2460    00000168                                                           : enet_phymdio_dflt.obj (.text.EnetPhyMdioDflt_writeC45)
                  700d25c8    00000008     --HOLE-- [fill = 0]
                  700d25d0    00000166                                                           : enet_cpdma.obj (.text.EnetCpdma_openRxCh)
                  700d2736    0000000a     --HOLE-- [fill = 0]
                  700d2740    00000166     drivers.am263px.r5f.ti-arm-clang.freertos.debug.lib : i2c_v1_lld.obj (.text.I2C_lld_primeTransferIntr)
                  700d28a6    0000000a     --HOLE-- [fill = 0]
                  700d28b0    00000166     freertos.am263px.r5f.ti-arm-clang.debug.lib : TaskP_freertos.obj (.text.TaskP_assertParams)
                  700d2a16    0000000a     --HOLE-- [fill = 0]
                  700d2a20    00000166     lwip-freertos.am263px.r5f.ti-arm-clang.debug.lib : mem.obj (.text.mem_malloc)
                  700d2b86    0000000a     --HOLE-- [fill = 0]
                  700d2b90    00000166                                                      : tcp_in.obj (.text.tcp_parseopt)
                  700d2cf6    0000000a     --HOLE-- [fill = 0]
                  700d2d00    00000164     board.am263px.r5f.ti-arm-clang.freertos.debug.lib : dp83869.obj (.text.Dp83869_config)
                  700d2e64    0000000c     --HOLE-- [fill = 0]
                  700d2e70    00000164     enet-cpsw.am263px.r5f.ti-arm-clang.freertos.debug.lib : enet_rm.obj (.text.EnetRm_initHwPushObj)
                  700d2fd4    0000000c     --HOLE-- [fill = 0]
                  700d2fe0    00000162     drivers.am263px.r5f.ti-arm-clang.freertos.debug.lib : edma.obj (.text.EDMA_unregisterIntr)
                  700d3142    0000000e     --HOLE-- [fill = 0]
                  700d3150    00000162     enet-cpsw.am263px.r5f.ti-arm-clang.freertos.debug.lib : enet_phymdio_dflt.obj (.text.EnetPhyMdioDflt_readC45)
                  700d32b2    0000000e     --HOLE-- [fill = 0]
                  700d32c0    00000160                                                           : csl_cpsw.obj (.text.CSL_CPSW_setAlePortControlReg)
                  700d3420    00000160     drivers.am263px.r5f.ti-arm-clang.freertos.debug.lib : i2c_v1_lld.obj (.text.I2C_lld_init)
                  700d3580    00000160     lwip-freertos.am263px.r5f.ti-arm-clang.debug.lib : inet_chksum.obj (.text.inet_cksum_pseudo_partial_base)
                  700d36e0    00000160                                                      : tcp_in.obj (.text.tcp_free_acked_segments)
                  700d3840    0000015e     enet-cpsw.am263px.r5f.ti-arm-clang.freertos.debug.lib : enet_cpdma.obj (.text.EnetDma_retrieveRxPktQ)
                  700d399e    00000002     --HOLE-- [fill = 0]
                  700d39a0    0000015e     lwip-freertos.am263px.r5f.ti-arm-clang.debug.lib : dhcp.obj (.text.dhcp_renew)
                  700d3afe    00000002     --HOLE-- [fill = 0]
                  700d3b00    0000015c     enet-cpsw.am263px.r5f.ti-arm-clang.freertos.debug.lib : enet_cpdma.obj (.text.EnetCpdma_txIsr)
                  700d3c5c    00000004     --HOLE-- [fill = 0]
                  700d3c60    0000015c                                                           : enet_rm.obj (.text.EnetRm_initMacObj)
                  700d3dbc    00000004     --HOLE-- [fill = 0]
                  700d3dc0    0000015c     lwip-freertos.am263px.r5f.ti-arm-clang.debug.lib : dhcp.obj (.text.dhcp_rebind)
                  700d3f1c    00000004     --HOLE-- [fill = 0]
                  700d3f20    0000015c     freertos.am263px.r5f.ti-arm-clang.debug.lib : tasks.obj (.text.prvAddNewTaskToReadyList)
                  700d407c    00000004     --HOLE-- [fill = 0]
                  700d4080    0000015c                                                 : tasks.obj (.text.xTaskPriorityInherit)
                  700d41dc    00000004     --HOLE-- [fill = 0]
                  700d41e0    0000015a     enet-cpsw.am263px.r5f.ti-arm-clang.freertos.debug.lib : enet_cpdma.obj (.text.EnetCpdma_netChOpen)
                  700d433a    00000006     --HOLE-- [fill = 0]
                  700d4340    0000015a     lwip-freertos.am263px.r5f.ti-arm-clang.debug.lib : dhcp.obj (.text.dhcp_start)
                  700d449a    00000006     --HOLE-- [fill = 0]
                  700d44a0    00000158     enet-cpsw.am263px.r5f.ti-arm-clang.freertos.debug.lib : cpsw_ale.obj (.text.CpswAle_initCfg)
                  700d45f8    00000008     --HOLE-- [fill = 0]
                  700d4600    00000158     ti_enet_config.o (.text.EnetApp_initializeMacAddrPool)
                  700d4758    00000008     --HOLE-- [fill = 0]
                  700d4760    00000158     enet-cpsw.am263px.r5f.ti-arm-clang.freertos.debug.lib : enet_phymdio_dflt.obj (.text.EnetPhyMdioDflt_writeC22)
                  700d48b8    00000008     --HOLE-- [fill = 0]
                  700d48c0    00000158     drivers.am263px.r5f.ti-arm-clang.freertos.debug.lib : soc.obj (.text.SOC_controlModuleUnlockMMR)
                  700d4a18    00000008     --HOLE-- [fill = 0]
                  700d4a20    00000158     lwip-freertos.am263px.r5f.ti-arm-clang.debug.lib : dhcp.obj (.text.dhcp_handle_ack)
                  700d4b78    00000008     --HOLE-- [fill = 0]
                  700d4b80    00000158                                                      : etharp.obj (.text.etharp_tmr)
                  700d4cd8    00000008     --HOLE-- [fill = 0]
                  700d4ce0    00000158                                                      : raw.obj (.text.raw_input)
                  700d4e38    00000008     --HOLE-- [fill = 0]
                  700d4e40    00000156     enet-cpsw.am263px.r5f.ti-arm-clang.freertos.debug.lib : enet_cpdma.obj (.text.EnetDma_submitTxPktQ)
                  700d4f96    0000000a     --HOLE-- [fill = 0]
                  700d4fa0    00000154                                                           : enet_cpdma.obj (.text.EnetDma_retrieveTxPktQ)
                  700d50f4    0000000c     --HOLE-- [fill = 0]
                  700d5100    00000154     lwip-freertos.am263px.r5f.ti-arm-clang.debug.lib : stats.obj (.text.stats_display_igmp)
                  700d5254    0000000c     --HOLE-- [fill = 0]
                  700d5260    00000152     drivers.am263px.r5f.ti-arm-clang.freertos.debug.lib : uart_v0_lld.obj (.text.UART_lld_initDma)
                  700d53b2    0000000e     --HOLE-- [fill = 0]
                  700d53c0    00000150     enet-cpsw.am263px.r5f.ti-arm-clang.freertos.debug.lib : enet_phymdio_dflt.obj (.text.EnetPhyMdioDflt_readC22)
                  700d5510    00000150                                                           : enet_rm.obj (.text.EnetRm_delCoreAttached)
                  700d5660    0000014e     ti_enet_lwipif.o (.text.LwipifEnetApp_createPollTask)
                  700d57ae    00000002     --HOLE-- [fill = 0]
                  700d57b0    0000014e     lwip-freertos.am263px.r5f.ti-arm-clang.debug.lib : sys_arch.obj (.text.sys_arch_unprotect)
                  700d58fe    00000002     --HOLE-- [fill = 0]
                  700d5900    0000014e     freertos.am263px.r5f.ti-arm-clang.debug.lib : tasks.obj (.text.xTaskPriorityDisinherit)
                  700d5a4e    00000002     --HOLE-- [fill = 0]
                  700d5a50    0000014c     enet-cpsw.am263px.r5f.ti-arm-clang.freertos.debug.lib : enet_cpdma.obj (.text.EnetDma_submitRxPktQ)
                  700d5b9c    00000004     --HOLE-- [fill = 0]
                  700d5ba0    0000014c     freertos.am263px.r5f.ti-arm-clang.debug.lib : queue.obj (.text.xQueueReceiveFromISR)
                  700d5cec    00000004     --HOLE-- [fill = 0]
                  700d5cf0    00000148     enet-cpsw.am263px.r5f.ti-arm-clang.freertos.debug.lib : cpsw_ale.obj (.text.CpswAle_setPolicerPartitionLevel)
                  700d5e38    00000008     --HOLE-- [fill = 0]
                  700d5e40    00000148     lwip-freertos.am263px.r5f.ti-arm-clang.debug.lib : netif.obj (.text.netif_set_addr)
                  700d5f88    00000008     --HOLE-- [fill = 0]
                  700d5f90    00000148                                                      : tcp_in.obj (.text.tcp_timewait_input)
                  700d60d8    00000008     --HOLE-- [fill = 0]
                  700d60e0    00000148                                                      : udp.obj (.text.udp_sendto)
                  700d6228    00000008     --HOLE-- [fill = 0]
                  700d6230    00000146     enet-cpsw.am263px.r5f.ti-arm-clang.freertos.debug.lib : cpsw_ioctl.obj (.text.Cpsw_closePortLink)
                  700d6376    0000000a     --HOLE-- [fill = 0]
                  700d6380    00000146     lwip-freertos.am263px.r5f.ti-arm-clang.debug.lib : udp.obj (.text.udp_input_local_match)
                  700d64c6    0000000a     --HOLE-- [fill = 0]
                  700d64d0    00000144     freertos.am263px.r5f.ti-arm-clang.debug.lib : tasks.obj (.text.prvInitialiseNewTask)
                  700d6614    00000144     libc.a : setvbuf.c.obj (.text.setvbuf)
                  700d6758    00000008     --HOLE-- [fill = 0]
                  700d6760    00000144     lwip-freertos.am263px.r5f.ti-arm-clang.debug.lib : tcp.obj (.text.tcp_close_shutdown_fin)
                  700d68a4    0000000c     --HOLE-- [fill = 0]
                  700d68b0    00000142     enet-cpsw.am263px.r5f.ti-arm-clang.freertos.debug.lib : cpsw_ale_ioctl.obj (.text.CpswAle_delPortUcastEntries)
                  700d69f2    0000000e     --HOLE-- [fill = 0]
                  700d6a00    00000142     freertos.am263px.r5f.ti-arm-clang.debug.lib : DebugP_memTraceLogWriter.obj (.text.DebugP_memLogWriterPutChar)
                  700d6b42    0000000e     --HOLE-- [fill = 0]
                  700d6b50    00000142     lwip-freertos.am263px.r5f.ti-arm-clang.debug.lib : igmp.obj (.text.igmp_lookup_group)
                  700d6c92    0000000e     --HOLE-- [fill = 0]
                  700d6ca0    00000142     test.o (.text.test_init)
                  700d6de2    0000000e     --HOLE-- [fill = 0]
                  700d6df0    00000140     lwip-freertos.am263px.r5f.ti-arm-clang.debug.lib : pbuf.obj (.text.pbuf_cat)
                  700d6f30    0000013e     enet-cpsw.am263px.r5f.ti-arm-clang.freertos.debug.lib : csl_cpsw_ale_9g_tblcfg.obj (.text.CSL_CPSW_setAleVlanUnicastAddrEntry)
                  700d706e    00000002     --HOLE-- [fill = 0]
                  700d7070    0000013e                                                           : enet_cpdma.obj (.text.EnetCpdma_openTxCh)
                  700d71ae    00000002     --HOLE-- [fill = 0]
                  700d71b0    0000013e     drivers.am263px.r5f.ti-arm-clang.freertos.debug.lib : i2c_v1.obj (.text.I2C_mem_primeTransfer)
                  700d72ee    00000002     --HOLE-- [fill = 0]
                  700d72f0    0000013e     lwip-freertos.am263px.r5f.ti-arm-clang.debug.lib : pbuf.obj (.text.pbuf_copy_partial)
                  700d742e    00000002     --HOLE-- [fill = 0]
                  700d7430    0000013a     board.am263px.r5f.ti-arm-clang.freertos.debug.lib : dp83869.obj (.text.Dp83869_enableAdvertisement)
                  700d756a    00000006     --HOLE-- [fill = 0]
                  700d7570    0000013a     drivers.am263px.r5f.ti-arm-clang.freertos.debug.lib : edma.obj (.text.EDMA_isDmaChannelAllocated)
                  700d76aa    00000006     --HOLE-- [fill = 0]
                  700d76b0    0000013a     enet-cpsw.am263px.r5f.ti-arm-clang.freertos.debug.lib : enet_phymdio_dflt.obj (.text.EnetPhyMdioDflt_isAlive)
                  700d77ea    00000006     --HOLE-- [fill = 0]
                  700d77f0    0000013a                                                           : enet_phymdio_dflt.obj (.text.EnetPhyMdioDflt_isLinked)
                  700d792a    00000006     --HOLE-- [fill = 0]
                  700d7930    0000013a                                                           : enet.obj (.text.Enet_ioctl)
                  700d7a6a    00000006     --HOLE-- [fill = 0]
                  700d7a70    0000013a     board.am263px.r5f.ti-arm-clang.freertos.debug.lib : generic_phy.obj (.text.GenericPhy_enableAdvertisement)
                  700d7baa    00000006     --HOLE-- [fill = 0]
                  700d7bb0    0000013a     drivers.am263px.r5f.ti-arm-clang.freertos.debug.lib : i2c_v1_lld.obj (.text.I2C_lld_mem_write)
                  700d7cea    00000006     --HOLE-- [fill = 0]
                  700d7cf0    0000013a     lwip-freertos.am263px.r5f.ti-arm-clang.debug.lib : dhcp.obj (.text.dhcp_release_and_stop)
                  700d7e2a    00000006     --HOLE-- [fill = 0]
                  700d7e30    00000138     enet-cpsw.am263px.r5f.ti-arm-clang.freertos.debug.lib : cpsw_cpts_ioctl.obj (.text.CpswCpts_ioctl_handler_CPSW_CPTS_IOCTL_SET_ESTF)
                  700d7f68    00000008     --HOLE-- [fill = 0]
                  700d7f70    00000138     freertos.am263px.r5f.ti-arm-clang.debug.lib : printf.obj (.text._ntoa_long_long)
                  700d80a8    00000008     --HOLE-- [fill = 0]
                  700d80b0    00000136     board.am263px.r5f.ti-arm-clang.freertos.debug.lib : dp83869.obj (.text.Dp83869_disableAdvertisement)
                  700d81e6    0000000a     --HOLE-- [fill = 0]
                  700d81f0    00000136     enet-cpsw.am263px.r5f.ti-arm-clang.freertos.debug.lib : enet_appmemutils.obj (.text.EnetMem_initMemObjs)
                  700d8326    0000000a     --HOLE-- [fill = 0]
                  700d8330    00000136     board.am263px.r5f.ti-arm-clang.freertos.debug.lib : generic_phy.obj (.text.GenericPhy_disableAdvertisement)
                  700d8466    0000000a     --HOLE-- [fill = 0]
                  700d8470    00000136     drivers.am263px.r5f.ti-arm-clang.freertos.debug.lib : uart_v0_lld.obj (.text.UART_procLineStatusErr)
                  700d85a6    0000000a     --HOLE-- [fill = 0]
                  700d85b0    00000136     lwip-freertos.am263px.r5f.ti-arm-clang.debug.lib : tcp_out.obj (.text.tcp_rst_common)
                  700d86e6    0000000a     --HOLE-- [fill = 0]
                  700d86f0    00000134     drivers.am263px.r5f.ti-arm-clang.freertos.debug.lib : edma.obj (.text.EDMA_registerIntr)
                  700d8824    0000000c     --HOLE-- [fill = 0]
                  700d8830    00000134                                                         : uart_v0_lld.obj (.text.UART_writePolling)
                  700d8964    0000000c     --HOLE-- [fill = 0]
                  700d8970    00000134     freertos.am263px.r5f.ti-arm-clang.debug.lib : tasks.obj (.text.vTaskDelete)
                  700d8aa4    0000000c     --HOLE-- [fill = 0]
                  700d8ab0    00000134     xgw_udp_interface.o (.text.xgw_udp_recv_callback)
                  700d8be4    0000000c     --HOLE-- [fill = 0]
                  700d8bf0    00000132     enet-cpsw.am263px.r5f.ti-arm-clang.freertos.debug.lib : csl_cpsw_ale_9g_tblcfg.obj (.text.CSL_CPSW_setAleVlanMcastAddrEntry)
                  700d8d22    0000000e     --HOLE-- [fill = 0]
                  700d8d30    00000132                                                           : cpsw.obj (.text.Cpsw_dmaMiscIsr)
                  700d8e62    0000000e     --HOLE-- [fill = 0]
                  700d8e70    00000130                                                           : csl_cpsw_ale_9g_tblcfg.obj (.text.CSL_CPSW_setAleUnicastAddrEntry)
                  700d8fa0    00000130                                                           : enet.obj (.text.EnetPer_open)
                  700d90d0    00000130     lwip-freertos.am263px.r5f.ti-arm-clang.debug.lib : tcp_in.obj (.text.tcp_oos_insert_segment)
                  700d9200    0000012e                                                      : igmp.obj (.text.igmp_send)
                  700d932e    00000002     --HOLE-- [fill = 0]
                  700d9330    0000012c     enet-cpsw.am263px.r5f.ti-arm-clang.freertos.debug.lib : enet_osal.obj (.text.EnetOsal_registerIntr)
                  700d945c    00000004     --HOLE-- [fill = 0]
                  700d9460    0000012c                                                           : enet_rm.obj (.text.EnetRm_validateResPartInfo)
                  700d958c    00000004     --HOLE-- [fill = 0]
                  700d9590    0000012c     drivers.am263px.r5f.ti-arm-clang.freertos.debug.lib : i2c_v1_lld.obj (.text.I2C_lld_mem_read)
                  700d96bc    00000004     --HOLE-- [fill = 0]
                  700d96c0    0000012c                                                         : uart_v0_lld.obj (.text.UART_lld_init)
                  700d97ec    00000004     --HOLE-- [fill = 0]
                  700d97f0    0000012c     freertos.am263px.r5f.ti-arm-clang.debug.lib : tasks.obj (.text.ulTaskGenericNotifyTake)
                  700d991c    00000004     --HOLE-- [fill = 0]
                  700d9920    0000012a     enet-cpsw.am263px.r5f.ti-arm-clang.freertos.debug.lib : enet_utils.obj (.text.EnetUtils_macToPhyMii)
                  700d9a4a    00000006     --HOLE-- [fill = 0]
                  700d9a50    00000128                                                           : enet_cpdmautils.obj (.text.EnetAppUtils_isDescCached)
                  700d9b78    00000008     --HOLE-- [fill = 0]
                  700d9b80    00000128     drivers.am263px.r5f.ti-arm-clang.freertos.debug.lib : i2c_v1_lld.obj (.text.I2C_lld_mem_writeIntr)
                  700d9ca8    00000008     --HOLE-- [fill = 0]
                  700d9cb0    00000128     freertos.am263px.r5f.ti-arm-clang.debug.lib : port.obj (.text.pxPortInitialiseStack)
                  700d9dd8    00000008     --HOLE-- [fill = 0]
                  700d9de0    00000128     lwip-freertos.am263px.r5f.ti-arm-clang.debug.lib : stats.obj (.text.stats_display_proto)
                  700d9f08    00000008     --HOLE-- [fill = 0]
                  700d9f10    00000126     drivers.am263px.r5f.ti-arm-clang.freertos.debug.lib : soc.obj (.text.SOC_controlModuleLockMMR)
                  700da036    0000000a     --HOLE-- [fill = 0]
                  700da040    00000126     lwip-freertos.am263px.r5f.ti-arm-clang.debug.lib : pbuf.obj (.text.pbuf_take_at)
[...]
70100981  EnetBoard_getId                                                        
70100991  EnetOsal_timerRead                                                     
701009a1  EnetSoc_getEnetNum                                                     
701009b1  TaskP_yield                                                            
701009c1  Board_init                                                             
701009e1  IpcNotify_wait                                                         
70100a01  mem_init                                                               
70100a11  netif_init                                                             
70100a21  vPortConfigTimerForRunTimeStats                                        
70100a31  vPortValidateInterruptPriority                                         
701011ee  gCR5ClkSrcInfoMap                                                      
701011f0  gCacheConfig                                                           
701011f8  gMpuConfig                                                             
70101204  gMpuRegionConfig                                                       
70101414  gMpuRegionSizeInBytes                                                  
70102ad8  memp_pools                                                             
70103df4  gADPLLJConfigTbl                                                       
70104810  lwip_cyclic_timers                                                     
70108884  I2C_defaultTransaction                                                 
7010e69c  I2C_lld_defaultMessage                                                 
7010e7a4  gPeripheralClkSrcInfoMap                                               
7010f87c  memp_ALTCP_PCB                                                         
7010f890  memp_ARP_QUEUE                                                         
7010f8a4  memp_FRAG_PBUF                                                         
7010f8b8  memp_IGMP_GROUP                                                        
7010f8cc  memp_NETBUF                                                            
7010f8e0  memp_NETCONN                                                           
7010f8f4  memp_NETDB                                                             
7010f908  memp_PBUF                                                              
7010f91c  memp_PBUF_POOL                                                         
7010f930  memp_POOL_128                                                          
7010f944  memp_POOL_1568                                                         
7010f958  memp_POOL_4096                                                         
7010f96c  memp_RAW_PCB                                                           
7010f980  memp_REASSDATA                                                         
7010f994  memp_RX_POOL                                                           
7010f9a8  memp_SYS_MBOX                                                          
7010f9bc  memp_SYS_TIMEOUT                                                       
7010f9d0  memp_TCPIP_MSG_API                                                     
7010f9e4  memp_TCPIP_MSG_INPKT                                                   
7010f9f8  memp_TCP_PCB                                                           
7010fa0c  memp_TCP_PCB_LISTEN                                                    
7010fa20  memp_TCP_SEG                                                           
7010fa34  memp_UDP_PCB                                                           
70110ba0  tcp_pcb_lists                                                          
70111208  g_EnetApp_dmaChParams                                                  
70111700  gEnetPhyDrvTbl                                                         
70111710  gXTALInfo                                                              
70111808  ethbroadcast                                                           
7011180e  ethzero                                                                
7011195c  gCacheL1dCacheLineSize                                                 
70111960  gCacheL1pCacheLineSize                                                 
70111964  gStaticIP                                                              
70111968  gStaticIPGateway                                                       
7011196c  gStaticIPNetmask                                                       
70111970  ip_addr_any                                                            
70111974  ip_addr_broadcast                                                      
70129a00  gEdmaConfig                                                            
70129a00  gEnetSoc_cpsw3g                                                        
70129a00  gUartDmaHandle                                                         
7012b560  gEnetSoc_dmaObj                                                        
7012ddb0  gEnetSoc_cpsw3gMacObj                                                  
7012e150  gEnetCpswCfg                                                           
7012f0cc  gEnetPhyDrvDp83869                                                     
7012f1d0  gEnetPhyDrvGeneric                                                     
7012f2d4  gIpcNotifyMailboxConfig                                                
7012f4cc  _ftable                                                                
7013008c  _device                                                                
701303dc  gUartParams                                                            
701304d8  _stream                                                                
701306b8  gEnetSoc_cpsw3gSocCfg                                                  
70130720  gEnetMacAddrPool                                                       
70130750  gSocModulesClockFrequency                                              
701307b8  gClockConfig                                                           
70130818  gDmaCfg                                                                
70130890  gIpcNotifyInterruptConfig_r5fss0_0                                     
701308d8  Cpsw_gSpeedNames                                                       
701308e8  gEepromFxns_CAT24M                                                     
701308f8  gIpcNotifyCoreIntrBitPos                                               
70130908  gSocModules                                                            
70130918  Cpsw_gDuplexNames                                                      
70130924  gAddrTranslateConfig                                                   
7013093c  gEepromAttrs_CAT24M                                                    
70130948  gEepromConfig                                                          
70130954  gEnetSoc_perObj                                                        
70130960  gI2cParams                                                             
7013096c  __TI_cleanup_ptr                                                       
70130970  __TI_dtors_ptr                                                         
70130974  gEepromParams                                                          
7013097c  gI2cConfig                                                             
7013098c  gUartConfig                                                            
701309ac  FreeRTOS_errno                                                         
701309b0  __TI_ft_end                                                            
701309b4  _lock                                                                  
701309b8  _unlock                                                                
701309d4  gDebugLogZone                                                          
701309dc  gDebugMemLogSize                                                       
701309e8  gDebugP_uartDrvIndex                                                   
701309ec  gEdmaConfigNum                                                         
701309f0  gEepromConfigNum                                                       
701309f4  gEnetOsalHwiAllocCnt                                                   
701309f8  gEnetOsalHwiPeak                                                       
701309fc  gEnetOsalSemAllocCnt                                                   
70130a00  gEnetOsalSemPeak                                                       
70130a04  gHwiConfig                                                             
70130a08  gI2cConfigNum                                                          
70130a0c  gIpcNotifyInterruptConfigNum_r5fss0_0                                  
70130a10  gIpcTask                                                               
70130a14  gLogReaderTask                                                         
70130a18  gMainTask                                                              
70130a1c  gUartConfigNum                                                         
70130a20  gUartDmaChConfig                                                       
70130a24  gUdpTxTask                                                             
70130a2c  g_netif                                                                
70130a30  g_pbuf_alloc_count                                                     
70130a34  g_pbuf_alloc_fail_count                                                
70130a38  g_pbuf_free_count                                                      
70130a40  g_udp_rx_callback_count                                                
70130a4c  g_udp_rx_queue_full                                                    
70130a50  g_udp_rx_queue_success                                                 
70130a58  g_udp_rx_task_packets                                                  
70130a5c  g_udp_rx_task_wakeups                                                  
70130a60  g_udp_sendto_count                                                     
70130a68  hlwipIfApp                                                             
70130a74  pxCurrentTCB                                                           
70130a90  ulPortInterruptNesting                                                 
70130a94  ulPortSchedularRunning                                                 
70130a98  ulPortTaskHasFPUContext                                                
70130a9c  ulPortYieldRequired                                                    
70130b22  gEnetTrace_runtimeLevel                                                
70130b25  isMapAvailable                                                         
70130b31  HwiP_enableInt                                                         
70130b71  HwiP_disableInt                                                        
70130bd1  HwiP_restoreInt                                                        
70130c01  HwiP_clearInt                                                          
70130c41  HwiP_post                                                              
70130c81  HwiP_Params_init                                                       
70130cb1  HwiP_construct                                                         
70130ea1  HwiP_destruct                                                          
70130f11  HwiP_init                                                              
701310c1  HwiP_inISR                                                             
701310f1  HwiP_setVimIrqPriMaskNonAtomic                                         
70131141  HwiP_setVimIrqPriMaskAtomic                                            
701311e1  HwiP_restoreVimIrqPriMask                                              
701311f1  HwiP_irq_handler_c                                                     
70131391  HwiP_fiq_handler                                                       
70131501  HwiP_reserved_handler                                                  
70131541  HwiP_undefined_handler_c                                               
70131561  HwiP_user_undefined_handler_c                                          
70131581  HwiP_prefetch_abort_handler_c                                          
70131621  HwiP_user_prefetch_abort_handler_c                                     
70131661  HwiP_data_abort_handler_c                                              
70131721  HwiP_user_data_abort_handler_c                                         
7013175c  vPortRestoreTaskContext                                                
70131794  HwiP_svc_handler                                                       
70131804  HwiP_irq_handler                                                       
70131948  HwiP_data_abort_handler                                                
7013198c  HwiP_prefetch_abort_handler                                            
701319d8  HwiP_undefined_handler                                                 
70131a08  GET_DFSR                                                               
70131a10  GET_ADFSR                                                              
70131a18  GET_DFAR                                                               
70131a20  GET_IFSR                                                               
70131a28  GET_AIFSR                                                              
70131a30  GET_IFAR                                                               
70131a38  GET_SPSR                                                               
70131a4c  HwiP_disable                                                           
70131a5c  HwiP_disableFIQ                                                        
70131a6c  HwiP_enable                                                            
70131a7c  HwiP_enableFIQ                                                         
70131a8c  HwiP_restore                                                           
70131a94  HwiP_enableVIC                                                         
70131aa4  HwiP_disableVIC                                                        
70131ab4  HwiP_getCPSR                                                           
70131ac0  CacheP_disableL1d                                                      
70131ae8  CacheP_disableL1p                                                      
70131b00  CacheP_enableL1d                                                       
70131b18  CacheP_enableL1p                                                       
70131b30  CacheP_invL1d                                                          
70131b68  CacheP_invL1p                                                          
70131ba4  CacheP_invL1dAll                                                       
70131bac  CacheP_invL1pAll                                                       
70131bb4  CacheP_wb                                                              
70131bf0  CacheP_wbInv                                                           
70131c2c  CacheP_wbAll                                                           
70131cd4  CacheP_wbInvAll                                                        
70131cec  CacheP_wbInvAllAsm                                                     
70131d8c  CacheP_getEnabled                                                      
70131dc4  CacheP_getCacheLevelInfo                                               
70131dd0  CacheP_configForceWrThru                                               
70131df0  CacheP_setDLFO                                                         
70131e01  CacheP_init                                                            
70131e91  CacheP_disable                                                         
70131ee1  CacheP_enable                                                          
70131f21  CacheP_inv                                                             
70131f61  MpuP_getAttrs                                                          
70131fc1  MpuP_RegionAttrs_init                                                  
70131ff1  MpuP_setRegion                                                         
70132081  MpuP_isEnable                                                          
70132091  MpuP_disable                                                           
701320d1  MpuP_enable                                                            
70132121  MpuP_init                                                              
701321c1  MpuP_isUserAuthorizedToAccessMemory                                    
701322a0  MpuP_disableAsm                                                        
701322b8  MpuP_disableBRAsm                                                      
701322c8  MpuP_enableAsm                                                         
701322e0  MpuP_enableBRAsm                                                       
701322f0  MpuP_isEnableAsm                                                       
70132304  MpuP_setRegionAsm                                                      
70132320  _c_int00_sbl                                                           
70132344  _c_int00                                                               
70132471  _DebugP_assertNoLog                                                    
701324a1  _system_pre_init                                                       
701324d1  __mpu_init                                                             
701324e0  abort                                                                  
701324e8  __IRQ_STACK_START                                                      
701325e8  __FIQ_STACK_START                                                      
701325e8  __IRQ_STACK_END                                                        
701326e8  __FIQ_STACK_END                                                        
701326e8  __SVC_STACK_START                                                      
701336e8  __ABORT_STACK_START                                                    
701336e8  __SVC_STACK_END                                                        
701337e8  __ABORT_STACK_END                                                      
701337e8  __UNDEFINED_STACK_START                                                
701338e8  __UNDEFINED_STACK_END                                                  
70200000  gGatewaySharedMem                                                      
70206ecc  dbg_ipc_recv_count                                                     
70206ed0  dbg_udp_rx_count                                                       
70206ed4  dbg_udp_tx_count                                                       
70206ed8  dbg_error_count                                                        
70206edc  dbg_last_error_code                                                    
70206ee0  dbg_imu_frame_count                                                    
70208000  gDebugShmLog                                                           
ffffffff  __TI_pprof_out_hndl                                                    
ffffffff  __TI_prof_data_size                                                    
ffffffff  __TI_prof_data_start                                                   
ffffffff  __binit__                                                              
ffffffff  binit                                                                  
UNDEFED   __TI_CINIT_Base                                                        
UNDEFED   __TI_CINIT_Limit                                                       
UNDEFED   __TI_Handler_Table_Base                                                
UNDEFED   __TI_Handler_Table_Limit                                               
UNDEFED   _system_post_cinit                                                     

[1420 symbols]
