******************************************************************************
            TI ARM Clang Linker PC v4.0.4                      
******************************************************************************
>> Linked Wed Mar 25 15:03:15 2026

OUTPUT FILE NAME:   <ccu_ti_multi_core_freertos.out>
ENTRY POINT SYMBOL: "_vectors"  address: 00000000


MEMORY CONFIGURATION

         name            origin    length      used     unused   attr    fill
----------------------  --------  ---------  --------  --------  ----  --------
  R5F_VECS              00000000   00000040  00000040  00000000  RWIX
  R5F_TCMA              00000040   00007fc0  00000000  00007fc0  RWIX
  R5F_TCMB              00080000   00008000  00000000  00008000  RWIX
  MAILBOX_HSM           44000000   000003ce  00000000  000003ce  RWIX
  MAILBOX_R5F           44000400   000003ce  00000000  000003ce  RWIX
  FLASH                 60100000   00080000  00000000  00080000  RWIX
  SBL                   70000000   00040000  00000000  00040000  RWIX
  OCRAM                 70040000   00080000  000607c0  0001f840  RWIX
  ENET_CPPI_DESC        700c0000   00040000  00000000  00040000  RWIX
  USER_SHM_MEM          701d0000   00004000  000001c0  00003e40  RWIX
  LOG_SHM_MEM           701d4000   00004000  00002000  00002000  RWIX
  RTOS_NORTOS_IPC_SHM_M 72000000   00003e80  00000000  00003e80  RWIX


SEGMENT ALLOCATION MAP

run origin  load origin   length   init length attrs members
----------  ----------- ---------- ----------- ----- -------
00000000    00000000    00000040   00000040    r-x
  00000000    00000000    00000040   00000040    r-x .vectors
70040000    70040000    00038680   00000000    rw-
  70040000    70040000    0002c680   00000000    rw- .bss
  7006c680    7006c680    00008000   00000000    rw- .sysmem
  70074680    70074680    00004000   00000000    rw- .stack
70078680    70078680    00024d98   00024d98    r-x
  70078680    70078680    0001f9e0   0001f9e0    r-x .text
  70098060    70098060    000053b8   000053b8    r-- .rodata
7009d420    7009d420    000019b8   000019b8    r-x
  7009d420    7009d420    00000f90   00000f90    r-x .text.hwi
  7009e3b0    7009e3b0    000004a0   000004a0    r-x .text.cache
  7009e850    7009e850    000003c0   000003c0    r-x .text.mpu
  7009ec10    7009ec10    000001c0   000001c0    r-x .text.boot
  7009edd0    7009edd0    00000008   00000008    r-x .text:abort
7009edd8    7009edd8    000019f0   000005f0    rw-
  7009edd8    7009edd8    000005f0   000005f0    rw- .data
  7009f3c8    7009f3c8    00000100   00000000    rw- .irqstack
  7009f4c8    7009f4c8    00000100   00000000    rw- .fiqstack
  7009f5c8    7009f5c8    00001000   00000000    rw- .svcstack
  700a05c8    700a05c8    00000100   00000000    rw- .abortstack
  700a06c8    700a06c8    00000100   00000000    rw- .undefinedstack


SECTION ALLOCATION MAP

 output                                  attributes/
section   page    origin      length       input sections
--------  ----  ----------  ----------   ----------------
.vectors   0    00000000    00000040     
                  00000000    00000040     freertos.am263px.r5f.ti-arm-clang.debug.lib : HwiP_armv7r_vectors_freertos_asm.obj (.vectors)

.bss       0    70040000    0002c680     UNINITIALIZED
                  70040000    00012c1f     (.common:memp_memory_POOL_1568_base)
                  70052c1f    0000409f     (.common:memp_memory_POOL_4096_base)
                  70056cbe    00003e9f     (.common:memp_memory_POOL_128_base)
                  7005ab5d    00000001     lwip-freertos.am263px.r5f.ti-arm-clang.debug.lib : dhcp.obj (.bss.dhcp_pcb_refcount)
                  7005ab5e    00000002                                                      : ip4.obj (.bss.ip_id)
                  7005ab60    00002000     main.o (.bss.gMainTaskStack)
                  7005cb60    0000101f     (.common:memp_memory_NETBUF_base)
                  7005db7f    0000101f     (.common:memp_memory_PBUF_base)
                  7005eb9e    0000101f     (.common:memp_memory_TCPIP_MSG_API_base)
                  7005fbbd    0000101f     (.common:memp_memory_TCPIP_MSG_INPKT_base)
                  70060bdc    0000101f     (.common:memp_memory_TCP_SEG_base)
                  70061bfb    00000001     lwip-freertos.am263px.r5f.ti-arm-clang.debug.lib : sys_arch.obj (.bss.lwip_core_lock_count)
                  70061bfc    00000004                                                      : igmp.obj (.bss.allrouters)
                  70061c00    00001000     freertos.am263px.r5f.ti-arm-clang.debug.lib : DebugP_shmLogReader_freertos.obj (.bss.gDebugShmLogReaderTaskStack)
                  70062c00    00001000     main.o (.bss.gEnetLwipTaskStack)
                  70063c00    00001000     main.o (.bss.gUdpRxTaskStack)
                  70064c00    00001000     main.o (.bss.gUdpTxTaskStack)
                  70065c00    00001000     freertos.am263px.r5f.ti-arm-clang.debug.lib : port.obj (.bss.uxIdleTaskStack)
                  70066c00    00000b1f     (.common:memp_memory_SYS_MBOX_base)
                  7006771f    00000001     lwip-freertos.am263px.r5f.ti-arm-clang.debug.lib : tcp_in.obj (.bss.recv_flags)
                  70067720    0000080c     (.common:gHwiCtrl)
                  70067f2c    00000014     freertos.am263px.r5f.ti-arm-clang.debug.lib : timers.obj (.bss.xActiveTimerList1)
                  70067f40    00000800     main.o (.bss.gIpcTaskStack)
                  70068740    00000800     log_reader_task.o (.bss.gLogReaderTaskStack)
                  70068f40    00000440     lwip-freertos.am263px.r5f.ti-arm-clang.debug.lib : dns.obj (.bss.dns_table)
                  70069380    00000400     freertos.am263px.r5f.ti-arm-clang.debug.lib : port.obj (.bss.uxTimerTaskStack)
                  70069780    000003df     (.common:memp_memory_ARP_QUEUE_base)
                  70069b5f    0000033f     (.common:memp_memory_TCP_PCB_base)
                  70069e9e    0000029f     (.common:memp_memory_NETCONN_base)
                  7006a13d    00000001     lwip-freertos.am263px.r5f.ti-arm-clang.debug.lib : tcp.obj (.bss.tcp_timer)
                  7006a13e    00000002                                                      : ip4_frag.obj (.bss.ip_reass_pbufcount)
                  7006a140    00000288     ti_drivers_config.o (.bss.gUartObjects)
                  7006a3c8    00000280     freertos.am263px.r5f.ti-arm-clang.debug.lib : tasks.obj (.bss.pxReadyTasksLists)
                  7006a648    0000023f     (.common:memp_memory_SYS_TIMEOUT_base)
                  7006a887    00000001     lwip-freertos.am263px.r5f.ti-arm-clang.debug.lib : tcp.obj (.bss.tcp_timer_ctr)
                  7006a888    00000204     (.common:lwip_stats)
                  7006aa8c    000001ff     (.common:memp_memory_FRAG_PBUF_base)
                  7006ac8b    00000001     (.common:pbuf_free_ooseq_pending)
                  7006ac8c    00000178     ti_drivers_config.o (.bss.gI2cObjects)
                  7006ae04    0000016c     (.common:gEepromObject_CAT24M)
                  7006af70    0000015f     (.common:memp_memory_ALTCP_PCB_base)
                  7006b0cf    0000015f     (.common:memp_memory_NETDB_base)
                  7006b22e    0000015f     (.common:memp_memory_REASSDATA_base)
                  7006b38d    0000011f     (.common:memp_memory_IGMP_GROUP_base)
                  7006b4ac    0000011f     (.common:memp_memory_TCP_PCB_LISTEN_base)
                  7006b5cb    0000011f     (.common:memp_memory_UDP_PCB_base)
                  7006b6ea    00000100     freertos.am263px.r5f.ti-arm-clang.debug.lib : timers.obj (.bss.prvCheckForValidListAndQueue.ucStaticTimerQueueStorage)
                  7006b7ea    00000001     (.common:tcp_active_pcbs_changed)
                  7006b7eb    00000001     --HOLE--
                  7006b7ec    00000100     (.common:xQueueRegistry)
                  7006b8ec    000000f0     lwip-freertos.am263px.r5f.ti-arm-clang.debug.lib : etharp.obj (.bss.arp_table)
                  7006b9dc    000000b8     (.common:gIpcNotifyCtrl)
                  7006ba94    00000004                                                      : igmp.obj (.bss.allsystems)
                  7006ba98    000000a0     (.common:gTaskP_ctrl)
                  7006bb38    00000098     freertos.am263px.r5f.ti-arm-clang.debug.lib : DebugP_shmLogReader_freertos.obj (.bss.gDebugShmLogReaderTaskObj)
                  7006bbd0    00000098     main.o (.bss.gEnetLwipTaskObj)
                  7006bc68    00000098     main.o (.bss.gIpcTaskObj)
                  7006bd00    00000098     log_reader_task.o (.bss.gLogReaderTaskObj)
                  7006bd98    00000098     main.o (.bss.gMainTaskObj)
                  7006be30    00000098     main.o (.bss.gUdpRxTaskObj)
                  7006bec8    00000098     main.o (.bss.gUdpTxTaskObj)
                  7006bf60    00000098     freertos.am263px.r5f.ti-arm-clang.debug.lib : port.obj (.bss.xIdleTaskTCB)
                  7006bff8    00000098                                                 : port.obj (.bss.xTimerTaskTCB)
                  7006c090    00000094     (.common:gDebugShmLogReaderCtrl)
                  7006c124    0000007f     (.common:memp_memory_RAW_PCB_base)
                  7006c1a3    00000001     --HOLE--
                  7006c1a4    00000058                                                 : DebugP_freertos.obj (.bss.gDebugLogLockObj)
                  7006c1fc    00000050                                                 : timers.obj (.bss.prvCheckForValidListAndQueue.xStaticTimerQueue)
                  7006c24c    00000050     (.common:gRovDummyQueue)
                  7006c29c    00000030     lwip-freertos.am263px.r5f.ti-arm-clang.debug.lib : dns.obj (.bss.dns_requests)
                  7006c2cc    00000030     main.o (.bss.g_motor_states)
                  7006c2fc    00000028     lwip-freertos.am263px.r5f.ti-arm-clang.debug.lib : dhcp.obj (.bss.dhcp_rx_options_val)
                  7006c324    0000001f     (.common:memp_memory_PBUF_POOL_base)
                  7006c343    00000001     --HOLE--
                  7006c344    00000004                                                      : timeouts.obj (.bss.current_timeout_due_time)
                  7006c348    00000018     (.common:gClockCtrl)
                  7006c360    00000018     (.common:ip_data)
                  7006c378    00000014     freertos.am263px.r5f.ti-arm-clang.debug.lib : timers.obj (.bss.xActiveTimerList2)
                  7006c38c    00000014                                                 : tasks.obj (.bss.xDelayedTaskList1)
                  7006c3a0    00000014                                                 : tasks.obj (.bss.xDelayedTaskList2)
                  7006c3b4    00000014                                                 : tasks.obj (.bss.xPendingReadyList)
                  7006c3c8    00000014                                                 : tasks.obj (.bss.xSuspendedTaskList)
                  7006c3dc    00000014                                                 : tasks.obj (.bss.xTasksWaitingTermination)
                  7006c3f0    00000010     lwip-freertos.am263px.r5f.ti-arm-clang.debug.lib : dns.obj (.bss.dns_pcbs)
                  7006c400    00000010                                                      : memp.obj (.bss.memp_stats_ALTCP_PCB)
                  7006c410    00000010                                                      : memp.obj (.bss.memp_stats_ARP_QUEUE)
                  7006c420    00000010                                                      : memp.obj (.bss.memp_stats_FRAG_PBUF)
                  7006c430    00000010                                                      : memp.obj (.bss.memp_stats_IGMP_GROUP)
                  7006c440    00000010                                                      : memp.obj (.bss.memp_stats_NETBUF)
                  7006c450    00000010                                                      : memp.obj (.bss.memp_stats_NETCONN)
                  7006c460    00000010                                                      : memp.obj (.bss.memp_stats_NETDB)
                  7006c470    00000010                                                      : memp.obj (.bss.memp_stats_PBUF)
                  7006c480    00000010                                                      : memp.obj (.bss.memp_stats_PBUF_POOL)
                  7006c490    00000010                                                      : memp.obj (.bss.memp_stats_POOL_128)
                  7006c4a0    00000010                                                      : memp.obj (.bss.memp_stats_POOL_1568)
                  7006c4b0    00000010                                                      : memp.obj (.bss.memp_stats_POOL_4096)
                  7006c4c0    00000010                                                      : memp.obj (.bss.memp_stats_RAW_PCB)
                  7006c4d0    00000010                                                      : memp.obj (.bss.memp_stats_REASSDATA)
                  7006c4e0    00000010                                                      : memp.obj (.bss.memp_stats_SYS_MBOX)
                  7006c4f0    00000010                                                      : memp.obj (.bss.memp_stats_SYS_TIMEOUT)
                  7006c500    00000010                                                      : memp.obj (.bss.memp_stats_TCPIP_MSG_API)
                  7006c510    00000010                                                      : memp.obj (.bss.memp_stats_TCPIP_MSG_INPKT)
                  7006c520    00000010                                                      : memp.obj (.bss.memp_stats_TCP_PCB)
                  7006c530    00000010                                                      : memp.obj (.bss.memp_stats_TCP_PCB_LISTEN)
                  7006c540    00000010                                                      : memp.obj (.bss.memp_stats_TCP_SEG)
                  7006c550    00000010                                                      : memp.obj (.bss.memp_stats_UDP_PCB)
                  7006c560    00000010     (.common:virtToPhymap)
                  7006c570    0000000a                                                      : dhcp.obj (.bss.dhcp_rx_options_given)
                  7006c57a    00000002     --HOLE--
                  7006c57c    00000008                                                      : dns.obj (.bss.dns_servers)
                  7006c584    00000004                                                      : dhcp.obj (.bss.dhcp_create_msg.xid)
                  7006c588    00000004                                                      : dhcp.obj (.bss.dhcp_pcb)
                  7006c58c    00000004                                                      : netif.obj (.bss.ext_callback)
                  7006c590    00000004     freertos.am263px.r5f.ti-arm-clang.debug.lib : DebugP_shmLogReader_freertos.obj (.bss.gDebugShmLogReaderTask)
                  7006c594    00000004                                                 : HwiP_armv7r_handlers_freertos.obj (.bss.gdummy)
                  7006c598    00000004                                                 : HwiP_armv7r_vim.obj (.bss.gdummy)
                  7006c59c    00000004     lwip-freertos.am263px.r5f.ti-arm-clang.debug.lib : ip4.obj (.bss.ip4_default_multicast_netif)
                  7006c5a0    00000004                                                      : sys_arch.obj (.bss.lwip_core_lock_holder_thread)
                  7006c5a4    00000004                                                      : sys_arch.obj (.bss.lwip_tcpip_thread)
                  7006c5a8    00000004                                                      : memp.obj (.bss.memp_tab_ALTCP_PCB)
                  7006c5ac    00000004                                                      : memp.obj (.bss.memp_tab_ARP_QUEUE)
                  7006c5b0    00000004                                                      : memp.obj (.bss.memp_tab_FRAG_PBUF)
                  7006c5b4    00000004                                                      : memp.obj (.bss.memp_tab_IGMP_GROUP)
                  7006c5b8    00000004                                                      : memp.obj (.bss.memp_tab_NETBUF)
                  7006c5bc    00000004                                                      : memp.obj (.bss.memp_tab_NETCONN)
                  7006c5c0    00000004                                                      : memp.obj (.bss.memp_tab_NETDB)
                  7006c5c4    00000004                                                      : memp.obj (.bss.memp_tab_PBUF)
                  7006c5c8    00000004                                                      : memp.obj (.bss.memp_tab_PBUF_POOL)
                  7006c5cc    00000004                                                      : memp.obj (.bss.memp_tab_POOL_128)
                  7006c5d0    00000004                                                      : memp.obj (.bss.memp_tab_POOL_1568)
                  7006c5d4    00000004                                                      : memp.obj (.bss.memp_tab_POOL_4096)
                  7006c5d8    00000004                                                      : memp.obj (.bss.memp_tab_RAW_PCB)
                  7006c5dc    00000004                                                      : memp.obj (.bss.memp_tab_REASSDATA)
                  7006c5e0    00000004                                                      : memp.obj (.bss.memp_tab_SYS_MBOX)
                  7006c5e4    00000004                                                      : memp.obj (.bss.memp_tab_SYS_TIMEOUT)
                  7006c5e8    00000004                                                      : memp.obj (.bss.memp_tab_TCPIP_MSG_API)
                  7006c5ec    00000004                                                      : memp.obj (.bss.memp_tab_TCPIP_MSG_INPKT)
                  7006c5f0    00000004                                                      : memp.obj (.bss.memp_tab_TCP_PCB)
                  7006c5f4    00000004                                                      : memp.obj (.bss.memp_tab_TCP_PCB_LISTEN)
                  7006c5f8    00000004                                                      : memp.obj (.bss.memp_tab_TCP_SEG)
                  7006c5fc    00000004                                                      : memp.obj (.bss.memp_tab_UDP_PCB)
                  7006c600    00000004                                                      : timeouts.obj (.bss.next_timeout)
                  7006c604    00000004     freertos.am263px.r5f.ti-arm-clang.debug.lib : timers.obj (.bss.pxCurrentTimerList)
                  7006c608    00000004                                                 : tasks.obj (.bss.pxDelayedTaskList)
                  7006c60c    00000004                                                 : tasks.obj (.bss.pxOverflowDelayedTaskList)
                  7006c610    00000004                                                 : timers.obj (.bss.pxOverflowTimerList)
                  7006c614    00000004     lwip-freertos.am263px.r5f.ti-arm-clang.debug.lib : raw.obj (.bss.raw_pcbs)
                  7006c618    00000004                                                      : ip4_frag.obj (.bss.reassdatagrams)
                  7006c61c    00000004                                                      : sys_arch.obj (.bss.sys_arch_protect_mutex)
                  7006c620    00000004                                                      : sys_arch.obj (.bss.sys_arch_protect_nesting)
                  7006c624    00000004     libc.a : memory.c.obj (.bss.sys_free)
                  7006c628    00000004     lwip-freertos.am263px.r5f.ti-arm-clang.debug.lib : tcpip.obj (.bss.tcpip_init_done)
                  7006c62c    00000004                                                      : tcpip.obj (.bss.tcpip_init_done_arg)
                  7006c630    00000004                                                      : tcpip.obj (.bss.tcpip_mbox)
                  7006c634    00000004     freertos.am263px.r5f.ti-arm-clang.debug.lib : tasks.obj (.bss.xIdleTaskHandles)
                  7006c638    00000004     (.common:gEepromHandle)
                  7006c63c    00000004     (.common:gI2cHandle)
                  7006c640    00000004     (.common:gUartHandle)
                  7006c644    00000004     (.common:lock_tcpip_core)
                  7006c648    00000004     (.common:netif_default)
                  7006c64c    00000004     (.common:netif_list)
                  7006c650    00000004     (.common:tcp_active_pcbs)
                  7006c654    00000004     (.common:tcp_bound_pcbs)
                  7006c658    00000004     (.common:tcp_input_pcb)
                  7006c65c    00000004     (.common:tcp_listen_pcbs)
                  7006c660    00000004     (.common:tcp_ticks)
                  7006c664    00000004     (.common:tcp_tw_pcbs)
                  7006c668    00000004     (.common:udp_pcbs)
                  7006c66c    00000014     --HOLE--

.sysmem    0    7006c680    00008000     UNINITIALIZED
                  7006c680    00000010     libc.a : memory.c.obj (.sysmem)
                  7006c690    00007ff0     --HOLE--

.stack     0    70074680    00004000     UNINITIALIZED
                  70074680    00000004     freertos.am263px.r5f.ti-arm-clang.debug.lib : boot_armv7r_asm.obj (.stack)
                  70074684    00003ffc     --HOLE--

.text      0    70078680    0001f9e0     
                  70078680    00000a34     freertos.am263px.r5f.ti-arm-clang.debug.lib : printf.obj (.text._vsnprintf)
                  700790b4    0000000c     libclang_rt.builtins.a : aeabi_memset.S.obj (.text.__aeabi_memclr)
                  700790c0    00000960     lwip-freertos.am263px.r5f.ti-arm-clang.debug.lib : tcp.obj (.text.tcp_slowtmr)
                  70079a20    000007a4     drivers.am263px.r5f.ti-arm-clang.freertos.debug.lib : i2c_v1_lld.obj (.text.I2C_lld_primeTransferPoll)
                  7007a1c4    0000000c     libc.a : memory.c.obj (.text.malloc)
                  7007a1d0    00000678     drivers.am263px.r5f.ti-arm-clang.freertos.debug.lib : soc_rcm.obj (.text.SOC_rcmGetClkSrcAndDivReg)
                  7007a848    00000008     libsysbm.a : hostexit.c.obj (.text.HOSTexit)
                  7007a850    00000654     lwip-freertos.am263px.r5f.ti-arm-clang.debug.lib : dhcp.obj (.text.dhcp_parse_reply)
                  7007aea4    0000000c     freertos.am263px.r5f.ti-arm-clang.debug.lib : CpuId_armv7r_asm.obj (.text)
                  7007aeb0    00000638     drivers.am263px.r5f.ti-arm-clang.freertos.debug.lib : soc_rcm.obj (.text.SOC_rcmEnablePeripheralClock)
                  7007b4e8    00000004     libclang_rt.builtins.a : aeabi_div0.c.obj (.text.__aeabi_ldiv0)
                  7007b4ec    00000004                            : aeabi_memcpy.S.obj (.text.__aeabi_memcpy)
                  7007b4f0    000005e2     freertos.am263px.r5f.ti-arm-clang.debug.lib : printf.obj (.text._ftoa)
                  7007bad2    00000002     --HOLE-- [fill = 0]
                  7007bad4    00000004     libc.a : _lock.c.obj (.text._nop)
                  7007bad8    00000008     --HOLE-- [fill = 0]
                  7007bae0    000004d8     lwip-freertos.am263px.r5f.ti-arm-clang.debug.lib : tcp_out.obj (.text.tcp_output)
                  7007bfb8    00000008     --HOLE-- [fill = 0]
                  7007bfc0    000004b0     freertos.am263px.r5f.ti-arm-clang.debug.lib : printf.obj (.text._etoa)
                  7007c470    00000404     drivers.am263px.r5f.ti-arm-clang.freertos.debug.lib : uart_v0.obj (.text.UART_open)
                  7007c874    0000000c     --HOLE-- [fill = 0]
                  7007c880    000003dc                                                         : ipc_notify_v1.obj (.text.IpcNotify_init)
                  7007cc5c    00000004     --HOLE-- [fill = 0]
                  7007cc60    000003ba     lwip-freertos.am263px.r5f.ti-arm-clang.debug.lib : udp.obj (.text.udp_sendto_if_src)
                  7007d01a    00000006     --HOLE-- [fill = 0]
                  7007d020    000003b0                                                      : tcp_out.obj (.text.tcp_split_unsent_seg)
                  7007d3d0    00000380                                                      : ip4_frag.obj (.text.ip4_frag)
                  7007d750    00000356     drivers.am263px.r5f.ti-arm-clang.freertos.debug.lib : i2c_v1.obj (.text.I2C_open)
                  7007daa6    0000000a     --HOLE-- [fill = 0]
                  7007dab0    00000326     lwip-freertos.am263px.r5f.ti-arm-clang.debug.lib : ip4.obj (.text.ip4_output_if_opt_src)
                  7007ddd6    0000000a     --HOLE-- [fill = 0]
                  7007dde0    0000031e                                                      : tcp_out.obj (.text.tcp_enqueue_flags)
                  7007e0fe    00000002     --HOLE-- [fill = 0]
                  7007e100    00000302     drivers.am263px.r5f.ti-arm-clang.freertos.debug.lib : soc.obj (.text.SOC_virtToPhy)
                  7007e402    0000000e     --HOLE-- [fill = 0]
                  7007e410    000002f8     lwip-freertos.am263px.r5f.ti-arm-clang.debug.lib : pbuf.obj (.text.pbuf_alloc)
                  7007e708    00000008     --HOLE-- [fill = 0]
                  7007e710    000002bc                                                      : tcp_out.obj (.text.tcp_output_segment)
                  7007e9cc    00000004     --HOLE-- [fill = 0]
                  7007e9d0    000002ba     drivers.am263px.r5f.ti-arm-clang.freertos.debug.lib : i2c_v1_lld.obj (.text.I2C_lld_controllerIsr)
                  7007ec8a    00000006     --HOLE-- [fill = 0]
                  7007ec90    000002ba     lwip-freertos.am263px.r5f.ti-arm-clang.debug.lib : pbuf.obj (.text.pbuf_copy_partial_pbuf)
                  7007ef4a    00000006     --HOLE-- [fill = 0]
                  7007ef50    0000029a     drivers.am263px.r5f.ti-arm-clang.freertos.debug.lib : i2c_v1_lld.obj (.text.I2C_lld_targetIsr)
                  7007f1ea    00000006     --HOLE-- [fill = 0]
                  7007f1f0    00000296     lwip-freertos.am263px.r5f.ti-arm-clang.debug.lib : tcp.obj (.text.tcp_close_shutdown)
                  7007f486    0000000a     --HOLE-- [fill = 0]
                  7007f490    0000028c     xgw_udp_interface.o (.text.xgw_udp_process_motor_cmd)
                  7007f71c    00000004     --HOLE-- [fill = 0]
                  7007f720    0000027e     drivers.am263px.r5f.ti-arm-clang.freertos.debug.lib : uart_dma_edma.obj (.text.UART_edmaChInit)
                  7007f99e    00000002     --HOLE-- [fill = 0]
                  7007f9a0    00000266     freertos.am263px.r5f.ti-arm-clang.debug.lib : tasks.obj (.text.xTaskIncrementTick)
                  7007fc06    0000000a     --HOLE-- [fill = 0]
                  7007fc10    0000025a     lwip-freertos.am263px.r5f.ti-arm-clang.debug.lib : ip4_frag.obj (.text.ip_reass_free_complete_datagram)
                  7007fe6a    00000006     --HOLE-- [fill = 0]
                  7007fe70    0000025a     freertos.am263px.r5f.ti-arm-clang.debug.lib : tasks.obj (.text.xTaskResumeAll)
                  700800ca    00000006     --HOLE-- [fill = 0]
                  700800d0    00000250     drivers.am263px.r5f.ti-arm-clang.freertos.debug.lib : edma.obj (.text.Alloc_resource)
                  70080320    00000246     lwip-freertos.am263px.r5f.ti-arm-clang.debug.lib : dns.obj (.text.dns_send)
                  70080566    0000000a     --HOLE-- [fill = 0]
                  70080570    00000242     drivers.am263px.r5f.ti-arm-clang.freertos.debug.lib : uart_v0_lld.obj (.text.UART_fifoConfig)
                  700807b2    0000000e     --HOLE-- [fill = 0]
                  700807c0    0000023e     freertos.am263px.r5f.ti-arm-clang.debug.lib : printf.obj (.text._ntoa_format)
                  700809fe    00000002     --HOLE-- [fill = 0]
                  70080a00    0000023c     main.o (.text.ipc_process_task)
                  70080c3c    00000004     --HOLE-- [fill = 0]
                  70080c40    0000022a     lwip-freertos.am263px.r5f.ti-arm-clang.debug.lib : dhcp.obj (.text.dhcp_select)
                  70080e6a    00000006     --HOLE-- [fill = 0]
                  70080e70    00000226     drivers.am263px.r5f.ti-arm-clang.freertos.debug.lib : uart_dma_edma.obj (.text.UART_lld_dmaDeInit)
                  70081096    0000000a     --HOLE-- [fill = 0]
                  700810a0    00000222                                                         : ipc_notify_v1.obj (.text.IpcNotify_isr)
                  700812c2    0000000e     --HOLE-- [fill = 0]
                  700812d0    00000220     freertos.am263px.r5f.ti-arm-clang.debug.lib : tasks.obj (.text.vTaskGenericNotifyGiveFromISR)
                  700814f0    00000220                                                 : queue.obj (.text.xQueueGenericSend)
                  70081710    0000020a     lwip-freertos.am263px.r5f.ti-arm-clang.debug.lib : tcp.obj (.text.tcp_pcb_remove)
                  7008191a    00000006     --HOLE-- [fill = 0]
                  70081920    0000020a     freertos.am263px.r5f.ti-arm-clang.debug.lib : queue.obj (.text.xQueueSemaphoreTake)
                  70081b2a    00000006     --HOLE-- [fill = 0]
                  70081b30    00000206     lwip-freertos.am263px.r5f.ti-arm-clang.debug.lib : dhcp.obj (.text.dhcp_recv)
                  70081d36    0000000a     --HOLE-- [fill = 0]
                  70081d40    000001fe                                                      : pbuf.obj (.text.pbuf_free)
                  70081f3e    00000002     --HOLE-- [fill = 0]
                  70081f40    000001f6                                                      : dhcp.obj (.text.dhcp_create_msg)
                  70082136    0000000a     --HOLE-- [fill = 0]
                  70082140    000001f2     drivers.am263px.r5f.ti-arm-clang.freertos.debug.lib : i2c_v1.obj (.text.I2C_primeTransfer)
                  70082332    0000000e     --HOLE-- [fill = 0]
                  70082340    000001f2                                                         : i2c_v1.obj (.text.I2C_transfer)
                  70082532    0000000e     --HOLE-- [fill = 0]
                  70082540    000001ea     lwip-freertos.am263px.r5f.ti-arm-clang.debug.lib : tcp.obj (.text.tcp_abandon)
                  7008272a    00000006     --HOLE-- [fill = 0]
                  70082730    000001e2                                                      : pbuf.obj (.text.pbuf_realloc)
                  70082912    0000000e     --HOLE-- [fill = 0]
                  70082920    000001e0                                                      : dhcp.obj (.text.dhcp_bind)
                  70082b00    000001d8     freertos.am263px.r5f.ti-arm-clang.debug.lib : queue.obj (.text.xQueueReceive)
                  70082cd8    00000008     --HOLE-- [fill = 0]
                  70082ce0    000001d6                                                 : TimerP_rti_priv.obj (.text.TimerP_setupPriv)
                  70082eb6    0000000a     --HOLE-- [fill = 0]
                  70082ec0    000001d0     main.o (.text.freertos_main)
                  70083090    000001c8     lwip-freertos.am263px.r5f.ti-arm-clang.debug.lib : etharp.obj (.text.etharp_raw)
                  70083258    00000008     --HOLE-- [fill = 0]
                  70083260    000001c6                                                      : tcp_out.obj (.text.tcp_create_segment)
                  70083426    0000000a     --HOLE-- [fill = 0]
                  70083430    000001bc     freertos.am263px.r5f.ti-arm-clang.debug.lib : tasks.obj (.text.xTaskRemoveFromEventList)
                  700835ec    00000004     --HOLE-- [fill = 0]
                  700835f0    000001b0     lwip-freertos.am263px.r5f.ti-arm-clang.debug.lib : dns.obj (.text.dns_call_found)
                  700837a0    000001ac     drivers.am263px.r5f.ti-arm-clang.freertos.debug.lib : uart_v0.obj (.text.UART_close)
                  7008394c    00000004     --HOLE-- [fill = 0]
                  70083950    000001aa                                                         : uart_dma_edma.obj (.text.UART_lld_dmaWrite)
                  70083afa    00000006     --HOLE-- [fill = 0]
                  70083b00    000001aa     lwip-freertos.am263px.r5f.ti-arm-clang.debug.lib : mem.obj (.text.mem_free)
                  70083caa    00000002     --HOLE-- [fill = 0]
                  70083cac    000001a8     libc.a : memory.c.obj (.text.free)
                  70083e54    000001a4            : memory.c.obj (.text.aligned_alloc)
                  70083ff8    00000008     --HOLE-- [fill = 0]
                  70084000    000001a4     freertos.am263px.r5f.ti-arm-clang.debug.lib : timers.obj (.text.prvProcessReceivedCommands)
                  700841a4    0000000c     --HOLE-- [fill = 0]
                  700841b0    000001a0     drivers.am263px.r5f.ti-arm-clang.freertos.debug.lib : uart_v0.obj (.text.UART_write)
                  70084350    000001a0     lwip-freertos.am263px.r5f.ti-arm-clang.debug.lib : pbuf.obj (.text.pbuf_take)
                  700844f0    000001a0     freertos.am263px.r5f.ti-arm-clang.debug.lib : tasks.obj (.text.vTaskSwitchContext)
                  70084690    0000019a     lwip-freertos.am263px.r5f.ti-arm-clang.debug.lib : dns.obj (.text.dns_check_entry)
                  7008482a    00000006     --HOLE-- [fill = 0]
                  70084830    0000019a     freertos.am263px.r5f.ti-arm-clang.debug.lib : tasks.obj (.text.vTaskPriorityDisinheritAfterTimeout)
                  700849ca    00000006     --HOLE-- [fill = 0]
                  700849d0    00000198     drivers.am263px.r5f.ti-arm-clang.freertos.debug.lib : uart_v0_lld.obj (.text.UART_lld_controllerIsr)
                  70084b68    00000008     --HOLE-- [fill = 0]
                  70084b70    00000196     lwip-freertos.am263px.r5f.ti-arm-clang.debug.lib : dhcp.obj (.text.dhcp_reboot)
                  70084d06    0000000a     --HOLE-- [fill = 0]
                  70084d10    00000192                                                      : tcp_out.obj (.text.tcp_zero_window_probe)
                  70084ea2    0000000e     --HOLE-- [fill = 0]
                  70084eb0    0000018a                                                      : sys_arch.obj (.text.sys_arch_mbox_fetch)
                  7008503a    00000006     --HOLE-- [fill = 0]
                  70085040    00000188     freertos.am263px.r5f.ti-arm-clang.debug.lib : ClockP_freertos_r5.obj (.text.ClockP_init)
                  700851c8    00000008     --HOLE-- [fill = 0]
                  700851d0    00000186     lwip-freertos.am263px.r5f.ti-arm-clang.debug.lib : acd.obj (.text.acd_tmr)
                  70085356    0000000a     --HOLE-- [fill = 0]
                  70085360    00000180     main.o (.text.core0_init)
                  700854e0    00000178     freertos.am263px.r5f.ti-arm-clang.debug.lib : DebugP_shmLogReader.obj (.text.DebugP_shmLogReaderGetString)
                  70085658    00000008     --HOLE-- [fill = 0]
                  70085660    00000178     lwip-freertos.am263px.r5f.ti-arm-clang.debug.lib : udp.obj (.text.udp_bind)
                  700857d8    00000008     --HOLE-- [fill = 0]
                  700857e0    00000176                                                      : dhcp.obj (.text.dhcp_discover)
                  70085956    0000000a     --HOLE-- [fill = 0]
                  70085960    00000176                                                      : icmp.obj (.text.icmp_send_response)
                  70085ad6    0000000a     --HOLE-- [fill = 0]
                  70085ae0    00000176                                                      : sys_arch.obj (.text.sys_sem_new)
                  70085c56    0000000a     --HOLE-- [fill = 0]
                  70085c60    00000172     board.am263px.r5f.ti-arm-clang.freertos.debug.lib : eeprom_cat24m.obj (.text.EEPROM_CAT24M_write)
                  70085dd2    0000000e     --HOLE-- [fill = 0]
                  70085de0    00000172     lwip-freertos.am263px.r5f.ti-arm-clang.debug.lib : ip4.obj (.text.ip4_route)
                  70085f52    0000000e     --HOLE-- [fill = 0]
                  70085f60    00000172                                                      : sys_arch.obj (.text.sys_arch_sem_wait)
                  700860d2    0000000e     --HOLE-- [fill = 0]
                  700860e0    00000170     freertos.am263px.r5f.ti-arm-clang.debug.lib : queue.obj (.text.xQueueGiveFromISR)
                  70086250    00000166     drivers.am263px.r5f.ti-arm-clang.freertos.debug.lib : i2c_v1_lld.obj (.text.I2C_lld_primeTransferIntr)
                  700863b6    0000000a     --HOLE-- [fill = 0]
                  700863c0    00000166     lwip-freertos.am263px.r5f.ti-arm-clang.debug.lib : mem.obj (.text.mem_malloc)
                  70086526    0000000a     --HOLE-- [fill = 0]
                  70086530    00000162     drivers.am263px.r5f.ti-arm-clang.freertos.debug.lib : edma.obj (.text.EDMA_unregisterIntr)
                  70086692    0000000e     --HOLE-- [fill = 0]
                  700866a0    00000162     xgw_udp_interface.o (.text.xgw_udp_send_motor_states)
                  70086802    0000000e     --HOLE-- [fill = 0]
                  70086810    00000160     drivers.am263px.r5f.ti-arm-clang.freertos.debug.lib : i2c_v1_lld.obj (.text.I2C_lld_init)
                  70086970    00000160     lwip-freertos.am263px.r5f.ti-arm-clang.debug.lib : inet_chksum.obj (.text.inet_cksum_pseudo_partial_base)
                  70086ad0    0000015e                                                      : dhcp.obj (.text.dhcp_renew)
                  70086c2e    00000002     --HOLE-- [fill = 0]
                  70086c30    0000015e     xgw_udp_interface.o (.text.xgw_udp_start)
                  70086d8e    00000002     --HOLE-- [fill = 0]
                  70086d90    0000015c     main.o (.text.build_and_send_udp_packet)
                  70086eec    00000004     --HOLE-- [fill = 0]
                  70086ef0    0000015c     lwip-freertos.am263px.r5f.ti-arm-clang.debug.lib : dhcp.obj (.text.dhcp_rebind)
                  7008704c    00000004     --HOLE-- [fill = 0]
                  70087050    0000015c     freertos.am263px.r5f.ti-arm-clang.debug.lib : tasks.obj (.text.prvAddNewTaskToReadyList)
                  700871ac    00000004     --HOLE-- [fill = 0]
                  700871b0    0000015c                                                 : tasks.obj (.text.xTaskPriorityInherit)
                  7008730c    00000004     --HOLE-- [fill = 0]
                  70087310    0000015a     lwip-freertos.am263px.r5f.ti-arm-clang.debug.lib : dhcp.obj (.text.dhcp_start)
                  7008746a    00000006     --HOLE-- [fill = 0]
                  70087470    00000158     drivers.am263px.r5f.ti-arm-clang.freertos.debug.lib : soc.obj (.text.SOC_controlModuleUnlockMMR)
                  700875c8    00000008     --HOLE-- [fill = 0]
                  700875d0    00000158     lwip-freertos.am263px.r5f.ti-arm-clang.debug.lib : dhcp.obj (.text.dhcp_handle_ack)
                  70087728    00000008     --HOLE-- [fill = 0]
                  70087730    00000158                                                      : etharp.obj (.text.etharp_tmr)
                  70087888    00000008     --HOLE-- [fill = 0]
                  70087890    00000152     drivers.am263px.r5f.ti-arm-clang.freertos.debug.lib : uart_v0_lld.obj (.text.UART_lld_initDma)
                  700879e2    0000000e     --HOLE-- [fill = 0]
                  700879f0    0000014e     lwip-freertos.am263px.r5f.ti-arm-clang.debug.lib : sys_arch.obj (.text.sys_arch_unprotect)
                  70087b3e    00000002     --HOLE-- [fill = 0]
                  70087b40    0000014e     freertos.am263px.r5f.ti-arm-clang.debug.lib : tasks.obj (.text.xTaskPriorityDisinherit)
                  70087c8e    00000002     --HOLE-- [fill = 0]
                  70087c90    0000014c                                                 : queue.obj (.text.xQueueReceiveFromISR)
                  70087ddc    00000004     --HOLE-- [fill = 0]
                  70087de0    00000148     lwip-freertos.am263px.r5f.ti-arm-clang.debug.lib : netif.obj (.text.netif_set_addr)
                  70087f28    00000008     --HOLE-- [fill = 0]
                  70087f30    00000148                                                      : udp.obj (.text.udp_sendto)
                  70088078    00000008     --HOLE-- [fill = 0]
                  70088080    00000144     freertos.am263px.r5f.ti-arm-clang.debug.lib : tasks.obj (.text.prvInitialiseNewTask)
                  700881c4    0000000c     --HOLE-- [fill = 0]
                  700881d0    00000144     lwip-freertos.am263px.r5f.ti-arm-clang.debug.lib : tcp.obj (.text.tcp_close_shutdown_fin)
                  70088314    0000000c     --HOLE-- [fill = 0]
                  70088320    00000140                                                      : pbuf.obj (.text.pbuf_cat)
                  70088460    0000013e     drivers.am263px.r5f.ti-arm-clang.freertos.debug.lib : i2c_v1.obj (.text.I2C_mem_primeTransfer)
                  7008859e    00000002     --HOLE-- [fill = 0]
                  700885a0    0000013e     lwip-freertos.am263px.r5f.ti-arm-clang.debug.lib : pbuf.obj (.text.pbuf_copy_partial)
                  700886de    00000002     --HOLE-- [fill = 0]
                  700886e0    0000013a     drivers.am263px.r5f.ti-arm-clang.freertos.debug.lib : edma.obj (.text.EDMA_isDmaChannelAllocated)
                  7008881a    00000006     --HOLE-- [fill = 0]
                  70088820    0000013a                                                         : i2c_v1_lld.obj (.text.I2C_lld_mem_write)
                  7008895a    00000006     --HOLE-- [fill = 0]
                  70088960    0000013a     lwip-freertos.am263px.r5f.ti-arm-clang.debug.lib : dhcp.obj (.text.dhcp_release_and_stop)
                  70088a9a    00000006     --HOLE-- [fill = 0]
                  70088aa0    00000138     freertos.am263px.r5f.ti-arm-clang.debug.lib : printf.obj (.text._ntoa_long_long)
                  70088bd8    00000008     --HOLE-- [fill = 0]
                  70088be0    00000136     drivers.am263px.r5f.ti-arm-clang.freertos.debug.lib : uart_v0_lld.obj (.text.UART_procLineStatusErr)
                  70088d16    0000000a     --HOLE-- [fill = 0]
                  70088d20    00000136     lwip-freertos.am263px.r5f.ti-arm-clang.debug.lib : tcp_out.obj (.text.tcp_rst_common)
                  70088e56    0000000a     --HOLE-- [fill = 0]
                  70088e60    00000134     drivers.am263px.r5f.ti-arm-clang.freertos.debug.lib : edma.obj (.text.EDMA_registerIntr)
                  70088f94    0000000c     --HOLE-- [fill = 0]
                  70088fa0    00000134                                                         : uart_v0_lld.obj (.text.UART_writePolling)
                  700890d4    0000000c     --HOLE-- [fill = 0]
                  700890e0    00000134     freertos.am263px.r5f.ti-arm-clang.debug.lib : tasks.obj (.text.vTaskDelete)
                  70089214    0000000c     --HOLE-- [fill = 0]
                  70089220    0000012e     lwip-freertos.am263px.r5f.ti-arm-clang.debug.lib : igmp.obj (.text.igmp_send)
                  7008934e    00000002     --HOLE-- [fill = 0]
                  70089350    0000012c     drivers.am263px.r5f.ti-arm-clang.freertos.debug.lib : i2c_v1_lld.obj (.text.I2C_lld_mem_read)
                  7008947c    00000004     --HOLE-- [fill = 0]
                  70089480    0000012c                                                         : uart_v0_lld.obj (.text.UART_lld_init)
                  700895ac    00000004     --HOLE-- [fill = 0]
                  700895b0    0000012c     freertos.am263px.r5f.ti-arm-clang.debug.lib : tasks.obj (.text.ulTaskGenericNotifyTake)
                  700896dc    00000004     --HOLE-- [fill = 0]
                  700896e0    00000128     drivers.am263px.r5f.ti-arm-clang.freertos.debug.lib : i2c_v1_lld.obj (.text.I2C_lld_mem_writeIntr)
                  70089808    00000008     --HOLE-- [fill = 0]
                  70089810    00000128     freertos.am263px.r5f.ti-arm-clang.debug.lib : port.obj (.text.pxPortInitialiseStack)
                  70089938    00000008     --HOLE-- [fill = 0]
                  70089940    00000126     drivers.am263px.r5f.ti-arm-clang.freertos.debug.lib : soc.obj (.text.SOC_controlModuleLockMMR)
                  70089a66    0000000a     --HOLE-- [fill = 0]
                  70089a70    00000126     lwip-freertos.am263px.r5f.ti-arm-clang.debug.lib : pbuf.obj (.text.pbuf_take_at)
                  70089b96    0000000a     --HOLE-- [fill = 0]
                  70089ba0    00000126                                                      : timeouts.obj (.text.sys_timeout_abs)
                  70089cc6    0000000a     --HOLE-- [fill = 0]
                  70089cd0    00000120     drivers.am263px.r5f.ti-arm-clang.freertos.debug.lib : soc_rcm.obj (.text.SOC_rcmGetPeripheralClockFrequency)
                  70089df0    0000011e     lwip-freertos.am263px.r5f.ti-arm-clang.debug.lib : pbuf.obj (.text.pbuf_add_header_impl)
                  70089f0e    00000002     --HOLE-- [fill = 0]
                  70089f10    0000011e     freertos.am263px.r5f.ti-arm-clang.debug.lib : tasks.obj (.text.xTaskDelayUntil)
                  7008a02e    00000002     --HOLE-- [fill = 0]
                  7008a030    0000011c     drivers.am263px.r5f.ti-arm-clang.freertos.debug.lib : uart_dma_edma.obj (.text.UART_lld_dmaRead)
                  7008a14c    00000004     --HOLE-- [fill = 0]
                  7008a150    0000011c     lwip-freertos.am263px.r5f.ti-arm-clang.debug.lib : tcp_out.obj (.text.tcp_rexmit_rto_prepare)
                  7008a26c    00000004     --HOLE-- [fill = 0]
                  7008a270    0000011a     drivers.am263px.r5f.ti-arm-clang.freertos.debug.lib : i2c_v1_lld.obj (.text.I2C_lld_mem_readIntr)
                  7008a38a    00000006     --HOLE-- [fill = 0]
                  7008a390    00000118     lwip-freertos.am263px.r5f.ti-arm-clang.debug.lib : sys_arch.obj (.text.sys_mbox_trypost)
                  7008a4a8    00000008     --HOLE-- [fill = 0]
                  7008a4b0    00000118                                                      : tcp.obj (.text.tcp_process_refused_data)
                  7008a5c8    00000008     --HOLE-- [fill = 0]
                  7008a5d0    00000118                                                      : tcp.obj (.text.tcp_update_rcv_ann_wnd)
                  7008a6e8    00000118     libclang_rt.builtins.a : udivmoddi4.S.obj (.text)
                  7008a800    00000116     drivers.am263px.r5f.ti-arm-clang.freertos.debug.lib : edma.obj (.text.EDMA_isTccAllocated)
                  7008a916    0000000a     --HOLE-- [fill = 0]
                  7008a920    00000116                                                         : uart_v0_lld.obj (.text.UART_divisorLatchWrite)
                  7008aa36    0000000a     --HOLE-- [fill = 0]
                  7008aa40    00000114     freertos.am263px.r5f.ti-arm-clang.debug.lib : printf.obj (.text._ntoa_long)
                  7008ab54    0000000c     --HOLE-- [fill = 0]
                  7008ab60    00000110                                                 : DebugP_shmLogReader.obj (.text.DebugP_shmLogRead)
                  7008ac70    00000110                                                 : DebugP_shmLogReader.obj (.text.DebugP_shmLogReaderTaskMain)
                  7008ad80    00000110     xgw_udp_interface.o (.text.xgw_udp_recv_callback)
                  7008ae90    0000010e     drivers.am263px.r5f.ti-arm-clang.freertos.debug.lib : soc_rcm.obj (.text.SOC_rcmADPLLJGetFOut)
                  7008af9e    00000002     --HOLE-- [fill = 0]
                  7008afa0    0000010e     lwip-freertos.am263px.r5f.ti-arm-clang.debug.lib : netif.obj (.text.netif_do_set_ipaddr)
                  7008b0ae    00000002     --HOLE-- [fill = 0]
                  7008b0b0    0000010e                                                      : udp.obj (.text.udp_sendto_if)
                  7008b1be    00000002     --HOLE-- [fill = 0]
                  7008b1c0    0000010e     freertos.am263px.r5f.ti-arm-clang.debug.lib : queue.obj (.text.xQueueGenericReset)
                  7008b2ce    00000002     --HOLE-- [fill = 0]
                  7008b2d0    0000010c     lwip-freertos.am263px.r5f.ti-arm-clang.debug.lib : sys_arch.obj (.text.sys_arch_protect)
                  7008b3dc    00000004     --HOLE-- [fill = 0]
                  7008b3e0    0000010c                                                      : udp.obj (.text.udp_connect)
                  7008b4ec    00000004     --HOLE-- [fill = 0]
                  7008b4f0    0000010a     drivers.am263px.r5f.ti-arm-clang.freertos.debug.lib : ipc_notify_v1.obj (.text.IpcNotify_sendMsg)
                  7008b5fa    00000006     --HOLE-- [fill = 0]
                  7008b600    00000108     lwip-freertos.am263px.r5f.ti-arm-clang.debug.lib : sys_arch.obj (.text.sys_mbox_new)
                  7008b708    00000008     --HOLE-- [fill = 0]
                  7008b710    00000108                                                      : tcp_out.obj (.text.tcp_output_alloc_header_common)
                  7008b818    00000008     --HOLE-- [fill = 0]
                  7008b820    00000106     freertos.am263px.r5f.ti-arm-clang.debug.lib : tasks.obj (.text.prvAddCurrentTaskToDelayedList)
                  7008b926    0000000a     --HOLE-- [fill = 0]
                  7008b930    00000104     drivers.am263px.r5f.ti-arm-clang.freertos.debug.lib : i2c_v1.obj (.text.I2C_close)
                  7008ba34    0000000c     --HOLE-- [fill = 0]
                  7008ba40    00000104                                                         : uart_v0_lld.obj (.text.UART_configInstance)
                  7008bb44    0000000c     --HOLE-- [fill = 0]
                  7008bb50    000000fe     lwip-freertos.am263px.r5f.ti-arm-clang.debug.lib : tcp_out.obj (.text.tcp_send_empty_ack)
                  7008bc4e    00000002     --HOLE-- [fill = 0]
                  7008bc50    000000f4     freertos.am263px.r5f.ti-arm-clang.debug.lib : tasks.obj (.text.prvCreateStaticTask)
                  7008bd44    0000000c     --HOLE-- [fill = 0]
                  7008bd50    000000f4     lwip-freertos.am263px.r5f.ti-arm-clang.debug.lib : tcp_out.obj (.text.tcp_output_control_segment_netif)
                  7008be44    0000000c     --HOLE-- [fill = 0]
                  7008be50    000000f0     drivers.am263px.r5f.ti-arm-clang.freertos.debug.lib : i2c_v1.obj (.text.I2C_LLD_targetTransferCompleteCallback)
                  7008bf40    000000f0     lwip-freertos.am263px.r5f.ti-arm-clang.debug.lib : sys_arch.obj (.text.sys_sem_signal)
                  7008c030    000000ec     freertos.am263px.r5f.ti-arm-clang.debug.lib : queue.obj (.text.xQueueGenericCreateStatic)
                  7008c11c    00000004     --HOLE-- [fill = 0]
                  7008c120    000000ea     drivers.am263px.r5f.ti-arm-clang.freertos.debug.lib : i2c_v1_lld.obj (.text.I2C_lld_targetTransferIntr)
                  7008c20a    00000006     --HOLE-- [fill = 0]
                  7008c210    000000e8     lwip-freertos.am263px.r5f.ti-arm-clang.debug.lib : tcp.obj (.text.tcp_recved)
                  7008c2f8    00000008     --HOLE-- [fill = 0]
                  7008c300    000000e8                                                      : tcpip.obj (.text.tcpip_init)
                  7008c3e8    00000008     --HOLE-- [fill = 0]
                  7008c3f0    000000e6     drivers.am263px.r5f.ti-arm-clang.freertos.debug.lib : soc_rcm.obj (.text.SOC_rcmGetCoreFout)
                  7008c4d6    0000000a     --HOLE-- [fill = 0]
                  7008c4e0    000000e6                                                         : soc_rcm.obj (.text.SOC_rcmGetPerFout)
                  7008c5c6    0000000a     --HOLE-- [fill = 0]
                  7008c5d0    000000e6     lwip-freertos.am263px.r5f.ti-arm-clang.debug.lib : tcp.obj (.text.tcp_fasttmr)
                  7008c6b6    0000000a     --HOLE-- [fill = 0]
                  7008c6c0    000000e4     drivers.am263px.r5f.ti-arm-clang.freertos.debug.lib : edma.obj (.text.EDMA_freeChannelRegion)
                  7008c7a4    0000000c     --HOLE-- [fill = 0]
                  7008c7b0    000000e2                                                         : edma.obj (.text.EDMA_freeParam)
                  7008c892    0000000e     --HOLE-- [fill = 0]
                  7008c8a0    000000e2     lwip-freertos.am263px.r5f.ti-arm-clang.debug.lib : dhcp.obj (.text.dhcp_inc_pcb_refcount)
                  7008c982    0000000e     --HOLE-- [fill = 0]
                  7008c990    000000e2                                                      : sys_arch.obj (.text.sys_mutex_lock)
                  7008ca72    0000000e     --HOLE-- [fill = 0]
                  7008ca80    000000e0     drivers.am263px.r5f.ti-arm-clang.freertos.debug.lib : edma.obj (.text.EDMA_freeDmaChannel)
                  7008cb60    000000e0                                                         : edma.obj (.text.EDMA_freeTcc)
                  7008cc40    000000e0     freertos.am263px.r5f.ti-arm-clang.debug.lib : tasks.obj (.text.xTaskCheckForTimeOut)
                  7008cd20    000000de     drivers.am263px.r5f.ti-arm-clang.freertos.debug.lib : uart_v0_lld.obj (.text.UART_intrEnable)
                  7008cdfe    00000002     --HOLE-- [fill = 0]
                  7008ce00    000000de     lwip-freertos.am263px.r5f.ti-arm-clang.debug.lib : sys_arch.obj (.text.sys_mutex_unlock)
                  7008cede    00000002     --HOLE-- [fill = 0]
                  7008cee0    000000da     drivers.am263px.r5f.ti-arm-clang.freertos.debug.lib : uart_v0_lld.obj (.text.UART_intrDisable)
                  7008cfba    00000006     --HOLE-- [fill = 0]
                  7008cfc0    000000da     lwip-freertos.am263px.r5f.ti-arm-clang.debug.lib : ethernet.obj (.text.ethernet_output)
                  7008d09a    00000006     --HOLE-- [fill = 0]
                  7008d0a0    000000d8                                                      : tcp.obj (.text.tcp_eff_send_mss_netif)
                  7008d178    00000008     --HOLE-- [fill = 0]
                  7008d180    000000d2     drivers.am263px.r5f.ti-arm-clang.freertos.debug.lib : uart_v0_lld.obj (.text.UART_lld_write)
                  7008d252    0000000e     --HOLE-- [fill = 0]
                  7008d260    000000d0     freertos.am263px.r5f.ti-arm-clang.debug.lib : AddrTranslateP_32bit.obj (.text.AddrTranslateP_getLocalAddr)
                  7008d330    000000d0     lwip-freertos.am263px.r5f.ti-arm-clang.debug.lib : dhcp.obj (.text.dhcp_conflict_callback)
                  7008d400    000000ce     drivers.am263px.r5f.ti-arm-clang.freertos.debug.lib : edma.obj (.text.EDMA_disableChInShadowRegRegion)
                  7008d4ce    00000002     --HOLE-- [fill = 0]
                  7008d4d0    000000ce                                                         : uart_v0_lld.obj (.text.UART_lld_writeDma)
                  7008d59e    00000002     --HOLE-- [fill = 0]
                  7008d5a0    000000ce     lwip-freertos.am263px.r5f.ti-arm-clang.debug.lib : tcp_out.obj (.text.tcp_output_fill_options)
                  7008d66e    00000002     --HOLE-- [fill = 0]
                  7008d670    000000cc     drivers.am263px.r5f.ti-arm-clang.freertos.debug.lib : edma.obj (.text.EDMA_enableChInShadowRegRegion)
                  7008d73c    00000004     --HOLE-- [fill = 0]
                  7008d740    000000cc     freertos.am263px.r5f.ti-arm-clang.debug.lib : queue.obj (.text.prvCopyDataToQueue)
                  7008d80c    00000004     --HOLE-- [fill = 0]
                  7008d810    000000ca                                                 : ClockP_freertos.obj (.text.ClockP_getTimeUsec)
                  7008d8da    00000006     --HOLE-- [fill = 0]
                  7008d8e0    000000ca     lwip-freertos.am263px.r5f.ti-arm-clang.debug.lib : dhcp.obj (.text.dhcp_decline)
                  7008d9aa    00000006     --HOLE-- [fill = 0]
                  7008d9b0    000000ca                                                      : sys_arch.obj (.text.sys_thread_new)
                  7008da7a    00000006     --HOLE-- [fill = 0]
                  7008da80    000000ca                                                      : tcp.obj (.text.tcp_backlog_accepted)
                  7008db4a    00000006     --HOLE-- [fill = 0]
                  7008db50    000000c8     freertos.am263px.r5f.ti-arm-clang.debug.lib : tasks.obj (.text.prvCreateIdleTasks)
                  7008dc18    00000008     --HOLE-- [fill = 0]
                  7008dc20    000000c8     xgw_udp_interface.o (.text.xgw_udp_process_motor_set)
                  7008dce8    00000008     --HOLE-- [fill = 0]
                  7008dcf0    000000c6     drivers.am263px.r5f.ti-arm-clang.freertos.debug.lib : uart_v0_lld.obj (.text.UART_lld_writeIntr)
                  7008ddb6    0000000a     --HOLE-- [fill = 0]
                  7008ddc0    000000c6     lwip-freertos.am263px.r5f.ti-arm-clang.debug.lib : tcp.obj (.text.tcp_pcb_purge)
                  7008de86    0000000a     --HOLE-- [fill = 0]
                  7008de90    000000c4     drivers.am263px.r5f.ti-arm-clang.freertos.debug.lib : edma.obj (.text.EDMA_mapChToEvtQ)
                  7008df54    0000000c     --HOLE-- [fill = 0]
                  7008df60    000000c4     board.am263px.r5f.ti-arm-clang.freertos.debug.lib : eeprom_cat24m.obj (.text.EEPROM_CAT24M_read)
                  7008e024    0000000c     --HOLE-- [fill = 0]
                  7008e030    000000c4     lwip-freertos.am263px.r5f.ti-arm-clang.debug.lib : tcp_out.obj (.text.tcp_keepalive)
                  7008e0f4    0000000c     --HOLE-- [fill = 0]
                  7008e100    000000c4                                                      : tcp.obj (.text.tcp_listen_closed)
                  7008e1c4    0000000c     --HOLE-- [fill = 0]
                  7008e1d0    000000c4                                                      : tcp_out.obj (.text.tcp_send_fin)
                  7008e294    0000000c     --HOLE-- [fill = 0]
                  7008e2a0    000000c2     gateway_shared.o (.text.gateway_core0_ipc_callback)
                  7008e362    0000000e     --HOLE-- [fill = 0]
                  7008e370    000000c2     freertos.am263px.r5f.ti-arm-clang.debug.lib : queue.obj (.text.vQueueAddToRegistry)
                  7008e432    0000000e     --HOLE-- [fill = 0]
                  7008e440    000000c0     drivers.am263px.r5f.ti-arm-clang.freertos.debug.lib : edma.obj (.text.EDMA_configureChannelRegion)
                  7008e500    000000c0                                                         : soc_rcm.obj (.text.SOC_rcmGetPerHSDivOut)
                  7008e5c0    000000c0                                                         : uart_v0.obj (.text.UART_flushTxFifo)
                  7008e680    000000c0     freertos.am263px.r5f.ti-arm-clang.debug.lib : printf.obj (.text._out_rev)
                  7008e740    000000c0     lwip-freertos.am263px.r5f.ti-arm-clang.debug.lib : inet_chksum.obj (.text.inet_cksum_pseudo_base)
                  7008e800    000000be                                                      : memp.obj (.text.do_memp_malloc_pool)
                  7008e8be    00000002     --HOLE-- [fill = 0]
                  7008e8c0    000000ba     drivers.am263px.r5f.ti-arm-clang.freertos.debug.lib : ipc_notify_v1.obj (.text.IpcNotify_waitSync)
                  7008e97a    00000006     --HOLE-- [fill = 0]
                  7008e980    000000ba     lwip-freertos.am263px.r5f.ti-arm-clang.debug.lib : dhcp.obj (.text.dhcp_coarse_tmr)
                  7008ea3a    00000006     --HOLE-- [fill = 0]
                  7008ea40    000000ba     freertos.am263px.r5f.ti-arm-clang.debug.lib : PmuP_armv7r.obj (.text.pmu)
                  7008eafa    00000006     --HOLE-- [fill = 0]
                  7008eb00    000000ba     lwip-freertos.am263px.r5f.ti-arm-clang.debug.lib : sys_arch.obj (.text.sys_mutex_new)
                  7008ebba    00000006     --HOLE-- [fill = 0]
                  7008ebc0    000000b6     drivers.am263px.r5f.ti-arm-clang.freertos.debug.lib : uart_v0_lld.obj (.text.UART_fifoWrite)
                  7008ec76    0000000a     --HOLE-- [fill = 0]
                  7008ec80    000000b6     gateway_shared.o (.text.gateway_write_motor_commands)
                  7008ed36    0000000a     --HOLE-- [fill = 0]
                  7008ed40    000000b4     lwip-freertos.am263px.r5f.ti-arm-clang.debug.lib : etharp.obj (.text.free_etharp_q)
                  7008edf4    0000000c     --HOLE-- [fill = 0]
                  7008ee00    000000b4                                                      : sys_arch.obj (.text.sys_sem_free)
                  7008eeb4    0000000c     --HOLE-- [fill = 0]
                  7008eec0    000000b4                                                      : timeouts.obj (.text.sys_timeouts_sleeptime)
                  7008ef74    0000000c     --HOLE-- [fill = 0]
                  7008ef80    000000b2                                                      : ip4_frag.obj (.text.ipfrag_free_pbuf_custom)
                  7008f032    0000000e     --HOLE-- [fill = 0]
                  7008f040    000000b0     drivers.am263px.r5f.ti-arm-clang.freertos.debug.lib : soc_rcm.obj (.text.SOC_rcmSetPeripheralClock)
                  7008f0f0    000000b0                                                         : uart_v0.obj (.text.UART_init)
                  7008f1a0    000000b0     lwip-freertos.am263px.r5f.ti-arm-clang.debug.lib : tcpip.obj (.text.tcpip_thread_handle_msg)
                  7008f250    000000ae     main.o (.text.ipc_notify_callback_fxn)
                  7008f2fe    00000002     --HOLE-- [fill = 0]
                  7008f300    000000ae     freertos.am263px.r5f.ti-arm-clang.debug.lib : queue.obj (.text.prvUnlockQueue)
                  7008f3ae    00000002     --HOLE-- [fill = 0]
                  7008f3b0    000000ae     lwip-freertos.am263px.r5f.ti-arm-clang.debug.lib : tcpip.obj (.text.tcpip_try_callback)
                  7008f45e    00000002     --HOLE-- [fill = 0]
                  7008f460    000000ae     freertos.am263px.r5f.ti-arm-clang.debug.lib : tasks.obj (.text.vTaskExitCritical)
                  7008f50e    00000002     --HOLE-- [fill = 0]
                  7008f510    000000ac                                                 : queue.obj (.text.xQueueGenericCreate)
                  7008f5bc    00000004     --HOLE-- [fill = 0]
                  7008f5c0    000000aa     lwip-freertos.am263px.r5f.ti-arm-clang.debug.lib : inet_chksum.obj (.text.lwip_standard_chksum)
                  7008f66a    00000006     --HOLE-- [fill = 0]
                  7008f670    000000aa     xgw_protocol.o (.text.xgw_crc32_calculate)
                  7008f71a    00000006     --HOLE-- [fill = 0]
                  7008f720    000000a8     ti_board_open_close.o (.text.Board_eepromOpen)
                  7008f7c8    00000008     --HOLE-- [fill = 0]
                  7008f7d0    000000a8     ti_drivers_open_close.o (.text.Drivers_i2cOpen)
                  7008f878    00000008     --HOLE-- [fill = 0]
                  7008f880    000000a8     ti_drivers_open_close.o (.text.Drivers_uartOpen)
                  7008f928    00000008     --HOLE-- [fill = 0]
                  7008f930    000000a8     lwip-freertos.am263px.r5f.ti-arm-clang.debug.lib : acd.obj (.text.acd_add)
                  7008f9d8    00000008     --HOLE-- [fill = 0]
                  7008f9e0    000000a6                                                      : dhcp.obj (.text.dhcp_option_long)
                  7008fa86    0000000a     --HOLE-- [fill = 0]
                  7008fa90    000000a4                                                      : pbuf.obj (.text.pbuf_alloc_reference)
                  7008fb34    000000a4     libc.a : memory.c.obj (.text.split)
                  7008fbd8    00000008     --HOLE-- [fill = 0]
                  7008fbe0    000000a4     lwip-freertos.am263px.r5f.ti-arm-clang.debug.lib : tcp_out.obj (.text.tcp_output_alloc_header)
                  7008fc84    0000000c     --HOLE-- [fill = 0]
                  7008fc90    000000a2     freertos.am263px.r5f.ti-arm-clang.debug.lib : timers.obj (.text.prvCheckForValidListAndQueue)
                  7008fd32    0000000e     --HOLE-- [fill = 0]
                  7008fd40    000000a0     drivers.am263px.r5f.ti-arm-clang.freertos.debug.lib : soc_rcm.obj (.text.SOC_rcmGetCoreHSDivOut)
                  7008fde0    000000a0     lwip-freertos.am263px.r5f.ti-arm-clang.debug.lib : etharp.obj (.text.etharp_free_entry)
                  7008fe80    0000009e     freertos.am263px.r5f.ti-arm-clang.debug.lib : timers.obj (.text.xTimerCreateTimerTask)
                  7008ff1e    00000002     --HOLE-- [fill = 0]
                  7008ff20    0000009c     gateway_shared.o (.text.gateway_read_motor_states)
                  7008ffbc    00000004     --HOLE-- [fill = 0]
                  7008ffc0    0000009a     lwip-freertos.am263px.r5f.ti-arm-clang.debug.lib : udp.obj (.text.udp_new_port)
                  7009005a    00000006     --HOLE-- [fill = 0]
                  70090060    00000098     drivers.am263px.r5f.ti-arm-clang.freertos.debug.lib : ipc_notify_v1.obj (.text.IpcNotify_registerClient)
                  700900f8    00000008     --HOLE-- [fill = 0]
                  70090100    00000098     lwip-freertos.am263px.r5f.ti-arm-clang.debug.lib : netif.obj (.text.netif_issue_reports)
                  70090198    00000008     --HOLE-- [fill = 0]
                  700901a0    00000098                                                      : pbuf.obj (.text.pbuf_alloced_custom)
                  70090238    00000008     --HOLE-- [fill = 0]
                  70090240    00000096     drivers.am263px.r5f.ti-arm-clang.freertos.debug.lib : uart_v0_lld.obj (.text.UART_subConfigTCRTLRModeEn)
                  700902d6    0000000a     --HOLE-- [fill = 0]
                  700902e0    00000096     lwip-freertos.am263px.r5f.ti-arm-clang.debug.lib : udp.obj (.text.udp_remove)
                  70090376    0000000a     --HOLE-- [fill = 0]
                  70090380    00000094                                                      : acd.obj (.text.acd_remove)
                  70090414    0000000c     --HOLE-- [fill = 0]
                  70090420    00000094                                                      : netif.obj (.text.netif_do_set_gw)
                  700904b4    0000000c     --HOLE-- [fill = 0]
                  700904c0    00000094                                                      : netif.obj (.text.netif_do_set_netmask)
                  70090554    0000000c     --HOLE-- [fill = 0]
                  70090560    00000094                                                      : tcp_out.obj (.text.tcp_output_control_segment)
                  700905f4    0000000c     --HOLE-- [fill = 0]
                  70090600    00000094     freertos.am263px.r5f.ti-arm-clang.debug.lib : tasks.obj (.text.vTaskStartScheduler)
                  70090694    0000000c     --HOLE-- [fill = 0]
                  700906a0    00000092     drivers.am263px.r5f.ti-arm-clang.freertos.debug.lib : edma.obj (.text.EDMA_unmapChToEvtQ)
                  70090732    0000000e     --HOLE-- [fill = 0]
                  70090740    00000092                                                         : i2c_v1_lld.obj (.text.I2CControllerInitExpClk)
                  700907d2    0000000e     --HOLE-- [fill = 0]
                  700907e0    00000092     freertos.am263px.r5f.ti-arm-clang.debug.lib : DebugP_freertos.obj (.text._DebugP_logZone)
                  70090872    0000000e     --HOLE-- [fill = 0]
                  70090880    00000092     lwip-freertos.am263px.r5f.ti-arm-clang.debug.lib : dhcp.obj (.text.dhcp_timeout)
                  70090912    0000000e     --HOLE-- [fill = 0]
                  70090920    00000092                                                      : tcpip.obj (.text.tcpip_thread)
                  700909b2    0000000e     --HOLE-- [fill = 0]
                  700909c0    0000008e                                                      : dhcp.obj (.text.dhcp_option)
                  70090a4e    00000002     --HOLE-- [fill = 0]
                  70090a50    0000008e     main.o (.text.main)
                  70090ade    00000002     --HOLE-- [fill = 0]
                  70090ae0    0000008e     freertos.am263px.r5f.ti-arm-clang.debug.lib : tasks.obj (.text.prvCreateTask)
                  70090b6e    00000002     --HOLE-- [fill = 0]
                  70090b70    0000008e                                                 : tasks.obj (.text.prvInitialiseTaskLists)
                  70090bfe    00000002     --HOLE-- [fill = 0]
                  70090c00    0000008e     lwip-freertos.am263px.r5f.ti-arm-clang.debug.lib : timeouts.obj (.text.sys_check_timeouts)
                  70090c8e    00000002     --HOLE-- [fill = 0]
                  70090c90    0000008c     drivers.am263px.r5f.ti-arm-clang.freertos.debug.lib : edma.obj (.text.EDMA_disableTransferRegion)
                  70090d1c    00000004     --HOLE-- [fill = 0]
                  70090d20    0000008c                                                         : edma.obj (.text.EDMA_enableTransferRegion)
                  70090dac    00000004     --HOLE-- [fill = 0]
                  70090db0    0000008c     freertos.am263px.r5f.ti-arm-clang.debug.lib : SemaphoreP_freertos.obj (.text.SemaphoreP_pend)
                  70090e3c    00000004     --HOLE-- [fill = 0]
                  70090e40    0000008c     drivers.am263px.r5f.ti-arm-clang.freertos.debug.lib : uart_v0_lld.obj (.text.UART_writeCancelNoCB)
                  70090ecc    00000004     --HOLE-- [fill = 0]
                  70090ed0    0000008c     lwip-freertos.am263px.r5f.ti-arm-clang.debug.lib : acd.obj (.text.acd_netif_ip_addr_changed)
                  70090f5c    00000004     --HOLE-- [fill = 0]
                  70090f60    0000008a                                                      : tcp.obj (.text.tcp_netif_ip_addr_changed_pcblist)
                  70090fea    00000006     --HOLE-- [fill = 0]
                  70090ff0    0000008a     freertos.am263px.r5f.ti-arm-clang.debug.lib : tasks.obj (.text.vTaskPlaceOnEventListRestricted)
                  7009107a    00000006     --HOLE-- [fill = 0]
                  70091080    00000088     drivers.am263px.r5f.ti-arm-clang.freertos.debug.lib : uart_dma_edma.obj (.text.UART_edmaIsrRx)
                  70091108    00000008     --HOLE-- [fill = 0]
                  70091110    00000088                                                         : uart_dma_edma.obj (.text.UART_edmaIsrTx)
                  70091198    00000008     --HOLE-- [fill = 0]
                  700911a0    00000088     gateway_shared.o (.text.gateway_write_test_data)
                  70091228    00000008     --HOLE-- [fill = 0]
                  70091230    00000088     lwip-freertos.am263px.r5f.ti-arm-clang.debug.lib : ip4.obj (.text.ip4_output_if_opt)
                  700912b8    00000008     --HOLE-- [fill = 0]
                  700912c0    00000086     drivers.am263px.r5f.ti-arm-clang.freertos.debug.lib : uart_v0_lld.obj (.text.UART_lld_flushTxFifo)
                  70091346    0000000a     --HOLE-- [fill = 0]
                  70091350    00000086                                                         : uart_v0_lld.obj (.text.UART_tcrTlrBitValRestore)
                  700913d6    0000000a     --HOLE-- [fill = 0]
                  700913e0    00000086     freertos.am263px.r5f.ti-arm-clang.debug.lib : timers.obj (.text.prvInsertTimerInActiveList)
                  70091466    0000000a     --HOLE-- [fill = 0]
                  70091470    00000086                                                 : timers.obj (.text.prvProcessTimerOrBlockTask)
                  700914f6    0000000a     --HOLE-- [fill = 0]
                  70091500    00000086     lwip-freertos.am263px.r5f.ti-arm-clang.debug.lib : sys_arch.obj (.text.sys_check_core_locking)
                  70091586    0000000a     --HOLE-- [fill = 0]
                  70091590    00000084                                                      : dhcp.obj (.text.dhcp_option_short)
                  70091614    0000000c     --HOLE-- [fill = 0]
                  70091620    00000084                                                      : ip4_frag.obj (.text.ip_reass_dequeue_datagram)
                  700916a4    0000000c     --HOLE-- [fill = 0]
                  700916b0    00000082     drivers.am263px.r5f.ti-arm-clang.freertos.debug.lib : edma.obj (.text.EDMA_allocDmaChannel)
                  70091732    0000000e     --HOLE-- [fill = 0]
                  70091740    00000082                                                         : edma.obj (.text.EDMA_allocParam)
                  700917c2    0000000e     --HOLE-- [fill = 0]
                  700917d0    00000082                                                         : edma.obj (.text.EDMA_allocTcc)
                  70091852    0000000e     --HOLE-- [fill = 0]
                  70091860    00000082                                                         : edma.obj (.text.EDMA_disableTccInShadowRegRegion)
                  700918e2    0000000e     --HOLE-- [fill = 0]
                  700918f0    00000082                                                         : edma.obj (.text.EDMA_enableTccInShadowRegRegion)
                  70091972    0000000e     --HOLE-- [fill = 0]
                  70091980    00000082                                                         : ipc_notify_v1.obj (.text.IpcNotify_syncAll)
                  70091a02    0000000e     --HOLE-- [fill = 0]
                  70091a10    00000082     lwip-freertos.am263px.r5f.ti-arm-clang.debug.lib : dhcp.obj (.text.dhcp_dec_pcb_refcount)
                  70091a92    0000000e     --HOLE-- [fill = 0]
                  70091aa0    00000082                                                      : netif.obj (.text.netif_invoke_ext_callback)
                  70091b22    0000000e     --HOLE-- [fill = 0]
                  70091b30    00000082                                                      : tcp.obj (.text.tcp_netif_ip_addr_changed)
                  70091bb2    0000000e     --HOLE-- [fill = 0]
                  70091bc0    00000080     board.am263px.r5f.ti-arm-clang.freertos.debug.lib : eeprom_cat24m.obj (.text.EEPROM_CAT24M_open)
                  70091c40    00000080     freertos.am263px.r5f.ti-arm-clang.debug.lib : SemaphoreP_freertos.obj (.text.SemaphoreP_constructBinary)
                  70091cc0    00000080     drivers.am263px.r5f.ti-arm-clang.freertos.debug.lib : uart_v0_lld.obj (.text.UART_moduleReset)
                  70091d40    00000080     lwip-freertos.am263px.r5f.ti-arm-clang.debug.lib : memp.obj (.text.do_memp_free_pool)
                  70091dc0    00000080                                                      : inet_chksum.obj (.text.inet_chksum_pseudo_partial)
                  70091e40    0000007e     drivers.am263px.r5f.ti-arm-clang.freertos.debug.lib : i2c_v1_lld.obj (.text.I2C_lld_transferInit)
                  70091ebe    00000002     --HOLE-- [fill = 0]
                  70091ec0    0000007e                                                         : uart_v0_lld.obj (.text.UART_readData)
                  70091f3e    00000002     --HOLE-- [fill = 0]
                  70091f40    0000007e     gateway_shared.o (.text.gateway_read_test_data)
                  70091fbe    00000002     --HOLE-- [fill = 0]
                  70091fc0    0000007c     freertos.am263px.r5f.ti-arm-clang.debug.lib : DebugP_log.obj (.text._DebugP_assert)
                  7009203c    00000004     --HOLE-- [fill = 0]
                  70092040    0000007c     main.o (.text.lwip_init_callback)
                  700920bc    00000004     --HOLE-- [fill = 0]
                  700920c0    0000007c     freertos.am263px.r5f.ti-arm-clang.debug.lib : queue.obj (.text.vQueueUnregisterQueue)
                  7009213c    00000004     --HOLE-- [fill = 0]
                  70092140    0000007a     drivers.am263px.r5f.ti-arm-clang.freertos.debug.lib : i2c_v1.obj (.text.I2C_completeCurrTransfer)
                  700921ba    00000006     --HOLE-- [fill = 0]
                  700921c0    0000007a                                                         : ipc_notify_v1.obj (.text.IpcNotify_mailboxWrite)
                  7009223a    00000006     --HOLE-- [fill = 0]
                  70092240    0000007a     ti_drivers_config.o (.text.System_init)
                  700922ba    00000006     --HOLE-- [fill = 0]
                  700922c0    0000007a     drivers.am263px.r5f.ti-arm-clang.freertos.debug.lib : uart_v0.obj (.text.UART_Params_init)
                  7009233a    00000006     --HOLE-- [fill = 0]
                  70092340    00000078                                                         : edma.obj (.text.EDMA_linkChannel)
                  700923b8    00000008     --HOLE-- [fill = 0]
                  700923c0    00000078                                                         : i2c_v1_lld.obj (.text.I2C_lld_completeCurrTransfer)
                  70092438    00000008     --HOLE-- [fill = 0]
                  70092440    00000078     main.o (.text.enet_lwip_task_wrapper)
                  700924b8    00000008     --HOLE-- [fill = 0]
                  700924c0    00000078     lwip-freertos.am263px.r5f.ti-arm-clang.debug.lib : tcp.obj (.text.tcp_remove_listener)
                  70092538    00000008     --HOLE-- [fill = 0]
                  70092540    00000078     freertos.am263px.r5f.ti-arm-clang.debug.lib : queue.obj (.text.xQueueTakeMutexRecursive)
                  700925b8    00000008     --HOLE-- [fill = 0]
                  700925c0    00000076                                                 : queue.obj (.text.xQueueGiveMutexRecursive)
                  70092636    0000000a     --HOLE-- [fill = 0]
                  70092640    00000074                                                 : ClockP_freertos.obj (.text.ClockP_usleep)
                  700926b4    0000000c     --HOLE-- [fill = 0]
                  700926c0    00000074     drivers.am263px.r5f.ti-arm-clang.freertos.debug.lib : uart_v0_lld.obj (.text.UART_IsBaseAddrValid)
                  70092734    0000000c     --HOLE-- [fill = 0]
                  70092740    00000074     lwip-freertos.am263px.r5f.ti-arm-clang.debug.lib : dhcp.obj (.text.dhcp_option_trailer)
                  700927b4    0000000c     --HOLE-- [fill = 0]
                  700927c0    00000074                                                      : dns.obj (.text.dns_create_txid)
                  70092834    0000000c     --HOLE-- [fill = 0]
                  70092840    00000072     drivers.am263px.r5f.ti-arm-clang.freertos.debug.lib : edma.obj (.text.EDMA_clrMissEvtRegion)
                  700928b2    0000000e     --HOLE-- [fill = 0]
                  700928c0    00000072                                                         : ipc_notify_v1.obj (.text.IpcNotify_makeMsg)
                  70092932    0000000e     --HOLE-- [fill = 0]
                  70092940    00000072     lwip-freertos.am263px.r5f.ti-arm-clang.debug.lib : pbuf.obj (.text.pbuf_ref)
                  700929b2    0000000e     --HOLE-- [fill = 0]
[...]
70092cd1  tcp_rexmit_rto_commit                
70092d41  DebugP_shmLogReaderInit              
70092db1  log_reader_task_create               
70092e21  vTaskDelay                           
70092e91  vTaskEnterCritical                   
70092fe1  vListInsert                          
70093051  EDMA_getBaseAddr                     
70093131  dhcp_fine_tmr                        
70093211  EEPROM_open                          
70093281  I2C_init                             
700932f1  SemaphoreP_post                      
70093361  SOC_rcmGetR5Clock                    
700933d1  SOC_rcmIsR5FInLockStepMode           
700934b1  UART_lld_deInitDma                   
70093601  vApplicationLoadHook                 
70093671  vQueueWaitForMessageRestricted       
70093751  igmp_tmr                             
700937c1  memp_init_pool                       
70093831  sys_init                             
700938a1  tcp_close                            
70093911  tcp_rst                              
70093981  xgw_header_init                      
700939f1  UART_getChar                         
70093ab1  dhcp_supplied_address                
70093b71  SemaphoreP_constructMutex            
70093c31  gateway_notify_test_data_ready       
70093d51  raw_netif_ip_addr_changed            
70093db1  udp_netif_ip_addr_changed            
70093e11  Module_clockSetFrequency             
70093e71  UART_lld_deInit                      
70093ed1  ip_reass_tmr                         
70093f31  xTaskCreateStatic                    
70093f91  UART_lld_dmaDisableChannel           
70094111  memp_init                            
70094171  netif_get_by_index                   
70094291  UART_getHandle                       
700942f1  ip4_output_if                        
70094351  ip4_output_if_src                    
700943b1  tcp_free                             
700944d1  I2C_getHandle                        
700946b1  xgw_udp_init                         
70094711  DebugP_shmLogReaderTaskCreate        
70094771  EDMA_setPaRAM                        
70094884  __TI_auto_init_nobinit_nopinit       
700948e1  Dpl_init                             
70094941  I2C_lld_deInit                       
70094a01  xTaskCreate                          
70094a61  Board_eepromClose                    
70094ab1  Drivers_i2cClose                     
70094b01  Drivers_uartClose                    
70094b51  Pinmux_config                        
70094ba1  UART_checkCharsAvailInFifo           
70094bf1  acd_start                            
70094c41  crc32_core                           
70094c91  dns_setserver                        
70094ce1  memp_free                            
70094d31  memp_malloc                          
70094d80  rand                                 
70094dd1  EDMA_clrEvtRegion                    
70094e21  EDMA_disableDmaEvtRegion             
70094e71  EDMA_disableEvtIntrRegion            
70094ec1  EDMA_enableDmaEvtRegion              
70094f11  EDMA_enableEvtIntrRegion             
70094f61  EDMA_setEvtRegion                    
70094fb1  TaskP_loadUpdateAll                  
70095051  vQueueDelete                         
700950a1  EDMA_ccPaRAMEntry_init               
700950f1  EDMA_mapQdmaChToPaRAM                
70095141  EDMA_readEventStatusRegion           
70095191  IpcNotify_unregisterClient           
700951e1  Module_clockEnable                   
70095231  vTaskPlaceOnEventList                
70095281  IpcNotify_Params_init                
70095321  UART_getIntrIdentityStatus           
70095551  uxListRemove                         
700955a1  DebugP_uartLogWriterPutChar          
70095691  UART_readLineStatus                  
700956e1  pbuf_put_at                          
70095961  gateway_notify_commands_ready        
70095a51  etharp_acd_probe                     
70095af1  I2C_lld_transferIntr                 
70095b31  I2C_lld_transferPoll                 
70095bb1  ip_chksum_pseudo_partial             
70095cb1  UART_spaceAvail                      
70095d31  sys_timeouts_init                    
70095d71  udp_recv                             
70095db1  xgw_crc32_validate                   
70095df1  EEPROM_CAT24M_close                  
70095e71  UART_IsTxRxFifoEmpty                 
70095ef1  etharp_acd_announce                  
70095f31  lwip_init                            
70095fb1  sys_lock_tcpip_core                  
70095ff1  vPortTimerTickHandler                
70096031  SOC_moduleSetClockFrequency          
700960b1  igmp_report_groups                   
700960f1  ulTaskGetIdleRunTimeCounter          
70096131  vListInsertEnd                       
700961e8  CycleCounterP_getCount32             
700961f0  PmuP_setup                           
700961f8  PmuP_enableCounters                  
70096200  PmuP_disableCounters                 
70096208  PmuP_getOverflowStatus               
70096210  PmuP_clearOverflowStatus             
70096218  PmuP_setUserEnable                   
70096221  xTaskGetSchedulerState               
70096261  EDMA_getRegionId                     
700962a1  IpcNotify_syncCallback               
70096321  TimerP_Params_initPriv               
70096451  gateway_core0_finalize               
70096551  ClockP_timerTickIsr                  
700965d1  I2C_lld_Message_init                 
70096651  TimerP_getCountPriv                  
70096711  ip_chksum_pseudo                     
70096751  sys_unlock_tcpip_core                
70096791  vApplicationStackOverflowHook        
700967d1  xQueueCreateMutexStatic              
70096811  EEPROM_close                         
70096901  udp_new                              
70096931  UART_lld_dmaInit                     
700969f1  vListInitialise                      
70096a21  DebugP_logZoneEnable                 
70096ae1  gateway_core0_init                   
70096b11  icmp_time_exceeded                   
70096b41  pbuf_clen                            
70096ba1  tcp_seg_free                         
70096bd1  ulTaskGetRunTimeCounter              
70096c01  vApplicationGetIdleTaskMemory        
70096c31  vApplicationGetTimerTaskMemory       
70096c61  I2C_lld_Transaction_init             
70096cc1  UART_Transaction_init                
70096cf1  UART_intr2Disable                    
70096d21  UART_lld_Transaction_init            
70096d51  UART_operatingModeSelect             
70096db1  CSL_armR5GetCpuID                    
70096e71  pvPortMalloc                         
70096ea1  vprintf_                             
70096ed1  EDMA_disableQdmaEvtRegion            
70096f01  EDMA_enableQdmaEvtRegion             
70096f61  igmp_init                            
70096fc1  xQueueCreateMutex                    
70096ff1  xTaskGetTickCountFromISR             
70097051  I2C_Transaction_init                 
70097081  IpcNotify_allocSwQueue               
700970b1  IpcNotify_getConfig                  
70097164  __aeabi_uldivmod                     
700971f1  pvTaskIncrementMutexHeldCount        
70097221  tcp_segs_free                        
70097251  vTaskInternalSetTimeOutState         
70097281  xPortStartScheduler                  
700972b1  ClockP_getTicks                      
700972e1  EDMA_channelToParamMap               
70097311  SemaphoreP_destruct                  
70097371  tcp_free_ooseq                       
700973a1  tcp_tmr                              
700973d1  ClockP_usecToTicks                   
70097411  etharp_request                       
70097431  lwip_htonl                           
70097451  pbuf_skip                            
70097491  vPortFree                            
700974b1  EDMA_getEventStatusHigh              
70097511  SOC_getSelfCpuClk                    
70097531  SOC_moduleClockEnable                
70097571  UART_lld_Transaction_deInit          
700975b1  inet_chksum                          
700975d1  pbuf_chain                           
70097611  xTaskGetTickCount                    
70097631  Board_driversOpen                    
70097651  EDMA_getEventStatus                  
70097691  acd_stop                             
700976ac  strlen                               
700976d1  sys_now                              
700976f1  vPortYeildFromISR                    
7009770c  TI_memcpy_small                      
70097731  I2C_Params_init                      
70097791  ClockP_ticksToUsec                   
700977b1  EDMA_isInterruptEnabled              
70097871  IpcNotify_trigInterrupt              
70097891  TimerP_getReloadCountPriv            
700978f1  UART_putChar                         
70097911  tcp_init                             
70097931  udp_init                             
70097948  TI_memset_small                      
700979e1  IpcNotify_sendSync                   
70097a01  TimerP_isOverflowedPriv              
70097a21  TimerP_startPriv                     
70097a41  TimerP_stopPriv                      
70097aa1  pbuf_add_header                      
70097ac1  stats_init                           
70097ae1  vApplicationMallocFailedHook         
70097b01  DebugP_uartSetDrvIndex               
70097c21  TimerP_clearOverflowIntPriv          
70097c41  TimerP_setup                         
70097c61  putchar_                             
70097c81  xTaskGetCurrentTaskHandle            
70097cc1  Pinmux_init                          
70097ce1  sys_mark_tcpip_thread                
70097d01  tcp_abort                            
70097d21  tcp_trigger_input_pcb_close          
70097d41  uiPortGetRunTimeCounterValue         
70097d81  ClockP_getTimerCount                 
70097da1  ClockP_timerClearOverflowInt         
70097e01  TimerP_Params_init                   
70097e11  TimerP_clearOverflowInt              
70097e21  TimerP_getCount                      
70097e31  TimerP_getReloadCount                
70097e41  TimerP_isOverflowed                  
70097e51  TimerP_start                         
70097e60  __aeabi_memset                       
70097e60  __aeabi_memset4                      
70097e60  __aeabi_memset8                      
70097e81  lwip_htons                           
70097e91  vTaskSuspendAll                      
70097ea1  xgw_udp_is_initialized               
70097eb1  dns_init                             
70097ec1  mem_trim                             
70097ee1  vListInitialiseItem                  
70097ef1  vTaskMissedYield                     
70097f01  Drivers_open                         
70097f11  PowerClock_init                      
70097f21  dns_tmr                              
70097f31  uxTaskGetNumberOfTasks               
70097fb1  vApplicationIdleHook                 
70097fc1  Drivers_uartInit                     
70097ff1  TaskP_yield                          
70098001  Board_init                           
70098011  IpcNotify_wait                       
70098021  mem_init                             
70098031  netif_init                           
70098041  vPortConfigTimerForRunTimeStats      
70098051  vPortValidateInterruptPriority       
70098460  gCacheConfig                         
70098468  gMpuConfig                           
70098474  gMpuRegionConfig                     
70098ddc  memp_pools                           
700990d8  gADPLLJConfigTbl                     
70099334  lwip_cyclic_timers                   
7009a23c  I2C_defaultTransaction               
7009bddc  I2C_lld_defaultMessage               
7009becc  gPeripheralClkSrcInfoMap             
7009c634  memp_ALTCP_PCB                       
7009c648  memp_ARP_QUEUE                       
7009c65c  memp_FRAG_PBUF                       
7009c670  memp_IGMP_GROUP                      
7009c684  memp_NETBUF                          
7009c698  memp_NETCONN                         
7009c6ac  memp_NETDB                           
7009c6c0  memp_PBUF                            
7009c6d4  memp_PBUF_POOL                       
7009c6e8  memp_POOL_128                        
7009c6fc  memp_POOL_1568                       
7009c710  memp_POOL_4096                       
7009c724  memp_RAW_PCB                         
7009c738  memp_REASSDATA                       
7009c74c  memp_SYS_MBOX                        
7009c760  memp_SYS_TIMEOUT                     
7009c774  memp_TCPIP_MSG_API                   
7009c788  memp_TCPIP_MSG_INPKT                 
7009c79c  memp_TCP_PCB                         
7009c7b0  memp_TCP_PCB_LISTEN                  
7009c7c4  memp_TCP_SEG                         
7009c7d8  memp_UDP_PCB                         
7009ce04  tcp_pcb_lists                        
7009d34a  gCR5ClkSrcInfoMap                    
7009d34c  gXTALInfo                            
7009d393  ethbroadcast                         
7009d399  ethzero                              
7009d3d0  gCacheL1dCacheLineSize               
7009d3d4  gCacheL1pCacheLineSize               
7009d3d8  ip_addr_any                          
7009d3dc  ip_addr_broadcast                    
7009d421  HwiP_enableInt                       
7009d461  HwiP_disableInt                      
7009d4c1  HwiP_restoreInt                      
7009d4f1  HwiP_clearInt                        
7009d531  HwiP_post                            
7009d571  HwiP_Params_init                     
7009d5a1  HwiP_construct                       
7009d791  HwiP_destruct                        
7009d801  HwiP_init                            
7009d9b1  HwiP_inISR                           
7009d9e1  HwiP_setVimIrqPriMaskNonAtomic       
7009da31  HwiP_setVimIrqPriMaskAtomic          
7009dad1  HwiP_restoreVimIrqPriMask            
7009dae1  HwiP_irq_handler_c                   
7009dc81  HwiP_fiq_handler                     
7009ddf1  HwiP_reserved_handler                
7009de31  HwiP_undefined_handler_c             
7009de51  HwiP_user_undefined_handler_c        
7009de71  HwiP_prefetch_abort_handler_c        
7009df11  HwiP_user_prefetch_abort_handler_c   
7009df51  HwiP_data_abort_handler_c            
7009e011  HwiP_user_data_abort_handler_c       
7009e04c  vPortRestoreTaskContext              
7009e084  HwiP_svc_handler                     
7009e0f4  HwiP_irq_handler                     
7009e238  HwiP_data_abort_handler              
7009e27c  HwiP_prefetch_abort_handler          
7009e2c8  HwiP_undefined_handler               
7009e2f8  GET_DFSR                             
7009e300  GET_ADFSR                            
7009e308  GET_DFAR                             
7009e310  GET_IFSR                             
7009e318  GET_AIFSR                            
7009e320  GET_IFAR                             
7009e328  GET_SPSR                             
7009e33c  HwiP_disable                         
7009e34c  HwiP_disableFIQ                      
7009e35c  HwiP_enable                          
7009e36c  HwiP_enableFIQ                       
7009e37c  HwiP_restore                         
7009e384  HwiP_enableVIC                       
7009e394  HwiP_disableVIC                      
7009e3a4  HwiP_getCPSR                         
7009e3b0  CacheP_disableL1d                    
7009e3d8  CacheP_disableL1p                    
7009e3f0  CacheP_enableL1d                     
7009e408  CacheP_enableL1p                     
7009e420  CacheP_invL1d                        
7009e458  CacheP_invL1p                        
7009e494  CacheP_invL1dAll                     
7009e49c  CacheP_invL1pAll                     
7009e4a4  CacheP_wb                            
7009e4e0  CacheP_wbInv                         
7009e51c  CacheP_wbAll                         
7009e5c4  CacheP_wbInvAll                      
7009e5dc  CacheP_wbInvAllAsm                   
7009e67c  CacheP_getEnabled                    
7009e6b4  CacheP_getCacheLevelInfo             
7009e6c0  CacheP_configForceWrThru             
7009e6e0  CacheP_setDLFO                       
7009e6f1  CacheP_init                          
7009e781  CacheP_disable                       
7009e7d1  CacheP_enable                        
7009e811  CacheP_inv                           
7009e851  MpuP_getAttrs                        
7009e8b1  MpuP_RegionAttrs_init                
7009e8e1  MpuP_setRegion                       
7009e971  MpuP_isEnable                        
7009e981  MpuP_disable                         
7009e9c1  MpuP_enable                          
7009ea11  MpuP_init                            
7009eab1  MpuP_isUserAuthorizedToAccessMemory  
7009eb90  MpuP_disableAsm                      
7009eba8  MpuP_disableBRAsm                    
7009ebb8  MpuP_enableAsm                       
7009ebd0  MpuP_enableBRAsm                     
7009ebe0  MpuP_isEnableAsm                     
7009ebf4  MpuP_setRegionAsm                    
7009ec10  _c_int00_sbl                         
7009ec34  _c_int00                             
7009ed61  _DebugP_assertNoLog                  
7009ed91  _system_pre_init                     
7009edc1  __mpu_init                           
7009edd0  abort                                
7009edd8  gEdmaConfig                          
7009edd8  gUartDmaHandle                       
7009ef90  gIpcNotifyMailboxConfig              
7009f148  gUartParams                          
7009f1a0  gSocModulesClockFrequency            
7009f210  gClockConfig                         
7009f240  gIpcNotifyInterruptConfig_r5fss0_0   
7009f26c  gEepromFxns_CAT24M                   
7009f27c  gIpcNotifyCoreIntrBitPos             
7009f28c  gSocModules                          
7009f29c  gAddrTranslateConfig                 
7009f2a8  gEepromAttrs_CAT24M                  
7009f2b4  gEepromConfig                        
7009f2c0  gI2cParams                           
7009f2cc  gEepromParams                        
7009f2d4  gI2cConfig                           
7009f2e4  gUartConfig                          
7009f300  FreeRTOS_errno                       
7009f304  _lock                                
7009f308  _unlock                              
7009f314  gDebugLogZone                        
7009f318  gDebugP_uartDrvIndex                 
7009f31c  gEdmaConfigNum                       
7009f320  gEepromConfigNum                     
7009f324  gHwiConfig                           
7009f328  gI2cConfigNum                        
7009f32c  gIpcNotifyInterruptConfigNum_r5fss0_0
7009f330  gIpcTask                             
7009f334  gLogReaderTask                       
7009f338  gMainTask                            
7009f33c  gUartConfigNum                       
7009f340  gUartDmaChConfig                     
7009f344  gUdpRxTask                           
7009f348  gUdpTxTask                           
7009f368  pxCurrentTCB                         
7009f36c  ulPortInterruptNesting               
7009f370  ulPortSchedularRunning               
7009f374  ulPortTaskHasFPUContext              
7009f378  ulPortYieldRequired                  
7009f3bd  isMapAvailable                       
7009f3c8  __IRQ_STACK_START                    
7009f4c8  __FIQ_STACK_START                    
7009f4c8  __IRQ_STACK_END                      
7009f5c8  __FIQ_STACK_END                      
7009f5c8  __SVC_STACK_START                    
700a05c8  __ABORT_STACK_START                  
700a05c8  __SVC_STACK_END                      
700a06c8  __ABORT_STACK_END                    
700a06c8  __UNDEFINED_STACK_START              
700a07c8  __UNDEFINED_STACK_END                
701d0000  gGatewaySharedMem                    
701d4000  gDebugShmLog                         
ffffffff  __TI_pprof_out_hndl                  
ffffffff  __TI_prof_data_size                  
ffffffff  __TI_prof_data_start                 
ffffffff  __binit__                            
ffffffff  binit                                
UNDEFED   __TI_CINIT_Base                      
UNDEFED   __TI_CINIT_Limit                     
UNDEFED   __TI_Handler_Table_Base              
UNDEFED   __TI_Handler_Table_Limit             
UNDEFED   _system_post_cinit                   

[704 symbols]
