******************************************************************************
            TI ARM Clang Linker PC v4.0.4                      
******************************************************************************
>> Linked Mon Mar 23 11:07:45 2026

OUTPUT FILE NAME:   <ccu_ti_multi_core_freertos.out>
ENTRY POINT SYMBOL: "_vectors"  address: 00000000


MEMORY CONFIGURATION

         name            origin    length      used     unused   attr    fill
----------------------  --------  ---------  --------  --------  ----  --------
  R5F_VECS              00000000   00000040  00000040  00000000  RWIX
  R5F_TCMA              00000040   00007fc0  00000000  00007fc0  RWIX
  R5F_TCMB              00080000   00008000  00000000  00008000  RWIX
  MAILBOX_HSM           44000000   000003ce  00000000  000003ce  RWIX
  MAILBOX_R5F           44000400   000003ce  00000000  000003ce  RWIX
  FLASH                 60100000   00080000  00000000  00080000  RWIX
  SBL                   70000000   00040000  00000000  00040000  RWIX
  OCRAM                 70040000   00040000  00028d28  000172d8  RWIX
  USER_SHM_MEM          701d0000   00004000  000001c0  00003e40  RWIX
  LOG_SHM_MEM           701d4000   00004000  00002000  00002000  RWIX
  RTOS_NORTOS_IPC_SHM_M 72000000   00003e80  00000000  00003e80  RWIX


SEGMENT ALLOCATION MAP

run origin  load origin   length   init length attrs members
----------  ----------- ---------- ----------- ----- -------
00000000    00000000    00000040   00000040    r-x
  00000000    00000000    00000040   00000040    r-x .vectors
70040000    70040000    00014be0   00000000    rw-
  70040000    70040000    00008be0   00000000    rw- .bss
  70048be0    70048be0    00008000   00000000    rw- .sysmem
  70050be0    70050be0    00004000   00000000    rw- .stack
70054be0    70054be0    00012a18   00012a18    r-x
  70054be0    70054be0    0000f250   0000f250    r-x .text
  70063e30    70063e30    00001e10   00001e10    r-- .rodata
  70065c40    70065c40    00000f90   00000f90    r-x .text.hwi
  70066bd0    70066bd0    000004a0   000004a0    r-x .text.cache
  70067070    70067070    000003c0   000003c0    r-x .text.mpu
  70067430    70067430    000001c0   000001c0    r-x .text.boot
  700675f0    700675f0    00000008   00000008    r-x .text:abort
700675f8    700675f8    00001730   00000330    rw-
  700675f8    700675f8    00000330   00000330    rw- .data
  70067928    70067928    00000100   00000000    rw- .irqstack
  70067a28    70067a28    00000100   00000000    rw- .fiqstack
  70067b28    70067b28    00001000   00000000    rw- .svcstack
  70068b28    70068b28    00000100   00000000    rw- .abortstack
  70068c28    70068c28    00000100   00000000    rw- .undefinedstack


SECTION ALLOCATION MAP

 output                                  attributes/
section   page    origin      length       input sections
--------  ----  ----------  ----------   ----------------
.vectors   0    00000000    00000040     
                  00000000    00000040     freertos.am263px.r5f.ti-arm-clang.debug.lib : HwiP_armv7r_vectors_freertos_asm.obj (.vectors)

.bss       0    70040000    00008be0     UNINITIALIZED
                  70040000    00002000     main.o (.bss.gMainTaskStack)
                  70042000    00001000     freertos.am263px.r5f.ti-arm-clang.debug.lib : DebugP_shmLogReader_freertos.obj (.bss.gDebugShmLogReaderTaskStack)
                  70043000    00001000     main.o (.bss.gUdpRxTaskStack)
                  70044000    00001000     main.o (.bss.gUdpTxTaskStack)
                  70045000    00001000     freertos.am263px.r5f.ti-arm-clang.debug.lib : port.obj (.bss.uxIdleTaskStack)
                  70046000    0000080c     (.common:gHwiCtrl)
                  7004680c    00000014                                                 : timers.obj (.bss.xActiveTimerList1)
                  70046820    00000800     main.o (.bss.gIpcTaskStack)
                  70047020    00000800     log_reader_task.o (.bss.gLogReaderTaskStack)
                  70047820    00000400     freertos.am263px.r5f.ti-arm-clang.debug.lib : port.obj (.bss.uxTimerTaskStack)
                  70047c20    00000288     ti_drivers_config.o (.bss.gUartObjects)
                  70047ea8    00000280     freertos.am263px.r5f.ti-arm-clang.debug.lib : tasks.obj (.bss.pxReadyTasksLists)
                  70048128    00000100                                                 : timers.obj (.bss.prvCheckForValidListAndQueue.ucStaticTimerQueueStorage)
                  70048228    00000100     (.common:xQueueRegistry)
                  70048328    000000b8     (.common:gIpcNotifyCtrl)
                  700483e0    000000a0     (.common:gTaskP_ctrl)
                  70048480    00000098                                                 : DebugP_shmLogReader_freertos.obj (.bss.gDebugShmLogReaderTaskObj)
                  70048518    00000098     main.o (.bss.gIpcTaskObj)
                  700485b0    00000098     log_reader_task.o (.bss.gLogReaderTaskObj)
                  70048648    00000098     main.o (.bss.gMainTaskObj)
                  700486e0    00000098     main.o (.bss.gUdpRxTaskObj)
                  70048778    00000098     main.o (.bss.gUdpTxTaskObj)
                  70048810    00000098     freertos.am263px.r5f.ti-arm-clang.debug.lib : port.obj (.bss.xIdleTaskTCB)
                  700488a8    00000098                                                 : port.obj (.bss.xTimerTaskTCB)
                  70048940    00000094     (.common:gDebugShmLogReaderCtrl)
                  700489d4    00000058                                                 : DebugP_freertos.obj (.bss.gDebugLogLockObj)
                  70048a2c    00000050                                                 : timers.obj (.bss.prvCheckForValidListAndQueue.xStaticTimerQueue)
                  70048a7c    00000050     (.common:gRovDummyQueue)
                  70048acc    00000030     main.o (.bss.g_motor_states)
                  70048afc    00000004     freertos.am263px.r5f.ti-arm-clang.debug.lib : DebugP_shmLogReader_freertos.obj (.bss.gDebugShmLogReaderTask)
                  70048b00    00000018     (.common:gClockCtrl)
                  70048b18    00000014                                                 : timers.obj (.bss.xActiveTimerList2)
                  70048b2c    00000014                                                 : tasks.obj (.bss.xDelayedTaskList1)
                  70048b40    00000014                                                 : tasks.obj (.bss.xDelayedTaskList2)
                  70048b54    00000014                                                 : tasks.obj (.bss.xPendingReadyList)
                  70048b68    00000014                                                 : tasks.obj (.bss.xSuspendedTaskList)
                  70048b7c    00000014                                                 : tasks.obj (.bss.xTasksWaitingTermination)
                  70048b90    00000010     (.common:virtToPhymap)
                  70048ba0    00000004                                                 : HwiP_armv7r_handlers_freertos.obj (.bss.gdummy)
                  70048ba4    00000004                                                 : HwiP_armv7r_vim.obj (.bss.gdummy)
                  70048ba8    00000004                                                 : timers.obj (.bss.pxCurrentTimerList)
                  70048bac    00000004                                                 : tasks.obj (.bss.pxDelayedTaskList)
                  70048bb0    00000004                                                 : tasks.obj (.bss.pxOverflowDelayedTaskList)
                  70048bb4    00000004                                                 : timers.obj (.bss.pxOverflowTimerList)
                  70048bb8    00000004     libc.a : memory.c.obj (.bss.sys_free)
                  70048bbc    00000004     freertos.am263px.r5f.ti-arm-clang.debug.lib : tasks.obj (.bss.xIdleTaskHandles)
                  70048bc0    00000004     (.common:gUartHandle)
                  70048bc4    0000001c     --HOLE--

.sysmem    0    70048be0    00008000     UNINITIALIZED
                  70048be0    00000010     libc.a : memory.c.obj (.sysmem)
                  70048bf0    00007ff0     --HOLE--

.stack     0    70050be0    00004000     UNINITIALIZED
                  70050be0    00000004     freertos.am263px.r5f.ti-arm-clang.debug.lib : boot_armv7r_asm.obj (.stack)
                  70050be4    00003ffc     --HOLE--

.text      0    70054be0    0000f250     
                  70054be0    00000a34     freertos.am263px.r5f.ti-arm-clang.debug.lib : printf.obj (.text._vsnprintf)
                  70055614    0000000c     libclang_rt.builtins.a : aeabi_memset.S.obj (.text.__aeabi_memclr)
                  70055620    00000678     drivers.am263px.r5f.ti-arm-clang.freertos.debug.lib : soc_rcm.obj (.text.SOC_rcmGetClkSrcAndDivReg)
                  70055c98    00000008     libsysbm.a : hostexit.c.obj (.text.HOSTexit)
                  70055ca0    00000638     drivers.am263px.r5f.ti-arm-clang.freertos.debug.lib : soc_rcm.obj (.text.SOC_rcmEnablePeripheralClock)
                  700562d8    00000004     libclang_rt.builtins.a : aeabi_div0.c.obj (.text.__aeabi_ldiv0)
                  700562dc    00000004                            : aeabi_memcpy.S.obj (.text.__aeabi_memcpy)
                  700562e0    000005e2     freertos.am263px.r5f.ti-arm-clang.debug.lib : printf.obj (.text._ftoa)
                  700568c2    00000002     --HOLE-- [fill = 0]
                  700568c4    0000000c                                                 : CpuId_armv7r_asm.obj (.text)
                  700568d0    000004b0                                                 : printf.obj (.text._etoa)
                  70056d80    00000404     drivers.am263px.r5f.ti-arm-clang.freertos.debug.lib : uart_v0.obj (.text.UART_open)
                  70057184    00000004     libc.a : _lock.c.obj (.text._nop)
                  70057188    00000008     --HOLE-- [fill = 0]
                  70057190    000003dc     drivers.am263px.r5f.ti-arm-clang.freertos.debug.lib : ipc_notify_v1.obj (.text.IpcNotify_init)
                  7005756c    00000004     --HOLE-- [fill = 0]
                  70057570    00000302                                                         : soc.obj (.text.SOC_virtToPhy)
                  70057872    0000000e     --HOLE-- [fill = 0]
                  70057880    0000027e                                                         : uart_dma_edma.obj (.text.UART_edmaChInit)
                  70057afe    00000002     --HOLE-- [fill = 0]
                  70057b00    00000266     freertos.am263px.r5f.ti-arm-clang.debug.lib : tasks.obj (.text.xTaskIncrementTick)
                  70057d66    0000000a     --HOLE-- [fill = 0]
                  70057d70    0000025a                                                 : tasks.obj (.text.xTaskResumeAll)
                  70057fca    00000006     --HOLE-- [fill = 0]
                  70057fd0    00000250     drivers.am263px.r5f.ti-arm-clang.freertos.debug.lib : edma.obj (.text.Alloc_resource)
                  70058220    00000242                                                         : uart_v0_lld.obj (.text.UART_fifoConfig)
                  70058462    0000000e     --HOLE-- [fill = 0]
                  70058470    0000023e     freertos.am263px.r5f.ti-arm-clang.debug.lib : printf.obj (.text._ntoa_format)
                  700586ae    00000002     --HOLE-- [fill = 0]
                  700586b0    0000023c     main.o (.text.ipc_process_task)
                  700588ec    00000004     --HOLE-- [fill = 0]
                  700588f0    00000226     drivers.am263px.r5f.ti-arm-clang.freertos.debug.lib : uart_dma_edma.obj (.text.UART_lld_dmaDeInit)
                  70058b16    0000000a     --HOLE-- [fill = 0]
                  70058b20    00000222                                                         : ipc_notify_v1.obj (.text.IpcNotify_isr)
                  70058d42    0000000e     --HOLE-- [fill = 0]
                  70058d50    00000220     freertos.am263px.r5f.ti-arm-clang.debug.lib : tasks.obj (.text.vTaskGenericNotifyGiveFromISR)
                  70058f70    00000220                                                 : queue.obj (.text.xQueueGenericSend)
                  70059190    0000020a                                                 : queue.obj (.text.xQueueSemaphoreTake)
                  7005939a    00000006     --HOLE-- [fill = 0]
                  700593a0    000001d8                                                 : queue.obj (.text.xQueueReceive)
                  70059578    00000008     --HOLE-- [fill = 0]
                  70059580    000001d6                                                 : TimerP_rti_priv.obj (.text.TimerP_setupPriv)
                  70059756    0000000a     --HOLE-- [fill = 0]
                  70059760    000001bc                                                 : tasks.obj (.text.xTaskRemoveFromEventList)
                  7005991c    00000004     --HOLE-- [fill = 0]
                  70059920    000001ac     drivers.am263px.r5f.ti-arm-clang.freertos.debug.lib : uart_v0.obj (.text.UART_close)
                  70059acc    00000004     --HOLE-- [fill = 0]
                  70059ad0    000001aa                                                         : uart_dma_edma.obj (.text.UART_lld_dmaWrite)
                  70059c7a    00000002     --HOLE-- [fill = 0]
                  70059c7c    000001a8     libc.a : memory.c.obj (.text.free)
                  70059e24    0000000c     --HOLE-- [fill = 0]
                  70059e30    000001a4     freertos.am263px.r5f.ti-arm-clang.debug.lib : timers.obj (.text.prvProcessReceivedCommands)
                  70059fd4    0000000c     --HOLE-- [fill = 0]
                  70059fe0    000001a0     drivers.am263px.r5f.ti-arm-clang.freertos.debug.lib : uart_v0.obj (.text.UART_write)
                  7005a180    000001a0     freertos.am263px.r5f.ti-arm-clang.debug.lib : tasks.obj (.text.vTaskSwitchContext)
                  7005a320    0000019a     main.o (.text.freertos_main)
                  7005a4ba    00000006     --HOLE-- [fill = 0]
                  7005a4c0    0000019a     freertos.am263px.r5f.ti-arm-clang.debug.lib : tasks.obj (.text.vTaskPriorityDisinheritAfterTimeout)
                  7005a65a    00000006     --HOLE-- [fill = 0]
                  7005a660    00000198     drivers.am263px.r5f.ti-arm-clang.freertos.debug.lib : uart_v0_lld.obj (.text.UART_lld_controllerIsr)
                  7005a7f8    00000008     --HOLE-- [fill = 0]
                  7005a800    00000188     freertos.am263px.r5f.ti-arm-clang.debug.lib : ClockP_freertos_r5.obj (.text.ClockP_init)
                  7005a988    00000008     --HOLE-- [fill = 0]
                  7005a990    00000180     main.o (.text.core0_init)
                  7005ab10    00000178     freertos.am263px.r5f.ti-arm-clang.debug.lib : DebugP_shmLogReader.obj (.text.DebugP_shmLogReaderGetString)
                  7005ac88    00000008     --HOLE-- [fill = 0]
                  7005ac90    00000170                                                 : queue.obj (.text.xQueueGiveFromISR)
                  7005ae00    00000162     drivers.am263px.r5f.ti-arm-clang.freertos.debug.lib : edma.obj (.text.EDMA_unregisterIntr)
                  7005af62    0000000e     --HOLE-- [fill = 0]
                  7005af70    0000015c     freertos.am263px.r5f.ti-arm-clang.debug.lib : tasks.obj (.text.prvAddNewTaskToReadyList)
                  7005b0cc    00000004     --HOLE-- [fill = 0]
                  7005b0d0    0000015c                                                 : tasks.obj (.text.xTaskPriorityInherit)
                  7005b22c    00000004     --HOLE-- [fill = 0]
                  7005b230    00000158     drivers.am263px.r5f.ti-arm-clang.freertos.debug.lib : soc.obj (.text.SOC_controlModuleUnlockMMR)
                  7005b388    00000008     --HOLE-- [fill = 0]
                  7005b390    00000152                                                         : uart_v0_lld.obj (.text.UART_lld_initDma)
                  7005b4e2    0000000e     --HOLE-- [fill = 0]
                  7005b4f0    0000014e     freertos.am263px.r5f.ti-arm-clang.debug.lib : tasks.obj (.text.xTaskPriorityDisinherit)
                  7005b63e    00000002     --HOLE-- [fill = 0]
                  7005b640    0000014c                                                 : queue.obj (.text.xQueueReceiveFromISR)
                  7005b78c    00000004     --HOLE-- [fill = 0]
                  7005b790    00000144                                                 : tasks.obj (.text.prvInitialiseNewTask)
                  7005b8d4    0000000c     --HOLE-- [fill = 0]
                  7005b8e0    0000013a     drivers.am263px.r5f.ti-arm-clang.freertos.debug.lib : edma.obj (.text.EDMA_isDmaChannelAllocated)
                  7005ba1a    00000006     --HOLE-- [fill = 0]
                  7005ba20    00000138     freertos.am263px.r5f.ti-arm-clang.debug.lib : printf.obj (.text._ntoa_long_long)
                  7005bb58    00000008     --HOLE-- [fill = 0]
                  7005bb60    00000136     drivers.am263px.r5f.ti-arm-clang.freertos.debug.lib : uart_v0_lld.obj (.text.UART_procLineStatusErr)
                  7005bc96    0000000a     --HOLE-- [fill = 0]
                  7005bca0    00000134                                                         : edma.obj (.text.EDMA_registerIntr)
                  7005bdd4    0000000c     --HOLE-- [fill = 0]
                  7005bde0    00000134                                                         : uart_v0_lld.obj (.text.UART_writePolling)
                  7005bf14    0000000c     --HOLE-- [fill = 0]
                  7005bf20    00000134     freertos.am263px.r5f.ti-arm-clang.debug.lib : tasks.obj (.text.vTaskDelete)
                  7005c054    0000000c     --HOLE-- [fill = 0]
                  7005c060    0000012c     drivers.am263px.r5f.ti-arm-clang.freertos.debug.lib : uart_v0_lld.obj (.text.UART_lld_init)
                  7005c18c    00000004     --HOLE-- [fill = 0]
                  7005c190    0000012c     freertos.am263px.r5f.ti-arm-clang.debug.lib : tasks.obj (.text.ulTaskGenericNotifyTake)
                  7005c2bc    00000004     --HOLE-- [fill = 0]
                  7005c2c0    00000128                                                 : port.obj (.text.pxPortInitialiseStack)
                  7005c3e8    00000008     --HOLE-- [fill = 0]
                  7005c3f0    00000126     drivers.am263px.r5f.ti-arm-clang.freertos.debug.lib : soc.obj (.text.SOC_controlModuleLockMMR)
                  7005c516    0000000a     --HOLE-- [fill = 0]
                  7005c520    00000120                                                         : soc_rcm.obj (.text.SOC_rcmGetPeripheralClockFrequency)
                  7005c640    0000011e     freertos.am263px.r5f.ti-arm-clang.debug.lib : tasks.obj (.text.xTaskDelayUntil)
                  7005c75e    00000002     --HOLE-- [fill = 0]
                  7005c760    0000011c     drivers.am263px.r5f.ti-arm-clang.freertos.debug.lib : uart_dma_edma.obj (.text.UART_lld_dmaRead)
                  7005c87c    00000118     libclang_rt.builtins.a : udivmoddi4.S.obj (.text)
                  7005c994    0000000c     --HOLE-- [fill = 0]
                  7005c9a0    00000116     drivers.am263px.r5f.ti-arm-clang.freertos.debug.lib : edma.obj (.text.EDMA_isTccAllocated)
                  7005cab6    0000000a     --HOLE-- [fill = 0]
                  7005cac0    00000116                                                         : uart_v0_lld.obj (.text.UART_divisorLatchWrite)
                  7005cbd6    0000000a     --HOLE-- [fill = 0]
                  7005cbe0    00000114     freertos.am263px.r5f.ti-arm-clang.debug.lib : printf.obj (.text._ntoa_long)
                  7005ccf4    0000000c     --HOLE-- [fill = 0]
                  7005cd00    00000110                                                 : DebugP_shmLogReader.obj (.text.DebugP_shmLogRead)
                  7005ce10    00000110                                                 : DebugP_shmLogReader.obj (.text.DebugP_shmLogReaderTaskMain)
                  7005cf20    0000010e     drivers.am263px.r5f.ti-arm-clang.freertos.debug.lib : soc_rcm.obj (.text.SOC_rcmADPLLJGetFOut)
                  7005d02e    00000002     --HOLE-- [fill = 0]
                  7005d030    0000010e     freertos.am263px.r5f.ti-arm-clang.debug.lib : queue.obj (.text.xQueueGenericReset)
                  7005d13e    00000002     --HOLE-- [fill = 0]
                  7005d140    0000010a     drivers.am263px.r5f.ti-arm-clang.freertos.debug.lib : ipc_notify_v1.obj (.text.IpcNotify_sendMsg)
                  7005d24a    00000006     --HOLE-- [fill = 0]
                  7005d250    00000106     freertos.am263px.r5f.ti-arm-clang.debug.lib : tasks.obj (.text.prvAddCurrentTaskToDelayedList)
                  7005d356    0000000a     --HOLE-- [fill = 0]
                  7005d360    00000104     drivers.am263px.r5f.ti-arm-clang.freertos.debug.lib : uart_v0_lld.obj (.text.UART_configInstance)
                  7005d464    0000000c     --HOLE-- [fill = 0]
                  7005d470    000000f4     freertos.am263px.r5f.ti-arm-clang.debug.lib : tasks.obj (.text.prvCreateStaticTask)
                  7005d564    0000000c     --HOLE-- [fill = 0]
                  7005d570    000000ec                                                 : queue.obj (.text.xQueueGenericCreateStatic)
                  7005d65c    00000004     --HOLE-- [fill = 0]
                  7005d660    000000e6     drivers.am263px.r5f.ti-arm-clang.freertos.debug.lib : soc_rcm.obj (.text.SOC_rcmGetCoreFout)
                  7005d746    0000000a     --HOLE-- [fill = 0]
                  7005d750    000000e6                                                         : soc_rcm.obj (.text.SOC_rcmGetPerFout)
                  7005d836    0000000a     --HOLE-- [fill = 0]
                  7005d840    000000e4                                                         : edma.obj (.text.EDMA_freeChannelRegion)
                  7005d924    0000000c     --HOLE-- [fill = 0]
                  7005d930    000000e2                                                         : edma.obj (.text.EDMA_freeParam)
                  7005da12    0000000e     --HOLE-- [fill = 0]
                  7005da20    000000e0                                                         : edma.obj (.text.EDMA_freeDmaChannel)
                  7005db00    000000e0                                                         : edma.obj (.text.EDMA_freeTcc)
                  7005dbe0    000000e0     freertos.am263px.r5f.ti-arm-clang.debug.lib : tasks.obj (.text.xTaskCheckForTimeOut)
                  7005dcc0    000000de     drivers.am263px.r5f.ti-arm-clang.freertos.debug.lib : uart_v0_lld.obj (.text.UART_intrEnable)
                  7005dd9e    00000002     --HOLE-- [fill = 0]
                  7005dda0    000000da                                                         : uart_v0_lld.obj (.text.UART_intrDisable)
                  7005de7a    00000006     --HOLE-- [fill = 0]
                  7005de80    000000d2                                                         : uart_v0_lld.obj (.text.UART_lld_write)
                  7005df52    0000000e     --HOLE-- [fill = 0]
                  7005df60    000000d0     freertos.am263px.r5f.ti-arm-clang.debug.lib : AddrTranslateP_32bit.obj (.text.AddrTranslateP_getLocalAddr)
                  7005e030    000000ce     drivers.am263px.r5f.ti-arm-clang.freertos.debug.lib : edma.obj (.text.EDMA_disableChInShadowRegRegion)
                  7005e0fe    00000002     --HOLE-- [fill = 0]
                  7005e100    000000ce                                                         : uart_v0_lld.obj (.text.UART_lld_writeDma)
                  7005e1ce    00000002     --HOLE-- [fill = 0]
                  7005e1d0    000000cc                                                         : edma.obj (.text.EDMA_enableChInShadowRegRegion)
                  7005e29c    00000004     --HOLE-- [fill = 0]
                  7005e2a0    000000cc     freertos.am263px.r5f.ti-arm-clang.debug.lib : queue.obj (.text.prvCopyDataToQueue)
                  7005e36c    00000004     --HOLE-- [fill = 0]
                  7005e370    000000ca                                                 : ClockP_freertos.obj (.text.ClockP_getTimeUsec)
                  7005e43a    00000006     --HOLE-- [fill = 0]
                  7005e440    000000c8                                                 : tasks.obj (.text.prvCreateIdleTasks)
                  7005e508    00000008     --HOLE-- [fill = 0]
                  7005e510    000000c6     drivers.am263px.r5f.ti-arm-clang.freertos.debug.lib : uart_v0_lld.obj (.text.UART_lld_writeIntr)
                  7005e5d6    0000000a     --HOLE-- [fill = 0]
                  7005e5e0    000000c4                                                         : edma.obj (.text.EDMA_mapChToEvtQ)
                  7005e6a4    0000000c     --HOLE-- [fill = 0]
                  7005e6b0    000000c2     gateway_shared.o (.text.gateway_core0_ipc_callback)
                  7005e772    0000000e     --HOLE-- [fill = 0]
                  7005e780    000000c2     freertos.am263px.r5f.ti-arm-clang.debug.lib : queue.obj (.text.vQueueAddToRegistry)
                  7005e842    0000000e     --HOLE-- [fill = 0]
                  7005e850    000000c0     drivers.am263px.r5f.ti-arm-clang.freertos.debug.lib : edma.obj (.text.EDMA_configureChannelRegion)
                  7005e910    000000c0                                                         : soc_rcm.obj (.text.SOC_rcmGetPerHSDivOut)
                  7005e9d0    000000c0                                                         : uart_v0.obj (.text.UART_flushTxFifo)
                  7005ea90    000000c0     freertos.am263px.r5f.ti-arm-clang.debug.lib : printf.obj (.text._out_rev)
                  7005eb50    000000ba     drivers.am263px.r5f.ti-arm-clang.freertos.debug.lib : ipc_notify_v1.obj (.text.IpcNotify_waitSync)
                  7005ec0a    00000006     --HOLE-- [fill = 0]
                  7005ec10    000000ba     freertos.am263px.r5f.ti-arm-clang.debug.lib : PmuP_armv7r.obj (.text.pmu)
                  7005ecca    00000006     --HOLE-- [fill = 0]
                  7005ecd0    000000b6     drivers.am263px.r5f.ti-arm-clang.freertos.debug.lib : uart_v0_lld.obj (.text.UART_fifoWrite)
                  7005ed86    0000000a     --HOLE-- [fill = 0]
                  7005ed90    000000b0                                                         : soc_rcm.obj (.text.SOC_rcmSetPeripheralClock)
                  7005ee40    000000b0                                                         : uart_v0.obj (.text.UART_init)
                  7005eef0    000000ae     main.o (.text.ipc_notify_callback_fxn)
                  7005ef9e    00000002     --HOLE-- [fill = 0]
                  7005efa0    000000ae     freertos.am263px.r5f.ti-arm-clang.debug.lib : queue.obj (.text.prvUnlockQueue)
                  7005f04e    00000002     --HOLE-- [fill = 0]
                  7005f050    000000ae                                                 : tasks.obj (.text.vTaskExitCritical)
                  7005f0fe    00000002     --HOLE-- [fill = 0]
                  7005f100    000000a8     ti_drivers_open_close.o (.text.Drivers_uartOpen)
                  7005f1a8    00000008     --HOLE-- [fill = 0]
                  7005f1b0    000000a2     freertos.am263px.r5f.ti-arm-clang.debug.lib : timers.obj (.text.prvCheckForValidListAndQueue)
                  7005f252    0000000e     --HOLE-- [fill = 0]
                  7005f260    000000a0     drivers.am263px.r5f.ti-arm-clang.freertos.debug.lib : soc_rcm.obj (.text.SOC_rcmGetCoreHSDivOut)
                  7005f300    0000009e     freertos.am263px.r5f.ti-arm-clang.debug.lib : timers.obj (.text.xTimerCreateTimerTask)
                  7005f39e    00000002     --HOLE-- [fill = 0]
                  7005f3a0    0000009c     gateway_shared.o (.text.gateway_read_motor_states)
                  7005f43c    00000004     --HOLE-- [fill = 0]
                  7005f440    00000098     drivers.am263px.r5f.ti-arm-clang.freertos.debug.lib : ipc_notify_v1.obj (.text.IpcNotify_registerClient)
                  7005f4d8    00000008     --HOLE-- [fill = 0]
                  7005f4e0    00000096                                                         : uart_v0_lld.obj (.text.UART_subConfigTCRTLRModeEn)
                  7005f576    0000000a     --HOLE-- [fill = 0]
                  7005f580    00000094     freertos.am263px.r5f.ti-arm-clang.debug.lib : tasks.obj (.text.vTaskStartScheduler)
                  7005f614    0000000c     --HOLE-- [fill = 0]
                  7005f620    00000092     drivers.am263px.r5f.ti-arm-clang.freertos.debug.lib : edma.obj (.text.EDMA_unmapChToEvtQ)
                  7005f6b2    0000000e     --HOLE-- [fill = 0]
                  7005f6c0    00000092     freertos.am263px.r5f.ti-arm-clang.debug.lib : DebugP_freertos.obj (.text._DebugP_logZone)
                  7005f752    0000000e     --HOLE-- [fill = 0]
                  7005f760    0000008e     main.o (.text.main)
                  7005f7ee    00000002     --HOLE-- [fill = 0]
                  7005f7f0    0000008e     freertos.am263px.r5f.ti-arm-clang.debug.lib : tasks.obj (.text.prvInitialiseTaskLists)
                  7005f87e    00000002     --HOLE-- [fill = 0]
                  7005f880    0000008c     drivers.am263px.r5f.ti-arm-clang.freertos.debug.lib : edma.obj (.text.EDMA_disableTransferRegion)
                  7005f90c    00000004     --HOLE-- [fill = 0]
                  7005f910    0000008c                                                         : edma.obj (.text.EDMA_enableTransferRegion)
                  7005f99c    00000004     --HOLE-- [fill = 0]
                  7005f9a0    0000008c     freertos.am263px.r5f.ti-arm-clang.debug.lib : SemaphoreP_freertos.obj (.text.SemaphoreP_pend)
                  7005fa2c    00000004     --HOLE-- [fill = 0]
                  7005fa30    0000008c     drivers.am263px.r5f.ti-arm-clang.freertos.debug.lib : uart_v0_lld.obj (.text.UART_writeCancelNoCB)
                  7005fabc    00000004     --HOLE-- [fill = 0]
                  7005fac0    0000008a     freertos.am263px.r5f.ti-arm-clang.debug.lib : tasks.obj (.text.vTaskPlaceOnEventListRestricted)
                  7005fb4a    00000006     --HOLE-- [fill = 0]
                  7005fb50    00000088     drivers.am263px.r5f.ti-arm-clang.freertos.debug.lib : uart_dma_edma.obj (.text.UART_edmaIsrRx)
                  7005fbd8    00000008     --HOLE-- [fill = 0]
                  7005fbe0    00000088                                                         : uart_dma_edma.obj (.text.UART_edmaIsrTx)
                  7005fc68    00000008     --HOLE-- [fill = 0]
                  7005fc70    00000088     gateway_shared.o (.text.gateway_write_test_data)
                  7005fcf8    00000008     --HOLE-- [fill = 0]
                  7005fd00    00000086     drivers.am263px.r5f.ti-arm-clang.freertos.debug.lib : uart_v0_lld.obj (.text.UART_lld_flushTxFifo)
                  7005fd86    0000000a     --HOLE-- [fill = 0]
                  7005fd90    00000086                                                         : uart_v0_lld.obj (.text.UART_tcrTlrBitValRestore)
                  7005fe16    0000000a     --HOLE-- [fill = 0]
                  7005fe20    00000086     freertos.am263px.r5f.ti-arm-clang.debug.lib : timers.obj (.text.prvInsertTimerInActiveList)
                  7005fea6    0000000a     --HOLE-- [fill = 0]
                  7005feb0    00000086                                                 : timers.obj (.text.prvProcessTimerOrBlockTask)
                  7005ff36    0000000a     --HOLE-- [fill = 0]
                  7005ff40    00000082     drivers.am263px.r5f.ti-arm-clang.freertos.debug.lib : edma.obj (.text.EDMA_allocDmaChannel)
                  7005ffc2    0000000e     --HOLE-- [fill = 0]
                  7005ffd0    00000082                                                         : edma.obj (.text.EDMA_allocParam)
                  70060052    0000000e     --HOLE-- [fill = 0]
                  70060060    00000082                                                         : edma.obj (.text.EDMA_allocTcc)
                  700600e2    0000000e     --HOLE-- [fill = 0]
                  700600f0    00000082                                                         : edma.obj (.text.EDMA_disableTccInShadowRegRegion)
                  70060172    0000000e     --HOLE-- [fill = 0]
                  70060180    00000082                                                         : edma.obj (.text.EDMA_enableTccInShadowRegRegion)
                  70060202    0000000e     --HOLE-- [fill = 0]
                  70060210    00000082                                                         : ipc_notify_v1.obj (.text.IpcNotify_syncAll)
                  70060292    0000000e     --HOLE-- [fill = 0]
                  700602a0    00000080     freertos.am263px.r5f.ti-arm-clang.debug.lib : SemaphoreP_freertos.obj (.text.SemaphoreP_constructBinary)
                  70060320    00000080     drivers.am263px.r5f.ti-arm-clang.freertos.debug.lib : uart_v0_lld.obj (.text.UART_moduleReset)
                  700603a0    0000007e                                                         : uart_v0_lld.obj (.text.UART_readData)
                  7006041e    00000002     --HOLE-- [fill = 0]
                  70060420    0000007e     gateway_shared.o (.text.gateway_read_test_data)
                  7006049e    00000002     --HOLE-- [fill = 0]
                  700604a0    0000007c     freertos.am263px.r5f.ti-arm-clang.debug.lib : DebugP_log.obj (.text._DebugP_assert)
                  7006051c    00000004     --HOLE-- [fill = 0]
                  70060520    0000007c                                                 : queue.obj (.text.vQueueUnregisterQueue)
                  7006059c    00000004     --HOLE-- [fill = 0]
                  700605a0    0000007a     drivers.am263px.r5f.ti-arm-clang.freertos.debug.lib : ipc_notify_v1.obj (.text.IpcNotify_mailboxWrite)
                  7006061a    00000006     --HOLE-- [fill = 0]
                  70060620    0000007a                                                         : uart_v0.obj (.text.UART_Params_init)
                  7006069a    00000006     --HOLE-- [fill = 0]
                  700606a0    00000078                                                         : edma.obj (.text.EDMA_linkChannel)
                  70060718    00000008     --HOLE-- [fill = 0]
                  70060720    00000078     freertos.am263px.r5f.ti-arm-clang.debug.lib : queue.obj (.text.xQueueTakeMutexRecursive)
                  70060798    00000008     --HOLE-- [fill = 0]
                  700607a0    00000076     ti_drivers_config.o (.text.System_init)
                  70060816    0000000a     --HOLE-- [fill = 0]
                  70060820    00000076     freertos.am263px.r5f.ti-arm-clang.debug.lib : queue.obj (.text.xQueueGiveMutexRecursive)
                  70060896    0000000a     --HOLE-- [fill = 0]
                  700608a0    00000074                                                 : ClockP_freertos.obj (.text.ClockP_usleep)
                  70060914    0000000c     --HOLE-- [fill = 0]
                  70060920    00000074     drivers.am263px.r5f.ti-arm-clang.freertos.debug.lib : uart_v0_lld.obj (.text.UART_IsBaseAddrValid)
                  70060994    0000000c     --HOLE-- [fill = 0]
                  700609a0    00000072                                                         : edma.obj (.text.EDMA_clrMissEvtRegion)
                  70060a12    0000000e     --HOLE-- [fill = 0]
                  70060a20    00000072                                                         : ipc_notify_v1.obj (.text.IpcNotify_makeMsg)
                  70060a92    0000000e     --HOLE-- [fill = 0]
                  70060aa0    0000006e     freertos.am263px.r5f.ti-arm-clang.debug.lib : tasks.obj (.text.prvDeleteTCB)
                  70060b0e    00000002     --HOLE-- [fill = 0]
                  70060b10    0000006c                                                 : DebugP_shmLogReader.obj (.text.DebugP_shmLogReaderInit)
                  70060b7c    00000004     --HOLE-- [fill = 0]
                  70060b80    0000006c     log_reader_task.o (.text.log_reader_task_create)
                  70060bec    00000004     --HOLE-- [fill = 0]
                  70060bf0    0000006c     freertos.am263px.r5f.ti-arm-clang.debug.lib : tasks.obj (.text.vTaskDelay)
                  70060c5c    00000004     --HOLE-- [fill = 0]
                  70060c60    0000006c                                                 : tasks.obj (.text.vTaskEnterCritical)
                  70060ccc    00000004     --HOLE-- [fill = 0]
                  70060cd0    0000006a     drivers.am263px.r5f.ti-arm-clang.freertos.debug.lib : ipc_notify_v1.obj (.text.IpcNotify_mailboxReadSwQ)
                  70060d3a    00000006     --HOLE-- [fill = 0]
                  70060d40    0000006a     freertos.am263px.r5f.ti-arm-clang.debug.lib : list.obj (.text.vListInsert)
                  70060daa    00000006     --HOLE-- [fill = 0]
                  70060db0    00000068     drivers.am263px.r5f.ti-arm-clang.freertos.debug.lib : edma.obj (.text.EDMA_getBaseAddr)
                  70060e18    00000008     --HOLE-- [fill = 0]
                  70060e20    00000068                                                         : uart_v0_lld.obj (.text.UART_divisorValCompute)
                  70060e88    00000008     --HOLE-- [fill = 0]
                  70060e90    00000066     freertos.am263px.r5f.ti-arm-clang.debug.lib : SemaphoreP_freertos.obj (.text.SemaphoreP_post)
                  70060ef6    0000000a     --HOLE-- [fill = 0]
                  70060f00    00000064     drivers.am263px.r5f.ti-arm-clang.freertos.debug.lib : soc_rcm.obj (.text.SOC_rcmGetR5Clock)
                  70060f64    0000000c     --HOLE-- [fill = 0]
                  70060f70    00000064                                                         : soc_rcm.obj (.text.SOC_rcmIsR5FInLockStepMode)
                  70060fd4    0000000c     --HOLE-- [fill = 0]
                  70060fe0    00000064                                                         : uart_v0_lld.obj (.text.UART_fifoRegisterWrite)
                  70061044    0000000c     --HOLE-- [fill = 0]
                  70061050    00000064                                                         : uart_v0_lld.obj (.text.UART_lld_deInitDma)
                  700610b4    0000000c     --HOLE-- [fill = 0]
                  700610c0    00000064     freertos.am263px.r5f.ti-arm-clang.debug.lib : TaskP_freertos.obj (.text.vApplicationLoadHook)
                  70061124    0000000c     --HOLE-- [fill = 0]
                  70061130    00000064                                                 : queue.obj (.text.vQueueWaitForMessageRestricted)
                  70061194    0000000c     --HOLE-- [fill = 0]
                  700611a0    00000062     drivers.am263px.r5f.ti-arm-clang.freertos.debug.lib : soc_rcm.obj (.text.SOC_rcmInsert16)
                  70061202    0000000e     --HOLE-- [fill = 0]
                  70061210    00000060                                                         : uart_v0_lld.obj (.text.UART_getChar)
                  70061270    00000060                                                         : uart_v0_lld.obj (.text.UART_writeData)
                  700612d0    0000005e     freertos.am263px.r5f.ti-arm-clang.debug.lib : SemaphoreP_freertos.obj (.text.SemaphoreP_constructMutex)
                  7006132e    00000002     --HOLE-- [fill = 0]
                  70061330    0000005e     gateway_shared.o (.text.gateway_notify_test_data_ready)
                  7006138e    00000002     --HOLE-- [fill = 0]
                  70061390    0000005c     ti_power_clock_config.o (.text.Module_clockSetFrequency)
                  700613ec    00000004     --HOLE-- [fill = 0]
                  700613f0    0000005c     drivers.am263px.r5f.ti-arm-clang.freertos.debug.lib : uart_v0_lld.obj (.text.UART_lld_deInit)
                  7006144c    00000004     --HOLE-- [fill = 0]
                  70061450    0000005c     freertos.am263px.r5f.ti-arm-clang.debug.lib : tasks.obj (.text.xTaskCreateStatic)
                  700614ac    00000004     --HOLE-- [fill = 0]
                  700614b0    0000005a     drivers.am263px.r5f.ti-arm-clang.freertos.debug.lib : uart_dma_edma.obj (.text.UART_lld_dmaDisableChannel)
                  7006150a    00000006     --HOLE-- [fill = 0]
                  70061510    0000005a                                                         : uart_v0_lld.obj (.text.UART_regConfigModeEnable)
                  7006156a    00000006     --HOLE-- [fill = 0]
                  70061570    0000005a     freertos.am263px.r5f.ti-arm-clang.debug.lib : tasks.obj (.text.prvCheckTasksWaitingTermination)
                  700615ca    00000006     --HOLE-- [fill = 0]
                  700615d0    00000058     drivers.am263px.r5f.ti-arm-clang.freertos.debug.lib : soc_rcm.obj (.text.SOC_rcmGetModuleClkDivVal)
                  70061628    00000008     --HOLE-- [fill = 0]
                  70061630    00000058                                                         : uart_v0.obj (.text.UART_getHandle)
                  70061688    00000008     --HOLE-- [fill = 0]
                  70061690    00000058     main.o (.text.udp_tx_task)
                  700616e8    00000008     --HOLE-- [fill = 0]
                  700616f0    00000056     drivers.am263px.r5f.ti-arm-clang.freertos.debug.lib : uart_v0.obj (.text.UART_lld_readCompleteCallback)
                  70061746    0000000a     --HOLE-- [fill = 0]
                  70061750    00000056                                                         : uart_v0.obj (.text.UART_lld_writeCompleteCallback)
                  700617a6    0000000a     --HOLE-- [fill = 0]
                  700617b0    00000054     freertos.am263px.r5f.ti-arm-clang.debug.lib : DebugP_shmLogReader_freertos.obj (.text.DebugP_shmLogReaderTaskCreate)
                  70061804    0000000c     --HOLE-- [fill = 0]
                  70061810    00000054     drivers.am263px.r5f.ti-arm-clang.freertos.debug.lib : edma.obj (.text.EDMA_setPaRAM)
                  70061864    0000000c     --HOLE-- [fill = 0]
                  70061870    00000054                                                         : uart_v0_lld.obj (.text.UART_OperModeValid)
                  700618c4    0000000c     --HOLE-- [fill = 0]
                  700618d0    00000054     freertos.am263px.r5f.ti-arm-clang.debug.lib : timers.obj (.text.prvProcessExpiredTimer)
                  70061924    00000054     libc.a : autoinit.c.obj (.text:__TI_auto_init_nobinit_nopinit)
                  70061978    00000008     --HOLE-- [fill = 0]
                  70061980    00000052     ti_dpl_config.o (.text.Dpl_init)
                  700619d2    0000000e     --HOLE-- [fill = 0]
                  700619e0    00000052     freertos.am263px.r5f.ti-arm-clang.debug.lib : timers.obj (.text.prvSwitchTimerLists)
                  70061a32    0000000e     --HOLE-- [fill = 0]
                  70061a40    00000050     ti_drivers_open_close.o (.text.Drivers_uartClose)
                  70061a90    00000050     drivers.am263px.r5f.ti-arm-clang.freertos.debug.lib : pinmux.obj (.text.Pinmux_config)
                  70061ae0    00000050                                                         : uart_v0_lld.obj (.text.UART_checkCharsAvailInFifo)
                  70061b30    0000004e                                                         : edma.obj (.text.EDMA_clrEvtRegion)
                  70061b7e    00000002     --HOLE-- [fill = 0]
                  70061b80    0000004e                                                         : edma.obj (.text.EDMA_disableDmaEvtRegion)
                  70061bce    00000002     --HOLE-- [fill = 0]
                  70061bd0    0000004e                                                         : edma.obj (.text.EDMA_disableEvtIntrRegion)
                  70061c1e    00000002     --HOLE-- [fill = 0]
                  70061c20    0000004e                                                         : edma.obj (.text.EDMA_enableDmaEvtRegion)
                  70061c6e    00000002     --HOLE-- [fill = 0]
                  70061c70    0000004e                                                         : edma.obj (.text.EDMA_enableEvtIntrRegion)
                  70061cbe    00000002     --HOLE-- [fill = 0]
                  70061cc0    0000004e                                                         : edma.obj (.text.EDMA_setEvtRegion)
                  70061d0e    00000002     --HOLE-- [fill = 0]
                  70061d10    0000004e     freertos.am263px.r5f.ti-arm-clang.debug.lib : TaskP_freertos.obj (.text.TaskP_loadUpdateAll)
                  70061d5e    00000002     --HOLE-- [fill = 0]
                  70061d60    0000004e                                                 : queue.obj (.text.vQueueDelete)
                  70061dae    00000002     --HOLE-- [fill = 0]
                  70061db0    0000004c     drivers.am263px.r5f.ti-arm-clang.freertos.debug.lib : edma.obj (.text.EDMA_ccPaRAMEntry_init)
                  70061dfc    00000004     --HOLE-- [fill = 0]
                  70061e00    0000004c                                                         : edma.obj (.text.EDMA_mapQdmaChToPaRAM)
                  70061e4c    00000004     --HOLE-- [fill = 0]
                  70061e50    0000004c                                                         : edma.obj (.text.EDMA_readEventStatusRegion)
                  70061e9c    00000004     --HOLE-- [fill = 0]
                  70061ea0    0000004c                                                         : ipc_notify_v1.obj (.text.IpcNotify_unregisterClient)
                  70061eec    00000004     --HOLE-- [fill = 0]
                  70061ef0    0000004c     ti_power_clock_config.o (.text.Module_clockEnable)
                  70061f3c    00000004     --HOLE-- [fill = 0]
                  70061f40    0000004c     freertos.am263px.r5f.ti-arm-clang.debug.lib : tasks.obj (.text.vTaskPlaceOnEventList)
                  70061f8c    00000004     --HOLE-- [fill = 0]
                  70061f90    0000004a     drivers.am263px.r5f.ti-arm-clang.freertos.debug.lib : ipc_notify_v1.obj (.text.IpcNotify_Params_init)
                  70061fda    00000006     --HOLE-- [fill = 0]
                  70061fe0    0000004a                                                         : soc_rcm.obj (.text.SOC_rcmGetCR5SysclkInFrequency)
                  7006202a    00000006     --HOLE-- [fill = 0]
                  70062030    0000004a                                                         : uart_v0_lld.obj (.text.UART_getIntrIdentityStatus)
                  7006207a    00000006     --HOLE-- [fill = 0]
                  70062080    0000004a                                                         : uart_v0_lld.obj (.text.UART_lineCharConfig)
                  700620ca    00000006     --HOLE-- [fill = 0]
                  700620d0    00000048                                                         : uart_v0_lld.obj (.text.UART_resetModule)
                  70062118    00000008     --HOLE-- [fill = 0]
                  70062120    00000048     freertos.am263px.r5f.ti-arm-clang.debug.lib : queue.obj (.text.prvInitialiseNewQueue)
                  70062168    00000008     --HOLE-- [fill = 0]
                  70062170    00000048                                                 : list.obj (.text.uxListRemove)
                  700621b8    00000008     --HOLE-- [fill = 0]
                  700621c0    00000046                                                 : DebugP_uartLogWriter.obj (.text.DebugP_uartLogWriterPutChar)
                  70062206    0000000a     --HOLE-- [fill = 0]
                  70062210    00000046                                                 : TaskP_freertos.obj (.text.TaskP_updateLoad)
                  70062256    0000000a     --HOLE-- [fill = 0]
                  70062260    00000046     drivers.am263px.r5f.ti-arm-clang.freertos.debug.lib : uart_v0_lld.obj (.text.UART_i2310WA)
                  700622a6    0000000a     --HOLE-- [fill = 0]
                  700622b0    00000046                                                         : uart_v0_lld.obj (.text.UART_readLineStatus)
                  700622f6    0000000a     --HOLE-- [fill = 0]
                  70062300    00000044                                                         : ipc_notify_v1.obj (.text.IpcNotify_getWriteMailbox)
                  70062344    0000000c     --HOLE-- [fill = 0]
                  70062350    00000044                                                         : soc_rcm.obj (.text.SOC_rcmExtract8)
                  70062394    0000000c     --HOLE-- [fill = 0]
                  700623a0    00000044                                                         : soc_rcm.obj (.text.SOC_rcmMake16)
                  700623e4    0000000c     --HOLE-- [fill = 0]
                  700623f0    00000044     freertos.am263px.r5f.ti-arm-clang.debug.lib : TaskP_freertos.obj (.text.TaskP_updateIdleTaskLoad)
                  70062434    0000000c     --HOLE-- [fill = 0]
                  70062440    00000044                                                 : TaskP_freertos.obj (.text.TaskP_updateTotalRunTime)
                  70062484    0000000c     --HOLE-- [fill = 0]
                  70062490    00000044                                                 : printf.obj (.text._strnlen_s)
                  700624d4    0000000c     --HOLE-- [fill = 0]
                  700624e0    00000044                                                 : timers.obj (.text.prvSampleTimeNow)
                  70062524    0000000c     --HOLE-- [fill = 0]
                  70062530    00000042     drivers.am263px.r5f.ti-arm-clang.freertos.debug.lib : uart_v0.obj (.text.UART_checkOpenParams)
                  70062572    0000000e     --HOLE-- [fill = 0]
                  70062580    00000042     freertos.am263px.r5f.ti-arm-clang.debug.lib : queue.obj (.text.prvCopyDataFromQueue)
                  700625c2    00000002     --HOLE-- [fill = 0]
                  700625c4    00000040     libc.a : memory.c.obj (.text.free_list_insert)
                  70062604    0000000c     --HOLE-- [fill = 0]
                  70062610    00000040     freertos.am263px.r5f.ti-arm-clang.debug.lib : timers.obj (.text.prvGetNextExpireTime)
                  70062650    0000003e     drivers.am263px.r5f.ti-arm-clang.freertos.debug.lib : pinmux.obj (.text.Pinmux_unlockMMR)
                  7006268e    00000002     --HOLE-- [fill = 0]
                  70062690    0000003e                                                         : uart_v0_lld.obj (.text.UART_IsHWFlowCtrlValid)
                  700626ce    00000002     --HOLE-- [fill = 0]
                  700626d0    0000003e                                                         : uart_v0_lld.obj (.text.UART_spaceAvail)
                  7006270e    00000002     --HOLE-- [fill = 0]
                  70062710    0000003c                                                         : uart_v0_lld.obj (.text.UART_IsParityTypeValid)
                  7006274c    00000004     --HOLE-- [fill = 0]
                  70062750    0000003c                                                         : uart_v0_lld.obj (.text.UART_IsTxRxFifoEmpty)
                  7006278c    00000004     --HOLE-- [fill = 0]
                  70062790    0000003c                                                         : uart_v0_lld.obj (.text.UART_enhanFuncEnable)
                  700627cc    00000004     --HOLE-- [fill = 0]
                  700627d0    0000003c     freertos.am263px.r5f.ti-arm-clang.debug.lib : tasks.obj (.text.prvResetNextTaskUnblockTime)
                  7006280c    00000004     --HOLE-- [fill = 0]
                  70062810    0000003c                                                 : port.obj (.text.vPortTimerTickHandler)
                  7006284c    00000004     --HOLE-- [fill = 0]
                  70062850    0000003a     drivers.am263px.r5f.ti-arm-clang.freertos.debug.lib : soc.obj (.text.SOC_moduleSetClockFrequency)
                  7006288a    00000006     --HOLE-- [fill = 0]
                  70062890    0000003a     freertos.am263px.r5f.ti-arm-clang.debug.lib : printf.obj (.text._atoi)
                  700628ca    00000006     --HOLE-- [fill = 0]
                  700628d0    0000003a                                                 : tasks.obj (.text.ulTaskGetIdleRunTimeCounter)
                  7006290a    00000006     --HOLE-- [fill = 0]
                  70062910    0000003a                                                 : list.obj (.text.vListInsertEnd)
                  7006294a    00000006     --HOLE-- [fill = 0]
                  70062950    00000038     drivers.am263px.r5f.ti-arm-clang.freertos.debug.lib : uart_v0_lld.obj (.text.UART_writeDataPolling)
                  70062988    00000038     freertos.am263px.r5f.ti-arm-clang.debug.lib : PmuP_armv7r_asm.obj (.text.pmu)
                  700629c0    00000038                                                 : tasks.obj (.text.xTaskGetSchedulerState)
                  700629f8    00000008     --HOLE-- [fill = 0]
                  70062a00    00000036     drivers.am263px.r5f.ti-arm-clang.freertos.debug.lib : edma.obj (.text.EDMA_getRegionId)
                  70062a36    0000000a     --HOLE-- [fill = 0]
                  70062a40    00000036                                                         : ipc_notify_v1.obj (.text.IpcNotify_syncCallback)
                  70062a76    0000000a     --HOLE-- [fill = 0]
                  70062a80    00000034                                                         : pinmux.obj (.text.Pinmux_lockMMR)
                  70062ab4    0000000c     --HOLE-- [fill = 0]
                  70062ac0    00000034     freertos.am263px.r5f.ti-arm-clang.debug.lib : TimerP_rti_priv.obj (.text.TimerP_Params_initPriv)
                  70062af4    0000000c     --HOLE-- [fill = 0]
                  70062b00    00000034     drivers.am263px.r5f.ti-arm-clang.freertos.debug.lib : uart_v0_lld.obj (.text.UART_IsDataLengthValid)
                  70062b34    0000000c     --HOLE-- [fill = 0]
                  70062b40    00000034                                                         : uart_v0_lld.obj (.text.UART_checkTransaction)
                  70062b74    00000034     libc.a : memory.c.obj (.text.free_list_remove)
                  70062ba8    00000008     --HOLE-- [fill = 0]
                  70062bb0    00000034     gateway_shared.o (.text.gateway_core0_finalize)
                  70062be4    0000000c     --HOLE-- [fill = 0]
                  70062bf0    00000034     log_reader_task.o (.text.log_reader_task)
                  70062c24    0000000c     --HOLE-- [fill = 0]
                  70062c30    00000034     freertos.am263px.r5f.ti-arm-clang.debug.lib : timers.obj (.text.prvReloadTimer)
                  70062c64    0000000c     --HOLE-- [fill = 0]
                  70062c70    00000032                                                 : ClockP_freertos.obj (.text.ClockP_timerTickIsr)
                  70062ca2    0000000e     --HOLE-- [fill = 0]
                  70062cb0    00000032     drivers.am263px.r5f.ti-arm-clang.freertos.debug.lib : uart_v0_lld.obj (.text.HW_WR_FIELD32_RAW)
                  70062ce2    0000000e     --HOLE-- [fill = 0]
                  70062cf0    00000032                                                         : ipc_notify_v1.obj (.text.IpcNotify_mailboxIsPendingIntr)
                  70062d22    0000000e     --HOLE-- [fill = 0]
                  70062d30    00000032     freertos.am263px.r5f.ti-arm-clang.debug.lib : TimerP_rti_priv.obj (.text.TimerP_getCountPriv)
                  70062d62    0000000e     --HOLE-- [fill = 0]
                  70062d70    00000032     drivers.am263px.r5f.ti-arm-clang.freertos.debug.lib : uart_v0_lld.obj (.text.UART_enhanFuncBitValRestore)
                  70062da2    0000000e     --HOLE-- [fill = 0]
                  70062db0    00000032                                                         : uart_v0_lld.obj (.text.UART_hardwareFlowCtrlOptSet)
                  70062de2    0000000e     --HOLE-- [fill = 0]
                  70062df0    00000032     freertos.am263px.r5f.ti-arm-clang.debug.lib : port.obj (.text.vApplicationStackOverflowHook)
                  70062e22    0000000e     --HOLE-- [fill = 0]
                  70062e30    00000032                                                 : queue.obj (.text.xQueueCreateMutexStatic)
                  70062e62    0000000e     --HOLE-- [fill = 0]
                  70062e70    00000030     drivers.am263px.r5f.ti-arm-clang.freertos.debug.lib : ipc_notify_v1.obj (.text.IpcNotify_getReadSwQ)
                  70062ea0    00000030                                                         : uart_v0_lld.obj (.text.UART_flowCtrlTrigLvlConfig)
                  70062ed0    0000002e                                                         : uart_dma_edma.obj (.text.UART_lld_dmaInit)
                  70062efe    00000002     --HOLE-- [fill = 0]
                  70062f00    0000002e     freertos.am263px.r5f.ti-arm-clang.debug.lib : printf.obj (.text._is_digit)
                  70062f2e    00000002     --HOLE-- [fill = 0]
                  70062f30    0000002e                                                 : queue.obj (.text.prvIsQueueFull)
                  70062f5e    00000002     --HOLE-- [fill = 0]
                  70062f60    0000002e                                                 : list.obj (.text.vListInitialise)
                  70062f8e    00000002     --HOLE-- [fill = 0]
                  70062f90    0000002c                                                 : DebugP_log.obj (.text.DebugP_logZoneEnable)
                  70062fbc    00000004     --HOLE-- [fill = 0]
                  70062fc0    0000002c     drivers.am263px.r5f.ti-arm-clang.freertos.debug.lib : ipc_notify_v1.obj (.text.IpcNotify_getReadMailbox)
                  70062fec    00000004     --HOLE-- [fill = 0]
                  70062ff0    0000002c     freertos.am263px.r5f.ti-arm-clang.debug.lib : TaskP_freertos.obj (.text.TaskP_calcCounterDiff)
                  7006301c    00000004     --HOLE-- [fill = 0]
                  70063020    0000002c     gateway_shared.o (.text.gateway_core0_init)
                  7006304c    00000004     --HOLE-- [fill = 0]
                  70063050    0000002c     freertos.am263px.r5f.ti-arm-clang.debug.lib : queue.obj (.text.prvInitialiseMutex)
                  7006307c    00000004     --HOLE-- [fill = 0]
                  70063080    0000002c                                                 : tasks.obj (.text.ulTaskGetRunTimeCounter)
                  700630ac    00000004     --HOLE-- [fill = 0]
                  700630b0    0000002c                                                 : port.obj (.text.vApplicationGetIdleTaskMemory)
                  700630dc    00000004     --HOLE-- [fill = 0]
                  700630e0    0000002c                                                 : port.obj (.text.vApplicationGetTimerTaskMemory)
                  7006310c    00000004     --HOLE-- [fill = 0]
                  70063110    0000002a     drivers.am263px.r5f.ti-arm-clang.freertos.debug.lib : uart_v0.obj (.text.UART_Transaction_init)
                  7006313a    00000006     --HOLE-- [fill = 0]
                  70063140    0000002a                                                         : uart_v0_lld.obj (.text.UART_intr2Disable)
                  7006316a    00000006     --HOLE-- [fill = 0]
                  70063170    0000002a                                                         : uart_v0_lld.obj (.text.UART_lld_Transaction_init)
                  7006319a    00000006     --HOLE-- [fill = 0]
                  700631a0    0000002a                                                         : uart_v0_lld.obj (.text.UART_operatingModeSelect)
                  700631ca    00000006     --HOLE-- [fill = 0]
                  700631d0    00000028     freertos.am263px.r5f.ti-arm-clang.debug.lib : CpuId_armv7r.obj (.text.CSL_armR5GetCpuID)
                  700631f8    00000008     --HOLE-- [fill = 0]
                  70063200    00000028     main.o (.text.init_ethernet)
                  70063228    00000008     --HOLE-- [fill = 0]
                  70063230    00000028     main.o (.text.init_udp)
                  70063258    00000008     --HOLE-- [fill = 0]
                  70063260    00000028     freertos.am263px.r5f.ti-arm-clang.debug.lib : tasks.obj (.text.prvIdleTask)
                  70063288    00000008     --HOLE-- [fill = 0]
                  70063290    00000028                                                 : queue.obj (.text.prvIsQueueEmpty)
                  700632b8    00000008     --HOLE-- [fill = 0]
                  700632c0    00000028                                                 : printf.obj (.text.vprintf_)
                  700632e8    00000008     --HOLE-- [fill = 0]
                  700632f0    00000026     drivers.am263px.r5f.ti-arm-clang.freertos.debug.lib : edma.obj (.text.EDMA_disableQdmaEvtRegion)
                  70063316    0000000a     --HOLE-- [fill = 0]
                  70063320    00000026                                                         : edma.obj (.text.EDMA_enableQdmaEvtRegion)
                  70063346    0000000a     --HOLE-- [fill = 0]
                  70063350    00000026                                                         : edma.obj (.text.EDMA_validateIntrObject)
                  70063376    0000000a     --HOLE-- [fill = 0]
                  70063380    00000026     freertos.am263px.r5f.ti-arm-clang.debug.lib : queue.obj (.text.prvGetDisinheritPriorityAfterTimeout)
                  700633a6    0000000a     --HOLE-- [fill = 0]
                  700633b0    00000026                                                 : tasks.obj (.text.xTaskGetTickCountFromISR)
                  700633d6    0000000a     --HOLE-- [fill = 0]
                  700633e0    00000024     ti_drivers_config.o (.text.IpcNotify_allocSwQueue)
                  70063404    0000000c     --HOLE-- [fill = 0]
                  70063410    00000024     ti_drivers_config.o (.text.IpcNotify_getConfig)
                  70063434    0000000c     --HOLE-- [fill = 0]
                  70063440    00000024     drivers.am263px.r5f.ti-arm-clang.freertos.debug.lib : uart_v0_lld.obj (.text.UART_IsRxTrigLvlValid)
                  70063464    0000000c     --HOLE-- [fill = 0]
                  70063470    00000024                                                         : uart_v0_lld.obj (.text.UART_IsStopBitsValid)
                  70063494    0000000c     --HOLE-- [fill = 0]
                  700634a0    00000024                                                         : uart_v0_lld.obj (.text.UART_IsTxTrigLvlValid)
                  700634c4    00000024     libclang_rt.builtins.a : aeabi_uldivmod.S.obj (.text.__aeabi_uldivmod)
                  700634e8    00000008     --HOLE-- [fill = 0]
                  700634f0    00000024     freertos.am263px.r5f.ti-arm-clang.debug.lib : printf.obj (.text._out_char)
                  70063514    0000000c     --HOLE-- [fill = 0]
                  70063520    00000024                                                 : tasks.obj (.text.pvTaskIncrementMutexHeldCount)
                  70063544    0000000c     --HOLE-- [fill = 0]
                  70063550    00000024                                                 : tasks.obj (.text.vTaskInternalSetTimeOutState)
                  70063574    0000000c     --HOLE-- [fill = 0]
                  70063580    00000024                                                 : port.obj (.text.xPortStartScheduler)
                  700635a4    0000000c     --HOLE-- [fill = 0]
                  700635b0    00000022                                                 : ClockP_freertos.obj (.text.ClockP_getTicks)
                  700635d2    0000000e     --HOLE-- [fill = 0]
                  700635e0    00000022     drivers.am263px.r5f.ti-arm-clang.freertos.debug.lib : edma.obj (.text.EDMA_channelToParamMap)
                  70063602    0000000e     --HOLE-- [fill = 0]
                  70063610    00000022     freertos.am263px.r5f.ti-arm-clang.debug.lib : SemaphoreP_freertos.obj (.text.SemaphoreP_destruct)
                  70063632    0000000e     --HOLE-- [fill = 0]
                  70063640    00000020                                                 : ClockP_freertos.obj (.text.ClockP_usecToTicks)
                  70063660    00000020     drivers.am263px.r5f.ti-arm-clang.freertos.debug.lib : uart_v0_lld.obj (.text.HW_RD_FIELD32_RAW)
                  70063680    00000020     main.o (.text.udp_rx_task)
                  700636a0    00000020     freertos.am263px.r5f.ti-arm-clang.debug.lib : heap_3.obj (.text.vPortFree)
                  700636c0    0000001e     drivers.am263px.r5f.ti-arm-clang.freertos.debug.lib : edma.obj (.text.EDMA_getEventStatusHigh)
                  700636de    00000002     --HOLE-- [fill = 0]
                  700636e0    0000001e                                                         : soc.obj (.text.SOC_getSelfCpuClk)
                  700636fe    00000002     --HOLE-- [fill = 0]
                  70063700    0000001e                                                         : soc.obj (.text.SOC_moduleClockEnable)
                  7006371e    00000002     --HOLE-- [fill = 0]
                  70063720    0000001e                                                         : uart_v0_lld.obj (.text.UART_breakCtl)
                  7006373e    00000002     --HOLE-- [fill = 0]
                  70063740    0000001e                                                         : uart_v0_lld.obj (.text.UART_lld_Transaction_deInit)
                  7006375e    00000002     --HOLE-- [fill = 0]
                  70063760    0000001e                                                         : uart_v0_lld.obj (.text.UART_writeInterrupt)
                  7006377e    00000002     --HOLE-- [fill = 0]
                  70063780    0000001e     freertos.am263px.r5f.ti-arm-clang.debug.lib : timers.obj (.text.prvTimerTask)
                  7006379e    00000002     --HOLE-- [fill = 0]
                  700637a0    0000001e                                                 : tasks.obj (.text.xTaskGetTickCount)
                  700637be    00000002     --HOLE-- [fill = 0]
                  700637c0    0000001c     drivers.am263px.r5f.ti-arm-clang.freertos.debug.lib : edma.obj (.text.EDMA_getEventStatus)
                  700637dc    00000004     --HOLE-- [fill = 0]
                  700637e0    0000001c                                                         : uart_v0_lld.obj (.text.UART_IsParameter)
                  700637fc    00000004     --HOLE-- [fill = 0]
                  70063800    0000001c     freertos.am263px.r5f.ti-arm-clang.debug.lib : port.obj (.text.vPortYeildFromISR)
                  7006381c    0000001c     libc.a : memcpy32.S.obj (.text:TI_memcpy_small)
                  70063838    00000008     --HOLE-- [fill = 0]
                  70063840    0000001a     drivers.am263px.r5f.ti-arm-clang.freertos.debug.lib : uart_v0_lld.obj (.text.UART_fifoCharGet)
                  7006385a    00000006     --HOLE-- [fill = 0]
                  70063860    0000001a                                                         : uart_v0_lld.obj (.text.UART_timeGuardConfig)
                  7006387a    00000006     --HOLE-- [fill = 0]
                  70063880    00000018     freertos.am263px.r5f.ti-arm-clang.debug.lib : ClockP_freertos.obj (.text.ClockP_ticksToUsec)
                  70063898    00000008     --HOLE-- [fill = 0]
                  700638a0    00000018     drivers.am263px.r5f.ti-arm-clang.freertos.debug.lib : edma.obj (.text.EDMA_isInterruptEnabled)
                  700638b8    00000008     --HOLE-- [fill = 0]
                  700638c0    00000018                                                         : ipc_notify_v1.obj (.text.IpcNotify_mailboxClearAllInt)
                  700638d8    00000008     --HOLE-- [fill = 0]
                  700638e0    00000018                                                         : ipc_notify_v1_cfg.obj (.text.IpcNotify_trigInterrupt)
                  700638f8    00000008     --HOLE-- [fill = 0]
                  70063900    00000018     freertos.am263px.r5f.ti-arm-clang.debug.lib : TimerP_rti_priv.obj (.text.TimerP_getReloadCountPriv)
                  70063918    00000008     --HOLE-- [fill = 0]
                  70063920    00000018     drivers.am263px.r5f.ti-arm-clang.freertos.debug.lib : uart_v0_lld.obj (.text.UART_divisorLatchDisable)
                  70063938    00000008     --HOLE-- [fill = 0]
                  70063940    00000018                                                         : uart_v0_lld.obj (.text.UART_modemControlReset)
                  70063958    00000008     --HOLE-- [fill = 0]
                  70063960    00000018                                                         : uart_v0_lld.obj (.text.UART_putChar)
                  70063978    00000018     libc.a : memset32.S.obj (.text:TI_memset_small)
                  70063990    00000016     drivers.am263px.r5f.ti-arm-clang.freertos.debug.lib : ipc_notify_v1.obj (.text.IpcNotify_sendSync)
                  700639a6    0000000a     --HOLE-- [fill = 0]
                  700639b0    00000016     freertos.am263px.r5f.ti-arm-clang.debug.lib : TimerP_rti_priv.obj (.text.TimerP_isOverflowedPriv)
                  700639c6    0000000a     --HOLE-- [fill = 0]
                  700639d0    00000016                                                 : TimerP_rti_priv.obj (.text.TimerP_startPriv)
                  700639e6    0000000a     --HOLE-- [fill = 0]
                  700639f0    00000016                                                 : TimerP_rti_priv.obj (.text.TimerP_stopPriv)
                  70063a06    0000000a     --HOLE-- [fill = 0]
                  70063a10    00000016     drivers.am263px.r5f.ti-arm-clang.freertos.debug.lib : uart_v0_lld.obj (.text.UART_divideRoundCloset)
                  70063a26    0000000a     --HOLE-- [fill = 0]
                  70063a30    00000016                                                         : uart_v0_lld.obj (.text.UART_regConfModeRestore)
                  70063a46    0000000a     --HOLE-- [fill = 0]
                  70063a50    00000014     freertos.am263px.r5f.ti-arm-clang.debug.lib : DebugP_uartLogWriter.obj (.text.DebugP_uartSetDrvIndex)
                  70063a64    0000000c     --HOLE-- [fill = 0]
                  70063a70    00000014     drivers.am263px.r5f.ti-arm-clang.freertos.debug.lib : edma.obj (.text.HW_WR_REG16_RAW)
                  70063a84    0000000c     --HOLE-- [fill = 0]
                  70063a90    00000014                                                         : ipc_notify_v1.obj (.text.IpcNotify_mailboxClearPendingIntr)
                  70063aa4    0000000c     --HOLE-- [fill = 0]
                  70063ab0    00000014                                                         : soc_rcm.obj (.text.SOC_rcmGetModuleClkDivFromRegVal)
                  70063ac4    0000000c     --HOLE-- [fill = 0]
                  70063ad0    00000014     freertos.am263px.r5f.ti-arm-clang.debug.lib : TimerP_rti_priv.obj (.text.TimerP_clearOverflowIntPriv)
                  70063ae4    0000000c     --HOLE-- [fill = 0]
                  70063af0    00000014                                                 : TimerP_rti_freertos.obj (.text.TimerP_setup)
                  70063b04    0000000c     --HOLE-- [fill = 0]
                  70063b10    00000014     main.o (.text.build_and_send_udp_packet)
                  70063b24    0000000c     --HOLE-- [fill = 0]
                  70063b30    00000014     ti_dpl_config.o (.text.putchar_)
                  70063b44    0000000c     --HOLE-- [fill = 0]
                  70063b50    00000014     freertos.am263px.r5f.ti-arm-clang.debug.lib : tasks.obj (.text.xTaskGetCurrentTaskHandle)
                  70063b64    0000000c     --HOLE-- [fill = 0]
                  70063b70    00000012     ti_pinmux_config.o (.text.Pinmux_init)
                  70063b82    0000000e     --HOLE-- [fill = 0]
                  70063b90    00000012     freertos.am263px.r5f.ti-arm-clang.debug.lib : port.obj (.text.uiPortGetRunTimeCounterValue)
                  70063ba2    0000000e     --HOLE-- [fill = 0]
                  70063bb0    00000010     drivers.am263px.r5f.ti-arm-clang.freertos.debug.lib : pinmux.obj (.text.CSL_REG32_WR_RAW)
                  70063bc0    00000010                                                         : soc.obj (.text.CSL_REG32_WR_RAW)
                  70063bd0    00000010     freertos.am263px.r5f.ti-arm-clang.debug.lib : ClockP_freertos_r5.obj (.text.ClockP_getTimerCount)
                  70063be0    00000010                                                 : ClockP_freertos.obj (.text.ClockP_sleepTicks)
                  70063bf0    00000010                                                 : ClockP_freertos_r5.obj (.text.ClockP_timerClearOverflowInt)
                  70063c00    00000010     drivers.am263px.r5f.ti-arm-clang.freertos.debug.lib : edma.obj (.text.HW_RD_REG32_RAW)
                  70063c10    00000010                                                         : uart_v0_lld.obj (.text.HW_RD_REG32_RAW)
                  70063c20    00000010                                                         : edma.obj (.text.HW_WR_REG32_RAW)
                  70063c30    00000010                                                         : uart_v0_lld.obj (.text.HW_WR_REG32_RAW)
                  70063c40    00000010                                                         : ipc_notify_v1.obj (.text.IpcNotify_mailboxGetPendingIntr)
                  70063c50    00000010     freertos.am263px.r5f.ti-arm-clang.debug.lib : TimerP_rti_freertos.obj (.text.TimerP_Params_init)
                  70063c60    00000010                                                 : TimerP_rti_freertos.obj (.text.TimerP_clearOverflowInt)
                  70063c70    00000010                                                 : TimerP_rti_freertos.obj (.text.TimerP_getCount)
                  70063c80    00000010                                                 : TimerP_rti_freertos.obj (.text.TimerP_getReloadCount)
                  70063c90    00000010                                                 : TimerP_rti_freertos.obj (.text.TimerP_isOverflowed)
                  70063ca0    00000010                                                 : TimerP_rti_freertos.obj (.text.TimerP_start)
                  70063cb0    00000010     libclang_rt.builtins.a : aeabi_memset.S.obj (.text.__aeabi_memset)
                  70063cc0    00000010     freertos.am263px.r5f.ti-arm-clang.debug.lib : printf.obj (.text._out_null)
                  70063cd0    00000010                                                 : tasks.obj (.text.vTaskSuspendAll)
                  70063ce0    0000000e                                                 : list.obj (.text.vListInitialiseItem)
                  70063cee    00000002     --HOLE-- [fill = 0]
                  70063cf0    0000000e                                                 : tasks.obj (.text.vTaskMissedYield)
                  70063cfe    00000002     --HOLE-- [fill = 0]
                  70063d00    0000000c     ti_board_open_close.o (.text.Board_driversOpen)
                  70063d0c    00000004     --HOLE-- [fill = 0]
                  70063d10    0000000c     ti_power_clock_config.o (.text.PowerClock_init)
                  70063d1c    00000004     --HOLE-- [fill = 0]
                  70063d20    0000000c     freertos.am263px.r5f.ti-arm-clang.debug.lib : tasks.obj (.text.uxTaskGetNumberOfTasks)
                  70063d2c    00000004     --HOLE-- [fill = 0]
                  70063d30    0000000a                                                 : HwiP_armv7r_vim.obj (.text.Hwip_dataAndInstructionBarrier)
                  70063d3a    00000006     --HOLE-- [fill = 0]
                  70063d40    0000000a     drivers.am263px.r5f.ti-arm-clang.freertos.debug.lib : ipc_notify_v1.obj (.text.IpcNotify_dataAndInstructionBarrier)
                  70063d4a    00000006     --HOLE-- [fill = 0]
                  70063d50    0000000a                                                         : soc_rcm.obj (.text.SOC_rcmGetBaseAddressMSSRCM)
                  70063d5a    00000006     --HOLE-- [fill = 0]
                  70063d60    0000000a                                                         : uart_dma_edma.obj (.text.UART_edmaDoNothing)
                  70063d6a    00000006     --HOLE-- [fill = 0]
                  70063d70    0000000a     gateway_shared.o (.text.gateway_memory_barrier)
                  70063d7a    00000006     --HOLE-- [fill = 0]
                  70063d80    0000000a     freertos.am263px.r5f.ti-arm-clang.debug.lib : port.obj (.text.prvTaskExitError)
                  70063d8a    00000006     --HOLE-- [fill = 0]
                  70063d90    0000000a                                                 : port.obj (.text.vApplicationIdleHook)
                  70063d9a    00000006     --HOLE-- [fill = 0]
                  70063da0    00000008     ti_drivers_open_close.o (.text.Drivers_open)
                  70063da8    00000008     --HOLE-- [fill = 0]
                  70063db0    00000008     ti_drivers_config.o (.text.Drivers_uartInit)
                  70063db8    00000008     --HOLE-- [fill = 0]
                  70063dc0    00000008     drivers.am263px.r5f.ti-arm-clang.freertos.debug.lib : soc_rcm.obj (.text.SOC_rcmGetBaseAddressMSSCTRL)
                  70063dc8    00000008     --HOLE-- [fill = 0]
                  70063dd0    00000008                                                         : soc_rcm.obj (.text.SOC_rcmGetBaseAddressTOPRCM)
                  70063dd8    00000008     --HOLE-- [fill = 0]
                  70063de0    00000004     freertos.am263px.r5f.ti-arm-clang.debug.lib : TaskP_freertos.obj (.text.TaskP_yield)
                  70063de4    0000000c     --HOLE-- [fill = 0]
                  70063df0    00000002     ti_board_config.o (.text.Board_init)
                  70063df2    0000000e     --HOLE-- [fill = 0]
                  70063e00    00000002     drivers.am263px.r5f.ti-arm-clang.freertos.debug.lib : ipc_notify_v1_cfg.obj (.text.IpcNotify_wait)
                  70063e02    0000000e     --HOLE-- [fill = 0]
                  70063e10    00000002     freertos.am263px.r5f.ti-arm-clang.debug.lib : port.obj (.text.vPortConfigTimerForRunTimeStats)
                  70063e12    0000000e     --HOLE-- [fill = 0]
                  70063e20    00000002                                                 : port.obj (.text.vPortValidateInterruptPriority)
                  70063e22    0000000e     --HOLE-- [fill = 0]

.rodata    0    70063e30    00001e10     
                  70063e30    00000084     ti_dpl_config.o (.rodata.cfg)
                  70063eb4    00000082     freertos.am263px.r5f.ti-arm-clang.debug.lib : tasks.obj (.rodata.str1.16487631963213850555.1)
                  70063f36    0000006b                                                 : queue.obj (.rodata.str1.18282543359674176480.1)
[...]
700483e0  gTaskP_ctrl                          
70048940  gDebugShmLogReaderCtrl               
70048a7c  gRovDummyQueue                       
70048b00  gClockCtrl                           
70048b90  virtToPhymap                         
70048bc0  gUartHandle                          
70048be0  __BSS_END                            
70048be0  _sys_memory                          
70050be0  __stack                              
70054be0  __STACK_END                          
70055614  __aeabi_memclr                       
70055614  __aeabi_memclr4                      
70055614  __aeabi_memclr8                      
70055c98  C$$EXIT                              
70055c98  HOSTexit                             
70055ca1  SOC_rcmEnablePeripheralClock         
700562d8  __aeabi_ldiv0                        
700562dc  __aeabi_memcpy                       
700562dc  __aeabi_memcpy4                      
700562dc  __aeabi_memcpy8                      
700568c4  CSL_armR5ReadMpidrReg                
70056d81  UART_open                            
70057184  _nop                                 
70057191  IpcNotify_init                       
70057571  SOC_virtToPhy                        
70057b01  xTaskIncrementTick                   
70057d71  xTaskResumeAll                       
700588f1  UART_lld_dmaDeInit                   
70058b21  IpcNotify_isr                        
70058d51  vTaskGenericNotifyGiveFromISR        
70058f71  xQueueGenericSend                    
70059191  xQueueSemaphoreTake                  
700593a1  xQueueReceive                        
70059581  TimerP_setupPriv                     
70059761  xTaskRemoveFromEventList             
70059921  UART_close                           
70059ad1  UART_lld_dmaWrite                    
70059c7c  free                                 
70059fe1  UART_write                           
7005a181  vTaskSwitchContext                   
7005a4c1  vTaskPriorityDisinheritAfterTimeout  
7005a661  UART_lld_controllerIsr               
7005a801  ClockP_init                          
7005ab11  DebugP_shmLogReaderGetString         
7005ac91  xQueueGiveFromISR                    
7005ae01  EDMA_unregisterIntr                  
7005b0d1  xTaskPriorityInherit                 
7005b231  SOC_controlModuleUnlockMMR           
7005b391  UART_lld_initDma                     
7005b4f1  xTaskPriorityDisinherit              
7005b641  xQueueReceiveFromISR                 
7005bb61  UART_procLineStatusErr               
7005bca1  EDMA_registerIntr                    
7005bf21  vTaskDelete                          
7005c061  UART_lld_init                        
7005c191  ulTaskGenericNotifyTake              
7005c2c1  pxPortInitialiseStack                
7005c3f1  SOC_controlModuleLockMMR             
7005c521  SOC_rcmGetPeripheralClockFrequency   
7005c641  xTaskDelayUntil                      
7005c761  UART_lld_dmaRead                     
7005c87c  __udivmoddi4                         
7005cd01  DebugP_shmLogRead                    
7005ce11  DebugP_shmLogReaderTaskMain          
7005d031  xQueueGenericReset                   
7005d141  IpcNotify_sendMsg                    
7005d571  xQueueGenericCreateStatic            
7005d841  EDMA_freeChannelRegion               
7005d931  EDMA_freeParam                       
7005da21  EDMA_freeDmaChannel                  
7005db01  EDMA_freeTcc                         
7005dbe1  xTaskCheckForTimeOut                 
7005dcc1  UART_intrEnable                      
7005dda1  UART_intrDisable                     
7005de81  UART_lld_write                       
7005df61  AddrTranslateP_getLocalAddr          
7005e031  EDMA_disableChInShadowRegRegion      
7005e101  UART_lld_writeDma                    
7005e1d1  EDMA_enableChInShadowRegRegion       
7005e371  ClockP_getTimeUsec                   
7005e511  UART_lld_writeIntr                   
7005e5e1  EDMA_mapChToEvtQ                     
7005e6b1  gateway_core0_ipc_callback           
7005e781  vQueueAddToRegistry                  
7005e851  EDMA_configureChannelRegion          
7005e9d1  UART_flushTxFifo                     
7005eb51  IpcNotify_waitSync                   
7005ec11  CycleCounterP_init                   
7005ec31  CycleCounterP_reset                  
7005ec81  CycleCounterP_nsToTicks              
7005ecc1  CycleCounterP_enableUserAccess       
7005ed91  SOC_rcmSetPeripheralClock            
7005ee41  UART_init                            
7005f051  vTaskExitCritical                    
7005f101  Drivers_uartOpen                     
7005f301  xTimerCreateTimerTask                
7005f3a1  gateway_read_motor_states            
7005f441  IpcNotify_registerClient             
7005f581  vTaskStartScheduler                  
7005f621  EDMA_unmapChToEvtQ                   
7005f6c1  _DebugP_logZone                      
7005f761  main                                 
7005f881  EDMA_disableTransferRegion           
7005f911  EDMA_enableTransferRegion            
7005f9a1  SemaphoreP_pend                      
7005fa31  UART_writeCancelNoCB                 
7005fac1  vTaskPlaceOnEventListRestricted      
7005fc71  gateway_write_test_data              
7005fd01  UART_lld_flushTxFifo                 
7005ff41  EDMA_allocDmaChannel                 
7005ffd1  EDMA_allocParam                      
70060061  EDMA_allocTcc                        
70060211  IpcNotify_syncAll                    
700602a1  SemaphoreP_constructBinary           
70060421  gateway_read_test_data               
700604a1  _DebugP_assert                       
70060521  vQueueUnregisterQueue                
70060621  UART_Params_init                     
700606a1  EDMA_linkChannel                     
70060721  xQueueTakeMutexRecursive             
700607a1  System_init                          
70060821  xQueueGiveMutexRecursive             
700608a1  ClockP_usleep                        
700609a1  EDMA_clrMissEvtRegion                
70060b11  DebugP_shmLogReaderInit              
70060b81  log_reader_task_create               
70060bf1  vTaskDelay                           
70060c61  vTaskEnterCritical                   
70060d41  vListInsert                          
70060db1  EDMA_getBaseAddr                     
70060e91  SemaphoreP_post                      
70060f01  SOC_rcmGetR5Clock                    
70060f71  SOC_rcmIsR5FInLockStepMode           
70061051  UART_lld_deInitDma                   
700610c1  vApplicationLoadHook                 
70061131  vQueueWaitForMessageRestricted       
70061211  UART_getChar                         
700612d1  SemaphoreP_constructMutex            
70061331  gateway_notify_test_data_ready       
70061391  Module_clockSetFrequency             
700613f1  UART_lld_deInit                      
70061451  xTaskCreateStatic                    
700614b1  UART_lld_dmaDisableChannel           
70061631  UART_getHandle                       
700617b1  DebugP_shmLogReaderTaskCreate        
70061811  EDMA_setPaRAM                        
70061924  __TI_auto_init_nobinit_nopinit       
70061981  Dpl_init                             
70061a41  Drivers_uartClose                    
70061a91  Pinmux_config                        
70061ae1  UART_checkCharsAvailInFifo           
70061b31  EDMA_clrEvtRegion                    
70061b81  EDMA_disableDmaEvtRegion             
70061bd1  EDMA_disableEvtIntrRegion            
70061c21  EDMA_enableDmaEvtRegion              
70061c71  EDMA_enableEvtIntrRegion             
70061cc1  EDMA_setEvtRegion                    
70061d11  TaskP_loadUpdateAll                  
70061d61  vQueueDelete                         
70061db1  EDMA_ccPaRAMEntry_init               
70061e01  EDMA_mapQdmaChToPaRAM                
70061e51  EDMA_readEventStatusRegion           
70061ea1  IpcNotify_unregisterClient           
70061ef1  Module_clockEnable                   
70061f41  vTaskPlaceOnEventList                
70061f91  IpcNotify_Params_init                
70062031  UART_getIntrIdentityStatus           
70062171  uxListRemove                         
700621c1  DebugP_uartLogWriterPutChar          
700622b1  UART_readLineStatus                  
700626d1  UART_spaceAvail                      
70062751  UART_IsTxRxFifoEmpty                 
70062811  vPortTimerTickHandler                
70062851  SOC_moduleSetClockFrequency          
700628d1  ulTaskGetIdleRunTimeCounter          
70062911  vListInsertEnd                       
70062988  CycleCounterP_getCount32             
70062990  PmuP_setup                           
70062998  PmuP_enableCounters                  
700629a0  PmuP_disableCounters                 
700629a8  PmuP_getOverflowStatus               
700629b0  PmuP_clearOverflowStatus             
700629b8  PmuP_setUserEnable                   
700629c1  xTaskGetSchedulerState               
70062a01  EDMA_getRegionId                     
70062a41  IpcNotify_syncCallback               
70062ac1  TimerP_Params_initPriv               
70062bb1  gateway_core0_finalize               
70062c71  ClockP_timerTickIsr                  
70062d31  TimerP_getCountPriv                  
70062df1  vApplicationStackOverflowHook        
70062e31  xQueueCreateMutexStatic              
70062ed1  UART_lld_dmaInit                     
70062f61  vListInitialise                      
70062f91  DebugP_logZoneEnable                 
70063021  gateway_core0_init                   
70063081  ulTaskGetRunTimeCounter              
700630b1  vApplicationGetIdleTaskMemory        
700630e1  vApplicationGetTimerTaskMemory       
70063111  UART_Transaction_init                
70063141  UART_intr2Disable                    
70063171  UART_lld_Transaction_init            
700631a1  UART_operatingModeSelect             
700631d1  CSL_armR5GetCpuID                    
700632c1  vprintf_                             
700632f1  EDMA_disableQdmaEvtRegion            
70063321  EDMA_enableQdmaEvtRegion             
700633b1  xTaskGetTickCountFromISR             
700633e1  IpcNotify_allocSwQueue               
70063411  IpcNotify_getConfig                  
700634c4  __aeabi_uldivmod                     
70063521  pvTaskIncrementMutexHeldCount        
70063551  vTaskInternalSetTimeOutState         
70063581  xPortStartScheduler                  
700635b1  ClockP_getTicks                      
700635e1  EDMA_channelToParamMap               
70063611  SemaphoreP_destruct                  
70063641  ClockP_usecToTicks                   
700636a1  vPortFree                            
700636c1  EDMA_getEventStatusHigh              
700636e1  SOC_getSelfCpuClk                    
70063701  SOC_moduleClockEnable                
70063741  UART_lld_Transaction_deInit          
700637a1  xTaskGetTickCount                    
700637c1  EDMA_getEventStatus                  
70063801  vPortYeildFromISR                    
7006381c  TI_memcpy_small                      
70063881  ClockP_ticksToUsec                   
700638a1  EDMA_isInterruptEnabled              
700638e1  IpcNotify_trigInterrupt              
70063901  TimerP_getReloadCountPriv            
70063961  UART_putChar                         
70063978  TI_memset_small                      
70063991  IpcNotify_sendSync                   
700639b1  TimerP_isOverflowedPriv              
700639d1  TimerP_startPriv                     
700639f1  TimerP_stopPriv                      
70063a51  DebugP_uartSetDrvIndex               
70063ad1  TimerP_clearOverflowIntPriv          
70063af1  TimerP_setup                         
70063b31  putchar_                             
70063b51  xTaskGetCurrentTaskHandle            
70063b71  Pinmux_init                          
70063b91  uiPortGetRunTimeCounterValue         
70063bd1  ClockP_getTimerCount                 
70063bf1  ClockP_timerClearOverflowInt         
70063c51  TimerP_Params_init                   
70063c61  TimerP_clearOverflowInt              
70063c71  TimerP_getCount                      
70063c81  TimerP_getReloadCount                
70063c91  TimerP_isOverflowed                  
70063ca1  TimerP_start                         
70063cb0  __aeabi_memset                       
70063cb0  __aeabi_memset4                      
70063cb0  __aeabi_memset8                      
70063cd1  vTaskSuspendAll                      
70063ce1  vListInitialiseItem                  
70063cf1  vTaskMissedYield                     
70063d01  Board_driversOpen                    
70063d11  PowerClock_init                      
70063d21  uxTaskGetNumberOfTasks               
70063d91  vApplicationIdleHook                 
70063da1  Drivers_open                         
70063db1  Drivers_uartInit                     
70063de1  TaskP_yield                          
70063df1  Board_init                           
70063e01  IpcNotify_wait                       
70063e11  vPortConfigTimerForRunTimeStats      
70063e21  vPortValidateInterruptPriority       
70063e30  gCacheConfig                         
70063e38  gMpuConfig                           
70063e44  gMpuRegionConfig                     
700642c8  gADPLLJConfigTbl                     
7006441a  gCR5ClkSrcInfoMap                    
7006557c  gPeripheralClkSrcInfoMap             
70065bf0  gXTALInfo                            
70065c28  gCacheL1dCacheLineSize               
70065c2c  gCacheL1pCacheLineSize               
70065c41  HwiP_enableInt                       
70065c81  HwiP_disableInt                      
70065ce1  HwiP_restoreInt                      
70065d11  HwiP_clearInt                        
70065d51  HwiP_post                            
70065d91  HwiP_Params_init                     
70065dc1  HwiP_construct                       
70065fb1  HwiP_destruct                        
70066021  HwiP_init                            
700661d1  HwiP_inISR                           
70066201  HwiP_setVimIrqPriMaskNonAtomic       
70066251  HwiP_setVimIrqPriMaskAtomic          
700662f1  HwiP_restoreVimIrqPriMask            
70066301  HwiP_irq_handler_c                   
700664a1  HwiP_fiq_handler                     
70066611  HwiP_reserved_handler                
70066651  HwiP_undefined_handler_c             
70066671  HwiP_user_undefined_handler_c        
70066691  HwiP_prefetch_abort_handler_c        
70066731  HwiP_user_prefetch_abort_handler_c   
70066771  HwiP_data_abort_handler_c            
70066831  HwiP_user_data_abort_handler_c       
7006686c  vPortRestoreTaskContext              
700668a4  HwiP_svc_handler                     
70066914  HwiP_irq_handler                     
70066a58  HwiP_data_abort_handler              
70066a9c  HwiP_prefetch_abort_handler          
70066ae8  HwiP_undefined_handler               
70066b18  GET_DFSR                             
70066b20  GET_ADFSR                            
70066b28  GET_DFAR                             
70066b30  GET_IFSR                             
70066b38  GET_AIFSR                            
70066b40  GET_IFAR                             
70066b48  GET_SPSR                             
70066b5c  HwiP_disable                         
70066b6c  HwiP_disableFIQ                      
70066b7c  HwiP_enable                          
70066b8c  HwiP_enableFIQ                       
70066b9c  HwiP_restore                         
70066ba4  HwiP_enableVIC                       
70066bb4  HwiP_disableVIC                      
70066bc4  HwiP_getCPSR                         
70066bd0  CacheP_disableL1d                    
70066bf8  CacheP_disableL1p                    
70066c10  CacheP_enableL1d                     
70066c28  CacheP_enableL1p                     
70066c40  CacheP_invL1d                        
70066c78  CacheP_invL1p                        
70066cb4  CacheP_invL1dAll                     
70066cbc  CacheP_invL1pAll                     
70066cc4  CacheP_wb                            
70066d00  CacheP_wbInv                         
70066d3c  CacheP_wbAll                         
70066de4  CacheP_wbInvAll                      
70066dfc  CacheP_wbInvAllAsm                   
70066e9c  CacheP_getEnabled                    
70066ed4  CacheP_getCacheLevelInfo             
70066ee0  CacheP_configForceWrThru             
70066f00  CacheP_setDLFO                       
70066f11  CacheP_init                          
70066fa1  CacheP_disable                       
70066ff1  CacheP_enable                        
70067031  CacheP_inv                           
70067071  MpuP_getAttrs                        
700670d1  MpuP_RegionAttrs_init                
70067101  MpuP_setRegion                       
70067191  MpuP_isEnable                        
700671a1  MpuP_disable                         
700671e1  MpuP_enable                          
70067231  MpuP_init                            
700672d1  MpuP_isUserAuthorizedToAccessMemory  
700673b0  MpuP_disableAsm                      
700673c8  MpuP_disableBRAsm                    
700673d8  MpuP_enableAsm                       
700673f0  MpuP_enableBRAsm                     
70067400  MpuP_isEnableAsm                     
70067414  MpuP_setRegionAsm                    
70067430  _c_int00_sbl                         
70067454  _c_int00                             
70067581  _DebugP_assertNoLog                  
700675b1  _system_pre_init                     
700675e1  __mpu_init                           
700675f0  abort                                
700675f8  gEdmaConfig                          
700675f8  gIpcNotifyMailboxConfig              
700675f8  gUartDmaHandle                       
70067754  gUartParams                          
700677cc  gClockConfig                         
700677e4  gIpcNotifyInterruptConfig_r5fss0_0   
70067814  gSocModulesClockFrequency            
70067840  gIpcNotifyCoreIntrBitPos             
70067850  gAddrTranslateConfig                 
7006785c  gSocModules                          
7006786c  gUartConfig                          
70067888  FreeRTOS_errno                       
7006788c  _lock                                
70067890  _unlock                              
70067898  gDebugLogZone                        
7006789c  gDebugP_uartDrvIndex                 
700678a0  gEdmaConfigNum                       
700678a4  gHwiConfig                           
700678a8  gIpcNotifyInterruptConfigNum_r5fss0_0
700678ac  gIpcTask                             
700678b0  gLogReaderTask                       
700678b4  gMainTask                            
700678b8  gUartConfigNum                       
700678bc  gUartDmaChConfig                     
700678c0  gUdpRxTask                           
700678c4  gUdpTxTask                           
700678d0  pxCurrentTCB                         
700678d4  ulPortInterruptNesting               
700678d8  ulPortSchedularRunning               
700678dc  ulPortTaskHasFPUContext              
700678e0  ulPortYieldRequired                  
70067921  isMapAvailable                       
70067928  __IRQ_STACK_START                    
70067a28  __FIQ_STACK_START                    
70067a28  __IRQ_STACK_END                      
70067b28  __FIQ_STACK_END                      
70067b28  __SVC_STACK_START                    
70068b28  __ABORT_STACK_START                  
70068b28  __SVC_STACK_END                      
70068c28  __ABORT_STACK_END                    
70068c28  __UNDEFINED_STACK_START              
70068d28  __UNDEFINED_STACK_END                
701d0000  gGatewaySharedMem                    
701d4000  gDebugShmLog                         
ffffffff  __TI_pprof_out_hndl                  
ffffffff  __TI_prof_data_size                  
ffffffff  __TI_prof_data_start                 
ffffffff  __binit__                            
ffffffff  binit                                
UNDEFED   __TI_CINIT_Base                      
UNDEFED   __TI_CINIT_Limit                     
UNDEFED   __TI_Handler_Table_Base              
UNDEFED   __TI_Handler_Table_Limit             
UNDEFED   _system_post_cinit                   

[438 symbols]
