******************************************************************************
            TI ARM Clang Linker PC v4.0.4                      
******************************************************************************
>> Linked Tue Apr  7 18:02:58 2026

OUTPUT FILE NAME:   <ccu_ti_multi_core_freertos.out>
ENTRY POINT SYMBOL: "_vectors"  address: 00000000


MEMORY CONFIGURATION

         name            origin    length      used     unused   attr    fill
----------------------  --------  ---------  --------  --------  ----  --------
  R5F_VECS              00000000   00000040  00000040  00000000  RWIX
  R5F_TCMA              00000040   00007fc0  00000000  00007fc0  RWIX
  R5F_TCMB              00080000   00008000  00000000  00008000  RWIX
  MAILBOX_HSM           44000000   000003ce  00000000  000003ce  RWIX
  MAILBOX_R5F           44000400   000003ce  00000000  000003ce  RWIX
  FLASH                 60100000   00080000  00000000  00080000  RWIX
  SBL                   70000000   00040000  00000000  00040000  RWIX
  OCRAM                 70040000   00140000  000f3da8  0004c258  RWIX
  USER_SHM_MEM          70200000   00008000  00004ee4  0000311c  RWIX
  LOG_SHM_MEM           70208000   00004000  00002000  00002000  RWIX
  CPPI_DESC             70280000   00040000  00000a00  0003f600  RWIX
  RTOS_NORTOS_IPC_SHM_M 72000000   00003e80  00000000  00003e80  RWIX


SEGMENT ALLOCATION MAP

run origin  load origin   length   init length attrs members
----------  ----------- ---------- ----------- ----- -------
00000000    00000000    00000040   00000040    r-x
  00000000    00000000    00000040   00000040    r-x .vectors
70040000    70040000    0006f3c0   00000000    rw-
  70040000    70040000    0003c680   00000000    rw- .bss
  7007c680    7007c680    00030d40   00000000    rw- .sysmem
  700ad3c0    700ad3c0    00002000   00000000    rw- .stack
700af3c0    700af3c0    00062cc8   00062cc8    r-x
  700af3c0    700af3c0    00051940   00051940    r-x .text
  70100d00    70100d00    00011388   00011388    r-- .rodata
7012a100    7012a100    00006f68   00006f68    rw-
  7012a100    7012a100    00006f68   00006f68    rw- .data
70131070    70131070    000019b8   000019b8    r-x
  70131070    70131070    00000f90   00000f90    r-x .text.hwi
  70132000    70132000    000004a0   000004a0    r-x .text.cache
  701324a0    701324a0    000003c0   000003c0    r-x .text.mpu
  70132860    70132860    000001c0   000001c0    r-x .text.boot
  70132a20    70132a20    00000008   00000008    r-x .text:abort
70132a28    70132a28    00001400   00000000    rw-
  70132a28    70132a28    00000100   00000000    rw- .irqstack
  70132b28    70132b28    00000100   00000000    rw- .fiqstack
  70132c28    70132c28    00001000   00000000    rw- .svcstack
  70133c28    70133c28    00000100   00000000    rw- .abortstack
  70133d28    70133d28    00000100   00000000    rw- .undefinedstack


SECTION ALLOCATION MAP

 output                                  attributes/
section   page    origin      length       input sections
--------  ----  ----------  ----------   ----------------
.vectors   0    00000000    00000040     
                  00000000    00000040     freertos.am263px.r5f.ti-arm-clang.debug.lib : HwiP_armv7r_vectors_freertos_asm.obj (.vectors)

.bss       0    70040000    0003c680     UNINITIALIZED
                  70040000    00012c1f     (.common:memp_memory_POOL_1568_base)
                  70052c1f    0000409f     (.common:memp_memory_POOL_4096_base)
                  70056cbe    00000002     lwip-freertos.am263px.r5f.ti-arm-clang.debug.lib : ip4.obj (.bss.ip_id)
                  70056cc0    00004000     main.o (.bss.gEnetLwipTaskStack)
                  7005acc0    00004000     test.o (.bss.gUdpRxTaskStack)
                  7005ecc0    00004000     main.o (.bss.gUdpTxTaskStack)
                  70062cc0    00003e9f     (.common:memp_memory_POOL_128_base)
                  70066b5f    00000001     lwip-freertos.am263px.r5f.ti-arm-clang.debug.lib : dhcp.obj (.bss.dhcp_pcb_refcount)
                  70066b60    00002200     ti_enet_config.o (.bss.gAppPktInfoMem_LargePool)
                  70068d60    00001918     ti_enet_lwipif.o (.bss.gLwipifEnetAppObj)
                  7006a678    0000101f     (.common:memp_memory_NETBUF_base)
                  7006b697    0000101f     (.common:memp_memory_PBUF_base)
                  7006c6b6    0000101f     (.common:memp_memory_TCPIP_MSG_API_base)
                  7006d6d5    0000101f     (.common:memp_memory_TCPIP_MSG_INPKT_base)
                  7006e6f4    0000101f     (.common:memp_memory_TCP_SEG_base)
                  7006f713    00000001     lwip-freertos.am263px.r5f.ti-arm-clang.debug.lib : etharp.obj (.bss.etharp_cached_entry)
                  7006f714    00000058     freertos.am263px.r5f.ti-arm-clang.debug.lib : DebugP_freertos.obj (.bss.gDebugLogLockObj)
                  7006f76c    00000014     lwip-freertos.am263px.r5f.ti-arm-clang.debug.lib : tcp_in.obj (.bss.inseg)
                  7006f780    00001000     ti_dpl_config.o (.bss.debug_mem_trace_buf)
                  70070780    00001000     freertos.am263px.r5f.ti-arm-clang.debug.lib : DebugP_shmLogReader_freertos.obj (.bss.gDebugShmLogReaderTaskStack)
                  70071780    00001000     main.o (.bss.gMainTaskStack)
                  70072780    00001000     freertos.am263px.r5f.ti-arm-clang.debug.lib : port.obj (.bss.uxIdleTaskStack)
                  70073780    00000d80     ti_enet_open_close.o (.bss.gEnetAppSysCfgObj)
                  70074500    00000b1f     (.common:memp_memory_SYS_MBOX_base)
                  7007501f    00000001     lwip-freertos.am263px.r5f.ti-arm-clang.debug.lib : tcp_in.obj (.bss.flags)
                  70075020    00000880     ti_enet_config.o (.bss.gAppPktInfoMemOnly)
                  700758a0    0000081f     (.common:memp_memory_RX_POOL_base)
                  700760bf    00000001     lwip-freertos.am263px.r5f.ti-arm-clang.debug.lib : sys_arch.obj (.bss.lwip_core_lock_count)
                  700760c0    0000080c     (.common:gHwiCtrl)
                  700768cc    00000014     freertos.am263px.r5f.ti-arm-clang.debug.lib : timers.obj (.bss.xActiveTimerList1)
                  700768e0    00000800     log_reader_task.o (.bss.gLogReaderTaskStack)
                  700770e0    000005c0     enet-cpsw.am263px.r5f.ti-arm-clang.freertos.debug.lib : enet_osal.obj (.bss.gOsalSemPEnetOsalPool)
                  700776a0    00000440     lwip-freertos.am263px.r5f.ti-arm-clang.debug.lib : dns.obj (.bss.dns_table)
                  70077ae0    00000430     enet-cpsw.am263px.r5f.ti-arm-clang.freertos.debug.lib : enetphy.obj (.bss.gEnetPhy_phyObjs)
                  70077f10    00000400     ti_enet_config.o (.bss.gAppPktInfoContainerMem_LargePool)
                  70078310    00000010     lwip-freertos.am263px.r5f.ti-arm-clang.debug.lib : dns.obj (.bss.dns_pcbs)
                  70078320    00000400     main.o (.bss.gIpcTaskStack)
                  70078720    00000400     freertos.am263px.r5f.ti-arm-clang.debug.lib : port.obj (.bss.uxTimerTaskStack)
                  70078b20    00000400     (.common:gFreePbufArr)
                  70078f20    000003df     (.common:memp_memory_ARP_QUEUE_base)
                  700792ff    0000033f     (.common:memp_memory_TCP_PCB_base)
                  7007963e    00000002     lwip-freertos.am263px.r5f.ti-arm-clang.debug.lib : ip4_frag.obj (.bss.ip_reass_pbufcount)
                  70079640    000002c0     ti_enet_config.o (.bss:ENET_CPDMA_OBJ_MEM)
                  70079900    0000029f     (.common:memp_memory_NETCONN_base)
                  70079b9f    00000001     lwip-freertos.am263px.r5f.ti-arm-clang.debug.lib : netif.obj (.bss.netif_num)
                  70079ba0    00000288     ti_drivers_config.o (.bss.gUartObjects)
                  70079e28    00000280     freertos.am263px.r5f.ti-arm-clang.debug.lib : tasks.obj (.bss.pxReadyTasksLists)
                  7007a0a8    0000023f     (.common:memp_memory_SYS_TIMEOUT_base)
                  7007a2e7    00000001     lwip-freertos.am263px.r5f.ti-arm-clang.debug.lib : tcp_in.obj (.bss.recv_flags)
                  7007a2e8    00000204     (.common:lwip_stats)
                  7007a4ec    000001ff     (.common:memp_memory_FRAG_PBUF_base)
                  7007a6eb    00000001                                                      : tcp.obj (.bss.tcp_timer)
                  7007a6ec    000001cc     main.o (.bss.build_and_send_udp_packet.xgw_states)
                  7007a8b8    00000178     ti_drivers_config.o (.bss.gI2cObjects)
                  7007aa30    0000016c     (.common:gEepromObject_CAT24M)
                  7007ab9c    0000015f     (.common:memp_memory_ALTCP_PCB_base)
                  7007acfb    0000015f     (.common:memp_memory_NETDB_base)
                  7007ae5a    0000015f     (.common:memp_memory_REASSDATA_base)
                  7007afb9    00000001     lwip-freertos.am263px.r5f.ti-arm-clang.debug.lib : tcp.obj (.bss.tcp_timer_ctr)
                  7007afba    00000002                                                      : tcp_in.obj (.bss.recv_acked)
                  7007afbc    00000120     libsysbm.a : trgmsg.c.obj (.bss:_CIOBUF_)
                  7007b0dc    0000011f     (.common:memp_memory_IGMP_GROUP_base)
                  7007b1fb    0000011f     (.common:memp_memory_TCP_PCB_LISTEN_base)
                  7007b31a    0000011f     (.common:memp_memory_UDP_PCB_base)
                  7007b439    00000100     freertos.am263px.r5f.ti-arm-clang.debug.lib : timers.obj (.bss.prvCheckForValidListAndQueue.ucStaticTimerQueueStorage)
                  7007b539    00000001     (.common:pbuf_free_ooseq_pending)
                  7007b53a    00000002     lwip-freertos.am263px.r5f.ti-arm-clang.debug.lib : tcp_in.obj (.bss.tcp_optidx)
                  7007b53c    00000100     (.common:xQueueRegistry)
                  7007b63c    000000f0                                                      : etharp.obj (.bss.arp_table)
                  7007b72c    000000d8     (.common:gEnetUtilsObj)
                  7007b804    000000b8     (.common:gIpcNotifyCtrl)
                  7007b8bc    000000a0     libc.a : defs.c.obj (.bss.__TI_tmpnams)
                  7007b95c    00000004     lwip-freertos.am263px.r5f.ti-arm-clang.debug.lib : tcp_in.obj (.bss.ackno)
                  7007b960    000000a0     (.common:gTaskP_ctrl)
                  7007ba00    00000098     freertos.am263px.r5f.ti-arm-clang.debug.lib : DebugP_shmLogReader_freertos.obj (.bss.gDebugShmLogReaderTaskObj)
                  7007ba98    00000098     main.o (.bss.gEnetLwipTaskObj)
                  7007bb30    00000098     main.o (.bss.gIpcTaskObj)
                  7007bbc8    00000098     log_reader_task.o (.bss.gLogReaderTaskObj)
                  7007bc60    00000098     main.o (.bss.gMainTaskObj)
                  7007bcf8    00000098     test.o (.bss.gUdpRxTaskTcb)
                  7007bd90    00000098     main.o (.bss.gUdpTxTaskObj)
                  7007be28    00000098     freertos.am263px.r5f.ti-arm-clang.debug.lib : port.obj (.bss.xIdleTaskTCB)
                  7007bec0    00000098                                                 : port.obj (.bss.xTimerTaskTCB)
                  7007bf58    00000094     (.common:gDebugShmLogReaderCtrl)
                  7007bfec    00000080     enet-cpsw.am263px.r5f.ti-arm-clang.freertos.debug.lib : enet_osal.obj (.bss.gOsalHwiPEnetOsalPool)
                  7007c06c    0000007f     (.common:memp_memory_RAW_PCB_base)
                  7007c0eb    0000007a     freertos.am263px.r5f.ti-arm-clang.debug.lib : DebugP_memTraceLogWriter.obj (.bss.DebugP_memLogWriterPutChar.lineBuf)
                  7007c165    00000001     (.common:tcp_active_pcbs_changed)
                  7007c166    00000002     lwip-freertos.am263px.r5f.ti-arm-clang.debug.lib : tcp_in.obj (.bss.tcphdr_opt1len)
                  7007c168    00000050     freertos.am263px.r5f.ti-arm-clang.debug.lib : timers.obj (.bss.prvCheckForValidListAndQueue.xStaticTimerQueue)
                  7007c1b8    00000050     (.common:gRovDummyQueue)
                  7007c208    00000030     lwip-freertos.am263px.r5f.ti-arm-clang.debug.lib : dns.obj (.bss.dns_requests)
                  7007c238    00000029     enet-cpsw.am263px.r5f.ti-arm-clang.freertos.debug.lib : enetphy.obj (.bss.gEnetPhyCapsBuf)
                  7007c261    00000001     --HOLE--
                  7007c262    00000002     lwip-freertos.am263px.r5f.ti-arm-clang.debug.lib : tcp_in.obj (.bss.tcphdr_optlen)
                  7007c264    00000028                                                      : dhcp.obj (.bss.dhcp_rx_options_val)
                  7007c28c    00000024     enet-cpsw.am263px.r5f.ti-arm-clang.freertos.debug.lib : enet_cpdma_priv.obj (.bss.gCpswDmaMemMgrObj)
                  7007c2b0    0000001f     (.common:memp_memory_PBUF_POOL_base)
                  7007c2cf    00000001     --HOLE--
                  7007c2d0    00000018     (.common:gClockCtrl)
                  7007c2e8    00000018     (.common:ip_data)
                  7007c300    00000014     freertos.am263px.r5f.ti-arm-clang.debug.lib : timers.obj (.bss.xActiveTimerList2)
                  7007c314    00000014                                                 : tasks.obj (.bss.xDelayedTaskList1)
                  7007c328    00000014                                                 : tasks.obj (.bss.xDelayedTaskList2)
                  7007c33c    00000014                                                 : tasks.obj (.bss.xPendingReadyList)
                  7007c350    00000014                                                 : tasks.obj (.bss.xSuspendedTaskList)
                  7007c364    00000014                                                 : tasks.obj (.bss.xTasksWaitingTermination)
                  7007c378    00000010     lwip-freertos.am263px.r5f.ti-arm-clang.debug.lib : ip4_addr.obj (.bss.ip4addr_ntoa.str)
                  7007c388    00000010                                                      : memp.obj (.bss.memp_stats_ALTCP_PCB)
                  7007c398    00000010                                                      : memp.obj (.bss.memp_stats_ARP_QUEUE)
                  7007c3a8    00000010                                                      : memp.obj (.bss.memp_stats_FRAG_PBUF)
                  7007c3b8    00000010                                                      : memp.obj (.bss.memp_stats_IGMP_GROUP)
                  7007c3c8    00000010                                                      : memp.obj (.bss.memp_stats_NETBUF)
                  7007c3d8    00000010                                                      : memp.obj (.bss.memp_stats_NETCONN)
                  7007c3e8    00000010                                                      : memp.obj (.bss.memp_stats_NETDB)
                  7007c3f8    00000010                                                      : memp.obj (.bss.memp_stats_PBUF)
                  7007c408    00000010                                                      : memp.obj (.bss.memp_stats_PBUF_POOL)
                  7007c418    00000010                                                      : memp.obj (.bss.memp_stats_POOL_128)
                  7007c428    00000010                                                      : memp.obj (.bss.memp_stats_POOL_1568)
                  7007c438    00000010                                                      : memp.obj (.bss.memp_stats_POOL_4096)
                  7007c448    00000010                                                      : memp.obj (.bss.memp_stats_RAW_PCB)
                  7007c458    00000010                                                      : memp.obj (.bss.memp_stats_REASSDATA)
                  7007c468    00000010     ti_enet_lwipif.o (.bss.memp_stats_RX_POOL)
                  7007c478    00000010     lwip-freertos.am263px.r5f.ti-arm-clang.debug.lib : memp.obj (.bss.memp_stats_SYS_MBOX)
                  7007c488    00000010                                                      : memp.obj (.bss.memp_stats_SYS_TIMEOUT)
                  7007c498    00000010                                                      : memp.obj (.bss.memp_stats_TCPIP_MSG_API)
                  7007c4a8    00000010                                                      : memp.obj (.bss.memp_stats_TCPIP_MSG_INPKT)
                  7007c4b8    00000010                                                      : memp.obj (.bss.memp_stats_TCP_PCB)
                  7007c4c8    00000010                                                      : memp.obj (.bss.memp_stats_TCP_PCB_LISTEN)
                  7007c4d8    00000010                                                      : memp.obj (.bss.memp_stats_TCP_SEG)
                  7007c4e8    00000010                                                      : memp.obj (.bss.memp_stats_UDP_PCB)
                  7007c4f8    00000010     (.common:virtToPhymap)
                  7007c508    0000000c     (.common:pfreeQ)
                  7007c514    0000000a                                                      : dhcp.obj (.bss.dhcp_rx_options_given)
                  7007c51e    00000002                                                      : tcp_in.obj (.bss.tcplen)
                  7007c520    00000008                                                      : dns.obj (.bss.dns_servers)
                  7007c528    00000008     libsysbm.a : hostopen.c.obj (.bss.parmbuf)
                  7007c530    00000004     lwip-freertos.am263px.r5f.ti-arm-clang.debug.lib : igmp.obj (.bss.allrouters)
                  7007c534    00000004                                                      : igmp.obj (.bss.allsystems)
                  7007c538    00000004                                                      : timeouts.obj (.bss.current_timeout_due_time)
                  7007c53c    00000004                                                      : dhcp.obj (.bss.dhcp_create_msg.xid)
                  7007c540    00000004                                                      : dhcp.obj (.bss.dhcp_pcb)
                  7007c544    00000004                                                      : netif.obj (.bss.ext_callback)
                  7007c548    00000004     freertos.am263px.r5f.ti-arm-clang.debug.lib : DebugP_shmLogReader_freertos.obj (.bss.gDebugShmLogReaderTask)
                  7007c54c    00000004                                                 : HwiP_armv7r_handlers_freertos.obj (.bss.gdummy)
                  7007c550    00000004                                                 : HwiP_armv7r_vim.obj (.bss.gdummy)
                  7007c554    00000004     lwip-freertos.am263px.r5f.ti-arm-clang.debug.lib : ip4.obj (.bss.ip4_default_multicast_netif)
                  7007c558    00000004                                                      : sys_arch.obj (.bss.lwip_core_lock_holder_thread)
                  7007c55c    00000004                                                      : sys_arch.obj (.bss.lwip_tcpip_thread)
                  7007c560    00000004                                                      : memp.obj (.bss.memp_tab_ALTCP_PCB)
                  7007c564    00000004                                                      : memp.obj (.bss.memp_tab_ARP_QUEUE)
                  7007c568    00000004                                                      : memp.obj (.bss.memp_tab_FRAG_PBUF)
                  7007c56c    00000004                                                      : memp.obj (.bss.memp_tab_IGMP_GROUP)
                  7007c570    00000004                                                      : memp.obj (.bss.memp_tab_NETBUF)
                  7007c574    00000004                                                      : memp.obj (.bss.memp_tab_NETCONN)
                  7007c578    00000004                                                      : memp.obj (.bss.memp_tab_NETDB)
                  7007c57c    00000004                                                      : memp.obj (.bss.memp_tab_PBUF)
                  7007c580    00000004                                                      : memp.obj (.bss.memp_tab_PBUF_POOL)
                  7007c584    00000004                                                      : memp.obj (.bss.memp_tab_POOL_128)
                  7007c588    00000004                                                      : memp.obj (.bss.memp_tab_POOL_1568)
                  7007c58c    00000004                                                      : memp.obj (.bss.memp_tab_POOL_4096)
                  7007c590    00000004                                                      : memp.obj (.bss.memp_tab_RAW_PCB)
                  7007c594    00000004                                                      : memp.obj (.bss.memp_tab_REASSDATA)
                  7007c598    00000004     ti_enet_lwipif.o (.bss.memp_tab_RX_POOL)
                  7007c59c    00000004     lwip-freertos.am263px.r5f.ti-arm-clang.debug.lib : memp.obj (.bss.memp_tab_SYS_MBOX)
                  7007c5a0    00000004                                                      : memp.obj (.bss.memp_tab_SYS_TIMEOUT)
                  7007c5a4    00000004                                                      : memp.obj (.bss.memp_tab_TCPIP_MSG_API)
                  7007c5a8    00000004                                                      : memp.obj (.bss.memp_tab_TCPIP_MSG_INPKT)
                  7007c5ac    00000004                                                      : memp.obj (.bss.memp_tab_TCP_PCB)
                  7007c5b0    00000004                                                      : memp.obj (.bss.memp_tab_TCP_PCB_LISTEN)
                  7007c5b4    00000004                                                      : memp.obj (.bss.memp_tab_TCP_SEG)
                  7007c5b8    00000004                                                      : memp.obj (.bss.memp_tab_UDP_PCB)
                  7007c5bc    00000004                                                      : timeouts.obj (.bss.next_timeout)
                  7007c5c0    00000004     freertos.am263px.r5f.ti-arm-clang.debug.lib : timers.obj (.bss.pxCurrentTimerList)
                  7007c5c4    00000004                                                 : tasks.obj (.bss.pxDelayedTaskList)
                  7007c5c8    00000004                                                 : tasks.obj (.bss.pxOverflowDelayedTaskList)
                  7007c5cc    00000004                                                 : timers.obj (.bss.pxOverflowTimerList)
                  7007c5d0    00000004     lwip-freertos.am263px.r5f.ti-arm-clang.debug.lib : raw.obj (.bss.raw_pcbs)
                  7007c5d4    00000004                                                      : ip4_frag.obj (.bss.reassdatagrams)
                  7007c5d8    00000004                                                      : tcp_in.obj (.bss.recv_data)
                  7007c5dc    00000004                                                      : tcp_in.obj (.bss.seqno)
                  7007c5e0    00000004                                                      : sys_arch.obj (.bss.sys_arch_protect_mutex)
                  7007c5e4    00000004                                                      : sys_arch.obj (.bss.sys_arch_protect_nesting)
                  7007c5e8    00000004     libc.a : memory.c.obj (.bss.sys_free)
                  7007c5ec    00000004     lwip-freertos.am263px.r5f.ti-arm-clang.debug.lib : tcp_in.obj (.bss.tcphdr)
                  7007c5f0    00000004                                                      : tcp_in.obj (.bss.tcphdr_opt2)
                  7007c5f4    00000004                                                      : tcpip.obj (.bss.tcpip_init_done)
                  7007c5f8    00000004                                                      : tcpip.obj (.bss.tcpip_init_done_arg)
                  7007c5fc    00000004                                                      : tcpip.obj (.bss.tcpip_mbox)
                  7007c600    00000004                                                      : timeouts.obj (.bss.tcpip_tcp_timer_active)
                  7007c604    00000004     freertos.am263px.r5f.ti-arm-clang.debug.lib : tasks.obj (.bss.xIdleTaskHandles)
                  7007c608    00000004     (.common:gEepromHandle)
                  7007c60c    00000004     (.common:gI2cHandle)
                  7007c610    00000004     (.common:gInterface)
                  7007c614    00000004     (.common:gUartHandle)
                  7007c618    00000004     (.common:lock_tcpip_core)
                  7007c61c    00000004     (.common:netif_default)
                  7007c620    00000004     (.common:netif_list)
                  7007c624    00000004     (.common:tcp_active_pcbs)
                  7007c628    00000004     (.common:tcp_bound_pcbs)
                  7007c62c    00000004     (.common:tcp_input_pcb)
                  7007c630    00000004     (.common:tcp_listen_pcbs)
                  7007c634    00000004     (.common:tcp_ticks)
                  7007c638    00000004     (.common:tcp_tw_pcbs)
                  7007c63c    00000004     (.common:udp_pcbs)
                  7007c640    00000040     --HOLE--

.sysmem    0    7007c680    00030d40     UNINITIALIZED
                  7007c680    00000010     libc.a : memory.c.obj (.sysmem)
                  7007c690    00030d30     --HOLE--

.stack     0    700ad3c0    00002000     UNINITIALIZED
                  700ad3c0    00000004     freertos.am263px.r5f.ti-arm-clang.debug.lib : boot_armv7r_asm.obj (.stack)
                  700ad3c4    00001ffc     --HOLE--

.text      0    700af3c0    00051940     
                  700af3c0    000011da     lwip-freertos.am263px.r5f.ti-arm-clang.debug.lib : tcp_in.obj (.text.tcp_receive)
                  700b059a    00000002     --HOLE-- [fill = 0]
                  700b059c    00000004     libclang_rt.builtins.a : aeabi_div0.c.obj (.text.__aeabi_idiv0)
                  700b05a0    00000c3e     lwip-freertos.am263px.r5f.ti-arm-clang.debug.lib : tcp_in.obj (.text.tcp_input)
                  700b11de    00000002     --HOLE-- [fill = 0]
                  700b11e0    00000ad8                                                      : tcp_in.obj (.text.tcp_process)
                  700b1cb8    00000008     libsysbm.a : hostexit.c.obj (.text.HOSTexit)
                  700b1cc0    00000abe     enet-cpsw.am263px.r5f.ti-arm-clang.freertos.debug.lib : enet_cpdma.obj (.text.EnetCpdma_dequeueTx)
                  700b277e    00000002     --HOLE-- [fill = 0]
                  700b2780    00000a34     freertos.am263px.r5f.ti-arm-clang.debug.lib : printf.obj (.text._vsnprintf)
                  700b31b4    0000000c     libclang_rt.builtins.a : aeabi_memset.S.obj (.text.__aeabi_memclr)
                  700b31c0    0000099a     enet-cpsw.am263px.r5f.ti-arm-clang.freertos.debug.lib : enet_cpdma.obj (.text.EnetCpdma_dequeueRx)
                  700b3b5a    00000002     --HOLE-- [fill = 0]
                  700b3b5c    00000004     libclang_rt.builtins.a : aeabi_div0.c.obj (.text.__aeabi_ldiv0)
                  700b3b60    00000960     lwip-freertos.am263px.r5f.ti-arm-clang.debug.lib : tcp.obj (.text.tcp_slowtmr)
                  700b44c0    000007a4     drivers.am263px.r5f.ti-arm-clang.freertos.debug.lib : i2c_v1_lld.obj (.text.I2C_lld_primeTransferPoll)
                  700b4c64    0000000c     libc.a : memory.c.obj (.text.malloc)
                  700b4c70    00000678     drivers.am263px.r5f.ti-arm-clang.freertos.debug.lib : soc_rcm.obj (.text.SOC_rcmGetClkSrcAndDivReg)
                  700b52e8    00000004     libclang_rt.builtins.a : aeabi_memcpy.S.obj (.text.__aeabi_memcpy)
                  700b52ec    00000004     libc.a : _lock.c.obj (.text._nop)
                  700b52f0    00000654     lwip-freertos.am263px.r5f.ti-arm-clang.debug.lib : dhcp.obj (.text.dhcp_parse_reply)
                  700b5944    0000000c     freertos.am263px.r5f.ti-arm-clang.debug.lib : CpuId_armv7r_asm.obj (.text)
                  700b5950    00000638     drivers.am263px.r5f.ti-arm-clang.freertos.debug.lib : soc_rcm.obj (.text.SOC_rcmEnablePeripheralClock)
                  700b5f88    00000004     libc.a : fseek.c.obj (.text.fseek)
                  700b5f8c    00000004     libsysbm.a : remove.c.obj (.text.remove)
                  700b5f90    00000610     lwipif-cpsw-freertos.am263px.r5f.ti-arm-clang.debug.lib : lwip2enet.obj (.text.Lwip2Enet_open)
                  700b65a0    00000606     enet-cpsw.am263px.r5f.ti-arm-clang.freertos.debug.lib : enet_cpdma.obj (.text.EnetCpdma_enqueueRx)
                  700b6ba6    0000000a     --HOLE-- [fill = 0]
                  700b6bb0    000005e2     freertos.am263px.r5f.ti-arm-clang.debug.lib : printf.obj (.text._ftoa)
                  700b7192    0000000e     --HOLE-- [fill = 0]
                  700b71a0    00000552     enet-cpsw.am263px.r5f.ti-arm-clang.freertos.debug.lib : cpsw_ale.obj (.text.CpswAle_open)
                  700b76f2    0000000e     --HOLE-- [fill = 0]
                  700b7700    0000054c     lwip-freertos.am263px.r5f.ti-arm-clang.debug.lib : ip4.obj (.text.ip4_input)
                  700b7c4c    00000004     --HOLE-- [fill = 0]
                  700b7c50    0000050e                                                      : icmp.obj (.text.icmp_input)
                  700b815e    00000002     --HOLE-- [fill = 0]
                  700b8160    00000506     enet-cpsw.am263px.r5f.ti-arm-clang.freertos.debug.lib : enet_cpdma.obj (.text.EnetCpdma_enqueueTx)
                  700b8666    0000000a     --HOLE-- [fill = 0]
                  700b8670    000004d8     lwip-freertos.am263px.r5f.ti-arm-clang.debug.lib : tcp_out.obj (.text.tcp_output)
                  700b8b48    00000008     --HOLE-- [fill = 0]
                  700b8b50    000004d0     main.o (.text.udp_tx_task)
                  700b9020    000004b0     freertos.am263px.r5f.ti-arm-clang.debug.lib : printf.obj (.text._etoa)
                  700b94d0    000004ae     lwip-freertos.am263px.r5f.ti-arm-clang.debug.lib : udp.obj (.text.udp_input)
                  700b997e    00000002     --HOLE-- [fill = 0]
                  700b9980    00000492                                                      : etharp.obj (.text.etharp_query)
                  700b9e12    0000000e     --HOLE-- [fill = 0]
                  700b9e20    0000048a                                                      : etharp.obj (.text.etharp_find_entry)
                  700ba2aa    00000006     --HOLE-- [fill = 0]
                  700ba2b0    00000486                                                      : ip4_frag.obj (.text.ip4_reass)
                  700ba736    0000000a     --HOLE-- [fill = 0]
                  700ba740    00000466     board.am263px.r5f.ti-arm-clang.freertos.debug.lib : dp83869.obj (.text.Dp83869_printRegs)
                  700baba6    0000000a     --HOLE-- [fill = 0]
                  700babb0    00000446     enet-cpsw.am263px.r5f.ti-arm-clang.freertos.debug.lib : cpsw_macport.obj (.text.CpswMacPort_open)
                  700baff6    0000000a     --HOLE-- [fill = 0]
                  700bb000    0000043e                                                           : enet_rm.obj (.text.EnetRm_detachCore)
                  700bb43e    00000002     --HOLE-- [fill = 0]
                  700bb440    00000404     drivers.am263px.r5f.ti-arm-clang.freertos.debug.lib : uart_v0.obj (.text.UART_open)
                  700bb844    0000000c     --HOLE-- [fill = 0]
                  700bb850    000003e2     enet-cpsw.am263px.r5f.ti-arm-clang.freertos.debug.lib : enet_rm.obj (.text.EnetRm_close)
                  700bbc32    0000000e     --HOLE-- [fill = 0]
                  700bbc40    000003dc     drivers.am263px.r5f.ti-arm-clang.freertos.debug.lib : ipc_notify_v1.obj (.text.IpcNotify_init)
                  700bc01c    000003dc     libc.a : _printfi.c.obj (.text:__TI_printfi_minimal)
                  700bc3f8    00000008     --HOLE-- [fill = 0]
                  700bc400    000003d2     drivers.am263px.r5f.ti-arm-clang.freertos.debug.lib : soc.obj (.text.SOC_phyToVirt)
                  700bc7d2    0000000e     --HOLE-- [fill = 0]
                  700bc7e0    000003c4     xgw_udp_interface.o (.text.xgw_udp_send_motor_states)
                  700bcba4    0000000c     --HOLE-- [fill = 0]
                  700bcbb0    000003be     lwip-freertos.am263px.r5f.ti-arm-clang.debug.lib : ip4_frag.obj (.text.ip_reass_chain_frag_into_datagram_and_validate)
                  700bcf6e    00000002     --HOLE-- [fill = 0]
                  700bcf70    000003ba                                                      : udp.obj (.text.udp_sendto_if_src)
                  700bd32a    00000006     --HOLE-- [fill = 0]
                  700bd330    000003b0                                                      : tcp_out.obj (.text.tcp_split_unsent_seg)
                  700bd6e0    000003a2     enet-cpsw.am263px.r5f.ti-arm-clang.freertos.debug.lib : cpsw.obj (.text.Cpsw_registerIntrs)
                  700bda82    0000000e     --HOLE-- [fill = 0]
                  700bda90    00000398                                                           : mdio.obj (.text.Mdio_open)
                  700bde28    00000018     libc.a : memset32.S.obj (.text:TI_memset_small)
                  700bde40    00000390            : strcmp32.S.obj (.text:strcmp)
                  700be1d0    00000380     lwip-freertos.am263px.r5f.ti-arm-clang.debug.lib : ip4_frag.obj (.text.ip4_frag)
                  700be550    0000036e     enet-cpsw.am263px.r5f.ti-arm-clang.freertos.debug.lib : cpsw.obj (.text.Cpsw_handleLinkDown)
                  700be8be    00000002     --HOLE-- [fill = 0]
                  700be8c0    0000036a                                                           : enet_appmemutils.obj (.text.EnetMem_initCore)
                  700bec2a    00000006     --HOLE-- [fill = 0]
                  700bec30    00000362     lwipif-cpsw-freertos.am263px.r5f.ti-arm-clang.debug.lib : lwip2enet.obj (.text.Lwip2Enet_prepRxPktQ)
                  700bef92    0000000e     --HOLE-- [fill = 0]
                  700befa0    00000356     drivers.am263px.r5f.ti-arm-clang.freertos.debug.lib : i2c_v1.obj (.text.I2C_open)
                  700bf2f6    0000000a     --HOLE-- [fill = 0]
                  700bf300    0000034a     enet-cpsw.am263px.r5f.ti-arm-clang.freertos.debug.lib : cpsw.obj (.text.Cpsw_openInternal)
                  700bf64a    00000006     --HOLE-- [fill = 0]
                  700bf650    0000033a                                                           : cpsw_ioctl.obj (.text.Cpsw_openPortLinkNoPhy)
                  700bf98a    00000006     --HOLE-- [fill = 0]
                  700bf990    00000330                                                           : cpsw.obj (.text.Cpsw_open)
                  700bfcc0    00000326     lwip-freertos.am263px.r5f.ti-arm-clang.debug.lib : ip4.obj (.text.ip4_output_if_opt_src)
                  700bffe6    0000000a     --HOLE-- [fill = 0]
                  700bfff0    00000320     motor_mapping.o (.text.motor_mapping_init_core0)
                  700c0310    0000031e     lwip-freertos.am263px.r5f.ti-arm-clang.debug.lib : tcp_out.obj (.text.tcp_enqueue_flags)
                  700c062e    00000002     --HOLE-- [fill = 0]
                  700c0630    00000302     drivers.am263px.r5f.ti-arm-clang.freertos.debug.lib : soc.obj (.text.SOC_virtToPhy)
                  700c0932    0000000e     --HOLE-- [fill = 0]
                  700c0940    00000300     xgw_udp_interface.o (.text.udp_rx_task)
                  700c0c40    000002f8     lwip-freertos.am263px.r5f.ti-arm-clang.debug.lib : pbuf.obj (.text.pbuf_alloc)
                  700c0f38    00000008     --HOLE-- [fill = 0]
                  700c0f40    000002f2     enet-cpsw.am263px.r5f.ti-arm-clang.freertos.debug.lib : enet_cpdma.obj (.text.EnetCpdma_open)
                  700c1232    0000000e     --HOLE-- [fill = 0]
                  700c1240    000002f2     xgw_udp_interface.o (.text.xgw_udp_process_motor_set)
                  700c1532    0000000e     --HOLE-- [fill = 0]
                  700c1540    000002e6     enet-cpsw.am263px.r5f.ti-arm-clang.freertos.debug.lib : csl_cpsw.obj (.text.CSL_CPSW_setPortRxDscpMap)
                  700c1826    0000000a     --HOLE-- [fill = 0]
                  700c1830    000002e6     ti_enet_open_close.o (.text.EnetApp_driverOpen)
                  700c1b16    0000000a     --HOLE-- [fill = 0]
                  700c1b20    000002de     lwip-freertos.am263px.r5f.ti-arm-clang.debug.lib : etharp.obj (.text.etharp_output)
                  700c1dfe    00000002     --HOLE-- [fill = 0]
                  700c1e00    000002da     enet-cpsw.am263px.r5f.ti-arm-clang.freertos.debug.lib : cpsw.obj (.text.Cpsw_periodicTick)
                  700c20da    00000006     --HOLE-- [fill = 0]
                  700c20e0    000002d2                                                           : enetphy.obj (.text.EnetPhy_enableState)
                  700c23b2    0000000e     --HOLE-- [fill = 0]
                  700c23c0    000002bc     lwip-freertos.am263px.r5f.ti-arm-clang.debug.lib : tcp_out.obj (.text.tcp_output_segment)
                  700c267c    00000004     --HOLE-- [fill = 0]
                  700c2680    000002ba     drivers.am263px.r5f.ti-arm-clang.freertos.debug.lib : i2c_v1_lld.obj (.text.I2C_lld_controllerIsr)
                  700c293a    00000006     --HOLE-- [fill = 0]
                  700c2940    000002ba     main.o (.text.build_and_send_udp_packet)
                  700c2bfa    00000006     --HOLE-- [fill = 0]
                  700c2c00    000002ba     lwip-freertos.am263px.r5f.ti-arm-clang.debug.lib : pbuf.obj (.text.pbuf_copy_partial_pbuf)
                  700c2eba    00000006     --HOLE-- [fill = 0]
                  700c2ec0    000002b8     enet-cpsw.am263px.r5f.ti-arm-clang.freertos.debug.lib : cpsw.obj (.text.Cpsw_handleLinkUp)
                  700c3178    00000008     --HOLE-- [fill = 0]
                  700c3180    000002aa     lwip-freertos.am263px.r5f.ti-arm-clang.debug.lib : netif.obj (.text.netif_add)
                  700c342a    00000006     --HOLE-- [fill = 0]
                  700c3430    000002a8     enet-cpsw.am263px.r5f.ti-arm-clang.freertos.debug.lib : cpsw_ale.obj (.text.CpswAle_addVlan)
                  700c36d8    00000008     --HOLE-- [fill = 0]
                  700c36e0    0000029e     lwip-freertos.am263px.r5f.ti-arm-clang.debug.lib : tcp_in.obj (.text.tcp_listen_input)
                  700c397e    00000002     --HOLE-- [fill = 0]
                  700c3980    0000029a     drivers.am263px.r5f.ti-arm-clang.freertos.debug.lib : i2c_v1_lld.obj (.text.I2C_lld_targetIsr)
                  700c3c1a    00000006     --HOLE-- [fill = 0]
                  700c3c20    00000296     lwip-freertos.am263px.r5f.ti-arm-clang.debug.lib : tcp.obj (.text.tcp_close_shutdown)
                  700c3eb6    0000000a     --HOLE-- [fill = 0]
                  700c3ec0    00000290     enet-cpsw.am263px.r5f.ti-arm-clang.freertos.debug.lib : cpsw.obj (.text.Cpsw_registerIoctlHandler)
                  700c4150    0000028e                                                           : csl_cpsw.obj (.text.CSL_CPSW_setAlePolicerEntry)
                  700c43de    00000002     --HOLE-- [fill = 0]
                  700c43e0    00000286                                                           : csl_cpsw.obj (.text.CSL_CPSW_getAlePolicerEntry)
                  700c4666    0000000a     --HOLE-- [fill = 0]
                  700c4670    0000027e                                                           : cpsw_ale.obj (.text.CpswAle_findVlan)
                  700c48ee    00000002     --HOLE-- [fill = 0]
                  700c48f0    0000027e     drivers.am263px.r5f.ti-arm-clang.freertos.debug.lib : uart_dma_edma.obj (.text.UART_edmaChInit)
                  700c4b6e    00000002     --HOLE-- [fill = 0]
                  700c4b70    0000027a     enet-cpsw.am263px.r5f.ti-arm-clang.freertos.debug.lib : cpsw.obj (.text.Cpsw_ioctl)
                  700c4dea    00000006     --HOLE-- [fill = 0]
                  700c4df0    00000272     test.o (.text.test_netif_init)
                  700c5062    0000000e     --HOLE-- [fill = 0]
                  700c5070    00000266     enet-cpsw.am263px.r5f.ti-arm-clang.freertos.debug.lib : cpsw_est_ioctl.obj (.text.CpswEst_ioctl_handler_ENET_TAS_IOCTL_SET_STATE)
                  700c52d6    0000000a     --HOLE-- [fill = 0]
                  700c52e0    00000266     freertos.am263px.r5f.ti-arm-clang.debug.lib : tasks.obj (.text.xTaskIncrementTick)
                  700c5546    0000000a     --HOLE-- [fill = 0]
                  700c5550    0000025a     lwip-freertos.am263px.r5f.ti-arm-clang.debug.lib : ip4_frag.obj (.text.ip_reass_free_complete_datagram)
                  700c57aa    00000006     --HOLE-- [fill = 0]
                  700c57b0    0000025a     freertos.am263px.r5f.ti-arm-clang.debug.lib : tasks.obj (.text.xTaskResumeAll)
                  700c5a0a    00000006     --HOLE-- [fill = 0]
                  700c5a10    00000254     lwip-freertos.am263px.r5f.ti-arm-clang.debug.lib : igmp.obj (.text.igmp_input)
                  700c5c64    0000000c     --HOLE-- [fill = 0]
                  700c5c70    00000252     xgw_udp_interface.o (.text.xgw_udp_process_motor_cmd)
                  700c5ec2    0000000e     --HOLE-- [fill = 0]
                  700c5ed0    00000250     drivers.am263px.r5f.ti-arm-clang.freertos.debug.lib : edma.obj (.text.Alloc_resource)
                  700c6120    0000024c     enet-cpsw.am263px.r5f.ti-arm-clang.freertos.debug.lib : cpsw_macport_ioctl.obj (.text.CpswMacPort_enablePort)
                  700c636c    00000004     --HOLE-- [fill = 0]
                  700c6370    00000246     lwip-freertos.am263px.r5f.ti-arm-clang.debug.lib : dns.obj (.text.dns_send)
                  700c65b6    0000000a     --HOLE-- [fill = 0]
                  700c65c0    00000242     enet-cpsw.am263px.r5f.ti-arm-clang.freertos.debug.lib : enetphy.obj (.text.EnetPhy_bindDriver)
                  700c6802    0000000e     --HOLE-- [fill = 0]
                  700c6810    00000242     drivers.am263px.r5f.ti-arm-clang.freertos.debug.lib : uart_v0_lld.obj (.text.UART_fifoConfig)
                  700c6a52    0000000e     --HOLE-- [fill = 0]
                  700c6a60    00000240     main.o (.text.core0_init)
                  700c6ca0    0000023e     enet-cpsw.am263px.r5f.ti-arm-clang.freertos.debug.lib : cpsw_cpts_ioctl.obj (.text.CpswCpts_handleEvents)
                  700c6ede    00000002     --HOLE-- [fill = 0]
                  700c6ee0    0000023e     freertos.am263px.r5f.ti-arm-clang.debug.lib : printf.obj (.text._ntoa_format)
                  700c711e    00000002     --HOLE-- [fill = 0]
                  700c7120    00000238     main.o (.text.freertos_main)
                  700c7358    00000008     --HOLE-- [fill = 0]
                  700c7360    00000234     enet-cpsw.am263px.r5f.ti-arm-clang.freertos.debug.lib : cpsw_hostport.obj (.text.CpswHostPort_open)
                  700c7594    0000000c     --HOLE-- [fill = 0]
                  700c75a0    00000230                                                           : enet_appmemutils.obj (.text.EnetMem_allocEthPkt)
                  700c77d0    0000022e     xgw_udp_interface.o (.text.xgw_udp_send_imu_state)
                  700c79fe    00000002     --HOLE-- [fill = 0]
                  700c7a00    0000022c     enet-cpsw.am263px.r5f.ti-arm-clang.freertos.debug.lib : enet_cpdma_priv.obj (.text.EnetCpdma_memMgrInit)
                  700c7c2c    00000004     --HOLE-- [fill = 0]
                  700c7c30    0000022a     lwipif-cpsw-freertos.am263px.r5f.ti-arm-clang.debug.lib : lwip2lwipif.obj (.text.LWIPIF_LWIP_getChkSumInfo)
                  700c7e5a    00000006     --HOLE-- [fill = 0]
                  700c7e60    0000022a     lwip-freertos.am263px.r5f.ti-arm-clang.debug.lib : dhcp.obj (.text.dhcp_select)
                  700c808a    00000006     --HOLE-- [fill = 0]
                  700c8090    00000226     drivers.am263px.r5f.ti-arm-clang.freertos.debug.lib : uart_dma_edma.obj (.text.UART_lld_dmaDeInit)
                  700c82b6    0000000a     --HOLE-- [fill = 0]
                  700c82c0    00000222                                                         : ipc_notify_v1.obj (.text.IpcNotify_isr)
                  700c84e2    0000000e     --HOLE-- [fill = 0]
                  700c84f0    00000220     enet-cpsw.am263px.r5f.ti-arm-clang.freertos.debug.lib : enet_cpdma.obj (.text.EnetCpdma_closeTxCh)
                  700c8710    00000220                                                           : enet_rm_ioctl.obj (.text.EnetRm_allocMacAddr)
                  700c8930    00000220     freertos.am263px.r5f.ti-arm-clang.debug.lib : tasks.obj (.text.vTaskGenericNotifyGiveFromISR)
                  700c8b50    00000220                                                 : queue.obj (.text.xQueueGenericSend)
                  700c8d70    0000021a     enet-cpsw.am263px.r5f.ti-arm-clang.freertos.debug.lib : cpsw_stats.obj (.text.CpswStats_open)
                  700c8f8a    00000006     --HOLE-- [fill = 0]
                  700c8f90    0000020a     lwip-freertos.am263px.r5f.ti-arm-clang.debug.lib : tcp.obj (.text.tcp_pcb_remove)
                  700c919a    00000006     --HOLE-- [fill = 0]
                  700c91a0    0000020a     freertos.am263px.r5f.ti-arm-clang.debug.lib : queue.obj (.text.xQueueSemaphoreTake)
                  700c93aa    00000006     --HOLE-- [fill = 0]
                  700c93b0    00000206     enet-cpsw.am263px.r5f.ti-arm-clang.freertos.debug.lib : cpsw_cpts.obj (.text.CpswCpts_open)
                  700c95b6    0000000a     --HOLE-- [fill = 0]
                  700c95c0    00000206                                                           : enet_cpdma.obj (.text.EnetCpdma_closeRxCh)
                  700c97c6    0000000a     --HOLE-- [fill = 0]
                  700c97d0    00000206     lwip-freertos.am263px.r5f.ti-arm-clang.debug.lib : dhcp.obj (.text.dhcp_recv)
                  700c99d6    0000000a     --HOLE-- [fill = 0]
                  700c99e0    00000204     enet-cpsw.am263px.r5f.ti-arm-clang.freertos.debug.lib : enetphy.obj (.text.EnetPhy_open)
                  700c9be4    0000000c     --HOLE-- [fill = 0]
                  700c9bf0    000001fe                                                           : cpsw_stats_ioctl.obj (.text.CpswStats_readHostStats)
                  700c9dee    00000002     --HOLE-- [fill = 0]
                  700c9df0    000001fe     lwip-freertos.am263px.r5f.ti-arm-clang.debug.lib : pbuf.obj (.text.pbuf_free)
                  700c9fee    00000002     --HOLE-- [fill = 0]
                  700c9ff0    000001f6                                                      : dhcp.obj (.text.dhcp_create_msg)
                  700ca1e6    0000000a     --HOLE-- [fill = 0]
                  700ca1f0    000001f2     drivers.am263px.r5f.ti-arm-clang.freertos.debug.lib : i2c_v1.obj (.text.I2C_primeTransfer)
                  700ca3e2    0000000e     --HOLE-- [fill = 0]
                  700ca3f0    000001f2                                                         : i2c_v1.obj (.text.I2C_transfer)
                  700ca5e2    0000000e     --HOLE-- [fill = 0]
                  700ca5f0    000001ee     enet-cpsw.am263px.r5f.ti-arm-clang.freertos.debug.lib : cpsw_ale.obj (.text.CpswAle_setAleCfg)
                  700ca7de    00000002     --HOLE-- [fill = 0]
                  700ca7e0    000001ee                                                           : cpsw_ioctl.obj (.text.Cpsw_openPortLinkWithPhy)
                  700ca9ce    00000002     --HOLE-- [fill = 0]
                  700ca9d0    000001ea                                                           : cpsw_hostport.obj (.text.CpswHostPort_ioctl)
                  700cabba    00000006     --HOLE-- [fill = 0]
                  700cabc0    000001ea                                                           : cpsw_stats.obj (.text.CpswStats_ioctl)
                  700cadaa    00000006     --HOLE-- [fill = 0]
                  700cadb0    000001ea                                                           : cpsw_ioctl.obj (.text.Cpsw_openPortLink)
                  700caf9a    00000006     --HOLE-- [fill = 0]
                  700cafa0    000001ea     lwip-freertos.am263px.r5f.ti-arm-clang.debug.lib : tcp.obj (.text.tcp_abandon)
                  700cb18a    00000006     --HOLE-- [fill = 0]
                  700cb190    000001e2     ti_enet_open_close.o (.text.EnetApp_initLinkArgs)
                  700cb372    0000000e     --HOLE-- [fill = 0]
                  700cb380    000001e2     lwip-freertos.am263px.r5f.ti-arm-clang.debug.lib : pbuf.obj (.text.pbuf_realloc)
                  700cb562    0000000e     --HOLE-- [fill = 0]
                  700cb570    000001e0     enet-cpsw.am263px.r5f.ti-arm-clang.freertos.debug.lib : cpsw_stats_ioctl.obj (.text.CpswStats_readMacStats)
                  700cb750    000001e0     lwip-freertos.am263px.r5f.ti-arm-clang.debug.lib : dhcp.obj (.text.dhcp_bind)
                  700cb930    000001da     enet-cpsw.am263px.r5f.ti-arm-clang.freertos.debug.lib : enet.obj (.text.Enet_validateIoctl)
                  700cbb0a    00000006     --HOLE-- [fill = 0]
                  700cbb10    000001d8     freertos.am263px.r5f.ti-arm-clang.debug.lib : queue.obj (.text.xQueueReceive)
                  700cbce8    00000008     --HOLE-- [fill = 0]
                  700cbcf0    000001d6                                                 : TimerP_rti_priv.obj (.text.TimerP_setupPriv)
                  700cbec6    0000000a     --HOLE-- [fill = 0]
                  700cbed0    000001d4     ti_enet_lwipif.o (.text.LwipifEnetAppCb_getRxHandleInfo)
                  700cc0a4    0000000c     --HOLE-- [fill = 0]
                  700cc0b0    000001d4     enet-cpsw.am263px.r5f.ti-arm-clang.freertos.debug.lib : mdio.obj (.text.Mdio_ioctl)
                  700cc284    000001d0     libclang_rt.builtins.a : udivsi3.S.obj (.text.__udivsi3)
                  700cc454    0000000c     --HOLE-- [fill = 0]
                  700cc460    000001ce     xgw_udp_interface.o (.text.xgw_udp_start)
                  700cc62e    00000002     --HOLE-- [fill = 0]
                  700cc630    000001c8     lwip-freertos.am263px.r5f.ti-arm-clang.debug.lib : etharp.obj (.text.etharp_raw)
                  700cc7f8    00000008     --HOLE-- [fill = 0]
                  700cc800    000001c6     enet-cpsw.am263px.r5f.ti-arm-clang.freertos.debug.lib : enet_rm_ioctl.obj (.text.EnetRm_allocTxChNum)
                  700cc9c6    0000000a     --HOLE-- [fill = 0]
                  700cc9d0    000001c6     lwip-freertos.am263px.r5f.ti-arm-clang.debug.lib : tcp_out.obj (.text.tcp_create_segment)
                  700ccb96    0000000a     --HOLE-- [fill = 0]
                  700ccba0    000001c4     ti_enet_lwipif.o (.text.LwipifEnetApp_startSchedule)
                  700ccd64    0000000c     --HOLE-- [fill = 0]
                  700ccd70    000001c2     enet-cpsw.am263px.r5f.ti-arm-clang.freertos.debug.lib : enet.obj (.text.Enet_validateGenericIoctl)
                  700ccf32    0000000e     --HOLE-- [fill = 0]
                  700ccf40    000001bc     freertos.am263px.r5f.ti-arm-clang.debug.lib : tasks.obj (.text.xTaskRemoveFromEventList)
                  700cd0fc    00000004     --HOLE-- [fill = 0]
                  700cd100    000001b4     enet-cpsw.am263px.r5f.ti-arm-clang.freertos.debug.lib : enet_rm.obj (.text.EnetRm_open)
                  700cd2b4    0000000c     --HOLE-- [fill = 0]
                  700cd2c0    000001b2     lwip-freertos.am263px.r5f.ti-arm-clang.debug.lib : ip4.obj (.text.ip4_forward)
                  700cd472    0000000e     --HOLE-- [fill = 0]
                  700cd480    000001b0     enet-cpsw.am263px.r5f.ti-arm-clang.freertos.debug.lib : cpsw_ale.obj (.text.CpswAle_delPolicerEntry)
                  700cd630    000001b0     lwip-freertos.am263px.r5f.ti-arm-clang.debug.lib : dns.obj (.text.dns_call_found)
                  700cd7e0    000001ae     ti_enet_open_close.o (.text.EnetApp_ConfigureDscpMapping)
                  700cd98e    00000002     --HOLE-- [fill = 0]
                  700cd990    000001ac     drivers.am263px.r5f.ti-arm-clang.freertos.debug.lib : uart_v0.obj (.text.UART_close)
                  700cdb3c    00000004     --HOLE-- [fill = 0]
                  700cdb40    000001aa     enet-cpsw.am263px.r5f.ti-arm-clang.freertos.debug.lib : mdio_ioctl.obj (.text.Mdio_readRegC45)
                  700cdcea    00000006     --HOLE-- [fill = 0]
                  700cdcf0    000001aa     drivers.am263px.r5f.ti-arm-clang.freertos.debug.lib : uart_dma_edma.obj (.text.UART_lld_dmaWrite)
                  700cde9a    00000006     --HOLE-- [fill = 0]
                  700cdea0    000001aa     lwip-freertos.am263px.r5f.ti-arm-clang.debug.lib : mem.obj (.text.mem_free)
                  700ce04a    00000006     --HOLE-- [fill = 0]
                  700ce050    000001a8     enet-cpsw.am263px.r5f.ti-arm-clang.freertos.debug.lib : enet_appmemutils.obj (.text.EnetDma_checkPktState)
                  700ce1f8    00000008     --HOLE-- [fill = 0]
                  700ce200    000001a8     lwipif-cpsw-freertos.am263px.r5f.ti-arm-clang.debug.lib : custom_pbuf.obj (.text.EnetDma_checkPktState)
                  700ce3a8    00000008     --HOLE-- [fill = 0]
                  700ce3b0    000001a8                                                             : lwip2enet.obj (.text.EnetDma_checkPktState)
                  700ce558    000001a8     libc.a : memory.c.obj (.text.free)
                  700ce700    000001a4            : memory.c.obj (.text.aligned_alloc)
                  700ce8a4    0000000c     --HOLE-- [fill = 0]
                  700ce8b0    000001a4     freertos.am263px.r5f.ti-arm-clang.debug.lib : timers.obj (.text.prvProcessReceivedCommands)
                  700cea54    0000000c     --HOLE-- [fill = 0]
                  700cea60    000001a0     drivers.am263px.r5f.ti-arm-clang.freertos.debug.lib : uart_v0.obj (.text.UART_write)
                  700cec00    000001a0     lwip-freertos.am263px.r5f.ti-arm-clang.debug.lib : pbuf.obj (.text.pbuf_take)
                  700ceda0    000001a0     freertos.am263px.r5f.ti-arm-clang.debug.lib : tasks.obj (.text.vTaskSwitchContext)
                  700cef40    0000019e     enet-cpsw.am263px.r5f.ti-arm-clang.freertos.debug.lib : cpsw_ale_ioctl.obj (.text.CpswAle_addMcastAddr)
                  700cf0de    00000002     --HOLE-- [fill = 0]
                  700cf0e0    0000019c     libc.a : fputs.c.obj (.text.fputs)
                  700cf27c    00000004     --HOLE-- [fill = 0]
                  700cf280    0000019a     enet-cpsw.am263px.r5f.ti-arm-clang.freertos.debug.lib : cpsw_cpts.obj (.text.CpswCpts_ioctl)
                  700cf41a    00000006     --HOLE-- [fill = 0]
                  700cf420    0000019a     lwip-freertos.am263px.r5f.ti-arm-clang.debug.lib : dns.obj (.text.dns_check_entry)
                  700cf5ba    00000006     --HOLE-- [fill = 0]
                  700cf5c0    0000019a     freertos.am263px.r5f.ti-arm-clang.debug.lib : tasks.obj (.text.vTaskPriorityDisinheritAfterTimeout)
                  700cf75a    00000006     --HOLE-- [fill = 0]
                  700cf760    0000019a                                                 : queue.obj (.text.xQueueGenericSendFromISR)
                  700cf8fa    00000006     --HOLE-- [fill = 0]
                  700cf900    00000198     drivers.am263px.r5f.ti-arm-clang.freertos.debug.lib : uart_v0_lld.obj (.text.UART_lld_controllerIsr)
                  700cfa98    00000008     --HOLE-- [fill = 0]
                  700cfaa0    00000196     lwip-freertos.am263px.r5f.ti-arm-clang.debug.lib : dhcp.obj (.text.dhcp_reboot)
                  700cfc36    0000000a     --HOLE-- [fill = 0]
                  700cfc40    00000194     enet-cpsw.am263px.r5f.ti-arm-clang.freertos.debug.lib : cpsw_ale.obj (.text.CpswAle_ioctl)
                  700cfdd4    0000000c     --HOLE-- [fill = 0]
                  700cfde0    00000194                                                           : cpsw_macport.obj (.text.CpswMacPort_ioctl)
                  700cff74    0000000c     --HOLE-- [fill = 0]
                  700cff80    00000192     lwip-freertos.am263px.r5f.ti-arm-clang.debug.lib : ethernet.obj (.text.ethernet_input)
                  700d0112    0000000e     --HOLE-- [fill = 0]
                  700d0120    00000192                                                      : tcp_out.obj (.text.tcp_zero_window_probe)
                  700d02b2    0000000e     --HOLE-- [fill = 0]
                  700d02c0    00000190                                                      : etharp.obj (.text.etharp_update_arp_entry)
                  700d0450    0000018e                                                      : etharp.obj (.text.etharp_input)
                  700d05de    00000002     --HOLE-- [fill = 0]
                  700d05e0    0000018a     enet-cpsw.am263px.r5f.ti-arm-clang.freertos.debug.lib : enet_rm.obj (.text.EnetRm_ioctl)
                  700d076a    00000006     --HOLE-- [fill = 0]
                  700d0770    0000018a     lwip-freertos.am263px.r5f.ti-arm-clang.debug.lib : sys_arch.obj (.text.sys_arch_mbox_fetch)
                  700d08fa    00000006     --HOLE-- [fill = 0]
                  700d0900    00000188     freertos.am263px.r5f.ti-arm-clang.debug.lib : ClockP_freertos_r5.obj (.text.ClockP_init)
                  700d0a88    00000008     --HOLE-- [fill = 0]
                  700d0a90    00000186     lwip-freertos.am263px.r5f.ti-arm-clang.debug.lib : acd.obj (.text.acd_tmr)
                  700d0c16    0000000a     --HOLE-- [fill = 0]
                  700d0c20    00000186                                                      : tcp.obj (.text.tcp_alloc)
                  700d0da6    0000000a     --HOLE-- [fill = 0]
                  700d0db0    0000017c     lwipif-cpsw-freertos.am263px.r5f.ti-arm-clang.debug.lib : lwip2enet.obj (.text.Lwip2Enet_close)
                  700d0f2c    00000004     --HOLE-- [fill = 0]
                  700d0f30    0000017a                                                             : custom_pbuf.obj (.text.custom_pbuf_free)
                  700d10aa    00000006     --HOLE-- [fill = 0]
                  700d10b0    00000178     freertos.am263px.r5f.ti-arm-clang.debug.lib : DebugP_shmLogReader.obj (.text.DebugP_shmLogReaderGetString)
                  700d1228    00000008     --HOLE-- [fill = 0]
                  700d1230    00000178     enet-cpsw.am263px.r5f.ti-arm-clang.freertos.debug.lib : enet_rm.obj (.text.EnetRm_initRxObj)
                  700d13a8    00000008     --HOLE-- [fill = 0]
                  700d13b0    00000178     lwipif-cpsw-freertos.am263px.r5f.ti-arm-clang.debug.lib : lwip2enet.obj (.text.Lwip2Enet_periodicFxn)
                  700d1528    00000008     --HOLE-- [fill = 0]
                  700d1530    00000178     lwip-freertos.am263px.r5f.ti-arm-clang.debug.lib : udp.obj (.text.udp_bind)
                  700d16a8    00000008     --HOLE-- [fill = 0]
                  700d16b0    00000176     enet-cpsw.am263px.r5f.ti-arm-clang.freertos.debug.lib : cpsw_macport_est.obj (.text.CpswEst_setState)
                  700d1826    0000000a     --HOLE-- [fill = 0]
                  700d1830    00000176     lwip-freertos.am263px.r5f.ti-arm-clang.debug.lib : dhcp.obj (.text.dhcp_discover)
                  700d19a6    0000000a     --HOLE-- [fill = 0]
                  700d19b0    00000176                                                      : icmp.obj (.text.icmp_send_response)
                  700d1b26    0000000a     --HOLE-- [fill = 0]
                  700d1b30    00000176                                                      : sys_arch.obj (.text.sys_sem_new)
                  700d1ca6    0000000a     --HOLE-- [fill = 0]
                  700d1cb0    00000174     enet-cpsw.am263px.r5f.ti-arm-clang.freertos.debug.lib : enetphy.obj (.text.EnetPhy_getLinkStatus)
                  700d1e24    0000000c     --HOLE-- [fill = 0]
                  700d1e30    00000172     board.am263px.r5f.ti-arm-clang.freertos.debug.lib : eeprom_cat24m.obj (.text.EEPROM_CAT24M_write)
                  700d1fa2    0000000e     --HOLE-- [fill = 0]
                  700d1fb0    00000172     lwip-freertos.am263px.r5f.ti-arm-clang.debug.lib : ip4.obj (.text.ip4_route)
                  700d2122    0000000e     --HOLE-- [fill = 0]
                  700d2130    00000172                                                      : sys_arch.obj (.text.sys_arch_sem_wait)
                  700d22a2    0000000e     --HOLE-- [fill = 0]
                  700d22b0    00000170     freertos.am263px.r5f.ti-arm-clang.debug.lib : queue.obj (.text.xQueueGiveFromISR)
                  700d2420    0000016c     lwip-freertos.am263px.r5f.ti-arm-clang.debug.lib : etharp.obj (.text.etharp_output_to_arp_index)
                  700d258c    00000004     --HOLE-- [fill = 0]
                  700d2590    00000168     enet-cpsw.am263px.r5f.ti-arm-clang.freertos.debug.lib : enet_cpdma.obj (.text.EnetCpdma_rxIsrProc)
                  700d26f8    00000008     --HOLE-- [fill = 0]
                  700d2700    00000168                                                           : enet_phymdio_dflt.obj (.text.EnetPhyMdioDflt_writeC45)
                  700d2868    00000008     --HOLE-- [fill = 0]
                  700d2870    00000166                                                           : enet_cpdma.obj (.text.EnetCpdma_openRxCh)
                  700d29d6    0000000a     --HOLE-- [fill = 0]
                  700d29e0    00000166     drivers.am263px.r5f.ti-arm-clang.freertos.debug.lib : i2c_v1_lld.obj (.text.I2C_lld_primeTransferIntr)
                  700d2b46    0000000a     --HOLE-- [fill = 0]
                  700d2b50    00000166     freertos.am263px.r5f.ti-arm-clang.debug.lib : TaskP_freertos.obj (.text.TaskP_assertParams)
                  700d2cb6    0000000a     --HOLE-- [fill = 0]
                  700d2cc0    00000166     lwip-freertos.am263px.r5f.ti-arm-clang.debug.lib : mem.obj (.text.mem_malloc)
                  700d2e26    0000000a     --HOLE-- [fill = 0]
                  700d2e30    00000166                                                      : tcp_in.obj (.text.tcp_parseopt)
                  700d2f96    0000000a     --HOLE-- [fill = 0]
                  700d2fa0    00000164     board.am263px.r5f.ti-arm-clang.freertos.debug.lib : dp83869.obj (.text.Dp83869_config)
                  700d3104    0000000c     --HOLE-- [fill = 0]
                  700d3110    00000164     enet-cpsw.am263px.r5f.ti-arm-clang.freertos.debug.lib : enet_rm.obj (.text.EnetRm_initHwPushObj)
                  700d3274    0000000c     --HOLE-- [fill = 0]
                  700d3280    00000162     drivers.am263px.r5f.ti-arm-clang.freertos.debug.lib : edma.obj (.text.EDMA_unregisterIntr)
                  700d33e2    0000000e     --HOLE-- [fill = 0]
                  700d33f0    00000162     enet-cpsw.am263px.r5f.ti-arm-clang.freertos.debug.lib : enet_phymdio_dflt.obj (.text.EnetPhyMdioDflt_readC45)
                  700d3552    0000000e     --HOLE-- [fill = 0]
                  700d3560    00000160                                                           : csl_cpsw.obj (.text.CSL_CPSW_setAlePortControlReg)
                  700d36c0    00000160     drivers.am263px.r5f.ti-arm-clang.freertos.debug.lib : i2c_v1_lld.obj (.text.I2C_lld_init)
                  700d3820    00000160     lwip-freertos.am263px.r5f.ti-arm-clang.debug.lib : inet_chksum.obj (.text.inet_cksum_pseudo_partial_base)
                  700d3980    00000160                                                      : tcp_in.obj (.text.tcp_free_acked_segments)
                  700d3ae0    0000015e     enet-cpsw.am263px.r5f.ti-arm-clang.freertos.debug.lib : enet_cpdma.obj (.text.EnetDma_retrieveRxPktQ)
                  700d3c3e    00000002     --HOLE-- [fill = 0]
                  700d3c40    0000015e     lwip-freertos.am263px.r5f.ti-arm-clang.debug.lib : dhcp.obj (.text.dhcp_renew)
                  700d3d9e    00000002     --HOLE-- [fill = 0]
                  700d3da0    0000015c     enet-cpsw.am263px.r5f.ti-arm-clang.freertos.debug.lib : enet_cpdma.obj (.text.EnetCpdma_txIsr)
                  700d3efc    00000004     --HOLE-- [fill = 0]
                  700d3f00    0000015c                                                           : enet_rm.obj (.text.EnetRm_initMacObj)
                  700d405c    00000004     --HOLE-- [fill = 0]
                  700d4060    0000015c     lwip-freertos.am263px.r5f.ti-arm-clang.debug.lib : dhcp.obj (.text.dhcp_rebind)
                  700d41bc    00000004     --HOLE-- [fill = 0]
                  700d41c0    0000015c     freertos.am263px.r5f.ti-arm-clang.debug.lib : tasks.obj (.text.prvAddNewTaskToReadyList)
                  700d431c    00000004     --HOLE-- [fill = 0]
                  700d4320    0000015c                                                 : tasks.obj (.text.xTaskPriorityInherit)
                  700d447c    00000004     --HOLE-- [fill = 0]
                  700d4480    0000015a     enet-cpsw.am263px.r5f.ti-arm-clang.freertos.debug.lib : enet_cpdma.obj (.text.EnetCpdma_netChOpen)
                  700d45da    00000006     --HOLE-- [fill = 0]
                  700d45e0    0000015a     lwip-freertos.am263px.r5f.ti-arm-clang.debug.lib : dhcp.obj (.text.dhcp_start)
                  700d473a    00000006     --HOLE-- [fill = 0]
                  700d4740    00000158     enet-cpsw.am263px.r5f.ti-arm-clang.freertos.debug.lib : cpsw_ale.obj (.text.CpswAle_initCfg)
                  700d4898    00000008     --HOLE-- [fill = 0]
                  700d48a0    00000158     ti_enet_config.o (.text.EnetApp_initializeMacAddrPool)
                  700d49f8    00000008     --HOLE-- [fill = 0]
                  700d4a00    00000158     enet-cpsw.am263px.r5f.ti-arm-clang.freertos.debug.lib : enet_phymdio_dflt.obj (.text.EnetPhyMdioDflt_writeC22)
                  700d4b58    00000008     --HOLE-- [fill = 0]
                  700d4b60    00000158     drivers.am263px.r5f.ti-arm-clang.freertos.debug.lib : soc.obj (.text.SOC_controlModuleUnlockMMR)
                  700d4cb8    00000008     --HOLE-- [fill = 0]
                  700d4cc0    00000158     lwip-freertos.am263px.r5f.ti-arm-clang.debug.lib : dhcp.obj (.text.dhcp_handle_ack)
                  700d4e18    00000008     --HOLE-- [fill = 0]
                  700d4e20    00000158                                                      : etharp.obj (.text.etharp_tmr)
                  700d4f78    00000008     --HOLE-- [fill = 0]
                  700d4f80    00000158                                                      : raw.obj (.text.raw_input)
                  700d50d8    00000008     --HOLE-- [fill = 0]
                  700d50e0    00000156     enet-cpsw.am263px.r5f.ti-arm-clang.freertos.debug.lib : enet_cpdma.obj (.text.EnetDma_submitTxPktQ)
                  700d5236    0000000a     --HOLE-- [fill = 0]
                  700d5240    00000154                                                           : enet_cpdma.obj (.text.EnetDma_retrieveTxPktQ)
                  700d5394    0000000c     --HOLE-- [fill = 0]
                  700d53a0    00000154     lwip-freertos.am263px.r5f.ti-arm-clang.debug.lib : stats.obj (.text.stats_display_igmp)
                  700d54f4    0000000c     --HOLE-- [fill = 0]
                  700d5500    00000152     drivers.am263px.r5f.ti-arm-clang.freertos.debug.lib : uart_v0_lld.obj (.text.UART_lld_initDma)
                  700d5652    0000000e     --HOLE-- [fill = 0]
                  700d5660    00000150     enet-cpsw.am263px.r5f.ti-arm-clang.freertos.debug.lib : enet_phymdio_dflt.obj (.text.EnetPhyMdioDflt_readC22)
                  700d57b0    00000150                                                           : enet_rm.obj (.text.EnetRm_delCoreAttached)
                  700d5900    0000014e     ti_enet_lwipif.o (.text.LwipifEnetApp_createPollTask)
                  700d5a4e    00000002     --HOLE-- [fill = 0]
                  700d5a50    0000014e     lwip-freertos.am263px.r5f.ti-arm-clang.debug.lib : sys_arch.obj (.text.sys_arch_unprotect)
                  700d5b9e    00000002     --HOLE-- [fill = 0]
                  700d5ba0    0000014e     freertos.am263px.r5f.ti-arm-clang.debug.lib : tasks.obj (.text.xTaskPriorityDisinherit)
                  700d5cee    00000002     --HOLE-- [fill = 0]
                  700d5cf0    0000014c     enet-cpsw.am263px.r5f.ti-arm-clang.freertos.debug.lib : enet_cpdma.obj (.text.EnetDma_submitRxPktQ)
                  700d5e3c    00000004     --HOLE-- [fill = 0]
                  700d5e40    0000014c     freertos.am263px.r5f.ti-arm-clang.debug.lib : queue.obj (.text.xQueueReceiveFromISR)
                  700d5f8c    00000004     --HOLE-- [fill = 0]
                  700d5f90    00000148     enet-cpsw.am263px.r5f.ti-arm-clang.freertos.debug.lib : cpsw_ale.obj (.text.CpswAle_setPolicerPartitionLevel)
                  700d60d8    00000008     --HOLE-- [fill = 0]
                  700d60e0    00000148     lwip-freertos.am263px.r5f.ti-arm-clang.debug.lib : netif.obj (.text.netif_set_addr)
                  700d6228    00000008     --HOLE-- [fill = 0]
                  700d6230    00000148                                                      : tcp_in.obj (.text.tcp_timewait_input)
                  700d6378    00000008     --HOLE-- [fill = 0]
                  700d6380    00000148                                                      : udp.obj (.text.udp_sendto)
                  700d64c8    00000008     --HOLE-- [fill = 0]
                  700d64d0    00000146     enet-cpsw.am263px.r5f.ti-arm-clang.freertos.debug.lib : cpsw_ioctl.obj (.text.Cpsw_closePortLink)
                  700d6616    0000000a     --HOLE-- [fill = 0]
                  700d6620    00000146     lwip-freertos.am263px.r5f.ti-arm-clang.debug.lib : udp.obj (.text.udp_input_local_match)
                  700d6766    0000000a     --HOLE-- [fill = 0]
                  700d6770    00000144     freertos.am263px.r5f.ti-arm-clang.debug.lib : tasks.obj (.text.prvInitialiseNewTask)
                  700d68b4    00000144     libc.a : setvbuf.c.obj (.text.setvbuf)
                  700d69f8    00000008     --HOLE-- [fill = 0]
                  700d6a00    00000144     lwip-freertos.am263px.r5f.ti-arm-clang.debug.lib : tcp.obj (.text.tcp_close_shutdown_fin)
                  700d6b44    0000000c     --HOLE-- [fill = 0]
                  700d6b50    00000142     enet-cpsw.am263px.r5f.ti-arm-clang.freertos.debug.lib : cpsw_ale_ioctl.obj (.text.CpswAle_delPortUcastEntries)
                  700d6c92    0000000e     --HOLE-- [fill = 0]
                  700d6ca0    00000142     freertos.am263px.r5f.ti-arm-clang.debug.lib : DebugP_memTraceLogWriter.obj (.text.DebugP_memLogWriterPutChar)
                  700d6de2    0000000e     --HOLE-- [fill = 0]
                  700d6df0    00000142     lwip-freertos.am263px.r5f.ti-arm-clang.debug.lib : igmp.obj (.text.igmp_lookup_group)
                  700d6f32    0000000e     --HOLE-- [fill = 0]
                  700d6f40    00000142     test.o (.text.test_init)
                  700d7082    0000000e     --HOLE-- [fill = 0]
                  700d7090    00000140     lwip-freertos.am263px.r5f.ti-arm-clang.debug.lib : pbuf.obj (.text.pbuf_cat)
                  700d71d0    0000013e     enet-cpsw.am263px.r5f.ti-arm-clang.freertos.debug.lib : csl_cpsw_ale_9g_tblcfg.obj (.text.CSL_CPSW_setAleVlanUnicastAddrEntry)
                  700d730e    00000002     --HOLE-- [fill = 0]
                  700d7310    0000013e                                                           : enet_cpdma.obj (.text.EnetCpdma_openTxCh)
                  700d744e    00000002     --HOLE-- [fill = 0]
                  700d7450    0000013e     drivers.am263px.r5f.ti-arm-clang.freertos.debug.lib : i2c_v1.obj (.text.I2C_mem_primeTransfer)
                  700d758e    00000002     --HOLE-- [fill = 0]
                  700d7590    0000013e     lwip-freertos.am263px.r5f.ti-arm-clang.debug.lib : pbuf.obj (.text.pbuf_copy_partial)
                  700d76ce    00000002     --HOLE-- [fill = 0]
                  700d76d0    0000013a     board.am263px.r5f.ti-arm-clang.freertos.debug.lib : dp83869.obj (.text.Dp83869_enableAdvertisement)
                  700d780a    00000006     --HOLE-- [fill = 0]
                  700d7810    0000013a     drivers.am263px.r5f.ti-arm-clang.freertos.debug.lib : edma.obj (.text.EDMA_isDmaChannelAllocated)
                  700d794a    00000006     --HOLE-- [fill = 0]
                  700d7950    0000013a     enet-cpsw.am263px.r5f.ti-arm-clang.freertos.debug.lib : enet_phymdio_dflt.obj (.text.EnetPhyMdioDflt_isAlive)
                  700d7a8a    00000006     --HOLE-- [fill = 0]
                  700d7a90    0000013a                                                           : enet_phymdio_dflt.obj (.text.EnetPhyMdioDflt_isLinked)
                  700d7bca    00000006     --HOLE-- [fill = 0]
                  700d7bd0    0000013a                                                           : enet.obj (.text.Enet_ioctl)
                  700d7d0a    00000006     --HOLE-- [fill = 0]
                  700d7d10    0000013a     board.am263px.r5f.ti-arm-clang.freertos.debug.lib : generic_phy.obj (.text.GenericPhy_enableAdvertisement)
                  700d7e4a    00000006     --HOLE-- [fill = 0]
                  700d7e50    0000013a     drivers.am263px.r5f.ti-arm-clang.freertos.debug.lib : i2c_v1_lld.obj (.text.I2C_lld_mem_write)
                  700d7f8a    00000006     --HOLE-- [fill = 0]
                  700d7f90    0000013a     lwip-freertos.am263px.r5f.ti-arm-clang.debug.lib : dhcp.obj (.text.dhcp_release_and_stop)
                  700d80ca    00000006     --HOLE-- [fill = 0]
                  700d80d0    00000138     enet-cpsw.am263px.r5f.ti-arm-clang.freertos.debug.lib : cpsw_cpts_ioctl.obj (.text.CpswCpts_ioctl_handler_CPSW_CPTS_IOCTL_SET_ESTF)
                  700d8208    00000008     --HOLE-- [fill = 0]
                  700d8210    00000138     freertos.am263px.r5f.ti-arm-clang.debug.lib : printf.obj (.text._ntoa_long_long)
                  700d8348    00000008     --HOLE-- [fill = 0]
                  700d8350    00000136     board.am263px.r5f.ti-arm-clang.freertos.debug.lib : dp83869.obj (.text.Dp83869_disableAdvertisement)
                  700d8486    0000000a     --HOLE-- [fill = 0]
                  700d8490    00000136     enet-cpsw.am263px.r5f.ti-arm-clang.freertos.debug.lib : enet_appmemutils.obj (.text.EnetMem_initMemObjs)
                  700d85c6    0000000a     --HOLE-- [fill = 0]
                  700d85d0    00000136     board.am263px.r5f.ti-arm-clang.freertos.debug.lib : generic_phy.obj (.text.GenericPhy_disableAdvertisement)
                  700d8706    0000000a     --HOLE-- [fill = 0]
                  700d8710    00000136     drivers.am263px.r5f.ti-arm-clang.freertos.debug.lib : uart_v0_lld.obj (.text.UART_procLineStatusErr)
                  700d8846    0000000a     --HOLE-- [fill = 0]
                  700d8850    00000136     lwip-freertos.am263px.r5f.ti-arm-clang.debug.lib : tcp_out.obj (.text.tcp_rst_common)
                  700d8986    0000000a     --HOLE-- [fill = 0]
                  700d8990    00000134     drivers.am263px.r5f.ti-arm-clang.freertos.debug.lib : edma.obj (.text.EDMA_registerIntr)
                  700d8ac4    0000000c     --HOLE-- [fill = 0]
                  700d8ad0    00000134                                                         : uart_v0_lld.obj (.text.UART_writePolling)
                  700d8c04    0000000c     --HOLE-- [fill = 0]
                  700d8c10    00000134     freertos.am263px.r5f.ti-arm-clang.debug.lib : tasks.obj (.text.vTaskDelete)
                  700d8d44    0000000c     --HOLE-- [fill = 0]
                  700d8d50    00000134     xgw_udp_interface.o (.text.xgw_udp_recv_callback)
                  700d8e84    0000000c     --HOLE-- [fill = 0]
                  700d8e90    00000132     enet-cpsw.am263px.r5f.ti-arm-clang.freertos.debug.lib : csl_cpsw_ale_9g_tblcfg.obj (.text.CSL_CPSW_setAleVlanMcastAddrEntry)
                  700d8fc2    0000000e     --HOLE-- [fill = 0]
                  700d8fd0    00000132                                                           : cpsw.obj (.text.Cpsw_dmaMiscIsr)
                  700d9102    0000000e     --HOLE-- [fill = 0]
                  700d9110    00000130                                                           : csl_cpsw_ale_9g_tblcfg.obj (.text.CSL_CPSW_setAleUnicastAddrEntry)
                  700d9240    00000130                                                           : enet.obj (.text.EnetPer_open)
                  700d9370    00000130     lwip-freertos.am263px.r5f.ti-arm-clang.debug.lib : tcp_in.obj (.text.tcp_oos_insert_segment)
                  700d94a0    0000012e                                                      : igmp.obj (.text.igmp_send)
                  700d95ce    00000002     --HOLE-- [fill = 0]
                  700d95d0    0000012c     enet-cpsw.am263px.r5f.ti-arm-clang.freertos.debug.lib : enet_osal.obj (.text.EnetOsal_registerIntr)
                  700d96fc    00000004     --HOLE-- [fill = 0]
                  700d9700    0000012c                                                           : enet_rm.obj (.text.EnetRm_validateResPartInfo)
                  700d982c    00000004     --HOLE-- [fill = 0]
                  700d9830    0000012c     drivers.am263px.r5f.ti-arm-clang.freertos.debug.lib : i2c_v1_lld.obj (.text.I2C_lld_mem_read)
                  700d995c    00000004     --HOLE-- [fill = 0]
                  700d9960    0000012c                                                         : uart_v0_lld.obj (.text.UART_lld_init)
                  700d9a8c    00000004     --HOLE-- [fill = 0]
                  700d9a90    0000012c     freertos.am263px.r5f.ti-arm-clang.debug.lib : tasks.obj (.text.ulTaskGenericNotifyTake)
                  700d9bbc    00000004     --HOLE-- [fill = 0]
                  700d9bc0    0000012a     enet-cpsw.am263px.r5f.ti-arm-clang.freertos.debug.lib : enet_utils.obj (.text.EnetUtils_macToPhyMii)
                  700d9cea    00000006     --HOLE-- [fill = 0]
                  700d9cf0    00000128                                                           : enet_cpdmautils.obj (.text.EnetAppUtils_isDescCached)
                  700d9e18    00000008     --HOLE-- [fill = 0]
                  700d9e20    00000128     drivers.am263px.r5f.ti-arm-clang.freertos.debug.lib : i2c_v1_lld.obj (.text.I2C_lld_mem_writeIntr)
                  700d9f48    00000008     --HOLE-- [fill = 0]
                  700d9f50    00000128     freertos.am263px.r5f.ti-arm-clang.debug.lib : port.obj (.text.pxPortInitialiseStack)
                  700da078    00000008     --HOLE-- [fill = 0]
                  700da080    00000128     lwip-freertos.am263px.r5f.ti-arm-clang.debug.lib : stats.obj (.text.stats_display_proto)
                  700da1a8    00000008     --HOLE-- [fill = 0]
                  700da1b0    00000126     drivers.am263px.r5f.ti-arm-clang.freertos.debug.lib : soc.obj (.text.SOC_controlModuleLockMMR)
                  700da2d6    0000000a     --HOLE-- [fill = 0]
                  700da2e0    00000126     lwip-freertos.am263px.r5f.ti-arm-clang.debug.lib : pbuf.obj (.text.pbuf_take_at)
[...]
70100c31  EnetBoard_getId                                                        
70100c41  EnetOsal_timerRead                                                     
70100c51  EnetSoc_getEnetNum                                                     
70100c61  TaskP_yield                                                            
70100c71  Board_init                                                             
70100c91  IpcNotify_wait                                                         
70100cb1  mem_init                                                               
70100cc1  netif_init                                                             
70100cd1  vPortConfigTimerForRunTimeStats                                        
70100ce1  vPortValidateInterruptPriority                                         
701014ae  gCR5ClkSrcInfoMap                                                      
701014b0  gCacheConfig                                                           
701014b8  gMpuConfig                                                             
701014c4  gMpuRegionConfig                                                       
701016d4  gMpuRegionSizeInBytes                                                  
70102d98  memp_pools                                                             
70104158  gADPLLJConfigTbl                                                       
70104b30  lwip_cyclic_timers                                                     
70108de0  I2C_defaultTransaction                                                 
7010ed60  I2C_lld_defaultMessage                                                 
7010ee68  gPeripheralClkSrcInfoMap                                               
7010ff40  memp_ALTCP_PCB                                                         
7010ff54  memp_ARP_QUEUE                                                         
7010ff68  memp_FRAG_PBUF                                                         
7010ff7c  memp_IGMP_GROUP                                                        
7010ff90  memp_NETBUF                                                            
7010ffa4  memp_NETCONN                                                           
7010ffb8  memp_NETDB                                                             
7010ffcc  memp_PBUF                                                              
7010ffe0  memp_PBUF_POOL                                                         
7010fff4  memp_POOL_128                                                          
70110008  memp_POOL_1568                                                         
7011001c  memp_POOL_4096                                                         
70110030  memp_RAW_PCB                                                           
70110044  memp_REASSDATA                                                         
70110058  memp_RX_POOL                                                           
7011006c  memp_SYS_MBOX                                                          
70110080  memp_SYS_TIMEOUT                                                       
70110094  memp_TCPIP_MSG_API                                                     
701100a8  memp_TCPIP_MSG_INPKT                                                   
701100bc  memp_TCP_PCB                                                           
701100d0  memp_TCP_PCB_LISTEN                                                    
701100e4  memp_TCP_SEG                                                           
701100f8  memp_UDP_PCB                                                           
70111264  tcp_pcb_lists                                                          
701118cc  g_EnetApp_dmaChParams                                                  
70111dc4  gEnetPhyDrvTbl                                                         
70111dd4  gXTALInfo                                                              
70111ecc  ethbroadcast                                                           
70111ed2  ethzero                                                                
7011201c  gCacheL1dCacheLineSize                                                 
70112020  gCacheL1pCacheLineSize                                                 
70112024  gStaticIP                                                              
70112028  gStaticIPGateway                                                       
7011202c  gStaticIPNetmask                                                       
70112030  ip_addr_any                                                            
70112034  ip_addr_broadcast                                                      
7012a100  gEdmaConfig                                                            
7012a100  gEnetSoc_cpsw3g                                                        
7012a100  gUartDmaHandle                                                         
7012bc60  gEnetSoc_dmaObj                                                        
7012e4b0  gEnetSoc_cpsw3gMacObj                                                  
7012e850  gEnetCpswCfg                                                           
7012f600  gEnetPhyDrvDp83869                                                     
7012f704  gEnetPhyDrvGeneric                                                     
7012f808  gIpcNotifyMailboxConfig                                                
7012fa00  _ftable                                                                
701305c0  _device                                                                
70130910  gUartParams                                                            
70130a0c  _stream                                                                
70130bf0  gEnetSoc_cpsw3gSocCfg                                                  
70130c58  gEnetMacAddrPool                                                       
70130c88  gSocModulesClockFrequency                                              
70130cf0  gClockConfig                                                           
70130d50  gDmaCfg                                                                
70130dc8  gIpcNotifyInterruptConfig_r5fss0_0                                     
70130e10  Cpsw_gSpeedNames                                                       
70130e20  gEepromFxns_CAT24M                                                     
70130e30  gIpcNotifyCoreIntrBitPos                                               
70130e40  gSocModules                                                            
70130e50  Cpsw_gDuplexNames                                                      
70130e5c  gAddrTranslateConfig                                                   
70130e74  gEepromAttrs_CAT24M                                                    
70130e80  gEepromConfig                                                          
70130e8c  gEnetSoc_perObj                                                        
70130e98  gI2cParams                                                             
70130ea4  __TI_cleanup_ptr                                                       
70130ea8  __TI_dtors_ptr                                                         
70130eac  gEepromParams                                                          
70130eb4  gI2cConfig                                                             
70130ec4  gUartConfig                                                            
70130ee0  FreeRTOS_errno                                                         
70130ee4  __TI_ft_end                                                            
70130ee8  _lock                                                                  
70130eec  _unlock                                                                
70130f0c  gDebugLogZone                                                          
70130f14  gDebugMemLogSize                                                       
70130f20  gDebugP_uartDrvIndex                                                   
70130f24  gEdmaConfigNum                                                         
70130f28  gEepromConfigNum                                                       
70130f2c  gEnetOsalHwiAllocCnt                                                   
70130f30  gEnetOsalHwiPeak                                                       
70130f34  gEnetOsalSemAllocCnt                                                   
70130f38  gEnetOsalSemPeak                                                       
70130f3c  gHwiConfig                                                             
70130f40  gI2cConfigNum                                                          
70130f44  gIpcNotifyInterruptConfigNum_r5fss0_0                                  
70130f48  gIpcTask                                                               
70130f4c  gLogReaderTask                                                         
70130f50  gMainTask                                                              
70130f54  gUartConfigNum                                                         
70130f58  gUartDmaChConfig                                                       
70130f5c  gUdpTxTask                                                             
70130f64  g_netif                                                                
70130f68  g_pbuf_alloc_count                                                     
70130f6c  g_pbuf_alloc_fail_count                                                
70130f70  g_pbuf_free_count                                                      
70130f78  g_udp_rx_callback_count                                                
70130f84  g_udp_rx_queue_full                                                    
70130f88  g_udp_rx_queue_success                                                 
70130f90  g_udp_rx_task_packets                                                  
70130f94  g_udp_rx_task_wakeups                                                  
70130f98  g_udp_sendto_count                                                     
70130fa0  hlwipIfApp                                                             
70130fac  pxCurrentTCB                                                           
70130fc8  ulPortInterruptNesting                                                 
70130fcc  ulPortSchedularRunning                                                 
70130fd0  ulPortTaskHasFPUContext                                                
70130fd4  ulPortYieldRequired                                                    
7013105a  gEnetTrace_runtimeLevel                                                
7013105d  isMapAvailable                                                         
70131071  HwiP_enableInt                                                         
701310b1  HwiP_disableInt                                                        
70131111  HwiP_restoreInt                                                        
70131141  HwiP_clearInt                                                          
70131181  HwiP_post                                                              
701311c1  HwiP_Params_init                                                       
701311f1  HwiP_construct                                                         
701313e1  HwiP_destruct                                                          
70131451  HwiP_init                                                              
70131601  HwiP_inISR                                                             
70131631  HwiP_setVimIrqPriMaskNonAtomic                                         
70131681  HwiP_setVimIrqPriMaskAtomic                                            
70131721  HwiP_restoreVimIrqPriMask                                              
70131731  HwiP_irq_handler_c                                                     
701318d1  HwiP_fiq_handler                                                       
70131a41  HwiP_reserved_handler                                                  
70131a81  HwiP_undefined_handler_c                                               
70131aa1  HwiP_user_undefined_handler_c                                          
70131ac1  HwiP_prefetch_abort_handler_c                                          
70131b61  HwiP_user_prefetch_abort_handler_c                                     
70131ba1  HwiP_data_abort_handler_c                                              
70131c61  HwiP_user_data_abort_handler_c                                         
70131c9c  vPortRestoreTaskContext                                                
70131cd4  HwiP_svc_handler                                                       
70131d44  HwiP_irq_handler                                                       
70131e88  HwiP_data_abort_handler                                                
70131ecc  HwiP_prefetch_abort_handler                                            
70131f18  HwiP_undefined_handler                                                 
70131f48  GET_DFSR                                                               
70131f50  GET_ADFSR                                                              
70131f58  GET_DFAR                                                               
70131f60  GET_IFSR                                                               
70131f68  GET_AIFSR                                                              
70131f70  GET_IFAR                                                               
70131f78  GET_SPSR                                                               
70131f8c  HwiP_disable                                                           
70131f9c  HwiP_disableFIQ                                                        
70131fac  HwiP_enable                                                            
70131fbc  HwiP_enableFIQ                                                         
70131fcc  HwiP_restore                                                           
70131fd4  HwiP_enableVIC                                                         
70131fe4  HwiP_disableVIC                                                        
70131ff4  HwiP_getCPSR                                                           
70132000  CacheP_disableL1d                                                      
70132028  CacheP_disableL1p                                                      
70132040  CacheP_enableL1d                                                       
70132058  CacheP_enableL1p                                                       
70132070  CacheP_invL1d                                                          
701320a8  CacheP_invL1p                                                          
701320e4  CacheP_invL1dAll                                                       
701320ec  CacheP_invL1pAll                                                       
701320f4  CacheP_wb                                                              
70132130  CacheP_wbInv                                                           
7013216c  CacheP_wbAll                                                           
70132214  CacheP_wbInvAll                                                        
7013222c  CacheP_wbInvAllAsm                                                     
701322cc  CacheP_getEnabled                                                      
70132304  CacheP_getCacheLevelInfo                                               
70132310  CacheP_configForceWrThru                                               
70132330  CacheP_setDLFO                                                         
70132341  CacheP_init                                                            
701323d1  CacheP_disable                                                         
70132421  CacheP_enable                                                          
70132461  CacheP_inv                                                             
701324a1  MpuP_getAttrs                                                          
70132501  MpuP_RegionAttrs_init                                                  
70132531  MpuP_setRegion                                                         
701325c1  MpuP_isEnable                                                          
701325d1  MpuP_disable                                                           
70132611  MpuP_enable                                                            
70132661  MpuP_init                                                              
70132701  MpuP_isUserAuthorizedToAccessMemory                                    
701327e0  MpuP_disableAsm                                                        
701327f8  MpuP_disableBRAsm                                                      
70132808  MpuP_enableAsm                                                         
70132820  MpuP_enableBRAsm                                                       
70132830  MpuP_isEnableAsm                                                       
70132844  MpuP_setRegionAsm                                                      
70132860  _c_int00_sbl                                                           
70132884  _c_int00                                                               
701329b1  _DebugP_assertNoLog                                                    
701329e1  _system_pre_init                                                       
70132a11  __mpu_init                                                             
70132a20  abort                                                                  
70132a28  __IRQ_STACK_START                                                      
70132b28  __FIQ_STACK_START                                                      
70132b28  __IRQ_STACK_END                                                        
70132c28  __FIQ_STACK_END                                                        
70132c28  __SVC_STACK_START                                                      
70133c28  __ABORT_STACK_START                                                    
70133c28  __SVC_STACK_END                                                        
70133d28  __ABORT_STACK_END                                                      
70133d28  __UNDEFINED_STACK_START                                                
70133e28  __UNDEFINED_STACK_END                                                  
70200000  gGatewaySharedMem                                                      
70204ecc  dbg_ipc_recv_count                                                     
70204ed0  dbg_udp_rx_count                                                       
70204ed4  dbg_udp_tx_count                                                       
70204ed8  dbg_error_count                                                        
70204edc  dbg_last_error_code                                                    
70204ee0  dbg_imu_frame_count                                                    
70208000  gDebugShmLog                                                           
ffffffff  __TI_pprof_out_hndl                                                    
ffffffff  __TI_prof_data_size                                                    
ffffffff  __TI_prof_data_start                                                   
ffffffff  __binit__                                                              
ffffffff  binit                                                                  
UNDEFED   __TI_CINIT_Base                                                        
UNDEFED   __TI_CINIT_Limit                                                       
UNDEFED   __TI_Handler_Table_Base                                                
UNDEFED   __TI_Handler_Table_Limit                                               
UNDEFED   _system_post_cinit                                                     

[1420 symbols]
