******************************************************************************
            TI ARM Clang Linker PC v4.0.4                      
******************************************************************************
>> Linked Thu Mar 26 20:16:56 2026

OUTPUT FILE NAME:   <ccu_ti_multi_core_freertos.out>
ENTRY POINT SYMBOL: "_vectors"  address: 00000000


MEMORY CONFIGURATION

         name            origin    length      used     unused   attr    fill
----------------------  --------  ---------  --------  --------  ----  --------
  R5F_VECS              00000000   00000040  00000040  00000000  RWIX
  R5F_TCMA              00000040   00007fc0  00000000  00007fc0  RWIX
  R5F_TCMB              00080000   00008000  00000000  00008000  RWIX
  MAILBOX_HSM           44000000   000003ce  00000000  000003ce  RWIX
  MAILBOX_R5F           44000400   000003ce  00000000  000003ce  RWIX
  FLASH                 60100000   00080000  00000000  00080000  RWIX
  SBL                   70000000   00040000  00000000  00040000  RWIX
  OCRAM                 70040000   000c0000  000a3a00  0001c600  RWIX
  USER_SHM_MEM          70200000   00008000  000042e4  00003d1c  RWIX
  LOG_SHM_MEM           70208000   00004000  00002000  00002000  RWIX
  ENET_CPPI_DESC        70210000   00020000  00000000  00020000  RWIX
  RTOS_NORTOS_IPC_SHM_M 72000000   00003e80  00000000  00003e80  RWIX


SEGMENT ALLOCATION MAP

run origin  load origin   length   init length attrs members
----------  ----------- ---------- ----------- ----- -------
00000000    00000000    00000040   00000040    r-x
  00000000    00000000    00000040   00000040    r-x .vectors
70040000    70040000    0004ef58   0004ef58    r-x
  70040000    70040000    00041280   00041280    r-x .text
  70081280    70081280    0000dcd8   0000dcd8    r-- .rodata
7008ef60    7008ef60    0004bea0   00000000    rw-
  7008ef60    7008ef60    0003fea0   00000000    rw- .bss
  700cee00    700cee00    00008000   00000000    rw- .sysmem
  700d6e00    700d6e00    00004000   00000000    rw- .stack
700dae00    700dae00    00005e50   00005e50    rw-
  700dae00    700dae00    00005e50   00005e50    rw- .data
700e0c50    700e0c50    000019b8   000019b8    r-x
  700e0c50    700e0c50    00000f90   00000f90    r-x .text.hwi
  700e1be0    700e1be0    000004a0   000004a0    r-x .text.cache
  700e2080    700e2080    000003c0   000003c0    r-x .text.mpu
  700e2440    700e2440    000001c0   000001c0    r-x .text.boot
  700e2600    700e2600    00000008   00000008    r-x .text:abort
700e2608    700e2608    00001400   00000000    rw-
  700e2608    700e2608    00000100   00000000    rw- .irqstack
  700e2708    700e2708    00000100   00000000    rw- .fiqstack
  700e2808    700e2808    00001000   00000000    rw- .svcstack
  700e3808    700e3808    00000100   00000000    rw- .abortstack
  700e3908    700e3908    00000100   00000000    rw- .undefinedstack


SECTION ALLOCATION MAP

 output                                  attributes/
section   page    origin      length       input sections
--------  ----  ----------  ----------   ----------------
.vectors   0    00000000    00000040     
                  00000000    00000040     freertos.am263px.r5f.ti-arm-clang.debug.lib : HwiP_armv7r_vectors_freertos_asm.obj (.vectors)

.text      0    70040000    00041280     
                  70040000    00000abe     enet-cpsw.am263px.r5f.ti-arm-clang.freertos.debug.lib : enet_cpdma.obj (.text.EnetCpdma_dequeueTx)
                  70040abe    00000002     --HOLE-- [fill = 0]
                  70040ac0    00000a34     freertos.am263px.r5f.ti-arm-clang.debug.lib : printf.obj (.text._vsnprintf)
                  700414f4    0000000c     libclang_rt.builtins.a : aeabi_memset.S.obj (.text.__aeabi_memclr)
                  70041500    0000099a     enet-cpsw.am263px.r5f.ti-arm-clang.freertos.debug.lib : enet_cpdma.obj (.text.EnetCpdma_dequeueRx)
                  70041e9a    00000002     --HOLE-- [fill = 0]
                  70041e9c    00000004     libclang_rt.builtins.a : aeabi_div0.c.obj (.text.__aeabi_idiv0)
                  70041ea0    00000960     lwip-freertos.am263px.r5f.ti-arm-clang.debug.lib : tcp.obj (.text.tcp_slowtmr)
                  70042800    000007a4     drivers.am263px.r5f.ti-arm-clang.freertos.debug.lib : i2c_v1_lld.obj (.text.I2C_lld_primeTransferPoll)
                  70042fa4    0000000c     libc.a : memory.c.obj (.text.malloc)
                  70042fb0    00000678     drivers.am263px.r5f.ti-arm-clang.freertos.debug.lib : soc_rcm.obj (.text.SOC_rcmGetClkSrcAndDivReg)
                  70043628    00000008     libsysbm.a : hostexit.c.obj (.text.HOSTexit)
                  70043630    00000654     lwip-freertos.am263px.r5f.ti-arm-clang.debug.lib : dhcp.obj (.text.dhcp_parse_reply)
                  70043c84    0000000c     freertos.am263px.r5f.ti-arm-clang.debug.lib : CpuId_armv7r_asm.obj (.text)
                  70043c90    00000638     drivers.am263px.r5f.ti-arm-clang.freertos.debug.lib : soc_rcm.obj (.text.SOC_rcmEnablePeripheralClock)
                  700442c8    00000004     libclang_rt.builtins.a : aeabi_div0.c.obj (.text.__aeabi_ldiv0)
                  700442cc    00000004                            : aeabi_memcpy.S.obj (.text.__aeabi_memcpy)
                  700442d0    00000606     enet-cpsw.am263px.r5f.ti-arm-clang.freertos.debug.lib : enet_cpdma.obj (.text.EnetCpdma_enqueueRx)
                  700448d6    00000002     --HOLE-- [fill = 0]
                  700448d8    00000004     libc.a : _lock.c.obj (.text._nop)
                  700448dc    00000004            : fseek.c.obj (.text.fseek)
                  700448e0    000005e2     freertos.am263px.r5f.ti-arm-clang.debug.lib : printf.obj (.text._ftoa)
                  70044ec2    00000002     --HOLE-- [fill = 0]
                  70044ec4    00000004     libsysbm.a : remove.c.obj (.text.remove)
                  70044ec8    00000008     --HOLE-- [fill = 0]
                  70044ed0    00000552     enet-cpsw.am263px.r5f.ti-arm-clang.freertos.debug.lib : cpsw_ale.obj (.text.CpswAle_open)
                  70045422    0000000e     --HOLE-- [fill = 0]
                  70045430    00000506                                                           : enet_cpdma.obj (.text.EnetCpdma_enqueueTx)
                  70045936    0000000a     --HOLE-- [fill = 0]
                  70045940    000004d8     lwip-freertos.am263px.r5f.ti-arm-clang.debug.lib : tcp_out.obj (.text.tcp_output)
                  70045e18    00000008     --HOLE-- [fill = 0]
                  70045e20    000004b0     freertos.am263px.r5f.ti-arm-clang.debug.lib : printf.obj (.text._etoa)
                  700462d0    00000466     board.am263px.r5f.ti-arm-clang.freertos.debug.lib : dp83869.obj (.text.Dp83869_printRegs)
                  70046736    0000000a     --HOLE-- [fill = 0]
                  70046740    00000446     enet-cpsw.am263px.r5f.ti-arm-clang.freertos.debug.lib : cpsw_macport.obj (.text.CpswMacPort_open)
                  70046b86    0000000a     --HOLE-- [fill = 0]
                  70046b90    0000043e                                                           : enet_rm.obj (.text.EnetRm_detachCore)
                  70046fce    00000002     --HOLE-- [fill = 0]
                  70046fd0    00000404     drivers.am263px.r5f.ti-arm-clang.freertos.debug.lib : uart_v0.obj (.text.UART_open)
                  700473d4    0000000c     --HOLE-- [fill = 0]
                  700473e0    000003e2     enet-cpsw.am263px.r5f.ti-arm-clang.freertos.debug.lib : enet_rm.obj (.text.EnetRm_close)
                  700477c2    0000000e     --HOLE-- [fill = 0]
                  700477d0    000003dc     drivers.am263px.r5f.ti-arm-clang.freertos.debug.lib : ipc_notify_v1.obj (.text.IpcNotify_init)
                  70047bac    000003dc     libc.a : _printfi.c.obj (.text:__TI_printfi_minimal)
                  70047f88    00000008     --HOLE-- [fill = 0]
                  70047f90    000003d2     drivers.am263px.r5f.ti-arm-clang.freertos.debug.lib : soc.obj (.text.SOC_phyToVirt)
                  70048362    0000000e     --HOLE-- [fill = 0]
                  70048370    000003ba     lwip-freertos.am263px.r5f.ti-arm-clang.debug.lib : udp.obj (.text.udp_sendto_if_src)
                  7004872a    00000006     --HOLE-- [fill = 0]
                  70048730    000003b0                                                      : tcp_out.obj (.text.tcp_split_unsent_seg)
                  70048ae0    000003a2     enet-cpsw.am263px.r5f.ti-arm-clang.freertos.debug.lib : cpsw.obj (.text.Cpsw_registerIntrs)
                  70048e82    0000000e     --HOLE-- [fill = 0]
                  70048e90    00000398                                                           : mdio.obj (.text.Mdio_open)
                  70049228    00000018     libc.a : memset32.S.obj (.text:TI_memset_small)
                  70049240    00000390            : strcmp32.S.obj (.text:strcmp)
                  700495d0    00000380     lwip-freertos.am263px.r5f.ti-arm-clang.debug.lib : ip4_frag.obj (.text.ip4_frag)
                  70049950    0000036e     enet-cpsw.am263px.r5f.ti-arm-clang.freertos.debug.lib : cpsw.obj (.text.Cpsw_handleLinkDown)
                  70049cbe    00000002     --HOLE-- [fill = 0]
                  70049cc0    0000036a                                                           : enet_appmemutils.obj (.text.EnetMem_initCore)
                  7004a02a    00000006     --HOLE-- [fill = 0]
                  7004a030    00000356     drivers.am263px.r5f.ti-arm-clang.freertos.debug.lib : i2c_v1.obj (.text.I2C_open)
                  7004a386    0000000a     --HOLE-- [fill = 0]
                  7004a390    0000034a     enet-cpsw.am263px.r5f.ti-arm-clang.freertos.debug.lib : cpsw.obj (.text.Cpsw_openInternal)
                  7004a6da    00000006     --HOLE-- [fill = 0]
                  7004a6e0    0000033a                                                           : cpsw_ioctl.obj (.text.Cpsw_openPortLinkNoPhy)
                  7004aa1a    00000006     --HOLE-- [fill = 0]
                  7004aa20    00000330                                                           : cpsw.obj (.text.Cpsw_open)
                  7004ad50    00000326     lwip-freertos.am263px.r5f.ti-arm-clang.debug.lib : ip4.obj (.text.ip4_output_if_opt_src)
                  7004b076    0000000a     --HOLE-- [fill = 0]
                  7004b080    0000031e                                                      : tcp_out.obj (.text.tcp_enqueue_flags)
                  7004b39e    00000002     --HOLE-- [fill = 0]
                  7004b3a0    00000302     drivers.am263px.r5f.ti-arm-clang.freertos.debug.lib : soc.obj (.text.SOC_virtToPhy)
                  7004b6a2    0000000e     --HOLE-- [fill = 0]
                  7004b6b0    000002f8     lwip-freertos.am263px.r5f.ti-arm-clang.debug.lib : pbuf.obj (.text.pbuf_alloc)
                  7004b9a8    00000008     --HOLE-- [fill = 0]
                  7004b9b0    000002f2     enet-cpsw.am263px.r5f.ti-arm-clang.freertos.debug.lib : enet_cpdma.obj (.text.EnetCpdma_open)
                  7004bca2    0000000e     --HOLE-- [fill = 0]
                  7004bcb0    000002e6                                                           : csl_cpsw.obj (.text.CSL_CPSW_setPortRxDscpMap)
                  7004bf96    0000000a     --HOLE-- [fill = 0]
                  7004bfa0    000002e6     ti_enet_open_close.o (.text.EnetApp_driverOpen)
                  7004c286    0000000a     --HOLE-- [fill = 0]
                  7004c290    000002da     enet-cpsw.am263px.r5f.ti-arm-clang.freertos.debug.lib : cpsw.obj (.text.Cpsw_periodicTick)
                  7004c56a    00000006     --HOLE-- [fill = 0]
                  7004c570    000002d2                                                           : enetphy.obj (.text.EnetPhy_enableState)
                  7004c842    0000000e     --HOLE-- [fill = 0]
                  7004c850    000002bc     lwip-freertos.am263px.r5f.ti-arm-clang.debug.lib : tcp_out.obj (.text.tcp_output_segment)
                  7004cb0c    00000004     --HOLE-- [fill = 0]
                  7004cb10    000002ba     drivers.am263px.r5f.ti-arm-clang.freertos.debug.lib : i2c_v1_lld.obj (.text.I2C_lld_controllerIsr)
                  7004cdca    00000006     --HOLE-- [fill = 0]
                  7004cdd0    000002ba     lwip-freertos.am263px.r5f.ti-arm-clang.debug.lib : pbuf.obj (.text.pbuf_copy_partial_pbuf)
                  7004d08a    00000006     --HOLE-- [fill = 0]
                  7004d090    000002b8     enet-cpsw.am263px.r5f.ti-arm-clang.freertos.debug.lib : cpsw.obj (.text.Cpsw_handleLinkUp)
                  7004d348    00000008     --HOLE-- [fill = 0]
                  7004d350    000002a8                                                           : cpsw_ale.obj (.text.CpswAle_addVlan)
                  7004d5f8    00000008     --HOLE-- [fill = 0]
                  7004d600    0000029a     drivers.am263px.r5f.ti-arm-clang.freertos.debug.lib : i2c_v1_lld.obj (.text.I2C_lld_targetIsr)
                  7004d89a    00000006     --HOLE-- [fill = 0]
                  7004d8a0    00000296     lwip-freertos.am263px.r5f.ti-arm-clang.debug.lib : tcp.obj (.text.tcp_close_shutdown)
                  7004db36    0000000a     --HOLE-- [fill = 0]
                  7004db40    00000290     enet-cpsw.am263px.r5f.ti-arm-clang.freertos.debug.lib : cpsw.obj (.text.Cpsw_registerIoctlHandler)
                  7004ddd0    0000028e                                                           : csl_cpsw.obj (.text.CSL_CPSW_setAlePolicerEntry)
                  7004e05e    00000002     --HOLE-- [fill = 0]
                  7004e060    0000028c     xgw_udp_interface.o (.text.xgw_udp_process_motor_cmd)
                  7004e2ec    00000004     --HOLE-- [fill = 0]
                  7004e2f0    00000286     enet-cpsw.am263px.r5f.ti-arm-clang.freertos.debug.lib : csl_cpsw.obj (.text.CSL_CPSW_getAlePolicerEntry)
                  7004e576    0000000a     --HOLE-- [fill = 0]
                  7004e580    0000027e                                                           : cpsw_ale.obj (.text.CpswAle_findVlan)
                  7004e7fe    00000002     --HOLE-- [fill = 0]
                  7004e800    0000027e     drivers.am263px.r5f.ti-arm-clang.freertos.debug.lib : uart_dma_edma.obj (.text.UART_edmaChInit)
                  7004ea7e    00000002     --HOLE-- [fill = 0]
                  7004ea80    0000027a     enet-cpsw.am263px.r5f.ti-arm-clang.freertos.debug.lib : cpsw.obj (.text.Cpsw_ioctl)
                  7004ecfa    00000006     --HOLE-- [fill = 0]
                  7004ed00    00000266                                                           : cpsw_est_ioctl.obj (.text.CpswEst_ioctl_handler_ENET_TAS_IOCTL_SET_STATE)
                  7004ef66    0000000a     --HOLE-- [fill = 0]
                  7004ef70    00000266     freertos.am263px.r5f.ti-arm-clang.debug.lib : tasks.obj (.text.xTaskIncrementTick)
                  7004f1d6    0000000a     --HOLE-- [fill = 0]
                  7004f1e0    0000025a     lwip-freertos.am263px.r5f.ti-arm-clang.debug.lib : ip4_frag.obj (.text.ip_reass_free_complete_datagram)
                  7004f43a    00000006     --HOLE-- [fill = 0]
                  7004f440    0000025a     freertos.am263px.r5f.ti-arm-clang.debug.lib : tasks.obj (.text.xTaskResumeAll)
                  7004f69a    00000006     --HOLE-- [fill = 0]
                  7004f6a0    00000250     drivers.am263px.r5f.ti-arm-clang.freertos.debug.lib : edma.obj (.text.Alloc_resource)
                  7004f8f0    0000024c     enet-cpsw.am263px.r5f.ti-arm-clang.freertos.debug.lib : cpsw_macport_ioctl.obj (.text.CpswMacPort_enablePort)
                  7004fb3c    00000004     --HOLE-- [fill = 0]
                  7004fb40    00000246     lwip-freertos.am263px.r5f.ti-arm-clang.debug.lib : dns.obj (.text.dns_send)
                  7004fd86    0000000a     --HOLE-- [fill = 0]
                  7004fd90    00000242     enet-cpsw.am263px.r5f.ti-arm-clang.freertos.debug.lib : enetphy.obj (.text.EnetPhy_bindDriver)
                  7004ffd2    0000000e     --HOLE-- [fill = 0]
                  7004ffe0    00000242     drivers.am263px.r5f.ti-arm-clang.freertos.debug.lib : uart_v0_lld.obj (.text.UART_fifoConfig)
                  70050222    0000000e     --HOLE-- [fill = 0]
                  70050230    0000023e     enet-cpsw.am263px.r5f.ti-arm-clang.freertos.debug.lib : cpsw_cpts_ioctl.obj (.text.CpswCpts_handleEvents)
                  7005046e    00000002     --HOLE-- [fill = 0]
                  70050470    0000023e     freertos.am263px.r5f.ti-arm-clang.debug.lib : printf.obj (.text._ntoa_format)
                  700506ae    00000002     --HOLE-- [fill = 0]
                  700506b0    00000234     enet-cpsw.am263px.r5f.ti-arm-clang.freertos.debug.lib : cpsw_hostport.obj (.text.CpswHostPort_open)
                  700508e4    0000000c     --HOLE-- [fill = 0]
                  700508f0    0000022e     main.o (.text.ipc_process_task)
                  70050b1e    00000002     --HOLE-- [fill = 0]
                  70050b20    0000022c     enet-cpsw.am263px.r5f.ti-arm-clang.freertos.debug.lib : enet_cpdma_priv.obj (.text.EnetCpdma_memMgrInit)
                  70050d4c    00000004     --HOLE-- [fill = 0]
                  70050d50    0000022a     lwip-freertos.am263px.r5f.ti-arm-clang.debug.lib : dhcp.obj (.text.dhcp_select)
                  70050f7a    00000006     --HOLE-- [fill = 0]
                  70050f80    00000226     drivers.am263px.r5f.ti-arm-clang.freertos.debug.lib : uart_dma_edma.obj (.text.UART_lld_dmaDeInit)
                  700511a6    0000000a     --HOLE-- [fill = 0]
                  700511b0    00000222                                                         : ipc_notify_v1.obj (.text.IpcNotify_isr)
                  700513d2    0000000e     --HOLE-- [fill = 0]
                  700513e0    00000220     enet-cpsw.am263px.r5f.ti-arm-clang.freertos.debug.lib : enet_rm_ioctl.obj (.text.EnetRm_allocMacAddr)
                  70051600    00000220     freertos.am263px.r5f.ti-arm-clang.debug.lib : tasks.obj (.text.vTaskGenericNotifyGiveFromISR)
                  70051820    00000220                                                 : queue.obj (.text.xQueueGenericSend)
                  70051a40    0000021a     enet-cpsw.am263px.r5f.ti-arm-clang.freertos.debug.lib : cpsw_stats.obj (.text.CpswStats_open)
                  70051c5a    00000006     --HOLE-- [fill = 0]
                  70051c60    0000020a     lwip-freertos.am263px.r5f.ti-arm-clang.debug.lib : tcp.obj (.text.tcp_pcb_remove)
                  70051e6a    00000006     --HOLE-- [fill = 0]
                  70051e70    0000020a     freertos.am263px.r5f.ti-arm-clang.debug.lib : queue.obj (.text.xQueueSemaphoreTake)
                  7005207a    00000006     --HOLE-- [fill = 0]
                  70052080    00000206     enet-cpsw.am263px.r5f.ti-arm-clang.freertos.debug.lib : cpsw_cpts.obj (.text.CpswCpts_open)
                  70052286    0000000a     --HOLE-- [fill = 0]
                  70052290    00000206     lwip-freertos.am263px.r5f.ti-arm-clang.debug.lib : dhcp.obj (.text.dhcp_recv)
                  70052496    0000000a     --HOLE-- [fill = 0]
                  700524a0    00000204     enet-cpsw.am263px.r5f.ti-arm-clang.freertos.debug.lib : enetphy.obj (.text.EnetPhy_open)
                  700526a4    0000000c     --HOLE-- [fill = 0]
                  700526b0    000001fe                                                           : cpsw_stats_ioctl.obj (.text.CpswStats_readHostStats)
                  700528ae    00000002     --HOLE-- [fill = 0]
                  700528b0    000001fe     lwip-freertos.am263px.r5f.ti-arm-clang.debug.lib : pbuf.obj (.text.pbuf_free)
                  70052aae    00000002     --HOLE-- [fill = 0]
                  70052ab0    000001f6                                                      : dhcp.obj (.text.dhcp_create_msg)
                  70052ca6    0000000a     --HOLE-- [fill = 0]
                  70052cb0    000001f2     drivers.am263px.r5f.ti-arm-clang.freertos.debug.lib : i2c_v1.obj (.text.I2C_primeTransfer)
                  70052ea2    0000000e     --HOLE-- [fill = 0]
                  70052eb0    000001f2                                                         : i2c_v1.obj (.text.I2C_transfer)
                  700530a2    0000000e     --HOLE-- [fill = 0]
                  700530b0    000001ee     enet-cpsw.am263px.r5f.ti-arm-clang.freertos.debug.lib : cpsw_ale.obj (.text.CpswAle_setAleCfg)
                  7005329e    00000002     --HOLE-- [fill = 0]
                  700532a0    000001ee                                                           : cpsw_ioctl.obj (.text.Cpsw_openPortLinkWithPhy)
                  7005348e    00000002     --HOLE-- [fill = 0]
                  70053490    000001ea                                                           : cpsw_hostport.obj (.text.CpswHostPort_ioctl)
                  7005367a    00000006     --HOLE-- [fill = 0]
                  70053680    000001ea                                                           : cpsw_stats.obj (.text.CpswStats_ioctl)
                  7005386a    00000006     --HOLE-- [fill = 0]
                  70053870    000001ea                                                           : cpsw_ioctl.obj (.text.Cpsw_openPortLink)
                  70053a5a    00000006     --HOLE-- [fill = 0]
                  70053a60    000001ea     lwip-freertos.am263px.r5f.ti-arm-clang.debug.lib : tcp.obj (.text.tcp_abandon)
                  70053c4a    00000006     --HOLE-- [fill = 0]
                  70053c50    000001e2     ti_enet_open_close.o (.text.EnetApp_initLinkArgs)
                  70053e32    0000000e     --HOLE-- [fill = 0]
                  70053e40    000001e2     lwip-freertos.am263px.r5f.ti-arm-clang.debug.lib : pbuf.obj (.text.pbuf_realloc)
                  70054022    0000000e     --HOLE-- [fill = 0]
                  70054030    000001e0     enet-cpsw.am263px.r5f.ti-arm-clang.freertos.debug.lib : cpsw_stats_ioctl.obj (.text.CpswStats_readMacStats)
                  70054210    000001e0     lwip-freertos.am263px.r5f.ti-arm-clang.debug.lib : dhcp.obj (.text.dhcp_bind)
                  700543f0    000001da     enet-cpsw.am263px.r5f.ti-arm-clang.freertos.debug.lib : enet.obj (.text.Enet_validateIoctl)
                  700545ca    00000006     --HOLE-- [fill = 0]
                  700545d0    000001d8     freertos.am263px.r5f.ti-arm-clang.debug.lib : queue.obj (.text.xQueueReceive)
                  700547a8    00000008     --HOLE-- [fill = 0]
                  700547b0    000001d6                                                 : TimerP_rti_priv.obj (.text.TimerP_setupPriv)
                  70054986    0000000a     --HOLE-- [fill = 0]
                  70054990    000001d4     enet-cpsw.am263px.r5f.ti-arm-clang.freertos.debug.lib : mdio.obj (.text.Mdio_ioctl)
                  70054b64    000001d0     libclang_rt.builtins.a : udivsi3.S.obj (.text.__udivsi3)
                  70054d34    0000000c     --HOLE-- [fill = 0]
                  70054d40    000001d0     main.o (.text.freertos_main)
                  70054f10    000001c8     lwip-freertos.am263px.r5f.ti-arm-clang.debug.lib : etharp.obj (.text.etharp_raw)
                  700550d8    00000008     --HOLE-- [fill = 0]
                  700550e0    000001c6     enet-cpsw.am263px.r5f.ti-arm-clang.freertos.debug.lib : enet_rm_ioctl.obj (.text.EnetRm_allocTxChNum)
                  700552a6    0000000a     --HOLE-- [fill = 0]
                  700552b0    000001c6     lwip-freertos.am263px.r5f.ti-arm-clang.debug.lib : tcp_out.obj (.text.tcp_create_segment)
                  70055476    0000000a     --HOLE-- [fill = 0]
                  70055480    000001c2     enet-cpsw.am263px.r5f.ti-arm-clang.freertos.debug.lib : enet.obj (.text.Enet_validateGenericIoctl)
                  70055642    0000000e     --HOLE-- [fill = 0]
                  70055650    000001bc     freertos.am263px.r5f.ti-arm-clang.debug.lib : tasks.obj (.text.xTaskRemoveFromEventList)
                  7005580c    00000004     --HOLE-- [fill = 0]
                  70055810    000001b4     enet-cpsw.am263px.r5f.ti-arm-clang.freertos.debug.lib : enet_rm.obj (.text.EnetRm_open)
                  700559c4    0000000c     --HOLE-- [fill = 0]
                  700559d0    000001b0                                                           : cpsw_ale.obj (.text.CpswAle_delPolicerEntry)
                  70055b80    000001b0     main.o (.text.core0_init)
                  70055d30    000001b0     lwip-freertos.am263px.r5f.ti-arm-clang.debug.lib : dns.obj (.text.dns_call_found)
                  70055ee0    000001ae     ti_enet_open_close.o (.text.EnetApp_ConfigureDscpMapping)
                  7005608e    00000002     --HOLE-- [fill = 0]
                  70056090    000001ac     drivers.am263px.r5f.ti-arm-clang.freertos.debug.lib : uart_v0.obj (.text.UART_close)
                  7005623c    00000004     --HOLE-- [fill = 0]
                  70056240    000001aa     enet-cpsw.am263px.r5f.ti-arm-clang.freertos.debug.lib : mdio_ioctl.obj (.text.Mdio_readRegC45)
                  700563ea    00000006     --HOLE-- [fill = 0]
                  700563f0    000001aa     drivers.am263px.r5f.ti-arm-clang.freertos.debug.lib : uart_dma_edma.obj (.text.UART_lld_dmaWrite)
                  7005659a    00000006     --HOLE-- [fill = 0]
                  700565a0    000001aa     lwip-freertos.am263px.r5f.ti-arm-clang.debug.lib : mem.obj (.text.mem_free)
                  7005674a    00000002     --HOLE-- [fill = 0]
                  7005674c    000001a8     libc.a : memory.c.obj (.text.free)
                  700568f4    000001a4            : memory.c.obj (.text.aligned_alloc)
                  70056a98    00000008     --HOLE-- [fill = 0]
                  70056aa0    000001a4     freertos.am263px.r5f.ti-arm-clang.debug.lib : timers.obj (.text.prvProcessReceivedCommands)
                  70056c44    0000000c     --HOLE-- [fill = 0]
                  70056c50    000001a0     drivers.am263px.r5f.ti-arm-clang.freertos.debug.lib : uart_v0.obj (.text.UART_write)
                  70056df0    000001a0     lwip-freertos.am263px.r5f.ti-arm-clang.debug.lib : pbuf.obj (.text.pbuf_take)
                  70056f90    000001a0     freertos.am263px.r5f.ti-arm-clang.debug.lib : tasks.obj (.text.vTaskSwitchContext)
                  70057130    0000019e     enet-cpsw.am263px.r5f.ti-arm-clang.freertos.debug.lib : cpsw_ale_ioctl.obj (.text.CpswAle_addMcastAddr)
                  700572ce    00000002     --HOLE-- [fill = 0]
                  700572d0    0000019c     libc.a : fputs.c.obj (.text.fputs)
                  7005746c    00000004     --HOLE-- [fill = 0]
                  70057470    0000019a     enet-cpsw.am263px.r5f.ti-arm-clang.freertos.debug.lib : cpsw_cpts.obj (.text.CpswCpts_ioctl)
                  7005760a    00000006     --HOLE-- [fill = 0]
                  70057610    0000019a     lwip-freertos.am263px.r5f.ti-arm-clang.debug.lib : dns.obj (.text.dns_check_entry)
                  700577aa    00000006     --HOLE-- [fill = 0]
                  700577b0    0000019a     freertos.am263px.r5f.ti-arm-clang.debug.lib : tasks.obj (.text.vTaskPriorityDisinheritAfterTimeout)
                  7005794a    00000006     --HOLE-- [fill = 0]
                  70057950    00000198     drivers.am263px.r5f.ti-arm-clang.freertos.debug.lib : uart_v0_lld.obj (.text.UART_lld_controllerIsr)
                  70057ae8    00000008     --HOLE-- [fill = 0]
                  70057af0    00000196     lwip-freertos.am263px.r5f.ti-arm-clang.debug.lib : dhcp.obj (.text.dhcp_reboot)
                  70057c86    0000000a     --HOLE-- [fill = 0]
                  70057c90    00000194     enet-cpsw.am263px.r5f.ti-arm-clang.freertos.debug.lib : cpsw_ale.obj (.text.CpswAle_ioctl)
                  70057e24    0000000c     --HOLE-- [fill = 0]
                  70057e30    00000194                                                           : cpsw_macport.obj (.text.CpswMacPort_ioctl)
                  70057fc4    0000000c     --HOLE-- [fill = 0]
                  70057fd0    00000192     lwip-freertos.am263px.r5f.ti-arm-clang.debug.lib : tcp_out.obj (.text.tcp_zero_window_probe)
                  70058162    0000000e     --HOLE-- [fill = 0]
                  70058170    0000018a     enet-cpsw.am263px.r5f.ti-arm-clang.freertos.debug.lib : enet_rm.obj (.text.EnetRm_ioctl)
                  700582fa    00000006     --HOLE-- [fill = 0]
                  70058300    0000018a     lwip-freertos.am263px.r5f.ti-arm-clang.debug.lib : sys_arch.obj (.text.sys_arch_mbox_fetch)
                  7005848a    00000006     --HOLE-- [fill = 0]
                  70058490    00000188     freertos.am263px.r5f.ti-arm-clang.debug.lib : ClockP_freertos_r5.obj (.text.ClockP_init)
                  70058618    00000008     --HOLE-- [fill = 0]
                  70058620    00000186     lwip-freertos.am263px.r5f.ti-arm-clang.debug.lib : acd.obj (.text.acd_tmr)
                  700587a6    0000000a     --HOLE-- [fill = 0]
                  700587b0    00000178     freertos.am263px.r5f.ti-arm-clang.debug.lib : DebugP_shmLogReader.obj (.text.DebugP_shmLogReaderGetString)
                  70058928    00000008     --HOLE-- [fill = 0]
                  70058930    00000178     enet-cpsw.am263px.r5f.ti-arm-clang.freertos.debug.lib : enet_rm.obj (.text.EnetRm_initRxObj)
                  70058aa8    00000008     --HOLE-- [fill = 0]
                  70058ab0    00000178     lwip-freertos.am263px.r5f.ti-arm-clang.debug.lib : udp.obj (.text.udp_bind)
                  70058c28    00000008     --HOLE-- [fill = 0]
                  70058c30    00000176     enet-cpsw.am263px.r5f.ti-arm-clang.freertos.debug.lib : cpsw_macport_est.obj (.text.CpswEst_setState)
                  70058da6    0000000a     --HOLE-- [fill = 0]
                  70058db0    00000176     lwip-freertos.am263px.r5f.ti-arm-clang.debug.lib : dhcp.obj (.text.dhcp_discover)
                  70058f26    0000000a     --HOLE-- [fill = 0]
                  70058f30    00000176                                                      : icmp.obj (.text.icmp_send_response)
                  700590a6    0000000a     --HOLE-- [fill = 0]
                  700590b0    00000176                                                      : sys_arch.obj (.text.sys_sem_new)
                  70059226    0000000a     --HOLE-- [fill = 0]
                  70059230    00000174     enet-cpsw.am263px.r5f.ti-arm-clang.freertos.debug.lib : enetphy.obj (.text.EnetPhy_getLinkStatus)
                  700593a4    0000000c     --HOLE-- [fill = 0]
                  700593b0    00000172     board.am263px.r5f.ti-arm-clang.freertos.debug.lib : eeprom_cat24m.obj (.text.EEPROM_CAT24M_write)
                  70059522    0000000e     --HOLE-- [fill = 0]
                  70059530    00000172     lwip-freertos.am263px.r5f.ti-arm-clang.debug.lib : ip4.obj (.text.ip4_route)
                  700596a2    0000000e     --HOLE-- [fill = 0]
                  700596b0    00000172                                                      : sys_arch.obj (.text.sys_arch_sem_wait)
                  70059822    0000000e     --HOLE-- [fill = 0]
                  70059830    00000170     freertos.am263px.r5f.ti-arm-clang.debug.lib : queue.obj (.text.xQueueGiveFromISR)
                  700599a0    00000168     enet-cpsw.am263px.r5f.ti-arm-clang.freertos.debug.lib : enet_cpdma.obj (.text.EnetCpdma_rxIsrProc)
                  70059b08    00000008     --HOLE-- [fill = 0]
                  70059b10    00000168                                                           : enet_phymdio_dflt.obj (.text.EnetPhyMdioDflt_writeC45)
                  70059c78    00000008     --HOLE-- [fill = 0]
                  70059c80    00000166                                                           : enet_cpdma.obj (.text.EnetCpdma_openRxCh)
                  70059de6    0000000a     --HOLE-- [fill = 0]
                  70059df0    00000166     drivers.am263px.r5f.ti-arm-clang.freertos.debug.lib : i2c_v1_lld.obj (.text.I2C_lld_primeTransferIntr)
                  70059f56    0000000a     --HOLE-- [fill = 0]
                  70059f60    00000166     freertos.am263px.r5f.ti-arm-clang.debug.lib : TaskP_freertos.obj (.text.TaskP_assertParams)
                  7005a0c6    0000000a     --HOLE-- [fill = 0]
                  7005a0d0    00000166     lwip-freertos.am263px.r5f.ti-arm-clang.debug.lib : mem.obj (.text.mem_malloc)
                  7005a236    0000000a     --HOLE-- [fill = 0]
                  7005a240    00000164     board.am263px.r5f.ti-arm-clang.freertos.debug.lib : dp83869.obj (.text.Dp83869_config)
                  7005a3a4    0000000c     --HOLE-- [fill = 0]
                  7005a3b0    00000164     enet-cpsw.am263px.r5f.ti-arm-clang.freertos.debug.lib : enet_rm.obj (.text.EnetRm_initHwPushObj)
                  7005a514    0000000c     --HOLE-- [fill = 0]
                  7005a520    00000162     drivers.am263px.r5f.ti-arm-clang.freertos.debug.lib : edma.obj (.text.EDMA_unregisterIntr)
                  7005a682    0000000e     --HOLE-- [fill = 0]
                  7005a690    00000162     enet-cpsw.am263px.r5f.ti-arm-clang.freertos.debug.lib : enet_phymdio_dflt.obj (.text.EnetPhyMdioDflt_readC45)
                  7005a7f2    0000000e     --HOLE-- [fill = 0]
                  7005a800    00000162     xgw_udp_interface.o (.text.xgw_udp_send_motor_states)
                  7005a962    0000000e     --HOLE-- [fill = 0]
                  7005a970    00000160     enet-cpsw.am263px.r5f.ti-arm-clang.freertos.debug.lib : csl_cpsw.obj (.text.CSL_CPSW_setAlePortControlReg)
                  7005aad0    00000160     drivers.am263px.r5f.ti-arm-clang.freertos.debug.lib : i2c_v1_lld.obj (.text.I2C_lld_init)
                  7005ac30    00000160     lwip-freertos.am263px.r5f.ti-arm-clang.debug.lib : inet_chksum.obj (.text.inet_cksum_pseudo_partial_base)
                  7005ad90    0000015e                                                      : dhcp.obj (.text.dhcp_renew)
                  7005aeee    00000002     --HOLE-- [fill = 0]
                  7005aef0    0000015e     xgw_udp_interface.o (.text.xgw_udp_start)
                  7005b04e    00000002     --HOLE-- [fill = 0]
                  7005b050    0000015c     enet-cpsw.am263px.r5f.ti-arm-clang.freertos.debug.lib : enet_cpdma.obj (.text.EnetCpdma_txIsr)
                  7005b1ac    00000004     --HOLE-- [fill = 0]
                  7005b1b0    0000015c                                                           : enet_rm.obj (.text.EnetRm_initMacObj)
                  7005b30c    00000004     --HOLE-- [fill = 0]
                  7005b310    0000015c     main.o (.text.build_and_send_udp_packet)
                  7005b46c    00000004     --HOLE-- [fill = 0]
                  7005b470    0000015c     lwip-freertos.am263px.r5f.ti-arm-clang.debug.lib : dhcp.obj (.text.dhcp_rebind)
                  7005b5cc    00000004     --HOLE-- [fill = 0]
                  7005b5d0    0000015c     freertos.am263px.r5f.ti-arm-clang.debug.lib : tasks.obj (.text.prvAddNewTaskToReadyList)
                  7005b72c    00000004     --HOLE-- [fill = 0]
                  7005b730    0000015c                                                 : tasks.obj (.text.xTaskPriorityInherit)
                  7005b88c    00000004     --HOLE-- [fill = 0]
                  7005b890    0000015a     enet-cpsw.am263px.r5f.ti-arm-clang.freertos.debug.lib : enet_cpdma.obj (.text.EnetCpdma_netChOpen)
                  7005b9ea    00000006     --HOLE-- [fill = 0]
                  7005b9f0    0000015a     lwip-freertos.am263px.r5f.ti-arm-clang.debug.lib : dhcp.obj (.text.dhcp_start)
                  7005bb4a    00000006     --HOLE-- [fill = 0]
                  7005bb50    00000158     enet-cpsw.am263px.r5f.ti-arm-clang.freertos.debug.lib : cpsw_ale.obj (.text.CpswAle_initCfg)
                  7005bca8    00000008     --HOLE-- [fill = 0]
                  7005bcb0    00000158     ti_enet_config.o (.text.EnetApp_initializeMacAddrPool)
                  7005be08    00000008     --HOLE-- [fill = 0]
                  7005be10    00000158     enet-cpsw.am263px.r5f.ti-arm-clang.freertos.debug.lib : enet_phymdio_dflt.obj (.text.EnetPhyMdioDflt_writeC22)
                  7005bf68    00000008     --HOLE-- [fill = 0]
                  7005bf70    00000158     drivers.am263px.r5f.ti-arm-clang.freertos.debug.lib : soc.obj (.text.SOC_controlModuleUnlockMMR)
                  7005c0c8    00000008     --HOLE-- [fill = 0]
                  7005c0d0    00000158     lwip-freertos.am263px.r5f.ti-arm-clang.debug.lib : dhcp.obj (.text.dhcp_handle_ack)
                  7005c228    00000008     --HOLE-- [fill = 0]
                  7005c230    00000158                                                      : etharp.obj (.text.etharp_tmr)
                  7005c388    00000008     --HOLE-- [fill = 0]
                  7005c390    00000152     drivers.am263px.r5f.ti-arm-clang.freertos.debug.lib : uart_v0_lld.obj (.text.UART_lld_initDma)
                  7005c4e2    0000000e     --HOLE-- [fill = 0]
                  7005c4f0    00000150     enet-cpsw.am263px.r5f.ti-arm-clang.freertos.debug.lib : enet_phymdio_dflt.obj (.text.EnetPhyMdioDflt_readC22)
                  7005c640    00000150                                                           : enet_rm.obj (.text.EnetRm_delCoreAttached)
                  7005c790    0000014e     lwip-freertos.am263px.r5f.ti-arm-clang.debug.lib : sys_arch.obj (.text.sys_arch_unprotect)
                  7005c8de    00000002     --HOLE-- [fill = 0]
                  7005c8e0    0000014e     freertos.am263px.r5f.ti-arm-clang.debug.lib : tasks.obj (.text.xTaskPriorityDisinherit)
                  7005ca2e    00000002     --HOLE-- [fill = 0]
                  7005ca30    0000014c                                                 : queue.obj (.text.xQueueReceiveFromISR)
                  7005cb7c    00000004     --HOLE-- [fill = 0]
                  7005cb80    00000148     enet-cpsw.am263px.r5f.ti-arm-clang.freertos.debug.lib : cpsw_ale.obj (.text.CpswAle_setPolicerPartitionLevel)
                  7005ccc8    00000008     --HOLE-- [fill = 0]
                  7005ccd0    00000148     lwip-freertos.am263px.r5f.ti-arm-clang.debug.lib : netif.obj (.text.netif_set_addr)
                  7005ce18    00000008     --HOLE-- [fill = 0]
                  7005ce20    00000148                                                      : udp.obj (.text.udp_sendto)
                  7005cf68    00000008     --HOLE-- [fill = 0]
                  7005cf70    00000146     enet-cpsw.am263px.r5f.ti-arm-clang.freertos.debug.lib : cpsw_ioctl.obj (.text.Cpsw_closePortLink)
                  7005d0b6    0000000a     --HOLE-- [fill = 0]
                  7005d0c0    00000144     freertos.am263px.r5f.ti-arm-clang.debug.lib : tasks.obj (.text.prvInitialiseNewTask)
                  7005d204    00000144     libc.a : setvbuf.c.obj (.text.setvbuf)
                  7005d348    00000008     --HOLE-- [fill = 0]
                  7005d350    00000144     lwip-freertos.am263px.r5f.ti-arm-clang.debug.lib : tcp.obj (.text.tcp_close_shutdown_fin)
                  7005d494    0000000c     --HOLE-- [fill = 0]
                  7005d4a0    00000142     enet-cpsw.am263px.r5f.ti-arm-clang.freertos.debug.lib : cpsw_ale_ioctl.obj (.text.CpswAle_delPortUcastEntries)
                  7005d5e2    0000000e     --HOLE-- [fill = 0]
                  7005d5f0    00000140     lwip-freertos.am263px.r5f.ti-arm-clang.debug.lib : pbuf.obj (.text.pbuf_cat)
                  7005d730    0000013e     enet-cpsw.am263px.r5f.ti-arm-clang.freertos.debug.lib : csl_cpsw_ale_9g_tblcfg.obj (.text.CSL_CPSW_setAleVlanUnicastAddrEntry)
                  7005d86e    00000002     --HOLE-- [fill = 0]
                  7005d870    0000013e                                                           : enet_cpdma.obj (.text.EnetCpdma_openTxCh)
                  7005d9ae    00000002     --HOLE-- [fill = 0]
                  7005d9b0    0000013e     drivers.am263px.r5f.ti-arm-clang.freertos.debug.lib : i2c_v1.obj (.text.I2C_mem_primeTransfer)
                  7005daee    00000002     --HOLE-- [fill = 0]
                  7005daf0    0000013e     lwip-freertos.am263px.r5f.ti-arm-clang.debug.lib : pbuf.obj (.text.pbuf_copy_partial)
                  7005dc2e    00000002     --HOLE-- [fill = 0]
                  7005dc30    0000013a     board.am263px.r5f.ti-arm-clang.freertos.debug.lib : dp83869.obj (.text.Dp83869_enableAdvertisement)
                  7005dd6a    00000006     --HOLE-- [fill = 0]
                  7005dd70    0000013a     drivers.am263px.r5f.ti-arm-clang.freertos.debug.lib : edma.obj (.text.EDMA_isDmaChannelAllocated)
                  7005deaa    00000006     --HOLE-- [fill = 0]
                  7005deb0    0000013a     enet-cpsw.am263px.r5f.ti-arm-clang.freertos.debug.lib : enet_phymdio_dflt.obj (.text.EnetPhyMdioDflt_isAlive)
                  7005dfea    00000006     --HOLE-- [fill = 0]
                  7005dff0    0000013a                                                           : enet_phymdio_dflt.obj (.text.EnetPhyMdioDflt_isLinked)
                  7005e12a    00000006     --HOLE-- [fill = 0]
                  7005e130    0000013a                                                           : enet.obj (.text.Enet_ioctl)
                  7005e26a    00000006     --HOLE-- [fill = 0]
                  7005e270    0000013a     board.am263px.r5f.ti-arm-clang.freertos.debug.lib : generic_phy.obj (.text.GenericPhy_enableAdvertisement)
                  7005e3aa    00000006     --HOLE-- [fill = 0]
                  7005e3b0    0000013a     drivers.am263px.r5f.ti-arm-clang.freertos.debug.lib : i2c_v1_lld.obj (.text.I2C_lld_mem_write)
                  7005e4ea    00000006     --HOLE-- [fill = 0]
                  7005e4f0    0000013a     lwip-freertos.am263px.r5f.ti-arm-clang.debug.lib : dhcp.obj (.text.dhcp_release_and_stop)
                  7005e62a    00000006     --HOLE-- [fill = 0]
                  7005e630    00000138     enet-cpsw.am263px.r5f.ti-arm-clang.freertos.debug.lib : cpsw_cpts_ioctl.obj (.text.CpswCpts_ioctl_handler_CPSW_CPTS_IOCTL_SET_ESTF)
                  7005e768    00000008     --HOLE-- [fill = 0]
                  7005e770    00000138     freertos.am263px.r5f.ti-arm-clang.debug.lib : printf.obj (.text._ntoa_long_long)
                  7005e8a8    00000008     --HOLE-- [fill = 0]
                  7005e8b0    00000136     board.am263px.r5f.ti-arm-clang.freertos.debug.lib : dp83869.obj (.text.Dp83869_disableAdvertisement)
                  7005e9e6    0000000a     --HOLE-- [fill = 0]
                  7005e9f0    00000136     enet-cpsw.am263px.r5f.ti-arm-clang.freertos.debug.lib : enet_appmemutils.obj (.text.EnetMem_initMemObjs)
                  7005eb26    0000000a     --HOLE-- [fill = 0]
                  7005eb30    00000136     board.am263px.r5f.ti-arm-clang.freertos.debug.lib : generic_phy.obj (.text.GenericPhy_disableAdvertisement)
                  7005ec66    0000000a     --HOLE-- [fill = 0]
                  7005ec70    00000136     drivers.am263px.r5f.ti-arm-clang.freertos.debug.lib : uart_v0_lld.obj (.text.UART_procLineStatusErr)
                  7005eda6    0000000a     --HOLE-- [fill = 0]
                  7005edb0    00000136     lwip-freertos.am263px.r5f.ti-arm-clang.debug.lib : tcp_out.obj (.text.tcp_rst_common)
                  7005eee6    0000000a     --HOLE-- [fill = 0]
                  7005eef0    00000134     drivers.am263px.r5f.ti-arm-clang.freertos.debug.lib : edma.obj (.text.EDMA_registerIntr)
                  7005f024    0000000c     --HOLE-- [fill = 0]
                  7005f030    00000134                                                         : uart_v0_lld.obj (.text.UART_writePolling)
                  7005f164    0000000c     --HOLE-- [fill = 0]
                  7005f170    00000134     freertos.am263px.r5f.ti-arm-clang.debug.lib : tasks.obj (.text.vTaskDelete)
                  7005f2a4    0000000c     --HOLE-- [fill = 0]
                  7005f2b0    00000132     enet-cpsw.am263px.r5f.ti-arm-clang.freertos.debug.lib : csl_cpsw_ale_9g_tblcfg.obj (.text.CSL_CPSW_setAleVlanMcastAddrEntry)
                  7005f3e2    0000000e     --HOLE-- [fill = 0]
                  7005f3f0    00000132                                                           : cpsw.obj (.text.Cpsw_dmaMiscIsr)
                  7005f522    0000000e     --HOLE-- [fill = 0]
                  7005f530    00000130                                                           : csl_cpsw_ale_9g_tblcfg.obj (.text.CSL_CPSW_setAleUnicastAddrEntry)
                  7005f660    00000130                                                           : enet.obj (.text.EnetPer_open)
                  7005f790    0000012e     lwip-freertos.am263px.r5f.ti-arm-clang.debug.lib : igmp.obj (.text.igmp_send)
                  7005f8be    00000002     --HOLE-- [fill = 0]
                  7005f8c0    0000012c     enet-cpsw.am263px.r5f.ti-arm-clang.freertos.debug.lib : enet_osal.obj (.text.EnetOsal_registerIntr)
                  7005f9ec    00000004     --HOLE-- [fill = 0]
                  7005f9f0    0000012c                                                           : enet_rm.obj (.text.EnetRm_validateResPartInfo)
                  7005fb1c    00000004     --HOLE-- [fill = 0]
                  7005fb20    0000012c     drivers.am263px.r5f.ti-arm-clang.freertos.debug.lib : i2c_v1_lld.obj (.text.I2C_lld_mem_read)
                  7005fc4c    00000004     --HOLE-- [fill = 0]
                  7005fc50    0000012c                                                         : uart_v0_lld.obj (.text.UART_lld_init)
                  7005fd7c    00000004     --HOLE-- [fill = 0]
                  7005fd80    0000012c     freertos.am263px.r5f.ti-arm-clang.debug.lib : tasks.obj (.text.ulTaskGenericNotifyTake)
                  7005feac    00000004     --HOLE-- [fill = 0]
                  7005feb0    0000012a     enet-cpsw.am263px.r5f.ti-arm-clang.freertos.debug.lib : enet_utils.obj (.text.EnetUtils_macToPhyMii)
                  7005ffda    00000006     --HOLE-- [fill = 0]
                  7005ffe0    00000128                                                           : enet_cpdmautils.obj (.text.EnetAppUtils_isDescCached)
                  70060108    00000008     --HOLE-- [fill = 0]
                  70060110    00000128     drivers.am263px.r5f.ti-arm-clang.freertos.debug.lib : i2c_v1_lld.obj (.text.I2C_lld_mem_writeIntr)
                  70060238    00000008     --HOLE-- [fill = 0]
                  70060240    00000128     freertos.am263px.r5f.ti-arm-clang.debug.lib : port.obj (.text.pxPortInitialiseStack)
                  70060368    00000008     --HOLE-- [fill = 0]
                  70060370    00000126     drivers.am263px.r5f.ti-arm-clang.freertos.debug.lib : soc.obj (.text.SOC_controlModuleLockMMR)
                  70060496    0000000a     --HOLE-- [fill = 0]
                  700604a0    00000126     lwip-freertos.am263px.r5f.ti-arm-clang.debug.lib : pbuf.obj (.text.pbuf_take_at)
                  700605c6    0000000a     --HOLE-- [fill = 0]
                  700605d0    00000126                                                      : timeouts.obj (.text.sys_timeout_abs)
                  700606f6    0000000a     --HOLE-- [fill = 0]
                  70060700    00000124     enet-cpsw.am263px.r5f.ti-arm-clang.freertos.debug.lib : csl_cpsw_ale_9g_tblcfg.obj (.text.CSL_CPSW_setAleMcastAddrEntry)
                  70060824    0000000c     --HOLE-- [fill = 0]
                  70060830    00000124                                                           : cpsw_ale.obj (.text.CpswAle_setIoctlHandlerFxn)
                  70060954    0000000c     --HOLE-- [fill = 0]
                  70060960    00000124                                                           : cpsw_cpts.obj (.text.CpswCpts_setIoctlHandlerFxn)
                  70060a84    0000000c     --HOLE-- [fill = 0]
                  70060a90    00000124                                                           : cpsw_hostport.obj (.text.CpswHostPort_setIoctlHandlerFxn)
                  70060bb4    0000000c     --HOLE-- [fill = 0]
                  70060bc0    00000124                                                           : cpsw_macport_est.obj (.text.CpswMacPortEst_setIoctlHandlerFxn)
                  70060ce4    0000000c     --HOLE-- [fill = 0]
                  70060cf0    00000124                                                           : cpsw_macport.obj (.text.CpswMacPort_setIoctlHandlerFxn)
                  70060e14    0000000c     --HOLE-- [fill = 0]
                  70060e20    00000124                                                           : cpsw_stats.obj (.text.CpswStats_setIoctlHandlerFxn)
                  70060f44    0000000c     --HOLE-- [fill = 0]
                  70060f50    00000124                                                           : cpsw.obj (.text.Cpsw_initCfg)
                  70061074    0000000c     --HOLE-- [fill = 0]
                  70061080    00000124                                                           : cpsw.obj (.text.Cpsw_setIoctlHandlerFxn)
                  700611a4    0000000c     --HOLE-- [fill = 0]
                  700611b0    00000124                                                           : enet_phymdio_dflt.obj (.text.EnetPhyMdioDflt_setIoctlHandlerFxn)
                  700612d4    0000000c     --HOLE-- [fill = 0]
                  700612e0    00000124                                                           : enet_rm.obj (.text.EnetRm_setIoctlHandlerFxn)
                  70061404    0000000c     --HOLE-- [fill = 0]
                  70061410    00000124                                                           : mdio.obj (.text.Mdio_setIoctlHandlerFxn)
                  70061534    0000000c     --HOLE-- [fill = 0]
                  70061540    00000122                                                           : cpsw_ale_ioctl.obj (.text.CpswAle_addUcastAddr)
                  70061662    0000000e     --HOLE-- [fill = 0]
                  70061670    00000120                                                           : cpsw_est.obj (.text.CpswEst_setIoctlHandlerFxn)
                  70061790    00000120                                                           : enet_rm_ioctl.obj (.text.EnetRm_allocInternalRxFlowIdx)
                  700618b0    00000120                                                           : mdio_manual_ioctl.obj (.text.Mdio_manualModePhyRegRead22)
                  700619d0    00000120     drivers.am263px.r5f.ti-arm-clang.freertos.debug.lib : soc_rcm.obj (.text.SOC_rcmGetPeripheralClockFrequency)
                  70061af0    0000011e     enet-cpsw.am263px.r5f.ti-arm-clang.freertos.debug.lib : mdio_manual_ioctl.obj (.text.Mdio_manualModePhyRegValReadC45)
                  70061c0e    00000002     --HOLE-- [fill = 0]
                  70061c10    0000011e     lwip-freertos.am263px.r5f.ti-arm-clang.debug.lib : pbuf.obj (.text.pbuf_add_header_impl)
                  70061d2e    00000002     --HOLE-- [fill = 0]
                  70061d30    0000011e     freertos.am263px.r5f.ti-arm-clang.debug.lib : tasks.obj (.text.xTaskDelayUntil)
                  70061e4e    00000002     --HOLE-- [fill = 0]
                  70061e50    0000011c     enet-cpsw.am263px.r5f.ti-arm-clang.freertos.debug.lib : csl_cpsw_ale_9g_tblcfg.obj (.text.CSL_CPSW_setAleVlanEntry)
                  70061f6c    00000004     --HOLE-- [fill = 0]
                  70061f70    0000011c     ti_enet_open_close.o (.text.EnetAppUtils_openRxCh)
                  7006208c    00000004     --HOLE-- [fill = 0]
                  70062090    0000011c     enet-cpsw.am263px.r5f.ti-arm-clang.freertos.debug.lib : enet_cpdma.obj (.text.EnetCpdma_setSOPInfo)
                  700621ac    00000004     --HOLE-- [fill = 0]
                  700621b0    0000011c                                                           : enet_utils.obj (.text.EnetUtils_delayNs)
                  700622cc    00000004     --HOLE-- [fill = 0]
                  700622d0    0000011c                                                           : mdio_ioctl.obj (.text.Mdio_writeRegC45)
                  700623ec    00000004     --HOLE-- [fill = 0]
                  700623f0    0000011c     drivers.am263px.r5f.ti-arm-clang.freertos.debug.lib : uart_dma_edma.obj (.text.UART_lld_dmaRead)
                  7006250c    00000004     --HOLE-- [fill = 0]
                  70062510    0000011c     lwip-freertos.am263px.r5f.ti-arm-clang.debug.lib : tcp_out.obj (.text.tcp_rexmit_rto_prepare)
                  7006262c    00000004     --HOLE-- [fill = 0]
                  70062630    0000011a     enet-cpsw.am263px.r5f.ti-arm-clang.freertos.debug.lib : csl_cpsw_ale_9g_tblcfg.obj (.text.CSL_CPSW_setAleOutVlanEntry)
                  7006274a    00000006     --HOLE-- [fill = 0]
                  70062750    0000011a                                                           : enetphy.obj (.text.EnetPhy_setupManual)
                  7006286a    00000006     --HOLE-- [fill = 0]
                  70062870    0000011a     drivers.am263px.r5f.ti-arm-clang.freertos.debug.lib : i2c_v1_lld.obj (.text.I2C_lld_mem_readIntr)
                  7006298a    00000006     --HOLE-- [fill = 0]
                  70062990    00000118     enet-cpsw.am263px.r5f.ti-arm-clang.freertos.debug.lib : enetphy.obj (.text.EnetPhy_resetWaitState)
                  70062aa8    00000008     --HOLE-- [fill = 0]
                  70062ab0    00000118                                                           : enetphy.obj (.text.EnetPhy_setupNway)
                  70062bc8    00000008     --HOLE-- [fill = 0]
                  70062bd0    00000118     lwip-freertos.am263px.r5f.ti-arm-clang.debug.lib : sys_arch.obj (.text.sys_mbox_trypost)
                  70062ce8    00000008     --HOLE-- [fill = 0]
                  70062cf0    00000118                                                      : tcp.obj (.text.tcp_process_refused_data)
                  70062e08    00000008     --HOLE-- [fill = 0]
                  70062e10    00000118                                                      : tcp.obj (.text.tcp_update_rcv_ann_wnd)
                  70062f28    00000118     libclang_rt.builtins.a : udivmoddi4.S.obj (.text)
                  70063040    00000116     drivers.am263px.r5f.ti-arm-clang.freertos.debug.lib : edma.obj (.text.EDMA_isTccAllocated)
                  70063156    0000000a     --HOLE-- [fill = 0]
                  70063160    00000116     enet-cpsw.am263px.r5f.ti-arm-clang.freertos.debug.lib : mdio_ioctl.obj (.text.Mdio_handleIntr)
                  70063276    0000000a     --HOLE-- [fill = 0]
                  70063280    00000116     drivers.am263px.r5f.ti-arm-clang.freertos.debug.lib : uart_v0_lld.obj (.text.UART_divisorLatchWrite)
                  70063396    0000000a     --HOLE-- [fill = 0]
                  700633a0    00000114     freertos.am263px.r5f.ti-arm-clang.debug.lib : printf.obj (.text._ntoa_long)
                  700634b4    0000000c     --HOLE-- [fill = 0]
                  700634c0    00000112     enet-cpsw.am263px.r5f.ti-arm-clang.freertos.debug.lib : enetphy.obj (.text.EnetPhy_tick)
                  700635d2    0000000e     --HOLE-- [fill = 0]
                  700635e0    00000110     freertos.am263px.r5f.ti-arm-clang.debug.lib : DebugP_shmLogReader.obj (.text.DebugP_shmLogRead)
                  700636f0    00000110                                                 : DebugP_shmLogReader.obj (.text.DebugP_shmLogReaderTaskMain)
                  70063800    00000110     enet-cpsw.am263px.r5f.ti-arm-clang.freertos.debug.lib : enetphy.obj (.text.EnetPhy_rmwReg)
                  70063910    00000110     xgw_udp_interface.o (.text.xgw_udp_recv_callback)
                  70063a20    0000010e     enet-cpsw.am263px.r5f.ti-arm-clang.freertos.debug.lib : enet_cpdma.obj (.text.EnetCpdma_initRxChannel)
                  70063b2e    00000002     --HOLE-- [fill = 0]
                  70063b30    0000010e     drivers.am263px.r5f.ti-arm-clang.freertos.debug.lib : soc_rcm.obj (.text.SOC_rcmADPLLJGetFOut)
                  70063c3e    00000002     --HOLE-- [fill = 0]
                  70063c40    0000010e     lwip-freertos.am263px.r5f.ti-arm-clang.debug.lib : netif.obj (.text.netif_do_set_ipaddr)
                  70063d4e    00000002     --HOLE-- [fill = 0]
                  70063d50    0000010e                                                      : udp.obj (.text.udp_sendto_if)
                  70063e5e    00000002     --HOLE-- [fill = 0]
                  70063e60    0000010e     freertos.am263px.r5f.ti-arm-clang.debug.lib : queue.obj (.text.xQueueGenericReset)
                  70063f6e    00000002     --HOLE-- [fill = 0]
                  70063f70    0000010c     enet-cpsw.am263px.r5f.ti-arm-clang.freertos.debug.lib : enet_cpdma.obj (.text.EnetCpdma_initTxChannel)
                  7006407c    00000004     --HOLE-- [fill = 0]
                  70064080    0000010c     lwip-freertos.am263px.r5f.ti-arm-clang.debug.lib : sys_arch.obj (.text.sys_arch_protect)
                  7006418c    00000004     --HOLE-- [fill = 0]
                  70064190    0000010c                                                      : udp.obj (.text.udp_connect)
                  7006429c    00000004     --HOLE-- [fill = 0]
                  700642a0    0000010a     enet-cpsw.am263px.r5f.ti-arm-clang.freertos.debug.lib : csl_cpsw.obj (.text.CSL_CPSW_setCpswControlReg)
                  700643aa    00000006     --HOLE-- [fill = 0]
                  700643b0    0000010a     drivers.am263px.r5f.ti-arm-clang.freertos.debug.lib : ipc_notify_v1.obj (.text.IpcNotify_sendMsg)
                  700644ba    00000006     --HOLE-- [fill = 0]
                  700644c0    00000108     lwip-freertos.am263px.r5f.ti-arm-clang.debug.lib : sys_arch.obj (.text.sys_mbox_new)
                  700645c8    00000008     --HOLE-- [fill = 0]
                  700645d0    00000108                                                      : tcp_out.obj (.text.tcp_output_alloc_header_common)
                  700646d8    00000008     --HOLE-- [fill = 0]
                  700646e0    00000106     enet-cpsw.am263px.r5f.ti-arm-clang.freertos.debug.lib : enet_rm.obj (.text.EnetRm_initTxObj)
                  700647e6    0000000a     --HOLE-- [fill = 0]
                  700647f0    00000106     freertos.am263px.r5f.ti-arm-clang.debug.lib : tasks.obj (.text.prvAddCurrentTaskToDelayedList)
                  700648f6    0000000a     --HOLE-- [fill = 0]
                  70064900    00000104     enet-cpsw.am263px.r5f.ti-arm-clang.freertos.debug.lib : csl_cpsw.obj (.text.CSL_CPSW_setPortEstConfig)
                  70064a04    0000000c     --HOLE-- [fill = 0]
                  70064a10    00000104     drivers.am263px.r5f.ti-arm-clang.freertos.debug.lib : i2c_v1.obj (.text.I2C_close)
                  70064b14    0000000c     --HOLE-- [fill = 0]
                  70064b20    00000104                                                         : uart_v0_lld.obj (.text.UART_configInstance)
                  70064c24    0000000c     --HOLE-- [fill = 0]
                  70064c30    00000104     gateway_shared.o (.text.gateway_ringbuf_write)
                  70064d34    0000000c     --HOLE-- [fill = 0]
                  70064d40    00000102     gateway_shared.o (.text.gateway_ringbuf_read)
                  70064e42    0000000e     --HOLE-- [fill = 0]
                  70064e50    00000100     enet-cpsw.am263px.r5f.ti-arm-clang.freertos.debug.lib : enet_osal.obj (.text.EnetOsal_createMutex)
                  70064f50    00000100                                                           : enetphy.obj (.text.EnetPhy_getId)
                  70065050    000000fe                                                           : cpsw_stats.obj (.text.CpswStats_resetMacStats)
                  7006514e    00000002     --HOLE-- [fill = 0]
                  70065150    000000fe     lwip-freertos.am263px.r5f.ti-arm-clang.debug.lib : tcp_out.obj (.text.tcp_send_empty_ack)
                  7006524e    00000002     --HOLE-- [fill = 0]
                  70065250    000000fc     ti_enet_open_close.o (.text.EnetApp_createPhyStateHandlerTask)
                  7006534c    00000004     --HOLE-- [fill = 0]
                  70065350    000000f8     enet-cpsw.am263px.r5f.ti-arm-clang.freertos.debug.lib : csl_cpts.obj (.text.CSL_CPTS_setCntlReg)
                  70065448    00000008     --HOLE-- [fill = 0]
                  70065450    000000f8                                                           : cpsw.obj (.text.Cpsw_ioctlInternal)
                  70065548    00000008     --HOLE-- [fill = 0]
                  70065550    000000f6                                                           : cpsw_ioctl.obj (.text.Cpsw_internalIoctl_handler_ENET_PER_IOCTL_ATTACH_CORE)
                  70065646    0000000a     --HOLE-- [fill = 0]
                  70065650    000000f6                                                           : enetphy.obj (.text.EnetPhy_clearIsolateState)
                  70065746    0000000a     --HOLE-- [fill = 0]
                  70065750    000000f6                                                           : enetphy.obj (.text.EnetPhy_setIsolateState)
                  70065846    0000000a     --HOLE-- [fill = 0]
                  70065850    000000f6                                                           : enet_queue.obj (.text.EnetQueue_enq)
                  70065946    0000000a     --HOLE-- [fill = 0]
                  70065950    000000f4                                                           : cpsw.obj (.text.Cpsw_handleMdioLinkStateChange)
                  70065a44    0000000c     --HOLE-- [fill = 0]
                  70065a50    000000f4                                                           : enet.obj (.text.EnetPer_ioctl)
                  70065b44    0000000c     --HOLE-- [fill = 0]
                  70065b50    000000f4                                                           : enet.obj (.text.Enet_open)
                  70065c44    0000000c     --HOLE-- [fill = 0]
                  70065c50    000000f4     freertos.am263px.r5f.ti-arm-clang.debug.lib : tasks.obj (.text.prvCreateStaticTask)
                  70065d44    0000000c     --HOLE-- [fill = 0]
                  70065d50    000000f4     lwip-freertos.am263px.r5f.ti-arm-clang.debug.lib : tcp_out.obj (.text.tcp_output_control_segment_netif)
                  70065e44    0000000c     --HOLE-- [fill = 0]
                  70065e50    000000f2     enet-cpsw.am263px.r5f.ti-arm-clang.freertos.debug.lib : cpsw_macport.obj (.text.CpswMacPort_setSwitchTxSched)
                  70065f42    0000000e     --HOLE-- [fill = 0]
                  70065f50    000000f0     drivers.am263px.r5f.ti-arm-clang.freertos.debug.lib : i2c_v1.obj (.text.I2C_LLD_targetTransferCompleteCallback)
                  70066040    000000f0     lwip-freertos.am263px.r5f.ti-arm-clang.debug.lib : sys_arch.obj (.text.sys_sem_signal)
                  70066130    000000ec     enet-cpsw.am263px.r5f.ti-arm-clang.freertos.debug.lib : cpsw_ioctl.obj (.text.Cpsw_internalIoctl_handler_ENET_PER_IOCTL_OPEN_PORT_LINK)
                  7006621c    00000004     --HOLE-- [fill = 0]
                  70066220    000000ec                                                           : enet_rm_ioctl.obj (.text.EnetRm_addCoreAttached)
                  7006630c    00000004     --HOLE-- [fill = 0]
                  70066310    000000ec     freertos.am263px.r5f.ti-arm-clang.debug.lib : queue.obj (.text.xQueueGenericCreateStatic)
                  700663fc    00000004     --HOLE-- [fill = 0]
                  70066400    000000ea     enet-cpsw.am263px.r5f.ti-arm-clang.freertos.debug.lib : enetphy.obj (.text.EnetPhy_getManualCaps)
                  700664ea    00000006     --HOLE-- [fill = 0]
                  700664f0    000000ea     drivers.am263px.r5f.ti-arm-clang.freertos.debug.lib : i2c_v1_lld.obj (.text.I2C_lld_targetTransferIntr)
                  700665da    00000006     --HOLE-- [fill = 0]
                  700665e0    000000e8     enet-cpsw.am263px.r5f.ti-arm-clang.freertos.debug.lib : enetphy.obj (.text.EnetPhy_findCommonCaps)
                  700666c8    00000008     --HOLE-- [fill = 0]
                  700666d0    000000e8                                                           : enet_rm_ioctl.obj (.text.EnetRm_allocRxFlowIdx)
                  700667b8    00000008     --HOLE-- [fill = 0]
                  700667c0    000000e8                                                           : mdio.obj (.text.Mdio_close)
                  700668a8    00000008     --HOLE-- [fill = 0]
                  700668b0    000000e8     lwip-freertos.am263px.r5f.ti-arm-clang.debug.lib : tcp.obj (.text.tcp_recved)
                  70066998    00000008     --HOLE-- [fill = 0]
                  700669a0    000000e8                                                      : tcpip.obj (.text.tcpip_init)
                  70066a88    00000008     --HOLE-- [fill = 0]
                  70066a90    000000e6     board.am263px.r5f.ti-arm-clang.freertos.debug.lib : dp83869.obj (.text.Dp83869_setClkDelay)
                  70066b76    0000000a     --HOLE-- [fill = 0]
                  70066b80    000000e6     drivers.am263px.r5f.ti-arm-clang.freertos.debug.lib : soc_rcm.obj (.text.SOC_rcmGetCoreFout)
                  70066c66    0000000a     --HOLE-- [fill = 0]
                  70066c70    000000e6                                                         : soc_rcm.obj (.text.SOC_rcmGetPerFout)
                  70066d56    0000000a     --HOLE-- [fill = 0]
                  70066d60    000000e6     lwip-freertos.am263px.r5f.ti-arm-clang.debug.lib : tcp.obj (.text.tcp_fasttmr)
                  70066e46    0000000a     --HOLE-- [fill = 0]
                  70066e50    000000e4     enet-cpsw.am263px.r5f.ti-arm-clang.freertos.debug.lib : cpsw_macport.obj (.text.CpswMacPort_setInterface)
                  70066f34    0000000c     --HOLE-- [fill = 0]
                  70066f40    000000e4     drivers.am263px.r5f.ti-arm-clang.freertos.debug.lib : edma.obj (.text.EDMA_freeChannelRegion)
                  70067024    0000000c     --HOLE-- [fill = 0]
                  70067030    000000e4     enet-cpsw.am263px.r5f.ti-arm-clang.freertos.debug.lib : enet_rm.obj (.text.EnetRm_getFreeQ)
                  70067114    0000000c     --HOLE-- [fill = 0]
                  70067120    000000e2                                                           : csl_cpsw.obj (.text.CSL_CPSW_getAlePortControlReg)
                  70067202    0000000e     --HOLE-- [fill = 0]
                  70067210    000000e2                                                           : cpsw_ale.obj (.text.CpswAle_addDefaultEntries)
                  700672f2    0000000e     --HOLE-- [fill = 0]
                  70067300    000000e2     drivers.am263px.r5f.ti-arm-clang.freertos.debug.lib : edma.obj (.text.EDMA_freeParam)
                  700673e2    0000000e     --HOLE-- [fill = 0]
                  700673f0    000000e2     lwip-freertos.am263px.r5f.ti-arm-clang.debug.lib : dhcp.obj (.text.dhcp_inc_pcb_refcount)
                  700674d2    0000000e     --HOLE-- [fill = 0]
                  700674e0    000000e2                                                      : sys_arch.obj (.text.sys_mutex_lock)
                  700675c2    0000000e     --HOLE-- [fill = 0]
                  700675d0    000000e0     enet-cpsw.am263px.r5f.ti-arm-clang.freertos.debug.lib : csl_cpts.obj (.text.CSL_CPTS_setupESTFn)
                  700676b0    000000e0                                                           : cpsw_ale_ioctl.obj (.text.CpswAle_findAddr)
                  70067790    000000e0     drivers.am263px.r5f.ti-arm-clang.freertos.debug.lib : edma.obj (.text.EDMA_freeDmaChannel)
                  70067870    000000e0                                                         : edma.obj (.text.EDMA_freeTcc)
                  70067950    000000e0     enet-cpsw.am263px.r5f.ti-arm-clang.freertos.debug.lib : enet_apputils.obj (.text.EnetAppUtils_reduceCoreMacAllocation)
                  70067a30    000000e0                                                           : mdio_ioctl.obj (.text.Mdio_normal_ioctl_handler_ENET_MDIO_IOCTL_C22_READ)
                  70067b10    000000e0     freertos.am263px.r5f.ti-arm-clang.debug.lib : tasks.obj (.text.xTaskCheckForTimeOut)
                  70067bf0    000000de     enet-cpsw.am263px.r5f.ti-arm-clang.freertos.debug.lib : csl_cpsw_ale_9g_tblcfg.obj (.text.CSL_CPSW_getAleVlanUnicastAddrEntry)
                  70067cce    00000002     --HOLE-- [fill = 0]
                  70067cd0    000000de     board.am263px.r5f.ti-arm-clang.freertos.debug.lib : dp83869.obj (.text.Dp83869_getSpeedDuplex)
                  70067dae    00000002     --HOLE-- [fill = 0]
                  70067db0    000000de     drivers.am263px.r5f.ti-arm-clang.freertos.debug.lib : uart_v0_lld.obj (.text.UART_intrEnable)
                  70067e8e    00000002     --HOLE-- [fill = 0]
                  70067e90    000000de     lwip-freertos.am263px.r5f.ti-arm-clang.debug.lib : sys_arch.obj (.text.sys_mutex_unlock)
                  70067f6e    00000002     --HOLE-- [fill = 0]
                  70067f70    000000da     enet-cpsw.am263px.r5f.ti-arm-clang.freertos.debug.lib : cpsw_macport_ioctl.obj (.text.CpswMacPort_ioctl_handler_ENET_MACPORT_IOCTL_SET_INGRESS_DSCP_PRI_MAP)
                  7006804a    00000006     --HOLE-- [fill = 0]
                  70068050    000000da     drivers.am263px.r5f.ti-arm-clang.freertos.debug.lib : uart_v0_lld.obj (.text.UART_intrDisable)
                  7006812a    00000006     --HOLE-- [fill = 0]
                  70068130    000000da     lwip-freertos.am263px.r5f.ti-arm-clang.debug.lib : ethernet.obj (.text.ethernet_output)
                  7006820a    00000006     --HOLE-- [fill = 0]
                  70068210    000000d8     enet-cpsw.am263px.r5f.ti-arm-clang.freertos.debug.lib : cpsw.obj (.text.Cpsw_close)
                  700682e8    00000008     --HOLE-- [fill = 0]
                  700682f0    000000d8     ti_enet_open_close.o (.text.EnetApp_enableHostPort)
                  700683c8    00000008     --HOLE-- [fill = 0]
                  700683d0    000000d8     lwip-freertos.am263px.r5f.ti-arm-clang.debug.lib : tcp.obj (.text.tcp_eff_send_mss_netif)
                  700684a8    00000008     --HOLE-- [fill = 0]
                  700684b0    000000d6     enet-cpsw.am263px.r5f.ti-arm-clang.freertos.debug.lib : enetphy.obj (.text.EnetPhy_nwayWaitState)
                  70068586    0000000a     --HOLE-- [fill = 0]
                  70068590    000000d4                                                           : cpsw_ale_ioctl.obj (.text.CpswAle_ioctl_handler_CPSW_ALE_IOCTL_ADD_UCAST)
                  70068664    0000000c     --HOLE-- [fill = 0]
                  70068670    000000d4                                                           : enet_rm.obj (.text.EnetRm_freeResource)
                  70068744    0000000c     --HOLE-- [fill = 0]
                  70068750    000000d4                                                           : enet.obj (.text.Enet_getHandles)
                  70068824    0000000c     --HOLE-- [fill = 0]
                  70068830    000000d4     test.o (.text.test_init)
                  70068904    0000000c     --HOLE-- [fill = 0]
                  70068910    000000d2     enet-cpsw.am263px.r5f.ti-arm-clang.freertos.debug.lib : csl_cpsw_ale_9g_tblcfg.obj (.text.CSL_CPSW_getAleUnicastAddrEntry)
                  700689e2    0000000e     --HOLE-- [fill = 0]
                  700689f0    000000d2     drivers.am263px.r5f.ti-arm-clang.freertos.debug.lib : uart_v0_lld.obj (.text.UART_lld_write)
                  70068ac2    0000000e     --HOLE-- [fill = 0]
                  70068ad0    000000d2     freertos.am263px.r5f.ti-arm-clang.debug.lib : timers.obj (.text.xTimerGenericCommandFromTask)
                  70068ba2    0000000e     --HOLE-- [fill = 0]
                  70068bb0    000000d0                                                 : AddrTranslateP_32bit.obj (.text.AddrTranslateP_getLocalAddr)
                  70068c80    000000d0     enet-cpsw.am263px.r5f.ti-arm-clang.freertos.debug.lib : csl_cpsw_ale_9g_tblcfg.obj (.text.CSL_CPSW_getAleVlanEntry)
                  70068d50    000000d0                                                           : csl_cpsw.obj (.text.CSL_CPSW_getCpswControlReg)
                  70068e20    000000d0     lwip-freertos.am263px.r5f.ti-arm-clang.debug.lib : dhcp.obj (.text.dhcp_conflict_callback)
                  70068ef0    000000ce     enet-cpsw.am263px.r5f.ti-arm-clang.freertos.debug.lib : cpsw_ale.obj (.text.CpswAle_getIoctlHandlerFxn)
                  70068fbe    00000002     --HOLE-- [fill = 0]
                  70068fc0    000000ce                                                           : cpsw_cpts.obj (.text.CpswCpts_getIoctlHandlerFxn)
                  7006908e    00000002     --HOLE-- [fill = 0]
                  70069090    000000ce                                                           : cpsw_hostport.obj (.text.CpswHostPort_getIoctlHandlerFxn)
                  7006915e    00000002     --HOLE-- [fill = 0]
                  70069160    000000ce                                                           : cpsw_macport_est.obj (.text.CpswMacPortEst_getIoctlHandlerFxn)
                  7006922e    00000002     --HOLE-- [fill = 0]
                  70069230    000000ce                                                           : cpsw_macport.obj (.text.CpswMacPort_getIoctlHandlerFxn)
                  700692fe    00000002     --HOLE-- [fill = 0]
                  70069300    000000ce                                                           : cpsw_stats.obj (.text.CpswStats_getIoctlHandlerFxn)
                  700693ce    00000002     --HOLE-- [fill = 0]
                  700693d0    000000ce                                                           : cpsw.obj (.text.Cpsw_getIoctlHandlerFxn)
                  7006949e    00000002     --HOLE-- [fill = 0]
                  700694a0    000000ce     drivers.am263px.r5f.ti-arm-clang.freertos.debug.lib : edma.obj (.text.EDMA_disableChInShadowRegRegion)
                  7006956e    00000002     --HOLE-- [fill = 0]
                  70069570    000000ce     test_enet.o (.text.EnetApp_addMCastEntry)
                  7006963e    00000002     --HOLE-- [fill = 0]
                  70069640    000000ce     enet-cpsw.am263px.r5f.ti-arm-clang.freertos.debug.lib : enet_cpdma.obj (.text.EnetCpdma_close)
                  7006970e    00000002     --HOLE-- [fill = 0]
                  70069710    000000ce                                                           : enet_phymdio_dflt.obj (.text.EnetPhyMdioDflt_getIoctlHandlerFxn)
                  700697de    00000002     --HOLE-- [fill = 0]
                  700697e0    000000ce                                                           : enet_rm_ioctl.obj (.text.EnetRm_allocResourceNode)
                  700698ae    00000002     --HOLE-- [fill = 0]
                  700698b0    000000ce                                                           : enet_rm.obj (.text.EnetRm_getIoctlHandlerFxn)
                  7006997e    00000002     --HOLE-- [fill = 0]
                  70069980    000000ce                                                           : mdio.obj (.text.Mdio_getIoctlHandlerFxn)
                  70069a4e    00000002     --HOLE-- [fill = 0]
                  70069a50    000000ce     drivers.am263px.r5f.ti-arm-clang.freertos.debug.lib : uart_v0_lld.obj (.text.UART_lld_writeDma)
                  70069b1e    00000002     --HOLE-- [fill = 0]
                  70069b20    000000ce     lwip-freertos.am263px.r5f.ti-arm-clang.debug.lib : tcp_out.obj (.text.tcp_output_fill_options)
                  70069bee    00000002     --HOLE-- [fill = 0]
                  70069bf0    000000cc     freertos.am263px.r5f.ti-arm-clang.debug.lib : ClockP_freertos.obj (.text.ClockP_construct)
                  70069cbc    00000004     --HOLE-- [fill = 0]
                  70069cc0    000000cc     enet-cpsw.am263px.r5f.ti-arm-clang.freertos.debug.lib : cpsw_est.obj (.text.CpswEst_getIoctlHandlerFxn)
                  70069d8c    00000004     --HOLE-- [fill = 0]
                  70069d90    000000cc     drivers.am263px.r5f.ti-arm-clang.freertos.debug.lib : edma.obj (.text.EDMA_enableChInShadowRegRegion)
                  70069e5c    00000004     --HOLE-- [fill = 0]
                  70069e60    000000cc     ti_enet_init.o (.text.EnetApp_cpswInitMacAddr)
                  70069f2c    00000004     --HOLE-- [fill = 0]
                  70069f30    000000cc     ti_board_config.o (.text.EnetBoard_setupPorts)
                  70069ffc    00000004     --HOLE-- [fill = 0]
                  7006a000    000000cc     freertos.am263px.r5f.ti-arm-clang.debug.lib : queue.obj (.text.prvCopyDataToQueue)
                  7006a0cc    00000004     --HOLE-- [fill = 0]
                  7006a0d0    000000ca     enet-cpsw.am263px.r5f.ti-arm-clang.freertos.debug.lib : csl_cpsw_ale_9g_tblcfg.obj (.text.CSL_CPSW_getAleOutVlanEntry)
                  7006a19a    00000006     --HOLE-- [fill = 0]
                  7006a1a0    000000ca     freertos.am263px.r5f.ti-arm-clang.debug.lib : ClockP_freertos.obj (.text.ClockP_getTimeUsec)
                  7006a26a    00000006     --HOLE-- [fill = 0]
                  7006a270    000000ca     enet-cpsw.am263px.r5f.ti-arm-clang.freertos.debug.lib : cpsw_macport_ioctl.obj (.text.CpswMacPort_setDscpPriority)
                  7006a33a    00000006     --HOLE-- [fill = 0]
                  7006a340    000000ca                                                           : enetphy.obj (.text.EnetPhy_getCapsString)
                  7006a40a    00000006     --HOLE-- [fill = 0]
                  7006a410    000000ca                                                           : mdio_manual_ioctl.obj (.text.Mdio_manualModePhyRegReadC45)
                  7006a4da    00000006     --HOLE-- [fill = 0]
                  7006a4e0    000000ca     lwip-freertos.am263px.r5f.ti-arm-clang.debug.lib : dhcp.obj (.text.dhcp_decline)
                  7006a5aa    00000006     --HOLE-- [fill = 0]
                  7006a5b0    000000ca                                                      : sys_arch.obj (.text.sys_thread_new)
                  7006a67a    00000006     --HOLE-- [fill = 0]
                  7006a680    000000ca                                                      : tcp.obj (.text.tcp_backlog_accepted)
                  7006a74a    00000006     --HOLE-- [fill = 0]
                  7006a750    000000c8     enet-cpsw.am263px.r5f.ti-arm-clang.freertos.debug.lib : csl_cpsw.obj (.text.CSL_CPSW_getPortControlReg)
                  7006a818    00000008     --HOLE-- [fill = 0]
                  7006a820    000000c8                                                           : cpsw_macport_ioctl.obj (.text.CpswMacPort_ioctl_handler_CPSW_MACPORT_IOCTL_ENABLE)
                  7006a8e8    000000c8     libc.a : getdevice.c.obj (.text.getdevice)
                  7006a9b0    000000c8     freertos.am263px.r5f.ti-arm-clang.debug.lib : tasks.obj (.text.prvCreateIdleTasks)
                  7006aa78    00000008     --HOLE-- [fill = 0]
                  7006aa80    000000c8     xgw_udp_interface.o (.text.xgw_udp_process_motor_set)
                  7006ab48    00000008     --HOLE-- [fill = 0]
[...]
7008d5c4  memp_TCPIP_MSG_API                                                     
7008d5d8  memp_TCPIP_MSG_INPKT                                                   
7008d5ec  memp_TCP_PCB                                                           
7008d600  memp_TCP_PCB_LISTEN                                                    
7008d614  memp_TCP_SEG                                                           
7008d628  memp_UDP_PCB                                                           
7008e474  tcp_pcb_lists                                                          
7008e958  g_EnetApp_dmaChParams                                                  
7008ed44  gEnetPhyDrvTbl                                                         
7008ed54  gXTALInfo                                                              
7008edf4  ethbroadcast                                                           
7008edfa  ethzero                                                                
7008ef0c  gCacheL1dCacheLineSize                                                 
7008ef10  gCacheL1pCacheLineSize                                                 
7008ef14  ip_addr_any                                                            
7008ef18  ip_addr_broadcast                                                      
7008ef60  __BSS_START                                                            
7008ef60  memp_memory_POOL_1568_base                                             
700b3b80  memp_memory_POOL_4096_base                                             
700b7c1f  memp_memory_POOL_128_base                                              
700bd440  memp_memory_NETBUF_base                                                
700be45f  memp_memory_PBUF_base                                                  
700bf47e  memp_memory_TCPIP_MSG_API_base                                         
700c049d  memp_memory_TCPIP_MSG_INPKT_base                                       
700c14bc  memp_memory_TCP_SEG_base                                               
700c6260  memp_memory_SYS_MBOX_base                                              
700c7780  gHwiCtrl                                                               
700cb5e0  memp_memory_ARP_QUEUE_base                                             
700cb9bf  memp_memory_TCP_PCB_base                                               
700cc2c0  memp_memory_NETCONN_base                                               
700cca68  memp_memory_SYS_TIMEOUT_base                                           
700ccca8  lwip_stats                                                             
700cceac  memp_memory_FRAG_PBUF_base                                             
700cd0ab  pbuf_free_ooseq_pending                                                
700cd224  gEepromObject_CAT24M                                                   
700cd390  memp_memory_ALTCP_PCB_base                                             
700cd4ef  memp_memory_NETDB_base                                                 
700cd64e  memp_memory_REASSDATA_base                                             
700cd7ad  tcp_active_pcbs_changed                                                
700cd7b0  _CIOBUF_                                                               
700cd7b0  __CIOBUF_                                                              
700cd8d0  memp_memory_IGMP_GROUP_base                                            
700cd9ef  memp_memory_TCP_PCB_LISTEN_base                                        
700cdb0e  memp_memory_UDP_PCB_base                                               
700cdd30  xQueueRegistry                                                         
700cdf20  gEnetUtilsObj                                                          
700cdff8  gIpcNotifyCtrl                                                         
700ce0b0  __TI_tmpnams                                                           
700ce150  gTaskP_ctrl                                                            
700ce748  gDebugShmLogReaderCtrl                                                 
700ce85c  memp_memory_RAW_PCB_base                                               
700ce984  gRovDummyQueue                                                         
700ceaac  memp_memory_PBUF_POOL_base                                             
700cead0  gClockCtrl                                                             
700ceae8  ip_data                                                                
700cecd8  virtToPhymap                                                           
700cecfc  parmbuf                                                                
700cedbc  gEepromHandle                                                          
700cedc0  gI2cHandle                                                             
700cedc4  gUartHandle                                                            
700cedc8  lock_tcpip_core                                                        
700cedcc  netif_default                                                          
700cedd0  netif_list                                                             
700cedd4  tcp_active_pcbs                                                        
700cedd8  tcp_bound_pcbs                                                         
700ceddc  tcp_input_pcb                                                          
700cede0  tcp_listen_pcbs                                                        
700cede4  tcp_ticks                                                              
700cede8  tcp_tw_pcbs                                                            
700cedec  udp_pcbs                                                               
700cee00  __BSS_END                                                              
700cee00  _sys_memory                                                            
700d6e00  __stack                                                                
700dae00  __STACK_END                                                            
700dae00  gEdmaConfig                                                            
700dae00  gEnetSoc_cpsw3g                                                        
700dae00  gUartDmaHandle                                                         
700dc960  gEnetSoc_dmaObj                                                        
700de448  gEnetSoc_cpsw3gMacObj                                                  
700de7e8  gEnetCpswCfg                                                           
700df2b4  gEnetPhyDrvDp83869                                                     
700df3b8  gEnetPhyDrvGeneric                                                     
700df4bc  gIpcNotifyMailboxConfig                                                
700df6b4  _ftable                                                                
700e0274  _device                                                                
700e05c4  gUartParams                                                            
700e06c0  _stream                                                                
700e085c  FreeRTOS_errno                                                         
700e0860  gEnetSoc_cpsw3gSocCfg                                                  
700e08c8  gEnetMacAddrPool                                                       
700e08f8  gSocModulesClockFrequency                                              
700e0974  gClockConfig                                                           
700e09d4  gDmaCfg                                                                
700e0a4c  gIpcNotifyInterruptConfig_r5fss0_0                                     
700e0a90  Cpsw_gSpeedNames                                                       
700e0aa0  gEepromFxns_CAT24M                                                     
700e0ab0  gIpcNotifyCoreIntrBitPos                                               
700e0ac0  gSocModules                                                            
700e0ad0  Cpsw_gDuplexNames                                                      
700e0adc  gAddrTranslateConfig                                                   
700e0af4  gEepromAttrs_CAT24M                                                    
700e0b00  gEepromConfig                                                          
700e0b0c  gEnetSoc_perObj                                                        
700e0b18  gI2cParams                                                             
700e0b24  __TI_cleanup_ptr                                                       
700e0b28  __TI_dtors_ptr                                                         
700e0b2c  gEepromParams                                                          
700e0b34  gI2cConfig                                                             
700e0b44  gUartConfig                                                            
700e0b4c  __TI_ft_end                                                            
700e0b60  _lock                                                                  
700e0b64  _unlock                                                                
700e0b70  gDebugLogZone                                                          
700e0b74  gDebugP_uartDrvIndex                                                   
700e0b78  gEdmaConfigNum                                                         
700e0b7c  gEepromConfigNum                                                       
700e0b80  gEnetOsalHwiAllocCnt                                                   
700e0b84  gEnetOsalHwiPeak                                                       
700e0b88  gEnetOsalSemAllocCnt                                                   
700e0b8c  gEnetOsalSemPeak                                                       
700e0b90  gHwiConfig                                                             
700e0b94  gI2cConfigNum                                                          
700e0b98  gIpcNotifyInterruptConfigNum_r5fss0_0                                  
700e0b9c  gIpcTask                                                               
700e0ba0  gLogReaderTask                                                         
700e0ba4  gMainTask                                                              
700e0ba8  gUartConfigNum                                                         
700e0bac  gUartDmaChConfig                                                       
700e0bb0  gUdpRxTask                                                             
700e0bb4  gUdpTxTask                                                             
700e0bd8  pxCurrentTCB                                                           
700e0bdc  ulPortInterruptNesting                                                 
700e0be0  ulPortSchedularRunning                                                 
700e0be4  ulPortTaskHasFPUContext                                                
700e0be8  ulPortYieldRequired                                                    
700e0c45  gEnetTrace_runtimeLevel                                                
700e0c47  isMapAvailable                                                         
700e0c51  HwiP_enableInt                                                         
700e0c91  HwiP_disableInt                                                        
700e0cf1  HwiP_restoreInt                                                        
700e0d21  HwiP_clearInt                                                          
700e0d61  HwiP_post                                                              
700e0da1  HwiP_Params_init                                                       
700e0dd1  HwiP_construct                                                         
700e0fc1  HwiP_destruct                                                          
700e1031  HwiP_init                                                              
700e11e1  HwiP_inISR                                                             
700e1211  HwiP_setVimIrqPriMaskNonAtomic                                         
700e1261  HwiP_setVimIrqPriMaskAtomic                                            
700e1301  HwiP_restoreVimIrqPriMask                                              
700e1311  HwiP_irq_handler_c                                                     
700e14b1  HwiP_fiq_handler                                                       
700e1621  HwiP_reserved_handler                                                  
700e1661  HwiP_undefined_handler_c                                               
700e1681  HwiP_user_undefined_handler_c                                          
700e16a1  HwiP_prefetch_abort_handler_c                                          
700e1741  HwiP_user_prefetch_abort_handler_c                                     
700e1781  HwiP_data_abort_handler_c                                              
700e1841  HwiP_user_data_abort_handler_c                                         
700e187c  vPortRestoreTaskContext                                                
700e18b4  HwiP_svc_handler                                                       
700e1924  HwiP_irq_handler                                                       
700e1a68  HwiP_data_abort_handler                                                
700e1aac  HwiP_prefetch_abort_handler                                            
700e1af8  HwiP_undefined_handler                                                 
700e1b28  GET_DFSR                                                               
700e1b30  GET_ADFSR                                                              
700e1b38  GET_DFAR                                                               
700e1b40  GET_IFSR                                                               
700e1b48  GET_AIFSR                                                              
700e1b50  GET_IFAR                                                               
700e1b58  GET_SPSR                                                               
700e1b6c  HwiP_disable                                                           
700e1b7c  HwiP_disableFIQ                                                        
700e1b8c  HwiP_enable                                                            
700e1b9c  HwiP_enableFIQ                                                         
700e1bac  HwiP_restore                                                           
700e1bb4  HwiP_enableVIC                                                         
700e1bc4  HwiP_disableVIC                                                        
700e1bd4  HwiP_getCPSR                                                           
700e1be0  CacheP_disableL1d                                                      
700e1c08  CacheP_disableL1p                                                      
700e1c20  CacheP_enableL1d                                                       
700e1c38  CacheP_enableL1p                                                       
700e1c50  CacheP_invL1d                                                          
700e1c88  CacheP_invL1p                                                          
700e1cc4  CacheP_invL1dAll                                                       
700e1ccc  CacheP_invL1pAll                                                       
700e1cd4  CacheP_wb                                                              
700e1d10  CacheP_wbInv                                                           
700e1d4c  CacheP_wbAll                                                           
700e1df4  CacheP_wbInvAll                                                        
700e1e0c  CacheP_wbInvAllAsm                                                     
700e1eac  CacheP_getEnabled                                                      
700e1ee4  CacheP_getCacheLevelInfo                                               
700e1ef0  CacheP_configForceWrThru                                               
700e1f10  CacheP_setDLFO                                                         
700e1f21  CacheP_init                                                            
700e1fb1  CacheP_disable                                                         
700e2001  CacheP_enable                                                          
700e2041  CacheP_inv                                                             
700e2081  MpuP_getAttrs                                                          
700e20e1  MpuP_RegionAttrs_init                                                  
700e2111  MpuP_setRegion                                                         
700e21a1  MpuP_isEnable                                                          
700e21b1  MpuP_disable                                                           
700e21f1  MpuP_enable                                                            
700e2241  MpuP_init                                                              
700e22e1  MpuP_isUserAuthorizedToAccessMemory                                    
700e23c0  MpuP_disableAsm                                                        
700e23d8  MpuP_disableBRAsm                                                      
700e23e8  MpuP_enableAsm                                                         
700e2400  MpuP_enableBRAsm                                                       
700e2410  MpuP_isEnableAsm                                                       
700e2424  MpuP_setRegionAsm                                                      
700e2440  _c_int00_sbl                                                           
700e2464  _c_int00                                                               
700e2591  _DebugP_assertNoLog                                                    
700e25c1  _system_pre_init                                                       
700e25f1  __mpu_init                                                             
700e2600  abort                                                                  
700e2608  __IRQ_STACK_START                                                      
700e2708  __FIQ_STACK_START                                                      
700e2708  __IRQ_STACK_END                                                        
700e2808  __FIQ_STACK_END                                                        
700e2808  __SVC_STACK_START                                                      
700e3808  __ABORT_STACK_START                                                    
700e3808  __SVC_STACK_END                                                        
700e3908  __ABORT_STACK_END                                                      
700e3908  __UNDEFINED_STACK_START                                                
700e3a08  __UNDEFINED_STACK_END                                                  
70200000  gGatewaySharedMem                                                      
70208000  gDebugShmLog                                                           
ffffffff  __TI_pprof_out_hndl                                                    
ffffffff  __TI_prof_data_size                                                    
ffffffff  __TI_prof_data_start                                                   
ffffffff  __binit__                                                              
ffffffff  binit                                                                  
UNDEFED   __TI_CINIT_Base                                                        
UNDEFED   __TI_CINIT_Limit                                                       
UNDEFED   __TI_Handler_Table_Base                                                
UNDEFED   __TI_Handler_Table_Limit                                               
UNDEFED   _system_post_cinit                                                     

[1228 symbols]
