******************************************************************************
            TI ARM Clang Linker PC v4.0.4                      
******************************************************************************
>> Linked Sat Apr  4 13:02:59 2026

OUTPUT FILE NAME:   <ccu_ti_multi_core_freertos.out>
ENTRY POINT SYMBOL: "_vectors"  address: 00000000


MEMORY CONFIGURATION

         name            origin    length      used     unused   attr    fill
----------------------  --------  ---------  --------  --------  ----  --------
  R5F_VECS              00000000   00000040  00000040  00000000  RWIX
  R5F_TCMA              00000040   00007fc0  00000000  00007fc0  RWIX
  R5F_TCMB              00080000   00008000  00000000  00008000  RWIX
  MAILBOX_HSM           44000000   000003ce  00000000  000003ce  RWIX
  MAILBOX_R5F           44000400   000003ce  00000000  000003ce  RWIX
  FLASH                 60100000   00080000  00000000  00080000  RWIX
  SBL                   70000000   00040000  00000000  00040000  RWIX
  OCRAM                 70040000   00140000  000c6e58  000791a8  RWIX
  USER_SHM_MEM          70200000   00008000  00004e2c  000031d4  RWIX
  LOG_SHM_MEM           70208000   00004000  00002000  00002000  RWIX
  CPPI_DESC             70280000   00040000  00000a00  0003f600  RWIX
  RTOS_NORTOS_IPC_SHM_M 72000000   00003e80  00000000  00003e80  RWIX


SEGMENT ALLOCATION MAP

run origin  load origin   length   init length attrs members
----------  ----------- ---------- ----------- ----- -------
00000000    00000000    00000040   00000040    r-x
  00000000    00000000    00000040   00000040    r-x .vectors
70040000    70040000    00061d08   00061d08    r-x
  70040000    70040000    00050f80   00050f80    r-x .text
  70090f80    70090f80    00010d88   00010d88    r-- .rodata
700a1d20    700a1d20    00043540   00000000    rw-
  700a1d20    700a1d20    00037540   00000000    rw- .bss
  700d9260    700d9260    00008000   00000000    rw- .sysmem
  700e1260    700e1260    00004000   00000000    rw- .stack
700fd280    700fd280    00006e58   00006e58    rw-
  700fd280    700fd280    00006e58   00006e58    rw- .data
701040e0    701040e0    000019b8   000019b8    r-x
  701040e0    701040e0    00000f90   00000f90    r-x .text.hwi
  70105070    70105070    000004a0   000004a0    r-x .text.cache
  70105510    70105510    000003c0   000003c0    r-x .text.mpu
  701058d0    701058d0    000001c0   000001c0    r-x .text.boot
  70105a90    70105a90    00000008   00000008    r-x .text:abort
70105a98    70105a98    00001400   00000000    rw-
  70105a98    70105a98    00000100   00000000    rw- .irqstack
  70105b98    70105b98    00000100   00000000    rw- .fiqstack
  70105c98    70105c98    00001000   00000000    rw- .svcstack
  70106c98    70106c98    00000100   00000000    rw- .abortstack
  70106d98    70106d98    00000100   00000000    rw- .undefinedstack


SECTION ALLOCATION MAP

 output                                  attributes/
section   page    origin      length       input sections
--------  ----  ----------  ----------   ----------------
.vectors   0    00000000    00000040     
                  00000000    00000040     freertos.am263px.r5f.ti-arm-clang.debug.lib : HwiP_armv7r_vectors_freertos_asm.obj (.vectors)

.text      0    70040000    00050f80     
                  70040000    000011da     lwip-freertos.am263px.r5f.ti-arm-clang.debug.lib : tcp_in.obj (.text.tcp_receive)
                  700411da    00000002     --HOLE-- [fill = 0]
                  700411dc    00000004     libclang_rt.builtins.a : aeabi_div0.c.obj (.text.__aeabi_idiv0)
                  700411e0    00000c3e     lwip-freertos.am263px.r5f.ti-arm-clang.debug.lib : tcp_in.obj (.text.tcp_input)
                  70041e1e    00000002     --HOLE-- [fill = 0]
                  70041e20    00000ad8                                                      : tcp_in.obj (.text.tcp_process)
                  700428f8    00000008     libsysbm.a : hostexit.c.obj (.text.HOSTexit)
                  70042900    00000abe     enet-cpsw.am263px.r5f.ti-arm-clang.freertos.debug.lib : enet_cpdma.obj (.text.EnetCpdma_dequeueTx)
                  700433be    00000002     --HOLE-- [fill = 0]
                  700433c0    00000a34     freertos.am263px.r5f.ti-arm-clang.debug.lib : printf.obj (.text._vsnprintf)
                  70043df4    0000000c     libclang_rt.builtins.a : aeabi_memset.S.obj (.text.__aeabi_memclr)
                  70043e00    0000099a     enet-cpsw.am263px.r5f.ti-arm-clang.freertos.debug.lib : enet_cpdma.obj (.text.EnetCpdma_dequeueRx)
                  7004479a    00000002     --HOLE-- [fill = 0]
                  7004479c    00000004     libclang_rt.builtins.a : aeabi_div0.c.obj (.text.__aeabi_ldiv0)
                  700447a0    00000960     lwip-freertos.am263px.r5f.ti-arm-clang.debug.lib : tcp.obj (.text.tcp_slowtmr)
                  70045100    000007a4     drivers.am263px.r5f.ti-arm-clang.freertos.debug.lib : i2c_v1_lld.obj (.text.I2C_lld_primeTransferPoll)
                  700458a4    0000000c     libc.a : memory.c.obj (.text.malloc)
                  700458b0    00000678     drivers.am263px.r5f.ti-arm-clang.freertos.debug.lib : soc_rcm.obj (.text.SOC_rcmGetClkSrcAndDivReg)
                  70045f28    00000004     libclang_rt.builtins.a : aeabi_memcpy.S.obj (.text.__aeabi_memcpy)
                  70045f2c    00000004     libc.a : _lock.c.obj (.text._nop)
                  70045f30    00000654     lwip-freertos.am263px.r5f.ti-arm-clang.debug.lib : dhcp.obj (.text.dhcp_parse_reply)
                  70046584    0000000c     freertos.am263px.r5f.ti-arm-clang.debug.lib : CpuId_armv7r_asm.obj (.text)
                  70046590    00000638     drivers.am263px.r5f.ti-arm-clang.freertos.debug.lib : soc_rcm.obj (.text.SOC_rcmEnablePeripheralClock)
                  70046bc8    00000004     libc.a : fseek.c.obj (.text.fseek)
                  70046bcc    00000004     libsysbm.a : remove.c.obj (.text.remove)
                  70046bd0    00000610     lwipif-cpsw-freertos.am263px.r5f.ti-arm-clang.debug.lib : lwip2enet.obj (.text.Lwip2Enet_open)
                  700471e0    00000606     enet-cpsw.am263px.r5f.ti-arm-clang.freertos.debug.lib : enet_cpdma.obj (.text.EnetCpdma_enqueueRx)
                  700477e6    0000000a     --HOLE-- [fill = 0]
                  700477f0    000005e2     freertos.am263px.r5f.ti-arm-clang.debug.lib : printf.obj (.text._ftoa)
                  70047dd2    0000000e     --HOLE-- [fill = 0]
                  70047de0    00000552     enet-cpsw.am263px.r5f.ti-arm-clang.freertos.debug.lib : cpsw_ale.obj (.text.CpswAle_open)
                  70048332    0000000e     --HOLE-- [fill = 0]
                  70048340    0000054c     lwip-freertos.am263px.r5f.ti-arm-clang.debug.lib : ip4.obj (.text.ip4_input)
                  7004888c    00000004     --HOLE-- [fill = 0]
                  70048890    0000050e                                                      : icmp.obj (.text.icmp_input)
                  70048d9e    00000002     --HOLE-- [fill = 0]
                  70048da0    00000506     enet-cpsw.am263px.r5f.ti-arm-clang.freertos.debug.lib : enet_cpdma.obj (.text.EnetCpdma_enqueueTx)
                  700492a6    0000000a     --HOLE-- [fill = 0]
                  700492b0    000004d8     lwip-freertos.am263px.r5f.ti-arm-clang.debug.lib : tcp_out.obj (.text.tcp_output)
                  70049788    00000008     --HOLE-- [fill = 0]
                  70049790    000004b0     freertos.am263px.r5f.ti-arm-clang.debug.lib : printf.obj (.text._etoa)
                  70049c40    000004ae     lwip-freertos.am263px.r5f.ti-arm-clang.debug.lib : udp.obj (.text.udp_input)
                  7004a0ee    00000002     --HOLE-- [fill = 0]
                  7004a0f0    00000492                                                      : etharp.obj (.text.etharp_query)
                  7004a582    0000000e     --HOLE-- [fill = 0]
                  7004a590    0000048a                                                      : etharp.obj (.text.etharp_find_entry)
                  7004aa1a    00000006     --HOLE-- [fill = 0]
                  7004aa20    00000486                                                      : ip4_frag.obj (.text.ip4_reass)
                  7004aea6    0000000a     --HOLE-- [fill = 0]
                  7004aeb0    00000466     board.am263px.r5f.ti-arm-clang.freertos.debug.lib : dp83869.obj (.text.Dp83869_printRegs)
                  7004b316    0000000a     --HOLE-- [fill = 0]
                  7004b320    00000446     enet-cpsw.am263px.r5f.ti-arm-clang.freertos.debug.lib : cpsw_macport.obj (.text.CpswMacPort_open)
                  7004b766    0000000a     --HOLE-- [fill = 0]
                  7004b770    0000043e                                                           : enet_rm.obj (.text.EnetRm_detachCore)
                  7004bbae    00000002     --HOLE-- [fill = 0]
                  7004bbb0    00000404     drivers.am263px.r5f.ti-arm-clang.freertos.debug.lib : uart_v0.obj (.text.UART_open)
                  7004bfb4    0000000c     --HOLE-- [fill = 0]
                  7004bfc0    000003e2     enet-cpsw.am263px.r5f.ti-arm-clang.freertos.debug.lib : enet_rm.obj (.text.EnetRm_close)
                  7004c3a2    0000000e     --HOLE-- [fill = 0]
                  7004c3b0    000003dc     drivers.am263px.r5f.ti-arm-clang.freertos.debug.lib : ipc_notify_v1.obj (.text.IpcNotify_init)
                  7004c78c    000003dc     libc.a : _printfi.c.obj (.text:__TI_printfi_minimal)
                  7004cb68    00000008     --HOLE-- [fill = 0]
                  7004cb70    000003d2     drivers.am263px.r5f.ti-arm-clang.freertos.debug.lib : soc.obj (.text.SOC_phyToVirt)
                  7004cf42    0000000e     --HOLE-- [fill = 0]
                  7004cf50    000003c8     main.o (.text.udp_tx_task)
                  7004d318    00000008     --HOLE-- [fill = 0]
                  7004d320    000003be     lwip-freertos.am263px.r5f.ti-arm-clang.debug.lib : ip4_frag.obj (.text.ip_reass_chain_frag_into_datagram_and_validate)
                  7004d6de    00000002     --HOLE-- [fill = 0]
                  7004d6e0    000003ba                                                      : udp.obj (.text.udp_sendto_if_src)
                  7004da9a    00000006     --HOLE-- [fill = 0]
                  7004daa0    000003b0                                                      : tcp_out.obj (.text.tcp_split_unsent_seg)
                  7004de50    000003a2     enet-cpsw.am263px.r5f.ti-arm-clang.freertos.debug.lib : cpsw.obj (.text.Cpsw_registerIntrs)
                  7004e1f2    0000000e     --HOLE-- [fill = 0]
                  7004e200    00000398                                                           : mdio.obj (.text.Mdio_open)
                  7004e598    00000008     --HOLE-- [fill = 0]
                  7004e5a0    00000390     libc.a : strcmp32.S.obj (.text:strcmp)
                  7004e930    00000380     lwip-freertos.am263px.r5f.ti-arm-clang.debug.lib : ip4_frag.obj (.text.ip4_frag)
                  7004ecb0    0000036e     enet-cpsw.am263px.r5f.ti-arm-clang.freertos.debug.lib : cpsw.obj (.text.Cpsw_handleLinkDown)
                  7004f01e    00000002     --HOLE-- [fill = 0]
                  7004f020    0000036e     xgw_udp_interface.o (.text.xgw_udp_send_motor_states)
                  7004f38e    00000002     --HOLE-- [fill = 0]
                  7004f390    0000036a     enet-cpsw.am263px.r5f.ti-arm-clang.freertos.debug.lib : enet_appmemutils.obj (.text.EnetMem_initCore)
                  7004f6fa    00000006     --HOLE-- [fill = 0]
                  7004f700    00000362     lwipif-cpsw-freertos.am263px.r5f.ti-arm-clang.debug.lib : lwip2enet.obj (.text.Lwip2Enet_prepRxPktQ)
                  7004fa62    0000000e     --HOLE-- [fill = 0]
                  7004fa70    00000356     drivers.am263px.r5f.ti-arm-clang.freertos.debug.lib : i2c_v1.obj (.text.I2C_open)
                  7004fdc6    0000000a     --HOLE-- [fill = 0]
                  7004fdd0    0000034a     enet-cpsw.am263px.r5f.ti-arm-clang.freertos.debug.lib : cpsw.obj (.text.Cpsw_openInternal)
                  7005011a    00000006     --HOLE-- [fill = 0]
                  70050120    0000033a                                                           : cpsw_ioctl.obj (.text.Cpsw_openPortLinkNoPhy)
                  7005045a    00000006     --HOLE-- [fill = 0]
                  70050460    00000330                                                           : cpsw.obj (.text.Cpsw_open)
                  70050790    00000326     lwip-freertos.am263px.r5f.ti-arm-clang.debug.lib : ip4.obj (.text.ip4_output_if_opt_src)
                  70050ab6    0000000a     --HOLE-- [fill = 0]
                  70050ac0    00000320     motor_mapping.o (.text.motor_mapping_init_core0)
                  70050de0    0000031e     lwip-freertos.am263px.r5f.ti-arm-clang.debug.lib : tcp_out.obj (.text.tcp_enqueue_flags)
                  700510fe    00000002     --HOLE-- [fill = 0]
                  70051100    00000302     drivers.am263px.r5f.ti-arm-clang.freertos.debug.lib : soc.obj (.text.SOC_virtToPhy)
                  70051402    0000000e     --HOLE-- [fill = 0]
                  70051410    000002f8     lwip-freertos.am263px.r5f.ti-arm-clang.debug.lib : pbuf.obj (.text.pbuf_alloc)
                  70051708    00000008     --HOLE-- [fill = 0]
                  70051710    000002f2     enet-cpsw.am263px.r5f.ti-arm-clang.freertos.debug.lib : enet_cpdma.obj (.text.EnetCpdma_open)
                  70051a02    0000000e     --HOLE-- [fill = 0]
                  70051a10    000002e6                                                           : csl_cpsw.obj (.text.CSL_CPSW_setPortRxDscpMap)
                  70051cf6    0000000a     --HOLE-- [fill = 0]
                  70051d00    000002e6     ti_enet_open_close.o (.text.EnetApp_driverOpen)
                  70051fe6    0000000a     --HOLE-- [fill = 0]
                  70051ff0    000002de     lwip-freertos.am263px.r5f.ti-arm-clang.debug.lib : etharp.obj (.text.etharp_output)
                  700522ce    00000002     --HOLE-- [fill = 0]
                  700522d0    000002da     enet-cpsw.am263px.r5f.ti-arm-clang.freertos.debug.lib : cpsw.obj (.text.Cpsw_periodicTick)
                  700525aa    00000006     --HOLE-- [fill = 0]
                  700525b0    000002d2                                                           : enetphy.obj (.text.EnetPhy_enableState)
                  70052882    0000000e     --HOLE-- [fill = 0]
                  70052890    000002bc     lwip-freertos.am263px.r5f.ti-arm-clang.debug.lib : tcp_out.obj (.text.tcp_output_segment)
                  70052b4c    00000004     --HOLE-- [fill = 0]
                  70052b50    000002ba     drivers.am263px.r5f.ti-arm-clang.freertos.debug.lib : i2c_v1_lld.obj (.text.I2C_lld_controllerIsr)
                  70052e0a    00000006     --HOLE-- [fill = 0]
                  70052e10    000002ba     lwip-freertos.am263px.r5f.ti-arm-clang.debug.lib : pbuf.obj (.text.pbuf_copy_partial_pbuf)
                  700530ca    00000006     --HOLE-- [fill = 0]
                  700530d0    000002b8     enet-cpsw.am263px.r5f.ti-arm-clang.freertos.debug.lib : cpsw.obj (.text.Cpsw_handleLinkUp)
                  70053388    00000008     --HOLE-- [fill = 0]
                  70053390    000002aa     lwip-freertos.am263px.r5f.ti-arm-clang.debug.lib : netif.obj (.text.netif_add)
                  7005363a    00000006     --HOLE-- [fill = 0]
                  70053640    000002a8     enet-cpsw.am263px.r5f.ti-arm-clang.freertos.debug.lib : cpsw_ale.obj (.text.CpswAle_addVlan)
                  700538e8    00000008     --HOLE-- [fill = 0]
                  700538f0    0000029e     lwip-freertos.am263px.r5f.ti-arm-clang.debug.lib : tcp_in.obj (.text.tcp_listen_input)
                  70053b8e    00000002     --HOLE-- [fill = 0]
                  70053b90    0000029a     drivers.am263px.r5f.ti-arm-clang.freertos.debug.lib : i2c_v1_lld.obj (.text.I2C_lld_targetIsr)
                  70053e2a    00000006     --HOLE-- [fill = 0]
                  70053e30    00000296     lwip-freertos.am263px.r5f.ti-arm-clang.debug.lib : tcp.obj (.text.tcp_close_shutdown)
                  700540c6    0000000a     --HOLE-- [fill = 0]
                  700540d0    00000290     enet-cpsw.am263px.r5f.ti-arm-clang.freertos.debug.lib : cpsw.obj (.text.Cpsw_registerIoctlHandler)
                  70054360    0000028e                                                           : csl_cpsw.obj (.text.CSL_CPSW_setAlePolicerEntry)
                  700545ee    00000002     --HOLE-- [fill = 0]
                  700545f0    00000286                                                           : csl_cpsw.obj (.text.CSL_CPSW_getAlePolicerEntry)
                  70054876    0000000a     --HOLE-- [fill = 0]
                  70054880    0000027e                                                           : cpsw_ale.obj (.text.CpswAle_findVlan)
                  70054afe    00000002     --HOLE-- [fill = 0]
                  70054b00    0000027e     drivers.am263px.r5f.ti-arm-clang.freertos.debug.lib : uart_dma_edma.obj (.text.UART_edmaChInit)
                  70054d7e    00000002     --HOLE-- [fill = 0]
                  70054d80    0000027a     enet-cpsw.am263px.r5f.ti-arm-clang.freertos.debug.lib : cpsw.obj (.text.Cpsw_ioctl)
                  70054ffa    00000006     --HOLE-- [fill = 0]
                  70055000    00000272     test.o (.text.test_netif_init)
                  70055272    0000000e     --HOLE-- [fill = 0]
                  70055280    00000266     enet-cpsw.am263px.r5f.ti-arm-clang.freertos.debug.lib : cpsw_est_ioctl.obj (.text.CpswEst_ioctl_handler_ENET_TAS_IOCTL_SET_STATE)
                  700554e6    0000000a     --HOLE-- [fill = 0]
                  700554f0    00000266     freertos.am263px.r5f.ti-arm-clang.debug.lib : tasks.obj (.text.xTaskIncrementTick)
                  70055756    0000000a     --HOLE-- [fill = 0]
                  70055760    0000025a     lwip-freertos.am263px.r5f.ti-arm-clang.debug.lib : ip4_frag.obj (.text.ip_reass_free_complete_datagram)
                  700559ba    00000006     --HOLE-- [fill = 0]
                  700559c0    0000025a     freertos.am263px.r5f.ti-arm-clang.debug.lib : tasks.obj (.text.xTaskResumeAll)
                  70055c1a    00000006     --HOLE-- [fill = 0]
                  70055c20    00000254     lwip-freertos.am263px.r5f.ti-arm-clang.debug.lib : igmp.obj (.text.igmp_input)
                  70055e74    0000000c     --HOLE-- [fill = 0]
                  70055e80    00000252     xgw_udp_interface.o (.text.xgw_udp_process_motor_cmd)
                  700560d2    0000000e     --HOLE-- [fill = 0]
                  700560e0    00000250     drivers.am263px.r5f.ti-arm-clang.freertos.debug.lib : edma.obj (.text.Alloc_resource)
                  70056330    0000024c     enet-cpsw.am263px.r5f.ti-arm-clang.freertos.debug.lib : cpsw_macport_ioctl.obj (.text.CpswMacPort_enablePort)
                  7005657c    00000004     --HOLE-- [fill = 0]
                  70056580    00000246     lwip-freertos.am263px.r5f.ti-arm-clang.debug.lib : dns.obj (.text.dns_send)
                  700567c6    0000000a     --HOLE-- [fill = 0]
                  700567d0    00000242     enet-cpsw.am263px.r5f.ti-arm-clang.freertos.debug.lib : enetphy.obj (.text.EnetPhy_bindDriver)
                  70056a12    0000000e     --HOLE-- [fill = 0]
                  70056a20    00000242     drivers.am263px.r5f.ti-arm-clang.freertos.debug.lib : uart_v0_lld.obj (.text.UART_fifoConfig)
                  70056c62    0000000e     --HOLE-- [fill = 0]
                  70056c70    00000240     main.o (.text.core0_init)
                  70056eb0    0000023e     enet-cpsw.am263px.r5f.ti-arm-clang.freertos.debug.lib : cpsw_cpts_ioctl.obj (.text.CpswCpts_handleEvents)
                  700570ee    00000002     --HOLE-- [fill = 0]
                  700570f0    0000023e     freertos.am263px.r5f.ti-arm-clang.debug.lib : printf.obj (.text._ntoa_format)
                  7005732e    00000002     --HOLE-- [fill = 0]
                  70057330    00000238     main.o (.text.freertos_main)
                  70057568    00000008     --HOLE-- [fill = 0]
                  70057570    00000234     enet-cpsw.am263px.r5f.ti-arm-clang.freertos.debug.lib : cpsw_hostport.obj (.text.CpswHostPort_open)
                  700577a4    0000000c     --HOLE-- [fill = 0]
                  700577b0    00000234     main.o (.text.build_and_send_udp_packet)
                  700579e4    0000000c     --HOLE-- [fill = 0]
                  700579f0    00000230     enet-cpsw.am263px.r5f.ti-arm-clang.freertos.debug.lib : enet_appmemutils.obj (.text.EnetMem_allocEthPkt)
                  70057c20    0000022e     xgw_udp_interface.o (.text.xgw_udp_send_imu_state)
                  70057e4e    00000002     --HOLE-- [fill = 0]
                  70057e50    0000022c     enet-cpsw.am263px.r5f.ti-arm-clang.freertos.debug.lib : enet_cpdma_priv.obj (.text.EnetCpdma_memMgrInit)
                  7005807c    00000004     --HOLE-- [fill = 0]
                  70058080    0000022a     lwipif-cpsw-freertos.am263px.r5f.ti-arm-clang.debug.lib : lwip2lwipif.obj (.text.LWIPIF_LWIP_getChkSumInfo)
                  700582aa    00000006     --HOLE-- [fill = 0]
                  700582b0    0000022a     lwip-freertos.am263px.r5f.ti-arm-clang.debug.lib : dhcp.obj (.text.dhcp_select)
                  700584da    00000006     --HOLE-- [fill = 0]
                  700584e0    00000226     drivers.am263px.r5f.ti-arm-clang.freertos.debug.lib : uart_dma_edma.obj (.text.UART_lld_dmaDeInit)
                  70058706    0000000a     --HOLE-- [fill = 0]
                  70058710    00000222                                                         : ipc_notify_v1.obj (.text.IpcNotify_isr)
                  70058932    0000000e     --HOLE-- [fill = 0]
                  70058940    00000220     enet-cpsw.am263px.r5f.ti-arm-clang.freertos.debug.lib : enet_cpdma.obj (.text.EnetCpdma_closeTxCh)
                  70058b60    00000220                                                           : enet_rm_ioctl.obj (.text.EnetRm_allocMacAddr)
                  70058d80    00000220     freertos.am263px.r5f.ti-arm-clang.debug.lib : tasks.obj (.text.vTaskGenericNotifyGiveFromISR)
                  70058fa0    00000220                                                 : queue.obj (.text.xQueueGenericSend)
                  700591c0    0000021a     enet-cpsw.am263px.r5f.ti-arm-clang.freertos.debug.lib : cpsw_stats.obj (.text.CpswStats_open)
                  700593da    00000006     --HOLE-- [fill = 0]
                  700593e0    0000020a     lwip-freertos.am263px.r5f.ti-arm-clang.debug.lib : tcp.obj (.text.tcp_pcb_remove)
                  700595ea    00000006     --HOLE-- [fill = 0]
                  700595f0    0000020a     freertos.am263px.r5f.ti-arm-clang.debug.lib : queue.obj (.text.xQueueSemaphoreTake)
                  700597fa    00000006     --HOLE-- [fill = 0]
                  70059800    00000206     enet-cpsw.am263px.r5f.ti-arm-clang.freertos.debug.lib : cpsw_cpts.obj (.text.CpswCpts_open)
                  70059a06    0000000a     --HOLE-- [fill = 0]
                  70059a10    00000206                                                           : enet_cpdma.obj (.text.EnetCpdma_closeRxCh)
                  70059c16    0000000a     --HOLE-- [fill = 0]
                  70059c20    00000206     lwip-freertos.am263px.r5f.ti-arm-clang.debug.lib : dhcp.obj (.text.dhcp_recv)
                  70059e26    0000000a     --HOLE-- [fill = 0]
                  70059e30    00000204     enet-cpsw.am263px.r5f.ti-arm-clang.freertos.debug.lib : enetphy.obj (.text.EnetPhy_open)
                  7005a034    0000000c     --HOLE-- [fill = 0]
                  7005a040    000001fe                                                           : cpsw_stats_ioctl.obj (.text.CpswStats_readHostStats)
                  7005a23e    00000002     --HOLE-- [fill = 0]
                  7005a240    000001fe     lwip-freertos.am263px.r5f.ti-arm-clang.debug.lib : pbuf.obj (.text.pbuf_free)
                  7005a43e    00000002     --HOLE-- [fill = 0]
                  7005a440    000001fc     xgw_udp_interface.o (.text.xgw_udp_process_motor_set)
                  7005a63c    00000004     --HOLE-- [fill = 0]
                  7005a640    000001fc     xgw_udp_interface.o (.text.xgw_udp_recv_callback)
                  7005a83c    00000004     --HOLE-- [fill = 0]
                  7005a840    000001f6     lwip-freertos.am263px.r5f.ti-arm-clang.debug.lib : dhcp.obj (.text.dhcp_create_msg)
                  7005aa36    0000000a     --HOLE-- [fill = 0]
                  7005aa40    000001f2     drivers.am263px.r5f.ti-arm-clang.freertos.debug.lib : i2c_v1.obj (.text.I2C_primeTransfer)
                  7005ac32    0000000e     --HOLE-- [fill = 0]
                  7005ac40    000001f2                                                         : i2c_v1.obj (.text.I2C_transfer)
                  7005ae32    0000000e     --HOLE-- [fill = 0]
                  7005ae40    000001ee     enet-cpsw.am263px.r5f.ti-arm-clang.freertos.debug.lib : cpsw_ale.obj (.text.CpswAle_setAleCfg)
                  7005b02e    00000002     --HOLE-- [fill = 0]
                  7005b030    000001ee                                                           : cpsw_ioctl.obj (.text.Cpsw_openPortLinkWithPhy)
                  7005b21e    00000002     --HOLE-- [fill = 0]
                  7005b220    000001ea                                                           : cpsw_hostport.obj (.text.CpswHostPort_ioctl)
                  7005b40a    00000006     --HOLE-- [fill = 0]
                  7005b410    000001ea                                                           : cpsw_stats.obj (.text.CpswStats_ioctl)
                  7005b5fa    00000006     --HOLE-- [fill = 0]
                  7005b600    000001ea                                                           : cpsw_ioctl.obj (.text.Cpsw_openPortLink)
                  7005b7ea    00000006     --HOLE-- [fill = 0]
                  7005b7f0    000001ea     lwip-freertos.am263px.r5f.ti-arm-clang.debug.lib : tcp.obj (.text.tcp_abandon)
                  7005b9da    00000006     --HOLE-- [fill = 0]
                  7005b9e0    000001e2     ti_enet_open_close.o (.text.EnetApp_initLinkArgs)
                  7005bbc2    0000000e     --HOLE-- [fill = 0]
                  7005bbd0    000001e2     lwip-freertos.am263px.r5f.ti-arm-clang.debug.lib : pbuf.obj (.text.pbuf_realloc)
                  7005bdb2    0000000e     --HOLE-- [fill = 0]
                  7005bdc0    000001e0     enet-cpsw.am263px.r5f.ti-arm-clang.freertos.debug.lib : cpsw_stats_ioctl.obj (.text.CpswStats_readMacStats)
                  7005bfa0    000001e0     lwip-freertos.am263px.r5f.ti-arm-clang.debug.lib : dhcp.obj (.text.dhcp_bind)
                  7005c180    000001da     enet-cpsw.am263px.r5f.ti-arm-clang.freertos.debug.lib : enet.obj (.text.Enet_validateIoctl)
                  7005c35a    00000006     --HOLE-- [fill = 0]
                  7005c360    000001d8     freertos.am263px.r5f.ti-arm-clang.debug.lib : queue.obj (.text.xQueueReceive)
                  7005c538    00000008     --HOLE-- [fill = 0]
                  7005c540    000001d6                                                 : TimerP_rti_priv.obj (.text.TimerP_setupPriv)
                  7005c716    0000000a     --HOLE-- [fill = 0]
                  7005c720    000001d4     ti_enet_lwipif.o (.text.LwipifEnetAppCb_getRxHandleInfo)
                  7005c8f4    0000000c     --HOLE-- [fill = 0]
                  7005c900    000001d4     enet-cpsw.am263px.r5f.ti-arm-clang.freertos.debug.lib : mdio.obj (.text.Mdio_ioctl)
                  7005cad4    000001d0     libclang_rt.builtins.a : udivsi3.S.obj (.text.__udivsi3)
                  7005cca4    0000000c     --HOLE-- [fill = 0]
                  7005ccb0    000001ce     xgw_udp_interface.o (.text.xgw_udp_start)
                  7005ce7e    00000002     --HOLE-- [fill = 0]
                  7005ce80    000001c8     lwip-freertos.am263px.r5f.ti-arm-clang.debug.lib : etharp.obj (.text.etharp_raw)
                  7005d048    00000008     --HOLE-- [fill = 0]
                  7005d050    000001c6     enet-cpsw.am263px.r5f.ti-arm-clang.freertos.debug.lib : enet_rm_ioctl.obj (.text.EnetRm_allocTxChNum)
                  7005d216    0000000a     --HOLE-- [fill = 0]
                  7005d220    000001c6     lwip-freertos.am263px.r5f.ti-arm-clang.debug.lib : tcp_out.obj (.text.tcp_create_segment)
                  7005d3e6    0000000a     --HOLE-- [fill = 0]
                  7005d3f0    000001c4     ti_enet_lwipif.o (.text.LwipifEnetApp_startSchedule)
                  7005d5b4    0000000c     --HOLE-- [fill = 0]
                  7005d5c0    000001c2     enet-cpsw.am263px.r5f.ti-arm-clang.freertos.debug.lib : enet.obj (.text.Enet_validateGenericIoctl)
                  7005d782    0000000e     --HOLE-- [fill = 0]
                  7005d790    000001bc     freertos.am263px.r5f.ti-arm-clang.debug.lib : tasks.obj (.text.xTaskRemoveFromEventList)
                  7005d94c    00000004     --HOLE-- [fill = 0]
                  7005d950    000001b4     enet-cpsw.am263px.r5f.ti-arm-clang.freertos.debug.lib : enet_rm.obj (.text.EnetRm_open)
                  7005db04    0000000c     --HOLE-- [fill = 0]
                  7005db10    000001b2     lwip-freertos.am263px.r5f.ti-arm-clang.debug.lib : ip4.obj (.text.ip4_forward)
                  7005dcc2    0000000e     --HOLE-- [fill = 0]
                  7005dcd0    000001b0     enet-cpsw.am263px.r5f.ti-arm-clang.freertos.debug.lib : cpsw_ale.obj (.text.CpswAle_delPolicerEntry)
                  7005de80    000001b0     lwip-freertos.am263px.r5f.ti-arm-clang.debug.lib : dns.obj (.text.dns_call_found)
                  7005e030    000001ae     ti_enet_open_close.o (.text.EnetApp_ConfigureDscpMapping)
                  7005e1de    00000002     --HOLE-- [fill = 0]
                  7005e1e0    000001ac     drivers.am263px.r5f.ti-arm-clang.freertos.debug.lib : uart_v0.obj (.text.UART_close)
                  7005e38c    00000004     --HOLE-- [fill = 0]
                  7005e390    000001aa     enet-cpsw.am263px.r5f.ti-arm-clang.freertos.debug.lib : mdio_ioctl.obj (.text.Mdio_readRegC45)
                  7005e53a    00000006     --HOLE-- [fill = 0]
                  7005e540    000001aa     drivers.am263px.r5f.ti-arm-clang.freertos.debug.lib : uart_dma_edma.obj (.text.UART_lld_dmaWrite)
                  7005e6ea    00000006     --HOLE-- [fill = 0]
                  7005e6f0    000001aa     lwip-freertos.am263px.r5f.ti-arm-clang.debug.lib : mem.obj (.text.mem_free)
                  7005e89a    00000006     --HOLE-- [fill = 0]
                  7005e8a0    000001a8     enet-cpsw.am263px.r5f.ti-arm-clang.freertos.debug.lib : enet_appmemutils.obj (.text.EnetDma_checkPktState)
                  7005ea48    00000008     --HOLE-- [fill = 0]
                  7005ea50    000001a8     lwipif-cpsw-freertos.am263px.r5f.ti-arm-clang.debug.lib : custom_pbuf.obj (.text.EnetDma_checkPktState)
                  7005ebf8    00000008     --HOLE-- [fill = 0]
                  7005ec00    000001a8                                                             : lwip2enet.obj (.text.EnetDma_checkPktState)
                  7005eda8    000001a8     libc.a : memory.c.obj (.text.free)
                  7005ef50    000001a4            : memory.c.obj (.text.aligned_alloc)
                  7005f0f4    0000000c     --HOLE-- [fill = 0]
                  7005f100    000001a4     freertos.am263px.r5f.ti-arm-clang.debug.lib : timers.obj (.text.prvProcessReceivedCommands)
                  7005f2a4    0000000c     --HOLE-- [fill = 0]
                  7005f2b0    000001a0     drivers.am263px.r5f.ti-arm-clang.freertos.debug.lib : uart_v0.obj (.text.UART_write)
                  7005f450    000001a0     lwip-freertos.am263px.r5f.ti-arm-clang.debug.lib : pbuf.obj (.text.pbuf_take)
                  7005f5f0    000001a0     freertos.am263px.r5f.ti-arm-clang.debug.lib : tasks.obj (.text.vTaskSwitchContext)
                  7005f790    0000019e     enet-cpsw.am263px.r5f.ti-arm-clang.freertos.debug.lib : cpsw_ale_ioctl.obj (.text.CpswAle_addMcastAddr)
                  7005f92e    00000002     --HOLE-- [fill = 0]
                  7005f930    0000019c     libc.a : fputs.c.obj (.text.fputs)
                  7005facc    00000004     --HOLE-- [fill = 0]
                  7005fad0    0000019a     enet-cpsw.am263px.r5f.ti-arm-clang.freertos.debug.lib : cpsw_cpts.obj (.text.CpswCpts_ioctl)
                  7005fc6a    00000006     --HOLE-- [fill = 0]
                  7005fc70    0000019a     lwip-freertos.am263px.r5f.ti-arm-clang.debug.lib : dns.obj (.text.dns_check_entry)
                  7005fe0a    00000006     --HOLE-- [fill = 0]
                  7005fe10    0000019a     freertos.am263px.r5f.ti-arm-clang.debug.lib : tasks.obj (.text.vTaskPriorityDisinheritAfterTimeout)
                  7005ffaa    00000006     --HOLE-- [fill = 0]
                  7005ffb0    0000019a                                                 : queue.obj (.text.xQueueGenericSendFromISR)
                  7006014a    00000006     --HOLE-- [fill = 0]
                  70060150    00000198     drivers.am263px.r5f.ti-arm-clang.freertos.debug.lib : uart_v0_lld.obj (.text.UART_lld_controllerIsr)
                  700602e8    00000008     --HOLE-- [fill = 0]
                  700602f0    00000196     lwip-freertos.am263px.r5f.ti-arm-clang.debug.lib : dhcp.obj (.text.dhcp_reboot)
                  70060486    0000000a     --HOLE-- [fill = 0]
                  70060490    00000194     enet-cpsw.am263px.r5f.ti-arm-clang.freertos.debug.lib : cpsw_ale.obj (.text.CpswAle_ioctl)
                  70060624    0000000c     --HOLE-- [fill = 0]
                  70060630    00000194                                                           : cpsw_macport.obj (.text.CpswMacPort_ioctl)
                  700607c4    0000000c     --HOLE-- [fill = 0]
                  700607d0    00000192     lwip-freertos.am263px.r5f.ti-arm-clang.debug.lib : ethernet.obj (.text.ethernet_input)
                  70060962    0000000e     --HOLE-- [fill = 0]
                  70060970    00000192                                                      : tcp_out.obj (.text.tcp_zero_window_probe)
                  70060b02    0000000e     --HOLE-- [fill = 0]
                  70060b10    00000190                                                      : etharp.obj (.text.etharp_update_arp_entry)
                  70060ca0    0000018e                                                      : etharp.obj (.text.etharp_input)
                  70060e2e    00000002     --HOLE-- [fill = 0]
                  70060e30    0000018a     enet-cpsw.am263px.r5f.ti-arm-clang.freertos.debug.lib : enet_rm.obj (.text.EnetRm_ioctl)
                  70060fba    00000006     --HOLE-- [fill = 0]
                  70060fc0    0000018a     lwip-freertos.am263px.r5f.ti-arm-clang.debug.lib : sys_arch.obj (.text.sys_arch_mbox_fetch)
                  7006114a    00000006     --HOLE-- [fill = 0]
                  70061150    00000188     freertos.am263px.r5f.ti-arm-clang.debug.lib : ClockP_freertos_r5.obj (.text.ClockP_init)
                  700612d8    00000008     --HOLE-- [fill = 0]
                  700612e0    00000186     lwip-freertos.am263px.r5f.ti-arm-clang.debug.lib : acd.obj (.text.acd_tmr)
                  70061466    0000000a     --HOLE-- [fill = 0]
                  70061470    00000186                                                      : tcp.obj (.text.tcp_alloc)
                  700615f6    0000000a     --HOLE-- [fill = 0]
                  70061600    0000017c     lwipif-cpsw-freertos.am263px.r5f.ti-arm-clang.debug.lib : lwip2enet.obj (.text.Lwip2Enet_close)
                  7006177c    00000004     --HOLE-- [fill = 0]
                  70061780    0000017a                                                             : custom_pbuf.obj (.text.custom_pbuf_free)
                  700618fa    00000006     --HOLE-- [fill = 0]
                  70061900    00000178     freertos.am263px.r5f.ti-arm-clang.debug.lib : DebugP_shmLogReader.obj (.text.DebugP_shmLogReaderGetString)
                  70061a78    00000008     --HOLE-- [fill = 0]
                  70061a80    00000178     enet-cpsw.am263px.r5f.ti-arm-clang.freertos.debug.lib : enet_rm.obj (.text.EnetRm_initRxObj)
                  70061bf8    00000008     --HOLE-- [fill = 0]
                  70061c00    00000178     lwipif-cpsw-freertos.am263px.r5f.ti-arm-clang.debug.lib : lwip2enet.obj (.text.Lwip2Enet_periodicFxn)
                  70061d78    00000008     --HOLE-- [fill = 0]
                  70061d80    00000178     lwip-freertos.am263px.r5f.ti-arm-clang.debug.lib : udp.obj (.text.udp_bind)
                  70061ef8    00000008     --HOLE-- [fill = 0]
                  70061f00    00000176     enet-cpsw.am263px.r5f.ti-arm-clang.freertos.debug.lib : cpsw_macport_est.obj (.text.CpswEst_setState)
                  70062076    0000000a     --HOLE-- [fill = 0]
                  70062080    00000176     lwip-freertos.am263px.r5f.ti-arm-clang.debug.lib : dhcp.obj (.text.dhcp_discover)
                  700621f6    0000000a     --HOLE-- [fill = 0]
                  70062200    00000176                                                      : icmp.obj (.text.icmp_send_response)
                  70062376    0000000a     --HOLE-- [fill = 0]
                  70062380    00000176                                                      : sys_arch.obj (.text.sys_sem_new)
                  700624f6    0000000a     --HOLE-- [fill = 0]
                  70062500    00000174     enet-cpsw.am263px.r5f.ti-arm-clang.freertos.debug.lib : enetphy.obj (.text.EnetPhy_getLinkStatus)
                  70062674    0000000c     --HOLE-- [fill = 0]
                  70062680    00000172     board.am263px.r5f.ti-arm-clang.freertos.debug.lib : eeprom_cat24m.obj (.text.EEPROM_CAT24M_write)
                  700627f2    0000000e     --HOLE-- [fill = 0]
                  70062800    00000172     lwip-freertos.am263px.r5f.ti-arm-clang.debug.lib : ip4.obj (.text.ip4_route)
                  70062972    0000000e     --HOLE-- [fill = 0]
                  70062980    00000172                                                      : sys_arch.obj (.text.sys_arch_sem_wait)
                  70062af2    0000000e     --HOLE-- [fill = 0]
                  70062b00    00000170     freertos.am263px.r5f.ti-arm-clang.debug.lib : queue.obj (.text.xQueueGiveFromISR)
                  70062c70    0000016c     lwip-freertos.am263px.r5f.ti-arm-clang.debug.lib : etharp.obj (.text.etharp_output_to_arp_index)
                  70062ddc    00000004     --HOLE-- [fill = 0]
                  70062de0    00000168     enet-cpsw.am263px.r5f.ti-arm-clang.freertos.debug.lib : enet_cpdma.obj (.text.EnetCpdma_rxIsrProc)
                  70062f48    00000008     --HOLE-- [fill = 0]
                  70062f50    00000168                                                           : enet_phymdio_dflt.obj (.text.EnetPhyMdioDflt_writeC45)
                  700630b8    00000008     --HOLE-- [fill = 0]
                  700630c0    00000166                                                           : enet_cpdma.obj (.text.EnetCpdma_openRxCh)
                  70063226    0000000a     --HOLE-- [fill = 0]
                  70063230    00000166     drivers.am263px.r5f.ti-arm-clang.freertos.debug.lib : i2c_v1_lld.obj (.text.I2C_lld_primeTransferIntr)
                  70063396    0000000a     --HOLE-- [fill = 0]
                  700633a0    00000166     freertos.am263px.r5f.ti-arm-clang.debug.lib : TaskP_freertos.obj (.text.TaskP_assertParams)
                  70063506    0000000a     --HOLE-- [fill = 0]
                  70063510    00000166     lwip-freertos.am263px.r5f.ti-arm-clang.debug.lib : mem.obj (.text.mem_malloc)
                  70063676    0000000a     --HOLE-- [fill = 0]
                  70063680    00000166                                                      : tcp_in.obj (.text.tcp_parseopt)
                  700637e6    0000000a     --HOLE-- [fill = 0]
                  700637f0    00000164     board.am263px.r5f.ti-arm-clang.freertos.debug.lib : dp83869.obj (.text.Dp83869_config)
                  70063954    0000000c     --HOLE-- [fill = 0]
                  70063960    00000164     enet-cpsw.am263px.r5f.ti-arm-clang.freertos.debug.lib : enet_rm.obj (.text.EnetRm_initHwPushObj)
                  70063ac4    0000000c     --HOLE-- [fill = 0]
                  70063ad0    00000162     drivers.am263px.r5f.ti-arm-clang.freertos.debug.lib : edma.obj (.text.EDMA_unregisterIntr)
                  70063c32    0000000e     --HOLE-- [fill = 0]
                  70063c40    00000162     enet-cpsw.am263px.r5f.ti-arm-clang.freertos.debug.lib : enet_phymdio_dflt.obj (.text.EnetPhyMdioDflt_readC45)
                  70063da2    0000000e     --HOLE-- [fill = 0]
                  70063db0    00000160                                                           : csl_cpsw.obj (.text.CSL_CPSW_setAlePortControlReg)
                  70063f10    00000160     drivers.am263px.r5f.ti-arm-clang.freertos.debug.lib : i2c_v1_lld.obj (.text.I2C_lld_init)
                  70064070    00000160     lwip-freertos.am263px.r5f.ti-arm-clang.debug.lib : inet_chksum.obj (.text.inet_cksum_pseudo_partial_base)
                  700641d0    00000160                                                      : tcp_in.obj (.text.tcp_free_acked_segments)
                  70064330    0000015e     enet-cpsw.am263px.r5f.ti-arm-clang.freertos.debug.lib : enet_cpdma.obj (.text.EnetDma_retrieveRxPktQ)
                  7006448e    00000002     --HOLE-- [fill = 0]
                  70064490    0000015e     lwip-freertos.am263px.r5f.ti-arm-clang.debug.lib : dhcp.obj (.text.dhcp_renew)
                  700645ee    00000002     --HOLE-- [fill = 0]
                  700645f0    0000015c     enet-cpsw.am263px.r5f.ti-arm-clang.freertos.debug.lib : enet_cpdma.obj (.text.EnetCpdma_txIsr)
                  7006474c    00000004     --HOLE-- [fill = 0]
                  70064750    0000015c                                                           : enet_rm.obj (.text.EnetRm_initMacObj)
                  700648ac    00000004     --HOLE-- [fill = 0]
                  700648b0    0000015c     lwip-freertos.am263px.r5f.ti-arm-clang.debug.lib : dhcp.obj (.text.dhcp_rebind)
                  70064a0c    00000004     --HOLE-- [fill = 0]
                  70064a10    0000015c     freertos.am263px.r5f.ti-arm-clang.debug.lib : tasks.obj (.text.prvAddNewTaskToReadyList)
                  70064b6c    00000004     --HOLE-- [fill = 0]
                  70064b70    0000015c                                                 : tasks.obj (.text.xTaskPriorityInherit)
                  70064ccc    00000004     --HOLE-- [fill = 0]
                  70064cd0    0000015a     enet-cpsw.am263px.r5f.ti-arm-clang.freertos.debug.lib : enet_cpdma.obj (.text.EnetCpdma_netChOpen)
                  70064e2a    00000006     --HOLE-- [fill = 0]
                  70064e30    0000015a     lwip-freertos.am263px.r5f.ti-arm-clang.debug.lib : dhcp.obj (.text.dhcp_start)
                  70064f8a    00000006     --HOLE-- [fill = 0]
                  70064f90    00000158     enet-cpsw.am263px.r5f.ti-arm-clang.freertos.debug.lib : cpsw_ale.obj (.text.CpswAle_initCfg)
                  700650e8    00000008     --HOLE-- [fill = 0]
                  700650f0    00000158     ti_enet_config.o (.text.EnetApp_initializeMacAddrPool)
                  70065248    00000008     --HOLE-- [fill = 0]
                  70065250    00000158     enet-cpsw.am263px.r5f.ti-arm-clang.freertos.debug.lib : enet_phymdio_dflt.obj (.text.EnetPhyMdioDflt_writeC22)
                  700653a8    00000008     --HOLE-- [fill = 0]
                  700653b0    00000158     drivers.am263px.r5f.ti-arm-clang.freertos.debug.lib : soc.obj (.text.SOC_controlModuleUnlockMMR)
                  70065508    00000008     --HOLE-- [fill = 0]
                  70065510    00000158     lwip-freertos.am263px.r5f.ti-arm-clang.debug.lib : dhcp.obj (.text.dhcp_handle_ack)
                  70065668    00000008     --HOLE-- [fill = 0]
                  70065670    00000158                                                      : etharp.obj (.text.etharp_tmr)
                  700657c8    00000008     --HOLE-- [fill = 0]
                  700657d0    00000158                                                      : raw.obj (.text.raw_input)
                  70065928    00000008     --HOLE-- [fill = 0]
                  70065930    00000156     enet-cpsw.am263px.r5f.ti-arm-clang.freertos.debug.lib : enet_cpdma.obj (.text.EnetDma_submitTxPktQ)
                  70065a86    0000000a     --HOLE-- [fill = 0]
                  70065a90    00000154                                                           : enet_cpdma.obj (.text.EnetDma_retrieveTxPktQ)
                  70065be4    0000000c     --HOLE-- [fill = 0]
                  70065bf0    00000154     lwip-freertos.am263px.r5f.ti-arm-clang.debug.lib : stats.obj (.text.stats_display_igmp)
                  70065d44    0000000c     --HOLE-- [fill = 0]
                  70065d50    00000152     drivers.am263px.r5f.ti-arm-clang.freertos.debug.lib : uart_v0_lld.obj (.text.UART_lld_initDma)
                  70065ea2    0000000e     --HOLE-- [fill = 0]
                  70065eb0    00000150     enet-cpsw.am263px.r5f.ti-arm-clang.freertos.debug.lib : enet_phymdio_dflt.obj (.text.EnetPhyMdioDflt_readC22)
                  70066000    00000150                                                           : enet_rm.obj (.text.EnetRm_delCoreAttached)
                  70066150    0000014e     ti_enet_lwipif.o (.text.LwipifEnetApp_createPollTask)
                  7006629e    00000002     --HOLE-- [fill = 0]
                  700662a0    0000014e     lwip-freertos.am263px.r5f.ti-arm-clang.debug.lib : sys_arch.obj (.text.sys_arch_unprotect)
                  700663ee    00000002     --HOLE-- [fill = 0]
                  700663f0    0000014e     freertos.am263px.r5f.ti-arm-clang.debug.lib : tasks.obj (.text.xTaskPriorityDisinherit)
                  7006653e    00000002     --HOLE-- [fill = 0]
                  70066540    0000014c     enet-cpsw.am263px.r5f.ti-arm-clang.freertos.debug.lib : enet_cpdma.obj (.text.EnetDma_submitRxPktQ)
                  7006668c    00000004     --HOLE-- [fill = 0]
                  70066690    0000014c     freertos.am263px.r5f.ti-arm-clang.debug.lib : queue.obj (.text.xQueueReceiveFromISR)
                  700667dc    00000004     --HOLE-- [fill = 0]
                  700667e0    00000148     enet-cpsw.am263px.r5f.ti-arm-clang.freertos.debug.lib : cpsw_ale.obj (.text.CpswAle_setPolicerPartitionLevel)
                  70066928    00000008     --HOLE-- [fill = 0]
                  70066930    00000148     lwip-freertos.am263px.r5f.ti-arm-clang.debug.lib : netif.obj (.text.netif_set_addr)
                  70066a78    00000008     --HOLE-- [fill = 0]
                  70066a80    00000148                                                      : tcp_in.obj (.text.tcp_timewait_input)
                  70066bc8    00000008     --HOLE-- [fill = 0]
                  70066bd0    00000148                                                      : udp.obj (.text.udp_sendto)
                  70066d18    00000008     --HOLE-- [fill = 0]
                  70066d20    00000146     enet-cpsw.am263px.r5f.ti-arm-clang.freertos.debug.lib : cpsw_ioctl.obj (.text.Cpsw_closePortLink)
                  70066e66    0000000a     --HOLE-- [fill = 0]
                  70066e70    00000146     lwip-freertos.am263px.r5f.ti-arm-clang.debug.lib : udp.obj (.text.udp_input_local_match)
                  70066fb6    0000000a     --HOLE-- [fill = 0]
                  70066fc0    00000144     freertos.am263px.r5f.ti-arm-clang.debug.lib : tasks.obj (.text.prvInitialiseNewTask)
                  70067104    00000144     libc.a : setvbuf.c.obj (.text.setvbuf)
                  70067248    00000008     --HOLE-- [fill = 0]
                  70067250    00000144     lwip-freertos.am263px.r5f.ti-arm-clang.debug.lib : tcp.obj (.text.tcp_close_shutdown_fin)
                  70067394    0000000c     --HOLE-- [fill = 0]
                  700673a0    00000142     enet-cpsw.am263px.r5f.ti-arm-clang.freertos.debug.lib : cpsw_ale_ioctl.obj (.text.CpswAle_delPortUcastEntries)
                  700674e2    0000000e     --HOLE-- [fill = 0]
                  700674f0    00000142     lwip-freertos.am263px.r5f.ti-arm-clang.debug.lib : igmp.obj (.text.igmp_lookup_group)
                  70067632    0000000e     --HOLE-- [fill = 0]
                  70067640    00000140                                                      : pbuf.obj (.text.pbuf_cat)
                  70067780    0000013e     enet-cpsw.am263px.r5f.ti-arm-clang.freertos.debug.lib : csl_cpsw_ale_9g_tblcfg.obj (.text.CSL_CPSW_setAleVlanUnicastAddrEntry)
                  700678be    00000002     --HOLE-- [fill = 0]
                  700678c0    0000013e                                                           : enet_cpdma.obj (.text.EnetCpdma_openTxCh)
                  700679fe    00000002     --HOLE-- [fill = 0]
                  70067a00    0000013e     drivers.am263px.r5f.ti-arm-clang.freertos.debug.lib : i2c_v1.obj (.text.I2C_mem_primeTransfer)
                  70067b3e    00000002     --HOLE-- [fill = 0]
                  70067b40    0000013e     lwip-freertos.am263px.r5f.ti-arm-clang.debug.lib : pbuf.obj (.text.pbuf_copy_partial)
                  70067c7e    00000002     --HOLE-- [fill = 0]
                  70067c80    0000013a     board.am263px.r5f.ti-arm-clang.freertos.debug.lib : dp83869.obj (.text.Dp83869_enableAdvertisement)
                  70067dba    00000006     --HOLE-- [fill = 0]
                  70067dc0    0000013a     drivers.am263px.r5f.ti-arm-clang.freertos.debug.lib : edma.obj (.text.EDMA_isDmaChannelAllocated)
                  70067efa    00000006     --HOLE-- [fill = 0]
                  70067f00    0000013a     enet-cpsw.am263px.r5f.ti-arm-clang.freertos.debug.lib : enet_phymdio_dflt.obj (.text.EnetPhyMdioDflt_isAlive)
                  7006803a    00000006     --HOLE-- [fill = 0]
                  70068040    0000013a                                                           : enet_phymdio_dflt.obj (.text.EnetPhyMdioDflt_isLinked)
                  7006817a    00000006     --HOLE-- [fill = 0]
                  70068180    0000013a                                                           : enet.obj (.text.Enet_ioctl)
                  700682ba    00000006     --HOLE-- [fill = 0]
                  700682c0    0000013a     board.am263px.r5f.ti-arm-clang.freertos.debug.lib : generic_phy.obj (.text.GenericPhy_enableAdvertisement)
                  700683fa    00000006     --HOLE-- [fill = 0]
                  70068400    0000013a     drivers.am263px.r5f.ti-arm-clang.freertos.debug.lib : i2c_v1_lld.obj (.text.I2C_lld_mem_write)
                  7006853a    00000006     --HOLE-- [fill = 0]
                  70068540    0000013a     lwip-freertos.am263px.r5f.ti-arm-clang.debug.lib : dhcp.obj (.text.dhcp_release_and_stop)
                  7006867a    00000006     --HOLE-- [fill = 0]
                  70068680    00000138     enet-cpsw.am263px.r5f.ti-arm-clang.freertos.debug.lib : cpsw_cpts_ioctl.obj (.text.CpswCpts_ioctl_handler_CPSW_CPTS_IOCTL_SET_ESTF)
                  700687b8    00000008     --HOLE-- [fill = 0]
                  700687c0    00000138     freertos.am263px.r5f.ti-arm-clang.debug.lib : printf.obj (.text._ntoa_long_long)
                  700688f8    00000008     --HOLE-- [fill = 0]
                  70068900    00000136     board.am263px.r5f.ti-arm-clang.freertos.debug.lib : dp83869.obj (.text.Dp83869_disableAdvertisement)
                  70068a36    0000000a     --HOLE-- [fill = 0]
                  70068a40    00000136     enet-cpsw.am263px.r5f.ti-arm-clang.freertos.debug.lib : enet_appmemutils.obj (.text.EnetMem_initMemObjs)
                  70068b76    0000000a     --HOLE-- [fill = 0]
                  70068b80    00000136     board.am263px.r5f.ti-arm-clang.freertos.debug.lib : generic_phy.obj (.text.GenericPhy_disableAdvertisement)
                  70068cb6    0000000a     --HOLE-- [fill = 0]
                  70068cc0    00000136     drivers.am263px.r5f.ti-arm-clang.freertos.debug.lib : uart_v0_lld.obj (.text.UART_procLineStatusErr)
                  70068df6    0000000a     --HOLE-- [fill = 0]
                  70068e00    00000136     lwip-freertos.am263px.r5f.ti-arm-clang.debug.lib : tcp_out.obj (.text.tcp_rst_common)
                  70068f36    0000000a     --HOLE-- [fill = 0]
                  70068f40    00000134     drivers.am263px.r5f.ti-arm-clang.freertos.debug.lib : edma.obj (.text.EDMA_registerIntr)
                  70069074    0000000c     --HOLE-- [fill = 0]
                  70069080    00000134                                                         : uart_v0_lld.obj (.text.UART_writePolling)
                  700691b4    0000000c     --HOLE-- [fill = 0]
                  700691c0    00000134     freertos.am263px.r5f.ti-arm-clang.debug.lib : tasks.obj (.text.vTaskDelete)
                  700692f4    0000000c     --HOLE-- [fill = 0]
                  70069300    00000132     enet-cpsw.am263px.r5f.ti-arm-clang.freertos.debug.lib : csl_cpsw_ale_9g_tblcfg.obj (.text.CSL_CPSW_setAleVlanMcastAddrEntry)
                  70069432    0000000e     --HOLE-- [fill = 0]
                  70069440    00000132                                                           : cpsw.obj (.text.Cpsw_dmaMiscIsr)
                  70069572    0000000e     --HOLE-- [fill = 0]
                  70069580    00000130                                                           : csl_cpsw_ale_9g_tblcfg.obj (.text.CSL_CPSW_setAleUnicastAddrEntry)
                  700696b0    00000130                                                           : enet.obj (.text.EnetPer_open)
                  700697e0    00000130     lwip-freertos.am263px.r5f.ti-arm-clang.debug.lib : tcp_in.obj (.text.tcp_oos_insert_segment)
                  70069910    0000012e                                                      : igmp.obj (.text.igmp_send)
                  70069a3e    00000002     --HOLE-- [fill = 0]
                  70069a40    0000012c     enet-cpsw.am263px.r5f.ti-arm-clang.freertos.debug.lib : enet_osal.obj (.text.EnetOsal_registerIntr)
                  70069b6c    00000004     --HOLE-- [fill = 0]
                  70069b70    0000012c                                                           : enet_rm.obj (.text.EnetRm_validateResPartInfo)
                  70069c9c    00000004     --HOLE-- [fill = 0]
                  70069ca0    0000012c     drivers.am263px.r5f.ti-arm-clang.freertos.debug.lib : i2c_v1_lld.obj (.text.I2C_lld_mem_read)
                  70069dcc    00000004     --HOLE-- [fill = 0]
                  70069dd0    0000012c                                                         : uart_v0_lld.obj (.text.UART_lld_init)
                  70069efc    00000004     --HOLE-- [fill = 0]
                  70069f00    0000012c     freertos.am263px.r5f.ti-arm-clang.debug.lib : tasks.obj (.text.ulTaskGenericNotifyTake)
                  7006a02c    00000004     --HOLE-- [fill = 0]
                  7006a030    0000012a     enet-cpsw.am263px.r5f.ti-arm-clang.freertos.debug.lib : enet_utils.obj (.text.EnetUtils_macToPhyMii)
                  7006a15a    00000006     --HOLE-- [fill = 0]
                  7006a160    00000128                                                           : enet_cpdmautils.obj (.text.EnetAppUtils_isDescCached)
                  7006a288    00000008     --HOLE-- [fill = 0]
                  7006a290    00000128     drivers.am263px.r5f.ti-arm-clang.freertos.debug.lib : i2c_v1_lld.obj (.text.I2C_lld_mem_writeIntr)
                  7006a3b8    00000008     --HOLE-- [fill = 0]
                  7006a3c0    00000128     freertos.am263px.r5f.ti-arm-clang.debug.lib : port.obj (.text.pxPortInitialiseStack)
                  7006a4e8    00000008     --HOLE-- [fill = 0]
                  7006a4f0    00000128     lwip-freertos.am263px.r5f.ti-arm-clang.debug.lib : stats.obj (.text.stats_display_proto)
                  7006a618    00000008     --HOLE-- [fill = 0]
                  7006a620    00000126     drivers.am263px.r5f.ti-arm-clang.freertos.debug.lib : soc.obj (.text.SOC_controlModuleLockMMR)
                  7006a746    0000000a     --HOLE-- [fill = 0]
                  7006a750    00000126     lwip-freertos.am263px.r5f.ti-arm-clang.debug.lib : pbuf.obj (.text.pbuf_take_at)
                  7006a876    0000000a     --HOLE-- [fill = 0]
                  7006a880    00000126                                                      : timeouts.obj (.text.sys_timeout_abs)
                  7006a9a6    0000000a     --HOLE-- [fill = 0]
                  7006a9b0    00000126                                                      : tcp_out.obj (.text.tcp_rexmit)
                  7006aad6    0000000a     --HOLE-- [fill = 0]
                  7006aae0    00000124     enet-cpsw.am263px.r5f.ti-arm-clang.freertos.debug.lib : csl_cpsw_ale_9g_tblcfg.obj (.text.CSL_CPSW_setAleMcastAddrEntry)
                  7006ac04    0000000c     --HOLE-- [fill = 0]
                  7006ac10    00000124                                                           : cpsw_ale.obj (.text.CpswAle_setIoctlHandlerFxn)
                  7006ad34    0000000c     --HOLE-- [fill = 0]
                  7006ad40    00000124                                                           : cpsw_cpts.obj (.text.CpswCpts_setIoctlHandlerFxn)
                  7006ae64    0000000c     --HOLE-- [fill = 0]
                  7006ae70    00000124                                                           : cpsw_hostport.obj (.text.CpswHostPort_setIoctlHandlerFxn)
                  7006af94    0000000c     --HOLE-- [fill = 0]
                  7006afa0    00000124                                                           : cpsw_macport_est.obj (.text.CpswMacPortEst_setIoctlHandlerFxn)
                  7006b0c4    0000000c     --HOLE-- [fill = 0]
                  7006b0d0    00000124                                                           : cpsw_macport.obj (.text.CpswMacPort_setIoctlHandlerFxn)
                  7006b1f4    0000000c     --HOLE-- [fill = 0]
                  7006b200    00000124                                                           : cpsw_stats.obj (.text.CpswStats_setIoctlHandlerFxn)
                  7006b324    0000000c     --HOLE-- [fill = 0]
                  7006b330    00000124                                                           : cpsw.obj (.text.Cpsw_initCfg)
                  7006b454    0000000c     --HOLE-- [fill = 0]
                  7006b460    00000124                                                           : cpsw.obj (.text.Cpsw_setIoctlHandlerFxn)
                  7006b584    0000000c     --HOLE-- [fill = 0]
                  7006b590    00000124                                                           : enet_phymdio_dflt.obj (.text.EnetPhyMdioDflt_setIoctlHandlerFxn)
                  7006b6b4    0000000c     --HOLE-- [fill = 0]
                  7006b6c0    00000124                                                           : enet_rm.obj (.text.EnetRm_setIoctlHandlerFxn)
                  7006b7e4    0000000c     --HOLE-- [fill = 0]
                  7006b7f0    00000124                                                           : mdio.obj (.text.Mdio_setIoctlHandlerFxn)
                  7006b914    0000000c     --HOLE-- [fill = 0]
                  7006b920    00000122                                                           : cpsw_ale_ioctl.obj (.text.CpswAle_addUcastAddr)
                  7006ba42    0000000e     --HOLE-- [fill = 0]
                  7006ba50    00000122     ti_enet_open_close.o (.text.EnetApp_driverClose)
                  7006bb72    0000000e     --HOLE-- [fill = 0]
                  7006bb80    00000120     enet-cpsw.am263px.r5f.ti-arm-clang.freertos.debug.lib : cpsw_est.obj (.text.CpswEst_setIoctlHandlerFxn)
                  7006bca0    00000120                                                           : enet_rm_ioctl.obj (.text.EnetRm_allocInternalRxFlowIdx)
                  7006bdc0    00000120                                                           : mdio_manual_ioctl.obj (.text.Mdio_manualModePhyRegRead22)
                  7006bee0    00000120     drivers.am263px.r5f.ti-arm-clang.freertos.debug.lib : soc_rcm.obj (.text.SOC_rcmGetPeripheralClockFrequency)
                  7006c000    0000011e     ti_enet_lwipif.o (.text.LwipifEnetApp_getRxChIDs)
                  7006c11e    00000002     --HOLE-- [fill = 0]
                  7006c120    0000011e     enet-cpsw.am263px.r5f.ti-arm-clang.freertos.debug.lib : mdio_manual_ioctl.obj (.text.Mdio_manualModePhyRegValReadC45)
                  7006c23e    00000002     --HOLE-- [fill = 0]
                  7006c240    0000011e     lwip-freertos.am263px.r5f.ti-arm-clang.debug.lib : pbuf.obj (.text.pbuf_add_header_impl)
                  7006c35e    00000002     --HOLE-- [fill = 0]
                  7006c360    0000011e     freertos.am263px.r5f.ti-arm-clang.debug.lib : tasks.obj (.text.xTaskDelayUntil)
                  7006c47e    00000002     --HOLE-- [fill = 0]
                  7006c480    0000011c     enet-cpsw.am263px.r5f.ti-arm-clang.freertos.debug.lib : csl_cpsw_ale_9g_tblcfg.obj (.text.CSL_CPSW_setAleVlanEntry)
                  7006c59c    00000004     --HOLE-- [fill = 0]
                  7006c5a0    0000011c     ti_enet_open_close.o (.text.EnetAppUtils_openRxCh)
                  7006c6bc    00000004     --HOLE-- [fill = 0]
                  7006c6c0    0000011c     enet-cpsw.am263px.r5f.ti-arm-clang.freertos.debug.lib : enet_cpdma.obj (.text.EnetCpdma_setSOPInfo)
                  7006c7dc    00000004     --HOLE-- [fill = 0]
                  7006c7e0    0000011c                                                           : enet_queue.obj (.text.EnetQueue_append)
                  7006c8fc    00000004     --HOLE-- [fill = 0]
                  7006c900    0000011c                                                           : enet_utils.obj (.text.EnetUtils_delayNs)
                  7006ca1c    00000004     --HOLE-- [fill = 0]
                  7006ca20    0000011c     ti_enet_lwipif.o (.text.LwipifEnetApp_netifOpen)
                  7006cb3c    00000004     --HOLE-- [fill = 0]
                  7006cb40    0000011c     enet-cpsw.am263px.r5f.ti-arm-clang.freertos.debug.lib : mdio_ioctl.obj (.text.Mdio_writeRegC45)
                  7006cc5c    00000004     --HOLE-- [fill = 0]
                  7006cc60    0000011c     drivers.am263px.r5f.ti-arm-clang.freertos.debug.lib : uart_dma_edma.obj (.text.UART_lld_dmaRead)
                  7006cd7c    00000004     --HOLE-- [fill = 0]
                  7006cd80    0000011c     lwip-freertos.am263px.r5f.ti-arm-clang.debug.lib : tcp_out.obj (.text.tcp_rexmit_rto_prepare)
                  7006ce9c    00000004     --HOLE-- [fill = 0]
                  7006cea0    0000011a     enet-cpsw.am263px.r5f.ti-arm-clang.freertos.debug.lib : csl_cpsw_ale_9g_tblcfg.obj (.text.CSL_CPSW_setAleOutVlanEntry)
                  7006cfba    00000006     --HOLE-- [fill = 0]
                  7006cfc0    0000011a                                                           : enetphy.obj (.text.EnetPhy_setupManual)
                  7006d0da    00000006     --HOLE-- [fill = 0]
                  7006d0e0    0000011a     drivers.am263px.r5f.ti-arm-clang.freertos.debug.lib : i2c_v1_lld.obj (.text.I2C_lld_mem_readIntr)
                  7006d1fa    00000006     --HOLE-- [fill = 0]
                  7006d200    00000118     enet-cpsw.am263px.r5f.ti-arm-clang.freertos.debug.lib : enetphy.obj (.text.EnetPhy_resetWaitState)
                  7006d318    00000008     --HOLE-- [fill = 0]
                  7006d320    00000118                                                           : enetphy.obj (.text.EnetPhy_setupNway)
                  7006d438    00000008     --HOLE-- [fill = 0]
                  7006d440    00000118     lwip-freertos.am263px.r5f.ti-arm-clang.debug.lib : sys_arch.obj (.text.sys_mbox_trypost)
                  7006d558    00000008     --HOLE-- [fill = 0]
                  7006d560    00000118                                                      : tcp.obj (.text.tcp_process_refused_data)
                  7006d678    00000008     --HOLE-- [fill = 0]
                  7006d680    00000118                                                      : tcp.obj (.text.tcp_update_rcv_ann_wnd)
                  7006d798    00000118     libclang_rt.builtins.a : udivmoddi4.S.obj (.text)
                  7006d8b0    00000116     drivers.am263px.r5f.ti-arm-clang.freertos.debug.lib : edma.obj (.text.EDMA_isTccAllocated)
                  7006d9c6    0000000a     --HOLE-- [fill = 0]
                  7006d9d0    00000116     enet-cpsw.am263px.r5f.ti-arm-clang.freertos.debug.lib : mdio_ioctl.obj (.text.Mdio_handleIntr)
                  7006dae6    0000000a     --HOLE-- [fill = 0]
                  7006daf0    00000116     drivers.am263px.r5f.ti-arm-clang.freertos.debug.lib : uart_v0_lld.obj (.text.UART_divisorLatchWrite)
                  7006dc06    0000000a     --HOLE-- [fill = 0]
                  7006dc10    00000114     freertos.am263px.r5f.ti-arm-clang.debug.lib : printf.obj (.text._ntoa_long)
                  7006dd24    0000000c     --HOLE-- [fill = 0]
                  7006dd30    00000112     enet-cpsw.am263px.r5f.ti-arm-clang.freertos.debug.lib : enetphy.obj (.text.EnetPhy_tick)
                  7006de42    0000000e     --HOLE-- [fill = 0]
                  7006de50    00000110     freertos.am263px.r5f.ti-arm-clang.debug.lib : DebugP_shmLogReader.obj (.text.DebugP_shmLogRead)
                  7006df60    00000110                                                 : DebugP_shmLogReader.obj (.text.DebugP_shmLogReaderTaskMain)
                  7006e070    00000110     enet-cpsw.am263px.r5f.ti-arm-clang.freertos.debug.lib : enetphy.obj (.text.EnetPhy_rmwReg)
                  7006e180    0000010e                                                           : enet_cpdma.obj (.text.EnetCpdma_initRxChannel)
                  7006e28e    00000002     --HOLE-- [fill = 0]
                  7006e290    0000010e     drivers.am263px.r5f.ti-arm-clang.freertos.debug.lib : soc_rcm.obj (.text.SOC_rcmADPLLJGetFOut)
                  7006e39e    00000002     --HOLE-- [fill = 0]
                  7006e3a0    0000010e     lwip-freertos.am263px.r5f.ti-arm-clang.debug.lib : netif.obj (.text.netif_do_set_ipaddr)
                  7006e4ae    00000002     --HOLE-- [fill = 0]
                  7006e4b0    0000010e                                                      : udp.obj (.text.udp_sendto_if)
                  7006e5be    00000002     --HOLE-- [fill = 0]
                  7006e5c0    0000010e     freertos.am263px.r5f.ti-arm-clang.debug.lib : queue.obj (.text.xQueueGenericReset)
                  7006e6ce    00000002     --HOLE-- [fill = 0]
                  7006e6d0    0000010c     enet-cpsw.am263px.r5f.ti-arm-clang.freertos.debug.lib : enet_cpdma.obj (.text.EnetCpdma_initTxChannel)
                  7006e7dc    00000004     --HOLE-- [fill = 0]
                  7006e7e0    0000010c     lwip-freertos.am263px.r5f.ti-arm-clang.debug.lib : sys_arch.obj (.text.sys_arch_protect)
                  7006e8ec    00000004     --HOLE-- [fill = 0]
                  7006e8f0    0000010c                                                      : udp.obj (.text.udp_connect)
                  7006e9fc    00000004     --HOLE-- [fill = 0]
                  7006ea00    0000010a     enet-cpsw.am263px.r5f.ti-arm-clang.freertos.debug.lib : csl_cpsw.obj (.text.CSL_CPSW_setCpswControlReg)
                  7006eb0a    00000006     --HOLE-- [fill = 0]
                  7006eb10    0000010a     drivers.am263px.r5f.ti-arm-clang.freertos.debug.lib : ipc_notify_v1.obj (.text.IpcNotify_sendMsg)
                  7006ec1a    00000006     --HOLE-- [fill = 0]
                  7006ec20    00000108     lwip-freertos.am263px.r5f.ti-arm-clang.debug.lib : sys_arch.obj (.text.sys_mbox_new)
                  7006ed28    00000008     --HOLE-- [fill = 0]
                  7006ed30    00000108                                                      : tcp_out.obj (.text.tcp_output_alloc_header_common)
                  7006ee38    00000008     --HOLE-- [fill = 0]
                  7006ee40    00000106     ti_enet_open_close.o (.text.EnetApp_getRxDmaHandle)
                  7006ef46    0000000a     --HOLE-- [fill = 0]
                  7006ef50    00000106     enet-cpsw.am263px.r5f.ti-arm-clang.freertos.debug.lib : enet_rm.obj (.text.EnetRm_initTxObj)
                  7006f056    0000000a     --HOLE-- [fill = 0]
                  7006f060    00000106     freertos.am263px.r5f.ti-arm-clang.debug.lib : tasks.obj (.text.prvAddCurrentTaskToDelayedList)
                  7006f166    0000000a     --HOLE-- [fill = 0]
                  7006f170    00000104     enet-cpsw.am263px.r5f.ti-arm-clang.freertos.debug.lib : csl_cpsw.obj (.text.CSL_CPSW_setPortEstConfig)
                  7006f274    0000000c     --HOLE-- [fill = 0]
                  7006f280    00000104     drivers.am263px.r5f.ti-arm-clang.freertos.debug.lib : i2c_v1.obj (.text.I2C_close)
                  7006f384    0000000c     --HOLE-- [fill = 0]
                  7006f390    00000104     lwipif-cpsw-freertos.am263px.r5f.ti-arm-clang.debug.lib : lwip2lwipif.obj (.text.LWIPIF_LWIP_UdpLiteValidateChkSum)
                  7006f494    0000000c     --HOLE-- [fill = 0]
                  7006f4a0    00000104     drivers.am263px.r5f.ti-arm-clang.freertos.debug.lib : uart_v0_lld.obj (.text.UART_configInstance)
                  7006f5a4    0000000c     --HOLE-- [fill = 0]
                  7006f5b0    00000104     gateway_shared.o (.text.gateway_ringbuf_write)
                  7006f6b4    0000000c     --HOLE-- [fill = 0]
                  7006f6c0    00000100     enet-cpsw.am263px.r5f.ti-arm-clang.freertos.debug.lib : enet_osal.obj (.text.EnetOsal_createMutex)
                  7006f7c0    00000100                                                           : enetphy.obj (.text.EnetPhy_getId)
                  7006f8c0    000000fe                                                           : cpsw_stats.obj (.text.CpswStats_resetMacStats)
                  7006f9be    00000002     --HOLE-- [fill = 0]
                  7006f9c0    000000fe     lwip-freertos.am263px.r5f.ti-arm-clang.debug.lib : tcp_out.obj (.text.tcp_send_empty_ack)
                  7006fabe    00000002     --HOLE-- [fill = 0]
                  7006fac0    000000fc     ti_enet_open_close.o (.text.EnetApp_createPhyStateHandlerTask)
                  7006fbbc    00000004     --HOLE-- [fill = 0]
                  7006fbc0    000000fc     lwipif-cpsw-freertos.am263px.r5f.ti-arm-clang.debug.lib : lwip2enet.obj (.text.Lwip2Enet_sendTxPackets)
                  7006fcbc    00000004     --HOLE-- [fill = 0]
                  7006fcc0    000000fc     gateway_shared.o (.text.gateway_ringbuf_core0_init)
                  7006fdbc    00000004     --HOLE-- [fill = 0]
                  7006fdc0    000000fc     lwip-freertos.am263px.r5f.ti-arm-clang.debug.lib : ip4_addr.obj (.text.ip4addr_ntoa_r)
                  7006febc    00000004     --HOLE-- [fill = 0]
                  7006fec0    000000fc     test.o (.text.main_loop)
                  7006ffbc    00000004     --HOLE-- [fill = 0]
                  7006ffc0    000000fa     enet-cpsw.am263px.r5f.ti-arm-clang.freertos.debug.lib : enet_cpdma_priv.obj (.text.EnetCpdmaStats_updateNotifyStats)
                  700700ba    00000006     --HOLE-- [fill = 0]
                  700700c0    000000f8                                                           : csl_cpts.obj (.text.CSL_CPTS_setCntlReg)
                  700701b8    00000008     --HOLE-- [fill = 0]
                  700701c0    000000f8                                                           : cpsw.obj (.text.Cpsw_ioctlInternal)
                  700702b8    00000008     --HOLE-- [fill = 0]
                  700702c0    000000f6                                                           : cpsw_ioctl.obj (.text.Cpsw_internalIoctl_handler_ENET_PER_IOCTL_ATTACH_CORE)
                  700703b6    0000000a     --HOLE-- [fill = 0]
                  700703c0    000000f6                                                           : enetphy.obj (.text.EnetPhy_clearIsolateState)
                  700704b6    0000000a     --HOLE-- [fill = 0]
                  700704c0    000000f6                                                           : enetphy.obj (.text.EnetPhy_setIsolateState)
                  700705b6    0000000a     --HOLE-- [fill = 0]
                  700705c0    000000f6                                                           : enet_queue.obj (.text.EnetQueue_enq)
                  700706b6    0000000a     --HOLE-- [fill = 0]
                  700706c0    000000f6     lwip-freertos.am263px.r5f.ti-arm-clang.debug.lib : ip4_frag.obj (.text.ip_reass_remove_oldest_datagram)
                  700707b6    0000000a     --HOLE-- [fill = 0]
                  700707c0    000000f4     enet-cpsw.am263px.r5f.ti-arm-clang.freertos.debug.lib : cpsw.obj (.text.Cpsw_handleMdioLinkStateChange)
                  700708b4    0000000c     --HOLE-- [fill = 0]
                  700708c0    000000f4                                                           : enet.obj (.text.EnetPer_ioctl)
                  700709b4    0000000c     --HOLE-- [fill = 0]
                  700709c0    000000f4                                                           : enet.obj (.text.Enet_open)
                  70070ab4    0000000c     --HOLE-- [fill = 0]
                  70070ac0    000000f4     freertos.am263px.r5f.ti-arm-clang.debug.lib : tasks.obj (.text.prvCreateStaticTask)
                  70070bb4    0000000c     --HOLE-- [fill = 0]
                  70070bc0    000000f4     lwip-freertos.am263px.r5f.ti-arm-clang.debug.lib : tcp_out.obj (.text.tcp_output_control_segment_netif)
                  70070cb4    0000000c     --HOLE-- [fill = 0]
                  70070cc0    000000f2     enet-cpsw.am263px.r5f.ti-arm-clang.freertos.debug.lib : cpsw_macport.obj (.text.CpswMacPort_setSwitchTxSched)
                  70070db2    0000000e     --HOLE-- [fill = 0]
                  70070dc0    000000f2                                                           : enet_queue.obj (.text.EnetQueue_verifyQCount)
                  70070eb2    0000000e     --HOLE-- [fill = 0]
                  70070ec0    000000f2     test.o (.text.enet_is_link_up)
                  70070fb2    0000000e     --HOLE-- [fill = 0]
                  70070fc0    000000f0     drivers.am263px.r5f.ti-arm-clang.freertos.debug.lib : i2c_v1.obj (.text.I2C_LLD_targetTransferCompleteCallback)
                  700710b0    000000f0     lwip-freertos.am263px.r5f.ti-arm-clang.debug.lib : sys_arch.obj (.text.sys_sem_signal)
                  700711a0    000000ee                                                      : tcp_out.obj (.text.tcp_rexmit_fast)
                  7007128e    00000002     --HOLE-- [fill = 0]
                  70071290    000000ec     enet-cpsw.am263px.r5f.ti-arm-clang.freertos.debug.lib : cpsw_ioctl.obj (.text.Cpsw_internalIoctl_handler_ENET_PER_IOCTL_OPEN_PORT_LINK)
                  7007137c    00000004     --HOLE-- [fill = 0]
                  70071380    000000ec                                                           : enet_rm_ioctl.obj (.text.EnetRm_addCoreAttached)
                  7007146c    00000004     --HOLE-- [fill = 0]
                  70071470    000000ec     freertos.am263px.r5f.ti-arm-clang.debug.lib : queue.obj (.text.xQueueGenericCreateStatic)
                  7007155c    00000004     --HOLE-- [fill = 0]
                  70071560    000000ea     enet-cpsw.am263px.r5f.ti-arm-clang.freertos.debug.lib : enetphy.obj (.text.EnetPhy_getManualCaps)
                  7007164a    00000006     --HOLE-- [fill = 0]
                  70071650    000000ea     drivers.am263px.r5f.ti-arm-clang.freertos.debug.lib : i2c_v1_lld.obj (.text.I2C_lld_targetTransferIntr)
                  7007173a    00000006     --HOLE-- [fill = 0]
                  70071740    000000ea     ti_enet_lwipif.o (.text.LwipifEnetApp_getTxChIDs)
                  7007182a    00000006     --HOLE-- [fill = 0]
                  70071830    000000e8     enet-cpsw.am263px.r5f.ti-arm-clang.freertos.debug.lib : enetphy.obj (.text.EnetPhy_findCommonCaps)
                  70071918    00000008     --HOLE-- [fill = 0]
                  70071920    000000e8                                                           : enet_rm_ioctl.obj (.text.EnetRm_allocRxFlowIdx)
                  70071a08    00000008     --HOLE-- [fill = 0]
                  70071a10    000000e8                                                           : mdio.obj (.text.Mdio_close)
                  70071af8    00000008     --HOLE-- [fill = 0]
                  70071b00    000000e8     gateway_shared.o (.text.gateway_wait_motor_config_ready)
                  70071be8    00000008     --HOLE-- [fill = 0]
                  70071bf0    000000e8     lwip-freertos.am263px.r5f.ti-arm-clang.debug.lib : tcp.obj (.text.tcp_recved)
                  70071cd8    00000008     --HOLE-- [fill = 0]
                  70071ce0    000000e8                                                      : tcpip.obj (.text.tcpip_init)
                  70071dc8    00000008     --HOLE-- [fill = 0]
                  70071dd0    000000e6     board.am263px.r5f.ti-arm-clang.freertos.debug.lib : dp83869.obj (.text.Dp83869_setClkDelay)
                  70071eb6    0000000a     --HOLE-- [fill = 0]
                  70071ec0    000000e6     drivers.am263px.r5f.ti-arm-clang.freertos.debug.lib : soc_rcm.obj (.text.SOC_rcmGetCoreFout)
                  70071fa6    0000000a     --HOLE-- [fill = 0]
                  70071fb0    000000e6                                                         : soc_rcm.obj (.text.SOC_rcmGetPerFout)
                  70072096    0000000a     --HOLE-- [fill = 0]
                  700720a0    000000e6     lwip-freertos.am263px.r5f.ti-arm-clang.debug.lib : stats.obj (.text.stats_display)
                  70072186    0000000a     --HOLE-- [fill = 0]
                  70072190    000000e6                                                      : tcp.obj (.text.tcp_fasttmr)
                  70072276    0000000a     --HOLE-- [fill = 0]
                  70072280    000000e4     enet-cpsw.am263px.r5f.ti-arm-clang.freertos.debug.lib : cpsw_macport.obj (.text.CpswMacPort_setInterface)
                  70072364    0000000c     --HOLE-- [fill = 0]
                  70072370    000000e4     drivers.am263px.r5f.ti-arm-clang.freertos.debug.lib : edma.obj (.text.EDMA_freeChannelRegion)
                  70072454    0000000c     --HOLE-- [fill = 0]
                  70072460    000000e4     enet-cpsw.am263px.r5f.ti-arm-clang.freertos.debug.lib : enet_rm.obj (.text.EnetRm_getFreeQ)
                  70072544    0000000c     --HOLE-- [fill = 0]
                  70072550    000000e4     test.o (.text.test_init)
                  70072634    0000000c     --HOLE-- [fill = 0]
                  70072640    000000e2     enet-cpsw.am263px.r5f.ti-arm-clang.freertos.debug.lib : csl_cpsw.obj (.text.CSL_CPSW_getAlePortControlReg)
[...]
700a1cac  ip_addr_broadcast                                                      
700a1d20  __BSS_START                                                            
700a1d20  memp_memory_POOL_1568_base                                             
700b493f  memp_memory_POOL_4096_base                                             
700c09e0  memp_memory_POOL_128_base                                              
700c8398  memp_memory_NETBUF_base                                                
700c93b7  memp_memory_PBUF_base                                                  
700ca3d6  memp_memory_TCPIP_MSG_API_base                                         
700cb3f5  memp_memory_TCPIP_MSG_INPKT_base                                       
700cc414  memp_memory_TCP_SEG_base                                               
700cd434  pfreeQ                                                                 
700d11c0  memp_memory_SYS_MBOX_base                                              
700d2560  memp_memory_RX_POOL_base                                               
700d2d80  gHwiCtrl                                                               
700d57e0  gFreePbufArr                                                           
700d5be0  memp_memory_ARP_QUEUE_base                                             
700d5fbf  memp_memory_TCP_PCB_base                                               
700d65c0  memp_memory_NETCONN_base                                               
700d6d68  memp_memory_SYS_TIMEOUT_base                                           
700d6fa8  lwip_stats                                                             
700d71ac  memp_memory_FRAG_PBUF_base                                             
700d76f0  gEepromObject_CAT24M                                                   
700d785c  memp_memory_ALTCP_PCB_base                                             
700d79bb  memp_memory_NETDB_base                                                 
700d7b1a  memp_memory_REASSDATA_base                                             
700d7c7c  _CIOBUF_                                                               
700d7c7c  __CIOBUF_                                                              
700d7d9c  memp_memory_IGMP_GROUP_base                                            
700d7ebb  memp_memory_TCP_PCB_LISTEN_base                                        
700d7fda  memp_memory_UDP_PCB_base                                               
700d81f9  pbuf_free_ooseq_pending                                                
700d81fc  xQueueRegistry                                                         
700d83ec  gEnetUtilsObj                                                          
700d84c4  gIpcNotifyCtrl                                                         
700d857c  __TI_tmpnams                                                           
700d8620  gTaskP_ctrl                                                            
700d8b80  gDebugShmLogReaderCtrl                                                 
700d8c94  memp_memory_RAW_PCB_base                                               
700d8d13  tcp_active_pcbs_changed                                                
700d8dbc  gRovDummyQueue                                                         
700d8eb4  memp_memory_PBUF_POOL_base                                             
700d8ed8  gClockCtrl                                                             
700d8ef0  ip_data                                                                
700d9114  virtToPhymap                                                           
700d9138  parmbuf                                                                
700d9214  gEepromHandle                                                          
700d9218  gI2cHandle                                                             
700d921c  gInterface                                                             
700d9220  gUartHandle                                                            
700d9224  lock_tcpip_core                                                        
700d9228  netif_default                                                          
700d922c  netif_list                                                             
700d9230  tcp_active_pcbs                                                        
700d9234  tcp_bound_pcbs                                                         
700d9238  tcp_input_pcb                                                          
700d923c  tcp_listen_pcbs                                                        
700d9240  tcp_ticks                                                              
700d9244  tcp_tw_pcbs                                                            
700d9248  udp_pcbs                                                               
700d9260  __BSS_END                                                              
700d9260  _sys_memory                                                            
700e1260  __stack                                                                
700e5260  __STACK_END                                                            
700fd280  gEdmaConfig                                                            
700fd280  gEnetSoc_cpsw3g                                                        
700fd280  gUartDmaHandle                                                         
700fede0  gEnetSoc_dmaObj                                                        
70101630  gEnetSoc_cpsw3gMacObj                                                  
701019d0  gEnetCpswCfg                                                           
701026c8  gEnetPhyDrvDp83869                                                     
701027cc  gEnetPhyDrvGeneric                                                     
701028d0  gIpcNotifyMailboxConfig                                                
70102ac8  _ftable                                                                
70103688  _device                                                                
701039d8  gUartParams                                                            
70103ad4  _stream                                                                
70103cb8  gEnetSoc_cpsw3gSocCfg                                                  
70103d20  gEnetMacAddrPool                                                       
70103d50  gSocModulesClockFrequency                                              
70103da0  gClockConfig                                                           
70103e00  gDmaCfg                                                                
70103e78  gIpcNotifyInterruptConfig_r5fss0_0                                     
70103ec0  Cpsw_gSpeedNames                                                       
70103ed0  gEepromFxns_CAT24M                                                     
70103ee0  gIpcNotifyCoreIntrBitPos                                               
70103ef0  gSocModules                                                            
70103f00  Cpsw_gDuplexNames                                                      
70103f0c  gAddrTranslateConfig                                                   
70103f24  gEepromAttrs_CAT24M                                                    
70103f30  gEepromConfig                                                          
70103f3c  gEnetSoc_perObj                                                        
70103f48  gI2cParams                                                             
70103f54  __TI_cleanup_ptr                                                       
70103f58  __TI_dtors_ptr                                                         
70103f5c  gEepromParams                                                          
70103f64  gI2cConfig                                                             
70103f74  gUartConfig                                                            
70103f7c  FreeRTOS_errno                                                         
70103f90  __TI_ft_end                                                            
70103f94  _lock                                                                  
70103f98  _unlock                                                                
70103fb8  gDebugLogZone                                                          
70103fbc  gDebugP_uartDrvIndex                                                   
70103fc0  gEdmaConfigNum                                                         
70103fc4  gEepromConfigNum                                                       
70103fc8  gEnetOsalHwiAllocCnt                                                   
70103fcc  gEnetOsalHwiPeak                                                       
70103fd0  gEnetOsalSemAllocCnt                                                   
70103fd4  gEnetOsalSemPeak                                                       
70103fd8  gHwiConfig                                                             
70103fdc  gI2cConfigNum                                                          
70103fe0  gIpcNotifyInterruptConfigNum_r5fss0_0                                  
70103fe4  gIpcTask                                                               
70103fe8  gLogReaderTask                                                         
70103fec  gMainTask                                                              
70103ff0  gUartConfigNum                                                         
70103ff4  gUartDmaChConfig                                                       
70103ff8  gUdpTxTask                                                             
70104000  g_netif                                                                
70104004  g_pbuf_alloc_count                                                     
70104008  g_pbuf_alloc_fail_count                                                
7010400c  g_pbuf_free_count                                                      
70104018  g_udp_sendto_count                                                     
70104020  hlwipIfApp                                                             
7010402c  pxCurrentTCB                                                           
70104044  ulPortInterruptNesting                                                 
70104048  ulPortSchedularRunning                                                 
7010404c  ulPortTaskHasFPUContext                                                
70104050  ulPortYieldRequired                                                    
701040cd  gEnetTrace_runtimeLevel                                                
701040cf  isMapAvailable                                                         
701040e1  HwiP_enableInt                                                         
70104121  HwiP_disableInt                                                        
70104181  HwiP_restoreInt                                                        
701041b1  HwiP_clearInt                                                          
701041f1  HwiP_post                                                              
70104231  HwiP_Params_init                                                       
70104261  HwiP_construct                                                         
70104451  HwiP_destruct                                                          
701044c1  HwiP_init                                                              
70104671  HwiP_inISR                                                             
701046a1  HwiP_setVimIrqPriMaskNonAtomic                                         
701046f1  HwiP_setVimIrqPriMaskAtomic                                            
70104791  HwiP_restoreVimIrqPriMask                                              
701047a1  HwiP_irq_handler_c                                                     
70104941  HwiP_fiq_handler                                                       
70104ab1  HwiP_reserved_handler                                                  
70104af1  HwiP_undefined_handler_c                                               
70104b11  HwiP_user_undefined_handler_c                                          
70104b31  HwiP_prefetch_abort_handler_c                                          
70104bd1  HwiP_user_prefetch_abort_handler_c                                     
70104c11  HwiP_data_abort_handler_c                                              
70104cd1  HwiP_user_data_abort_handler_c                                         
70104d0c  vPortRestoreTaskContext                                                
70104d44  HwiP_svc_handler                                                       
70104db4  HwiP_irq_handler                                                       
70104ef8  HwiP_data_abort_handler                                                
70104f3c  HwiP_prefetch_abort_handler                                            
70104f88  HwiP_undefined_handler                                                 
70104fb8  GET_DFSR                                                               
70104fc0  GET_ADFSR                                                              
70104fc8  GET_DFAR                                                               
70104fd0  GET_IFSR                                                               
70104fd8  GET_AIFSR                                                              
70104fe0  GET_IFAR                                                               
70104fe8  GET_SPSR                                                               
70104ffc  HwiP_disable                                                           
7010500c  HwiP_disableFIQ                                                        
7010501c  HwiP_enable                                                            
7010502c  HwiP_enableFIQ                                                         
7010503c  HwiP_restore                                                           
70105044  HwiP_enableVIC                                                         
70105054  HwiP_disableVIC                                                        
70105064  HwiP_getCPSR                                                           
70105070  CacheP_disableL1d                                                      
70105098  CacheP_disableL1p                                                      
701050b0  CacheP_enableL1d                                                       
701050c8  CacheP_enableL1p                                                       
701050e0  CacheP_invL1d                                                          
70105118  CacheP_invL1p                                                          
70105154  CacheP_invL1dAll                                                       
7010515c  CacheP_invL1pAll                                                       
70105164  CacheP_wb                                                              
701051a0  CacheP_wbInv                                                           
701051dc  CacheP_wbAll                                                           
70105284  CacheP_wbInvAll                                                        
7010529c  CacheP_wbInvAllAsm                                                     
7010533c  CacheP_getEnabled                                                      
70105374  CacheP_getCacheLevelInfo                                               
70105380  CacheP_configForceWrThru                                               
701053a0  CacheP_setDLFO                                                         
701053b1  CacheP_init                                                            
70105441  CacheP_disable                                                         
70105491  CacheP_enable                                                          
701054d1  CacheP_inv                                                             
70105511  MpuP_getAttrs                                                          
70105571  MpuP_RegionAttrs_init                                                  
701055a1  MpuP_setRegion                                                         
70105631  MpuP_isEnable                                                          
70105641  MpuP_disable                                                           
70105681  MpuP_enable                                                            
701056d1  MpuP_init                                                              
70105771  MpuP_isUserAuthorizedToAccessMemory                                    
70105850  MpuP_disableAsm                                                        
70105868  MpuP_disableBRAsm                                                      
70105878  MpuP_enableAsm                                                         
70105890  MpuP_enableBRAsm                                                       
701058a0  MpuP_isEnableAsm                                                       
701058b4  MpuP_setRegionAsm                                                      
701058d0  _c_int00_sbl                                                           
701058f4  _c_int00                                                               
70105a21  _DebugP_assertNoLog                                                    
70105a51  _system_pre_init                                                       
70105a81  __mpu_init                                                             
70105a90  abort                                                                  
70105a98  __IRQ_STACK_START                                                      
70105b98  __FIQ_STACK_START                                                      
70105b98  __IRQ_STACK_END                                                        
70105c98  __FIQ_STACK_END                                                        
70105c98  __SVC_STACK_START                                                      
70106c98  __ABORT_STACK_START                                                    
70106c98  __SVC_STACK_END                                                        
70106d98  __ABORT_STACK_END                                                      
70106d98  __UNDEFINED_STACK_START                                                
70106e98  __UNDEFINED_STACK_END                                                  
70200000  gGatewaySharedMem                                                      
70204e14  dbg_ipc_recv_count                                                     
70204e18  dbg_udp_rx_count                                                       
70204e1c  dbg_udp_tx_count                                                       
70204e20  dbg_error_count                                                        
70204e24  dbg_last_error_code                                                    
70204e28  dbg_imu_frame_count                                                    
70208000  gDebugShmLog                                                           
ffffffff  __TI_pprof_out_hndl                                                    
ffffffff  __TI_prof_data_size                                                    
ffffffff  __TI_prof_data_start                                                   
ffffffff  __binit__                                                              
ffffffff  binit                                                                  
UNDEFED   __TI_CINIT_Base                                                        
UNDEFED   __TI_CINIT_Limit                                                       
UNDEFED   __TI_Handler_Table_Base                                                
UNDEFED   __TI_Handler_Table_Limit                                               
UNDEFED   _system_post_cinit                                                     

[1407 symbols]
