******************************************************************************
            TI ARM Clang Linker PC v4.0.4                      
******************************************************************************
>> Linked Thu Mar 26 14:38:16 2026

OUTPUT FILE NAME:   <ccu_ti_multi_core_freertos.out>
ENTRY POINT SYMBOL: "_vectors"  address: 00000000


MEMORY CONFIGURATION

         name            origin    length      used     unused   attr    fill
----------------------  --------  ---------  --------  --------  ----  --------
  R5F_VECS              00000000   00000040  00000040  00000000  RWIX
  R5F_TCMA              00000040   00007fc0  00000000  00007fc0  RWIX
  R5F_TCMB              00080000   00008000  00000000  00008000  RWIX
  MAILBOX_HSM           44000000   000003ce  00000000  000003ce  RWIX
  MAILBOX_R5F           44000400   000003ce  00000000  000003ce  RWIX
  FLASH                 60100000   00080000  00000000  00080000  RWIX
  SBL                   70000000   00040000  00000000  00040000  RWIX
  OCRAM                 70080000   00080000  00060a20  0001f5e0  RWIX
  ENET_CPPI_DESC        70100000   00040000  00000000  00040000  RWIX
  USER_SHM_MEM          701d0000   00008000  000042e4  00003d1c  RWIX
  LOG_SHM_MEM           701d8000   00004000  00002000  00002000  RWIX
  RTOS_NORTOS_IPC_SHM_M 72000000   00003e80  00000000  00003e80  RWIX


SEGMENT ALLOCATION MAP

run origin  load origin   length   init length attrs members
----------  ----------- ---------- ----------- ----- -------
00000000    00000000    00000040   00000040    r-x
  00000000    00000000    00000040   00000040    r-x .vectors
70080000    70080000    00038680   00000000    rw-
  70080000    70080000    0002c680   00000000    rw- .bss
  700ac680    700ac680    00008000   00000000    rw- .sysmem
  700b4680    700b4680    00004000   00000000    rw- .stack
700b8680    700b8680    00024fe8   00024fe8    r-x
  700b8680    700b8680    0001fc80   0001fc80    r-x .text
  700d8300    700d8300    00005368   00005368    r-- .rodata
700dd670    700dd670    000019b8   000019b8    r-x
  700dd670    700dd670    00000f90   00000f90    r-x .text.hwi
  700de600    700de600    000004a0   000004a0    r-x .text.cache
  700deaa0    700deaa0    000003c0   000003c0    r-x .text.mpu
  700dee60    700dee60    000001c0   000001c0    r-x .text.boot
  700df020    700df020    00000008   00000008    r-x .text:abort
700df028    700df028    00001a00   00000600    rw-
  700df028    700df028    00000600   00000600    rw- .data
  700df628    700df628    00000100   00000000    rw- .irqstack
  700df728    700df728    00000100   00000000    rw- .fiqstack
  700df828    700df828    00001000   00000000    rw- .svcstack
  700e0828    700e0828    00000100   00000000    rw- .abortstack
  700e0928    700e0928    00000100   00000000    rw- .undefinedstack


SECTION ALLOCATION MAP

 output                                  attributes/
section   page    origin      length       input sections
--------  ----  ----------  ----------   ----------------
.vectors   0    00000000    00000040     
                  00000000    00000040     freertos.am263px.r5f.ti-arm-clang.debug.lib : HwiP_armv7r_vectors_freertos_asm.obj (.vectors)

.bss       0    70080000    0002c680     UNINITIALIZED
                  70080000    00012c1f     (.common:memp_memory_POOL_1568_base)
                  70092c1f    0000409f     (.common:memp_memory_POOL_4096_base)
                  70096cbe    00003e9f     (.common:memp_memory_POOL_128_base)
                  7009ab5d    00000001     lwip-freertos.am263px.r5f.ti-arm-clang.debug.lib : dhcp.obj (.bss.dhcp_pcb_refcount)
                  7009ab5e    00000002                                                      : ip4.obj (.bss.ip_id)
                  7009ab60    00002000     main.o (.bss.gMainTaskStack)
                  7009cb60    0000101f     (.common:memp_memory_NETBUF_base)
                  7009db7f    0000101f     (.common:memp_memory_PBUF_base)
                  7009eb9e    0000101f     (.common:memp_memory_TCPIP_MSG_API_base)
                  7009fbbd    0000101f     (.common:memp_memory_TCPIP_MSG_INPKT_base)
                  700a0bdc    0000101f     (.common:memp_memory_TCP_SEG_base)
                  700a1bfb    00000001     lwip-freertos.am263px.r5f.ti-arm-clang.debug.lib : sys_arch.obj (.bss.lwip_core_lock_count)
                  700a1bfc    00000004                                                      : igmp.obj (.bss.allrouters)
                  700a1c00    00001000     freertos.am263px.r5f.ti-arm-clang.debug.lib : DebugP_shmLogReader_freertos.obj (.bss.gDebugShmLogReaderTaskStack)
                  700a2c00    00001000     main.o (.bss.gEnetLwipTaskStack)
                  700a3c00    00001000     main.o (.bss.gUdpRxTaskStack)
                  700a4c00    00001000     main.o (.bss.gUdpTxTaskStack)
                  700a5c00    00001000     freertos.am263px.r5f.ti-arm-clang.debug.lib : port.obj (.bss.uxIdleTaskStack)
                  700a6c00    00000b1f     (.common:memp_memory_SYS_MBOX_base)
                  700a771f    00000001     lwip-freertos.am263px.r5f.ti-arm-clang.debug.lib : tcp_in.obj (.bss.recv_flags)
                  700a7720    0000080c     (.common:gHwiCtrl)
                  700a7f2c    00000014     freertos.am263px.r5f.ti-arm-clang.debug.lib : timers.obj (.bss.xActiveTimerList1)
                  700a7f40    00000800     main.o (.bss.gIpcTaskStack)
                  700a8740    00000800     log_reader_task.o (.bss.gLogReaderTaskStack)
                  700a8f40    00000440     lwip-freertos.am263px.r5f.ti-arm-clang.debug.lib : dns.obj (.bss.dns_table)
                  700a9380    00000400     freertos.am263px.r5f.ti-arm-clang.debug.lib : port.obj (.bss.uxTimerTaskStack)
                  700a9780    000003df     (.common:memp_memory_ARP_QUEUE_base)
                  700a9b5f    0000033f     (.common:memp_memory_TCP_PCB_base)
                  700a9e9e    0000029f     (.common:memp_memory_NETCONN_base)
                  700aa13d    00000001     lwip-freertos.am263px.r5f.ti-arm-clang.debug.lib : tcp.obj (.bss.tcp_timer)
                  700aa13e    00000002                                                      : ip4_frag.obj (.bss.ip_reass_pbufcount)
                  700aa140    00000288     ti_drivers_config.o (.bss.gUartObjects)
                  700aa3c8    00000280     freertos.am263px.r5f.ti-arm-clang.debug.lib : tasks.obj (.bss.pxReadyTasksLists)
                  700aa648    0000023f     (.common:memp_memory_SYS_TIMEOUT_base)
                  700aa887    00000001     lwip-freertos.am263px.r5f.ti-arm-clang.debug.lib : tcp.obj (.bss.tcp_timer_ctr)
                  700aa888    00000204     (.common:lwip_stats)
                  700aaa8c    000001ff     (.common:memp_memory_FRAG_PBUF_base)
                  700aac8b    00000001     (.common:pbuf_free_ooseq_pending)
                  700aac8c    00000178     ti_drivers_config.o (.bss.gI2cObjects)
                  700aae04    0000016c     (.common:gEepromObject_CAT24M)
                  700aaf70    0000015f     (.common:memp_memory_ALTCP_PCB_base)
                  700ab0cf    0000015f     (.common:memp_memory_NETDB_base)
                  700ab22e    0000015f     (.common:memp_memory_REASSDATA_base)
                  700ab38d    0000011f     (.common:memp_memory_IGMP_GROUP_base)
                  700ab4ac    0000011f     (.common:memp_memory_TCP_PCB_LISTEN_base)
                  700ab5cb    0000011f     (.common:memp_memory_UDP_PCB_base)
                  700ab6ea    00000100     freertos.am263px.r5f.ti-arm-clang.debug.lib : timers.obj (.bss.prvCheckForValidListAndQueue.ucStaticTimerQueueStorage)
                  700ab7ea    00000001     (.common:tcp_active_pcbs_changed)
                  700ab7eb    00000001     --HOLE--
                  700ab7ec    00000100     (.common:xQueueRegistry)
                  700ab8ec    000000f0     lwip-freertos.am263px.r5f.ti-arm-clang.debug.lib : etharp.obj (.bss.arp_table)
                  700ab9dc    000000b8     (.common:gIpcNotifyCtrl)
                  700aba94    00000004                                                      : igmp.obj (.bss.allsystems)
                  700aba98    000000a0     (.common:gTaskP_ctrl)
                  700abb38    00000098     freertos.am263px.r5f.ti-arm-clang.debug.lib : DebugP_shmLogReader_freertos.obj (.bss.gDebugShmLogReaderTaskObj)
                  700abbd0    00000098     main.o (.bss.gEnetLwipTaskObj)
                  700abc68    00000098     main.o (.bss.gIpcTaskObj)
                  700abd00    00000098     log_reader_task.o (.bss.gLogReaderTaskObj)
                  700abd98    00000098     main.o (.bss.gMainTaskObj)
                  700abe30    00000098     main.o (.bss.gUdpRxTaskObj)
                  700abec8    00000098     main.o (.bss.gUdpTxTaskObj)
                  700abf60    00000098     freertos.am263px.r5f.ti-arm-clang.debug.lib : port.obj (.bss.xIdleTaskTCB)
                  700abff8    00000098                                                 : port.obj (.bss.xTimerTaskTCB)
                  700ac090    00000094     (.common:gDebugShmLogReaderCtrl)
                  700ac124    0000007f     (.common:memp_memory_RAW_PCB_base)
                  700ac1a3    00000001     --HOLE--
                  700ac1a4    00000058                                                 : DebugP_freertos.obj (.bss.gDebugLogLockObj)
                  700ac1fc    00000050                                                 : timers.obj (.bss.prvCheckForValidListAndQueue.xStaticTimerQueue)
                  700ac24c    00000050     (.common:gRovDummyQueue)
                  700ac29c    00000030     lwip-freertos.am263px.r5f.ti-arm-clang.debug.lib : dns.obj (.bss.dns_requests)
                  700ac2cc    00000030     main.o (.bss.g_motor_states)
                  700ac2fc    00000028     lwip-freertos.am263px.r5f.ti-arm-clang.debug.lib : dhcp.obj (.bss.dhcp_rx_options_val)
                  700ac324    0000001f     (.common:memp_memory_PBUF_POOL_base)
                  700ac343    00000001     --HOLE--
                  700ac344    00000004                                                      : timeouts.obj (.bss.current_timeout_due_time)
                  700ac348    00000018     (.common:gClockCtrl)
                  700ac360    00000018     (.common:ip_data)
                  700ac378    00000014     freertos.am263px.r5f.ti-arm-clang.debug.lib : timers.obj (.bss.xActiveTimerList2)
                  700ac38c    00000014                                                 : tasks.obj (.bss.xDelayedTaskList1)
                  700ac3a0    00000014                                                 : tasks.obj (.bss.xDelayedTaskList2)
                  700ac3b4    00000014                                                 : tasks.obj (.bss.xPendingReadyList)
                  700ac3c8    00000014                                                 : tasks.obj (.bss.xSuspendedTaskList)
                  700ac3dc    00000014                                                 : tasks.obj (.bss.xTasksWaitingTermination)
                  700ac3f0    00000010     lwip-freertos.am263px.r5f.ti-arm-clang.debug.lib : dns.obj (.bss.dns_pcbs)
                  700ac400    00000010                                                      : memp.obj (.bss.memp_stats_ALTCP_PCB)
                  700ac410    00000010                                                      : memp.obj (.bss.memp_stats_ARP_QUEUE)
                  700ac420    00000010                                                      : memp.obj (.bss.memp_stats_FRAG_PBUF)
                  700ac430    00000010                                                      : memp.obj (.bss.memp_stats_IGMP_GROUP)
                  700ac440    00000010                                                      : memp.obj (.bss.memp_stats_NETBUF)
                  700ac450    00000010                                                      : memp.obj (.bss.memp_stats_NETCONN)
                  700ac460    00000010                                                      : memp.obj (.bss.memp_stats_NETDB)
                  700ac470    00000010                                                      : memp.obj (.bss.memp_stats_PBUF)
                  700ac480    00000010                                                      : memp.obj (.bss.memp_stats_PBUF_POOL)
                  700ac490    00000010                                                      : memp.obj (.bss.memp_stats_POOL_128)
                  700ac4a0    00000010                                                      : memp.obj (.bss.memp_stats_POOL_1568)
                  700ac4b0    00000010                                                      : memp.obj (.bss.memp_stats_POOL_4096)
                  700ac4c0    00000010                                                      : memp.obj (.bss.memp_stats_RAW_PCB)
                  700ac4d0    00000010                                                      : memp.obj (.bss.memp_stats_REASSDATA)
                  700ac4e0    00000010                                                      : memp.obj (.bss.memp_stats_SYS_MBOX)
                  700ac4f0    00000010                                                      : memp.obj (.bss.memp_stats_SYS_TIMEOUT)
                  700ac500    00000010                                                      : memp.obj (.bss.memp_stats_TCPIP_MSG_API)
                  700ac510    00000010                                                      : memp.obj (.bss.memp_stats_TCPIP_MSG_INPKT)
                  700ac520    00000010                                                      : memp.obj (.bss.memp_stats_TCP_PCB)
                  700ac530    00000010                                                      : memp.obj (.bss.memp_stats_TCP_PCB_LISTEN)
                  700ac540    00000010                                                      : memp.obj (.bss.memp_stats_TCP_SEG)
                  700ac550    00000010                                                      : memp.obj (.bss.memp_stats_UDP_PCB)
                  700ac560    00000010     (.common:virtToPhymap)
                  700ac570    0000000a                                                      : dhcp.obj (.bss.dhcp_rx_options_given)
                  700ac57a    00000002     --HOLE--
                  700ac57c    00000008                                                      : dns.obj (.bss.dns_servers)
                  700ac584    00000004                                                      : dhcp.obj (.bss.dhcp_create_msg.xid)
                  700ac588    00000004                                                      : dhcp.obj (.bss.dhcp_pcb)
                  700ac58c    00000004                                                      : netif.obj (.bss.ext_callback)
                  700ac590    00000004     freertos.am263px.r5f.ti-arm-clang.debug.lib : DebugP_shmLogReader_freertos.obj (.bss.gDebugShmLogReaderTask)
                  700ac594    00000004                                                 : HwiP_armv7r_handlers_freertos.obj (.bss.gdummy)
                  700ac598    00000004                                                 : HwiP_armv7r_vim.obj (.bss.gdummy)
                  700ac59c    00000004     lwip-freertos.am263px.r5f.ti-arm-clang.debug.lib : ip4.obj (.bss.ip4_default_multicast_netif)
                  700ac5a0    00000004                                                      : sys_arch.obj (.bss.lwip_core_lock_holder_thread)
                  700ac5a4    00000004                                                      : sys_arch.obj (.bss.lwip_tcpip_thread)
                  700ac5a8    00000004                                                      : memp.obj (.bss.memp_tab_ALTCP_PCB)
                  700ac5ac    00000004                                                      : memp.obj (.bss.memp_tab_ARP_QUEUE)
                  700ac5b0    00000004                                                      : memp.obj (.bss.memp_tab_FRAG_PBUF)
                  700ac5b4    00000004                                                      : memp.obj (.bss.memp_tab_IGMP_GROUP)
                  700ac5b8    00000004                                                      : memp.obj (.bss.memp_tab_NETBUF)
                  700ac5bc    00000004                                                      : memp.obj (.bss.memp_tab_NETCONN)
                  700ac5c0    00000004                                                      : memp.obj (.bss.memp_tab_NETDB)
                  700ac5c4    00000004                                                      : memp.obj (.bss.memp_tab_PBUF)
                  700ac5c8    00000004                                                      : memp.obj (.bss.memp_tab_PBUF_POOL)
                  700ac5cc    00000004                                                      : memp.obj (.bss.memp_tab_POOL_128)
                  700ac5d0    00000004                                                      : memp.obj (.bss.memp_tab_POOL_1568)
                  700ac5d4    00000004                                                      : memp.obj (.bss.memp_tab_POOL_4096)
                  700ac5d8    00000004                                                      : memp.obj (.bss.memp_tab_RAW_PCB)
                  700ac5dc    00000004                                                      : memp.obj (.bss.memp_tab_REASSDATA)
                  700ac5e0    00000004                                                      : memp.obj (.bss.memp_tab_SYS_MBOX)
                  700ac5e4    00000004                                                      : memp.obj (.bss.memp_tab_SYS_TIMEOUT)
                  700ac5e8    00000004                                                      : memp.obj (.bss.memp_tab_TCPIP_MSG_API)
                  700ac5ec    00000004                                                      : memp.obj (.bss.memp_tab_TCPIP_MSG_INPKT)
                  700ac5f0    00000004                                                      : memp.obj (.bss.memp_tab_TCP_PCB)
                  700ac5f4    00000004                                                      : memp.obj (.bss.memp_tab_TCP_PCB_LISTEN)
                  700ac5f8    00000004                                                      : memp.obj (.bss.memp_tab_TCP_SEG)
                  700ac5fc    00000004                                                      : memp.obj (.bss.memp_tab_UDP_PCB)
                  700ac600    00000004                                                      : timeouts.obj (.bss.next_timeout)
                  700ac604    00000004     freertos.am263px.r5f.ti-arm-clang.debug.lib : timers.obj (.bss.pxCurrentTimerList)
                  700ac608    00000004                                                 : tasks.obj (.bss.pxDelayedTaskList)
                  700ac60c    00000004                                                 : tasks.obj (.bss.pxOverflowDelayedTaskList)
                  700ac610    00000004                                                 : timers.obj (.bss.pxOverflowTimerList)
                  700ac614    00000004     lwip-freertos.am263px.r5f.ti-arm-clang.debug.lib : raw.obj (.bss.raw_pcbs)
                  700ac618    00000004                                                      : ip4_frag.obj (.bss.reassdatagrams)
                  700ac61c    00000004                                                      : sys_arch.obj (.bss.sys_arch_protect_mutex)
                  700ac620    00000004                                                      : sys_arch.obj (.bss.sys_arch_protect_nesting)
                  700ac624    00000004     libc.a : memory.c.obj (.bss.sys_free)
                  700ac628    00000004     lwip-freertos.am263px.r5f.ti-arm-clang.debug.lib : tcpip.obj (.bss.tcpip_init_done)
                  700ac62c    00000004                                                      : tcpip.obj (.bss.tcpip_init_done_arg)
                  700ac630    00000004                                                      : tcpip.obj (.bss.tcpip_mbox)
                  700ac634    00000004     freertos.am263px.r5f.ti-arm-clang.debug.lib : tasks.obj (.bss.xIdleTaskHandles)
                  700ac638    00000004     (.common:gEepromHandle)
                  700ac63c    00000004     (.common:gI2cHandle)
                  700ac640    00000004     (.common:gUartHandle)
                  700ac644    00000004     (.common:lock_tcpip_core)
                  700ac648    00000004     (.common:netif_default)
                  700ac64c    00000004     (.common:netif_list)
                  700ac650    00000004     (.common:tcp_active_pcbs)
                  700ac654    00000004     (.common:tcp_bound_pcbs)
                  700ac658    00000004     (.common:tcp_input_pcb)
                  700ac65c    00000004     (.common:tcp_listen_pcbs)
                  700ac660    00000004     (.common:tcp_ticks)
                  700ac664    00000004     (.common:tcp_tw_pcbs)
                  700ac668    00000004     (.common:udp_pcbs)
                  700ac66c    00000014     --HOLE--

.sysmem    0    700ac680    00008000     UNINITIALIZED
                  700ac680    00000010     libc.a : memory.c.obj (.sysmem)
                  700ac690    00007ff0     --HOLE--

.stack     0    700b4680    00004000     UNINITIALIZED
                  700b4680    00000004     freertos.am263px.r5f.ti-arm-clang.debug.lib : boot_armv7r_asm.obj (.stack)
                  700b4684    00003ffc     --HOLE--

.text      0    700b8680    0001fc80     
                  700b8680    00000a34     freertos.am263px.r5f.ti-arm-clang.debug.lib : printf.obj (.text._vsnprintf)
                  700b90b4    0000000c     libclang_rt.builtins.a : aeabi_memset.S.obj (.text.__aeabi_memclr)
                  700b90c0    00000960     lwip-freertos.am263px.r5f.ti-arm-clang.debug.lib : tcp.obj (.text.tcp_slowtmr)
                  700b9a20    000007a4     drivers.am263px.r5f.ti-arm-clang.freertos.debug.lib : i2c_v1_lld.obj (.text.I2C_lld_primeTransferPoll)
                  700ba1c4    0000000c     libc.a : memory.c.obj (.text.malloc)
                  700ba1d0    00000678     drivers.am263px.r5f.ti-arm-clang.freertos.debug.lib : soc_rcm.obj (.text.SOC_rcmGetClkSrcAndDivReg)
                  700ba848    00000008     libsysbm.a : hostexit.c.obj (.text.HOSTexit)
                  700ba850    00000654     lwip-freertos.am263px.r5f.ti-arm-clang.debug.lib : dhcp.obj (.text.dhcp_parse_reply)
                  700baea4    0000000c     freertos.am263px.r5f.ti-arm-clang.debug.lib : CpuId_armv7r_asm.obj (.text)
                  700baeb0    00000638     drivers.am263px.r5f.ti-arm-clang.freertos.debug.lib : soc_rcm.obj (.text.SOC_rcmEnablePeripheralClock)
                  700bb4e8    00000004     libclang_rt.builtins.a : aeabi_div0.c.obj (.text.__aeabi_ldiv0)
                  700bb4ec    00000004                            : aeabi_memcpy.S.obj (.text.__aeabi_memcpy)
                  700bb4f0    000005e2     freertos.am263px.r5f.ti-arm-clang.debug.lib : printf.obj (.text._ftoa)
                  700bbad2    00000002     --HOLE-- [fill = 0]
                  700bbad4    00000004     libc.a : _lock.c.obj (.text._nop)
                  700bbad8    00000008     --HOLE-- [fill = 0]
                  700bbae0    000004d8     lwip-freertos.am263px.r5f.ti-arm-clang.debug.lib : tcp_out.obj (.text.tcp_output)
                  700bbfb8    00000008     --HOLE-- [fill = 0]
                  700bbfc0    000004b0     freertos.am263px.r5f.ti-arm-clang.debug.lib : printf.obj (.text._etoa)
                  700bc470    00000404     drivers.am263px.r5f.ti-arm-clang.freertos.debug.lib : uart_v0.obj (.text.UART_open)
                  700bc874    0000000c     --HOLE-- [fill = 0]
                  700bc880    000003dc                                                         : ipc_notify_v1.obj (.text.IpcNotify_init)
                  700bcc5c    00000004     --HOLE-- [fill = 0]
                  700bcc60    000003ba     lwip-freertos.am263px.r5f.ti-arm-clang.debug.lib : udp.obj (.text.udp_sendto_if_src)
                  700bd01a    00000006     --HOLE-- [fill = 0]
                  700bd020    000003b0                                                      : tcp_out.obj (.text.tcp_split_unsent_seg)
                  700bd3d0    00000380                                                      : ip4_frag.obj (.text.ip4_frag)
                  700bd750    00000356     drivers.am263px.r5f.ti-arm-clang.freertos.debug.lib : i2c_v1.obj (.text.I2C_open)
                  700bdaa6    0000000a     --HOLE-- [fill = 0]
                  700bdab0    00000326     lwip-freertos.am263px.r5f.ti-arm-clang.debug.lib : ip4.obj (.text.ip4_output_if_opt_src)
                  700bddd6    0000000a     --HOLE-- [fill = 0]
                  700bdde0    0000031e                                                      : tcp_out.obj (.text.tcp_enqueue_flags)
                  700be0fe    00000002     --HOLE-- [fill = 0]
                  700be100    00000302     drivers.am263px.r5f.ti-arm-clang.freertos.debug.lib : soc.obj (.text.SOC_virtToPhy)
                  700be402    0000000e     --HOLE-- [fill = 0]
                  700be410    000002f8     lwip-freertos.am263px.r5f.ti-arm-clang.debug.lib : pbuf.obj (.text.pbuf_alloc)
                  700be708    00000008     --HOLE-- [fill = 0]
                  700be710    000002bc                                                      : tcp_out.obj (.text.tcp_output_segment)
                  700be9cc    00000004     --HOLE-- [fill = 0]
                  700be9d0    000002ba     drivers.am263px.r5f.ti-arm-clang.freertos.debug.lib : i2c_v1_lld.obj (.text.I2C_lld_controllerIsr)
                  700bec8a    00000006     --HOLE-- [fill = 0]
                  700bec90    000002ba     lwip-freertos.am263px.r5f.ti-arm-clang.debug.lib : pbuf.obj (.text.pbuf_copy_partial_pbuf)
                  700bef4a    00000006     --HOLE-- [fill = 0]
                  700bef50    0000029a     drivers.am263px.r5f.ti-arm-clang.freertos.debug.lib : i2c_v1_lld.obj (.text.I2C_lld_targetIsr)
                  700bf1ea    00000006     --HOLE-- [fill = 0]
                  700bf1f0    00000296     lwip-freertos.am263px.r5f.ti-arm-clang.debug.lib : tcp.obj (.text.tcp_close_shutdown)
                  700bf486    0000000a     --HOLE-- [fill = 0]
                  700bf490    0000028c     xgw_udp_interface.o (.text.xgw_udp_process_motor_cmd)
                  700bf71c    00000004     --HOLE-- [fill = 0]
                  700bf720    0000027e     drivers.am263px.r5f.ti-arm-clang.freertos.debug.lib : uart_dma_edma.obj (.text.UART_edmaChInit)
                  700bf99e    00000002     --HOLE-- [fill = 0]
                  700bf9a0    00000266     freertos.am263px.r5f.ti-arm-clang.debug.lib : tasks.obj (.text.xTaskIncrementTick)
                  700bfc06    0000000a     --HOLE-- [fill = 0]
                  700bfc10    0000025a     lwip-freertos.am263px.r5f.ti-arm-clang.debug.lib : ip4_frag.obj (.text.ip_reass_free_complete_datagram)
                  700bfe6a    00000006     --HOLE-- [fill = 0]
                  700bfe70    0000025a     freertos.am263px.r5f.ti-arm-clang.debug.lib : tasks.obj (.text.xTaskResumeAll)
                  700c00ca    00000006     --HOLE-- [fill = 0]
                  700c00d0    00000250     drivers.am263px.r5f.ti-arm-clang.freertos.debug.lib : edma.obj (.text.Alloc_resource)
                  700c0320    00000246     lwip-freertos.am263px.r5f.ti-arm-clang.debug.lib : dns.obj (.text.dns_send)
                  700c0566    0000000a     --HOLE-- [fill = 0]
                  700c0570    00000242     drivers.am263px.r5f.ti-arm-clang.freertos.debug.lib : uart_v0_lld.obj (.text.UART_fifoConfig)
                  700c07b2    0000000e     --HOLE-- [fill = 0]
                  700c07c0    0000023e     freertos.am263px.r5f.ti-arm-clang.debug.lib : printf.obj (.text._ntoa_format)
                  700c09fe    00000002     --HOLE-- [fill = 0]
                  700c0a00    0000022e     main.o (.text.ipc_process_task)
                  700c0c2e    00000002     --HOLE-- [fill = 0]
                  700c0c30    0000022a     lwip-freertos.am263px.r5f.ti-arm-clang.debug.lib : dhcp.obj (.text.dhcp_select)
                  700c0e5a    00000006     --HOLE-- [fill = 0]
                  700c0e60    00000226     drivers.am263px.r5f.ti-arm-clang.freertos.debug.lib : uart_dma_edma.obj (.text.UART_lld_dmaDeInit)
                  700c1086    0000000a     --HOLE-- [fill = 0]
                  700c1090    00000222                                                         : ipc_notify_v1.obj (.text.IpcNotify_isr)
                  700c12b2    0000000e     --HOLE-- [fill = 0]
                  700c12c0    00000220     freertos.am263px.r5f.ti-arm-clang.debug.lib : tasks.obj (.text.vTaskGenericNotifyGiveFromISR)
                  700c14e0    00000220                                                 : queue.obj (.text.xQueueGenericSend)
                  700c1700    0000020a     lwip-freertos.am263px.r5f.ti-arm-clang.debug.lib : tcp.obj (.text.tcp_pcb_remove)
                  700c190a    00000006     --HOLE-- [fill = 0]
                  700c1910    0000020a     freertos.am263px.r5f.ti-arm-clang.debug.lib : queue.obj (.text.xQueueSemaphoreTake)
                  700c1b1a    00000006     --HOLE-- [fill = 0]
                  700c1b20    00000206     lwip-freertos.am263px.r5f.ti-arm-clang.debug.lib : dhcp.obj (.text.dhcp_recv)
                  700c1d26    0000000a     --HOLE-- [fill = 0]
                  700c1d30    000001fe                                                      : pbuf.obj (.text.pbuf_free)
                  700c1f2e    00000002     --HOLE-- [fill = 0]
                  700c1f30    000001f6                                                      : dhcp.obj (.text.dhcp_create_msg)
                  700c2126    0000000a     --HOLE-- [fill = 0]
                  700c2130    000001f2     drivers.am263px.r5f.ti-arm-clang.freertos.debug.lib : i2c_v1.obj (.text.I2C_primeTransfer)
                  700c2322    0000000e     --HOLE-- [fill = 0]
                  700c2330    000001f2                                                         : i2c_v1.obj (.text.I2C_transfer)
                  700c2522    0000000e     --HOLE-- [fill = 0]
                  700c2530    000001ea     lwip-freertos.am263px.r5f.ti-arm-clang.debug.lib : tcp.obj (.text.tcp_abandon)
                  700c271a    00000006     --HOLE-- [fill = 0]
                  700c2720    000001e2                                                      : pbuf.obj (.text.pbuf_realloc)
                  700c2902    0000000e     --HOLE-- [fill = 0]
                  700c2910    000001e0                                                      : dhcp.obj (.text.dhcp_bind)
                  700c2af0    000001d8     freertos.am263px.r5f.ti-arm-clang.debug.lib : queue.obj (.text.xQueueReceive)
                  700c2cc8    00000008     --HOLE-- [fill = 0]
                  700c2cd0    000001d6                                                 : TimerP_rti_priv.obj (.text.TimerP_setupPriv)
                  700c2ea6    0000000a     --HOLE-- [fill = 0]
                  700c2eb0    000001d0     main.o (.text.freertos_main)
                  700c3080    000001c8     lwip-freertos.am263px.r5f.ti-arm-clang.debug.lib : etharp.obj (.text.etharp_raw)
                  700c3248    00000008     --HOLE-- [fill = 0]
                  700c3250    000001c6                                                      : tcp_out.obj (.text.tcp_create_segment)
                  700c3416    0000000a     --HOLE-- [fill = 0]
                  700c3420    000001bc     freertos.am263px.r5f.ti-arm-clang.debug.lib : tasks.obj (.text.xTaskRemoveFromEventList)
                  700c35dc    00000004     --HOLE-- [fill = 0]
                  700c35e0    000001b0     main.o (.text.core0_init)
                  700c3790    000001b0     lwip-freertos.am263px.r5f.ti-arm-clang.debug.lib : dns.obj (.text.dns_call_found)
                  700c3940    000001ac     drivers.am263px.r5f.ti-arm-clang.freertos.debug.lib : uart_v0.obj (.text.UART_close)
                  700c3aec    00000004     --HOLE-- [fill = 0]
                  700c3af0    000001aa                                                         : uart_dma_edma.obj (.text.UART_lld_dmaWrite)
                  700c3c9a    00000006     --HOLE-- [fill = 0]
                  700c3ca0    000001aa     lwip-freertos.am263px.r5f.ti-arm-clang.debug.lib : mem.obj (.text.mem_free)
                  700c3e4a    00000002     --HOLE-- [fill = 0]
                  700c3e4c    000001a8     libc.a : memory.c.obj (.text.free)
                  700c3ff4    000001a4            : memory.c.obj (.text.aligned_alloc)
                  700c4198    00000008     --HOLE-- [fill = 0]
                  700c41a0    000001a4     freertos.am263px.r5f.ti-arm-clang.debug.lib : timers.obj (.text.prvProcessReceivedCommands)
                  700c4344    0000000c     --HOLE-- [fill = 0]
                  700c4350    000001a0     drivers.am263px.r5f.ti-arm-clang.freertos.debug.lib : uart_v0.obj (.text.UART_write)
                  700c44f0    000001a0     lwip-freertos.am263px.r5f.ti-arm-clang.debug.lib : pbuf.obj (.text.pbuf_take)
                  700c4690    000001a0     freertos.am263px.r5f.ti-arm-clang.debug.lib : tasks.obj (.text.vTaskSwitchContext)
                  700c4830    0000019a     lwip-freertos.am263px.r5f.ti-arm-clang.debug.lib : dns.obj (.text.dns_check_entry)
                  700c49ca    00000006     --HOLE-- [fill = 0]
                  700c49d0    0000019a     freertos.am263px.r5f.ti-arm-clang.debug.lib : tasks.obj (.text.vTaskPriorityDisinheritAfterTimeout)
                  700c4b6a    00000006     --HOLE-- [fill = 0]
                  700c4b70    00000198     drivers.am263px.r5f.ti-arm-clang.freertos.debug.lib : uart_v0_lld.obj (.text.UART_lld_controllerIsr)
                  700c4d08    00000008     --HOLE-- [fill = 0]
                  700c4d10    00000196     lwip-freertos.am263px.r5f.ti-arm-clang.debug.lib : dhcp.obj (.text.dhcp_reboot)
                  700c4ea6    0000000a     --HOLE-- [fill = 0]
                  700c4eb0    00000192                                                      : tcp_out.obj (.text.tcp_zero_window_probe)
                  700c5042    0000000e     --HOLE-- [fill = 0]
                  700c5050    0000018a                                                      : sys_arch.obj (.text.sys_arch_mbox_fetch)
                  700c51da    00000006     --HOLE-- [fill = 0]
                  700c51e0    00000188     freertos.am263px.r5f.ti-arm-clang.debug.lib : ClockP_freertos_r5.obj (.text.ClockP_init)
                  700c5368    00000008     --HOLE-- [fill = 0]
                  700c5370    00000186     lwip-freertos.am263px.r5f.ti-arm-clang.debug.lib : acd.obj (.text.acd_tmr)
                  700c54f6    0000000a     --HOLE-- [fill = 0]
                  700c5500    00000178     freertos.am263px.r5f.ti-arm-clang.debug.lib : DebugP_shmLogReader.obj (.text.DebugP_shmLogReaderGetString)
                  700c5678    00000008     --HOLE-- [fill = 0]
                  700c5680    00000178     lwip-freertos.am263px.r5f.ti-arm-clang.debug.lib : udp.obj (.text.udp_bind)
                  700c57f8    00000008     --HOLE-- [fill = 0]
                  700c5800    00000176                                                      : dhcp.obj (.text.dhcp_discover)
                  700c5976    0000000a     --HOLE-- [fill = 0]
                  700c5980    00000176                                                      : icmp.obj (.text.icmp_send_response)
                  700c5af6    0000000a     --HOLE-- [fill = 0]
                  700c5b00    00000176                                                      : sys_arch.obj (.text.sys_sem_new)
                  700c5c76    0000000a     --HOLE-- [fill = 0]
                  700c5c80    00000172     board.am263px.r5f.ti-arm-clang.freertos.debug.lib : eeprom_cat24m.obj (.text.EEPROM_CAT24M_write)
                  700c5df2    0000000e     --HOLE-- [fill = 0]
                  700c5e00    00000172     lwip-freertos.am263px.r5f.ti-arm-clang.debug.lib : ip4.obj (.text.ip4_route)
                  700c5f72    0000000e     --HOLE-- [fill = 0]
                  700c5f80    00000172                                                      : sys_arch.obj (.text.sys_arch_sem_wait)
                  700c60f2    0000000e     --HOLE-- [fill = 0]
                  700c6100    00000170     freertos.am263px.r5f.ti-arm-clang.debug.lib : queue.obj (.text.xQueueGiveFromISR)
                  700c6270    00000166     drivers.am263px.r5f.ti-arm-clang.freertos.debug.lib : i2c_v1_lld.obj (.text.I2C_lld_primeTransferIntr)
                  700c63d6    0000000a     --HOLE-- [fill = 0]
                  700c63e0    00000166     lwip-freertos.am263px.r5f.ti-arm-clang.debug.lib : mem.obj (.text.mem_malloc)
                  700c6546    0000000a     --HOLE-- [fill = 0]
                  700c6550    00000162     drivers.am263px.r5f.ti-arm-clang.freertos.debug.lib : edma.obj (.text.EDMA_unregisterIntr)
                  700c66b2    0000000e     --HOLE-- [fill = 0]
                  700c66c0    00000162     xgw_udp_interface.o (.text.xgw_udp_send_motor_states)
                  700c6822    0000000e     --HOLE-- [fill = 0]
                  700c6830    00000160     drivers.am263px.r5f.ti-arm-clang.freertos.debug.lib : i2c_v1_lld.obj (.text.I2C_lld_init)
                  700c6990    00000160     lwip-freertos.am263px.r5f.ti-arm-clang.debug.lib : inet_chksum.obj (.text.inet_cksum_pseudo_partial_base)
                  700c6af0    0000015e                                                      : dhcp.obj (.text.dhcp_renew)
                  700c6c4e    00000002     --HOLE-- [fill = 0]
                  700c6c50    0000015e     xgw_udp_interface.o (.text.xgw_udp_start)
                  700c6dae    00000002     --HOLE-- [fill = 0]
                  700c6db0    0000015c     main.o (.text.build_and_send_udp_packet)
                  700c6f0c    00000004     --HOLE-- [fill = 0]
                  700c6f10    0000015c     lwip-freertos.am263px.r5f.ti-arm-clang.debug.lib : dhcp.obj (.text.dhcp_rebind)
                  700c706c    00000004     --HOLE-- [fill = 0]
                  700c7070    0000015c     freertos.am263px.r5f.ti-arm-clang.debug.lib : tasks.obj (.text.prvAddNewTaskToReadyList)
                  700c71cc    00000004     --HOLE-- [fill = 0]
                  700c71d0    0000015c                                                 : tasks.obj (.text.xTaskPriorityInherit)
                  700c732c    00000004     --HOLE-- [fill = 0]
                  700c7330    0000015a     lwip-freertos.am263px.r5f.ti-arm-clang.debug.lib : dhcp.obj (.text.dhcp_start)
                  700c748a    00000006     --HOLE-- [fill = 0]
                  700c7490    00000158     drivers.am263px.r5f.ti-arm-clang.freertos.debug.lib : soc.obj (.text.SOC_controlModuleUnlockMMR)
                  700c75e8    00000008     --HOLE-- [fill = 0]
                  700c75f0    00000158     lwip-freertos.am263px.r5f.ti-arm-clang.debug.lib : dhcp.obj (.text.dhcp_handle_ack)
                  700c7748    00000008     --HOLE-- [fill = 0]
                  700c7750    00000158                                                      : etharp.obj (.text.etharp_tmr)
                  700c78a8    00000008     --HOLE-- [fill = 0]
                  700c78b0    00000152     drivers.am263px.r5f.ti-arm-clang.freertos.debug.lib : uart_v0_lld.obj (.text.UART_lld_initDma)
                  700c7a02    0000000e     --HOLE-- [fill = 0]
                  700c7a10    0000014e     lwip-freertos.am263px.r5f.ti-arm-clang.debug.lib : sys_arch.obj (.text.sys_arch_unprotect)
                  700c7b5e    00000002     --HOLE-- [fill = 0]
                  700c7b60    0000014e     freertos.am263px.r5f.ti-arm-clang.debug.lib : tasks.obj (.text.xTaskPriorityDisinherit)
                  700c7cae    00000002     --HOLE-- [fill = 0]
                  700c7cb0    0000014c                                                 : queue.obj (.text.xQueueReceiveFromISR)
                  700c7dfc    00000004     --HOLE-- [fill = 0]
                  700c7e00    00000148     lwip-freertos.am263px.r5f.ti-arm-clang.debug.lib : netif.obj (.text.netif_set_addr)
                  700c7f48    00000008     --HOLE-- [fill = 0]
                  700c7f50    00000148                                                      : udp.obj (.text.udp_sendto)
                  700c8098    00000008     --HOLE-- [fill = 0]
                  700c80a0    00000144     freertos.am263px.r5f.ti-arm-clang.debug.lib : tasks.obj (.text.prvInitialiseNewTask)
                  700c81e4    0000000c     --HOLE-- [fill = 0]
                  700c81f0    00000144     lwip-freertos.am263px.r5f.ti-arm-clang.debug.lib : tcp.obj (.text.tcp_close_shutdown_fin)
                  700c8334    0000000c     --HOLE-- [fill = 0]
                  700c8340    00000140                                                      : pbuf.obj (.text.pbuf_cat)
                  700c8480    0000013e     drivers.am263px.r5f.ti-arm-clang.freertos.debug.lib : i2c_v1.obj (.text.I2C_mem_primeTransfer)
                  700c85be    00000002     --HOLE-- [fill = 0]
                  700c85c0    0000013e     lwip-freertos.am263px.r5f.ti-arm-clang.debug.lib : pbuf.obj (.text.pbuf_copy_partial)
                  700c86fe    00000002     --HOLE-- [fill = 0]
                  700c8700    0000013a     drivers.am263px.r5f.ti-arm-clang.freertos.debug.lib : edma.obj (.text.EDMA_isDmaChannelAllocated)
                  700c883a    00000006     --HOLE-- [fill = 0]
                  700c8840    0000013a                                                         : i2c_v1_lld.obj (.text.I2C_lld_mem_write)
                  700c897a    00000006     --HOLE-- [fill = 0]
                  700c8980    0000013a     lwip-freertos.am263px.r5f.ti-arm-clang.debug.lib : dhcp.obj (.text.dhcp_release_and_stop)
                  700c8aba    00000006     --HOLE-- [fill = 0]
                  700c8ac0    00000138     freertos.am263px.r5f.ti-arm-clang.debug.lib : printf.obj (.text._ntoa_long_long)
                  700c8bf8    00000008     --HOLE-- [fill = 0]
                  700c8c00    00000136     drivers.am263px.r5f.ti-arm-clang.freertos.debug.lib : uart_v0_lld.obj (.text.UART_procLineStatusErr)
                  700c8d36    0000000a     --HOLE-- [fill = 0]
                  700c8d40    00000136     lwip-freertos.am263px.r5f.ti-arm-clang.debug.lib : tcp_out.obj (.text.tcp_rst_common)
                  700c8e76    0000000a     --HOLE-- [fill = 0]
                  700c8e80    00000134     drivers.am263px.r5f.ti-arm-clang.freertos.debug.lib : edma.obj (.text.EDMA_registerIntr)
                  700c8fb4    0000000c     --HOLE-- [fill = 0]
                  700c8fc0    00000134                                                         : uart_v0_lld.obj (.text.UART_writePolling)
                  700c90f4    0000000c     --HOLE-- [fill = 0]
                  700c9100    00000134     freertos.am263px.r5f.ti-arm-clang.debug.lib : tasks.obj (.text.vTaskDelete)
                  700c9234    0000000c     --HOLE-- [fill = 0]
                  700c9240    0000012e     lwip-freertos.am263px.r5f.ti-arm-clang.debug.lib : igmp.obj (.text.igmp_send)
                  700c936e    00000002     --HOLE-- [fill = 0]
                  700c9370    0000012c     drivers.am263px.r5f.ti-arm-clang.freertos.debug.lib : i2c_v1_lld.obj (.text.I2C_lld_mem_read)
                  700c949c    00000004     --HOLE-- [fill = 0]
                  700c94a0    0000012c                                                         : uart_v0_lld.obj (.text.UART_lld_init)
                  700c95cc    00000004     --HOLE-- [fill = 0]
                  700c95d0    0000012c     freertos.am263px.r5f.ti-arm-clang.debug.lib : tasks.obj (.text.ulTaskGenericNotifyTake)
                  700c96fc    00000004     --HOLE-- [fill = 0]
                  700c9700    00000128     drivers.am263px.r5f.ti-arm-clang.freertos.debug.lib : i2c_v1_lld.obj (.text.I2C_lld_mem_writeIntr)
                  700c9828    00000008     --HOLE-- [fill = 0]
                  700c9830    00000128     freertos.am263px.r5f.ti-arm-clang.debug.lib : port.obj (.text.pxPortInitialiseStack)
                  700c9958    00000008     --HOLE-- [fill = 0]
                  700c9960    00000126     drivers.am263px.r5f.ti-arm-clang.freertos.debug.lib : soc.obj (.text.SOC_controlModuleLockMMR)
                  700c9a86    0000000a     --HOLE-- [fill = 0]
                  700c9a90    00000126     lwip-freertos.am263px.r5f.ti-arm-clang.debug.lib : pbuf.obj (.text.pbuf_take_at)
                  700c9bb6    0000000a     --HOLE-- [fill = 0]
                  700c9bc0    00000126                                                      : timeouts.obj (.text.sys_timeout_abs)
                  700c9ce6    0000000a     --HOLE-- [fill = 0]
                  700c9cf0    00000120     drivers.am263px.r5f.ti-arm-clang.freertos.debug.lib : soc_rcm.obj (.text.SOC_rcmGetPeripheralClockFrequency)
                  700c9e10    0000011e     lwip-freertos.am263px.r5f.ti-arm-clang.debug.lib : pbuf.obj (.text.pbuf_add_header_impl)
                  700c9f2e    00000002     --HOLE-- [fill = 0]
                  700c9f30    0000011e     freertos.am263px.r5f.ti-arm-clang.debug.lib : tasks.obj (.text.xTaskDelayUntil)
                  700ca04e    00000002     --HOLE-- [fill = 0]
                  700ca050    0000011c     drivers.am263px.r5f.ti-arm-clang.freertos.debug.lib : uart_dma_edma.obj (.text.UART_lld_dmaRead)
                  700ca16c    00000004     --HOLE-- [fill = 0]
                  700ca170    0000011c     lwip-freertos.am263px.r5f.ti-arm-clang.debug.lib : tcp_out.obj (.text.tcp_rexmit_rto_prepare)
                  700ca28c    00000004     --HOLE-- [fill = 0]
                  700ca290    0000011a     drivers.am263px.r5f.ti-arm-clang.freertos.debug.lib : i2c_v1_lld.obj (.text.I2C_lld_mem_readIntr)
                  700ca3aa    00000006     --HOLE-- [fill = 0]
                  700ca3b0    00000118     lwip-freertos.am263px.r5f.ti-arm-clang.debug.lib : sys_arch.obj (.text.sys_mbox_trypost)
                  700ca4c8    00000008     --HOLE-- [fill = 0]
                  700ca4d0    00000118                                                      : tcp.obj (.text.tcp_process_refused_data)
                  700ca5e8    00000008     --HOLE-- [fill = 0]
                  700ca5f0    00000118                                                      : tcp.obj (.text.tcp_update_rcv_ann_wnd)
                  700ca708    00000118     libclang_rt.builtins.a : udivmoddi4.S.obj (.text)
                  700ca820    00000116     drivers.am263px.r5f.ti-arm-clang.freertos.debug.lib : edma.obj (.text.EDMA_isTccAllocated)
                  700ca936    0000000a     --HOLE-- [fill = 0]
                  700ca940    00000116                                                         : uart_v0_lld.obj (.text.UART_divisorLatchWrite)
                  700caa56    0000000a     --HOLE-- [fill = 0]
                  700caa60    00000114     freertos.am263px.r5f.ti-arm-clang.debug.lib : printf.obj (.text._ntoa_long)
                  700cab74    0000000c     --HOLE-- [fill = 0]
                  700cab80    00000110                                                 : DebugP_shmLogReader.obj (.text.DebugP_shmLogRead)
                  700cac90    00000110                                                 : DebugP_shmLogReader.obj (.text.DebugP_shmLogReaderTaskMain)
                  700cada0    00000110     xgw_udp_interface.o (.text.xgw_udp_recv_callback)
                  700caeb0    0000010e     drivers.am263px.r5f.ti-arm-clang.freertos.debug.lib : soc_rcm.obj (.text.SOC_rcmADPLLJGetFOut)
                  700cafbe    00000002     --HOLE-- [fill = 0]
                  700cafc0    0000010e     lwip-freertos.am263px.r5f.ti-arm-clang.debug.lib : netif.obj (.text.netif_do_set_ipaddr)
                  700cb0ce    00000002     --HOLE-- [fill = 0]
                  700cb0d0    0000010e                                                      : udp.obj (.text.udp_sendto_if)
                  700cb1de    00000002     --HOLE-- [fill = 0]
                  700cb1e0    0000010e     freertos.am263px.r5f.ti-arm-clang.debug.lib : queue.obj (.text.xQueueGenericReset)
                  700cb2ee    00000002     --HOLE-- [fill = 0]
                  700cb2f0    0000010c     lwip-freertos.am263px.r5f.ti-arm-clang.debug.lib : sys_arch.obj (.text.sys_arch_protect)
                  700cb3fc    00000004     --HOLE-- [fill = 0]
                  700cb400    0000010c                                                      : udp.obj (.text.udp_connect)
                  700cb50c    00000004     --HOLE-- [fill = 0]
                  700cb510    0000010a     drivers.am263px.r5f.ti-arm-clang.freertos.debug.lib : ipc_notify_v1.obj (.text.IpcNotify_sendMsg)
                  700cb61a    00000006     --HOLE-- [fill = 0]
                  700cb620    00000108     lwip-freertos.am263px.r5f.ti-arm-clang.debug.lib : sys_arch.obj (.text.sys_mbox_new)
                  700cb728    00000008     --HOLE-- [fill = 0]
                  700cb730    00000108                                                      : tcp_out.obj (.text.tcp_output_alloc_header_common)
                  700cb838    00000008     --HOLE-- [fill = 0]
                  700cb840    00000106     freertos.am263px.r5f.ti-arm-clang.debug.lib : tasks.obj (.text.prvAddCurrentTaskToDelayedList)
                  700cb946    0000000a     --HOLE-- [fill = 0]
                  700cb950    00000104     drivers.am263px.r5f.ti-arm-clang.freertos.debug.lib : i2c_v1.obj (.text.I2C_close)
                  700cba54    0000000c     --HOLE-- [fill = 0]
                  700cba60    00000104                                                         : uart_v0_lld.obj (.text.UART_configInstance)
                  700cbb64    0000000c     --HOLE-- [fill = 0]
                  700cbb70    00000104     gateway_shared.o (.text.gateway_ringbuf_write)
                  700cbc74    0000000c     --HOLE-- [fill = 0]
                  700cbc80    00000102     gateway_shared.o (.text.gateway_ringbuf_read)
                  700cbd82    0000000e     --HOLE-- [fill = 0]
                  700cbd90    000000fe     lwip-freertos.am263px.r5f.ti-arm-clang.debug.lib : tcp_out.obj (.text.tcp_send_empty_ack)
                  700cbe8e    00000002     --HOLE-- [fill = 0]
                  700cbe90    000000f4     freertos.am263px.r5f.ti-arm-clang.debug.lib : tasks.obj (.text.prvCreateStaticTask)
                  700cbf84    0000000c     --HOLE-- [fill = 0]
                  700cbf90    000000f4     lwip-freertos.am263px.r5f.ti-arm-clang.debug.lib : tcp_out.obj (.text.tcp_output_control_segment_netif)
                  700cc084    0000000c     --HOLE-- [fill = 0]
                  700cc090    000000f0     drivers.am263px.r5f.ti-arm-clang.freertos.debug.lib : i2c_v1.obj (.text.I2C_LLD_targetTransferCompleteCallback)
                  700cc180    000000f0     lwip-freertos.am263px.r5f.ti-arm-clang.debug.lib : sys_arch.obj (.text.sys_sem_signal)
                  700cc270    000000ec     freertos.am263px.r5f.ti-arm-clang.debug.lib : queue.obj (.text.xQueueGenericCreateStatic)
                  700cc35c    00000004     --HOLE-- [fill = 0]
                  700cc360    000000ea     drivers.am263px.r5f.ti-arm-clang.freertos.debug.lib : i2c_v1_lld.obj (.text.I2C_lld_targetTransferIntr)
                  700cc44a    00000006     --HOLE-- [fill = 0]
                  700cc450    000000e8     lwip-freertos.am263px.r5f.ti-arm-clang.debug.lib : tcp.obj (.text.tcp_recved)
                  700cc538    00000008     --HOLE-- [fill = 0]
                  700cc540    000000e8                                                      : tcpip.obj (.text.tcpip_init)
                  700cc628    00000008     --HOLE-- [fill = 0]
                  700cc630    000000e6     drivers.am263px.r5f.ti-arm-clang.freertos.debug.lib : soc_rcm.obj (.text.SOC_rcmGetCoreFout)
                  700cc716    0000000a     --HOLE-- [fill = 0]
                  700cc720    000000e6                                                         : soc_rcm.obj (.text.SOC_rcmGetPerFout)
                  700cc806    0000000a     --HOLE-- [fill = 0]
                  700cc810    000000e6     lwip-freertos.am263px.r5f.ti-arm-clang.debug.lib : tcp.obj (.text.tcp_fasttmr)
                  700cc8f6    0000000a     --HOLE-- [fill = 0]
                  700cc900    000000e4     drivers.am263px.r5f.ti-arm-clang.freertos.debug.lib : edma.obj (.text.EDMA_freeChannelRegion)
                  700cc9e4    0000000c     --HOLE-- [fill = 0]
                  700cc9f0    000000e2                                                         : edma.obj (.text.EDMA_freeParam)
                  700ccad2    0000000e     --HOLE-- [fill = 0]
                  700ccae0    000000e2     lwip-freertos.am263px.r5f.ti-arm-clang.debug.lib : dhcp.obj (.text.dhcp_inc_pcb_refcount)
                  700ccbc2    0000000e     --HOLE-- [fill = 0]
                  700ccbd0    000000e2                                                      : sys_arch.obj (.text.sys_mutex_lock)
                  700cccb2    0000000e     --HOLE-- [fill = 0]
                  700cccc0    000000e0     drivers.am263px.r5f.ti-arm-clang.freertos.debug.lib : edma.obj (.text.EDMA_freeDmaChannel)
                  700ccda0    000000e0                                                         : edma.obj (.text.EDMA_freeTcc)
                  700cce80    000000e0     freertos.am263px.r5f.ti-arm-clang.debug.lib : tasks.obj (.text.xTaskCheckForTimeOut)
                  700ccf60    000000de     drivers.am263px.r5f.ti-arm-clang.freertos.debug.lib : uart_v0_lld.obj (.text.UART_intrEnable)
                  700cd03e    00000002     --HOLE-- [fill = 0]
                  700cd040    000000de     lwip-freertos.am263px.r5f.ti-arm-clang.debug.lib : sys_arch.obj (.text.sys_mutex_unlock)
                  700cd11e    00000002     --HOLE-- [fill = 0]
                  700cd120    000000da     drivers.am263px.r5f.ti-arm-clang.freertos.debug.lib : uart_v0_lld.obj (.text.UART_intrDisable)
                  700cd1fa    00000006     --HOLE-- [fill = 0]
                  700cd200    000000da     lwip-freertos.am263px.r5f.ti-arm-clang.debug.lib : ethernet.obj (.text.ethernet_output)
                  700cd2da    00000006     --HOLE-- [fill = 0]
                  700cd2e0    000000d8                                                      : tcp.obj (.text.tcp_eff_send_mss_netif)
                  700cd3b8    00000008     --HOLE-- [fill = 0]
                  700cd3c0    000000d2     drivers.am263px.r5f.ti-arm-clang.freertos.debug.lib : uart_v0_lld.obj (.text.UART_lld_write)
                  700cd492    0000000e     --HOLE-- [fill = 0]
                  700cd4a0    000000d0     freertos.am263px.r5f.ti-arm-clang.debug.lib : AddrTranslateP_32bit.obj (.text.AddrTranslateP_getLocalAddr)
                  700cd570    000000d0     lwip-freertos.am263px.r5f.ti-arm-clang.debug.lib : dhcp.obj (.text.dhcp_conflict_callback)
                  700cd640    000000ce     drivers.am263px.r5f.ti-arm-clang.freertos.debug.lib : edma.obj (.text.EDMA_disableChInShadowRegRegion)
                  700cd70e    00000002     --HOLE-- [fill = 0]
                  700cd710    000000ce                                                         : uart_v0_lld.obj (.text.UART_lld_writeDma)
                  700cd7de    00000002     --HOLE-- [fill = 0]
                  700cd7e0    000000ce     lwip-freertos.am263px.r5f.ti-arm-clang.debug.lib : tcp_out.obj (.text.tcp_output_fill_options)
                  700cd8ae    00000002     --HOLE-- [fill = 0]
                  700cd8b0    000000cc     drivers.am263px.r5f.ti-arm-clang.freertos.debug.lib : edma.obj (.text.EDMA_enableChInShadowRegRegion)
                  700cd97c    00000004     --HOLE-- [fill = 0]
                  700cd980    000000cc     freertos.am263px.r5f.ti-arm-clang.debug.lib : queue.obj (.text.prvCopyDataToQueue)
                  700cda4c    00000004     --HOLE-- [fill = 0]
                  700cda50    000000ca                                                 : ClockP_freertos.obj (.text.ClockP_getTimeUsec)
                  700cdb1a    00000006     --HOLE-- [fill = 0]
                  700cdb20    000000ca     lwip-freertos.am263px.r5f.ti-arm-clang.debug.lib : dhcp.obj (.text.dhcp_decline)
                  700cdbea    00000006     --HOLE-- [fill = 0]
                  700cdbf0    000000ca                                                      : sys_arch.obj (.text.sys_thread_new)
                  700cdcba    00000006     --HOLE-- [fill = 0]
                  700cdcc0    000000ca                                                      : tcp.obj (.text.tcp_backlog_accepted)
                  700cdd8a    00000006     --HOLE-- [fill = 0]
                  700cdd90    000000c8     freertos.am263px.r5f.ti-arm-clang.debug.lib : tasks.obj (.text.prvCreateIdleTasks)
                  700cde58    00000008     --HOLE-- [fill = 0]
                  700cde60    000000c8     xgw_udp_interface.o (.text.xgw_udp_process_motor_set)
                  700cdf28    00000008     --HOLE-- [fill = 0]
                  700cdf30    000000c6     drivers.am263px.r5f.ti-arm-clang.freertos.debug.lib : uart_v0_lld.obj (.text.UART_lld_writeIntr)
                  700cdff6    0000000a     --HOLE-- [fill = 0]
                  700ce000    000000c6     lwip-freertos.am263px.r5f.ti-arm-clang.debug.lib : tcp.obj (.text.tcp_pcb_purge)
                  700ce0c6    0000000a     --HOLE-- [fill = 0]
                  700ce0d0    000000c4     drivers.am263px.r5f.ti-arm-clang.freertos.debug.lib : edma.obj (.text.EDMA_mapChToEvtQ)
                  700ce194    0000000c     --HOLE-- [fill = 0]
                  700ce1a0    000000c4     board.am263px.r5f.ti-arm-clang.freertos.debug.lib : eeprom_cat24m.obj (.text.EEPROM_CAT24M_read)
                  700ce264    0000000c     --HOLE-- [fill = 0]
                  700ce270    000000c4     lwip-freertos.am263px.r5f.ti-arm-clang.debug.lib : tcp_out.obj (.text.tcp_keepalive)
                  700ce334    0000000c     --HOLE-- [fill = 0]
                  700ce340    000000c4                                                      : tcp.obj (.text.tcp_listen_closed)
                  700ce404    0000000c     --HOLE-- [fill = 0]
                  700ce410    000000c4                                                      : tcp_out.obj (.text.tcp_send_fin)
                  700ce4d4    0000000c     --HOLE-- [fill = 0]
                  700ce4e0    000000c2     freertos.am263px.r5f.ti-arm-clang.debug.lib : queue.obj (.text.vQueueAddToRegistry)
                  700ce5a2    0000000e     --HOLE-- [fill = 0]
                  700ce5b0    000000c0     drivers.am263px.r5f.ti-arm-clang.freertos.debug.lib : edma.obj (.text.EDMA_configureChannelRegion)
                  700ce670    000000c0                                                         : soc_rcm.obj (.text.SOC_rcmGetPerHSDivOut)
                  700ce730    000000c0                                                         : uart_v0.obj (.text.UART_flushTxFifo)
                  700ce7f0    000000c0     freertos.am263px.r5f.ti-arm-clang.debug.lib : printf.obj (.text._out_rev)
                  700ce8b0    000000c0     lwip-freertos.am263px.r5f.ti-arm-clang.debug.lib : inet_chksum.obj (.text.inet_cksum_pseudo_base)
                  700ce970    000000be                                                      : memp.obj (.text.do_memp_malloc_pool)
                  700cea2e    00000002     --HOLE-- [fill = 0]
                  700cea30    000000ba     drivers.am263px.r5f.ti-arm-clang.freertos.debug.lib : ipc_notify_v1.obj (.text.IpcNotify_waitSync)
                  700ceaea    00000006     --HOLE-- [fill = 0]
                  700ceaf0    000000ba     lwip-freertos.am263px.r5f.ti-arm-clang.debug.lib : dhcp.obj (.text.dhcp_coarse_tmr)
                  700cebaa    00000006     --HOLE-- [fill = 0]
                  700cebb0    000000ba     freertos.am263px.r5f.ti-arm-clang.debug.lib : PmuP_armv7r.obj (.text.pmu)
                  700cec6a    00000006     --HOLE-- [fill = 0]
                  700cec70    000000ba     lwip-freertos.am263px.r5f.ti-arm-clang.debug.lib : sys_arch.obj (.text.sys_mutex_new)
                  700ced2a    00000006     --HOLE-- [fill = 0]
                  700ced30    000000b8     gateway_shared.o (.text.gateway_write_motor_commands)
                  700cede8    00000008     --HOLE-- [fill = 0]
                  700cedf0    000000b6     drivers.am263px.r5f.ti-arm-clang.freertos.debug.lib : uart_v0_lld.obj (.text.UART_fifoWrite)
                  700ceea6    0000000a     --HOLE-- [fill = 0]
                  700ceeb0    000000b4     lwip-freertos.am263px.r5f.ti-arm-clang.debug.lib : etharp.obj (.text.free_etharp_q)
                  700cef64    0000000c     --HOLE-- [fill = 0]
                  700cef70    000000b4                                                      : sys_arch.obj (.text.sys_sem_free)
                  700cf024    0000000c     --HOLE-- [fill = 0]
                  700cf030    000000b4                                                      : timeouts.obj (.text.sys_timeouts_sleeptime)
                  700cf0e4    0000000c     --HOLE-- [fill = 0]
                  700cf0f0    000000b2                                                      : ip4_frag.obj (.text.ipfrag_free_pbuf_custom)
                  700cf1a2    0000000e     --HOLE-- [fill = 0]
                  700cf1b0    000000b0     drivers.am263px.r5f.ti-arm-clang.freertos.debug.lib : soc_rcm.obj (.text.SOC_rcmSetPeripheralClock)
                  700cf260    000000b0                                                         : uart_v0.obj (.text.UART_init)
                  700cf310    000000b0     lwip-freertos.am263px.r5f.ti-arm-clang.debug.lib : tcpip.obj (.text.tcpip_thread_handle_msg)
                  700cf3c0    000000ae     freertos.am263px.r5f.ti-arm-clang.debug.lib : queue.obj (.text.prvUnlockQueue)
                  700cf46e    00000002     --HOLE-- [fill = 0]
                  700cf470    000000ae     lwip-freertos.am263px.r5f.ti-arm-clang.debug.lib : tcpip.obj (.text.tcpip_try_callback)
                  700cf51e    00000002     --HOLE-- [fill = 0]
                  700cf520    000000ae     freertos.am263px.r5f.ti-arm-clang.debug.lib : tasks.obj (.text.vTaskExitCritical)
                  700cf5ce    00000002     --HOLE-- [fill = 0]
                  700cf5d0    000000ac                                                 : queue.obj (.text.xQueueGenericCreate)
                  700cf67c    00000004     --HOLE-- [fill = 0]
                  700cf680    000000aa     lwip-freertos.am263px.r5f.ti-arm-clang.debug.lib : inet_chksum.obj (.text.lwip_standard_chksum)
                  700cf72a    00000006     --HOLE-- [fill = 0]
                  700cf730    000000aa     xgw_protocol.o (.text.xgw_crc32_calculate)
                  700cf7da    00000006     --HOLE-- [fill = 0]
                  700cf7e0    000000a8     ti_board_open_close.o (.text.Board_eepromOpen)
                  700cf888    00000008     --HOLE-- [fill = 0]
                  700cf890    000000a8     ti_drivers_open_close.o (.text.Drivers_i2cOpen)
                  700cf938    00000008     --HOLE-- [fill = 0]
                  700cf940    000000a8     ti_drivers_open_close.o (.text.Drivers_uartOpen)
                  700cf9e8    00000008     --HOLE-- [fill = 0]
                  700cf9f0    000000a8     lwip-freertos.am263px.r5f.ti-arm-clang.debug.lib : acd.obj (.text.acd_add)
                  700cfa98    00000008     --HOLE-- [fill = 0]
                  700cfaa0    000000a6                                                      : dhcp.obj (.text.dhcp_option_long)
                  700cfb46    0000000a     --HOLE-- [fill = 0]
                  700cfb50    000000a4                                                      : pbuf.obj (.text.pbuf_alloc_reference)
                  700cfbf4    000000a4     libc.a : memory.c.obj (.text.split)
                  700cfc98    00000008     --HOLE-- [fill = 0]
                  700cfca0    000000a4     lwip-freertos.am263px.r5f.ti-arm-clang.debug.lib : tcp_out.obj (.text.tcp_output_alloc_header)
                  700cfd44    0000000c     --HOLE-- [fill = 0]
                  700cfd50    000000a2     gateway_shared.o (.text.gateway_read_motor_states)
                  700cfdf2    0000000e     --HOLE-- [fill = 0]
                  700cfe00    000000a2     main.o (.text.ipc_notify_callback_fxn)
                  700cfea2    0000000e     --HOLE-- [fill = 0]
                  700cfeb0    000000a2     freertos.am263px.r5f.ti-arm-clang.debug.lib : timers.obj (.text.prvCheckForValidListAndQueue)
                  700cff52    0000000e     --HOLE-- [fill = 0]
                  700cff60    000000a0     drivers.am263px.r5f.ti-arm-clang.freertos.debug.lib : soc_rcm.obj (.text.SOC_rcmGetCoreHSDivOut)
                  700d0000    000000a0     lwip-freertos.am263px.r5f.ti-arm-clang.debug.lib : etharp.obj (.text.etharp_free_entry)
                  700d00a0    0000009e     freertos.am263px.r5f.ti-arm-clang.debug.lib : timers.obj (.text.xTimerCreateTimerTask)
                  700d013e    00000002     --HOLE-- [fill = 0]
                  700d0140    0000009a     lwip-freertos.am263px.r5f.ti-arm-clang.debug.lib : udp.obj (.text.udp_new_port)
                  700d01da    00000006     --HOLE-- [fill = 0]
                  700d01e0    00000098     drivers.am263px.r5f.ti-arm-clang.freertos.debug.lib : ipc_notify_v1.obj (.text.IpcNotify_registerClient)
                  700d0278    00000008     --HOLE-- [fill = 0]
                  700d0280    00000098     lwip-freertos.am263px.r5f.ti-arm-clang.debug.lib : netif.obj (.text.netif_issue_reports)
                  700d0318    00000008     --HOLE-- [fill = 0]
                  700d0320    00000098                                                      : pbuf.obj (.text.pbuf_alloced_custom)
                  700d03b8    00000008     --HOLE-- [fill = 0]
                  700d03c0    00000096     drivers.am263px.r5f.ti-arm-clang.freertos.debug.lib : uart_v0_lld.obj (.text.UART_subConfigTCRTLRModeEn)
                  700d0456    0000000a     --HOLE-- [fill = 0]
                  700d0460    00000096     lwip-freertos.am263px.r5f.ti-arm-clang.debug.lib : udp.obj (.text.udp_remove)
                  700d04f6    0000000a     --HOLE-- [fill = 0]
                  700d0500    00000094                                                      : acd.obj (.text.acd_remove)
                  700d0594    0000000c     --HOLE-- [fill = 0]
                  700d05a0    00000094                                                      : netif.obj (.text.netif_do_set_gw)
                  700d0634    0000000c     --HOLE-- [fill = 0]
                  700d0640    00000094                                                      : netif.obj (.text.netif_do_set_netmask)
                  700d06d4    0000000c     --HOLE-- [fill = 0]
                  700d06e0    00000094                                                      : tcp_out.obj (.text.tcp_output_control_segment)
                  700d0774    0000000c     --HOLE-- [fill = 0]
                  700d0780    00000094     freertos.am263px.r5f.ti-arm-clang.debug.lib : tasks.obj (.text.vTaskStartScheduler)
                  700d0814    0000000c     --HOLE-- [fill = 0]
                  700d0820    00000092     drivers.am263px.r5f.ti-arm-clang.freertos.debug.lib : edma.obj (.text.EDMA_unmapChToEvtQ)
                  700d08b2    0000000e     --HOLE-- [fill = 0]
                  700d08c0    00000092                                                         : i2c_v1_lld.obj (.text.I2CControllerInitExpClk)
                  700d0952    0000000e     --HOLE-- [fill = 0]
                  700d0960    00000092     freertos.am263px.r5f.ti-arm-clang.debug.lib : DebugP_freertos.obj (.text._DebugP_logZone)
                  700d09f2    0000000e     --HOLE-- [fill = 0]
                  700d0a00    00000092     lwip-freertos.am263px.r5f.ti-arm-clang.debug.lib : dhcp.obj (.text.dhcp_timeout)
                  700d0a92    0000000e     --HOLE-- [fill = 0]
                  700d0aa0    00000092                                                      : tcpip.obj (.text.tcpip_thread)
                  700d0b32    0000000e     --HOLE-- [fill = 0]
                  700d0b40    0000008e                                                      : dhcp.obj (.text.dhcp_option)
                  700d0bce    00000002     --HOLE-- [fill = 0]
                  700d0bd0    0000008e     main.o (.text.main)
                  700d0c5e    00000002     --HOLE-- [fill = 0]
                  700d0c60    0000008e     freertos.am263px.r5f.ti-arm-clang.debug.lib : tasks.obj (.text.prvCreateTask)
                  700d0cee    00000002     --HOLE-- [fill = 0]
                  700d0cf0    0000008e                                                 : tasks.obj (.text.prvInitialiseTaskLists)
                  700d0d7e    00000002     --HOLE-- [fill = 0]
                  700d0d80    0000008e     lwip-freertos.am263px.r5f.ti-arm-clang.debug.lib : timeouts.obj (.text.sys_check_timeouts)
                  700d0e0e    00000002     --HOLE-- [fill = 0]
                  700d0e10    0000008c     drivers.am263px.r5f.ti-arm-clang.freertos.debug.lib : edma.obj (.text.EDMA_disableTransferRegion)
                  700d0e9c    00000004     --HOLE-- [fill = 0]
                  700d0ea0    0000008c                                                         : edma.obj (.text.EDMA_enableTransferRegion)
                  700d0f2c    00000004     --HOLE-- [fill = 0]
                  700d0f30    0000008c     freertos.am263px.r5f.ti-arm-clang.debug.lib : SemaphoreP_freertos.obj (.text.SemaphoreP_pend)
                  700d0fbc    00000004     --HOLE-- [fill = 0]
                  700d0fc0    0000008c     drivers.am263px.r5f.ti-arm-clang.freertos.debug.lib : uart_v0_lld.obj (.text.UART_writeCancelNoCB)
                  700d104c    00000004     --HOLE-- [fill = 0]
                  700d1050    0000008c     lwip-freertos.am263px.r5f.ti-arm-clang.debug.lib : acd.obj (.text.acd_netif_ip_addr_changed)
                  700d10dc    00000004     --HOLE-- [fill = 0]
                  700d10e0    0000008a                                                      : tcp.obj (.text.tcp_netif_ip_addr_changed_pcblist)
                  700d116a    00000006     --HOLE-- [fill = 0]
                  700d1170    0000008a     freertos.am263px.r5f.ti-arm-clang.debug.lib : tasks.obj (.text.vTaskPlaceOnEventListRestricted)
                  700d11fa    00000006     --HOLE-- [fill = 0]
                  700d1200    00000088     drivers.am263px.r5f.ti-arm-clang.freertos.debug.lib : uart_dma_edma.obj (.text.UART_edmaIsrRx)
                  700d1288    00000008     --HOLE-- [fill = 0]
                  700d1290    00000088                                                         : uart_dma_edma.obj (.text.UART_edmaIsrTx)
                  700d1318    00000008     --HOLE-- [fill = 0]
                  700d1320    00000088     lwip-freertos.am263px.r5f.ti-arm-clang.debug.lib : ip4.obj (.text.ip4_output_if_opt)
                  700d13a8    00000008     --HOLE-- [fill = 0]
                  700d13b0    00000086     drivers.am263px.r5f.ti-arm-clang.freertos.debug.lib : uart_v0_lld.obj (.text.UART_lld_flushTxFifo)
                  700d1436    0000000a     --HOLE-- [fill = 0]
                  700d1440    00000086                                                         : uart_v0_lld.obj (.text.UART_tcrTlrBitValRestore)
                  700d14c6    0000000a     --HOLE-- [fill = 0]
                  700d14d0    00000086     freertos.am263px.r5f.ti-arm-clang.debug.lib : timers.obj (.text.prvInsertTimerInActiveList)
                  700d1556    0000000a     --HOLE-- [fill = 0]
                  700d1560    00000086                                                 : timers.obj (.text.prvProcessTimerOrBlockTask)
                  700d15e6    0000000a     --HOLE-- [fill = 0]
                  700d15f0    00000086     lwip-freertos.am263px.r5f.ti-arm-clang.debug.lib : sys_arch.obj (.text.sys_check_core_locking)
                  700d1676    0000000a     --HOLE-- [fill = 0]
                  700d1680    00000084                                                      : dhcp.obj (.text.dhcp_option_short)
                  700d1704    0000000c     --HOLE-- [fill = 0]
                  700d1710    00000084                                                      : ip4_frag.obj (.text.ip_reass_dequeue_datagram)
                  700d1794    0000000c     --HOLE-- [fill = 0]
                  700d17a0    00000082     drivers.am263px.r5f.ti-arm-clang.freertos.debug.lib : edma.obj (.text.EDMA_allocDmaChannel)
                  700d1822    0000000e     --HOLE-- [fill = 0]
                  700d1830    00000082                                                         : edma.obj (.text.EDMA_allocParam)
                  700d18b2    0000000e     --HOLE-- [fill = 0]
                  700d18c0    00000082                                                         : edma.obj (.text.EDMA_allocTcc)
                  700d1942    0000000e     --HOLE-- [fill = 0]
                  700d1950    00000082                                                         : edma.obj (.text.EDMA_disableTccInShadowRegRegion)
                  700d19d2    0000000e     --HOLE-- [fill = 0]
                  700d19e0    00000082                                                         : edma.obj (.text.EDMA_enableTccInShadowRegRegion)
                  700d1a62    0000000e     --HOLE-- [fill = 0]
                  700d1a70    00000082                                                         : ipc_notify_v1.obj (.text.IpcNotify_syncAll)
                  700d1af2    0000000e     --HOLE-- [fill = 0]
                  700d1b00    00000082     lwip-freertos.am263px.r5f.ti-arm-clang.debug.lib : dhcp.obj (.text.dhcp_dec_pcb_refcount)
                  700d1b82    0000000e     --HOLE-- [fill = 0]
                  700d1b90    00000082                                                      : netif.obj (.text.netif_invoke_ext_callback)
                  700d1c12    0000000e     --HOLE-- [fill = 0]
                  700d1c20    00000082                                                      : tcp.obj (.text.tcp_netif_ip_addr_changed)
                  700d1ca2    0000000e     --HOLE-- [fill = 0]
                  700d1cb0    00000080     board.am263px.r5f.ti-arm-clang.freertos.debug.lib : eeprom_cat24m.obj (.text.EEPROM_CAT24M_open)
                  700d1d30    00000080     freertos.am263px.r5f.ti-arm-clang.debug.lib : SemaphoreP_freertos.obj (.text.SemaphoreP_constructBinary)
                  700d1db0    00000080     drivers.am263px.r5f.ti-arm-clang.freertos.debug.lib : uart_v0_lld.obj (.text.UART_moduleReset)
                  700d1e30    00000080     lwip-freertos.am263px.r5f.ti-arm-clang.debug.lib : memp.obj (.text.do_memp_free_pool)
                  700d1eb0    00000080                                                      : inet_chksum.obj (.text.inet_chksum_pseudo_partial)
                  700d1f30    0000007e     drivers.am263px.r5f.ti-arm-clang.freertos.debug.lib : i2c_v1_lld.obj (.text.I2C_lld_transferInit)
                  700d1fae    00000002     --HOLE-- [fill = 0]
                  700d1fb0    0000007e                                                         : uart_v0_lld.obj (.text.UART_readData)
                  700d202e    00000002     --HOLE-- [fill = 0]
                  700d2030    0000007c     freertos.am263px.r5f.ti-arm-clang.debug.lib : DebugP_log.obj (.text._DebugP_assert)
                  700d20ac    00000004     --HOLE-- [fill = 0]
                  700d20b0    0000007c     main.o (.text.lwip_init_callback)
                  700d212c    00000004     --HOLE-- [fill = 0]
                  700d2130    0000007c     freertos.am263px.r5f.ti-arm-clang.debug.lib : queue.obj (.text.vQueueUnregisterQueue)
                  700d21ac    00000004     --HOLE-- [fill = 0]
                  700d21b0    0000007a     drivers.am263px.r5f.ti-arm-clang.freertos.debug.lib : i2c_v1.obj (.text.I2C_completeCurrTransfer)
                  700d222a    00000006     --HOLE-- [fill = 0]
                  700d2230    0000007a                                                         : ipc_notify_v1.obj (.text.IpcNotify_mailboxWrite)
                  700d22aa    00000006     --HOLE-- [fill = 0]
                  700d22b0    0000007a     ti_drivers_config.o (.text.System_init)
                  700d232a    00000006     --HOLE-- [fill = 0]
                  700d2330    0000007a     drivers.am263px.r5f.ti-arm-clang.freertos.debug.lib : uart_v0.obj (.text.UART_Params_init)
                  700d23aa    00000006     --HOLE-- [fill = 0]
                  700d23b0    0000007a     gateway_shared.o (.text.gateway_core0_ipc_callback)
                  700d242a    00000006     --HOLE-- [fill = 0]
                  700d2430    00000078     drivers.am263px.r5f.ti-arm-clang.freertos.debug.lib : edma.obj (.text.EDMA_linkChannel)
                  700d24a8    00000008     --HOLE-- [fill = 0]
                  700d24b0    00000078                                                         : i2c_v1_lld.obj (.text.I2C_lld_completeCurrTransfer)
                  700d2528    00000008     --HOLE-- [fill = 0]
                  700d2530    00000078     main.o (.text.enet_lwip_task_wrapper)
                  700d25a8    00000008     --HOLE-- [fill = 0]
                  700d25b0    00000078     lwip-freertos.am263px.r5f.ti-arm-clang.debug.lib : tcp.obj (.text.tcp_remove_listener)
                  700d2628    00000008     --HOLE-- [fill = 0]
                  700d2630    00000078     freertos.am263px.r5f.ti-arm-clang.debug.lib : queue.obj (.text.xQueueTakeMutexRecursive)
                  700d26a8    00000008     --HOLE-- [fill = 0]
                  700d26b0    00000076                                                 : queue.obj (.text.xQueueGiveMutexRecursive)
                  700d2726    0000000a     --HOLE-- [fill = 0]
                  700d2730    00000074                                                 : ClockP_freertos.obj (.text.ClockP_usleep)
                  700d27a4    0000000c     --HOLE-- [fill = 0]
                  700d27b0    00000074     drivers.am263px.r5f.ti-arm-clang.freertos.debug.lib : uart_v0_lld.obj (.text.UART_IsBaseAddrValid)
                  700d2824    0000000c     --HOLE-- [fill = 0]
                  700d2830    00000074     lwip-freertos.am263px.r5f.ti-arm-clang.debug.lib : dhcp.obj (.text.dhcp_option_trailer)
                  700d28a4    0000000c     --HOLE-- [fill = 0]
                  700d28b0    00000074                                                      : dns.obj (.text.dns_create_txid)
                  700d2924    0000000c     --HOLE-- [fill = 0]
                  700d2930    00000072     drivers.am263px.r5f.ti-arm-clang.freertos.debug.lib : edma.obj (.text.EDMA_clrMissEvtRegion)
                  700d29a2    0000000e     --HOLE-- [fill = 0]
                  700d29b0    00000072                                                         : ipc_notify_v1.obj (.text.IpcNotify_makeMsg)
                  700d2a22    0000000e     --HOLE-- [fill = 0]
                  700d2a30    00000072     gateway_shared.o (.text.gateway_ringbuf_init)
                  700d2aa2    0000000e     --HOLE-- [fill = 0]
[...]
700d3071  vTaskEnterCritical                   
700d31c1  vListInsert                          
700d3231  EDMA_getBaseAddr                     
700d3311  dhcp_fine_tmr                        
700d33f1  EEPROM_open                          
700d3461  I2C_init                             
700d34d1  SemaphoreP_post                      
700d3541  SOC_rcmGetR5Clock                    
700d35b1  SOC_rcmIsR5FInLockStepMode           
700d3691  UART_lld_deInitDma                   
700d37e1  vApplicationLoadHook                 
700d3851  vQueueWaitForMessageRestricted       
700d3931  igmp_tmr                             
700d39a1  memp_init_pool                       
700d3a11  sys_init                             
700d3a81  tcp_close                            
700d3af1  tcp_rst                              
700d3b61  xgw_header_init                      
700d3bd1  UART_getChar                         
700d3c91  dhcp_supplied_address                
700d3d51  SemaphoreP_constructMutex            
700d3ed1  raw_netif_ip_addr_changed            
700d3f31  udp_netif_ip_addr_changed            
700d3f91  Module_clockSetFrequency             
700d3ff1  UART_lld_deInit                      
700d4051  ip_reass_tmr                         
700d40b1  xTaskCreateStatic                    
700d4111  UART_lld_dmaDisableChannel           
700d4291  memp_init                            
700d42f1  netif_get_by_index                   
700d4411  UART_getHandle                       
700d4471  gateway_ringbuf_write_test_core0     
700d44d1  ip4_output_if                        
700d4531  ip4_output_if_src                    
700d4591  tcp_free                             
700d46b1  I2C_getHandle                        
700d4891  xgw_udp_init                         
700d48f1  DebugP_shmLogReaderTaskCreate        
700d4951  EDMA_setPaRAM                        
700d4a64  __TI_auto_init_nobinit_nopinit       
700d4ac1  Dpl_init                             
700d4b21  I2C_lld_deInit                       
700d4be1  xTaskCreate                          
700d4c41  Board_eepromClose                    
700d4c91  Drivers_i2cClose                     
700d4ce1  Drivers_uartClose                    
700d4d31  Pinmux_config                        
700d4d81  UART_checkCharsAvailInFifo           
700d4dd1  acd_start                            
700d4e21  crc32_core                           
700d4e71  dns_setserver                        
700d4ec1  memp_free                            
700d4f11  memp_malloc                          
700d4f60  rand                                 
700d4fb1  EDMA_clrEvtRegion                    
700d5001  EDMA_disableDmaEvtRegion             
700d5051  EDMA_disableEvtIntrRegion            
700d50a1  EDMA_enableDmaEvtRegion              
700d50f1  EDMA_enableEvtIntrRegion             
700d5141  EDMA_setEvtRegion                    
700d5191  TaskP_loadUpdateAll                  
700d5231  vQueueDelete                         
700d5281  EDMA_ccPaRAMEntry_init               
700d52d1  EDMA_mapQdmaChToPaRAM                
700d5321  EDMA_readEventStatusRegion           
700d5371  IpcNotify_unregisterClient           
700d53c1  Module_clockEnable                   
700d5411  vTaskPlaceOnEventList                
700d5461  IpcNotify_Params_init                
700d5501  UART_getIntrIdentityStatus           
700d5731  uxListRemove                         
700d5781  DebugP_uartLogWriterPutChar          
700d5871  UART_readLineStatus                  
700d58c1  pbuf_put_at                          
700d5be1  etharp_acd_probe                     
700d5c81  I2C_lld_transferIntr                 
700d5cc1  I2C_lld_transferPoll                 
700d5d41  ip_chksum_pseudo_partial             
700d5e41  UART_spaceAvail                      
700d5ec1  sys_timeouts_init                    
700d5f01  udp_recv                             
700d5f41  xgw_crc32_validate                   
700d5f81  EEPROM_CAT24M_close                  
700d6001  UART_IsTxRxFifoEmpty                 
700d6081  etharp_acd_announce                  
700d60c1  lwip_init                            
700d6141  sys_lock_tcpip_core                  
700d61c1  vPortTimerTickHandler                
700d6201  SOC_moduleSetClockFrequency          
700d6281  gateway_ringbuf_core0_init           
700d62c1  igmp_report_groups                   
700d6301  ulTaskGetIdleRunTimeCounter          
700d6341  vListInsertEnd                       
700d63f8  CycleCounterP_getCount32             
700d6400  PmuP_setup                           
700d6408  PmuP_enableCounters                  
700d6410  PmuP_disableCounters                 
700d6418  PmuP_getOverflowStatus               
700d6420  PmuP_clearOverflowStatus             
700d6428  PmuP_setUserEnable                   
700d6431  xTaskGetSchedulerState               
700d6471  EDMA_getRegionId                     
700d64b1  IpcNotify_syncCallback               
700d6531  TimerP_Params_initPriv               
700d6661  gateway_core0_finalize               
700d6761  ClockP_timerTickIsr                  
700d67e1  I2C_lld_Message_init                 
700d6861  TimerP_getCountPriv                  
700d6921  ip_chksum_pseudo                     
700d6961  sys_unlock_tcpip_core                
700d69a1  vApplicationStackOverflowHook        
700d69e1  xQueueCreateMutexStatic              
700d6a21  EEPROM_close                         
700d6b11  udp_new                              
700d6b41  UART_lld_dmaInit                     
700d6c01  vListInitialise                      
700d6c31  DebugP_logZoneEnable                 
700d6cf1  gateway_core0_init                   
700d6d21  icmp_time_exceeded                   
700d6d51  pbuf_clen                            
700d6db1  tcp_seg_free                         
700d6de1  ulTaskGetRunTimeCounter              
700d6e11  vApplicationGetIdleTaskMemory        
700d6e41  vApplicationGetTimerTaskMemory       
700d6e71  I2C_lld_Transaction_init             
700d6ed1  UART_Transaction_init                
700d6f01  UART_intr2Disable                    
700d6f31  UART_lld_Transaction_init            
700d6f61  UART_operatingModeSelect             
700d6fc1  CSL_armR5GetCpuID                    
700d7081  pvPortMalloc                         
700d70b1  vprintf_                             
700d70e1  EDMA_disableQdmaEvtRegion            
700d7111  EDMA_enableQdmaEvtRegion             
700d7171  igmp_init                            
700d71d1  xQueueCreateMutex                    
700d7201  xTaskGetTickCountFromISR             
700d7261  I2C_Transaction_init                 
700d7291  IpcNotify_allocSwQueue               
700d72c1  IpcNotify_getConfig                  
700d7374  __aeabi_uldivmod                     
700d73d1  gateway_ringbuf_core0_receive        
700d7431  pvTaskIncrementMutexHeldCount        
700d7461  tcp_segs_free                        
700d7491  vTaskInternalSetTimeOutState         
700d74c1  xPortStartScheduler                  
700d74f1  ClockP_getTicks                      
700d7521  EDMA_channelToParamMap               
700d7551  SemaphoreP_destruct                  
700d7581  gateway_ringbuf_core0_send           
700d75e1  tcp_free_ooseq                       
700d7611  tcp_tmr                              
700d7641  ClockP_usecToTicks                   
700d7681  etharp_request                       
700d76a1  lwip_htonl                           
700d76c1  pbuf_skip                            
700d7701  vPortFree                            
700d7721  EDMA_getEventStatusHigh              
700d7781  SOC_getSelfCpuClk                    
700d77a1  SOC_moduleClockEnable                
700d77e1  UART_lld_Transaction_deInit          
700d7821  inet_chksum                          
700d7841  pbuf_chain                           
700d7881  xTaskGetTickCount                    
700d78a1  Board_driversOpen                    
700d78c1  EDMA_getEventStatus                  
700d7901  acd_stop                             
700d791c  strlen                               
700d7941  sys_now                              
700d7961  vPortYeildFromISR                    
700d797c  TI_memcpy_small                      
700d79a1  I2C_Params_init                      
700d7a01  ClockP_ticksToUsec                   
700d7a21  EDMA_isInterruptEnabled              
700d7ae1  IpcNotify_trigInterrupt              
700d7b01  TimerP_getReloadCountPriv            
700d7b61  UART_putChar                         
700d7b81  tcp_init                             
700d7ba1  udp_init                             
700d7bb8  TI_memset_small                      
700d7c51  IpcNotify_sendSync                   
700d7c71  TimerP_isOverflowedPriv              
700d7c91  TimerP_startPriv                     
700d7cb1  TimerP_stopPriv                      
700d7d11  pbuf_add_header                      
700d7d31  stats_init                           
700d7d51  vApplicationMallocFailedHook         
700d7d71  DebugP_uartSetDrvIndex               
700d7e91  TimerP_clearOverflowIntPriv          
700d7eb1  TimerP_setup                         
700d7ed1  putchar_                             
700d7ef1  xTaskGetCurrentTaskHandle            
700d7f31  Pinmux_init                          
700d7f51  sys_mark_tcpip_thread                
700d7f71  tcp_abort                            
700d7f91  tcp_trigger_input_pcb_close          
700d7fb1  uiPortGetRunTimeCounterValue         
700d7ff1  ClockP_getTimerCount                 
700d8011  ClockP_timerClearOverflowInt         
700d8071  TimerP_Params_init                   
700d8081  TimerP_clearOverflowInt              
700d8091  TimerP_getCount                      
700d80a1  TimerP_getReloadCount                
700d80b1  TimerP_isOverflowed                  
700d80c1  TimerP_start                         
700d80d0  __aeabi_memset                       
700d80d0  __aeabi_memset4                      
700d80d0  __aeabi_memset8                      
700d80f1  gateway_notify_commands_ready        
700d8101  gateway_ringbuf_core0_notify         
700d8111  lwip_htons                           
700d8121  vTaskSuspendAll                      
700d8131  xgw_udp_is_initialized               
700d8141  dns_init                             
700d8151  mem_trim                             
700d8171  vListInitialiseItem                  
700d8181  vTaskMissedYield                     
700d8191  Drivers_open                         
700d81a1  PowerClock_init                      
700d81b1  dns_tmr                              
700d81c1  uxTaskGetNumberOfTasks               
700d8251  vApplicationIdleHook                 
700d8261  Drivers_uartInit                     
700d8291  TaskP_yield                          
700d82a1  Board_init                           
700d82b1  IpcNotify_wait                       
700d82c1  mem_init                             
700d82d1  netif_init                           
700d82e1  vPortConfigTimerForRunTimeStats      
700d82f1  vPortValidateInterruptPriority       
700d8700  gCacheConfig                         
700d8708  gMpuConfig                           
700d8714  gMpuRegionConfig                     
700d907c  memp_pools                           
700d93c2  gCR5ClkSrcInfoMap                    
700d93c4  gADPLLJConfigTbl                     
700d9518  lwip_cyclic_timers                   
700da488  I2C_defaultTransaction               
700dc02c  I2C_lld_defaultMessage               
700dc11c  gPeripheralClkSrcInfoMap             
700dc884  memp_ALTCP_PCB                       
700dc898  memp_ARP_QUEUE                       
700dc8ac  memp_FRAG_PBUF                       
700dc8c0  memp_IGMP_GROUP                      
700dc8d4  memp_NETBUF                          
700dc8e8  memp_NETCONN                         
700dc8fc  memp_NETDB                           
700dc910  memp_PBUF                            
700dc924  memp_PBUF_POOL                       
700dc938  memp_POOL_128                        
700dc94c  memp_POOL_1568                       
700dc960  memp_POOL_4096                       
700dc974  memp_RAW_PCB                         
700dc988  memp_REASSDATA                       
700dc99c  memp_SYS_MBOX                        
700dc9b0  memp_SYS_TIMEOUT                     
700dc9c4  memp_TCPIP_MSG_API                   
700dc9d8  memp_TCPIP_MSG_INPKT                 
700dc9ec  memp_TCP_PCB                         
700dca00  memp_TCP_PCB_LISTEN                  
700dca14  memp_TCP_SEG                         
700dca28  memp_UDP_PCB                         
700dd054  tcp_pcb_lists                        
700dd59c  gXTALInfo                            
700dd5e3  ethbroadcast                         
700dd5e9  ethzero                              
700dd620  gCacheL1dCacheLineSize               
700dd624  gCacheL1pCacheLineSize               
700dd628  ip_addr_any                          
700dd62c  ip_addr_broadcast                    
700dd671  HwiP_enableInt                       
700dd6b1  HwiP_disableInt                      
700dd711  HwiP_restoreInt                      
700dd741  HwiP_clearInt                        
700dd781  HwiP_post                            
700dd7c1  HwiP_Params_init                     
700dd7f1  HwiP_construct                       
700dd9e1  HwiP_destruct                        
700dda51  HwiP_init                            
700ddc01  HwiP_inISR                           
700ddc31  HwiP_setVimIrqPriMaskNonAtomic       
700ddc81  HwiP_setVimIrqPriMaskAtomic          
700ddd21  HwiP_restoreVimIrqPriMask            
700ddd31  HwiP_irq_handler_c                   
700dded1  HwiP_fiq_handler                     
700de041  HwiP_reserved_handler                
700de081  HwiP_undefined_handler_c             
700de0a1  HwiP_user_undefined_handler_c        
700de0c1  HwiP_prefetch_abort_handler_c        
700de161  HwiP_user_prefetch_abort_handler_c   
700de1a1  HwiP_data_abort_handler_c            
700de261  HwiP_user_data_abort_handler_c       
700de29c  vPortRestoreTaskContext              
700de2d4  HwiP_svc_handler                     
700de344  HwiP_irq_handler                     
700de488  HwiP_data_abort_handler              
700de4cc  HwiP_prefetch_abort_handler          
700de518  HwiP_undefined_handler               
700de548  GET_DFSR                             
700de550  GET_ADFSR                            
700de558  GET_DFAR                             
700de560  GET_IFSR                             
700de568  GET_AIFSR                            
700de570  GET_IFAR                             
700de578  GET_SPSR                             
700de58c  HwiP_disable                         
700de59c  HwiP_disableFIQ                      
700de5ac  HwiP_enable                          
700de5bc  HwiP_enableFIQ                       
700de5cc  HwiP_restore                         
700de5d4  HwiP_enableVIC                       
700de5e4  HwiP_disableVIC                      
700de5f4  HwiP_getCPSR                         
700de600  CacheP_disableL1d                    
700de628  CacheP_disableL1p                    
700de640  CacheP_enableL1d                     
700de658  CacheP_enableL1p                     
700de670  CacheP_invL1d                        
700de6a8  CacheP_invL1p                        
700de6e4  CacheP_invL1dAll                     
700de6ec  CacheP_invL1pAll                     
700de6f4  CacheP_wb                            
700de730  CacheP_wbInv                         
700de76c  CacheP_wbAll                         
700de814  CacheP_wbInvAll                      
700de82c  CacheP_wbInvAllAsm                   
700de8cc  CacheP_getEnabled                    
700de904  CacheP_getCacheLevelInfo             
700de910  CacheP_configForceWrThru             
700de930  CacheP_setDLFO                       
700de941  CacheP_init                          
700de9d1  CacheP_disable                       
700dea21  CacheP_enable                        
700dea61  CacheP_inv                           
700deaa1  MpuP_getAttrs                        
700deb01  MpuP_RegionAttrs_init                
700deb31  MpuP_setRegion                       
700debc1  MpuP_isEnable                        
700debd1  MpuP_disable                         
700dec11  MpuP_enable                          
700dec61  MpuP_init                            
700ded01  MpuP_isUserAuthorizedToAccessMemory  
700dede0  MpuP_disableAsm                      
700dedf8  MpuP_disableBRAsm                    
700dee08  MpuP_enableAsm                       
700dee20  MpuP_enableBRAsm                     
700dee30  MpuP_isEnableAsm                     
700dee44  MpuP_setRegionAsm                    
700dee60  _c_int00_sbl                         
700dee84  _c_int00                             
700defb1  _DebugP_assertNoLog                  
700defe1  _system_pre_init                     
700df011  __mpu_init                           
700df020  abort                                
700df028  gEdmaConfig                          
700df028  gUartDmaHandle                       
700df1e0  gIpcNotifyMailboxConfig              
700df398  gUartParams                          
700df3f0  gSocModulesClockFrequency            
700df46c  gClockConfig                         
700df49c  gIpcNotifyInterruptConfig_r5fss0_0   
700df4c8  gEepromFxns_CAT24M                   
700df4d8  gIpcNotifyCoreIntrBitPos             
700df4e8  gSocModules                          
700df4f8  gAddrTranslateConfig                 
700df504  gEepromAttrs_CAT24M                  
700df510  gEepromConfig                        
700df51c  gI2cParams                           
700df528  gEepromParams                        
700df530  gI2cConfig                           
700df540  gUartConfig                          
700df55c  FreeRTOS_errno                       
700df560  _lock                                
700df564  _unlock                              
700df570  gDebugLogZone                        
700df574  gDebugP_uartDrvIndex                 
700df578  gEdmaConfigNum                       
700df57c  gEepromConfigNum                     
700df580  gHwiConfig                           
700df584  gI2cConfigNum                        
700df588  gIpcNotifyInterruptConfigNum_r5fss0_0
700df58c  gIpcTask                             
700df590  gLogReaderTask                       
700df594  gMainTask                            
700df598  gUartConfigNum                       
700df59c  gUartDmaChConfig                     
700df5a0  gUdpRxTask                           
700df5a4  gUdpTxTask                           
700df5c8  pxCurrentTCB                         
700df5cc  ulPortInterruptNesting               
700df5d0  ulPortSchedularRunning               
700df5d4  ulPortTaskHasFPUContext              
700df5d8  ulPortYieldRequired                  
700df61d  isMapAvailable                       
700df628  __IRQ_STACK_START                    
700df728  __FIQ_STACK_START                    
700df728  __IRQ_STACK_END                      
700df828  __FIQ_STACK_END                      
700df828  __SVC_STACK_START                    
700e0828  __ABORT_STACK_START                  
700e0828  __SVC_STACK_END                      
700e0928  __ABORT_STACK_END                    
700e0928  __UNDEFINED_STACK_START              
700e0a28  __UNDEFINED_STACK_END                
701d0000  gGatewaySharedMem                    
701d8000  gDebugShmLog                         
ffffffff  __TI_pprof_out_hndl                  
ffffffff  __TI_prof_data_size                  
ffffffff  __TI_prof_data_start                 
ffffffff  __binit__                            
ffffffff  binit                                
UNDEFED   __TI_CINIT_Base                      
UNDEFED   __TI_CINIT_Limit                     
UNDEFED   __TI_Handler_Table_Base              
UNDEFED   __TI_Handler_Table_Limit             
UNDEFED   _system_post_cinit                   

[710 symbols]
