******************************************************************************
            TI ARM Clang Linker PC v4.0.4                      
******************************************************************************
>> Linked Wed Apr  1 17:56:35 2026

OUTPUT FILE NAME:   <ccu_ti_multi_core_freertos.out>
ENTRY POINT SYMBOL: "_vectors"  address: 00000000


MEMORY CONFIGURATION

         name            origin    length      used     unused   attr    fill
----------------------  --------  ---------  --------  --------  ----  --------
  R5F_VECS              00000000   00000040  00000040  00000000  RWIX
  R5F_TCMA              00000040   00007fc0  00000000  00007fc0  RWIX
  R5F_TCMB              00080000   00008000  00000000  00008000  RWIX
  MAILBOX_HSM           44000000   000003ce  00000000  000003ce  RWIX
  MAILBOX_R5F           44000400   000003ce  00000000  000003ce  RWIX
  FLASH                 60100000   00080000  00000000  00080000  RWIX
  SBL                   70000000   00040000  00000000  00040000  RWIX
  OCRAM                 70040000   00140000  000c3c30  0007c3d0  RWIX
  USER_SHM_MEM          70200000   00008000  00004d48  000032b8  RWIX
  LOG_SHM_MEM           70208000   00004000  00002000  00002000  RWIX
  ENET_CPPI_DESC        70280000   00040000  00000a00  0003f600  RWIX
  RTOS_NORTOS_IPC_SHM_M 72000000   00003e80  00000000  00003e80  RWIX


SEGMENT ALLOCATION MAP

run origin  load origin   length   init length attrs members
----------  ----------- ---------- ----------- ----- -------
00000000    00000000    00000040   00000040    r-x
  00000000    00000000    00000040   00000040    r-x .vectors
70040000    70040000    000624c8   000624c8    r-x
  70040000    70040000    00051aa0   00051aa0    r-x .text
  70091aa0    70091aa0    00010a28   00010a28    r-- .rodata
700a24e0    700a24e0    0003fb80   00000000    rw-
  700a24e0    700a24e0    00033b80   00000000    rw- .bss
  700d6060    700d6060    00008000   00000000    rw- .sysmem
  700de060    700de060    00004000   00000000    rw- .stack
700fa080    700fa080    00006e30   00006e30    rw-
  700fa080    700fa080    00006e30   00006e30    rw- .data
70100eb0    70100eb0    000019b8   000019b8    r-x
  70100eb0    70100eb0    00000f90   00000f90    r-x .text.hwi
  70101e40    70101e40    000004a0   000004a0    r-x .text.cache
  701022e0    701022e0    000003c0   000003c0    r-x .text.mpu
  701026a0    701026a0    000001c0   000001c0    r-x .text.boot
  70102860    70102860    00000008   00000008    r-x .text:abort
70102868    70102868    00001400   00000000    rw-
  70102868    70102868    00000100   00000000    rw- .irqstack
  70102968    70102968    00000100   00000000    rw- .fiqstack
  70102a68    70102a68    00001000   00000000    rw- .svcstack
  70103a68    70103a68    00000100   00000000    rw- .abortstack
  70103b68    70103b68    00000100   00000000    rw- .undefinedstack


SECTION ALLOCATION MAP

 output                                  attributes/
section   page    origin      length       input sections
--------  ----  ----------  ----------   ----------------
.vectors   0    00000000    00000040     
                  00000000    00000040     freertos.am263px.r5f.ti-arm-clang.debug.lib : HwiP_armv7r_vectors_freertos_asm.obj (.vectors)

.text      0    70040000    00051aa0     
                  70040000    000011da     lwip-freertos.am263px.r5f.ti-arm-clang.debug.lib : tcp_in.obj (.text.tcp_receive)
                  700411da    00000002     --HOLE-- [fill = 0]
                  700411dc    00000004     libclang_rt.builtins.a : aeabi_div0.c.obj (.text.__aeabi_idiv0)
                  700411e0    00000c3e     lwip-freertos.am263px.r5f.ti-arm-clang.debug.lib : tcp_in.obj (.text.tcp_input)
                  70041e1e    00000002     --HOLE-- [fill = 0]
                  70041e20    00000ad8                                                      : tcp_in.obj (.text.tcp_process)
                  700428f8    00000008     libsysbm.a : hostexit.c.obj (.text.HOSTexit)
                  70042900    00000abe     enet-cpsw.am263px.r5f.ti-arm-clang.freertos.debug.lib : enet_cpdma.obj (.text.EnetCpdma_dequeueTx)
                  700433be    00000002     --HOLE-- [fill = 0]
                  700433c0    00000a34     freertos.am263px.r5f.ti-arm-clang.debug.lib : printf.obj (.text._vsnprintf)
                  70043df4    0000000c     libc.a : aeabi_portable.c.obj (.text.__aeabi_errno_addr)
                  70043e00    0000099a     enet-cpsw.am263px.r5f.ti-arm-clang.freertos.debug.lib : enet_cpdma.obj (.text.EnetCpdma_dequeueRx)
                  7004479a    00000002     --HOLE-- [fill = 0]
                  7004479c    00000004     libclang_rt.builtins.a : aeabi_div0.c.obj (.text.__aeabi_ldiv0)
                  700447a0    00000960     lwip-freertos.am263px.r5f.ti-arm-clang.debug.lib : tcp.obj (.text.tcp_slowtmr)
                  70045100    000007a4     drivers.am263px.r5f.ti-arm-clang.freertos.debug.lib : i2c_v1_lld.obj (.text.I2C_lld_primeTransferPoll)
                  700458a4    00000004     libclang_rt.builtins.a : aeabi_memcpy.S.obj (.text.__aeabi_memcpy)
                  700458a8    00000740     libc.a : k_rem_pio2.c.obj (.text.__kernel_rem_pio2)
                  70045fe8    00000004            : _lock.c.obj (.text._nop)
                  70045fec    00000004            : fseek.c.obj (.text.fseek)
                  70045ff0    00000678     drivers.am263px.r5f.ti-arm-clang.freertos.debug.lib : soc_rcm.obj (.text.SOC_rcmGetClkSrcAndDivReg)
                  70046668    00000004     libsysbm.a : remove.c.obj (.text.remove)
                  7004666c    00000004     --HOLE-- [fill = 0]
                  70046670    00000654     lwip-freertos.am263px.r5f.ti-arm-clang.debug.lib : dhcp.obj (.text.dhcp_parse_reply)
                  70046cc4    0000000c     libclang_rt.builtins.a : aeabi_memset.S.obj (.text.__aeabi_memclr)
                  70046cd0    00000638     drivers.am263px.r5f.ti-arm-clang.freertos.debug.lib : soc_rcm.obj (.text.SOC_rcmEnablePeripheralClock)
                  70047308    00000008     --HOLE-- [fill = 0]
                  70047310    00000610     lwipif-cpsw-freertos.am263px.r5f.ti-arm-clang.debug.lib : lwip2enet.obj (.text.Lwip2Enet_open)
                  70047920    00000606     enet-cpsw.am263px.r5f.ti-arm-clang.freertos.debug.lib : enet_cpdma.obj (.text.EnetCpdma_enqueueRx)
                  70047f26    0000000a     --HOLE-- [fill = 0]
                  70047f30    000005e2     freertos.am263px.r5f.ti-arm-clang.debug.lib : printf.obj (.text._ftoa)
                  70048512    00000002     --HOLE-- [fill = 0]
                  70048514    0000000c     libc.a : memory.c.obj (.text.malloc)
                  70048520    00000552     enet-cpsw.am263px.r5f.ti-arm-clang.freertos.debug.lib : cpsw_ale.obj (.text.CpswAle_open)
                  70048a72    00000002     --HOLE-- [fill = 0]
                  70048a74    0000000c     freertos.am263px.r5f.ti-arm-clang.debug.lib : CpuId_armv7r_asm.obj (.text)
                  70048a80    0000054c     lwip-freertos.am263px.r5f.ti-arm-clang.debug.lib : ip4.obj (.text.ip4_input)
                  70048fcc    00000004     --HOLE-- [fill = 0]
                  70048fd0    0000050e                                                      : icmp.obj (.text.icmp_input)
                  700494de    00000002     --HOLE-- [fill = 0]
                  700494e0    00000506     enet-cpsw.am263px.r5f.ti-arm-clang.freertos.debug.lib : enet_cpdma.obj (.text.EnetCpdma_enqueueTx)
                  700499e6    0000000a     --HOLE-- [fill = 0]
                  700499f0    000004e8     main.o (.text.udp_tx_task)
                  70049ed8    00000008     --HOLE-- [fill = 0]
                  70049ee0    000004d8     lwip-freertos.am263px.r5f.ti-arm-clang.debug.lib : tcp_out.obj (.text.tcp_output)
                  7004a3b8    00000008     --HOLE-- [fill = 0]
                  7004a3c0    000004b0     freertos.am263px.r5f.ti-arm-clang.debug.lib : printf.obj (.text._etoa)
                  7004a870    000004ae     lwip-freertos.am263px.r5f.ti-arm-clang.debug.lib : udp.obj (.text.udp_input)
                  7004ad1e    00000002     --HOLE-- [fill = 0]
                  7004ad20    00000492                                                      : etharp.obj (.text.etharp_query)
                  7004b1b2    0000000e     --HOLE-- [fill = 0]
                  7004b1c0    0000048a                                                      : etharp.obj (.text.etharp_find_entry)
                  7004b64a    00000006     --HOLE-- [fill = 0]
                  7004b650    00000486                                                      : ip4_frag.obj (.text.ip4_reass)
                  7004bad6    0000000a     --HOLE-- [fill = 0]
                  7004bae0    00000466     board.am263px.r5f.ti-arm-clang.freertos.debug.lib : dp83869.obj (.text.Dp83869_printRegs)
                  7004bf46    0000000a     --HOLE-- [fill = 0]
                  7004bf50    00000446     enet-cpsw.am263px.r5f.ti-arm-clang.freertos.debug.lib : cpsw_macport.obj (.text.CpswMacPort_open)
                  7004c396    0000000a     --HOLE-- [fill = 0]
                  7004c3a0    0000043e                                                           : enet_rm.obj (.text.EnetRm_detachCore)
                  7004c7de    00000002     --HOLE-- [fill = 0]
                  7004c7e0    00000418     libc.a : s_cos.c.obj (.text.cos)
                  7004cbf8    00000418            : s_sin.c.obj (.text.sin)
                  7004d010    00000404     drivers.am263px.r5f.ti-arm-clang.freertos.debug.lib : uart_v0.obj (.text.UART_open)
                  7004d414    0000000c     --HOLE-- [fill = 0]
                  7004d420    000003e2     enet-cpsw.am263px.r5f.ti-arm-clang.freertos.debug.lib : enet_rm.obj (.text.EnetRm_close)
                  7004d802    0000000e     --HOLE-- [fill = 0]
                  7004d810    000003dc     drivers.am263px.r5f.ti-arm-clang.freertos.debug.lib : ipc_notify_v1.obj (.text.IpcNotify_init)
                  7004dbec    000003dc     libc.a : _printfi.c.obj (.text:__TI_printfi_minimal)
                  7004dfc8    00000008     --HOLE-- [fill = 0]
                  7004dfd0    000003d2     drivers.am263px.r5f.ti-arm-clang.freertos.debug.lib : soc.obj (.text.SOC_phyToVirt)
                  7004e3a2    0000000e     --HOLE-- [fill = 0]
                  7004e3b0    000003be     lwip-freertos.am263px.r5f.ti-arm-clang.debug.lib : ip4_frag.obj (.text.ip_reass_chain_frag_into_datagram_and_validate)
                  7004e76e    00000002     --HOLE-- [fill = 0]
                  7004e770    000003ba                                                      : udp.obj (.text.udp_sendto_if_src)
                  7004eb2a    00000006     --HOLE-- [fill = 0]
                  7004eb30    000003b0                                                      : tcp_out.obj (.text.tcp_split_unsent_seg)
                  7004eee0    000003a2     enet-cpsw.am263px.r5f.ti-arm-clang.freertos.debug.lib : cpsw.obj (.text.Cpsw_registerIntrs)
                  7004f282    0000000e     --HOLE-- [fill = 0]
                  7004f290    00000398                                                           : mdio.obj (.text.Mdio_open)
                  7004f628    00000018     libc.a : memset32.S.obj (.text:TI_memset_small)
                  7004f640    00000390            : strcmp32.S.obj (.text:strcmp)
                  7004f9d0    00000380     lwip-freertos.am263px.r5f.ti-arm-clang.debug.lib : ip4_frag.obj (.text.ip4_frag)
                  7004fd50    0000036e     enet-cpsw.am263px.r5f.ti-arm-clang.freertos.debug.lib : cpsw.obj (.text.Cpsw_handleLinkDown)
                  700500be    00000002     --HOLE-- [fill = 0]
                  700500c0    0000036a                                                           : enet_appmemutils.obj (.text.EnetMem_initCore)
                  7005042a    00000006     --HOLE-- [fill = 0]
                  70050430    00000362     lwipif-cpsw-freertos.am263px.r5f.ti-arm-clang.debug.lib : lwip2enet.obj (.text.Lwip2Enet_prepRxPktQ)
                  70050792    0000000e     --HOLE-- [fill = 0]
                  700507a0    00000356     drivers.am263px.r5f.ti-arm-clang.freertos.debug.lib : i2c_v1.obj (.text.I2C_open)
                  70050af6    0000000a     --HOLE-- [fill = 0]
                  70050b00    0000034a     enet-cpsw.am263px.r5f.ti-arm-clang.freertos.debug.lib : cpsw.obj (.text.Cpsw_openInternal)
                  70050e4a    00000006     --HOLE-- [fill = 0]
                  70050e50    0000033a                                                           : cpsw_ioctl.obj (.text.Cpsw_openPortLinkNoPhy)
                  7005118a    00000006     --HOLE-- [fill = 0]
                  70051190    00000330                                                           : cpsw.obj (.text.Cpsw_open)
                  700514c0    00000326     lwip-freertos.am263px.r5f.ti-arm-clang.debug.lib : ip4.obj (.text.ip4_output_if_opt_src)
                  700517e6    0000000a     --HOLE-- [fill = 0]
                  700517f0    00000320     motor_mapping.o (.text.motor_mapping_init_core0)
                  70051b10    0000031e     lwip-freertos.am263px.r5f.ti-arm-clang.debug.lib : tcp_out.obj (.text.tcp_enqueue_flags)
                  70051e2e    00000002     --HOLE-- [fill = 0]
                  70051e30    00000302     drivers.am263px.r5f.ti-arm-clang.freertos.debug.lib : soc.obj (.text.SOC_virtToPhy)
                  70052132    0000000e     --HOLE-- [fill = 0]
                  70052140    000002f8     lwip-freertos.am263px.r5f.ti-arm-clang.debug.lib : pbuf.obj (.text.pbuf_alloc)
                  70052438    00000008     --HOLE-- [fill = 0]
                  70052440    000002f2     enet-cpsw.am263px.r5f.ti-arm-clang.freertos.debug.lib : enet_cpdma.obj (.text.EnetCpdma_open)
                  70052732    0000000e     --HOLE-- [fill = 0]
                  70052740    000002e6                                                           : csl_cpsw.obj (.text.CSL_CPSW_setPortRxDscpMap)
                  70052a26    0000000a     --HOLE-- [fill = 0]
                  70052a30    000002e6     ti_enet_open_close.o (.text.EnetApp_driverOpen)
                  70052d16    0000000a     --HOLE-- [fill = 0]
                  70052d20    000002de     lwip-freertos.am263px.r5f.ti-arm-clang.debug.lib : etharp.obj (.text.etharp_output)
                  70052ffe    00000002     --HOLE-- [fill = 0]
                  70053000    000002da     enet-cpsw.am263px.r5f.ti-arm-clang.freertos.debug.lib : cpsw.obj (.text.Cpsw_periodicTick)
                  700532da    00000006     --HOLE-- [fill = 0]
                  700532e0    000002d2                                                           : enetphy.obj (.text.EnetPhy_enableState)
                  700535b2    0000000e     --HOLE-- [fill = 0]
                  700535c0    000002cc     xgw_udp_interface.o (.text.xgw_udp_process_motor_cmd)
                  7005388c    00000004     --HOLE-- [fill = 0]
                  70053890    000002bc     lwip-freertos.am263px.r5f.ti-arm-clang.debug.lib : tcp_out.obj (.text.tcp_output_segment)
                  70053b4c    00000004     --HOLE-- [fill = 0]
                  70053b50    000002ba     drivers.am263px.r5f.ti-arm-clang.freertos.debug.lib : i2c_v1_lld.obj (.text.I2C_lld_controllerIsr)
                  70053e0a    00000006     --HOLE-- [fill = 0]
                  70053e10    000002ba     lwip-freertos.am263px.r5f.ti-arm-clang.debug.lib : pbuf.obj (.text.pbuf_copy_partial_pbuf)
                  700540ca    00000006     --HOLE-- [fill = 0]
                  700540d0    000002b8     enet-cpsw.am263px.r5f.ti-arm-clang.freertos.debug.lib : cpsw.obj (.text.Cpsw_handleLinkUp)
                  70054388    00000008     --HOLE-- [fill = 0]
                  70054390    000002aa     lwip-freertos.am263px.r5f.ti-arm-clang.debug.lib : netif.obj (.text.netif_add)
                  7005463a    00000006     --HOLE-- [fill = 0]
                  70054640    000002a8     enet-cpsw.am263px.r5f.ti-arm-clang.freertos.debug.lib : cpsw_ale.obj (.text.CpswAle_addVlan)
                  700548e8    00000008     --HOLE-- [fill = 0]
                  700548f0    0000029e     lwip-freertos.am263px.r5f.ti-arm-clang.debug.lib : tcp_in.obj (.text.tcp_listen_input)
                  70054b8e    00000002     --HOLE-- [fill = 0]
                  70054b90    0000029a     drivers.am263px.r5f.ti-arm-clang.freertos.debug.lib : i2c_v1_lld.obj (.text.I2C_lld_targetIsr)
                  70054e2a    00000006     --HOLE-- [fill = 0]
                  70054e30    00000296     lwip-freertos.am263px.r5f.ti-arm-clang.debug.lib : tcp.obj (.text.tcp_close_shutdown)
                  700550c6    0000000a     --HOLE-- [fill = 0]
                  700550d0    00000290     enet-cpsw.am263px.r5f.ti-arm-clang.freertos.debug.lib : cpsw.obj (.text.Cpsw_registerIoctlHandler)
                  70055360    0000028e                                                           : csl_cpsw.obj (.text.CSL_CPSW_setAlePolicerEntry)
                  700555ee    00000002     --HOLE-- [fill = 0]
                  700555f0    00000286                                                           : csl_cpsw.obj (.text.CSL_CPSW_getAlePolicerEntry)
                  70055876    0000000a     --HOLE-- [fill = 0]
                  70055880    0000027e                                                           : cpsw_ale.obj (.text.CpswAle_findVlan)
                  70055afe    00000002     --HOLE-- [fill = 0]
                  70055b00    0000027e     drivers.am263px.r5f.ti-arm-clang.freertos.debug.lib : uart_dma_edma.obj (.text.UART_edmaChInit)
                  70055d7e    00000002     --HOLE-- [fill = 0]
                  70055d80    0000027a     enet-cpsw.am263px.r5f.ti-arm-clang.freertos.debug.lib : cpsw.obj (.text.Cpsw_ioctl)
                  70055ffa    00000006     --HOLE-- [fill = 0]
                  70056000    00000272     test.o (.text.test_netif_init)
                  70056272    0000000e     --HOLE-- [fill = 0]
                  70056280    00000266     enet-cpsw.am263px.r5f.ti-arm-clang.freertos.debug.lib : cpsw_est_ioctl.obj (.text.CpswEst_ioctl_handler_ENET_TAS_IOCTL_SET_STATE)
                  700564e6    0000000a     --HOLE-- [fill = 0]
                  700564f0    00000266     freertos.am263px.r5f.ti-arm-clang.debug.lib : tasks.obj (.text.xTaskIncrementTick)
                  70056756    0000000a     --HOLE-- [fill = 0]
                  70056760    0000025a     lwip-freertos.am263px.r5f.ti-arm-clang.debug.lib : ip4_frag.obj (.text.ip_reass_free_complete_datagram)
                  700569ba    00000006     --HOLE-- [fill = 0]
                  700569c0    0000025a     freertos.am263px.r5f.ti-arm-clang.debug.lib : tasks.obj (.text.xTaskResumeAll)
                  70056c1a    00000006     --HOLE-- [fill = 0]
                  70056c20    00000254     lwip-freertos.am263px.r5f.ti-arm-clang.debug.lib : igmp.obj (.text.igmp_input)
                  70056e74    0000000c     --HOLE-- [fill = 0]
                  70056e80    00000250     drivers.am263px.r5f.ti-arm-clang.freertos.debug.lib : edma.obj (.text.Alloc_resource)
                  700570d0    0000024c     enet-cpsw.am263px.r5f.ti-arm-clang.freertos.debug.lib : cpsw_macport_ioctl.obj (.text.CpswMacPort_enablePort)
                  7005731c    00000004     --HOLE-- [fill = 0]
                  70057320    00000246     lwip-freertos.am263px.r5f.ti-arm-clang.debug.lib : dns.obj (.text.dns_send)
                  70057566    0000000a     --HOLE-- [fill = 0]
                  70057570    00000242     enet-cpsw.am263px.r5f.ti-arm-clang.freertos.debug.lib : enetphy.obj (.text.EnetPhy_bindDriver)
                  700577b2    0000000e     --HOLE-- [fill = 0]
                  700577c0    00000242     drivers.am263px.r5f.ti-arm-clang.freertos.debug.lib : uart_v0_lld.obj (.text.UART_fifoConfig)
                  70057a02    0000000e     --HOLE-- [fill = 0]
                  70057a10    00000240     main.o (.text.core0_init)
                  70057c50    0000023e     enet-cpsw.am263px.r5f.ti-arm-clang.freertos.debug.lib : cpsw_cpts_ioctl.obj (.text.CpswCpts_handleEvents)
                  70057e8e    00000002     --HOLE-- [fill = 0]
                  70057e90    0000023e     freertos.am263px.r5f.ti-arm-clang.debug.lib : printf.obj (.text._ntoa_format)
                  700580ce    00000002     --HOLE-- [fill = 0]
                  700580d0    0000023a     main.o (.text.freertos_main)
                  7005830a    00000006     --HOLE-- [fill = 0]
                  70058310    00000234     enet-cpsw.am263px.r5f.ti-arm-clang.freertos.debug.lib : cpsw_hostport.obj (.text.CpswHostPort_open)
                  70058544    0000000c     --HOLE-- [fill = 0]
                  70058550    00000230                                                           : enet_appmemutils.obj (.text.EnetMem_allocEthPkt)
                  70058780    0000022c                                                           : enet_cpdma_priv.obj (.text.EnetCpdma_memMgrInit)
                  700589ac    00000004     --HOLE-- [fill = 0]
                  700589b0    0000022a     lwipif-cpsw-freertos.am263px.r5f.ti-arm-clang.debug.lib : lwip2lwipif.obj (.text.LWIPIF_LWIP_getChkSumInfo)
                  70058bda    00000006     --HOLE-- [fill = 0]
                  70058be0    0000022a     lwip-freertos.am263px.r5f.ti-arm-clang.debug.lib : dhcp.obj (.text.dhcp_select)
                  70058e0a    00000006     --HOLE-- [fill = 0]
                  70058e10    00000226     drivers.am263px.r5f.ti-arm-clang.freertos.debug.lib : uart_dma_edma.obj (.text.UART_lld_dmaDeInit)
                  70059036    0000000a     --HOLE-- [fill = 0]
                  70059040    00000222                                                         : ipc_notify_v1.obj (.text.IpcNotify_isr)
                  70059262    0000000e     --HOLE-- [fill = 0]
                  70059270    00000220     enet-cpsw.am263px.r5f.ti-arm-clang.freertos.debug.lib : enet_cpdma.obj (.text.EnetCpdma_closeTxCh)
                  70059490    00000220                                                           : enet_rm_ioctl.obj (.text.EnetRm_allocMacAddr)
                  700596b0    00000220     freertos.am263px.r5f.ti-arm-clang.debug.lib : tasks.obj (.text.vTaskGenericNotifyGiveFromISR)
                  700598d0    00000220                                                 : queue.obj (.text.xQueueGenericSend)
                  70059af0    0000021a     enet-cpsw.am263px.r5f.ti-arm-clang.freertos.debug.lib : cpsw_stats.obj (.text.CpswStats_open)
                  70059d0a    00000006     --HOLE-- [fill = 0]
                  70059d10    0000020a     lwip-freertos.am263px.r5f.ti-arm-clang.debug.lib : tcp.obj (.text.tcp_pcb_remove)
                  70059f1a    00000006     --HOLE-- [fill = 0]
                  70059f20    0000020a     freertos.am263px.r5f.ti-arm-clang.debug.lib : queue.obj (.text.xQueueSemaphoreTake)
                  7005a12a    00000006     --HOLE-- [fill = 0]
                  7005a130    00000206     enet-cpsw.am263px.r5f.ti-arm-clang.freertos.debug.lib : cpsw_cpts.obj (.text.CpswCpts_open)
                  7005a336    0000000a     --HOLE-- [fill = 0]
                  7005a340    00000206                                                           : enet_cpdma.obj (.text.EnetCpdma_closeRxCh)
                  7005a546    0000000a     --HOLE-- [fill = 0]
                  7005a550    00000206     lwip-freertos.am263px.r5f.ti-arm-clang.debug.lib : dhcp.obj (.text.dhcp_recv)
                  7005a756    0000000a     --HOLE-- [fill = 0]
                  7005a760    00000204     enet-cpsw.am263px.r5f.ti-arm-clang.freertos.debug.lib : enetphy.obj (.text.EnetPhy_open)
                  7005a964    0000000c     --HOLE-- [fill = 0]
                  7005a970    000001fe                                                           : cpsw_stats_ioctl.obj (.text.CpswStats_readHostStats)
                  7005ab6e    00000002     --HOLE-- [fill = 0]
                  7005ab70    000001fe     lwip-freertos.am263px.r5f.ti-arm-clang.debug.lib : pbuf.obj (.text.pbuf_free)
                  7005ad6e    00000002     --HOLE-- [fill = 0]
                  7005ad70    000001fc     xgw_udp_interface.o (.text.xgw_udp_recv_callback)
                  7005af6c    00000004     --HOLE-- [fill = 0]
                  7005af70    000001f8     xgw_udp_interface.o (.text.xgw_udp_process_motor_set)
                  7005b168    00000008     --HOLE-- [fill = 0]
                  7005b170    000001f6     lwip-freertos.am263px.r5f.ti-arm-clang.debug.lib : dhcp.obj (.text.dhcp_create_msg)
                  7005b366    0000000a     --HOLE-- [fill = 0]
                  7005b370    000001f2     drivers.am263px.r5f.ti-arm-clang.freertos.debug.lib : i2c_v1.obj (.text.I2C_primeTransfer)
                  7005b562    0000000e     --HOLE-- [fill = 0]
                  7005b570    000001f2                                                         : i2c_v1.obj (.text.I2C_transfer)
                  7005b762    0000000e     --HOLE-- [fill = 0]
                  7005b770    000001ee     enet-cpsw.am263px.r5f.ti-arm-clang.freertos.debug.lib : cpsw_ale.obj (.text.CpswAle_setAleCfg)
                  7005b95e    00000002     --HOLE-- [fill = 0]
                  7005b960    000001ee                                                           : cpsw_ioctl.obj (.text.Cpsw_openPortLinkWithPhy)
                  7005bb4e    00000002     --HOLE-- [fill = 0]
                  7005bb50    000001ea                                                           : cpsw_hostport.obj (.text.CpswHostPort_ioctl)
                  7005bd3a    00000006     --HOLE-- [fill = 0]
                  7005bd40    000001ea                                                           : cpsw_stats.obj (.text.CpswStats_ioctl)
                  7005bf2a    00000006     --HOLE-- [fill = 0]
                  7005bf30    000001ea                                                           : cpsw_ioctl.obj (.text.Cpsw_openPortLink)
                  7005c11a    00000006     --HOLE-- [fill = 0]
                  7005c120    000001ea     lwip-freertos.am263px.r5f.ti-arm-clang.debug.lib : tcp.obj (.text.tcp_abandon)
                  7005c30a    00000006     --HOLE-- [fill = 0]
                  7005c310    000001e2     ti_enet_open_close.o (.text.EnetApp_initLinkArgs)
                  7005c4f2    0000000e     --HOLE-- [fill = 0]
                  7005c500    000001e2     lwip-freertos.am263px.r5f.ti-arm-clang.debug.lib : pbuf.obj (.text.pbuf_realloc)
                  7005c6e2    0000000e     --HOLE-- [fill = 0]
                  7005c6f0    000001e0     enet-cpsw.am263px.r5f.ti-arm-clang.freertos.debug.lib : cpsw_stats_ioctl.obj (.text.CpswStats_readMacStats)
                  7005c8d0    000001e0     lwip-freertos.am263px.r5f.ti-arm-clang.debug.lib : dhcp.obj (.text.dhcp_bind)
                  7005cab0    000001da     enet-cpsw.am263px.r5f.ti-arm-clang.freertos.debug.lib : enet.obj (.text.Enet_validateIoctl)
                  7005cc8a    00000006     --HOLE-- [fill = 0]
                  7005cc90    000001d8     freertos.am263px.r5f.ti-arm-clang.debug.lib : queue.obj (.text.xQueueReceive)
                  7005ce68    00000008     --HOLE-- [fill = 0]
                  7005ce70    000001d6                                                 : TimerP_rti_priv.obj (.text.TimerP_setupPriv)
                  7005d046    0000000a     --HOLE-- [fill = 0]
                  7005d050    000001d4     ti_enet_lwipif.o (.text.LwipifEnetAppCb_getRxHandleInfo)
                  7005d224    0000000c     --HOLE-- [fill = 0]
                  7005d230    000001d4     enet-cpsw.am263px.r5f.ti-arm-clang.freertos.debug.lib : mdio.obj (.text.Mdio_ioctl)
                  7005d404    000001d0     libclang_rt.builtins.a : udivsi3.S.obj (.text.__udivsi3)
                  7005d5d4    0000000c     --HOLE-- [fill = 0]
                  7005d5e0    000001ce     xgw_udp_interface.o (.text.xgw_udp_start)
                  7005d7ae    00000002     --HOLE-- [fill = 0]
                  7005d7b0    000001c8     lwip-freertos.am263px.r5f.ti-arm-clang.debug.lib : etharp.obj (.text.etharp_raw)
                  7005d978    00000008     --HOLE-- [fill = 0]
                  7005d980    000001c6     enet-cpsw.am263px.r5f.ti-arm-clang.freertos.debug.lib : enet_rm_ioctl.obj (.text.EnetRm_allocTxChNum)
                  7005db46    0000000a     --HOLE-- [fill = 0]
                  7005db50    000001c6     lwip-freertos.am263px.r5f.ti-arm-clang.debug.lib : tcp_out.obj (.text.tcp_create_segment)
                  7005dd16    0000000a     --HOLE-- [fill = 0]
                  7005dd20    000001c4     ti_enet_lwipif.o (.text.LwipifEnetApp_startSchedule)
                  7005dee4    0000000c     --HOLE-- [fill = 0]
                  7005def0    000001c2     enet-cpsw.am263px.r5f.ti-arm-clang.freertos.debug.lib : enet.obj (.text.Enet_validateGenericIoctl)
                  7005e0b2    0000000e     --HOLE-- [fill = 0]
                  7005e0c0    000001bc     freertos.am263px.r5f.ti-arm-clang.debug.lib : tasks.obj (.text.xTaskRemoveFromEventList)
                  7005e27c    00000004     --HOLE-- [fill = 0]
                  7005e280    000001b4     enet-cpsw.am263px.r5f.ti-arm-clang.freertos.debug.lib : enet_rm.obj (.text.EnetRm_open)
                  7005e434    0000000c     --HOLE-- [fill = 0]
                  7005e440    000001b2     lwip-freertos.am263px.r5f.ti-arm-clang.debug.lib : ip4.obj (.text.ip4_forward)
                  7005e5f2    0000000e     --HOLE-- [fill = 0]
                  7005e600    000001b0     enet-cpsw.am263px.r5f.ti-arm-clang.freertos.debug.lib : cpsw_ale.obj (.text.CpswAle_delPolicerEntry)
                  7005e7b0    000001b0     lwip-freertos.am263px.r5f.ti-arm-clang.debug.lib : dns.obj (.text.dns_call_found)
                  7005e960    000001ae     ti_enet_open_close.o (.text.EnetApp_ConfigureDscpMapping)
                  7005eb0e    00000002     --HOLE-- [fill = 0]
                  7005eb10    000001ac     drivers.am263px.r5f.ti-arm-clang.freertos.debug.lib : uart_v0.obj (.text.UART_close)
                  7005ecbc    00000004     --HOLE-- [fill = 0]
                  7005ecc0    000001aa     enet-cpsw.am263px.r5f.ti-arm-clang.freertos.debug.lib : mdio_ioctl.obj (.text.Mdio_readRegC45)
                  7005ee6a    00000006     --HOLE-- [fill = 0]
                  7005ee70    000001aa     drivers.am263px.r5f.ti-arm-clang.freertos.debug.lib : uart_dma_edma.obj (.text.UART_lld_dmaWrite)
                  7005f01a    00000006     --HOLE-- [fill = 0]
                  7005f020    000001aa     lwip-freertos.am263px.r5f.ti-arm-clang.debug.lib : mem.obj (.text.mem_free)
                  7005f1ca    00000006     --HOLE-- [fill = 0]
                  7005f1d0    000001a8     enet-cpsw.am263px.r5f.ti-arm-clang.freertos.debug.lib : enet_appmemutils.obj (.text.EnetDma_checkPktState)
                  7005f378    00000008     --HOLE-- [fill = 0]
                  7005f380    000001a8     lwipif-cpsw-freertos.am263px.r5f.ti-arm-clang.debug.lib : custom_pbuf.obj (.text.EnetDma_checkPktState)
                  7005f528    00000008     --HOLE-- [fill = 0]
                  7005f530    000001a8                                                             : lwip2enet.obj (.text.EnetDma_checkPktState)
                  7005f6d8    000001a8     libc.a : memory.c.obj (.text.free)
                  7005f880    000001a4            : memory.c.obj (.text.aligned_alloc)
                  7005fa24    0000000c     --HOLE-- [fill = 0]
                  7005fa30    000001a4     freertos.am263px.r5f.ti-arm-clang.debug.lib : timers.obj (.text.prvProcessReceivedCommands)
                  7005fbd4    0000000c     --HOLE-- [fill = 0]
                  7005fbe0    000001a0     drivers.am263px.r5f.ti-arm-clang.freertos.debug.lib : uart_v0.obj (.text.UART_write)
                  7005fd80    000001a0     lwip-freertos.am263px.r5f.ti-arm-clang.debug.lib : pbuf.obj (.text.pbuf_take)
                  7005ff20    000001a0     freertos.am263px.r5f.ti-arm-clang.debug.lib : tasks.obj (.text.vTaskSwitchContext)
                  700600c0    0000019e     enet-cpsw.am263px.r5f.ti-arm-clang.freertos.debug.lib : cpsw_ale_ioctl.obj (.text.CpswAle_addMcastAddr)
                  7006025e    00000002     --HOLE-- [fill = 0]
                  70060260    0000019c     libc.a : fputs.c.obj (.text.fputs)
                  700603fc    00000004     --HOLE-- [fill = 0]
                  70060400    0000019a     enet-cpsw.am263px.r5f.ti-arm-clang.freertos.debug.lib : cpsw_cpts.obj (.text.CpswCpts_ioctl)
                  7006059a    00000006     --HOLE-- [fill = 0]
                  700605a0    0000019a     lwip-freertos.am263px.r5f.ti-arm-clang.debug.lib : dns.obj (.text.dns_check_entry)
                  7006073a    00000006     --HOLE-- [fill = 0]
                  70060740    0000019a     freertos.am263px.r5f.ti-arm-clang.debug.lib : tasks.obj (.text.vTaskPriorityDisinheritAfterTimeout)
                  700608da    00000006     --HOLE-- [fill = 0]
                  700608e0    0000019a                                                 : queue.obj (.text.xQueueGenericSendFromISR)
                  70060a7a    00000006     --HOLE-- [fill = 0]
                  70060a80    00000198     drivers.am263px.r5f.ti-arm-clang.freertos.debug.lib : uart_v0_lld.obj (.text.UART_lld_controllerIsr)
                  70060c18    00000008     --HOLE-- [fill = 0]
                  70060c20    00000196     lwip-freertos.am263px.r5f.ti-arm-clang.debug.lib : dhcp.obj (.text.dhcp_reboot)
                  70060db6    0000000a     --HOLE-- [fill = 0]
                  70060dc0    00000194     enet-cpsw.am263px.r5f.ti-arm-clang.freertos.debug.lib : cpsw_ale.obj (.text.CpswAle_ioctl)
                  70060f54    0000000c     --HOLE-- [fill = 0]
                  70060f60    00000194                                                           : cpsw_macport.obj (.text.CpswMacPort_ioctl)
                  700610f4    0000000c     --HOLE-- [fill = 0]
                  70061100    00000192     lwip-freertos.am263px.r5f.ti-arm-clang.debug.lib : ethernet.obj (.text.ethernet_input)
                  70061292    0000000e     --HOLE-- [fill = 0]
                  700612a0    00000192                                                      : tcp_out.obj (.text.tcp_zero_window_probe)
                  70061432    0000000e     --HOLE-- [fill = 0]
                  70061440    00000190                                                      : etharp.obj (.text.etharp_update_arp_entry)
                  700615d0    0000018e                                                      : etharp.obj (.text.etharp_input)
                  7006175e    00000002     --HOLE-- [fill = 0]
                  70061760    0000018a     enet-cpsw.am263px.r5f.ti-arm-clang.freertos.debug.lib : enet_rm.obj (.text.EnetRm_ioctl)
                  700618ea    00000006     --HOLE-- [fill = 0]
                  700618f0    0000018a     lwip-freertos.am263px.r5f.ti-arm-clang.debug.lib : sys_arch.obj (.text.sys_arch_mbox_fetch)
                  70061a7a    00000006     --HOLE-- [fill = 0]
                  70061a80    00000188     freertos.am263px.r5f.ti-arm-clang.debug.lib : ClockP_freertos_r5.obj (.text.ClockP_init)
                  70061c08    00000008     --HOLE-- [fill = 0]
                  70061c10    00000186     lwip-freertos.am263px.r5f.ti-arm-clang.debug.lib : acd.obj (.text.acd_tmr)
                  70061d96    0000000a     --HOLE-- [fill = 0]
                  70061da0    00000186                                                      : tcp.obj (.text.tcp_alloc)
                  70061f26    0000000a     --HOLE-- [fill = 0]
                  70061f30    0000017c     lwipif-cpsw-freertos.am263px.r5f.ti-arm-clang.debug.lib : lwip2enet.obj (.text.Lwip2Enet_close)
                  700620ac    00000004     --HOLE-- [fill = 0]
                  700620b0    0000017a                                                             : custom_pbuf.obj (.text.custom_pbuf_free)
                  7006222a    00000006     --HOLE-- [fill = 0]
                  70062230    00000178     freertos.am263px.r5f.ti-arm-clang.debug.lib : DebugP_shmLogReader.obj (.text.DebugP_shmLogReaderGetString)
                  700623a8    00000008     --HOLE-- [fill = 0]
                  700623b0    00000178     enet-cpsw.am263px.r5f.ti-arm-clang.freertos.debug.lib : enet_rm.obj (.text.EnetRm_initRxObj)
                  70062528    00000008     --HOLE-- [fill = 0]
                  70062530    00000178     lwipif-cpsw-freertos.am263px.r5f.ti-arm-clang.debug.lib : lwip2enet.obj (.text.Lwip2Enet_periodicFxn)
                  700626a8    00000008     --HOLE-- [fill = 0]
                  700626b0    00000178     lwip-freertos.am263px.r5f.ti-arm-clang.debug.lib : udp.obj (.text.udp_bind)
                  70062828    00000008     --HOLE-- [fill = 0]
                  70062830    00000176     enet-cpsw.am263px.r5f.ti-arm-clang.freertos.debug.lib : cpsw_macport_est.obj (.text.CpswEst_setState)
                  700629a6    0000000a     --HOLE-- [fill = 0]
                  700629b0    00000176     lwip-freertos.am263px.r5f.ti-arm-clang.debug.lib : dhcp.obj (.text.dhcp_discover)
                  70062b26    0000000a     --HOLE-- [fill = 0]
                  70062b30    00000176                                                      : icmp.obj (.text.icmp_send_response)
                  70062ca6    0000000a     --HOLE-- [fill = 0]
                  70062cb0    00000176                                                      : sys_arch.obj (.text.sys_sem_new)
                  70062e26    0000000a     --HOLE-- [fill = 0]
                  70062e30    00000174     enet-cpsw.am263px.r5f.ti-arm-clang.freertos.debug.lib : enetphy.obj (.text.EnetPhy_getLinkStatus)
                  70062fa4    0000000c     --HOLE-- [fill = 0]
                  70062fb0    00000172     board.am263px.r5f.ti-arm-clang.freertos.debug.lib : eeprom_cat24m.obj (.text.EEPROM_CAT24M_write)
                  70063122    0000000e     --HOLE-- [fill = 0]
                  70063130    00000172     lwip-freertos.am263px.r5f.ti-arm-clang.debug.lib : ip4.obj (.text.ip4_route)
                  700632a2    0000000e     --HOLE-- [fill = 0]
                  700632b0    00000172                                                      : sys_arch.obj (.text.sys_arch_sem_wait)
                  70063422    0000000e     --HOLE-- [fill = 0]
                  70063430    00000170     freertos.am263px.r5f.ti-arm-clang.debug.lib : queue.obj (.text.xQueueGiveFromISR)
                  700635a0    0000016c     lwip-freertos.am263px.r5f.ti-arm-clang.debug.lib : etharp.obj (.text.etharp_output_to_arp_index)
                  7006370c    00000004     --HOLE-- [fill = 0]
                  70063710    00000168     enet-cpsw.am263px.r5f.ti-arm-clang.freertos.debug.lib : enet_cpdma.obj (.text.EnetCpdma_rxIsrProc)
                  70063878    00000008     --HOLE-- [fill = 0]
                  70063880    00000168                                                           : enet_phymdio_dflt.obj (.text.EnetPhyMdioDflt_writeC45)
                  700639e8    00000008     --HOLE-- [fill = 0]
                  700639f0    00000166                                                           : enet_cpdma.obj (.text.EnetCpdma_openRxCh)
                  70063b56    0000000a     --HOLE-- [fill = 0]
                  70063b60    00000166     drivers.am263px.r5f.ti-arm-clang.freertos.debug.lib : i2c_v1_lld.obj (.text.I2C_lld_primeTransferIntr)
                  70063cc6    0000000a     --HOLE-- [fill = 0]
                  70063cd0    00000166     freertos.am263px.r5f.ti-arm-clang.debug.lib : TaskP_freertos.obj (.text.TaskP_assertParams)
                  70063e36    0000000a     --HOLE-- [fill = 0]
                  70063e40    00000166     lwip-freertos.am263px.r5f.ti-arm-clang.debug.lib : mem.obj (.text.mem_malloc)
                  70063fa6    0000000a     --HOLE-- [fill = 0]
                  70063fb0    00000166                                                      : tcp_in.obj (.text.tcp_parseopt)
                  70064116    0000000a     --HOLE-- [fill = 0]
                  70064120    00000164     board.am263px.r5f.ti-arm-clang.freertos.debug.lib : dp83869.obj (.text.Dp83869_config)
                  70064284    0000000c     --HOLE-- [fill = 0]
                  70064290    00000164     enet-cpsw.am263px.r5f.ti-arm-clang.freertos.debug.lib : enet_rm.obj (.text.EnetRm_initHwPushObj)
                  700643f4    0000000c     --HOLE-- [fill = 0]
                  70064400    00000162     drivers.am263px.r5f.ti-arm-clang.freertos.debug.lib : edma.obj (.text.EDMA_unregisterIntr)
                  70064562    0000000e     --HOLE-- [fill = 0]
                  70064570    00000162     enet-cpsw.am263px.r5f.ti-arm-clang.freertos.debug.lib : enet_phymdio_dflt.obj (.text.EnetPhyMdioDflt_readC45)
                  700646d2    0000000e     --HOLE-- [fill = 0]
                  700646e0    00000160                                                           : csl_cpsw.obj (.text.CSL_CPSW_setAlePortControlReg)
                  70064840    00000160     drivers.am263px.r5f.ti-arm-clang.freertos.debug.lib : i2c_v1_lld.obj (.text.I2C_lld_init)
                  700649a0    00000160     lwip-freertos.am263px.r5f.ti-arm-clang.debug.lib : inet_chksum.obj (.text.inet_cksum_pseudo_partial_base)
                  70064b00    00000160                                                      : tcp_in.obj (.text.tcp_free_acked_segments)
                  70064c60    0000015e     enet-cpsw.am263px.r5f.ti-arm-clang.freertos.debug.lib : enet_cpdma.obj (.text.EnetDma_retrieveRxPktQ)
                  70064dbe    00000002     --HOLE-- [fill = 0]
                  70064dc0    0000015e     lwip-freertos.am263px.r5f.ti-arm-clang.debug.lib : dhcp.obj (.text.dhcp_renew)
                  70064f1e    00000002     --HOLE-- [fill = 0]
                  70064f20    0000015c     enet-cpsw.am263px.r5f.ti-arm-clang.freertos.debug.lib : enet_cpdma.obj (.text.EnetCpdma_txIsr)
                  7006507c    00000004     --HOLE-- [fill = 0]
                  70065080    0000015c                                                           : enet_rm.obj (.text.EnetRm_initMacObj)
                  700651dc    00000004     --HOLE-- [fill = 0]
                  700651e0    0000015c     lwip-freertos.am263px.r5f.ti-arm-clang.debug.lib : dhcp.obj (.text.dhcp_rebind)
                  7006533c    00000004     --HOLE-- [fill = 0]
                  70065340    0000015c     freertos.am263px.r5f.ti-arm-clang.debug.lib : tasks.obj (.text.prvAddNewTaskToReadyList)
                  7006549c    00000004     --HOLE-- [fill = 0]
                  700654a0    0000015c                                                 : tasks.obj (.text.xTaskPriorityInherit)
                  700655fc    00000004     --HOLE-- [fill = 0]
                  70065600    0000015a     enet-cpsw.am263px.r5f.ti-arm-clang.freertos.debug.lib : enet_cpdma.obj (.text.EnetCpdma_netChOpen)
                  7006575a    00000006     --HOLE-- [fill = 0]
                  70065760    0000015a     lwip-freertos.am263px.r5f.ti-arm-clang.debug.lib : dhcp.obj (.text.dhcp_start)
                  700658ba    00000006     --HOLE-- [fill = 0]
                  700658c0    00000158     enet-cpsw.am263px.r5f.ti-arm-clang.freertos.debug.lib : cpsw_ale.obj (.text.CpswAle_initCfg)
                  70065a18    00000008     --HOLE-- [fill = 0]
                  70065a20    00000158     ti_enet_config.o (.text.EnetApp_initializeMacAddrPool)
                  70065b78    00000008     --HOLE-- [fill = 0]
                  70065b80    00000158     enet-cpsw.am263px.r5f.ti-arm-clang.freertos.debug.lib : enet_phymdio_dflt.obj (.text.EnetPhyMdioDflt_writeC22)
                  70065cd8    00000008     --HOLE-- [fill = 0]
                  70065ce0    00000158     drivers.am263px.r5f.ti-arm-clang.freertos.debug.lib : soc.obj (.text.SOC_controlModuleUnlockMMR)
                  70065e38    00000008     --HOLE-- [fill = 0]
                  70065e40    00000158     lwip-freertos.am263px.r5f.ti-arm-clang.debug.lib : dhcp.obj (.text.dhcp_handle_ack)
                  70065f98    00000008     --HOLE-- [fill = 0]
                  70065fa0    00000158                                                      : etharp.obj (.text.etharp_tmr)
                  700660f8    00000008     --HOLE-- [fill = 0]
                  70066100    00000158                                                      : raw.obj (.text.raw_input)
                  70066258    00000008     --HOLE-- [fill = 0]
                  70066260    00000156     enet-cpsw.am263px.r5f.ti-arm-clang.freertos.debug.lib : enet_cpdma.obj (.text.EnetDma_submitTxPktQ)
                  700663b6    0000000a     --HOLE-- [fill = 0]
                  700663c0    00000154                                                           : enet_cpdma.obj (.text.EnetDma_retrieveTxPktQ)
                  70066514    00000004     --HOLE-- [fill = 0]
                  70066518    00000154     libc.a : s_floor.c.obj (.text.floor)
                  7006666c    00000004     --HOLE-- [fill = 0]
                  70066670    00000152     drivers.am263px.r5f.ti-arm-clang.freertos.debug.lib : uart_v0_lld.obj (.text.UART_lld_initDma)
                  700667c2    0000000e     --HOLE-- [fill = 0]
                  700667d0    00000150     enet-cpsw.am263px.r5f.ti-arm-clang.freertos.debug.lib : enet_phymdio_dflt.obj (.text.EnetPhyMdioDflt_readC22)
                  70066920    00000150                                                           : enet_rm.obj (.text.EnetRm_delCoreAttached)
                  70066a70    00000150     libc.a : s_scalbn.c.obj (.text.scalbn)
                  70066bc0    0000014e     ti_enet_lwipif.o (.text.LwipifEnetApp_createPollTask)
                  70066d0e    00000002     --HOLE-- [fill = 0]
                  70066d10    0000014e     lwip-freertos.am263px.r5f.ti-arm-clang.debug.lib : sys_arch.obj (.text.sys_arch_unprotect)
                  70066e5e    00000002     --HOLE-- [fill = 0]
                  70066e60    0000014e     freertos.am263px.r5f.ti-arm-clang.debug.lib : tasks.obj (.text.xTaskPriorityDisinherit)
                  70066fae    00000002     --HOLE-- [fill = 0]
                  70066fb0    0000014c     enet-cpsw.am263px.r5f.ti-arm-clang.freertos.debug.lib : enet_cpdma.obj (.text.EnetDma_submitRxPktQ)
                  700670fc    00000004     --HOLE-- [fill = 0]
                  70067100    0000014c     freertos.am263px.r5f.ti-arm-clang.debug.lib : queue.obj (.text.xQueueReceiveFromISR)
                  7006724c    00000004     --HOLE-- [fill = 0]
                  70067250    00000148     enet-cpsw.am263px.r5f.ti-arm-clang.freertos.debug.lib : cpsw_ale.obj (.text.CpswAle_setPolicerPartitionLevel)
                  70067398    00000008     --HOLE-- [fill = 0]
                  700673a0    00000148     lwip-freertos.am263px.r5f.ti-arm-clang.debug.lib : netif.obj (.text.netif_set_addr)
                  700674e8    00000008     --HOLE-- [fill = 0]
                  700674f0    00000148                                                      : tcp_in.obj (.text.tcp_timewait_input)
                  70067638    00000008     --HOLE-- [fill = 0]
                  70067640    00000148                                                      : udp.obj (.text.udp_sendto)
                  70067788    00000008     --HOLE-- [fill = 0]
                  70067790    00000146     enet-cpsw.am263px.r5f.ti-arm-clang.freertos.debug.lib : cpsw_ioctl.obj (.text.Cpsw_closePortLink)
                  700678d6    0000000a     --HOLE-- [fill = 0]
                  700678e0    00000146     lwip-freertos.am263px.r5f.ti-arm-clang.debug.lib : udp.obj (.text.udp_input_local_match)
                  70067a26    0000000a     --HOLE-- [fill = 0]
                  70067a30    00000144     freertos.am263px.r5f.ti-arm-clang.debug.lib : tasks.obj (.text.prvInitialiseNewTask)
                  70067b74    00000144     libc.a : setvbuf.c.obj (.text.setvbuf)
                  70067cb8    00000008     --HOLE-- [fill = 0]
                  70067cc0    00000144     lwip-freertos.am263px.r5f.ti-arm-clang.debug.lib : tcp.obj (.text.tcp_close_shutdown_fin)
                  70067e04    0000000c     --HOLE-- [fill = 0]
                  70067e10    00000142     enet-cpsw.am263px.r5f.ti-arm-clang.freertos.debug.lib : cpsw_ale_ioctl.obj (.text.CpswAle_delPortUcastEntries)
                  70067f52    0000000e     --HOLE-- [fill = 0]
                  70067f60    00000142     lwip-freertos.am263px.r5f.ti-arm-clang.debug.lib : igmp.obj (.text.igmp_lookup_group)
                  700680a2    0000000e     --HOLE-- [fill = 0]
                  700680b0    00000140                                                      : pbuf.obj (.text.pbuf_cat)
                  700681f0    0000013e     enet-cpsw.am263px.r5f.ti-arm-clang.freertos.debug.lib : csl_cpsw_ale_9g_tblcfg.obj (.text.CSL_CPSW_setAleVlanUnicastAddrEntry)
                  7006832e    00000002     --HOLE-- [fill = 0]
                  70068330    0000013e                                                           : enet_cpdma.obj (.text.EnetCpdma_openTxCh)
                  7006846e    00000002     --HOLE-- [fill = 0]
                  70068470    0000013e     drivers.am263px.r5f.ti-arm-clang.freertos.debug.lib : i2c_v1.obj (.text.I2C_mem_primeTransfer)
                  700685ae    00000002     --HOLE-- [fill = 0]
                  700685b0    0000013e     lwip-freertos.am263px.r5f.ti-arm-clang.debug.lib : pbuf.obj (.text.pbuf_copy_partial)
                  700686ee    00000002     --HOLE-- [fill = 0]
                  700686f0    0000013a     board.am263px.r5f.ti-arm-clang.freertos.debug.lib : dp83869.obj (.text.Dp83869_enableAdvertisement)
                  7006882a    00000006     --HOLE-- [fill = 0]
                  70068830    0000013a     drivers.am263px.r5f.ti-arm-clang.freertos.debug.lib : edma.obj (.text.EDMA_isDmaChannelAllocated)
                  7006896a    00000006     --HOLE-- [fill = 0]
                  70068970    0000013a     enet-cpsw.am263px.r5f.ti-arm-clang.freertos.debug.lib : enet_phymdio_dflt.obj (.text.EnetPhyMdioDflt_isAlive)
                  70068aaa    00000006     --HOLE-- [fill = 0]
                  70068ab0    0000013a                                                           : enet_phymdio_dflt.obj (.text.EnetPhyMdioDflt_isLinked)
                  70068bea    00000006     --HOLE-- [fill = 0]
                  70068bf0    0000013a                                                           : enet.obj (.text.Enet_ioctl)
                  70068d2a    00000006     --HOLE-- [fill = 0]
                  70068d30    0000013a     board.am263px.r5f.ti-arm-clang.freertos.debug.lib : generic_phy.obj (.text.GenericPhy_enableAdvertisement)
                  70068e6a    00000006     --HOLE-- [fill = 0]
                  70068e70    0000013a     drivers.am263px.r5f.ti-arm-clang.freertos.debug.lib : i2c_v1_lld.obj (.text.I2C_lld_mem_write)
                  70068faa    00000006     --HOLE-- [fill = 0]
                  70068fb0    0000013a     lwip-freertos.am263px.r5f.ti-arm-clang.debug.lib : dhcp.obj (.text.dhcp_release_and_stop)
                  700690ea    00000006     --HOLE-- [fill = 0]
                  700690f0    00000138     enet-cpsw.am263px.r5f.ti-arm-clang.freertos.debug.lib : cpsw_cpts_ioctl.obj (.text.CpswCpts_ioctl_handler_CPSW_CPTS_IOCTL_SET_ESTF)
                  70069228    00000008     --HOLE-- [fill = 0]
                  70069230    00000138     freertos.am263px.r5f.ti-arm-clang.debug.lib : printf.obj (.text._ntoa_long_long)
                  70069368    00000008     --HOLE-- [fill = 0]
                  70069370    00000136     board.am263px.r5f.ti-arm-clang.freertos.debug.lib : dp83869.obj (.text.Dp83869_disableAdvertisement)
                  700694a6    0000000a     --HOLE-- [fill = 0]
                  700694b0    00000136     enet-cpsw.am263px.r5f.ti-arm-clang.freertos.debug.lib : enet_appmemutils.obj (.text.EnetMem_initMemObjs)
                  700695e6    0000000a     --HOLE-- [fill = 0]
                  700695f0    00000136     board.am263px.r5f.ti-arm-clang.freertos.debug.lib : generic_phy.obj (.text.GenericPhy_disableAdvertisement)
                  70069726    0000000a     --HOLE-- [fill = 0]
                  70069730    00000136     drivers.am263px.r5f.ti-arm-clang.freertos.debug.lib : uart_v0_lld.obj (.text.UART_procLineStatusErr)
                  70069866    0000000a     --HOLE-- [fill = 0]
                  70069870    00000136     lwip-freertos.am263px.r5f.ti-arm-clang.debug.lib : tcp_out.obj (.text.tcp_rst_common)
                  700699a6    0000000a     --HOLE-- [fill = 0]
                  700699b0    00000134     drivers.am263px.r5f.ti-arm-clang.freertos.debug.lib : edma.obj (.text.EDMA_registerIntr)
                  70069ae4    0000000c     --HOLE-- [fill = 0]
                  70069af0    00000134                                                         : uart_v0_lld.obj (.text.UART_writePolling)
                  70069c24    0000000c     --HOLE-- [fill = 0]
                  70069c30    00000134     freertos.am263px.r5f.ti-arm-clang.debug.lib : tasks.obj (.text.vTaskDelete)
                  70069d64    0000000c     --HOLE-- [fill = 0]
                  70069d70    00000132     enet-cpsw.am263px.r5f.ti-arm-clang.freertos.debug.lib : csl_cpsw_ale_9g_tblcfg.obj (.text.CSL_CPSW_setAleVlanMcastAddrEntry)
                  70069ea2    0000000e     --HOLE-- [fill = 0]
                  70069eb0    00000132                                                           : cpsw.obj (.text.Cpsw_dmaMiscIsr)
                  70069fe2    0000000e     --HOLE-- [fill = 0]
                  70069ff0    00000130                                                           : csl_cpsw_ale_9g_tblcfg.obj (.text.CSL_CPSW_setAleUnicastAddrEntry)
                  7006a120    00000130                                                           : enet.obj (.text.EnetPer_open)
                  7006a250    00000130     lwip-freertos.am263px.r5f.ti-arm-clang.debug.lib : tcp_in.obj (.text.tcp_oos_insert_segment)
                  7006a380    0000012e                                                      : igmp.obj (.text.igmp_send)
                  7006a4ae    00000002     --HOLE-- [fill = 0]
                  7006a4b0    0000012c     enet-cpsw.am263px.r5f.ti-arm-clang.freertos.debug.lib : enet_osal.obj (.text.EnetOsal_registerIntr)
                  7006a5dc    00000004     --HOLE-- [fill = 0]
                  7006a5e0    0000012c                                                           : enet_rm.obj (.text.EnetRm_validateResPartInfo)
                  7006a70c    00000004     --HOLE-- [fill = 0]
                  7006a710    0000012c     drivers.am263px.r5f.ti-arm-clang.freertos.debug.lib : i2c_v1_lld.obj (.text.I2C_lld_mem_read)
                  7006a83c    00000004     --HOLE-- [fill = 0]
                  7006a840    0000012c                                                         : uart_v0_lld.obj (.text.UART_lld_init)
                  7006a96c    00000004     --HOLE-- [fill = 0]
                  7006a970    0000012c     freertos.am263px.r5f.ti-arm-clang.debug.lib : tasks.obj (.text.ulTaskGenericNotifyTake)
                  7006aa9c    00000004     --HOLE-- [fill = 0]
                  7006aaa0    0000012a     enet-cpsw.am263px.r5f.ti-arm-clang.freertos.debug.lib : enet_utils.obj (.text.EnetUtils_macToPhyMii)
                  7006abca    00000006     --HOLE-- [fill = 0]
                  7006abd0    00000128                                                           : enet_cpdmautils.obj (.text.EnetAppUtils_isDescCached)
                  7006acf8    00000008     --HOLE-- [fill = 0]
                  7006ad00    00000128     drivers.am263px.r5f.ti-arm-clang.freertos.debug.lib : i2c_v1_lld.obj (.text.I2C_lld_mem_writeIntr)
                  7006ae28    00000008     --HOLE-- [fill = 0]
                  7006ae30    00000128     freertos.am263px.r5f.ti-arm-clang.debug.lib : port.obj (.text.pxPortInitialiseStack)
                  7006af58    00000008     --HOLE-- [fill = 0]
                  7006af60    00000126     drivers.am263px.r5f.ti-arm-clang.freertos.debug.lib : soc.obj (.text.SOC_controlModuleLockMMR)
                  7006b086    0000000a     --HOLE-- [fill = 0]
                  7006b090    00000126     lwip-freertos.am263px.r5f.ti-arm-clang.debug.lib : pbuf.obj (.text.pbuf_take_at)
                  7006b1b6    0000000a     --HOLE-- [fill = 0]
                  7006b1c0    00000126                                                      : timeouts.obj (.text.sys_timeout_abs)
                  7006b2e6    0000000a     --HOLE-- [fill = 0]
                  7006b2f0    00000126                                                      : tcp_out.obj (.text.tcp_rexmit)
                  7006b416    0000000a     --HOLE-- [fill = 0]
                  7006b420    00000124     enet-cpsw.am263px.r5f.ti-arm-clang.freertos.debug.lib : csl_cpsw_ale_9g_tblcfg.obj (.text.CSL_CPSW_setAleMcastAddrEntry)
                  7006b544    0000000c     --HOLE-- [fill = 0]
                  7006b550    00000124                                                           : cpsw_ale.obj (.text.CpswAle_setIoctlHandlerFxn)
                  7006b674    0000000c     --HOLE-- [fill = 0]
                  7006b680    00000124                                                           : cpsw_cpts.obj (.text.CpswCpts_setIoctlHandlerFxn)
                  7006b7a4    0000000c     --HOLE-- [fill = 0]
                  7006b7b0    00000124                                                           : cpsw_hostport.obj (.text.CpswHostPort_setIoctlHandlerFxn)
                  7006b8d4    0000000c     --HOLE-- [fill = 0]
                  7006b8e0    00000124                                                           : cpsw_macport_est.obj (.text.CpswMacPortEst_setIoctlHandlerFxn)
                  7006ba04    0000000c     --HOLE-- [fill = 0]
                  7006ba10    00000124                                                           : cpsw_macport.obj (.text.CpswMacPort_setIoctlHandlerFxn)
                  7006bb34    0000000c     --HOLE-- [fill = 0]
                  7006bb40    00000124                                                           : cpsw_stats.obj (.text.CpswStats_setIoctlHandlerFxn)
                  7006bc64    0000000c     --HOLE-- [fill = 0]
                  7006bc70    00000124                                                           : cpsw.obj (.text.Cpsw_initCfg)
                  7006bd94    0000000c     --HOLE-- [fill = 0]
                  7006bda0    00000124                                                           : cpsw.obj (.text.Cpsw_setIoctlHandlerFxn)
                  7006bec4    0000000c     --HOLE-- [fill = 0]
                  7006bed0    00000124                                                           : enet_phymdio_dflt.obj (.text.EnetPhyMdioDflt_setIoctlHandlerFxn)
                  7006bff4    0000000c     --HOLE-- [fill = 0]
                  7006c000    00000124                                                           : enet_rm.obj (.text.EnetRm_setIoctlHandlerFxn)
                  7006c124    0000000c     --HOLE-- [fill = 0]
                  7006c130    00000124                                                           : mdio.obj (.text.Mdio_setIoctlHandlerFxn)
                  7006c254    0000000c     --HOLE-- [fill = 0]
                  7006c260    00000122                                                           : cpsw_ale_ioctl.obj (.text.CpswAle_addUcastAddr)
                  7006c382    0000000e     --HOLE-- [fill = 0]
                  7006c390    00000122     ti_enet_open_close.o (.text.EnetApp_driverClose)
                  7006c4b2    0000000e     --HOLE-- [fill = 0]
                  7006c4c0    00000120     enet-cpsw.am263px.r5f.ti-arm-clang.freertos.debug.lib : cpsw_est.obj (.text.CpswEst_setIoctlHandlerFxn)
                  7006c5e0    00000120                                                           : enet_rm_ioctl.obj (.text.EnetRm_allocInternalRxFlowIdx)
                  7006c700    00000120                                                           : mdio_manual_ioctl.obj (.text.Mdio_manualModePhyRegRead22)
                  7006c820    00000120     drivers.am263px.r5f.ti-arm-clang.freertos.debug.lib : soc_rcm.obj (.text.SOC_rcmGetPeripheralClockFrequency)
                  7006c940    0000011e     ti_enet_lwipif.o (.text.LwipifEnetApp_getRxChIDs)
                  7006ca5e    00000002     --HOLE-- [fill = 0]
                  7006ca60    0000011e     enet-cpsw.am263px.r5f.ti-arm-clang.freertos.debug.lib : mdio_manual_ioctl.obj (.text.Mdio_manualModePhyRegValReadC45)
                  7006cb7e    00000002     --HOLE-- [fill = 0]
                  7006cb80    0000011e     lwip-freertos.am263px.r5f.ti-arm-clang.debug.lib : pbuf.obj (.text.pbuf_add_header_impl)
                  7006cc9e    00000002     --HOLE-- [fill = 0]
                  7006cca0    0000011e     freertos.am263px.r5f.ti-arm-clang.debug.lib : tasks.obj (.text.xTaskDelayUntil)
                  7006cdbe    00000002     --HOLE-- [fill = 0]
                  7006cdc0    0000011c     enet-cpsw.am263px.r5f.ti-arm-clang.freertos.debug.lib : csl_cpsw_ale_9g_tblcfg.obj (.text.CSL_CPSW_setAleVlanEntry)
                  7006cedc    00000004     --HOLE-- [fill = 0]
                  7006cee0    0000011c     ti_enet_open_close.o (.text.EnetAppUtils_openRxCh)
                  7006cffc    00000004     --HOLE-- [fill = 0]
                  7006d000    0000011c     enet-cpsw.am263px.r5f.ti-arm-clang.freertos.debug.lib : enet_cpdma.obj (.text.EnetCpdma_setSOPInfo)
                  7006d11c    00000004     --HOLE-- [fill = 0]
                  7006d120    0000011c                                                           : enet_queue.obj (.text.EnetQueue_append)
                  7006d23c    00000004     --HOLE-- [fill = 0]
                  7006d240    0000011c                                                           : enet_utils.obj (.text.EnetUtils_delayNs)
                  7006d35c    00000004     --HOLE-- [fill = 0]
                  7006d360    0000011c     ti_enet_lwipif.o (.text.LwipifEnetApp_netifOpen)
                  7006d47c    00000004     --HOLE-- [fill = 0]
                  7006d480    0000011c     enet-cpsw.am263px.r5f.ti-arm-clang.freertos.debug.lib : mdio_ioctl.obj (.text.Mdio_writeRegC45)
                  7006d59c    00000004     --HOLE-- [fill = 0]
                  7006d5a0    0000011c     drivers.am263px.r5f.ti-arm-clang.freertos.debug.lib : uart_dma_edma.obj (.text.UART_lld_dmaRead)
                  7006d6bc    00000004     --HOLE-- [fill = 0]
                  7006d6c0    0000011c     lwip-freertos.am263px.r5f.ti-arm-clang.debug.lib : tcp_out.obj (.text.tcp_rexmit_rto_prepare)
                  7006d7dc    00000004     --HOLE-- [fill = 0]
                  7006d7e0    0000011a     enet-cpsw.am263px.r5f.ti-arm-clang.freertos.debug.lib : csl_cpsw_ale_9g_tblcfg.obj (.text.CSL_CPSW_setAleOutVlanEntry)
                  7006d8fa    00000006     --HOLE-- [fill = 0]
                  7006d900    0000011a                                                           : enetphy.obj (.text.EnetPhy_setupManual)
                  7006da1a    00000006     --HOLE-- [fill = 0]
                  7006da20    0000011a     drivers.am263px.r5f.ti-arm-clang.freertos.debug.lib : i2c_v1_lld.obj (.text.I2C_lld_mem_readIntr)
                  7006db3a    00000006     --HOLE-- [fill = 0]
                  7006db40    00000118     enet-cpsw.am263px.r5f.ti-arm-clang.freertos.debug.lib : enetphy.obj (.text.EnetPhy_resetWaitState)
                  7006dc58    00000008     --HOLE-- [fill = 0]
                  7006dc60    00000118                                                           : enetphy.obj (.text.EnetPhy_setupNway)
                  7006dd78    00000008     --HOLE-- [fill = 0]
                  7006dd80    00000118     lwip-freertos.am263px.r5f.ti-arm-clang.debug.lib : sys_arch.obj (.text.sys_mbox_trypost)
                  7006de98    00000008     --HOLE-- [fill = 0]
                  7006dea0    00000118                                                      : tcp.obj (.text.tcp_process_refused_data)
                  7006dfb8    00000008     --HOLE-- [fill = 0]
                  7006dfc0    00000118                                                      : tcp.obj (.text.tcp_update_rcv_ann_wnd)
                  7006e0d8    00000118     libclang_rt.builtins.a : udivmoddi4.S.obj (.text)
                  7006e1f0    00000116     drivers.am263px.r5f.ti-arm-clang.freertos.debug.lib : edma.obj (.text.EDMA_isTccAllocated)
                  7006e306    0000000a     --HOLE-- [fill = 0]
                  7006e310    00000116     enet-cpsw.am263px.r5f.ti-arm-clang.freertos.debug.lib : mdio_ioctl.obj (.text.Mdio_handleIntr)
                  7006e426    0000000a     --HOLE-- [fill = 0]
                  7006e430    00000116     drivers.am263px.r5f.ti-arm-clang.freertos.debug.lib : uart_v0_lld.obj (.text.UART_divisorLatchWrite)
                  7006e546    0000000a     --HOLE-- [fill = 0]
                  7006e550    00000114     freertos.am263px.r5f.ti-arm-clang.debug.lib : printf.obj (.text._ntoa_long)
                  7006e664    0000000c     --HOLE-- [fill = 0]
                  7006e670    00000112     enet-cpsw.am263px.r5f.ti-arm-clang.freertos.debug.lib : enetphy.obj (.text.EnetPhy_tick)
                  7006e782    0000000e     --HOLE-- [fill = 0]
                  7006e790    00000110     freertos.am263px.r5f.ti-arm-clang.debug.lib : DebugP_shmLogReader.obj (.text.DebugP_shmLogRead)
                  7006e8a0    00000110                                                 : DebugP_shmLogReader.obj (.text.DebugP_shmLogReaderTaskMain)
                  7006e9b0    00000110     enet-cpsw.am263px.r5f.ti-arm-clang.freertos.debug.lib : enetphy.obj (.text.EnetPhy_rmwReg)
                  7006eac0    0000010e                                                           : enet_cpdma.obj (.text.EnetCpdma_initRxChannel)
                  7006ebce    00000002     --HOLE-- [fill = 0]
                  7006ebd0    0000010e     drivers.am263px.r5f.ti-arm-clang.freertos.debug.lib : soc_rcm.obj (.text.SOC_rcmADPLLJGetFOut)
                  7006ecde    00000002     --HOLE-- [fill = 0]
                  7006ece0    0000010e     lwip-freertos.am263px.r5f.ti-arm-clang.debug.lib : netif.obj (.text.netif_do_set_ipaddr)
                  7006edee    00000002     --HOLE-- [fill = 0]
                  7006edf0    0000010e                                                      : udp.obj (.text.udp_sendto_if)
                  7006eefe    00000002     --HOLE-- [fill = 0]
                  7006ef00    0000010e     freertos.am263px.r5f.ti-arm-clang.debug.lib : queue.obj (.text.xQueueGenericReset)
                  7006f00e    00000002     --HOLE-- [fill = 0]
                  7006f010    0000010c     enet-cpsw.am263px.r5f.ti-arm-clang.freertos.debug.lib : enet_cpdma.obj (.text.EnetCpdma_initTxChannel)
                  7006f11c    00000004     --HOLE-- [fill = 0]
                  7006f120    0000010c     lwip-freertos.am263px.r5f.ti-arm-clang.debug.lib : sys_arch.obj (.text.sys_arch_protect)
                  7006f22c    00000004     --HOLE-- [fill = 0]
                  7006f230    0000010c                                                      : udp.obj (.text.udp_connect)
                  7006f33c    00000004     --HOLE-- [fill = 0]
                  7006f340    0000010a     enet-cpsw.am263px.r5f.ti-arm-clang.freertos.debug.lib : csl_cpsw.obj (.text.CSL_CPSW_setCpswControlReg)
                  7006f44a    00000006     --HOLE-- [fill = 0]
                  7006f450    0000010a     drivers.am263px.r5f.ti-arm-clang.freertos.debug.lib : ipc_notify_v1.obj (.text.IpcNotify_sendMsg)
                  7006f55a    00000006     --HOLE-- [fill = 0]
                  7006f560    00000108     lwip-freertos.am263px.r5f.ti-arm-clang.debug.lib : sys_arch.obj (.text.sys_mbox_new)
                  7006f668    00000008     --HOLE-- [fill = 0]
                  7006f670    00000108                                                      : tcp_out.obj (.text.tcp_output_alloc_header_common)
                  7006f778    00000008     --HOLE-- [fill = 0]
                  7006f780    00000106     ti_enet_open_close.o (.text.EnetApp_getRxDmaHandle)
                  7006f886    0000000a     --HOLE-- [fill = 0]
                  7006f890    00000106     enet-cpsw.am263px.r5f.ti-arm-clang.freertos.debug.lib : enet_rm.obj (.text.EnetRm_initTxObj)
                  7006f996    0000000a     --HOLE-- [fill = 0]
                  7006f9a0    00000106     freertos.am263px.r5f.ti-arm-clang.debug.lib : tasks.obj (.text.prvAddCurrentTaskToDelayedList)
                  7006faa6    0000000a     --HOLE-- [fill = 0]
                  7006fab0    00000104     enet-cpsw.am263px.r5f.ti-arm-clang.freertos.debug.lib : csl_cpsw.obj (.text.CSL_CPSW_setPortEstConfig)
                  7006fbb4    0000000c     --HOLE-- [fill = 0]
                  7006fbc0    00000104     drivers.am263px.r5f.ti-arm-clang.freertos.debug.lib : i2c_v1.obj (.text.I2C_close)
                  7006fcc4    0000000c     --HOLE-- [fill = 0]
                  7006fcd0    00000104     lwipif-cpsw-freertos.am263px.r5f.ti-arm-clang.debug.lib : lwip2lwipif.obj (.text.LWIPIF_LWIP_UdpLiteValidateChkSum)
                  7006fdd4    0000000c     --HOLE-- [fill = 0]
                  7006fde0    00000104     drivers.am263px.r5f.ti-arm-clang.freertos.debug.lib : uart_v0_lld.obj (.text.UART_configInstance)
                  7006fee4    0000000c     --HOLE-- [fill = 0]
                  7006fef0    00000104     gateway_shared.o (.text.gateway_ringbuf_write)
                  7006fff4    0000000c     --HOLE-- [fill = 0]
                  70070000    00000100     enet-cpsw.am263px.r5f.ti-arm-clang.freertos.debug.lib : enet_osal.obj (.text.EnetOsal_createMutex)
                  70070100    00000100                                                           : enetphy.obj (.text.EnetPhy_getId)
                  70070200    00000100     xgw_udp_interface.o (.text.xgw_udp_send_raw)
                  70070300    000000fe     enet-cpsw.am263px.r5f.ti-arm-clang.freertos.debug.lib : cpsw_stats.obj (.text.CpswStats_resetMacStats)
                  700703fe    00000002     --HOLE-- [fill = 0]
                  70070400    000000fe     lwip-freertos.am263px.r5f.ti-arm-clang.debug.lib : tcp_out.obj (.text.tcp_send_empty_ack)
                  700704fe    00000002     --HOLE-- [fill = 0]
                  70070500    000000fc     ti_enet_open_close.o (.text.EnetApp_createPhyStateHandlerTask)
                  700705fc    00000004     --HOLE-- [fill = 0]
                  70070600    000000fc     lwipif-cpsw-freertos.am263px.r5f.ti-arm-clang.debug.lib : lwip2enet.obj (.text.Lwip2Enet_sendTxPackets)
                  700706fc    00000004     --HOLE-- [fill = 0]
                  70070700    000000fc     gateway_shared.o (.text.gateway_ringbuf_core0_init)
                  700707fc    00000004     --HOLE-- [fill = 0]
                  70070800    000000fc     lwip-freertos.am263px.r5f.ti-arm-clang.debug.lib : ip4_addr.obj (.text.ip4addr_ntoa_r)
                  700708fc    00000004     --HOLE-- [fill = 0]
                  70070900    000000fc     test.o (.text.main_loop)
                  700709fc    00000004     --HOLE-- [fill = 0]
                  70070a00    000000fa     enet-cpsw.am263px.r5f.ti-arm-clang.freertos.debug.lib : enet_cpdma_priv.obj (.text.EnetCpdmaStats_updateNotifyStats)
                  70070afa    00000006     --HOLE-- [fill = 0]
                  70070b00    000000f8                                                           : csl_cpts.obj (.text.CSL_CPTS_setCntlReg)
                  70070bf8    00000008     --HOLE-- [fill = 0]
                  70070c00    000000f8                                                           : cpsw.obj (.text.Cpsw_ioctlInternal)
                  70070cf8    00000008     --HOLE-- [fill = 0]
                  70070d00    000000f6                                                           : cpsw_ioctl.obj (.text.Cpsw_internalIoctl_handler_ENET_PER_IOCTL_ATTACH_CORE)
                  70070df6    0000000a     --HOLE-- [fill = 0]
                  70070e00    000000f6                                                           : enetphy.obj (.text.EnetPhy_clearIsolateState)
                  70070ef6    0000000a     --HOLE-- [fill = 0]
                  70070f00    000000f6                                                           : enetphy.obj (.text.EnetPhy_setIsolateState)
                  70070ff6    0000000a     --HOLE-- [fill = 0]
                  70071000    000000f6                                                           : enet_queue.obj (.text.EnetQueue_enq)
                  700710f6    0000000a     --HOLE-- [fill = 0]
                  70071100    000000f6     lwip-freertos.am263px.r5f.ti-arm-clang.debug.lib : ip4_frag.obj (.text.ip_reass_remove_oldest_datagram)
                  700711f6    0000000a     --HOLE-- [fill = 0]
                  70071200    000000f4     enet-cpsw.am263px.r5f.ti-arm-clang.freertos.debug.lib : cpsw.obj (.text.Cpsw_handleMdioLinkStateChange)
                  700712f4    0000000c     --HOLE-- [fill = 0]
                  70071300    000000f4                                                           : enet.obj (.text.EnetPer_ioctl)
                  700713f4    0000000c     --HOLE-- [fill = 0]
                  70071400    000000f4                                                           : enet.obj (.text.Enet_open)
                  700714f4    0000000c     --HOLE-- [fill = 0]
                  70071500    000000f4     freertos.am263px.r5f.ti-arm-clang.debug.lib : tasks.obj (.text.prvCreateStaticTask)
                  700715f4    0000000c     --HOLE-- [fill = 0]
                  70071600    000000f4     lwip-freertos.am263px.r5f.ti-arm-clang.debug.lib : tcp_out.obj (.text.tcp_output_control_segment_netif)
                  700716f4    0000000c     --HOLE-- [fill = 0]
                  70071700    000000f2     enet-cpsw.am263px.r5f.ti-arm-clang.freertos.debug.lib : cpsw_macport.obj (.text.CpswMacPort_setSwitchTxSched)
                  700717f2    0000000e     --HOLE-- [fill = 0]
                  70071800    000000f2                                                           : enet_queue.obj (.text.EnetQueue_verifyQCount)
                  700718f2    0000000e     --HOLE-- [fill = 0]
                  70071900    000000f2     test.o (.text.enet_is_link_up)
                  700719f2    0000000e     --HOLE-- [fill = 0]
                  70071a00    000000f0     drivers.am263px.r5f.ti-arm-clang.freertos.debug.lib : i2c_v1.obj (.text.I2C_LLD_targetTransferCompleteCallback)
                  70071af0    000000f0     lwip-freertos.am263px.r5f.ti-arm-clang.debug.lib : sys_arch.obj (.text.sys_sem_signal)
                  70071be0    000000f0     test.o (.text.test_init)
                  70071cd0    000000ee     lwip-freertos.am263px.r5f.ti-arm-clang.debug.lib : tcp_out.obj (.text.tcp_rexmit_fast)
                  70071dbe    00000002     --HOLE-- [fill = 0]
                  70071dc0    000000ec     enet-cpsw.am263px.r5f.ti-arm-clang.freertos.debug.lib : cpsw_ioctl.obj (.text.Cpsw_internalIoctl_handler_ENET_PER_IOCTL_OPEN_PORT_LINK)
                  70071eac    00000004     --HOLE-- [fill = 0]
                  70071eb0    000000ec                                                           : enet_rm_ioctl.obj (.text.EnetRm_addCoreAttached)
                  70071f9c    00000004     --HOLE-- [fill = 0]
                  70071fa0    000000ec     freertos.am263px.r5f.ti-arm-clang.debug.lib : queue.obj (.text.xQueueGenericCreateStatic)
                  7007208c    00000004     --HOLE-- [fill = 0]
                  70072090    000000ea     enet-cpsw.am263px.r5f.ti-arm-clang.freertos.debug.lib : enetphy.obj (.text.EnetPhy_getManualCaps)
                  7007217a    00000006     --HOLE-- [fill = 0]
                  70072180    000000ea     drivers.am263px.r5f.ti-arm-clang.freertos.debug.lib : i2c_v1_lld.obj (.text.I2C_lld_targetTransferIntr)
                  7007226a    00000006     --HOLE-- [fill = 0]
                  70072270    000000ea     ti_enet_lwipif.o (.text.LwipifEnetApp_getTxChIDs)
                  7007235a    00000006     --HOLE-- [fill = 0]
                  70072360    000000e8     enet-cpsw.am263px.r5f.ti-arm-clang.freertos.debug.lib : enetphy.obj (.text.EnetPhy_findCommonCaps)
                  70072448    00000008     --HOLE-- [fill = 0]
                  70072450    000000e8                                                           : enet_rm_ioctl.obj (.text.EnetRm_allocRxFlowIdx)
                  70072538    00000008     --HOLE-- [fill = 0]
                  70072540    000000e8                                                           : mdio.obj (.text.Mdio_close)
                  70072628    00000008     --HOLE-- [fill = 0]
                  70072630    000000e8     gateway_shared.o (.text.gateway_wait_motor_config_ready)
                  70072718    00000008     --HOLE-- [fill = 0]
                  70072720    000000e8     lwip-freertos.am263px.r5f.ti-arm-clang.debug.lib : tcp.obj (.text.tcp_recved)
                  70072808    00000008     --HOLE-- [fill = 0]
                  70072810    000000e8                                                      : tcpip.obj (.text.tcpip_init)
                  700728f8    00000008     --HOLE-- [fill = 0]
                  70072900    000000e6     board.am263px.r5f.ti-arm-clang.freertos.debug.lib : dp83869.obj (.text.Dp83869_setClkDelay)
                  700729e6    0000000a     --HOLE-- [fill = 0]
                  700729f0    000000e6     drivers.am263px.r5f.ti-arm-clang.freertos.debug.lib : soc_rcm.obj (.text.SOC_rcmGetCoreFout)
                  70072ad6    0000000a     --HOLE-- [fill = 0]
                  70072ae0    000000e6                                                         : soc_rcm.obj (.text.SOC_rcmGetPerFout)
                  70072bc6    0000000a     --HOLE-- [fill = 0]
                  70072bd0    000000e6     lwip-freertos.am263px.r5f.ti-arm-clang.debug.lib : tcp.obj (.text.tcp_fasttmr)
                  70072cb6    0000000a     --HOLE-- [fill = 0]
                  70072cc0    000000e4     enet-cpsw.am263px.r5f.ti-arm-clang.freertos.debug.lib : cpsw_macport.obj (.text.CpswMacPort_setInterface)
                  70072da4    0000000c     --HOLE-- [fill = 0]
                  70072db0    000000e4     drivers.am263px.r5f.ti-arm-clang.freertos.debug.lib : edma.obj (.text.EDMA_freeChannelRegion)
                  70072e94    0000000c     --HOLE-- [fill = 0]
                  70072ea0    000000e4     enet-cpsw.am263px.r5f.ti-arm-clang.freertos.debug.lib : enet_rm.obj (.text.EnetRm_getFreeQ)
                  70072f84    0000000c     --HOLE-- [fill = 0]
                  70072f90    000000e4     main.o (.text.test_pbuf_size_progressive)
                  70073074    0000000c     --HOLE-- [fill = 0]
                  70073080    000000e2     enet-cpsw.am263px.r5f.ti-arm-clang.freertos.debug.lib : csl_cpsw.obj (.text.CSL_CPSW_getAlePortControlReg)
                  70073162    0000000e     --HOLE-- [fill = 0]
[...]
700a2478  gStaticIPGateway                                                       
700a247c  gStaticIPNetmask                                                       
700a2480  ip_addr_any                                                            
700a2484  ip_addr_broadcast                                                      
700a24e0  __BSS_START                                                            
700a24e0  memp_memory_POOL_1568_base                                             
700b50ff  memp_memory_POOL_4096_base                                             
700bd1a0  memp_memory_POOL_128_base                                              
700c4b58  memp_memory_NETBUF_base                                                
700c5b77  memp_memory_PBUF_base                                                  
700c6b96  memp_memory_TCPIP_MSG_API_base                                         
700c7bb5  memp_memory_TCPIP_MSG_INPKT_base                                       
700c8bd4  memp_memory_TCP_SEG_base                                               
700c9bf4  pfreeQ                                                                 
700cd980  memp_memory_SYS_MBOX_base                                              
700ced20  memp_memory_RX_POOL_base                                               
700cf540  gHwiCtrl                                                               
700d27a0  gFreePbufArr                                                           
700d2ba0  memp_memory_ARP_QUEUE_base                                             
700d2f7f  memp_memory_TCP_PCB_base                                               
700d3580  memp_memory_NETCONN_base                                               
700d3d28  memp_memory_SYS_TIMEOUT_base                                           
700d3f68  lwip_stats                                                             
700d416c  memp_memory_FRAG_PBUF_base                                             
700d44e4  gEepromObject_CAT24M                                                   
700d4650  memp_memory_ALTCP_PCB_base                                             
700d47af  memp_memory_NETDB_base                                                 
700d490e  memp_memory_REASSDATA_base                                             
700d4a70  _CIOBUF_                                                               
700d4a70  __CIOBUF_                                                              
700d4b90  memp_memory_IGMP_GROUP_base                                            
700d4caf  memp_memory_TCP_PCB_LISTEN_base                                        
700d4dce  memp_memory_UDP_PCB_base                                               
700d4fed  pbuf_free_ooseq_pending                                                
700d4ff0  xQueueRegistry                                                         
700d51e0  gEnetUtilsObj                                                          
700d52b8  gIpcNotifyCtrl                                                         
700d5370  __TI_tmpnams                                                           
700d5410  gTaskP_ctrl                                                            
700d5970  gDebugShmLogReaderCtrl                                                 
700d5a84  memp_memory_RAW_PCB_base                                               
700d5b03  tcp_active_pcbs_changed                                                
700d5bac  gRovDummyQueue                                                         
700d5ca4  memp_memory_PBUF_POOL_base                                             
700d5cc8  gClockCtrl                                                             
700d5ce0  ip_data                                                                
700d5f04  virtToPhymap                                                           
700d5f28  parmbuf                                                                
700d6008  gEepromHandle                                                          
700d600c  gI2cHandle                                                             
700d6010  gInterface                                                             
700d6014  gUartHandle                                                            
700d6018  lock_tcpip_core                                                        
700d601c  netif_default                                                          
700d6020  netif_list                                                             
700d6024  tcp_active_pcbs                                                        
700d6028  tcp_bound_pcbs                                                         
700d602c  tcp_input_pcb                                                          
700d6030  tcp_listen_pcbs                                                        
700d6034  tcp_ticks                                                              
700d6038  tcp_tw_pcbs                                                            
700d603c  udp_pcbs                                                               
700d6060  __BSS_END                                                              
700d6060  _sys_memory                                                            
700de060  __stack                                                                
700e2060  __STACK_END                                                            
700fa080  gEdmaConfig                                                            
700fa080  gEnetSoc_cpsw3g                                                        
700fa080  gUartDmaHandle                                                         
700fbbe0  gEnetSoc_dmaObj                                                        
700fe430  gEnetSoc_cpsw3gMacObj                                                  
700fe7d0  gEnetCpswCfg                                                           
700ff4c8  gEnetPhyDrvDp83869                                                     
700ff5cc  gEnetPhyDrvGeneric                                                     
700ff6d0  gIpcNotifyMailboxConfig                                                
700ff8c8  _ftable                                                                
70100488  _device                                                                
701007d8  gUartParams                                                            
701008d4  _stream                                                                
70100ab8  gEnetSoc_cpsw3gSocCfg                                                  
70100b20  gEnetMacAddrPool                                                       
70100b50  gSocModulesClockFrequency                                              
70100ba0  gClockConfig                                                           
70100c00  gDmaCfg                                                                
70100c78  gIpcNotifyInterruptConfig_r5fss0_0                                     
70100cc0  Cpsw_gSpeedNames                                                       
70100cd0  gEepromFxns_CAT24M                                                     
70100ce0  gIpcNotifyCoreIntrBitPos                                               
70100cf0  gSocModules                                                            
70100d00  Cpsw_gDuplexNames                                                      
70100d0c  gAddrTranslateConfig                                                   
70100d24  gEepromAttrs_CAT24M                                                    
70100d30  gEepromConfig                                                          
70100d3c  gEnetSoc_perObj                                                        
70100d48  gI2cParams                                                             
70100d54  __TI_cleanup_ptr                                                       
70100d58  __TI_dtors_ptr                                                         
70100d5c  gEepromParams                                                          
70100d64  gI2cConfig                                                             
70100d74  gUartConfig                                                            
70100d7c  FreeRTOS_errno                                                         
70100d90  __TI_ft_end                                                            
70100d94  __aeabi_errno                                                          
70100d98  _lock                                                                  
70100d9c  _unlock                                                                
70100db4  gDebugLogZone                                                          
70100db8  gDebugP_uartDrvIndex                                                   
70100dbc  gEdmaConfigNum                                                         
70100dc0  gEepromConfigNum                                                       
70100dc4  gEnetOsalHwiAllocCnt                                                   
70100dc8  gEnetOsalHwiPeak                                                       
70100dcc  gEnetOsalSemAllocCnt                                                   
70100dd0  gEnetOsalSemPeak                                                       
70100dd4  gHwiConfig                                                             
70100dd8  gI2cConfigNum                                                          
70100ddc  gIpcNotifyInterruptConfigNum_r5fss0_0                                  
70100de0  gIpcTask                                                               
70100de4  gLogReaderTask                                                         
70100de8  gMainTask                                                              
70100dec  gUartConfigNum                                                         
70100df0  gUartDmaChConfig                                                       
70100df4  gUdpTxTask                                                             
70100dfc  g_netif                                                                
70100e10  hlwipIfApp                                                             
70100e1c  pxCurrentTCB                                                           
70100e34  ulPortInterruptNesting                                                 
70100e38  ulPortSchedularRunning                                                 
70100e3c  ulPortTaskHasFPUContext                                                
70100e40  ulPortYieldRequired                                                    
70100ea1  gEnetTrace_runtimeLevel                                                
70100ea5  isMapAvailable                                                         
70100eb1  HwiP_enableInt                                                         
70100ef1  HwiP_disableInt                                                        
70100f51  HwiP_restoreInt                                                        
70100f81  HwiP_clearInt                                                          
70100fc1  HwiP_post                                                              
70101001  HwiP_Params_init                                                       
70101031  HwiP_construct                                                         
70101221  HwiP_destruct                                                          
70101291  HwiP_init                                                              
70101441  HwiP_inISR                                                             
70101471  HwiP_setVimIrqPriMaskNonAtomic                                         
701014c1  HwiP_setVimIrqPriMaskAtomic                                            
70101561  HwiP_restoreVimIrqPriMask                                              
70101571  HwiP_irq_handler_c                                                     
70101711  HwiP_fiq_handler                                                       
70101881  HwiP_reserved_handler                                                  
701018c1  HwiP_undefined_handler_c                                               
701018e1  HwiP_user_undefined_handler_c                                          
70101901  HwiP_prefetch_abort_handler_c                                          
701019a1  HwiP_user_prefetch_abort_handler_c                                     
701019e1  HwiP_data_abort_handler_c                                              
70101aa1  HwiP_user_data_abort_handler_c                                         
70101adc  vPortRestoreTaskContext                                                
70101b14  HwiP_svc_handler                                                       
70101b84  HwiP_irq_handler                                                       
70101cc8  HwiP_data_abort_handler                                                
70101d0c  HwiP_prefetch_abort_handler                                            
70101d58  HwiP_undefined_handler                                                 
70101d88  GET_DFSR                                                               
70101d90  GET_ADFSR                                                              
70101d98  GET_DFAR                                                               
70101da0  GET_IFSR                                                               
70101da8  GET_AIFSR                                                              
70101db0  GET_IFAR                                                               
70101db8  GET_SPSR                                                               
70101dcc  HwiP_disable                                                           
70101ddc  HwiP_disableFIQ                                                        
70101dec  HwiP_enable                                                            
70101dfc  HwiP_enableFIQ                                                         
70101e0c  HwiP_restore                                                           
70101e14  HwiP_enableVIC                                                         
70101e24  HwiP_disableVIC                                                        
70101e34  HwiP_getCPSR                                                           
70101e40  CacheP_disableL1d                                                      
70101e68  CacheP_disableL1p                                                      
70101e80  CacheP_enableL1d                                                       
70101e98  CacheP_enableL1p                                                       
70101eb0  CacheP_invL1d                                                          
70101ee8  CacheP_invL1p                                                          
70101f24  CacheP_invL1dAll                                                       
70101f2c  CacheP_invL1pAll                                                       
70101f34  CacheP_wb                                                              
70101f70  CacheP_wbInv                                                           
70101fac  CacheP_wbAll                                                           
70102054  CacheP_wbInvAll                                                        
7010206c  CacheP_wbInvAllAsm                                                     
7010210c  CacheP_getEnabled                                                      
70102144  CacheP_getCacheLevelInfo                                               
70102150  CacheP_configForceWrThru                                               
70102170  CacheP_setDLFO                                                         
70102181  CacheP_init                                                            
70102211  CacheP_disable                                                         
70102261  CacheP_enable                                                          
701022a1  CacheP_inv                                                             
701022e1  MpuP_getAttrs                                                          
70102341  MpuP_RegionAttrs_init                                                  
70102371  MpuP_setRegion                                                         
70102401  MpuP_isEnable                                                          
70102411  MpuP_disable                                                           
70102451  MpuP_enable                                                            
701024a1  MpuP_init                                                              
70102541  MpuP_isUserAuthorizedToAccessMemory                                    
70102620  MpuP_disableAsm                                                        
70102638  MpuP_disableBRAsm                                                      
70102648  MpuP_enableAsm                                                         
70102660  MpuP_enableBRAsm                                                       
70102670  MpuP_isEnableAsm                                                       
70102684  MpuP_setRegionAsm                                                      
701026a0  _c_int00_sbl                                                           
701026c4  _c_int00                                                               
701027f1  _DebugP_assertNoLog                                                    
70102821  _system_pre_init                                                       
70102851  __mpu_init                                                             
70102860  abort                                                                  
70102868  __IRQ_STACK_START                                                      
70102968  __FIQ_STACK_START                                                      
70102968  __IRQ_STACK_END                                                        
70102a68  __FIQ_STACK_END                                                        
70102a68  __SVC_STACK_START                                                      
70103a68  __ABORT_STACK_START                                                    
70103a68  __SVC_STACK_END                                                        
70103b68  __ABORT_STACK_END                                                      
70103b68  __UNDEFINED_STACK_START                                                
70103c68  __UNDEFINED_STACK_END                                                  
70200000  gGatewaySharedMem                                                      
70204d30  dbg_ipc_recv_count                                                     
70204d34  dbg_udp_rx_count                                                       
70204d38  dbg_udp_tx_count                                                       
70204d3c  dbg_error_count                                                        
70204d40  dbg_last_error_code                                                    
70204d44  dbg_imu_frame_count                                                    
70208000  gDebugShmLog                                                           
ffffffff  __TI_pprof_out_hndl                                                    
ffffffff  __TI_prof_data_size                                                    
ffffffff  __TI_prof_data_start                                                   
ffffffff  __binit__                                                              
ffffffff  binit                                                                  
UNDEFED   __TI_CINIT_Base                                                        
UNDEFED   __TI_CINIT_Limit                                                       
UNDEFED   __TI_Handler_Table_Base                                                
UNDEFED   __TI_Handler_Table_Limit                                               
UNDEFED   _system_post_cinit                                                     

[1415 symbols]
