******************************************************************************
            TI ARM Clang Linker PC v4.0.4                      
******************************************************************************
>> Linked Mon Mar 30 10:07:27 2026

OUTPUT FILE NAME:   <ccu_ti_multi_core_freertos.out>
ENTRY POINT SYMBOL: "_vectors"  address: 00000000


MEMORY CONFIGURATION

         name            origin    length      used     unused   attr    fill
----------------------  --------  ---------  --------  --------  ----  --------
  R5F_VECS              00000000   00000040  00000040  00000000  RWIX
  R5F_TCMA              00000040   00007fc0  00000000  00007fc0  RWIX
  R5F_TCMB              00080000   00008000  00000000  00008000  RWIX
  MAILBOX_HSM           44000000   000003ce  00000000  000003ce  RWIX
  MAILBOX_R5F           44000400   000003ce  00000000  000003ce  RWIX
  FLASH                 60100000   00080000  00000000  00080000  RWIX
  SBL                   70000000   00040000  00000000  00040000  RWIX
  OCRAM                 70040000   000c0000  000a7008  00018ff8  RWIX
  USER_SHM_MEM          70200000   00008000  00004d48  000032b8  RWIX
  LOG_SHM_MEM           70208000   00004000  00002000  00002000  RWIX
  ENET_CPPI_DESC        70240000   00040000  00000a00  0003f600  RWIX
  RTOS_NORTOS_IPC_SHM_M 72000000   00003e80  00000000  00003e80  RWIX


SEGMENT ALLOCATION MAP

run origin  load origin   length   init length attrs members
----------  ----------- ---------- ----------- ----- -------
00000000    00000000    00000040   00000040    r-x
  00000000    00000000    00000040   00000040    r-x .vectors
70040000    70040000    0004e4e0   00000000    rw-
  70040000    70040000    000424e0   00000000    rw- .bss
  700824e0    700824e0    00008000   00000000    rw- .sysmem
  7008a4e0    7008a4e0    00004000   00000000    rw- .stack
7008e4e0    7008e4e0    0004f9e8   0004f9e8    r-x
  7008e4e0    7008e4e0    00041740   00041740    r-x .text
  700cfc20    700cfc20    0000e2a8   0000e2a8    r-- .rodata
700ddec8    700ddec8    00006388   00006388    rw-
  700ddec8    700ddec8    00006388   00006388    rw- .data
700e4250    700e4250    000019b8   000019b8    r-x
  700e4250    700e4250    00000f90   00000f90    r-x .text.hwi
  700e51e0    700e51e0    000004a0   000004a0    r-x .text.cache
  700e5680    700e5680    000003c0   000003c0    r-x .text.mpu
  700e5a40    700e5a40    000001c0   000001c0    r-x .text.boot
  700e5c00    700e5c00    00000008   00000008    r-x .text:abort
700e5c08    700e5c08    00001400   00000000    rw-
  700e5c08    700e5c08    00000100   00000000    rw- .irqstack
  700e5d08    700e5d08    00000100   00000000    rw- .fiqstack
  700e5e08    700e5e08    00001000   00000000    rw- .svcstack
  700e6e08    700e6e08    00000100   00000000    rw- .abortstack
  700e6f08    700e6f08    00000100   00000000    rw- .undefinedstack


SECTION ALLOCATION MAP

 output                                  attributes/
section   page    origin      length       input sections
--------  ----  ----------  ----------   ----------------
.vectors   0    00000000    00000040     
                  00000000    00000040     freertos.am263px.r5f.ti-arm-clang.debug.lib : HwiP_armv7r_vectors_freertos_asm.obj (.vectors)

.bss       0    70040000    000424e0     UNINITIALIZED
                  70040000    00012c1f     (.common:memp_memory_POOL_1568_base)
                  70052c1f    00000001     lwip-freertos.am263px.r5f.ti-arm-clang.debug.lib : dhcp.obj (.bss.dhcp_pcb_refcount)
                  70052c20    00012000     ti_enet_config.o (.bss:ENET_DMA_PKT_MEMPOOL)
                  70064c20    0000409f     (.common:memp_memory_POOL_4096_base)
                  70068cbf    00000001     lwip-freertos.am263px.r5f.ti-arm-clang.debug.lib : sys_arch.obj (.bss.lwip_core_lock_count)
                  70068cc0    00004000     main.o (.bss.gEnetLwipTaskStack)
                  7006ccc0    00003e9f     (.common:memp_memory_POOL_128_base)
                  70070b5f    00000001     lwip-freertos.am263px.r5f.ti-arm-clang.debug.lib : tcp_in.obj (.bss.recv_flags)
                  70070b60    00001980     ti_enet_config.o (.bss.gAppPktInfoMem_LargePool)
                  700724e0    0000101f     (.common:memp_memory_NETBUF_base)
                  700734ff    0000101f     (.common:memp_memory_PBUF_base)
                  7007451e    0000101f     (.common:memp_memory_TCPIP_MSG_API_base)
                  7007553d    0000101f     (.common:memp_memory_TCPIP_MSG_INPKT_base)
                  7007655c    0000101f     (.common:memp_memory_TCP_SEG_base)
                  7007757b    00000001     lwip-freertos.am263px.r5f.ti-arm-clang.debug.lib : tcp.obj (.bss.tcp_timer)
                  7007757c    00000004                                                      : igmp.obj (.bss.allrouters)
                  70077580    00001000     freertos.am263px.r5f.ti-arm-clang.debug.lib : DebugP_shmLogReader_freertos.obj (.bss.gDebugShmLogReaderTaskStack)
                  70078580    00001000     main.o (.bss.gMainTaskStack)
                  70079580    00001000     freertos.am263px.r5f.ti-arm-clang.debug.lib : port.obj (.bss.uxIdleTaskStack)
                  7007a580    00000d80     ti_enet_open_close.o (.bss.gEnetAppSysCfgObj)
                  7007b300    00000b1f     (.common:memp_memory_SYS_MBOX_base)
                  7007be1f    00000001     lwip-freertos.am263px.r5f.ti-arm-clang.debug.lib : tcp.obj (.bss.tcp_timer_ctr)
                  7007be20    0000080c     (.common:gHwiCtrl)
                  7007c62c    00000014     freertos.am263px.r5f.ti-arm-clang.debug.lib : timers.obj (.bss.xActiveTimerList1)
                  7007c640    00000800     log_reader_task.o (.bss.gLogReaderTaskStack)
                  7007ce40    00000800     main.o (.bss.gUdpTxTaskStack)
                  7007d640    000005c0     enet-cpsw.am263px.r5f.ti-arm-clang.freertos.debug.lib : enet_osal.obj (.bss.gOsalSemPEnetOsalPool)
                  7007dc00    00000440     lwip-freertos.am263px.r5f.ti-arm-clang.debug.lib : dns.obj (.bss.dns_table)
                  7007e040    00000430     enet-cpsw.am263px.r5f.ti-arm-clang.freertos.debug.lib : enetphy.obj (.bss.gEnetPhy_phyObjs)
                  7007e470    00000010     lwip-freertos.am263px.r5f.ti-arm-clang.debug.lib : dns.obj (.bss.dns_pcbs)
                  7007e480    00000400     main.o (.bss.gIpcTaskStack)
                  7007e880    00000400     freertos.am263px.r5f.ti-arm-clang.debug.lib : port.obj (.bss.uxTimerTaskStack)
                  7007ec80    000003df     (.common:memp_memory_ARP_QUEUE_base)
                  7007f05f    0000033f     (.common:memp_memory_TCP_PCB_base)
                  7007f39e    00000002     lwip-freertos.am263px.r5f.ti-arm-clang.debug.lib : ip4.obj (.bss.ip_id)
                  7007f3a0    00000300     ti_enet_config.o (.bss.gAppPktInfoContainerMem_LargePool)
                  7007f6a0    000002c0     ti_enet_config.o (.bss:ENET_CPDMA_OBJ_MEM)
                  7007f960    0000029f     (.common:memp_memory_NETCONN_base)
                  7007fbff    00000001     (.common:pbuf_free_ooseq_pending)
                  7007fc00    00000288     ti_drivers_config.o (.bss.gUartObjects)
                  7007fe88    00000280     freertos.am263px.r5f.ti-arm-clang.debug.lib : tasks.obj (.bss.pxReadyTasksLists)
                  70080108    0000023f     (.common:memp_memory_SYS_TIMEOUT_base)
                  70080347    00000001     (.common:tcp_active_pcbs_changed)
                  70080348    00000204     (.common:lwip_stats)
                  7008054c    000001ff     (.common:memp_memory_FRAG_PBUF_base)
                  7008074b    00000001     --HOLE--
                  7008074c    00000178     ti_drivers_config.o (.bss.gI2cObjects)
                  700808c4    0000016c     (.common:gEepromObject_CAT24M)
                  70080a30    0000015f     (.common:memp_memory_ALTCP_PCB_base)
                  70080b8f    0000015f     (.common:memp_memory_NETDB_base)
                  70080cee    0000015f     (.common:memp_memory_REASSDATA_base)
                  70080e4d    00000001     --HOLE--
                  70080e4e    00000002     lwip-freertos.am263px.r5f.ti-arm-clang.debug.lib : ip4_frag.obj (.bss.ip_reass_pbufcount)
                  70080e50    00000120     libsysbm.a : trgmsg.c.obj (.bss:_CIOBUF_)
                  70080f70    0000011f     (.common:memp_memory_IGMP_GROUP_base)
                  7008108f    0000011f     (.common:memp_memory_TCP_PCB_LISTEN_base)
                  700811ae    0000011f     (.common:memp_memory_UDP_PCB_base)
                  700812cd    00000001     --HOLE--
                  700812ce    00000114     main.o (.bss.g_motor_states)
                  700813e2    00000100     freertos.am263px.r5f.ti-arm-clang.debug.lib : timers.obj (.bss.prvCheckForValidListAndQueue.ucStaticTimerQueueStorage)
                  700814e2    00000002     --HOLE--
                  700814e4    00000100     (.common:xQueueRegistry)
                  700815e4    000000f0     lwip-freertos.am263px.r5f.ti-arm-clang.debug.lib : etharp.obj (.bss.arp_table)
                  700816d4    000000d8     (.common:gEnetUtilsObj)
                  700817ac    000000b8     (.common:gIpcNotifyCtrl)
                  70081864    000000a0     libc.a : defs.c.obj (.bss.__TI_tmpnams)
                  70081904    00000004     lwip-freertos.am263px.r5f.ti-arm-clang.debug.lib : igmp.obj (.bss.allsystems)
                  70081908    000000a0     (.common:gTaskP_ctrl)
                  700819a8    00000098     freertos.am263px.r5f.ti-arm-clang.debug.lib : DebugP_shmLogReader_freertos.obj (.bss.gDebugShmLogReaderTaskObj)
                  70081a40    00000098     main.o (.bss.gEnetLwipTaskObj)
                  70081ad8    00000098     main.o (.bss.gIpcTaskObj)
                  70081b70    00000098     log_reader_task.o (.bss.gLogReaderTaskObj)
                  70081c08    00000098     main.o (.bss.gMainTaskObj)
                  70081ca0    00000098     main.o (.bss.gUdpTxTaskObj)
                  70081d38    00000098     freertos.am263px.r5f.ti-arm-clang.debug.lib : port.obj (.bss.xIdleTaskTCB)
                  70081dd0    00000098                                                 : port.obj (.bss.xTimerTaskTCB)
                  70081e68    00000094     (.common:gDebugShmLogReaderCtrl)
                  70081efc    00000080     enet-cpsw.am263px.r5f.ti-arm-clang.freertos.debug.lib : enet_osal.obj (.bss.gOsalHwiPEnetOsalPool)
                  70081f7c    0000007f     (.common:memp_memory_RAW_PCB_base)
                  70081ffb    00000001     --HOLE--
                  70081ffc    00000058     freertos.am263px.r5f.ti-arm-clang.debug.lib : DebugP_freertos.obj (.bss.gDebugLogLockObj)
                  70082054    00000050                                                 : timers.obj (.bss.prvCheckForValidListAndQueue.xStaticTimerQueue)
                  700820a4    00000050     (.common:gRovDummyQueue)
                  700820f4    00000030     lwip-freertos.am263px.r5f.ti-arm-clang.debug.lib : dns.obj (.bss.dns_requests)
                  70082124    00000029     enet-cpsw.am263px.r5f.ti-arm-clang.freertos.debug.lib : enetphy.obj (.bss.gEnetPhyCapsBuf)
                  7008214d    00000003     --HOLE--
                  70082150    00000028     lwip-freertos.am263px.r5f.ti-arm-clang.debug.lib : dhcp.obj (.bss.dhcp_rx_options_val)
                  70082178    00000024     enet-cpsw.am263px.r5f.ti-arm-clang.freertos.debug.lib : enet_cpdma_priv.obj (.bss.gCpswDmaMemMgrObj)
                  7008219c    0000001f     (.common:memp_memory_PBUF_POOL_base)
                  700821bb    00000001     --HOLE--
                  700821bc    00000004     lwip-freertos.am263px.r5f.ti-arm-clang.debug.lib : timeouts.obj (.bss.current_timeout_due_time)
                  700821c0    00000018     (.common:gClockCtrl)
                  700821d8    00000018     (.common:ip_data)
                  700821f0    00000014     freertos.am263px.r5f.ti-arm-clang.debug.lib : timers.obj (.bss.xActiveTimerList2)
                  70082204    00000014                                                 : tasks.obj (.bss.xDelayedTaskList1)
                  70082218    00000014                                                 : tasks.obj (.bss.xDelayedTaskList2)
                  7008222c    00000014                                                 : tasks.obj (.bss.xPendingReadyList)
                  70082240    00000014                                                 : tasks.obj (.bss.xSuspendedTaskList)
                  70082254    00000014                                                 : tasks.obj (.bss.xTasksWaitingTermination)
                  70082268    00000010     lwip-freertos.am263px.r5f.ti-arm-clang.debug.lib : memp.obj (.bss.memp_stats_ALTCP_PCB)
                  70082278    00000010                                                      : memp.obj (.bss.memp_stats_ARP_QUEUE)
                  70082288    00000010                                                      : memp.obj (.bss.memp_stats_FRAG_PBUF)
                  70082298    00000010                                                      : memp.obj (.bss.memp_stats_IGMP_GROUP)
                  700822a8    00000010                                                      : memp.obj (.bss.memp_stats_NETBUF)
                  700822b8    00000010                                                      : memp.obj (.bss.memp_stats_NETCONN)
                  700822c8    00000010                                                      : memp.obj (.bss.memp_stats_NETDB)
                  700822d8    00000010                                                      : memp.obj (.bss.memp_stats_PBUF)
                  700822e8    00000010                                                      : memp.obj (.bss.memp_stats_PBUF_POOL)
                  700822f8    00000010                                                      : memp.obj (.bss.memp_stats_POOL_128)
                  70082308    00000010                                                      : memp.obj (.bss.memp_stats_POOL_1568)
                  70082318    00000010                                                      : memp.obj (.bss.memp_stats_POOL_4096)
                  70082328    00000010                                                      : memp.obj (.bss.memp_stats_RAW_PCB)
                  70082338    00000010                                                      : memp.obj (.bss.memp_stats_REASSDATA)
                  70082348    00000010                                                      : memp.obj (.bss.memp_stats_SYS_MBOX)
                  70082358    00000010                                                      : memp.obj (.bss.memp_stats_SYS_TIMEOUT)
                  70082368    00000010                                                      : memp.obj (.bss.memp_stats_TCPIP_MSG_API)
                  70082378    00000010                                                      : memp.obj (.bss.memp_stats_TCPIP_MSG_INPKT)
                  70082388    00000010                                                      : memp.obj (.bss.memp_stats_TCP_PCB)
                  70082398    00000010                                                      : memp.obj (.bss.memp_stats_TCP_PCB_LISTEN)
                  700823a8    00000010                                                      : memp.obj (.bss.memp_stats_TCP_SEG)
                  700823b8    00000010                                                      : memp.obj (.bss.memp_stats_UDP_PCB)
                  700823c8    00000010     (.common:virtToPhymap)
                  700823d8    0000000a                                                      : dhcp.obj (.bss.dhcp_rx_options_given)
                  700823e2    00000002     --HOLE--
                  700823e4    00000008                                                      : dns.obj (.bss.dns_servers)
                  700823ec    00000008     libsysbm.a : hostopen.c.obj (.bss.parmbuf)
                  700823f4    00000004     lwip-freertos.am263px.r5f.ti-arm-clang.debug.lib : dhcp.obj (.bss.dhcp_create_msg.xid)
                  700823f8    00000004                                                      : dhcp.obj (.bss.dhcp_pcb)
                  700823fc    00000004                                                      : netif.obj (.bss.ext_callback)
                  70082400    00000004     freertos.am263px.r5f.ti-arm-clang.debug.lib : DebugP_shmLogReader_freertos.obj (.bss.gDebugShmLogReaderTask)
                  70082404    00000004                                                 : HwiP_armv7r_handlers_freertos.obj (.bss.gdummy)
                  70082408    00000004                                                 : HwiP_armv7r_vim.obj (.bss.gdummy)
                  7008240c    00000004     lwip-freertos.am263px.r5f.ti-arm-clang.debug.lib : ip4.obj (.bss.ip4_default_multicast_netif)
                  70082410    00000004                                                      : sys_arch.obj (.bss.lwip_core_lock_holder_thread)
                  70082414    00000004                                                      : sys_arch.obj (.bss.lwip_tcpip_thread)
                  70082418    00000004                                                      : memp.obj (.bss.memp_tab_ALTCP_PCB)
                  7008241c    00000004                                                      : memp.obj (.bss.memp_tab_ARP_QUEUE)
                  70082420    00000004                                                      : memp.obj (.bss.memp_tab_FRAG_PBUF)
                  70082424    00000004                                                      : memp.obj (.bss.memp_tab_IGMP_GROUP)
                  70082428    00000004                                                      : memp.obj (.bss.memp_tab_NETBUF)
                  7008242c    00000004                                                      : memp.obj (.bss.memp_tab_NETCONN)
                  70082430    00000004                                                      : memp.obj (.bss.memp_tab_NETDB)
                  70082434    00000004                                                      : memp.obj (.bss.memp_tab_PBUF)
                  70082438    00000004                                                      : memp.obj (.bss.memp_tab_PBUF_POOL)
                  7008243c    00000004                                                      : memp.obj (.bss.memp_tab_POOL_128)
                  70082440    00000004                                                      : memp.obj (.bss.memp_tab_POOL_1568)
                  70082444    00000004                                                      : memp.obj (.bss.memp_tab_POOL_4096)
                  70082448    00000004                                                      : memp.obj (.bss.memp_tab_RAW_PCB)
                  7008244c    00000004                                                      : memp.obj (.bss.memp_tab_REASSDATA)
                  70082450    00000004                                                      : memp.obj (.bss.memp_tab_SYS_MBOX)
                  70082454    00000004                                                      : memp.obj (.bss.memp_tab_SYS_TIMEOUT)
                  70082458    00000004                                                      : memp.obj (.bss.memp_tab_TCPIP_MSG_API)
                  7008245c    00000004                                                      : memp.obj (.bss.memp_tab_TCPIP_MSG_INPKT)
                  70082460    00000004                                                      : memp.obj (.bss.memp_tab_TCP_PCB)
                  70082464    00000004                                                      : memp.obj (.bss.memp_tab_TCP_PCB_LISTEN)
                  70082468    00000004                                                      : memp.obj (.bss.memp_tab_TCP_SEG)
                  7008246c    00000004                                                      : memp.obj (.bss.memp_tab_UDP_PCB)
                  70082470    00000004                                                      : timeouts.obj (.bss.next_timeout)
                  70082474    00000004     freertos.am263px.r5f.ti-arm-clang.debug.lib : timers.obj (.bss.pxCurrentTimerList)
                  70082478    00000004                                                 : tasks.obj (.bss.pxDelayedTaskList)
                  7008247c    00000004                                                 : tasks.obj (.bss.pxOverflowDelayedTaskList)
                  70082480    00000004                                                 : timers.obj (.bss.pxOverflowTimerList)
                  70082484    00000004     lwip-freertos.am263px.r5f.ti-arm-clang.debug.lib : raw.obj (.bss.raw_pcbs)
                  70082488    00000004                                                      : ip4_frag.obj (.bss.reassdatagrams)
                  7008248c    00000004                                                      : sys_arch.obj (.bss.sys_arch_protect_mutex)
                  70082490    00000004                                                      : sys_arch.obj (.bss.sys_arch_protect_nesting)
                  70082494    00000004     libc.a : memory.c.obj (.bss.sys_free)
                  70082498    00000004     lwip-freertos.am263px.r5f.ti-arm-clang.debug.lib : tcpip.obj (.bss.tcpip_init_done)
                  7008249c    00000004                                                      : tcpip.obj (.bss.tcpip_init_done_arg)
                  700824a0    00000004                                                      : tcpip.obj (.bss.tcpip_mbox)
                  700824a4    00000004     freertos.am263px.r5f.ti-arm-clang.debug.lib : tasks.obj (.bss.xIdleTaskHandles)
                  700824a8    00000004     (.common:gEepromHandle)
                  700824ac    00000004     (.common:gI2cHandle)
                  700824b0    00000004     (.common:gUartHandle)
                  700824b4    00000004     (.common:lock_tcpip_core)
                  700824b8    00000004     (.common:netif_default)
                  700824bc    00000004     (.common:netif_list)
                  700824c0    00000004     (.common:tcp_active_pcbs)
                  700824c4    00000004     (.common:tcp_bound_pcbs)
                  700824c8    00000004     (.common:tcp_input_pcb)
                  700824cc    00000004     (.common:tcp_listen_pcbs)
                  700824d0    00000004     (.common:tcp_ticks)
                  700824d4    00000004     (.common:tcp_tw_pcbs)
                  700824d8    00000004     (.common:udp_pcbs)
                  700824dc    00000004     --HOLE--

.sysmem    0    700824e0    00008000     UNINITIALIZED
                  700824e0    00000010     libc.a : memory.c.obj (.sysmem)
                  700824f0    00007ff0     --HOLE--

.stack     0    7008a4e0    00004000     UNINITIALIZED
                  7008a4e0    00000004     freertos.am263px.r5f.ti-arm-clang.debug.lib : boot_armv7r_asm.obj (.stack)
                  7008a4e4    00003ffc     --HOLE--

.text      0    7008e4e0    00041740     
                  7008e4e0    00000abe     enet-cpsw.am263px.r5f.ti-arm-clang.freertos.debug.lib : enet_cpdma.obj (.text.EnetCpdma_dequeueTx)
                  7008ef9e    00000002     --HOLE-- [fill = 0]
                  7008efa0    00000a34     freertos.am263px.r5f.ti-arm-clang.debug.lib : printf.obj (.text._vsnprintf)
                  7008f9d4    0000000c     libclang_rt.builtins.a : aeabi_memset.S.obj (.text.__aeabi_memclr)
                  7008f9e0    0000099a     enet-cpsw.am263px.r5f.ti-arm-clang.freertos.debug.lib : enet_cpdma.obj (.text.EnetCpdma_dequeueRx)
                  7009037a    00000002     --HOLE-- [fill = 0]
                  7009037c    00000004     libclang_rt.builtins.a : aeabi_div0.c.obj (.text.__aeabi_idiv0)
                  70090380    00000960     lwip-freertos.am263px.r5f.ti-arm-clang.debug.lib : tcp.obj (.text.tcp_slowtmr)
                  70090ce0    000007a4     drivers.am263px.r5f.ti-arm-clang.freertos.debug.lib : i2c_v1_lld.obj (.text.I2C_lld_primeTransferPoll)
                  70091484    0000000c     libc.a : memory.c.obj (.text.malloc)
                  70091490    00000678     drivers.am263px.r5f.ti-arm-clang.freertos.debug.lib : soc_rcm.obj (.text.SOC_rcmGetClkSrcAndDivReg)
                  70091b08    00000008     libsysbm.a : hostexit.c.obj (.text.HOSTexit)
                  70091b10    00000654     lwip-freertos.am263px.r5f.ti-arm-clang.debug.lib : dhcp.obj (.text.dhcp_parse_reply)
                  70092164    0000000c     freertos.am263px.r5f.ti-arm-clang.debug.lib : CpuId_armv7r_asm.obj (.text)
                  70092170    00000638     drivers.am263px.r5f.ti-arm-clang.freertos.debug.lib : soc_rcm.obj (.text.SOC_rcmEnablePeripheralClock)
                  700927a8    00000004     libclang_rt.builtins.a : aeabi_div0.c.obj (.text.__aeabi_ldiv0)
                  700927ac    00000004                            : aeabi_memcpy.S.obj (.text.__aeabi_memcpy)
                  700927b0    00000606     enet-cpsw.am263px.r5f.ti-arm-clang.freertos.debug.lib : enet_cpdma.obj (.text.EnetCpdma_enqueueRx)
                  70092db6    00000002     --HOLE-- [fill = 0]
                  70092db8    00000004     libc.a : _lock.c.obj (.text._nop)
                  70092dbc    00000004            : fseek.c.obj (.text.fseek)
                  70092dc0    000005e2     freertos.am263px.r5f.ti-arm-clang.debug.lib : printf.obj (.text._ftoa)
                  700933a2    00000002     --HOLE-- [fill = 0]
                  700933a4    00000004     libsysbm.a : remove.c.obj (.text.remove)
                  700933a8    00000008     --HOLE-- [fill = 0]
                  700933b0    00000552     enet-cpsw.am263px.r5f.ti-arm-clang.freertos.debug.lib : cpsw_ale.obj (.text.CpswAle_open)
                  70093902    0000000e     --HOLE-- [fill = 0]
                  70093910    00000506                                                           : enet_cpdma.obj (.text.EnetCpdma_enqueueTx)
                  70093e16    0000000a     --HOLE-- [fill = 0]
                  70093e20    000004d8     lwip-freertos.am263px.r5f.ti-arm-clang.debug.lib : tcp_out.obj (.text.tcp_output)
                  700942f8    00000008     --HOLE-- [fill = 0]
                  70094300    000004b0     freertos.am263px.r5f.ti-arm-clang.debug.lib : printf.obj (.text._etoa)
                  700947b0    00000466     board.am263px.r5f.ti-arm-clang.freertos.debug.lib : dp83869.obj (.text.Dp83869_printRegs)
                  70094c16    0000000a     --HOLE-- [fill = 0]
                  70094c20    00000446     enet-cpsw.am263px.r5f.ti-arm-clang.freertos.debug.lib : cpsw_macport.obj (.text.CpswMacPort_open)
                  70095066    0000000a     --HOLE-- [fill = 0]
                  70095070    0000043e                                                           : enet_rm.obj (.text.EnetRm_detachCore)
                  700954ae    00000002     --HOLE-- [fill = 0]
                  700954b0    00000404     drivers.am263px.r5f.ti-arm-clang.freertos.debug.lib : uart_v0.obj (.text.UART_open)
                  700958b4    0000000c     --HOLE-- [fill = 0]
                  700958c0    000003e2     enet-cpsw.am263px.r5f.ti-arm-clang.freertos.debug.lib : enet_rm.obj (.text.EnetRm_close)
                  70095ca2    0000000e     --HOLE-- [fill = 0]
                  70095cb0    000003dc     drivers.am263px.r5f.ti-arm-clang.freertos.debug.lib : ipc_notify_v1.obj (.text.IpcNotify_init)
                  7009608c    000003dc     libc.a : _printfi.c.obj (.text:__TI_printfi_minimal)
                  70096468    00000008     --HOLE-- [fill = 0]
                  70096470    000003d2     drivers.am263px.r5f.ti-arm-clang.freertos.debug.lib : soc.obj (.text.SOC_phyToVirt)
                  70096842    0000000e     --HOLE-- [fill = 0]
                  70096850    000003ba     lwip-freertos.am263px.r5f.ti-arm-clang.debug.lib : udp.obj (.text.udp_sendto_if_src)
                  70096c0a    00000006     --HOLE-- [fill = 0]
                  70096c10    000003b0                                                      : tcp_out.obj (.text.tcp_split_unsent_seg)
                  70096fc0    000003a2     enet-cpsw.am263px.r5f.ti-arm-clang.freertos.debug.lib : cpsw.obj (.text.Cpsw_registerIntrs)
                  70097362    0000000e     --HOLE-- [fill = 0]
                  70097370    00000398                                                           : mdio.obj (.text.Mdio_open)
                  70097708    00000018     libc.a : memset32.S.obj (.text:TI_memset_small)
                  70097720    00000390            : strcmp32.S.obj (.text:strcmp)
                  70097ab0    00000380     lwip-freertos.am263px.r5f.ti-arm-clang.debug.lib : ip4_frag.obj (.text.ip4_frag)
                  70097e30    0000036e     enet-cpsw.am263px.r5f.ti-arm-clang.freertos.debug.lib : cpsw.obj (.text.Cpsw_handleLinkDown)
                  7009819e    00000002     --HOLE-- [fill = 0]
                  700981a0    0000036a                                                           : enet_appmemutils.obj (.text.EnetMem_initCore)
                  7009850a    00000006     --HOLE-- [fill = 0]
                  70098510    00000356     drivers.am263px.r5f.ti-arm-clang.freertos.debug.lib : i2c_v1.obj (.text.I2C_open)
                  70098866    0000000a     --HOLE-- [fill = 0]
                  70098870    0000034a     enet-cpsw.am263px.r5f.ti-arm-clang.freertos.debug.lib : cpsw.obj (.text.Cpsw_openInternal)
                  70098bba    00000006     --HOLE-- [fill = 0]
                  70098bc0    0000033a                                                           : cpsw_ioctl.obj (.text.Cpsw_openPortLinkNoPhy)
                  70098efa    00000006     --HOLE-- [fill = 0]
                  70098f00    00000330                                                           : cpsw.obj (.text.Cpsw_open)
                  70099230    00000326     lwip-freertos.am263px.r5f.ti-arm-clang.debug.lib : ip4.obj (.text.ip4_output_if_opt_src)
                  70099556    0000000a     --HOLE-- [fill = 0]
                  70099560    00000320     motor_mapping.o (.text.motor_mapping_init_core0)
                  70099880    0000031e     lwip-freertos.am263px.r5f.ti-arm-clang.debug.lib : tcp_out.obj (.text.tcp_enqueue_flags)
                  70099b9e    00000002     --HOLE-- [fill = 0]
                  70099ba0    00000302     drivers.am263px.r5f.ti-arm-clang.freertos.debug.lib : soc.obj (.text.SOC_virtToPhy)
                  70099ea2    0000000e     --HOLE-- [fill = 0]
                  70099eb0    000002f8     lwip-freertos.am263px.r5f.ti-arm-clang.debug.lib : pbuf.obj (.text.pbuf_alloc)
                  7009a1a8    00000008     --HOLE-- [fill = 0]
                  7009a1b0    000002f2     enet-cpsw.am263px.r5f.ti-arm-clang.freertos.debug.lib : enet_cpdma.obj (.text.EnetCpdma_open)
                  7009a4a2    0000000e     --HOLE-- [fill = 0]
                  7009a4b0    000002e6                                                           : csl_cpsw.obj (.text.CSL_CPSW_setPortRxDscpMap)
                  7009a796    0000000a     --HOLE-- [fill = 0]
                  7009a7a0    000002e6     ti_enet_open_close.o (.text.EnetApp_driverOpen)
                  7009aa86    0000000a     --HOLE-- [fill = 0]
                  7009aa90    000002da     enet-cpsw.am263px.r5f.ti-arm-clang.freertos.debug.lib : cpsw.obj (.text.Cpsw_periodicTick)
                  7009ad6a    00000006     --HOLE-- [fill = 0]
                  7009ad70    000002d2                                                           : enetphy.obj (.text.EnetPhy_enableState)
                  7009b042    0000000e     --HOLE-- [fill = 0]
                  7009b050    000002bc     lwip-freertos.am263px.r5f.ti-arm-clang.debug.lib : tcp_out.obj (.text.tcp_output_segment)
                  7009b30c    00000004     --HOLE-- [fill = 0]
                  7009b310    000002ba     drivers.am263px.r5f.ti-arm-clang.freertos.debug.lib : i2c_v1_lld.obj (.text.I2C_lld_controllerIsr)
                  7009b5ca    00000006     --HOLE-- [fill = 0]
                  7009b5d0    000002ba     lwip-freertos.am263px.r5f.ti-arm-clang.debug.lib : pbuf.obj (.text.pbuf_copy_partial_pbuf)
                  7009b88a    00000006     --HOLE-- [fill = 0]
                  7009b890    000002b8     enet-cpsw.am263px.r5f.ti-arm-clang.freertos.debug.lib : cpsw.obj (.text.Cpsw_handleLinkUp)
                  7009bb48    00000008     --HOLE-- [fill = 0]
                  7009bb50    000002a8                                                           : cpsw_ale.obj (.text.CpswAle_addVlan)
                  7009bdf8    00000008     --HOLE-- [fill = 0]
                  7009be00    0000029a     drivers.am263px.r5f.ti-arm-clang.freertos.debug.lib : i2c_v1_lld.obj (.text.I2C_lld_targetIsr)
                  7009c09a    00000006     --HOLE-- [fill = 0]
                  7009c0a0    00000298     xgw_udp_interface.o (.text.xgw_udp_process_motor_cmd)
                  7009c338    00000008     --HOLE-- [fill = 0]
                  7009c340    00000296     lwip-freertos.am263px.r5f.ti-arm-clang.debug.lib : tcp.obj (.text.tcp_close_shutdown)
                  7009c5d6    0000000a     --HOLE-- [fill = 0]
                  7009c5e0    00000290     enet-cpsw.am263px.r5f.ti-arm-clang.freertos.debug.lib : cpsw.obj (.text.Cpsw_registerIoctlHandler)
                  7009c870    0000028e                                                           : csl_cpsw.obj (.text.CSL_CPSW_setAlePolicerEntry)
                  7009cafe    00000002     --HOLE-- [fill = 0]
                  7009cb00    00000286                                                           : csl_cpsw.obj (.text.CSL_CPSW_getAlePolicerEntry)
                  7009cd86    0000000a     --HOLE-- [fill = 0]
                  7009cd90    0000027e                                                           : cpsw_ale.obj (.text.CpswAle_findVlan)
                  7009d00e    00000002     --HOLE-- [fill = 0]
                  7009d010    0000027e     drivers.am263px.r5f.ti-arm-clang.freertos.debug.lib : uart_dma_edma.obj (.text.UART_edmaChInit)
                  7009d28e    00000002     --HOLE-- [fill = 0]
                  7009d290    0000027a     enet-cpsw.am263px.r5f.ti-arm-clang.freertos.debug.lib : cpsw.obj (.text.Cpsw_ioctl)
                  7009d50a    00000006     --HOLE-- [fill = 0]
                  7009d510    00000266                                                           : cpsw_est_ioctl.obj (.text.CpswEst_ioctl_handler_ENET_TAS_IOCTL_SET_STATE)
                  7009d776    0000000a     --HOLE-- [fill = 0]
                  7009d780    00000266     freertos.am263px.r5f.ti-arm-clang.debug.lib : tasks.obj (.text.xTaskIncrementTick)
                  7009d9e6    0000000a     --HOLE-- [fill = 0]
                  7009d9f0    0000025a     lwip-freertos.am263px.r5f.ti-arm-clang.debug.lib : ip4_frag.obj (.text.ip_reass_free_complete_datagram)
                  7009dc4a    00000006     --HOLE-- [fill = 0]
                  7009dc50    0000025a     freertos.am263px.r5f.ti-arm-clang.debug.lib : tasks.obj (.text.xTaskResumeAll)
                  7009deaa    00000006     --HOLE-- [fill = 0]
                  7009deb0    00000250     drivers.am263px.r5f.ti-arm-clang.freertos.debug.lib : edma.obj (.text.Alloc_resource)
                  7009e100    0000024c     enet-cpsw.am263px.r5f.ti-arm-clang.freertos.debug.lib : cpsw_macport_ioctl.obj (.text.CpswMacPort_enablePort)
                  7009e34c    00000004     --HOLE-- [fill = 0]
                  7009e350    00000246     lwip-freertos.am263px.r5f.ti-arm-clang.debug.lib : dns.obj (.text.dns_send)
                  7009e596    0000000a     --HOLE-- [fill = 0]
                  7009e5a0    00000242     enet-cpsw.am263px.r5f.ti-arm-clang.freertos.debug.lib : enetphy.obj (.text.EnetPhy_bindDriver)
                  7009e7e2    0000000e     --HOLE-- [fill = 0]
                  7009e7f0    00000242     drivers.am263px.r5f.ti-arm-clang.freertos.debug.lib : uart_v0_lld.obj (.text.UART_fifoConfig)
                  7009ea32    0000000e     --HOLE-- [fill = 0]
                  7009ea40    00000240     main.o (.text.core0_init)
                  7009ec80    0000023e     enet-cpsw.am263px.r5f.ti-arm-clang.freertos.debug.lib : cpsw_cpts_ioctl.obj (.text.CpswCpts_handleEvents)
                  7009eebe    00000002     --HOLE-- [fill = 0]
                  7009eec0    0000023e     freertos.am263px.r5f.ti-arm-clang.debug.lib : printf.obj (.text._ntoa_format)
                  7009f0fe    00000002     --HOLE-- [fill = 0]
                  7009f100    00000238     main.o (.text.freertos_main)
                  7009f338    00000008     --HOLE-- [fill = 0]
                  7009f340    00000234     enet-cpsw.am263px.r5f.ti-arm-clang.freertos.debug.lib : cpsw_hostport.obj (.text.CpswHostPort_open)
                  7009f574    0000000c     --HOLE-- [fill = 0]
                  7009f580    0000022c                                                           : enet_cpdma_priv.obj (.text.EnetCpdma_memMgrInit)
                  7009f7ac    00000004     --HOLE-- [fill = 0]
                  7009f7b0    0000022a     lwip-freertos.am263px.r5f.ti-arm-clang.debug.lib : dhcp.obj (.text.dhcp_select)
                  7009f9da    00000006     --HOLE-- [fill = 0]
                  7009f9e0    00000226     drivers.am263px.r5f.ti-arm-clang.freertos.debug.lib : uart_dma_edma.obj (.text.UART_lld_dmaDeInit)
                  7009fc06    0000000a     --HOLE-- [fill = 0]
                  7009fc10    00000222                                                         : ipc_notify_v1.obj (.text.IpcNotify_isr)
                  7009fe32    0000000e     --HOLE-- [fill = 0]
                  7009fe40    00000220     enet-cpsw.am263px.r5f.ti-arm-clang.freertos.debug.lib : enet_rm_ioctl.obj (.text.EnetRm_allocMacAddr)
                  700a0060    00000220     freertos.am263px.r5f.ti-arm-clang.debug.lib : tasks.obj (.text.vTaskGenericNotifyGiveFromISR)
                  700a0280    00000220                                                 : queue.obj (.text.xQueueGenericSend)
                  700a04a0    0000021a     enet-cpsw.am263px.r5f.ti-arm-clang.freertos.debug.lib : cpsw_stats.obj (.text.CpswStats_open)
                  700a06ba    00000006     --HOLE-- [fill = 0]
                  700a06c0    0000020a     lwip-freertos.am263px.r5f.ti-arm-clang.debug.lib : tcp.obj (.text.tcp_pcb_remove)
                  700a08ca    00000006     --HOLE-- [fill = 0]
                  700a08d0    0000020a     freertos.am263px.r5f.ti-arm-clang.debug.lib : queue.obj (.text.xQueueSemaphoreTake)
                  700a0ada    00000006     --HOLE-- [fill = 0]
                  700a0ae0    00000206     enet-cpsw.am263px.r5f.ti-arm-clang.freertos.debug.lib : cpsw_cpts.obj (.text.CpswCpts_open)
                  700a0ce6    0000000a     --HOLE-- [fill = 0]
                  700a0cf0    00000206     lwip-freertos.am263px.r5f.ti-arm-clang.debug.lib : dhcp.obj (.text.dhcp_recv)
                  700a0ef6    0000000a     --HOLE-- [fill = 0]
                  700a0f00    00000204     enet-cpsw.am263px.r5f.ti-arm-clang.freertos.debug.lib : enetphy.obj (.text.EnetPhy_open)
                  700a1104    0000000c     --HOLE-- [fill = 0]
                  700a1110    000001fe                                                           : cpsw_stats_ioctl.obj (.text.CpswStats_readHostStats)
                  700a130e    00000002     --HOLE-- [fill = 0]
                  700a1310    000001fe     lwip-freertos.am263px.r5f.ti-arm-clang.debug.lib : pbuf.obj (.text.pbuf_free)
                  700a150e    00000002     --HOLE-- [fill = 0]
                  700a1510    000001f8     main.o (.text.build_and_send_udp_packet)
                  700a1708    00000008     --HOLE-- [fill = 0]
                  700a1710    000001f8     xgw_udp_interface.o (.text.xgw_udp_process_motor_set)
                  700a1908    00000008     --HOLE-- [fill = 0]
                  700a1910    000001f6     lwip-freertos.am263px.r5f.ti-arm-clang.debug.lib : dhcp.obj (.text.dhcp_create_msg)
                  700a1b06    0000000a     --HOLE-- [fill = 0]
                  700a1b10    000001f2     drivers.am263px.r5f.ti-arm-clang.freertos.debug.lib : i2c_v1.obj (.text.I2C_primeTransfer)
                  700a1d02    0000000e     --HOLE-- [fill = 0]
                  700a1d10    000001f2                                                         : i2c_v1.obj (.text.I2C_transfer)
                  700a1f02    0000000e     --HOLE-- [fill = 0]
                  700a1f10    000001ee     enet-cpsw.am263px.r5f.ti-arm-clang.freertos.debug.lib : cpsw_ale.obj (.text.CpswAle_setAleCfg)
                  700a20fe    00000002     --HOLE-- [fill = 0]
                  700a2100    000001ee                                                           : cpsw_ioctl.obj (.text.Cpsw_openPortLinkWithPhy)
                  700a22ee    00000002     --HOLE-- [fill = 0]
                  700a22f0    000001ea                                                           : cpsw_hostport.obj (.text.CpswHostPort_ioctl)
                  700a24da    00000006     --HOLE-- [fill = 0]
                  700a24e0    000001ea                                                           : cpsw_stats.obj (.text.CpswStats_ioctl)
                  700a26ca    00000006     --HOLE-- [fill = 0]
                  700a26d0    000001ea                                                           : cpsw_ioctl.obj (.text.Cpsw_openPortLink)
                  700a28ba    00000006     --HOLE-- [fill = 0]
                  700a28c0    000001ea     lwip-freertos.am263px.r5f.ti-arm-clang.debug.lib : tcp.obj (.text.tcp_abandon)
                  700a2aaa    00000006     --HOLE-- [fill = 0]
                  700a2ab0    000001e2     ti_enet_open_close.o (.text.EnetApp_initLinkArgs)
                  700a2c92    0000000e     --HOLE-- [fill = 0]
                  700a2ca0    000001e2     lwip-freertos.am263px.r5f.ti-arm-clang.debug.lib : pbuf.obj (.text.pbuf_realloc)
                  700a2e82    0000000e     --HOLE-- [fill = 0]
                  700a2e90    000001e0     enet-cpsw.am263px.r5f.ti-arm-clang.freertos.debug.lib : cpsw_stats_ioctl.obj (.text.CpswStats_readMacStats)
                  700a3070    000001e0     lwip-freertos.am263px.r5f.ti-arm-clang.debug.lib : dhcp.obj (.text.dhcp_bind)
                  700a3250    000001da     enet-cpsw.am263px.r5f.ti-arm-clang.freertos.debug.lib : enet.obj (.text.Enet_validateIoctl)
                  700a342a    00000006     --HOLE-- [fill = 0]
                  700a3430    000001d8     freertos.am263px.r5f.ti-arm-clang.debug.lib : queue.obj (.text.xQueueReceive)
                  700a3608    00000008     --HOLE-- [fill = 0]
                  700a3610    000001d6                                                 : TimerP_rti_priv.obj (.text.TimerP_setupPriv)
                  700a37e6    0000000a     --HOLE-- [fill = 0]
                  700a37f0    000001d4     enet-cpsw.am263px.r5f.ti-arm-clang.freertos.debug.lib : mdio.obj (.text.Mdio_ioctl)
                  700a39c4    000001d0     libclang_rt.builtins.a : udivsi3.S.obj (.text.__udivsi3)
                  700a3b94    0000000c     --HOLE-- [fill = 0]
                  700a3ba0    000001c8     lwip-freertos.am263px.r5f.ti-arm-clang.debug.lib : etharp.obj (.text.etharp_raw)
                  700a3d68    00000008     --HOLE-- [fill = 0]
                  700a3d70    000001c6     enet-cpsw.am263px.r5f.ti-arm-clang.freertos.debug.lib : enet_rm_ioctl.obj (.text.EnetRm_allocTxChNum)
                  700a3f36    0000000a     --HOLE-- [fill = 0]
                  700a3f40    000001c6     lwip-freertos.am263px.r5f.ti-arm-clang.debug.lib : tcp_out.obj (.text.tcp_create_segment)
                  700a4106    0000000a     --HOLE-- [fill = 0]
                  700a4110    000001c2     enet-cpsw.am263px.r5f.ti-arm-clang.freertos.debug.lib : enet.obj (.text.Enet_validateGenericIoctl)
                  700a42d2    0000000e     --HOLE-- [fill = 0]
                  700a42e0    000001bc     freertos.am263px.r5f.ti-arm-clang.debug.lib : tasks.obj (.text.xTaskRemoveFromEventList)
                  700a449c    00000004     --HOLE-- [fill = 0]
                  700a44a0    000001b4     enet-cpsw.am263px.r5f.ti-arm-clang.freertos.debug.lib : enet_rm.obj (.text.EnetRm_open)
                  700a4654    0000000c     --HOLE-- [fill = 0]
                  700a4660    000001b0                                                           : cpsw_ale.obj (.text.CpswAle_delPolicerEntry)
                  700a4810    000001b0     lwip-freertos.am263px.r5f.ti-arm-clang.debug.lib : dns.obj (.text.dns_call_found)
                  700a49c0    000001ae     ti_enet_open_close.o (.text.EnetApp_ConfigureDscpMapping)
                  700a4b6e    00000002     --HOLE-- [fill = 0]
                  700a4b70    000001ac     drivers.am263px.r5f.ti-arm-clang.freertos.debug.lib : uart_v0.obj (.text.UART_close)
                  700a4d1c    00000004     --HOLE-- [fill = 0]
                  700a4d20    000001aa     enet-cpsw.am263px.r5f.ti-arm-clang.freertos.debug.lib : mdio_ioctl.obj (.text.Mdio_readRegC45)
                  700a4eca    00000006     --HOLE-- [fill = 0]
                  700a4ed0    000001aa     drivers.am263px.r5f.ti-arm-clang.freertos.debug.lib : uart_dma_edma.obj (.text.UART_lld_dmaWrite)
                  700a507a    00000006     --HOLE-- [fill = 0]
                  700a5080    000001aa     lwip-freertos.am263px.r5f.ti-arm-clang.debug.lib : mem.obj (.text.mem_free)
                  700a522a    00000002     --HOLE-- [fill = 0]
                  700a522c    000001a8     libc.a : memory.c.obj (.text.free)
                  700a53d4    000001a4            : memory.c.obj (.text.aligned_alloc)
                  700a5578    00000008     --HOLE-- [fill = 0]
                  700a5580    000001a4     freertos.am263px.r5f.ti-arm-clang.debug.lib : timers.obj (.text.prvProcessReceivedCommands)
                  700a5724    0000000c     --HOLE-- [fill = 0]
                  700a5730    000001a0     drivers.am263px.r5f.ti-arm-clang.freertos.debug.lib : uart_v0.obj (.text.UART_write)
                  700a58d0    000001a0     lwip-freertos.am263px.r5f.ti-arm-clang.debug.lib : pbuf.obj (.text.pbuf_take)
                  700a5a70    000001a0     freertos.am263px.r5f.ti-arm-clang.debug.lib : tasks.obj (.text.vTaskSwitchContext)
                  700a5c10    0000019e     enet-cpsw.am263px.r5f.ti-arm-clang.freertos.debug.lib : cpsw_ale_ioctl.obj (.text.CpswAle_addMcastAddr)
                  700a5dae    00000002     --HOLE-- [fill = 0]
                  700a5db0    0000019c     libc.a : fputs.c.obj (.text.fputs)
                  700a5f4c    00000004     --HOLE-- [fill = 0]
                  700a5f50    0000019a     enet-cpsw.am263px.r5f.ti-arm-clang.freertos.debug.lib : cpsw_cpts.obj (.text.CpswCpts_ioctl)
                  700a60ea    00000006     --HOLE-- [fill = 0]
                  700a60f0    0000019a     lwip-freertos.am263px.r5f.ti-arm-clang.debug.lib : dns.obj (.text.dns_check_entry)
                  700a628a    00000006     --HOLE-- [fill = 0]
                  700a6290    0000019a     freertos.am263px.r5f.ti-arm-clang.debug.lib : tasks.obj (.text.vTaskPriorityDisinheritAfterTimeout)
                  700a642a    00000006     --HOLE-- [fill = 0]
                  700a6430    00000198     drivers.am263px.r5f.ti-arm-clang.freertos.debug.lib : uart_v0_lld.obj (.text.UART_lld_controllerIsr)
                  700a65c8    00000008     --HOLE-- [fill = 0]
                  700a65d0    00000196     lwip-freertos.am263px.r5f.ti-arm-clang.debug.lib : dhcp.obj (.text.dhcp_reboot)
                  700a6766    0000000a     --HOLE-- [fill = 0]
                  700a6770    00000194     enet-cpsw.am263px.r5f.ti-arm-clang.freertos.debug.lib : cpsw_ale.obj (.text.CpswAle_ioctl)
                  700a6904    0000000c     --HOLE-- [fill = 0]
                  700a6910    00000194                                                           : cpsw_macport.obj (.text.CpswMacPort_ioctl)
                  700a6aa4    0000000c     --HOLE-- [fill = 0]
                  700a6ab0    00000192     lwip-freertos.am263px.r5f.ti-arm-clang.debug.lib : tcp_out.obj (.text.tcp_zero_window_probe)
                  700a6c42    0000000e     --HOLE-- [fill = 0]
                  700a6c50    00000190     xgw_udp_interface.o (.text.xgw_udp_send_motor_states)
                  700a6de0    0000018a     enet-cpsw.am263px.r5f.ti-arm-clang.freertos.debug.lib : enet_rm.obj (.text.EnetRm_ioctl)
                  700a6f6a    00000006     --HOLE-- [fill = 0]
                  700a6f70    0000018a     lwip-freertos.am263px.r5f.ti-arm-clang.debug.lib : sys_arch.obj (.text.sys_arch_mbox_fetch)
                  700a70fa    00000006     --HOLE-- [fill = 0]
                  700a7100    00000188     freertos.am263px.r5f.ti-arm-clang.debug.lib : ClockP_freertos_r5.obj (.text.ClockP_init)
                  700a7288    00000008     --HOLE-- [fill = 0]
                  700a7290    00000186     lwip-freertos.am263px.r5f.ti-arm-clang.debug.lib : acd.obj (.text.acd_tmr)
                  700a7416    0000000a     --HOLE-- [fill = 0]
                  700a7420    00000178     freertos.am263px.r5f.ti-arm-clang.debug.lib : DebugP_shmLogReader.obj (.text.DebugP_shmLogReaderGetString)
                  700a7598    00000008     --HOLE-- [fill = 0]
                  700a75a0    00000178     enet-cpsw.am263px.r5f.ti-arm-clang.freertos.debug.lib : enet_rm.obj (.text.EnetRm_initRxObj)
                  700a7718    00000008     --HOLE-- [fill = 0]
                  700a7720    00000178     lwip-freertos.am263px.r5f.ti-arm-clang.debug.lib : udp.obj (.text.udp_bind)
                  700a7898    00000008     --HOLE-- [fill = 0]
                  700a78a0    00000176     enet-cpsw.am263px.r5f.ti-arm-clang.freertos.debug.lib : cpsw_macport_est.obj (.text.CpswEst_setState)
                  700a7a16    0000000a     --HOLE-- [fill = 0]
                  700a7a20    00000176     lwip-freertos.am263px.r5f.ti-arm-clang.debug.lib : dhcp.obj (.text.dhcp_discover)
                  700a7b96    0000000a     --HOLE-- [fill = 0]
                  700a7ba0    00000176                                                      : icmp.obj (.text.icmp_send_response)
                  700a7d16    0000000a     --HOLE-- [fill = 0]
                  700a7d20    00000176                                                      : sys_arch.obj (.text.sys_sem_new)
                  700a7e96    0000000a     --HOLE-- [fill = 0]
                  700a7ea0    00000174     enet-cpsw.am263px.r5f.ti-arm-clang.freertos.debug.lib : enetphy.obj (.text.EnetPhy_getLinkStatus)
                  700a8014    0000000c     --HOLE-- [fill = 0]
                  700a8020    00000172     board.am263px.r5f.ti-arm-clang.freertos.debug.lib : eeprom_cat24m.obj (.text.EEPROM_CAT24M_write)
                  700a8192    0000000e     --HOLE-- [fill = 0]
                  700a81a0    00000172     lwip-freertos.am263px.r5f.ti-arm-clang.debug.lib : ip4.obj (.text.ip4_route)
                  700a8312    0000000e     --HOLE-- [fill = 0]
                  700a8320    00000172                                                      : sys_arch.obj (.text.sys_arch_sem_wait)
                  700a8492    0000000e     --HOLE-- [fill = 0]
                  700a84a0    00000172     xgw_udp_interface.o (.text.xgw_udp_recv_callback)
                  700a8612    0000000e     --HOLE-- [fill = 0]
                  700a8620    00000170     freertos.am263px.r5f.ti-arm-clang.debug.lib : queue.obj (.text.xQueueGiveFromISR)
                  700a8790    00000168     enet-cpsw.am263px.r5f.ti-arm-clang.freertos.debug.lib : enet_cpdma.obj (.text.EnetCpdma_rxIsrProc)
                  700a88f8    00000008     --HOLE-- [fill = 0]
                  700a8900    00000168                                                           : enet_phymdio_dflt.obj (.text.EnetPhyMdioDflt_writeC45)
                  700a8a68    00000008     --HOLE-- [fill = 0]
                  700a8a70    00000166                                                           : enet_cpdma.obj (.text.EnetCpdma_openRxCh)
                  700a8bd6    0000000a     --HOLE-- [fill = 0]
                  700a8be0    00000166     drivers.am263px.r5f.ti-arm-clang.freertos.debug.lib : i2c_v1_lld.obj (.text.I2C_lld_primeTransferIntr)
                  700a8d46    0000000a     --HOLE-- [fill = 0]
                  700a8d50    00000166     freertos.am263px.r5f.ti-arm-clang.debug.lib : TaskP_freertos.obj (.text.TaskP_assertParams)
                  700a8eb6    0000000a     --HOLE-- [fill = 0]
                  700a8ec0    00000166     lwip-freertos.am263px.r5f.ti-arm-clang.debug.lib : mem.obj (.text.mem_malloc)
                  700a9026    0000000a     --HOLE-- [fill = 0]
                  700a9030    00000164     board.am263px.r5f.ti-arm-clang.freertos.debug.lib : dp83869.obj (.text.Dp83869_config)
                  700a9194    0000000c     --HOLE-- [fill = 0]
                  700a91a0    00000164     enet-cpsw.am263px.r5f.ti-arm-clang.freertos.debug.lib : enet_rm.obj (.text.EnetRm_initHwPushObj)
                  700a9304    0000000c     --HOLE-- [fill = 0]
                  700a9310    00000162     drivers.am263px.r5f.ti-arm-clang.freertos.debug.lib : edma.obj (.text.EDMA_unregisterIntr)
                  700a9472    0000000e     --HOLE-- [fill = 0]
                  700a9480    00000162     enet-cpsw.am263px.r5f.ti-arm-clang.freertos.debug.lib : enet_phymdio_dflt.obj (.text.EnetPhyMdioDflt_readC45)
                  700a95e2    0000000e     --HOLE-- [fill = 0]
                  700a95f0    00000160                                                           : csl_cpsw.obj (.text.CSL_CPSW_setAlePortControlReg)
                  700a9750    00000160     drivers.am263px.r5f.ti-arm-clang.freertos.debug.lib : i2c_v1_lld.obj (.text.I2C_lld_init)
                  700a98b0    00000160     lwip-freertos.am263px.r5f.ti-arm-clang.debug.lib : inet_chksum.obj (.text.inet_cksum_pseudo_partial_base)
                  700a9a10    0000015e                                                      : dhcp.obj (.text.dhcp_renew)
                  700a9b6e    00000002     --HOLE-- [fill = 0]
                  700a9b70    0000015e     xgw_udp_interface.o (.text.xgw_udp_start)
                  700a9cce    00000002     --HOLE-- [fill = 0]
                  700a9cd0    0000015c     enet-cpsw.am263px.r5f.ti-arm-clang.freertos.debug.lib : enet_cpdma.obj (.text.EnetCpdma_txIsr)
                  700a9e2c    00000004     --HOLE-- [fill = 0]
                  700a9e30    0000015c                                                           : enet_rm.obj (.text.EnetRm_initMacObj)
                  700a9f8c    00000004     --HOLE-- [fill = 0]
                  700a9f90    0000015c     lwip-freertos.am263px.r5f.ti-arm-clang.debug.lib : dhcp.obj (.text.dhcp_rebind)
                  700aa0ec    00000004     --HOLE-- [fill = 0]
                  700aa0f0    0000015c     freertos.am263px.r5f.ti-arm-clang.debug.lib : tasks.obj (.text.prvAddNewTaskToReadyList)
                  700aa24c    00000004     --HOLE-- [fill = 0]
                  700aa250    0000015c                                                 : tasks.obj (.text.xTaskPriorityInherit)
                  700aa3ac    00000004     --HOLE-- [fill = 0]
                  700aa3b0    0000015a     enet-cpsw.am263px.r5f.ti-arm-clang.freertos.debug.lib : enet_cpdma.obj (.text.EnetCpdma_netChOpen)
                  700aa50a    00000006     --HOLE-- [fill = 0]
                  700aa510    0000015a     lwip-freertos.am263px.r5f.ti-arm-clang.debug.lib : dhcp.obj (.text.dhcp_start)
                  700aa66a    00000006     --HOLE-- [fill = 0]
                  700aa670    00000158     enet-cpsw.am263px.r5f.ti-arm-clang.freertos.debug.lib : cpsw_ale.obj (.text.CpswAle_initCfg)
                  700aa7c8    00000008     --HOLE-- [fill = 0]
                  700aa7d0    00000158     ti_enet_config.o (.text.EnetApp_initializeMacAddrPool)
                  700aa928    00000008     --HOLE-- [fill = 0]
                  700aa930    00000158     enet-cpsw.am263px.r5f.ti-arm-clang.freertos.debug.lib : enet_phymdio_dflt.obj (.text.EnetPhyMdioDflt_writeC22)
                  700aaa88    00000008     --HOLE-- [fill = 0]
                  700aaa90    00000158     drivers.am263px.r5f.ti-arm-clang.freertos.debug.lib : soc.obj (.text.SOC_controlModuleUnlockMMR)
                  700aabe8    00000008     --HOLE-- [fill = 0]
                  700aabf0    00000158     lwip-freertos.am263px.r5f.ti-arm-clang.debug.lib : dhcp.obj (.text.dhcp_handle_ack)
                  700aad48    00000008     --HOLE-- [fill = 0]
                  700aad50    00000158                                                      : etharp.obj (.text.etharp_tmr)
                  700aaea8    00000008     --HOLE-- [fill = 0]
                  700aaeb0    00000152     drivers.am263px.r5f.ti-arm-clang.freertos.debug.lib : uart_v0_lld.obj (.text.UART_lld_initDma)
                  700ab002    0000000e     --HOLE-- [fill = 0]
                  700ab010    00000150     enet-cpsw.am263px.r5f.ti-arm-clang.freertos.debug.lib : enet_phymdio_dflt.obj (.text.EnetPhyMdioDflt_readC22)
                  700ab160    00000150                                                           : enet_rm.obj (.text.EnetRm_delCoreAttached)
                  700ab2b0    0000014e     lwip-freertos.am263px.r5f.ti-arm-clang.debug.lib : sys_arch.obj (.text.sys_arch_unprotect)
                  700ab3fe    00000002     --HOLE-- [fill = 0]
                  700ab400    0000014e     freertos.am263px.r5f.ti-arm-clang.debug.lib : tasks.obj (.text.xTaskPriorityDisinherit)
                  700ab54e    00000002     --HOLE-- [fill = 0]
                  700ab550    0000014c                                                 : queue.obj (.text.xQueueReceiveFromISR)
                  700ab69c    00000004     --HOLE-- [fill = 0]
                  700ab6a0    00000148     enet-cpsw.am263px.r5f.ti-arm-clang.freertos.debug.lib : cpsw_ale.obj (.text.CpswAle_setPolicerPartitionLevel)
                  700ab7e8    00000008     --HOLE-- [fill = 0]
                  700ab7f0    00000148     lwip-freertos.am263px.r5f.ti-arm-clang.debug.lib : netif.obj (.text.netif_set_addr)
                  700ab938    00000008     --HOLE-- [fill = 0]
                  700ab940    00000148                                                      : udp.obj (.text.udp_sendto)
                  700aba88    00000008     --HOLE-- [fill = 0]
                  700aba90    00000146     enet-cpsw.am263px.r5f.ti-arm-clang.freertos.debug.lib : cpsw_ioctl.obj (.text.Cpsw_closePortLink)
                  700abbd6    0000000a     --HOLE-- [fill = 0]
                  700abbe0    00000144     freertos.am263px.r5f.ti-arm-clang.debug.lib : tasks.obj (.text.prvInitialiseNewTask)
                  700abd24    00000144     libc.a : setvbuf.c.obj (.text.setvbuf)
                  700abe68    00000008     --HOLE-- [fill = 0]
                  700abe70    00000144     lwip-freertos.am263px.r5f.ti-arm-clang.debug.lib : tcp.obj (.text.tcp_close_shutdown_fin)
                  700abfb4    0000000c     --HOLE-- [fill = 0]
                  700abfc0    00000142     enet-cpsw.am263px.r5f.ti-arm-clang.freertos.debug.lib : cpsw_ale_ioctl.obj (.text.CpswAle_delPortUcastEntries)
                  700ac102    0000000e     --HOLE-- [fill = 0]
                  700ac110    00000140     lwip-freertos.am263px.r5f.ti-arm-clang.debug.lib : pbuf.obj (.text.pbuf_cat)
                  700ac250    0000013e     enet-cpsw.am263px.r5f.ti-arm-clang.freertos.debug.lib : csl_cpsw_ale_9g_tblcfg.obj (.text.CSL_CPSW_setAleVlanUnicastAddrEntry)
                  700ac38e    00000002     --HOLE-- [fill = 0]
                  700ac390    0000013e                                                           : enet_cpdma.obj (.text.EnetCpdma_openTxCh)
                  700ac4ce    00000002     --HOLE-- [fill = 0]
                  700ac4d0    0000013e     drivers.am263px.r5f.ti-arm-clang.freertos.debug.lib : i2c_v1.obj (.text.I2C_mem_primeTransfer)
                  700ac60e    00000002     --HOLE-- [fill = 0]
                  700ac610    0000013e     lwip-freertos.am263px.r5f.ti-arm-clang.debug.lib : pbuf.obj (.text.pbuf_copy_partial)
                  700ac74e    00000002     --HOLE-- [fill = 0]
                  700ac750    0000013a     board.am263px.r5f.ti-arm-clang.freertos.debug.lib : dp83869.obj (.text.Dp83869_enableAdvertisement)
                  700ac88a    00000006     --HOLE-- [fill = 0]
                  700ac890    0000013a     drivers.am263px.r5f.ti-arm-clang.freertos.debug.lib : edma.obj (.text.EDMA_isDmaChannelAllocated)
                  700ac9ca    00000006     --HOLE-- [fill = 0]
                  700ac9d0    0000013a     enet-cpsw.am263px.r5f.ti-arm-clang.freertos.debug.lib : enet_phymdio_dflt.obj (.text.EnetPhyMdioDflt_isAlive)
                  700acb0a    00000006     --HOLE-- [fill = 0]
                  700acb10    0000013a                                                           : enet_phymdio_dflt.obj (.text.EnetPhyMdioDflt_isLinked)
                  700acc4a    00000006     --HOLE-- [fill = 0]
                  700acc50    0000013a                                                           : enet.obj (.text.Enet_ioctl)
                  700acd8a    00000006     --HOLE-- [fill = 0]
                  700acd90    0000013a     board.am263px.r5f.ti-arm-clang.freertos.debug.lib : generic_phy.obj (.text.GenericPhy_enableAdvertisement)
                  700aceca    00000006     --HOLE-- [fill = 0]
                  700aced0    0000013a     drivers.am263px.r5f.ti-arm-clang.freertos.debug.lib : i2c_v1_lld.obj (.text.I2C_lld_mem_write)
                  700ad00a    00000006     --HOLE-- [fill = 0]
                  700ad010    0000013a     lwip-freertos.am263px.r5f.ti-arm-clang.debug.lib : dhcp.obj (.text.dhcp_release_and_stop)
                  700ad14a    00000006     --HOLE-- [fill = 0]
                  700ad150    00000138     enet-cpsw.am263px.r5f.ti-arm-clang.freertos.debug.lib : cpsw_cpts_ioctl.obj (.text.CpswCpts_ioctl_handler_CPSW_CPTS_IOCTL_SET_ESTF)
                  700ad288    00000008     --HOLE-- [fill = 0]
                  700ad290    00000138     freertos.am263px.r5f.ti-arm-clang.debug.lib : printf.obj (.text._ntoa_long_long)
                  700ad3c8    00000008     --HOLE-- [fill = 0]
                  700ad3d0    00000136     board.am263px.r5f.ti-arm-clang.freertos.debug.lib : dp83869.obj (.text.Dp83869_disableAdvertisement)
                  700ad506    0000000a     --HOLE-- [fill = 0]
                  700ad510    00000136     enet-cpsw.am263px.r5f.ti-arm-clang.freertos.debug.lib : enet_appmemutils.obj (.text.EnetMem_initMemObjs)
                  700ad646    0000000a     --HOLE-- [fill = 0]
                  700ad650    00000136     board.am263px.r5f.ti-arm-clang.freertos.debug.lib : generic_phy.obj (.text.GenericPhy_disableAdvertisement)
                  700ad786    0000000a     --HOLE-- [fill = 0]
                  700ad790    00000136     drivers.am263px.r5f.ti-arm-clang.freertos.debug.lib : uart_v0_lld.obj (.text.UART_procLineStatusErr)
                  700ad8c6    0000000a     --HOLE-- [fill = 0]
                  700ad8d0    00000136     lwip-freertos.am263px.r5f.ti-arm-clang.debug.lib : tcp_out.obj (.text.tcp_rst_common)
                  700ada06    0000000a     --HOLE-- [fill = 0]
                  700ada10    00000134     drivers.am263px.r5f.ti-arm-clang.freertos.debug.lib : edma.obj (.text.EDMA_registerIntr)
                  700adb44    0000000c     --HOLE-- [fill = 0]
                  700adb50    00000134                                                         : uart_v0_lld.obj (.text.UART_writePolling)
                  700adc84    0000000c     --HOLE-- [fill = 0]
                  700adc90    00000134     freertos.am263px.r5f.ti-arm-clang.debug.lib : tasks.obj (.text.vTaskDelete)
                  700addc4    0000000c     --HOLE-- [fill = 0]
                  700addd0    00000132     enet-cpsw.am263px.r5f.ti-arm-clang.freertos.debug.lib : csl_cpsw_ale_9g_tblcfg.obj (.text.CSL_CPSW_setAleVlanMcastAddrEntry)
                  700adf02    0000000e     --HOLE-- [fill = 0]
                  700adf10    00000132                                                           : cpsw.obj (.text.Cpsw_dmaMiscIsr)
                  700ae042    0000000e     --HOLE-- [fill = 0]
                  700ae050    00000130                                                           : csl_cpsw_ale_9g_tblcfg.obj (.text.CSL_CPSW_setAleUnicastAddrEntry)
                  700ae180    00000130                                                           : enet.obj (.text.EnetPer_open)
                  700ae2b0    0000012e     lwip-freertos.am263px.r5f.ti-arm-clang.debug.lib : igmp.obj (.text.igmp_send)
                  700ae3de    00000002     --HOLE-- [fill = 0]
                  700ae3e0    0000012c     enet-cpsw.am263px.r5f.ti-arm-clang.freertos.debug.lib : enet_osal.obj (.text.EnetOsal_registerIntr)
                  700ae50c    00000004     --HOLE-- [fill = 0]
                  700ae510    0000012c                                                           : enet_rm.obj (.text.EnetRm_validateResPartInfo)
                  700ae63c    00000004     --HOLE-- [fill = 0]
                  700ae640    0000012c     drivers.am263px.r5f.ti-arm-clang.freertos.debug.lib : i2c_v1_lld.obj (.text.I2C_lld_mem_read)
                  700ae76c    00000004     --HOLE-- [fill = 0]
                  700ae770    0000012c                                                         : uart_v0_lld.obj (.text.UART_lld_init)
                  700ae89c    00000004     --HOLE-- [fill = 0]
                  700ae8a0    0000012c     freertos.am263px.r5f.ti-arm-clang.debug.lib : tasks.obj (.text.ulTaskGenericNotifyTake)
                  700ae9cc    00000004     --HOLE-- [fill = 0]
                  700ae9d0    0000012a     enet-cpsw.am263px.r5f.ti-arm-clang.freertos.debug.lib : enet_utils.obj (.text.EnetUtils_macToPhyMii)
                  700aeafa    00000006     --HOLE-- [fill = 0]
                  700aeb00    00000128                                                           : enet_cpdmautils.obj (.text.EnetAppUtils_isDescCached)
                  700aec28    00000008     --HOLE-- [fill = 0]
                  700aec30    00000128     drivers.am263px.r5f.ti-arm-clang.freertos.debug.lib : i2c_v1_lld.obj (.text.I2C_lld_mem_writeIntr)
                  700aed58    00000008     --HOLE-- [fill = 0]
                  700aed60    00000128     freertos.am263px.r5f.ti-arm-clang.debug.lib : port.obj (.text.pxPortInitialiseStack)
                  700aee88    00000008     --HOLE-- [fill = 0]
                  700aee90    00000126     drivers.am263px.r5f.ti-arm-clang.freertos.debug.lib : soc.obj (.text.SOC_controlModuleLockMMR)
                  700aefb6    0000000a     --HOLE-- [fill = 0]
                  700aefc0    00000126     lwip-freertos.am263px.r5f.ti-arm-clang.debug.lib : pbuf.obj (.text.pbuf_take_at)
                  700af0e6    0000000a     --HOLE-- [fill = 0]
                  700af0f0    00000126                                                      : timeouts.obj (.text.sys_timeout_abs)
                  700af216    0000000a     --HOLE-- [fill = 0]
                  700af220    00000124     enet-cpsw.am263px.r5f.ti-arm-clang.freertos.debug.lib : csl_cpsw_ale_9g_tblcfg.obj (.text.CSL_CPSW_setAleMcastAddrEntry)
                  700af344    0000000c     --HOLE-- [fill = 0]
                  700af350    00000124                                                           : cpsw_ale.obj (.text.CpswAle_setIoctlHandlerFxn)
                  700af474    0000000c     --HOLE-- [fill = 0]
                  700af480    00000124                                                           : cpsw_cpts.obj (.text.CpswCpts_setIoctlHandlerFxn)
                  700af5a4    0000000c     --HOLE-- [fill = 0]
                  700af5b0    00000124                                                           : cpsw_hostport.obj (.text.CpswHostPort_setIoctlHandlerFxn)
                  700af6d4    0000000c     --HOLE-- [fill = 0]
                  700af6e0    00000124                                                           : cpsw_macport_est.obj (.text.CpswMacPortEst_setIoctlHandlerFxn)
                  700af804    0000000c     --HOLE-- [fill = 0]
                  700af810    00000124                                                           : cpsw_macport.obj (.text.CpswMacPort_setIoctlHandlerFxn)
                  700af934    0000000c     --HOLE-- [fill = 0]
                  700af940    00000124                                                           : cpsw_stats.obj (.text.CpswStats_setIoctlHandlerFxn)
                  700afa64    0000000c     --HOLE-- [fill = 0]
                  700afa70    00000124                                                           : cpsw.obj (.text.Cpsw_initCfg)
                  700afb94    0000000c     --HOLE-- [fill = 0]
                  700afba0    00000124                                                           : cpsw.obj (.text.Cpsw_setIoctlHandlerFxn)
                  700afcc4    0000000c     --HOLE-- [fill = 0]
                  700afcd0    00000124                                                           : enet_phymdio_dflt.obj (.text.EnetPhyMdioDflt_setIoctlHandlerFxn)
                  700afdf4    0000000c     --HOLE-- [fill = 0]
                  700afe00    00000124                                                           : enet_rm.obj (.text.EnetRm_setIoctlHandlerFxn)
                  700aff24    0000000c     --HOLE-- [fill = 0]
                  700aff30    00000124                                                           : mdio.obj (.text.Mdio_setIoctlHandlerFxn)
                  700b0054    0000000c     --HOLE-- [fill = 0]
                  700b0060    00000122                                                           : cpsw_ale_ioctl.obj (.text.CpswAle_addUcastAddr)
                  700b0182    0000000e     --HOLE-- [fill = 0]
                  700b0190    00000120                                                           : cpsw_est.obj (.text.CpswEst_setIoctlHandlerFxn)
                  700b02b0    00000120                                                           : enet_rm_ioctl.obj (.text.EnetRm_allocInternalRxFlowIdx)
                  700b03d0    00000120                                                           : mdio_manual_ioctl.obj (.text.Mdio_manualModePhyRegRead22)
                  700b04f0    00000120     drivers.am263px.r5f.ti-arm-clang.freertos.debug.lib : soc_rcm.obj (.text.SOC_rcmGetPeripheralClockFrequency)
                  700b0610    0000011e     enet-cpsw.am263px.r5f.ti-arm-clang.freertos.debug.lib : mdio_manual_ioctl.obj (.text.Mdio_manualModePhyRegValReadC45)
                  700b072e    00000002     --HOLE-- [fill = 0]
                  700b0730    0000011e     lwip-freertos.am263px.r5f.ti-arm-clang.debug.lib : pbuf.obj (.text.pbuf_add_header_impl)
                  700b084e    00000002     --HOLE-- [fill = 0]
                  700b0850    0000011e     freertos.am263px.r5f.ti-arm-clang.debug.lib : tasks.obj (.text.xTaskDelayUntil)
                  700b096e    00000002     --HOLE-- [fill = 0]
                  700b0970    0000011c     enet-cpsw.am263px.r5f.ti-arm-clang.freertos.debug.lib : csl_cpsw_ale_9g_tblcfg.obj (.text.CSL_CPSW_setAleVlanEntry)
                  700b0a8c    00000004     --HOLE-- [fill = 0]
                  700b0a90    0000011c     ti_enet_open_close.o (.text.EnetAppUtils_openRxCh)
                  700b0bac    00000004     --HOLE-- [fill = 0]
                  700b0bb0    0000011c     enet-cpsw.am263px.r5f.ti-arm-clang.freertos.debug.lib : enet_cpdma.obj (.text.EnetCpdma_setSOPInfo)
                  700b0ccc    00000004     --HOLE-- [fill = 0]
                  700b0cd0    0000011c                                                           : enet_utils.obj (.text.EnetUtils_delayNs)
                  700b0dec    00000004     --HOLE-- [fill = 0]
                  700b0df0    0000011c                                                           : mdio_ioctl.obj (.text.Mdio_writeRegC45)
                  700b0f0c    00000004     --HOLE-- [fill = 0]
                  700b0f10    0000011c     drivers.am263px.r5f.ti-arm-clang.freertos.debug.lib : uart_dma_edma.obj (.text.UART_lld_dmaRead)
                  700b102c    00000004     --HOLE-- [fill = 0]
                  700b1030    0000011c     lwip-freertos.am263px.r5f.ti-arm-clang.debug.lib : tcp_out.obj (.text.tcp_rexmit_rto_prepare)
                  700b114c    00000004     --HOLE-- [fill = 0]
                  700b1150    0000011a     enet-cpsw.am263px.r5f.ti-arm-clang.freertos.debug.lib : csl_cpsw_ale_9g_tblcfg.obj (.text.CSL_CPSW_setAleOutVlanEntry)
                  700b126a    00000006     --HOLE-- [fill = 0]
                  700b1270    0000011a                                                           : enetphy.obj (.text.EnetPhy_setupManual)
                  700b138a    00000006     --HOLE-- [fill = 0]
                  700b1390    0000011a     drivers.am263px.r5f.ti-arm-clang.freertos.debug.lib : i2c_v1_lld.obj (.text.I2C_lld_mem_readIntr)
                  700b14aa    00000006     --HOLE-- [fill = 0]
                  700b14b0    00000118     enet-cpsw.am263px.r5f.ti-arm-clang.freertos.debug.lib : enetphy.obj (.text.EnetPhy_resetWaitState)
                  700b15c8    00000008     --HOLE-- [fill = 0]
                  700b15d0    00000118                                                           : enetphy.obj (.text.EnetPhy_setupNway)
                  700b16e8    00000008     --HOLE-- [fill = 0]
                  700b16f0    00000118     lwip-freertos.am263px.r5f.ti-arm-clang.debug.lib : sys_arch.obj (.text.sys_mbox_trypost)
                  700b1808    00000008     --HOLE-- [fill = 0]
                  700b1810    00000118                                                      : tcp.obj (.text.tcp_process_refused_data)
                  700b1928    00000008     --HOLE-- [fill = 0]
                  700b1930    00000118                                                      : tcp.obj (.text.tcp_update_rcv_ann_wnd)
                  700b1a48    00000118     libclang_rt.builtins.a : udivmoddi4.S.obj (.text)
                  700b1b60    00000116     drivers.am263px.r5f.ti-arm-clang.freertos.debug.lib : edma.obj (.text.EDMA_isTccAllocated)
                  700b1c76    0000000a     --HOLE-- [fill = 0]
                  700b1c80    00000116     enet-cpsw.am263px.r5f.ti-arm-clang.freertos.debug.lib : mdio_ioctl.obj (.text.Mdio_handleIntr)
                  700b1d96    0000000a     --HOLE-- [fill = 0]
                  700b1da0    00000116     drivers.am263px.r5f.ti-arm-clang.freertos.debug.lib : uart_v0_lld.obj (.text.UART_divisorLatchWrite)
                  700b1eb6    0000000a     --HOLE-- [fill = 0]
                  700b1ec0    00000114     freertos.am263px.r5f.ti-arm-clang.debug.lib : printf.obj (.text._ntoa_long)
                  700b1fd4    0000000c     --HOLE-- [fill = 0]
                  700b1fe0    00000112     enet-cpsw.am263px.r5f.ti-arm-clang.freertos.debug.lib : enetphy.obj (.text.EnetPhy_tick)
                  700b20f2    0000000e     --HOLE-- [fill = 0]
                  700b2100    00000110     freertos.am263px.r5f.ti-arm-clang.debug.lib : DebugP_shmLogReader.obj (.text.DebugP_shmLogRead)
                  700b2210    00000110                                                 : DebugP_shmLogReader.obj (.text.DebugP_shmLogReaderTaskMain)
                  700b2320    00000110     enet-cpsw.am263px.r5f.ti-arm-clang.freertos.debug.lib : enetphy.obj (.text.EnetPhy_rmwReg)
                  700b2430    0000010e                                                           : enet_cpdma.obj (.text.EnetCpdma_initRxChannel)
                  700b253e    00000002     --HOLE-- [fill = 0]
                  700b2540    0000010e     drivers.am263px.r5f.ti-arm-clang.freertos.debug.lib : soc_rcm.obj (.text.SOC_rcmADPLLJGetFOut)
                  700b264e    00000002     --HOLE-- [fill = 0]
                  700b2650    0000010e     lwip-freertos.am263px.r5f.ti-arm-clang.debug.lib : netif.obj (.text.netif_do_set_ipaddr)
                  700b275e    00000002     --HOLE-- [fill = 0]
                  700b2760    0000010e                                                      : udp.obj (.text.udp_sendto_if)
                  700b286e    00000002     --HOLE-- [fill = 0]
                  700b2870    0000010e     freertos.am263px.r5f.ti-arm-clang.debug.lib : queue.obj (.text.xQueueGenericReset)
                  700b297e    00000002     --HOLE-- [fill = 0]
                  700b2980    0000010c     enet-cpsw.am263px.r5f.ti-arm-clang.freertos.debug.lib : enet_cpdma.obj (.text.EnetCpdma_initTxChannel)
                  700b2a8c    00000004     --HOLE-- [fill = 0]
                  700b2a90    0000010c     lwip-freertos.am263px.r5f.ti-arm-clang.debug.lib : sys_arch.obj (.text.sys_arch_protect)
                  700b2b9c    00000004     --HOLE-- [fill = 0]
                  700b2ba0    0000010c                                                      : udp.obj (.text.udp_connect)
                  700b2cac    00000004     --HOLE-- [fill = 0]
                  700b2cb0    0000010a     enet-cpsw.am263px.r5f.ti-arm-clang.freertos.debug.lib : csl_cpsw.obj (.text.CSL_CPSW_setCpswControlReg)
                  700b2dba    00000006     --HOLE-- [fill = 0]
                  700b2dc0    0000010a     drivers.am263px.r5f.ti-arm-clang.freertos.debug.lib : ipc_notify_v1.obj (.text.IpcNotify_sendMsg)
                  700b2eca    00000006     --HOLE-- [fill = 0]
                  700b2ed0    00000108     lwip-freertos.am263px.r5f.ti-arm-clang.debug.lib : sys_arch.obj (.text.sys_mbox_new)
                  700b2fd8    00000008     --HOLE-- [fill = 0]
                  700b2fe0    00000108                                                      : tcp_out.obj (.text.tcp_output_alloc_header_common)
                  700b30e8    00000008     --HOLE-- [fill = 0]
                  700b30f0    00000106     enet-cpsw.am263px.r5f.ti-arm-clang.freertos.debug.lib : enet_rm.obj (.text.EnetRm_initTxObj)
                  700b31f6    0000000a     --HOLE-- [fill = 0]
                  700b3200    00000106     freertos.am263px.r5f.ti-arm-clang.debug.lib : tasks.obj (.text.prvAddCurrentTaskToDelayedList)
                  700b3306    0000000a     --HOLE-- [fill = 0]
                  700b3310    00000104     enet-cpsw.am263px.r5f.ti-arm-clang.freertos.debug.lib : csl_cpsw.obj (.text.CSL_CPSW_setPortEstConfig)
                  700b3414    0000000c     --HOLE-- [fill = 0]
                  700b3420    00000104     drivers.am263px.r5f.ti-arm-clang.freertos.debug.lib : i2c_v1.obj (.text.I2C_close)
                  700b3524    0000000c     --HOLE-- [fill = 0]
                  700b3530    00000104                                                         : uart_v0_lld.obj (.text.UART_configInstance)
                  700b3634    0000000c     --HOLE-- [fill = 0]
                  700b3640    00000104     gateway_shared.o (.text.gateway_ringbuf_write)
                  700b3744    0000000c     --HOLE-- [fill = 0]
                  700b3750    00000100     enet-cpsw.am263px.r5f.ti-arm-clang.freertos.debug.lib : enet_osal.obj (.text.EnetOsal_createMutex)
[...]
700cf961  CSL_MDIO_getPollEnableMask                                             
700cf981  Drivers_open                                                           
700cf991  EnetAppUtils_enableClocks                                              
700cf9a1  EnetAppUtils_isPrintSupported                                          
700cf9b1  EnetSoc_getCoreId                                                      
700cf9f1  PhyPriv_getPhyAddr                                                     
700cfa01  PhyPriv_getRegAccessApi                                                
700cfa11  PowerClock_init                                                        
700cfa21  dns_tmr                                                                
700cfa31  uxTaskGetNumberOfTasks                                                 
700cfa51  EnetCpdmaMem_getCfg                                                    
700cfa61  EnetMem_getCfg                                                         
700cfa71  EnetPhyMdioDflt_getPhyMdio                                             
700cfab1  TaskP_exit                                                             
700cfb11  vApplicationIdleHook                                                   
700cfb21  Drivers_uartInit                                                       
700cfb31  EnetOsal_disableAllIntr                                                
700cfb61  EnetBoard_getId                                                        
700cfb71  EnetSoc_getEnetNum                                                     
700cfb81  TaskP_yield                                                            
700cfb91  Board_init                                                             
700cfbb1  IpcNotify_wait                                                         
700cfbd1  mem_init                                                               
700cfbe1  netif_init                                                             
700cfc01  vPortConfigTimerForRunTimeStats                                        
700cfc11  vPortValidateInterruptPriority                                         
700d03ce  gCR5ClkSrcInfoMap                                                      
700d03d0  gCacheConfig                                                           
700d03d8  gMpuConfig                                                             
700d03e4  gMpuRegionConfig                                                       
700d05f4  gMpuRegionSizeInBytes                                                  
700d18ac  memp_pools                                                             
700d22a2  ethbroadcast                                                           
700d2768  gADPLLJConfigTbl                                                       
700d2f24  lwip_cyclic_timers                                                     
700d62a4  I2C_defaultTransaction                                                 
700db428  I2C_lld_defaultMessage                                                 
700db530  gPeripheralClkSrcInfoMap                                               
700dc3f8  memp_ALTCP_PCB                                                         
700dc40c  memp_ARP_QUEUE                                                         
700dc420  memp_FRAG_PBUF                                                         
700dc434  memp_IGMP_GROUP                                                        
700dc448  memp_NETBUF                                                            
700dc45c  memp_NETCONN                                                           
700dc470  memp_NETDB                                                             
700dc484  memp_PBUF                                                              
700dc498  memp_PBUF_POOL                                                         
700dc4ac  memp_POOL_128                                                          
700dc4c0  memp_POOL_1568                                                         
700dc4d4  memp_POOL_4096                                                         
700dc4e8  memp_RAW_PCB                                                           
700dc4fc  memp_REASSDATA                                                         
700dc510  memp_SYS_MBOX                                                          
700dc524  memp_SYS_TIMEOUT                                                       
700dc538  memp_TCPIP_MSG_API                                                     
700dc54c  memp_TCPIP_MSG_INPKT                                                   
700dc560  memp_TCP_PCB                                                           
700dc574  memp_TCP_PCB_LISTEN                                                    
700dc588  memp_TCP_SEG                                                           
700dc59c  memp_UDP_PCB                                                           
700dd3e8  tcp_pcb_lists                                                          
700dd8cc  g_EnetApp_dmaChParams                                                  
700ddcb8  gEnetPhyDrvTbl                                                         
700ddcc8  gXTALInfo                                                              
700ddd68  ethzero                                                                
700dde74  gCacheL1dCacheLineSize                                                 
700dde78  gCacheL1pCacheLineSize                                                 
700dde7c  ip_addr_any                                                            
700dde80  ip_addr_broadcast                                                      
700ddec8  gEdmaConfig                                                            
700ddec8  gEnetSoc_cpsw3g                                                        
700ddec8  gUartDmaHandle                                                         
700dfa28  gEnetSoc_dmaObj                                                        
700e1960  gEnetSoc_cpsw3gMacObj                                                  
700e1d00  gEnetCpswCfg                                                           
700e28e4  gEnetPhyDrvDp83869                                                     
700e29e8  gEnetPhyDrvGeneric                                                     
700e2aec  gIpcNotifyMailboxConfig                                                
700e2ce4  _ftable                                                                
700e38a4  _device                                                                
700e3bf4  gUartParams                                                            
700e3cf0  _stream                                                                
700e3e8c  FreeRTOS_errno                                                         
700e3e90  gEnetSoc_cpsw3gSocCfg                                                  
700e3ef8  gEnetMacAddrPool                                                       
700e3f28  gSocModulesClockFrequency                                              
700e3f78  gClockConfig                                                           
700e3fd8  gDmaCfg                                                                
700e4050  gIpcNotifyInterruptConfig_r5fss0_0                                     
700e4098  Cpsw_gSpeedNames                                                       
700e40a8  gEepromFxns_CAT24M                                                     
700e40b8  gIpcNotifyCoreIntrBitPos                                               
700e40c8  gSocModules                                                            
700e40d8  Cpsw_gDuplexNames                                                      
700e40e4  gAddrTranslateConfig                                                   
700e40fc  gEepromAttrs_CAT24M                                                    
700e4108  gEepromConfig                                                          
700e4114  gEnetSoc_perObj                                                        
700e4120  gI2cParams                                                             
700e412c  __TI_cleanup_ptr                                                       
700e4130  __TI_dtors_ptr                                                         
700e4134  gEepromParams                                                          
700e413c  gI2cConfig                                                             
700e414c  gUartConfig                                                            
700e4154  __TI_ft_end                                                            
700e4168  _lock                                                                  
700e416c  _unlock                                                                
700e417c  gDebugLogZone                                                          
700e4180  gDebugP_uartDrvIndex                                                   
700e4184  gEdmaConfigNum                                                         
700e4188  gEepromConfigNum                                                       
700e418c  gEnetOsalHwiAllocCnt                                                   
700e4190  gEnetOsalHwiPeak                                                       
700e4194  gEnetOsalSemAllocCnt                                                   
700e4198  gEnetOsalSemPeak                                                       
700e419c  gHwiConfig                                                             
700e41a0  gI2cConfigNum                                                          
700e41a4  gIpcNotifyInterruptConfigNum_r5fss0_0                                  
700e41a8  gIpcTask                                                               
700e41ac  gLogReaderTask                                                         
700e41b0  gMainTask                                                              
700e41b4  gUartConfigNum                                                         
700e41b8  gUartDmaChConfig                                                       
700e41bc  gUdpTxTask                                                             
700e41d8  pxCurrentTCB                                                           
700e41e0  ulPortInterruptNesting                                                 
700e41e4  ulPortSchedularRunning                                                 
700e41e8  ulPortTaskHasFPUContext                                                
700e41ec  ulPortYieldRequired                                                    
700e4249  gEnetTrace_runtimeLevel                                                
700e424a  isMapAvailable                                                         
700e4251  HwiP_enableInt                                                         
700e4291  HwiP_disableInt                                                        
700e42f1  HwiP_restoreInt                                                        
700e4321  HwiP_clearInt                                                          
700e4361  HwiP_post                                                              
700e43a1  HwiP_Params_init                                                       
700e43d1  HwiP_construct                                                         
700e45c1  HwiP_destruct                                                          
700e4631  HwiP_init                                                              
700e47e1  HwiP_inISR                                                             
700e4811  HwiP_setVimIrqPriMaskNonAtomic                                         
700e4861  HwiP_setVimIrqPriMaskAtomic                                            
700e4901  HwiP_restoreVimIrqPriMask                                              
700e4911  HwiP_irq_handler_c                                                     
700e4ab1  HwiP_fiq_handler                                                       
700e4c21  HwiP_reserved_handler                                                  
700e4c61  HwiP_undefined_handler_c                                               
700e4c81  HwiP_user_undefined_handler_c                                          
700e4ca1  HwiP_prefetch_abort_handler_c                                          
700e4d41  HwiP_user_prefetch_abort_handler_c                                     
700e4d81  HwiP_data_abort_handler_c                                              
700e4e41  HwiP_user_data_abort_handler_c                                         
700e4e7c  vPortRestoreTaskContext                                                
700e4eb4  HwiP_svc_handler                                                       
700e4f24  HwiP_irq_handler                                                       
700e5068  HwiP_data_abort_handler                                                
700e50ac  HwiP_prefetch_abort_handler                                            
700e50f8  HwiP_undefined_handler                                                 
700e5128  GET_DFSR                                                               
700e5130  GET_ADFSR                                                              
700e5138  GET_DFAR                                                               
700e5140  GET_IFSR                                                               
700e5148  GET_AIFSR                                                              
700e5150  GET_IFAR                                                               
700e5158  GET_SPSR                                                               
700e516c  HwiP_disable                                                           
700e517c  HwiP_disableFIQ                                                        
700e518c  HwiP_enable                                                            
700e519c  HwiP_enableFIQ                                                         
700e51ac  HwiP_restore                                                           
700e51b4  HwiP_enableVIC                                                         
700e51c4  HwiP_disableVIC                                                        
700e51d4  HwiP_getCPSR                                                           
700e51e0  CacheP_disableL1d                                                      
700e5208  CacheP_disableL1p                                                      
700e5220  CacheP_enableL1d                                                       
700e5238  CacheP_enableL1p                                                       
700e5250  CacheP_invL1d                                                          
700e5288  CacheP_invL1p                                                          
700e52c4  CacheP_invL1dAll                                                       
700e52cc  CacheP_invL1pAll                                                       
700e52d4  CacheP_wb                                                              
700e5310  CacheP_wbInv                                                           
700e534c  CacheP_wbAll                                                           
700e53f4  CacheP_wbInvAll                                                        
700e540c  CacheP_wbInvAllAsm                                                     
700e54ac  CacheP_getEnabled                                                      
700e54e4  CacheP_getCacheLevelInfo                                               
700e54f0  CacheP_configForceWrThru                                               
700e5510  CacheP_setDLFO                                                         
700e5521  CacheP_init                                                            
700e55b1  CacheP_disable                                                         
700e5601  CacheP_enable                                                          
700e5641  CacheP_inv                                                             
700e5681  MpuP_getAttrs                                                          
700e56e1  MpuP_RegionAttrs_init                                                  
700e5711  MpuP_setRegion                                                         
700e57a1  MpuP_isEnable                                                          
700e57b1  MpuP_disable                                                           
700e57f1  MpuP_enable                                                            
700e5841  MpuP_init                                                              
700e58e1  MpuP_isUserAuthorizedToAccessMemory                                    
700e59c0  MpuP_disableAsm                                                        
700e59d8  MpuP_disableBRAsm                                                      
700e59e8  MpuP_enableAsm                                                         
700e5a00  MpuP_enableBRAsm                                                       
700e5a10  MpuP_isEnableAsm                                                       
700e5a24  MpuP_setRegionAsm                                                      
700e5a40  _c_int00_sbl                                                           
700e5a64  _c_int00                                                               
700e5b91  _DebugP_assertNoLog                                                    
700e5bc1  _system_pre_init                                                       
700e5bf1  __mpu_init                                                             
700e5c00  abort                                                                  
700e5c08  __IRQ_STACK_START                                                      
700e5d08  __FIQ_STACK_START                                                      
700e5d08  __IRQ_STACK_END                                                        
700e5e08  __FIQ_STACK_END                                                        
700e5e08  __SVC_STACK_START                                                      
700e6e08  __ABORT_STACK_START                                                    
700e6e08  __SVC_STACK_END                                                        
700e6f08  __ABORT_STACK_END                                                      
700e6f08  __UNDEFINED_STACK_START                                                
700e7008  __UNDEFINED_STACK_END                                                  
70200000  gGatewaySharedMem                                                      
70204d30  dbg_ipc_recv_count                                                     
70204d34  dbg_udp_rx_count                                                       
70204d38  dbg_udp_tx_count                                                       
70204d3c  dbg_error_count                                                        
70204d40  dbg_last_error_code                                                    
70204d44  dbg_imu_frame_count                                                    
70208000  gDebugShmLog                                                           
ffffffff  __TI_pprof_out_hndl                                                    
ffffffff  __TI_prof_data_size                                                    
ffffffff  __TI_prof_data_start                                                   
ffffffff  __binit__                                                              
ffffffff  binit                                                                  
UNDEFED   __TI_CINIT_Base                                                        
UNDEFED   __TI_CINIT_Limit                                                       
UNDEFED   __TI_Handler_Table_Base                                                
UNDEFED   __TI_Handler_Table_Limit                                               
UNDEFED   _system_post_cinit                                                     

[1230 symbols]
