******************************************************************************
            TI ARM Clang Linker PC v4.0.4                      
******************************************************************************
>> Linked Sat Mar 28 01:07:03 2026

OUTPUT FILE NAME:   <ccu_ti_multi_core_freertos.out>
ENTRY POINT SYMBOL: "_vectors"  address: 00000000


MEMORY CONFIGURATION

         name            origin    length      used     unused   attr    fill
----------------------  --------  ---------  --------  --------  ----  --------
  R5F_VECS              00000000   00000040  00000040  00000000  RWIX
  R5F_TCMA              00000040   00007fc0  00000000  00007fc0  RWIX
  R5F_TCMB              00080000   00008000  00000000  00008000  RWIX
  MAILBOX_HSM           44000000   000003ce  00000000  000003ce  RWIX
  MAILBOX_R5F           44000400   000003ce  00000000  000003ce  RWIX
  FLASH                 60100000   00080000  00000000  00080000  RWIX
  SBL                   70000000   00040000  00000000  00040000  RWIX
  OCRAM                 70040000   000c0000  000a6640  000199c0  RWIX
  USER_SHM_MEM          70200000   00008000  00004d30  000032d0  RWIX
  LOG_SHM_MEM           70208000   00004000  00002000  00002000  RWIX
  ENET_CPPI_DESC        70240000   00040000  00000a00  0003f600  RWIX
  RTOS_NORTOS_IPC_SHM_M 72000000   00003e80  00000000  00003e80  RWIX


SEGMENT ALLOCATION MAP

run origin  load origin   length   init length attrs members
----------  ----------- ---------- ----------- ----- -------
00000000    00000000    00000040   00000040    r-x
  00000000    00000000    00000040   00000040    r-x .vectors
70040000    70040000    0004e4e0   00000000    rw-
  70040000    70040000    000424e0   00000000    rw- .bss
  700824e0    700824e0    00008000   00000000    rw- .sysmem
  7008a4e0    7008a4e0    00004000   00000000    rw- .stack
7008e4e0    7008e4e0    0004f028   0004f028    r-x
  7008e4e0    7008e4e0    000412c0   000412c0    r-x .text
  700cf7a0    700cf7a0    0000dd68   0000dd68    r-- .rodata
700dd508    700dd508    00006380   00006380    rw-
  700dd508    700dd508    00006380   00006380    rw- .data
700e3890    700e3890    000019b8   000019b8    r-x
  700e3890    700e3890    00000f90   00000f90    r-x .text.hwi
  700e4820    700e4820    000004a0   000004a0    r-x .text.cache
  700e4cc0    700e4cc0    000003c0   000003c0    r-x .text.mpu
  700e5080    700e5080    000001c0   000001c0    r-x .text.boot
  700e5240    700e5240    00000008   00000008    r-x .text:abort
700e5248    700e5248    00001400   00000000    rw-
  700e5248    700e5248    00000100   00000000    rw- .irqstack
  700e5348    700e5348    00000100   00000000    rw- .fiqstack
  700e5448    700e5448    00001000   00000000    rw- .svcstack
  700e6448    700e6448    00000100   00000000    rw- .abortstack
  700e6548    700e6548    00000100   00000000    rw- .undefinedstack


SECTION ALLOCATION MAP

 output                                  attributes/
section   page    origin      length       input sections
--------  ----  ----------  ----------   ----------------
.vectors   0    00000000    00000040     
                  00000000    00000040     freertos.am263px.r5f.ti-arm-clang.debug.lib : HwiP_armv7r_vectors_freertos_asm.obj (.vectors)

.bss       0    70040000    000424e0     UNINITIALIZED
                  70040000    00012c1f     (.common:memp_memory_POOL_1568_base)
                  70052c1f    00000001     lwip-freertos.am263px.r5f.ti-arm-clang.debug.lib : dhcp.obj (.bss.dhcp_pcb_refcount)
                  70052c20    00012000     ti_enet_config.o (.bss:ENET_DMA_PKT_MEMPOOL)
                  70064c20    0000409f     (.common:memp_memory_POOL_4096_base)
                  70068cbf    00000001     lwip-freertos.am263px.r5f.ti-arm-clang.debug.lib : sys_arch.obj (.bss.lwip_core_lock_count)
                  70068cc0    00004000     main.o (.bss.gEnetLwipTaskStack)
                  7006ccc0    00003e9f     (.common:memp_memory_POOL_128_base)
                  70070b5f    00000001     lwip-freertos.am263px.r5f.ti-arm-clang.debug.lib : tcp_in.obj (.bss.recv_flags)
                  70070b60    00001980     ti_enet_config.o (.bss.gAppPktInfoMem_LargePool)
                  700724e0    0000101f     (.common:memp_memory_NETBUF_base)
                  700734ff    0000101f     (.common:memp_memory_PBUF_base)
                  7007451e    0000101f     (.common:memp_memory_TCPIP_MSG_API_base)
                  7007553d    0000101f     (.common:memp_memory_TCPIP_MSG_INPKT_base)
                  7007655c    0000101f     (.common:memp_memory_TCP_SEG_base)
                  7007757b    00000001     lwip-freertos.am263px.r5f.ti-arm-clang.debug.lib : tcp.obj (.bss.tcp_timer)
                  7007757c    00000004                                                      : igmp.obj (.bss.allrouters)
                  70077580    00001000     freertos.am263px.r5f.ti-arm-clang.debug.lib : DebugP_shmLogReader_freertos.obj (.bss.gDebugShmLogReaderTaskStack)
                  70078580    00001000     main.o (.bss.gMainTaskStack)
                  70079580    00001000     freertos.am263px.r5f.ti-arm-clang.debug.lib : port.obj (.bss.uxIdleTaskStack)
                  7007a580    00000d80     ti_enet_open_close.o (.bss.gEnetAppSysCfgObj)
                  7007b300    00000b1f     (.common:memp_memory_SYS_MBOX_base)
                  7007be1f    00000001     lwip-freertos.am263px.r5f.ti-arm-clang.debug.lib : tcp.obj (.bss.tcp_timer_ctr)
                  7007be20    0000080c     (.common:gHwiCtrl)
                  7007c62c    00000014     freertos.am263px.r5f.ti-arm-clang.debug.lib : timers.obj (.bss.xActiveTimerList1)
                  7007c640    00000800     log_reader_task.o (.bss.gLogReaderTaskStack)
                  7007ce40    00000800     main.o (.bss.gUdpTxTaskStack)
                  7007d640    000005c0     enet-cpsw.am263px.r5f.ti-arm-clang.freertos.debug.lib : enet_osal.obj (.bss.gOsalSemPEnetOsalPool)
                  7007dc00    00000440     lwip-freertos.am263px.r5f.ti-arm-clang.debug.lib : dns.obj (.bss.dns_table)
                  7007e040    00000430     enet-cpsw.am263px.r5f.ti-arm-clang.freertos.debug.lib : enetphy.obj (.bss.gEnetPhy_phyObjs)
                  7007e470    00000010     lwip-freertos.am263px.r5f.ti-arm-clang.debug.lib : dns.obj (.bss.dns_pcbs)
                  7007e480    00000400     main.o (.bss.gIpcTaskStack)
                  7007e880    00000400     freertos.am263px.r5f.ti-arm-clang.debug.lib : port.obj (.bss.uxTimerTaskStack)
                  7007ec80    000003df     (.common:memp_memory_ARP_QUEUE_base)
                  7007f05f    0000033f     (.common:memp_memory_TCP_PCB_base)
                  7007f39e    00000002     lwip-freertos.am263px.r5f.ti-arm-clang.debug.lib : ip4.obj (.bss.ip_id)
                  7007f3a0    00000300     ti_enet_config.o (.bss.gAppPktInfoContainerMem_LargePool)
                  7007f6a0    000002c0     ti_enet_config.o (.bss:ENET_CPDMA_OBJ_MEM)
                  7007f960    0000029f     (.common:memp_memory_NETCONN_base)
                  7007fbff    00000001     (.common:pbuf_free_ooseq_pending)
                  7007fc00    00000288     ti_drivers_config.o (.bss.gUartObjects)
                  7007fe88    00000280     freertos.am263px.r5f.ti-arm-clang.debug.lib : tasks.obj (.bss.pxReadyTasksLists)
                  70080108    0000023f     (.common:memp_memory_SYS_TIMEOUT_base)
                  70080347    00000001     (.common:tcp_active_pcbs_changed)
                  70080348    00000204     (.common:lwip_stats)
                  7008054c    000001ff     (.common:memp_memory_FRAG_PBUF_base)
                  7008074b    00000001     --HOLE--
                  7008074c    00000178     ti_drivers_config.o (.bss.gI2cObjects)
                  700808c4    0000016c     (.common:gEepromObject_CAT24M)
                  70080a30    0000015f     (.common:memp_memory_ALTCP_PCB_base)
                  70080b8f    0000015f     (.common:memp_memory_NETDB_base)
                  70080cee    0000015f     (.common:memp_memory_REASSDATA_base)
                  70080e4d    00000001     --HOLE--
                  70080e4e    00000002     lwip-freertos.am263px.r5f.ti-arm-clang.debug.lib : ip4_frag.obj (.bss.ip_reass_pbufcount)
                  70080e50    00000120     libsysbm.a : trgmsg.c.obj (.bss:_CIOBUF_)
                  70080f70    0000011f     (.common:memp_memory_IGMP_GROUP_base)
                  7008108f    0000011f     (.common:memp_memory_TCP_PCB_LISTEN_base)
                  700811ae    0000011f     (.common:memp_memory_UDP_PCB_base)
                  700812cd    00000001     --HOLE--
                  700812ce    00000114     main.o (.bss.g_motor_states)
                  700813e2    00000100     freertos.am263px.r5f.ti-arm-clang.debug.lib : timers.obj (.bss.prvCheckForValidListAndQueue.ucStaticTimerQueueStorage)
                  700814e2    00000002     --HOLE--
                  700814e4    00000100     (.common:xQueueRegistry)
                  700815e4    000000f0     lwip-freertos.am263px.r5f.ti-arm-clang.debug.lib : etharp.obj (.bss.arp_table)
                  700816d4    000000d8     (.common:gEnetUtilsObj)
                  700817ac    000000b8     (.common:gIpcNotifyCtrl)
                  70081864    000000a0     libc.a : defs.c.obj (.bss.__TI_tmpnams)
                  70081904    00000004     lwip-freertos.am263px.r5f.ti-arm-clang.debug.lib : igmp.obj (.bss.allsystems)
                  70081908    000000a0     (.common:gTaskP_ctrl)
                  700819a8    00000098     freertos.am263px.r5f.ti-arm-clang.debug.lib : DebugP_shmLogReader_freertos.obj (.bss.gDebugShmLogReaderTaskObj)
                  70081a40    00000098     main.o (.bss.gEnetLwipTaskObj)
                  70081ad8    00000098     main.o (.bss.gIpcTaskObj)
                  70081b70    00000098     log_reader_task.o (.bss.gLogReaderTaskObj)
                  70081c08    00000098     main.o (.bss.gMainTaskObj)
                  70081ca0    00000098     main.o (.bss.gUdpTxTaskObj)
                  70081d38    00000098     freertos.am263px.r5f.ti-arm-clang.debug.lib : port.obj (.bss.xIdleTaskTCB)
                  70081dd0    00000098                                                 : port.obj (.bss.xTimerTaskTCB)
                  70081e68    00000094     (.common:gDebugShmLogReaderCtrl)
                  70081efc    00000080     enet-cpsw.am263px.r5f.ti-arm-clang.freertos.debug.lib : enet_osal.obj (.bss.gOsalHwiPEnetOsalPool)
                  70081f7c    0000007f     (.common:memp_memory_RAW_PCB_base)
                  70081ffb    00000001     --HOLE--
                  70081ffc    00000058     freertos.am263px.r5f.ti-arm-clang.debug.lib : DebugP_freertos.obj (.bss.gDebugLogLockObj)
                  70082054    00000050                                                 : timers.obj (.bss.prvCheckForValidListAndQueue.xStaticTimerQueue)
                  700820a4    00000050     (.common:gRovDummyQueue)
                  700820f4    00000030     lwip-freertos.am263px.r5f.ti-arm-clang.debug.lib : dns.obj (.bss.dns_requests)
                  70082124    00000029     enet-cpsw.am263px.r5f.ti-arm-clang.freertos.debug.lib : enetphy.obj (.bss.gEnetPhyCapsBuf)
                  7008214d    00000003     --HOLE--
                  70082150    00000028     lwip-freertos.am263px.r5f.ti-arm-clang.debug.lib : dhcp.obj (.bss.dhcp_rx_options_val)
                  70082178    00000024     enet-cpsw.am263px.r5f.ti-arm-clang.freertos.debug.lib : enet_cpdma_priv.obj (.bss.gCpswDmaMemMgrObj)
                  7008219c    0000001f     (.common:memp_memory_PBUF_POOL_base)
                  700821bb    00000001     --HOLE--
                  700821bc    00000004     lwip-freertos.am263px.r5f.ti-arm-clang.debug.lib : timeouts.obj (.bss.current_timeout_due_time)
                  700821c0    00000018     (.common:gClockCtrl)
                  700821d8    00000018     (.common:ip_data)
                  700821f0    00000014     freertos.am263px.r5f.ti-arm-clang.debug.lib : timers.obj (.bss.xActiveTimerList2)
                  70082204    00000014                                                 : tasks.obj (.bss.xDelayedTaskList1)
                  70082218    00000014                                                 : tasks.obj (.bss.xDelayedTaskList2)
                  7008222c    00000014                                                 : tasks.obj (.bss.xPendingReadyList)
                  70082240    00000014                                                 : tasks.obj (.bss.xSuspendedTaskList)
                  70082254    00000014                                                 : tasks.obj (.bss.xTasksWaitingTermination)
                  70082268    00000010     lwip-freertos.am263px.r5f.ti-arm-clang.debug.lib : memp.obj (.bss.memp_stats_ALTCP_PCB)
                  70082278    00000010                                                      : memp.obj (.bss.memp_stats_ARP_QUEUE)
                  70082288    00000010                                                      : memp.obj (.bss.memp_stats_FRAG_PBUF)
                  70082298    00000010                                                      : memp.obj (.bss.memp_stats_IGMP_GROUP)
                  700822a8    00000010                                                      : memp.obj (.bss.memp_stats_NETBUF)
                  700822b8    00000010                                                      : memp.obj (.bss.memp_stats_NETCONN)
                  700822c8    00000010                                                      : memp.obj (.bss.memp_stats_NETDB)
                  700822d8    00000010                                                      : memp.obj (.bss.memp_stats_PBUF)
                  700822e8    00000010                                                      : memp.obj (.bss.memp_stats_PBUF_POOL)
                  700822f8    00000010                                                      : memp.obj (.bss.memp_stats_POOL_128)
                  70082308    00000010                                                      : memp.obj (.bss.memp_stats_POOL_1568)
                  70082318    00000010                                                      : memp.obj (.bss.memp_stats_POOL_4096)
                  70082328    00000010                                                      : memp.obj (.bss.memp_stats_RAW_PCB)
                  70082338    00000010                                                      : memp.obj (.bss.memp_stats_REASSDATA)
                  70082348    00000010                                                      : memp.obj (.bss.memp_stats_SYS_MBOX)
                  70082358    00000010                                                      : memp.obj (.bss.memp_stats_SYS_TIMEOUT)
                  70082368    00000010                                                      : memp.obj (.bss.memp_stats_TCPIP_MSG_API)
                  70082378    00000010                                                      : memp.obj (.bss.memp_stats_TCPIP_MSG_INPKT)
                  70082388    00000010                                                      : memp.obj (.bss.memp_stats_TCP_PCB)
                  70082398    00000010                                                      : memp.obj (.bss.memp_stats_TCP_PCB_LISTEN)
                  700823a8    00000010                                                      : memp.obj (.bss.memp_stats_TCP_SEG)
                  700823b8    00000010                                                      : memp.obj (.bss.memp_stats_UDP_PCB)
                  700823c8    00000010     (.common:virtToPhymap)
                  700823d8    0000000a                                                      : dhcp.obj (.bss.dhcp_rx_options_given)
                  700823e2    00000002     --HOLE--
                  700823e4    00000008                                                      : dns.obj (.bss.dns_servers)
                  700823ec    00000008     libsysbm.a : hostopen.c.obj (.bss.parmbuf)
                  700823f4    00000004     lwip-freertos.am263px.r5f.ti-arm-clang.debug.lib : dhcp.obj (.bss.dhcp_create_msg.xid)
                  700823f8    00000004                                                      : dhcp.obj (.bss.dhcp_pcb)
                  700823fc    00000004                                                      : netif.obj (.bss.ext_callback)
                  70082400    00000004     freertos.am263px.r5f.ti-arm-clang.debug.lib : DebugP_shmLogReader_freertos.obj (.bss.gDebugShmLogReaderTask)
                  70082404    00000004                                                 : HwiP_armv7r_handlers_freertos.obj (.bss.gdummy)
                  70082408    00000004                                                 : HwiP_armv7r_vim.obj (.bss.gdummy)
                  7008240c    00000004     lwip-freertos.am263px.r5f.ti-arm-clang.debug.lib : ip4.obj (.bss.ip4_default_multicast_netif)
                  70082410    00000004                                                      : sys_arch.obj (.bss.lwip_core_lock_holder_thread)
                  70082414    00000004                                                      : sys_arch.obj (.bss.lwip_tcpip_thread)
                  70082418    00000004                                                      : memp.obj (.bss.memp_tab_ALTCP_PCB)
                  7008241c    00000004                                                      : memp.obj (.bss.memp_tab_ARP_QUEUE)
                  70082420    00000004                                                      : memp.obj (.bss.memp_tab_FRAG_PBUF)
                  70082424    00000004                                                      : memp.obj (.bss.memp_tab_IGMP_GROUP)
                  70082428    00000004                                                      : memp.obj (.bss.memp_tab_NETBUF)
                  7008242c    00000004                                                      : memp.obj (.bss.memp_tab_NETCONN)
                  70082430    00000004                                                      : memp.obj (.bss.memp_tab_NETDB)
                  70082434    00000004                                                      : memp.obj (.bss.memp_tab_PBUF)
                  70082438    00000004                                                      : memp.obj (.bss.memp_tab_PBUF_POOL)
                  7008243c    00000004                                                      : memp.obj (.bss.memp_tab_POOL_128)
                  70082440    00000004                                                      : memp.obj (.bss.memp_tab_POOL_1568)
                  70082444    00000004                                                      : memp.obj (.bss.memp_tab_POOL_4096)
                  70082448    00000004                                                      : memp.obj (.bss.memp_tab_RAW_PCB)
                  7008244c    00000004                                                      : memp.obj (.bss.memp_tab_REASSDATA)
                  70082450    00000004                                                      : memp.obj (.bss.memp_tab_SYS_MBOX)
                  70082454    00000004                                                      : memp.obj (.bss.memp_tab_SYS_TIMEOUT)
                  70082458    00000004                                                      : memp.obj (.bss.memp_tab_TCPIP_MSG_API)
                  7008245c    00000004                                                      : memp.obj (.bss.memp_tab_TCPIP_MSG_INPKT)
                  70082460    00000004                                                      : memp.obj (.bss.memp_tab_TCP_PCB)
                  70082464    00000004                                                      : memp.obj (.bss.memp_tab_TCP_PCB_LISTEN)
                  70082468    00000004                                                      : memp.obj (.bss.memp_tab_TCP_SEG)
                  7008246c    00000004                                                      : memp.obj (.bss.memp_tab_UDP_PCB)
                  70082470    00000004                                                      : timeouts.obj (.bss.next_timeout)
                  70082474    00000004     freertos.am263px.r5f.ti-arm-clang.debug.lib : timers.obj (.bss.pxCurrentTimerList)
                  70082478    00000004                                                 : tasks.obj (.bss.pxDelayedTaskList)
                  7008247c    00000004                                                 : tasks.obj (.bss.pxOverflowDelayedTaskList)
                  70082480    00000004                                                 : timers.obj (.bss.pxOverflowTimerList)
                  70082484    00000004     lwip-freertos.am263px.r5f.ti-arm-clang.debug.lib : raw.obj (.bss.raw_pcbs)
                  70082488    00000004                                                      : ip4_frag.obj (.bss.reassdatagrams)
                  7008248c    00000004                                                      : sys_arch.obj (.bss.sys_arch_protect_mutex)
                  70082490    00000004                                                      : sys_arch.obj (.bss.sys_arch_protect_nesting)
                  70082494    00000004     libc.a : memory.c.obj (.bss.sys_free)
                  70082498    00000004     lwip-freertos.am263px.r5f.ti-arm-clang.debug.lib : tcpip.obj (.bss.tcpip_init_done)
                  7008249c    00000004                                                      : tcpip.obj (.bss.tcpip_init_done_arg)
                  700824a0    00000004                                                      : tcpip.obj (.bss.tcpip_mbox)
                  700824a4    00000004     freertos.am263px.r5f.ti-arm-clang.debug.lib : tasks.obj (.bss.xIdleTaskHandles)
                  700824a8    00000004     (.common:gEepromHandle)
                  700824ac    00000004     (.common:gI2cHandle)
                  700824b0    00000004     (.common:gUartHandle)
                  700824b4    00000004     (.common:lock_tcpip_core)
                  700824b8    00000004     (.common:netif_default)
                  700824bc    00000004     (.common:netif_list)
                  700824c0    00000004     (.common:tcp_active_pcbs)
                  700824c4    00000004     (.common:tcp_bound_pcbs)
                  700824c8    00000004     (.common:tcp_input_pcb)
                  700824cc    00000004     (.common:tcp_listen_pcbs)
                  700824d0    00000004     (.common:tcp_ticks)
                  700824d4    00000004     (.common:tcp_tw_pcbs)
                  700824d8    00000004     (.common:udp_pcbs)
                  700824dc    00000004     --HOLE--

.sysmem    0    700824e0    00008000     UNINITIALIZED
                  700824e0    00000010     libc.a : memory.c.obj (.sysmem)
                  700824f0    00007ff0     --HOLE--

.stack     0    7008a4e0    00004000     UNINITIALIZED
                  7008a4e0    00000004     freertos.am263px.r5f.ti-arm-clang.debug.lib : boot_armv7r_asm.obj (.stack)
                  7008a4e4    00003ffc     --HOLE--

.text      0    7008e4e0    000412c0     
                  7008e4e0    00000abe     enet-cpsw.am263px.r5f.ti-arm-clang.freertos.debug.lib : enet_cpdma.obj (.text.EnetCpdma_dequeueTx)
                  7008ef9e    00000002     --HOLE-- [fill = 0]
                  7008efa0    00000a34     freertos.am263px.r5f.ti-arm-clang.debug.lib : printf.obj (.text._vsnprintf)
                  7008f9d4    0000000c     libclang_rt.builtins.a : aeabi_memset.S.obj (.text.__aeabi_memclr)
                  7008f9e0    0000099a     enet-cpsw.am263px.r5f.ti-arm-clang.freertos.debug.lib : enet_cpdma.obj (.text.EnetCpdma_dequeueRx)
                  7009037a    00000002     --HOLE-- [fill = 0]
                  7009037c    00000004     libclang_rt.builtins.a : aeabi_div0.c.obj (.text.__aeabi_idiv0)
                  70090380    00000960     lwip-freertos.am263px.r5f.ti-arm-clang.debug.lib : tcp.obj (.text.tcp_slowtmr)
                  70090ce0    000007a4     drivers.am263px.r5f.ti-arm-clang.freertos.debug.lib : i2c_v1_lld.obj (.text.I2C_lld_primeTransferPoll)
                  70091484    0000000c     libc.a : memory.c.obj (.text.malloc)
                  70091490    00000678     drivers.am263px.r5f.ti-arm-clang.freertos.debug.lib : soc_rcm.obj (.text.SOC_rcmGetClkSrcAndDivReg)
                  70091b08    00000008     libsysbm.a : hostexit.c.obj (.text.HOSTexit)
                  70091b10    00000654     lwip-freertos.am263px.r5f.ti-arm-clang.debug.lib : dhcp.obj (.text.dhcp_parse_reply)
                  70092164    0000000c     freertos.am263px.r5f.ti-arm-clang.debug.lib : CpuId_armv7r_asm.obj (.text)
                  70092170    00000638     drivers.am263px.r5f.ti-arm-clang.freertos.debug.lib : soc_rcm.obj (.text.SOC_rcmEnablePeripheralClock)
                  700927a8    00000004     libclang_rt.builtins.a : aeabi_div0.c.obj (.text.__aeabi_ldiv0)
                  700927ac    00000004                            : aeabi_memcpy.S.obj (.text.__aeabi_memcpy)
                  700927b0    00000606     enet-cpsw.am263px.r5f.ti-arm-clang.freertos.debug.lib : enet_cpdma.obj (.text.EnetCpdma_enqueueRx)
                  70092db6    00000002     --HOLE-- [fill = 0]
                  70092db8    00000004     libc.a : _lock.c.obj (.text._nop)
                  70092dbc    00000004            : fseek.c.obj (.text.fseek)
                  70092dc0    000005e2     freertos.am263px.r5f.ti-arm-clang.debug.lib : printf.obj (.text._ftoa)
                  700933a2    00000002     --HOLE-- [fill = 0]
                  700933a4    00000004     libsysbm.a : remove.c.obj (.text.remove)
                  700933a8    00000008     --HOLE-- [fill = 0]
                  700933b0    00000552     enet-cpsw.am263px.r5f.ti-arm-clang.freertos.debug.lib : cpsw_ale.obj (.text.CpswAle_open)
                  70093902    0000000e     --HOLE-- [fill = 0]
                  70093910    00000506                                                           : enet_cpdma.obj (.text.EnetCpdma_enqueueTx)
                  70093e16    0000000a     --HOLE-- [fill = 0]
                  70093e20    000004d8     lwip-freertos.am263px.r5f.ti-arm-clang.debug.lib : tcp_out.obj (.text.tcp_output)
                  700942f8    00000008     --HOLE-- [fill = 0]
                  70094300    000004b0     freertos.am263px.r5f.ti-arm-clang.debug.lib : printf.obj (.text._etoa)
                  700947b0    00000466     board.am263px.r5f.ti-arm-clang.freertos.debug.lib : dp83869.obj (.text.Dp83869_printRegs)
                  70094c16    0000000a     --HOLE-- [fill = 0]
                  70094c20    00000446     enet-cpsw.am263px.r5f.ti-arm-clang.freertos.debug.lib : cpsw_macport.obj (.text.CpswMacPort_open)
                  70095066    0000000a     --HOLE-- [fill = 0]
                  70095070    0000043e                                                           : enet_rm.obj (.text.EnetRm_detachCore)
                  700954ae    00000002     --HOLE-- [fill = 0]
                  700954b0    00000404     drivers.am263px.r5f.ti-arm-clang.freertos.debug.lib : uart_v0.obj (.text.UART_open)
                  700958b4    0000000c     --HOLE-- [fill = 0]
                  700958c0    000003e2     enet-cpsw.am263px.r5f.ti-arm-clang.freertos.debug.lib : enet_rm.obj (.text.EnetRm_close)
                  70095ca2    0000000e     --HOLE-- [fill = 0]
                  70095cb0    000003dc     drivers.am263px.r5f.ti-arm-clang.freertos.debug.lib : ipc_notify_v1.obj (.text.IpcNotify_init)
                  7009608c    000003dc     libc.a : _printfi.c.obj (.text:__TI_printfi_minimal)
                  70096468    00000008     --HOLE-- [fill = 0]
                  70096470    000003d2     drivers.am263px.r5f.ti-arm-clang.freertos.debug.lib : soc.obj (.text.SOC_phyToVirt)
                  70096842    0000000e     --HOLE-- [fill = 0]
                  70096850    000003ba     lwip-freertos.am263px.r5f.ti-arm-clang.debug.lib : udp.obj (.text.udp_sendto_if_src)
                  70096c0a    00000006     --HOLE-- [fill = 0]
                  70096c10    000003b0                                                      : tcp_out.obj (.text.tcp_split_unsent_seg)
                  70096fc0    000003a2     enet-cpsw.am263px.r5f.ti-arm-clang.freertos.debug.lib : cpsw.obj (.text.Cpsw_registerIntrs)
                  70097362    0000000e     --HOLE-- [fill = 0]
                  70097370    00000398                                                           : mdio.obj (.text.Mdio_open)
                  70097708    00000018     libc.a : memset32.S.obj (.text:TI_memset_small)
                  70097720    00000390            : strcmp32.S.obj (.text:strcmp)
                  70097ab0    00000380     lwip-freertos.am263px.r5f.ti-arm-clang.debug.lib : ip4_frag.obj (.text.ip4_frag)
                  70097e30    0000036e     enet-cpsw.am263px.r5f.ti-arm-clang.freertos.debug.lib : cpsw.obj (.text.Cpsw_handleLinkDown)
                  7009819e    00000002     --HOLE-- [fill = 0]
                  700981a0    0000036a                                                           : enet_appmemutils.obj (.text.EnetMem_initCore)
                  7009850a    00000006     --HOLE-- [fill = 0]
                  70098510    00000356     drivers.am263px.r5f.ti-arm-clang.freertos.debug.lib : i2c_v1.obj (.text.I2C_open)
                  70098866    0000000a     --HOLE-- [fill = 0]
                  70098870    0000034a     enet-cpsw.am263px.r5f.ti-arm-clang.freertos.debug.lib : cpsw.obj (.text.Cpsw_openInternal)
                  70098bba    00000006     --HOLE-- [fill = 0]
                  70098bc0    0000033a                                                           : cpsw_ioctl.obj (.text.Cpsw_openPortLinkNoPhy)
                  70098efa    00000006     --HOLE-- [fill = 0]
                  70098f00    00000330                                                           : cpsw.obj (.text.Cpsw_open)
                  70099230    00000326     lwip-freertos.am263px.r5f.ti-arm-clang.debug.lib : ip4.obj (.text.ip4_output_if_opt_src)
                  70099556    0000000a     --HOLE-- [fill = 0]
                  70099560    00000320     motor_mapping.o (.text.motor_mapping_init_core0)
                  70099880    0000031e     lwip-freertos.am263px.r5f.ti-arm-clang.debug.lib : tcp_out.obj (.text.tcp_enqueue_flags)
                  70099b9e    00000002     --HOLE-- [fill = 0]
                  70099ba0    00000302     drivers.am263px.r5f.ti-arm-clang.freertos.debug.lib : soc.obj (.text.SOC_virtToPhy)
                  70099ea2    0000000e     --HOLE-- [fill = 0]
                  70099eb0    000002f8     lwip-freertos.am263px.r5f.ti-arm-clang.debug.lib : pbuf.obj (.text.pbuf_alloc)
                  7009a1a8    00000008     --HOLE-- [fill = 0]
                  7009a1b0    000002f2     enet-cpsw.am263px.r5f.ti-arm-clang.freertos.debug.lib : enet_cpdma.obj (.text.EnetCpdma_open)
                  7009a4a2    0000000e     --HOLE-- [fill = 0]
                  7009a4b0    000002e6                                                           : csl_cpsw.obj (.text.CSL_CPSW_setPortRxDscpMap)
                  7009a796    0000000a     --HOLE-- [fill = 0]
                  7009a7a0    000002e6     ti_enet_open_close.o (.text.EnetApp_driverOpen)
                  7009aa86    0000000a     --HOLE-- [fill = 0]
                  7009aa90    000002da     enet-cpsw.am263px.r5f.ti-arm-clang.freertos.debug.lib : cpsw.obj (.text.Cpsw_periodicTick)
                  7009ad6a    00000006     --HOLE-- [fill = 0]
                  7009ad70    000002d2                                                           : enetphy.obj (.text.EnetPhy_enableState)
                  7009b042    0000000e     --HOLE-- [fill = 0]
                  7009b050    000002bc     lwip-freertos.am263px.r5f.ti-arm-clang.debug.lib : tcp_out.obj (.text.tcp_output_segment)
                  7009b30c    00000004     --HOLE-- [fill = 0]
                  7009b310    000002ba     drivers.am263px.r5f.ti-arm-clang.freertos.debug.lib : i2c_v1_lld.obj (.text.I2C_lld_controllerIsr)
                  7009b5ca    00000006     --HOLE-- [fill = 0]
                  7009b5d0    000002ba     lwip-freertos.am263px.r5f.ti-arm-clang.debug.lib : pbuf.obj (.text.pbuf_copy_partial_pbuf)
                  7009b88a    00000006     --HOLE-- [fill = 0]
                  7009b890    000002b8     enet-cpsw.am263px.r5f.ti-arm-clang.freertos.debug.lib : cpsw.obj (.text.Cpsw_handleLinkUp)
                  7009bb48    00000008     --HOLE-- [fill = 0]
                  7009bb50    000002a8                                                           : cpsw_ale.obj (.text.CpswAle_addVlan)
                  7009bdf8    00000008     --HOLE-- [fill = 0]
                  7009be00    0000029a     drivers.am263px.r5f.ti-arm-clang.freertos.debug.lib : i2c_v1_lld.obj (.text.I2C_lld_targetIsr)
                  7009c09a    00000006     --HOLE-- [fill = 0]
                  7009c0a0    00000298     xgw_udp_interface.o (.text.xgw_udp_process_motor_cmd)
                  7009c338    00000008     --HOLE-- [fill = 0]
                  7009c340    00000296     lwip-freertos.am263px.r5f.ti-arm-clang.debug.lib : tcp.obj (.text.tcp_close_shutdown)
                  7009c5d6    0000000a     --HOLE-- [fill = 0]
                  7009c5e0    00000290     enet-cpsw.am263px.r5f.ti-arm-clang.freertos.debug.lib : cpsw.obj (.text.Cpsw_registerIoctlHandler)
                  7009c870    0000028e                                                           : csl_cpsw.obj (.text.CSL_CPSW_setAlePolicerEntry)
                  7009cafe    00000002     --HOLE-- [fill = 0]
                  7009cb00    00000286                                                           : csl_cpsw.obj (.text.CSL_CPSW_getAlePolicerEntry)
                  7009cd86    0000000a     --HOLE-- [fill = 0]
                  7009cd90    0000027e                                                           : cpsw_ale.obj (.text.CpswAle_findVlan)
                  7009d00e    00000002     --HOLE-- [fill = 0]
                  7009d010    0000027e     drivers.am263px.r5f.ti-arm-clang.freertos.debug.lib : uart_dma_edma.obj (.text.UART_edmaChInit)
                  7009d28e    00000002     --HOLE-- [fill = 0]
                  7009d290    0000027a     enet-cpsw.am263px.r5f.ti-arm-clang.freertos.debug.lib : cpsw.obj (.text.Cpsw_ioctl)
                  7009d50a    00000006     --HOLE-- [fill = 0]
                  7009d510    00000266                                                           : cpsw_est_ioctl.obj (.text.CpswEst_ioctl_handler_ENET_TAS_IOCTL_SET_STATE)
                  7009d776    0000000a     --HOLE-- [fill = 0]
                  7009d780    00000266     freertos.am263px.r5f.ti-arm-clang.debug.lib : tasks.obj (.text.xTaskIncrementTick)
                  7009d9e6    0000000a     --HOLE-- [fill = 0]
                  7009d9f0    0000025a     lwip-freertos.am263px.r5f.ti-arm-clang.debug.lib : ip4_frag.obj (.text.ip_reass_free_complete_datagram)
                  7009dc4a    00000006     --HOLE-- [fill = 0]
                  7009dc50    0000025a     freertos.am263px.r5f.ti-arm-clang.debug.lib : tasks.obj (.text.xTaskResumeAll)
                  7009deaa    00000006     --HOLE-- [fill = 0]
                  7009deb0    00000250     drivers.am263px.r5f.ti-arm-clang.freertos.debug.lib : edma.obj (.text.Alloc_resource)
                  7009e100    0000024c     enet-cpsw.am263px.r5f.ti-arm-clang.freertos.debug.lib : cpsw_macport_ioctl.obj (.text.CpswMacPort_enablePort)
                  7009e34c    00000004     --HOLE-- [fill = 0]
                  7009e350    00000246     lwip-freertos.am263px.r5f.ti-arm-clang.debug.lib : dns.obj (.text.dns_send)
                  7009e596    0000000a     --HOLE-- [fill = 0]
                  7009e5a0    00000242     enet-cpsw.am263px.r5f.ti-arm-clang.freertos.debug.lib : enetphy.obj (.text.EnetPhy_bindDriver)
                  7009e7e2    0000000e     --HOLE-- [fill = 0]
                  7009e7f0    00000242     drivers.am263px.r5f.ti-arm-clang.freertos.debug.lib : uart_v0_lld.obj (.text.UART_fifoConfig)
                  7009ea32    0000000e     --HOLE-- [fill = 0]
                  7009ea40    0000023e     enet-cpsw.am263px.r5f.ti-arm-clang.freertos.debug.lib : cpsw_cpts_ioctl.obj (.text.CpswCpts_handleEvents)
                  7009ec7e    00000002     --HOLE-- [fill = 0]
                  7009ec80    0000023e     freertos.am263px.r5f.ti-arm-clang.debug.lib : printf.obj (.text._ntoa_format)
                  7009eebe    00000002     --HOLE-- [fill = 0]
                  7009eec0    00000234     enet-cpsw.am263px.r5f.ti-arm-clang.freertos.debug.lib : cpsw_hostport.obj (.text.CpswHostPort_open)
                  7009f0f4    0000000c     --HOLE-- [fill = 0]
                  7009f100    0000022c                                                           : enet_cpdma_priv.obj (.text.EnetCpdma_memMgrInit)
                  7009f32c    00000004     --HOLE-- [fill = 0]
                  7009f330    0000022a     lwip-freertos.am263px.r5f.ti-arm-clang.debug.lib : dhcp.obj (.text.dhcp_select)
                  7009f55a    00000006     --HOLE-- [fill = 0]
                  7009f560    00000226     drivers.am263px.r5f.ti-arm-clang.freertos.debug.lib : uart_dma_edma.obj (.text.UART_lld_dmaDeInit)
                  7009f786    0000000a     --HOLE-- [fill = 0]
                  7009f790    00000222                                                         : ipc_notify_v1.obj (.text.IpcNotify_isr)
                  7009f9b2    0000000e     --HOLE-- [fill = 0]
                  7009f9c0    00000220     enet-cpsw.am263px.r5f.ti-arm-clang.freertos.debug.lib : enet_rm_ioctl.obj (.text.EnetRm_allocMacAddr)
                  7009fbe0    00000220     freertos.am263px.r5f.ti-arm-clang.debug.lib : tasks.obj (.text.vTaskGenericNotifyGiveFromISR)
                  7009fe00    00000220                                                 : queue.obj (.text.xQueueGenericSend)
                  700a0020    0000021a     enet-cpsw.am263px.r5f.ti-arm-clang.freertos.debug.lib : cpsw_stats.obj (.text.CpswStats_open)
                  700a023a    00000006     --HOLE-- [fill = 0]
                  700a0240    0000020a     lwip-freertos.am263px.r5f.ti-arm-clang.debug.lib : tcp.obj (.text.tcp_pcb_remove)
                  700a044a    00000006     --HOLE-- [fill = 0]
                  700a0450    0000020a     freertos.am263px.r5f.ti-arm-clang.debug.lib : queue.obj (.text.xQueueSemaphoreTake)
                  700a065a    00000006     --HOLE-- [fill = 0]
                  700a0660    00000206     enet-cpsw.am263px.r5f.ti-arm-clang.freertos.debug.lib : cpsw_cpts.obj (.text.CpswCpts_open)
                  700a0866    0000000a     --HOLE-- [fill = 0]
                  700a0870    00000206     lwip-freertos.am263px.r5f.ti-arm-clang.debug.lib : dhcp.obj (.text.dhcp_recv)
                  700a0a76    0000000a     --HOLE-- [fill = 0]
                  700a0a80    00000204     enet-cpsw.am263px.r5f.ti-arm-clang.freertos.debug.lib : enetphy.obj (.text.EnetPhy_open)
                  700a0c84    0000000c     --HOLE-- [fill = 0]
                  700a0c90    000001fe                                                           : cpsw_stats_ioctl.obj (.text.CpswStats_readHostStats)
                  700a0e8e    00000002     --HOLE-- [fill = 0]
                  700a0e90    000001fe     lwip-freertos.am263px.r5f.ti-arm-clang.debug.lib : pbuf.obj (.text.pbuf_free)
                  700a108e    00000002     --HOLE-- [fill = 0]
                  700a1090    000001f6                                                      : dhcp.obj (.text.dhcp_create_msg)
                  700a1286    0000000a     --HOLE-- [fill = 0]
                  700a1290    000001f2     drivers.am263px.r5f.ti-arm-clang.freertos.debug.lib : i2c_v1.obj (.text.I2C_primeTransfer)
                  700a1482    0000000e     --HOLE-- [fill = 0]
                  700a1490    000001f2                                                         : i2c_v1.obj (.text.I2C_transfer)
                  700a1682    0000000e     --HOLE-- [fill = 0]
                  700a1690    000001ee     enet-cpsw.am263px.r5f.ti-arm-clang.freertos.debug.lib : cpsw_ale.obj (.text.CpswAle_setAleCfg)
                  700a187e    00000002     --HOLE-- [fill = 0]
                  700a1880    000001ee                                                           : cpsw_ioctl.obj (.text.Cpsw_openPortLinkWithPhy)
                  700a1a6e    00000002     --HOLE-- [fill = 0]
                  700a1a70    000001ea                                                           : cpsw_hostport.obj (.text.CpswHostPort_ioctl)
                  700a1c5a    00000006     --HOLE-- [fill = 0]
                  700a1c60    000001ea                                                           : cpsw_stats.obj (.text.CpswStats_ioctl)
                  700a1e4a    00000006     --HOLE-- [fill = 0]
                  700a1e50    000001ea                                                           : cpsw_ioctl.obj (.text.Cpsw_openPortLink)
                  700a203a    00000006     --HOLE-- [fill = 0]
                  700a2040    000001ea     lwip-freertos.am263px.r5f.ti-arm-clang.debug.lib : tcp.obj (.text.tcp_abandon)
                  700a222a    00000006     --HOLE-- [fill = 0]
                  700a2230    000001e2     ti_enet_open_close.o (.text.EnetApp_initLinkArgs)
                  700a2412    0000000e     --HOLE-- [fill = 0]
                  700a2420    000001e2     lwip-freertos.am263px.r5f.ti-arm-clang.debug.lib : pbuf.obj (.text.pbuf_realloc)
                  700a2602    0000000e     --HOLE-- [fill = 0]
                  700a2610    000001e0     enet-cpsw.am263px.r5f.ti-arm-clang.freertos.debug.lib : cpsw_stats_ioctl.obj (.text.CpswStats_readMacStats)
                  700a27f0    000001e0     lwip-freertos.am263px.r5f.ti-arm-clang.debug.lib : dhcp.obj (.text.dhcp_bind)
                  700a29d0    000001da     enet-cpsw.am263px.r5f.ti-arm-clang.freertos.debug.lib : enet.obj (.text.Enet_validateIoctl)
                  700a2baa    00000006     --HOLE-- [fill = 0]
                  700a2bb0    000001d8     freertos.am263px.r5f.ti-arm-clang.debug.lib : queue.obj (.text.xQueueReceive)
                  700a2d88    00000008     --HOLE-- [fill = 0]
                  700a2d90    000001d6                                                 : TimerP_rti_priv.obj (.text.TimerP_setupPriv)
                  700a2f66    0000000a     --HOLE-- [fill = 0]
                  700a2f70    000001d4     enet-cpsw.am263px.r5f.ti-arm-clang.freertos.debug.lib : mdio.obj (.text.Mdio_ioctl)
                  700a3144    000001d0     libclang_rt.builtins.a : udivsi3.S.obj (.text.__udivsi3)
                  700a3314    0000000c     --HOLE-- [fill = 0]
                  700a3320    000001cc     main.o (.text.core0_init)
                  700a34ec    00000004     --HOLE-- [fill = 0]
                  700a34f0    000001c8     lwip-freertos.am263px.r5f.ti-arm-clang.debug.lib : etharp.obj (.text.etharp_raw)
                  700a36b8    00000008     --HOLE-- [fill = 0]
                  700a36c0    000001c6     enet-cpsw.am263px.r5f.ti-arm-clang.freertos.debug.lib : enet_rm_ioctl.obj (.text.EnetRm_allocTxChNum)
                  700a3886    0000000a     --HOLE-- [fill = 0]
                  700a3890    000001c6     lwip-freertos.am263px.r5f.ti-arm-clang.debug.lib : tcp_out.obj (.text.tcp_create_segment)
                  700a3a56    0000000a     --HOLE-- [fill = 0]
                  700a3a60    000001c2     enet-cpsw.am263px.r5f.ti-arm-clang.freertos.debug.lib : enet.obj (.text.Enet_validateGenericIoctl)
                  700a3c22    0000000e     --HOLE-- [fill = 0]
                  700a3c30    000001bc     freertos.am263px.r5f.ti-arm-clang.debug.lib : tasks.obj (.text.xTaskRemoveFromEventList)
                  700a3dec    00000004     --HOLE-- [fill = 0]
                  700a3df0    000001b4     enet-cpsw.am263px.r5f.ti-arm-clang.freertos.debug.lib : enet_rm.obj (.text.EnetRm_open)
                  700a3fa4    0000000c     --HOLE-- [fill = 0]
                  700a3fb0    000001b0                                                           : cpsw_ale.obj (.text.CpswAle_delPolicerEntry)
                  700a4160    000001b0     lwip-freertos.am263px.r5f.ti-arm-clang.debug.lib : dns.obj (.text.dns_call_found)
                  700a4310    000001ae     ti_enet_open_close.o (.text.EnetApp_ConfigureDscpMapping)
                  700a44be    00000002     --HOLE-- [fill = 0]
                  700a44c0    000001ac     drivers.am263px.r5f.ti-arm-clang.freertos.debug.lib : uart_v0.obj (.text.UART_close)
                  700a466c    00000004     --HOLE-- [fill = 0]
                  700a4670    000001aa     enet-cpsw.am263px.r5f.ti-arm-clang.freertos.debug.lib : mdio_ioctl.obj (.text.Mdio_readRegC45)
                  700a481a    00000006     --HOLE-- [fill = 0]
                  700a4820    000001aa     drivers.am263px.r5f.ti-arm-clang.freertos.debug.lib : uart_dma_edma.obj (.text.UART_lld_dmaWrite)
                  700a49ca    00000006     --HOLE-- [fill = 0]
                  700a49d0    000001aa     lwip-freertos.am263px.r5f.ti-arm-clang.debug.lib : mem.obj (.text.mem_free)
                  700a4b7a    00000002     --HOLE-- [fill = 0]
                  700a4b7c    000001a8     libc.a : memory.c.obj (.text.free)
                  700a4d24    000001a4            : memory.c.obj (.text.aligned_alloc)
                  700a4ec8    00000008     --HOLE-- [fill = 0]
                  700a4ed0    000001a4     freertos.am263px.r5f.ti-arm-clang.debug.lib : timers.obj (.text.prvProcessReceivedCommands)
                  700a5074    0000000c     --HOLE-- [fill = 0]
                  700a5080    000001a0     drivers.am263px.r5f.ti-arm-clang.freertos.debug.lib : uart_v0.obj (.text.UART_write)
                  700a5220    000001a0     lwip-freertos.am263px.r5f.ti-arm-clang.debug.lib : pbuf.obj (.text.pbuf_take)
                  700a53c0    000001a0     freertos.am263px.r5f.ti-arm-clang.debug.lib : tasks.obj (.text.vTaskSwitchContext)
                  700a5560    0000019e     enet-cpsw.am263px.r5f.ti-arm-clang.freertos.debug.lib : cpsw_ale_ioctl.obj (.text.CpswAle_addMcastAddr)
                  700a56fe    00000002     --HOLE-- [fill = 0]
                  700a5700    0000019c     libc.a : fputs.c.obj (.text.fputs)
                  700a589c    00000004     --HOLE-- [fill = 0]
                  700a58a0    0000019a     enet-cpsw.am263px.r5f.ti-arm-clang.freertos.debug.lib : cpsw_cpts.obj (.text.CpswCpts_ioctl)
                  700a5a3a    00000006     --HOLE-- [fill = 0]
                  700a5a40    0000019a     lwip-freertos.am263px.r5f.ti-arm-clang.debug.lib : dns.obj (.text.dns_check_entry)
                  700a5bda    00000006     --HOLE-- [fill = 0]
                  700a5be0    0000019a     freertos.am263px.r5f.ti-arm-clang.debug.lib : tasks.obj (.text.vTaskPriorityDisinheritAfterTimeout)
                  700a5d7a    00000006     --HOLE-- [fill = 0]
                  700a5d80    00000198     drivers.am263px.r5f.ti-arm-clang.freertos.debug.lib : uart_v0_lld.obj (.text.UART_lld_controllerIsr)
                  700a5f18    00000008     --HOLE-- [fill = 0]
                  700a5f20    00000196     lwip-freertos.am263px.r5f.ti-arm-clang.debug.lib : dhcp.obj (.text.dhcp_reboot)
                  700a60b6    0000000a     --HOLE-- [fill = 0]
                  700a60c0    00000194     enet-cpsw.am263px.r5f.ti-arm-clang.freertos.debug.lib : cpsw_ale.obj (.text.CpswAle_ioctl)
                  700a6254    0000000c     --HOLE-- [fill = 0]
                  700a6260    00000194                                                           : cpsw_macport.obj (.text.CpswMacPort_ioctl)
                  700a63f4    0000000c     --HOLE-- [fill = 0]
                  700a6400    00000192     lwip-freertos.am263px.r5f.ti-arm-clang.debug.lib : tcp_out.obj (.text.tcp_zero_window_probe)
                  700a6592    0000000e     --HOLE-- [fill = 0]
                  700a65a0    0000018a     enet-cpsw.am263px.r5f.ti-arm-clang.freertos.debug.lib : enet_rm.obj (.text.EnetRm_ioctl)
                  700a672a    00000006     --HOLE-- [fill = 0]
                  700a6730    0000018a     lwip-freertos.am263px.r5f.ti-arm-clang.debug.lib : sys_arch.obj (.text.sys_arch_mbox_fetch)
                  700a68ba    00000006     --HOLE-- [fill = 0]
                  700a68c0    00000188     freertos.am263px.r5f.ti-arm-clang.debug.lib : ClockP_freertos_r5.obj (.text.ClockP_init)
                  700a6a48    00000008     --HOLE-- [fill = 0]
                  700a6a50    00000186     lwip-freertos.am263px.r5f.ti-arm-clang.debug.lib : acd.obj (.text.acd_tmr)
                  700a6bd6    0000000a     --HOLE-- [fill = 0]
                  700a6be0    00000178     freertos.am263px.r5f.ti-arm-clang.debug.lib : DebugP_shmLogReader.obj (.text.DebugP_shmLogReaderGetString)
                  700a6d58    00000008     --HOLE-- [fill = 0]
                  700a6d60    00000178     enet-cpsw.am263px.r5f.ti-arm-clang.freertos.debug.lib : enet_rm.obj (.text.EnetRm_initRxObj)
                  700a6ed8    00000008     --HOLE-- [fill = 0]
                  700a6ee0    00000178     lwip-freertos.am263px.r5f.ti-arm-clang.debug.lib : udp.obj (.text.udp_bind)
                  700a7058    00000008     --HOLE-- [fill = 0]
                  700a7060    00000176     enet-cpsw.am263px.r5f.ti-arm-clang.freertos.debug.lib : cpsw_macport_est.obj (.text.CpswEst_setState)
                  700a71d6    0000000a     --HOLE-- [fill = 0]
                  700a71e0    00000176     lwip-freertos.am263px.r5f.ti-arm-clang.debug.lib : dhcp.obj (.text.dhcp_discover)
                  700a7356    0000000a     --HOLE-- [fill = 0]
                  700a7360    00000176                                                      : icmp.obj (.text.icmp_send_response)
                  700a74d6    0000000a     --HOLE-- [fill = 0]
                  700a74e0    00000176                                                      : sys_arch.obj (.text.sys_sem_new)
                  700a7656    0000000a     --HOLE-- [fill = 0]
                  700a7660    00000174     enet-cpsw.am263px.r5f.ti-arm-clang.freertos.debug.lib : enetphy.obj (.text.EnetPhy_getLinkStatus)
                  700a77d4    0000000c     --HOLE-- [fill = 0]
                  700a77e0    00000172     board.am263px.r5f.ti-arm-clang.freertos.debug.lib : eeprom_cat24m.obj (.text.EEPROM_CAT24M_write)
                  700a7952    0000000e     --HOLE-- [fill = 0]
                  700a7960    00000172     lwip-freertos.am263px.r5f.ti-arm-clang.debug.lib : ip4.obj (.text.ip4_route)
                  700a7ad2    0000000e     --HOLE-- [fill = 0]
                  700a7ae0    00000172                                                      : sys_arch.obj (.text.sys_arch_sem_wait)
                  700a7c52    0000000e     --HOLE-- [fill = 0]
                  700a7c60    00000170     freertos.am263px.r5f.ti-arm-clang.debug.lib : queue.obj (.text.xQueueGiveFromISR)
                  700a7dd0    00000168     enet-cpsw.am263px.r5f.ti-arm-clang.freertos.debug.lib : enet_cpdma.obj (.text.EnetCpdma_rxIsrProc)
                  700a7f38    00000008     --HOLE-- [fill = 0]
                  700a7f40    00000168                                                           : enet_phymdio_dflt.obj (.text.EnetPhyMdioDflt_writeC45)
                  700a80a8    00000008     --HOLE-- [fill = 0]
                  700a80b0    00000168     main.o (.text.freertos_main)
                  700a8218    00000008     --HOLE-- [fill = 0]
                  700a8220    00000168     xgw_udp_interface.o (.text.xgw_udp_send_motor_states)
                  700a8388    00000008     --HOLE-- [fill = 0]
                  700a8390    00000166     enet-cpsw.am263px.r5f.ti-arm-clang.freertos.debug.lib : enet_cpdma.obj (.text.EnetCpdma_openRxCh)
                  700a84f6    0000000a     --HOLE-- [fill = 0]
                  700a8500    00000166     drivers.am263px.r5f.ti-arm-clang.freertos.debug.lib : i2c_v1_lld.obj (.text.I2C_lld_primeTransferIntr)
                  700a8666    0000000a     --HOLE-- [fill = 0]
                  700a8670    00000166     freertos.am263px.r5f.ti-arm-clang.debug.lib : TaskP_freertos.obj (.text.TaskP_assertParams)
                  700a87d6    0000000a     --HOLE-- [fill = 0]
                  700a87e0    00000166     lwip-freertos.am263px.r5f.ti-arm-clang.debug.lib : mem.obj (.text.mem_malloc)
                  700a8946    0000000a     --HOLE-- [fill = 0]
                  700a8950    00000164     board.am263px.r5f.ti-arm-clang.freertos.debug.lib : dp83869.obj (.text.Dp83869_config)
                  700a8ab4    0000000c     --HOLE-- [fill = 0]
                  700a8ac0    00000164     enet-cpsw.am263px.r5f.ti-arm-clang.freertos.debug.lib : enet_rm.obj (.text.EnetRm_initHwPushObj)
                  700a8c24    0000000c     --HOLE-- [fill = 0]
                  700a8c30    00000162     drivers.am263px.r5f.ti-arm-clang.freertos.debug.lib : edma.obj (.text.EDMA_unregisterIntr)
                  700a8d92    0000000e     --HOLE-- [fill = 0]
                  700a8da0    00000162     enet-cpsw.am263px.r5f.ti-arm-clang.freertos.debug.lib : enet_phymdio_dflt.obj (.text.EnetPhyMdioDflt_readC45)
                  700a8f02    0000000e     --HOLE-- [fill = 0]
                  700a8f10    00000160                                                           : csl_cpsw.obj (.text.CSL_CPSW_setAlePortControlReg)
                  700a9070    00000160     drivers.am263px.r5f.ti-arm-clang.freertos.debug.lib : i2c_v1_lld.obj (.text.I2C_lld_init)
                  700a91d0    00000160     lwip-freertos.am263px.r5f.ti-arm-clang.debug.lib : inet_chksum.obj (.text.inet_cksum_pseudo_partial_base)
                  700a9330    0000015e                                                      : dhcp.obj (.text.dhcp_renew)
                  700a948e    00000002     --HOLE-- [fill = 0]
                  700a9490    0000015e     xgw_udp_interface.o (.text.xgw_udp_start)
                  700a95ee    00000002     --HOLE-- [fill = 0]
                  700a95f0    0000015c     enet-cpsw.am263px.r5f.ti-arm-clang.freertos.debug.lib : enet_cpdma.obj (.text.EnetCpdma_txIsr)
                  700a974c    00000004     --HOLE-- [fill = 0]
                  700a9750    0000015c                                                           : enet_rm.obj (.text.EnetRm_initMacObj)
                  700a98ac    00000004     --HOLE-- [fill = 0]
                  700a98b0    0000015c     main.o (.text.build_and_send_udp_packet)
                  700a9a0c    00000004     --HOLE-- [fill = 0]
                  700a9a10    0000015c     lwip-freertos.am263px.r5f.ti-arm-clang.debug.lib : dhcp.obj (.text.dhcp_rebind)
                  700a9b6c    00000004     --HOLE-- [fill = 0]
                  700a9b70    0000015c     freertos.am263px.r5f.ti-arm-clang.debug.lib : tasks.obj (.text.prvAddNewTaskToReadyList)
                  700a9ccc    00000004     --HOLE-- [fill = 0]
                  700a9cd0    0000015c                                                 : tasks.obj (.text.xTaskPriorityInherit)
                  700a9e2c    00000004     --HOLE-- [fill = 0]
                  700a9e30    0000015a     enet-cpsw.am263px.r5f.ti-arm-clang.freertos.debug.lib : enet_cpdma.obj (.text.EnetCpdma_netChOpen)
                  700a9f8a    00000006     --HOLE-- [fill = 0]
                  700a9f90    0000015a     lwip-freertos.am263px.r5f.ti-arm-clang.debug.lib : dhcp.obj (.text.dhcp_start)
                  700aa0ea    00000006     --HOLE-- [fill = 0]
                  700aa0f0    00000158     enet-cpsw.am263px.r5f.ti-arm-clang.freertos.debug.lib : cpsw_ale.obj (.text.CpswAle_initCfg)
                  700aa248    00000008     --HOLE-- [fill = 0]
                  700aa250    00000158     ti_enet_config.o (.text.EnetApp_initializeMacAddrPool)
                  700aa3a8    00000008     --HOLE-- [fill = 0]
                  700aa3b0    00000158     enet-cpsw.am263px.r5f.ti-arm-clang.freertos.debug.lib : enet_phymdio_dflt.obj (.text.EnetPhyMdioDflt_writeC22)
                  700aa508    00000008     --HOLE-- [fill = 0]
                  700aa510    00000158     drivers.am263px.r5f.ti-arm-clang.freertos.debug.lib : soc.obj (.text.SOC_controlModuleUnlockMMR)
                  700aa668    00000008     --HOLE-- [fill = 0]
                  700aa670    00000158     lwip-freertos.am263px.r5f.ti-arm-clang.debug.lib : dhcp.obj (.text.dhcp_handle_ack)
                  700aa7c8    00000008     --HOLE-- [fill = 0]
                  700aa7d0    00000158                                                      : etharp.obj (.text.etharp_tmr)
                  700aa928    00000008     --HOLE-- [fill = 0]
                  700aa930    00000152     drivers.am263px.r5f.ti-arm-clang.freertos.debug.lib : uart_v0_lld.obj (.text.UART_lld_initDma)
                  700aaa82    0000000e     --HOLE-- [fill = 0]
                  700aaa90    00000150     enet-cpsw.am263px.r5f.ti-arm-clang.freertos.debug.lib : enet_phymdio_dflt.obj (.text.EnetPhyMdioDflt_readC22)
                  700aabe0    00000150                                                           : enet_rm.obj (.text.EnetRm_delCoreAttached)
                  700aad30    0000014e     lwip-freertos.am263px.r5f.ti-arm-clang.debug.lib : sys_arch.obj (.text.sys_arch_unprotect)
                  700aae7e    00000002     --HOLE-- [fill = 0]
                  700aae80    0000014e     freertos.am263px.r5f.ti-arm-clang.debug.lib : tasks.obj (.text.xTaskPriorityDisinherit)
                  700aafce    00000002     --HOLE-- [fill = 0]
                  700aafd0    0000014c                                                 : queue.obj (.text.xQueueReceiveFromISR)
                  700ab11c    00000004     --HOLE-- [fill = 0]
                  700ab120    00000148     enet-cpsw.am263px.r5f.ti-arm-clang.freertos.debug.lib : cpsw_ale.obj (.text.CpswAle_setPolicerPartitionLevel)
                  700ab268    00000008     --HOLE-- [fill = 0]
                  700ab270    00000148     lwip-freertos.am263px.r5f.ti-arm-clang.debug.lib : netif.obj (.text.netif_set_addr)
                  700ab3b8    00000008     --HOLE-- [fill = 0]
                  700ab3c0    00000148                                                      : udp.obj (.text.udp_sendto)
                  700ab508    00000008     --HOLE-- [fill = 0]
                  700ab510    00000146     enet-cpsw.am263px.r5f.ti-arm-clang.freertos.debug.lib : cpsw_ioctl.obj (.text.Cpsw_closePortLink)
                  700ab656    0000000a     --HOLE-- [fill = 0]
                  700ab660    00000144     freertos.am263px.r5f.ti-arm-clang.debug.lib : tasks.obj (.text.prvInitialiseNewTask)
                  700ab7a4    00000144     libc.a : setvbuf.c.obj (.text.setvbuf)
                  700ab8e8    00000008     --HOLE-- [fill = 0]
                  700ab8f0    00000144     lwip-freertos.am263px.r5f.ti-arm-clang.debug.lib : tcp.obj (.text.tcp_close_shutdown_fin)
                  700aba34    0000000c     --HOLE-- [fill = 0]
                  700aba40    00000142     enet-cpsw.am263px.r5f.ti-arm-clang.freertos.debug.lib : cpsw_ale_ioctl.obj (.text.CpswAle_delPortUcastEntries)
                  700abb82    0000000e     --HOLE-- [fill = 0]
                  700abb90    00000140     lwip-freertos.am263px.r5f.ti-arm-clang.debug.lib : pbuf.obj (.text.pbuf_cat)
                  700abcd0    0000013e     enet-cpsw.am263px.r5f.ti-arm-clang.freertos.debug.lib : csl_cpsw_ale_9g_tblcfg.obj (.text.CSL_CPSW_setAleVlanUnicastAddrEntry)
                  700abe0e    00000002     --HOLE-- [fill = 0]
                  700abe10    0000013e                                                           : enet_cpdma.obj (.text.EnetCpdma_openTxCh)
                  700abf4e    00000002     --HOLE-- [fill = 0]
                  700abf50    0000013e     drivers.am263px.r5f.ti-arm-clang.freertos.debug.lib : i2c_v1.obj (.text.I2C_mem_primeTransfer)
                  700ac08e    00000002     --HOLE-- [fill = 0]
                  700ac090    0000013e     lwip-freertos.am263px.r5f.ti-arm-clang.debug.lib : pbuf.obj (.text.pbuf_copy_partial)
                  700ac1ce    00000002     --HOLE-- [fill = 0]
                  700ac1d0    0000013a     board.am263px.r5f.ti-arm-clang.freertos.debug.lib : dp83869.obj (.text.Dp83869_enableAdvertisement)
                  700ac30a    00000006     --HOLE-- [fill = 0]
                  700ac310    0000013a     drivers.am263px.r5f.ti-arm-clang.freertos.debug.lib : edma.obj (.text.EDMA_isDmaChannelAllocated)
                  700ac44a    00000006     --HOLE-- [fill = 0]
                  700ac450    0000013a     enet-cpsw.am263px.r5f.ti-arm-clang.freertos.debug.lib : enet_phymdio_dflt.obj (.text.EnetPhyMdioDflt_isAlive)
                  700ac58a    00000006     --HOLE-- [fill = 0]
                  700ac590    0000013a                                                           : enet_phymdio_dflt.obj (.text.EnetPhyMdioDflt_isLinked)
                  700ac6ca    00000006     --HOLE-- [fill = 0]
                  700ac6d0    0000013a                                                           : enet.obj (.text.Enet_ioctl)
                  700ac80a    00000006     --HOLE-- [fill = 0]
                  700ac810    0000013a     board.am263px.r5f.ti-arm-clang.freertos.debug.lib : generic_phy.obj (.text.GenericPhy_enableAdvertisement)
                  700ac94a    00000006     --HOLE-- [fill = 0]
                  700ac950    0000013a     drivers.am263px.r5f.ti-arm-clang.freertos.debug.lib : i2c_v1_lld.obj (.text.I2C_lld_mem_write)
                  700aca8a    00000006     --HOLE-- [fill = 0]
                  700aca90    0000013a     lwip-freertos.am263px.r5f.ti-arm-clang.debug.lib : dhcp.obj (.text.dhcp_release_and_stop)
                  700acbca    00000006     --HOLE-- [fill = 0]
                  700acbd0    00000138     enet-cpsw.am263px.r5f.ti-arm-clang.freertos.debug.lib : cpsw_cpts_ioctl.obj (.text.CpswCpts_ioctl_handler_CPSW_CPTS_IOCTL_SET_ESTF)
                  700acd08    00000008     --HOLE-- [fill = 0]
                  700acd10    00000138     freertos.am263px.r5f.ti-arm-clang.debug.lib : printf.obj (.text._ntoa_long_long)
                  700ace48    00000008     --HOLE-- [fill = 0]
                  700ace50    00000136     board.am263px.r5f.ti-arm-clang.freertos.debug.lib : dp83869.obj (.text.Dp83869_disableAdvertisement)
                  700acf86    0000000a     --HOLE-- [fill = 0]
                  700acf90    00000136     enet-cpsw.am263px.r5f.ti-arm-clang.freertos.debug.lib : enet_appmemutils.obj (.text.EnetMem_initMemObjs)
                  700ad0c6    0000000a     --HOLE-- [fill = 0]
                  700ad0d0    00000136     board.am263px.r5f.ti-arm-clang.freertos.debug.lib : generic_phy.obj (.text.GenericPhy_disableAdvertisement)
                  700ad206    0000000a     --HOLE-- [fill = 0]
                  700ad210    00000136     drivers.am263px.r5f.ti-arm-clang.freertos.debug.lib : uart_v0_lld.obj (.text.UART_procLineStatusErr)
                  700ad346    0000000a     --HOLE-- [fill = 0]
                  700ad350    00000136     lwip-freertos.am263px.r5f.ti-arm-clang.debug.lib : tcp_out.obj (.text.tcp_rst_common)
                  700ad486    0000000a     --HOLE-- [fill = 0]
                  700ad490    00000134     drivers.am263px.r5f.ti-arm-clang.freertos.debug.lib : edma.obj (.text.EDMA_registerIntr)
                  700ad5c4    0000000c     --HOLE-- [fill = 0]
                  700ad5d0    00000134                                                         : uart_v0_lld.obj (.text.UART_writePolling)
                  700ad704    0000000c     --HOLE-- [fill = 0]
                  700ad710    00000134     freertos.am263px.r5f.ti-arm-clang.debug.lib : tasks.obj (.text.vTaskDelete)
                  700ad844    0000000c     --HOLE-- [fill = 0]
                  700ad850    00000132     enet-cpsw.am263px.r5f.ti-arm-clang.freertos.debug.lib : csl_cpsw_ale_9g_tblcfg.obj (.text.CSL_CPSW_setAleVlanMcastAddrEntry)
                  700ad982    0000000e     --HOLE-- [fill = 0]
                  700ad990    00000132                                                           : cpsw.obj (.text.Cpsw_dmaMiscIsr)
                  700adac2    0000000e     --HOLE-- [fill = 0]
                  700adad0    00000130                                                           : csl_cpsw_ale_9g_tblcfg.obj (.text.CSL_CPSW_setAleUnicastAddrEntry)
                  700adc00    00000130                                                           : enet.obj (.text.EnetPer_open)
                  700add30    0000012e     lwip-freertos.am263px.r5f.ti-arm-clang.debug.lib : igmp.obj (.text.igmp_send)
                  700ade5e    00000002     --HOLE-- [fill = 0]
                  700ade60    0000012c     enet-cpsw.am263px.r5f.ti-arm-clang.freertos.debug.lib : enet_osal.obj (.text.EnetOsal_registerIntr)
                  700adf8c    00000004     --HOLE-- [fill = 0]
                  700adf90    0000012c                                                           : enet_rm.obj (.text.EnetRm_validateResPartInfo)
                  700ae0bc    00000004     --HOLE-- [fill = 0]
                  700ae0c0    0000012c     drivers.am263px.r5f.ti-arm-clang.freertos.debug.lib : i2c_v1_lld.obj (.text.I2C_lld_mem_read)
                  700ae1ec    00000004     --HOLE-- [fill = 0]
                  700ae1f0    0000012c                                                         : uart_v0_lld.obj (.text.UART_lld_init)
                  700ae31c    00000004     --HOLE-- [fill = 0]
                  700ae320    0000012c     freertos.am263px.r5f.ti-arm-clang.debug.lib : tasks.obj (.text.ulTaskGenericNotifyTake)
                  700ae44c    00000004     --HOLE-- [fill = 0]
                  700ae450    0000012a     enet-cpsw.am263px.r5f.ti-arm-clang.freertos.debug.lib : enet_utils.obj (.text.EnetUtils_macToPhyMii)
                  700ae57a    00000006     --HOLE-- [fill = 0]
                  700ae580    00000128                                                           : enet_cpdmautils.obj (.text.EnetAppUtils_isDescCached)
                  700ae6a8    00000008     --HOLE-- [fill = 0]
                  700ae6b0    00000128     drivers.am263px.r5f.ti-arm-clang.freertos.debug.lib : i2c_v1_lld.obj (.text.I2C_lld_mem_writeIntr)
                  700ae7d8    00000008     --HOLE-- [fill = 0]
                  700ae7e0    00000128     freertos.am263px.r5f.ti-arm-clang.debug.lib : port.obj (.text.pxPortInitialiseStack)
                  700ae908    00000008     --HOLE-- [fill = 0]
                  700ae910    00000126     drivers.am263px.r5f.ti-arm-clang.freertos.debug.lib : soc.obj (.text.SOC_controlModuleLockMMR)
                  700aea36    0000000a     --HOLE-- [fill = 0]
                  700aea40    00000126     lwip-freertos.am263px.r5f.ti-arm-clang.debug.lib : pbuf.obj (.text.pbuf_take_at)
                  700aeb66    0000000a     --HOLE-- [fill = 0]
                  700aeb70    00000126                                                      : timeouts.obj (.text.sys_timeout_abs)
                  700aec96    0000000a     --HOLE-- [fill = 0]
                  700aeca0    00000124     enet-cpsw.am263px.r5f.ti-arm-clang.freertos.debug.lib : csl_cpsw_ale_9g_tblcfg.obj (.text.CSL_CPSW_setAleMcastAddrEntry)
                  700aedc4    0000000c     --HOLE-- [fill = 0]
                  700aedd0    00000124                                                           : cpsw_ale.obj (.text.CpswAle_setIoctlHandlerFxn)
                  700aeef4    0000000c     --HOLE-- [fill = 0]
                  700aef00    00000124                                                           : cpsw_cpts.obj (.text.CpswCpts_setIoctlHandlerFxn)
                  700af024    0000000c     --HOLE-- [fill = 0]
                  700af030    00000124                                                           : cpsw_hostport.obj (.text.CpswHostPort_setIoctlHandlerFxn)
                  700af154    0000000c     --HOLE-- [fill = 0]
                  700af160    00000124                                                           : cpsw_macport_est.obj (.text.CpswMacPortEst_setIoctlHandlerFxn)
                  700af284    0000000c     --HOLE-- [fill = 0]
                  700af290    00000124                                                           : cpsw_macport.obj (.text.CpswMacPort_setIoctlHandlerFxn)
                  700af3b4    0000000c     --HOLE-- [fill = 0]
                  700af3c0    00000124                                                           : cpsw_stats.obj (.text.CpswStats_setIoctlHandlerFxn)
                  700af4e4    0000000c     --HOLE-- [fill = 0]
                  700af4f0    00000124                                                           : cpsw.obj (.text.Cpsw_initCfg)
                  700af614    0000000c     --HOLE-- [fill = 0]
                  700af620    00000124                                                           : cpsw.obj (.text.Cpsw_setIoctlHandlerFxn)
                  700af744    0000000c     --HOLE-- [fill = 0]
                  700af750    00000124                                                           : enet_phymdio_dflt.obj (.text.EnetPhyMdioDflt_setIoctlHandlerFxn)
                  700af874    0000000c     --HOLE-- [fill = 0]
                  700af880    00000124                                                           : enet_rm.obj (.text.EnetRm_setIoctlHandlerFxn)
                  700af9a4    0000000c     --HOLE-- [fill = 0]
                  700af9b0    00000124                                                           : mdio.obj (.text.Mdio_setIoctlHandlerFxn)
                  700afad4    0000000c     --HOLE-- [fill = 0]
                  700afae0    00000122                                                           : cpsw_ale_ioctl.obj (.text.CpswAle_addUcastAddr)
                  700afc02    0000000e     --HOLE-- [fill = 0]
                  700afc10    00000120                                                           : cpsw_est.obj (.text.CpswEst_setIoctlHandlerFxn)
                  700afd30    00000120                                                           : enet_rm_ioctl.obj (.text.EnetRm_allocInternalRxFlowIdx)
                  700afe50    00000120                                                           : mdio_manual_ioctl.obj (.text.Mdio_manualModePhyRegRead22)
                  700aff70    00000120     drivers.am263px.r5f.ti-arm-clang.freertos.debug.lib : soc_rcm.obj (.text.SOC_rcmGetPeripheralClockFrequency)
                  700b0090    0000011e     enet-cpsw.am263px.r5f.ti-arm-clang.freertos.debug.lib : mdio_manual_ioctl.obj (.text.Mdio_manualModePhyRegValReadC45)
                  700b01ae    00000002     --HOLE-- [fill = 0]
                  700b01b0    0000011e     lwip-freertos.am263px.r5f.ti-arm-clang.debug.lib : pbuf.obj (.text.pbuf_add_header_impl)
                  700b02ce    00000002     --HOLE-- [fill = 0]
                  700b02d0    0000011e     freertos.am263px.r5f.ti-arm-clang.debug.lib : tasks.obj (.text.xTaskDelayUntil)
                  700b03ee    00000002     --HOLE-- [fill = 0]
                  700b03f0    0000011c     enet-cpsw.am263px.r5f.ti-arm-clang.freertos.debug.lib : csl_cpsw_ale_9g_tblcfg.obj (.text.CSL_CPSW_setAleVlanEntry)
                  700b050c    00000004     --HOLE-- [fill = 0]
                  700b0510    0000011c     ti_enet_open_close.o (.text.EnetAppUtils_openRxCh)
                  700b062c    00000004     --HOLE-- [fill = 0]
                  700b0630    0000011c     enet-cpsw.am263px.r5f.ti-arm-clang.freertos.debug.lib : enet_cpdma.obj (.text.EnetCpdma_setSOPInfo)
                  700b074c    00000004     --HOLE-- [fill = 0]
                  700b0750    0000011c                                                           : enet_utils.obj (.text.EnetUtils_delayNs)
                  700b086c    00000004     --HOLE-- [fill = 0]
                  700b0870    0000011c                                                           : mdio_ioctl.obj (.text.Mdio_writeRegC45)
                  700b098c    00000004     --HOLE-- [fill = 0]
                  700b0990    0000011c     drivers.am263px.r5f.ti-arm-clang.freertos.debug.lib : uart_dma_edma.obj (.text.UART_lld_dmaRead)
                  700b0aac    00000004     --HOLE-- [fill = 0]
                  700b0ab0    0000011c     lwip-freertos.am263px.r5f.ti-arm-clang.debug.lib : tcp_out.obj (.text.tcp_rexmit_rto_prepare)
                  700b0bcc    00000004     --HOLE-- [fill = 0]
                  700b0bd0    0000011a     enet-cpsw.am263px.r5f.ti-arm-clang.freertos.debug.lib : csl_cpsw_ale_9g_tblcfg.obj (.text.CSL_CPSW_setAleOutVlanEntry)
                  700b0cea    00000006     --HOLE-- [fill = 0]
                  700b0cf0    0000011a                                                           : enetphy.obj (.text.EnetPhy_setupManual)
                  700b0e0a    00000006     --HOLE-- [fill = 0]
                  700b0e10    0000011a     drivers.am263px.r5f.ti-arm-clang.freertos.debug.lib : i2c_v1_lld.obj (.text.I2C_lld_mem_readIntr)
                  700b0f2a    00000006     --HOLE-- [fill = 0]
                  700b0f30    00000118     enet-cpsw.am263px.r5f.ti-arm-clang.freertos.debug.lib : enetphy.obj (.text.EnetPhy_resetWaitState)
                  700b1048    00000008     --HOLE-- [fill = 0]
                  700b1050    00000118                                                           : enetphy.obj (.text.EnetPhy_setupNway)
                  700b1168    00000008     --HOLE-- [fill = 0]
                  700b1170    00000118     lwip-freertos.am263px.r5f.ti-arm-clang.debug.lib : sys_arch.obj (.text.sys_mbox_trypost)
                  700b1288    00000008     --HOLE-- [fill = 0]
                  700b1290    00000118                                                      : tcp.obj (.text.tcp_process_refused_data)
                  700b13a8    00000008     --HOLE-- [fill = 0]
                  700b13b0    00000118                                                      : tcp.obj (.text.tcp_update_rcv_ann_wnd)
                  700b14c8    00000118     libclang_rt.builtins.a : udivmoddi4.S.obj (.text)
                  700b15e0    00000116     drivers.am263px.r5f.ti-arm-clang.freertos.debug.lib : edma.obj (.text.EDMA_isTccAllocated)
                  700b16f6    0000000a     --HOLE-- [fill = 0]
                  700b1700    00000116     enet-cpsw.am263px.r5f.ti-arm-clang.freertos.debug.lib : mdio_ioctl.obj (.text.Mdio_handleIntr)
                  700b1816    0000000a     --HOLE-- [fill = 0]
                  700b1820    00000116     drivers.am263px.r5f.ti-arm-clang.freertos.debug.lib : uart_v0_lld.obj (.text.UART_divisorLatchWrite)
                  700b1936    0000000a     --HOLE-- [fill = 0]
                  700b1940    00000114     freertos.am263px.r5f.ti-arm-clang.debug.lib : printf.obj (.text._ntoa_long)
                  700b1a54    0000000c     --HOLE-- [fill = 0]
                  700b1a60    00000112     enet-cpsw.am263px.r5f.ti-arm-clang.freertos.debug.lib : enetphy.obj (.text.EnetPhy_tick)
                  700b1b72    0000000e     --HOLE-- [fill = 0]
                  700b1b80    00000110     freertos.am263px.r5f.ti-arm-clang.debug.lib : DebugP_shmLogReader.obj (.text.DebugP_shmLogRead)
                  700b1c90    00000110                                                 : DebugP_shmLogReader.obj (.text.DebugP_shmLogReaderTaskMain)
                  700b1da0    00000110     enet-cpsw.am263px.r5f.ti-arm-clang.freertos.debug.lib : enetphy.obj (.text.EnetPhy_rmwReg)
                  700b1eb0    00000110     xgw_udp_interface.o (.text.xgw_udp_recv_callback)
                  700b1fc0    0000010e     enet-cpsw.am263px.r5f.ti-arm-clang.freertos.debug.lib : enet_cpdma.obj (.text.EnetCpdma_initRxChannel)
                  700b20ce    00000002     --HOLE-- [fill = 0]
                  700b20d0    0000010e     drivers.am263px.r5f.ti-arm-clang.freertos.debug.lib : soc_rcm.obj (.text.SOC_rcmADPLLJGetFOut)
                  700b21de    00000002     --HOLE-- [fill = 0]
                  700b21e0    0000010e     lwip-freertos.am263px.r5f.ti-arm-clang.debug.lib : netif.obj (.text.netif_do_set_ipaddr)
                  700b22ee    00000002     --HOLE-- [fill = 0]
                  700b22f0    0000010e                                                      : udp.obj (.text.udp_sendto_if)
                  700b23fe    00000002     --HOLE-- [fill = 0]
                  700b2400    0000010e     freertos.am263px.r5f.ti-arm-clang.debug.lib : queue.obj (.text.xQueueGenericReset)
                  700b250e    00000002     --HOLE-- [fill = 0]
                  700b2510    0000010c     enet-cpsw.am263px.r5f.ti-arm-clang.freertos.debug.lib : enet_cpdma.obj (.text.EnetCpdma_initTxChannel)
                  700b261c    00000004     --HOLE-- [fill = 0]
                  700b2620    0000010c     lwip-freertos.am263px.r5f.ti-arm-clang.debug.lib : sys_arch.obj (.text.sys_arch_protect)
                  700b272c    00000004     --HOLE-- [fill = 0]
                  700b2730    0000010c                                                      : udp.obj (.text.udp_connect)
                  700b283c    00000004     --HOLE-- [fill = 0]
                  700b2840    0000010a     enet-cpsw.am263px.r5f.ti-arm-clang.freertos.debug.lib : csl_cpsw.obj (.text.CSL_CPSW_setCpswControlReg)
                  700b294a    00000006     --HOLE-- [fill = 0]
                  700b2950    0000010a     drivers.am263px.r5f.ti-arm-clang.freertos.debug.lib : ipc_notify_v1.obj (.text.IpcNotify_sendMsg)
                  700b2a5a    00000006     --HOLE-- [fill = 0]
                  700b2a60    00000108     lwip-freertos.am263px.r5f.ti-arm-clang.debug.lib : sys_arch.obj (.text.sys_mbox_new)
                  700b2b68    00000008     --HOLE-- [fill = 0]
                  700b2b70    00000108                                                      : tcp_out.obj (.text.tcp_output_alloc_header_common)
                  700b2c78    00000008     --HOLE-- [fill = 0]
                  700b2c80    00000106     enet-cpsw.am263px.r5f.ti-arm-clang.freertos.debug.lib : enet_rm.obj (.text.EnetRm_initTxObj)
                  700b2d86    0000000a     --HOLE-- [fill = 0]
                  700b2d90    00000106     freertos.am263px.r5f.ti-arm-clang.debug.lib : tasks.obj (.text.prvAddCurrentTaskToDelayedList)
                  700b2e96    0000000a     --HOLE-- [fill = 0]
                  700b2ea0    00000104     enet-cpsw.am263px.r5f.ti-arm-clang.freertos.debug.lib : csl_cpsw.obj (.text.CSL_CPSW_setPortEstConfig)
                  700b2fa4    0000000c     --HOLE-- [fill = 0]
                  700b2fb0    00000104     drivers.am263px.r5f.ti-arm-clang.freertos.debug.lib : i2c_v1.obj (.text.I2C_close)
                  700b30b4    0000000c     --HOLE-- [fill = 0]
                  700b30c0    00000104                                                         : uart_v0_lld.obj (.text.UART_configInstance)
                  700b31c4    0000000c     --HOLE-- [fill = 0]
                  700b31d0    00000104     gateway_shared.o (.text.gateway_ringbuf_write)
                  700b32d4    0000000c     --HOLE-- [fill = 0]
                  700b32e0    00000100     enet-cpsw.am263px.r5f.ti-arm-clang.freertos.debug.lib : enet_osal.obj (.text.EnetOsal_createMutex)
                  700b33e0    00000100                                                           : enetphy.obj (.text.EnetPhy_getId)
[...]
700cf471  mem_trim                                                               
700cf491  vListInitialiseItem                                                    
700cf4a1  vTaskMissedYield                                                       
700cf4b1  CSL_CPSW_getAleControlReg                                              
700cf4c1  CSL_CPSW_getAleIPv6LowEntryIndex                                       
700cf4d1  CSL_MDIO_getClause45EnableMask                                         
700cf4e1  CSL_MDIO_getPollEnableMask                                             
700cf501  Drivers_open                                                           
700cf511  EnetAppUtils_enableClocks                                              
700cf521  EnetAppUtils_isPrintSupported                                          
700cf531  EnetSoc_getCoreId                                                      
700cf571  PhyPriv_getPhyAddr                                                     
700cf581  PhyPriv_getRegAccessApi                                                
700cf591  PowerClock_init                                                        
700cf5a1  dns_tmr                                                                
700cf5b1  uxTaskGetNumberOfTasks                                                 
700cf5d1  EnetCpdmaMem_getCfg                                                    
700cf5e1  EnetMem_getCfg                                                         
700cf5f1  EnetPhyMdioDflt_getPhyMdio                                             
700cf631  TaskP_exit                                                             
700cf691  vApplicationIdleHook                                                   
700cf6a1  Drivers_uartInit                                                       
700cf6b1  EnetOsal_disableAllIntr                                                
700cf6e1  EnetBoard_getId                                                        
700cf6f1  EnetSoc_getEnetNum                                                     
700cf701  TaskP_yield                                                            
700cf711  Board_init                                                             
700cf731  IpcNotify_wait                                                         
700cf751  mem_init                                                               
700cf761  netif_init                                                             
700cf781  vPortConfigTimerForRunTimeStats                                        
700cf791  vPortValidateInterruptPriority                                         
700cff4e  gCR5ClkSrcInfoMap                                                      
700cff50  gCacheConfig                                                           
700cff58  gMpuConfig                                                             
700cff64  gMpuRegionConfig                                                       
700d0174  gMpuRegionSizeInBytes                                                  
700d142c  memp_pools                                                             
700d1e22  ethbroadcast                                                           
700d22e8  gADPLLJConfigTbl                                                       
700d2a5c  lwip_cyclic_timers                                                     
700d5b64  I2C_defaultTransaction                                                 
700daa88  I2C_lld_defaultMessage                                                 
700dab90  gPeripheralClkSrcInfoMap                                               
700dba40  memp_ALTCP_PCB                                                         
700dba54  memp_ARP_QUEUE                                                         
700dba68  memp_FRAG_PBUF                                                         
700dba7c  memp_IGMP_GROUP                                                        
700dba90  memp_NETBUF                                                            
700dbaa4  memp_NETCONN                                                           
700dbab8  memp_NETDB                                                             
700dbacc  memp_PBUF                                                              
700dbae0  memp_PBUF_POOL                                                         
700dbaf4  memp_POOL_128                                                          
700dbb08  memp_POOL_1568                                                         
700dbb1c  memp_POOL_4096                                                         
700dbb30  memp_RAW_PCB                                                           
700dbb44  memp_REASSDATA                                                         
700dbb58  memp_SYS_MBOX                                                          
700dbb6c  memp_SYS_TIMEOUT                                                       
700dbb80  memp_TCPIP_MSG_API                                                     
700dbb94  memp_TCPIP_MSG_INPKT                                                   
700dbba8  memp_TCP_PCB                                                           
700dbbbc  memp_TCP_PCB_LISTEN                                                    
700dbbd0  memp_TCP_SEG                                                           
700dbbe4  memp_UDP_PCB                                                           
700dca30  tcp_pcb_lists                                                          
700dcf14  g_EnetApp_dmaChParams                                                  
700dd300  gEnetPhyDrvTbl                                                         
700dd310  gXTALInfo                                                              
700dd3b0  ethzero                                                                
700dd4bc  gCacheL1dCacheLineSize                                                 
700dd4c0  gCacheL1pCacheLineSize                                                 
700dd4c4  ip_addr_any                                                            
700dd4c8  ip_addr_broadcast                                                      
700dd508  gEdmaConfig                                                            
700dd508  gEnetSoc_cpsw3g                                                        
700dd508  gUartDmaHandle                                                         
700df068  gEnetSoc_dmaObj                                                        
700e0fa0  gEnetSoc_cpsw3gMacObj                                                  
700e1340  gEnetCpswCfg                                                           
700e1f24  gEnetPhyDrvDp83869                                                     
700e2028  gEnetPhyDrvGeneric                                                     
700e212c  gIpcNotifyMailboxConfig                                                
700e2324  _ftable                                                                
700e2ee4  _device                                                                
700e3234  gUartParams                                                            
700e3330  _stream                                                                
700e34cc  FreeRTOS_errno                                                         
700e34d0  gEnetSoc_cpsw3gSocCfg                                                  
700e3538  gEnetMacAddrPool                                                       
700e3568  gSocModulesClockFrequency                                              
700e35b8  gClockConfig                                                           
700e3618  gDmaCfg                                                                
700e3690  gIpcNotifyInterruptConfig_r5fss0_0                                     
700e36d4  Cpsw_gSpeedNames                                                       
700e36e4  gEepromFxns_CAT24M                                                     
700e36f4  gIpcNotifyCoreIntrBitPos                                               
700e3704  gSocModules                                                            
700e3714  Cpsw_gDuplexNames                                                      
700e3720  gAddrTranslateConfig                                                   
700e3738  gEepromAttrs_CAT24M                                                    
700e3744  gEepromConfig                                                          
700e3750  gEnetSoc_perObj                                                        
700e375c  gI2cParams                                                             
700e3768  __TI_cleanup_ptr                                                       
700e376c  __TI_dtors_ptr                                                         
700e3770  gEepromParams                                                          
700e3778  gI2cConfig                                                             
700e3788  gUartConfig                                                            
700e37a0  __TI_ft_end                                                            
700e37a4  _lock                                                                  
700e37a8  _unlock                                                                
700e37b4  gDebugLogZone                                                          
700e37b8  gDebugP_uartDrvIndex                                                   
700e37bc  gEdmaConfigNum                                                         
700e37c0  gEepromConfigNum                                                       
700e37c4  gEnetOsalHwiAllocCnt                                                   
700e37c8  gEnetOsalHwiPeak                                                       
700e37cc  gEnetOsalSemAllocCnt                                                   
700e37d0  gEnetOsalSemPeak                                                       
700e37d4  gHwiConfig                                                             
700e37d8  gI2cConfigNum                                                          
700e37dc  gIpcNotifyInterruptConfigNum_r5fss0_0                                  
700e37e0  gIpcTask                                                               
700e37e4  gLogReaderTask                                                         
700e37e8  gMainTask                                                              
700e37ec  gUartConfigNum                                                         
700e37f0  gUartDmaChConfig                                                       
700e37f4  gUdpTxTask                                                             
700e3814  pxCurrentTCB                                                           
700e3818  ulPortInterruptNesting                                                 
700e381c  ulPortSchedularRunning                                                 
700e3820  ulPortTaskHasFPUContext                                                
700e3824  ulPortYieldRequired                                                    
700e3881  gEnetTrace_runtimeLevel                                                
700e3882  isMapAvailable                                                         
700e3891  HwiP_enableInt                                                         
700e38d1  HwiP_disableInt                                                        
700e3931  HwiP_restoreInt                                                        
700e3961  HwiP_clearInt                                                          
700e39a1  HwiP_post                                                              
700e39e1  HwiP_Params_init                                                       
700e3a11  HwiP_construct                                                         
700e3c01  HwiP_destruct                                                          
700e3c71  HwiP_init                                                              
700e3e21  HwiP_inISR                                                             
700e3e51  HwiP_setVimIrqPriMaskNonAtomic                                         
700e3ea1  HwiP_setVimIrqPriMaskAtomic                                            
700e3f41  HwiP_restoreVimIrqPriMask                                              
700e3f51  HwiP_irq_handler_c                                                     
700e40f1  HwiP_fiq_handler                                                       
700e4261  HwiP_reserved_handler                                                  
700e42a1  HwiP_undefined_handler_c                                               
700e42c1  HwiP_user_undefined_handler_c                                          
700e42e1  HwiP_prefetch_abort_handler_c                                          
700e4381  HwiP_user_prefetch_abort_handler_c                                     
700e43c1  HwiP_data_abort_handler_c                                              
700e4481  HwiP_user_data_abort_handler_c                                         
700e44bc  vPortRestoreTaskContext                                                
700e44f4  HwiP_svc_handler                                                       
700e4564  HwiP_irq_handler                                                       
700e46a8  HwiP_data_abort_handler                                                
700e46ec  HwiP_prefetch_abort_handler                                            
700e4738  HwiP_undefined_handler                                                 
700e4768  GET_DFSR                                                               
700e4770  GET_ADFSR                                                              
700e4778  GET_DFAR                                                               
700e4780  GET_IFSR                                                               
700e4788  GET_AIFSR                                                              
700e4790  GET_IFAR                                                               
700e4798  GET_SPSR                                                               
700e47ac  HwiP_disable                                                           
700e47bc  HwiP_disableFIQ                                                        
700e47cc  HwiP_enable                                                            
700e47dc  HwiP_enableFIQ                                                         
700e47ec  HwiP_restore                                                           
700e47f4  HwiP_enableVIC                                                         
700e4804  HwiP_disableVIC                                                        
700e4814  HwiP_getCPSR                                                           
700e4820  CacheP_disableL1d                                                      
700e4848  CacheP_disableL1p                                                      
700e4860  CacheP_enableL1d                                                       
700e4878  CacheP_enableL1p                                                       
700e4890  CacheP_invL1d                                                          
700e48c8  CacheP_invL1p                                                          
700e4904  CacheP_invL1dAll                                                       
700e490c  CacheP_invL1pAll                                                       
700e4914  CacheP_wb                                                              
700e4950  CacheP_wbInv                                                           
700e498c  CacheP_wbAll                                                           
700e4a34  CacheP_wbInvAll                                                        
700e4a4c  CacheP_wbInvAllAsm                                                     
700e4aec  CacheP_getEnabled                                                      
700e4b24  CacheP_getCacheLevelInfo                                               
700e4b30  CacheP_configForceWrThru                                               
700e4b50  CacheP_setDLFO                                                         
700e4b61  CacheP_init                                                            
700e4bf1  CacheP_disable                                                         
700e4c41  CacheP_enable                                                          
700e4c81  CacheP_inv                                                             
700e4cc1  MpuP_getAttrs                                                          
700e4d21  MpuP_RegionAttrs_init                                                  
700e4d51  MpuP_setRegion                                                         
700e4de1  MpuP_isEnable                                                          
700e4df1  MpuP_disable                                                           
700e4e31  MpuP_enable                                                            
700e4e81  MpuP_init                                                              
700e4f21  MpuP_isUserAuthorizedToAccessMemory                                    
700e5000  MpuP_disableAsm                                                        
700e5018  MpuP_disableBRAsm                                                      
700e5028  MpuP_enableAsm                                                         
700e5040  MpuP_enableBRAsm                                                       
700e5050  MpuP_isEnableAsm                                                       
700e5064  MpuP_setRegionAsm                                                      
700e5080  _c_int00_sbl                                                           
700e50a4  _c_int00                                                               
700e51d1  _DebugP_assertNoLog                                                    
700e5201  _system_pre_init                                                       
700e5231  __mpu_init                                                             
700e5240  abort                                                                  
700e5248  __IRQ_STACK_START                                                      
700e5348  __FIQ_STACK_START                                                      
700e5348  __IRQ_STACK_END                                                        
700e5448  __FIQ_STACK_END                                                        
700e5448  __SVC_STACK_START                                                      
700e6448  __ABORT_STACK_START                                                    
700e6448  __SVC_STACK_END                                                        
700e6548  __ABORT_STACK_END                                                      
700e6548  __UNDEFINED_STACK_START                                                
700e6648  __UNDEFINED_STACK_END                                                  
70200000  gGatewaySharedMem                                                      
70208000  gDebugShmLog                                                           
ffffffff  __TI_pprof_out_hndl                                                    
ffffffff  __TI_prof_data_size                                                    
ffffffff  __TI_prof_data_start                                                   
ffffffff  __binit__                                                              
ffffffff  binit                                                                  
UNDEFED   __TI_CINIT_Base                                                        
UNDEFED   __TI_CINIT_Limit                                                       
UNDEFED   __TI_Handler_Table_Base                                                
UNDEFED   __TI_Handler_Table_Limit                                               
UNDEFED   _system_post_cinit                                                     

[1225 symbols]
