******************************************************************************
            TI ARM Clang Linker PC v4.0.4                      
******************************************************************************
>> Linked Thu Apr  9 10:26:37 2026

OUTPUT FILE NAME:   <ccu_ti_multi_core_freertos.out>
ENTRY POINT SYMBOL: "_vectors"  address: 00000000


MEMORY CONFIGURATION

         name            origin    length      used     unused   attr    fill
----------------------  --------  ---------  --------  --------  ----  --------
  R5F_VECS              00000000   00000040  00000040  00000000  RWIX
  R5F_TCMA              00000040   00007fc0  00000000  00007fc0  RWIX
  R5F_TCMB              00080000   00008000  00000000  00008000  RWIX
  MAILBOX_HSM           44000000   000003ce  00000000  000003ce  RWIX
  MAILBOX_R5F           44000400   000003ce  00000000  000003ce  RWIX
  FLASH                 60100000   00080000  00000000  00080000  RWIX
  SBL                   70000000   00040000  00000000  00040000  RWIX
  OCRAM                 70040000   00140000  001017b8  0003e848  RWIX
  USER_SHM_MEM          70200000   00008000  00006ee4  0000111c  RWIX
  LOG_SHM_MEM           70208000   00004000  00002000  00002000  RWIX
  CPPI_DESC             70280000   00040000  00000a00  0003f600  RWIX
  RTOS_NORTOS_IPC_SHM_M 72000000   00003e80  00000000  00003e80  RWIX


SEGMENT ALLOCATION MAP

run origin  load origin   length   init length attrs members
----------  ----------- ---------- ----------- ----- -------
00000000    00000000    00000040   00000040    r-x
  00000000    00000000    00000040   00000040    r-x .vectors
70040000    70040000    000704c0   00000000    rw-
  70040000    70040000    0003d780   00000000    rw- .bss
  7007d780    7007d780    00030d40   00000000    rw- .sysmem
  700ae4c0    700ae4c0    00002000   00000000    rw- .stack
700b04c0    700b04c0    0006b370   0006b370    r-x
  700b04c0    700b04c0    000590a0   000590a0    r-x .text
  70109560    70109560    000122d0   000122d0    r-- .rodata
70133880    70133880    0000b1d0   0000b1d0    rw-
  70133880    70133880    0000b1d0   0000b1d0    rw- .data
7013ea50    7013ea50    000019b8   000019b8    r-x
  7013ea50    7013ea50    00000f90   00000f90    r-x .text.hwi
  7013f9e0    7013f9e0    000004a0   000004a0    r-x .text.cache
  7013fe80    7013fe80    000003c0   000003c0    r-x .text.mpu
  70140240    70140240    000001c0   000001c0    r-x .text.boot
  70140400    70140400    00000008   00000008    r-x .text:abort
70140408    70140408    00001400   00000000    rw-
  70140408    70140408    00000100   00000000    rw- .irqstack
  70140508    70140508    00000100   00000000    rw- .fiqstack
  70140608    70140608    00001000   00000000    rw- .svcstack
  70141608    70141608    00000100   00000000    rw- .abortstack
  70141708    70141708    00000100   00000000    rw- .undefinedstack


SECTION ALLOCATION MAP

 output                                  attributes/
section   page    origin      length       input sections
--------  ----  ----------  ----------   ----------------
.vectors   0    00000000    00000040     
                  00000000    00000040     freertos.am263px.r5f.ti-arm-clang.debug.lib : HwiP_armv7r_vectors_freertos_asm.obj (.vectors)

.bss       0    70040000    0003d780     UNINITIALIZED
                  70040000    00012c1f     (.common:memp_memory_POOL_1568_base)
                  70052c1f    0000409f     (.common:memp_memory_POOL_4096_base)
                  70056cbe    00000002     lwip-freertos.am263px.r5f.ti-arm-clang.debug.lib : ip4.obj (.bss.ip_id)
                  70056cc0    00004000     main.o (.bss.gEnetLwipTaskStack)
                  7005acc0    00004000     test.o (.bss.gUdpRxTaskStack)
                  7005ecc0    00004000     main.o (.bss.gUdpTxTaskStack)
                  70062cc0    00003e9f     (.common:memp_memory_POOL_128_base)
                  70066b5f    00000001     lwip-freertos.am263px.r5f.ti-arm-clang.debug.lib : dhcp.obj (.bss.dhcp_pcb_refcount)
                  70066b60    00002200     ti_enet_config.o (.bss.gAppPktInfoMem_LargePool)
                  70068d60    00001918     ti_enet_lwipif.o (.bss.gLwipifEnetAppObj)
                  7006a678    0000101f     (.common:memp_memory_NETBUF_base)
                  7006b697    0000101f     (.common:memp_memory_PBUF_base)
                  7006c6b6    0000101f     (.common:memp_memory_TCPIP_MSG_API_base)
                  7006d6d5    0000101f     (.common:memp_memory_TCPIP_MSG_INPKT_base)
                  7006e6f4    0000101f     (.common:memp_memory_TCP_SEG_base)
                  7006f713    00000001     lwip-freertos.am263px.r5f.ti-arm-clang.debug.lib : etharp.obj (.bss.etharp_cached_entry)
                  7006f714    00000058     freertos.am263px.r5f.ti-arm-clang.debug.lib : DebugP_freertos.obj (.bss.gDebugLogLockObj)
                  7006f76c    00000014     lwip-freertos.am263px.r5f.ti-arm-clang.debug.lib : tcp_in.obj (.bss.inseg)
                  7006f780    00001000     ti_dpl_config.o (.bss.debug_mem_trace_buf)
                  70070780    00001000     freertos.am263px.r5f.ti-arm-clang.debug.lib : DebugP_shmLogReader_freertos.obj (.bss.gDebugShmLogReaderTaskStack)
                  70071780    00001000     main.o (.bss.gMainTaskStack)
                  70072780    00001000     freertos.am263px.r5f.ti-arm-clang.debug.lib : port.obj (.bss.uxIdleTaskStack)
                  70073780    00001000     (.common:gLoggerTaskStack)
                  70074780    00000d80     ti_enet_open_close.o (.bss.gEnetAppSysCfgObj)
                  70075500    00000b1f     (.common:memp_memory_SYS_MBOX_base)
                  7007601f    00000001     lwip-freertos.am263px.r5f.ti-arm-clang.debug.lib : tcp_in.obj (.bss.flags)
                  70076020    00000880     ti_enet_config.o (.bss.gAppPktInfoMemOnly)
                  700768a0    0000081f     (.common:memp_memory_RX_POOL_base)
                  700770bf    00000001     lwip-freertos.am263px.r5f.ti-arm-clang.debug.lib : sys_arch.obj (.bss.lwip_core_lock_count)
                  700770c0    0000080c     (.common:gHwiCtrl)
                  700778cc    00000014     freertos.am263px.r5f.ti-arm-clang.debug.lib : timers.obj (.bss.xActiveTimerList1)
                  700778e0    00000800     log_reader_task.o (.bss.gLogReaderTaskStack)
                  700780e0    000005c0     enet-cpsw.am263px.r5f.ti-arm-clang.freertos.debug.lib : enet_osal.obj (.bss.gOsalSemPEnetOsalPool)
                  700786a0    00000440     lwip-freertos.am263px.r5f.ti-arm-clang.debug.lib : dns.obj (.bss.dns_table)
                  70078ae0    00000430     enet-cpsw.am263px.r5f.ti-arm-clang.freertos.debug.lib : enetphy.obj (.bss.gEnetPhy_phyObjs)
                  70078f10    00000400     ti_enet_config.o (.bss.gAppPktInfoContainerMem_LargePool)
                  70079310    00000010     lwip-freertos.am263px.r5f.ti-arm-clang.debug.lib : dns.obj (.bss.dns_pcbs)
                  70079320    00000400     main.o (.bss.gIpcTaskStack)
                  70079720    00000400     freertos.am263px.r5f.ti-arm-clang.debug.lib : port.obj (.bss.uxTimerTaskStack)
                  70079b20    00000400     (.common:gFreePbufArr)
                  70079f20    000003df     (.common:memp_memory_ARP_QUEUE_base)
                  7007a2ff    0000033f     (.common:memp_memory_TCP_PCB_base)
                  7007a63e    00000002     lwip-freertos.am263px.r5f.ti-arm-clang.debug.lib : ip4_frag.obj (.bss.ip_reass_pbufcount)
                  7007a640    000002c0     ti_enet_config.o (.bss:ENET_CPDMA_OBJ_MEM)
                  7007a900    0000029f     (.common:memp_memory_NETCONN_base)
                  7007ab9f    00000001     lwip-freertos.am263px.r5f.ti-arm-clang.debug.lib : netif.obj (.bss.netif_num)
                  7007aba0    00000288     ti_drivers_config.o (.bss.gUartObjects)
                  7007ae28    00000280     freertos.am263px.r5f.ti-arm-clang.debug.lib : tasks.obj (.bss.pxReadyTasksLists)
                  7007b0a8    0000023f     (.common:memp_memory_SYS_TIMEOUT_base)
                  7007b2e7    00000001     lwip-freertos.am263px.r5f.ti-arm-clang.debug.lib : tcp_in.obj (.bss.recv_flags)
                  7007b2e8    00000204     (.common:lwip_stats)
                  7007b4ec    000001ff     (.common:memp_memory_FRAG_PBUF_base)
                  7007b6eb    00000001                                                      : tcp.obj (.bss.tcp_timer)
                  7007b6ec    000001cc     main.o (.bss.build_and_send_udp_packet.xgw_states)
                  7007b8b8    00000178     ti_drivers_config.o (.bss.gI2cObjects)
                  7007ba30    0000016c     (.common:gEepromObject_CAT24M)
                  7007bb9c    0000015f     (.common:memp_memory_ALTCP_PCB_base)
                  7007bcfb    0000015f     (.common:memp_memory_NETDB_base)
                  7007be5a    0000015f     (.common:memp_memory_REASSDATA_base)
                  7007bfb9    00000001     lwip-freertos.am263px.r5f.ti-arm-clang.debug.lib : tcp.obj (.bss.tcp_timer_ctr)
                  7007bfba    00000002                                                      : tcp_in.obj (.bss.recv_acked)
                  7007bfbc    00000120     libsysbm.a : trgmsg.c.obj (.bss:_CIOBUF_)
                  7007c0dc    0000011f     (.common:memp_memory_IGMP_GROUP_base)
                  7007c1fb    0000011f     (.common:memp_memory_TCP_PCB_LISTEN_base)
                  7007c31a    0000011f     (.common:memp_memory_UDP_PCB_base)
                  7007c439    00000100     freertos.am263px.r5f.ti-arm-clang.debug.lib : timers.obj (.bss.prvCheckForValidListAndQueue.ucStaticTimerQueueStorage)
                  7007c539    00000001     (.common:pbuf_free_ooseq_pending)
                  7007c53a    00000002     lwip-freertos.am263px.r5f.ti-arm-clang.debug.lib : tcp_in.obj (.bss.tcp_optidx)
                  7007c53c    00000100     (.common:xQueueRegistry)
                  7007c63c    000000f0                                                      : etharp.obj (.bss.arp_table)
                  7007c72c    000000d8     (.common:gEnetUtilsObj)
                  7007c804    000000b8     (.common:gIpcNotifyCtrl)
                  7007c8bc    000000a0     libc.a : defs.c.obj (.bss.__TI_tmpnams)
                  7007c95c    000000a0     lwip-freertos.am263px.r5f.ti-arm-clang.debug.lib : sockets.obj (.bss.sockets)
                  7007c9fc    00000004                                                      : tcp_in.obj (.bss.ackno)
                  7007ca00    000000a0     (.common:gTaskP_ctrl)
                  7007caa0    00000098     freertos.am263px.r5f.ti-arm-clang.debug.lib : DebugP_shmLogReader_freertos.obj (.bss.gDebugShmLogReaderTaskObj)
                  7007cb38    00000098     main.o (.bss.gEnetLwipTaskObj)
                  7007cbd0    00000098     main.o (.bss.gIpcTaskObj)
                  7007cc68    00000098     log_reader_task.o (.bss.gLogReaderTaskObj)
                  7007cd00    00000098     main.o (.bss.gMainTaskObj)
                  7007cd98    00000098     test.o (.bss.gUdpRxTaskTcb)
                  7007ce30    00000098     main.o (.bss.gUdpTxTaskObj)
                  7007cec8    00000098     freertos.am263px.r5f.ti-arm-clang.debug.lib : port.obj (.bss.xIdleTaskTCB)
                  7007cf60    00000098                                                 : port.obj (.bss.xTimerTaskTCB)
                  7007cff8    00000098     (.common:gLoggerTaskObj)
                  7007d090    00000094     (.common:gDebugShmLogReaderCtrl)
                  7007d124    00000080     enet-cpsw.am263px.r5f.ti-arm-clang.freertos.debug.lib : enet_osal.obj (.bss.gOsalHwiPEnetOsalPool)
                  7007d1a4    0000007f     (.common:memp_memory_RAW_PCB_base)
                  7007d223    0000007a     freertos.am263px.r5f.ti-arm-clang.debug.lib : DebugP_memTraceLogWriter.obj (.bss.DebugP_memLogWriterPutChar.lineBuf)
                  7007d29d    00000001     (.common:tcp_active_pcbs_changed)
                  7007d29e    00000002     lwip-freertos.am263px.r5f.ti-arm-clang.debug.lib : tcp_in.obj (.bss.tcphdr_opt1len)
                  7007d2a0    00000050     freertos.am263px.r5f.ti-arm-clang.debug.lib : timers.obj (.bss.prvCheckForValidListAndQueue.xStaticTimerQueue)
                  7007d2f0    00000050     (.common:gRovDummyQueue)
                  7007d340    00000030     lwip-freertos.am263px.r5f.ti-arm-clang.debug.lib : dns.obj (.bss.dns_requests)
                  7007d370    00000029     enet-cpsw.am263px.r5f.ti-arm-clang.freertos.debug.lib : enetphy.obj (.bss.gEnetPhyCapsBuf)
                  7007d399    00000001     --HOLE--
                  7007d39a    00000002     lwip-freertos.am263px.r5f.ti-arm-clang.debug.lib : tcp_in.obj (.bss.tcphdr_optlen)
                  7007d39c    00000028                                                      : dhcp.obj (.bss.dhcp_rx_options_val)
                  7007d3c4    00000024     enet-cpsw.am263px.r5f.ti-arm-clang.freertos.debug.lib : enet_cpdma_priv.obj (.bss.gCpswDmaMemMgrObj)
                  7007d3e8    0000001f     (.common:memp_memory_PBUF_POOL_base)
                  7007d407    00000001     --HOLE--
                  7007d408    00000018     (.common:gClockCtrl)
                  7007d420    00000018     (.common:ip_data)
                  7007d438    00000014     freertos.am263px.r5f.ti-arm-clang.debug.lib : timers.obj (.bss.xActiveTimerList2)
                  7007d44c    00000014                                                 : tasks.obj (.bss.xDelayedTaskList1)
                  7007d460    00000014                                                 : tasks.obj (.bss.xDelayedTaskList2)
                  7007d474    00000014                                                 : tasks.obj (.bss.xPendingReadyList)
                  7007d488    00000014                                                 : tasks.obj (.bss.xSuspendedTaskList)
                  7007d49c    00000014                                                 : tasks.obj (.bss.xTasksWaitingTermination)
                  7007d4b0    00000010     lwip-freertos.am263px.r5f.ti-arm-clang.debug.lib : ip4_addr.obj (.bss.ip4addr_ntoa.str)
                  7007d4c0    00000010                                                      : memp.obj (.bss.memp_stats_ALTCP_PCB)
                  7007d4d0    00000010                                                      : memp.obj (.bss.memp_stats_ARP_QUEUE)
                  7007d4e0    00000010                                                      : memp.obj (.bss.memp_stats_FRAG_PBUF)
                  7007d4f0    00000010                                                      : memp.obj (.bss.memp_stats_IGMP_GROUP)
                  7007d500    00000010                                                      : memp.obj (.bss.memp_stats_NETBUF)
                  7007d510    00000010                                                      : memp.obj (.bss.memp_stats_NETCONN)
                  7007d520    00000010                                                      : memp.obj (.bss.memp_stats_NETDB)
                  7007d530    00000010                                                      : memp.obj (.bss.memp_stats_PBUF)
                  7007d540    00000010                                                      : memp.obj (.bss.memp_stats_PBUF_POOL)
                  7007d550    00000010                                                      : memp.obj (.bss.memp_stats_POOL_128)
                  7007d560    00000010                                                      : memp.obj (.bss.memp_stats_POOL_1568)
                  7007d570    00000010                                                      : memp.obj (.bss.memp_stats_POOL_4096)
                  7007d580    00000010                                                      : memp.obj (.bss.memp_stats_RAW_PCB)
                  7007d590    00000010                                                      : memp.obj (.bss.memp_stats_REASSDATA)
                  7007d5a0    00000010     ti_enet_lwipif.o (.bss.memp_stats_RX_POOL)
                  7007d5b0    00000010     lwip-freertos.am263px.r5f.ti-arm-clang.debug.lib : memp.obj (.bss.memp_stats_SYS_MBOX)
                  7007d5c0    00000010                                                      : memp.obj (.bss.memp_stats_SYS_TIMEOUT)
                  7007d5d0    00000010                                                      : memp.obj (.bss.memp_stats_TCPIP_MSG_API)
                  7007d5e0    00000010                                                      : memp.obj (.bss.memp_stats_TCPIP_MSG_INPKT)
                  7007d5f0    00000010                                                      : memp.obj (.bss.memp_stats_TCP_PCB)
                  7007d600    00000010                                                      : memp.obj (.bss.memp_stats_TCP_PCB_LISTEN)
                  7007d610    00000010                                                      : memp.obj (.bss.memp_stats_TCP_SEG)
                  7007d620    00000010                                                      : memp.obj (.bss.memp_stats_UDP_PCB)
                  7007d630    00000010     (.common:virtToPhymap)
                  7007d640    0000000c     (.common:pfreeQ)
                  7007d64c    0000000a                                                      : dhcp.obj (.bss.dhcp_rx_options_given)
                  7007d656    00000002                                                      : tcp_in.obj (.bss.tcplen)
                  7007d658    00000008                                                      : dns.obj (.bss.dns_servers)
                  7007d660    00000008     libsysbm.a : hostopen.c.obj (.bss.parmbuf)
                  7007d668    00000004     lwip-freertos.am263px.r5f.ti-arm-clang.debug.lib : igmp.obj (.bss.allrouters)
                  7007d66c    00000004                                                      : igmp.obj (.bss.allsystems)
                  7007d670    00000004                                                      : timeouts.obj (.bss.current_timeout_due_time)
                  7007d674    00000004                                                      : dhcp.obj (.bss.dhcp_create_msg.xid)
                  7007d678    00000004                                                      : dhcp.obj (.bss.dhcp_pcb)
                  7007d67c    00000004                                                      : netif.obj (.bss.ext_callback)
                  7007d680    00000004     freertos.am263px.r5f.ti-arm-clang.debug.lib : DebugP_shmLogReader_freertos.obj (.bss.gDebugShmLogReaderTask)
                  7007d684    00000004                                                 : HwiP_armv7r_handlers_freertos.obj (.bss.gdummy)
                  7007d688    00000004                                                 : HwiP_armv7r_vim.obj (.bss.gdummy)
                  7007d68c    00000004     lwip-freertos.am263px.r5f.ti-arm-clang.debug.lib : ip4.obj (.bss.ip4_default_multicast_netif)
                  7007d690    00000004                                                      : sys_arch.obj (.bss.lwip_core_lock_holder_thread)
                  7007d694    00000004                                                      : sys_arch.obj (.bss.lwip_tcpip_thread)
                  7007d698    00000004                                                      : memp.obj (.bss.memp_tab_ALTCP_PCB)
                  7007d69c    00000004                                                      : memp.obj (.bss.memp_tab_ARP_QUEUE)
                  7007d6a0    00000004                                                      : memp.obj (.bss.memp_tab_FRAG_PBUF)
                  7007d6a4    00000004                                                      : memp.obj (.bss.memp_tab_IGMP_GROUP)
                  7007d6a8    00000004                                                      : memp.obj (.bss.memp_tab_NETBUF)
                  7007d6ac    00000004                                                      : memp.obj (.bss.memp_tab_NETCONN)
                  7007d6b0    00000004                                                      : memp.obj (.bss.memp_tab_NETDB)
                  7007d6b4    00000004                                                      : memp.obj (.bss.memp_tab_PBUF)
                  7007d6b8    00000004                                                      : memp.obj (.bss.memp_tab_PBUF_POOL)
                  7007d6bc    00000004                                                      : memp.obj (.bss.memp_tab_POOL_128)
                  7007d6c0    00000004                                                      : memp.obj (.bss.memp_tab_POOL_1568)
                  7007d6c4    00000004                                                      : memp.obj (.bss.memp_tab_POOL_4096)
                  7007d6c8    00000004                                                      : memp.obj (.bss.memp_tab_RAW_PCB)
                  7007d6cc    00000004                                                      : memp.obj (.bss.memp_tab_REASSDATA)
                  7007d6d0    00000004     ti_enet_lwipif.o (.bss.memp_tab_RX_POOL)
                  7007d6d4    00000004     lwip-freertos.am263px.r5f.ti-arm-clang.debug.lib : memp.obj (.bss.memp_tab_SYS_MBOX)
                  7007d6d8    00000004                                                      : memp.obj (.bss.memp_tab_SYS_TIMEOUT)
                  7007d6dc    00000004                                                      : memp.obj (.bss.memp_tab_TCPIP_MSG_API)
                  7007d6e0    00000004                                                      : memp.obj (.bss.memp_tab_TCPIP_MSG_INPKT)
                  7007d6e4    00000004                                                      : memp.obj (.bss.memp_tab_TCP_PCB)
                  7007d6e8    00000004                                                      : memp.obj (.bss.memp_tab_TCP_PCB_LISTEN)
                  7007d6ec    00000004                                                      : memp.obj (.bss.memp_tab_TCP_SEG)
                  7007d6f0    00000004                                                      : memp.obj (.bss.memp_tab_UDP_PCB)
                  7007d6f4    00000004                                                      : timeouts.obj (.bss.next_timeout)
                  7007d6f8    00000004     freertos.am263px.r5f.ti-arm-clang.debug.lib : timers.obj (.bss.pxCurrentTimerList)
                  7007d6fc    00000004                                                 : tasks.obj (.bss.pxDelayedTaskList)
                  7007d700    00000004                                                 : tasks.obj (.bss.pxOverflowDelayedTaskList)
                  7007d704    00000004                                                 : timers.obj (.bss.pxOverflowTimerList)
                  7007d708    00000004     lwip-freertos.am263px.r5f.ti-arm-clang.debug.lib : raw.obj (.bss.raw_pcbs)
                  7007d70c    00000004                                                      : ip4_frag.obj (.bss.reassdatagrams)
                  7007d710    00000004                                                      : tcp_in.obj (.bss.recv_data)
                  7007d714    00000004                                                      : sockets.obj (.bss.select_cb_list)
                  7007d718    00000004                                                      : tcp_in.obj (.bss.seqno)
                  7007d71c    00000004                                                      : sys_arch.obj (.bss.sys_arch_protect_mutex)
                  7007d720    00000004                                                      : sys_arch.obj (.bss.sys_arch_protect_nesting)
                  7007d724    00000004     libc.a : memory.c.obj (.bss.sys_free)
                  7007d728    00000004     lwip-freertos.am263px.r5f.ti-arm-clang.debug.lib : tcp_in.obj (.bss.tcphdr)
                  7007d72c    00000004                                                      : tcp_in.obj (.bss.tcphdr_opt2)
                  7007d730    00000004                                                      : tcpip.obj (.bss.tcpip_init_done)
                  7007d734    00000004                                                      : tcpip.obj (.bss.tcpip_init_done_arg)
                  7007d738    00000004                                                      : tcpip.obj (.bss.tcpip_mbox)
                  7007d73c    00000004                                                      : timeouts.obj (.bss.tcpip_tcp_timer_active)
                  7007d740    00000004     freertos.am263px.r5f.ti-arm-clang.debug.lib : tasks.obj (.bss.xIdleTaskHandles)
                  7007d744    00000004     (.common:gEepromHandle)
                  7007d748    00000004     (.common:gI2cHandle)
                  7007d74c    00000004     (.common:gInterface)
                  7007d750    00000004     (.common:gUartHandle)
                  7007d754    00000004     (.common:lock_tcpip_core)
                  7007d758    00000004     (.common:netif_default)
                  7007d75c    00000004     (.common:netif_list)
                  7007d760    00000004     (.common:tcp_active_pcbs)
                  7007d764    00000004     (.common:tcp_bound_pcbs)
                  7007d768    00000004     (.common:tcp_input_pcb)
                  7007d76c    00000004     (.common:tcp_listen_pcbs)
                  7007d770    00000004     (.common:tcp_ticks)
                  7007d774    00000004     (.common:tcp_tw_pcbs)
                  7007d778    00000004     (.common:udp_pcbs)
                  7007d77c    00000004     --HOLE--

.sysmem    0    7007d780    00030d40     UNINITIALIZED
                  7007d780    00000010     libc.a : memory.c.obj (.sysmem)
                  7007d790    00030d30     --HOLE--

.stack     0    700ae4c0    00002000     UNINITIALIZED
                  700ae4c0    00000004     freertos.am263px.r5f.ti-arm-clang.debug.lib : boot_armv7r_asm.obj (.stack)
                  700ae4c4    00001ffc     --HOLE--

.text      0    700b04c0    000590a0     
                  700b04c0    000011da     lwip-freertos.am263px.r5f.ti-arm-clang.debug.lib : tcp_in.obj (.text.tcp_receive)
                  700b169a    00000002     --HOLE-- [fill = 0]
                  700b169c    00000fc0     libc.a : _printfi.c.obj (.text:__TI_printfi)
                  700b265c    00000004     libclang_rt.builtins.a : aeabi_div0.c.obj (.text.__aeabi_idiv0)
                  700b2660    00000c3e     lwip-freertos.am263px.r5f.ti-arm-clang.debug.lib : tcp_in.obj (.text.tcp_input)
                  700b329e    00000002     --HOLE-- [fill = 0]
                  700b32a0    00000adc                                                      : tcp_out.obj (.text.tcp_write)
                  700b3d7c    00000004     libclang_rt.builtins.a : aeabi_div0.c.obj (.text.__aeabi_ldiv0)
                  700b3d80    00000ad8     lwip-freertos.am263px.r5f.ti-arm-clang.debug.lib : tcp_in.obj (.text.tcp_process)
                  700b4858    00000008     libsysbm.a : hostexit.c.obj (.text.HOSTexit)
                  700b4860    00000abe     enet-cpsw.am263px.r5f.ti-arm-clang.freertos.debug.lib : enet_cpdma.obj (.text.EnetCpdma_dequeueTx)
                  700b531e    00000002     --HOLE-- [fill = 0]
                  700b5320    00000a34     freertos.am263px.r5f.ti-arm-clang.debug.lib : printf.obj (.text._vsnprintf)
                  700b5d54    0000000c     libc.a : aeabi_portable.c.obj (.text.__aeabi_errno_addr)
                  700b5d60    0000099a     enet-cpsw.am263px.r5f.ti-arm-clang.freertos.debug.lib : enet_cpdma.obj (.text.EnetCpdma_dequeueRx)
                  700b66fa    00000002     --HOLE-- [fill = 0]
                  700b66fc    00000004     libclang_rt.builtins.a : aeabi_memcpy.S.obj (.text.__aeabi_memcpy)
                  700b6700    00000960     lwip-freertos.am263px.r5f.ti-arm-clang.debug.lib : tcp.obj (.text.tcp_slowtmr)
                  700b7060    000007a4     drivers.am263px.r5f.ti-arm-clang.freertos.debug.lib : i2c_v1_lld.obj (.text.I2C_lld_primeTransferPoll)
                  700b7804    0000000c     libclang_rt.builtins.a : aeabi_memset.S.obj (.text.__aeabi_memclr)
                  700b7810    00000678     drivers.am263px.r5f.ti-arm-clang.freertos.debug.lib : soc_rcm.obj (.text.SOC_rcmGetClkSrcAndDivReg)
                  700b7e88    00000004     libc.a : _lock.c.obj (.text._nop)
                  700b7e8c    00000004            : fseek.c.obj (.text.fseek)
                  700b7e90    00000654     lwip-freertos.am263px.r5f.ti-arm-clang.debug.lib : dhcp.obj (.text.dhcp_parse_reply)
                  700b84e4    0000000c     libc.a : memory.c.obj (.text.malloc)
                  700b84f0    00000638     drivers.am263px.r5f.ti-arm-clang.freertos.debug.lib : soc_rcm.obj (.text.SOC_rcmEnablePeripheralClock)
                  700b8b28    00000004     libsysbm.a : remove.c.obj (.text.remove)
                  700b8b2c    00000004     --HOLE-- [fill = 0]
                  700b8b30    00000610     lwipif-cpsw-freertos.am263px.r5f.ti-arm-clang.debug.lib : lwip2enet.obj (.text.Lwip2Enet_open)
                  700b9140    00000606     enet-cpsw.am263px.r5f.ti-arm-clang.freertos.debug.lib : enet_cpdma.obj (.text.EnetCpdma_enqueueRx)
                  700b9746    0000000a     --HOLE-- [fill = 0]
                  700b9750    000005e2     freertos.am263px.r5f.ti-arm-clang.debug.lib : printf.obj (.text._ftoa)
                  700b9d32    00000002     --HOLE-- [fill = 0]
                  700b9d34    0000000c                                                 : CpuId_armv7r_asm.obj (.text)
                  700b9d40    0000055a     lwip-freertos.am263px.r5f.ti-arm-clang.debug.lib : api_msg.obj (.text.lwip_netconn_do_writemore)
                  700ba29a    00000006     --HOLE-- [fill = 0]
                  700ba2a0    00000552     enet-cpsw.am263px.r5f.ti-arm-clang.freertos.debug.lib : cpsw_ale.obj (.text.CpswAle_open)
                  700ba7f2    0000000e     --HOLE-- [fill = 0]
                  700ba800    0000054c     lwip-freertos.am263px.r5f.ti-arm-clang.debug.lib : ip4.obj (.text.ip4_input)
                  700bad4c    00000004     --HOLE-- [fill = 0]
                  700bad50    0000050e                                                      : icmp.obj (.text.icmp_input)
                  700bb25e    00000002     --HOLE-- [fill = 0]
                  700bb260    00000506     enet-cpsw.am263px.r5f.ti-arm-clang.freertos.debug.lib : enet_cpdma.obj (.text.EnetCpdma_enqueueTx)
                  700bb766    0000000a     --HOLE-- [fill = 0]
                  700bb770    00000500     main.o (.text.udp_tx_task)
                  700bbc70    000004d8     lwip-freertos.am263px.r5f.ti-arm-clang.debug.lib : tcp_out.obj (.text.tcp_output)
                  700bc148    00000008     --HOLE-- [fill = 0]
                  700bc150    000004b0     freertos.am263px.r5f.ti-arm-clang.debug.lib : printf.obj (.text._etoa)
                  700bc600    000004ae     lwip-freertos.am263px.r5f.ti-arm-clang.debug.lib : udp.obj (.text.udp_input)
                  700bcaae    00000002     --HOLE-- [fill = 0]
                  700bcab0    00000492                                                      : etharp.obj (.text.etharp_query)
                  700bcf42    0000000e     --HOLE-- [fill = 0]
                  700bcf50    0000048a                                                      : etharp.obj (.text.etharp_find_entry)
                  700bd3da    00000006     --HOLE-- [fill = 0]
                  700bd3e0    00000486                                                      : ip4_frag.obj (.text.ip4_reass)
                  700bd866    0000000a     --HOLE-- [fill = 0]
                  700bd870    00000482                                                      : api_msg.obj (.text.lwip_netconn_do_close_internal)
                  700bdcf2    0000000e     --HOLE-- [fill = 0]
                  700bdd00    00000466     board.am263px.r5f.ti-arm-clang.freertos.debug.lib : dp83869.obj (.text.Dp83869_printRegs)
                  700be166    0000000a     --HOLE-- [fill = 0]
                  700be170    00000446     enet-cpsw.am263px.r5f.ti-arm-clang.freertos.debug.lib : cpsw_macport.obj (.text.CpswMacPort_open)
                  700be5b6    0000000a     --HOLE-- [fill = 0]
                  700be5c0    0000043e                                                           : enet_rm.obj (.text.EnetRm_detachCore)
                  700be9fe    00000002     --HOLE-- [fill = 0]
                  700bea00    00000404     drivers.am263px.r5f.ti-arm-clang.freertos.debug.lib : uart_v0.obj (.text.UART_open)
                  700bee04    0000000c     --HOLE-- [fill = 0]
                  700bee10    000003e2     enet-cpsw.am263px.r5f.ti-arm-clang.freertos.debug.lib : enet_rm.obj (.text.EnetRm_close)
                  700bf1f2    0000000e     --HOLE-- [fill = 0]
                  700bf200    000003dc     drivers.am263px.r5f.ti-arm-clang.freertos.debug.lib : ipc_notify_v1.obj (.text.IpcNotify_init)
                  700bf5dc    00000004     --HOLE-- [fill = 0]
                  700bf5e0    000003d2                                                         : soc.obj (.text.SOC_phyToVirt)
                  700bf9b2    0000000e     --HOLE-- [fill = 0]
                  700bf9c0    000003c4     xgw_udp_interface.o (.text.xgw_udp_send_motor_states)
                  700bfd84    0000000c     --HOLE-- [fill = 0]
                  700bfd90    000003be     lwip-freertos.am263px.r5f.ti-arm-clang.debug.lib : ip4_frag.obj (.text.ip_reass_chain_frag_into_datagram_and_validate)
                  700c014e    00000002     --HOLE-- [fill = 0]
                  700c0150    000003ba                                                      : udp.obj (.text.udp_sendto_if_src)
                  700c050a    00000006     --HOLE-- [fill = 0]
                  700c0510    000003b0                                                      : tcp_out.obj (.text.tcp_split_unsent_seg)
                  700c08c0    000003a2     enet-cpsw.am263px.r5f.ti-arm-clang.freertos.debug.lib : cpsw.obj (.text.Cpsw_registerIntrs)
                  700c0c62    0000000e     --HOLE-- [fill = 0]
                  700c0c70    00000398                                                           : mdio.obj (.text.Mdio_open)
                  700c1008    00000018     libc.a : memset32.S.obj (.text:TI_memset_small)
                  700c1020    00000390            : strcmp32.S.obj (.text:strcmp)
                  700c13b0    00000380     lwip-freertos.am263px.r5f.ti-arm-clang.debug.lib : ip4_frag.obj (.text.ip4_frag)
                  700c1730    0000036e     enet-cpsw.am263px.r5f.ti-arm-clang.freertos.debug.lib : cpsw.obj (.text.Cpsw_handleLinkDown)
                  700c1a9e    00000002     --HOLE-- [fill = 0]
                  700c1aa0    0000036a                                                           : enet_appmemutils.obj (.text.EnetMem_initCore)
                  700c1e0a    00000006     --HOLE-- [fill = 0]
                  700c1e10    00000362     lwipif-cpsw-freertos.am263px.r5f.ti-arm-clang.debug.lib : lwip2enet.obj (.text.Lwip2Enet_prepRxPktQ)
                  700c2172    0000000e     --HOLE-- [fill = 0]
                  700c2180    00000356     drivers.am263px.r5f.ti-arm-clang.freertos.debug.lib : i2c_v1.obj (.text.I2C_open)
                  700c24d6    0000000a     --HOLE-- [fill = 0]
                  700c24e0    0000034a     enet-cpsw.am263px.r5f.ti-arm-clang.freertos.debug.lib : cpsw.obj (.text.Cpsw_openInternal)
                  700c282a    00000006     --HOLE-- [fill = 0]
                  700c2830    0000033a                                                           : cpsw_ioctl.obj (.text.Cpsw_openPortLinkNoPhy)
                  700c2b6a    00000006     --HOLE-- [fill = 0]
                  700c2b70    00000330                                                           : cpsw.obj (.text.Cpsw_open)
                  700c2ea0    00000326     lwip-freertos.am263px.r5f.ti-arm-clang.debug.lib : ip4.obj (.text.ip4_output_if_opt_src)
                  700c31c6    0000000a     --HOLE-- [fill = 0]
                  700c31d0    00000320     motor_mapping.o (.text.motor_mapping_init_core0)
                  700c34f0    0000031e     lwip-freertos.am263px.r5f.ti-arm-clang.debug.lib : tcp_out.obj (.text.tcp_enqueue_flags)
                  700c380e    00000002     --HOLE-- [fill = 0]
                  700c3810    00000302     drivers.am263px.r5f.ti-arm-clang.freertos.debug.lib : soc.obj (.text.SOC_virtToPhy)
                  700c3b12    0000000e     --HOLE-- [fill = 0]
                  700c3b20    000002f8     lwip-freertos.am263px.r5f.ti-arm-clang.debug.lib : pbuf.obj (.text.pbuf_alloc)
                  700c3e18    00000008     --HOLE-- [fill = 0]
                  700c3e20    000002f2     enet-cpsw.am263px.r5f.ti-arm-clang.freertos.debug.lib : enet_cpdma.obj (.text.EnetCpdma_open)
                  700c4112    0000000e     --HOLE-- [fill = 0]
                  700c4120    000002e6                                                           : csl_cpsw.obj (.text.CSL_CPSW_setPortRxDscpMap)
                  700c4406    0000000a     --HOLE-- [fill = 0]
                  700c4410    000002e6     ti_enet_open_close.o (.text.EnetApp_driverOpen)
                  700c46f6    0000000a     --HOLE-- [fill = 0]
                  700c4700    000002de     lwip-freertos.am263px.r5f.ti-arm-clang.debug.lib : etharp.obj (.text.etharp_output)
                  700c49de    00000002     --HOLE-- [fill = 0]
                  700c49e0    000002da     enet-cpsw.am263px.r5f.ti-arm-clang.freertos.debug.lib : cpsw.obj (.text.Cpsw_periodicTick)
                  700c4cba    00000006     --HOLE-- [fill = 0]
                  700c4cc0    000002d2                                                           : enetphy.obj (.text.EnetPhy_enableState)
                  700c4f92    0000000e     --HOLE-- [fill = 0]
                  700c4fa0    000002d2     lwip-freertos.am263px.r5f.ti-arm-clang.debug.lib : api_msg.obj (.text.lwip_netconn_do_delconn)
                  700c5272    0000000e     --HOLE-- [fill = 0]
                  700c5280    000002bc                                                      : tcp_out.obj (.text.tcp_output_segment)
                  700c553c    00000004     --HOLE-- [fill = 0]
                  700c5540    000002ba     drivers.am263px.r5f.ti-arm-clang.freertos.debug.lib : i2c_v1_lld.obj (.text.I2C_lld_controllerIsr)
                  700c57fa    00000006     --HOLE-- [fill = 0]
                  700c5800    000002ba     lwip-freertos.am263px.r5f.ti-arm-clang.debug.lib : pbuf.obj (.text.pbuf_copy_partial_pbuf)
                  700c5aba    00000006     --HOLE-- [fill = 0]
                  700c5ac0    000002b8     enet-cpsw.am263px.r5f.ti-arm-clang.freertos.debug.lib : cpsw.obj (.text.Cpsw_handleLinkUp)
                  700c5d78    00000008     --HOLE-- [fill = 0]
                  700c5d80    000002aa     lwip-freertos.am263px.r5f.ti-arm-clang.debug.lib : netif.obj (.text.netif_add)
                  700c602a    00000006     --HOLE-- [fill = 0]
                  700c6030    000002a8     enet-cpsw.am263px.r5f.ti-arm-clang.freertos.debug.lib : cpsw_ale.obj (.text.CpswAle_addVlan)
                  700c62d8    00000008     --HOLE-- [fill = 0]
                  700c62e0    000002a6     main.o (.text.freertos_main)
                  700c6586    0000000a     --HOLE-- [fill = 0]
                  700c6590    0000029e     lwip-freertos.am263px.r5f.ti-arm-clang.debug.lib : tcp_in.obj (.text.tcp_listen_input)
                  700c682e    00000002     --HOLE-- [fill = 0]
                  700c6830    0000029a     drivers.am263px.r5f.ti-arm-clang.freertos.debug.lib : i2c_v1_lld.obj (.text.I2C_lld_targetIsr)
                  700c6aca    00000006     --HOLE-- [fill = 0]
                  700c6ad0    00000296     lwip-freertos.am263px.r5f.ti-arm-clang.debug.lib : tcp.obj (.text.tcp_close_shutdown)
                  700c6d66    0000000a     --HOLE-- [fill = 0]
                  700c6d70    00000290     enet-cpsw.am263px.r5f.ti-arm-clang.freertos.debug.lib : cpsw.obj (.text.Cpsw_registerIoctlHandler)
                  700c7000    0000028e                                                           : csl_cpsw.obj (.text.CSL_CPSW_setAlePolicerEntry)
                  700c728e    00000002     --HOLE-- [fill = 0]
                  700c7290    00000286                                                           : csl_cpsw.obj (.text.CSL_CPSW_getAlePolicerEntry)
                  700c7516    0000000a     --HOLE-- [fill = 0]
                  700c7520    00000286     ccu_log.o (.text.logger_pop_and_flush)
                  700c77a6    0000000a     --HOLE-- [fill = 0]
                  700c77b0    00000286     test.o (.text.test_netif_init)
                  700c7a36    00000002     --HOLE-- [fill = 0]
                  700c7a38    00000280     libc.a : _printfi.c.obj (.text._pconv_a)
                  700c7cb8    00000008     --HOLE-- [fill = 0]
                  700c7cc0    0000027e     enet-cpsw.am263px.r5f.ti-arm-clang.freertos.debug.lib : cpsw_ale.obj (.text.CpswAle_findVlan)
                  700c7f3e    00000002     --HOLE-- [fill = 0]
                  700c7f40    0000027e     drivers.am263px.r5f.ti-arm-clang.freertos.debug.lib : uart_dma_edma.obj (.text.UART_edmaChInit)
                  700c81be    00000002     --HOLE-- [fill = 0]
                  700c81c0    0000027a     enet-cpsw.am263px.r5f.ti-arm-clang.freertos.debug.lib : cpsw.obj (.text.Cpsw_ioctl)
                  700c843a    00000006     --HOLE-- [fill = 0]
                  700c8440    00000270     main.o (.text.core0_init)
                  700c86b0    00000266     enet-cpsw.am263px.r5f.ti-arm-clang.freertos.debug.lib : cpsw_est_ioctl.obj (.text.CpswEst_ioctl_handler_ENET_TAS_IOCTL_SET_STATE)
                  700c8916    0000000a     --HOLE-- [fill = 0]
                  700c8920    00000266     lwip-freertos.am263px.r5f.ti-arm-clang.debug.lib : api_msg.obj (.text.err_tcp)
                  700c8b86    0000000a     --HOLE-- [fill = 0]
                  700c8b90    00000266     freertos.am263px.r5f.ti-arm-clang.debug.lib : tasks.obj (.text.xTaskIncrementTick)
                  700c8df6    0000000a     --HOLE-- [fill = 0]
                  700c8e00    00000262     ccu_log.o (.text.ccu_log_push_v)
                  700c9062    0000000e     --HOLE-- [fill = 0]
                  700c9070    0000025a     lwip-freertos.am263px.r5f.ti-arm-clang.debug.lib : ip4_frag.obj (.text.ip_reass_free_complete_datagram)
                  700c92ca    00000006     --HOLE-- [fill = 0]
                  700c92d0    0000025a     freertos.am263px.r5f.ti-arm-clang.debug.lib : tasks.obj (.text.xTaskResumeAll)
                  700c952a    00000006     --HOLE-- [fill = 0]
                  700c9530    00000254     lwip-freertos.am263px.r5f.ti-arm-clang.debug.lib : igmp.obj (.text.igmp_input)
                  700c9784    0000000c     --HOLE-- [fill = 0]
                  700c9790    00000250     drivers.am263px.r5f.ti-arm-clang.freertos.debug.lib : edma.obj (.text.Alloc_resource)
                  700c99e0    0000024c     enet-cpsw.am263px.r5f.ti-arm-clang.freertos.debug.lib : cpsw_macport_ioctl.obj (.text.CpswMacPort_enablePort)
                  700c9c2c    00000004     --HOLE-- [fill = 0]
                  700c9c30    00000246     lwip-freertos.am263px.r5f.ti-arm-clang.debug.lib : dns.obj (.text.dns_send)
                  700c9e76    0000000a     --HOLE-- [fill = 0]
                  700c9e80    00000242     enet-cpsw.am263px.r5f.ti-arm-clang.freertos.debug.lib : enetphy.obj (.text.EnetPhy_bindDriver)
                  700ca0c2    0000000e     --HOLE-- [fill = 0]
                  700ca0d0    00000242     drivers.am263px.r5f.ti-arm-clang.freertos.debug.lib : uart_v0_lld.obj (.text.UART_fifoConfig)
                  700ca312    0000000e     --HOLE-- [fill = 0]
                  700ca320    0000023e     enet-cpsw.am263px.r5f.ti-arm-clang.freertos.debug.lib : cpsw_cpts_ioctl.obj (.text.CpswCpts_handleEvents)
                  700ca55e    00000002     --HOLE-- [fill = 0]
                  700ca560    0000023e     freertos.am263px.r5f.ti-arm-clang.debug.lib : printf.obj (.text._ntoa_format)
                  700ca79e    00000002     --HOLE-- [fill = 0]
                  700ca7a0    00000238     libc.a : _printfi.c.obj (.text._pconv_g)
                  700ca9d8    00000008     --HOLE-- [fill = 0]
                  700ca9e0    00000234     enet-cpsw.am263px.r5f.ti-arm-clang.freertos.debug.lib : cpsw_hostport.obj (.text.CpswHostPort_open)
                  700cac14    0000000c     --HOLE-- [fill = 0]
                  700cac20    00000230                                                           : enet_appmemutils.obj (.text.EnetMem_allocEthPkt)
                  700cae50    0000022e     xgw_udp_interface.o (.text.xgw_udp_process_motor_cmd)
                  700cb07e    00000002     --HOLE-- [fill = 0]
                  700cb080    0000022c     enet-cpsw.am263px.r5f.ti-arm-clang.freertos.debug.lib : enet_cpdma_priv.obj (.text.EnetCpdma_memMgrInit)
                  700cb2ac    00000004     --HOLE-- [fill = 0]
                  700cb2b0    0000022a     lwipif-cpsw-freertos.am263px.r5f.ti-arm-clang.debug.lib : lwip2lwipif.obj (.text.LWIPIF_LWIP_getChkSumInfo)
                  700cb4da    00000006     --HOLE-- [fill = 0]
                  700cb4e0    0000022a     lwip-freertos.am263px.r5f.ti-arm-clang.debug.lib : dhcp.obj (.text.dhcp_select)
                  700cb70a    00000006     --HOLE-- [fill = 0]
                  700cb710    00000226     drivers.am263px.r5f.ti-arm-clang.freertos.debug.lib : uart_dma_edma.obj (.text.UART_lld_dmaDeInit)
                  700cb936    0000000a     --HOLE-- [fill = 0]
                  700cb940    00000222                                                         : ipc_notify_v1.obj (.text.IpcNotify_isr)
                  700cbb62    0000000e     --HOLE-- [fill = 0]
                  700cbb70    00000220     enet-cpsw.am263px.r5f.ti-arm-clang.freertos.debug.lib : enet_cpdma.obj (.text.EnetCpdma_closeTxCh)
                  700cbd90    00000220                                                           : enet_rm_ioctl.obj (.text.EnetRm_allocMacAddr)
                  700cbfb0    00000220     freertos.am263px.r5f.ti-arm-clang.debug.lib : tasks.obj (.text.vTaskGenericNotifyGiveFromISR)
                  700cc1d0    00000220                                                 : queue.obj (.text.xQueueGenericSend)
                  700cc3f0    0000021a     enet-cpsw.am263px.r5f.ti-arm-clang.freertos.debug.lib : cpsw_stats.obj (.text.CpswStats_open)
                  700cc60a    00000006     --HOLE-- [fill = 0]
                  700cc610    00000218     main.o (.text.build_and_send_udp_packet)
                  700cc828    00000008     --HOLE-- [fill = 0]
                  700cc830    00000218     xgw_udp_interface.o (.text.xgw_udp_process_motor_set)
                  700cca48    00000008     --HOLE-- [fill = 0]
                  700cca50    00000216     xgw_udp_interface.o (.text.udp_rx_task)
                  700ccc66    0000000a     --HOLE-- [fill = 0]
                  700ccc70    00000210     xgw_udp_interface.o (.text.xgw_udp_send_imu_state)
                  700cce80    0000020a     lwip-freertos.am263px.r5f.ti-arm-clang.debug.lib : tcp.obj (.text.tcp_pcb_remove)
                  700cd08a    00000006     --HOLE-- [fill = 0]
                  700cd090    0000020a     freertos.am263px.r5f.ti-arm-clang.debug.lib : queue.obj (.text.xQueueSemaphoreTake)
                  700cd29a    00000006     --HOLE-- [fill = 0]
                  700cd2a0    00000206     enet-cpsw.am263px.r5f.ti-arm-clang.freertos.debug.lib : cpsw_cpts.obj (.text.CpswCpts_open)
                  700cd4a6    0000000a     --HOLE-- [fill = 0]
                  700cd4b0    00000206                                                           : enet_cpdma.obj (.text.EnetCpdma_closeRxCh)
                  700cd6b6    0000000a     --HOLE-- [fill = 0]
                  700cd6c0    00000206     lwip-freertos.am263px.r5f.ti-arm-clang.debug.lib : dhcp.obj (.text.dhcp_recv)
                  700cd8c6    0000000a     --HOLE-- [fill = 0]
                  700cd8d0    00000204     enet-cpsw.am263px.r5f.ti-arm-clang.freertos.debug.lib : enetphy.obj (.text.EnetPhy_open)
                  700cdad4    0000000c     --HOLE-- [fill = 0]
                  700cdae0    000001fe                                                           : cpsw_stats_ioctl.obj (.text.CpswStats_readHostStats)
                  700cdcde    00000002     --HOLE-- [fill = 0]
                  700cdce0    000001fe     lwip-freertos.am263px.r5f.ti-arm-clang.debug.lib : pbuf.obj (.text.pbuf_free)
                  700cdede    00000002     --HOLE-- [fill = 0]
                  700cdee0    000001f6                                                      : dhcp.obj (.text.dhcp_create_msg)
                  700ce0d6    0000000a     --HOLE-- [fill = 0]
                  700ce0e0    000001f2     drivers.am263px.r5f.ti-arm-clang.freertos.debug.lib : i2c_v1.obj (.text.I2C_primeTransfer)
                  700ce2d2    0000000e     --HOLE-- [fill = 0]
                  700ce2e0    000001f2                                                         : i2c_v1.obj (.text.I2C_transfer)
                  700ce4d2    0000000e     --HOLE-- [fill = 0]
                  700ce4e0    000001ee     enet-cpsw.am263px.r5f.ti-arm-clang.freertos.debug.lib : cpsw_ale.obj (.text.CpswAle_setAleCfg)
                  700ce6ce    00000002     --HOLE-- [fill = 0]
                  700ce6d0    000001ee                                                           : cpsw_ioctl.obj (.text.Cpsw_openPortLinkWithPhy)
                  700ce8be    00000002     --HOLE-- [fill = 0]
                  700ce8c0    000001ea                                                           : cpsw_hostport.obj (.text.CpswHostPort_ioctl)
                  700ceaaa    00000006     --HOLE-- [fill = 0]
                  700ceab0    000001ea                                                           : cpsw_stats.obj (.text.CpswStats_ioctl)
                  700cec9a    00000006     --HOLE-- [fill = 0]
                  700ceca0    000001ea                                                           : cpsw_ioctl.obj (.text.Cpsw_openPortLink)
                  700cee8a    00000006     --HOLE-- [fill = 0]
                  700cee90    000001ea     lwip-freertos.am263px.r5f.ti-arm-clang.debug.lib : tcp.obj (.text.tcp_abandon)
                  700cf07a    00000006     --HOLE-- [fill = 0]
                  700cf080    000001e8                                                      : api_msg.obj (.text.recv_tcp)
                  700cf268    00000008     --HOLE-- [fill = 0]
                  700cf270    000001e2     ti_enet_open_close.o (.text.EnetApp_initLinkArgs)
                  700cf452    0000000e     --HOLE-- [fill = 0]
                  700cf460    000001e2     lwip-freertos.am263px.r5f.ti-arm-clang.debug.lib : pbuf.obj (.text.pbuf_realloc)
                  700cf642    0000000e     --HOLE-- [fill = 0]
                  700cf650    000001e0     enet-cpsw.am263px.r5f.ti-arm-clang.freertos.debug.lib : cpsw_stats_ioctl.obj (.text.CpswStats_readMacStats)
                  700cf830    000001e0     lwip-freertos.am263px.r5f.ti-arm-clang.debug.lib : dhcp.obj (.text.dhcp_bind)
                  700cfa10    000001dc                                                      : api_msg.obj (.text.recv_udp)
                  700cfbec    00000004     --HOLE-- [fill = 0]
                  700cfbf0    000001da     enet-cpsw.am263px.r5f.ti-arm-clang.freertos.debug.lib : enet.obj (.text.Enet_validateIoctl)
                  700cfdca    00000006     --HOLE-- [fill = 0]
                  700cfdd0    000001d8     freertos.am263px.r5f.ti-arm-clang.debug.lib : queue.obj (.text.xQueueReceive)
                  700cffa8    00000008     --HOLE-- [fill = 0]
                  700cffb0    000001d6                                                 : TimerP_rti_priv.obj (.text.TimerP_setupPriv)
                  700d0186    0000000a     --HOLE-- [fill = 0]
                  700d0190    000001d4     ti_enet_lwipif.o (.text.LwipifEnetAppCb_getRxHandleInfo)
                  700d0364    0000000c     --HOLE-- [fill = 0]
                  700d0370    000001d4     enet-cpsw.am263px.r5f.ti-arm-clang.freertos.debug.lib : mdio.obj (.text.Mdio_ioctl)
                  700d0544    0000000c     --HOLE-- [fill = 0]
                  700d0550    000001d4     lwip-freertos.am263px.r5f.ti-arm-clang.debug.lib : raw.obj (.text.raw_sendto_if_src)
                  700d0724    000001d0     libclang_rt.builtins.a : udivsi3.S.obj (.text.__udivsi3)
                  700d08f4    0000000c     --HOLE-- [fill = 0]
                  700d0900    000001d0     lwip-freertos.am263px.r5f.ti-arm-clang.debug.lib : api_msg.obj (.text.lwip_netconn_do_write)
                  700d0ad0    000001d0                                                      : api_lib.obj (.text.netconn_write_vectors_partly)
                  700d0ca0    000001ce     xgw_udp_interface.o (.text.xgw_udp_start)
                  700d0e6e    00000002     --HOLE-- [fill = 0]
                  700d0e70    000001c8     lwip-freertos.am263px.r5f.ti-arm-clang.debug.lib : etharp.obj (.text.etharp_raw)
                  700d1038    00000008     --HOLE-- [fill = 0]
                  700d1040    000001c6     enet-cpsw.am263px.r5f.ti-arm-clang.freertos.debug.lib : enet_rm_ioctl.obj (.text.EnetRm_allocTxChNum)
                  700d1206    0000000a     --HOLE-- [fill = 0]
                  700d1210    000001c6     lwip-freertos.am263px.r5f.ti-arm-clang.debug.lib : tcp_out.obj (.text.tcp_create_segment)
                  700d13d6    0000000a     --HOLE-- [fill = 0]
                  700d13e0    000001c4     ti_enet_lwipif.o (.text.LwipifEnetApp_startSchedule)
                  700d15a4    0000000c     --HOLE-- [fill = 0]
                  700d15b0    000001c2     enet-cpsw.am263px.r5f.ti-arm-clang.freertos.debug.lib : enet.obj (.text.Enet_validateGenericIoctl)
                  700d1772    0000000e     --HOLE-- [fill = 0]
                  700d1780    000001bc     freertos.am263px.r5f.ti-arm-clang.debug.lib : tasks.obj (.text.xTaskRemoveFromEventList)
                  700d193c    00000004     --HOLE-- [fill = 0]
                  700d1940    000001b4     enet-cpsw.am263px.r5f.ti-arm-clang.freertos.debug.lib : enet_rm.obj (.text.EnetRm_open)
                  700d1af4    0000000c     --HOLE-- [fill = 0]
                  700d1b00    000001b4     lwip-freertos.am263px.r5f.ti-arm-clang.debug.lib : tcp_out.obj (.text.tcp_write_checks)
                  700d1cb4    0000000c     --HOLE-- [fill = 0]
                  700d1cc0    000001b2                                                      : ip4.obj (.text.ip4_forward)
                  700d1e72    0000000e     --HOLE-- [fill = 0]
                  700d1e80    000001b0     enet-cpsw.am263px.r5f.ti-arm-clang.freertos.debug.lib : cpsw_ale.obj (.text.CpswAle_delPolicerEntry)
                  700d2030    000001b0     lwip-freertos.am263px.r5f.ti-arm-clang.debug.lib : dns.obj (.text.dns_call_found)
                  700d21e0    000001b0     syslog.o (.text.syslog_send_internal)
                  700d2390    000001b0     lwip-freertos.am263px.r5f.ti-arm-clang.debug.lib : tcp_out.obj (.text.tcp_pbuf_prealloc)
                  700d2540    000001ae     ti_enet_open_close.o (.text.EnetApp_ConfigureDscpMapping)
                  700d26ee    00000002     --HOLE-- [fill = 0]
                  700d26f0    000001ac     drivers.am263px.r5f.ti-arm-clang.freertos.debug.lib : uart_v0.obj (.text.UART_close)
                  700d289c    00000004     --HOLE-- [fill = 0]
                  700d28a0    000001aa     enet-cpsw.am263px.r5f.ti-arm-clang.freertos.debug.lib : mdio_ioctl.obj (.text.Mdio_readRegC45)
                  700d2a4a    00000006     --HOLE-- [fill = 0]
                  700d2a50    000001aa     drivers.am263px.r5f.ti-arm-clang.freertos.debug.lib : uart_dma_edma.obj (.text.UART_lld_dmaWrite)
                  700d2bfa    00000006     --HOLE-- [fill = 0]
                  700d2c00    000001aa     lwip-freertos.am263px.r5f.ti-arm-clang.debug.lib : mem.obj (.text.mem_free)
                  700d2daa    00000006     --HOLE-- [fill = 0]
                  700d2db0    000001a8     enet-cpsw.am263px.r5f.ti-arm-clang.freertos.debug.lib : enet_appmemutils.obj (.text.EnetDma_checkPktState)
                  700d2f58    00000008     --HOLE-- [fill = 0]
                  700d2f60    000001a8     lwipif-cpsw-freertos.am263px.r5f.ti-arm-clang.debug.lib : custom_pbuf.obj (.text.EnetDma_checkPktState)
                  700d3108    00000008     --HOLE-- [fill = 0]
                  700d3110    000001a8                                                             : lwip2enet.obj (.text.EnetDma_checkPktState)
                  700d32b8    000001a8     libc.a : memory.c.obj (.text.free)
                  700d3460    000001a4            : memory.c.obj (.text.aligned_alloc)
                  700d3604    0000000c     --HOLE-- [fill = 0]
                  700d3610    000001a4     freertos.am263px.r5f.ti-arm-clang.debug.lib : timers.obj (.text.prvProcessReceivedCommands)
                  700d37b4    0000000c     --HOLE-- [fill = 0]
                  700d37c0    000001a2     lwip-freertos.am263px.r5f.ti-arm-clang.debug.lib : api_lib.obj (.text.netconn_new_with_proto_and_callback)
                  700d3962    0000000e     --HOLE-- [fill = 0]
                  700d3970    000001a0     drivers.am263px.r5f.ti-arm-clang.freertos.debug.lib : uart_v0.obj (.text.UART_write)
                  700d3b10    000001a0     lwip-freertos.am263px.r5f.ti-arm-clang.debug.lib : pbuf.obj (.text.pbuf_take)
                  700d3cb0    000001a0     freertos.am263px.r5f.ti-arm-clang.debug.lib : tasks.obj (.text.vTaskSwitchContext)
                  700d3e50    0000019e     enet-cpsw.am263px.r5f.ti-arm-clang.freertos.debug.lib : cpsw_ale_ioctl.obj (.text.CpswAle_addMcastAddr)
                  700d3fee    00000002     --HOLE-- [fill = 0]
                  700d3ff0    0000019c     libc.a : fputs.c.obj (.text.fputs)
                  700d418c    00000004     --HOLE-- [fill = 0]
                  700d4190    0000019c     lwip-freertos.am263px.r5f.ti-arm-clang.debug.lib : sockets.obj (.text.lwip_sendto)
                  700d432c    00000004     --HOLE-- [fill = 0]
                  700d4330    0000019a     enet-cpsw.am263px.r5f.ti-arm-clang.freertos.debug.lib : cpsw_cpts.obj (.text.CpswCpts_ioctl)
                  700d44ca    00000006     --HOLE-- [fill = 0]
                  700d44d0    0000019a     lwip-freertos.am263px.r5f.ti-arm-clang.debug.lib : dns.obj (.text.dns_check_entry)
                  700d466a    00000006     --HOLE-- [fill = 0]
                  700d4670    0000019a     freertos.am263px.r5f.ti-arm-clang.debug.lib : tasks.obj (.text.vTaskPriorityDisinheritAfterTimeout)
                  700d480a    00000006     --HOLE-- [fill = 0]
                  700d4810    0000019a                                                 : queue.obj (.text.xQueueGenericSendFromISR)
                  700d49aa    00000006     --HOLE-- [fill = 0]
                  700d49b0    00000198     drivers.am263px.r5f.ti-arm-clang.freertos.debug.lib : uart_v0_lld.obj (.text.UART_lld_controllerIsr)
                  700d4b48    00000008     --HOLE-- [fill = 0]
                  700d4b50    00000196     lwip-freertos.am263px.r5f.ti-arm-clang.debug.lib : dhcp.obj (.text.dhcp_reboot)
                  700d4ce6    0000000a     --HOLE-- [fill = 0]
                  700d4cf0    00000194     enet-cpsw.am263px.r5f.ti-arm-clang.freertos.debug.lib : cpsw_ale.obj (.text.CpswAle_ioctl)
                  700d4e84    0000000c     --HOLE-- [fill = 0]
                  700d4e90    00000194                                                           : cpsw_macport.obj (.text.CpswMacPort_ioctl)
                  700d5024    0000000c     --HOLE-- [fill = 0]
                  700d5030    00000192     lwip-freertos.am263px.r5f.ti-arm-clang.debug.lib : ethernet.obj (.text.ethernet_input)
                  700d51c2    0000000e     --HOLE-- [fill = 0]
                  700d51d0    00000192                                                      : tcp_out.obj (.text.tcp_zero_window_probe)
                  700d5362    0000000e     --HOLE-- [fill = 0]
                  700d5370    00000190                                                      : etharp.obj (.text.etharp_update_arp_entry)
                  700d5500    0000018e                                                      : etharp.obj (.text.etharp_input)
                  700d568e    00000002     --HOLE-- [fill = 0]
                  700d5690    0000018a     enet-cpsw.am263px.r5f.ti-arm-clang.freertos.debug.lib : enet_rm.obj (.text.EnetRm_ioctl)
                  700d581a    00000006     --HOLE-- [fill = 0]
                  700d5820    0000018a     lwip-freertos.am263px.r5f.ti-arm-clang.debug.lib : sys_arch.obj (.text.sys_arch_mbox_fetch)
                  700d59aa    00000006     --HOLE-- [fill = 0]
                  700d59b0    00000188     freertos.am263px.r5f.ti-arm-clang.debug.lib : ClockP_freertos_r5.obj (.text.ClockP_init)
                  700d5b38    00000008     --HOLE-- [fill = 0]
                  700d5b40    00000186     lwip-freertos.am263px.r5f.ti-arm-clang.debug.lib : acd.obj (.text.acd_tmr)
                  700d5cc6    0000000a     --HOLE-- [fill = 0]
                  700d5cd0    00000186                                                      : tcp.obj (.text.tcp_alloc)
                  700d5e56    0000000a     --HOLE-- [fill = 0]
                  700d5e60    0000017e     syslog.o (.text.format_syslog_message)
                  700d5fde    00000002     --HOLE-- [fill = 0]
                  700d5fe0    0000017c     lwipif-cpsw-freertos.am263px.r5f.ti-arm-clang.debug.lib : lwip2enet.obj (.text.Lwip2Enet_close)
                  700d615c    00000004     --HOLE-- [fill = 0]
                  700d6160    0000017a                                                             : custom_pbuf.obj (.text.custom_pbuf_free)
                  700d62da    00000006     --HOLE-- [fill = 0]
                  700d62e0    0000017a     lwip-freertos.am263px.r5f.ti-arm-clang.debug.lib : sockets.obj (.text.event_callback)
                  700d645a    00000006     --HOLE-- [fill = 0]
                  700d6460    00000178     freertos.am263px.r5f.ti-arm-clang.debug.lib : DebugP_shmLogReader.obj (.text.DebugP_shmLogReaderGetString)
                  700d65d8    00000008     --HOLE-- [fill = 0]
                  700d65e0    00000178     enet-cpsw.am263px.r5f.ti-arm-clang.freertos.debug.lib : enet_rm.obj (.text.EnetRm_initRxObj)
                  700d6758    00000008     --HOLE-- [fill = 0]
                  700d6760    00000178     lwipif-cpsw-freertos.am263px.r5f.ti-arm-clang.debug.lib : lwip2enet.obj (.text.Lwip2Enet_periodicFxn)
                  700d68d8    00000008     --HOLE-- [fill = 0]
                  700d68e0    00000178     test.o (.text.test_init)
                  700d6a58    00000008     --HOLE-- [fill = 0]
                  700d6a60    00000178     lwip-freertos.am263px.r5f.ti-arm-clang.debug.lib : udp.obj (.text.udp_bind)
                  700d6bd8    00000008     --HOLE-- [fill = 0]
                  700d6be0    00000176     enet-cpsw.am263px.r5f.ti-arm-clang.freertos.debug.lib : cpsw_macport_est.obj (.text.CpswEst_setState)
                  700d6d56    0000000a     --HOLE-- [fill = 0]
                  700d6d60    00000176     lwip-freertos.am263px.r5f.ti-arm-clang.debug.lib : dhcp.obj (.text.dhcp_discover)
                  700d6ed6    0000000a     --HOLE-- [fill = 0]
                  700d6ee0    00000176                                                      : icmp.obj (.text.icmp_send_response)
                  700d7056    0000000a     --HOLE-- [fill = 0]
                  700d7060    00000176                                                      : sys_arch.obj (.text.sys_sem_new)
                  700d71d6    0000000a     --HOLE-- [fill = 0]
                  700d71e0    00000174     enet-cpsw.am263px.r5f.ti-arm-clang.freertos.debug.lib : enetphy.obj (.text.EnetPhy_getLinkStatus)
                  700d7354    0000000c     --HOLE-- [fill = 0]
                  700d7360    00000174     lwip-freertos.am263px.r5f.ti-arm-clang.debug.lib : tcp.obj (.text.tcp_bind)
                  700d74d4    0000000c     --HOLE-- [fill = 0]
                  700d74e0    00000172     board.am263px.r5f.ti-arm-clang.freertos.debug.lib : eeprom_cat24m.obj (.text.EEPROM_CAT24M_write)
                  700d7652    0000000e     --HOLE-- [fill = 0]
                  700d7660    00000172     lwip-freertos.am263px.r5f.ti-arm-clang.debug.lib : ip4.obj (.text.ip4_route)
                  700d77d2    0000000e     --HOLE-- [fill = 0]
                  700d77e0    00000172                                                      : sys_arch.obj (.text.sys_arch_sem_wait)
                  700d7952    0000000e     --HOLE-- [fill = 0]
                  700d7960    00000170     freertos.am263px.r5f.ti-arm-clang.debug.lib : queue.obj (.text.xQueueGiveFromISR)
                  700d7ad0    0000016c     lwip-freertos.am263px.r5f.ti-arm-clang.debug.lib : etharp.obj (.text.etharp_output_to_arp_index)
                  700d7c3c    00000004     --HOLE-- [fill = 0]
                  700d7c40    00000168     enet-cpsw.am263px.r5f.ti-arm-clang.freertos.debug.lib : enet_cpdma.obj (.text.EnetCpdma_rxIsrProc)
                  700d7da8    00000008     --HOLE-- [fill = 0]
                  700d7db0    00000168                                                           : enet_phymdio_dflt.obj (.text.EnetPhyMdioDflt_writeC45)
                  700d7f18    00000008     --HOLE-- [fill = 0]
                  700d7f20    00000166                                                           : enet_cpdma.obj (.text.EnetCpdma_openRxCh)
                  700d8086    0000000a     --HOLE-- [fill = 0]
                  700d8090    00000166     drivers.am263px.r5f.ti-arm-clang.freertos.debug.lib : i2c_v1_lld.obj (.text.I2C_lld_primeTransferIntr)
                  700d81f6    0000000a     --HOLE-- [fill = 0]
                  700d8200    00000166     freertos.am263px.r5f.ti-arm-clang.debug.lib : TaskP_freertos.obj (.text.TaskP_assertParams)
                  700d8366    0000000a     --HOLE-- [fill = 0]
                  700d8370    00000166     lwip-freertos.am263px.r5f.ti-arm-clang.debug.lib : mem.obj (.text.mem_malloc)
                  700d84d6    0000000a     --HOLE-- [fill = 0]
                  700d84e0    00000166                                                      : tcp_in.obj (.text.tcp_parseopt)
                  700d8646    0000000a     --HOLE-- [fill = 0]
                  700d8650    00000164     board.am263px.r5f.ti-arm-clang.freertos.debug.lib : dp83869.obj (.text.Dp83869_config)
                  700d87b4    0000000c     --HOLE-- [fill = 0]
                  700d87c0    00000164     enet-cpsw.am263px.r5f.ti-arm-clang.freertos.debug.lib : enet_rm.obj (.text.EnetRm_initHwPushObj)
                  700d8924    0000000c     --HOLE-- [fill = 0]
                  700d8930    00000162     drivers.am263px.r5f.ti-arm-clang.freertos.debug.lib : edma.obj (.text.EDMA_unregisterIntr)
                  700d8a92    0000000e     --HOLE-- [fill = 0]
                  700d8aa0    00000162     enet-cpsw.am263px.r5f.ti-arm-clang.freertos.debug.lib : enet_phymdio_dflt.obj (.text.EnetPhyMdioDflt_readC45)
                  700d8c02    0000000e     --HOLE-- [fill = 0]
                  700d8c10    00000160                                                           : csl_cpsw.obj (.text.CSL_CPSW_setAlePortControlReg)
                  700d8d70    00000160     drivers.am263px.r5f.ti-arm-clang.freertos.debug.lib : i2c_v1_lld.obj (.text.I2C_lld_init)
                  700d8ed0    00000160     lwip-freertos.am263px.r5f.ti-arm-clang.debug.lib : inet_chksum.obj (.text.inet_cksum_pseudo_partial_base)
                  700d9030    00000160                                                      : tcp_in.obj (.text.tcp_free_acked_segments)
                  700d9190    0000015e     enet-cpsw.am263px.r5f.ti-arm-clang.freertos.debug.lib : enet_cpdma.obj (.text.EnetDma_retrieveRxPktQ)
                  700d92ee    00000002     --HOLE-- [fill = 0]
                  700d92f0    0000015e     lwip-freertos.am263px.r5f.ti-arm-clang.debug.lib : dhcp.obj (.text.dhcp_renew)
                  700d944e    00000002     --HOLE-- [fill = 0]
                  700d9450    0000015c     enet-cpsw.am263px.r5f.ti-arm-clang.freertos.debug.lib : enet_cpdma.obj (.text.EnetCpdma_txIsr)
                  700d95ac    00000004     --HOLE-- [fill = 0]
                  700d95b0    0000015c                                                           : enet_rm.obj (.text.EnetRm_initMacObj)
                  700d970c    00000004     --HOLE-- [fill = 0]
                  700d9710    0000015c     lwip-freertos.am263px.r5f.ti-arm-clang.debug.lib : dhcp.obj (.text.dhcp_rebind)
                  700d986c    00000004     --HOLE-- [fill = 0]
                  700d9870    0000015c     freertos.am263px.r5f.ti-arm-clang.debug.lib : tasks.obj (.text.prvAddNewTaskToReadyList)
                  700d99cc    00000004     --HOLE-- [fill = 0]
                  700d99d0    0000015c                                                 : tasks.obj (.text.xTaskPriorityInherit)
                  700d9b2c    00000004     --HOLE-- [fill = 0]
                  700d9b30    0000015a     enet-cpsw.am263px.r5f.ti-arm-clang.freertos.debug.lib : enet_cpdma.obj (.text.EnetCpdma_netChOpen)
                  700d9c8a    00000006     --HOLE-- [fill = 0]
                  700d9c90    0000015a     lwip-freertos.am263px.r5f.ti-arm-clang.debug.lib : dhcp.obj (.text.dhcp_start)
                  700d9dea    00000006     --HOLE-- [fill = 0]
                  700d9df0    00000158     enet-cpsw.am263px.r5f.ti-arm-clang.freertos.debug.lib : cpsw_ale.obj (.text.CpswAle_initCfg)
                  700d9f48    00000008     --HOLE-- [fill = 0]
                  700d9f50    00000158     ti_enet_config.o (.text.EnetApp_initializeMacAddrPool)
                  700da0a8    00000008     --HOLE-- [fill = 0]
                  700da0b0    00000158     enet-cpsw.am263px.r5f.ti-arm-clang.freertos.debug.lib : enet_phymdio_dflt.obj (.text.EnetPhyMdioDflt_writeC22)
                  700da208    00000008     --HOLE-- [fill = 0]
                  700da210    00000158     drivers.am263px.r5f.ti-arm-clang.freertos.debug.lib : soc.obj (.text.SOC_controlModuleUnlockMMR)
                  700da368    00000008     --HOLE-- [fill = 0]
                  700da370    00000158     lwip-freertos.am263px.r5f.ti-arm-clang.debug.lib : dhcp.obj (.text.dhcp_handle_ack)
                  700da4c8    00000008     --HOLE-- [fill = 0]
                  700da4d0    00000158                                                      : etharp.obj (.text.etharp_tmr)
                  700da628    00000008     --HOLE-- [fill = 0]
                  700da630    00000158                                                      : raw.obj (.text.raw_input)
                  700da788    00000008     --HOLE-- [fill = 0]
                  700da790    00000156     enet-cpsw.am263px.r5f.ti-arm-clang.freertos.debug.lib : enet_cpdma.obj (.text.EnetDma_submitTxPktQ)
                  700da8e6    0000000a     --HOLE-- [fill = 0]
                  700da8f0    00000154                                                           : enet_cpdma.obj (.text.EnetDma_retrieveTxPktQ)
                  700daa44    0000000c     --HOLE-- [fill = 0]
                  700daa50    00000154     lwip-freertos.am263px.r5f.ti-arm-clang.debug.lib : stats.obj (.text.stats_display_igmp)
                  700daba4    0000000c     --HOLE-- [fill = 0]
                  700dabb0    00000152     drivers.am263px.r5f.ti-arm-clang.freertos.debug.lib : uart_v0_lld.obj (.text.UART_lld_initDma)
                  700dad02    0000000e     --HOLE-- [fill = 0]
                  700dad10    00000150     enet-cpsw.am263px.r5f.ti-arm-clang.freertos.debug.lib : enet_phymdio_dflt.obj (.text.EnetPhyMdioDflt_readC22)
                  700dae60    00000150                                                           : enet_rm.obj (.text.EnetRm_delCoreAttached)
                  700dafb0    00000150     libc.a : s_scalbn.c.obj (.text.scalbn)
                  700db100    0000014e     ti_enet_lwipif.o (.text.LwipifEnetApp_createPollTask)
                  700db24e    00000002     --HOLE-- [fill = 0]
                  700db250    0000014e     lwip-freertos.am263px.r5f.ti-arm-clang.debug.lib : sys_arch.obj (.text.sys_arch_unprotect)
                  700db39e    00000002     --HOLE-- [fill = 0]
                  700db3a0    0000014e     freertos.am263px.r5f.ti-arm-clang.debug.lib : tasks.obj (.text.xTaskPriorityDisinherit)
                  700db4ee    00000002     --HOLE-- [fill = 0]
                  700db4f0    0000014c     enet-cpsw.am263px.r5f.ti-arm-clang.freertos.debug.lib : enet_cpdma.obj (.text.EnetDma_submitRxPktQ)
                  700db63c    00000004     --HOLE-- [fill = 0]
                  700db640    0000014c     freertos.am263px.r5f.ti-arm-clang.debug.lib : queue.obj (.text.xQueueReceiveFromISR)
                  700db78c    00000004     --HOLE-- [fill = 0]
                  700db790    0000014a     lwip-freertos.am263px.r5f.ti-arm-clang.debug.lib : api_msg.obj (.text.pcb_new)
                  700db8da    00000006     --HOLE-- [fill = 0]
                  700db8e0    00000148     enet-cpsw.am263px.r5f.ti-arm-clang.freertos.debug.lib : cpsw_ale.obj (.text.CpswAle_setPolicerPartitionLevel)
                  700dba28    00000148     libc.a : _printfi.c.obj (.text.fcvt)
                  700dbb70    00000148     lwip-freertos.am263px.r5f.ti-arm-clang.debug.lib : netif.obj (.text.netif_set_addr)
                  700dbcb8    00000008     --HOLE-- [fill = 0]
                  700dbcc0    00000148                                                      : tcp_in.obj (.text.tcp_timewait_input)
                  700dbe08    00000008     --HOLE-- [fill = 0]
                  700dbe10    00000148                                                      : udp.obj (.text.udp_sendto)
                  700dbf58    00000008     --HOLE-- [fill = 0]
                  700dbf60    00000146     enet-cpsw.am263px.r5f.ti-arm-clang.freertos.debug.lib : cpsw_ioctl.obj (.text.Cpsw_closePortLink)
                  700dc0a6    0000000a     --HOLE-- [fill = 0]
                  700dc0b0    00000146     lwip-freertos.am263px.r5f.ti-arm-clang.debug.lib : udp.obj (.text.udp_input_local_match)
                  700dc1f6    0000000a     --HOLE-- [fill = 0]
                  700dc200    00000144     freertos.am263px.r5f.ti-arm-clang.debug.lib : tasks.obj (.text.prvInitialiseNewTask)
                  700dc344    00000144     libc.a : setvbuf.c.obj (.text.setvbuf)
                  700dc488    00000008     --HOLE-- [fill = 0]
                  700dc490    00000144     lwip-freertos.am263px.r5f.ti-arm-clang.debug.lib : tcp.obj (.text.tcp_close_shutdown_fin)
                  700dc5d4    0000000c     --HOLE-- [fill = 0]
                  700dc5e0    00000142     enet-cpsw.am263px.r5f.ti-arm-clang.freertos.debug.lib : cpsw_ale_ioctl.obj (.text.CpswAle_delPortUcastEntries)
                  700dc722    0000000e     --HOLE-- [fill = 0]
                  700dc730    00000142     freertos.am263px.r5f.ti-arm-clang.debug.lib : DebugP_memTraceLogWriter.obj (.text.DebugP_memLogWriterPutChar)
                  700dc872    0000000e     --HOLE-- [fill = 0]
                  700dc880    00000142     lwip-freertos.am263px.r5f.ti-arm-clang.debug.lib : igmp.obj (.text.igmp_lookup_group)
                  700dc9c2    00000006     --HOLE-- [fill = 0]
                  700dc9c8    00000140     libc.a : _printfi.c.obj (.text._pconv_e)
                  700dcb08    00000008     --HOLE-- [fill = 0]
                  700dcb10    00000140     lwip-freertos.am263px.r5f.ti-arm-clang.debug.lib : pbuf.obj (.text.pbuf_cat)
                  700dcc50    0000013e     enet-cpsw.am263px.r5f.ti-arm-clang.freertos.debug.lib : csl_cpsw_ale_9g_tblcfg.obj (.text.CSL_CPSW_setAleVlanUnicastAddrEntry)
                  700dcd8e    00000002     --HOLE-- [fill = 0]
                  700dcd90    0000013e                                                           : enet_cpdma.obj (.text.EnetCpdma_openTxCh)
                  700dcece    00000002     --HOLE-- [fill = 0]
                  700dced0    0000013e     drivers.am263px.r5f.ti-arm-clang.freertos.debug.lib : i2c_v1.obj (.text.I2C_mem_primeTransfer)
                  700dd00e    00000002     --HOLE-- [fill = 0]
                  700dd010    0000013e     lwip-freertos.am263px.r5f.ti-arm-clang.debug.lib : pbuf.obj (.text.pbuf_copy_partial)
                  700dd14e    00000002     --HOLE-- [fill = 0]
                  700dd150    0000013a     board.am263px.r5f.ti-arm-clang.freertos.debug.lib : dp83869.obj (.text.Dp83869_enableAdvertisement)
                  700dd28a    00000006     --HOLE-- [fill = 0]
                  700dd290    0000013a     drivers.am263px.r5f.ti-arm-clang.freertos.debug.lib : edma.obj (.text.EDMA_isDmaChannelAllocated)
                  700dd3ca    00000006     --HOLE-- [fill = 0]
                  700dd3d0    0000013a     enet-cpsw.am263px.r5f.ti-arm-clang.freertos.debug.lib : enet_phymdio_dflt.obj (.text.EnetPhyMdioDflt_isAlive)
                  700dd50a    00000006     --HOLE-- [fill = 0]
                  700dd510    0000013a                                                           : enet_phymdio_dflt.obj (.text.EnetPhyMdioDflt_isLinked)
                  700dd64a    00000006     --HOLE-- [fill = 0]
                  700dd650    0000013a                                                           : enet.obj (.text.Enet_ioctl)
                  700dd78a    00000006     --HOLE-- [fill = 0]
                  700dd790    0000013a     board.am263px.r5f.ti-arm-clang.freertos.debug.lib : generic_phy.obj (.text.GenericPhy_enableAdvertisement)
                  700dd8ca    00000006     --HOLE-- [fill = 0]
                  700dd8d0    0000013a     drivers.am263px.r5f.ti-arm-clang.freertos.debug.lib : i2c_v1_lld.obj (.text.I2C_lld_mem_write)
                  700dda0a    00000006     --HOLE-- [fill = 0]
                  700dda10    0000013a     lwip-freertos.am263px.r5f.ti-arm-clang.debug.lib : dhcp.obj (.text.dhcp_release_and_stop)
                  700ddb4a    00000006     --HOLE-- [fill = 0]
                  700ddb50    00000138     enet-cpsw.am263px.r5f.ti-arm-clang.freertos.debug.lib : cpsw_cpts_ioctl.obj (.text.CpswCpts_ioctl_handler_CPSW_CPTS_IOCTL_SET_ESTF)
                  700ddc88    00000008     --HOLE-- [fill = 0]
                  700ddc90    00000138     freertos.am263px.r5f.ti-arm-clang.debug.lib : printf.obj (.text._ntoa_long_long)
                  700dddc8    00000008     --HOLE-- [fill = 0]
                  700dddd0    00000136     board.am263px.r5f.ti-arm-clang.freertos.debug.lib : dp83869.obj (.text.Dp83869_disableAdvertisement)
                  700ddf06    0000000a     --HOLE-- [fill = 0]
                  700ddf10    00000136     enet-cpsw.am263px.r5f.ti-arm-clang.freertos.debug.lib : enet_appmemutils.obj (.text.EnetMem_initMemObjs)
                  700de046    0000000a     --HOLE-- [fill = 0]
                  700de050    00000136     board.am263px.r5f.ti-arm-clang.freertos.debug.lib : generic_phy.obj (.text.GenericPhy_disableAdvertisement)
[...]
701094e1  Board_init                                                             
70109501  IpcNotify_wait                                                         
70109521  mem_init                                                               
70109531  netif_init                                                             
70109541  vPortConfigTimerForRunTimeStats                                        
70109551  vPortValidateInterruptPriority                                         
70109d0e  gCR5ClkSrcInfoMap                                                      
70109d10  __aeabi_ctype_table_                                                   
70109d10  __aeabi_ctype_table_C                                                  
70109e14  gCacheConfig                                                           
70109e1c  gMpuConfig                                                             
70109e28  gMpuRegionConfig                                                       
7010a038  gMpuRegionSizeInBytes                                                  
7010b80c  memp_pools                                                             
7010cb70  gADPLLJConfigTbl                                                       
7010d58c  lwip_cyclic_timers                                                     
70111b4c  I2C_defaultTransaction                                                 
7011810c  I2C_lld_defaultMessage                                                 
70118214  gPeripheralClkSrcInfoMap                                               
70119484  memp_ALTCP_PCB                                                         
70119498  memp_ARP_QUEUE                                                         
701194ac  memp_FRAG_PBUF                                                         
701194c0  memp_IGMP_GROUP                                                        
701194d4  memp_NETBUF                                                            
701194e8  memp_NETCONN                                                           
701194fc  memp_NETDB                                                             
70119510  memp_PBUF                                                              
70119524  memp_PBUF_POOL                                                         
70119538  memp_POOL_128                                                          
7011954c  memp_POOL_1568                                                         
70119560  memp_POOL_4096                                                         
70119574  memp_RAW_PCB                                                           
70119588  memp_REASSDATA                                                         
7011959c  memp_RX_POOL                                                           
701195b0  memp_SYS_MBOX                                                          
701195c4  memp_SYS_TIMEOUT                                                       
701195d8  memp_TCPIP_MSG_API                                                     
701195ec  memp_TCPIP_MSG_INPKT                                                   
70119600  memp_TCP_PCB                                                           
70119614  memp_TCP_PCB_LISTEN                                                    
70119628  memp_TCP_SEG                                                           
7011963c  memp_UDP_PCB                                                           
7011a884  tcp_pcb_lists                                                          
7011af84  g_EnetApp_dmaChParams                                                  
7011b4d8  gEnetPhyDrvTbl                                                         
7011b4e8  gXTALInfo                                                              
7011b616  ethbroadcast                                                           
7011b61c  ethzero                                                                
7011b7ac  gCacheL1dCacheLineSize                                                 
7011b7b0  gCacheL1pCacheLineSize                                                 
7011b7b4  gStaticIP                                                              
7011b7b8  gStaticIPGateway                                                       
7011b7bc  gStaticIPNetmask                                                       
7011b7c0  ip_addr_any                                                            
7011b7c4  ip_addr_broadcast                                                      
70133880  gEdmaConfig                                                            
70133880  gUartDmaHandle                                                         
701378b0  gEnetSoc_cpsw3g                                                        
70139410  gEnetSoc_dmaObj                                                        
7013bc60  gEnetSoc_cpsw3gMacObj                                                  
7013c000  gEnetCpswCfg                                                           
7013cf7c  gEnetPhyDrvDp83869                                                     
7013d080  gEnetPhyDrvGeneric                                                     
7013d184  gIpcNotifyMailboxConfig                                                
7013d37c  _ftable                                                                
7013df3c  _device                                                                
7013e2f8  gUartParams                                                            
7013e3f4  _stream                                                                
7013e5d8  gEnetSoc_cpsw3gSocCfg                                                  
7013e640  gEnetMacAddrPool                                                       
7013e670  gSocModulesClockFrequency                                              
7013e6d8  gClockConfig                                                           
7013e738  gDmaCfg                                                                
7013e7b0  gIpcNotifyInterruptConfig_r5fss0_0                                     
7013e7f8  Cpsw_gSpeedNames                                                       
7013e808  gEepromFxns_CAT24M                                                     
7013e818  gIpcNotifyCoreIntrBitPos                                               
7013e828  gSocModules                                                            
7013e838  Cpsw_gDuplexNames                                                      
7013e844  gAddrTranslateConfig                                                   
7013e85c  gEepromAttrs_CAT24M                                                    
7013e868  gEepromConfig                                                          
7013e874  gEnetSoc_perObj                                                        
7013e880  gI2cParams                                                             
7013e88c  __TI_cleanup_ptr                                                       
7013e890  __TI_dtors_ptr                                                         
7013e894  gEepromParams                                                          
7013e89c  gI2cConfig                                                             
7013e8ac  gUartConfig                                                            
7013e8b4  FreeRTOS_errno                                                         
7013e8c8  __TI_ft_end                                                            
7013e8cc  __aeabi_errno                                                          
7013e8d0  _lock                                                                  
7013e8d4  _unlock                                                                
7013e8f0  gDebugLogZone                                                          
7013e8f8  gDebugMemLogSize                                                       
7013e904  gDebugP_uartDrvIndex                                                   
7013e908  gEdmaConfigNum                                                         
7013e90c  gEepromConfigNum                                                       
7013e910  gEnetOsalHwiAllocCnt                                                   
7013e914  gEnetOsalHwiPeak                                                       
7013e918  gEnetOsalSemAllocCnt                                                   
7013e91c  gEnetOsalSemPeak                                                       
7013e920  gHwiConfig                                                             
7013e924  gI2cConfigNum                                                          
7013e928  gIpcNotifyInterruptConfigNum_r5fss0_0                                  
7013e92c  gIpcTask                                                               
7013e930  gLogReaderTask                                                         
7013e934  gLoggerTask                                                            
7013e938  gMainTask                                                              
7013e93c  gUartConfigNum                                                         
7013e940  gUartDmaChConfig                                                       
7013e944  gUdpTxTask                                                             
7013e94c  g_netif                                                                
7013e950  g_pbuf_alloc_count                                                     
7013e954  g_pbuf_alloc_fail_count                                                
7013e958  g_pbuf_free_count                                                      
7013e960  g_udp_rx_callback_count                                                
7013e96c  g_udp_rx_queue_full                                                    
7013e970  g_udp_rx_queue_success                                                 
7013e978  g_udp_rx_task_packets                                                  
7013e97c  g_udp_rx_task_wakeups                                                  
7013e980  g_udp_sendto_count                                                     
7013e988  hlwipIfApp                                                             
7013e994  pxCurrentTCB                                                           
7013e9b0  ulPortInterruptNesting                                                 
7013e9b4  ulPortSchedularRunning                                                 
7013e9b8  ulPortTaskHasFPUContext                                                
7013e9bc  ulPortYieldRequired                                                    
7013ea45  gEnetTrace_runtimeLevel                                                
7013ea49  isMapAvailable                                                         
7013ea51  HwiP_enableInt                                                         
7013ea91  HwiP_disableInt                                                        
7013eaf1  HwiP_restoreInt                                                        
7013eb21  HwiP_clearInt                                                          
7013eb61  HwiP_post                                                              
7013eba1  HwiP_Params_init                                                       
7013ebd1  HwiP_construct                                                         
7013edc1  HwiP_destruct                                                          
7013ee31  HwiP_init                                                              
7013efe1  HwiP_inISR                                                             
7013f011  HwiP_setVimIrqPriMaskNonAtomic                                         
7013f061  HwiP_setVimIrqPriMaskAtomic                                            
7013f101  HwiP_restoreVimIrqPriMask                                              
7013f111  HwiP_irq_handler_c                                                     
7013f2b1  HwiP_fiq_handler                                                       
7013f421  HwiP_reserved_handler                                                  
7013f461  HwiP_undefined_handler_c                                               
7013f481  HwiP_user_undefined_handler_c                                          
7013f4a1  HwiP_prefetch_abort_handler_c                                          
7013f541  HwiP_user_prefetch_abort_handler_c                                     
7013f581  HwiP_data_abort_handler_c                                              
7013f641  HwiP_user_data_abort_handler_c                                         
7013f67c  vPortRestoreTaskContext                                                
7013f6b4  HwiP_svc_handler                                                       
7013f724  HwiP_irq_handler                                                       
7013f868  HwiP_data_abort_handler                                                
7013f8ac  HwiP_prefetch_abort_handler                                            
7013f8f8  HwiP_undefined_handler                                                 
7013f928  GET_DFSR                                                               
7013f930  GET_ADFSR                                                              
7013f938  GET_DFAR                                                               
7013f940  GET_IFSR                                                               
7013f948  GET_AIFSR                                                              
7013f950  GET_IFAR                                                               
7013f958  GET_SPSR                                                               
7013f96c  HwiP_disable                                                           
7013f97c  HwiP_disableFIQ                                                        
7013f98c  HwiP_enable                                                            
7013f99c  HwiP_enableFIQ                                                         
7013f9ac  HwiP_restore                                                           
7013f9b4  HwiP_enableVIC                                                         
7013f9c4  HwiP_disableVIC                                                        
7013f9d4  HwiP_getCPSR                                                           
7013f9e0  CacheP_disableL1d                                                      
7013fa08  CacheP_disableL1p                                                      
7013fa20  CacheP_enableL1d                                                       
7013fa38  CacheP_enableL1p                                                       
7013fa50  CacheP_invL1d                                                          
7013fa88  CacheP_invL1p                                                          
7013fac4  CacheP_invL1dAll                                                       
7013facc  CacheP_invL1pAll                                                       
7013fad4  CacheP_wb                                                              
7013fb10  CacheP_wbInv                                                           
7013fb4c  CacheP_wbAll                                                           
7013fbf4  CacheP_wbInvAll                                                        
7013fc0c  CacheP_wbInvAllAsm                                                     
7013fcac  CacheP_getEnabled                                                      
7013fce4  CacheP_getCacheLevelInfo                                               
7013fcf0  CacheP_configForceWrThru                                               
7013fd10  CacheP_setDLFO                                                         
7013fd21  CacheP_init                                                            
7013fdb1  CacheP_disable                                                         
7013fe01  CacheP_enable                                                          
7013fe41  CacheP_inv                                                             
7013fe81  MpuP_getAttrs                                                          
7013fee1  MpuP_RegionAttrs_init                                                  
7013ff11  MpuP_setRegion                                                         
7013ffa1  MpuP_isEnable                                                          
7013ffb1  MpuP_disable                                                           
7013fff1  MpuP_enable                                                            
70140041  MpuP_init                                                              
701400e1  MpuP_isUserAuthorizedToAccessMemory                                    
701401c0  MpuP_disableAsm                                                        
701401d8  MpuP_disableBRAsm                                                      
701401e8  MpuP_enableAsm                                                         
70140200  MpuP_enableBRAsm                                                       
70140210  MpuP_isEnableAsm                                                       
70140224  MpuP_setRegionAsm                                                      
70140240  _c_int00_sbl                                                           
70140264  _c_int00                                                               
70140391  _DebugP_assertNoLog                                                    
701403c1  _system_pre_init                                                       
701403f1  __mpu_init                                                             
70140400  abort                                                                  
70140408  __IRQ_STACK_START                                                      
70140508  __FIQ_STACK_START                                                      
70140508  __IRQ_STACK_END                                                        
70140608  __FIQ_STACK_END                                                        
70140608  __SVC_STACK_START                                                      
70141608  __ABORT_STACK_START                                                    
70141608  __SVC_STACK_END                                                        
70141708  __ABORT_STACK_END                                                      
70141708  __UNDEFINED_STACK_START                                                
70141808  __UNDEFINED_STACK_END                                                  
70200000  gGatewaySharedMem                                                      
70206ecc  dbg_ipc_recv_count                                                     
70206ed0  dbg_udp_rx_count                                                       
70206ed4  dbg_udp_tx_count                                                       
70206ed8  dbg_error_count                                                        
70206edc  dbg_last_error_code                                                    
70206ee0  dbg_imu_frame_count                                                    
70208000  gDebugShmLog                                                           
ffffffff  __TI_pprof_out_hndl                                                    
ffffffff  __TI_prof_data_size                                                    
ffffffff  __TI_prof_data_start                                                   
ffffffff  __binit__                                                              
ffffffff  binit                                                                  
UNDEFED   __TI_CINIT_Base                                                        
UNDEFED   __TI_CINIT_Limit                                                       
UNDEFED   __TI_Handler_Table_Base                                                
UNDEFED   __TI_Handler_Table_Limit                                               
UNDEFED   _system_post_cinit                                                     

[1497 symbols]
