******************************************************************************
            TI ARM Clang Linker PC v4.0.4                      
******************************************************************************
>> Linked Mon Mar 30 16:06:46 2026

OUTPUT FILE NAME:   <ccu_ti_multi_core_freertos.out>
ENTRY POINT SYMBOL: "_vectors"  address: 00000000


MEMORY CONFIGURATION

         name            origin    length      used     unused   attr    fill
----------------------  --------  ---------  --------  --------  ----  --------
  R5F_VECS              00000000   00000040  00000040  00000000  RWIX
  R5F_TCMA              00000040   00007fc0  00000000  00007fc0  RWIX
  R5F_TCMB              00080000   00008000  00000000  00008000  RWIX
  MAILBOX_HSM           44000000   000003ce  00000000  000003ce  RWIX
  MAILBOX_R5F           44000400   000003ce  00000000  000003ce  RWIX
  FLASH                 60100000   00080000  00000000  00080000  RWIX
  SBL                   70000000   00040000  00000000  00040000  RWIX
  OCRAM                 70040000   00140000  000c19d8  0007e628  RWIX
  USER_SHM_MEM          70200000   00008000  00004d48  000032b8  RWIX
  LOG_SHM_MEM           70208000   00004000  00002000  00002000  RWIX
  ENET_CPPI_DESC        70280000   00040000  00000a00  0003f600  RWIX
  RTOS_NORTOS_IPC_SHM_M 72000000   00003e80  00000000  00003e80  RWIX


SEGMENT ALLOCATION MAP

run origin  load origin   length   init length attrs members
----------  ----------- ---------- ----------- ----- -------
00000000    00000000    00000040   00000040    r-x
  00000000    00000000    00000040   00000040    r-x .vectors
70040000    70040000    000602e8   000602e8    r-x
  70040000    70040000    0004ff40   0004ff40    r-x .text
  7008ff40    7008ff40    000103a8   000103a8    r-- .rodata
700a0300    700a0300    0003fc80   00000000    rw-
  700a0300    700a0300    00033c80   00000000    rw- .bss
  700d3f80    700d3f80    00008000   00000000    rw- .sysmem
  700dbf80    700dbf80    00004000   00000000    rw- .stack
700f7f80    700f7f80    00006cb8   00006cb8    rw-
  700f7f80    700f7f80    00006cb8   00006cb8    rw- .data
700fec40    700fec40    000019b8   000019b8    r-x
  700fec40    700fec40    00000f90   00000f90    r-x .text.hwi
  700ffbd0    700ffbd0    000004a0   000004a0    r-x .text.cache
  70100070    70100070    000003c0   000003c0    r-x .text.mpu
  70100430    70100430    000001c0   000001c0    r-x .text.boot
  701005f0    701005f0    00000008   00000008    r-x .text:abort
701005f8    701005f8    00001400   00000000    rw-
  701005f8    701005f8    00000100   00000000    rw- .irqstack
  701006f8    701006f8    00000100   00000000    rw- .fiqstack
  701007f8    701007f8    00001000   00000000    rw- .svcstack
  701017f8    701017f8    00000100   00000000    rw- .abortstack
  701018f8    701018f8    00000100   00000000    rw- .undefinedstack


SECTION ALLOCATION MAP

 output                                  attributes/
section   page    origin      length       input sections
--------  ----  ----------  ----------   ----------------
.vectors   0    00000000    00000040     
                  00000000    00000040     freertos.am263px.r5f.ti-arm-clang.debug.lib : HwiP_armv7r_vectors_freertos_asm.obj (.vectors)

.text      0    70040000    0004ff40     
                  70040000    000011da     lwip-freertos.am263px.r5f.ti-arm-clang.debug.lib : tcp_in.obj (.text.tcp_receive)
                  700411da    00000002     --HOLE-- [fill = 0]
                  700411dc    00000004     libclang_rt.builtins.a : aeabi_div0.c.obj (.text.__aeabi_idiv0)
                  700411e0    00000c3e     lwip-freertos.am263px.r5f.ti-arm-clang.debug.lib : tcp_in.obj (.text.tcp_input)
                  70041e1e    00000002     --HOLE-- [fill = 0]
                  70041e20    00000ad8                                                      : tcp_in.obj (.text.tcp_process)
                  700428f8    00000008     libsysbm.a : hostexit.c.obj (.text.HOSTexit)
                  70042900    00000abe     enet-cpsw.am263px.r5f.ti-arm-clang.freertos.debug.lib : enet_cpdma.obj (.text.EnetCpdma_dequeueTx)
                  700433be    00000002     --HOLE-- [fill = 0]
                  700433c0    00000a34     freertos.am263px.r5f.ti-arm-clang.debug.lib : printf.obj (.text._vsnprintf)
                  70043df4    0000000c     libclang_rt.builtins.a : aeabi_memset.S.obj (.text.__aeabi_memclr)
                  70043e00    0000099a     enet-cpsw.am263px.r5f.ti-arm-clang.freertos.debug.lib : enet_cpdma.obj (.text.EnetCpdma_dequeueRx)
                  7004479a    00000002     --HOLE-- [fill = 0]
                  7004479c    00000004     libclang_rt.builtins.a : aeabi_div0.c.obj (.text.__aeabi_ldiv0)
                  700447a0    00000960     lwip-freertos.am263px.r5f.ti-arm-clang.debug.lib : tcp.obj (.text.tcp_slowtmr)
                  70045100    000007a4     drivers.am263px.r5f.ti-arm-clang.freertos.debug.lib : i2c_v1_lld.obj (.text.I2C_lld_primeTransferPoll)
                  700458a4    0000000c     libc.a : memory.c.obj (.text.malloc)
                  700458b0    00000678     drivers.am263px.r5f.ti-arm-clang.freertos.debug.lib : soc_rcm.obj (.text.SOC_rcmGetClkSrcAndDivReg)
                  70045f28    00000004     libclang_rt.builtins.a : aeabi_memcpy.S.obj (.text.__aeabi_memcpy)
                  70045f2c    00000004     libc.a : _lock.c.obj (.text._nop)
                  70045f30    00000654     lwip-freertos.am263px.r5f.ti-arm-clang.debug.lib : dhcp.obj (.text.dhcp_parse_reply)
                  70046584    0000000c     freertos.am263px.r5f.ti-arm-clang.debug.lib : CpuId_armv7r_asm.obj (.text)
                  70046590    00000638     drivers.am263px.r5f.ti-arm-clang.freertos.debug.lib : soc_rcm.obj (.text.SOC_rcmEnablePeripheralClock)
                  70046bc8    00000004     libc.a : fseek.c.obj (.text.fseek)
                  70046bcc    00000004     libsysbm.a : remove.c.obj (.text.remove)
                  70046bd0    00000610     lwipif-cpsw-freertos.am263px.r5f.ti-arm-clang.debug.lib : lwip2enet.obj (.text.Lwip2Enet_open)
                  700471e0    00000606     enet-cpsw.am263px.r5f.ti-arm-clang.freertos.debug.lib : enet_cpdma.obj (.text.EnetCpdma_enqueueRx)
                  700477e6    0000000a     --HOLE-- [fill = 0]
                  700477f0    000005e2     freertos.am263px.r5f.ti-arm-clang.debug.lib : printf.obj (.text._ftoa)
                  70047dd2    0000000e     --HOLE-- [fill = 0]
                  70047de0    00000552     enet-cpsw.am263px.r5f.ti-arm-clang.freertos.debug.lib : cpsw_ale.obj (.text.CpswAle_open)
                  70048332    0000000e     --HOLE-- [fill = 0]
                  70048340    0000054c     lwip-freertos.am263px.r5f.ti-arm-clang.debug.lib : ip4.obj (.text.ip4_input)
                  7004888c    00000004     --HOLE-- [fill = 0]
                  70048890    0000050e                                                      : icmp.obj (.text.icmp_input)
                  70048d9e    00000002     --HOLE-- [fill = 0]
                  70048da0    00000506     enet-cpsw.am263px.r5f.ti-arm-clang.freertos.debug.lib : enet_cpdma.obj (.text.EnetCpdma_enqueueTx)
                  700492a6    0000000a     --HOLE-- [fill = 0]
                  700492b0    000004d8     lwip-freertos.am263px.r5f.ti-arm-clang.debug.lib : tcp_out.obj (.text.tcp_output)
                  70049788    00000008     --HOLE-- [fill = 0]
                  70049790    000004b0     freertos.am263px.r5f.ti-arm-clang.debug.lib : printf.obj (.text._etoa)
                  70049c40    000004ae     lwip-freertos.am263px.r5f.ti-arm-clang.debug.lib : udp.obj (.text.udp_input)
                  7004a0ee    00000002     --HOLE-- [fill = 0]
                  7004a0f0    00000492                                                      : etharp.obj (.text.etharp_query)
                  7004a582    0000000e     --HOLE-- [fill = 0]
                  7004a590    0000048a                                                      : etharp.obj (.text.etharp_find_entry)
                  7004aa1a    00000006     --HOLE-- [fill = 0]
                  7004aa20    00000486                                                      : ip4_frag.obj (.text.ip4_reass)
                  7004aea6    0000000a     --HOLE-- [fill = 0]
                  7004aeb0    00000466     board.am263px.r5f.ti-arm-clang.freertos.debug.lib : dp83869.obj (.text.Dp83869_printRegs)
                  7004b316    0000000a     --HOLE-- [fill = 0]
                  7004b320    00000446     enet-cpsw.am263px.r5f.ti-arm-clang.freertos.debug.lib : cpsw_macport.obj (.text.CpswMacPort_open)
                  7004b766    0000000a     --HOLE-- [fill = 0]
                  7004b770    0000043e                                                           : enet_rm.obj (.text.EnetRm_detachCore)
                  7004bbae    00000002     --HOLE-- [fill = 0]
                  7004bbb0    00000404     drivers.am263px.r5f.ti-arm-clang.freertos.debug.lib : uart_v0.obj (.text.UART_open)
                  7004bfb4    0000000c     --HOLE-- [fill = 0]
                  7004bfc0    000003e2     enet-cpsw.am263px.r5f.ti-arm-clang.freertos.debug.lib : enet_rm.obj (.text.EnetRm_close)
                  7004c3a2    0000000e     --HOLE-- [fill = 0]
                  7004c3b0    000003dc     drivers.am263px.r5f.ti-arm-clang.freertos.debug.lib : ipc_notify_v1.obj (.text.IpcNotify_init)
                  7004c78c    000003dc     libc.a : _printfi.c.obj (.text:__TI_printfi_minimal)
                  7004cb68    00000008     --HOLE-- [fill = 0]
                  7004cb70    000003d2     drivers.am263px.r5f.ti-arm-clang.freertos.debug.lib : soc.obj (.text.SOC_phyToVirt)
                  7004cf42    0000000e     --HOLE-- [fill = 0]
                  7004cf50    000003be     lwip-freertos.am263px.r5f.ti-arm-clang.debug.lib : ip4_frag.obj (.text.ip_reass_chain_frag_into_datagram_and_validate)
                  7004d30e    00000002     --HOLE-- [fill = 0]
                  7004d310    000003ba                                                      : udp.obj (.text.udp_sendto_if_src)
                  7004d6ca    00000006     --HOLE-- [fill = 0]
                  7004d6d0    000003b0                                                      : tcp_out.obj (.text.tcp_split_unsent_seg)
                  7004da80    000003a2     enet-cpsw.am263px.r5f.ti-arm-clang.freertos.debug.lib : cpsw.obj (.text.Cpsw_registerIntrs)
                  7004de22    0000000e     --HOLE-- [fill = 0]
                  7004de30    00000398                                                           : mdio.obj (.text.Mdio_open)
                  7004e1c8    00000018     libc.a : memset32.S.obj (.text:TI_memset_small)
                  7004e1e0    00000390            : strcmp32.S.obj (.text:strcmp)
                  7004e570    00000380     lwip-freertos.am263px.r5f.ti-arm-clang.debug.lib : ip4_frag.obj (.text.ip4_frag)
                  7004e8f0    0000036e     enet-cpsw.am263px.r5f.ti-arm-clang.freertos.debug.lib : cpsw.obj (.text.Cpsw_handleLinkDown)
                  7004ec5e    00000002     --HOLE-- [fill = 0]
                  7004ec60    0000036a                                                           : enet_appmemutils.obj (.text.EnetMem_initCore)
                  7004efca    00000006     --HOLE-- [fill = 0]
                  7004efd0    00000362     lwipif-cpsw-freertos.am263px.r5f.ti-arm-clang.debug.lib : lwip2enet.obj (.text.Lwip2Enet_prepRxPktQ)
                  7004f332    0000000e     --HOLE-- [fill = 0]
                  7004f340    00000356     drivers.am263px.r5f.ti-arm-clang.freertos.debug.lib : i2c_v1.obj (.text.I2C_open)
                  7004f696    0000000a     --HOLE-- [fill = 0]
                  7004f6a0    0000034a     enet-cpsw.am263px.r5f.ti-arm-clang.freertos.debug.lib : cpsw.obj (.text.Cpsw_openInternal)
                  7004f9ea    00000006     --HOLE-- [fill = 0]
                  7004f9f0    0000033a                                                           : cpsw_ioctl.obj (.text.Cpsw_openPortLinkNoPhy)
                  7004fd2a    00000006     --HOLE-- [fill = 0]
                  7004fd30    00000330                                                           : cpsw.obj (.text.Cpsw_open)
                  70050060    00000326     lwip-freertos.am263px.r5f.ti-arm-clang.debug.lib : ip4.obj (.text.ip4_output_if_opt_src)
                  70050386    0000000a     --HOLE-- [fill = 0]
                  70050390    00000320     motor_mapping.o (.text.motor_mapping_init_core0)
                  700506b0    0000031e     lwip-freertos.am263px.r5f.ti-arm-clang.debug.lib : tcp_out.obj (.text.tcp_enqueue_flags)
                  700509ce    00000002     --HOLE-- [fill = 0]
                  700509d0    00000302     drivers.am263px.r5f.ti-arm-clang.freertos.debug.lib : soc.obj (.text.SOC_virtToPhy)
                  70050cd2    0000000e     --HOLE-- [fill = 0]
                  70050ce0    000002f8     lwip-freertos.am263px.r5f.ti-arm-clang.debug.lib : pbuf.obj (.text.pbuf_alloc)
                  70050fd8    00000008     --HOLE-- [fill = 0]
                  70050fe0    000002f2     enet-cpsw.am263px.r5f.ti-arm-clang.freertos.debug.lib : enet_cpdma.obj (.text.EnetCpdma_open)
                  700512d2    0000000e     --HOLE-- [fill = 0]
                  700512e0    000002e6                                                           : csl_cpsw.obj (.text.CSL_CPSW_setPortRxDscpMap)
                  700515c6    0000000a     --HOLE-- [fill = 0]
                  700515d0    000002e6     ti_enet_open_close.o (.text.EnetApp_driverOpen)
                  700518b6    0000000a     --HOLE-- [fill = 0]
                  700518c0    000002de     lwip-freertos.am263px.r5f.ti-arm-clang.debug.lib : etharp.obj (.text.etharp_output)
                  70051b9e    00000002     --HOLE-- [fill = 0]
                  70051ba0    000002da     enet-cpsw.am263px.r5f.ti-arm-clang.freertos.debug.lib : cpsw.obj (.text.Cpsw_periodicTick)
                  70051e7a    00000006     --HOLE-- [fill = 0]
                  70051e80    000002d2                                                           : enetphy.obj (.text.EnetPhy_enableState)
                  70052152    0000000e     --HOLE-- [fill = 0]
                  70052160    000002bc     lwip-freertos.am263px.r5f.ti-arm-clang.debug.lib : tcp_out.obj (.text.tcp_output_segment)
                  7005241c    00000004     --HOLE-- [fill = 0]
                  70052420    000002ba     drivers.am263px.r5f.ti-arm-clang.freertos.debug.lib : i2c_v1_lld.obj (.text.I2C_lld_controllerIsr)
                  700526da    00000006     --HOLE-- [fill = 0]
                  700526e0    000002ba     lwip-freertos.am263px.r5f.ti-arm-clang.debug.lib : pbuf.obj (.text.pbuf_copy_partial_pbuf)
                  7005299a    00000006     --HOLE-- [fill = 0]
                  700529a0    000002b8     enet-cpsw.am263px.r5f.ti-arm-clang.freertos.debug.lib : cpsw.obj (.text.Cpsw_handleLinkUp)
                  70052c58    00000008     --HOLE-- [fill = 0]
                  70052c60    000002aa     lwip-freertos.am263px.r5f.ti-arm-clang.debug.lib : netif.obj (.text.netif_add)
                  70052f0a    00000006     --HOLE-- [fill = 0]
                  70052f10    000002a8     enet-cpsw.am263px.r5f.ti-arm-clang.freertos.debug.lib : cpsw_ale.obj (.text.CpswAle_addVlan)
                  700531b8    00000008     --HOLE-- [fill = 0]
                  700531c0    0000029e     lwip-freertos.am263px.r5f.ti-arm-clang.debug.lib : tcp_in.obj (.text.tcp_listen_input)
                  7005345e    00000002     --HOLE-- [fill = 0]
                  70053460    0000029a     drivers.am263px.r5f.ti-arm-clang.freertos.debug.lib : i2c_v1_lld.obj (.text.I2C_lld_targetIsr)
                  700536fa    00000006     --HOLE-- [fill = 0]
                  70053700    00000298     xgw_udp_interface.o (.text.xgw_udp_process_motor_cmd)
                  70053998    00000008     --HOLE-- [fill = 0]
                  700539a0    00000296     lwip-freertos.am263px.r5f.ti-arm-clang.debug.lib : tcp.obj (.text.tcp_close_shutdown)
                  70053c36    0000000a     --HOLE-- [fill = 0]
                  70053c40    00000290     enet-cpsw.am263px.r5f.ti-arm-clang.freertos.debug.lib : cpsw.obj (.text.Cpsw_registerIoctlHandler)
                  70053ed0    0000028e                                                           : csl_cpsw.obj (.text.CSL_CPSW_setAlePolicerEntry)
                  7005415e    00000002     --HOLE-- [fill = 0]
                  70054160    00000286                                                           : csl_cpsw.obj (.text.CSL_CPSW_getAlePolicerEntry)
                  700543e6    0000000a     --HOLE-- [fill = 0]
                  700543f0    0000027e                                                           : cpsw_ale.obj (.text.CpswAle_findVlan)
                  7005466e    00000002     --HOLE-- [fill = 0]
                  70054670    0000027e     drivers.am263px.r5f.ti-arm-clang.freertos.debug.lib : uart_dma_edma.obj (.text.UART_edmaChInit)
                  700548ee    00000002     --HOLE-- [fill = 0]
                  700548f0    0000027a     enet-cpsw.am263px.r5f.ti-arm-clang.freertos.debug.lib : cpsw.obj (.text.Cpsw_ioctl)
                  70054b6a    00000006     --HOLE-- [fill = 0]
                  70054b70    00000272     test.o (.text.test_netif_init)
                  70054de2    0000000e     --HOLE-- [fill = 0]
                  70054df0    00000266     enet-cpsw.am263px.r5f.ti-arm-clang.freertos.debug.lib : cpsw_est_ioctl.obj (.text.CpswEst_ioctl_handler_ENET_TAS_IOCTL_SET_STATE)
                  70055056    0000000a     --HOLE-- [fill = 0]
                  70055060    00000266     freertos.am263px.r5f.ti-arm-clang.debug.lib : tasks.obj (.text.xTaskIncrementTick)
                  700552c6    0000000a     --HOLE-- [fill = 0]
                  700552d0    0000025a     lwip-freertos.am263px.r5f.ti-arm-clang.debug.lib : ip4_frag.obj (.text.ip_reass_free_complete_datagram)
                  7005552a    00000006     --HOLE-- [fill = 0]
                  70055530    0000025a     freertos.am263px.r5f.ti-arm-clang.debug.lib : tasks.obj (.text.xTaskResumeAll)
                  7005578a    00000006     --HOLE-- [fill = 0]
                  70055790    00000254     lwip-freertos.am263px.r5f.ti-arm-clang.debug.lib : igmp.obj (.text.igmp_input)
                  700559e4    0000000c     --HOLE-- [fill = 0]
                  700559f0    00000250     drivers.am263px.r5f.ti-arm-clang.freertos.debug.lib : edma.obj (.text.Alloc_resource)
                  70055c40    0000024c     enet-cpsw.am263px.r5f.ti-arm-clang.freertos.debug.lib : cpsw_macport_ioctl.obj (.text.CpswMacPort_enablePort)
                  70055e8c    00000004     --HOLE-- [fill = 0]
                  70055e90    00000246     lwip-freertos.am263px.r5f.ti-arm-clang.debug.lib : dns.obj (.text.dns_send)
                  700560d6    0000000a     --HOLE-- [fill = 0]
                  700560e0    00000242     enet-cpsw.am263px.r5f.ti-arm-clang.freertos.debug.lib : enetphy.obj (.text.EnetPhy_bindDriver)
                  70056322    0000000e     --HOLE-- [fill = 0]
                  70056330    00000242     drivers.am263px.r5f.ti-arm-clang.freertos.debug.lib : uart_v0_lld.obj (.text.UART_fifoConfig)
                  70056572    0000000e     --HOLE-- [fill = 0]
                  70056580    00000240     main.o (.text.core0_init)
                  700567c0    0000023e     enet-cpsw.am263px.r5f.ti-arm-clang.freertos.debug.lib : cpsw_cpts_ioctl.obj (.text.CpswCpts_handleEvents)
                  700569fe    00000002     --HOLE-- [fill = 0]
                  70056a00    0000023e     freertos.am263px.r5f.ti-arm-clang.debug.lib : printf.obj (.text._ntoa_format)
                  70056c3e    00000002     --HOLE-- [fill = 0]
                  70056c40    00000238     main.o (.text.freertos_main)
                  70056e78    00000008     --HOLE-- [fill = 0]
                  70056e80    00000234     enet-cpsw.am263px.r5f.ti-arm-clang.freertos.debug.lib : cpsw_hostport.obj (.text.CpswHostPort_open)
                  700570b4    0000000c     --HOLE-- [fill = 0]
                  700570c0    00000230                                                           : enet_appmemutils.obj (.text.EnetMem_allocEthPkt)
                  700572f0    0000022c                                                           : enet_cpdma_priv.obj (.text.EnetCpdma_memMgrInit)
                  7005751c    00000004     --HOLE-- [fill = 0]
                  70057520    0000022a     lwipif-cpsw-freertos.am263px.r5f.ti-arm-clang.debug.lib : lwip2lwipif.obj (.text.LWIPIF_LWIP_getChkSumInfo)
                  7005774a    00000006     --HOLE-- [fill = 0]
                  70057750    0000022a     lwip-freertos.am263px.r5f.ti-arm-clang.debug.lib : dhcp.obj (.text.dhcp_select)
                  7005797a    00000006     --HOLE-- [fill = 0]
                  70057980    00000226     drivers.am263px.r5f.ti-arm-clang.freertos.debug.lib : uart_dma_edma.obj (.text.UART_lld_dmaDeInit)
                  70057ba6    0000000a     --HOLE-- [fill = 0]
                  70057bb0    00000222                                                         : ipc_notify_v1.obj (.text.IpcNotify_isr)
                  70057dd2    0000000e     --HOLE-- [fill = 0]
                  70057de0    00000220     enet-cpsw.am263px.r5f.ti-arm-clang.freertos.debug.lib : enet_cpdma.obj (.text.EnetCpdma_closeTxCh)
                  70058000    00000220                                                           : enet_rm_ioctl.obj (.text.EnetRm_allocMacAddr)
                  70058220    00000220     freertos.am263px.r5f.ti-arm-clang.debug.lib : tasks.obj (.text.vTaskGenericNotifyGiveFromISR)
                  70058440    00000220                                                 : queue.obj (.text.xQueueGenericSend)
                  70058660    0000021a     enet-cpsw.am263px.r5f.ti-arm-clang.freertos.debug.lib : cpsw_stats.obj (.text.CpswStats_open)
                  7005887a    00000006     --HOLE-- [fill = 0]
                  70058880    0000020a     lwip-freertos.am263px.r5f.ti-arm-clang.debug.lib : tcp.obj (.text.tcp_pcb_remove)
                  70058a8a    00000006     --HOLE-- [fill = 0]
                  70058a90    0000020a     freertos.am263px.r5f.ti-arm-clang.debug.lib : queue.obj (.text.xQueueSemaphoreTake)
                  70058c9a    00000006     --HOLE-- [fill = 0]
                  70058ca0    00000206     enet-cpsw.am263px.r5f.ti-arm-clang.freertos.debug.lib : cpsw_cpts.obj (.text.CpswCpts_open)
                  70058ea6    0000000a     --HOLE-- [fill = 0]
                  70058eb0    00000206                                                           : enet_cpdma.obj (.text.EnetCpdma_closeRxCh)
                  700590b6    0000000a     --HOLE-- [fill = 0]
                  700590c0    00000206     lwip-freertos.am263px.r5f.ti-arm-clang.debug.lib : dhcp.obj (.text.dhcp_recv)
                  700592c6    0000000a     --HOLE-- [fill = 0]
                  700592d0    00000204     enet-cpsw.am263px.r5f.ti-arm-clang.freertos.debug.lib : enetphy.obj (.text.EnetPhy_open)
                  700594d4    0000000c     --HOLE-- [fill = 0]
                  700594e0    000001fe                                                           : cpsw_stats_ioctl.obj (.text.CpswStats_readHostStats)
                  700596de    00000002     --HOLE-- [fill = 0]
                  700596e0    000001fe     lwip-freertos.am263px.r5f.ti-arm-clang.debug.lib : pbuf.obj (.text.pbuf_free)
                  700598de    00000002     --HOLE-- [fill = 0]
                  700598e0    000001f8     main.o (.text.build_and_send_udp_packet)
                  70059ad8    00000008     --HOLE-- [fill = 0]
                  70059ae0    000001f8     xgw_udp_interface.o (.text.xgw_udp_process_motor_set)
                  70059cd8    00000008     --HOLE-- [fill = 0]
                  70059ce0    000001f6     lwip-freertos.am263px.r5f.ti-arm-clang.debug.lib : dhcp.obj (.text.dhcp_create_msg)
                  70059ed6    0000000a     --HOLE-- [fill = 0]
                  70059ee0    000001f2     drivers.am263px.r5f.ti-arm-clang.freertos.debug.lib : i2c_v1.obj (.text.I2C_primeTransfer)
                  7005a0d2    0000000e     --HOLE-- [fill = 0]
                  7005a0e0    000001f2                                                         : i2c_v1.obj (.text.I2C_transfer)
                  7005a2d2    0000000e     --HOLE-- [fill = 0]
                  7005a2e0    000001ee     enet-cpsw.am263px.r5f.ti-arm-clang.freertos.debug.lib : cpsw_ale.obj (.text.CpswAle_setAleCfg)
                  7005a4ce    00000002     --HOLE-- [fill = 0]
                  7005a4d0    000001ee                                                           : cpsw_ioctl.obj (.text.Cpsw_openPortLinkWithPhy)
                  7005a6be    00000002     --HOLE-- [fill = 0]
                  7005a6c0    000001ea                                                           : cpsw_hostport.obj (.text.CpswHostPort_ioctl)
                  7005a8aa    00000006     --HOLE-- [fill = 0]
                  7005a8b0    000001ea                                                           : cpsw_stats.obj (.text.CpswStats_ioctl)
                  7005aa9a    00000006     --HOLE-- [fill = 0]
                  7005aaa0    000001ea                                                           : cpsw_ioctl.obj (.text.Cpsw_openPortLink)
                  7005ac8a    00000006     --HOLE-- [fill = 0]
                  7005ac90    000001ea     lwip-freertos.am263px.r5f.ti-arm-clang.debug.lib : tcp.obj (.text.tcp_abandon)
                  7005ae7a    00000006     --HOLE-- [fill = 0]
                  7005ae80    000001e6     xgw_udp_interface.o (.text.xgw_udp_recv_callback)
                  7005b066    0000000a     --HOLE-- [fill = 0]
                  7005b070    000001e2     ti_enet_open_close.o (.text.EnetApp_initLinkArgs)
                  7005b252    0000000e     --HOLE-- [fill = 0]
                  7005b260    000001e2     lwip-freertos.am263px.r5f.ti-arm-clang.debug.lib : pbuf.obj (.text.pbuf_realloc)
                  7005b442    0000000e     --HOLE-- [fill = 0]
                  7005b450    000001e0     enet-cpsw.am263px.r5f.ti-arm-clang.freertos.debug.lib : cpsw_stats_ioctl.obj (.text.CpswStats_readMacStats)
                  7005b630    000001e0     lwip-freertos.am263px.r5f.ti-arm-clang.debug.lib : dhcp.obj (.text.dhcp_bind)
                  7005b810    000001da     enet-cpsw.am263px.r5f.ti-arm-clang.freertos.debug.lib : enet.obj (.text.Enet_validateIoctl)
                  7005b9ea    00000006     --HOLE-- [fill = 0]
                  7005b9f0    000001d8     freertos.am263px.r5f.ti-arm-clang.debug.lib : queue.obj (.text.xQueueReceive)
                  7005bbc8    00000008     --HOLE-- [fill = 0]
                  7005bbd0    000001d6                                                 : TimerP_rti_priv.obj (.text.TimerP_setupPriv)
                  7005bda6    0000000a     --HOLE-- [fill = 0]
                  7005bdb0    000001d4     ti_enet_lwipif.o (.text.LwipifEnetAppCb_getRxHandleInfo)
                  7005bf84    0000000c     --HOLE-- [fill = 0]
                  7005bf90    000001d4     enet-cpsw.am263px.r5f.ti-arm-clang.freertos.debug.lib : mdio.obj (.text.Mdio_ioctl)
                  7005c164    000001d0     libclang_rt.builtins.a : udivsi3.S.obj (.text.__udivsi3)
                  7005c334    0000000c     --HOLE-- [fill = 0]
                  7005c340    000001c8     lwip-freertos.am263px.r5f.ti-arm-clang.debug.lib : etharp.obj (.text.etharp_raw)
                  7005c508    00000008     --HOLE-- [fill = 0]
                  7005c510    000001c6     enet-cpsw.am263px.r5f.ti-arm-clang.freertos.debug.lib : enet_rm_ioctl.obj (.text.EnetRm_allocTxChNum)
                  7005c6d6    0000000a     --HOLE-- [fill = 0]
                  7005c6e0    000001c6     lwip-freertos.am263px.r5f.ti-arm-clang.debug.lib : tcp_out.obj (.text.tcp_create_segment)
                  7005c8a6    0000000a     --HOLE-- [fill = 0]
                  7005c8b0    000001c4     ti_enet_lwipif.o (.text.LwipifEnetApp_startSchedule)
                  7005ca74    0000000c     --HOLE-- [fill = 0]
                  7005ca80    000001c2     enet-cpsw.am263px.r5f.ti-arm-clang.freertos.debug.lib : enet.obj (.text.Enet_validateGenericIoctl)
                  7005cc42    0000000e     --HOLE-- [fill = 0]
                  7005cc50    000001bc     freertos.am263px.r5f.ti-arm-clang.debug.lib : tasks.obj (.text.xTaskRemoveFromEventList)
                  7005ce0c    00000004     --HOLE-- [fill = 0]
                  7005ce10    000001b4     enet-cpsw.am263px.r5f.ti-arm-clang.freertos.debug.lib : enet_rm.obj (.text.EnetRm_open)
                  7005cfc4    0000000c     --HOLE-- [fill = 0]
                  7005cfd0    000001b2     lwip-freertos.am263px.r5f.ti-arm-clang.debug.lib : ip4.obj (.text.ip4_forward)
                  7005d182    0000000e     --HOLE-- [fill = 0]
                  7005d190    000001b0     enet-cpsw.am263px.r5f.ti-arm-clang.freertos.debug.lib : cpsw_ale.obj (.text.CpswAle_delPolicerEntry)
                  7005d340    000001b0     lwip-freertos.am263px.r5f.ti-arm-clang.debug.lib : dns.obj (.text.dns_call_found)
                  7005d4f0    000001ae     ti_enet_open_close.o (.text.EnetApp_ConfigureDscpMapping)
                  7005d69e    00000002     --HOLE-- [fill = 0]
                  7005d6a0    000001ac     drivers.am263px.r5f.ti-arm-clang.freertos.debug.lib : uart_v0.obj (.text.UART_close)
                  7005d84c    00000004     --HOLE-- [fill = 0]
                  7005d850    000001aa     enet-cpsw.am263px.r5f.ti-arm-clang.freertos.debug.lib : mdio_ioctl.obj (.text.Mdio_readRegC45)
                  7005d9fa    00000006     --HOLE-- [fill = 0]
                  7005da00    000001aa     drivers.am263px.r5f.ti-arm-clang.freertos.debug.lib : uart_dma_edma.obj (.text.UART_lld_dmaWrite)
                  7005dbaa    00000006     --HOLE-- [fill = 0]
                  7005dbb0    000001aa     lwip-freertos.am263px.r5f.ti-arm-clang.debug.lib : mem.obj (.text.mem_free)
                  7005dd5a    00000006     --HOLE-- [fill = 0]
                  7005dd60    000001a8     enet-cpsw.am263px.r5f.ti-arm-clang.freertos.debug.lib : enet_appmemutils.obj (.text.EnetDma_checkPktState)
                  7005df08    00000008     --HOLE-- [fill = 0]
                  7005df10    000001a8     lwipif-cpsw-freertos.am263px.r5f.ti-arm-clang.debug.lib : custom_pbuf.obj (.text.EnetDma_checkPktState)
                  7005e0b8    00000008     --HOLE-- [fill = 0]
                  7005e0c0    000001a8                                                             : lwip2enet.obj (.text.EnetDma_checkPktState)
                  7005e268    000001a8     libc.a : memory.c.obj (.text.free)
                  7005e410    000001a4            : memory.c.obj (.text.aligned_alloc)
                  7005e5b4    0000000c     --HOLE-- [fill = 0]
                  7005e5c0    000001a4     freertos.am263px.r5f.ti-arm-clang.debug.lib : timers.obj (.text.prvProcessReceivedCommands)
                  7005e764    0000000c     --HOLE-- [fill = 0]
                  7005e770    000001a0     drivers.am263px.r5f.ti-arm-clang.freertos.debug.lib : uart_v0.obj (.text.UART_write)
                  7005e910    000001a0     lwip-freertos.am263px.r5f.ti-arm-clang.debug.lib : pbuf.obj (.text.pbuf_take)
                  7005eab0    000001a0     freertos.am263px.r5f.ti-arm-clang.debug.lib : tasks.obj (.text.vTaskSwitchContext)
                  7005ec50    0000019e     enet-cpsw.am263px.r5f.ti-arm-clang.freertos.debug.lib : cpsw_ale_ioctl.obj (.text.CpswAle_addMcastAddr)
                  7005edee    00000002     --HOLE-- [fill = 0]
                  7005edf0    0000019c     libc.a : fputs.c.obj (.text.fputs)
                  7005ef8c    00000004     --HOLE-- [fill = 0]
                  7005ef90    0000019a     enet-cpsw.am263px.r5f.ti-arm-clang.freertos.debug.lib : cpsw_cpts.obj (.text.CpswCpts_ioctl)
                  7005f12a    00000006     --HOLE-- [fill = 0]
                  7005f130    0000019a     lwip-freertos.am263px.r5f.ti-arm-clang.debug.lib : dns.obj (.text.dns_check_entry)
                  7005f2ca    00000006     --HOLE-- [fill = 0]
                  7005f2d0    0000019a     freertos.am263px.r5f.ti-arm-clang.debug.lib : tasks.obj (.text.vTaskPriorityDisinheritAfterTimeout)
                  7005f46a    00000006     --HOLE-- [fill = 0]
                  7005f470    0000019a                                                 : queue.obj (.text.xQueueGenericSendFromISR)
                  7005f60a    00000006     --HOLE-- [fill = 0]
                  7005f610    00000198     drivers.am263px.r5f.ti-arm-clang.freertos.debug.lib : uart_v0_lld.obj (.text.UART_lld_controllerIsr)
                  7005f7a8    00000008     --HOLE-- [fill = 0]
                  7005f7b0    00000196     lwip-freertos.am263px.r5f.ti-arm-clang.debug.lib : dhcp.obj (.text.dhcp_reboot)
                  7005f946    0000000a     --HOLE-- [fill = 0]
                  7005f950    00000194     enet-cpsw.am263px.r5f.ti-arm-clang.freertos.debug.lib : cpsw_ale.obj (.text.CpswAle_ioctl)
                  7005fae4    0000000c     --HOLE-- [fill = 0]
                  7005faf0    00000194                                                           : cpsw_macport.obj (.text.CpswMacPort_ioctl)
                  7005fc84    0000000c     --HOLE-- [fill = 0]
                  7005fc90    00000192     lwip-freertos.am263px.r5f.ti-arm-clang.debug.lib : ethernet.obj (.text.ethernet_input)
                  7005fe22    0000000e     --HOLE-- [fill = 0]
                  7005fe30    00000192                                                      : tcp_out.obj (.text.tcp_zero_window_probe)
                  7005ffc2    0000000e     --HOLE-- [fill = 0]
                  7005ffd0    00000190                                                      : etharp.obj (.text.etharp_update_arp_entry)
                  70060160    0000018e                                                      : etharp.obj (.text.etharp_input)
                  700602ee    00000002     --HOLE-- [fill = 0]
                  700602f0    0000018a     enet-cpsw.am263px.r5f.ti-arm-clang.freertos.debug.lib : enet_rm.obj (.text.EnetRm_ioctl)
                  7006047a    00000006     --HOLE-- [fill = 0]
                  70060480    0000018a     lwip-freertos.am263px.r5f.ti-arm-clang.debug.lib : sys_arch.obj (.text.sys_arch_mbox_fetch)
                  7006060a    00000006     --HOLE-- [fill = 0]
                  70060610    00000188     freertos.am263px.r5f.ti-arm-clang.debug.lib : ClockP_freertos_r5.obj (.text.ClockP_init)
                  70060798    00000008     --HOLE-- [fill = 0]
                  700607a0    00000186     lwip-freertos.am263px.r5f.ti-arm-clang.debug.lib : acd.obj (.text.acd_tmr)
                  70060926    0000000a     --HOLE-- [fill = 0]
                  70060930    00000186                                                      : tcp.obj (.text.tcp_alloc)
                  70060ab6    0000000a     --HOLE-- [fill = 0]
                  70060ac0    0000017c     lwipif-cpsw-freertos.am263px.r5f.ti-arm-clang.debug.lib : lwip2enet.obj (.text.Lwip2Enet_close)
                  70060c3c    00000004     --HOLE-- [fill = 0]
                  70060c40    0000017a                                                             : custom_pbuf.obj (.text.custom_pbuf_free)
                  70060dba    00000006     --HOLE-- [fill = 0]
                  70060dc0    00000178     freertos.am263px.r5f.ti-arm-clang.debug.lib : DebugP_shmLogReader.obj (.text.DebugP_shmLogReaderGetString)
                  70060f38    00000008     --HOLE-- [fill = 0]
                  70060f40    00000178     enet-cpsw.am263px.r5f.ti-arm-clang.freertos.debug.lib : enet_rm.obj (.text.EnetRm_initRxObj)
                  700610b8    00000008     --HOLE-- [fill = 0]
                  700610c0    00000178     lwipif-cpsw-freertos.am263px.r5f.ti-arm-clang.debug.lib : lwip2enet.obj (.text.Lwip2Enet_periodicFxn)
                  70061238    00000008     --HOLE-- [fill = 0]
                  70061240    00000178     lwip-freertos.am263px.r5f.ti-arm-clang.debug.lib : udp.obj (.text.udp_bind)
                  700613b8    00000008     --HOLE-- [fill = 0]
                  700613c0    00000176     enet-cpsw.am263px.r5f.ti-arm-clang.freertos.debug.lib : cpsw_macport_est.obj (.text.CpswEst_setState)
                  70061536    0000000a     --HOLE-- [fill = 0]
                  70061540    00000176     lwip-freertos.am263px.r5f.ti-arm-clang.debug.lib : dhcp.obj (.text.dhcp_discover)
                  700616b6    0000000a     --HOLE-- [fill = 0]
                  700616c0    00000176                                                      : icmp.obj (.text.icmp_send_response)
                  70061836    0000000a     --HOLE-- [fill = 0]
                  70061840    00000176                                                      : sys_arch.obj (.text.sys_sem_new)
                  700619b6    0000000a     --HOLE-- [fill = 0]
                  700619c0    00000174     enet-cpsw.am263px.r5f.ti-arm-clang.freertos.debug.lib : enetphy.obj (.text.EnetPhy_getLinkStatus)
                  70061b34    0000000c     --HOLE-- [fill = 0]
                  70061b40    00000172     board.am263px.r5f.ti-arm-clang.freertos.debug.lib : eeprom_cat24m.obj (.text.EEPROM_CAT24M_write)
                  70061cb2    0000000e     --HOLE-- [fill = 0]
                  70061cc0    00000172     lwip-freertos.am263px.r5f.ti-arm-clang.debug.lib : ip4.obj (.text.ip4_route)
                  70061e32    0000000e     --HOLE-- [fill = 0]
                  70061e40    00000172                                                      : sys_arch.obj (.text.sys_arch_sem_wait)
                  70061fb2    0000000e     --HOLE-- [fill = 0]
                  70061fc0    00000170     freertos.am263px.r5f.ti-arm-clang.debug.lib : queue.obj (.text.xQueueGiveFromISR)
                  70062130    0000016c     lwip-freertos.am263px.r5f.ti-arm-clang.debug.lib : etharp.obj (.text.etharp_output_to_arp_index)
                  7006229c    00000004     --HOLE-- [fill = 0]
                  700622a0    00000168     enet-cpsw.am263px.r5f.ti-arm-clang.freertos.debug.lib : enet_cpdma.obj (.text.EnetCpdma_rxIsrProc)
                  70062408    00000008     --HOLE-- [fill = 0]
                  70062410    00000168                                                           : enet_phymdio_dflt.obj (.text.EnetPhyMdioDflt_writeC45)
                  70062578    00000008     --HOLE-- [fill = 0]
                  70062580    00000168     xgw_udp_interface.o (.text.xgw_udp_send_motor_states)
                  700626e8    00000008     --HOLE-- [fill = 0]
                  700626f0    00000166     enet-cpsw.am263px.r5f.ti-arm-clang.freertos.debug.lib : enet_cpdma.obj (.text.EnetCpdma_openRxCh)
                  70062856    0000000a     --HOLE-- [fill = 0]
                  70062860    00000166     drivers.am263px.r5f.ti-arm-clang.freertos.debug.lib : i2c_v1_lld.obj (.text.I2C_lld_primeTransferIntr)
                  700629c6    0000000a     --HOLE-- [fill = 0]
                  700629d0    00000166     freertos.am263px.r5f.ti-arm-clang.debug.lib : TaskP_freertos.obj (.text.TaskP_assertParams)
                  70062b36    0000000a     --HOLE-- [fill = 0]
                  70062b40    00000166     lwip-freertos.am263px.r5f.ti-arm-clang.debug.lib : mem.obj (.text.mem_malloc)
                  70062ca6    0000000a     --HOLE-- [fill = 0]
                  70062cb0    00000166                                                      : tcp_in.obj (.text.tcp_parseopt)
                  70062e16    0000000a     --HOLE-- [fill = 0]
                  70062e20    00000164     board.am263px.r5f.ti-arm-clang.freertos.debug.lib : dp83869.obj (.text.Dp83869_config)
                  70062f84    0000000c     --HOLE-- [fill = 0]
                  70062f90    00000164     enet-cpsw.am263px.r5f.ti-arm-clang.freertos.debug.lib : enet_rm.obj (.text.EnetRm_initHwPushObj)
                  700630f4    0000000c     --HOLE-- [fill = 0]
                  70063100    00000162     drivers.am263px.r5f.ti-arm-clang.freertos.debug.lib : edma.obj (.text.EDMA_unregisterIntr)
                  70063262    0000000e     --HOLE-- [fill = 0]
                  70063270    00000162     enet-cpsw.am263px.r5f.ti-arm-clang.freertos.debug.lib : enet_phymdio_dflt.obj (.text.EnetPhyMdioDflt_readC45)
                  700633d2    0000000e     --HOLE-- [fill = 0]
                  700633e0    00000160                                                           : csl_cpsw.obj (.text.CSL_CPSW_setAlePortControlReg)
                  70063540    00000160     drivers.am263px.r5f.ti-arm-clang.freertos.debug.lib : i2c_v1_lld.obj (.text.I2C_lld_init)
                  700636a0    00000160     lwip-freertos.am263px.r5f.ti-arm-clang.debug.lib : inet_chksum.obj (.text.inet_cksum_pseudo_partial_base)
                  70063800    00000160                                                      : tcp_in.obj (.text.tcp_free_acked_segments)
                  70063960    0000015e     enet-cpsw.am263px.r5f.ti-arm-clang.freertos.debug.lib : enet_cpdma.obj (.text.EnetDma_retrieveRxPktQ)
                  70063abe    00000002     --HOLE-- [fill = 0]
                  70063ac0    0000015e     lwip-freertos.am263px.r5f.ti-arm-clang.debug.lib : dhcp.obj (.text.dhcp_renew)
                  70063c1e    00000002     --HOLE-- [fill = 0]
                  70063c20    0000015e     xgw_udp_interface.o (.text.xgw_udp_start)
                  70063d7e    00000002     --HOLE-- [fill = 0]
                  70063d80    0000015c     enet-cpsw.am263px.r5f.ti-arm-clang.freertos.debug.lib : enet_cpdma.obj (.text.EnetCpdma_txIsr)
                  70063edc    00000004     --HOLE-- [fill = 0]
                  70063ee0    0000015c                                                           : enet_rm.obj (.text.EnetRm_initMacObj)
                  7006403c    00000004     --HOLE-- [fill = 0]
                  70064040    0000015c     lwip-freertos.am263px.r5f.ti-arm-clang.debug.lib : dhcp.obj (.text.dhcp_rebind)
                  7006419c    00000004     --HOLE-- [fill = 0]
                  700641a0    0000015c     freertos.am263px.r5f.ti-arm-clang.debug.lib : tasks.obj (.text.prvAddNewTaskToReadyList)
                  700642fc    00000004     --HOLE-- [fill = 0]
                  70064300    0000015c                                                 : tasks.obj (.text.xTaskPriorityInherit)
                  7006445c    00000004     --HOLE-- [fill = 0]
                  70064460    0000015a     enet-cpsw.am263px.r5f.ti-arm-clang.freertos.debug.lib : enet_cpdma.obj (.text.EnetCpdma_netChOpen)
                  700645ba    00000006     --HOLE-- [fill = 0]
                  700645c0    0000015a     lwip-freertos.am263px.r5f.ti-arm-clang.debug.lib : dhcp.obj (.text.dhcp_start)
                  7006471a    00000006     --HOLE-- [fill = 0]
                  70064720    00000158     enet-cpsw.am263px.r5f.ti-arm-clang.freertos.debug.lib : cpsw_ale.obj (.text.CpswAle_initCfg)
                  70064878    00000008     --HOLE-- [fill = 0]
                  70064880    00000158     ti_enet_config.o (.text.EnetApp_initializeMacAddrPool)
                  700649d8    00000008     --HOLE-- [fill = 0]
                  700649e0    00000158     enet-cpsw.am263px.r5f.ti-arm-clang.freertos.debug.lib : enet_phymdio_dflt.obj (.text.EnetPhyMdioDflt_writeC22)
                  70064b38    00000008     --HOLE-- [fill = 0]
                  70064b40    00000158     drivers.am263px.r5f.ti-arm-clang.freertos.debug.lib : soc.obj (.text.SOC_controlModuleUnlockMMR)
                  70064c98    00000008     --HOLE-- [fill = 0]
                  70064ca0    00000158     lwip-freertos.am263px.r5f.ti-arm-clang.debug.lib : dhcp.obj (.text.dhcp_handle_ack)
                  70064df8    00000008     --HOLE-- [fill = 0]
                  70064e00    00000158                                                      : etharp.obj (.text.etharp_tmr)
                  70064f58    00000008     --HOLE-- [fill = 0]
                  70064f60    00000158                                                      : raw.obj (.text.raw_input)
                  700650b8    00000008     --HOLE-- [fill = 0]
                  700650c0    00000156     enet-cpsw.am263px.r5f.ti-arm-clang.freertos.debug.lib : enet_cpdma.obj (.text.EnetDma_submitTxPktQ)
                  70065216    0000000a     --HOLE-- [fill = 0]
                  70065220    00000154                                                           : enet_cpdma.obj (.text.EnetDma_retrieveTxPktQ)
                  70065374    0000000c     --HOLE-- [fill = 0]
                  70065380    00000152     drivers.am263px.r5f.ti-arm-clang.freertos.debug.lib : uart_v0_lld.obj (.text.UART_lld_initDma)
                  700654d2    0000000e     --HOLE-- [fill = 0]
                  700654e0    00000150     enet-cpsw.am263px.r5f.ti-arm-clang.freertos.debug.lib : enet_phymdio_dflt.obj (.text.EnetPhyMdioDflt_readC22)
                  70065630    00000150                                                           : enet_rm.obj (.text.EnetRm_delCoreAttached)
                  70065780    0000014e     ti_enet_lwipif.o (.text.LwipifEnetApp_createPollTask)
                  700658ce    00000002     --HOLE-- [fill = 0]
                  700658d0    0000014e     lwip-freertos.am263px.r5f.ti-arm-clang.debug.lib : sys_arch.obj (.text.sys_arch_unprotect)
                  70065a1e    00000002     --HOLE-- [fill = 0]
                  70065a20    0000014e     freertos.am263px.r5f.ti-arm-clang.debug.lib : tasks.obj (.text.xTaskPriorityDisinherit)
                  70065b6e    00000002     --HOLE-- [fill = 0]
                  70065b70    0000014c     enet-cpsw.am263px.r5f.ti-arm-clang.freertos.debug.lib : enet_cpdma.obj (.text.EnetDma_submitRxPktQ)
                  70065cbc    00000004     --HOLE-- [fill = 0]
                  70065cc0    0000014c     freertos.am263px.r5f.ti-arm-clang.debug.lib : queue.obj (.text.xQueueReceiveFromISR)
                  70065e0c    00000004     --HOLE-- [fill = 0]
                  70065e10    00000148     enet-cpsw.am263px.r5f.ti-arm-clang.freertos.debug.lib : cpsw_ale.obj (.text.CpswAle_setPolicerPartitionLevel)
                  70065f58    00000008     --HOLE-- [fill = 0]
                  70065f60    00000148     lwip-freertos.am263px.r5f.ti-arm-clang.debug.lib : netif.obj (.text.netif_set_addr)
                  700660a8    00000008     --HOLE-- [fill = 0]
                  700660b0    00000148                                                      : tcp_in.obj (.text.tcp_timewait_input)
                  700661f8    00000008     --HOLE-- [fill = 0]
                  70066200    00000148                                                      : udp.obj (.text.udp_sendto)
                  70066348    00000008     --HOLE-- [fill = 0]
                  70066350    00000146     enet-cpsw.am263px.r5f.ti-arm-clang.freertos.debug.lib : cpsw_ioctl.obj (.text.Cpsw_closePortLink)
                  70066496    0000000a     --HOLE-- [fill = 0]
                  700664a0    00000146     lwip-freertos.am263px.r5f.ti-arm-clang.debug.lib : udp.obj (.text.udp_input_local_match)
                  700665e6    0000000a     --HOLE-- [fill = 0]
                  700665f0    00000144     freertos.am263px.r5f.ti-arm-clang.debug.lib : tasks.obj (.text.prvInitialiseNewTask)
                  70066734    00000144     libc.a : setvbuf.c.obj (.text.setvbuf)
                  70066878    00000008     --HOLE-- [fill = 0]
                  70066880    00000144     lwip-freertos.am263px.r5f.ti-arm-clang.debug.lib : tcp.obj (.text.tcp_close_shutdown_fin)
                  700669c4    0000000c     --HOLE-- [fill = 0]
                  700669d0    00000142     enet-cpsw.am263px.r5f.ti-arm-clang.freertos.debug.lib : cpsw_ale_ioctl.obj (.text.CpswAle_delPortUcastEntries)
                  70066b12    0000000e     --HOLE-- [fill = 0]
                  70066b20    00000142     lwip-freertos.am263px.r5f.ti-arm-clang.debug.lib : igmp.obj (.text.igmp_lookup_group)
                  70066c62    0000000e     --HOLE-- [fill = 0]
                  70066c70    00000140                                                      : pbuf.obj (.text.pbuf_cat)
                  70066db0    0000013e     enet-cpsw.am263px.r5f.ti-arm-clang.freertos.debug.lib : csl_cpsw_ale_9g_tblcfg.obj (.text.CSL_CPSW_setAleVlanUnicastAddrEntry)
                  70066eee    00000002     --HOLE-- [fill = 0]
                  70066ef0    0000013e                                                           : enet_cpdma.obj (.text.EnetCpdma_openTxCh)
                  7006702e    00000002     --HOLE-- [fill = 0]
                  70067030    0000013e     drivers.am263px.r5f.ti-arm-clang.freertos.debug.lib : i2c_v1.obj (.text.I2C_mem_primeTransfer)
                  7006716e    00000002     --HOLE-- [fill = 0]
                  70067170    0000013e     lwip-freertos.am263px.r5f.ti-arm-clang.debug.lib : pbuf.obj (.text.pbuf_copy_partial)
                  700672ae    00000002     --HOLE-- [fill = 0]
                  700672b0    0000013a     board.am263px.r5f.ti-arm-clang.freertos.debug.lib : dp83869.obj (.text.Dp83869_enableAdvertisement)
                  700673ea    00000006     --HOLE-- [fill = 0]
                  700673f0    0000013a     drivers.am263px.r5f.ti-arm-clang.freertos.debug.lib : edma.obj (.text.EDMA_isDmaChannelAllocated)
                  7006752a    00000006     --HOLE-- [fill = 0]
                  70067530    0000013a     enet-cpsw.am263px.r5f.ti-arm-clang.freertos.debug.lib : enet_phymdio_dflt.obj (.text.EnetPhyMdioDflt_isAlive)
                  7006766a    00000006     --HOLE-- [fill = 0]
                  70067670    0000013a                                                           : enet_phymdio_dflt.obj (.text.EnetPhyMdioDflt_isLinked)
                  700677aa    00000006     --HOLE-- [fill = 0]
                  700677b0    0000013a                                                           : enet.obj (.text.Enet_ioctl)
                  700678ea    00000006     --HOLE-- [fill = 0]
                  700678f0    0000013a     board.am263px.r5f.ti-arm-clang.freertos.debug.lib : generic_phy.obj (.text.GenericPhy_enableAdvertisement)
                  70067a2a    00000006     --HOLE-- [fill = 0]
                  70067a30    0000013a     drivers.am263px.r5f.ti-arm-clang.freertos.debug.lib : i2c_v1_lld.obj (.text.I2C_lld_mem_write)
                  70067b6a    00000006     --HOLE-- [fill = 0]
                  70067b70    0000013a     lwip-freertos.am263px.r5f.ti-arm-clang.debug.lib : dhcp.obj (.text.dhcp_release_and_stop)
                  70067caa    00000006     --HOLE-- [fill = 0]
                  70067cb0    00000138     enet-cpsw.am263px.r5f.ti-arm-clang.freertos.debug.lib : cpsw_cpts_ioctl.obj (.text.CpswCpts_ioctl_handler_CPSW_CPTS_IOCTL_SET_ESTF)
                  70067de8    00000008     --HOLE-- [fill = 0]
                  70067df0    00000138     freertos.am263px.r5f.ti-arm-clang.debug.lib : printf.obj (.text._ntoa_long_long)
                  70067f28    00000008     --HOLE-- [fill = 0]
                  70067f30    00000136     board.am263px.r5f.ti-arm-clang.freertos.debug.lib : dp83869.obj (.text.Dp83869_disableAdvertisement)
                  70068066    0000000a     --HOLE-- [fill = 0]
                  70068070    00000136     enet-cpsw.am263px.r5f.ti-arm-clang.freertos.debug.lib : enet_appmemutils.obj (.text.EnetMem_initMemObjs)
                  700681a6    0000000a     --HOLE-- [fill = 0]
                  700681b0    00000136     board.am263px.r5f.ti-arm-clang.freertos.debug.lib : generic_phy.obj (.text.GenericPhy_disableAdvertisement)
                  700682e6    0000000a     --HOLE-- [fill = 0]
                  700682f0    00000136     drivers.am263px.r5f.ti-arm-clang.freertos.debug.lib : uart_v0_lld.obj (.text.UART_procLineStatusErr)
                  70068426    0000000a     --HOLE-- [fill = 0]
                  70068430    00000136     lwip-freertos.am263px.r5f.ti-arm-clang.debug.lib : tcp_out.obj (.text.tcp_rst_common)
                  70068566    0000000a     --HOLE-- [fill = 0]
                  70068570    00000134     drivers.am263px.r5f.ti-arm-clang.freertos.debug.lib : edma.obj (.text.EDMA_registerIntr)
                  700686a4    0000000c     --HOLE-- [fill = 0]
                  700686b0    00000134                                                         : uart_v0_lld.obj (.text.UART_writePolling)
                  700687e4    0000000c     --HOLE-- [fill = 0]
                  700687f0    00000134     freertos.am263px.r5f.ti-arm-clang.debug.lib : tasks.obj (.text.vTaskDelete)
                  70068924    0000000c     --HOLE-- [fill = 0]
                  70068930    00000132     enet-cpsw.am263px.r5f.ti-arm-clang.freertos.debug.lib : csl_cpsw_ale_9g_tblcfg.obj (.text.CSL_CPSW_setAleVlanMcastAddrEntry)
                  70068a62    0000000e     --HOLE-- [fill = 0]
                  70068a70    00000132                                                           : cpsw.obj (.text.Cpsw_dmaMiscIsr)
                  70068ba2    0000000e     --HOLE-- [fill = 0]
                  70068bb0    00000130                                                           : csl_cpsw_ale_9g_tblcfg.obj (.text.CSL_CPSW_setAleUnicastAddrEntry)
                  70068ce0    00000130                                                           : enet.obj (.text.EnetPer_open)
                  70068e10    00000130     lwip-freertos.am263px.r5f.ti-arm-clang.debug.lib : tcp_in.obj (.text.tcp_oos_insert_segment)
                  70068f40    0000012e                                                      : igmp.obj (.text.igmp_send)
                  7006906e    00000002     --HOLE-- [fill = 0]
                  70069070    0000012c     enet-cpsw.am263px.r5f.ti-arm-clang.freertos.debug.lib : enet_osal.obj (.text.EnetOsal_registerIntr)
                  7006919c    00000004     --HOLE-- [fill = 0]
                  700691a0    0000012c                                                           : enet_rm.obj (.text.EnetRm_validateResPartInfo)
                  700692cc    00000004     --HOLE-- [fill = 0]
                  700692d0    0000012c     drivers.am263px.r5f.ti-arm-clang.freertos.debug.lib : i2c_v1_lld.obj (.text.I2C_lld_mem_read)
                  700693fc    00000004     --HOLE-- [fill = 0]
                  70069400    0000012c                                                         : uart_v0_lld.obj (.text.UART_lld_init)
                  7006952c    00000004     --HOLE-- [fill = 0]
                  70069530    0000012c     freertos.am263px.r5f.ti-arm-clang.debug.lib : tasks.obj (.text.ulTaskGenericNotifyTake)
                  7006965c    00000004     --HOLE-- [fill = 0]
                  70069660    0000012a     enet-cpsw.am263px.r5f.ti-arm-clang.freertos.debug.lib : enet_utils.obj (.text.EnetUtils_macToPhyMii)
                  7006978a    00000006     --HOLE-- [fill = 0]
                  70069790    00000128                                                           : enet_cpdmautils.obj (.text.EnetAppUtils_isDescCached)
                  700698b8    00000008     --HOLE-- [fill = 0]
                  700698c0    00000128     drivers.am263px.r5f.ti-arm-clang.freertos.debug.lib : i2c_v1_lld.obj (.text.I2C_lld_mem_writeIntr)
                  700699e8    00000008     --HOLE-- [fill = 0]
                  700699f0    00000128     freertos.am263px.r5f.ti-arm-clang.debug.lib : port.obj (.text.pxPortInitialiseStack)
                  70069b18    00000008     --HOLE-- [fill = 0]
                  70069b20    00000126     drivers.am263px.r5f.ti-arm-clang.freertos.debug.lib : soc.obj (.text.SOC_controlModuleLockMMR)
                  70069c46    0000000a     --HOLE-- [fill = 0]
                  70069c50    00000126     lwip-freertos.am263px.r5f.ti-arm-clang.debug.lib : pbuf.obj (.text.pbuf_take_at)
                  70069d76    0000000a     --HOLE-- [fill = 0]
                  70069d80    00000126                                                      : timeouts.obj (.text.sys_timeout_abs)
                  70069ea6    0000000a     --HOLE-- [fill = 0]
                  70069eb0    00000126                                                      : tcp_out.obj (.text.tcp_rexmit)
                  70069fd6    0000000a     --HOLE-- [fill = 0]
                  70069fe0    00000124     enet-cpsw.am263px.r5f.ti-arm-clang.freertos.debug.lib : csl_cpsw_ale_9g_tblcfg.obj (.text.CSL_CPSW_setAleMcastAddrEntry)
                  7006a104    0000000c     --HOLE-- [fill = 0]
                  7006a110    00000124                                                           : cpsw_ale.obj (.text.CpswAle_setIoctlHandlerFxn)
                  7006a234    0000000c     --HOLE-- [fill = 0]
                  7006a240    00000124                                                           : cpsw_cpts.obj (.text.CpswCpts_setIoctlHandlerFxn)
                  7006a364    0000000c     --HOLE-- [fill = 0]
                  7006a370    00000124                                                           : cpsw_hostport.obj (.text.CpswHostPort_setIoctlHandlerFxn)
                  7006a494    0000000c     --HOLE-- [fill = 0]
                  7006a4a0    00000124                                                           : cpsw_macport_est.obj (.text.CpswMacPortEst_setIoctlHandlerFxn)
                  7006a5c4    0000000c     --HOLE-- [fill = 0]
                  7006a5d0    00000124                                                           : cpsw_macport.obj (.text.CpswMacPort_setIoctlHandlerFxn)
                  7006a6f4    0000000c     --HOLE-- [fill = 0]
                  7006a700    00000124                                                           : cpsw_stats.obj (.text.CpswStats_setIoctlHandlerFxn)
                  7006a824    0000000c     --HOLE-- [fill = 0]
                  7006a830    00000124                                                           : cpsw.obj (.text.Cpsw_initCfg)
                  7006a954    0000000c     --HOLE-- [fill = 0]
                  7006a960    00000124                                                           : cpsw.obj (.text.Cpsw_setIoctlHandlerFxn)
                  7006aa84    0000000c     --HOLE-- [fill = 0]
                  7006aa90    00000124                                                           : enet_phymdio_dflt.obj (.text.EnetPhyMdioDflt_setIoctlHandlerFxn)
                  7006abb4    0000000c     --HOLE-- [fill = 0]
                  7006abc0    00000124                                                           : enet_rm.obj (.text.EnetRm_setIoctlHandlerFxn)
                  7006ace4    0000000c     --HOLE-- [fill = 0]
                  7006acf0    00000124                                                           : mdio.obj (.text.Mdio_setIoctlHandlerFxn)
                  7006ae14    0000000c     --HOLE-- [fill = 0]
                  7006ae20    00000122                                                           : cpsw_ale_ioctl.obj (.text.CpswAle_addUcastAddr)
                  7006af42    0000000e     --HOLE-- [fill = 0]
                  7006af50    00000122     ti_enet_open_close.o (.text.EnetApp_driverClose)
                  7006b072    0000000e     --HOLE-- [fill = 0]
                  7006b080    00000120     enet-cpsw.am263px.r5f.ti-arm-clang.freertos.debug.lib : cpsw_est.obj (.text.CpswEst_setIoctlHandlerFxn)
                  7006b1a0    00000120                                                           : enet_rm_ioctl.obj (.text.EnetRm_allocInternalRxFlowIdx)
                  7006b2c0    00000120                                                           : mdio_manual_ioctl.obj (.text.Mdio_manualModePhyRegRead22)
                  7006b3e0    00000120     drivers.am263px.r5f.ti-arm-clang.freertos.debug.lib : soc_rcm.obj (.text.SOC_rcmGetPeripheralClockFrequency)
                  7006b500    0000011e     ti_enet_lwipif.o (.text.LwipifEnetApp_getRxChIDs)
                  7006b61e    00000002     --HOLE-- [fill = 0]
                  7006b620    0000011e     enet-cpsw.am263px.r5f.ti-arm-clang.freertos.debug.lib : mdio_manual_ioctl.obj (.text.Mdio_manualModePhyRegValReadC45)
                  7006b73e    00000002     --HOLE-- [fill = 0]
                  7006b740    0000011e     lwip-freertos.am263px.r5f.ti-arm-clang.debug.lib : pbuf.obj (.text.pbuf_add_header_impl)
                  7006b85e    00000002     --HOLE-- [fill = 0]
                  7006b860    0000011e     freertos.am263px.r5f.ti-arm-clang.debug.lib : tasks.obj (.text.xTaskDelayUntil)
                  7006b97e    00000002     --HOLE-- [fill = 0]
                  7006b980    0000011c     enet-cpsw.am263px.r5f.ti-arm-clang.freertos.debug.lib : csl_cpsw_ale_9g_tblcfg.obj (.text.CSL_CPSW_setAleVlanEntry)
                  7006ba9c    00000004     --HOLE-- [fill = 0]
                  7006baa0    0000011c     ti_enet_open_close.o (.text.EnetAppUtils_openRxCh)
                  7006bbbc    00000004     --HOLE-- [fill = 0]
                  7006bbc0    0000011c     enet-cpsw.am263px.r5f.ti-arm-clang.freertos.debug.lib : enet_cpdma.obj (.text.EnetCpdma_setSOPInfo)
                  7006bcdc    00000004     --HOLE-- [fill = 0]
                  7006bce0    0000011c                                                           : enet_queue.obj (.text.EnetQueue_append)
                  7006bdfc    00000004     --HOLE-- [fill = 0]
                  7006be00    0000011c                                                           : enet_utils.obj (.text.EnetUtils_delayNs)
                  7006bf1c    00000004     --HOLE-- [fill = 0]
                  7006bf20    0000011c     ti_enet_lwipif.o (.text.LwipifEnetApp_netifOpen)
                  7006c03c    00000004     --HOLE-- [fill = 0]
                  7006c040    0000011c     enet-cpsw.am263px.r5f.ti-arm-clang.freertos.debug.lib : mdio_ioctl.obj (.text.Mdio_writeRegC45)
                  7006c15c    00000004     --HOLE-- [fill = 0]
                  7006c160    0000011c     drivers.am263px.r5f.ti-arm-clang.freertos.debug.lib : uart_dma_edma.obj (.text.UART_lld_dmaRead)
                  7006c27c    00000004     --HOLE-- [fill = 0]
                  7006c280    0000011c     lwip-freertos.am263px.r5f.ti-arm-clang.debug.lib : tcp_out.obj (.text.tcp_rexmit_rto_prepare)
                  7006c39c    00000004     --HOLE-- [fill = 0]
                  7006c3a0    0000011a     enet-cpsw.am263px.r5f.ti-arm-clang.freertos.debug.lib : csl_cpsw_ale_9g_tblcfg.obj (.text.CSL_CPSW_setAleOutVlanEntry)
                  7006c4ba    00000006     --HOLE-- [fill = 0]
                  7006c4c0    0000011a                                                           : enetphy.obj (.text.EnetPhy_setupManual)
                  7006c5da    00000006     --HOLE-- [fill = 0]
                  7006c5e0    0000011a     drivers.am263px.r5f.ti-arm-clang.freertos.debug.lib : i2c_v1_lld.obj (.text.I2C_lld_mem_readIntr)
                  7006c6fa    00000006     --HOLE-- [fill = 0]
                  7006c700    00000118     enet-cpsw.am263px.r5f.ti-arm-clang.freertos.debug.lib : enetphy.obj (.text.EnetPhy_resetWaitState)
                  7006c818    00000008     --HOLE-- [fill = 0]
                  7006c820    00000118                                                           : enetphy.obj (.text.EnetPhy_setupNway)
                  7006c938    00000008     --HOLE-- [fill = 0]
                  7006c940    00000118     lwip-freertos.am263px.r5f.ti-arm-clang.debug.lib : sys_arch.obj (.text.sys_mbox_trypost)
                  7006ca58    00000008     --HOLE-- [fill = 0]
                  7006ca60    00000118                                                      : tcp.obj (.text.tcp_process_refused_data)
                  7006cb78    00000008     --HOLE-- [fill = 0]
                  7006cb80    00000118                                                      : tcp.obj (.text.tcp_update_rcv_ann_wnd)
                  7006cc98    00000118     libclang_rt.builtins.a : udivmoddi4.S.obj (.text)
                  7006cdb0    00000116     drivers.am263px.r5f.ti-arm-clang.freertos.debug.lib : edma.obj (.text.EDMA_isTccAllocated)
                  7006cec6    0000000a     --HOLE-- [fill = 0]
                  7006ced0    00000116     enet-cpsw.am263px.r5f.ti-arm-clang.freertos.debug.lib : mdio_ioctl.obj (.text.Mdio_handleIntr)
                  7006cfe6    0000000a     --HOLE-- [fill = 0]
                  7006cff0    00000116     drivers.am263px.r5f.ti-arm-clang.freertos.debug.lib : uart_v0_lld.obj (.text.UART_divisorLatchWrite)
                  7006d106    0000000a     --HOLE-- [fill = 0]
                  7006d110    00000114     freertos.am263px.r5f.ti-arm-clang.debug.lib : printf.obj (.text._ntoa_long)
                  7006d224    0000000c     --HOLE-- [fill = 0]
                  7006d230    00000112     enet-cpsw.am263px.r5f.ti-arm-clang.freertos.debug.lib : enetphy.obj (.text.EnetPhy_tick)
                  7006d342    0000000e     --HOLE-- [fill = 0]
                  7006d350    00000110     freertos.am263px.r5f.ti-arm-clang.debug.lib : DebugP_shmLogReader.obj (.text.DebugP_shmLogRead)
                  7006d460    00000110                                                 : DebugP_shmLogReader.obj (.text.DebugP_shmLogReaderTaskMain)
                  7006d570    00000110     enet-cpsw.am263px.r5f.ti-arm-clang.freertos.debug.lib : enetphy.obj (.text.EnetPhy_rmwReg)
                  7006d680    0000010e                                                           : enet_cpdma.obj (.text.EnetCpdma_initRxChannel)
                  7006d78e    00000002     --HOLE-- [fill = 0]
                  7006d790    0000010e     drivers.am263px.r5f.ti-arm-clang.freertos.debug.lib : soc_rcm.obj (.text.SOC_rcmADPLLJGetFOut)
                  7006d89e    00000002     --HOLE-- [fill = 0]
                  7006d8a0    0000010e     lwip-freertos.am263px.r5f.ti-arm-clang.debug.lib : netif.obj (.text.netif_do_set_ipaddr)
                  7006d9ae    00000002     --HOLE-- [fill = 0]
                  7006d9b0    0000010e                                                      : udp.obj (.text.udp_sendto_if)
                  7006dabe    00000002     --HOLE-- [fill = 0]
                  7006dac0    0000010e     freertos.am263px.r5f.ti-arm-clang.debug.lib : queue.obj (.text.xQueueGenericReset)
                  7006dbce    00000002     --HOLE-- [fill = 0]
                  7006dbd0    0000010c     enet-cpsw.am263px.r5f.ti-arm-clang.freertos.debug.lib : enet_cpdma.obj (.text.EnetCpdma_initTxChannel)
                  7006dcdc    00000004     --HOLE-- [fill = 0]
                  7006dce0    0000010c     lwip-freertos.am263px.r5f.ti-arm-clang.debug.lib : sys_arch.obj (.text.sys_arch_protect)
                  7006ddec    00000004     --HOLE-- [fill = 0]
                  7006ddf0    0000010c                                                      : udp.obj (.text.udp_connect)
                  7006defc    00000004     --HOLE-- [fill = 0]
                  7006df00    0000010a     enet-cpsw.am263px.r5f.ti-arm-clang.freertos.debug.lib : csl_cpsw.obj (.text.CSL_CPSW_setCpswControlReg)
                  7006e00a    00000006     --HOLE-- [fill = 0]
                  7006e010    0000010a     drivers.am263px.r5f.ti-arm-clang.freertos.debug.lib : ipc_notify_v1.obj (.text.IpcNotify_sendMsg)
                  7006e11a    00000006     --HOLE-- [fill = 0]
                  7006e120    00000108     lwip-freertos.am263px.r5f.ti-arm-clang.debug.lib : sys_arch.obj (.text.sys_mbox_new)
                  7006e228    00000008     --HOLE-- [fill = 0]
                  7006e230    00000108                                                      : tcp_out.obj (.text.tcp_output_alloc_header_common)
                  7006e338    00000008     --HOLE-- [fill = 0]
                  7006e340    00000106     ti_enet_open_close.o (.text.EnetApp_getRxDmaHandle)
                  7006e446    0000000a     --HOLE-- [fill = 0]
                  7006e450    00000106     enet-cpsw.am263px.r5f.ti-arm-clang.freertos.debug.lib : enet_rm.obj (.text.EnetRm_initTxObj)
                  7006e556    0000000a     --HOLE-- [fill = 0]
                  7006e560    00000106     freertos.am263px.r5f.ti-arm-clang.debug.lib : tasks.obj (.text.prvAddCurrentTaskToDelayedList)
                  7006e666    0000000a     --HOLE-- [fill = 0]
                  7006e670    00000104     enet-cpsw.am263px.r5f.ti-arm-clang.freertos.debug.lib : csl_cpsw.obj (.text.CSL_CPSW_setPortEstConfig)
                  7006e774    0000000c     --HOLE-- [fill = 0]
                  7006e780    00000104     drivers.am263px.r5f.ti-arm-clang.freertos.debug.lib : i2c_v1.obj (.text.I2C_close)
                  7006e884    0000000c     --HOLE-- [fill = 0]
                  7006e890    00000104     lwipif-cpsw-freertos.am263px.r5f.ti-arm-clang.debug.lib : lwip2lwipif.obj (.text.LWIPIF_LWIP_UdpLiteValidateChkSum)
                  7006e994    0000000c     --HOLE-- [fill = 0]
                  7006e9a0    00000104     drivers.am263px.r5f.ti-arm-clang.freertos.debug.lib : uart_v0_lld.obj (.text.UART_configInstance)
                  7006eaa4    0000000c     --HOLE-- [fill = 0]
                  7006eab0    00000104     gateway_shared.o (.text.gateway_ringbuf_write)
                  7006ebb4    0000000c     --HOLE-- [fill = 0]
                  7006ebc0    00000100     enet-cpsw.am263px.r5f.ti-arm-clang.freertos.debug.lib : enet_osal.obj (.text.EnetOsal_createMutex)
                  7006ecc0    00000100                                                           : enetphy.obj (.text.EnetPhy_getId)
                  7006edc0    000000fe                                                           : cpsw_stats.obj (.text.CpswStats_resetMacStats)
                  7006eebe    00000002     --HOLE-- [fill = 0]
                  7006eec0    000000fe     lwip-freertos.am263px.r5f.ti-arm-clang.debug.lib : tcp_out.obj (.text.tcp_send_empty_ack)
                  7006efbe    00000002     --HOLE-- [fill = 0]
                  7006efc0    000000fc     ti_enet_open_close.o (.text.EnetApp_createPhyStateHandlerTask)
                  7006f0bc    00000004     --HOLE-- [fill = 0]
                  7006f0c0    000000fc     lwipif-cpsw-freertos.am263px.r5f.ti-arm-clang.debug.lib : lwip2enet.obj (.text.Lwip2Enet_sendTxPackets)
                  7006f1bc    00000004     --HOLE-- [fill = 0]
                  7006f1c0    000000fc     lwip-freertos.am263px.r5f.ti-arm-clang.debug.lib : ip4_addr.obj (.text.ip4addr_ntoa_r)
                  7006f2bc    00000004     --HOLE-- [fill = 0]
                  7006f2c0    000000fc     test.o (.text.main_loop)
                  7006f3bc    00000004     --HOLE-- [fill = 0]
                  7006f3c0    000000fa     enet-cpsw.am263px.r5f.ti-arm-clang.freertos.debug.lib : enet_cpdma_priv.obj (.text.EnetCpdmaStats_updateNotifyStats)
                  7006f4ba    00000006     --HOLE-- [fill = 0]
                  7006f4c0    000000f8                                                           : csl_cpts.obj (.text.CSL_CPTS_setCntlReg)
                  7006f5b8    00000008     --HOLE-- [fill = 0]
                  7006f5c0    000000f8                                                           : cpsw.obj (.text.Cpsw_ioctlInternal)
                  7006f6b8    00000008     --HOLE-- [fill = 0]
                  7006f6c0    000000f6                                                           : cpsw_ioctl.obj (.text.Cpsw_internalIoctl_handler_ENET_PER_IOCTL_ATTACH_CORE)
                  7006f7b6    0000000a     --HOLE-- [fill = 0]
                  7006f7c0    000000f6                                                           : enetphy.obj (.text.EnetPhy_clearIsolateState)
                  7006f8b6    0000000a     --HOLE-- [fill = 0]
                  7006f8c0    000000f6                                                           : enetphy.obj (.text.EnetPhy_setIsolateState)
                  7006f9b6    0000000a     --HOLE-- [fill = 0]
                  7006f9c0    000000f6                                                           : enet_queue.obj (.text.EnetQueue_enq)
                  7006fab6    0000000a     --HOLE-- [fill = 0]
                  7006fac0    000000f6     lwip-freertos.am263px.r5f.ti-arm-clang.debug.lib : ip4_frag.obj (.text.ip_reass_remove_oldest_datagram)
                  7006fbb6    0000000a     --HOLE-- [fill = 0]
                  7006fbc0    000000f4     enet-cpsw.am263px.r5f.ti-arm-clang.freertos.debug.lib : cpsw.obj (.text.Cpsw_handleMdioLinkStateChange)
                  7006fcb4    0000000c     --HOLE-- [fill = 0]
                  7006fcc0    000000f4                                                           : enet.obj (.text.EnetPer_ioctl)
                  7006fdb4    0000000c     --HOLE-- [fill = 0]
                  7006fdc0    000000f4                                                           : enet.obj (.text.Enet_open)
                  7006feb4    0000000c     --HOLE-- [fill = 0]
                  7006fec0    000000f4     freertos.am263px.r5f.ti-arm-clang.debug.lib : tasks.obj (.text.prvCreateStaticTask)
                  7006ffb4    0000000c     --HOLE-- [fill = 0]
                  7006ffc0    000000f4     lwip-freertos.am263px.r5f.ti-arm-clang.debug.lib : tcp_out.obj (.text.tcp_output_control_segment_netif)
                  700700b4    0000000c     --HOLE-- [fill = 0]
                  700700c0    000000f2     enet-cpsw.am263px.r5f.ti-arm-clang.freertos.debug.lib : cpsw_macport.obj (.text.CpswMacPort_setSwitchTxSched)
                  700701b2    0000000e     --HOLE-- [fill = 0]
                  700701c0    000000f2                                                           : enet_queue.obj (.text.EnetQueue_verifyQCount)
                  700702b2    0000000e     --HOLE-- [fill = 0]
                  700702c0    000000f0     drivers.am263px.r5f.ti-arm-clang.freertos.debug.lib : i2c_v1.obj (.text.I2C_LLD_targetTransferCompleteCallback)
                  700703b0    000000f0     lwip-freertos.am263px.r5f.ti-arm-clang.debug.lib : sys_arch.obj (.text.sys_sem_signal)
                  700704a0    000000ee                                                      : tcp_out.obj (.text.tcp_rexmit_fast)
                  7007058e    00000002     --HOLE-- [fill = 0]
                  70070590    000000ec     enet-cpsw.am263px.r5f.ti-arm-clang.freertos.debug.lib : cpsw_ioctl.obj (.text.Cpsw_internalIoctl_handler_ENET_PER_IOCTL_OPEN_PORT_LINK)
                  7007067c    00000004     --HOLE-- [fill = 0]
                  70070680    000000ec                                                           : enet_rm_ioctl.obj (.text.EnetRm_addCoreAttached)
                  7007076c    00000004     --HOLE-- [fill = 0]
                  70070770    000000ec     freertos.am263px.r5f.ti-arm-clang.debug.lib : queue.obj (.text.xQueueGenericCreateStatic)
                  7007085c    00000004     --HOLE-- [fill = 0]
                  70070860    000000ea     enet-cpsw.am263px.r5f.ti-arm-clang.freertos.debug.lib : enetphy.obj (.text.EnetPhy_getManualCaps)
                  7007094a    00000006     --HOLE-- [fill = 0]
                  70070950    000000ea     drivers.am263px.r5f.ti-arm-clang.freertos.debug.lib : i2c_v1_lld.obj (.text.I2C_lld_targetTransferIntr)
                  70070a3a    00000006     --HOLE-- [fill = 0]
                  70070a40    000000ea     ti_enet_lwipif.o (.text.LwipifEnetApp_getTxChIDs)
                  70070b2a    00000006     --HOLE-- [fill = 0]
                  70070b30    000000e8     enet-cpsw.am263px.r5f.ti-arm-clang.freertos.debug.lib : enetphy.obj (.text.EnetPhy_findCommonCaps)
                  70070c18    00000008     --HOLE-- [fill = 0]
                  70070c20    000000e8                                                           : enet_rm_ioctl.obj (.text.EnetRm_allocRxFlowIdx)
                  70070d08    00000008     --HOLE-- [fill = 0]
                  70070d10    000000e8                                                           : mdio.obj (.text.Mdio_close)
                  70070df8    00000008     --HOLE-- [fill = 0]
                  70070e00    000000e8     gateway_shared.o (.text.gateway_wait_motor_config_ready)
                  70070ee8    00000008     --HOLE-- [fill = 0]
                  70070ef0    000000e8     lwip-freertos.am263px.r5f.ti-arm-clang.debug.lib : tcp.obj (.text.tcp_recved)
                  70070fd8    00000008     --HOLE-- [fill = 0]
                  70070fe0    000000e8                                                      : tcpip.obj (.text.tcpip_init)
                  700710c8    00000008     --HOLE-- [fill = 0]
                  700710d0    000000e6     board.am263px.r5f.ti-arm-clang.freertos.debug.lib : dp83869.obj (.text.Dp83869_setClkDelay)
                  700711b6    0000000a     --HOLE-- [fill = 0]
                  700711c0    000000e6     drivers.am263px.r5f.ti-arm-clang.freertos.debug.lib : soc_rcm.obj (.text.SOC_rcmGetCoreFout)
                  700712a6    0000000a     --HOLE-- [fill = 0]
                  700712b0    000000e6                                                         : soc_rcm.obj (.text.SOC_rcmGetPerFout)
                  70071396    0000000a     --HOLE-- [fill = 0]
                  700713a0    000000e6     lwip-freertos.am263px.r5f.ti-arm-clang.debug.lib : tcp.obj (.text.tcp_fasttmr)
                  70071486    0000000a     --HOLE-- [fill = 0]
                  70071490    000000e4     enet-cpsw.am263px.r5f.ti-arm-clang.freertos.debug.lib : cpsw_macport.obj (.text.CpswMacPort_setInterface)
                  70071574    0000000c     --HOLE-- [fill = 0]
                  70071580    000000e4     drivers.am263px.r5f.ti-arm-clang.freertos.debug.lib : edma.obj (.text.EDMA_freeChannelRegion)
                  70071664    0000000c     --HOLE-- [fill = 0]
                  70071670    000000e4     enet-cpsw.am263px.r5f.ti-arm-clang.freertos.debug.lib : enet_rm.obj (.text.EnetRm_getFreeQ)
                  70071754    0000000c     --HOLE-- [fill = 0]
                  70071760    000000e4     test.o (.text.test_init)
                  70071844    0000000c     --HOLE-- [fill = 0]
                  70071850    000000e2     enet-cpsw.am263px.r5f.ti-arm-clang.freertos.debug.lib : csl_cpsw.obj (.text.CSL_CPSW_getAlePortControlReg)
                  70071932    0000000e     --HOLE-- [fill = 0]
                  70071940    000000e2                                                           : cpsw_ale.obj (.text.CpswAle_addDefaultEntries)
                  70071a22    0000000e     --HOLE-- [fill = 0]
                  70071a30    000000e2     drivers.am263px.r5f.ti-arm-clang.freertos.debug.lib : edma.obj (.text.EDMA_freeParam)
                  70071b12    0000000e     --HOLE-- [fill = 0]
                  70071b20    000000e2     enet-cpsw.am263px.r5f.ti-arm-clang.freertos.debug.lib : enet_rm_ioctl.obj (.text.EnetRm_freeMacAddr)
                  70071c02    0000000e     --HOLE-- [fill = 0]
                  70071c10    000000e2     lwip-freertos.am263px.r5f.ti-arm-clang.debug.lib : acd.obj (.text.acd_arp_reply)
                  70071cf2    0000000e     --HOLE-- [fill = 0]
                  70071d00    000000e2                                                      : dhcp.obj (.text.dhcp_inc_pcb_refcount)
                  70071de2    0000000e     --HOLE-- [fill = 0]
[...]
700a028c  gStaticIP                                                              
700a0290  gStaticIPGateway                                                       
700a0294  gStaticIPNetmask                                                       
700a0298  ip_addr_any                                                            
700a029c  ip_addr_broadcast                                                      
700a0300  __BSS_START                                                            
700a0300  memp_memory_POOL_1568_base                                             
700b2f1f  memp_memory_POOL_4096_base                                             
700bafc0  memp_memory_POOL_128_base                                              
700c2978  memp_memory_NETBUF_base                                                
700c3997  memp_memory_PBUF_base                                                  
700c49b6  memp_memory_TCPIP_MSG_API_base                                         
700c59d5  memp_memory_TCPIP_MSG_INPKT_base                                       
700c69f4  memp_memory_TCP_SEG_base                                               
700c7a14  pfreeQ                                                                 
700cb7a0  memp_memory_SYS_MBOX_base                                              
700ccb40  memp_memory_RX_POOL_base                                               
700cd360  gHwiCtrl                                                               
700d05c0  gFreePbufArr                                                           
700d09c0  memp_memory_ARP_QUEUE_base                                             
700d0d9f  memp_memory_TCP_PCB_base                                               
700d13a0  memp_memory_NETCONN_base                                               
700d1b48  memp_memory_SYS_TIMEOUT_base                                           
700d1d88  lwip_stats                                                             
700d1f8c  memp_memory_FRAG_PBUF_base                                             
700d2304  gEepromObject_CAT24M                                                   
700d2470  memp_memory_ALTCP_PCB_base                                             
700d25cf  memp_memory_NETDB_base                                                 
700d272e  memp_memory_REASSDATA_base                                             
700d2890  _CIOBUF_                                                               
700d2890  __CIOBUF_                                                              
700d29b0  memp_memory_IGMP_GROUP_base                                            
700d2acf  memp_memory_TCP_PCB_LISTEN_base                                        
700d2bee  memp_memory_UDP_PCB_base                                               
700d2d0d  pbuf_free_ooseq_pending                                                
700d2f24  xQueueRegistry                                                         
700d3114  gEnetUtilsObj                                                          
700d31ec  gIpcNotifyCtrl                                                         
700d32a4  __TI_tmpnams                                                           
700d3348  gTaskP_ctrl                                                            
700d38a8  gDebugShmLogReaderCtrl                                                 
700d39bc  memp_memory_RAW_PCB_base                                               
700d3a3b  tcp_active_pcbs_changed                                                
700d3ae4  gRovDummyQueue                                                         
700d3bdc  memp_memory_PBUF_POOL_base                                             
700d3c00  gClockCtrl                                                             
700d3c18  ip_data                                                                
700d3e3c  virtToPhymap                                                           
700d3e60  parmbuf                                                                
700d3f3c  gEepromHandle                                                          
700d3f40  gI2cHandle                                                             
700d3f44  gInterface                                                             
700d3f48  gUartHandle                                                            
700d3f4c  lock_tcpip_core                                                        
700d3f50  netif_default                                                          
700d3f54  netif_list                                                             
700d3f58  tcp_active_pcbs                                                        
700d3f5c  tcp_bound_pcbs                                                         
700d3f60  tcp_input_pcb                                                          
700d3f64  tcp_listen_pcbs                                                        
700d3f68  tcp_ticks                                                              
700d3f6c  tcp_tw_pcbs                                                            
700d3f70  udp_pcbs                                                               
700d3f80  __BSS_END                                                              
700d3f80  _sys_memory                                                            
700dbf80  __stack                                                                
700dff80  __STACK_END                                                            
700f7f80  gEdmaConfig                                                            
700f7f80  gEnetSoc_cpsw3g                                                        
700f7f80  gUartDmaHandle                                                         
700f9ae0  gEnetSoc_dmaObj                                                        
700fc330  gEnetSoc_cpsw3gMacObj                                                  
700fc6d0  gEnetCpswCfg                                                           
700fd2b4  gEnetPhyDrvDp83869                                                     
700fd3b8  gEnetPhyDrvGeneric                                                     
700fd4bc  gIpcNotifyMailboxConfig                                                
700fd6b4  _ftable                                                                
700fe274  _device                                                                
700fe5c4  gUartParams                                                            
700fe6c0  _stream                                                                
700fe860  gEnetSoc_cpsw3gSocCfg                                                  
700fe8c8  gEnetMacAddrPool                                                       
700fe8f8  gSocModulesClockFrequency                                              
700fe948  gClockConfig                                                           
700fe9a8  gDmaCfg                                                                
700fea20  gIpcNotifyInterruptConfig_r5fss0_0                                     
700fea68  Cpsw_gSpeedNames                                                       
700fea78  gEepromFxns_CAT24M                                                     
700fea88  gIpcNotifyCoreIntrBitPos                                               
700fea98  gSocModules                                                            
700feaa8  Cpsw_gDuplexNames                                                      
700feab4  gAddrTranslateConfig                                                   
700feacc  gEepromAttrs_CAT24M                                                    
700fead8  gEepromConfig                                                          
700feae4  gEnetSoc_perObj                                                        
700feaf0  gI2cParams                                                             
700feafc  __TI_cleanup_ptr                                                       
700feb00  __TI_dtors_ptr                                                         
700feb04  gEepromParams                                                          
700feb0c  gI2cConfig                                                             
700feb1c  gUartConfig                                                            
700feb24  FreeRTOS_errno                                                         
700feb38  __TI_ft_end                                                            
700feb3c  _lock                                                                  
700feb40  _unlock                                                                
700feb50  gDebugLogZone                                                          
700feb54  gDebugP_uartDrvIndex                                                   
700feb58  gEdmaConfigNum                                                         
700feb5c  gEepromConfigNum                                                       
700feb60  gEnetOsalHwiAllocCnt                                                   
700feb64  gEnetOsalHwiPeak                                                       
700feb68  gEnetOsalSemAllocCnt                                                   
700feb6c  gEnetOsalSemPeak                                                       
700feb70  gHwiConfig                                                             
700feb74  gI2cConfigNum                                                          
700feb78  gIpcNotifyInterruptConfigNum_r5fss0_0                                  
700feb7c  gIpcTask                                                               
700feb80  gLogReaderTask                                                         
700feb84  gMainTask                                                              
700feb88  gUartConfigNum                                                         
700feb8c  gUartDmaChConfig                                                       
700feb90  gUdpTxTask                                                             
700feb98  g_netif                                                                
700feba8  hlwipIfApp                                                             
700febb4  pxCurrentTCB                                                           
700febc0  ulPortInterruptNesting                                                 
700febc4  ulPortSchedularRunning                                                 
700febc8  ulPortTaskHasFPUContext                                                
700febcc  ulPortYieldRequired                                                    
700fec2d  gEnetTrace_runtimeLevel                                                
700fec2f  isMapAvailable                                                         
700fec41  HwiP_enableInt                                                         
700fec81  HwiP_disableInt                                                        
700fece1  HwiP_restoreInt                                                        
700fed11  HwiP_clearInt                                                          
700fed51  HwiP_post                                                              
700fed91  HwiP_Params_init                                                       
700fedc1  HwiP_construct                                                         
700fefb1  HwiP_destruct                                                          
700ff021  HwiP_init                                                              
700ff1d1  HwiP_inISR                                                             
700ff201  HwiP_setVimIrqPriMaskNonAtomic                                         
700ff251  HwiP_setVimIrqPriMaskAtomic                                            
700ff2f1  HwiP_restoreVimIrqPriMask                                              
700ff301  HwiP_irq_handler_c                                                     
700ff4a1  HwiP_fiq_handler                                                       
700ff611  HwiP_reserved_handler                                                  
700ff651  HwiP_undefined_handler_c                                               
700ff671  HwiP_user_undefined_handler_c                                          
700ff691  HwiP_prefetch_abort_handler_c                                          
700ff731  HwiP_user_prefetch_abort_handler_c                                     
700ff771  HwiP_data_abort_handler_c                                              
700ff831  HwiP_user_data_abort_handler_c                                         
700ff86c  vPortRestoreTaskContext                                                
700ff8a4  HwiP_svc_handler                                                       
700ff914  HwiP_irq_handler                                                       
700ffa58  HwiP_data_abort_handler                                                
700ffa9c  HwiP_prefetch_abort_handler                                            
700ffae8  HwiP_undefined_handler                                                 
700ffb18  GET_DFSR                                                               
700ffb20  GET_ADFSR                                                              
700ffb28  GET_DFAR                                                               
700ffb30  GET_IFSR                                                               
700ffb38  GET_AIFSR                                                              
700ffb40  GET_IFAR                                                               
700ffb48  GET_SPSR                                                               
700ffb5c  HwiP_disable                                                           
700ffb6c  HwiP_disableFIQ                                                        
700ffb7c  HwiP_enable                                                            
700ffb8c  HwiP_enableFIQ                                                         
700ffb9c  HwiP_restore                                                           
700ffba4  HwiP_enableVIC                                                         
700ffbb4  HwiP_disableVIC                                                        
700ffbc4  HwiP_getCPSR                                                           
700ffbd0  CacheP_disableL1d                                                      
700ffbf8  CacheP_disableL1p                                                      
700ffc10  CacheP_enableL1d                                                       
700ffc28  CacheP_enableL1p                                                       
700ffc40  CacheP_invL1d                                                          
700ffc78  CacheP_invL1p                                                          
700ffcb4  CacheP_invL1dAll                                                       
700ffcbc  CacheP_invL1pAll                                                       
700ffcc4  CacheP_wb                                                              
700ffd00  CacheP_wbInv                                                           
700ffd3c  CacheP_wbAll                                                           
700ffde4  CacheP_wbInvAll                                                        
700ffdfc  CacheP_wbInvAllAsm                                                     
700ffe9c  CacheP_getEnabled                                                      
700ffed4  CacheP_getCacheLevelInfo                                               
700ffee0  CacheP_configForceWrThru                                               
700fff00  CacheP_setDLFO                                                         
700fff11  CacheP_init                                                            
700fffa1  CacheP_disable                                                         
700ffff1  CacheP_enable                                                          
70100031  CacheP_inv                                                             
70100071  MpuP_getAttrs                                                          
701000d1  MpuP_RegionAttrs_init                                                  
70100101  MpuP_setRegion                                                         
70100191  MpuP_isEnable                                                          
701001a1  MpuP_disable                                                           
701001e1  MpuP_enable                                                            
70100231  MpuP_init                                                              
701002d1  MpuP_isUserAuthorizedToAccessMemory                                    
701003b0  MpuP_disableAsm                                                        
701003c8  MpuP_disableBRAsm                                                      
701003d8  MpuP_enableAsm                                                         
701003f0  MpuP_enableBRAsm                                                       
70100400  MpuP_isEnableAsm                                                       
70100414  MpuP_setRegionAsm                                                      
70100430  _c_int00_sbl                                                           
70100454  _c_int00                                                               
70100581  _DebugP_assertNoLog                                                    
701005b1  _system_pre_init                                                       
701005e1  __mpu_init                                                             
701005f0  abort                                                                  
701005f8  __IRQ_STACK_START                                                      
701006f8  __FIQ_STACK_START                                                      
701006f8  __IRQ_STACK_END                                                        
701007f8  __FIQ_STACK_END                                                        
701007f8  __SVC_STACK_START                                                      
701017f8  __ABORT_STACK_START                                                    
701017f8  __SVC_STACK_END                                                        
701018f8  __ABORT_STACK_END                                                      
701018f8  __UNDEFINED_STACK_START                                                
701019f8  __UNDEFINED_STACK_END                                                  
70200000  gGatewaySharedMem                                                      
70204d30  dbg_ipc_recv_count                                                     
70204d34  dbg_udp_rx_count                                                       
70204d38  dbg_udp_tx_count                                                       
70204d3c  dbg_error_count                                                        
70204d40  dbg_last_error_code                                                    
70204d44  dbg_imu_frame_count                                                    
70208000  gDebugShmLog                                                           
ffffffff  __TI_pprof_out_hndl                                                    
ffffffff  __TI_prof_data_size                                                    
ffffffff  __TI_prof_data_start                                                   
ffffffff  __binit__                                                              
ffffffff  binit                                                                  
UNDEFED   __TI_CINIT_Base                                                        
UNDEFED   __TI_CINIT_Limit                                                       
UNDEFED   __TI_Handler_Table_Base                                                
UNDEFED   __TI_Handler_Table_Limit                                               
UNDEFED   _system_post_cinit                                                     

[1391 symbols]
