******************************************************************************
            TI ARM Clang Linker PC v4.0.4                      
******************************************************************************
>> Linked Thu Mar 26 09:34:32 2026

OUTPUT FILE NAME:   <ccu_ti_multi_core_freertos.out>
ENTRY POINT SYMBOL: "_vectors"  address: 00000000


MEMORY CONFIGURATION

         name            origin    length      used     unused   attr    fill
----------------------  --------  ---------  --------  --------  ----  --------
  R5F_VECS              00000000   00000040  00000040  00000000  RWIX
  R5F_TCMA              00000040   00007fc0  00000000  00007fc0  RWIX
  R5F_TCMB              00080000   00008000  00000000  00008000  RWIX
  MAILBOX_HSM           44000000   000003ce  00000000  000003ce  RWIX
  MAILBOX_R5F           44000400   000003ce  00000000  000003ce  RWIX
  FLASH                 60100000   00080000  00000000  00080000  RWIX
  SBL                   70000000   00040000  00000000  00040000  RWIX
  OCRAM                 70080000   00080000  000607c0  0001f840  RWIX
  ENET_CPPI_DESC        70100000   00040000  00000000  00040000  RWIX
  USER_SHM_MEM          701d0000   00004000  000001c0  00003e40  RWIX
  LOG_SHM_MEM           701d4000   00004000  00002000  00002000  RWIX
  RTOS_NORTOS_IPC_SHM_M 72000000   00003e80  00000000  00003e80  RWIX


SEGMENT ALLOCATION MAP

run origin  load origin   length   init length attrs members
----------  ----------- ---------- ----------- ----- -------
00000000    00000000    00000040   00000040    r-x
  00000000    00000000    00000040   00000040    r-x .vectors
70080000    70080000    00038680   00000000    rw-
  70080000    70080000    0002c680   00000000    rw- .bss
  700ac680    700ac680    00008000   00000000    rw- .sysmem
  700b4680    700b4680    00004000   00000000    rw- .stack
700b8680    700b8680    00024d98   00024d98    r-x
  700b8680    700b8680    0001f9e0   0001f9e0    r-x .text
  700d8060    700d8060    000053b8   000053b8    r-- .rodata
700dd420    700dd420    000019b8   000019b8    r-x
  700dd420    700dd420    00000f90   00000f90    r-x .text.hwi
  700de3b0    700de3b0    000004a0   000004a0    r-x .text.cache
  700de850    700de850    000003c0   000003c0    r-x .text.mpu
  700dec10    700dec10    000001c0   000001c0    r-x .text.boot
  700dedd0    700dedd0    00000008   00000008    r-x .text:abort
700dedd8    700dedd8    000019f0   000005f0    rw-
  700dedd8    700dedd8    000005f0   000005f0    rw- .data
  700df3c8    700df3c8    00000100   00000000    rw- .irqstack
  700df4c8    700df4c8    00000100   00000000    rw- .fiqstack
  700df5c8    700df5c8    00001000   00000000    rw- .svcstack
  700e05c8    700e05c8    00000100   00000000    rw- .abortstack
  700e06c8    700e06c8    00000100   00000000    rw- .undefinedstack


SECTION ALLOCATION MAP

 output                                  attributes/
section   page    origin      length       input sections
--------  ----  ----------  ----------   ----------------
.vectors   0    00000000    00000040     
                  00000000    00000040     freertos.am263px.r5f.ti-arm-clang.debug.lib : HwiP_armv7r_vectors_freertos_asm.obj (.vectors)

.bss       0    70080000    0002c680     UNINITIALIZED
                  70080000    00012c1f     (.common:memp_memory_POOL_1568_base)
                  70092c1f    0000409f     (.common:memp_memory_POOL_4096_base)
                  70096cbe    00003e9f     (.common:memp_memory_POOL_128_base)
                  7009ab5d    00000001     lwip-freertos.am263px.r5f.ti-arm-clang.debug.lib : dhcp.obj (.bss.dhcp_pcb_refcount)
                  7009ab5e    00000002                                                      : ip4.obj (.bss.ip_id)
                  7009ab60    00002000     main.o (.bss.gMainTaskStack)
                  7009cb60    0000101f     (.common:memp_memory_NETBUF_base)
                  7009db7f    0000101f     (.common:memp_memory_PBUF_base)
                  7009eb9e    0000101f     (.common:memp_memory_TCPIP_MSG_API_base)
                  7009fbbd    0000101f     (.common:memp_memory_TCPIP_MSG_INPKT_base)
                  700a0bdc    0000101f     (.common:memp_memory_TCP_SEG_base)
                  700a1bfb    00000001     lwip-freertos.am263px.r5f.ti-arm-clang.debug.lib : sys_arch.obj (.bss.lwip_core_lock_count)
                  700a1bfc    00000004                                                      : igmp.obj (.bss.allrouters)
                  700a1c00    00001000     freertos.am263px.r5f.ti-arm-clang.debug.lib : DebugP_shmLogReader_freertos.obj (.bss.gDebugShmLogReaderTaskStack)
                  700a2c00    00001000     main.o (.bss.gEnetLwipTaskStack)
                  700a3c00    00001000     main.o (.bss.gUdpRxTaskStack)
                  700a4c00    00001000     main.o (.bss.gUdpTxTaskStack)
                  700a5c00    00001000     freertos.am263px.r5f.ti-arm-clang.debug.lib : port.obj (.bss.uxIdleTaskStack)
                  700a6c00    00000b1f     (.common:memp_memory_SYS_MBOX_base)
                  700a771f    00000001     lwip-freertos.am263px.r5f.ti-arm-clang.debug.lib : tcp_in.obj (.bss.recv_flags)
                  700a7720    0000080c     (.common:gHwiCtrl)
                  700a7f2c    00000014     freertos.am263px.r5f.ti-arm-clang.debug.lib : timers.obj (.bss.xActiveTimerList1)
                  700a7f40    00000800     main.o (.bss.gIpcTaskStack)
                  700a8740    00000800     log_reader_task.o (.bss.gLogReaderTaskStack)
                  700a8f40    00000440     lwip-freertos.am263px.r5f.ti-arm-clang.debug.lib : dns.obj (.bss.dns_table)
                  700a9380    00000400     freertos.am263px.r5f.ti-arm-clang.debug.lib : port.obj (.bss.uxTimerTaskStack)
                  700a9780    000003df     (.common:memp_memory_ARP_QUEUE_base)
                  700a9b5f    0000033f     (.common:memp_memory_TCP_PCB_base)
                  700a9e9e    0000029f     (.common:memp_memory_NETCONN_base)
                  700aa13d    00000001     lwip-freertos.am263px.r5f.ti-arm-clang.debug.lib : tcp.obj (.bss.tcp_timer)
                  700aa13e    00000002                                                      : ip4_frag.obj (.bss.ip_reass_pbufcount)
                  700aa140    00000288     ti_drivers_config.o (.bss.gUartObjects)
                  700aa3c8    00000280     freertos.am263px.r5f.ti-arm-clang.debug.lib : tasks.obj (.bss.pxReadyTasksLists)
                  700aa648    0000023f     (.common:memp_memory_SYS_TIMEOUT_base)
                  700aa887    00000001     lwip-freertos.am263px.r5f.ti-arm-clang.debug.lib : tcp.obj (.bss.tcp_timer_ctr)
                  700aa888    00000204     (.common:lwip_stats)
                  700aaa8c    000001ff     (.common:memp_memory_FRAG_PBUF_base)
                  700aac8b    00000001     (.common:pbuf_free_ooseq_pending)
                  700aac8c    00000178     ti_drivers_config.o (.bss.gI2cObjects)
                  700aae04    0000016c     (.common:gEepromObject_CAT24M)
                  700aaf70    0000015f     (.common:memp_memory_ALTCP_PCB_base)
                  700ab0cf    0000015f     (.common:memp_memory_NETDB_base)
                  700ab22e    0000015f     (.common:memp_memory_REASSDATA_base)
                  700ab38d    0000011f     (.common:memp_memory_IGMP_GROUP_base)
                  700ab4ac    0000011f     (.common:memp_memory_TCP_PCB_LISTEN_base)
                  700ab5cb    0000011f     (.common:memp_memory_UDP_PCB_base)
                  700ab6ea    00000100     freertos.am263px.r5f.ti-arm-clang.debug.lib : timers.obj (.bss.prvCheckForValidListAndQueue.ucStaticTimerQueueStorage)
                  700ab7ea    00000001     (.common:tcp_active_pcbs_changed)
                  700ab7eb    00000001     --HOLE--
                  700ab7ec    00000100     (.common:xQueueRegistry)
                  700ab8ec    000000f0     lwip-freertos.am263px.r5f.ti-arm-clang.debug.lib : etharp.obj (.bss.arp_table)
                  700ab9dc    000000b8     (.common:gIpcNotifyCtrl)
                  700aba94    00000004                                                      : igmp.obj (.bss.allsystems)
                  700aba98    000000a0     (.common:gTaskP_ctrl)
                  700abb38    00000098     freertos.am263px.r5f.ti-arm-clang.debug.lib : DebugP_shmLogReader_freertos.obj (.bss.gDebugShmLogReaderTaskObj)
                  700abbd0    00000098     main.o (.bss.gEnetLwipTaskObj)
                  700abc68    00000098     main.o (.bss.gIpcTaskObj)
                  700abd00    00000098     log_reader_task.o (.bss.gLogReaderTaskObj)
                  700abd98    00000098     main.o (.bss.gMainTaskObj)
                  700abe30    00000098     main.o (.bss.gUdpRxTaskObj)
                  700abec8    00000098     main.o (.bss.gUdpTxTaskObj)
                  700abf60    00000098     freertos.am263px.r5f.ti-arm-clang.debug.lib : port.obj (.bss.xIdleTaskTCB)
                  700abff8    00000098                                                 : port.obj (.bss.xTimerTaskTCB)
                  700ac090    00000094     (.common:gDebugShmLogReaderCtrl)
                  700ac124    0000007f     (.common:memp_memory_RAW_PCB_base)
                  700ac1a3    00000001     --HOLE--
                  700ac1a4    00000058                                                 : DebugP_freertos.obj (.bss.gDebugLogLockObj)
                  700ac1fc    00000050                                                 : timers.obj (.bss.prvCheckForValidListAndQueue.xStaticTimerQueue)
                  700ac24c    00000050     (.common:gRovDummyQueue)
                  700ac29c    00000030     lwip-freertos.am263px.r5f.ti-arm-clang.debug.lib : dns.obj (.bss.dns_requests)
                  700ac2cc    00000030     main.o (.bss.g_motor_states)
                  700ac2fc    00000028     lwip-freertos.am263px.r5f.ti-arm-clang.debug.lib : dhcp.obj (.bss.dhcp_rx_options_val)
                  700ac324    0000001f     (.common:memp_memory_PBUF_POOL_base)
                  700ac343    00000001     --HOLE--
                  700ac344    00000004                                                      : timeouts.obj (.bss.current_timeout_due_time)
                  700ac348    00000018     (.common:gClockCtrl)
                  700ac360    00000018     (.common:ip_data)
                  700ac378    00000014     freertos.am263px.r5f.ti-arm-clang.debug.lib : timers.obj (.bss.xActiveTimerList2)
                  700ac38c    00000014                                                 : tasks.obj (.bss.xDelayedTaskList1)
                  700ac3a0    00000014                                                 : tasks.obj (.bss.xDelayedTaskList2)
                  700ac3b4    00000014                                                 : tasks.obj (.bss.xPendingReadyList)
                  700ac3c8    00000014                                                 : tasks.obj (.bss.xSuspendedTaskList)
                  700ac3dc    00000014                                                 : tasks.obj (.bss.xTasksWaitingTermination)
                  700ac3f0    00000010     lwip-freertos.am263px.r5f.ti-arm-clang.debug.lib : dns.obj (.bss.dns_pcbs)
                  700ac400    00000010                                                      : memp.obj (.bss.memp_stats_ALTCP_PCB)
                  700ac410    00000010                                                      : memp.obj (.bss.memp_stats_ARP_QUEUE)
                  700ac420    00000010                                                      : memp.obj (.bss.memp_stats_FRAG_PBUF)
                  700ac430    00000010                                                      : memp.obj (.bss.memp_stats_IGMP_GROUP)
                  700ac440    00000010                                                      : memp.obj (.bss.memp_stats_NETBUF)
                  700ac450    00000010                                                      : memp.obj (.bss.memp_stats_NETCONN)
                  700ac460    00000010                                                      : memp.obj (.bss.memp_stats_NETDB)
                  700ac470    00000010                                                      : memp.obj (.bss.memp_stats_PBUF)
                  700ac480    00000010                                                      : memp.obj (.bss.memp_stats_PBUF_POOL)
                  700ac490    00000010                                                      : memp.obj (.bss.memp_stats_POOL_128)
                  700ac4a0    00000010                                                      : memp.obj (.bss.memp_stats_POOL_1568)
                  700ac4b0    00000010                                                      : memp.obj (.bss.memp_stats_POOL_4096)
                  700ac4c0    00000010                                                      : memp.obj (.bss.memp_stats_RAW_PCB)
                  700ac4d0    00000010                                                      : memp.obj (.bss.memp_stats_REASSDATA)
                  700ac4e0    00000010                                                      : memp.obj (.bss.memp_stats_SYS_MBOX)
                  700ac4f0    00000010                                                      : memp.obj (.bss.memp_stats_SYS_TIMEOUT)
                  700ac500    00000010                                                      : memp.obj (.bss.memp_stats_TCPIP_MSG_API)
                  700ac510    00000010                                                      : memp.obj (.bss.memp_stats_TCPIP_MSG_INPKT)
                  700ac520    00000010                                                      : memp.obj (.bss.memp_stats_TCP_PCB)
                  700ac530    00000010                                                      : memp.obj (.bss.memp_stats_TCP_PCB_LISTEN)
                  700ac540    00000010                                                      : memp.obj (.bss.memp_stats_TCP_SEG)
                  700ac550    00000010                                                      : memp.obj (.bss.memp_stats_UDP_PCB)
                  700ac560    00000010     (.common:virtToPhymap)
                  700ac570    0000000a                                                      : dhcp.obj (.bss.dhcp_rx_options_given)
                  700ac57a    00000002     --HOLE--
                  700ac57c    00000008                                                      : dns.obj (.bss.dns_servers)
                  700ac584    00000004                                                      : dhcp.obj (.bss.dhcp_create_msg.xid)
                  700ac588    00000004                                                      : dhcp.obj (.bss.dhcp_pcb)
                  700ac58c    00000004                                                      : netif.obj (.bss.ext_callback)
                  700ac590    00000004     freertos.am263px.r5f.ti-arm-clang.debug.lib : DebugP_shmLogReader_freertos.obj (.bss.gDebugShmLogReaderTask)
                  700ac594    00000004                                                 : HwiP_armv7r_handlers_freertos.obj (.bss.gdummy)
                  700ac598    00000004                                                 : HwiP_armv7r_vim.obj (.bss.gdummy)
                  700ac59c    00000004     lwip-freertos.am263px.r5f.ti-arm-clang.debug.lib : ip4.obj (.bss.ip4_default_multicast_netif)
                  700ac5a0    00000004                                                      : sys_arch.obj (.bss.lwip_core_lock_holder_thread)
                  700ac5a4    00000004                                                      : sys_arch.obj (.bss.lwip_tcpip_thread)
                  700ac5a8    00000004                                                      : memp.obj (.bss.memp_tab_ALTCP_PCB)
                  700ac5ac    00000004                                                      : memp.obj (.bss.memp_tab_ARP_QUEUE)
                  700ac5b0    00000004                                                      : memp.obj (.bss.memp_tab_FRAG_PBUF)
                  700ac5b4    00000004                                                      : memp.obj (.bss.memp_tab_IGMP_GROUP)
                  700ac5b8    00000004                                                      : memp.obj (.bss.memp_tab_NETBUF)
                  700ac5bc    00000004                                                      : memp.obj (.bss.memp_tab_NETCONN)
                  700ac5c0    00000004                                                      : memp.obj (.bss.memp_tab_NETDB)
                  700ac5c4    00000004                                                      : memp.obj (.bss.memp_tab_PBUF)
                  700ac5c8    00000004                                                      : memp.obj (.bss.memp_tab_PBUF_POOL)
                  700ac5cc    00000004                                                      : memp.obj (.bss.memp_tab_POOL_128)
                  700ac5d0    00000004                                                      : memp.obj (.bss.memp_tab_POOL_1568)
                  700ac5d4    00000004                                                      : memp.obj (.bss.memp_tab_POOL_4096)
                  700ac5d8    00000004                                                      : memp.obj (.bss.memp_tab_RAW_PCB)
                  700ac5dc    00000004                                                      : memp.obj (.bss.memp_tab_REASSDATA)
                  700ac5e0    00000004                                                      : memp.obj (.bss.memp_tab_SYS_MBOX)
                  700ac5e4    00000004                                                      : memp.obj (.bss.memp_tab_SYS_TIMEOUT)
                  700ac5e8    00000004                                                      : memp.obj (.bss.memp_tab_TCPIP_MSG_API)
                  700ac5ec    00000004                                                      : memp.obj (.bss.memp_tab_TCPIP_MSG_INPKT)
                  700ac5f0    00000004                                                      : memp.obj (.bss.memp_tab_TCP_PCB)
                  700ac5f4    00000004                                                      : memp.obj (.bss.memp_tab_TCP_PCB_LISTEN)
                  700ac5f8    00000004                                                      : memp.obj (.bss.memp_tab_TCP_SEG)
                  700ac5fc    00000004                                                      : memp.obj (.bss.memp_tab_UDP_PCB)
                  700ac600    00000004                                                      : timeouts.obj (.bss.next_timeout)
                  700ac604    00000004     freertos.am263px.r5f.ti-arm-clang.debug.lib : timers.obj (.bss.pxCurrentTimerList)
                  700ac608    00000004                                                 : tasks.obj (.bss.pxDelayedTaskList)
                  700ac60c    00000004                                                 : tasks.obj (.bss.pxOverflowDelayedTaskList)
                  700ac610    00000004                                                 : timers.obj (.bss.pxOverflowTimerList)
                  700ac614    00000004     lwip-freertos.am263px.r5f.ti-arm-clang.debug.lib : raw.obj (.bss.raw_pcbs)
                  700ac618    00000004                                                      : ip4_frag.obj (.bss.reassdatagrams)
                  700ac61c    00000004                                                      : sys_arch.obj (.bss.sys_arch_protect_mutex)
                  700ac620    00000004                                                      : sys_arch.obj (.bss.sys_arch_protect_nesting)
                  700ac624    00000004     libc.a : memory.c.obj (.bss.sys_free)
                  700ac628    00000004     lwip-freertos.am263px.r5f.ti-arm-clang.debug.lib : tcpip.obj (.bss.tcpip_init_done)
                  700ac62c    00000004                                                      : tcpip.obj (.bss.tcpip_init_done_arg)
                  700ac630    00000004                                                      : tcpip.obj (.bss.tcpip_mbox)
                  700ac634    00000004     freertos.am263px.r5f.ti-arm-clang.debug.lib : tasks.obj (.bss.xIdleTaskHandles)
                  700ac638    00000004     (.common:gEepromHandle)
                  700ac63c    00000004     (.common:gI2cHandle)
                  700ac640    00000004     (.common:gUartHandle)
                  700ac644    00000004     (.common:lock_tcpip_core)
                  700ac648    00000004     (.common:netif_default)
                  700ac64c    00000004     (.common:netif_list)
                  700ac650    00000004     (.common:tcp_active_pcbs)
                  700ac654    00000004     (.common:tcp_bound_pcbs)
                  700ac658    00000004     (.common:tcp_input_pcb)
                  700ac65c    00000004     (.common:tcp_listen_pcbs)
                  700ac660    00000004     (.common:tcp_ticks)
                  700ac664    00000004     (.common:tcp_tw_pcbs)
                  700ac668    00000004     (.common:udp_pcbs)
                  700ac66c    00000014     --HOLE--

.sysmem    0    700ac680    00008000     UNINITIALIZED
                  700ac680    00000010     libc.a : memory.c.obj (.sysmem)
                  700ac690    00007ff0     --HOLE--

.stack     0    700b4680    00004000     UNINITIALIZED
                  700b4680    00000004     freertos.am263px.r5f.ti-arm-clang.debug.lib : boot_armv7r_asm.obj (.stack)
                  700b4684    00003ffc     --HOLE--

.text      0    700b8680    0001f9e0     
                  700b8680    00000a34     freertos.am263px.r5f.ti-arm-clang.debug.lib : printf.obj (.text._vsnprintf)
                  700b90b4    0000000c     libclang_rt.builtins.a : aeabi_memset.S.obj (.text.__aeabi_memclr)
                  700b90c0    00000960     lwip-freertos.am263px.r5f.ti-arm-clang.debug.lib : tcp.obj (.text.tcp_slowtmr)
                  700b9a20    000007a4     drivers.am263px.r5f.ti-arm-clang.freertos.debug.lib : i2c_v1_lld.obj (.text.I2C_lld_primeTransferPoll)
                  700ba1c4    0000000c     libc.a : memory.c.obj (.text.malloc)
                  700ba1d0    00000678     drivers.am263px.r5f.ti-arm-clang.freertos.debug.lib : soc_rcm.obj (.text.SOC_rcmGetClkSrcAndDivReg)
                  700ba848    00000008     libsysbm.a : hostexit.c.obj (.text.HOSTexit)
                  700ba850    00000654     lwip-freertos.am263px.r5f.ti-arm-clang.debug.lib : dhcp.obj (.text.dhcp_parse_reply)
                  700baea4    0000000c     freertos.am263px.r5f.ti-arm-clang.debug.lib : CpuId_armv7r_asm.obj (.text)
                  700baeb0    00000638     drivers.am263px.r5f.ti-arm-clang.freertos.debug.lib : soc_rcm.obj (.text.SOC_rcmEnablePeripheralClock)
                  700bb4e8    00000004     libclang_rt.builtins.a : aeabi_div0.c.obj (.text.__aeabi_ldiv0)
                  700bb4ec    00000004                            : aeabi_memcpy.S.obj (.text.__aeabi_memcpy)
                  700bb4f0    000005e2     freertos.am263px.r5f.ti-arm-clang.debug.lib : printf.obj (.text._ftoa)
                  700bbad2    00000002     --HOLE-- [fill = 0]
                  700bbad4    00000004     libc.a : _lock.c.obj (.text._nop)
                  700bbad8    00000008     --HOLE-- [fill = 0]
                  700bbae0    000004d8     lwip-freertos.am263px.r5f.ti-arm-clang.debug.lib : tcp_out.obj (.text.tcp_output)
                  700bbfb8    00000008     --HOLE-- [fill = 0]
                  700bbfc0    000004b0     freertos.am263px.r5f.ti-arm-clang.debug.lib : printf.obj (.text._etoa)
                  700bc470    00000404     drivers.am263px.r5f.ti-arm-clang.freertos.debug.lib : uart_v0.obj (.text.UART_open)
                  700bc874    0000000c     --HOLE-- [fill = 0]
                  700bc880    000003dc                                                         : ipc_notify_v1.obj (.text.IpcNotify_init)
                  700bcc5c    00000004     --HOLE-- [fill = 0]
                  700bcc60    000003ba     lwip-freertos.am263px.r5f.ti-arm-clang.debug.lib : udp.obj (.text.udp_sendto_if_src)
                  700bd01a    00000006     --HOLE-- [fill = 0]
                  700bd020    000003b0                                                      : tcp_out.obj (.text.tcp_split_unsent_seg)
                  700bd3d0    00000380                                                      : ip4_frag.obj (.text.ip4_frag)
                  700bd750    00000356     drivers.am263px.r5f.ti-arm-clang.freertos.debug.lib : i2c_v1.obj (.text.I2C_open)
                  700bdaa6    0000000a     --HOLE-- [fill = 0]
                  700bdab0    00000326     lwip-freertos.am263px.r5f.ti-arm-clang.debug.lib : ip4.obj (.text.ip4_output_if_opt_src)
                  700bddd6    0000000a     --HOLE-- [fill = 0]
                  700bdde0    0000031e                                                      : tcp_out.obj (.text.tcp_enqueue_flags)
                  700be0fe    00000002     --HOLE-- [fill = 0]
                  700be100    00000302     drivers.am263px.r5f.ti-arm-clang.freertos.debug.lib : soc.obj (.text.SOC_virtToPhy)
                  700be402    0000000e     --HOLE-- [fill = 0]
                  700be410    000002f8     lwip-freertos.am263px.r5f.ti-arm-clang.debug.lib : pbuf.obj (.text.pbuf_alloc)
                  700be708    00000008     --HOLE-- [fill = 0]
                  700be710    000002bc                                                      : tcp_out.obj (.text.tcp_output_segment)
                  700be9cc    00000004     --HOLE-- [fill = 0]
                  700be9d0    000002ba     drivers.am263px.r5f.ti-arm-clang.freertos.debug.lib : i2c_v1_lld.obj (.text.I2C_lld_controllerIsr)
                  700bec8a    00000006     --HOLE-- [fill = 0]
                  700bec90    000002ba     lwip-freertos.am263px.r5f.ti-arm-clang.debug.lib : pbuf.obj (.text.pbuf_copy_partial_pbuf)
                  700bef4a    00000006     --HOLE-- [fill = 0]
                  700bef50    0000029a     drivers.am263px.r5f.ti-arm-clang.freertos.debug.lib : i2c_v1_lld.obj (.text.I2C_lld_targetIsr)
                  700bf1ea    00000006     --HOLE-- [fill = 0]
                  700bf1f0    00000296     lwip-freertos.am263px.r5f.ti-arm-clang.debug.lib : tcp.obj (.text.tcp_close_shutdown)
                  700bf486    0000000a     --HOLE-- [fill = 0]
                  700bf490    0000028c     xgw_udp_interface.o (.text.xgw_udp_process_motor_cmd)
                  700bf71c    00000004     --HOLE-- [fill = 0]
                  700bf720    0000027e     drivers.am263px.r5f.ti-arm-clang.freertos.debug.lib : uart_dma_edma.obj (.text.UART_edmaChInit)
                  700bf99e    00000002     --HOLE-- [fill = 0]
                  700bf9a0    00000266     freertos.am263px.r5f.ti-arm-clang.debug.lib : tasks.obj (.text.xTaskIncrementTick)
                  700bfc06    0000000a     --HOLE-- [fill = 0]
                  700bfc10    0000025a     lwip-freertos.am263px.r5f.ti-arm-clang.debug.lib : ip4_frag.obj (.text.ip_reass_free_complete_datagram)
                  700bfe6a    00000006     --HOLE-- [fill = 0]
                  700bfe70    0000025a     freertos.am263px.r5f.ti-arm-clang.debug.lib : tasks.obj (.text.xTaskResumeAll)
                  700c00ca    00000006     --HOLE-- [fill = 0]
                  700c00d0    00000250     drivers.am263px.r5f.ti-arm-clang.freertos.debug.lib : edma.obj (.text.Alloc_resource)
                  700c0320    00000246     lwip-freertos.am263px.r5f.ti-arm-clang.debug.lib : dns.obj (.text.dns_send)
                  700c0566    0000000a     --HOLE-- [fill = 0]
                  700c0570    00000242     drivers.am263px.r5f.ti-arm-clang.freertos.debug.lib : uart_v0_lld.obj (.text.UART_fifoConfig)
                  700c07b2    0000000e     --HOLE-- [fill = 0]
                  700c07c0    0000023e     freertos.am263px.r5f.ti-arm-clang.debug.lib : printf.obj (.text._ntoa_format)
                  700c09fe    00000002     --HOLE-- [fill = 0]
                  700c0a00    0000023c     main.o (.text.ipc_process_task)
                  700c0c3c    00000004     --HOLE-- [fill = 0]
                  700c0c40    0000022a     lwip-freertos.am263px.r5f.ti-arm-clang.debug.lib : dhcp.obj (.text.dhcp_select)
                  700c0e6a    00000006     --HOLE-- [fill = 0]
                  700c0e70    00000226     drivers.am263px.r5f.ti-arm-clang.freertos.debug.lib : uart_dma_edma.obj (.text.UART_lld_dmaDeInit)
                  700c1096    0000000a     --HOLE-- [fill = 0]
                  700c10a0    00000222                                                         : ipc_notify_v1.obj (.text.IpcNotify_isr)
                  700c12c2    0000000e     --HOLE-- [fill = 0]
                  700c12d0    00000220     freertos.am263px.r5f.ti-arm-clang.debug.lib : tasks.obj (.text.vTaskGenericNotifyGiveFromISR)
                  700c14f0    00000220                                                 : queue.obj (.text.xQueueGenericSend)
                  700c1710    0000020a     lwip-freertos.am263px.r5f.ti-arm-clang.debug.lib : tcp.obj (.text.tcp_pcb_remove)
                  700c191a    00000006     --HOLE-- [fill = 0]
                  700c1920    0000020a     freertos.am263px.r5f.ti-arm-clang.debug.lib : queue.obj (.text.xQueueSemaphoreTake)
                  700c1b2a    00000006     --HOLE-- [fill = 0]
                  700c1b30    00000206     lwip-freertos.am263px.r5f.ti-arm-clang.debug.lib : dhcp.obj (.text.dhcp_recv)
                  700c1d36    0000000a     --HOLE-- [fill = 0]
                  700c1d40    000001fe                                                      : pbuf.obj (.text.pbuf_free)
                  700c1f3e    00000002     --HOLE-- [fill = 0]
                  700c1f40    000001f6                                                      : dhcp.obj (.text.dhcp_create_msg)
                  700c2136    0000000a     --HOLE-- [fill = 0]
                  700c2140    000001f2     drivers.am263px.r5f.ti-arm-clang.freertos.debug.lib : i2c_v1.obj (.text.I2C_primeTransfer)
                  700c2332    0000000e     --HOLE-- [fill = 0]
                  700c2340    000001f2                                                         : i2c_v1.obj (.text.I2C_transfer)
                  700c2532    0000000e     --HOLE-- [fill = 0]
                  700c2540    000001ea     lwip-freertos.am263px.r5f.ti-arm-clang.debug.lib : tcp.obj (.text.tcp_abandon)
                  700c272a    00000006     --HOLE-- [fill = 0]
                  700c2730    000001e2                                                      : pbuf.obj (.text.pbuf_realloc)
                  700c2912    0000000e     --HOLE-- [fill = 0]
                  700c2920    000001e0                                                      : dhcp.obj (.text.dhcp_bind)
                  700c2b00    000001d8     freertos.am263px.r5f.ti-arm-clang.debug.lib : queue.obj (.text.xQueueReceive)
                  700c2cd8    00000008     --HOLE-- [fill = 0]
                  700c2ce0    000001d6                                                 : TimerP_rti_priv.obj (.text.TimerP_setupPriv)
                  700c2eb6    0000000a     --HOLE-- [fill = 0]
                  700c2ec0    000001d0     main.o (.text.freertos_main)
                  700c3090    000001c8     lwip-freertos.am263px.r5f.ti-arm-clang.debug.lib : etharp.obj (.text.etharp_raw)
                  700c3258    00000008     --HOLE-- [fill = 0]
                  700c3260    000001c6                                                      : tcp_out.obj (.text.tcp_create_segment)
                  700c3426    0000000a     --HOLE-- [fill = 0]
                  700c3430    000001bc     freertos.am263px.r5f.ti-arm-clang.debug.lib : tasks.obj (.text.xTaskRemoveFromEventList)
                  700c35ec    00000004     --HOLE-- [fill = 0]
                  700c35f0    000001b0     lwip-freertos.am263px.r5f.ti-arm-clang.debug.lib : dns.obj (.text.dns_call_found)
                  700c37a0    000001ac     drivers.am263px.r5f.ti-arm-clang.freertos.debug.lib : uart_v0.obj (.text.UART_close)
                  700c394c    00000004     --HOLE-- [fill = 0]
                  700c3950    000001aa                                                         : uart_dma_edma.obj (.text.UART_lld_dmaWrite)
                  700c3afa    00000006     --HOLE-- [fill = 0]
                  700c3b00    000001aa     lwip-freertos.am263px.r5f.ti-arm-clang.debug.lib : mem.obj (.text.mem_free)
                  700c3caa    00000002     --HOLE-- [fill = 0]
                  700c3cac    000001a8     libc.a : memory.c.obj (.text.free)
                  700c3e54    000001a4            : memory.c.obj (.text.aligned_alloc)
                  700c3ff8    00000008     --HOLE-- [fill = 0]
                  700c4000    000001a4     freertos.am263px.r5f.ti-arm-clang.debug.lib : timers.obj (.text.prvProcessReceivedCommands)
                  700c41a4    0000000c     --HOLE-- [fill = 0]
                  700c41b0    000001a0     drivers.am263px.r5f.ti-arm-clang.freertos.debug.lib : uart_v0.obj (.text.UART_write)
                  700c4350    000001a0     lwip-freertos.am263px.r5f.ti-arm-clang.debug.lib : pbuf.obj (.text.pbuf_take)
                  700c44f0    000001a0     freertos.am263px.r5f.ti-arm-clang.debug.lib : tasks.obj (.text.vTaskSwitchContext)
                  700c4690    0000019a     lwip-freertos.am263px.r5f.ti-arm-clang.debug.lib : dns.obj (.text.dns_check_entry)
                  700c482a    00000006     --HOLE-- [fill = 0]
                  700c4830    0000019a     freertos.am263px.r5f.ti-arm-clang.debug.lib : tasks.obj (.text.vTaskPriorityDisinheritAfterTimeout)
                  700c49ca    00000006     --HOLE-- [fill = 0]
                  700c49d0    00000198     drivers.am263px.r5f.ti-arm-clang.freertos.debug.lib : uart_v0_lld.obj (.text.UART_lld_controllerIsr)
                  700c4b68    00000008     --HOLE-- [fill = 0]
                  700c4b70    00000196     lwip-freertos.am263px.r5f.ti-arm-clang.debug.lib : dhcp.obj (.text.dhcp_reboot)
                  700c4d06    0000000a     --HOLE-- [fill = 0]
                  700c4d10    00000192                                                      : tcp_out.obj (.text.tcp_zero_window_probe)
                  700c4ea2    0000000e     --HOLE-- [fill = 0]
                  700c4eb0    0000018a                                                      : sys_arch.obj (.text.sys_arch_mbox_fetch)
                  700c503a    00000006     --HOLE-- [fill = 0]
                  700c5040    00000188     freertos.am263px.r5f.ti-arm-clang.debug.lib : ClockP_freertos_r5.obj (.text.ClockP_init)
                  700c51c8    00000008     --HOLE-- [fill = 0]
                  700c51d0    00000186     lwip-freertos.am263px.r5f.ti-arm-clang.debug.lib : acd.obj (.text.acd_tmr)
                  700c5356    0000000a     --HOLE-- [fill = 0]
                  700c5360    00000180     main.o (.text.core0_init)
                  700c54e0    00000178     freertos.am263px.r5f.ti-arm-clang.debug.lib : DebugP_shmLogReader.obj (.text.DebugP_shmLogReaderGetString)
                  700c5658    00000008     --HOLE-- [fill = 0]
                  700c5660    00000178     lwip-freertos.am263px.r5f.ti-arm-clang.debug.lib : udp.obj (.text.udp_bind)
                  700c57d8    00000008     --HOLE-- [fill = 0]
                  700c57e0    00000176                                                      : dhcp.obj (.text.dhcp_discover)
                  700c5956    0000000a     --HOLE-- [fill = 0]
                  700c5960    00000176                                                      : icmp.obj (.text.icmp_send_response)
                  700c5ad6    0000000a     --HOLE-- [fill = 0]
                  700c5ae0    00000176                                                      : sys_arch.obj (.text.sys_sem_new)
                  700c5c56    0000000a     --HOLE-- [fill = 0]
                  700c5c60    00000172     board.am263px.r5f.ti-arm-clang.freertos.debug.lib : eeprom_cat24m.obj (.text.EEPROM_CAT24M_write)
                  700c5dd2    0000000e     --HOLE-- [fill = 0]
                  700c5de0    00000172     lwip-freertos.am263px.r5f.ti-arm-clang.debug.lib : ip4.obj (.text.ip4_route)
                  700c5f52    0000000e     --HOLE-- [fill = 0]
                  700c5f60    00000172                                                      : sys_arch.obj (.text.sys_arch_sem_wait)
                  700c60d2    0000000e     --HOLE-- [fill = 0]
                  700c60e0    00000170     freertos.am263px.r5f.ti-arm-clang.debug.lib : queue.obj (.text.xQueueGiveFromISR)
                  700c6250    00000166     drivers.am263px.r5f.ti-arm-clang.freertos.debug.lib : i2c_v1_lld.obj (.text.I2C_lld_primeTransferIntr)
                  700c63b6    0000000a     --HOLE-- [fill = 0]
                  700c63c0    00000166     lwip-freertos.am263px.r5f.ti-arm-clang.debug.lib : mem.obj (.text.mem_malloc)
                  700c6526    0000000a     --HOLE-- [fill = 0]
                  700c6530    00000162     drivers.am263px.r5f.ti-arm-clang.freertos.debug.lib : edma.obj (.text.EDMA_unregisterIntr)
                  700c6692    0000000e     --HOLE-- [fill = 0]
                  700c66a0    00000162     xgw_udp_interface.o (.text.xgw_udp_send_motor_states)
                  700c6802    0000000e     --HOLE-- [fill = 0]
                  700c6810    00000160     drivers.am263px.r5f.ti-arm-clang.freertos.debug.lib : i2c_v1_lld.obj (.text.I2C_lld_init)
                  700c6970    00000160     lwip-freertos.am263px.r5f.ti-arm-clang.debug.lib : inet_chksum.obj (.text.inet_cksum_pseudo_partial_base)
                  700c6ad0    0000015e                                                      : dhcp.obj (.text.dhcp_renew)
                  700c6c2e    00000002     --HOLE-- [fill = 0]
                  700c6c30    0000015e     xgw_udp_interface.o (.text.xgw_udp_start)
                  700c6d8e    00000002     --HOLE-- [fill = 0]
                  700c6d90    0000015c     main.o (.text.build_and_send_udp_packet)
                  700c6eec    00000004     --HOLE-- [fill = 0]
                  700c6ef0    0000015c     lwip-freertos.am263px.r5f.ti-arm-clang.debug.lib : dhcp.obj (.text.dhcp_rebind)
                  700c704c    00000004     --HOLE-- [fill = 0]
                  700c7050    0000015c     freertos.am263px.r5f.ti-arm-clang.debug.lib : tasks.obj (.text.prvAddNewTaskToReadyList)
                  700c71ac    00000004     --HOLE-- [fill = 0]
                  700c71b0    0000015c                                                 : tasks.obj (.text.xTaskPriorityInherit)
                  700c730c    00000004     --HOLE-- [fill = 0]
                  700c7310    0000015a     lwip-freertos.am263px.r5f.ti-arm-clang.debug.lib : dhcp.obj (.text.dhcp_start)
                  700c746a    00000006     --HOLE-- [fill = 0]
                  700c7470    00000158     drivers.am263px.r5f.ti-arm-clang.freertos.debug.lib : soc.obj (.text.SOC_controlModuleUnlockMMR)
                  700c75c8    00000008     --HOLE-- [fill = 0]
                  700c75d0    00000158     lwip-freertos.am263px.r5f.ti-arm-clang.debug.lib : dhcp.obj (.text.dhcp_handle_ack)
                  700c7728    00000008     --HOLE-- [fill = 0]
                  700c7730    00000158                                                      : etharp.obj (.text.etharp_tmr)
                  700c7888    00000008     --HOLE-- [fill = 0]
                  700c7890    00000152     drivers.am263px.r5f.ti-arm-clang.freertos.debug.lib : uart_v0_lld.obj (.text.UART_lld_initDma)
                  700c79e2    0000000e     --HOLE-- [fill = 0]
                  700c79f0    0000014e     lwip-freertos.am263px.r5f.ti-arm-clang.debug.lib : sys_arch.obj (.text.sys_arch_unprotect)
                  700c7b3e    00000002     --HOLE-- [fill = 0]
                  700c7b40    0000014e     freertos.am263px.r5f.ti-arm-clang.debug.lib : tasks.obj (.text.xTaskPriorityDisinherit)
                  700c7c8e    00000002     --HOLE-- [fill = 0]
                  700c7c90    0000014c                                                 : queue.obj (.text.xQueueReceiveFromISR)
                  700c7ddc    00000004     --HOLE-- [fill = 0]
                  700c7de0    00000148     lwip-freertos.am263px.r5f.ti-arm-clang.debug.lib : netif.obj (.text.netif_set_addr)
                  700c7f28    00000008     --HOLE-- [fill = 0]
                  700c7f30    00000148                                                      : udp.obj (.text.udp_sendto)
                  700c8078    00000008     --HOLE-- [fill = 0]
                  700c8080    00000144     freertos.am263px.r5f.ti-arm-clang.debug.lib : tasks.obj (.text.prvInitialiseNewTask)
                  700c81c4    0000000c     --HOLE-- [fill = 0]
                  700c81d0    00000144     lwip-freertos.am263px.r5f.ti-arm-clang.debug.lib : tcp.obj (.text.tcp_close_shutdown_fin)
                  700c8314    0000000c     --HOLE-- [fill = 0]
                  700c8320    00000140                                                      : pbuf.obj (.text.pbuf_cat)
                  700c8460    0000013e     drivers.am263px.r5f.ti-arm-clang.freertos.debug.lib : i2c_v1.obj (.text.I2C_mem_primeTransfer)
                  700c859e    00000002     --HOLE-- [fill = 0]
                  700c85a0    0000013e     lwip-freertos.am263px.r5f.ti-arm-clang.debug.lib : pbuf.obj (.text.pbuf_copy_partial)
                  700c86de    00000002     --HOLE-- [fill = 0]
                  700c86e0    0000013a     drivers.am263px.r5f.ti-arm-clang.freertos.debug.lib : edma.obj (.text.EDMA_isDmaChannelAllocated)
                  700c881a    00000006     --HOLE-- [fill = 0]
                  700c8820    0000013a                                                         : i2c_v1_lld.obj (.text.I2C_lld_mem_write)
                  700c895a    00000006     --HOLE-- [fill = 0]
                  700c8960    0000013a     lwip-freertos.am263px.r5f.ti-arm-clang.debug.lib : dhcp.obj (.text.dhcp_release_and_stop)
                  700c8a9a    00000006     --HOLE-- [fill = 0]
                  700c8aa0    00000138     freertos.am263px.r5f.ti-arm-clang.debug.lib : printf.obj (.text._ntoa_long_long)
                  700c8bd8    00000008     --HOLE-- [fill = 0]
                  700c8be0    00000136     drivers.am263px.r5f.ti-arm-clang.freertos.debug.lib : uart_v0_lld.obj (.text.UART_procLineStatusErr)
                  700c8d16    0000000a     --HOLE-- [fill = 0]
                  700c8d20    00000136     lwip-freertos.am263px.r5f.ti-arm-clang.debug.lib : tcp_out.obj (.text.tcp_rst_common)
                  700c8e56    0000000a     --HOLE-- [fill = 0]
                  700c8e60    00000134     drivers.am263px.r5f.ti-arm-clang.freertos.debug.lib : edma.obj (.text.EDMA_registerIntr)
                  700c8f94    0000000c     --HOLE-- [fill = 0]
                  700c8fa0    00000134                                                         : uart_v0_lld.obj (.text.UART_writePolling)
                  700c90d4    0000000c     --HOLE-- [fill = 0]
                  700c90e0    00000134     freertos.am263px.r5f.ti-arm-clang.debug.lib : tasks.obj (.text.vTaskDelete)
                  700c9214    0000000c     --HOLE-- [fill = 0]
                  700c9220    0000012e     lwip-freertos.am263px.r5f.ti-arm-clang.debug.lib : igmp.obj (.text.igmp_send)
                  700c934e    00000002     --HOLE-- [fill = 0]
                  700c9350    0000012c     drivers.am263px.r5f.ti-arm-clang.freertos.debug.lib : i2c_v1_lld.obj (.text.I2C_lld_mem_read)
                  700c947c    00000004     --HOLE-- [fill = 0]
                  700c9480    0000012c                                                         : uart_v0_lld.obj (.text.UART_lld_init)
                  700c95ac    00000004     --HOLE-- [fill = 0]
                  700c95b0    0000012c     freertos.am263px.r5f.ti-arm-clang.debug.lib : tasks.obj (.text.ulTaskGenericNotifyTake)
                  700c96dc    00000004     --HOLE-- [fill = 0]
                  700c96e0    00000128     drivers.am263px.r5f.ti-arm-clang.freertos.debug.lib : i2c_v1_lld.obj (.text.I2C_lld_mem_writeIntr)
                  700c9808    00000008     --HOLE-- [fill = 0]
                  700c9810    00000128     freertos.am263px.r5f.ti-arm-clang.debug.lib : port.obj (.text.pxPortInitialiseStack)
                  700c9938    00000008     --HOLE-- [fill = 0]
                  700c9940    00000126     drivers.am263px.r5f.ti-arm-clang.freertos.debug.lib : soc.obj (.text.SOC_controlModuleLockMMR)
                  700c9a66    0000000a     --HOLE-- [fill = 0]
                  700c9a70    00000126     lwip-freertos.am263px.r5f.ti-arm-clang.debug.lib : pbuf.obj (.text.pbuf_take_at)
                  700c9b96    0000000a     --HOLE-- [fill = 0]
                  700c9ba0    00000126                                                      : timeouts.obj (.text.sys_timeout_abs)
                  700c9cc6    0000000a     --HOLE-- [fill = 0]
                  700c9cd0    00000120     drivers.am263px.r5f.ti-arm-clang.freertos.debug.lib : soc_rcm.obj (.text.SOC_rcmGetPeripheralClockFrequency)
                  700c9df0    0000011e     lwip-freertos.am263px.r5f.ti-arm-clang.debug.lib : pbuf.obj (.text.pbuf_add_header_impl)
                  700c9f0e    00000002     --HOLE-- [fill = 0]
                  700c9f10    0000011e     freertos.am263px.r5f.ti-arm-clang.debug.lib : tasks.obj (.text.xTaskDelayUntil)
                  700ca02e    00000002     --HOLE-- [fill = 0]
                  700ca030    0000011c     drivers.am263px.r5f.ti-arm-clang.freertos.debug.lib : uart_dma_edma.obj (.text.UART_lld_dmaRead)
                  700ca14c    00000004     --HOLE-- [fill = 0]
                  700ca150    0000011c     lwip-freertos.am263px.r5f.ti-arm-clang.debug.lib : tcp_out.obj (.text.tcp_rexmit_rto_prepare)
                  700ca26c    00000004     --HOLE-- [fill = 0]
                  700ca270    0000011a     drivers.am263px.r5f.ti-arm-clang.freertos.debug.lib : i2c_v1_lld.obj (.text.I2C_lld_mem_readIntr)
                  700ca38a    00000006     --HOLE-- [fill = 0]
                  700ca390    00000118     lwip-freertos.am263px.r5f.ti-arm-clang.debug.lib : sys_arch.obj (.text.sys_mbox_trypost)
                  700ca4a8    00000008     --HOLE-- [fill = 0]
                  700ca4b0    00000118                                                      : tcp.obj (.text.tcp_process_refused_data)
                  700ca5c8    00000008     --HOLE-- [fill = 0]
                  700ca5d0    00000118                                                      : tcp.obj (.text.tcp_update_rcv_ann_wnd)
                  700ca6e8    00000118     libclang_rt.builtins.a : udivmoddi4.S.obj (.text)
                  700ca800    00000116     drivers.am263px.r5f.ti-arm-clang.freertos.debug.lib : edma.obj (.text.EDMA_isTccAllocated)
                  700ca916    0000000a     --HOLE-- [fill = 0]
                  700ca920    00000116                                                         : uart_v0_lld.obj (.text.UART_divisorLatchWrite)
                  700caa36    0000000a     --HOLE-- [fill = 0]
                  700caa40    00000114     freertos.am263px.r5f.ti-arm-clang.debug.lib : printf.obj (.text._ntoa_long)
                  700cab54    0000000c     --HOLE-- [fill = 0]
                  700cab60    00000110                                                 : DebugP_shmLogReader.obj (.text.DebugP_shmLogRead)
                  700cac70    00000110                                                 : DebugP_shmLogReader.obj (.text.DebugP_shmLogReaderTaskMain)
                  700cad80    00000110     xgw_udp_interface.o (.text.xgw_udp_recv_callback)
                  700cae90    0000010e     drivers.am263px.r5f.ti-arm-clang.freertos.debug.lib : soc_rcm.obj (.text.SOC_rcmADPLLJGetFOut)
                  700caf9e    00000002     --HOLE-- [fill = 0]
                  700cafa0    0000010e     lwip-freertos.am263px.r5f.ti-arm-clang.debug.lib : netif.obj (.text.netif_do_set_ipaddr)
                  700cb0ae    00000002     --HOLE-- [fill = 0]
                  700cb0b0    0000010e                                                      : udp.obj (.text.udp_sendto_if)
                  700cb1be    00000002     --HOLE-- [fill = 0]
                  700cb1c0    0000010e     freertos.am263px.r5f.ti-arm-clang.debug.lib : queue.obj (.text.xQueueGenericReset)
                  700cb2ce    00000002     --HOLE-- [fill = 0]
                  700cb2d0    0000010c     lwip-freertos.am263px.r5f.ti-arm-clang.debug.lib : sys_arch.obj (.text.sys_arch_protect)
                  700cb3dc    00000004     --HOLE-- [fill = 0]
                  700cb3e0    0000010c                                                      : udp.obj (.text.udp_connect)
                  700cb4ec    00000004     --HOLE-- [fill = 0]
                  700cb4f0    0000010a     drivers.am263px.r5f.ti-arm-clang.freertos.debug.lib : ipc_notify_v1.obj (.text.IpcNotify_sendMsg)
                  700cb5fa    00000006     --HOLE-- [fill = 0]
                  700cb600    00000108     lwip-freertos.am263px.r5f.ti-arm-clang.debug.lib : sys_arch.obj (.text.sys_mbox_new)
                  700cb708    00000008     --HOLE-- [fill = 0]
                  700cb710    00000108                                                      : tcp_out.obj (.text.tcp_output_alloc_header_common)
                  700cb818    00000008     --HOLE-- [fill = 0]
                  700cb820    00000106     freertos.am263px.r5f.ti-arm-clang.debug.lib : tasks.obj (.text.prvAddCurrentTaskToDelayedList)
                  700cb926    0000000a     --HOLE-- [fill = 0]
                  700cb930    00000104     drivers.am263px.r5f.ti-arm-clang.freertos.debug.lib : i2c_v1.obj (.text.I2C_close)
                  700cba34    0000000c     --HOLE-- [fill = 0]
                  700cba40    00000104                                                         : uart_v0_lld.obj (.text.UART_configInstance)
                  700cbb44    0000000c     --HOLE-- [fill = 0]
                  700cbb50    000000fe     lwip-freertos.am263px.r5f.ti-arm-clang.debug.lib : tcp_out.obj (.text.tcp_send_empty_ack)
                  700cbc4e    00000002     --HOLE-- [fill = 0]
                  700cbc50    000000f4     freertos.am263px.r5f.ti-arm-clang.debug.lib : tasks.obj (.text.prvCreateStaticTask)
                  700cbd44    0000000c     --HOLE-- [fill = 0]
                  700cbd50    000000f4     lwip-freertos.am263px.r5f.ti-arm-clang.debug.lib : tcp_out.obj (.text.tcp_output_control_segment_netif)
                  700cbe44    0000000c     --HOLE-- [fill = 0]
                  700cbe50    000000f0     drivers.am263px.r5f.ti-arm-clang.freertos.debug.lib : i2c_v1.obj (.text.I2C_LLD_targetTransferCompleteCallback)
                  700cbf40    000000f0     lwip-freertos.am263px.r5f.ti-arm-clang.debug.lib : sys_arch.obj (.text.sys_sem_signal)
                  700cc030    000000ec     freertos.am263px.r5f.ti-arm-clang.debug.lib : queue.obj (.text.xQueueGenericCreateStatic)
                  700cc11c    00000004     --HOLE-- [fill = 0]
                  700cc120    000000ea     drivers.am263px.r5f.ti-arm-clang.freertos.debug.lib : i2c_v1_lld.obj (.text.I2C_lld_targetTransferIntr)
                  700cc20a    00000006     --HOLE-- [fill = 0]
                  700cc210    000000e8     lwip-freertos.am263px.r5f.ti-arm-clang.debug.lib : tcp.obj (.text.tcp_recved)
                  700cc2f8    00000008     --HOLE-- [fill = 0]
                  700cc300    000000e8                                                      : tcpip.obj (.text.tcpip_init)
                  700cc3e8    00000008     --HOLE-- [fill = 0]
                  700cc3f0    000000e6     drivers.am263px.r5f.ti-arm-clang.freertos.debug.lib : soc_rcm.obj (.text.SOC_rcmGetCoreFout)
                  700cc4d6    0000000a     --HOLE-- [fill = 0]
                  700cc4e0    000000e6                                                         : soc_rcm.obj (.text.SOC_rcmGetPerFout)
                  700cc5c6    0000000a     --HOLE-- [fill = 0]
                  700cc5d0    000000e6     lwip-freertos.am263px.r5f.ti-arm-clang.debug.lib : tcp.obj (.text.tcp_fasttmr)
                  700cc6b6    0000000a     --HOLE-- [fill = 0]
                  700cc6c0    000000e4     drivers.am263px.r5f.ti-arm-clang.freertos.debug.lib : edma.obj (.text.EDMA_freeChannelRegion)
                  700cc7a4    0000000c     --HOLE-- [fill = 0]
                  700cc7b0    000000e2                                                         : edma.obj (.text.EDMA_freeParam)
                  700cc892    0000000e     --HOLE-- [fill = 0]
                  700cc8a0    000000e2     lwip-freertos.am263px.r5f.ti-arm-clang.debug.lib : dhcp.obj (.text.dhcp_inc_pcb_refcount)
                  700cc982    0000000e     --HOLE-- [fill = 0]
                  700cc990    000000e2                                                      : sys_arch.obj (.text.sys_mutex_lock)
                  700cca72    0000000e     --HOLE-- [fill = 0]
                  700cca80    000000e0     drivers.am263px.r5f.ti-arm-clang.freertos.debug.lib : edma.obj (.text.EDMA_freeDmaChannel)
                  700ccb60    000000e0                                                         : edma.obj (.text.EDMA_freeTcc)
                  700ccc40    000000e0     freertos.am263px.r5f.ti-arm-clang.debug.lib : tasks.obj (.text.xTaskCheckForTimeOut)
                  700ccd20    000000de     drivers.am263px.r5f.ti-arm-clang.freertos.debug.lib : uart_v0_lld.obj (.text.UART_intrEnable)
                  700ccdfe    00000002     --HOLE-- [fill = 0]
                  700cce00    000000de     lwip-freertos.am263px.r5f.ti-arm-clang.debug.lib : sys_arch.obj (.text.sys_mutex_unlock)
                  700ccede    00000002     --HOLE-- [fill = 0]
                  700ccee0    000000da     drivers.am263px.r5f.ti-arm-clang.freertos.debug.lib : uart_v0_lld.obj (.text.UART_intrDisable)
                  700ccfba    00000006     --HOLE-- [fill = 0]
                  700ccfc0    000000da     lwip-freertos.am263px.r5f.ti-arm-clang.debug.lib : ethernet.obj (.text.ethernet_output)
                  700cd09a    00000006     --HOLE-- [fill = 0]
                  700cd0a0    000000d8                                                      : tcp.obj (.text.tcp_eff_send_mss_netif)
                  700cd178    00000008     --HOLE-- [fill = 0]
                  700cd180    000000d2     drivers.am263px.r5f.ti-arm-clang.freertos.debug.lib : uart_v0_lld.obj (.text.UART_lld_write)
                  700cd252    0000000e     --HOLE-- [fill = 0]
                  700cd260    000000d0     freertos.am263px.r5f.ti-arm-clang.debug.lib : AddrTranslateP_32bit.obj (.text.AddrTranslateP_getLocalAddr)
                  700cd330    000000d0     lwip-freertos.am263px.r5f.ti-arm-clang.debug.lib : dhcp.obj (.text.dhcp_conflict_callback)
                  700cd400    000000ce     drivers.am263px.r5f.ti-arm-clang.freertos.debug.lib : edma.obj (.text.EDMA_disableChInShadowRegRegion)
                  700cd4ce    00000002     --HOLE-- [fill = 0]
                  700cd4d0    000000ce                                                         : uart_v0_lld.obj (.text.UART_lld_writeDma)
                  700cd59e    00000002     --HOLE-- [fill = 0]
                  700cd5a0    000000ce     lwip-freertos.am263px.r5f.ti-arm-clang.debug.lib : tcp_out.obj (.text.tcp_output_fill_options)
                  700cd66e    00000002     --HOLE-- [fill = 0]
                  700cd670    000000cc     drivers.am263px.r5f.ti-arm-clang.freertos.debug.lib : edma.obj (.text.EDMA_enableChInShadowRegRegion)
                  700cd73c    00000004     --HOLE-- [fill = 0]
                  700cd740    000000cc     freertos.am263px.r5f.ti-arm-clang.debug.lib : queue.obj (.text.prvCopyDataToQueue)
                  700cd80c    00000004     --HOLE-- [fill = 0]
                  700cd810    000000ca                                                 : ClockP_freertos.obj (.text.ClockP_getTimeUsec)
                  700cd8da    00000006     --HOLE-- [fill = 0]
                  700cd8e0    000000ca     lwip-freertos.am263px.r5f.ti-arm-clang.debug.lib : dhcp.obj (.text.dhcp_decline)
                  700cd9aa    00000006     --HOLE-- [fill = 0]
                  700cd9b0    000000ca                                                      : sys_arch.obj (.text.sys_thread_new)
                  700cda7a    00000006     --HOLE-- [fill = 0]
                  700cda80    000000ca                                                      : tcp.obj (.text.tcp_backlog_accepted)
                  700cdb4a    00000006     --HOLE-- [fill = 0]
                  700cdb50    000000c8     freertos.am263px.r5f.ti-arm-clang.debug.lib : tasks.obj (.text.prvCreateIdleTasks)
                  700cdc18    00000008     --HOLE-- [fill = 0]
                  700cdc20    000000c8     xgw_udp_interface.o (.text.xgw_udp_process_motor_set)
                  700cdce8    00000008     --HOLE-- [fill = 0]
                  700cdcf0    000000c6     drivers.am263px.r5f.ti-arm-clang.freertos.debug.lib : uart_v0_lld.obj (.text.UART_lld_writeIntr)
                  700cddb6    0000000a     --HOLE-- [fill = 0]
                  700cddc0    000000c6     lwip-freertos.am263px.r5f.ti-arm-clang.debug.lib : tcp.obj (.text.tcp_pcb_purge)
                  700cde86    0000000a     --HOLE-- [fill = 0]
                  700cde90    000000c4     drivers.am263px.r5f.ti-arm-clang.freertos.debug.lib : edma.obj (.text.EDMA_mapChToEvtQ)
                  700cdf54    0000000c     --HOLE-- [fill = 0]
                  700cdf60    000000c4     board.am263px.r5f.ti-arm-clang.freertos.debug.lib : eeprom_cat24m.obj (.text.EEPROM_CAT24M_read)
                  700ce024    0000000c     --HOLE-- [fill = 0]
                  700ce030    000000c4     lwip-freertos.am263px.r5f.ti-arm-clang.debug.lib : tcp_out.obj (.text.tcp_keepalive)
                  700ce0f4    0000000c     --HOLE-- [fill = 0]
                  700ce100    000000c4                                                      : tcp.obj (.text.tcp_listen_closed)
                  700ce1c4    0000000c     --HOLE-- [fill = 0]
                  700ce1d0    000000c4                                                      : tcp_out.obj (.text.tcp_send_fin)
                  700ce294    0000000c     --HOLE-- [fill = 0]
                  700ce2a0    000000c2     gateway_shared.o (.text.gateway_core0_ipc_callback)
                  700ce362    0000000e     --HOLE-- [fill = 0]
                  700ce370    000000c2     freertos.am263px.r5f.ti-arm-clang.debug.lib : queue.obj (.text.vQueueAddToRegistry)
                  700ce432    0000000e     --HOLE-- [fill = 0]
                  700ce440    000000c0     drivers.am263px.r5f.ti-arm-clang.freertos.debug.lib : edma.obj (.text.EDMA_configureChannelRegion)
                  700ce500    000000c0                                                         : soc_rcm.obj (.text.SOC_rcmGetPerHSDivOut)
                  700ce5c0    000000c0                                                         : uart_v0.obj (.text.UART_flushTxFifo)
                  700ce680    000000c0     freertos.am263px.r5f.ti-arm-clang.debug.lib : printf.obj (.text._out_rev)
                  700ce740    000000c0     lwip-freertos.am263px.r5f.ti-arm-clang.debug.lib : inet_chksum.obj (.text.inet_cksum_pseudo_base)
                  700ce800    000000be                                                      : memp.obj (.text.do_memp_malloc_pool)
                  700ce8be    00000002     --HOLE-- [fill = 0]
                  700ce8c0    000000ba     drivers.am263px.r5f.ti-arm-clang.freertos.debug.lib : ipc_notify_v1.obj (.text.IpcNotify_waitSync)
                  700ce97a    00000006     --HOLE-- [fill = 0]
                  700ce980    000000ba     lwip-freertos.am263px.r5f.ti-arm-clang.debug.lib : dhcp.obj (.text.dhcp_coarse_tmr)
                  700cea3a    00000006     --HOLE-- [fill = 0]
                  700cea40    000000ba     freertos.am263px.r5f.ti-arm-clang.debug.lib : PmuP_armv7r.obj (.text.pmu)
                  700ceafa    00000006     --HOLE-- [fill = 0]
                  700ceb00    000000ba     lwip-freertos.am263px.r5f.ti-arm-clang.debug.lib : sys_arch.obj (.text.sys_mutex_new)
                  700cebba    00000006     --HOLE-- [fill = 0]
                  700cebc0    000000b6     drivers.am263px.r5f.ti-arm-clang.freertos.debug.lib : uart_v0_lld.obj (.text.UART_fifoWrite)
                  700cec76    0000000a     --HOLE-- [fill = 0]
                  700cec80    000000b6     gateway_shared.o (.text.gateway_write_motor_commands)
                  700ced36    0000000a     --HOLE-- [fill = 0]
                  700ced40    000000b4     lwip-freertos.am263px.r5f.ti-arm-clang.debug.lib : etharp.obj (.text.free_etharp_q)
                  700cedf4    0000000c     --HOLE-- [fill = 0]
                  700cee00    000000b4                                                      : sys_arch.obj (.text.sys_sem_free)
                  700ceeb4    0000000c     --HOLE-- [fill = 0]
                  700ceec0    000000b4                                                      : timeouts.obj (.text.sys_timeouts_sleeptime)
                  700cef74    0000000c     --HOLE-- [fill = 0]
                  700cef80    000000b2                                                      : ip4_frag.obj (.text.ipfrag_free_pbuf_custom)
                  700cf032    0000000e     --HOLE-- [fill = 0]
                  700cf040    000000b0     drivers.am263px.r5f.ti-arm-clang.freertos.debug.lib : soc_rcm.obj (.text.SOC_rcmSetPeripheralClock)
                  700cf0f0    000000b0                                                         : uart_v0.obj (.text.UART_init)
                  700cf1a0    000000b0     lwip-freertos.am263px.r5f.ti-arm-clang.debug.lib : tcpip.obj (.text.tcpip_thread_handle_msg)
                  700cf250    000000ae     main.o (.text.ipc_notify_callback_fxn)
                  700cf2fe    00000002     --HOLE-- [fill = 0]
                  700cf300    000000ae     freertos.am263px.r5f.ti-arm-clang.debug.lib : queue.obj (.text.prvUnlockQueue)
                  700cf3ae    00000002     --HOLE-- [fill = 0]
                  700cf3b0    000000ae     lwip-freertos.am263px.r5f.ti-arm-clang.debug.lib : tcpip.obj (.text.tcpip_try_callback)
                  700cf45e    00000002     --HOLE-- [fill = 0]
                  700cf460    000000ae     freertos.am263px.r5f.ti-arm-clang.debug.lib : tasks.obj (.text.vTaskExitCritical)
                  700cf50e    00000002     --HOLE-- [fill = 0]
                  700cf510    000000ac                                                 : queue.obj (.text.xQueueGenericCreate)
                  700cf5bc    00000004     --HOLE-- [fill = 0]
                  700cf5c0    000000aa     lwip-freertos.am263px.r5f.ti-arm-clang.debug.lib : inet_chksum.obj (.text.lwip_standard_chksum)
                  700cf66a    00000006     --HOLE-- [fill = 0]
                  700cf670    000000aa     xgw_protocol.o (.text.xgw_crc32_calculate)
                  700cf71a    00000006     --HOLE-- [fill = 0]
                  700cf720    000000a8     ti_board_open_close.o (.text.Board_eepromOpen)
                  700cf7c8    00000008     --HOLE-- [fill = 0]
                  700cf7d0    000000a8     ti_drivers_open_close.o (.text.Drivers_i2cOpen)
                  700cf878    00000008     --HOLE-- [fill = 0]
                  700cf880    000000a8     ti_drivers_open_close.o (.text.Drivers_uartOpen)
                  700cf928    00000008     --HOLE-- [fill = 0]
                  700cf930    000000a8     lwip-freertos.am263px.r5f.ti-arm-clang.debug.lib : acd.obj (.text.acd_add)
                  700cf9d8    00000008     --HOLE-- [fill = 0]
                  700cf9e0    000000a6                                                      : dhcp.obj (.text.dhcp_option_long)
                  700cfa86    0000000a     --HOLE-- [fill = 0]
                  700cfa90    000000a4                                                      : pbuf.obj (.text.pbuf_alloc_reference)
                  700cfb34    000000a4     libc.a : memory.c.obj (.text.split)
                  700cfbd8    00000008     --HOLE-- [fill = 0]
                  700cfbe0    000000a4     lwip-freertos.am263px.r5f.ti-arm-clang.debug.lib : tcp_out.obj (.text.tcp_output_alloc_header)
                  700cfc84    0000000c     --HOLE-- [fill = 0]
                  700cfc90    000000a2     freertos.am263px.r5f.ti-arm-clang.debug.lib : timers.obj (.text.prvCheckForValidListAndQueue)
                  700cfd32    0000000e     --HOLE-- [fill = 0]
                  700cfd40    000000a0     drivers.am263px.r5f.ti-arm-clang.freertos.debug.lib : soc_rcm.obj (.text.SOC_rcmGetCoreHSDivOut)
                  700cfde0    000000a0     lwip-freertos.am263px.r5f.ti-arm-clang.debug.lib : etharp.obj (.text.etharp_free_entry)
                  700cfe80    0000009e     freertos.am263px.r5f.ti-arm-clang.debug.lib : timers.obj (.text.xTimerCreateTimerTask)
                  700cff1e    00000002     --HOLE-- [fill = 0]
                  700cff20    0000009c     gateway_shared.o (.text.gateway_read_motor_states)
                  700cffbc    00000004     --HOLE-- [fill = 0]
                  700cffc0    0000009a     lwip-freertos.am263px.r5f.ti-arm-clang.debug.lib : udp.obj (.text.udp_new_port)
                  700d005a    00000006     --HOLE-- [fill = 0]
                  700d0060    00000098     drivers.am263px.r5f.ti-arm-clang.freertos.debug.lib : ipc_notify_v1.obj (.text.IpcNotify_registerClient)
                  700d00f8    00000008     --HOLE-- [fill = 0]
                  700d0100    00000098     lwip-freertos.am263px.r5f.ti-arm-clang.debug.lib : netif.obj (.text.netif_issue_reports)
                  700d0198    00000008     --HOLE-- [fill = 0]
                  700d01a0    00000098                                                      : pbuf.obj (.text.pbuf_alloced_custom)
                  700d0238    00000008     --HOLE-- [fill = 0]
                  700d0240    00000096     drivers.am263px.r5f.ti-arm-clang.freertos.debug.lib : uart_v0_lld.obj (.text.UART_subConfigTCRTLRModeEn)
                  700d02d6    0000000a     --HOLE-- [fill = 0]
                  700d02e0    00000096     lwip-freertos.am263px.r5f.ti-arm-clang.debug.lib : udp.obj (.text.udp_remove)
                  700d0376    0000000a     --HOLE-- [fill = 0]
                  700d0380    00000094                                                      : acd.obj (.text.acd_remove)
                  700d0414    0000000c     --HOLE-- [fill = 0]
                  700d0420    00000094                                                      : netif.obj (.text.netif_do_set_gw)
                  700d04b4    0000000c     --HOLE-- [fill = 0]
                  700d04c0    00000094                                                      : netif.obj (.text.netif_do_set_netmask)
                  700d0554    0000000c     --HOLE-- [fill = 0]
                  700d0560    00000094                                                      : tcp_out.obj (.text.tcp_output_control_segment)
                  700d05f4    0000000c     --HOLE-- [fill = 0]
                  700d0600    00000094     freertos.am263px.r5f.ti-arm-clang.debug.lib : tasks.obj (.text.vTaskStartScheduler)
                  700d0694    0000000c     --HOLE-- [fill = 0]
                  700d06a0    00000092     drivers.am263px.r5f.ti-arm-clang.freertos.debug.lib : edma.obj (.text.EDMA_unmapChToEvtQ)
                  700d0732    0000000e     --HOLE-- [fill = 0]
                  700d0740    00000092                                                         : i2c_v1_lld.obj (.text.I2CControllerInitExpClk)
                  700d07d2    0000000e     --HOLE-- [fill = 0]
                  700d07e0    00000092     freertos.am263px.r5f.ti-arm-clang.debug.lib : DebugP_freertos.obj (.text._DebugP_logZone)
                  700d0872    0000000e     --HOLE-- [fill = 0]
                  700d0880    00000092     lwip-freertos.am263px.r5f.ti-arm-clang.debug.lib : dhcp.obj (.text.dhcp_timeout)
                  700d0912    0000000e     --HOLE-- [fill = 0]
                  700d0920    00000092                                                      : tcpip.obj (.text.tcpip_thread)
                  700d09b2    0000000e     --HOLE-- [fill = 0]
                  700d09c0    0000008e                                                      : dhcp.obj (.text.dhcp_option)
                  700d0a4e    00000002     --HOLE-- [fill = 0]
                  700d0a50    0000008e     main.o (.text.main)
                  700d0ade    00000002     --HOLE-- [fill = 0]
                  700d0ae0    0000008e     freertos.am263px.r5f.ti-arm-clang.debug.lib : tasks.obj (.text.prvCreateTask)
                  700d0b6e    00000002     --HOLE-- [fill = 0]
                  700d0b70    0000008e                                                 : tasks.obj (.text.prvInitialiseTaskLists)
                  700d0bfe    00000002     --HOLE-- [fill = 0]
                  700d0c00    0000008e     lwip-freertos.am263px.r5f.ti-arm-clang.debug.lib : timeouts.obj (.text.sys_check_timeouts)
                  700d0c8e    00000002     --HOLE-- [fill = 0]
                  700d0c90    0000008c     drivers.am263px.r5f.ti-arm-clang.freertos.debug.lib : edma.obj (.text.EDMA_disableTransferRegion)
                  700d0d1c    00000004     --HOLE-- [fill = 0]
                  700d0d20    0000008c                                                         : edma.obj (.text.EDMA_enableTransferRegion)
                  700d0dac    00000004     --HOLE-- [fill = 0]
                  700d0db0    0000008c     freertos.am263px.r5f.ti-arm-clang.debug.lib : SemaphoreP_freertos.obj (.text.SemaphoreP_pend)
                  700d0e3c    00000004     --HOLE-- [fill = 0]
                  700d0e40    0000008c     drivers.am263px.r5f.ti-arm-clang.freertos.debug.lib : uart_v0_lld.obj (.text.UART_writeCancelNoCB)
                  700d0ecc    00000004     --HOLE-- [fill = 0]
                  700d0ed0    0000008c     lwip-freertos.am263px.r5f.ti-arm-clang.debug.lib : acd.obj (.text.acd_netif_ip_addr_changed)
                  700d0f5c    00000004     --HOLE-- [fill = 0]
                  700d0f60    0000008a                                                      : tcp.obj (.text.tcp_netif_ip_addr_changed_pcblist)
                  700d0fea    00000006     --HOLE-- [fill = 0]
                  700d0ff0    0000008a     freertos.am263px.r5f.ti-arm-clang.debug.lib : tasks.obj (.text.vTaskPlaceOnEventListRestricted)
                  700d107a    00000006     --HOLE-- [fill = 0]
                  700d1080    00000088     drivers.am263px.r5f.ti-arm-clang.freertos.debug.lib : uart_dma_edma.obj (.text.UART_edmaIsrRx)
                  700d1108    00000008     --HOLE-- [fill = 0]
                  700d1110    00000088                                                         : uart_dma_edma.obj (.text.UART_edmaIsrTx)
                  700d1198    00000008     --HOLE-- [fill = 0]
                  700d11a0    00000088     gateway_shared.o (.text.gateway_write_test_data)
                  700d1228    00000008     --HOLE-- [fill = 0]
                  700d1230    00000088     lwip-freertos.am263px.r5f.ti-arm-clang.debug.lib : ip4.obj (.text.ip4_output_if_opt)
                  700d12b8    00000008     --HOLE-- [fill = 0]
                  700d12c0    00000086     drivers.am263px.r5f.ti-arm-clang.freertos.debug.lib : uart_v0_lld.obj (.text.UART_lld_flushTxFifo)
                  700d1346    0000000a     --HOLE-- [fill = 0]
                  700d1350    00000086                                                         : uart_v0_lld.obj (.text.UART_tcrTlrBitValRestore)
                  700d13d6    0000000a     --HOLE-- [fill = 0]
                  700d13e0    00000086     freertos.am263px.r5f.ti-arm-clang.debug.lib : timers.obj (.text.prvInsertTimerInActiveList)
                  700d1466    0000000a     --HOLE-- [fill = 0]
                  700d1470    00000086                                                 : timers.obj (.text.prvProcessTimerOrBlockTask)
                  700d14f6    0000000a     --HOLE-- [fill = 0]
                  700d1500    00000086     lwip-freertos.am263px.r5f.ti-arm-clang.debug.lib : sys_arch.obj (.text.sys_check_core_locking)
                  700d1586    0000000a     --HOLE-- [fill = 0]
                  700d1590    00000084                                                      : dhcp.obj (.text.dhcp_option_short)
                  700d1614    0000000c     --HOLE-- [fill = 0]
                  700d1620    00000084                                                      : ip4_frag.obj (.text.ip_reass_dequeue_datagram)
                  700d16a4    0000000c     --HOLE-- [fill = 0]
                  700d16b0    00000082     drivers.am263px.r5f.ti-arm-clang.freertos.debug.lib : edma.obj (.text.EDMA_allocDmaChannel)
                  700d1732    0000000e     --HOLE-- [fill = 0]
                  700d1740    00000082                                                         : edma.obj (.text.EDMA_allocParam)
                  700d17c2    0000000e     --HOLE-- [fill = 0]
                  700d17d0    00000082                                                         : edma.obj (.text.EDMA_allocTcc)
                  700d1852    0000000e     --HOLE-- [fill = 0]
                  700d1860    00000082                                                         : edma.obj (.text.EDMA_disableTccInShadowRegRegion)
                  700d18e2    0000000e     --HOLE-- [fill = 0]
                  700d18f0    00000082                                                         : edma.obj (.text.EDMA_enableTccInShadowRegRegion)
                  700d1972    0000000e     --HOLE-- [fill = 0]
                  700d1980    00000082                                                         : ipc_notify_v1.obj (.text.IpcNotify_syncAll)
                  700d1a02    0000000e     --HOLE-- [fill = 0]
                  700d1a10    00000082     lwip-freertos.am263px.r5f.ti-arm-clang.debug.lib : dhcp.obj (.text.dhcp_dec_pcb_refcount)
                  700d1a92    0000000e     --HOLE-- [fill = 0]
                  700d1aa0    00000082                                                      : netif.obj (.text.netif_invoke_ext_callback)
                  700d1b22    0000000e     --HOLE-- [fill = 0]
                  700d1b30    00000082                                                      : tcp.obj (.text.tcp_netif_ip_addr_changed)
                  700d1bb2    0000000e     --HOLE-- [fill = 0]
                  700d1bc0    00000080     board.am263px.r5f.ti-arm-clang.freertos.debug.lib : eeprom_cat24m.obj (.text.EEPROM_CAT24M_open)
                  700d1c40    00000080     freertos.am263px.r5f.ti-arm-clang.debug.lib : SemaphoreP_freertos.obj (.text.SemaphoreP_constructBinary)
                  700d1cc0    00000080     drivers.am263px.r5f.ti-arm-clang.freertos.debug.lib : uart_v0_lld.obj (.text.UART_moduleReset)
                  700d1d40    00000080     lwip-freertos.am263px.r5f.ti-arm-clang.debug.lib : memp.obj (.text.do_memp_free_pool)
                  700d1dc0    00000080                                                      : inet_chksum.obj (.text.inet_chksum_pseudo_partial)
                  700d1e40    0000007e     drivers.am263px.r5f.ti-arm-clang.freertos.debug.lib : i2c_v1_lld.obj (.text.I2C_lld_transferInit)
                  700d1ebe    00000002     --HOLE-- [fill = 0]
                  700d1ec0    0000007e                                                         : uart_v0_lld.obj (.text.UART_readData)
                  700d1f3e    00000002     --HOLE-- [fill = 0]
                  700d1f40    0000007e     gateway_shared.o (.text.gateway_read_test_data)
                  700d1fbe    00000002     --HOLE-- [fill = 0]
                  700d1fc0    0000007c     freertos.am263px.r5f.ti-arm-clang.debug.lib : DebugP_log.obj (.text._DebugP_assert)
                  700d203c    00000004     --HOLE-- [fill = 0]
                  700d2040    0000007c     main.o (.text.lwip_init_callback)
                  700d20bc    00000004     --HOLE-- [fill = 0]
                  700d20c0    0000007c     freertos.am263px.r5f.ti-arm-clang.debug.lib : queue.obj (.text.vQueueUnregisterQueue)
                  700d213c    00000004     --HOLE-- [fill = 0]
                  700d2140    0000007a     drivers.am263px.r5f.ti-arm-clang.freertos.debug.lib : i2c_v1.obj (.text.I2C_completeCurrTransfer)
                  700d21ba    00000006     --HOLE-- [fill = 0]
                  700d21c0    0000007a                                                         : ipc_notify_v1.obj (.text.IpcNotify_mailboxWrite)
                  700d223a    00000006     --HOLE-- [fill = 0]
                  700d2240    0000007a     ti_drivers_config.o (.text.System_init)
                  700d22ba    00000006     --HOLE-- [fill = 0]
                  700d22c0    0000007a     drivers.am263px.r5f.ti-arm-clang.freertos.debug.lib : uart_v0.obj (.text.UART_Params_init)
                  700d233a    00000006     --HOLE-- [fill = 0]
                  700d2340    00000078                                                         : edma.obj (.text.EDMA_linkChannel)
                  700d23b8    00000008     --HOLE-- [fill = 0]
                  700d23c0    00000078                                                         : i2c_v1_lld.obj (.text.I2C_lld_completeCurrTransfer)
                  700d2438    00000008     --HOLE-- [fill = 0]
                  700d2440    00000078     main.o (.text.enet_lwip_task_wrapper)
                  700d24b8    00000008     --HOLE-- [fill = 0]
                  700d24c0    00000078     lwip-freertos.am263px.r5f.ti-arm-clang.debug.lib : tcp.obj (.text.tcp_remove_listener)
                  700d2538    00000008     --HOLE-- [fill = 0]
                  700d2540    00000078     freertos.am263px.r5f.ti-arm-clang.debug.lib : queue.obj (.text.xQueueTakeMutexRecursive)
                  700d25b8    00000008     --HOLE-- [fill = 0]
                  700d25c0    00000076                                                 : queue.obj (.text.xQueueGiveMutexRecursive)
                  700d2636    0000000a     --HOLE-- [fill = 0]
                  700d2640    00000074                                                 : ClockP_freertos.obj (.text.ClockP_usleep)
                  700d26b4    0000000c     --HOLE-- [fill = 0]
                  700d26c0    00000074     drivers.am263px.r5f.ti-arm-clang.freertos.debug.lib : uart_v0_lld.obj (.text.UART_IsBaseAddrValid)
                  700d2734    0000000c     --HOLE-- [fill = 0]
                  700d2740    00000074     lwip-freertos.am263px.r5f.ti-arm-clang.debug.lib : dhcp.obj (.text.dhcp_option_trailer)
                  700d27b4    0000000c     --HOLE-- [fill = 0]
                  700d27c0    00000074                                                      : dns.obj (.text.dns_create_txid)
                  700d2834    0000000c     --HOLE-- [fill = 0]
                  700d2840    00000072     drivers.am263px.r5f.ti-arm-clang.freertos.debug.lib : edma.obj (.text.EDMA_clrMissEvtRegion)
                  700d28b2    0000000e     --HOLE-- [fill = 0]
                  700d28c0    00000072                                                         : ipc_notify_v1.obj (.text.IpcNotify_makeMsg)
                  700d2932    0000000e     --HOLE-- [fill = 0]
                  700d2940    00000072     lwip-freertos.am263px.r5f.ti-arm-clang.debug.lib : pbuf.obj (.text.pbuf_ref)
                  700d29b2    0000000e     --HOLE-- [fill = 0]
[...]
700d2cd1  tcp_rexmit_rto_commit                
700d2d41  DebugP_shmLogReaderInit              
700d2db1  log_reader_task_create               
700d2e21  vTaskDelay                           
700d2e91  vTaskEnterCritical                   
700d2fe1  vListInsert                          
700d3051  EDMA_getBaseAddr                     
700d3131  dhcp_fine_tmr                        
700d3211  EEPROM_open                          
700d3281  I2C_init                             
700d32f1  SemaphoreP_post                      
700d3361  SOC_rcmGetR5Clock                    
700d33d1  SOC_rcmIsR5FInLockStepMode           
700d34b1  UART_lld_deInitDma                   
700d3601  vApplicationLoadHook                 
700d3671  vQueueWaitForMessageRestricted       
700d3751  igmp_tmr                             
700d37c1  memp_init_pool                       
700d3831  sys_init                             
700d38a1  tcp_close                            
700d3911  tcp_rst                              
700d3981  xgw_header_init                      
700d39f1  UART_getChar                         
700d3ab1  dhcp_supplied_address                
700d3b71  SemaphoreP_constructMutex            
700d3c31  gateway_notify_test_data_ready       
700d3d51  raw_netif_ip_addr_changed            
700d3db1  udp_netif_ip_addr_changed            
700d3e11  Module_clockSetFrequency             
700d3e71  UART_lld_deInit                      
700d3ed1  ip_reass_tmr                         
700d3f31  xTaskCreateStatic                    
700d3f91  UART_lld_dmaDisableChannel           
700d4111  memp_init                            
700d4171  netif_get_by_index                   
700d4291  UART_getHandle                       
700d42f1  ip4_output_if                        
700d4351  ip4_output_if_src                    
700d43b1  tcp_free                             
700d44d1  I2C_getHandle                        
700d46b1  xgw_udp_init                         
700d4711  DebugP_shmLogReaderTaskCreate        
700d4771  EDMA_setPaRAM                        
700d4884  __TI_auto_init_nobinit_nopinit       
700d48e1  Dpl_init                             
700d4941  I2C_lld_deInit                       
700d4a01  xTaskCreate                          
700d4a61  Board_eepromClose                    
700d4ab1  Drivers_i2cClose                     
700d4b01  Drivers_uartClose                    
700d4b51  Pinmux_config                        
700d4ba1  UART_checkCharsAvailInFifo           
700d4bf1  acd_start                            
700d4c41  crc32_core                           
700d4c91  dns_setserver                        
700d4ce1  memp_free                            
700d4d31  memp_malloc                          
700d4d80  rand                                 
700d4dd1  EDMA_clrEvtRegion                    
700d4e21  EDMA_disableDmaEvtRegion             
700d4e71  EDMA_disableEvtIntrRegion            
700d4ec1  EDMA_enableDmaEvtRegion              
700d4f11  EDMA_enableEvtIntrRegion             
700d4f61  EDMA_setEvtRegion                    
700d4fb1  TaskP_loadUpdateAll                  
700d5051  vQueueDelete                         
700d50a1  EDMA_ccPaRAMEntry_init               
700d50f1  EDMA_mapQdmaChToPaRAM                
700d5141  EDMA_readEventStatusRegion           
700d5191  IpcNotify_unregisterClient           
700d51e1  Module_clockEnable                   
700d5231  vTaskPlaceOnEventList                
700d5281  IpcNotify_Params_init                
700d5321  UART_getIntrIdentityStatus           
700d5551  uxListRemove                         
700d55a1  DebugP_uartLogWriterPutChar          
700d5691  UART_readLineStatus                  
700d56e1  pbuf_put_at                          
700d5961  gateway_notify_commands_ready        
700d5a51  etharp_acd_probe                     
700d5af1  I2C_lld_transferIntr                 
700d5b31  I2C_lld_transferPoll                 
700d5bb1  ip_chksum_pseudo_partial             
700d5cb1  UART_spaceAvail                      
700d5d31  sys_timeouts_init                    
700d5d71  udp_recv                             
700d5db1  xgw_crc32_validate                   
700d5df1  EEPROM_CAT24M_close                  
700d5e71  UART_IsTxRxFifoEmpty                 
700d5ef1  etharp_acd_announce                  
700d5f31  lwip_init                            
700d5fb1  sys_lock_tcpip_core                  
700d5ff1  vPortTimerTickHandler                
700d6031  SOC_moduleSetClockFrequency          
700d60b1  igmp_report_groups                   
700d60f1  ulTaskGetIdleRunTimeCounter          
700d6131  vListInsertEnd                       
700d61e8  CycleCounterP_getCount32             
700d61f0  PmuP_setup                           
700d61f8  PmuP_enableCounters                  
700d6200  PmuP_disableCounters                 
700d6208  PmuP_getOverflowStatus               
700d6210  PmuP_clearOverflowStatus             
700d6218  PmuP_setUserEnable                   
700d6221  xTaskGetSchedulerState               
700d6261  EDMA_getRegionId                     
700d62a1  IpcNotify_syncCallback               
700d6321  TimerP_Params_initPriv               
700d6451  gateway_core0_finalize               
700d6551  ClockP_timerTickIsr                  
700d65d1  I2C_lld_Message_init                 
700d6651  TimerP_getCountPriv                  
700d6711  ip_chksum_pseudo                     
700d6751  sys_unlock_tcpip_core                
700d6791  vApplicationStackOverflowHook        
700d67d1  xQueueCreateMutexStatic              
700d6811  EEPROM_close                         
700d6901  udp_new                              
700d6931  UART_lld_dmaInit                     
700d69f1  vListInitialise                      
700d6a21  DebugP_logZoneEnable                 
700d6ae1  gateway_core0_init                   
700d6b11  icmp_time_exceeded                   
700d6b41  pbuf_clen                            
700d6ba1  tcp_seg_free                         
700d6bd1  ulTaskGetRunTimeCounter              
700d6c01  vApplicationGetIdleTaskMemory        
700d6c31  vApplicationGetTimerTaskMemory       
700d6c61  I2C_lld_Transaction_init             
700d6cc1  UART_Transaction_init                
700d6cf1  UART_intr2Disable                    
700d6d21  UART_lld_Transaction_init            
700d6d51  UART_operatingModeSelect             
700d6db1  CSL_armR5GetCpuID                    
700d6e71  pvPortMalloc                         
700d6ea1  vprintf_                             
700d6ed1  EDMA_disableQdmaEvtRegion            
700d6f01  EDMA_enableQdmaEvtRegion             
700d6f61  igmp_init                            
700d6fc1  xQueueCreateMutex                    
700d6ff1  xTaskGetTickCountFromISR             
700d7051  I2C_Transaction_init                 
700d7081  IpcNotify_allocSwQueue               
700d70b1  IpcNotify_getConfig                  
700d7164  __aeabi_uldivmod                     
700d71f1  pvTaskIncrementMutexHeldCount        
700d7221  tcp_segs_free                        
700d7251  vTaskInternalSetTimeOutState         
700d7281  xPortStartScheduler                  
700d72b1  ClockP_getTicks                      
700d72e1  EDMA_channelToParamMap               
700d7311  SemaphoreP_destruct                  
700d7371  tcp_free_ooseq                       
700d73a1  tcp_tmr                              
700d73d1  ClockP_usecToTicks                   
700d7411  etharp_request                       
700d7431  lwip_htonl                           
700d7451  pbuf_skip                            
700d7491  vPortFree                            
700d74b1  EDMA_getEventStatusHigh              
700d7511  SOC_getSelfCpuClk                    
700d7531  SOC_moduleClockEnable                
700d7571  UART_lld_Transaction_deInit          
700d75b1  inet_chksum                          
700d75d1  pbuf_chain                           
700d7611  xTaskGetTickCount                    
700d7631  Board_driversOpen                    
700d7651  EDMA_getEventStatus                  
700d7691  acd_stop                             
700d76ac  strlen                               
700d76d1  sys_now                              
700d76f1  vPortYeildFromISR                    
700d770c  TI_memcpy_small                      
700d7731  I2C_Params_init                      
700d7791  ClockP_ticksToUsec                   
700d77b1  EDMA_isInterruptEnabled              
700d7871  IpcNotify_trigInterrupt              
700d7891  TimerP_getReloadCountPriv            
700d78f1  UART_putChar                         
700d7911  tcp_init                             
700d7931  udp_init                             
700d7948  TI_memset_small                      
700d79e1  IpcNotify_sendSync                   
700d7a01  TimerP_isOverflowedPriv              
700d7a21  TimerP_startPriv                     
700d7a41  TimerP_stopPriv                      
700d7aa1  pbuf_add_header                      
700d7ac1  stats_init                           
700d7ae1  vApplicationMallocFailedHook         
700d7b01  DebugP_uartSetDrvIndex               
700d7c21  TimerP_clearOverflowIntPriv          
700d7c41  TimerP_setup                         
700d7c61  putchar_                             
700d7c81  xTaskGetCurrentTaskHandle            
700d7cc1  Pinmux_init                          
700d7ce1  sys_mark_tcpip_thread                
700d7d01  tcp_abort                            
700d7d21  tcp_trigger_input_pcb_close          
700d7d41  uiPortGetRunTimeCounterValue         
700d7d81  ClockP_getTimerCount                 
700d7da1  ClockP_timerClearOverflowInt         
700d7e01  TimerP_Params_init                   
700d7e11  TimerP_clearOverflowInt              
700d7e21  TimerP_getCount                      
700d7e31  TimerP_getReloadCount                
700d7e41  TimerP_isOverflowed                  
700d7e51  TimerP_start                         
700d7e60  __aeabi_memset                       
700d7e60  __aeabi_memset4                      
700d7e60  __aeabi_memset8                      
700d7e81  lwip_htons                           
700d7e91  vTaskSuspendAll                      
700d7ea1  xgw_udp_is_initialized               
700d7eb1  dns_init                             
700d7ec1  mem_trim                             
700d7ee1  vListInitialiseItem                  
700d7ef1  vTaskMissedYield                     
700d7f01  Drivers_open                         
700d7f11  PowerClock_init                      
700d7f21  dns_tmr                              
700d7f31  uxTaskGetNumberOfTasks               
700d7fb1  vApplicationIdleHook                 
700d7fc1  Drivers_uartInit                     
700d7ff1  TaskP_yield                          
700d8001  Board_init                           
700d8011  IpcNotify_wait                       
700d8021  mem_init                             
700d8031  netif_init                           
700d8041  vPortConfigTimerForRunTimeStats      
700d8051  vPortValidateInterruptPriority       
700d8460  gCacheConfig                         
700d8468  gMpuConfig                           
700d8474  gMpuRegionConfig                     
700d8ddc  memp_pools                           
700d90d8  gADPLLJConfigTbl                     
700d9334  lwip_cyclic_timers                   
700da23c  I2C_defaultTransaction               
700dbddc  I2C_lld_defaultMessage               
700dbecc  gPeripheralClkSrcInfoMap             
700dc634  memp_ALTCP_PCB                       
700dc648  memp_ARP_QUEUE                       
700dc65c  memp_FRAG_PBUF                       
700dc670  memp_IGMP_GROUP                      
700dc684  memp_NETBUF                          
700dc698  memp_NETCONN                         
700dc6ac  memp_NETDB                           
700dc6c0  memp_PBUF                            
700dc6d4  memp_PBUF_POOL                       
700dc6e8  memp_POOL_128                        
700dc6fc  memp_POOL_1568                       
700dc710  memp_POOL_4096                       
700dc724  memp_RAW_PCB                         
700dc738  memp_REASSDATA                       
700dc74c  memp_SYS_MBOX                        
700dc760  memp_SYS_TIMEOUT                     
700dc774  memp_TCPIP_MSG_API                   
700dc788  memp_TCPIP_MSG_INPKT                 
700dc79c  memp_TCP_PCB                         
700dc7b0  memp_TCP_PCB_LISTEN                  
700dc7c4  memp_TCP_SEG                         
700dc7d8  memp_UDP_PCB                         
700dce04  tcp_pcb_lists                        
700dd34a  gCR5ClkSrcInfoMap                    
700dd34c  gXTALInfo                            
700dd393  ethbroadcast                         
700dd399  ethzero                              
700dd3d0  gCacheL1dCacheLineSize               
700dd3d4  gCacheL1pCacheLineSize               
700dd3d8  ip_addr_any                          
700dd3dc  ip_addr_broadcast                    
700dd421  HwiP_enableInt                       
700dd461  HwiP_disableInt                      
700dd4c1  HwiP_restoreInt                      
700dd4f1  HwiP_clearInt                        
700dd531  HwiP_post                            
700dd571  HwiP_Params_init                     
700dd5a1  HwiP_construct                       
700dd791  HwiP_destruct                        
700dd801  HwiP_init                            
700dd9b1  HwiP_inISR                           
700dd9e1  HwiP_setVimIrqPriMaskNonAtomic       
700dda31  HwiP_setVimIrqPriMaskAtomic          
700ddad1  HwiP_restoreVimIrqPriMask            
700ddae1  HwiP_irq_handler_c                   
700ddc81  HwiP_fiq_handler                     
700dddf1  HwiP_reserved_handler                
700dde31  HwiP_undefined_handler_c             
700dde51  HwiP_user_undefined_handler_c        
700dde71  HwiP_prefetch_abort_handler_c        
700ddf11  HwiP_user_prefetch_abort_handler_c   
700ddf51  HwiP_data_abort_handler_c            
700de011  HwiP_user_data_abort_handler_c       
700de04c  vPortRestoreTaskContext              
700de084  HwiP_svc_handler                     
700de0f4  HwiP_irq_handler                     
700de238  HwiP_data_abort_handler              
700de27c  HwiP_prefetch_abort_handler          
700de2c8  HwiP_undefined_handler               
700de2f8  GET_DFSR                             
700de300  GET_ADFSR                            
700de308  GET_DFAR                             
700de310  GET_IFSR                             
700de318  GET_AIFSR                            
700de320  GET_IFAR                             
700de328  GET_SPSR                             
700de33c  HwiP_disable                         
700de34c  HwiP_disableFIQ                      
700de35c  HwiP_enable                          
700de36c  HwiP_enableFIQ                       
700de37c  HwiP_restore                         
700de384  HwiP_enableVIC                       
700de394  HwiP_disableVIC                      
700de3a4  HwiP_getCPSR                         
700de3b0  CacheP_disableL1d                    
700de3d8  CacheP_disableL1p                    
700de3f0  CacheP_enableL1d                     
700de408  CacheP_enableL1p                     
700de420  CacheP_invL1d                        
700de458  CacheP_invL1p                        
700de494  CacheP_invL1dAll                     
700de49c  CacheP_invL1pAll                     
700de4a4  CacheP_wb                            
700de4e0  CacheP_wbInv                         
700de51c  CacheP_wbAll                         
700de5c4  CacheP_wbInvAll                      
700de5dc  CacheP_wbInvAllAsm                   
700de67c  CacheP_getEnabled                    
700de6b4  CacheP_getCacheLevelInfo             
700de6c0  CacheP_configForceWrThru             
700de6e0  CacheP_setDLFO                       
700de6f1  CacheP_init                          
700de781  CacheP_disable                       
700de7d1  CacheP_enable                        
700de811  CacheP_inv                           
700de851  MpuP_getAttrs                        
700de8b1  MpuP_RegionAttrs_init                
700de8e1  MpuP_setRegion                       
700de971  MpuP_isEnable                        
700de981  MpuP_disable                         
700de9c1  MpuP_enable                          
700dea11  MpuP_init                            
700deab1  MpuP_isUserAuthorizedToAccessMemory  
700deb90  MpuP_disableAsm                      
700deba8  MpuP_disableBRAsm                    
700debb8  MpuP_enableAsm                       
700debd0  MpuP_enableBRAsm                     
700debe0  MpuP_isEnableAsm                     
700debf4  MpuP_setRegionAsm                    
700dec10  _c_int00_sbl                         
700dec34  _c_int00                             
700ded61  _DebugP_assertNoLog                  
700ded91  _system_pre_init                     
700dedc1  __mpu_init                           
700dedd0  abort                                
700dedd8  gEdmaConfig                          
700dedd8  gUartDmaHandle                       
700def90  gIpcNotifyMailboxConfig              
700df148  gUartParams                          
700df1a0  gSocModulesClockFrequency            
700df210  gClockConfig                         
700df240  gIpcNotifyInterruptConfig_r5fss0_0   
700df26c  gEepromFxns_CAT24M                   
700df27c  gIpcNotifyCoreIntrBitPos             
700df28c  gSocModules                          
700df29c  gAddrTranslateConfig                 
700df2a8  gEepromAttrs_CAT24M                  
700df2b4  gEepromConfig                        
700df2c0  gI2cParams                           
700df2cc  gEepromParams                        
700df2d4  gI2cConfig                           
700df2e4  gUartConfig                          
700df300  FreeRTOS_errno                       
700df304  _lock                                
700df308  _unlock                              
700df314  gDebugLogZone                        
700df318  gDebugP_uartDrvIndex                 
700df31c  gEdmaConfigNum                       
700df320  gEepromConfigNum                     
700df324  gHwiConfig                           
700df328  gI2cConfigNum                        
700df32c  gIpcNotifyInterruptConfigNum_r5fss0_0
700df330  gIpcTask                             
700df334  gLogReaderTask                       
700df338  gMainTask                            
700df33c  gUartConfigNum                       
700df340  gUartDmaChConfig                     
700df344  gUdpRxTask                           
700df348  gUdpTxTask                           
700df368  pxCurrentTCB                         
700df36c  ulPortInterruptNesting               
700df370  ulPortSchedularRunning               
700df374  ulPortTaskHasFPUContext              
700df378  ulPortYieldRequired                  
700df3bd  isMapAvailable                       
700df3c8  __IRQ_STACK_START                    
700df4c8  __FIQ_STACK_START                    
700df4c8  __IRQ_STACK_END                      
700df5c8  __FIQ_STACK_END                      
700df5c8  __SVC_STACK_START                    
700e05c8  __ABORT_STACK_START                  
700e05c8  __SVC_STACK_END                      
700e06c8  __ABORT_STACK_END                    
700e06c8  __UNDEFINED_STACK_START              
700e07c8  __UNDEFINED_STACK_END                
701d0000  gGatewaySharedMem                    
701d4000  gDebugShmLog                         
ffffffff  __TI_pprof_out_hndl                  
ffffffff  __TI_prof_data_size                  
ffffffff  __TI_prof_data_start                 
ffffffff  __binit__                            
ffffffff  binit                                
UNDEFED   __TI_CINIT_Base                      
UNDEFED   __TI_CINIT_Limit                     
UNDEFED   __TI_Handler_Table_Base              
UNDEFED   __TI_Handler_Table_Limit             
UNDEFED   _system_post_cinit                   

[704 symbols]
