******************************************************************************
            TI ARM Clang Linker PC v4.0.4                      
******************************************************************************
>> Linked Thu Apr  9 18:28:36 2026

OUTPUT FILE NAME:   <ccu_ti_multi_core_freertos.out>
ENTRY POINT SYMBOL: "_vectors"  address: 00000000


MEMORY CONFIGURATION

         name            origin    length      used     unused   attr    fill
----------------------  --------  ---------  --------  --------  ----  --------
  R5F_VECS              00000000   00000040  00000040  00000000  RWIX
  R5F_TCMA              00000040   00007fc0  00000000  00007fc0  RWIX
  R5F_TCMB              00080000   00008000  00000000  00008000  RWIX
  MAILBOX_HSM           44000000   000003ce  00000000  000003ce  RWIX
  MAILBOX_R5F           44000400   000003ce  00000000  000003ce  RWIX
  FLASH                 60100000   00080000  00000000  00080000  RWIX
  SBL                   70000000   00040000  00000000  00040000  RWIX
  OCRAM                 70040000   00140000  000fbf78  00044088  RWIX
  USER_SHM_MEM          70200000   00008000  00006ee4  0000111c  RWIX
  LOG_SHM_MEM           70208000   00004000  00002000  00002000  RWIX
  CPPI_DESC             70280000   00040000  00000a00  0003f600  RWIX
  RTOS_NORTOS_IPC_SHM_M 72000000   00003e80  00000000  00003e80  RWIX


SEGMENT ALLOCATION MAP

run origin  load origin   length   init length attrs members
----------  ----------- ---------- ----------- ----- -------
00000000    00000000    00000040   00000040    r-x
  00000000    00000000    00000040   00000040    r-x .vectors
70040000    70040000    00070440   00000000    rw-
  70040000    70040000    0003d700   00000000    rw- .bss
  7007d700    7007d700    00030d40   00000000    rw- .sysmem
  700ae440    700ae440    00002000   00000000    rw- .stack
700b0440    700b0440    00065ba0   00065ba0    r-x
  700b0440    700b0440    00054900   00054900    r-x .text
  70104d40    70104d40    000112a0   000112a0    r-- .rodata
7012e000    7012e000    0000b1e0   0000b1e0    rw-
  7012e000    7012e000    0000b1e0   0000b1e0    rw- .data
701391e0    701391e0    000019b8   000019b8    r-x
  701391e0    701391e0    00000f90   00000f90    r-x .text.hwi
  7013a170    7013a170    000004a0   000004a0    r-x .text.cache
  7013a610    7013a610    000003c0   000003c0    r-x .text.mpu
  7013a9d0    7013a9d0    000001c0   000001c0    r-x .text.boot
  7013ab90    7013ab90    00000008   00000008    r-x .text:abort
7013ab98    7013ab98    00001400   00000000    rw-
  7013ab98    7013ab98    00000100   00000000    rw- .irqstack
  7013ac98    7013ac98    00000100   00000000    rw- .fiqstack
  7013ad98    7013ad98    00001000   00000000    rw- .svcstack
  7013bd98    7013bd98    00000100   00000000    rw- .abortstack
  7013be98    7013be98    00000100   00000000    rw- .undefinedstack


SECTION ALLOCATION MAP

 output                                  attributes/
section   page    origin      length       input sections
--------  ----  ----------  ----------   ----------------
.vectors   0    00000000    00000040     
                  00000000    00000040     freertos.am263px.r5f.ti-arm-clang.debug.lib : HwiP_armv7r_vectors_freertos_asm.obj (.vectors)

.bss       0    70040000    0003d700     UNINITIALIZED
                  70040000    00012c1f     (.common:memp_memory_POOL_1568_base)
                  70052c1f    0000409f     (.common:memp_memory_POOL_4096_base)
                  70056cbe    00000002     lwip-freertos.am263px.r5f.ti-arm-clang.debug.lib : ip4.obj (.bss.ip_id)
                  70056cc0    00004000     main.o (.bss.gEnetLwipTaskStack)
                  7005acc0    00004000     test.o (.bss.gUdpRxTaskStack)
                  7005ecc0    00004000     main.o (.bss.gUdpTxTaskStack)
                  70062cc0    00003e9f     (.common:memp_memory_POOL_128_base)
                  70066b5f    00000001     lwip-freertos.am263px.r5f.ti-arm-clang.debug.lib : dhcp.obj (.bss.dhcp_pcb_refcount)
                  70066b60    00002200     ti_enet_config.o (.bss.gAppPktInfoMem_LargePool)
                  70068d60    00001918     ti_enet_lwipif.o (.bss.gLwipifEnetAppObj)
                  7006a678    0000101f     (.common:memp_memory_NETBUF_base)
                  7006b697    0000101f     (.common:memp_memory_PBUF_base)
                  7006c6b6    0000101f     (.common:memp_memory_TCPIP_MSG_API_base)
                  7006d6d5    0000101f     (.common:memp_memory_TCPIP_MSG_INPKT_base)
                  7006e6f4    0000101f     (.common:memp_memory_TCP_SEG_base)
                  7006f713    00000001     lwip-freertos.am263px.r5f.ti-arm-clang.debug.lib : etharp.obj (.bss.etharp_cached_entry)
                  7006f714    00000058     freertos.am263px.r5f.ti-arm-clang.debug.lib : DebugP_freertos.obj (.bss.gDebugLogLockObj)
                  7006f76c    00000014     lwip-freertos.am263px.r5f.ti-arm-clang.debug.lib : tcp_in.obj (.bss.inseg)
                  7006f780    00001000     ti_dpl_config.o (.bss.debug_mem_trace_buf)
                  70070780    00001000     freertos.am263px.r5f.ti-arm-clang.debug.lib : DebugP_shmLogReader_freertos.obj (.bss.gDebugShmLogReaderTaskStack)
                  70071780    00001000     main.o (.bss.gMainTaskStack)
                  70072780    00001000     freertos.am263px.r5f.ti-arm-clang.debug.lib : port.obj (.bss.uxIdleTaskStack)
                  70073780    00001000     (.common:gLoggerTaskStack)
                  70074780    00000d80     ti_enet_open_close.o (.bss.gEnetAppSysCfgObj)
                  70075500    00000b1f     (.common:memp_memory_SYS_MBOX_base)
                  7007601f    00000001     lwip-freertos.am263px.r5f.ti-arm-clang.debug.lib : tcp_in.obj (.bss.flags)
                  70076020    00000880     ti_enet_config.o (.bss.gAppPktInfoMemOnly)
                  700768a0    0000081f     (.common:memp_memory_RX_POOL_base)
                  700770bf    00000001     lwip-freertos.am263px.r5f.ti-arm-clang.debug.lib : sys_arch.obj (.bss.lwip_core_lock_count)
                  700770c0    0000080c     (.common:gHwiCtrl)
                  700778cc    00000014     freertos.am263px.r5f.ti-arm-clang.debug.lib : timers.obj (.bss.xActiveTimerList1)
                  700778e0    00000800     log_reader_task.o (.bss.gLogReaderTaskStack)
                  700780e0    000005c0     enet-cpsw.am263px.r5f.ti-arm-clang.freertos.debug.lib : enet_osal.obj (.bss.gOsalSemPEnetOsalPool)
                  700786a0    00000440     lwip-freertos.am263px.r5f.ti-arm-clang.debug.lib : dns.obj (.bss.dns_table)
                  70078ae0    00000430     enet-cpsw.am263px.r5f.ti-arm-clang.freertos.debug.lib : enetphy.obj (.bss.gEnetPhy_phyObjs)
                  70078f10    00000400     ti_enet_config.o (.bss.gAppPktInfoContainerMem_LargePool)
                  70079310    00000010     lwip-freertos.am263px.r5f.ti-arm-clang.debug.lib : dns.obj (.bss.dns_pcbs)
                  70079320    00000400     main.o (.bss.gIpcTaskStack)
                  70079720    00000400     freertos.am263px.r5f.ti-arm-clang.debug.lib : port.obj (.bss.uxTimerTaskStack)
                  70079b20    00000400     (.common:gFreePbufArr)
                  70079f20    000003df     (.common:memp_memory_ARP_QUEUE_base)
                  7007a2ff    0000033f     (.common:memp_memory_TCP_PCB_base)
                  7007a63e    00000002     lwip-freertos.am263px.r5f.ti-arm-clang.debug.lib : ip4_frag.obj (.bss.ip_reass_pbufcount)
                  7007a640    000002c0     ti_enet_config.o (.bss:ENET_CPDMA_OBJ_MEM)
                  7007a900    0000029f     (.common:memp_memory_NETCONN_base)
                  7007ab9f    00000001     lwip-freertos.am263px.r5f.ti-arm-clang.debug.lib : netif.obj (.bss.netif_num)
                  7007aba0    00000288     ti_drivers_config.o (.bss.gUartObjects)
                  7007ae28    00000280     freertos.am263px.r5f.ti-arm-clang.debug.lib : tasks.obj (.bss.pxReadyTasksLists)
                  7007b0a8    0000023f     (.common:memp_memory_SYS_TIMEOUT_base)
                  7007b2e7    00000001     lwip-freertos.am263px.r5f.ti-arm-clang.debug.lib : tcp_in.obj (.bss.recv_flags)
                  7007b2e8    00000204     (.common:lwip_stats)
                  7007b4ec    000001ff     (.common:memp_memory_FRAG_PBUF_base)
                  7007b6eb    00000001                                                      : tcp.obj (.bss.tcp_timer)
                  7007b6ec    000001cc     main.o (.bss.build_and_send_udp_packet.xgw_states)
                  7007b8b8    00000178     ti_drivers_config.o (.bss.gI2cObjects)
                  7007ba30    0000016c     (.common:gEepromObject_CAT24M)
                  7007bb9c    0000015f     (.common:memp_memory_ALTCP_PCB_base)
                  7007bcfb    0000015f     (.common:memp_memory_NETDB_base)
                  7007be5a    0000015f     (.common:memp_memory_REASSDATA_base)
                  7007bfb9    00000001     lwip-freertos.am263px.r5f.ti-arm-clang.debug.lib : tcp.obj (.bss.tcp_timer_ctr)
                  7007bfba    00000002                                                      : tcp_in.obj (.bss.recv_acked)
                  7007bfbc    00000120     libsysbm.a : trgmsg.c.obj (.bss:_CIOBUF_)
                  7007c0dc    0000011f     (.common:memp_memory_IGMP_GROUP_base)
                  7007c1fb    0000011f     (.common:memp_memory_TCP_PCB_LISTEN_base)
                  7007c31a    0000011f     (.common:memp_memory_UDP_PCB_base)
                  7007c439    00000100     freertos.am263px.r5f.ti-arm-clang.debug.lib : timers.obj (.bss.prvCheckForValidListAndQueue.ucStaticTimerQueueStorage)
                  7007c539    00000001     (.common:pbuf_free_ooseq_pending)
                  7007c53a    00000002     lwip-freertos.am263px.r5f.ti-arm-clang.debug.lib : tcp_in.obj (.bss.tcp_optidx)
                  7007c53c    00000100     (.common:xQueueRegistry)
                  7007c63c    000000f0                                                      : etharp.obj (.bss.arp_table)
                  7007c72c    000000d8     (.common:gEnetUtilsObj)
                  7007c804    000000b8     (.common:gIpcNotifyCtrl)
                  7007c8bc    000000a0     libc.a : defs.c.obj (.bss.__TI_tmpnams)
                  7007c95c    00000004     lwip-freertos.am263px.r5f.ti-arm-clang.debug.lib : tcp_in.obj (.bss.ackno)
                  7007c960    000000a0     (.common:gTaskP_ctrl)
                  7007ca00    00000098     freertos.am263px.r5f.ti-arm-clang.debug.lib : DebugP_shmLogReader_freertos.obj (.bss.gDebugShmLogReaderTaskObj)
                  7007ca98    00000098     main.o (.bss.gEnetLwipTaskObj)
                  7007cb30    00000098     main.o (.bss.gIpcTaskObj)
                  7007cbc8    00000098     log_reader_task.o (.bss.gLogReaderTaskObj)
                  7007cc60    00000098     main.o (.bss.gMainTaskObj)
                  7007ccf8    00000098     test.o (.bss.gUdpRxTaskTcb)
                  7007cd90    00000098     main.o (.bss.gUdpTxTaskObj)
                  7007ce28    00000098     freertos.am263px.r5f.ti-arm-clang.debug.lib : port.obj (.bss.xIdleTaskTCB)
                  7007cec0    00000098                                                 : port.obj (.bss.xTimerTaskTCB)
                  7007cf58    00000098     (.common:gLoggerTaskObj)
                  7007cff0    00000094     (.common:gDebugShmLogReaderCtrl)
                  7007d084    00000080     enet-cpsw.am263px.r5f.ti-arm-clang.freertos.debug.lib : enet_osal.obj (.bss.gOsalHwiPEnetOsalPool)
                  7007d104    0000007f     (.common:memp_memory_RAW_PCB_base)
                  7007d183    0000007a     freertos.am263px.r5f.ti-arm-clang.debug.lib : DebugP_memTraceLogWriter.obj (.bss.DebugP_memLogWriterPutChar.lineBuf)
                  7007d1fd    00000001     (.common:tcp_active_pcbs_changed)
                  7007d1fe    00000002     lwip-freertos.am263px.r5f.ti-arm-clang.debug.lib : tcp_in.obj (.bss.tcphdr_opt1len)
                  7007d200    00000050     freertos.am263px.r5f.ti-arm-clang.debug.lib : timers.obj (.bss.prvCheckForValidListAndQueue.xStaticTimerQueue)
                  7007d250    00000050     (.common:gRovDummyQueue)
                  7007d2a0    00000030     lwip-freertos.am263px.r5f.ti-arm-clang.debug.lib : dns.obj (.bss.dns_requests)
                  7007d2d0    00000029     enet-cpsw.am263px.r5f.ti-arm-clang.freertos.debug.lib : enetphy.obj (.bss.gEnetPhyCapsBuf)
                  7007d2f9    00000001     --HOLE--
                  7007d2fa    00000002     lwip-freertos.am263px.r5f.ti-arm-clang.debug.lib : tcp_in.obj (.bss.tcphdr_optlen)
                  7007d2fc    00000028                                                      : dhcp.obj (.bss.dhcp_rx_options_val)
                  7007d324    00000024     enet-cpsw.am263px.r5f.ti-arm-clang.freertos.debug.lib : enet_cpdma_priv.obj (.bss.gCpswDmaMemMgrObj)
                  7007d348    0000001f     (.common:memp_memory_PBUF_POOL_base)
                  7007d367    00000001     --HOLE--
                  7007d368    00000018     (.common:gClockCtrl)
                  7007d380    00000018     (.common:ip_data)
                  7007d398    00000014     freertos.am263px.r5f.ti-arm-clang.debug.lib : timers.obj (.bss.xActiveTimerList2)
                  7007d3ac    00000014                                                 : tasks.obj (.bss.xDelayedTaskList1)
                  7007d3c0    00000014                                                 : tasks.obj (.bss.xDelayedTaskList2)
                  7007d3d4    00000014                                                 : tasks.obj (.bss.xPendingReadyList)
                  7007d3e8    00000014                                                 : tasks.obj (.bss.xSuspendedTaskList)
                  7007d3fc    00000014                                                 : tasks.obj (.bss.xTasksWaitingTermination)
                  7007d410    00000010     lwip-freertos.am263px.r5f.ti-arm-clang.debug.lib : ip4_addr.obj (.bss.ip4addr_ntoa.str)
                  7007d420    00000010                                                      : memp.obj (.bss.memp_stats_ALTCP_PCB)
                  7007d430    00000010                                                      : memp.obj (.bss.memp_stats_ARP_QUEUE)
                  7007d440    00000010                                                      : memp.obj (.bss.memp_stats_FRAG_PBUF)
                  7007d450    00000010                                                      : memp.obj (.bss.memp_stats_IGMP_GROUP)
                  7007d460    00000010                                                      : memp.obj (.bss.memp_stats_NETBUF)
                  7007d470    00000010                                                      : memp.obj (.bss.memp_stats_NETCONN)
                  7007d480    00000010                                                      : memp.obj (.bss.memp_stats_NETDB)
                  7007d490    00000010                                                      : memp.obj (.bss.memp_stats_PBUF)
                  7007d4a0    00000010                                                      : memp.obj (.bss.memp_stats_PBUF_POOL)
                  7007d4b0    00000010                                                      : memp.obj (.bss.memp_stats_POOL_128)
                  7007d4c0    00000010                                                      : memp.obj (.bss.memp_stats_POOL_1568)
                  7007d4d0    00000010                                                      : memp.obj (.bss.memp_stats_POOL_4096)
                  7007d4e0    00000010                                                      : memp.obj (.bss.memp_stats_RAW_PCB)
                  7007d4f0    00000010                                                      : memp.obj (.bss.memp_stats_REASSDATA)
                  7007d500    00000010     ti_enet_lwipif.o (.bss.memp_stats_RX_POOL)
                  7007d510    00000010     lwip-freertos.am263px.r5f.ti-arm-clang.debug.lib : memp.obj (.bss.memp_stats_SYS_MBOX)
                  7007d520    00000010                                                      : memp.obj (.bss.memp_stats_SYS_TIMEOUT)
                  7007d530    00000010                                                      : memp.obj (.bss.memp_stats_TCPIP_MSG_API)
                  7007d540    00000010                                                      : memp.obj (.bss.memp_stats_TCPIP_MSG_INPKT)
                  7007d550    00000010                                                      : memp.obj (.bss.memp_stats_TCP_PCB)
                  7007d560    00000010                                                      : memp.obj (.bss.memp_stats_TCP_PCB_LISTEN)
                  7007d570    00000010                                                      : memp.obj (.bss.memp_stats_TCP_SEG)
                  7007d580    00000010                                                      : memp.obj (.bss.memp_stats_UDP_PCB)
                  7007d590    00000010     (.common:virtToPhymap)
                  7007d5a0    0000000c     (.common:pfreeQ)
                  7007d5ac    0000000a                                                      : dhcp.obj (.bss.dhcp_rx_options_given)
                  7007d5b6    00000002                                                      : tcp_in.obj (.bss.tcplen)
                  7007d5b8    00000008                                                      : dns.obj (.bss.dns_servers)
                  7007d5c0    00000008     libsysbm.a : hostopen.c.obj (.bss.parmbuf)
                  7007d5c8    00000004     lwip-freertos.am263px.r5f.ti-arm-clang.debug.lib : igmp.obj (.bss.allrouters)
                  7007d5cc    00000004                                                      : igmp.obj (.bss.allsystems)
                  7007d5d0    00000004                                                      : timeouts.obj (.bss.current_timeout_due_time)
                  7007d5d4    00000004                                                      : dhcp.obj (.bss.dhcp_create_msg.xid)
                  7007d5d8    00000004                                                      : dhcp.obj (.bss.dhcp_pcb)
                  7007d5dc    00000004                                                      : netif.obj (.bss.ext_callback)
                  7007d5e0    00000004     freertos.am263px.r5f.ti-arm-clang.debug.lib : DebugP_shmLogReader_freertos.obj (.bss.gDebugShmLogReaderTask)
                  7007d5e4    00000004                                                 : HwiP_armv7r_handlers_freertos.obj (.bss.gdummy)
                  7007d5e8    00000004                                                 : HwiP_armv7r_vim.obj (.bss.gdummy)
                  7007d5ec    00000004     lwip-freertos.am263px.r5f.ti-arm-clang.debug.lib : ip4.obj (.bss.ip4_default_multicast_netif)
                  7007d5f0    00000004                                                      : sys_arch.obj (.bss.lwip_core_lock_holder_thread)
                  7007d5f4    00000004                                                      : sys_arch.obj (.bss.lwip_tcpip_thread)
                  7007d5f8    00000004                                                      : memp.obj (.bss.memp_tab_ALTCP_PCB)
                  7007d5fc    00000004                                                      : memp.obj (.bss.memp_tab_ARP_QUEUE)
                  7007d600    00000004                                                      : memp.obj (.bss.memp_tab_FRAG_PBUF)
                  7007d604    00000004                                                      : memp.obj (.bss.memp_tab_IGMP_GROUP)
                  7007d608    00000004                                                      : memp.obj (.bss.memp_tab_NETBUF)
                  7007d60c    00000004                                                      : memp.obj (.bss.memp_tab_NETCONN)
                  7007d610    00000004                                                      : memp.obj (.bss.memp_tab_NETDB)
                  7007d614    00000004                                                      : memp.obj (.bss.memp_tab_PBUF)
                  7007d618    00000004                                                      : memp.obj (.bss.memp_tab_PBUF_POOL)
                  7007d61c    00000004                                                      : memp.obj (.bss.memp_tab_POOL_128)
                  7007d620    00000004                                                      : memp.obj (.bss.memp_tab_POOL_1568)
                  7007d624    00000004                                                      : memp.obj (.bss.memp_tab_POOL_4096)
                  7007d628    00000004                                                      : memp.obj (.bss.memp_tab_RAW_PCB)
                  7007d62c    00000004                                                      : memp.obj (.bss.memp_tab_REASSDATA)
                  7007d630    00000004     ti_enet_lwipif.o (.bss.memp_tab_RX_POOL)
                  7007d634    00000004     lwip-freertos.am263px.r5f.ti-arm-clang.debug.lib : memp.obj (.bss.memp_tab_SYS_MBOX)
                  7007d638    00000004                                                      : memp.obj (.bss.memp_tab_SYS_TIMEOUT)
                  7007d63c    00000004                                                      : memp.obj (.bss.memp_tab_TCPIP_MSG_API)
                  7007d640    00000004                                                      : memp.obj (.bss.memp_tab_TCPIP_MSG_INPKT)
                  7007d644    00000004                                                      : memp.obj (.bss.memp_tab_TCP_PCB)
                  7007d648    00000004                                                      : memp.obj (.bss.memp_tab_TCP_PCB_LISTEN)
                  7007d64c    00000004                                                      : memp.obj (.bss.memp_tab_TCP_SEG)
                  7007d650    00000004                                                      : memp.obj (.bss.memp_tab_UDP_PCB)
                  7007d654    00000004                                                      : timeouts.obj (.bss.next_timeout)
                  7007d658    00000004     freertos.am263px.r5f.ti-arm-clang.debug.lib : timers.obj (.bss.pxCurrentTimerList)
                  7007d65c    00000004                                                 : tasks.obj (.bss.pxDelayedTaskList)
                  7007d660    00000004                                                 : tasks.obj (.bss.pxOverflowDelayedTaskList)
                  7007d664    00000004                                                 : timers.obj (.bss.pxOverflowTimerList)
                  7007d668    00000004     lwip-freertos.am263px.r5f.ti-arm-clang.debug.lib : raw.obj (.bss.raw_pcbs)
                  7007d66c    00000004                                                      : ip4_frag.obj (.bss.reassdatagrams)
                  7007d670    00000004                                                      : tcp_in.obj (.bss.recv_data)
                  7007d674    00000004                                                      : tcp_in.obj (.bss.seqno)
                  7007d678    00000004                                                      : sys_arch.obj (.bss.sys_arch_protect_mutex)
                  7007d67c    00000004                                                      : sys_arch.obj (.bss.sys_arch_protect_nesting)
                  7007d680    00000004     libc.a : memory.c.obj (.bss.sys_free)
                  7007d684    00000004     lwip-freertos.am263px.r5f.ti-arm-clang.debug.lib : tcp_in.obj (.bss.tcphdr)
                  7007d688    00000004                                                      : tcp_in.obj (.bss.tcphdr_opt2)
                  7007d68c    00000004                                                      : tcpip.obj (.bss.tcpip_init_done)
                  7007d690    00000004                                                      : tcpip.obj (.bss.tcpip_init_done_arg)
                  7007d694    00000004                                                      : tcpip.obj (.bss.tcpip_mbox)
                  7007d698    00000004                                                      : timeouts.obj (.bss.tcpip_tcp_timer_active)
                  7007d69c    00000004     freertos.am263px.r5f.ti-arm-clang.debug.lib : tasks.obj (.bss.xIdleTaskHandles)
                  7007d6a0    00000004     (.common:gEepromHandle)
                  7007d6a4    00000004     (.common:gI2cHandle)
                  7007d6a8    00000004     (.common:gInterface)
                  7007d6ac    00000004     (.common:gUartHandle)
                  7007d6b0    00000004     (.common:lock_tcpip_core)
                  7007d6b4    00000004     (.common:netif_default)
                  7007d6b8    00000004     (.common:netif_list)
                  7007d6bc    00000004     (.common:tcp_active_pcbs)
                  7007d6c0    00000004     (.common:tcp_bound_pcbs)
                  7007d6c4    00000004     (.common:tcp_input_pcb)
                  7007d6c8    00000004     (.common:tcp_listen_pcbs)
                  7007d6cc    00000004     (.common:tcp_ticks)
                  7007d6d0    00000004     (.common:tcp_tw_pcbs)
                  7007d6d4    00000004     (.common:udp_pcbs)
                  7007d6d8    00000028     --HOLE--

.sysmem    0    7007d700    00030d40     UNINITIALIZED
                  7007d700    00000010     libc.a : memory.c.obj (.sysmem)
                  7007d710    00030d30     --HOLE--

.stack     0    700ae440    00002000     UNINITIALIZED
                  700ae440    00000004     freertos.am263px.r5f.ti-arm-clang.debug.lib : boot_armv7r_asm.obj (.stack)
                  700ae444    00001ffc     --HOLE--

.text      0    700b0440    00054900     
                  700b0440    000011da     lwip-freertos.am263px.r5f.ti-arm-clang.debug.lib : tcp_in.obj (.text.tcp_receive)
                  700b161a    00000002     --HOLE-- [fill = 0]
                  700b161c    00000fc0     libc.a : _printfi.c.obj (.text:__TI_printfi)
                  700b25dc    00000004     libclang_rt.builtins.a : aeabi_div0.c.obj (.text.__aeabi_idiv0)
                  700b25e0    00000c3e     lwip-freertos.am263px.r5f.ti-arm-clang.debug.lib : tcp_in.obj (.text.tcp_input)
                  700b321e    00000002     --HOLE-- [fill = 0]
                  700b3220    00000ad8                                                      : tcp_in.obj (.text.tcp_process)
                  700b3cf8    00000008     libsysbm.a : hostexit.c.obj (.text.HOSTexit)
                  700b3d00    00000abe     enet-cpsw.am263px.r5f.ti-arm-clang.freertos.debug.lib : enet_cpdma.obj (.text.EnetCpdma_dequeueTx)
                  700b47be    00000002     --HOLE-- [fill = 0]
                  700b47c0    00000a34     freertos.am263px.r5f.ti-arm-clang.debug.lib : printf.obj (.text._vsnprintf)
                  700b51f4    0000000c     libc.a : aeabi_portable.c.obj (.text.__aeabi_errno_addr)
                  700b5200    0000099a     enet-cpsw.am263px.r5f.ti-arm-clang.freertos.debug.lib : enet_cpdma.obj (.text.EnetCpdma_dequeueRx)
                  700b5b9a    00000002     --HOLE-- [fill = 0]
                  700b5b9c    00000004     libclang_rt.builtins.a : aeabi_div0.c.obj (.text.__aeabi_ldiv0)
                  700b5ba0    00000960     lwip-freertos.am263px.r5f.ti-arm-clang.debug.lib : tcp.obj (.text.tcp_slowtmr)
                  700b6500    000007a4     drivers.am263px.r5f.ti-arm-clang.freertos.debug.lib : i2c_v1_lld.obj (.text.I2C_lld_primeTransferPoll)
                  700b6ca4    0000000c     libclang_rt.builtins.a : aeabi_memset.S.obj (.text.__aeabi_memclr)
                  700b6cb0    00000678     drivers.am263px.r5f.ti-arm-clang.freertos.debug.lib : soc_rcm.obj (.text.SOC_rcmGetClkSrcAndDivReg)
                  700b7328    00000004     libclang_rt.builtins.a : aeabi_memcpy.S.obj (.text.__aeabi_memcpy)
                  700b732c    00000004     libc.a : _lock.c.obj (.text._nop)
                  700b7330    00000654     lwip-freertos.am263px.r5f.ti-arm-clang.debug.lib : dhcp.obj (.text.dhcp_parse_reply)
                  700b7984    0000000c     libc.a : memory.c.obj (.text.malloc)
                  700b7990    00000638     drivers.am263px.r5f.ti-arm-clang.freertos.debug.lib : soc_rcm.obj (.text.SOC_rcmEnablePeripheralClock)
                  700b7fc8    00000004     libc.a : fseek.c.obj (.text.fseek)
                  700b7fcc    00000004     libsysbm.a : remove.c.obj (.text.remove)
                  700b7fd0    00000610     lwipif-cpsw-freertos.am263px.r5f.ti-arm-clang.debug.lib : lwip2enet.obj (.text.Lwip2Enet_open)
                  700b85e0    00000606     enet-cpsw.am263px.r5f.ti-arm-clang.freertos.debug.lib : enet_cpdma.obj (.text.EnetCpdma_enqueueRx)
                  700b8be6    0000000a     --HOLE-- [fill = 0]
                  700b8bf0    000005e2     freertos.am263px.r5f.ti-arm-clang.debug.lib : printf.obj (.text._ftoa)
                  700b91d2    00000002     --HOLE-- [fill = 0]
                  700b91d4    0000000c                                                 : CpuId_armv7r_asm.obj (.text)
                  700b91e0    000005a0     ccu_log.o (.text.ccu_log_push_v)
                  700b9780    00000552     enet-cpsw.am263px.r5f.ti-arm-clang.freertos.debug.lib : cpsw_ale.obj (.text.CpswAle_open)
                  700b9cd2    0000000e     --HOLE-- [fill = 0]
                  700b9ce0    0000054c     lwip-freertos.am263px.r5f.ti-arm-clang.debug.lib : ip4.obj (.text.ip4_input)
                  700ba22c    00000004     --HOLE-- [fill = 0]
                  700ba230    0000050e                                                      : icmp.obj (.text.icmp_input)
                  700ba73e    00000002     --HOLE-- [fill = 0]
                  700ba740    00000508     main.o (.text.udp_tx_task)
                  700bac48    00000008     --HOLE-- [fill = 0]
                  700bac50    00000506     enet-cpsw.am263px.r5f.ti-arm-clang.freertos.debug.lib : enet_cpdma.obj (.text.EnetCpdma_enqueueTx)
                  700bb156    0000000a     --HOLE-- [fill = 0]
                  700bb160    000004d8     lwip-freertos.am263px.r5f.ti-arm-clang.debug.lib : tcp_out.obj (.text.tcp_output)
                  700bb638    00000008     --HOLE-- [fill = 0]
                  700bb640    000004b0     freertos.am263px.r5f.ti-arm-clang.debug.lib : printf.obj (.text._etoa)
                  700bbaf0    000004ae     lwip-freertos.am263px.r5f.ti-arm-clang.debug.lib : udp.obj (.text.udp_input)
                  700bbf9e    00000002     --HOLE-- [fill = 0]
                  700bbfa0    00000492                                                      : etharp.obj (.text.etharp_query)
                  700bc432    0000000e     --HOLE-- [fill = 0]
                  700bc440    0000048a                                                      : etharp.obj (.text.etharp_find_entry)
                  700bc8ca    00000006     --HOLE-- [fill = 0]
                  700bc8d0    00000486                                                      : ip4_frag.obj (.text.ip4_reass)
                  700bcd56    0000000a     --HOLE-- [fill = 0]
                  700bcd60    00000466     board.am263px.r5f.ti-arm-clang.freertos.debug.lib : dp83869.obj (.text.Dp83869_printRegs)
                  700bd1c6    0000000a     --HOLE-- [fill = 0]
                  700bd1d0    00000446     enet-cpsw.am263px.r5f.ti-arm-clang.freertos.debug.lib : cpsw_macport.obj (.text.CpswMacPort_open)
                  700bd616    0000000a     --HOLE-- [fill = 0]
                  700bd620    0000043e                                                           : enet_rm.obj (.text.EnetRm_detachCore)
                  700bda5e    00000002     --HOLE-- [fill = 0]
                  700bda60    00000404     drivers.am263px.r5f.ti-arm-clang.freertos.debug.lib : uart_v0.obj (.text.UART_open)
                  700bde64    0000000c     --HOLE-- [fill = 0]
                  700bde70    000003e8     xgw_udp_interface.o (.text.xgw_udp_send_motor_states)
                  700be258    00000008     --HOLE-- [fill = 0]
                  700be260    000003e2     enet-cpsw.am263px.r5f.ti-arm-clang.freertos.debug.lib : enet_rm.obj (.text.EnetRm_close)
                  700be642    0000000e     --HOLE-- [fill = 0]
                  700be650    000003dc     drivers.am263px.r5f.ti-arm-clang.freertos.debug.lib : ipc_notify_v1.obj (.text.IpcNotify_init)
                  700bea2c    00000004     --HOLE-- [fill = 0]
                  700bea30    000003d2                                                         : soc.obj (.text.SOC_phyToVirt)
                  700bee02    0000000e     --HOLE-- [fill = 0]
                  700bee10    000003c8     ccu_log.o (.text.logger_pop_and_flush)
                  700bf1d8    00000008     --HOLE-- [fill = 0]
                  700bf1e0    000003be     lwip-freertos.am263px.r5f.ti-arm-clang.debug.lib : ip4_frag.obj (.text.ip_reass_chain_frag_into_datagram_and_validate)
                  700bf59e    00000002     --HOLE-- [fill = 0]
                  700bf5a0    000003ba                                                      : udp.obj (.text.udp_sendto_if_src)
                  700bf95a    00000006     --HOLE-- [fill = 0]
                  700bf960    000003b0                                                      : tcp_out.obj (.text.tcp_split_unsent_seg)
                  700bfd10    000003a2     enet-cpsw.am263px.r5f.ti-arm-clang.freertos.debug.lib : cpsw.obj (.text.Cpsw_registerIntrs)
                  700c00b2    0000000e     --HOLE-- [fill = 0]
                  700c00c0    00000398                                                           : mdio.obj (.text.Mdio_open)
                  700c0458    00000008     --HOLE-- [fill = 0]
                  700c0460    00000390     libc.a : strcmp32.S.obj (.text:strcmp)
                  700c07f0    00000380     lwip-freertos.am263px.r5f.ti-arm-clang.debug.lib : ip4_frag.obj (.text.ip4_frag)
                  700c0b70    0000036e     enet-cpsw.am263px.r5f.ti-arm-clang.freertos.debug.lib : cpsw.obj (.text.Cpsw_handleLinkDown)
                  700c0ede    00000002     --HOLE-- [fill = 0]
                  700c0ee0    0000036a                                                           : enet_appmemutils.obj (.text.EnetMem_initCore)
                  700c124a    00000006     --HOLE-- [fill = 0]
                  700c1250    00000362     lwipif-cpsw-freertos.am263px.r5f.ti-arm-clang.debug.lib : lwip2enet.obj (.text.Lwip2Enet_prepRxPktQ)
                  700c15b2    0000000e     --HOLE-- [fill = 0]
                  700c15c0    00000356     drivers.am263px.r5f.ti-arm-clang.freertos.debug.lib : i2c_v1.obj (.text.I2C_open)
                  700c1916    0000000a     --HOLE-- [fill = 0]
                  700c1920    0000034a     enet-cpsw.am263px.r5f.ti-arm-clang.freertos.debug.lib : cpsw.obj (.text.Cpsw_openInternal)
                  700c1c6a    00000006     --HOLE-- [fill = 0]
                  700c1c70    0000033a                                                           : cpsw_ioctl.obj (.text.Cpsw_openPortLinkNoPhy)
                  700c1faa    00000006     --HOLE-- [fill = 0]
                  700c1fb0    00000330                                                           : cpsw.obj (.text.Cpsw_open)
                  700c22e0    00000326     lwip-freertos.am263px.r5f.ti-arm-clang.debug.lib : ip4.obj (.text.ip4_output_if_opt_src)
                  700c2606    0000000a     --HOLE-- [fill = 0]
                  700c2610    00000320     motor_mapping.o (.text.motor_mapping_init_core0)
                  700c2930    0000031e     lwip-freertos.am263px.r5f.ti-arm-clang.debug.lib : tcp_out.obj (.text.tcp_enqueue_flags)
                  700c2c4e    00000002     --HOLE-- [fill = 0]
                  700c2c50    00000302     drivers.am263px.r5f.ti-arm-clang.freertos.debug.lib : soc.obj (.text.SOC_virtToPhy)
                  700c2f52    0000000e     --HOLE-- [fill = 0]
                  700c2f60    000002f8     lwip-freertos.am263px.r5f.ti-arm-clang.debug.lib : pbuf.obj (.text.pbuf_alloc)
                  700c3258    00000008     --HOLE-- [fill = 0]
                  700c3260    000002f2     enet-cpsw.am263px.r5f.ti-arm-clang.freertos.debug.lib : enet_cpdma.obj (.text.EnetCpdma_open)
                  700c3552    0000000e     --HOLE-- [fill = 0]
                  700c3560    000002e6                                                           : csl_cpsw.obj (.text.CSL_CPSW_setPortRxDscpMap)
                  700c3846    0000000a     --HOLE-- [fill = 0]
                  700c3850    000002e6     ti_enet_open_close.o (.text.EnetApp_driverOpen)
                  700c3b36    0000000a     --HOLE-- [fill = 0]
                  700c3b40    000002de     lwip-freertos.am263px.r5f.ti-arm-clang.debug.lib : etharp.obj (.text.etharp_output)
                  700c3e1e    00000002     --HOLE-- [fill = 0]
                  700c3e20    000002da     enet-cpsw.am263px.r5f.ti-arm-clang.freertos.debug.lib : cpsw.obj (.text.Cpsw_periodicTick)
                  700c40fa    00000006     --HOLE-- [fill = 0]
                  700c4100    000002d6     syslog.o (.text.format_syslog_message)
                  700c43d6    0000000a     --HOLE-- [fill = 0]
                  700c43e0    000002d2     enet-cpsw.am263px.r5f.ti-arm-clang.freertos.debug.lib : enetphy.obj (.text.EnetPhy_enableState)
                  700c46b2    0000000e     --HOLE-- [fill = 0]
                  700c46c0    000002bc     lwip-freertos.am263px.r5f.ti-arm-clang.debug.lib : tcp_out.obj (.text.tcp_output_segment)
                  700c497c    00000004     --HOLE-- [fill = 0]
                  700c4980    000002ba     drivers.am263px.r5f.ti-arm-clang.freertos.debug.lib : i2c_v1_lld.obj (.text.I2C_lld_controllerIsr)
                  700c4c3a    00000006     --HOLE-- [fill = 0]
                  700c4c40    000002ba     lwip-freertos.am263px.r5f.ti-arm-clang.debug.lib : pbuf.obj (.text.pbuf_copy_partial_pbuf)
                  700c4efa    00000006     --HOLE-- [fill = 0]
                  700c4f00    000002b8     enet-cpsw.am263px.r5f.ti-arm-clang.freertos.debug.lib : cpsw.obj (.text.Cpsw_handleLinkUp)
                  700c51b8    00000008     --HOLE-- [fill = 0]
                  700c51c0    000002ac     xgw_udp_interface.o (.text.xgw_udp_process_motor_set)
                  700c546c    00000004     --HOLE-- [fill = 0]
                  700c5470    000002aa     lwip-freertos.am263px.r5f.ti-arm-clang.debug.lib : netif.obj (.text.netif_add)
                  700c571a    00000006     --HOLE-- [fill = 0]
                  700c5720    000002a8     enet-cpsw.am263px.r5f.ti-arm-clang.freertos.debug.lib : cpsw_ale.obj (.text.CpswAle_addVlan)
                  700c59c8    00000008     --HOLE-- [fill = 0]
                  700c59d0    000002a6     main.o (.text.freertos_main)
                  700c5c76    0000000a     --HOLE-- [fill = 0]
                  700c5c80    0000029e     lwip-freertos.am263px.r5f.ti-arm-clang.debug.lib : tcp_in.obj (.text.tcp_listen_input)
                  700c5f1e    00000002     --HOLE-- [fill = 0]
                  700c5f20    0000029a     drivers.am263px.r5f.ti-arm-clang.freertos.debug.lib : i2c_v1_lld.obj (.text.I2C_lld_targetIsr)
                  700c61ba    00000006     --HOLE-- [fill = 0]
                  700c61c0    00000296     lwip-freertos.am263px.r5f.ti-arm-clang.debug.lib : tcp.obj (.text.tcp_close_shutdown)
                  700c6456    0000000a     --HOLE-- [fill = 0]
                  700c6460    00000290     enet-cpsw.am263px.r5f.ti-arm-clang.freertos.debug.lib : cpsw.obj (.text.Cpsw_registerIoctlHandler)
                  700c66f0    0000028e                                                           : csl_cpsw.obj (.text.CSL_CPSW_setAlePolicerEntry)
                  700c697e    00000002     --HOLE-- [fill = 0]
                  700c6980    00000286                                                           : csl_cpsw.obj (.text.CSL_CPSW_getAlePolicerEntry)
                  700c6c06    0000000a     --HOLE-- [fill = 0]
                  700c6c10    00000286     test.o (.text.test_netif_init)
                  700c6e96    00000002     --HOLE-- [fill = 0]
                  700c6e98    00000280     libc.a : _printfi.c.obj (.text._pconv_a)
                  700c7118    00000008     --HOLE-- [fill = 0]
                  700c7120    0000027e     enet-cpsw.am263px.r5f.ti-arm-clang.freertos.debug.lib : cpsw_ale.obj (.text.CpswAle_findVlan)
                  700c739e    00000002     --HOLE-- [fill = 0]
                  700c73a0    0000027e     drivers.am263px.r5f.ti-arm-clang.freertos.debug.lib : uart_dma_edma.obj (.text.UART_edmaChInit)
                  700c761e    00000002     --HOLE-- [fill = 0]
                  700c7620    0000027a     enet-cpsw.am263px.r5f.ti-arm-clang.freertos.debug.lib : cpsw.obj (.text.Cpsw_ioctl)
                  700c789a    00000006     --HOLE-- [fill = 0]
                  700c78a0    00000266                                                           : cpsw_est_ioctl.obj (.text.CpswEst_ioctl_handler_ENET_TAS_IOCTL_SET_STATE)
                  700c7b06    0000000a     --HOLE-- [fill = 0]
                  700c7b10    00000266     freertos.am263px.r5f.ti-arm-clang.debug.lib : tasks.obj (.text.xTaskIncrementTick)
                  700c7d76    0000000a     --HOLE-- [fill = 0]
                  700c7d80    0000025a     lwip-freertos.am263px.r5f.ti-arm-clang.debug.lib : ip4_frag.obj (.text.ip_reass_free_complete_datagram)
                  700c7fda    00000006     --HOLE-- [fill = 0]
                  700c7fe0    0000025a     freertos.am263px.r5f.ti-arm-clang.debug.lib : tasks.obj (.text.xTaskResumeAll)
                  700c823a    00000006     --HOLE-- [fill = 0]
                  700c8240    00000254     lwip-freertos.am263px.r5f.ti-arm-clang.debug.lib : igmp.obj (.text.igmp_input)
                  700c8494    0000000c     --HOLE-- [fill = 0]
                  700c84a0    00000250     drivers.am263px.r5f.ti-arm-clang.freertos.debug.lib : edma.obj (.text.Alloc_resource)
                  700c86f0    0000024c     enet-cpsw.am263px.r5f.ti-arm-clang.freertos.debug.lib : cpsw_macport_ioctl.obj (.text.CpswMacPort_enablePort)
                  700c893c    00000004     --HOLE-- [fill = 0]
                  700c8940    0000024c     xgw_udp_interface.o (.text.xgw_udp_process_motor_cmd)
                  700c8b8c    00000004     --HOLE-- [fill = 0]
                  700c8b90    00000246     lwip-freertos.am263px.r5f.ti-arm-clang.debug.lib : dns.obj (.text.dns_send)
                  700c8dd6    0000000a     --HOLE-- [fill = 0]
                  700c8de0    00000242     enet-cpsw.am263px.r5f.ti-arm-clang.freertos.debug.lib : enetphy.obj (.text.EnetPhy_bindDriver)
                  700c9022    0000000e     --HOLE-- [fill = 0]
                  700c9030    00000242     drivers.am263px.r5f.ti-arm-clang.freertos.debug.lib : uart_v0_lld.obj (.text.UART_fifoConfig)
                  700c9272    0000000e     --HOLE-- [fill = 0]
                  700c9280    00000240     main.o (.text.core0_init)
                  700c94c0    0000023e     enet-cpsw.am263px.r5f.ti-arm-clang.freertos.debug.lib : cpsw_cpts_ioctl.obj (.text.CpswCpts_handleEvents)
                  700c96fe    00000002     --HOLE-- [fill = 0]
                  700c9700    0000023e     freertos.am263px.r5f.ti-arm-clang.debug.lib : printf.obj (.text._ntoa_format)
                  700c993e    00000002     --HOLE-- [fill = 0]
                  700c9940    00000238     libc.a : _printfi.c.obj (.text._pconv_g)
                  700c9b78    00000008     --HOLE-- [fill = 0]
                  700c9b80    00000234     enet-cpsw.am263px.r5f.ti-arm-clang.freertos.debug.lib : cpsw_hostport.obj (.text.CpswHostPort_open)
                  700c9db4    0000000c     --HOLE-- [fill = 0]
                  700c9dc0    00000230                                                           : enet_appmemutils.obj (.text.EnetMem_allocEthPkt)
                  700c9ff0    00000230     main.o (.text.build_and_send_udp_packet)
                  700ca220    0000022c     enet-cpsw.am263px.r5f.ti-arm-clang.freertos.debug.lib : enet_cpdma_priv.obj (.text.EnetCpdma_memMgrInit)
                  700ca44c    00000004     --HOLE-- [fill = 0]
                  700ca450    0000022a     lwipif-cpsw-freertos.am263px.r5f.ti-arm-clang.debug.lib : lwip2lwipif.obj (.text.LWIPIF_LWIP_getChkSumInfo)
                  700ca67a    00000006     --HOLE-- [fill = 0]
                  700ca680    0000022a     lwip-freertos.am263px.r5f.ti-arm-clang.debug.lib : dhcp.obj (.text.dhcp_select)
                  700ca8aa    00000006     --HOLE-- [fill = 0]
                  700ca8b0    00000226     drivers.am263px.r5f.ti-arm-clang.freertos.debug.lib : uart_dma_edma.obj (.text.UART_lld_dmaDeInit)
                  700caad6    0000000a     --HOLE-- [fill = 0]
                  700caae0    00000222                                                         : ipc_notify_v1.obj (.text.IpcNotify_isr)
                  700cad02    0000000e     --HOLE-- [fill = 0]
                  700cad10    00000222     xgw_udp_interface.o (.text.xgw_udp_send_imu_state)
                  700caf32    0000000e     --HOLE-- [fill = 0]
                  700caf40    00000220     enet-cpsw.am263px.r5f.ti-arm-clang.freertos.debug.lib : enet_cpdma.obj (.text.EnetCpdma_closeTxCh)
                  700cb160    00000220                                                           : enet_rm_ioctl.obj (.text.EnetRm_allocMacAddr)
                  700cb380    00000220     freertos.am263px.r5f.ti-arm-clang.debug.lib : tasks.obj (.text.vTaskGenericNotifyGiveFromISR)
                  700cb5a0    00000220                                                 : queue.obj (.text.xQueueGenericSend)
                  700cb7c0    0000021c     xgw_udp_interface.o (.text.udp_rx_task)
                  700cb9dc    00000004     --HOLE-- [fill = 0]
                  700cb9e0    0000021a     enet-cpsw.am263px.r5f.ti-arm-clang.freertos.debug.lib : cpsw_stats.obj (.text.CpswStats_open)
                  700cbbfa    00000006     --HOLE-- [fill = 0]
                  700cbc00    0000020a     lwip-freertos.am263px.r5f.ti-arm-clang.debug.lib : tcp.obj (.text.tcp_pcb_remove)
                  700cbe0a    00000006     --HOLE-- [fill = 0]
                  700cbe10    0000020a     freertos.am263px.r5f.ti-arm-clang.debug.lib : queue.obj (.text.xQueueSemaphoreTake)
                  700cc01a    00000006     --HOLE-- [fill = 0]
                  700cc020    00000206     enet-cpsw.am263px.r5f.ti-arm-clang.freertos.debug.lib : cpsw_cpts.obj (.text.CpswCpts_open)
                  700cc226    0000000a     --HOLE-- [fill = 0]
                  700cc230    00000206                                                           : enet_cpdma.obj (.text.EnetCpdma_closeRxCh)
                  700cc436    0000000a     --HOLE-- [fill = 0]
                  700cc440    00000206     lwip-freertos.am263px.r5f.ti-arm-clang.debug.lib : dhcp.obj (.text.dhcp_recv)
                  700cc646    0000000a     --HOLE-- [fill = 0]
                  700cc650    00000204     enet-cpsw.am263px.r5f.ti-arm-clang.freertos.debug.lib : enetphy.obj (.text.EnetPhy_open)
                  700cc854    0000000c     --HOLE-- [fill = 0]
                  700cc860    000001fe                                                           : cpsw_stats_ioctl.obj (.text.CpswStats_readHostStats)
                  700cca5e    00000002     --HOLE-- [fill = 0]
                  700cca60    000001fe     lwip-freertos.am263px.r5f.ti-arm-clang.debug.lib : pbuf.obj (.text.pbuf_free)
                  700ccc5e    00000002     --HOLE-- [fill = 0]
                  700ccc60    000001f6                                                      : dhcp.obj (.text.dhcp_create_msg)
                  700cce56    0000000a     --HOLE-- [fill = 0]
                  700cce60    000001f2     drivers.am263px.r5f.ti-arm-clang.freertos.debug.lib : i2c_v1.obj (.text.I2C_primeTransfer)
                  700cd052    0000000e     --HOLE-- [fill = 0]
                  700cd060    000001f2                                                         : i2c_v1.obj (.text.I2C_transfer)
                  700cd252    0000000e     --HOLE-- [fill = 0]
                  700cd260    000001ee     enet-cpsw.am263px.r5f.ti-arm-clang.freertos.debug.lib : cpsw_ale.obj (.text.CpswAle_setAleCfg)
                  700cd44e    00000002     --HOLE-- [fill = 0]
                  700cd450    000001ee                                                           : cpsw_ioctl.obj (.text.Cpsw_openPortLinkWithPhy)
                  700cd63e    00000002     --HOLE-- [fill = 0]
                  700cd640    000001ea                                                           : cpsw_hostport.obj (.text.CpswHostPort_ioctl)
                  700cd82a    00000006     --HOLE-- [fill = 0]
                  700cd830    000001ea                                                           : cpsw_stats.obj (.text.CpswStats_ioctl)
                  700cda1a    00000006     --HOLE-- [fill = 0]
                  700cda20    000001ea                                                           : cpsw_ioctl.obj (.text.Cpsw_openPortLink)
                  700cdc0a    00000006     --HOLE-- [fill = 0]
                  700cdc10    000001ea     lwip-freertos.am263px.r5f.ti-arm-clang.debug.lib : tcp.obj (.text.tcp_abandon)
                  700cddfa    00000006     --HOLE-- [fill = 0]
                  700cde00    000001e2     ti_enet_open_close.o (.text.EnetApp_initLinkArgs)
                  700cdfe2    0000000e     --HOLE-- [fill = 0]
                  700cdff0    000001e2     lwip-freertos.am263px.r5f.ti-arm-clang.debug.lib : pbuf.obj (.text.pbuf_realloc)
                  700ce1d2    0000000e     --HOLE-- [fill = 0]
                  700ce1e0    000001e0     enet-cpsw.am263px.r5f.ti-arm-clang.freertos.debug.lib : cpsw_stats_ioctl.obj (.text.CpswStats_readMacStats)
                  700ce3c0    000001e0     lwip-freertos.am263px.r5f.ti-arm-clang.debug.lib : dhcp.obj (.text.dhcp_bind)
                  700ce5a0    000001da     enet-cpsw.am263px.r5f.ti-arm-clang.freertos.debug.lib : enet.obj (.text.Enet_validateIoctl)
                  700ce77a    00000006     --HOLE-- [fill = 0]
                  700ce780    000001d8     freertos.am263px.r5f.ti-arm-clang.debug.lib : queue.obj (.text.xQueueReceive)
                  700ce958    00000008     --HOLE-- [fill = 0]
                  700ce960    000001d6                                                 : TimerP_rti_priv.obj (.text.TimerP_setupPriv)
                  700ceb36    0000000a     --HOLE-- [fill = 0]
                  700ceb40    000001d4     ti_enet_lwipif.o (.text.LwipifEnetAppCb_getRxHandleInfo)
                  700ced14    0000000c     --HOLE-- [fill = 0]
                  700ced20    000001d4     enet-cpsw.am263px.r5f.ti-arm-clang.freertos.debug.lib : mdio.obj (.text.Mdio_ioctl)
                  700ceef4    000001d0     libclang_rt.builtins.a : udivsi3.S.obj (.text.__udivsi3)
                  700cf0c4    0000000c     --HOLE-- [fill = 0]
                  700cf0d0    000001ce     xgw_udp_interface.o (.text.xgw_udp_start)
                  700cf29e    00000002     --HOLE-- [fill = 0]
                  700cf2a0    000001c8     lwip-freertos.am263px.r5f.ti-arm-clang.debug.lib : etharp.obj (.text.etharp_raw)
                  700cf468    00000008     --HOLE-- [fill = 0]
                  700cf470    000001c6     enet-cpsw.am263px.r5f.ti-arm-clang.freertos.debug.lib : enet_rm_ioctl.obj (.text.EnetRm_allocTxChNum)
                  700cf636    0000000a     --HOLE-- [fill = 0]
                  700cf640    000001c6     lwip-freertos.am263px.r5f.ti-arm-clang.debug.lib : tcp_out.obj (.text.tcp_create_segment)
                  700cf806    0000000a     --HOLE-- [fill = 0]
                  700cf810    000001c4     ti_enet_lwipif.o (.text.LwipifEnetApp_startSchedule)
                  700cf9d4    0000000c     --HOLE-- [fill = 0]
                  700cf9e0    000001c2     enet-cpsw.am263px.r5f.ti-arm-clang.freertos.debug.lib : enet.obj (.text.Enet_validateGenericIoctl)
                  700cfba2    0000000e     --HOLE-- [fill = 0]
                  700cfbb0    000001bc     freertos.am263px.r5f.ti-arm-clang.debug.lib : tasks.obj (.text.xTaskRemoveFromEventList)
                  700cfd6c    00000004     --HOLE-- [fill = 0]
                  700cfd70    000001b4     enet-cpsw.am263px.r5f.ti-arm-clang.freertos.debug.lib : enet_rm.obj (.text.EnetRm_open)
                  700cff24    0000000c     --HOLE-- [fill = 0]
                  700cff30    000001b2     lwip-freertos.am263px.r5f.ti-arm-clang.debug.lib : ip4.obj (.text.ip4_forward)
                  700d00e2    0000000e     --HOLE-- [fill = 0]
                  700d00f0    000001b0     enet-cpsw.am263px.r5f.ti-arm-clang.freertos.debug.lib : cpsw_ale.obj (.text.CpswAle_delPolicerEntry)
                  700d02a0    000001b0     lwip-freertos.am263px.r5f.ti-arm-clang.debug.lib : dns.obj (.text.dns_call_found)
                  700d0450    000001ae     ti_enet_open_close.o (.text.EnetApp_ConfigureDscpMapping)
                  700d05fe    00000002     --HOLE-- [fill = 0]
                  700d0600    000001ac     drivers.am263px.r5f.ti-arm-clang.freertos.debug.lib : uart_v0.obj (.text.UART_close)
                  700d07ac    00000004     --HOLE-- [fill = 0]
                  700d07b0    000001aa     enet-cpsw.am263px.r5f.ti-arm-clang.freertos.debug.lib : mdio_ioctl.obj (.text.Mdio_readRegC45)
                  700d095a    00000006     --HOLE-- [fill = 0]
                  700d0960    000001aa     drivers.am263px.r5f.ti-arm-clang.freertos.debug.lib : uart_dma_edma.obj (.text.UART_lld_dmaWrite)
                  700d0b0a    00000006     --HOLE-- [fill = 0]
                  700d0b10    000001aa     lwip-freertos.am263px.r5f.ti-arm-clang.debug.lib : mem.obj (.text.mem_free)
                  700d0cba    00000006     --HOLE-- [fill = 0]
                  700d0cc0    000001a8     enet-cpsw.am263px.r5f.ti-arm-clang.freertos.debug.lib : enet_appmemutils.obj (.text.EnetDma_checkPktState)
                  700d0e68    00000008     --HOLE-- [fill = 0]
                  700d0e70    000001a8     lwipif-cpsw-freertos.am263px.r5f.ti-arm-clang.debug.lib : custom_pbuf.obj (.text.EnetDma_checkPktState)
                  700d1018    00000008     --HOLE-- [fill = 0]
                  700d1020    000001a8                                                             : lwip2enet.obj (.text.EnetDma_checkPktState)
                  700d11c8    000001a8     libc.a : memory.c.obj (.text.free)
                  700d1370    000001a4            : memory.c.obj (.text.aligned_alloc)
                  700d1514    0000000c     --HOLE-- [fill = 0]
                  700d1520    000001a4     freertos.am263px.r5f.ti-arm-clang.debug.lib : timers.obj (.text.prvProcessReceivedCommands)
                  700d16c4    0000000c     --HOLE-- [fill = 0]
                  700d16d0    000001a0     drivers.am263px.r5f.ti-arm-clang.freertos.debug.lib : uart_v0.obj (.text.UART_write)
                  700d1870    000001a0     lwip-freertos.am263px.r5f.ti-arm-clang.debug.lib : pbuf.obj (.text.pbuf_take)
                  700d1a10    000001a0     freertos.am263px.r5f.ti-arm-clang.debug.lib : tasks.obj (.text.vTaskSwitchContext)
                  700d1bb0    0000019e     enet-cpsw.am263px.r5f.ti-arm-clang.freertos.debug.lib : cpsw_ale_ioctl.obj (.text.CpswAle_addMcastAddr)
                  700d1d4e    00000002     --HOLE-- [fill = 0]
                  700d1d50    0000019c     libc.a : fputs.c.obj (.text.fputs)
                  700d1eec    00000004     --HOLE-- [fill = 0]
                  700d1ef0    0000019a     enet-cpsw.am263px.r5f.ti-arm-clang.freertos.debug.lib : cpsw_cpts.obj (.text.CpswCpts_ioctl)
                  700d208a    00000006     --HOLE-- [fill = 0]
                  700d2090    0000019a     lwip-freertos.am263px.r5f.ti-arm-clang.debug.lib : dns.obj (.text.dns_check_entry)
                  700d222a    00000006     --HOLE-- [fill = 0]
                  700d2230    0000019a     freertos.am263px.r5f.ti-arm-clang.debug.lib : tasks.obj (.text.vTaskPriorityDisinheritAfterTimeout)
                  700d23ca    00000006     --HOLE-- [fill = 0]
                  700d23d0    0000019a                                                 : queue.obj (.text.xQueueGenericSendFromISR)
                  700d256a    00000006     --HOLE-- [fill = 0]
                  700d2570    00000198     drivers.am263px.r5f.ti-arm-clang.freertos.debug.lib : uart_v0_lld.obj (.text.UART_lld_controllerIsr)
                  700d2708    00000008     --HOLE-- [fill = 0]
                  700d2710    00000196     lwip-freertos.am263px.r5f.ti-arm-clang.debug.lib : dhcp.obj (.text.dhcp_reboot)
                  700d28a6    0000000a     --HOLE-- [fill = 0]
                  700d28b0    00000194     enet-cpsw.am263px.r5f.ti-arm-clang.freertos.debug.lib : cpsw_ale.obj (.text.CpswAle_ioctl)
                  700d2a44    0000000c     --HOLE-- [fill = 0]
                  700d2a50    00000194                                                           : cpsw_macport.obj (.text.CpswMacPort_ioctl)
                  700d2be4    0000000c     --HOLE-- [fill = 0]
                  700d2bf0    00000192     lwip-freertos.am263px.r5f.ti-arm-clang.debug.lib : ethernet.obj (.text.ethernet_input)
                  700d2d82    0000000e     --HOLE-- [fill = 0]
                  700d2d90    00000192                                                      : tcp_out.obj (.text.tcp_zero_window_probe)
                  700d2f22    0000000e     --HOLE-- [fill = 0]
                  700d2f30    00000190                                                      : etharp.obj (.text.etharp_update_arp_entry)
                  700d30c0    0000018e                                                      : etharp.obj (.text.etharp_input)
                  700d324e    00000002     --HOLE-- [fill = 0]
                  700d3250    0000018a     enet-cpsw.am263px.r5f.ti-arm-clang.freertos.debug.lib : enet_rm.obj (.text.EnetRm_ioctl)
                  700d33da    00000006     --HOLE-- [fill = 0]
                  700d33e0    0000018a     lwip-freertos.am263px.r5f.ti-arm-clang.debug.lib : sys_arch.obj (.text.sys_arch_mbox_fetch)
                  700d356a    00000006     --HOLE-- [fill = 0]
                  700d3570    00000188     freertos.am263px.r5f.ti-arm-clang.debug.lib : ClockP_freertos_r5.obj (.text.ClockP_init)
                  700d36f8    00000008     --HOLE-- [fill = 0]
                  700d3700    00000186     lwip-freertos.am263px.r5f.ti-arm-clang.debug.lib : acd.obj (.text.acd_tmr)
                  700d3886    0000000a     --HOLE-- [fill = 0]
                  700d3890    00000186                                                      : tcp.obj (.text.tcp_alloc)
                  700d3a16    0000000a     --HOLE-- [fill = 0]
                  700d3a20    0000017c     lwipif-cpsw-freertos.am263px.r5f.ti-arm-clang.debug.lib : lwip2enet.obj (.text.Lwip2Enet_close)
                  700d3b9c    00000004     --HOLE-- [fill = 0]
                  700d3ba0    0000017a                                                             : custom_pbuf.obj (.text.custom_pbuf_free)
                  700d3d1a    00000006     --HOLE-- [fill = 0]
                  700d3d20    00000178     freertos.am263px.r5f.ti-arm-clang.debug.lib : DebugP_shmLogReader.obj (.text.DebugP_shmLogReaderGetString)
                  700d3e98    00000008     --HOLE-- [fill = 0]
                  700d3ea0    00000178     enet-cpsw.am263px.r5f.ti-arm-clang.freertos.debug.lib : enet_rm.obj (.text.EnetRm_initRxObj)
                  700d4018    00000008     --HOLE-- [fill = 0]
                  700d4020    00000178     lwipif-cpsw-freertos.am263px.r5f.ti-arm-clang.debug.lib : lwip2enet.obj (.text.Lwip2Enet_periodicFxn)
                  700d4198    00000008     --HOLE-- [fill = 0]
                  700d41a0    00000178     syslog.o (.text.syslog_send_internal)
                  700d4318    00000008     --HOLE-- [fill = 0]
                  700d4320    00000178     test.o (.text.test_init)
                  700d4498    00000008     --HOLE-- [fill = 0]
                  700d44a0    00000178     lwip-freertos.am263px.r5f.ti-arm-clang.debug.lib : udp.obj (.text.udp_bind)
                  700d4618    00000008     --HOLE-- [fill = 0]
                  700d4620    00000176     enet-cpsw.am263px.r5f.ti-arm-clang.freertos.debug.lib : cpsw_macport_est.obj (.text.CpswEst_setState)
                  700d4796    0000000a     --HOLE-- [fill = 0]
                  700d47a0    00000176     lwip-freertos.am263px.r5f.ti-arm-clang.debug.lib : dhcp.obj (.text.dhcp_discover)
                  700d4916    0000000a     --HOLE-- [fill = 0]
                  700d4920    00000176                                                      : icmp.obj (.text.icmp_send_response)
                  700d4a96    0000000a     --HOLE-- [fill = 0]
                  700d4aa0    00000176                                                      : sys_arch.obj (.text.sys_sem_new)
                  700d4c16    0000000a     --HOLE-- [fill = 0]
                  700d4c20    00000174     enet-cpsw.am263px.r5f.ti-arm-clang.freertos.debug.lib : enetphy.obj (.text.EnetPhy_getLinkStatus)
                  700d4d94    0000000c     --HOLE-- [fill = 0]
                  700d4da0    00000172     board.am263px.r5f.ti-arm-clang.freertos.debug.lib : eeprom_cat24m.obj (.text.EEPROM_CAT24M_write)
                  700d4f12    0000000e     --HOLE-- [fill = 0]
                  700d4f20    00000172     lwip-freertos.am263px.r5f.ti-arm-clang.debug.lib : ip4.obj (.text.ip4_route)
                  700d5092    0000000e     --HOLE-- [fill = 0]
                  700d50a0    00000172                                                      : sys_arch.obj (.text.sys_arch_sem_wait)
                  700d5212    0000000e     --HOLE-- [fill = 0]
                  700d5220    00000170     freertos.am263px.r5f.ti-arm-clang.debug.lib : queue.obj (.text.xQueueGiveFromISR)
                  700d5390    0000016c     lwip-freertos.am263px.r5f.ti-arm-clang.debug.lib : etharp.obj (.text.etharp_output_to_arp_index)
                  700d54fc    00000004     --HOLE-- [fill = 0]
                  700d5500    00000168     enet-cpsw.am263px.r5f.ti-arm-clang.freertos.debug.lib : enet_cpdma.obj (.text.EnetCpdma_rxIsrProc)
                  700d5668    00000008     --HOLE-- [fill = 0]
                  700d5670    00000168                                                           : enet_phymdio_dflt.obj (.text.EnetPhyMdioDflt_writeC45)
                  700d57d8    00000008     --HOLE-- [fill = 0]
                  700d57e0    00000166                                                           : enet_cpdma.obj (.text.EnetCpdma_openRxCh)
                  700d5946    0000000a     --HOLE-- [fill = 0]
                  700d5950    00000166     drivers.am263px.r5f.ti-arm-clang.freertos.debug.lib : i2c_v1_lld.obj (.text.I2C_lld_primeTransferIntr)
                  700d5ab6    0000000a     --HOLE-- [fill = 0]
                  700d5ac0    00000166     freertos.am263px.r5f.ti-arm-clang.debug.lib : TaskP_freertos.obj (.text.TaskP_assertParams)
                  700d5c26    0000000a     --HOLE-- [fill = 0]
                  700d5c30    00000166     lwip-freertos.am263px.r5f.ti-arm-clang.debug.lib : mem.obj (.text.mem_malloc)
                  700d5d96    0000000a     --HOLE-- [fill = 0]
                  700d5da0    00000166                                                      : tcp_in.obj (.text.tcp_parseopt)
                  700d5f06    0000000a     --HOLE-- [fill = 0]
                  700d5f10    00000164     board.am263px.r5f.ti-arm-clang.freertos.debug.lib : dp83869.obj (.text.Dp83869_config)
                  700d6074    0000000c     --HOLE-- [fill = 0]
                  700d6080    00000164     enet-cpsw.am263px.r5f.ti-arm-clang.freertos.debug.lib : enet_rm.obj (.text.EnetRm_initHwPushObj)
                  700d61e4    0000000c     --HOLE-- [fill = 0]
                  700d61f0    00000162     drivers.am263px.r5f.ti-arm-clang.freertos.debug.lib : edma.obj (.text.EDMA_unregisterIntr)
                  700d6352    0000000e     --HOLE-- [fill = 0]
                  700d6360    00000162     enet-cpsw.am263px.r5f.ti-arm-clang.freertos.debug.lib : enet_phymdio_dflt.obj (.text.EnetPhyMdioDflt_readC45)
                  700d64c2    0000000e     --HOLE-- [fill = 0]
                  700d64d0    00000160                                                           : csl_cpsw.obj (.text.CSL_CPSW_setAlePortControlReg)
                  700d6630    00000160     drivers.am263px.r5f.ti-arm-clang.freertos.debug.lib : i2c_v1_lld.obj (.text.I2C_lld_init)
                  700d6790    00000160     lwip-freertos.am263px.r5f.ti-arm-clang.debug.lib : inet_chksum.obj (.text.inet_cksum_pseudo_partial_base)
                  700d68f0    00000160                                                      : tcp_in.obj (.text.tcp_free_acked_segments)
                  700d6a50    0000015e     enet-cpsw.am263px.r5f.ti-arm-clang.freertos.debug.lib : enet_cpdma.obj (.text.EnetDma_retrieveRxPktQ)
                  700d6bae    00000002     --HOLE-- [fill = 0]
                  700d6bb0    0000015e     lwip-freertos.am263px.r5f.ti-arm-clang.debug.lib : dhcp.obj (.text.dhcp_renew)
                  700d6d0e    00000002     --HOLE-- [fill = 0]
                  700d6d10    0000015c     enet-cpsw.am263px.r5f.ti-arm-clang.freertos.debug.lib : enet_cpdma.obj (.text.EnetCpdma_txIsr)
                  700d6e6c    00000004     --HOLE-- [fill = 0]
                  700d6e70    0000015c                                                           : enet_rm.obj (.text.EnetRm_initMacObj)
                  700d6fcc    00000004     --HOLE-- [fill = 0]
                  700d6fd0    0000015c     lwip-freertos.am263px.r5f.ti-arm-clang.debug.lib : dhcp.obj (.text.dhcp_rebind)
                  700d712c    00000004     --HOLE-- [fill = 0]
                  700d7130    0000015c     freertos.am263px.r5f.ti-arm-clang.debug.lib : tasks.obj (.text.prvAddNewTaskToReadyList)
                  700d728c    00000004     --HOLE-- [fill = 0]
                  700d7290    0000015c                                                 : tasks.obj (.text.xTaskPriorityInherit)
                  700d73ec    00000004     --HOLE-- [fill = 0]
                  700d73f0    0000015a     enet-cpsw.am263px.r5f.ti-arm-clang.freertos.debug.lib : enet_cpdma.obj (.text.EnetCpdma_netChOpen)
                  700d754a    00000006     --HOLE-- [fill = 0]
                  700d7550    0000015a     lwip-freertos.am263px.r5f.ti-arm-clang.debug.lib : dhcp.obj (.text.dhcp_start)
                  700d76aa    00000006     --HOLE-- [fill = 0]
                  700d76b0    00000158     enet-cpsw.am263px.r5f.ti-arm-clang.freertos.debug.lib : cpsw_ale.obj (.text.CpswAle_initCfg)
                  700d7808    00000008     --HOLE-- [fill = 0]
                  700d7810    00000158     ti_enet_config.o (.text.EnetApp_initializeMacAddrPool)
                  700d7968    00000008     --HOLE-- [fill = 0]
                  700d7970    00000158     enet-cpsw.am263px.r5f.ti-arm-clang.freertos.debug.lib : enet_phymdio_dflt.obj (.text.EnetPhyMdioDflt_writeC22)
                  700d7ac8    00000008     --HOLE-- [fill = 0]
                  700d7ad0    00000158     drivers.am263px.r5f.ti-arm-clang.freertos.debug.lib : soc.obj (.text.SOC_controlModuleUnlockMMR)
                  700d7c28    00000008     --HOLE-- [fill = 0]
                  700d7c30    00000158     lwip-freertos.am263px.r5f.ti-arm-clang.debug.lib : dhcp.obj (.text.dhcp_handle_ack)
                  700d7d88    00000008     --HOLE-- [fill = 0]
                  700d7d90    00000158                                                      : etharp.obj (.text.etharp_tmr)
                  700d7ee8    00000008     --HOLE-- [fill = 0]
                  700d7ef0    00000158                                                      : raw.obj (.text.raw_input)
                  700d8048    00000008     --HOLE-- [fill = 0]
                  700d8050    00000156     enet-cpsw.am263px.r5f.ti-arm-clang.freertos.debug.lib : enet_cpdma.obj (.text.EnetDma_submitTxPktQ)
                  700d81a6    0000000a     --HOLE-- [fill = 0]
                  700d81b0    00000154                                                           : enet_cpdma.obj (.text.EnetDma_retrieveTxPktQ)
                  700d8304    0000000c     --HOLE-- [fill = 0]
                  700d8310    00000152     drivers.am263px.r5f.ti-arm-clang.freertos.debug.lib : uart_v0_lld.obj (.text.UART_lld_initDma)
                  700d8462    0000000e     --HOLE-- [fill = 0]
                  700d8470    00000150     enet-cpsw.am263px.r5f.ti-arm-clang.freertos.debug.lib : enet_phymdio_dflt.obj (.text.EnetPhyMdioDflt_readC22)
                  700d85c0    00000150                                                           : enet_rm.obj (.text.EnetRm_delCoreAttached)
                  700d8710    00000150     libc.a : s_scalbn.c.obj (.text.scalbn)
                  700d8860    0000014e     ti_enet_lwipif.o (.text.LwipifEnetApp_createPollTask)
                  700d89ae    00000002     --HOLE-- [fill = 0]
                  700d89b0    0000014e     lwip-freertos.am263px.r5f.ti-arm-clang.debug.lib : sys_arch.obj (.text.sys_arch_unprotect)
                  700d8afe    00000002     --HOLE-- [fill = 0]
                  700d8b00    0000014e     freertos.am263px.r5f.ti-arm-clang.debug.lib : tasks.obj (.text.xTaskPriorityDisinherit)
                  700d8c4e    00000002     --HOLE-- [fill = 0]
                  700d8c50    0000014c     enet-cpsw.am263px.r5f.ti-arm-clang.freertos.debug.lib : enet_cpdma.obj (.text.EnetDma_submitRxPktQ)
                  700d8d9c    00000004     --HOLE-- [fill = 0]
                  700d8da0    0000014c     freertos.am263px.r5f.ti-arm-clang.debug.lib : queue.obj (.text.xQueueReceiveFromISR)
                  700d8eec    00000004     --HOLE-- [fill = 0]
                  700d8ef0    00000148     enet-cpsw.am263px.r5f.ti-arm-clang.freertos.debug.lib : cpsw_ale.obj (.text.CpswAle_setPolicerPartitionLevel)
                  700d9038    00000148     libc.a : _printfi.c.obj (.text.fcvt)
                  700d9180    00000148     lwip-freertos.am263px.r5f.ti-arm-clang.debug.lib : netif.obj (.text.netif_set_addr)
                  700d92c8    00000008     --HOLE-- [fill = 0]
                  700d92d0    00000148                                                      : tcp_in.obj (.text.tcp_timewait_input)
                  700d9418    00000008     --HOLE-- [fill = 0]
                  700d9420    00000148                                                      : udp.obj (.text.udp_sendto)
                  700d9568    00000008     --HOLE-- [fill = 0]
                  700d9570    00000146     enet-cpsw.am263px.r5f.ti-arm-clang.freertos.debug.lib : cpsw_ioctl.obj (.text.Cpsw_closePortLink)
                  700d96b6    0000000a     --HOLE-- [fill = 0]
                  700d96c0    00000146     lwip-freertos.am263px.r5f.ti-arm-clang.debug.lib : udp.obj (.text.udp_input_local_match)
                  700d9806    0000000a     --HOLE-- [fill = 0]
                  700d9810    00000144     freertos.am263px.r5f.ti-arm-clang.debug.lib : tasks.obj (.text.prvInitialiseNewTask)
                  700d9954    00000144     libc.a : setvbuf.c.obj (.text.setvbuf)
                  700d9a98    00000008     --HOLE-- [fill = 0]
                  700d9aa0    00000144     lwip-freertos.am263px.r5f.ti-arm-clang.debug.lib : tcp.obj (.text.tcp_close_shutdown_fin)
                  700d9be4    0000000c     --HOLE-- [fill = 0]
                  700d9bf0    00000142     enet-cpsw.am263px.r5f.ti-arm-clang.freertos.debug.lib : cpsw_ale_ioctl.obj (.text.CpswAle_delPortUcastEntries)
                  700d9d32    0000000e     --HOLE-- [fill = 0]
                  700d9d40    00000142     freertos.am263px.r5f.ti-arm-clang.debug.lib : DebugP_memTraceLogWriter.obj (.text.DebugP_memLogWriterPutChar)
                  700d9e82    0000000e     --HOLE-- [fill = 0]
                  700d9e90    00000142     lwip-freertos.am263px.r5f.ti-arm-clang.debug.lib : igmp.obj (.text.igmp_lookup_group)
                  700d9fd2    00000006     --HOLE-- [fill = 0]
                  700d9fd8    00000140     libc.a : _printfi.c.obj (.text._pconv_e)
                  700da118    00000008     --HOLE-- [fill = 0]
                  700da120    00000140     lwip-freertos.am263px.r5f.ti-arm-clang.debug.lib : pbuf.obj (.text.pbuf_cat)
                  700da260    0000013e     enet-cpsw.am263px.r5f.ti-arm-clang.freertos.debug.lib : csl_cpsw_ale_9g_tblcfg.obj (.text.CSL_CPSW_setAleVlanUnicastAddrEntry)
                  700da39e    00000002     --HOLE-- [fill = 0]
                  700da3a0    0000013e                                                           : enet_cpdma.obj (.text.EnetCpdma_openTxCh)
                  700da4de    00000002     --HOLE-- [fill = 0]
                  700da4e0    0000013e     drivers.am263px.r5f.ti-arm-clang.freertos.debug.lib : i2c_v1.obj (.text.I2C_mem_primeTransfer)
                  700da61e    00000002     --HOLE-- [fill = 0]
                  700da620    0000013e     lwip-freertos.am263px.r5f.ti-arm-clang.debug.lib : pbuf.obj (.text.pbuf_copy_partial)
                  700da75e    00000002     --HOLE-- [fill = 0]
                  700da760    0000013a     board.am263px.r5f.ti-arm-clang.freertos.debug.lib : dp83869.obj (.text.Dp83869_enableAdvertisement)
                  700da89a    00000006     --HOLE-- [fill = 0]
                  700da8a0    0000013a     drivers.am263px.r5f.ti-arm-clang.freertos.debug.lib : edma.obj (.text.EDMA_isDmaChannelAllocated)
                  700da9da    00000006     --HOLE-- [fill = 0]
                  700da9e0    0000013a     enet-cpsw.am263px.r5f.ti-arm-clang.freertos.debug.lib : enet_phymdio_dflt.obj (.text.EnetPhyMdioDflt_isAlive)
                  700dab1a    00000006     --HOLE-- [fill = 0]
                  700dab20    0000013a                                                           : enet_phymdio_dflt.obj (.text.EnetPhyMdioDflt_isLinked)
                  700dac5a    00000006     --HOLE-- [fill = 0]
                  700dac60    0000013a                                                           : enet.obj (.text.Enet_ioctl)
                  700dad9a    00000006     --HOLE-- [fill = 0]
                  700dada0    0000013a     board.am263px.r5f.ti-arm-clang.freertos.debug.lib : generic_phy.obj (.text.GenericPhy_enableAdvertisement)
                  700daeda    00000006     --HOLE-- [fill = 0]
                  700daee0    0000013a     drivers.am263px.r5f.ti-arm-clang.freertos.debug.lib : i2c_v1_lld.obj (.text.I2C_lld_mem_write)
                  700db01a    00000006     --HOLE-- [fill = 0]
                  700db020    0000013a     lwip-freertos.am263px.r5f.ti-arm-clang.debug.lib : dhcp.obj (.text.dhcp_release_and_stop)
                  700db15a    00000006     --HOLE-- [fill = 0]
                  700db160    00000138     enet-cpsw.am263px.r5f.ti-arm-clang.freertos.debug.lib : cpsw_cpts_ioctl.obj (.text.CpswCpts_ioctl_handler_CPSW_CPTS_IOCTL_SET_ESTF)
                  700db298    00000008     --HOLE-- [fill = 0]
                  700db2a0    00000138     freertos.am263px.r5f.ti-arm-clang.debug.lib : printf.obj (.text._ntoa_long_long)
                  700db3d8    00000008     --HOLE-- [fill = 0]
                  700db3e0    00000136     board.am263px.r5f.ti-arm-clang.freertos.debug.lib : dp83869.obj (.text.Dp83869_disableAdvertisement)
                  700db516    0000000a     --HOLE-- [fill = 0]
                  700db520    00000136     enet-cpsw.am263px.r5f.ti-arm-clang.freertos.debug.lib : enet_appmemutils.obj (.text.EnetMem_initMemObjs)
                  700db656    0000000a     --HOLE-- [fill = 0]
                  700db660    00000136     board.am263px.r5f.ti-arm-clang.freertos.debug.lib : generic_phy.obj (.text.GenericPhy_disableAdvertisement)
                  700db796    0000000a     --HOLE-- [fill = 0]
                  700db7a0    00000136     drivers.am263px.r5f.ti-arm-clang.freertos.debug.lib : uart_v0_lld.obj (.text.UART_procLineStatusErr)
                  700db8d6    0000000a     --HOLE-- [fill = 0]
                  700db8e0    00000136     lwip-freertos.am263px.r5f.ti-arm-clang.debug.lib : tcp_out.obj (.text.tcp_rst_common)
                  700dba16    0000000a     --HOLE-- [fill = 0]
                  700dba20    00000134     drivers.am263px.r5f.ti-arm-clang.freertos.debug.lib : edma.obj (.text.EDMA_registerIntr)
                  700dbb54    0000000c     --HOLE-- [fill = 0]
                  700dbb60    00000134                                                         : uart_v0_lld.obj (.text.UART_writePolling)
                  700dbc94    0000000c     --HOLE-- [fill = 0]
                  700dbca0    00000134     freertos.am263px.r5f.ti-arm-clang.debug.lib : tasks.obj (.text.vTaskDelete)
                  700dbdd4    0000000c     --HOLE-- [fill = 0]
                  700dbde0    00000134     xgw_udp_interface.o (.text.xgw_udp_recv_callback)
                  700dbf14    0000000c     --HOLE-- [fill = 0]
                  700dbf20    00000132     enet-cpsw.am263px.r5f.ti-arm-clang.freertos.debug.lib : csl_cpsw_ale_9g_tblcfg.obj (.text.CSL_CPSW_setAleVlanMcastAddrEntry)
                  700dc052    0000000e     --HOLE-- [fill = 0]
                  700dc060    00000132                                                           : cpsw.obj (.text.Cpsw_dmaMiscIsr)
                  700dc192    0000000e     --HOLE-- [fill = 0]
                  700dc1a0    00000130                                                           : csl_cpsw_ale_9g_tblcfg.obj (.text.CSL_CPSW_setAleUnicastAddrEntry)
                  700dc2d0    00000130                                                           : enet.obj (.text.EnetPer_open)
                  700dc400    00000130     lwip-freertos.am263px.r5f.ti-arm-clang.debug.lib : tcp_in.obj (.text.tcp_oos_insert_segment)
                  700dc530    0000012e                                                      : igmp.obj (.text.igmp_send)
                  700dc65e    00000002     --HOLE-- [fill = 0]
                  700dc660    0000012c     enet-cpsw.am263px.r5f.ti-arm-clang.freertos.debug.lib : enet_osal.obj (.text.EnetOsal_registerIntr)
                  700dc78c    00000004     --HOLE-- [fill = 0]
                  700dc790    0000012c                                                           : enet_rm.obj (.text.EnetRm_validateResPartInfo)
                  700dc8bc    00000004     --HOLE-- [fill = 0]
                  700dc8c0    0000012c     drivers.am263px.r5f.ti-arm-clang.freertos.debug.lib : i2c_v1_lld.obj (.text.I2C_lld_mem_read)
                  700dc9ec    00000004     --HOLE-- [fill = 0]
                  700dc9f0    0000012c                                                         : uart_v0_lld.obj (.text.UART_lld_init)
                  700dcb1c    00000004     --HOLE-- [fill = 0]
                  700dcb20    0000012c     freertos.am263px.r5f.ti-arm-clang.debug.lib : tasks.obj (.text.ulTaskGenericNotifyTake)
                  700dcc4c    00000004     --HOLE-- [fill = 0]
                  700dcc50    0000012a     enet-cpsw.am263px.r5f.ti-arm-clang.freertos.debug.lib : enet_utils.obj (.text.EnetUtils_macToPhyMii)
                  700dcd7a    00000006     --HOLE-- [fill = 0]
[...]
70104cc1  Board_init                                                             
70104ce1  IpcNotify_wait                                                         
70104d01  mem_init                                                               
70104d11  netif_init                                                             
70104d21  vPortConfigTimerForRunTimeStats                                        
70104d31  vPortValidateInterruptPriority                                         
701054ee  gCR5ClkSrcInfoMap                                                      
701054f0  __aeabi_ctype_table_                                                   
701054f0  __aeabi_ctype_table_C                                                  
701055f4  gCacheConfig                                                           
701055fc  gMpuConfig                                                             
70105608  gMpuRegionConfig                                                       
70105818  gMpuRegionSizeInBytes                                                  
70106e20  memp_pools                                                             
701080d8  gADPLLJConfigTbl                                                       
70108b38  lwip_cyclic_timers                                                     
7010cd54  I2C_defaultTransaction                                                 
70112d78  I2C_lld_defaultMessage                                                 
70112e80  gPeripheralClkSrcInfoMap                                               
70113fb0  memp_ALTCP_PCB                                                         
70113fc4  memp_ARP_QUEUE                                                         
70113fd8  memp_FRAG_PBUF                                                         
70113fec  memp_IGMP_GROUP                                                        
70114000  memp_NETBUF                                                            
70114014  memp_NETCONN                                                           
70114028  memp_NETDB                                                             
7011403c  memp_PBUF                                                              
70114050  memp_PBUF_POOL                                                         
70114064  memp_POOL_128                                                          
70114078  memp_POOL_1568                                                         
7011408c  memp_POOL_4096                                                         
701140a0  memp_RAW_PCB                                                           
701140b4  memp_REASSDATA                                                         
701140c8  memp_RX_POOL                                                           
701140dc  memp_SYS_MBOX                                                          
701140f0  memp_SYS_TIMEOUT                                                       
70114104  memp_TCPIP_MSG_API                                                     
70114118  memp_TCPIP_MSG_INPKT                                                   
7011412c  memp_TCP_PCB                                                           
70114140  memp_TCP_PCB_LISTEN                                                    
70114154  memp_TCP_SEG                                                           
70114168  memp_UDP_PCB                                                           
70115230  tcp_pcb_lists                                                          
7011581c  g_EnetApp_dmaChParams                                                  
70115cc4  gEnetPhyDrvTbl                                                         
70115cd4  gXTALInfo                                                              
70115df1  ethbroadcast                                                           
70115df7  ethzero                                                                
70115f74  gCacheL1dCacheLineSize                                                 
70115f78  gCacheL1pCacheLineSize                                                 
70115f7c  gStaticIP                                                              
70115f80  gStaticIPGateway                                                       
70115f84  gStaticIPNetmask                                                       
70115f88  ip_addr_any                                                            
70115f8c  ip_addr_broadcast                                                      
7012e000  gEdmaConfig                                                            
7012e000  gUartDmaHandle                                                         
70132030  gEnetSoc_cpsw3g                                                        
70133b90  gEnetSoc_dmaObj                                                        
701363e0  gEnetSoc_cpsw3gMacObj                                                  
70136780  gEnetCpswCfg                                                           
701376fc  gEnetPhyDrvDp83869                                                     
70137800  gEnetPhyDrvGeneric                                                     
70137904  gIpcNotifyMailboxConfig                                                
70137afc  _ftable                                                                
701386bc  _device                                                                
70138a78  gUartParams                                                            
70138b74  _stream                                                                
70138d58  gEnetSoc_cpsw3gSocCfg                                                  
70138dc0  gEnetMacAddrPool                                                       
70138df0  gSocModulesClockFrequency                                              
70138e58  gClockConfig                                                           
70138eb8  gDmaCfg                                                                
70138f30  gIpcNotifyInterruptConfig_r5fss0_0                                     
70138f78  Cpsw_gSpeedNames                                                       
70138f88  gEepromFxns_CAT24M                                                     
70138f98  gIpcNotifyCoreIntrBitPos                                               
70138fa8  gSocModules                                                            
70138fb8  Cpsw_gDuplexNames                                                      
70138fc4  gAddrTranslateConfig                                                   
70138fdc  gEepromAttrs_CAT24M                                                    
70138fe8  gEepromConfig                                                          
70138ff4  gEnetSoc_perObj                                                        
70139000  gI2cParams                                                             
7013900c  __TI_cleanup_ptr                                                       
70139010  __TI_dtors_ptr                                                         
70139014  gEepromParams                                                          
7013901c  gI2cConfig                                                             
7013902c  gUartConfig                                                            
70139034  FreeRTOS_errno                                                         
70139048  __TI_ft_end                                                            
7013904c  __aeabi_errno                                                          
70139050  _lock                                                                  
70139054  _unlock                                                                
70139070  gDebugLogZone                                                          
70139078  gDebugMemLogSize                                                       
70139084  gDebugP_uartDrvIndex                                                   
70139088  gEdmaConfigNum                                                         
7013908c  gEepromConfigNum                                                       
70139090  gEnetOsalHwiAllocCnt                                                   
70139094  gEnetOsalHwiPeak                                                       
70139098  gEnetOsalSemAllocCnt                                                   
7013909c  gEnetOsalSemPeak                                                       
701390a0  gHwiConfig                                                             
701390a4  gI2cConfigNum                                                          
701390a8  gIpcNotifyInterruptConfigNum_r5fss0_0                                  
701390ac  gIpcTask                                                               
701390b0  gLogReaderTask                                                         
701390b4  gLoggerTask                                                            
701390b8  gMainTask                                                              
701390bc  gUartConfigNum                                                         
701390c0  gUartDmaChConfig                                                       
701390c4  gUdpTxTask                                                             
701390cc  g_netif                                                                
701390d0  g_pbuf_alloc_count                                                     
701390d4  g_pbuf_alloc_fail_count                                                
701390d8  g_pbuf_free_count                                                      
701390e0  g_udp_rx_callback_count                                                
701390ec  g_udp_rx_queue_full                                                    
701390f0  g_udp_rx_queue_success                                                 
701390f8  g_udp_rx_task_packets                                                  
701390fc  g_udp_rx_task_wakeups                                                  
70139100  g_udp_sendto_count                                                     
7013910c  hlwipIfApp                                                             
7013911c  pxCurrentTCB                                                           
70139134  ulPortInterruptNesting                                                 
70139138  ulPortSchedularRunning                                                 
7013913c  ulPortTaskHasFPUContext                                                
70139140  ulPortYieldRequired                                                    
701391d5  gEnetTrace_runtimeLevel                                                
701391d9  isMapAvailable                                                         
701391e1  HwiP_enableInt                                                         
70139221  HwiP_disableInt                                                        
70139281  HwiP_restoreInt                                                        
701392b1  HwiP_clearInt                                                          
701392f1  HwiP_post                                                              
70139331  HwiP_Params_init                                                       
70139361  HwiP_construct                                                         
70139551  HwiP_destruct                                                          
701395c1  HwiP_init                                                              
70139771  HwiP_inISR                                                             
701397a1  HwiP_setVimIrqPriMaskNonAtomic                                         
701397f1  HwiP_setVimIrqPriMaskAtomic                                            
70139891  HwiP_restoreVimIrqPriMask                                              
701398a1  HwiP_irq_handler_c                                                     
70139a41  HwiP_fiq_handler                                                       
70139bb1  HwiP_reserved_handler                                                  
70139bf1  HwiP_undefined_handler_c                                               
70139c11  HwiP_user_undefined_handler_c                                          
70139c31  HwiP_prefetch_abort_handler_c                                          
70139cd1  HwiP_user_prefetch_abort_handler_c                                     
70139d11  HwiP_data_abort_handler_c                                              
70139dd1  HwiP_user_data_abort_handler_c                                         
70139e0c  vPortRestoreTaskContext                                                
70139e44  HwiP_svc_handler                                                       
70139eb4  HwiP_irq_handler                                                       
70139ff8  HwiP_data_abort_handler                                                
7013a03c  HwiP_prefetch_abort_handler                                            
7013a088  HwiP_undefined_handler                                                 
7013a0b8  GET_DFSR                                                               
7013a0c0  GET_ADFSR                                                              
7013a0c8  GET_DFAR                                                               
7013a0d0  GET_IFSR                                                               
7013a0d8  GET_AIFSR                                                              
7013a0e0  GET_IFAR                                                               
7013a0e8  GET_SPSR                                                               
7013a0fc  HwiP_disable                                                           
7013a10c  HwiP_disableFIQ                                                        
7013a11c  HwiP_enable                                                            
7013a12c  HwiP_enableFIQ                                                         
7013a13c  HwiP_restore                                                           
7013a144  HwiP_enableVIC                                                         
7013a154  HwiP_disableVIC                                                        
7013a164  HwiP_getCPSR                                                           
7013a170  CacheP_disableL1d                                                      
7013a198  CacheP_disableL1p                                                      
7013a1b0  CacheP_enableL1d                                                       
7013a1c8  CacheP_enableL1p                                                       
7013a1e0  CacheP_invL1d                                                          
7013a218  CacheP_invL1p                                                          
7013a254  CacheP_invL1dAll                                                       
7013a25c  CacheP_invL1pAll                                                       
7013a264  CacheP_wb                                                              
7013a2a0  CacheP_wbInv                                                           
7013a2dc  CacheP_wbAll                                                           
7013a384  CacheP_wbInvAll                                                        
7013a39c  CacheP_wbInvAllAsm                                                     
7013a43c  CacheP_getEnabled                                                      
7013a474  CacheP_getCacheLevelInfo                                               
7013a480  CacheP_configForceWrThru                                               
7013a4a0  CacheP_setDLFO                                                         
7013a4b1  CacheP_init                                                            
7013a541  CacheP_disable                                                         
7013a591  CacheP_enable                                                          
7013a5d1  CacheP_inv                                                             
7013a611  MpuP_getAttrs                                                          
7013a671  MpuP_RegionAttrs_init                                                  
7013a6a1  MpuP_setRegion                                                         
7013a731  MpuP_isEnable                                                          
7013a741  MpuP_disable                                                           
7013a781  MpuP_enable                                                            
7013a7d1  MpuP_init                                                              
7013a871  MpuP_isUserAuthorizedToAccessMemory                                    
7013a950  MpuP_disableAsm                                                        
7013a968  MpuP_disableBRAsm                                                      
7013a978  MpuP_enableAsm                                                         
7013a990  MpuP_enableBRAsm                                                       
7013a9a0  MpuP_isEnableAsm                                                       
7013a9b4  MpuP_setRegionAsm                                                      
7013a9d0  _c_int00_sbl                                                           
7013a9f4  _c_int00                                                               
7013ab21  _DebugP_assertNoLog                                                    
7013ab51  _system_pre_init                                                       
7013ab81  __mpu_init                                                             
7013ab90  abort                                                                  
7013ab98  __IRQ_STACK_START                                                      
7013ac98  __FIQ_STACK_START                                                      
7013ac98  __IRQ_STACK_END                                                        
7013ad98  __FIQ_STACK_END                                                        
7013ad98  __SVC_STACK_START                                                      
7013bd98  __ABORT_STACK_START                                                    
7013bd98  __SVC_STACK_END                                                        
7013be98  __ABORT_STACK_END                                                      
7013be98  __UNDEFINED_STACK_START                                                
7013bf98  __UNDEFINED_STACK_END                                                  
70200000  gGatewaySharedMem                                                      
70206ecc  dbg_ipc_recv_count                                                     
70206ed0  dbg_udp_rx_count                                                       
70206ed4  dbg_udp_tx_count                                                       
70206ed8  dbg_error_count                                                        
70206edc  dbg_last_error_code                                                    
70206ee0  dbg_imu_frame_count                                                    
70208000  gDebugShmLog                                                           
ffffffff  __TI_pprof_out_hndl                                                    
ffffffff  __TI_prof_data_size                                                    
ffffffff  __TI_prof_data_start                                                   
ffffffff  __binit__                                                              
ffffffff  binit                                                                  
UNDEFED   __TI_CINIT_Base                                                        
UNDEFED   __TI_CINIT_Limit                                                       
UNDEFED   __TI_Handler_Table_Base                                                
UNDEFED   __TI_Handler_Table_Limit                                               
UNDEFED   _system_post_cinit                                                     

[1446 symbols]
