******************************************************************************
            TI ARM Clang Linker PC v4.0.4                      
******************************************************************************
>> Linked Thu Mar 26 17:59:18 2026

OUTPUT FILE NAME:   <ccu_ti_multi_core_freertos.out>
ENTRY POINT SYMBOL: "_vectors"  address: 00000000


MEMORY CONFIGURATION

         name            origin    length      used     unused   attr    fill
----------------------  --------  ---------  --------  --------  ----  --------
  R5F_VECS              00000000   00000040  00000040  00000000  RWIX
  R5F_TCMA              00000040   00007fc0  00000000  00007fc0  RWIX
  R5F_TCMB              00080000   00008000  00000000  00008000  RWIX
  MAILBOX_HSM           44000000   000003ce  00000000  000003ce  RWIX
  MAILBOX_R5F           44000400   000003ce  00000000  000003ce  RWIX
  FLASH                 60100000   00080000  00000000  00080000  RWIX
  SBL                   70000000   00040000  00000000  00040000  RWIX
  OCRAM                 70080000   00080000  00057b60  000284a0  RWIX
  ENET_CPPI_DESC        70100000   00040000  00000000  00040000  RWIX
  USER_SHM_MEM          701d0000   00008000  000042e4  00003d1c  RWIX
  LOG_SHM_MEM           701d8000   00004000  00002000  00002000  RWIX
  RTOS_NORTOS_IPC_SHM_M 72000000   00003e80  00000000  00003e80  RWIX


SEGMENT ALLOCATION MAP

run origin  load origin   length   init length attrs members
----------  ----------- ---------- ----------- ----- -------
00000000    00000000    00000040   00000040    r-x
  00000000    00000000    00000040   00000040    r-x .vectors
00000000    00000000    0004bea0   00000000    rw-
  00000000    00000000    0003fea0   00000000    rw- .bss
  0003fea0    0003fea0    00008000   00000000    rw- .sysmem
  00047ea0    00047ea0    00004000   00000000    rw- .stack
70080000    70080000    0004ef58   0004ef58    r-x
  70080000    70080000    00041280   00041280    r-x .text
  700c1280    700c1280    0000dcd8   0000dcd8    r-- .rodata
700cef58    700cef58    00005e50   00005e50    rw-
  700cef58    700cef58    00005e50   00005e50    rw- .data
700d4db0    700d4db0    000019b8   000019b8    r-x
  700d4db0    700d4db0    00000f90   00000f90    r-x .text.hwi
  700d5d40    700d5d40    000004a0   000004a0    r-x .text.cache
  700d61e0    700d61e0    000003c0   000003c0    r-x .text.mpu
  700d65a0    700d65a0    000001c0   000001c0    r-x .text.boot
  700d6760    700d6760    00000008   00000008    r-x .text:abort
700d6768    700d6768    00001400   00000000    rw-
  700d6768    700d6768    00000100   00000000    rw- .irqstack
  700d6868    700d6868    00000100   00000000    rw- .fiqstack
  700d6968    700d6968    00001000   00000000    rw- .svcstack
  700d7968    700d7968    00000100   00000000    rw- .abortstack
  700d7a68    700d7a68    00000100   00000000    rw- .undefinedstack


SECTION ALLOCATION MAP

 output                                  attributes/
section   page    origin      length       input sections
--------  ----  ----------  ----------   ----------------
.vectors   0    00000000    00000040     
                  00000000    00000040     freertos.am263px.r5f.ti-arm-clang.debug.lib : HwiP_armv7r_vectors_freertos_asm.obj (.vectors)

.bss       0    00000000    0003fea0     FAILED TO ALLOCATE
.sysmem    0    0003fea0    00008000     FAILED TO ALLOCATE
.stack     0    00047ea0    00004000     FAILED TO ALLOCATE
.text      0    70080000    00041280     
                  70080000    00000abe     enet-cpsw.am263px.r5f.ti-arm-clang.freertos.debug.lib : enet_cpdma.obj (.text.EnetCpdma_dequeueTx)
                  70080abe    00000002     --HOLE-- [fill = 0]
                  70080ac0    00000a34     freertos.am263px.r5f.ti-arm-clang.debug.lib : printf.obj (.text._vsnprintf)
                  700814f4    0000000c     libclang_rt.builtins.a : aeabi_memset.S.obj (.text.__aeabi_memclr)
                  70081500    0000099a     enet-cpsw.am263px.r5f.ti-arm-clang.freertos.debug.lib : enet_cpdma.obj (.text.EnetCpdma_dequeueRx)
                  70081e9a    00000002     --HOLE-- [fill = 0]
                  70081e9c    00000004     libclang_rt.builtins.a : aeabi_div0.c.obj (.text.__aeabi_idiv0)
                  70081ea0    00000960     lwip-freertos.am263px.r5f.ti-arm-clang.debug.lib : tcp.obj (.text.tcp_slowtmr)
                  70082800    000007a4     drivers.am263px.r5f.ti-arm-clang.freertos.debug.lib : i2c_v1_lld.obj (.text.I2C_lld_primeTransferPoll)
                  70082fa4    0000000c     libc.a : memory.c.obj (.text.malloc)
                  70082fb0    00000678     drivers.am263px.r5f.ti-arm-clang.freertos.debug.lib : soc_rcm.obj (.text.SOC_rcmGetClkSrcAndDivReg)
                  70083628    00000008     libsysbm.a : hostexit.c.obj (.text.HOSTexit)
                  70083630    00000654     lwip-freertos.am263px.r5f.ti-arm-clang.debug.lib : dhcp.obj (.text.dhcp_parse_reply)
                  70083c84    0000000c     freertos.am263px.r5f.ti-arm-clang.debug.lib : CpuId_armv7r_asm.obj (.text)
                  70083c90    00000638     drivers.am263px.r5f.ti-arm-clang.freertos.debug.lib : soc_rcm.obj (.text.SOC_rcmEnablePeripheralClock)
                  700842c8    00000004     libclang_rt.builtins.a : aeabi_div0.c.obj (.text.__aeabi_ldiv0)
                  700842cc    00000004                            : aeabi_memcpy.S.obj (.text.__aeabi_memcpy)
                  700842d0    00000606     enet-cpsw.am263px.r5f.ti-arm-clang.freertos.debug.lib : enet_cpdma.obj (.text.EnetCpdma_enqueueRx)
                  700848d6    00000002     --HOLE-- [fill = 0]
                  700848d8    00000004     libc.a : _lock.c.obj (.text._nop)
                  700848dc    00000004            : fseek.c.obj (.text.fseek)
                  700848e0    000005e2     freertos.am263px.r5f.ti-arm-clang.debug.lib : printf.obj (.text._ftoa)
                  70084ec2    00000002     --HOLE-- [fill = 0]
                  70084ec4    00000004     libsysbm.a : remove.c.obj (.text.remove)
                  70084ec8    00000008     --HOLE-- [fill = 0]
                  70084ed0    00000552     enet-cpsw.am263px.r5f.ti-arm-clang.freertos.debug.lib : cpsw_ale.obj (.text.CpswAle_open)
                  70085422    0000000e     --HOLE-- [fill = 0]
                  70085430    00000506                                                           : enet_cpdma.obj (.text.EnetCpdma_enqueueTx)
                  70085936    0000000a     --HOLE-- [fill = 0]
                  70085940    000004d8     lwip-freertos.am263px.r5f.ti-arm-clang.debug.lib : tcp_out.obj (.text.tcp_output)
                  70085e18    00000008     --HOLE-- [fill = 0]
                  70085e20    000004b0     freertos.am263px.r5f.ti-arm-clang.debug.lib : printf.obj (.text._etoa)
                  700862d0    00000466     board.am263px.r5f.ti-arm-clang.freertos.debug.lib : dp83869.obj (.text.Dp83869_printRegs)
                  70086736    0000000a     --HOLE-- [fill = 0]
                  70086740    00000446     enet-cpsw.am263px.r5f.ti-arm-clang.freertos.debug.lib : cpsw_macport.obj (.text.CpswMacPort_open)
                  70086b86    0000000a     --HOLE-- [fill = 0]
                  70086b90    0000043e                                                           : enet_rm.obj (.text.EnetRm_detachCore)
                  70086fce    00000002     --HOLE-- [fill = 0]
                  70086fd0    00000404     drivers.am263px.r5f.ti-arm-clang.freertos.debug.lib : uart_v0.obj (.text.UART_open)
                  700873d4    0000000c     --HOLE-- [fill = 0]
                  700873e0    000003e2     enet-cpsw.am263px.r5f.ti-arm-clang.freertos.debug.lib : enet_rm.obj (.text.EnetRm_close)
                  700877c2    0000000e     --HOLE-- [fill = 0]
                  700877d0    000003dc     drivers.am263px.r5f.ti-arm-clang.freertos.debug.lib : ipc_notify_v1.obj (.text.IpcNotify_init)
                  70087bac    000003dc     libc.a : _printfi.c.obj (.text:__TI_printfi_minimal)
                  70087f88    00000008     --HOLE-- [fill = 0]
                  70087f90    000003d2     drivers.am263px.r5f.ti-arm-clang.freertos.debug.lib : soc.obj (.text.SOC_phyToVirt)
                  70088362    0000000e     --HOLE-- [fill = 0]
                  70088370    000003ba     lwip-freertos.am263px.r5f.ti-arm-clang.debug.lib : udp.obj (.text.udp_sendto_if_src)
                  7008872a    00000006     --HOLE-- [fill = 0]
                  70088730    000003b0                                                      : tcp_out.obj (.text.tcp_split_unsent_seg)
                  70088ae0    000003a2     enet-cpsw.am263px.r5f.ti-arm-clang.freertos.debug.lib : cpsw.obj (.text.Cpsw_registerIntrs)
                  70088e82    0000000e     --HOLE-- [fill = 0]
                  70088e90    00000398                                                           : mdio.obj (.text.Mdio_open)
                  70089228    00000018     libc.a : memset32.S.obj (.text:TI_memset_small)
                  70089240    00000390            : strcmp32.S.obj (.text:strcmp)
                  700895d0    00000380     lwip-freertos.am263px.r5f.ti-arm-clang.debug.lib : ip4_frag.obj (.text.ip4_frag)
                  70089950    0000036e     enet-cpsw.am263px.r5f.ti-arm-clang.freertos.debug.lib : cpsw.obj (.text.Cpsw_handleLinkDown)
                  70089cbe    00000002     --HOLE-- [fill = 0]
                  70089cc0    0000036a                                                           : enet_appmemutils.obj (.text.EnetMem_initCore)
                  7008a02a    00000006     --HOLE-- [fill = 0]
                  7008a030    00000356     drivers.am263px.r5f.ti-arm-clang.freertos.debug.lib : i2c_v1.obj (.text.I2C_open)
                  7008a386    0000000a     --HOLE-- [fill = 0]
                  7008a390    0000034a     enet-cpsw.am263px.r5f.ti-arm-clang.freertos.debug.lib : cpsw.obj (.text.Cpsw_openInternal)
                  7008a6da    00000006     --HOLE-- [fill = 0]
                  7008a6e0    0000033a                                                           : cpsw_ioctl.obj (.text.Cpsw_openPortLinkNoPhy)
                  7008aa1a    00000006     --HOLE-- [fill = 0]
                  7008aa20    00000330                                                           : cpsw.obj (.text.Cpsw_open)
                  7008ad50    00000326     lwip-freertos.am263px.r5f.ti-arm-clang.debug.lib : ip4.obj (.text.ip4_output_if_opt_src)
                  7008b076    0000000a     --HOLE-- [fill = 0]
                  7008b080    0000031e                                                      : tcp_out.obj (.text.tcp_enqueue_flags)
                  7008b39e    00000002     --HOLE-- [fill = 0]
                  7008b3a0    00000302     drivers.am263px.r5f.ti-arm-clang.freertos.debug.lib : soc.obj (.text.SOC_virtToPhy)
                  7008b6a2    0000000e     --HOLE-- [fill = 0]
                  7008b6b0    000002f8     lwip-freertos.am263px.r5f.ti-arm-clang.debug.lib : pbuf.obj (.text.pbuf_alloc)
                  7008b9a8    00000008     --HOLE-- [fill = 0]
                  7008b9b0    000002f2     enet-cpsw.am263px.r5f.ti-arm-clang.freertos.debug.lib : enet_cpdma.obj (.text.EnetCpdma_open)
                  7008bca2    0000000e     --HOLE-- [fill = 0]
                  7008bcb0    000002e6                                                           : csl_cpsw.obj (.text.CSL_CPSW_setPortRxDscpMap)
                  7008bf96    0000000a     --HOLE-- [fill = 0]
                  7008bfa0    000002e6     ti_enet_open_close.o (.text.EnetApp_driverOpen)
                  7008c286    0000000a     --HOLE-- [fill = 0]
                  7008c290    000002da     enet-cpsw.am263px.r5f.ti-arm-clang.freertos.debug.lib : cpsw.obj (.text.Cpsw_periodicTick)
                  7008c56a    00000006     --HOLE-- [fill = 0]
                  7008c570    000002d2                                                           : enetphy.obj (.text.EnetPhy_enableState)
                  7008c842    0000000e     --HOLE-- [fill = 0]
                  7008c850    000002bc     lwip-freertos.am263px.r5f.ti-arm-clang.debug.lib : tcp_out.obj (.text.tcp_output_segment)
                  7008cb0c    00000004     --HOLE-- [fill = 0]
                  7008cb10    000002ba     drivers.am263px.r5f.ti-arm-clang.freertos.debug.lib : i2c_v1_lld.obj (.text.I2C_lld_controllerIsr)
                  7008cdca    00000006     --HOLE-- [fill = 0]
                  7008cdd0    000002ba     lwip-freertos.am263px.r5f.ti-arm-clang.debug.lib : pbuf.obj (.text.pbuf_copy_partial_pbuf)
                  7008d08a    00000006     --HOLE-- [fill = 0]
                  7008d090    000002b8     enet-cpsw.am263px.r5f.ti-arm-clang.freertos.debug.lib : cpsw.obj (.text.Cpsw_handleLinkUp)
                  7008d348    00000008     --HOLE-- [fill = 0]
                  7008d350    000002a8                                                           : cpsw_ale.obj (.text.CpswAle_addVlan)
                  7008d5f8    00000008     --HOLE-- [fill = 0]
                  7008d600    0000029a     drivers.am263px.r5f.ti-arm-clang.freertos.debug.lib : i2c_v1_lld.obj (.text.I2C_lld_targetIsr)
                  7008d89a    00000006     --HOLE-- [fill = 0]
                  7008d8a0    00000296     lwip-freertos.am263px.r5f.ti-arm-clang.debug.lib : tcp.obj (.text.tcp_close_shutdown)
                  7008db36    0000000a     --HOLE-- [fill = 0]
                  7008db40    00000290     enet-cpsw.am263px.r5f.ti-arm-clang.freertos.debug.lib : cpsw.obj (.text.Cpsw_registerIoctlHandler)
                  7008ddd0    0000028e                                                           : csl_cpsw.obj (.text.CSL_CPSW_setAlePolicerEntry)
                  7008e05e    00000002     --HOLE-- [fill = 0]
                  7008e060    0000028c     xgw_udp_interface.o (.text.xgw_udp_process_motor_cmd)
                  7008e2ec    00000004     --HOLE-- [fill = 0]
                  7008e2f0    00000286     enet-cpsw.am263px.r5f.ti-arm-clang.freertos.debug.lib : csl_cpsw.obj (.text.CSL_CPSW_getAlePolicerEntry)
                  7008e576    0000000a     --HOLE-- [fill = 0]
                  7008e580    0000027e                                                           : cpsw_ale.obj (.text.CpswAle_findVlan)
                  7008e7fe    00000002     --HOLE-- [fill = 0]
                  7008e800    0000027e     drivers.am263px.r5f.ti-arm-clang.freertos.debug.lib : uart_dma_edma.obj (.text.UART_edmaChInit)
                  7008ea7e    00000002     --HOLE-- [fill = 0]
                  7008ea80    0000027a     enet-cpsw.am263px.r5f.ti-arm-clang.freertos.debug.lib : cpsw.obj (.text.Cpsw_ioctl)
                  7008ecfa    00000006     --HOLE-- [fill = 0]
                  7008ed00    00000266                                                           : cpsw_est_ioctl.obj (.text.CpswEst_ioctl_handler_ENET_TAS_IOCTL_SET_STATE)
                  7008ef66    0000000a     --HOLE-- [fill = 0]
                  7008ef70    00000266     freertos.am263px.r5f.ti-arm-clang.debug.lib : tasks.obj (.text.xTaskIncrementTick)
                  7008f1d6    0000000a     --HOLE-- [fill = 0]
                  7008f1e0    0000025a     lwip-freertos.am263px.r5f.ti-arm-clang.debug.lib : ip4_frag.obj (.text.ip_reass_free_complete_datagram)
                  7008f43a    00000006     --HOLE-- [fill = 0]
                  7008f440    0000025a     freertos.am263px.r5f.ti-arm-clang.debug.lib : tasks.obj (.text.xTaskResumeAll)
                  7008f69a    00000006     --HOLE-- [fill = 0]
                  7008f6a0    00000250     drivers.am263px.r5f.ti-arm-clang.freertos.debug.lib : edma.obj (.text.Alloc_resource)
                  7008f8f0    0000024c     enet-cpsw.am263px.r5f.ti-arm-clang.freertos.debug.lib : cpsw_macport_ioctl.obj (.text.CpswMacPort_enablePort)
                  7008fb3c    00000004     --HOLE-- [fill = 0]
                  7008fb40    00000246     lwip-freertos.am263px.r5f.ti-arm-clang.debug.lib : dns.obj (.text.dns_send)
                  7008fd86    0000000a     --HOLE-- [fill = 0]
                  7008fd90    00000242     enet-cpsw.am263px.r5f.ti-arm-clang.freertos.debug.lib : enetphy.obj (.text.EnetPhy_bindDriver)
                  7008ffd2    0000000e     --HOLE-- [fill = 0]
                  7008ffe0    00000242     drivers.am263px.r5f.ti-arm-clang.freertos.debug.lib : uart_v0_lld.obj (.text.UART_fifoConfig)
                  70090222    0000000e     --HOLE-- [fill = 0]
                  70090230    0000023e     enet-cpsw.am263px.r5f.ti-arm-clang.freertos.debug.lib : cpsw_cpts_ioctl.obj (.text.CpswCpts_handleEvents)
                  7009046e    00000002     --HOLE-- [fill = 0]
                  70090470    0000023e     freertos.am263px.r5f.ti-arm-clang.debug.lib : printf.obj (.text._ntoa_format)
                  700906ae    00000002     --HOLE-- [fill = 0]
                  700906b0    00000234     enet-cpsw.am263px.r5f.ti-arm-clang.freertos.debug.lib : cpsw_hostport.obj (.text.CpswHostPort_open)
                  700908e4    0000000c     --HOLE-- [fill = 0]
                  700908f0    0000022e     main.o (.text.ipc_process_task)
                  70090b1e    00000002     --HOLE-- [fill = 0]
                  70090b20    0000022c     enet-cpsw.am263px.r5f.ti-arm-clang.freertos.debug.lib : enet_cpdma_priv.obj (.text.EnetCpdma_memMgrInit)
                  70090d4c    00000004     --HOLE-- [fill = 0]
                  70090d50    0000022a     lwip-freertos.am263px.r5f.ti-arm-clang.debug.lib : dhcp.obj (.text.dhcp_select)
                  70090f7a    00000006     --HOLE-- [fill = 0]
                  70090f80    00000226     drivers.am263px.r5f.ti-arm-clang.freertos.debug.lib : uart_dma_edma.obj (.text.UART_lld_dmaDeInit)
                  700911a6    0000000a     --HOLE-- [fill = 0]
                  700911b0    00000222                                                         : ipc_notify_v1.obj (.text.IpcNotify_isr)
                  700913d2    0000000e     --HOLE-- [fill = 0]
                  700913e0    00000220     enet-cpsw.am263px.r5f.ti-arm-clang.freertos.debug.lib : enet_rm_ioctl.obj (.text.EnetRm_allocMacAddr)
                  70091600    00000220     freertos.am263px.r5f.ti-arm-clang.debug.lib : tasks.obj (.text.vTaskGenericNotifyGiveFromISR)
                  70091820    00000220                                                 : queue.obj (.text.xQueueGenericSend)
                  70091a40    0000021a     enet-cpsw.am263px.r5f.ti-arm-clang.freertos.debug.lib : cpsw_stats.obj (.text.CpswStats_open)
                  70091c5a    00000006     --HOLE-- [fill = 0]
                  70091c60    0000020a     lwip-freertos.am263px.r5f.ti-arm-clang.debug.lib : tcp.obj (.text.tcp_pcb_remove)
                  70091e6a    00000006     --HOLE-- [fill = 0]
                  70091e70    0000020a     freertos.am263px.r5f.ti-arm-clang.debug.lib : queue.obj (.text.xQueueSemaphoreTake)
                  7009207a    00000006     --HOLE-- [fill = 0]
                  70092080    00000206     enet-cpsw.am263px.r5f.ti-arm-clang.freertos.debug.lib : cpsw_cpts.obj (.text.CpswCpts_open)
                  70092286    0000000a     --HOLE-- [fill = 0]
                  70092290    00000206     lwip-freertos.am263px.r5f.ti-arm-clang.debug.lib : dhcp.obj (.text.dhcp_recv)
                  70092496    0000000a     --HOLE-- [fill = 0]
                  700924a0    00000204     enet-cpsw.am263px.r5f.ti-arm-clang.freertos.debug.lib : enetphy.obj (.text.EnetPhy_open)
                  700926a4    0000000c     --HOLE-- [fill = 0]
                  700926b0    000001fe                                                           : cpsw_stats_ioctl.obj (.text.CpswStats_readHostStats)
                  700928ae    00000002     --HOLE-- [fill = 0]
                  700928b0    000001fe     lwip-freertos.am263px.r5f.ti-arm-clang.debug.lib : pbuf.obj (.text.pbuf_free)
                  70092aae    00000002     --HOLE-- [fill = 0]
                  70092ab0    000001f6                                                      : dhcp.obj (.text.dhcp_create_msg)
                  70092ca6    0000000a     --HOLE-- [fill = 0]
                  70092cb0    000001f2     drivers.am263px.r5f.ti-arm-clang.freertos.debug.lib : i2c_v1.obj (.text.I2C_primeTransfer)
                  70092ea2    0000000e     --HOLE-- [fill = 0]
                  70092eb0    000001f2                                                         : i2c_v1.obj (.text.I2C_transfer)
                  700930a2    0000000e     --HOLE-- [fill = 0]
                  700930b0    000001ee     enet-cpsw.am263px.r5f.ti-arm-clang.freertos.debug.lib : cpsw_ale.obj (.text.CpswAle_setAleCfg)
                  7009329e    00000002     --HOLE-- [fill = 0]
                  700932a0    000001ee                                                           : cpsw_ioctl.obj (.text.Cpsw_openPortLinkWithPhy)
                  7009348e    00000002     --HOLE-- [fill = 0]
                  70093490    000001ea                                                           : cpsw_hostport.obj (.text.CpswHostPort_ioctl)
                  7009367a    00000006     --HOLE-- [fill = 0]
                  70093680    000001ea                                                           : cpsw_stats.obj (.text.CpswStats_ioctl)
                  7009386a    00000006     --HOLE-- [fill = 0]
                  70093870    000001ea                                                           : cpsw_ioctl.obj (.text.Cpsw_openPortLink)
                  70093a5a    00000006     --HOLE-- [fill = 0]
                  70093a60    000001ea     lwip-freertos.am263px.r5f.ti-arm-clang.debug.lib : tcp.obj (.text.tcp_abandon)
                  70093c4a    00000006     --HOLE-- [fill = 0]
                  70093c50    000001e2     ti_enet_open_close.o (.text.EnetApp_initLinkArgs)
                  70093e32    0000000e     --HOLE-- [fill = 0]
                  70093e40    000001e2     lwip-freertos.am263px.r5f.ti-arm-clang.debug.lib : pbuf.obj (.text.pbuf_realloc)
                  70094022    0000000e     --HOLE-- [fill = 0]
                  70094030    000001e0     enet-cpsw.am263px.r5f.ti-arm-clang.freertos.debug.lib : cpsw_stats_ioctl.obj (.text.CpswStats_readMacStats)
                  70094210    000001e0     lwip-freertos.am263px.r5f.ti-arm-clang.debug.lib : dhcp.obj (.text.dhcp_bind)
                  700943f0    000001da     enet-cpsw.am263px.r5f.ti-arm-clang.freertos.debug.lib : enet.obj (.text.Enet_validateIoctl)
                  700945ca    00000006     --HOLE-- [fill = 0]
                  700945d0    000001d8     freertos.am263px.r5f.ti-arm-clang.debug.lib : queue.obj (.text.xQueueReceive)
                  700947a8    00000008     --HOLE-- [fill = 0]
                  700947b0    000001d6                                                 : TimerP_rti_priv.obj (.text.TimerP_setupPriv)
                  70094986    0000000a     --HOLE-- [fill = 0]
                  70094990    000001d4     enet-cpsw.am263px.r5f.ti-arm-clang.freertos.debug.lib : mdio.obj (.text.Mdio_ioctl)
                  70094b64    000001d0     libclang_rt.builtins.a : udivsi3.S.obj (.text.__udivsi3)
                  70094d34    0000000c     --HOLE-- [fill = 0]
                  70094d40    000001d0     main.o (.text.freertos_main)
                  70094f10    000001c8     lwip-freertos.am263px.r5f.ti-arm-clang.debug.lib : etharp.obj (.text.etharp_raw)
                  700950d8    00000008     --HOLE-- [fill = 0]
                  700950e0    000001c6     enet-cpsw.am263px.r5f.ti-arm-clang.freertos.debug.lib : enet_rm_ioctl.obj (.text.EnetRm_allocTxChNum)
                  700952a6    0000000a     --HOLE-- [fill = 0]
                  700952b0    000001c6     lwip-freertos.am263px.r5f.ti-arm-clang.debug.lib : tcp_out.obj (.text.tcp_create_segment)
                  70095476    0000000a     --HOLE-- [fill = 0]
                  70095480    000001c2     enet-cpsw.am263px.r5f.ti-arm-clang.freertos.debug.lib : enet.obj (.text.Enet_validateGenericIoctl)
                  70095642    0000000e     --HOLE-- [fill = 0]
                  70095650    000001bc     freertos.am263px.r5f.ti-arm-clang.debug.lib : tasks.obj (.text.xTaskRemoveFromEventList)
                  7009580c    00000004     --HOLE-- [fill = 0]
                  70095810    000001b4     enet-cpsw.am263px.r5f.ti-arm-clang.freertos.debug.lib : enet_rm.obj (.text.EnetRm_open)
                  700959c4    0000000c     --HOLE-- [fill = 0]
                  700959d0    000001b0                                                           : cpsw_ale.obj (.text.CpswAle_delPolicerEntry)
                  70095b80    000001b0     main.o (.text.core0_init)
                  70095d30    000001b0     lwip-freertos.am263px.r5f.ti-arm-clang.debug.lib : dns.obj (.text.dns_call_found)
                  70095ee0    000001ae     ti_enet_open_close.o (.text.EnetApp_ConfigureDscpMapping)
                  7009608e    00000002     --HOLE-- [fill = 0]
                  70096090    000001ac     drivers.am263px.r5f.ti-arm-clang.freertos.debug.lib : uart_v0.obj (.text.UART_close)
                  7009623c    00000004     --HOLE-- [fill = 0]
                  70096240    000001aa     enet-cpsw.am263px.r5f.ti-arm-clang.freertos.debug.lib : mdio_ioctl.obj (.text.Mdio_readRegC45)
                  700963ea    00000006     --HOLE-- [fill = 0]
                  700963f0    000001aa     drivers.am263px.r5f.ti-arm-clang.freertos.debug.lib : uart_dma_edma.obj (.text.UART_lld_dmaWrite)
                  7009659a    00000006     --HOLE-- [fill = 0]
                  700965a0    000001aa     lwip-freertos.am263px.r5f.ti-arm-clang.debug.lib : mem.obj (.text.mem_free)
                  7009674a    00000002     --HOLE-- [fill = 0]
                  7009674c    000001a8     libc.a : memory.c.obj (.text.free)
                  700968f4    000001a4            : memory.c.obj (.text.aligned_alloc)
                  70096a98    00000008     --HOLE-- [fill = 0]
                  70096aa0    000001a4     freertos.am263px.r5f.ti-arm-clang.debug.lib : timers.obj (.text.prvProcessReceivedCommands)
                  70096c44    0000000c     --HOLE-- [fill = 0]
                  70096c50    000001a0     drivers.am263px.r5f.ti-arm-clang.freertos.debug.lib : uart_v0.obj (.text.UART_write)
                  70096df0    000001a0     lwip-freertos.am263px.r5f.ti-arm-clang.debug.lib : pbuf.obj (.text.pbuf_take)
                  70096f90    000001a0     freertos.am263px.r5f.ti-arm-clang.debug.lib : tasks.obj (.text.vTaskSwitchContext)
                  70097130    0000019e     enet-cpsw.am263px.r5f.ti-arm-clang.freertos.debug.lib : cpsw_ale_ioctl.obj (.text.CpswAle_addMcastAddr)
                  700972ce    00000002     --HOLE-- [fill = 0]
                  700972d0    0000019c     libc.a : fputs.c.obj (.text.fputs)
                  7009746c    00000004     --HOLE-- [fill = 0]
                  70097470    0000019a     enet-cpsw.am263px.r5f.ti-arm-clang.freertos.debug.lib : cpsw_cpts.obj (.text.CpswCpts_ioctl)
                  7009760a    00000006     --HOLE-- [fill = 0]
                  70097610    0000019a     lwip-freertos.am263px.r5f.ti-arm-clang.debug.lib : dns.obj (.text.dns_check_entry)
                  700977aa    00000006     --HOLE-- [fill = 0]
                  700977b0    0000019a     freertos.am263px.r5f.ti-arm-clang.debug.lib : tasks.obj (.text.vTaskPriorityDisinheritAfterTimeout)
                  7009794a    00000006     --HOLE-- [fill = 0]
                  70097950    00000198     drivers.am263px.r5f.ti-arm-clang.freertos.debug.lib : uart_v0_lld.obj (.text.UART_lld_controllerIsr)
                  70097ae8    00000008     --HOLE-- [fill = 0]
                  70097af0    00000196     lwip-freertos.am263px.r5f.ti-arm-clang.debug.lib : dhcp.obj (.text.dhcp_reboot)
                  70097c86    0000000a     --HOLE-- [fill = 0]
                  70097c90    00000194     enet-cpsw.am263px.r5f.ti-arm-clang.freertos.debug.lib : cpsw_ale.obj (.text.CpswAle_ioctl)
                  70097e24    0000000c     --HOLE-- [fill = 0]
                  70097e30    00000194                                                           : cpsw_macport.obj (.text.CpswMacPort_ioctl)
                  70097fc4    0000000c     --HOLE-- [fill = 0]
                  70097fd0    00000192     lwip-freertos.am263px.r5f.ti-arm-clang.debug.lib : tcp_out.obj (.text.tcp_zero_window_probe)
                  70098162    0000000e     --HOLE-- [fill = 0]
                  70098170    0000018a     enet-cpsw.am263px.r5f.ti-arm-clang.freertos.debug.lib : enet_rm.obj (.text.EnetRm_ioctl)
                  700982fa    00000006     --HOLE-- [fill = 0]
                  70098300    0000018a     lwip-freertos.am263px.r5f.ti-arm-clang.debug.lib : sys_arch.obj (.text.sys_arch_mbox_fetch)
                  7009848a    00000006     --HOLE-- [fill = 0]
                  70098490    00000188     freertos.am263px.r5f.ti-arm-clang.debug.lib : ClockP_freertos_r5.obj (.text.ClockP_init)
                  70098618    00000008     --HOLE-- [fill = 0]
                  70098620    00000186     lwip-freertos.am263px.r5f.ti-arm-clang.debug.lib : acd.obj (.text.acd_tmr)
                  700987a6    0000000a     --HOLE-- [fill = 0]
                  700987b0    00000178     freertos.am263px.r5f.ti-arm-clang.debug.lib : DebugP_shmLogReader.obj (.text.DebugP_shmLogReaderGetString)
                  70098928    00000008     --HOLE-- [fill = 0]
                  70098930    00000178     enet-cpsw.am263px.r5f.ti-arm-clang.freertos.debug.lib : enet_rm.obj (.text.EnetRm_initRxObj)
                  70098aa8    00000008     --HOLE-- [fill = 0]
                  70098ab0    00000178     lwip-freertos.am263px.r5f.ti-arm-clang.debug.lib : udp.obj (.text.udp_bind)
                  70098c28    00000008     --HOLE-- [fill = 0]
                  70098c30    00000176     enet-cpsw.am263px.r5f.ti-arm-clang.freertos.debug.lib : cpsw_macport_est.obj (.text.CpswEst_setState)
                  70098da6    0000000a     --HOLE-- [fill = 0]
                  70098db0    00000176     lwip-freertos.am263px.r5f.ti-arm-clang.debug.lib : dhcp.obj (.text.dhcp_discover)
                  70098f26    0000000a     --HOLE-- [fill = 0]
                  70098f30    00000176                                                      : icmp.obj (.text.icmp_send_response)
                  700990a6    0000000a     --HOLE-- [fill = 0]
                  700990b0    00000176                                                      : sys_arch.obj (.text.sys_sem_new)
                  70099226    0000000a     --HOLE-- [fill = 0]
                  70099230    00000174     enet-cpsw.am263px.r5f.ti-arm-clang.freertos.debug.lib : enetphy.obj (.text.EnetPhy_getLinkStatus)
                  700993a4    0000000c     --HOLE-- [fill = 0]
                  700993b0    00000172     board.am263px.r5f.ti-arm-clang.freertos.debug.lib : eeprom_cat24m.obj (.text.EEPROM_CAT24M_write)
                  70099522    0000000e     --HOLE-- [fill = 0]
                  70099530    00000172     lwip-freertos.am263px.r5f.ti-arm-clang.debug.lib : ip4.obj (.text.ip4_route)
                  700996a2    0000000e     --HOLE-- [fill = 0]
                  700996b0    00000172                                                      : sys_arch.obj (.text.sys_arch_sem_wait)
                  70099822    0000000e     --HOLE-- [fill = 0]
                  70099830    00000170     freertos.am263px.r5f.ti-arm-clang.debug.lib : queue.obj (.text.xQueueGiveFromISR)
                  700999a0    00000168     enet-cpsw.am263px.r5f.ti-arm-clang.freertos.debug.lib : enet_cpdma.obj (.text.EnetCpdma_rxIsrProc)
                  70099b08    00000008     --HOLE-- [fill = 0]
                  70099b10    00000168                                                           : enet_phymdio_dflt.obj (.text.EnetPhyMdioDflt_writeC45)
                  70099c78    00000008     --HOLE-- [fill = 0]
                  70099c80    00000166                                                           : enet_cpdma.obj (.text.EnetCpdma_openRxCh)
                  70099de6    0000000a     --HOLE-- [fill = 0]
                  70099df0    00000166     drivers.am263px.r5f.ti-arm-clang.freertos.debug.lib : i2c_v1_lld.obj (.text.I2C_lld_primeTransferIntr)
                  70099f56    0000000a     --HOLE-- [fill = 0]
                  70099f60    00000166     freertos.am263px.r5f.ti-arm-clang.debug.lib : TaskP_freertos.obj (.text.TaskP_assertParams)
                  7009a0c6    0000000a     --HOLE-- [fill = 0]
                  7009a0d0    00000166     lwip-freertos.am263px.r5f.ti-arm-clang.debug.lib : mem.obj (.text.mem_malloc)
                  7009a236    0000000a     --HOLE-- [fill = 0]
                  7009a240    00000164     board.am263px.r5f.ti-arm-clang.freertos.debug.lib : dp83869.obj (.text.Dp83869_config)
                  7009a3a4    0000000c     --HOLE-- [fill = 0]
                  7009a3b0    00000164     enet-cpsw.am263px.r5f.ti-arm-clang.freertos.debug.lib : enet_rm.obj (.text.EnetRm_initHwPushObj)
                  7009a514    0000000c     --HOLE-- [fill = 0]
                  7009a520    00000162     drivers.am263px.r5f.ti-arm-clang.freertos.debug.lib : edma.obj (.text.EDMA_unregisterIntr)
                  7009a682    0000000e     --HOLE-- [fill = 0]
                  7009a690    00000162     enet-cpsw.am263px.r5f.ti-arm-clang.freertos.debug.lib : enet_phymdio_dflt.obj (.text.EnetPhyMdioDflt_readC45)
                  7009a7f2    0000000e     --HOLE-- [fill = 0]
                  7009a800    00000162     xgw_udp_interface.o (.text.xgw_udp_send_motor_states)
                  7009a962    0000000e     --HOLE-- [fill = 0]
                  7009a970    00000160     enet-cpsw.am263px.r5f.ti-arm-clang.freertos.debug.lib : csl_cpsw.obj (.text.CSL_CPSW_setAlePortControlReg)
                  7009aad0    00000160     drivers.am263px.r5f.ti-arm-clang.freertos.debug.lib : i2c_v1_lld.obj (.text.I2C_lld_init)
                  7009ac30    00000160     lwip-freertos.am263px.r5f.ti-arm-clang.debug.lib : inet_chksum.obj (.text.inet_cksum_pseudo_partial_base)
                  7009ad90    0000015e                                                      : dhcp.obj (.text.dhcp_renew)
                  7009aeee    00000002     --HOLE-- [fill = 0]
                  7009aef0    0000015e     xgw_udp_interface.o (.text.xgw_udp_start)
                  7009b04e    00000002     --HOLE-- [fill = 0]
                  7009b050    0000015c     enet-cpsw.am263px.r5f.ti-arm-clang.freertos.debug.lib : enet_cpdma.obj (.text.EnetCpdma_txIsr)
                  7009b1ac    00000004     --HOLE-- [fill = 0]
                  7009b1b0    0000015c                                                           : enet_rm.obj (.text.EnetRm_initMacObj)
                  7009b30c    00000004     --HOLE-- [fill = 0]
                  7009b310    0000015c     main.o (.text.build_and_send_udp_packet)
                  7009b46c    00000004     --HOLE-- [fill = 0]
                  7009b470    0000015c     lwip-freertos.am263px.r5f.ti-arm-clang.debug.lib : dhcp.obj (.text.dhcp_rebind)
                  7009b5cc    00000004     --HOLE-- [fill = 0]
                  7009b5d0    0000015c     freertos.am263px.r5f.ti-arm-clang.debug.lib : tasks.obj (.text.prvAddNewTaskToReadyList)
                  7009b72c    00000004     --HOLE-- [fill = 0]
                  7009b730    0000015c                                                 : tasks.obj (.text.xTaskPriorityInherit)
                  7009b88c    00000004     --HOLE-- [fill = 0]
                  7009b890    0000015a     enet-cpsw.am263px.r5f.ti-arm-clang.freertos.debug.lib : enet_cpdma.obj (.text.EnetCpdma_netChOpen)
                  7009b9ea    00000006     --HOLE-- [fill = 0]
                  7009b9f0    0000015a     lwip-freertos.am263px.r5f.ti-arm-clang.debug.lib : dhcp.obj (.text.dhcp_start)
                  7009bb4a    00000006     --HOLE-- [fill = 0]
                  7009bb50    00000158     enet-cpsw.am263px.r5f.ti-arm-clang.freertos.debug.lib : cpsw_ale.obj (.text.CpswAle_initCfg)
                  7009bca8    00000008     --HOLE-- [fill = 0]
                  7009bcb0    00000158     ti_enet_config.o (.text.EnetApp_initializeMacAddrPool)
                  7009be08    00000008     --HOLE-- [fill = 0]
                  7009be10    00000158     enet-cpsw.am263px.r5f.ti-arm-clang.freertos.debug.lib : enet_phymdio_dflt.obj (.text.EnetPhyMdioDflt_writeC22)
                  7009bf68    00000008     --HOLE-- [fill = 0]
                  7009bf70    00000158     drivers.am263px.r5f.ti-arm-clang.freertos.debug.lib : soc.obj (.text.SOC_controlModuleUnlockMMR)
                  7009c0c8    00000008     --HOLE-- [fill = 0]
                  7009c0d0    00000158     lwip-freertos.am263px.r5f.ti-arm-clang.debug.lib : dhcp.obj (.text.dhcp_handle_ack)
                  7009c228    00000008     --HOLE-- [fill = 0]
                  7009c230    00000158                                                      : etharp.obj (.text.etharp_tmr)
                  7009c388    00000008     --HOLE-- [fill = 0]
                  7009c390    00000152     drivers.am263px.r5f.ti-arm-clang.freertos.debug.lib : uart_v0_lld.obj (.text.UART_lld_initDma)
                  7009c4e2    0000000e     --HOLE-- [fill = 0]
                  7009c4f0    00000150     enet-cpsw.am263px.r5f.ti-arm-clang.freertos.debug.lib : enet_phymdio_dflt.obj (.text.EnetPhyMdioDflt_readC22)
                  7009c640    00000150                                                           : enet_rm.obj (.text.EnetRm_delCoreAttached)
                  7009c790    0000014e     lwip-freertos.am263px.r5f.ti-arm-clang.debug.lib : sys_arch.obj (.text.sys_arch_unprotect)
                  7009c8de    00000002     --HOLE-- [fill = 0]
                  7009c8e0    0000014e     freertos.am263px.r5f.ti-arm-clang.debug.lib : tasks.obj (.text.xTaskPriorityDisinherit)
                  7009ca2e    00000002     --HOLE-- [fill = 0]
                  7009ca30    0000014c                                                 : queue.obj (.text.xQueueReceiveFromISR)
                  7009cb7c    00000004     --HOLE-- [fill = 0]
                  7009cb80    00000148     enet-cpsw.am263px.r5f.ti-arm-clang.freertos.debug.lib : cpsw_ale.obj (.text.CpswAle_setPolicerPartitionLevel)
                  7009ccc8    00000008     --HOLE-- [fill = 0]
                  7009ccd0    00000148     lwip-freertos.am263px.r5f.ti-arm-clang.debug.lib : netif.obj (.text.netif_set_addr)
                  7009ce18    00000008     --HOLE-- [fill = 0]
                  7009ce20    00000148                                                      : udp.obj (.text.udp_sendto)
                  7009cf68    00000008     --HOLE-- [fill = 0]
                  7009cf70    00000146     enet-cpsw.am263px.r5f.ti-arm-clang.freertos.debug.lib : cpsw_ioctl.obj (.text.Cpsw_closePortLink)
                  7009d0b6    0000000a     --HOLE-- [fill = 0]
                  7009d0c0    00000144     freertos.am263px.r5f.ti-arm-clang.debug.lib : tasks.obj (.text.prvInitialiseNewTask)
                  7009d204    00000144     libc.a : setvbuf.c.obj (.text.setvbuf)
                  7009d348    00000008     --HOLE-- [fill = 0]
                  7009d350    00000144     lwip-freertos.am263px.r5f.ti-arm-clang.debug.lib : tcp.obj (.text.tcp_close_shutdown_fin)
                  7009d494    0000000c     --HOLE-- [fill = 0]
                  7009d4a0    00000142     enet-cpsw.am263px.r5f.ti-arm-clang.freertos.debug.lib : cpsw_ale_ioctl.obj (.text.CpswAle_delPortUcastEntries)
                  7009d5e2    0000000e     --HOLE-- [fill = 0]
                  7009d5f0    00000140     lwip-freertos.am263px.r5f.ti-arm-clang.debug.lib : pbuf.obj (.text.pbuf_cat)
                  7009d730    0000013e     enet-cpsw.am263px.r5f.ti-arm-clang.freertos.debug.lib : csl_cpsw_ale_9g_tblcfg.obj (.text.CSL_CPSW_setAleVlanUnicastAddrEntry)
                  7009d86e    00000002     --HOLE-- [fill = 0]
                  7009d870    0000013e                                                           : enet_cpdma.obj (.text.EnetCpdma_openTxCh)
                  7009d9ae    00000002     --HOLE-- [fill = 0]
                  7009d9b0    0000013e     drivers.am263px.r5f.ti-arm-clang.freertos.debug.lib : i2c_v1.obj (.text.I2C_mem_primeTransfer)
                  7009daee    00000002     --HOLE-- [fill = 0]
                  7009daf0    0000013e     lwip-freertos.am263px.r5f.ti-arm-clang.debug.lib : pbuf.obj (.text.pbuf_copy_partial)
                  7009dc2e    00000002     --HOLE-- [fill = 0]
                  7009dc30    0000013a     board.am263px.r5f.ti-arm-clang.freertos.debug.lib : dp83869.obj (.text.Dp83869_enableAdvertisement)
                  7009dd6a    00000006     --HOLE-- [fill = 0]
                  7009dd70    0000013a     drivers.am263px.r5f.ti-arm-clang.freertos.debug.lib : edma.obj (.text.EDMA_isDmaChannelAllocated)
                  7009deaa    00000006     --HOLE-- [fill = 0]
                  7009deb0    0000013a     enet-cpsw.am263px.r5f.ti-arm-clang.freertos.debug.lib : enet_phymdio_dflt.obj (.text.EnetPhyMdioDflt_isAlive)
                  7009dfea    00000006     --HOLE-- [fill = 0]
                  7009dff0    0000013a                                                           : enet_phymdio_dflt.obj (.text.EnetPhyMdioDflt_isLinked)
                  7009e12a    00000006     --HOLE-- [fill = 0]
                  7009e130    0000013a                                                           : enet.obj (.text.Enet_ioctl)
                  7009e26a    00000006     --HOLE-- [fill = 0]
                  7009e270    0000013a     board.am263px.r5f.ti-arm-clang.freertos.debug.lib : generic_phy.obj (.text.GenericPhy_enableAdvertisement)
                  7009e3aa    00000006     --HOLE-- [fill = 0]
                  7009e3b0    0000013a     drivers.am263px.r5f.ti-arm-clang.freertos.debug.lib : i2c_v1_lld.obj (.text.I2C_lld_mem_write)
                  7009e4ea    00000006     --HOLE-- [fill = 0]
                  7009e4f0    0000013a     lwip-freertos.am263px.r5f.ti-arm-clang.debug.lib : dhcp.obj (.text.dhcp_release_and_stop)
                  7009e62a    00000006     --HOLE-- [fill = 0]
                  7009e630    00000138     enet-cpsw.am263px.r5f.ti-arm-clang.freertos.debug.lib : cpsw_cpts_ioctl.obj (.text.CpswCpts_ioctl_handler_CPSW_CPTS_IOCTL_SET_ESTF)
                  7009e768    00000008     --HOLE-- [fill = 0]
                  7009e770    00000138     freertos.am263px.r5f.ti-arm-clang.debug.lib : printf.obj (.text._ntoa_long_long)
                  7009e8a8    00000008     --HOLE-- [fill = 0]
                  7009e8b0    00000136     board.am263px.r5f.ti-arm-clang.freertos.debug.lib : dp83869.obj (.text.Dp83869_disableAdvertisement)
                  7009e9e6    0000000a     --HOLE-- [fill = 0]
                  7009e9f0    00000136     enet-cpsw.am263px.r5f.ti-arm-clang.freertos.debug.lib : enet_appmemutils.obj (.text.EnetMem_initMemObjs)
                  7009eb26    0000000a     --HOLE-- [fill = 0]
                  7009eb30    00000136     board.am263px.r5f.ti-arm-clang.freertos.debug.lib : generic_phy.obj (.text.GenericPhy_disableAdvertisement)
                  7009ec66    0000000a     --HOLE-- [fill = 0]
                  7009ec70    00000136     drivers.am263px.r5f.ti-arm-clang.freertos.debug.lib : uart_v0_lld.obj (.text.UART_procLineStatusErr)
                  7009eda6    0000000a     --HOLE-- [fill = 0]
                  7009edb0    00000136     lwip-freertos.am263px.r5f.ti-arm-clang.debug.lib : tcp_out.obj (.text.tcp_rst_common)
                  7009eee6    0000000a     --HOLE-- [fill = 0]
                  7009eef0    00000134     drivers.am263px.r5f.ti-arm-clang.freertos.debug.lib : edma.obj (.text.EDMA_registerIntr)
                  7009f024    0000000c     --HOLE-- [fill = 0]
                  7009f030    00000134                                                         : uart_v0_lld.obj (.text.UART_writePolling)
                  7009f164    0000000c     --HOLE-- [fill = 0]
                  7009f170    00000134     freertos.am263px.r5f.ti-arm-clang.debug.lib : tasks.obj (.text.vTaskDelete)
                  7009f2a4    0000000c     --HOLE-- [fill = 0]
                  7009f2b0    00000132     enet-cpsw.am263px.r5f.ti-arm-clang.freertos.debug.lib : csl_cpsw_ale_9g_tblcfg.obj (.text.CSL_CPSW_setAleVlanMcastAddrEntry)
                  7009f3e2    0000000e     --HOLE-- [fill = 0]
                  7009f3f0    00000132                                                           : cpsw.obj (.text.Cpsw_dmaMiscIsr)
                  7009f522    0000000e     --HOLE-- [fill = 0]
                  7009f530    00000130                                                           : csl_cpsw_ale_9g_tblcfg.obj (.text.CSL_CPSW_setAleUnicastAddrEntry)
                  7009f660    00000130                                                           : enet.obj (.text.EnetPer_open)
                  7009f790    0000012e     lwip-freertos.am263px.r5f.ti-arm-clang.debug.lib : igmp.obj (.text.igmp_send)
                  7009f8be    00000002     --HOLE-- [fill = 0]
                  7009f8c0    0000012c     enet-cpsw.am263px.r5f.ti-arm-clang.freertos.debug.lib : enet_osal.obj (.text.EnetOsal_registerIntr)
                  7009f9ec    00000004     --HOLE-- [fill = 0]
                  7009f9f0    0000012c                                                           : enet_rm.obj (.text.EnetRm_validateResPartInfo)
                  7009fb1c    00000004     --HOLE-- [fill = 0]
                  7009fb20    0000012c     drivers.am263px.r5f.ti-arm-clang.freertos.debug.lib : i2c_v1_lld.obj (.text.I2C_lld_mem_read)
                  7009fc4c    00000004     --HOLE-- [fill = 0]
                  7009fc50    0000012c                                                         : uart_v0_lld.obj (.text.UART_lld_init)
                  7009fd7c    00000004     --HOLE-- [fill = 0]
                  7009fd80    0000012c     freertos.am263px.r5f.ti-arm-clang.debug.lib : tasks.obj (.text.ulTaskGenericNotifyTake)
                  7009feac    00000004     --HOLE-- [fill = 0]
                  7009feb0    0000012a     enet-cpsw.am263px.r5f.ti-arm-clang.freertos.debug.lib : enet_utils.obj (.text.EnetUtils_macToPhyMii)
                  7009ffda    00000006     --HOLE-- [fill = 0]
                  7009ffe0    00000128                                                           : enet_cpdmautils.obj (.text.EnetAppUtils_isDescCached)
                  700a0108    00000008     --HOLE-- [fill = 0]
                  700a0110    00000128     drivers.am263px.r5f.ti-arm-clang.freertos.debug.lib : i2c_v1_lld.obj (.text.I2C_lld_mem_writeIntr)
                  700a0238    00000008     --HOLE-- [fill = 0]
                  700a0240    00000128     freertos.am263px.r5f.ti-arm-clang.debug.lib : port.obj (.text.pxPortInitialiseStack)
                  700a0368    00000008     --HOLE-- [fill = 0]
                  700a0370    00000126     drivers.am263px.r5f.ti-arm-clang.freertos.debug.lib : soc.obj (.text.SOC_controlModuleLockMMR)
                  700a0496    0000000a     --HOLE-- [fill = 0]
                  700a04a0    00000126     lwip-freertos.am263px.r5f.ti-arm-clang.debug.lib : pbuf.obj (.text.pbuf_take_at)
                  700a05c6    0000000a     --HOLE-- [fill = 0]
                  700a05d0    00000126                                                      : timeouts.obj (.text.sys_timeout_abs)
                  700a06f6    0000000a     --HOLE-- [fill = 0]
                  700a0700    00000124     enet-cpsw.am263px.r5f.ti-arm-clang.freertos.debug.lib : csl_cpsw_ale_9g_tblcfg.obj (.text.CSL_CPSW_setAleMcastAddrEntry)
                  700a0824    0000000c     --HOLE-- [fill = 0]
                  700a0830    00000124                                                           : cpsw_ale.obj (.text.CpswAle_setIoctlHandlerFxn)
                  700a0954    0000000c     --HOLE-- [fill = 0]
                  700a0960    00000124                                                           : cpsw_cpts.obj (.text.CpswCpts_setIoctlHandlerFxn)
                  700a0a84    0000000c     --HOLE-- [fill = 0]
                  700a0a90    00000124                                                           : cpsw_hostport.obj (.text.CpswHostPort_setIoctlHandlerFxn)
                  700a0bb4    0000000c     --HOLE-- [fill = 0]
                  700a0bc0    00000124                                                           : cpsw_macport_est.obj (.text.CpswMacPortEst_setIoctlHandlerFxn)
                  700a0ce4    0000000c     --HOLE-- [fill = 0]
                  700a0cf0    00000124                                                           : cpsw_macport.obj (.text.CpswMacPort_setIoctlHandlerFxn)
                  700a0e14    0000000c     --HOLE-- [fill = 0]
                  700a0e20    00000124                                                           : cpsw_stats.obj (.text.CpswStats_setIoctlHandlerFxn)
                  700a0f44    0000000c     --HOLE-- [fill = 0]
                  700a0f50    00000124                                                           : cpsw.obj (.text.Cpsw_initCfg)
                  700a1074    0000000c     --HOLE-- [fill = 0]
                  700a1080    00000124                                                           : cpsw.obj (.text.Cpsw_setIoctlHandlerFxn)
                  700a11a4    0000000c     --HOLE-- [fill = 0]
                  700a11b0    00000124                                                           : enet_phymdio_dflt.obj (.text.EnetPhyMdioDflt_setIoctlHandlerFxn)
                  700a12d4    0000000c     --HOLE-- [fill = 0]
                  700a12e0    00000124                                                           : enet_rm.obj (.text.EnetRm_setIoctlHandlerFxn)
                  700a1404    0000000c     --HOLE-- [fill = 0]
                  700a1410    00000124                                                           : mdio.obj (.text.Mdio_setIoctlHandlerFxn)
                  700a1534    0000000c     --HOLE-- [fill = 0]
                  700a1540    00000122                                                           : cpsw_ale_ioctl.obj (.text.CpswAle_addUcastAddr)
                  700a1662    0000000e     --HOLE-- [fill = 0]
                  700a1670    00000120                                                           : cpsw_est.obj (.text.CpswEst_setIoctlHandlerFxn)
                  700a1790    00000120                                                           : enet_rm_ioctl.obj (.text.EnetRm_allocInternalRxFlowIdx)
                  700a18b0    00000120                                                           : mdio_manual_ioctl.obj (.text.Mdio_manualModePhyRegRead22)
                  700a19d0    00000120     drivers.am263px.r5f.ti-arm-clang.freertos.debug.lib : soc_rcm.obj (.text.SOC_rcmGetPeripheralClockFrequency)
                  700a1af0    0000011e     enet-cpsw.am263px.r5f.ti-arm-clang.freertos.debug.lib : mdio_manual_ioctl.obj (.text.Mdio_manualModePhyRegValReadC45)
                  700a1c0e    00000002     --HOLE-- [fill = 0]
                  700a1c10    0000011e     lwip-freertos.am263px.r5f.ti-arm-clang.debug.lib : pbuf.obj (.text.pbuf_add_header_impl)
                  700a1d2e    00000002     --HOLE-- [fill = 0]
                  700a1d30    0000011e     freertos.am263px.r5f.ti-arm-clang.debug.lib : tasks.obj (.text.xTaskDelayUntil)
                  700a1e4e    00000002     --HOLE-- [fill = 0]
                  700a1e50    0000011c     enet-cpsw.am263px.r5f.ti-arm-clang.freertos.debug.lib : csl_cpsw_ale_9g_tblcfg.obj (.text.CSL_CPSW_setAleVlanEntry)
                  700a1f6c    00000004     --HOLE-- [fill = 0]
                  700a1f70    0000011c     ti_enet_open_close.o (.text.EnetAppUtils_openRxCh)
                  700a208c    00000004     --HOLE-- [fill = 0]
                  700a2090    0000011c     enet-cpsw.am263px.r5f.ti-arm-clang.freertos.debug.lib : enet_cpdma.obj (.text.EnetCpdma_setSOPInfo)
                  700a21ac    00000004     --HOLE-- [fill = 0]
                  700a21b0    0000011c                                                           : enet_utils.obj (.text.EnetUtils_delayNs)
                  700a22cc    00000004     --HOLE-- [fill = 0]
                  700a22d0    0000011c                                                           : mdio_ioctl.obj (.text.Mdio_writeRegC45)
                  700a23ec    00000004     --HOLE-- [fill = 0]
                  700a23f0    0000011c     drivers.am263px.r5f.ti-arm-clang.freertos.debug.lib : uart_dma_edma.obj (.text.UART_lld_dmaRead)
                  700a250c    00000004     --HOLE-- [fill = 0]
                  700a2510    0000011c     lwip-freertos.am263px.r5f.ti-arm-clang.debug.lib : tcp_out.obj (.text.tcp_rexmit_rto_prepare)
                  700a262c    00000004     --HOLE-- [fill = 0]
                  700a2630    0000011a     enet-cpsw.am263px.r5f.ti-arm-clang.freertos.debug.lib : csl_cpsw_ale_9g_tblcfg.obj (.text.CSL_CPSW_setAleOutVlanEntry)
                  700a274a    00000006     --HOLE-- [fill = 0]
                  700a2750    0000011a                                                           : enetphy.obj (.text.EnetPhy_setupManual)
                  700a286a    00000006     --HOLE-- [fill = 0]
                  700a2870    0000011a     drivers.am263px.r5f.ti-arm-clang.freertos.debug.lib : i2c_v1_lld.obj (.text.I2C_lld_mem_readIntr)
                  700a298a    00000006     --HOLE-- [fill = 0]
                  700a2990    00000118     enet-cpsw.am263px.r5f.ti-arm-clang.freertos.debug.lib : enetphy.obj (.text.EnetPhy_resetWaitState)
                  700a2aa8    00000008     --HOLE-- [fill = 0]
                  700a2ab0    00000118                                                           : enetphy.obj (.text.EnetPhy_setupNway)
                  700a2bc8    00000008     --HOLE-- [fill = 0]
                  700a2bd0    00000118     lwip-freertos.am263px.r5f.ti-arm-clang.debug.lib : sys_arch.obj (.text.sys_mbox_trypost)
                  700a2ce8    00000008     --HOLE-- [fill = 0]
                  700a2cf0    00000118                                                      : tcp.obj (.text.tcp_process_refused_data)
                  700a2e08    00000008     --HOLE-- [fill = 0]
                  700a2e10    00000118                                                      : tcp.obj (.text.tcp_update_rcv_ann_wnd)
                  700a2f28    00000118     libclang_rt.builtins.a : udivmoddi4.S.obj (.text)
                  700a3040    00000116     drivers.am263px.r5f.ti-arm-clang.freertos.debug.lib : edma.obj (.text.EDMA_isTccAllocated)
                  700a3156    0000000a     --HOLE-- [fill = 0]
                  700a3160    00000116     enet-cpsw.am263px.r5f.ti-arm-clang.freertos.debug.lib : mdio_ioctl.obj (.text.Mdio_handleIntr)
                  700a3276    0000000a     --HOLE-- [fill = 0]
                  700a3280    00000116     drivers.am263px.r5f.ti-arm-clang.freertos.debug.lib : uart_v0_lld.obj (.text.UART_divisorLatchWrite)
                  700a3396    0000000a     --HOLE-- [fill = 0]
                  700a33a0    00000114     freertos.am263px.r5f.ti-arm-clang.debug.lib : printf.obj (.text._ntoa_long)
                  700a34b4    0000000c     --HOLE-- [fill = 0]
                  700a34c0    00000112     enet-cpsw.am263px.r5f.ti-arm-clang.freertos.debug.lib : enetphy.obj (.text.EnetPhy_tick)
                  700a35d2    0000000e     --HOLE-- [fill = 0]
                  700a35e0    00000110     freertos.am263px.r5f.ti-arm-clang.debug.lib : DebugP_shmLogReader.obj (.text.DebugP_shmLogRead)
                  700a36f0    00000110                                                 : DebugP_shmLogReader.obj (.text.DebugP_shmLogReaderTaskMain)
                  700a3800    00000110     enet-cpsw.am263px.r5f.ti-arm-clang.freertos.debug.lib : enetphy.obj (.text.EnetPhy_rmwReg)
                  700a3910    00000110     xgw_udp_interface.o (.text.xgw_udp_recv_callback)
                  700a3a20    0000010e     enet-cpsw.am263px.r5f.ti-arm-clang.freertos.debug.lib : enet_cpdma.obj (.text.EnetCpdma_initRxChannel)
                  700a3b2e    00000002     --HOLE-- [fill = 0]
                  700a3b30    0000010e     drivers.am263px.r5f.ti-arm-clang.freertos.debug.lib : soc_rcm.obj (.text.SOC_rcmADPLLJGetFOut)
                  700a3c3e    00000002     --HOLE-- [fill = 0]
                  700a3c40    0000010e     lwip-freertos.am263px.r5f.ti-arm-clang.debug.lib : netif.obj (.text.netif_do_set_ipaddr)
                  700a3d4e    00000002     --HOLE-- [fill = 0]
                  700a3d50    0000010e                                                      : udp.obj (.text.udp_sendto_if)
                  700a3e5e    00000002     --HOLE-- [fill = 0]
                  700a3e60    0000010e     freertos.am263px.r5f.ti-arm-clang.debug.lib : queue.obj (.text.xQueueGenericReset)
                  700a3f6e    00000002     --HOLE-- [fill = 0]
                  700a3f70    0000010c     enet-cpsw.am263px.r5f.ti-arm-clang.freertos.debug.lib : enet_cpdma.obj (.text.EnetCpdma_initTxChannel)
                  700a407c    00000004     --HOLE-- [fill = 0]
                  700a4080    0000010c     lwip-freertos.am263px.r5f.ti-arm-clang.debug.lib : sys_arch.obj (.text.sys_arch_protect)
                  700a418c    00000004     --HOLE-- [fill = 0]
                  700a4190    0000010c                                                      : udp.obj (.text.udp_connect)
                  700a429c    00000004     --HOLE-- [fill = 0]
                  700a42a0    0000010a     enet-cpsw.am263px.r5f.ti-arm-clang.freertos.debug.lib : csl_cpsw.obj (.text.CSL_CPSW_setCpswControlReg)
                  700a43aa    00000006     --HOLE-- [fill = 0]
                  700a43b0    0000010a     drivers.am263px.r5f.ti-arm-clang.freertos.debug.lib : ipc_notify_v1.obj (.text.IpcNotify_sendMsg)
                  700a44ba    00000006     --HOLE-- [fill = 0]
                  700a44c0    00000108     lwip-freertos.am263px.r5f.ti-arm-clang.debug.lib : sys_arch.obj (.text.sys_mbox_new)
                  700a45c8    00000008     --HOLE-- [fill = 0]
                  700a45d0    00000108                                                      : tcp_out.obj (.text.tcp_output_alloc_header_common)
                  700a46d8    00000008     --HOLE-- [fill = 0]
                  700a46e0    00000106     enet-cpsw.am263px.r5f.ti-arm-clang.freertos.debug.lib : enet_rm.obj (.text.EnetRm_initTxObj)
                  700a47e6    0000000a     --HOLE-- [fill = 0]
                  700a47f0    00000106     freertos.am263px.r5f.ti-arm-clang.debug.lib : tasks.obj (.text.prvAddCurrentTaskToDelayedList)
                  700a48f6    0000000a     --HOLE-- [fill = 0]
                  700a4900    00000104     enet-cpsw.am263px.r5f.ti-arm-clang.freertos.debug.lib : csl_cpsw.obj (.text.CSL_CPSW_setPortEstConfig)
                  700a4a04    0000000c     --HOLE-- [fill = 0]
                  700a4a10    00000104     drivers.am263px.r5f.ti-arm-clang.freertos.debug.lib : i2c_v1.obj (.text.I2C_close)
                  700a4b14    0000000c     --HOLE-- [fill = 0]
                  700a4b20    00000104                                                         : uart_v0_lld.obj (.text.UART_configInstance)
                  700a4c24    0000000c     --HOLE-- [fill = 0]
                  700a4c30    00000104     gateway_shared.o (.text.gateway_ringbuf_write)
                  700a4d34    0000000c     --HOLE-- [fill = 0]
                  700a4d40    00000102     gateway_shared.o (.text.gateway_ringbuf_read)
                  700a4e42    0000000e     --HOLE-- [fill = 0]
                  700a4e50    00000100     enet-cpsw.am263px.r5f.ti-arm-clang.freertos.debug.lib : enet_osal.obj (.text.EnetOsal_createMutex)
                  700a4f50    00000100                                                           : enetphy.obj (.text.EnetPhy_getId)
                  700a5050    000000fe                                                           : cpsw_stats.obj (.text.CpswStats_resetMacStats)
                  700a514e    00000002     --HOLE-- [fill = 0]
                  700a5150    000000fe     lwip-freertos.am263px.r5f.ti-arm-clang.debug.lib : tcp_out.obj (.text.tcp_send_empty_ack)
                  700a524e    00000002     --HOLE-- [fill = 0]
                  700a5250    000000fc     ti_enet_open_close.o (.text.EnetApp_createPhyStateHandlerTask)
                  700a534c    00000004     --HOLE-- [fill = 0]
                  700a5350    000000f8     enet-cpsw.am263px.r5f.ti-arm-clang.freertos.debug.lib : csl_cpts.obj (.text.CSL_CPTS_setCntlReg)
                  700a5448    00000008     --HOLE-- [fill = 0]
                  700a5450    000000f8                                                           : cpsw.obj (.text.Cpsw_ioctlInternal)
                  700a5548    00000008     --HOLE-- [fill = 0]
                  700a5550    000000f6                                                           : cpsw_ioctl.obj (.text.Cpsw_internalIoctl_handler_ENET_PER_IOCTL_ATTACH_CORE)
                  700a5646    0000000a     --HOLE-- [fill = 0]
                  700a5650    000000f6                                                           : enetphy.obj (.text.EnetPhy_clearIsolateState)
                  700a5746    0000000a     --HOLE-- [fill = 0]
                  700a5750    000000f6                                                           : enetphy.obj (.text.EnetPhy_setIsolateState)
                  700a5846    0000000a     --HOLE-- [fill = 0]
                  700a5850    000000f6                                                           : enet_queue.obj (.text.EnetQueue_enq)
                  700a5946    0000000a     --HOLE-- [fill = 0]
                  700a5950    000000f4                                                           : cpsw.obj (.text.Cpsw_handleMdioLinkStateChange)
                  700a5a44    0000000c     --HOLE-- [fill = 0]
                  700a5a50    000000f4                                                           : enet.obj (.text.EnetPer_ioctl)
                  700a5b44    0000000c     --HOLE-- [fill = 0]
                  700a5b50    000000f4                                                           : enet.obj (.text.Enet_open)
                  700a5c44    0000000c     --HOLE-- [fill = 0]
                  700a5c50    000000f4     freertos.am263px.r5f.ti-arm-clang.debug.lib : tasks.obj (.text.prvCreateStaticTask)
                  700a5d44    0000000c     --HOLE-- [fill = 0]
                  700a5d50    000000f4     lwip-freertos.am263px.r5f.ti-arm-clang.debug.lib : tcp_out.obj (.text.tcp_output_control_segment_netif)
                  700a5e44    0000000c     --HOLE-- [fill = 0]
                  700a5e50    000000f2     enet-cpsw.am263px.r5f.ti-arm-clang.freertos.debug.lib : cpsw_macport.obj (.text.CpswMacPort_setSwitchTxSched)
                  700a5f42    0000000e     --HOLE-- [fill = 0]
                  700a5f50    000000f0     drivers.am263px.r5f.ti-arm-clang.freertos.debug.lib : i2c_v1.obj (.text.I2C_LLD_targetTransferCompleteCallback)
                  700a6040    000000f0     lwip-freertos.am263px.r5f.ti-arm-clang.debug.lib : sys_arch.obj (.text.sys_sem_signal)
                  700a6130    000000ec     enet-cpsw.am263px.r5f.ti-arm-clang.freertos.debug.lib : cpsw_ioctl.obj (.text.Cpsw_internalIoctl_handler_ENET_PER_IOCTL_OPEN_PORT_LINK)
                  700a621c    00000004     --HOLE-- [fill = 0]
                  700a6220    000000ec                                                           : enet_rm_ioctl.obj (.text.EnetRm_addCoreAttached)
                  700a630c    00000004     --HOLE-- [fill = 0]
                  700a6310    000000ec     freertos.am263px.r5f.ti-arm-clang.debug.lib : queue.obj (.text.xQueueGenericCreateStatic)
                  700a63fc    00000004     --HOLE-- [fill = 0]
                  700a6400    000000ea     enet-cpsw.am263px.r5f.ti-arm-clang.freertos.debug.lib : enetphy.obj (.text.EnetPhy_getManualCaps)
                  700a64ea    00000006     --HOLE-- [fill = 0]
                  700a64f0    000000ea     drivers.am263px.r5f.ti-arm-clang.freertos.debug.lib : i2c_v1_lld.obj (.text.I2C_lld_targetTransferIntr)
                  700a65da    00000006     --HOLE-- [fill = 0]
                  700a65e0    000000e8     enet-cpsw.am263px.r5f.ti-arm-clang.freertos.debug.lib : enetphy.obj (.text.EnetPhy_findCommonCaps)
                  700a66c8    00000008     --HOLE-- [fill = 0]
                  700a66d0    000000e8                                                           : enet_rm_ioctl.obj (.text.EnetRm_allocRxFlowIdx)
                  700a67b8    00000008     --HOLE-- [fill = 0]
                  700a67c0    000000e8                                                           : mdio.obj (.text.Mdio_close)
                  700a68a8    00000008     --HOLE-- [fill = 0]
                  700a68b0    000000e8     lwip-freertos.am263px.r5f.ti-arm-clang.debug.lib : tcp.obj (.text.tcp_recved)
                  700a6998    00000008     --HOLE-- [fill = 0]
                  700a69a0    000000e8                                                      : tcpip.obj (.text.tcpip_init)
                  700a6a88    00000008     --HOLE-- [fill = 0]
                  700a6a90    000000e6     board.am263px.r5f.ti-arm-clang.freertos.debug.lib : dp83869.obj (.text.Dp83869_setClkDelay)
                  700a6b76    0000000a     --HOLE-- [fill = 0]
                  700a6b80    000000e6     drivers.am263px.r5f.ti-arm-clang.freertos.debug.lib : soc_rcm.obj (.text.SOC_rcmGetCoreFout)
                  700a6c66    0000000a     --HOLE-- [fill = 0]
                  700a6c70    000000e6                                                         : soc_rcm.obj (.text.SOC_rcmGetPerFout)
                  700a6d56    0000000a     --HOLE-- [fill = 0]
                  700a6d60    000000e6     lwip-freertos.am263px.r5f.ti-arm-clang.debug.lib : tcp.obj (.text.tcp_fasttmr)
                  700a6e46    0000000a     --HOLE-- [fill = 0]
                  700a6e50    000000e4     enet-cpsw.am263px.r5f.ti-arm-clang.freertos.debug.lib : cpsw_macport.obj (.text.CpswMacPort_setInterface)
                  700a6f34    0000000c     --HOLE-- [fill = 0]
                  700a6f40    000000e4     drivers.am263px.r5f.ti-arm-clang.freertos.debug.lib : edma.obj (.text.EDMA_freeChannelRegion)
                  700a7024    0000000c     --HOLE-- [fill = 0]
                  700a7030    000000e4     enet-cpsw.am263px.r5f.ti-arm-clang.freertos.debug.lib : enet_rm.obj (.text.EnetRm_getFreeQ)
                  700a7114    0000000c     --HOLE-- [fill = 0]
                  700a7120    000000e2                                                           : csl_cpsw.obj (.text.CSL_CPSW_getAlePortControlReg)
                  700a7202    0000000e     --HOLE-- [fill = 0]
                  700a7210    000000e2                                                           : cpsw_ale.obj (.text.CpswAle_addDefaultEntries)
                  700a72f2    0000000e     --HOLE-- [fill = 0]
                  700a7300    000000e2     drivers.am263px.r5f.ti-arm-clang.freertos.debug.lib : edma.obj (.text.EDMA_freeParam)
                  700a73e2    0000000e     --HOLE-- [fill = 0]
                  700a73f0    000000e2     lwip-freertos.am263px.r5f.ti-arm-clang.debug.lib : dhcp.obj (.text.dhcp_inc_pcb_refcount)
                  700a74d2    0000000e     --HOLE-- [fill = 0]
                  700a74e0    000000e2                                                      : sys_arch.obj (.text.sys_mutex_lock)
                  700a75c2    0000000e     --HOLE-- [fill = 0]
                  700a75d0    000000e0     enet-cpsw.am263px.r5f.ti-arm-clang.freertos.debug.lib : csl_cpts.obj (.text.CSL_CPTS_setupESTFn)
                  700a76b0    000000e0                                                           : cpsw_ale_ioctl.obj (.text.CpswAle_findAddr)
                  700a7790    000000e0     drivers.am263px.r5f.ti-arm-clang.freertos.debug.lib : edma.obj (.text.EDMA_freeDmaChannel)
                  700a7870    000000e0                                                         : edma.obj (.text.EDMA_freeTcc)
                  700a7950    000000e0     enet-cpsw.am263px.r5f.ti-arm-clang.freertos.debug.lib : enet_apputils.obj (.text.EnetAppUtils_reduceCoreMacAllocation)
                  700a7a30    000000e0                                                           : mdio_ioctl.obj (.text.Mdio_normal_ioctl_handler_ENET_MDIO_IOCTL_C22_READ)
                  700a7b10    000000e0     freertos.am263px.r5f.ti-arm-clang.debug.lib : tasks.obj (.text.xTaskCheckForTimeOut)
                  700a7bf0    000000de     enet-cpsw.am263px.r5f.ti-arm-clang.freertos.debug.lib : csl_cpsw_ale_9g_tblcfg.obj (.text.CSL_CPSW_getAleVlanUnicastAddrEntry)
                  700a7cce    00000002     --HOLE-- [fill = 0]
                  700a7cd0    000000de     board.am263px.r5f.ti-arm-clang.freertos.debug.lib : dp83869.obj (.text.Dp83869_getSpeedDuplex)
                  700a7dae    00000002     --HOLE-- [fill = 0]
                  700a7db0    000000de     drivers.am263px.r5f.ti-arm-clang.freertos.debug.lib : uart_v0_lld.obj (.text.UART_intrEnable)
                  700a7e8e    00000002     --HOLE-- [fill = 0]
                  700a7e90    000000de     lwip-freertos.am263px.r5f.ti-arm-clang.debug.lib : sys_arch.obj (.text.sys_mutex_unlock)
                  700a7f6e    00000002     --HOLE-- [fill = 0]
                  700a7f70    000000da     enet-cpsw.am263px.r5f.ti-arm-clang.freertos.debug.lib : cpsw_macport_ioctl.obj (.text.CpswMacPort_ioctl_handler_ENET_MACPORT_IOCTL_SET_INGRESS_DSCP_PRI_MAP)
                  700a804a    00000006     --HOLE-- [fill = 0]
                  700a8050    000000da     drivers.am263px.r5f.ti-arm-clang.freertos.debug.lib : uart_v0_lld.obj (.text.UART_intrDisable)
                  700a812a    00000006     --HOLE-- [fill = 0]
                  700a8130    000000da     lwip-freertos.am263px.r5f.ti-arm-clang.debug.lib : ethernet.obj (.text.ethernet_output)
                  700a820a    00000006     --HOLE-- [fill = 0]
                  700a8210    000000d8     enet-cpsw.am263px.r5f.ti-arm-clang.freertos.debug.lib : cpsw.obj (.text.Cpsw_close)
                  700a82e8    00000008     --HOLE-- [fill = 0]
                  700a82f0    000000d8     ti_enet_open_close.o (.text.EnetApp_enableHostPort)
                  700a83c8    00000008     --HOLE-- [fill = 0]
                  700a83d0    000000d8     lwip-freertos.am263px.r5f.ti-arm-clang.debug.lib : tcp.obj (.text.tcp_eff_send_mss_netif)
                  700a84a8    00000008     --HOLE-- [fill = 0]
                  700a84b0    000000d6     enet-cpsw.am263px.r5f.ti-arm-clang.freertos.debug.lib : enetphy.obj (.text.EnetPhy_nwayWaitState)
                  700a8586    0000000a     --HOLE-- [fill = 0]
                  700a8590    000000d4                                                           : cpsw_ale_ioctl.obj (.text.CpswAle_ioctl_handler_CPSW_ALE_IOCTL_ADD_UCAST)
                  700a8664    0000000c     --HOLE-- [fill = 0]
                  700a8670    000000d4                                                           : enet_rm.obj (.text.EnetRm_freeResource)
                  700a8744    0000000c     --HOLE-- [fill = 0]
                  700a8750    000000d4                                                           : enet.obj (.text.Enet_getHandles)
                  700a8824    0000000c     --HOLE-- [fill = 0]
                  700a8830    000000d4     test.o (.text.test_init)
                  700a8904    0000000c     --HOLE-- [fill = 0]
                  700a8910    000000d2     enet-cpsw.am263px.r5f.ti-arm-clang.freertos.debug.lib : csl_cpsw_ale_9g_tblcfg.obj (.text.CSL_CPSW_getAleUnicastAddrEntry)
                  700a89e2    0000000e     --HOLE-- [fill = 0]
                  700a89f0    000000d2     drivers.am263px.r5f.ti-arm-clang.freertos.debug.lib : uart_v0_lld.obj (.text.UART_lld_write)
                  700a8ac2    0000000e     --HOLE-- [fill = 0]
                  700a8ad0    000000d2     freertos.am263px.r5f.ti-arm-clang.debug.lib : timers.obj (.text.xTimerGenericCommandFromTask)
                  700a8ba2    0000000e     --HOLE-- [fill = 0]
                  700a8bb0    000000d0                                                 : AddrTranslateP_32bit.obj (.text.AddrTranslateP_getLocalAddr)
                  700a8c80    000000d0     enet-cpsw.am263px.r5f.ti-arm-clang.freertos.debug.lib : csl_cpsw_ale_9g_tblcfg.obj (.text.CSL_CPSW_getAleVlanEntry)
                  700a8d50    000000d0                                                           : csl_cpsw.obj (.text.CSL_CPSW_getCpswControlReg)
                  700a8e20    000000d0     lwip-freertos.am263px.r5f.ti-arm-clang.debug.lib : dhcp.obj (.text.dhcp_conflict_callback)
                  700a8ef0    000000ce     enet-cpsw.am263px.r5f.ti-arm-clang.freertos.debug.lib : cpsw_ale.obj (.text.CpswAle_getIoctlHandlerFxn)
                  700a8fbe    00000002     --HOLE-- [fill = 0]
                  700a8fc0    000000ce                                                           : cpsw_cpts.obj (.text.CpswCpts_getIoctlHandlerFxn)
                  700a908e    00000002     --HOLE-- [fill = 0]
                  700a9090    000000ce                                                           : cpsw_hostport.obj (.text.CpswHostPort_getIoctlHandlerFxn)
                  700a915e    00000002     --HOLE-- [fill = 0]
                  700a9160    000000ce                                                           : cpsw_macport_est.obj (.text.CpswMacPortEst_getIoctlHandlerFxn)
                  700a922e    00000002     --HOLE-- [fill = 0]
                  700a9230    000000ce                                                           : cpsw_macport.obj (.text.CpswMacPort_getIoctlHandlerFxn)
                  700a92fe    00000002     --HOLE-- [fill = 0]
                  700a9300    000000ce                                                           : cpsw_stats.obj (.text.CpswStats_getIoctlHandlerFxn)
                  700a93ce    00000002     --HOLE-- [fill = 0]
                  700a93d0    000000ce                                                           : cpsw.obj (.text.Cpsw_getIoctlHandlerFxn)
                  700a949e    00000002     --HOLE-- [fill = 0]
                  700a94a0    000000ce     drivers.am263px.r5f.ti-arm-clang.freertos.debug.lib : edma.obj (.text.EDMA_disableChInShadowRegRegion)
                  700a956e    00000002     --HOLE-- [fill = 0]
                  700a9570    000000ce     test_enet.o (.text.EnetApp_addMCastEntry)
                  700a963e    00000002     --HOLE-- [fill = 0]
                  700a9640    000000ce     enet-cpsw.am263px.r5f.ti-arm-clang.freertos.debug.lib : enet_cpdma.obj (.text.EnetCpdma_close)
                  700a970e    00000002     --HOLE-- [fill = 0]
                  700a9710    000000ce                                                           : enet_phymdio_dflt.obj (.text.EnetPhyMdioDflt_getIoctlHandlerFxn)
                  700a97de    00000002     --HOLE-- [fill = 0]
                  700a97e0    000000ce                                                           : enet_rm_ioctl.obj (.text.EnetRm_allocResourceNode)
                  700a98ae    00000002     --HOLE-- [fill = 0]
                  700a98b0    000000ce                                                           : enet_rm.obj (.text.EnetRm_getIoctlHandlerFxn)
                  700a997e    00000002     --HOLE-- [fill = 0]
                  700a9980    000000ce                                                           : mdio.obj (.text.Mdio_getIoctlHandlerFxn)
                  700a9a4e    00000002     --HOLE-- [fill = 0]
                  700a9a50    000000ce     drivers.am263px.r5f.ti-arm-clang.freertos.debug.lib : uart_v0_lld.obj (.text.UART_lld_writeDma)
                  700a9b1e    00000002     --HOLE-- [fill = 0]
                  700a9b20    000000ce     lwip-freertos.am263px.r5f.ti-arm-clang.debug.lib : tcp_out.obj (.text.tcp_output_fill_options)
                  700a9bee    00000002     --HOLE-- [fill = 0]
                  700a9bf0    000000cc     freertos.am263px.r5f.ti-arm-clang.debug.lib : ClockP_freertos.obj (.text.ClockP_construct)
                  700a9cbc    00000004     --HOLE-- [fill = 0]
                  700a9cc0    000000cc     enet-cpsw.am263px.r5f.ti-arm-clang.freertos.debug.lib : cpsw_est.obj (.text.CpswEst_getIoctlHandlerFxn)
                  700a9d8c    00000004     --HOLE-- [fill = 0]
                  700a9d90    000000cc     drivers.am263px.r5f.ti-arm-clang.freertos.debug.lib : edma.obj (.text.EDMA_enableChInShadowRegRegion)
                  700a9e5c    00000004     --HOLE-- [fill = 0]
                  700a9e60    000000cc     ti_enet_init.o (.text.EnetApp_cpswInitMacAddr)
                  700a9f2c    00000004     --HOLE-- [fill = 0]
                  700a9f30    000000cc     ti_board_config.o (.text.EnetBoard_setupPorts)
                  700a9ffc    00000004     --HOLE-- [fill = 0]
                  700aa000    000000cc     freertos.am263px.r5f.ti-arm-clang.debug.lib : queue.obj (.text.prvCopyDataToQueue)
                  700aa0cc    00000004     --HOLE-- [fill = 0]
                  700aa0d0    000000ca     enet-cpsw.am263px.r5f.ti-arm-clang.freertos.debug.lib : csl_cpsw_ale_9g_tblcfg.obj (.text.CSL_CPSW_getAleOutVlanEntry)
                  700aa19a    00000006     --HOLE-- [fill = 0]
                  700aa1a0    000000ca     freertos.am263px.r5f.ti-arm-clang.debug.lib : ClockP_freertos.obj (.text.ClockP_getTimeUsec)
                  700aa26a    00000006     --HOLE-- [fill = 0]
                  700aa270    000000ca     enet-cpsw.am263px.r5f.ti-arm-clang.freertos.debug.lib : cpsw_macport_ioctl.obj (.text.CpswMacPort_setDscpPriority)
                  700aa33a    00000006     --HOLE-- [fill = 0]
                  700aa340    000000ca                                                           : enetphy.obj (.text.EnetPhy_getCapsString)
                  700aa40a    00000006     --HOLE-- [fill = 0]
                  700aa410    000000ca                                                           : mdio_manual_ioctl.obj (.text.Mdio_manualModePhyRegReadC45)
                  700aa4da    00000006     --HOLE-- [fill = 0]
                  700aa4e0    000000ca     lwip-freertos.am263px.r5f.ti-arm-clang.debug.lib : dhcp.obj (.text.dhcp_decline)
                  700aa5aa    00000006     --HOLE-- [fill = 0]
                  700aa5b0    000000ca                                                      : sys_arch.obj (.text.sys_thread_new)
                  700aa67a    00000006     --HOLE-- [fill = 0]
                  700aa680    000000ca                                                      : tcp.obj (.text.tcp_backlog_accepted)
                  700aa74a    00000006     --HOLE-- [fill = 0]
                  700aa750    000000c8     enet-cpsw.am263px.r5f.ti-arm-clang.freertos.debug.lib : csl_cpsw.obj (.text.CSL_CPSW_getPortControlReg)
                  700aa818    00000008     --HOLE-- [fill = 0]
                  700aa820    000000c8                                                           : cpsw_macport_ioctl.obj (.text.CpswMacPort_ioctl_handler_CPSW_MACPORT_IOCTL_ENABLE)
                  700aa8e8    000000c8     libc.a : getdevice.c.obj (.text.getdevice)
                  700aa9b0    000000c8     freertos.am263px.r5f.ti-arm-clang.debug.lib : tasks.obj (.text.prvCreateIdleTasks)
                  700aaa78    00000008     --HOLE-- [fill = 0]
[...]
700c0f61  vListInitialiseItem                                                    
700c0f71  vTaskMissedYield                                                       
700c0f81  CSL_CPSW_getAleControlReg                                              
700c0f91  CSL_CPSW_getAleIPv6LowEntryIndex                                       
700c0fa1  CSL_MDIO_getClause45EnableMask                                         
700c0fb1  CSL_MDIO_getPollEnableMask                                             
700c0fd1  Drivers_open                                                           
700c0fe1  EnetAppUtils_enableClocks                                              
700c0ff1  EnetAppUtils_isPrintSupported                                          
700c1001  EnetSoc_getCoreId                                                      
700c1041  PhyPriv_getPhyAddr                                                     
700c1051  PhyPriv_getRegAccessApi                                                
700c1061  PowerClock_init                                                        
700c1071  dns_tmr                                                                
700c1081  uxTaskGetNumberOfTasks                                                 
700c1091  EnetCpdmaMem_getCfg                                                    
700c10b1  EnetMem_getCfg                                                         
700c10c1  EnetPhyMdioDflt_getPhyMdio                                             
700c1101  TaskP_exit                                                             
700c1161  vApplicationIdleHook                                                   
700c1171  Drivers_uartInit                                                       
700c1181  EnetOsal_disableAllIntr                                                
700c11b1  EnetBoard_getId                                                        
700c11c1  EnetSoc_getEnetNum                                                     
700c11d1  TaskP_yield                                                            
700c11e1  Board_init                                                             
700c1201  IpcNotify_wait                                                         
700c1221  mem_init                                                               
700c1231  netif_init                                                             
700c1251  vPortConfigTimerForRunTimeStats                                        
700c1261  vPortValidateInterruptPriority                                         
700c1abc  gCacheConfig                                                           
700c1ac4  gMpuConfig                                                             
700c1ad0  gMpuRegionConfig                                                       
700c1c40  gMpuRegionSizeInBytes                                                  
700c2ef8  memp_pools                                                             
700c38ee  gCR5ClkSrcInfoMap                                                      
700c3d64  gADPLLJConfigTbl                                                       
700c4494  lwip_cyclic_timers                                                     
700c7620  I2C_defaultTransaction                                                 
700cc4e0  I2C_lld_defaultMessage                                                 
700cc5e8  gPeripheralClkSrcInfoMap                                               
700cd484  memp_ALTCP_PCB                                                         
700cd498  memp_ARP_QUEUE                                                         
700cd4ac  memp_FRAG_PBUF                                                         
700cd4c0  memp_IGMP_GROUP                                                        
700cd4d4  memp_NETBUF                                                            
700cd4e8  memp_NETCONN                                                           
700cd4fc  memp_NETDB                                                             
700cd510  memp_PBUF                                                              
700cd524  memp_PBUF_POOL                                                         
700cd538  memp_POOL_128                                                          
700cd54c  memp_POOL_1568                                                         
700cd560  memp_POOL_4096                                                         
700cd574  memp_RAW_PCB                                                           
700cd588  memp_REASSDATA                                                         
700cd59c  memp_SYS_MBOX                                                          
700cd5b0  memp_SYS_TIMEOUT                                                       
700cd5c4  memp_TCPIP_MSG_API                                                     
700cd5d8  memp_TCPIP_MSG_INPKT                                                   
700cd5ec  memp_TCP_PCB                                                           
700cd600  memp_TCP_PCB_LISTEN                                                    
700cd614  memp_TCP_SEG                                                           
700cd628  memp_UDP_PCB                                                           
700ce474  tcp_pcb_lists                                                          
700ce958  g_EnetApp_dmaChParams                                                  
700ced44  gEnetPhyDrvTbl                                                         
700ced54  gXTALInfo                                                              
700cedf4  ethbroadcast                                                           
700cedfa  ethzero                                                                
700cef0c  gCacheL1dCacheLineSize                                                 
700cef10  gCacheL1pCacheLineSize                                                 
700cef14  ip_addr_any                                                            
700cef18  ip_addr_broadcast                                                      
700cef58  gEdmaConfig                                                            
700cef58  gEnetSoc_cpsw3g                                                        
700cef58  gUartDmaHandle                                                         
700d0ab8  gEnetSoc_dmaObj                                                        
700d25a0  gEnetSoc_cpsw3gMacObj                                                  
700d2940  gEnetCpswCfg                                                           
700d340c  gEnetPhyDrvDp83869                                                     
700d3510  gEnetPhyDrvGeneric                                                     
700d3614  gIpcNotifyMailboxConfig                                                
700d380c  _ftable                                                                
700d43cc  _device                                                                
700d471c  gUartParams                                                            
700d4818  _stream                                                                
700d49b4  FreeRTOS_errno                                                         
700d49b8  gEnetSoc_cpsw3gSocCfg                                                  
700d4a20  gEnetMacAddrPool                                                       
700d4a50  gSocModulesClockFrequency                                              
700d4acc  gClockConfig                                                           
700d4b2c  gDmaCfg                                                                
700d4ba4  gIpcNotifyInterruptConfig_r5fss0_0                                     
700d4be8  Cpsw_gSpeedNames                                                       
700d4bf8  gEepromFxns_CAT24M                                                     
700d4c08  gIpcNotifyCoreIntrBitPos                                               
700d4c18  gSocModules                                                            
700d4c28  Cpsw_gDuplexNames                                                      
700d4c34  gAddrTranslateConfig                                                   
700d4c4c  gEepromAttrs_CAT24M                                                    
700d4c58  gEepromConfig                                                          
700d4c64  gEnetSoc_perObj                                                        
700d4c70  gI2cParams                                                             
700d4c7c  __TI_cleanup_ptr                                                       
700d4c80  __TI_dtors_ptr                                                         
700d4c84  gEepromParams                                                          
700d4c8c  gI2cConfig                                                             
700d4c9c  gUartConfig                                                            
700d4ca4  __TI_ft_end                                                            
700d4cb8  _lock                                                                  
700d4cbc  _unlock                                                                
700d4cc8  gDebugLogZone                                                          
700d4ccc  gDebugP_uartDrvIndex                                                   
700d4cd0  gEdmaConfigNum                                                         
700d4cd4  gEepromConfigNum                                                       
700d4cd8  gEnetOsalHwiAllocCnt                                                   
700d4cdc  gEnetOsalHwiPeak                                                       
700d4ce0  gEnetOsalSemAllocCnt                                                   
700d4ce4  gEnetOsalSemPeak                                                       
700d4ce8  gHwiConfig                                                             
700d4cec  gI2cConfigNum                                                          
700d4cf0  gIpcNotifyInterruptConfigNum_r5fss0_0                                  
700d4cf4  gIpcTask                                                               
700d4cf8  gLogReaderTask                                                         
700d4cfc  gMainTask                                                              
700d4d00  gUartConfigNum                                                         
700d4d04  gUartDmaChConfig                                                       
700d4d08  gUdpRxTask                                                             
700d4d0c  gUdpTxTask                                                             
700d4d30  pxCurrentTCB                                                           
700d4d34  ulPortInterruptNesting                                                 
700d4d38  ulPortSchedularRunning                                                 
700d4d3c  ulPortTaskHasFPUContext                                                
700d4d40  ulPortYieldRequired                                                    
700d4d9d  gEnetTrace_runtimeLevel                                                
700d4d9f  isMapAvailable                                                         
700d4db1  HwiP_enableInt                                                         
700d4df1  HwiP_disableInt                                                        
700d4e51  HwiP_restoreInt                                                        
700d4e81  HwiP_clearInt                                                          
700d4ec1  HwiP_post                                                              
700d4f01  HwiP_Params_init                                                       
700d4f31  HwiP_construct                                                         
700d5121  HwiP_destruct                                                          
700d5191  HwiP_init                                                              
700d5341  HwiP_inISR                                                             
700d5371  HwiP_setVimIrqPriMaskNonAtomic                                         
700d53c1  HwiP_setVimIrqPriMaskAtomic                                            
700d5461  HwiP_restoreVimIrqPriMask                                              
700d5471  HwiP_irq_handler_c                                                     
700d5611  HwiP_fiq_handler                                                       
700d5781  HwiP_reserved_handler                                                  
700d57c1  HwiP_undefined_handler_c                                               
700d57e1  HwiP_user_undefined_handler_c                                          
700d5801  HwiP_prefetch_abort_handler_c                                          
700d58a1  HwiP_user_prefetch_abort_handler_c                                     
700d58e1  HwiP_data_abort_handler_c                                              
700d59a1  HwiP_user_data_abort_handler_c                                         
700d59dc  vPortRestoreTaskContext                                                
700d5a14  HwiP_svc_handler                                                       
700d5a84  HwiP_irq_handler                                                       
700d5bc8  HwiP_data_abort_handler                                                
700d5c0c  HwiP_prefetch_abort_handler                                            
700d5c58  HwiP_undefined_handler                                                 
700d5c88  GET_DFSR                                                               
700d5c90  GET_ADFSR                                                              
700d5c98  GET_DFAR                                                               
700d5ca0  GET_IFSR                                                               
700d5ca8  GET_AIFSR                                                              
700d5cb0  GET_IFAR                                                               
700d5cb8  GET_SPSR                                                               
700d5ccc  HwiP_disable                                                           
700d5cdc  HwiP_disableFIQ                                                        
700d5cec  HwiP_enable                                                            
700d5cfc  HwiP_enableFIQ                                                         
700d5d0c  HwiP_restore                                                           
700d5d14  HwiP_enableVIC                                                         
700d5d24  HwiP_disableVIC                                                        
700d5d34  HwiP_getCPSR                                                           
700d5d40  CacheP_disableL1d                                                      
700d5d68  CacheP_disableL1p                                                      
700d5d80  CacheP_enableL1d                                                       
700d5d98  CacheP_enableL1p                                                       
700d5db0  CacheP_invL1d                                                          
700d5de8  CacheP_invL1p                                                          
700d5e24  CacheP_invL1dAll                                                       
700d5e2c  CacheP_invL1pAll                                                       
700d5e34  CacheP_wb                                                              
700d5e70  CacheP_wbInv                                                           
700d5eac  CacheP_wbAll                                                           
700d5f54  CacheP_wbInvAll                                                        
700d5f6c  CacheP_wbInvAllAsm                                                     
700d600c  CacheP_getEnabled                                                      
700d6044  CacheP_getCacheLevelInfo                                               
700d6050  CacheP_configForceWrThru                                               
700d6070  CacheP_setDLFO                                                         
700d6081  CacheP_init                                                            
700d6111  CacheP_disable                                                         
700d6161  CacheP_enable                                                          
700d61a1  CacheP_inv                                                             
700d61e1  MpuP_getAttrs                                                          
700d6241  MpuP_RegionAttrs_init                                                  
700d6271  MpuP_setRegion                                                         
700d6301  MpuP_isEnable                                                          
700d6311  MpuP_disable                                                           
700d6351  MpuP_enable                                                            
700d63a1  MpuP_init                                                              
700d6441  MpuP_isUserAuthorizedToAccessMemory                                    
700d6520  MpuP_disableAsm                                                        
700d6538  MpuP_disableBRAsm                                                      
700d6548  MpuP_enableAsm                                                         
700d6560  MpuP_enableBRAsm                                                       
700d6570  MpuP_isEnableAsm                                                       
700d6584  MpuP_setRegionAsm                                                      
700d65a0  _c_int00_sbl                                                           
700d65c4  _c_int00                                                               
700d66f1  _DebugP_assertNoLog                                                    
700d6721  _system_pre_init                                                       
700d6751  __mpu_init                                                             
700d6760  abort                                                                  
700d6768  __IRQ_STACK_START                                                      
700d6868  __FIQ_STACK_START                                                      
700d6868  __IRQ_STACK_END                                                        
700d6968  __FIQ_STACK_END                                                        
700d6968  __SVC_STACK_START                                                      
700d7968  __ABORT_STACK_START                                                    
700d7968  __SVC_STACK_END                                                        
700d7a68  __ABORT_STACK_END                                                      
700d7a68  __UNDEFINED_STACK_START                                                
700d7b68  __UNDEFINED_STACK_END                                                  
701d0000  gGatewaySharedMem                                                      
701d8000  gDebugShmLog                                                           
ffffffff  __TI_pprof_out_hndl                                                    
ffffffff  __TI_prof_data_size                                                    
ffffffff  __TI_prof_data_start                                                   
ffffffff  __binit__                                                              
ffffffff  binit                                                                  
UNDEFED   __TI_CINIT_Base                                                        
UNDEFED   __TI_CINIT_Limit                                                       
UNDEFED   __TI_Handler_Table_Base                                                
UNDEFED   __TI_Handler_Table_Limit                                               
UNDEFED   _system_post_cinit                                                     

[1228 symbols]
