******************************************************************************
            TI ARM Clang Linker PC v4.0.4                      
******************************************************************************
>> Linked Tue Apr  7 14:38:29 2026

OUTPUT FILE NAME:   <ccu_ti_multi_core_freertos.out>
ENTRY POINT SYMBOL: "_vectors"  address: 00000000


MEMORY CONFIGURATION

         name            origin    length      used     unused   attr    fill
----------------------  --------  ---------  --------  --------  ----  --------
  R5F_VECS              00000000   00000040  00000040  00000000  RWIX
  R5F_TCMA              00000040   00007fc0  00000000  00007fc0  RWIX
  R5F_TCMB              00080000   00008000  00000000  00008000  RWIX
  MAILBOX_HSM           44000000   000003ce  00000000  000003ce  RWIX
  MAILBOX_R5F           44000400   000003ce  00000000  000003ce  RWIX
  FLASH                 60100000   00080000  00000000  00080000  RWIX
  SBL                   70000000   00040000  00000000  00040000  RWIX
  OCRAM                 70040000   00140000  000ef3e8  00050c18  RWIX
  USER_SHM_MEM          70200000   00008000  00004ee4  0000311c  RWIX
  LOG_SHM_MEM           70208000   00004000  00002000  00002000  RWIX
  CPPI_DESC             70280000   00040000  00000a00  0003f600  RWIX
  RTOS_NORTOS_IPC_SHM_M 72000000   00003e80  00000000  00003e80  RWIX


SEGMENT ALLOCATION MAP

run origin  load origin   length   init length attrs members
----------  ----------- ---------- ----------- ----- -------
00000000    00000000    00000040   00000040    r-x
  00000000    00000000    00000040   00000040    r-x .vectors
70040000    70040000    0006b340   00000000    rw-
  70040000    70040000    00038600   00000000    rw- .bss
  70078600    70078600    00030d40   00000000    rw- .sysmem
  700a9340    700a9340    00002000   00000000    rw- .stack
700ab340    700ab340    000623a8   000623a8    r-x
  700ab340    700ab340    00051440   00051440    r-x .text
  700fc780    700fc780    00010f68   00010f68    r-- .rodata
70125700    70125700    00006f48   00006f48    rw-
  70125700    70125700    00006f48   00006f48    rw- .data
7012c650    7012c650    000019b8   000019b8    r-x
  7012c650    7012c650    00000f90   00000f90    r-x .text.hwi
  7012d5e0    7012d5e0    000004a0   000004a0    r-x .text.cache
  7012da80    7012da80    000003c0   000003c0    r-x .text.mpu
  7012de40    7012de40    000001c0   000001c0    r-x .text.boot
  7012e000    7012e000    00000008   00000008    r-x .text:abort
7012e008    7012e008    00001400   00000000    rw-
  7012e008    7012e008    00000100   00000000    rw- .irqstack
  7012e108    7012e108    00000100   00000000    rw- .fiqstack
  7012e208    7012e208    00001000   00000000    rw- .svcstack
  7012f208    7012f208    00000100   00000000    rw- .abortstack
  7012f308    7012f308    00000100   00000000    rw- .undefinedstack


SECTION ALLOCATION MAP

 output                                  attributes/
section   page    origin      length       input sections
--------  ----  ----------  ----------   ----------------
.vectors   0    00000000    00000040     
                  00000000    00000040     freertos.am263px.r5f.ti-arm-clang.debug.lib : HwiP_armv7r_vectors_freertos_asm.obj (.vectors)

.bss       0    70040000    00038600     UNINITIALIZED
                  70040000    00012c1f     (.common:memp_memory_POOL_1568_base)
                  70052c1f    0000409f     (.common:memp_memory_POOL_4096_base)
                  70056cbe    00000002     lwip-freertos.am263px.r5f.ti-arm-clang.debug.lib : ip4.obj (.bss.ip_id)
                  70056cc0    00004000     main.o (.bss.gEnetLwipTaskStack)
                  7005acc0    00004000     main.o (.bss.gUdpTxTaskStack)
                  7005ecc0    00003e9f     (.common:memp_memory_POOL_128_base)
                  70062b5f    00000001     lwip-freertos.am263px.r5f.ti-arm-clang.debug.lib : dhcp.obj (.bss.dhcp_pcb_refcount)
                  70062b60    00002200     ti_enet_config.o (.bss.gAppPktInfoMem_LargePool)
                  70064d60    00001918     ti_enet_lwipif.o (.bss.gLwipifEnetAppObj)
                  70066678    0000101f     (.common:memp_memory_NETBUF_base)
                  70067697    0000101f     (.common:memp_memory_PBUF_base)
                  700686b6    0000101f     (.common:memp_memory_TCPIP_MSG_API_base)
                  700696d5    0000101f     (.common:memp_memory_TCPIP_MSG_INPKT_base)
                  7006a6f4    0000101f     (.common:memp_memory_TCP_SEG_base)
                  7006b713    00000001     lwip-freertos.am263px.r5f.ti-arm-clang.debug.lib : etharp.obj (.bss.etharp_cached_entry)
                  7006b714    00000058     freertos.am263px.r5f.ti-arm-clang.debug.lib : DebugP_freertos.obj (.bss.gDebugLogLockObj)
                  7006b76c    00000014     lwip-freertos.am263px.r5f.ti-arm-clang.debug.lib : tcp_in.obj (.bss.inseg)
                  7006b780    00001000     ti_dpl_config.o (.bss.debug_mem_trace_buf)
                  7006c780    00001000     freertos.am263px.r5f.ti-arm-clang.debug.lib : DebugP_shmLogReader_freertos.obj (.bss.gDebugShmLogReaderTaskStack)
                  7006d780    00001000     main.o (.bss.gMainTaskStack)
                  7006e780    00001000     freertos.am263px.r5f.ti-arm-clang.debug.lib : port.obj (.bss.uxIdleTaskStack)
                  7006f780    00000d80     ti_enet_open_close.o (.bss.gEnetAppSysCfgObj)
                  70070500    00000b1f     (.common:memp_memory_SYS_MBOX_base)
                  7007101f    00000001     lwip-freertos.am263px.r5f.ti-arm-clang.debug.lib : tcp_in.obj (.bss.flags)
                  70071020    00000880     ti_enet_config.o (.bss.gAppPktInfoMemOnly)
                  700718a0    0000081f     (.common:memp_memory_RX_POOL_base)
                  700720bf    00000001     lwip-freertos.am263px.r5f.ti-arm-clang.debug.lib : sys_arch.obj (.bss.lwip_core_lock_count)
                  700720c0    0000080c     (.common:gHwiCtrl)
                  700728cc    00000014     freertos.am263px.r5f.ti-arm-clang.debug.lib : timers.obj (.bss.xActiveTimerList1)
                  700728e0    00000800     log_reader_task.o (.bss.gLogReaderTaskStack)
                  700730e0    000005c0     enet-cpsw.am263px.r5f.ti-arm-clang.freertos.debug.lib : enet_osal.obj (.bss.gOsalSemPEnetOsalPool)
                  700736a0    00000440     lwip-freertos.am263px.r5f.ti-arm-clang.debug.lib : dns.obj (.bss.dns_table)
                  70073ae0    00000430     enet-cpsw.am263px.r5f.ti-arm-clang.freertos.debug.lib : enetphy.obj (.bss.gEnetPhy_phyObjs)
                  70073f10    00000400     ti_enet_config.o (.bss.gAppPktInfoContainerMem_LargePool)
                  70074310    00000010     lwip-freertos.am263px.r5f.ti-arm-clang.debug.lib : dns.obj (.bss.dns_pcbs)
                  70074320    00000400     main.o (.bss.gIpcTaskStack)
                  70074720    00000400     freertos.am263px.r5f.ti-arm-clang.debug.lib : port.obj (.bss.uxTimerTaskStack)
                  70074b20    00000400     (.common:gFreePbufArr)
                  70074f20    000003df     (.common:memp_memory_ARP_QUEUE_base)
                  700752ff    0000033f     (.common:memp_memory_TCP_PCB_base)
                  7007563e    00000002     lwip-freertos.am263px.r5f.ti-arm-clang.debug.lib : ip4_frag.obj (.bss.ip_reass_pbufcount)
                  70075640    000002c0     ti_enet_config.o (.bss:ENET_CPDMA_OBJ_MEM)
                  70075900    0000029f     (.common:memp_memory_NETCONN_base)
                  70075b9f    00000001     lwip-freertos.am263px.r5f.ti-arm-clang.debug.lib : netif.obj (.bss.netif_num)
                  70075ba0    00000288     ti_drivers_config.o (.bss.gUartObjects)
                  70075e28    00000280     freertos.am263px.r5f.ti-arm-clang.debug.lib : tasks.obj (.bss.pxReadyTasksLists)
                  700760a8    0000023f     (.common:memp_memory_SYS_TIMEOUT_base)
                  700762e7    00000001     lwip-freertos.am263px.r5f.ti-arm-clang.debug.lib : tcp_in.obj (.bss.recv_flags)
                  700762e8    00000204     (.common:lwip_stats)
                  700764ec    000001ff     (.common:memp_memory_FRAG_PBUF_base)
                  700766eb    00000001                                                      : tcp.obj (.bss.tcp_timer)
                  700766ec    000001cc     main.o (.bss.build_and_send_udp_packet.xgw_states)
                  700768b8    00000178     ti_drivers_config.o (.bss.gI2cObjects)
                  70076a30    0000016c     (.common:gEepromObject_CAT24M)
                  70076b9c    0000015f     (.common:memp_memory_ALTCP_PCB_base)
                  70076cfb    0000015f     (.common:memp_memory_NETDB_base)
                  70076e5a    0000015f     (.common:memp_memory_REASSDATA_base)
                  70076fb9    00000001     lwip-freertos.am263px.r5f.ti-arm-clang.debug.lib : tcp.obj (.bss.tcp_timer_ctr)
                  70076fba    00000002                                                      : tcp_in.obj (.bss.recv_acked)
                  70076fbc    00000120     libsysbm.a : trgmsg.c.obj (.bss:_CIOBUF_)
                  700770dc    0000011f     (.common:memp_memory_IGMP_GROUP_base)
                  700771fb    0000011f     (.common:memp_memory_TCP_PCB_LISTEN_base)
                  7007731a    0000011f     (.common:memp_memory_UDP_PCB_base)
                  70077439    00000100     freertos.am263px.r5f.ti-arm-clang.debug.lib : timers.obj (.bss.prvCheckForValidListAndQueue.ucStaticTimerQueueStorage)
                  70077539    00000001     (.common:pbuf_free_ooseq_pending)
                  7007753a    00000002     lwip-freertos.am263px.r5f.ti-arm-clang.debug.lib : tcp_in.obj (.bss.tcp_optidx)
                  7007753c    00000100     (.common:xQueueRegistry)
                  7007763c    000000f0                                                      : etharp.obj (.bss.arp_table)
                  7007772c    000000d8     (.common:gEnetUtilsObj)
                  70077804    000000b8     (.common:gIpcNotifyCtrl)
                  700778bc    000000a0     libc.a : defs.c.obj (.bss.__TI_tmpnams)
                  7007795c    00000004     lwip-freertos.am263px.r5f.ti-arm-clang.debug.lib : tcp_in.obj (.bss.ackno)
                  70077960    000000a0     (.common:gTaskP_ctrl)
                  70077a00    00000098     freertos.am263px.r5f.ti-arm-clang.debug.lib : DebugP_shmLogReader_freertos.obj (.bss.gDebugShmLogReaderTaskObj)
                  70077a98    00000098     main.o (.bss.gEnetLwipTaskObj)
                  70077b30    00000098     main.o (.bss.gIpcTaskObj)
                  70077bc8    00000098     log_reader_task.o (.bss.gLogReaderTaskObj)
                  70077c60    00000098     main.o (.bss.gMainTaskObj)
                  70077cf8    00000098     main.o (.bss.gUdpTxTaskObj)
                  70077d90    00000098     freertos.am263px.r5f.ti-arm-clang.debug.lib : port.obj (.bss.xIdleTaskTCB)
                  70077e28    00000098                                                 : port.obj (.bss.xTimerTaskTCB)
                  70077ec0    00000094     (.common:gDebugShmLogReaderCtrl)
                  70077f54    00000080     enet-cpsw.am263px.r5f.ti-arm-clang.freertos.debug.lib : enet_osal.obj (.bss.gOsalHwiPEnetOsalPool)
                  70077fd4    0000007f     (.common:memp_memory_RAW_PCB_base)
                  70078053    0000007a     freertos.am263px.r5f.ti-arm-clang.debug.lib : DebugP_memTraceLogWriter.obj (.bss.DebugP_memLogWriterPutChar.lineBuf)
                  700780cd    00000001     (.common:tcp_active_pcbs_changed)
                  700780ce    00000002     lwip-freertos.am263px.r5f.ti-arm-clang.debug.lib : tcp_in.obj (.bss.tcphdr_opt1len)
                  700780d0    00000050     freertos.am263px.r5f.ti-arm-clang.debug.lib : timers.obj (.bss.prvCheckForValidListAndQueue.xStaticTimerQueue)
                  70078120    00000050     (.common:gRovDummyQueue)
                  70078170    00000030     lwip-freertos.am263px.r5f.ti-arm-clang.debug.lib : dns.obj (.bss.dns_requests)
                  700781a0    00000029     enet-cpsw.am263px.r5f.ti-arm-clang.freertos.debug.lib : enetphy.obj (.bss.gEnetPhyCapsBuf)
                  700781c9    00000001     --HOLE--
                  700781ca    00000002     lwip-freertos.am263px.r5f.ti-arm-clang.debug.lib : tcp_in.obj (.bss.tcphdr_optlen)
                  700781cc    00000028                                                      : dhcp.obj (.bss.dhcp_rx_options_val)
                  700781f4    00000024     enet-cpsw.am263px.r5f.ti-arm-clang.freertos.debug.lib : enet_cpdma_priv.obj (.bss.gCpswDmaMemMgrObj)
                  70078218    0000001f     (.common:memp_memory_PBUF_POOL_base)
                  70078237    00000001     --HOLE--
                  70078238    00000018     (.common:gClockCtrl)
                  70078250    00000018     (.common:ip_data)
                  70078268    00000014     freertos.am263px.r5f.ti-arm-clang.debug.lib : timers.obj (.bss.xActiveTimerList2)
                  7007827c    00000014                                                 : tasks.obj (.bss.xDelayedTaskList1)
                  70078290    00000014                                                 : tasks.obj (.bss.xDelayedTaskList2)
                  700782a4    00000014                                                 : tasks.obj (.bss.xPendingReadyList)
                  700782b8    00000014                                                 : tasks.obj (.bss.xSuspendedTaskList)
                  700782cc    00000014                                                 : tasks.obj (.bss.xTasksWaitingTermination)
                  700782e0    00000010     lwip-freertos.am263px.r5f.ti-arm-clang.debug.lib : ip4_addr.obj (.bss.ip4addr_ntoa.str)
                  700782f0    00000010                                                      : memp.obj (.bss.memp_stats_ALTCP_PCB)
                  70078300    00000010                                                      : memp.obj (.bss.memp_stats_ARP_QUEUE)
                  70078310    00000010                                                      : memp.obj (.bss.memp_stats_FRAG_PBUF)
                  70078320    00000010                                                      : memp.obj (.bss.memp_stats_IGMP_GROUP)
                  70078330    00000010                                                      : memp.obj (.bss.memp_stats_NETBUF)
                  70078340    00000010                                                      : memp.obj (.bss.memp_stats_NETCONN)
                  70078350    00000010                                                      : memp.obj (.bss.memp_stats_NETDB)
                  70078360    00000010                                                      : memp.obj (.bss.memp_stats_PBUF)
                  70078370    00000010                                                      : memp.obj (.bss.memp_stats_PBUF_POOL)
                  70078380    00000010                                                      : memp.obj (.bss.memp_stats_POOL_128)
                  70078390    00000010                                                      : memp.obj (.bss.memp_stats_POOL_1568)
                  700783a0    00000010                                                      : memp.obj (.bss.memp_stats_POOL_4096)
                  700783b0    00000010                                                      : memp.obj (.bss.memp_stats_RAW_PCB)
                  700783c0    00000010                                                      : memp.obj (.bss.memp_stats_REASSDATA)
                  700783d0    00000010     ti_enet_lwipif.o (.bss.memp_stats_RX_POOL)
                  700783e0    00000010     lwip-freertos.am263px.r5f.ti-arm-clang.debug.lib : memp.obj (.bss.memp_stats_SYS_MBOX)
                  700783f0    00000010                                                      : memp.obj (.bss.memp_stats_SYS_TIMEOUT)
                  70078400    00000010                                                      : memp.obj (.bss.memp_stats_TCPIP_MSG_API)
                  70078410    00000010                                                      : memp.obj (.bss.memp_stats_TCPIP_MSG_INPKT)
                  70078420    00000010                                                      : memp.obj (.bss.memp_stats_TCP_PCB)
                  70078430    00000010                                                      : memp.obj (.bss.memp_stats_TCP_PCB_LISTEN)
                  70078440    00000010                                                      : memp.obj (.bss.memp_stats_TCP_SEG)
                  70078450    00000010                                                      : memp.obj (.bss.memp_stats_UDP_PCB)
                  70078460    00000010     (.common:virtToPhymap)
                  70078470    0000000c     (.common:pfreeQ)
                  7007847c    0000000a                                                      : dhcp.obj (.bss.dhcp_rx_options_given)
                  70078486    00000002                                                      : tcp_in.obj (.bss.tcplen)
                  70078488    00000008                                                      : dns.obj (.bss.dns_servers)
                  70078490    00000008     libsysbm.a : hostopen.c.obj (.bss.parmbuf)
                  70078498    00000004     lwip-freertos.am263px.r5f.ti-arm-clang.debug.lib : igmp.obj (.bss.allrouters)
                  7007849c    00000004                                                      : igmp.obj (.bss.allsystems)
                  700784a0    00000004                                                      : timeouts.obj (.bss.current_timeout_due_time)
                  700784a4    00000004                                                      : dhcp.obj (.bss.dhcp_create_msg.xid)
                  700784a8    00000004                                                      : dhcp.obj (.bss.dhcp_pcb)
                  700784ac    00000004                                                      : netif.obj (.bss.ext_callback)
                  700784b0    00000004     freertos.am263px.r5f.ti-arm-clang.debug.lib : DebugP_shmLogReader_freertos.obj (.bss.gDebugShmLogReaderTask)
                  700784b4    00000004                                                 : HwiP_armv7r_handlers_freertos.obj (.bss.gdummy)
                  700784b8    00000004                                                 : HwiP_armv7r_vim.obj (.bss.gdummy)
                  700784bc    00000004     lwip-freertos.am263px.r5f.ti-arm-clang.debug.lib : ip4.obj (.bss.ip4_default_multicast_netif)
                  700784c0    00000004                                                      : sys_arch.obj (.bss.lwip_core_lock_holder_thread)
                  700784c4    00000004                                                      : sys_arch.obj (.bss.lwip_tcpip_thread)
                  700784c8    00000004                                                      : memp.obj (.bss.memp_tab_ALTCP_PCB)
                  700784cc    00000004                                                      : memp.obj (.bss.memp_tab_ARP_QUEUE)
                  700784d0    00000004                                                      : memp.obj (.bss.memp_tab_FRAG_PBUF)
                  700784d4    00000004                                                      : memp.obj (.bss.memp_tab_IGMP_GROUP)
                  700784d8    00000004                                                      : memp.obj (.bss.memp_tab_NETBUF)
                  700784dc    00000004                                                      : memp.obj (.bss.memp_tab_NETCONN)
                  700784e0    00000004                                                      : memp.obj (.bss.memp_tab_NETDB)
                  700784e4    00000004                                                      : memp.obj (.bss.memp_tab_PBUF)
                  700784e8    00000004                                                      : memp.obj (.bss.memp_tab_PBUF_POOL)
                  700784ec    00000004                                                      : memp.obj (.bss.memp_tab_POOL_128)
                  700784f0    00000004                                                      : memp.obj (.bss.memp_tab_POOL_1568)
                  700784f4    00000004                                                      : memp.obj (.bss.memp_tab_POOL_4096)
                  700784f8    00000004                                                      : memp.obj (.bss.memp_tab_RAW_PCB)
                  700784fc    00000004                                                      : memp.obj (.bss.memp_tab_REASSDATA)
                  70078500    00000004     ti_enet_lwipif.o (.bss.memp_tab_RX_POOL)
                  70078504    00000004     lwip-freertos.am263px.r5f.ti-arm-clang.debug.lib : memp.obj (.bss.memp_tab_SYS_MBOX)
                  70078508    00000004                                                      : memp.obj (.bss.memp_tab_SYS_TIMEOUT)
                  7007850c    00000004                                                      : memp.obj (.bss.memp_tab_TCPIP_MSG_API)
                  70078510    00000004                                                      : memp.obj (.bss.memp_tab_TCPIP_MSG_INPKT)
                  70078514    00000004                                                      : memp.obj (.bss.memp_tab_TCP_PCB)
                  70078518    00000004                                                      : memp.obj (.bss.memp_tab_TCP_PCB_LISTEN)
                  7007851c    00000004                                                      : memp.obj (.bss.memp_tab_TCP_SEG)
                  70078520    00000004                                                      : memp.obj (.bss.memp_tab_UDP_PCB)
                  70078524    00000004                                                      : timeouts.obj (.bss.next_timeout)
                  70078528    00000004     freertos.am263px.r5f.ti-arm-clang.debug.lib : timers.obj (.bss.pxCurrentTimerList)
                  7007852c    00000004                                                 : tasks.obj (.bss.pxDelayedTaskList)
                  70078530    00000004                                                 : tasks.obj (.bss.pxOverflowDelayedTaskList)
                  70078534    00000004                                                 : timers.obj (.bss.pxOverflowTimerList)
                  70078538    00000004     lwip-freertos.am263px.r5f.ti-arm-clang.debug.lib : raw.obj (.bss.raw_pcbs)
                  7007853c    00000004                                                      : ip4_frag.obj (.bss.reassdatagrams)
                  70078540    00000004                                                      : tcp_in.obj (.bss.recv_data)
                  70078544    00000004                                                      : tcp_in.obj (.bss.seqno)
                  70078548    00000004                                                      : sys_arch.obj (.bss.sys_arch_protect_mutex)
                  7007854c    00000004                                                      : sys_arch.obj (.bss.sys_arch_protect_nesting)
                  70078550    00000004     libc.a : memory.c.obj (.bss.sys_free)
                  70078554    00000004     lwip-freertos.am263px.r5f.ti-arm-clang.debug.lib : tcp_in.obj (.bss.tcphdr)
                  70078558    00000004                                                      : tcp_in.obj (.bss.tcphdr_opt2)
                  7007855c    00000004                                                      : tcpip.obj (.bss.tcpip_init_done)
                  70078560    00000004                                                      : tcpip.obj (.bss.tcpip_init_done_arg)
                  70078564    00000004                                                      : tcpip.obj (.bss.tcpip_mbox)
                  70078568    00000004                                                      : timeouts.obj (.bss.tcpip_tcp_timer_active)
                  7007856c    00000004     freertos.am263px.r5f.ti-arm-clang.debug.lib : tasks.obj (.bss.xIdleTaskHandles)
                  70078570    00000004     (.common:gEepromHandle)
                  70078574    00000004     (.common:gI2cHandle)
                  70078578    00000004     (.common:gInterface)
                  7007857c    00000004     (.common:gUartHandle)
                  70078580    00000004     (.common:lock_tcpip_core)
                  70078584    00000004     (.common:netif_default)
                  70078588    00000004     (.common:netif_list)
                  7007858c    00000004     (.common:tcp_active_pcbs)
                  70078590    00000004     (.common:tcp_bound_pcbs)
                  70078594    00000004     (.common:tcp_input_pcb)
                  70078598    00000004     (.common:tcp_listen_pcbs)
                  7007859c    00000004     (.common:tcp_ticks)
                  700785a0    00000004     (.common:tcp_tw_pcbs)
                  700785a4    00000004     (.common:udp_pcbs)
                  700785a8    00000058     --HOLE--

.sysmem    0    70078600    00030d40     UNINITIALIZED
                  70078600    00000010     libc.a : memory.c.obj (.sysmem)
                  70078610    00030d30     --HOLE--

.stack     0    700a9340    00002000     UNINITIALIZED
                  700a9340    00000004     freertos.am263px.r5f.ti-arm-clang.debug.lib : boot_armv7r_asm.obj (.stack)
                  700a9344    00001ffc     --HOLE--

.text      0    700ab340    00051440     
                  700ab340    000011da     lwip-freertos.am263px.r5f.ti-arm-clang.debug.lib : tcp_in.obj (.text.tcp_receive)
                  700ac51a    00000002     --HOLE-- [fill = 0]
                  700ac51c    00000004     libclang_rt.builtins.a : aeabi_div0.c.obj (.text.__aeabi_idiv0)
                  700ac520    00000c3e     lwip-freertos.am263px.r5f.ti-arm-clang.debug.lib : tcp_in.obj (.text.tcp_input)
                  700ad15e    00000002     --HOLE-- [fill = 0]
                  700ad160    00000ad8                                                      : tcp_in.obj (.text.tcp_process)
                  700adc38    00000008     libsysbm.a : hostexit.c.obj (.text.HOSTexit)
                  700adc40    00000abe     enet-cpsw.am263px.r5f.ti-arm-clang.freertos.debug.lib : enet_cpdma.obj (.text.EnetCpdma_dequeueTx)
                  700ae6fe    00000002     --HOLE-- [fill = 0]
                  700ae700    00000a34     freertos.am263px.r5f.ti-arm-clang.debug.lib : printf.obj (.text._vsnprintf)
                  700af134    0000000c     libclang_rt.builtins.a : aeabi_memset.S.obj (.text.__aeabi_memclr)
                  700af140    0000099a     enet-cpsw.am263px.r5f.ti-arm-clang.freertos.debug.lib : enet_cpdma.obj (.text.EnetCpdma_dequeueRx)
                  700afada    00000002     --HOLE-- [fill = 0]
                  700afadc    00000004     libclang_rt.builtins.a : aeabi_div0.c.obj (.text.__aeabi_ldiv0)
                  700afae0    00000960     lwip-freertos.am263px.r5f.ti-arm-clang.debug.lib : tcp.obj (.text.tcp_slowtmr)
                  700b0440    000007a4     drivers.am263px.r5f.ti-arm-clang.freertos.debug.lib : i2c_v1_lld.obj (.text.I2C_lld_primeTransferPoll)
                  700b0be4    0000000c     libc.a : memory.c.obj (.text.malloc)
                  700b0bf0    00000678     drivers.am263px.r5f.ti-arm-clang.freertos.debug.lib : soc_rcm.obj (.text.SOC_rcmGetClkSrcAndDivReg)
                  700b1268    00000004     libclang_rt.builtins.a : aeabi_memcpy.S.obj (.text.__aeabi_memcpy)
                  700b126c    00000004     libc.a : _lock.c.obj (.text._nop)
                  700b1270    00000654     lwip-freertos.am263px.r5f.ti-arm-clang.debug.lib : dhcp.obj (.text.dhcp_parse_reply)
                  700b18c4    0000000c     freertos.am263px.r5f.ti-arm-clang.debug.lib : CpuId_armv7r_asm.obj (.text)
                  700b18d0    00000638     drivers.am263px.r5f.ti-arm-clang.freertos.debug.lib : soc_rcm.obj (.text.SOC_rcmEnablePeripheralClock)
                  700b1f08    00000004     libc.a : fseek.c.obj (.text.fseek)
                  700b1f0c    00000004     libsysbm.a : remove.c.obj (.text.remove)
                  700b1f10    00000610     lwipif-cpsw-freertos.am263px.r5f.ti-arm-clang.debug.lib : lwip2enet.obj (.text.Lwip2Enet_open)
                  700b2520    00000606     enet-cpsw.am263px.r5f.ti-arm-clang.freertos.debug.lib : enet_cpdma.obj (.text.EnetCpdma_enqueueRx)
                  700b2b26    0000000a     --HOLE-- [fill = 0]
                  700b2b30    000005e2     freertos.am263px.r5f.ti-arm-clang.debug.lib : printf.obj (.text._ftoa)
                  700b3112    0000000e     --HOLE-- [fill = 0]
                  700b3120    00000552     enet-cpsw.am263px.r5f.ti-arm-clang.freertos.debug.lib : cpsw_ale.obj (.text.CpswAle_open)
                  700b3672    0000000e     --HOLE-- [fill = 0]
                  700b3680    0000054c     lwip-freertos.am263px.r5f.ti-arm-clang.debug.lib : ip4.obj (.text.ip4_input)
                  700b3bcc    00000004     --HOLE-- [fill = 0]
                  700b3bd0    0000050e                                                      : icmp.obj (.text.icmp_input)
                  700b40de    00000002     --HOLE-- [fill = 0]
                  700b40e0    00000506     enet-cpsw.am263px.r5f.ti-arm-clang.freertos.debug.lib : enet_cpdma.obj (.text.EnetCpdma_enqueueTx)
                  700b45e6    0000000a     --HOLE-- [fill = 0]
                  700b45f0    000004d8     lwip-freertos.am263px.r5f.ti-arm-clang.debug.lib : tcp_out.obj (.text.tcp_output)
                  700b4ac8    00000008     --HOLE-- [fill = 0]
                  700b4ad0    000004d0     main.o (.text.udp_tx_task)
                  700b4fa0    000004b0     freertos.am263px.r5f.ti-arm-clang.debug.lib : printf.obj (.text._etoa)
                  700b5450    000004ae     lwip-freertos.am263px.r5f.ti-arm-clang.debug.lib : udp.obj (.text.udp_input)
                  700b58fe    00000002     --HOLE-- [fill = 0]
                  700b5900    00000492                                                      : etharp.obj (.text.etharp_query)
                  700b5d92    0000000e     --HOLE-- [fill = 0]
                  700b5da0    0000048a                                                      : etharp.obj (.text.etharp_find_entry)
                  700b622a    00000006     --HOLE-- [fill = 0]
                  700b6230    00000486                                                      : ip4_frag.obj (.text.ip4_reass)
                  700b66b6    0000000a     --HOLE-- [fill = 0]
                  700b66c0    00000466     board.am263px.r5f.ti-arm-clang.freertos.debug.lib : dp83869.obj (.text.Dp83869_printRegs)
                  700b6b26    0000000a     --HOLE-- [fill = 0]
                  700b6b30    00000446     enet-cpsw.am263px.r5f.ti-arm-clang.freertos.debug.lib : cpsw_macport.obj (.text.CpswMacPort_open)
                  700b6f76    0000000a     --HOLE-- [fill = 0]
                  700b6f80    0000043e                                                           : enet_rm.obj (.text.EnetRm_detachCore)
                  700b73be    00000002     --HOLE-- [fill = 0]
                  700b73c0    00000404     drivers.am263px.r5f.ti-arm-clang.freertos.debug.lib : uart_v0.obj (.text.UART_open)
                  700b77c4    0000000c     --HOLE-- [fill = 0]
                  700b77d0    000003e2     enet-cpsw.am263px.r5f.ti-arm-clang.freertos.debug.lib : enet_rm.obj (.text.EnetRm_close)
                  700b7bb2    0000000e     --HOLE-- [fill = 0]
                  700b7bc0    000003dc     drivers.am263px.r5f.ti-arm-clang.freertos.debug.lib : ipc_notify_v1.obj (.text.IpcNotify_init)
                  700b7f9c    000003dc     libc.a : _printfi.c.obj (.text:__TI_printfi_minimal)
                  700b8378    00000008     --HOLE-- [fill = 0]
                  700b8380    000003d2     drivers.am263px.r5f.ti-arm-clang.freertos.debug.lib : soc.obj (.text.SOC_phyToVirt)
                  700b8752    0000000e     --HOLE-- [fill = 0]
                  700b8760    000003c4     xgw_udp_interface.o (.text.xgw_udp_send_motor_states)
                  700b8b24    0000000c     --HOLE-- [fill = 0]
                  700b8b30    000003be     lwip-freertos.am263px.r5f.ti-arm-clang.debug.lib : ip4_frag.obj (.text.ip_reass_chain_frag_into_datagram_and_validate)
                  700b8eee    00000002     --HOLE-- [fill = 0]
                  700b8ef0    000003ba                                                      : udp.obj (.text.udp_sendto_if_src)
                  700b92aa    00000006     --HOLE-- [fill = 0]
                  700b92b0    000003b0                                                      : tcp_out.obj (.text.tcp_split_unsent_seg)
                  700b9660    000003a2     enet-cpsw.am263px.r5f.ti-arm-clang.freertos.debug.lib : cpsw.obj (.text.Cpsw_registerIntrs)
                  700b9a02    0000000e     --HOLE-- [fill = 0]
                  700b9a10    00000398                                                           : mdio.obj (.text.Mdio_open)
                  700b9da8    00000018     libc.a : memset32.S.obj (.text:TI_memset_small)
                  700b9dc0    00000390            : strcmp32.S.obj (.text:strcmp)
                  700ba150    00000380     lwip-freertos.am263px.r5f.ti-arm-clang.debug.lib : ip4_frag.obj (.text.ip4_frag)
                  700ba4d0    0000036e     enet-cpsw.am263px.r5f.ti-arm-clang.freertos.debug.lib : cpsw.obj (.text.Cpsw_handleLinkDown)
                  700ba83e    00000002     --HOLE-- [fill = 0]
                  700ba840    0000036a                                                           : enet_appmemutils.obj (.text.EnetMem_initCore)
                  700babaa    00000006     --HOLE-- [fill = 0]
                  700babb0    00000362     lwipif-cpsw-freertos.am263px.r5f.ti-arm-clang.debug.lib : lwip2enet.obj (.text.Lwip2Enet_prepRxPktQ)
                  700baf12    0000000e     --HOLE-- [fill = 0]
                  700baf20    00000356     drivers.am263px.r5f.ti-arm-clang.freertos.debug.lib : i2c_v1.obj (.text.I2C_open)
                  700bb276    0000000a     --HOLE-- [fill = 0]
                  700bb280    0000034a     enet-cpsw.am263px.r5f.ti-arm-clang.freertos.debug.lib : cpsw.obj (.text.Cpsw_openInternal)
                  700bb5ca    00000006     --HOLE-- [fill = 0]
                  700bb5d0    0000033a                                                           : cpsw_ioctl.obj (.text.Cpsw_openPortLinkNoPhy)
                  700bb90a    00000006     --HOLE-- [fill = 0]
                  700bb910    00000330                                                           : cpsw.obj (.text.Cpsw_open)
                  700bbc40    00000326     lwip-freertos.am263px.r5f.ti-arm-clang.debug.lib : ip4.obj (.text.ip4_output_if_opt_src)
                  700bbf66    0000000a     --HOLE-- [fill = 0]
                  700bbf70    00000320     motor_mapping.o (.text.motor_mapping_init_core0)
                  700bc290    0000031e     lwip-freertos.am263px.r5f.ti-arm-clang.debug.lib : tcp_out.obj (.text.tcp_enqueue_flags)
                  700bc5ae    00000002     --HOLE-- [fill = 0]
                  700bc5b0    00000302     drivers.am263px.r5f.ti-arm-clang.freertos.debug.lib : soc.obj (.text.SOC_virtToPhy)
                  700bc8b2    0000000e     --HOLE-- [fill = 0]
                  700bc8c0    000002f8     lwip-freertos.am263px.r5f.ti-arm-clang.debug.lib : pbuf.obj (.text.pbuf_alloc)
                  700bcbb8    00000008     --HOLE-- [fill = 0]
                  700bcbc0    000002f2     enet-cpsw.am263px.r5f.ti-arm-clang.freertos.debug.lib : enet_cpdma.obj (.text.EnetCpdma_open)
                  700bceb2    0000000e     --HOLE-- [fill = 0]
                  700bcec0    000002e6                                                           : csl_cpsw.obj (.text.CSL_CPSW_setPortRxDscpMap)
                  700bd1a6    0000000a     --HOLE-- [fill = 0]
                  700bd1b0    000002e6     ti_enet_open_close.o (.text.EnetApp_driverOpen)
                  700bd496    0000000a     --HOLE-- [fill = 0]
                  700bd4a0    000002de     lwip-freertos.am263px.r5f.ti-arm-clang.debug.lib : etharp.obj (.text.etharp_output)
                  700bd77e    00000002     --HOLE-- [fill = 0]
                  700bd780    000002da     enet-cpsw.am263px.r5f.ti-arm-clang.freertos.debug.lib : cpsw.obj (.text.Cpsw_periodicTick)
                  700bda5a    00000006     --HOLE-- [fill = 0]
                  700bda60    000002d2                                                           : enetphy.obj (.text.EnetPhy_enableState)
                  700bdd32    0000000e     --HOLE-- [fill = 0]
                  700bdd40    000002bc     lwip-freertos.am263px.r5f.ti-arm-clang.debug.lib : tcp_out.obj (.text.tcp_output_segment)
                  700bdffc    00000004     --HOLE-- [fill = 0]
                  700be000    000002ba     drivers.am263px.r5f.ti-arm-clang.freertos.debug.lib : i2c_v1_lld.obj (.text.I2C_lld_controllerIsr)
                  700be2ba    00000006     --HOLE-- [fill = 0]
                  700be2c0    000002ba     main.o (.text.build_and_send_udp_packet)
                  700be57a    00000006     --HOLE-- [fill = 0]
                  700be580    000002ba     lwip-freertos.am263px.r5f.ti-arm-clang.debug.lib : pbuf.obj (.text.pbuf_copy_partial_pbuf)
                  700be83a    00000006     --HOLE-- [fill = 0]
                  700be840    000002b8     enet-cpsw.am263px.r5f.ti-arm-clang.freertos.debug.lib : cpsw.obj (.text.Cpsw_handleLinkUp)
                  700beaf8    00000008     --HOLE-- [fill = 0]
                  700beb00    000002aa     lwip-freertos.am263px.r5f.ti-arm-clang.debug.lib : netif.obj (.text.netif_add)
                  700bedaa    00000006     --HOLE-- [fill = 0]
                  700bedb0    000002a8     enet-cpsw.am263px.r5f.ti-arm-clang.freertos.debug.lib : cpsw_ale.obj (.text.CpswAle_addVlan)
                  700bf058    00000008     --HOLE-- [fill = 0]
                  700bf060    0000029e     lwip-freertos.am263px.r5f.ti-arm-clang.debug.lib : tcp_in.obj (.text.tcp_listen_input)
                  700bf2fe    00000002     --HOLE-- [fill = 0]
                  700bf300    0000029a     drivers.am263px.r5f.ti-arm-clang.freertos.debug.lib : i2c_v1_lld.obj (.text.I2C_lld_targetIsr)
                  700bf59a    00000006     --HOLE-- [fill = 0]
                  700bf5a0    00000296     lwip-freertos.am263px.r5f.ti-arm-clang.debug.lib : tcp.obj (.text.tcp_close_shutdown)
                  700bf836    0000000a     --HOLE-- [fill = 0]
                  700bf840    00000290     enet-cpsw.am263px.r5f.ti-arm-clang.freertos.debug.lib : cpsw.obj (.text.Cpsw_registerIoctlHandler)
                  700bfad0    0000028e                                                           : csl_cpsw.obj (.text.CSL_CPSW_setAlePolicerEntry)
                  700bfd5e    00000002     --HOLE-- [fill = 0]
                  700bfd60    00000286                                                           : csl_cpsw.obj (.text.CSL_CPSW_getAlePolicerEntry)
                  700bffe6    0000000a     --HOLE-- [fill = 0]
                  700bfff0    0000027e                                                           : cpsw_ale.obj (.text.CpswAle_findVlan)
                  700c026e    00000002     --HOLE-- [fill = 0]
                  700c0270    0000027e     drivers.am263px.r5f.ti-arm-clang.freertos.debug.lib : uart_dma_edma.obj (.text.UART_edmaChInit)
                  700c04ee    00000002     --HOLE-- [fill = 0]
                  700c04f0    0000027a     enet-cpsw.am263px.r5f.ti-arm-clang.freertos.debug.lib : cpsw.obj (.text.Cpsw_ioctl)
                  700c076a    00000006     --HOLE-- [fill = 0]
                  700c0770    00000272     test.o (.text.test_netif_init)
                  700c09e2    0000000e     --HOLE-- [fill = 0]
                  700c09f0    00000266     enet-cpsw.am263px.r5f.ti-arm-clang.freertos.debug.lib : cpsw_est_ioctl.obj (.text.CpswEst_ioctl_handler_ENET_TAS_IOCTL_SET_STATE)
                  700c0c56    0000000a     --HOLE-- [fill = 0]
                  700c0c60    00000266     freertos.am263px.r5f.ti-arm-clang.debug.lib : tasks.obj (.text.xTaskIncrementTick)
                  700c0ec6    0000000a     --HOLE-- [fill = 0]
                  700c0ed0    0000025a     lwip-freertos.am263px.r5f.ti-arm-clang.debug.lib : ip4_frag.obj (.text.ip_reass_free_complete_datagram)
                  700c112a    00000006     --HOLE-- [fill = 0]
                  700c1130    0000025a     freertos.am263px.r5f.ti-arm-clang.debug.lib : tasks.obj (.text.xTaskResumeAll)
                  700c138a    00000006     --HOLE-- [fill = 0]
                  700c1390    00000254     lwip-freertos.am263px.r5f.ti-arm-clang.debug.lib : igmp.obj (.text.igmp_input)
                  700c15e4    0000000c     --HOLE-- [fill = 0]
                  700c15f0    00000252     xgw_udp_interface.o (.text.xgw_udp_process_motor_cmd)
                  700c1842    0000000e     --HOLE-- [fill = 0]
                  700c1850    00000250     drivers.am263px.r5f.ti-arm-clang.freertos.debug.lib : edma.obj (.text.Alloc_resource)
                  700c1aa0    0000024c     enet-cpsw.am263px.r5f.ti-arm-clang.freertos.debug.lib : cpsw_macport_ioctl.obj (.text.CpswMacPort_enablePort)
                  700c1cec    00000004     --HOLE-- [fill = 0]
                  700c1cf0    00000246     lwip-freertos.am263px.r5f.ti-arm-clang.debug.lib : dns.obj (.text.dns_send)
                  700c1f36    0000000a     --HOLE-- [fill = 0]
                  700c1f40    00000242     enet-cpsw.am263px.r5f.ti-arm-clang.freertos.debug.lib : enetphy.obj (.text.EnetPhy_bindDriver)
                  700c2182    0000000e     --HOLE-- [fill = 0]
                  700c2190    00000242     drivers.am263px.r5f.ti-arm-clang.freertos.debug.lib : uart_v0_lld.obj (.text.UART_fifoConfig)
                  700c23d2    0000000e     --HOLE-- [fill = 0]
                  700c23e0    00000240     main.o (.text.core0_init)
                  700c2620    0000023e     enet-cpsw.am263px.r5f.ti-arm-clang.freertos.debug.lib : cpsw_cpts_ioctl.obj (.text.CpswCpts_handleEvents)
                  700c285e    00000002     --HOLE-- [fill = 0]
                  700c2860    0000023e     freertos.am263px.r5f.ti-arm-clang.debug.lib : printf.obj (.text._ntoa_format)
                  700c2a9e    00000002     --HOLE-- [fill = 0]
                  700c2aa0    00000238     main.o (.text.freertos_main)
                  700c2cd8    00000008     --HOLE-- [fill = 0]
                  700c2ce0    00000234     enet-cpsw.am263px.r5f.ti-arm-clang.freertos.debug.lib : cpsw_hostport.obj (.text.CpswHostPort_open)
                  700c2f14    0000000c     --HOLE-- [fill = 0]
                  700c2f20    00000230                                                           : enet_appmemutils.obj (.text.EnetMem_allocEthPkt)
                  700c3150    0000022e     xgw_udp_interface.o (.text.xgw_udp_send_imu_state)
                  700c337e    00000002     --HOLE-- [fill = 0]
                  700c3380    0000022c     enet-cpsw.am263px.r5f.ti-arm-clang.freertos.debug.lib : enet_cpdma_priv.obj (.text.EnetCpdma_memMgrInit)
                  700c35ac    00000004     --HOLE-- [fill = 0]
                  700c35b0    0000022a     lwipif-cpsw-freertos.am263px.r5f.ti-arm-clang.debug.lib : lwip2lwipif.obj (.text.LWIPIF_LWIP_getChkSumInfo)
                  700c37da    00000006     --HOLE-- [fill = 0]
                  700c37e0    0000022a     lwip-freertos.am263px.r5f.ti-arm-clang.debug.lib : dhcp.obj (.text.dhcp_select)
                  700c3a0a    00000006     --HOLE-- [fill = 0]
                  700c3a10    00000226     drivers.am263px.r5f.ti-arm-clang.freertos.debug.lib : uart_dma_edma.obj (.text.UART_lld_dmaDeInit)
                  700c3c36    0000000a     --HOLE-- [fill = 0]
                  700c3c40    00000222                                                         : ipc_notify_v1.obj (.text.IpcNotify_isr)
                  700c3e62    0000000e     --HOLE-- [fill = 0]
                  700c3e70    00000220     enet-cpsw.am263px.r5f.ti-arm-clang.freertos.debug.lib : enet_cpdma.obj (.text.EnetCpdma_closeTxCh)
                  700c4090    00000220                                                           : enet_rm_ioctl.obj (.text.EnetRm_allocMacAddr)
                  700c42b0    00000220     freertos.am263px.r5f.ti-arm-clang.debug.lib : tasks.obj (.text.vTaskGenericNotifyGiveFromISR)
                  700c44d0    00000220                                                 : queue.obj (.text.xQueueGenericSend)
                  700c46f0    0000021a     enet-cpsw.am263px.r5f.ti-arm-clang.freertos.debug.lib : cpsw_stats.obj (.text.CpswStats_open)
                  700c490a    00000006     --HOLE-- [fill = 0]
                  700c4910    0000020a     lwip-freertos.am263px.r5f.ti-arm-clang.debug.lib : tcp.obj (.text.tcp_pcb_remove)
                  700c4b1a    00000006     --HOLE-- [fill = 0]
                  700c4b20    0000020a     freertos.am263px.r5f.ti-arm-clang.debug.lib : queue.obj (.text.xQueueSemaphoreTake)
                  700c4d2a    00000006     --HOLE-- [fill = 0]
                  700c4d30    00000206     enet-cpsw.am263px.r5f.ti-arm-clang.freertos.debug.lib : cpsw_cpts.obj (.text.CpswCpts_open)
                  700c4f36    0000000a     --HOLE-- [fill = 0]
                  700c4f40    00000206                                                           : enet_cpdma.obj (.text.EnetCpdma_closeRxCh)
                  700c5146    0000000a     --HOLE-- [fill = 0]
                  700c5150    00000206     lwip-freertos.am263px.r5f.ti-arm-clang.debug.lib : dhcp.obj (.text.dhcp_recv)
                  700c5356    0000000a     --HOLE-- [fill = 0]
                  700c5360    00000204     enet-cpsw.am263px.r5f.ti-arm-clang.freertos.debug.lib : enetphy.obj (.text.EnetPhy_open)
                  700c5564    0000000c     --HOLE-- [fill = 0]
                  700c5570    000001fe                                                           : cpsw_stats_ioctl.obj (.text.CpswStats_readHostStats)
                  700c576e    00000002     --HOLE-- [fill = 0]
                  700c5770    000001fe     lwip-freertos.am263px.r5f.ti-arm-clang.debug.lib : pbuf.obj (.text.pbuf_free)
                  700c596e    00000002     --HOLE-- [fill = 0]
                  700c5970    000001fc     xgw_udp_interface.o (.text.xgw_udp_process_motor_set)
                  700c5b6c    00000004     --HOLE-- [fill = 0]
                  700c5b70    000001fc     xgw_udp_interface.o (.text.xgw_udp_recv_callback)
                  700c5d6c    00000004     --HOLE-- [fill = 0]
                  700c5d70    000001f6     lwip-freertos.am263px.r5f.ti-arm-clang.debug.lib : dhcp.obj (.text.dhcp_create_msg)
                  700c5f66    0000000a     --HOLE-- [fill = 0]
                  700c5f70    000001f2     drivers.am263px.r5f.ti-arm-clang.freertos.debug.lib : i2c_v1.obj (.text.I2C_primeTransfer)
                  700c6162    0000000e     --HOLE-- [fill = 0]
                  700c6170    000001f2                                                         : i2c_v1.obj (.text.I2C_transfer)
                  700c6362    0000000e     --HOLE-- [fill = 0]
                  700c6370    000001ee     enet-cpsw.am263px.r5f.ti-arm-clang.freertos.debug.lib : cpsw_ale.obj (.text.CpswAle_setAleCfg)
                  700c655e    00000002     --HOLE-- [fill = 0]
                  700c6560    000001ee                                                           : cpsw_ioctl.obj (.text.Cpsw_openPortLinkWithPhy)
                  700c674e    00000002     --HOLE-- [fill = 0]
                  700c6750    000001ea                                                           : cpsw_hostport.obj (.text.CpswHostPort_ioctl)
                  700c693a    00000006     --HOLE-- [fill = 0]
                  700c6940    000001ea                                                           : cpsw_stats.obj (.text.CpswStats_ioctl)
                  700c6b2a    00000006     --HOLE-- [fill = 0]
                  700c6b30    000001ea                                                           : cpsw_ioctl.obj (.text.Cpsw_openPortLink)
                  700c6d1a    00000006     --HOLE-- [fill = 0]
                  700c6d20    000001ea     lwip-freertos.am263px.r5f.ti-arm-clang.debug.lib : tcp.obj (.text.tcp_abandon)
                  700c6f0a    00000006     --HOLE-- [fill = 0]
                  700c6f10    000001e2     ti_enet_open_close.o (.text.EnetApp_initLinkArgs)
                  700c70f2    0000000e     --HOLE-- [fill = 0]
                  700c7100    000001e2     lwip-freertos.am263px.r5f.ti-arm-clang.debug.lib : pbuf.obj (.text.pbuf_realloc)
                  700c72e2    0000000e     --HOLE-- [fill = 0]
                  700c72f0    000001e0     enet-cpsw.am263px.r5f.ti-arm-clang.freertos.debug.lib : cpsw_stats_ioctl.obj (.text.CpswStats_readMacStats)
                  700c74d0    000001e0     lwip-freertos.am263px.r5f.ti-arm-clang.debug.lib : dhcp.obj (.text.dhcp_bind)
                  700c76b0    000001da     enet-cpsw.am263px.r5f.ti-arm-clang.freertos.debug.lib : enet.obj (.text.Enet_validateIoctl)
                  700c788a    00000006     --HOLE-- [fill = 0]
                  700c7890    000001d8     freertos.am263px.r5f.ti-arm-clang.debug.lib : queue.obj (.text.xQueueReceive)
                  700c7a68    00000008     --HOLE-- [fill = 0]
                  700c7a70    000001d6                                                 : TimerP_rti_priv.obj (.text.TimerP_setupPriv)
                  700c7c46    0000000a     --HOLE-- [fill = 0]
                  700c7c50    000001d4     ti_enet_lwipif.o (.text.LwipifEnetAppCb_getRxHandleInfo)
                  700c7e24    0000000c     --HOLE-- [fill = 0]
                  700c7e30    000001d4     enet-cpsw.am263px.r5f.ti-arm-clang.freertos.debug.lib : mdio.obj (.text.Mdio_ioctl)
                  700c8004    000001d0     libclang_rt.builtins.a : udivsi3.S.obj (.text.__udivsi3)
                  700c81d4    0000000c     --HOLE-- [fill = 0]
                  700c81e0    000001ce     xgw_udp_interface.o (.text.xgw_udp_start)
                  700c83ae    00000002     --HOLE-- [fill = 0]
                  700c83b0    000001c8     lwip-freertos.am263px.r5f.ti-arm-clang.debug.lib : etharp.obj (.text.etharp_raw)
                  700c8578    00000008     --HOLE-- [fill = 0]
                  700c8580    000001c6     enet-cpsw.am263px.r5f.ti-arm-clang.freertos.debug.lib : enet_rm_ioctl.obj (.text.EnetRm_allocTxChNum)
                  700c8746    0000000a     --HOLE-- [fill = 0]
                  700c8750    000001c6     lwip-freertos.am263px.r5f.ti-arm-clang.debug.lib : tcp_out.obj (.text.tcp_create_segment)
                  700c8916    0000000a     --HOLE-- [fill = 0]
                  700c8920    000001c4     ti_enet_lwipif.o (.text.LwipifEnetApp_startSchedule)
                  700c8ae4    0000000c     --HOLE-- [fill = 0]
                  700c8af0    000001c2     enet-cpsw.am263px.r5f.ti-arm-clang.freertos.debug.lib : enet.obj (.text.Enet_validateGenericIoctl)
                  700c8cb2    0000000e     --HOLE-- [fill = 0]
                  700c8cc0    000001bc     freertos.am263px.r5f.ti-arm-clang.debug.lib : tasks.obj (.text.xTaskRemoveFromEventList)
                  700c8e7c    00000004     --HOLE-- [fill = 0]
                  700c8e80    000001b4     enet-cpsw.am263px.r5f.ti-arm-clang.freertos.debug.lib : enet_rm.obj (.text.EnetRm_open)
                  700c9034    0000000c     --HOLE-- [fill = 0]
                  700c9040    000001b2     lwip-freertos.am263px.r5f.ti-arm-clang.debug.lib : ip4.obj (.text.ip4_forward)
                  700c91f2    0000000e     --HOLE-- [fill = 0]
                  700c9200    000001b0     enet-cpsw.am263px.r5f.ti-arm-clang.freertos.debug.lib : cpsw_ale.obj (.text.CpswAle_delPolicerEntry)
                  700c93b0    000001b0     lwip-freertos.am263px.r5f.ti-arm-clang.debug.lib : dns.obj (.text.dns_call_found)
                  700c9560    000001ae     ti_enet_open_close.o (.text.EnetApp_ConfigureDscpMapping)
                  700c970e    00000002     --HOLE-- [fill = 0]
                  700c9710    000001ac     drivers.am263px.r5f.ti-arm-clang.freertos.debug.lib : uart_v0.obj (.text.UART_close)
                  700c98bc    00000004     --HOLE-- [fill = 0]
                  700c98c0    000001aa     enet-cpsw.am263px.r5f.ti-arm-clang.freertos.debug.lib : mdio_ioctl.obj (.text.Mdio_readRegC45)
                  700c9a6a    00000006     --HOLE-- [fill = 0]
                  700c9a70    000001aa     drivers.am263px.r5f.ti-arm-clang.freertos.debug.lib : uart_dma_edma.obj (.text.UART_lld_dmaWrite)
                  700c9c1a    00000006     --HOLE-- [fill = 0]
                  700c9c20    000001aa     lwip-freertos.am263px.r5f.ti-arm-clang.debug.lib : mem.obj (.text.mem_free)
                  700c9dca    00000006     --HOLE-- [fill = 0]
                  700c9dd0    000001a8     enet-cpsw.am263px.r5f.ti-arm-clang.freertos.debug.lib : enet_appmemutils.obj (.text.EnetDma_checkPktState)
                  700c9f78    00000008     --HOLE-- [fill = 0]
                  700c9f80    000001a8     lwipif-cpsw-freertos.am263px.r5f.ti-arm-clang.debug.lib : custom_pbuf.obj (.text.EnetDma_checkPktState)
                  700ca128    00000008     --HOLE-- [fill = 0]
                  700ca130    000001a8                                                             : lwip2enet.obj (.text.EnetDma_checkPktState)
                  700ca2d8    000001a8     libc.a : memory.c.obj (.text.free)
                  700ca480    000001a4            : memory.c.obj (.text.aligned_alloc)
                  700ca624    0000000c     --HOLE-- [fill = 0]
                  700ca630    000001a4     freertos.am263px.r5f.ti-arm-clang.debug.lib : timers.obj (.text.prvProcessReceivedCommands)
                  700ca7d4    0000000c     --HOLE-- [fill = 0]
                  700ca7e0    000001a0     drivers.am263px.r5f.ti-arm-clang.freertos.debug.lib : uart_v0.obj (.text.UART_write)
                  700ca980    000001a0     lwip-freertos.am263px.r5f.ti-arm-clang.debug.lib : pbuf.obj (.text.pbuf_take)
                  700cab20    000001a0     freertos.am263px.r5f.ti-arm-clang.debug.lib : tasks.obj (.text.vTaskSwitchContext)
                  700cacc0    0000019e     enet-cpsw.am263px.r5f.ti-arm-clang.freertos.debug.lib : cpsw_ale_ioctl.obj (.text.CpswAle_addMcastAddr)
                  700cae5e    00000002     --HOLE-- [fill = 0]
                  700cae60    0000019c     libc.a : fputs.c.obj (.text.fputs)
                  700caffc    00000004     --HOLE-- [fill = 0]
                  700cb000    0000019a     enet-cpsw.am263px.r5f.ti-arm-clang.freertos.debug.lib : cpsw_cpts.obj (.text.CpswCpts_ioctl)
                  700cb19a    00000006     --HOLE-- [fill = 0]
                  700cb1a0    0000019a     lwip-freertos.am263px.r5f.ti-arm-clang.debug.lib : dns.obj (.text.dns_check_entry)
                  700cb33a    00000006     --HOLE-- [fill = 0]
                  700cb340    0000019a     freertos.am263px.r5f.ti-arm-clang.debug.lib : tasks.obj (.text.vTaskPriorityDisinheritAfterTimeout)
                  700cb4da    00000006     --HOLE-- [fill = 0]
                  700cb4e0    0000019a                                                 : queue.obj (.text.xQueueGenericSendFromISR)
                  700cb67a    00000006     --HOLE-- [fill = 0]
                  700cb680    00000198     drivers.am263px.r5f.ti-arm-clang.freertos.debug.lib : uart_v0_lld.obj (.text.UART_lld_controllerIsr)
                  700cb818    00000008     --HOLE-- [fill = 0]
                  700cb820    00000196     lwip-freertos.am263px.r5f.ti-arm-clang.debug.lib : dhcp.obj (.text.dhcp_reboot)
                  700cb9b6    0000000a     --HOLE-- [fill = 0]
                  700cb9c0    00000194     enet-cpsw.am263px.r5f.ti-arm-clang.freertos.debug.lib : cpsw_ale.obj (.text.CpswAle_ioctl)
                  700cbb54    0000000c     --HOLE-- [fill = 0]
                  700cbb60    00000194                                                           : cpsw_macport.obj (.text.CpswMacPort_ioctl)
                  700cbcf4    0000000c     --HOLE-- [fill = 0]
                  700cbd00    00000192     lwip-freertos.am263px.r5f.ti-arm-clang.debug.lib : ethernet.obj (.text.ethernet_input)
                  700cbe92    0000000e     --HOLE-- [fill = 0]
                  700cbea0    00000192                                                      : tcp_out.obj (.text.tcp_zero_window_probe)
                  700cc032    0000000e     --HOLE-- [fill = 0]
                  700cc040    00000190                                                      : etharp.obj (.text.etharp_update_arp_entry)
                  700cc1d0    0000018e                                                      : etharp.obj (.text.etharp_input)
                  700cc35e    00000002     --HOLE-- [fill = 0]
                  700cc360    0000018a     enet-cpsw.am263px.r5f.ti-arm-clang.freertos.debug.lib : enet_rm.obj (.text.EnetRm_ioctl)
                  700cc4ea    00000006     --HOLE-- [fill = 0]
                  700cc4f0    0000018a     lwip-freertos.am263px.r5f.ti-arm-clang.debug.lib : sys_arch.obj (.text.sys_arch_mbox_fetch)
                  700cc67a    00000006     --HOLE-- [fill = 0]
                  700cc680    00000188     freertos.am263px.r5f.ti-arm-clang.debug.lib : ClockP_freertos_r5.obj (.text.ClockP_init)
                  700cc808    00000008     --HOLE-- [fill = 0]
                  700cc810    00000186     lwip-freertos.am263px.r5f.ti-arm-clang.debug.lib : acd.obj (.text.acd_tmr)
                  700cc996    0000000a     --HOLE-- [fill = 0]
                  700cc9a0    00000186                                                      : tcp.obj (.text.tcp_alloc)
                  700ccb26    0000000a     --HOLE-- [fill = 0]
                  700ccb30    0000017c     lwipif-cpsw-freertos.am263px.r5f.ti-arm-clang.debug.lib : lwip2enet.obj (.text.Lwip2Enet_close)
                  700cccac    00000004     --HOLE-- [fill = 0]
                  700cccb0    0000017a                                                             : custom_pbuf.obj (.text.custom_pbuf_free)
                  700cce2a    00000006     --HOLE-- [fill = 0]
                  700cce30    00000178     freertos.am263px.r5f.ti-arm-clang.debug.lib : DebugP_shmLogReader.obj (.text.DebugP_shmLogReaderGetString)
                  700ccfa8    00000008     --HOLE-- [fill = 0]
                  700ccfb0    00000178     enet-cpsw.am263px.r5f.ti-arm-clang.freertos.debug.lib : enet_rm.obj (.text.EnetRm_initRxObj)
                  700cd128    00000008     --HOLE-- [fill = 0]
                  700cd130    00000178     lwipif-cpsw-freertos.am263px.r5f.ti-arm-clang.debug.lib : lwip2enet.obj (.text.Lwip2Enet_periodicFxn)
                  700cd2a8    00000008     --HOLE-- [fill = 0]
                  700cd2b0    00000178     lwip-freertos.am263px.r5f.ti-arm-clang.debug.lib : udp.obj (.text.udp_bind)
                  700cd428    00000008     --HOLE-- [fill = 0]
                  700cd430    00000176     enet-cpsw.am263px.r5f.ti-arm-clang.freertos.debug.lib : cpsw_macport_est.obj (.text.CpswEst_setState)
                  700cd5a6    0000000a     --HOLE-- [fill = 0]
                  700cd5b0    00000176     lwip-freertos.am263px.r5f.ti-arm-clang.debug.lib : dhcp.obj (.text.dhcp_discover)
                  700cd726    0000000a     --HOLE-- [fill = 0]
                  700cd730    00000176                                                      : icmp.obj (.text.icmp_send_response)
                  700cd8a6    0000000a     --HOLE-- [fill = 0]
                  700cd8b0    00000176                                                      : sys_arch.obj (.text.sys_sem_new)
                  700cda26    0000000a     --HOLE-- [fill = 0]
                  700cda30    00000174     enet-cpsw.am263px.r5f.ti-arm-clang.freertos.debug.lib : enetphy.obj (.text.EnetPhy_getLinkStatus)
                  700cdba4    0000000c     --HOLE-- [fill = 0]
                  700cdbb0    00000172     board.am263px.r5f.ti-arm-clang.freertos.debug.lib : eeprom_cat24m.obj (.text.EEPROM_CAT24M_write)
                  700cdd22    0000000e     --HOLE-- [fill = 0]
                  700cdd30    00000172     lwip-freertos.am263px.r5f.ti-arm-clang.debug.lib : ip4.obj (.text.ip4_route)
                  700cdea2    0000000e     --HOLE-- [fill = 0]
                  700cdeb0    00000172                                                      : sys_arch.obj (.text.sys_arch_sem_wait)
                  700ce022    0000000e     --HOLE-- [fill = 0]
                  700ce030    00000170     freertos.am263px.r5f.ti-arm-clang.debug.lib : queue.obj (.text.xQueueGiveFromISR)
                  700ce1a0    0000016c     lwip-freertos.am263px.r5f.ti-arm-clang.debug.lib : etharp.obj (.text.etharp_output_to_arp_index)
                  700ce30c    00000004     --HOLE-- [fill = 0]
                  700ce310    00000168     enet-cpsw.am263px.r5f.ti-arm-clang.freertos.debug.lib : enet_cpdma.obj (.text.EnetCpdma_rxIsrProc)
                  700ce478    00000008     --HOLE-- [fill = 0]
                  700ce480    00000168                                                           : enet_phymdio_dflt.obj (.text.EnetPhyMdioDflt_writeC45)
                  700ce5e8    00000008     --HOLE-- [fill = 0]
                  700ce5f0    00000166                                                           : enet_cpdma.obj (.text.EnetCpdma_openRxCh)
                  700ce756    0000000a     --HOLE-- [fill = 0]
                  700ce760    00000166     drivers.am263px.r5f.ti-arm-clang.freertos.debug.lib : i2c_v1_lld.obj (.text.I2C_lld_primeTransferIntr)
                  700ce8c6    0000000a     --HOLE-- [fill = 0]
                  700ce8d0    00000166     freertos.am263px.r5f.ti-arm-clang.debug.lib : TaskP_freertos.obj (.text.TaskP_assertParams)
                  700cea36    0000000a     --HOLE-- [fill = 0]
                  700cea40    00000166     lwip-freertos.am263px.r5f.ti-arm-clang.debug.lib : mem.obj (.text.mem_malloc)
                  700ceba6    0000000a     --HOLE-- [fill = 0]
                  700cebb0    00000166                                                      : tcp_in.obj (.text.tcp_parseopt)
                  700ced16    0000000a     --HOLE-- [fill = 0]
                  700ced20    00000164     board.am263px.r5f.ti-arm-clang.freertos.debug.lib : dp83869.obj (.text.Dp83869_config)
                  700cee84    0000000c     --HOLE-- [fill = 0]
                  700cee90    00000164     enet-cpsw.am263px.r5f.ti-arm-clang.freertos.debug.lib : enet_rm.obj (.text.EnetRm_initHwPushObj)
                  700ceff4    0000000c     --HOLE-- [fill = 0]
                  700cf000    00000162     drivers.am263px.r5f.ti-arm-clang.freertos.debug.lib : edma.obj (.text.EDMA_unregisterIntr)
                  700cf162    0000000e     --HOLE-- [fill = 0]
                  700cf170    00000162     enet-cpsw.am263px.r5f.ti-arm-clang.freertos.debug.lib : enet_phymdio_dflt.obj (.text.EnetPhyMdioDflt_readC45)
                  700cf2d2    0000000e     --HOLE-- [fill = 0]
                  700cf2e0    00000160                                                           : csl_cpsw.obj (.text.CSL_CPSW_setAlePortControlReg)
                  700cf440    00000160     drivers.am263px.r5f.ti-arm-clang.freertos.debug.lib : i2c_v1_lld.obj (.text.I2C_lld_init)
                  700cf5a0    00000160     lwip-freertos.am263px.r5f.ti-arm-clang.debug.lib : inet_chksum.obj (.text.inet_cksum_pseudo_partial_base)
                  700cf700    00000160                                                      : tcp_in.obj (.text.tcp_free_acked_segments)
                  700cf860    0000015e     enet-cpsw.am263px.r5f.ti-arm-clang.freertos.debug.lib : enet_cpdma.obj (.text.EnetDma_retrieveRxPktQ)
                  700cf9be    00000002     --HOLE-- [fill = 0]
                  700cf9c0    0000015e     lwip-freertos.am263px.r5f.ti-arm-clang.debug.lib : dhcp.obj (.text.dhcp_renew)
                  700cfb1e    00000002     --HOLE-- [fill = 0]
                  700cfb20    0000015c     enet-cpsw.am263px.r5f.ti-arm-clang.freertos.debug.lib : enet_cpdma.obj (.text.EnetCpdma_txIsr)
                  700cfc7c    00000004     --HOLE-- [fill = 0]
                  700cfc80    0000015c                                                           : enet_rm.obj (.text.EnetRm_initMacObj)
                  700cfddc    00000004     --HOLE-- [fill = 0]
                  700cfde0    0000015c     lwip-freertos.am263px.r5f.ti-arm-clang.debug.lib : dhcp.obj (.text.dhcp_rebind)
                  700cff3c    00000004     --HOLE-- [fill = 0]
                  700cff40    0000015c     freertos.am263px.r5f.ti-arm-clang.debug.lib : tasks.obj (.text.prvAddNewTaskToReadyList)
                  700d009c    00000004     --HOLE-- [fill = 0]
                  700d00a0    0000015c                                                 : tasks.obj (.text.xTaskPriorityInherit)
                  700d01fc    00000004     --HOLE-- [fill = 0]
                  700d0200    0000015a     enet-cpsw.am263px.r5f.ti-arm-clang.freertos.debug.lib : enet_cpdma.obj (.text.EnetCpdma_netChOpen)
                  700d035a    00000006     --HOLE-- [fill = 0]
                  700d0360    0000015a     lwip-freertos.am263px.r5f.ti-arm-clang.debug.lib : dhcp.obj (.text.dhcp_start)
                  700d04ba    00000006     --HOLE-- [fill = 0]
                  700d04c0    00000158     enet-cpsw.am263px.r5f.ti-arm-clang.freertos.debug.lib : cpsw_ale.obj (.text.CpswAle_initCfg)
                  700d0618    00000008     --HOLE-- [fill = 0]
                  700d0620    00000158     ti_enet_config.o (.text.EnetApp_initializeMacAddrPool)
                  700d0778    00000008     --HOLE-- [fill = 0]
                  700d0780    00000158     enet-cpsw.am263px.r5f.ti-arm-clang.freertos.debug.lib : enet_phymdio_dflt.obj (.text.EnetPhyMdioDflt_writeC22)
                  700d08d8    00000008     --HOLE-- [fill = 0]
                  700d08e0    00000158     drivers.am263px.r5f.ti-arm-clang.freertos.debug.lib : soc.obj (.text.SOC_controlModuleUnlockMMR)
                  700d0a38    00000008     --HOLE-- [fill = 0]
                  700d0a40    00000158     lwip-freertos.am263px.r5f.ti-arm-clang.debug.lib : dhcp.obj (.text.dhcp_handle_ack)
                  700d0b98    00000008     --HOLE-- [fill = 0]
                  700d0ba0    00000158                                                      : etharp.obj (.text.etharp_tmr)
                  700d0cf8    00000008     --HOLE-- [fill = 0]
                  700d0d00    00000158                                                      : raw.obj (.text.raw_input)
                  700d0e58    00000008     --HOLE-- [fill = 0]
                  700d0e60    00000156     enet-cpsw.am263px.r5f.ti-arm-clang.freertos.debug.lib : enet_cpdma.obj (.text.EnetDma_submitTxPktQ)
                  700d0fb6    0000000a     --HOLE-- [fill = 0]
                  700d0fc0    00000154                                                           : enet_cpdma.obj (.text.EnetDma_retrieveTxPktQ)
                  700d1114    0000000c     --HOLE-- [fill = 0]
                  700d1120    00000154     lwip-freertos.am263px.r5f.ti-arm-clang.debug.lib : stats.obj (.text.stats_display_igmp)
                  700d1274    0000000c     --HOLE-- [fill = 0]
                  700d1280    00000152     drivers.am263px.r5f.ti-arm-clang.freertos.debug.lib : uart_v0_lld.obj (.text.UART_lld_initDma)
                  700d13d2    0000000e     --HOLE-- [fill = 0]
                  700d13e0    00000150     enet-cpsw.am263px.r5f.ti-arm-clang.freertos.debug.lib : enet_phymdio_dflt.obj (.text.EnetPhyMdioDflt_readC22)
                  700d1530    00000150                                                           : enet_rm.obj (.text.EnetRm_delCoreAttached)
                  700d1680    0000014e     ti_enet_lwipif.o (.text.LwipifEnetApp_createPollTask)
                  700d17ce    00000002     --HOLE-- [fill = 0]
                  700d17d0    0000014e     lwip-freertos.am263px.r5f.ti-arm-clang.debug.lib : sys_arch.obj (.text.sys_arch_unprotect)
                  700d191e    00000002     --HOLE-- [fill = 0]
                  700d1920    0000014e     freertos.am263px.r5f.ti-arm-clang.debug.lib : tasks.obj (.text.xTaskPriorityDisinherit)
                  700d1a6e    00000002     --HOLE-- [fill = 0]
                  700d1a70    0000014c     enet-cpsw.am263px.r5f.ti-arm-clang.freertos.debug.lib : enet_cpdma.obj (.text.EnetDma_submitRxPktQ)
                  700d1bbc    00000004     --HOLE-- [fill = 0]
                  700d1bc0    0000014c     freertos.am263px.r5f.ti-arm-clang.debug.lib : queue.obj (.text.xQueueReceiveFromISR)
                  700d1d0c    00000004     --HOLE-- [fill = 0]
                  700d1d10    00000148     enet-cpsw.am263px.r5f.ti-arm-clang.freertos.debug.lib : cpsw_ale.obj (.text.CpswAle_setPolicerPartitionLevel)
                  700d1e58    00000008     --HOLE-- [fill = 0]
                  700d1e60    00000148     lwip-freertos.am263px.r5f.ti-arm-clang.debug.lib : netif.obj (.text.netif_set_addr)
                  700d1fa8    00000008     --HOLE-- [fill = 0]
                  700d1fb0    00000148                                                      : tcp_in.obj (.text.tcp_timewait_input)
                  700d20f8    00000008     --HOLE-- [fill = 0]
                  700d2100    00000148                                                      : udp.obj (.text.udp_sendto)
                  700d2248    00000008     --HOLE-- [fill = 0]
                  700d2250    00000146     enet-cpsw.am263px.r5f.ti-arm-clang.freertos.debug.lib : cpsw_ioctl.obj (.text.Cpsw_closePortLink)
                  700d2396    0000000a     --HOLE-- [fill = 0]
                  700d23a0    00000146     lwip-freertos.am263px.r5f.ti-arm-clang.debug.lib : udp.obj (.text.udp_input_local_match)
                  700d24e6    0000000a     --HOLE-- [fill = 0]
                  700d24f0    00000144     freertos.am263px.r5f.ti-arm-clang.debug.lib : tasks.obj (.text.prvInitialiseNewTask)
                  700d2634    00000144     libc.a : setvbuf.c.obj (.text.setvbuf)
                  700d2778    00000008     --HOLE-- [fill = 0]
                  700d2780    00000144     lwip-freertos.am263px.r5f.ti-arm-clang.debug.lib : tcp.obj (.text.tcp_close_shutdown_fin)
                  700d28c4    0000000c     --HOLE-- [fill = 0]
                  700d28d0    00000142     enet-cpsw.am263px.r5f.ti-arm-clang.freertos.debug.lib : cpsw_ale_ioctl.obj (.text.CpswAle_delPortUcastEntries)
                  700d2a12    0000000e     --HOLE-- [fill = 0]
                  700d2a20    00000142     freertos.am263px.r5f.ti-arm-clang.debug.lib : DebugP_memTraceLogWriter.obj (.text.DebugP_memLogWriterPutChar)
                  700d2b62    0000000e     --HOLE-- [fill = 0]
                  700d2b70    00000142     lwip-freertos.am263px.r5f.ti-arm-clang.debug.lib : igmp.obj (.text.igmp_lookup_group)
                  700d2cb2    0000000e     --HOLE-- [fill = 0]
                  700d2cc0    00000140                                                      : pbuf.obj (.text.pbuf_cat)
                  700d2e00    0000013e     enet-cpsw.am263px.r5f.ti-arm-clang.freertos.debug.lib : csl_cpsw_ale_9g_tblcfg.obj (.text.CSL_CPSW_setAleVlanUnicastAddrEntry)
                  700d2f3e    00000002     --HOLE-- [fill = 0]
                  700d2f40    0000013e                                                           : enet_cpdma.obj (.text.EnetCpdma_openTxCh)
                  700d307e    00000002     --HOLE-- [fill = 0]
                  700d3080    0000013e     drivers.am263px.r5f.ti-arm-clang.freertos.debug.lib : i2c_v1.obj (.text.I2C_mem_primeTransfer)
                  700d31be    00000002     --HOLE-- [fill = 0]
                  700d31c0    0000013e     lwip-freertos.am263px.r5f.ti-arm-clang.debug.lib : pbuf.obj (.text.pbuf_copy_partial)
                  700d32fe    00000002     --HOLE-- [fill = 0]
                  700d3300    0000013a     board.am263px.r5f.ti-arm-clang.freertos.debug.lib : dp83869.obj (.text.Dp83869_enableAdvertisement)
                  700d343a    00000006     --HOLE-- [fill = 0]
                  700d3440    0000013a     drivers.am263px.r5f.ti-arm-clang.freertos.debug.lib : edma.obj (.text.EDMA_isDmaChannelAllocated)
                  700d357a    00000006     --HOLE-- [fill = 0]
                  700d3580    0000013a     enet-cpsw.am263px.r5f.ti-arm-clang.freertos.debug.lib : enet_phymdio_dflt.obj (.text.EnetPhyMdioDflt_isAlive)
                  700d36ba    00000006     --HOLE-- [fill = 0]
                  700d36c0    0000013a                                                           : enet_phymdio_dflt.obj (.text.EnetPhyMdioDflt_isLinked)
                  700d37fa    00000006     --HOLE-- [fill = 0]
                  700d3800    0000013a                                                           : enet.obj (.text.Enet_ioctl)
                  700d393a    00000006     --HOLE-- [fill = 0]
                  700d3940    0000013a     board.am263px.r5f.ti-arm-clang.freertos.debug.lib : generic_phy.obj (.text.GenericPhy_enableAdvertisement)
                  700d3a7a    00000006     --HOLE-- [fill = 0]
                  700d3a80    0000013a     drivers.am263px.r5f.ti-arm-clang.freertos.debug.lib : i2c_v1_lld.obj (.text.I2C_lld_mem_write)
                  700d3bba    00000006     --HOLE-- [fill = 0]
                  700d3bc0    0000013a     lwip-freertos.am263px.r5f.ti-arm-clang.debug.lib : dhcp.obj (.text.dhcp_release_and_stop)
                  700d3cfa    00000006     --HOLE-- [fill = 0]
                  700d3d00    00000138     enet-cpsw.am263px.r5f.ti-arm-clang.freertos.debug.lib : cpsw_cpts_ioctl.obj (.text.CpswCpts_ioctl_handler_CPSW_CPTS_IOCTL_SET_ESTF)
                  700d3e38    00000008     --HOLE-- [fill = 0]
                  700d3e40    00000138     freertos.am263px.r5f.ti-arm-clang.debug.lib : printf.obj (.text._ntoa_long_long)
                  700d3f78    00000008     --HOLE-- [fill = 0]
                  700d3f80    00000136     board.am263px.r5f.ti-arm-clang.freertos.debug.lib : dp83869.obj (.text.Dp83869_disableAdvertisement)
                  700d40b6    0000000a     --HOLE-- [fill = 0]
                  700d40c0    00000136     enet-cpsw.am263px.r5f.ti-arm-clang.freertos.debug.lib : enet_appmemutils.obj (.text.EnetMem_initMemObjs)
                  700d41f6    0000000a     --HOLE-- [fill = 0]
                  700d4200    00000136     board.am263px.r5f.ti-arm-clang.freertos.debug.lib : generic_phy.obj (.text.GenericPhy_disableAdvertisement)
                  700d4336    0000000a     --HOLE-- [fill = 0]
                  700d4340    00000136     drivers.am263px.r5f.ti-arm-clang.freertos.debug.lib : uart_v0_lld.obj (.text.UART_procLineStatusErr)
                  700d4476    0000000a     --HOLE-- [fill = 0]
                  700d4480    00000136     lwip-freertos.am263px.r5f.ti-arm-clang.debug.lib : tcp_out.obj (.text.tcp_rst_common)
                  700d45b6    0000000a     --HOLE-- [fill = 0]
                  700d45c0    00000134     drivers.am263px.r5f.ti-arm-clang.freertos.debug.lib : edma.obj (.text.EDMA_registerIntr)
                  700d46f4    0000000c     --HOLE-- [fill = 0]
                  700d4700    00000134                                                         : uart_v0_lld.obj (.text.UART_writePolling)
                  700d4834    0000000c     --HOLE-- [fill = 0]
                  700d4840    00000134     freertos.am263px.r5f.ti-arm-clang.debug.lib : tasks.obj (.text.vTaskDelete)
                  700d4974    0000000c     --HOLE-- [fill = 0]
                  700d4980    00000132     enet-cpsw.am263px.r5f.ti-arm-clang.freertos.debug.lib : csl_cpsw_ale_9g_tblcfg.obj (.text.CSL_CPSW_setAleVlanMcastAddrEntry)
                  700d4ab2    0000000e     --HOLE-- [fill = 0]
                  700d4ac0    00000132                                                           : cpsw.obj (.text.Cpsw_dmaMiscIsr)
                  700d4bf2    0000000e     --HOLE-- [fill = 0]
                  700d4c00    00000130                                                           : csl_cpsw_ale_9g_tblcfg.obj (.text.CSL_CPSW_setAleUnicastAddrEntry)
                  700d4d30    00000130                                                           : enet.obj (.text.EnetPer_open)
                  700d4e60    00000130     lwip-freertos.am263px.r5f.ti-arm-clang.debug.lib : tcp_in.obj (.text.tcp_oos_insert_segment)
                  700d4f90    0000012e                                                      : igmp.obj (.text.igmp_send)
                  700d50be    00000002     --HOLE-- [fill = 0]
                  700d50c0    0000012c     enet-cpsw.am263px.r5f.ti-arm-clang.freertos.debug.lib : enet_osal.obj (.text.EnetOsal_registerIntr)
                  700d51ec    00000004     --HOLE-- [fill = 0]
                  700d51f0    0000012c                                                           : enet_rm.obj (.text.EnetRm_validateResPartInfo)
                  700d531c    00000004     --HOLE-- [fill = 0]
                  700d5320    0000012c     drivers.am263px.r5f.ti-arm-clang.freertos.debug.lib : i2c_v1_lld.obj (.text.I2C_lld_mem_read)
                  700d544c    00000004     --HOLE-- [fill = 0]
                  700d5450    0000012c                                                         : uart_v0_lld.obj (.text.UART_lld_init)
                  700d557c    00000004     --HOLE-- [fill = 0]
                  700d5580    0000012c     freertos.am263px.r5f.ti-arm-clang.debug.lib : tasks.obj (.text.ulTaskGenericNotifyTake)
                  700d56ac    00000004     --HOLE-- [fill = 0]
                  700d56b0    0000012a     enet-cpsw.am263px.r5f.ti-arm-clang.freertos.debug.lib : enet_utils.obj (.text.EnetUtils_macToPhyMii)
                  700d57da    00000006     --HOLE-- [fill = 0]
                  700d57e0    00000128                                                           : enet_cpdmautils.obj (.text.EnetAppUtils_isDescCached)
                  700d5908    00000008     --HOLE-- [fill = 0]
                  700d5910    00000128     drivers.am263px.r5f.ti-arm-clang.freertos.debug.lib : i2c_v1_lld.obj (.text.I2C_lld_mem_writeIntr)
                  700d5a38    00000008     --HOLE-- [fill = 0]
                  700d5a40    00000128     freertos.am263px.r5f.ti-arm-clang.debug.lib : port.obj (.text.pxPortInitialiseStack)
                  700d5b68    00000008     --HOLE-- [fill = 0]
                  700d5b70    00000128     lwip-freertos.am263px.r5f.ti-arm-clang.debug.lib : stats.obj (.text.stats_display_proto)
                  700d5c98    00000008     --HOLE-- [fill = 0]
                  700d5ca0    00000126     drivers.am263px.r5f.ti-arm-clang.freertos.debug.lib : soc.obj (.text.SOC_controlModuleLockMMR)
                  700d5dc6    0000000a     --HOLE-- [fill = 0]
                  700d5dd0    00000126     lwip-freertos.am263px.r5f.ti-arm-clang.debug.lib : pbuf.obj (.text.pbuf_take_at)
                  700d5ef6    0000000a     --HOLE-- [fill = 0]
                  700d5f00    00000126                                                      : timeouts.obj (.text.sys_timeout_abs)
                  700d6026    0000000a     --HOLE-- [fill = 0]
                  700d6030    00000126                                                      : tcp_out.obj (.text.tcp_rexmit)
[...]
700fc5f1  LwipifEnetApp_getHandle                                                
700fc611  TaskP_exit                                                             
700fc671  vApplicationIdleHook                                                   
700fc681  Drivers_uartInit                                                       
700fc691  EnetOsal_disableAllIntr                                                
700fc6c1  EnetBoard_getId                                                        
700fc6d1  EnetOsal_timerRead                                                     
700fc6e1  EnetSoc_getEnetNum                                                     
700fc6f1  TaskP_yield                                                            
700fc701  Board_init                                                             
700fc721  IpcNotify_wait                                                         
700fc741  mem_init                                                               
700fc751  netif_init                                                             
700fc761  vPortConfigTimerForRunTimeStats                                        
700fc771  vPortValidateInterruptPriority                                         
700fcf2e  gCR5ClkSrcInfoMap                                                      
700fcf30  gCacheConfig                                                           
700fcf38  gMpuConfig                                                             
700fcf44  gMpuRegionConfig                                                       
700fd154  gMpuRegionSizeInBytes                                                  
700fe7bc  memp_pools                                                             
700ffb78  gADPLLJConfigTbl                                                       
701004c8  lwip_cyclic_timers                                                     
70104580  I2C_defaultTransaction                                                 
7010a3c0  I2C_lld_defaultMessage                                                 
7010a4c8  gPeripheralClkSrcInfoMap                                               
7010b5a0  memp_ALTCP_PCB                                                         
7010b5b4  memp_ARP_QUEUE                                                         
7010b5c8  memp_FRAG_PBUF                                                         
7010b5dc  memp_IGMP_GROUP                                                        
7010b5f0  memp_NETBUF                                                            
7010b604  memp_NETCONN                                                           
7010b618  memp_NETDB                                                             
7010b62c  memp_PBUF                                                              
7010b640  memp_PBUF_POOL                                                         
7010b654  memp_POOL_128                                                          
7010b668  memp_POOL_1568                                                         
7010b67c  memp_POOL_4096                                                         
7010b690  memp_RAW_PCB                                                           
7010b6a4  memp_REASSDATA                                                         
7010b6b8  memp_RX_POOL                                                           
7010b6cc  memp_SYS_MBOX                                                          
7010b6e0  memp_SYS_TIMEOUT                                                       
7010b6f4  memp_TCPIP_MSG_API                                                     
7010b708  memp_TCPIP_MSG_INPKT                                                   
7010b71c  memp_TCP_PCB                                                           
7010b730  memp_TCP_PCB_LISTEN                                                    
7010b744  memp_TCP_SEG                                                           
7010b758  memp_UDP_PCB                                                           
7010c8c4  tcp_pcb_lists                                                          
7010cf2c  g_EnetApp_dmaChParams                                                  
7010d418  gEnetPhyDrvTbl                                                         
7010d428  gXTALInfo                                                              
7010d520  ethbroadcast                                                           
7010d526  ethzero                                                                
7010d674  gCacheL1dCacheLineSize                                                 
7010d678  gCacheL1pCacheLineSize                                                 
7010d67c  gStaticIP                                                              
7010d680  gStaticIPGateway                                                       
7010d684  gStaticIPNetmask                                                       
7010d688  ip_addr_any                                                            
7010d68c  ip_addr_broadcast                                                      
70125700  gEdmaConfig                                                            
70125700  gEnetSoc_cpsw3g                                                        
70125700  gUartDmaHandle                                                         
70127260  gEnetSoc_dmaObj                                                        
70129ab0  gEnetSoc_cpsw3gMacObj                                                  
70129e50  gEnetCpswCfg                                                           
7012ac00  gEnetPhyDrvDp83869                                                     
7012ad04  gEnetPhyDrvGeneric                                                     
7012ae08  gIpcNotifyMailboxConfig                                                
7012b000  _ftable                                                                
7012bbc0  _device                                                                
7012bf10  gUartParams                                                            
7012c00c  _stream                                                                
7012c1f0  gEnetSoc_cpsw3gSocCfg                                                  
7012c258  gEnetMacAddrPool                                                       
7012c288  gSocModulesClockFrequency                                              
7012c2f0  gClockConfig                                                           
7012c350  gDmaCfg                                                                
7012c3c8  gIpcNotifyInterruptConfig_r5fss0_0                                     
7012c410  Cpsw_gSpeedNames                                                       
7012c420  gEepromFxns_CAT24M                                                     
7012c430  gIpcNotifyCoreIntrBitPos                                               
7012c440  gSocModules                                                            
7012c450  Cpsw_gDuplexNames                                                      
7012c45c  gAddrTranslateConfig                                                   
7012c474  gEepromAttrs_CAT24M                                                    
7012c480  gEepromConfig                                                          
7012c48c  gEnetSoc_perObj                                                        
7012c498  gI2cParams                                                             
7012c4a4  __TI_cleanup_ptr                                                       
7012c4a8  __TI_dtors_ptr                                                         
7012c4ac  gEepromParams                                                          
7012c4b4  gI2cConfig                                                             
7012c4c4  gUartConfig                                                            
7012c4e0  FreeRTOS_errno                                                         
7012c4e4  __TI_ft_end                                                            
7012c4e8  _lock                                                                  
7012c4ec  _unlock                                                                
7012c50c  gDebugLogZone                                                          
7012c514  gDebugMemLogSize                                                       
7012c520  gDebugP_uartDrvIndex                                                   
7012c524  gEdmaConfigNum                                                         
7012c528  gEepromConfigNum                                                       
7012c52c  gEnetOsalHwiAllocCnt                                                   
7012c530  gEnetOsalHwiPeak                                                       
7012c534  gEnetOsalSemAllocCnt                                                   
7012c538  gEnetOsalSemPeak                                                       
7012c53c  gHwiConfig                                                             
7012c540  gI2cConfigNum                                                          
7012c544  gIpcNotifyInterruptConfigNum_r5fss0_0                                  
7012c548  gIpcTask                                                               
7012c54c  gLogReaderTask                                                         
7012c550  gMainTask                                                              
7012c554  gUartConfigNum                                                         
7012c558  gUartDmaChConfig                                                       
7012c55c  gUdpTxTask                                                             
7012c564  g_netif                                                                
7012c568  g_pbuf_alloc_count                                                     
7012c56c  g_pbuf_alloc_fail_count                                                
7012c570  g_pbuf_free_count                                                      
7012c57c  g_udp_sendto_count                                                     
7012c584  hlwipIfApp                                                             
7012c590  pxCurrentTCB                                                           
7012c5ac  ulPortInterruptNesting                                                 
7012c5b0  ulPortSchedularRunning                                                 
7012c5b4  ulPortTaskHasFPUContext                                                
7012c5b8  ulPortYieldRequired                                                    
7012c63a  gEnetTrace_runtimeLevel                                                
7012c63c  isMapAvailable                                                         
7012c651  HwiP_enableInt                                                         
7012c691  HwiP_disableInt                                                        
7012c6f1  HwiP_restoreInt                                                        
7012c721  HwiP_clearInt                                                          
7012c761  HwiP_post                                                              
7012c7a1  HwiP_Params_init                                                       
7012c7d1  HwiP_construct                                                         
7012c9c1  HwiP_destruct                                                          
7012ca31  HwiP_init                                                              
7012cbe1  HwiP_inISR                                                             
7012cc11  HwiP_setVimIrqPriMaskNonAtomic                                         
7012cc61  HwiP_setVimIrqPriMaskAtomic                                            
7012cd01  HwiP_restoreVimIrqPriMask                                              
7012cd11  HwiP_irq_handler_c                                                     
7012ceb1  HwiP_fiq_handler                                                       
7012d021  HwiP_reserved_handler                                                  
7012d061  HwiP_undefined_handler_c                                               
7012d081  HwiP_user_undefined_handler_c                                          
7012d0a1  HwiP_prefetch_abort_handler_c                                          
7012d141  HwiP_user_prefetch_abort_handler_c                                     
7012d181  HwiP_data_abort_handler_c                                              
7012d241  HwiP_user_data_abort_handler_c                                         
7012d27c  vPortRestoreTaskContext                                                
7012d2b4  HwiP_svc_handler                                                       
7012d324  HwiP_irq_handler                                                       
7012d468  HwiP_data_abort_handler                                                
7012d4ac  HwiP_prefetch_abort_handler                                            
7012d4f8  HwiP_undefined_handler                                                 
7012d528  GET_DFSR                                                               
7012d530  GET_ADFSR                                                              
7012d538  GET_DFAR                                                               
7012d540  GET_IFSR                                                               
7012d548  GET_AIFSR                                                              
7012d550  GET_IFAR                                                               
7012d558  GET_SPSR                                                               
7012d56c  HwiP_disable                                                           
7012d57c  HwiP_disableFIQ                                                        
7012d58c  HwiP_enable                                                            
7012d59c  HwiP_enableFIQ                                                         
7012d5ac  HwiP_restore                                                           
7012d5b4  HwiP_enableVIC                                                         
7012d5c4  HwiP_disableVIC                                                        
7012d5d4  HwiP_getCPSR                                                           
7012d5e0  CacheP_disableL1d                                                      
7012d608  CacheP_disableL1p                                                      
7012d620  CacheP_enableL1d                                                       
7012d638  CacheP_enableL1p                                                       
7012d650  CacheP_invL1d                                                          
7012d688  CacheP_invL1p                                                          
7012d6c4  CacheP_invL1dAll                                                       
7012d6cc  CacheP_invL1pAll                                                       
7012d6d4  CacheP_wb                                                              
7012d710  CacheP_wbInv                                                           
7012d74c  CacheP_wbAll                                                           
7012d7f4  CacheP_wbInvAll                                                        
7012d80c  CacheP_wbInvAllAsm                                                     
7012d8ac  CacheP_getEnabled                                                      
7012d8e4  CacheP_getCacheLevelInfo                                               
7012d8f0  CacheP_configForceWrThru                                               
7012d910  CacheP_setDLFO                                                         
7012d921  CacheP_init                                                            
7012d9b1  CacheP_disable                                                         
7012da01  CacheP_enable                                                          
7012da41  CacheP_inv                                                             
7012da81  MpuP_getAttrs                                                          
7012dae1  MpuP_RegionAttrs_init                                                  
7012db11  MpuP_setRegion                                                         
7012dba1  MpuP_isEnable                                                          
7012dbb1  MpuP_disable                                                           
7012dbf1  MpuP_enable                                                            
7012dc41  MpuP_init                                                              
7012dce1  MpuP_isUserAuthorizedToAccessMemory                                    
7012ddc0  MpuP_disableAsm                                                        
7012ddd8  MpuP_disableBRAsm                                                      
7012dde8  MpuP_enableAsm                                                         
7012de00  MpuP_enableBRAsm                                                       
7012de10  MpuP_isEnableAsm                                                       
7012de24  MpuP_setRegionAsm                                                      
7012de40  _c_int00_sbl                                                           
7012de64  _c_int00                                                               
7012df91  _DebugP_assertNoLog                                                    
7012dfc1  _system_pre_init                                                       
7012dff1  __mpu_init                                                             
7012e000  abort                                                                  
7012e008  __IRQ_STACK_START                                                      
7012e108  __FIQ_STACK_START                                                      
7012e108  __IRQ_STACK_END                                                        
7012e208  __FIQ_STACK_END                                                        
7012e208  __SVC_STACK_START                                                      
7012f208  __ABORT_STACK_START                                                    
7012f208  __SVC_STACK_END                                                        
7012f308  __ABORT_STACK_END                                                      
7012f308  __UNDEFINED_STACK_START                                                
7012f408  __UNDEFINED_STACK_END                                                  
70200000  gGatewaySharedMem                                                      
70204ecc  dbg_ipc_recv_count                                                     
70204ed0  dbg_udp_rx_count                                                       
70204ed4  dbg_udp_tx_count                                                       
70204ed8  dbg_error_count                                                        
70204edc  dbg_last_error_code                                                    
70204ee0  dbg_imu_frame_count                                                    
70208000  gDebugShmLog                                                           
ffffffff  __TI_pprof_out_hndl                                                    
ffffffff  __TI_prof_data_size                                                    
ffffffff  __TI_prof_data_start                                                   
ffffffff  __binit__                                                              
ffffffff  binit                                                                  
UNDEFED   __TI_CINIT_Base                                                        
UNDEFED   __TI_CINIT_Limit                                                       
UNDEFED   __TI_Handler_Table_Base                                                
UNDEFED   __TI_Handler_Table_Limit                                               
UNDEFED   _system_post_cinit                                                     

[1414 symbols]
